MemTotal:        1899508 kB
MemFree:           67088 kB
Buffers:            1172 kB
Cached:           217292 kB
SwapCached:            0 kB
Active:          1429524 kB
Inactive:         148160 kB
Active(anon):    1361316 kB
Inactive(anon):     3392 kB
Active(file):      68208 kB
Inactive(file):   144768 kB
Unevictable:        1940 kB
Mlocked:               0 kB
HighTotal:       1158144 kB
HighFree:          20564 kB
LowTotal:         741364 kB
LowFree:           46524 kB
SwapTotal:             0 kB
SwapFree:              0 kB
Dirty:                 0 kB
Writeback:             0 kB
AnonPages:       1361104 kB
Mapped:           102124 kB
Shmem:              3456 kB
Slab:              34488 kB
SReclaimable:      12124 kB
SUnreclaim:        22364 kB
KernelStack:        6744 kB
PageTables:        13996 kB
NFS_Unstable:          0 kB
Bounce:                0 kB
WritebackTmp:          0 kB
CommitLimit:      949752 kB
Committed_AS:   17034076 kB
VmallocTotal:     245760 kB
VmallocUsed:       55352 kB
VmallocChunk:      75648 kB
1557682621.978600
MemTotal:        1899508 kB
MemFree:           71276 kB
Buffers:            1168 kB
Cached:           230292 kB
SwapCached:            0 kB
Active:          1434648 kB
Inactive:         160068 kB
Active(anon):    1365504 kB
Inactive(anon):     3392 kB
Active(file):      69144 kB
Inactive(file):   156676 kB
Unevictable:        1940 kB
Mlocked:               0 kB
HighTotal:       1158144 kB
HighFree:           4936 kB
LowTotal:         741364 kB
LowFree:           66340 kB
SwapTotal:             0 kB
SwapFree:              0 kB
Dirty:                88 kB
Writeback:             0 kB
AnonPages:       1365468 kB
Mapped:           107384 kB
Shmem:              3456 kB
Slab:              34480 kB
SReclaimable:      12124 kB
SUnreclaim:        22356 kB
KernelStack:        6808 kB
PageTables:        14404 kB
NFS_Unstable:          0 kB
Bounce:                0 kB
WritebackTmp:          0 kB
CommitLimit:      949752 kB
Committed_AS:   17603736 kB
VmallocTotal:     245760 kB
VmallocUsed:       56244 kB
VmallocChunk:      75648 kB
1557682622.663465
MemTotal:        1899508 kB
MemFree:           43652 kB
Buffers:            1312 kB
Cached:           249608 kB
SwapCached:            0 kB
Active:          1451748 kB
Inactive:         176724 kB
Active(anon):    1380288 kB
Inactive(anon):     3392 kB
Active(file):      71460 kB
Inactive(file):   173332 kB
Unevictable:        1940 kB
Mlocked:               0 kB
HighTotal:       1158144 kB
HighFree:           1712 kB
LowTotal:         741364 kB
LowFree:           41940 kB
SwapTotal:             0 kB
SwapFree:              0 kB
Dirty:                88 kB
Writeback:             0 kB
AnonPages:       1380332 kB
Mapped:           120376 kB
Shmem:              3456 kB
Slab:              34580 kB
SReclaimable:      12124 kB
SUnreclaim:        22456 kB
KernelStack:        6808 kB
PageTables:        14552 kB
NFS_Unstable:          0 kB
Bounce:                0 kB
WritebackTmp:          0 kB
CommitLimit:      949752 kB
Committed_AS:   17634764 kB
VmallocTotal:     245760 kB
VmallocUsed:       56412 kB
VmallocChunk:      75648 kB
1557682623.369829
MemTotal:        1899508 kB
MemFree:           53428 kB
Buffers:            1016 kB
Cached:           223428 kB
SwapCached:            0 kB
Active:          1481392 kB
Inactive:         133380 kB
Active(anon):    1393000 kB
Inactive(anon):     3396 kB
Active(file):      88392 kB
Inactive(file):   129984 kB
Unevictable:        1940 kB
Mlocked:               0 kB
HighTotal:       1158144 kB
HighFree:           3224 kB
LowTotal:         741364 kB
LowFree:           50204 kB
SwapTotal:             0 kB
SwapFree:              0 kB
Dirty:                 0 kB
Writeback:             0 kB
AnonPages:       1393108 kB
Mapped:           130488 kB
Shmem:              3460 kB
Slab:              34512 kB
SReclaimable:      12124 kB
SUnreclaim:        22388 kB
KernelStack:        6968 kB
PageTables:        14744 kB
NFS_Unstable:          0 kB
Bounce:                0 kB
WritebackTmp:          0 kB
CommitLimit:      949752 kB
Committed_AS:   17648636 kB
VmallocTotal:     245760 kB
VmallocUsed:       56484 kB
VmallocChunk:      75648 kB
1557682624.025540
MemTotal:        1899508 kB
MemFree:           46608 kB
Buffers:            1060 kB
Cached:           230036 kB
SwapCached:            0 kB
Active:          1488832 kB
Inactive:         135848 kB
Active(anon):    1396040 kB
Inactive(anon):     3396 kB
Active(file):      92792 kB
Inactive(file):   132452 kB
Unevictable:        1940 kB
Mlocked:               0 kB
HighTotal:       1158144 kB
HighFree:           2504 kB
LowTotal:         741364 kB
LowFree:           44104 kB
SwapTotal:             0 kB
SwapFree:              0 kB
Dirty:               104 kB
Writeback:             0 kB
AnonPages:       1396024 kB
Mapped:           134580 kB
Shmem:              3460 kB
Slab:              34492 kB
SReclaimable:      12124 kB
SUnreclaim:        22368 kB
KernelStack:        7144 kB
PageTables:        14828 kB
NFS_Unstable:          0 kB
Bounce:                0 kB
WritebackTmp:          0 kB
CommitLimit:      949752 kB
Committed_AS:   17652160 kB
VmallocTotal:     245760 kB
VmallocUsed:       56484 kB
VmallocChunk:      75648 kB
1557682624.695258
MemTotal:        1899508 kB
MemFree:           49460 kB
Buffers:            1192 kB
Cached:           205248 kB
SwapCached:            0 kB
Active:          1518372 kB
Inactive:         111772 kB
Active(anon):    1425948 kB
Inactive(anon):     3396 kB
Active(file):      92424 kB
Inactive(file):   108376 kB
Unevictable:        1940 kB
Mlocked:               0 kB
HighTotal:       1158144 kB
HighFree:           2868 kB
LowTotal:         741364 kB
LowFree:           46592 kB
SwapTotal:             0 kB
SwapFree:              0 kB
Dirty:                 0 kB
Writeback:             0 kB
AnonPages:       1426116 kB
Mapped:           139976 kB
Shmem:              3460 kB
Slab:              34492 kB
SReclaimable:      12124 kB
SUnreclaim:        22368 kB
KernelStack:        7144 kB
PageTables:        14976 kB
NFS_Unstable:          0 kB
Bounce:                0 kB
WritebackTmp:          0 kB
CommitLimit:      949752 kB
Committed_AS:   17692624 kB
VmallocTotal:     245760 kB
VmallocUsed:       56476 kB
VmallocChunk:      75648 kB
1557682625.391177
MemTotal:        1899508 kB
MemFree:           47916 kB
Buffers:            1256 kB
Cached:           200084 kB
SwapCached:            0 kB
Active:          1526880 kB
Inactive:         106260 kB
Active(anon):    1433876 kB
Inactive(anon):     3404 kB
Active(file):      93004 kB
Inactive(file):   102856 kB
Unevictable:        1940 kB
Mlocked:               0 kB
HighTotal:       1158144 kB
HighFree:           2348 kB
LowTotal:         741364 kB
LowFree:           45568 kB
SwapTotal:             0 kB
SwapFree:              0 kB
Dirty:               568 kB
Writeback:             0 kB
AnonPages:       1434156 kB
Mapped:           140348 kB
Shmem:              3468 kB
Slab:              34492 kB
SReclaimable:      12124 kB
SUnreclaim:        22368 kB
KernelStack:        7224 kB
PageTables:        14940 kB
NFS_Unstable:          0 kB
Bounce:                0 kB
WritebackTmp:          0 kB
CommitLimit:      949752 kB
Committed_AS:   17696096 kB
VmallocTotal:     245760 kB
VmallocUsed:       56476 kB
VmallocChunk:      75648 kB
1557682626.063291
MemTotal:        1899508 kB
MemFree:           56468 kB
Buffers:            1256 kB
Cached:           199064 kB
SwapCached:            0 kB
Active:          1519304 kB
Inactive:         105272 kB
Active(anon):    1426204 kB
Inactive(anon):     3404 kB
Active(file):      93100 kB
Inactive(file):   101868 kB
Unevictable:        1940 kB
Mlocked:               0 kB
HighTotal:       1158144 kB
HighFree:           2344 kB
LowTotal:         741364 kB
LowFree:           54124 kB
SwapTotal:             0 kB
SwapFree:              0 kB
Dirty:               460 kB
Writeback:             0 kB
AnonPages:       1426304 kB
Mapped:           140304 kB
Shmem:              3468 kB
Slab:              34492 kB
SReclaimable:      12124 kB
SUnreclaim:        22368 kB
KernelStack:        7232 kB
PageTables:        14956 kB
NFS_Unstable:          0 kB
Bounce:                0 kB
WritebackTmp:          0 kB
CommitLimit:      949752 kB
Committed_AS:   17694380 kB
VmallocTotal:     245760 kB
VmallocUsed:       56476 kB
VmallocChunk:      75648 kB
1557682626.735521
MemTotal:        1899508 kB
MemFree:           57152 kB
Buffers:            1256 kB
Cached:           198512 kB
SwapCached:            0 kB
Active:          1519668 kB
Inactive:         104660 kB
Active(anon):    1426576 kB
Inactive(anon):     3404 kB
Active(file):      93092 kB
Inactive(file):   101256 kB
Unevictable:        1940 kB
Mlocked:               0 kB
HighTotal:       1158144 kB
HighFree:           2700 kB
LowTotal:         741364 kB
LowFree:           54452 kB
SwapTotal:             0 kB
SwapFree:              0 kB
Dirty:               460 kB
Writeback:             0 kB
AnonPages:       1426856 kB
Mapped:           140120 kB
Shmem:              3468 kB
Slab:              34492 kB
SReclaimable:      12124 kB
SUnreclaim:        22368 kB
KernelStack:        7232 kB
PageTables:        14956 kB
NFS_Unstable:          0 kB
Bounce:                0 kB
WritebackTmp:          0 kB
CommitLimit:      949752 kB
Committed_AS:   17695692 kB
VmallocTotal:     245760 kB
VmallocUsed:       56476 kB
VmallocChunk:      75648 kB
1557682627.423873
MemTotal:        1899508 kB
MemFree:           58288 kB
Buffers:            1256 kB
Cached:           197876 kB
SwapCached:            0 kB
Active:          1519640 kB
Inactive:         103888 kB
Active(anon):    1426572 kB
Inactive(anon):     3404 kB
Active(file):      93068 kB
Inactive(file):   100484 kB
Unevictable:        1940 kB
Mlocked:               0 kB
HighTotal:       1158144 kB
HighFree:           3404 kB
LowTotal:         741364 kB
LowFree:           54884 kB
SwapTotal:             0 kB
SwapFree:              0 kB
Dirty:               464 kB
Writeback:             0 kB
AnonPages:       1426588 kB
Mapped:           140044 kB
Shmem:              3468 kB
Slab:              34496 kB
SReclaimable:      12124 kB
SUnreclaim:        22372 kB
KernelStack:        7232 kB
PageTables:        14956 kB
NFS_Unstable:          0 kB
Bounce:                0 kB
WritebackTmp:          0 kB
CommitLimit:      949752 kB
Committed_AS:   17695704 kB
VmallocTotal:     245760 kB
VmallocUsed:       56476 kB
VmallocChunk:      75648 kB
1557682628.081249
MemTotal:        1899508 kB
MemFree:           60392 kB
Buffers:            1256 kB
Cached:           197960 kB
SwapCached:            0 kB
Active:          1516840 kB
Inactive:         104348 kB
Active(anon):    1424148 kB
Inactive(anon):     3404 kB
Active(file):      92692 kB
Inactive(file):   100944 kB
Unevictable:        1940 kB
Mlocked:               0 kB
HighTotal:       1158144 kB
HighFree:           5072 kB
LowTotal:         741364 kB
LowFree:           55320 kB
SwapTotal:             0 kB
SwapFree:              0 kB
Dirty:               464 kB
Writeback:             0 kB
AnonPages:       1423948 kB
Mapped:           139896 kB
Shmem:              3468 kB
Slab:              34496 kB
SReclaimable:      12124 kB
SUnreclaim:        22372 kB
KernelStack:        7248 kB
PageTables:        14984 kB
NFS_Unstable:          0 kB
Bounce:                0 kB
WritebackTmp:          0 kB
CommitLimit:      949752 kB
Committed_AS:   17695508 kB
VmallocTotal:     245760 kB
VmallocUsed:       56476 kB
VmallocChunk:      75648 kB
1557682628.757471
MemTotal:        1899508 kB
MemFree:           40720 kB
Buffers:             996 kB
Cached:           197068 kB
SwapCached:            0 kB
Active:          1518168 kB
Inactive:         102612 kB
Active(anon):    1425200 kB
Inactive(anon):     3404 kB
Active(file):      92968 kB
Inactive(file):    99208 kB
Unevictable:        1940 kB
Mlocked:               0 kB
HighTotal:       1158144 kB
HighFree:            788 kB
LowTotal:         741364 kB
LowFree:           39932 kB
SwapTotal:             0 kB
SwapFree:              0 kB
Dirty:                20 kB
Writeback:             0 kB
AnonPages:       1425116 kB
Mapped:           151028 kB
Shmem:              3468 kB
Slab:              34496 kB
SReclaimable:      12124 kB
SUnreclaim:        22372 kB
KernelStack:        7248 kB
PageTables:        15132 kB
NFS_Unstable:          0 kB
Bounce:                0 kB
WritebackTmp:          0 kB
CommitLimit:      949752 kB
Committed_AS:   17698816 kB
VmallocTotal:     245760 kB
VmallocUsed:       56572 kB
VmallocChunk:      75648 kB
1557682629.466457
MemTotal:        1899508 kB
MemFree:           48128 kB
Buffers:            1100 kB
Cached:           192648 kB
SwapCached:            0 kB
Active:          1521392 kB
Inactive:          97448 kB
Active(anon):    1427104 kB
Inactive(anon):     3412 kB
Active(file):      94288 kB
Inactive(file):    94036 kB
Unevictable:        1940 kB
Mlocked:               0 kB
HighTotal:       1158144 kB
HighFree:           2496 kB
LowTotal:         741364 kB
LowFree:           45632 kB
SwapTotal:             0 kB
SwapFree:              0 kB
Dirty:              1992 kB
Writeback:             0 kB
AnonPages:       1427016 kB
Mapped:           149584 kB
Shmem:              3476 kB
Slab:              34496 kB
SReclaimable:      12124 kB
SUnreclaim:        22372 kB
KernelStack:        7224 kB
PageTables:        15040 kB
NFS_Unstable:          0 kB
Bounce:                0 kB
WritebackTmp:          0 kB
CommitLimit:      949752 kB
Committed_AS:   17697176 kB
VmallocTotal:     245760 kB
VmallocUsed:       56572 kB
VmallocChunk:      75648 kB
1557682630.212638
MemTotal:        1899508 kB
MemFree:           43668 kB
Buffers:             880 kB
Cached:           166244 kB
SwapCached:            0 kB
Active:          1528884 kB
Inactive:          83080 kB
Active(anon):    1447312 kB
Inactive(anon):     3412 kB
Active(file):      81572 kB
Inactive(file):    79668 kB
Unevictable:        1940 kB
Mlocked:               0 kB
HighTotal:       1158144 kB
HighFree:           1792 kB
LowTotal:         741364 kB
LowFree:           41876 kB
SwapTotal:             0 kB
SwapFree:              0 kB
Dirty:                 0 kB
Writeback:            72 kB
AnonPages:       1447356 kB
Mapped:           158632 kB
Shmem:              3476 kB
Slab:              34516 kB
SReclaimable:      12140 kB
SUnreclaim:        22376 kB
KernelStack:        7328 kB
PageTables:        15108 kB
NFS_Unstable:          0 kB
Bounce:                0 kB
WritebackTmp:          0 kB
CommitLimit:      949752 kB
Committed_AS:   17720728 kB
VmallocTotal:     245760 kB
VmallocUsed:       56752 kB
VmallocChunk:      75648 kB
1557682630.812970
MemTotal:        1899508 kB
MemFree:           41856 kB
Buffers:             656 kB
Cached:           149972 kB
SwapCached:            0 kB
Active:          1530300 kB
Inactive:          75996 kB
Active(anon):    1457524 kB
Inactive(anon):     3412 kB
Active(file):      72776 kB
Inactive(file):    72584 kB
Unevictable:        1940 kB
Mlocked:               0 kB
HighTotal:       1158144 kB
HighFree:           2084 kB
LowTotal:         741364 kB
LowFree:           39772 kB
SwapTotal:             0 kB
SwapFree:              0 kB
Dirty:                 0 kB
Writeback:            64 kB
AnonPages:       1456824 kB
Mapped:           157904 kB
Shmem:              3476 kB
Slab:              34516 kB
SReclaimable:      12140 kB
SUnreclaim:        22376 kB
KernelStack:        7232 kB
PageTables:        14296 kB
NFS_Unstable:          0 kB
Bounce:                0 kB
WritebackTmp:          0 kB
CommitLimit:      949752 kB
Committed_AS:   16600144 kB
VmallocTotal:     245760 kB
VmallocUsed:       54844 kB
VmallocChunk:      75648 kB
1557682631.573176
MemTotal:        1899508 kB
MemFree:           47156 kB
Buffers:             608 kB
Cached:           153184 kB
SwapCached:            0 kB
Active:          1514872 kB
Inactive:          80676 kB
Active(anon):    1444132 kB
Inactive(anon):     3412 kB
Active(file):      70740 kB
Inactive(file):    77264 kB
Unevictable:        1940 kB
Mlocked:               0 kB
HighTotal:       1158144 kB
HighFree:           1724 kB
LowTotal:         741364 kB
LowFree:           45432 kB
SwapTotal:             0 kB
SwapFree:              0 kB
Dirty:                 0 kB
Writeback:             0 kB
AnonPages:       1444140 kB
Mapped:           162508 kB
Shmem:              3476 kB
Slab:              34504 kB
SReclaimable:      12140 kB
SUnreclaim:        22364 kB
KernelStack:        7032 kB
PageTables:        13412 kB
NFS_Unstable:          0 kB
Bounce:                0 kB
WritebackTmp:          0 kB
CommitLimit:      949752 kB
Committed_AS:   15461152 kB
VmallocTotal:     245760 kB
VmallocUsed:       52864 kB
VmallocChunk:      75648 kB
1557682632.191275
MemTotal:        1899508 kB
MemFree:           47308 kB
Buffers:             736 kB
Cached:           152060 kB
SwapCached:            0 kB
Active:          1520292 kB
Inactive:          76728 kB
Active(anon):    1446520 kB
Inactive(anon):     3416 kB
Active(file):      73772 kB
Inactive(file):    73312 kB
Unevictable:        1940 kB
Mlocked:               0 kB
HighTotal:       1158144 kB
HighFree:           2452 kB
LowTotal:         741364 kB
LowFree:           44856 kB
SwapTotal:             0 kB
SwapFree:              0 kB
Dirty:               148 kB
Writeback:             0 kB
AnonPages:       1446576 kB
Mapped:           156632 kB
Shmem:              3480 kB
Slab:              34488 kB
SReclaimable:      12140 kB
SUnreclaim:        22348 kB
KernelStack:        7000 kB
PageTables:        13468 kB
NFS_Unstable:          0 kB
Bounce:                0 kB
WritebackTmp:          0 kB
CommitLimit:      949752 kB
Committed_AS:   15462148 kB
VmallocTotal:     245760 kB
VmallocUsed:       52864 kB
VmallocChunk:      75648 kB
1557682632.876179
MemTotal:        1899508 kB
MemFree:           50392 kB
Buffers:             728 kB
Cached:           154672 kB
SwapCached:            0 kB
Active:          1516968 kB
Inactive:          77704 kB
Active(anon):    1441548 kB
Inactive(anon):     3412 kB
Active(file):      75420 kB
Inactive(file):    74292 kB
Unevictable:        1940 kB
Mlocked:               0 kB
HighTotal:       1158144 kB
HighFree:           1716 kB
LowTotal:         741364 kB
LowFree:           48676 kB
SwapTotal:             0 kB
SwapFree:              0 kB
Dirty:               204 kB
Writeback:             8 kB
AnonPages:       1441604 kB
Mapped:           149716 kB
Shmem:              3476 kB
Slab:              34484 kB
SReclaimable:      12140 kB
SUnreclaim:        22344 kB
KernelStack:        6552 kB
PageTables:        13224 kB
NFS_Unstable:          0 kB
Bounce:                0 kB
WritebackTmp:          0 kB
CommitLimit:      949752 kB
Committed_AS:   14798820 kB
VmallocTotal:     245760 kB
VmallocUsed:       52864 kB
VmallocChunk:      75648 kB
1557682633.655347
MemTotal:        1899508 kB
MemFree:           56908 kB
Buffers:             484 kB
Cached:           130976 kB
SwapCached:            0 kB
Active:          1481408 kB
Inactive:          66652 kB
Active(anon):    1418332 kB
Inactive(anon):     3412 kB
Active(file):      63076 kB
Inactive(file):    63240 kB
Unevictable:        1940 kB
Mlocked:               0 kB
HighTotal:       1158144 kB
HighFree:          15000 kB
LowTotal:         741364 kB
LowFree:           41908 kB
SwapTotal:             0 kB
SwapFree:              0 kB
Dirty:               204 kB
Writeback:             0 kB
AnonPages:       1417784 kB
Mapped:           131928 kB
Shmem:              3476 kB
Slab:              34472 kB
SReclaimable:      12140 kB
SUnreclaim:        22332 kB
KernelStack:        6600 kB
PageTables:        11968 kB
NFS_Unstable:          0 kB
Bounce:                0 kB
WritebackTmp:          0 kB
CommitLimit:      949752 kB
Committed_AS:   12443784 kB
VmallocTotal:     245760 kB
VmallocUsed:       52040 kB
VmallocChunk:      75648 kB
1557682634.236776
MemTotal:        1899508 kB
MemFree:           61092 kB
Buffers:             496 kB
Cached:           128636 kB
SwapCached:            0 kB
Active:          1479480 kB
Inactive:          64068 kB
Active(anon):    1416444 kB
Inactive(anon):     3408 kB
Active(file):      63036 kB
Inactive(file):    60660 kB
Unevictable:        1940 kB
Mlocked:               0 kB
HighTotal:       1158144 kB
HighFree:          16024 kB
LowTotal:         741364 kB
LowFree:           45068 kB
SwapTotal:             0 kB
SwapFree:              0 kB
Dirty:               204 kB
Writeback:             0 kB
AnonPages:       1416516 kB
Mapped:           130012 kB
Shmem:              3472 kB
Slab:              34380 kB
SReclaimable:      12140 kB
SUnreclaim:        22240 kB
KernelStack:        6104 kB
PageTables:        11444 kB
NFS_Unstable:          0 kB
Bounce:                0 kB
WritebackTmp:          0 kB
CommitLimit:      949752 kB
Committed_AS:   11847388 kB
VmallocTotal:     245760 kB
VmallocUsed:       48596 kB
VmallocChunk:      75648 kB
1557682634.917030
MemTotal:        1899508 kB
MemFree:           55792 kB
Buffers:             752 kB
Cached:           127976 kB
SwapCached:            0 kB
Active:          1488200 kB
Inactive:          61748 kB
Active(anon):    1423224 kB
Inactive(anon):     3408 kB
Active(file):      64976 kB
Inactive(file):    58340 kB
Unevictable:        1940 kB
Mlocked:               0 kB
HighTotal:       1158144 kB
HighFree:          10456 kB
LowTotal:         741364 kB
LowFree:           45336 kB
SwapTotal:             0 kB
SwapFree:              0 kB
Dirty:               232 kB
Writeback:             0 kB
AnonPages:       1423356 kB
Mapped:           129976 kB
Shmem:              3472 kB
Slab:              34380 kB
SReclaimable:      12140 kB
SUnreclaim:        22240 kB
KernelStack:        6136 kB
PageTables:        11476 kB
NFS_Unstable:          0 kB
Bounce:                0 kB
WritebackTmp:          0 kB
CommitLimit:      949752 kB
Committed_AS:   11857184 kB
VmallocTotal:     245760 kB
VmallocUsed:       48596 kB
VmallocChunk:      75648 kB
1557682635.670098
MemTotal:        1899508 kB
MemFree:           54076 kB
Buffers:             756 kB
Cached:           120256 kB
SwapCached:            0 kB
Active:          1486348 kB
Inactive:          59488 kB
Active(anon):    1426596 kB
Inactive(anon):     3408 kB
Active(file):      59752 kB
Inactive(file):    56080 kB
Unevictable:        1940 kB
Mlocked:               0 kB
HighTotal:       1158144 kB
HighFree:           9148 kB
LowTotal:         741364 kB
LowFree:           44928 kB
SwapTotal:             0 kB
SwapFree:              0 kB
Dirty:               232 kB
Writeback:             0 kB
AnonPages:       1426520 kB
Mapped:           131412 kB
Shmem:              3472 kB
Slab:              34380 kB
SReclaimable:      12140 kB
SUnreclaim:        22240 kB
KernelStack:        6136 kB
PageTables:        12364 kB
NFS_Unstable:          0 kB
Bounce:                0 kB
WritebackTmp:          0 kB
CommitLimit:      949752 kB
Committed_AS:   13038424 kB
VmallocTotal:     245760 kB
VmallocUsed:       53060 kB
VmallocChunk:      75648 kB
1557682636.470936
MemTotal:        1899508 kB
MemFree:           52284 kB
Buffers:             756 kB
Cached:           119600 kB
SwapCached:            0 kB
Active:          1490924 kB
Inactive:          57148 kB
Active(anon):    1429732 kB
Inactive(anon):     3444 kB
Active(file):      61192 kB
Inactive(file):    53704 kB
Unevictable:        1940 kB
Mlocked:               0 kB
HighTotal:       1158144 kB
HighFree:           6692 kB
LowTotal:         741364 kB
LowFree:           45592 kB
SwapTotal:             0 kB
SwapFree:              0 kB
Dirty:               236 kB
Writeback:             0 kB
AnonPages:       1429836 kB
Mapped:           131652 kB
Shmem:              3520 kB
Slab:              34376 kB
SReclaimable:      12140 kB
SUnreclaim:        22236 kB
KernelStack:        6312 kB
PageTables:        12156 kB
NFS_Unstable:          0 kB
Bounce:                0 kB
WritebackTmp:          0 kB
CommitLimit:      949752 kB
Committed_AS:   12477500 kB
VmallocTotal:     245760 kB
VmallocUsed:       52040 kB
VmallocChunk:      75648 kB
1557682637.032414
MemTotal:        1899508 kB
MemFree:           51724 kB
Buffers:             764 kB
Cached:           115344 kB
SwapCached:            0 kB
Active:          1493532 kB
Inactive:          54512 kB
Active(anon):    1433660 kB
Inactive(anon):     3444 kB
Active(file):      59872 kB
Inactive(file):    51068 kB
Unevictable:        1940 kB
Mlocked:               0 kB
HighTotal:       1158144 kB
HighFree:           4064 kB
LowTotal:         741364 kB
LowFree:           47660 kB
SwapTotal:             0 kB
SwapFree:              0 kB
Dirty:                 0 kB
Writeback:            52 kB
AnonPages:       1433744 kB
Mapped:           131244 kB
Shmem:              3520 kB
Slab:              34376 kB
SReclaimable:      12140 kB
SUnreclaim:        22236 kB
KernelStack:        6240 kB
PageTables:        12056 kB
NFS_Unstable:          0 kB
Bounce:                0 kB
WritebackTmp:          0 kB
CommitLimit:      949752 kB
Committed_AS:   12478224 kB
VmallocTotal:     245760 kB
VmallocUsed:       52040 kB
VmallocChunk:      75648 kB
1557682637.610674
MemTotal:        1899508 kB
MemFree:           49620 kB
Buffers:             780 kB
Cached:           114476 kB
SwapCached:            0 kB
Active:          1497412 kB
Inactive:          53284 kB
Active(anon):    1437724 kB
Inactive(anon):     3568 kB
Active(file):      59688 kB
Inactive(file):    49716 kB
Unevictable:        1940 kB
Mlocked:               0 kB
HighTotal:       1158144 kB
HighFree:           2280 kB
LowTotal:         741364 kB
LowFree:           47340 kB
SwapTotal:             0 kB
SwapFree:              0 kB
Dirty:                 0 kB
Writeback:             0 kB
AnonPages:       1437912 kB
Mapped:           131636 kB
Shmem:              3888 kB
Slab:              34376 kB
SReclaimable:      12140 kB
SUnreclaim:        22236 kB
KernelStack:        6232 kB
PageTables:        11956 kB
NFS_Unstable:          0 kB
Bounce:                0 kB
WritebackTmp:          0 kB
CommitLimit:      949752 kB
Committed_AS:   12486440 kB
VmallocTotal:     245760 kB
VmallocUsed:       52040 kB
VmallocChunk:      75648 kB
1557682638.171872
MemTotal:        1899508 kB
MemFree:           50972 kB
Buffers:             796 kB
Cached:           115116 kB
SwapCached:            0 kB
Active:          1494596 kB
Inactive:          55668 kB
Active(anon):    1436552 kB
Inactive(anon):     3668 kB
Active(file):      58044 kB
Inactive(file):    52000 kB
Unevictable:        1940 kB
Mlocked:               0 kB
HighTotal:       1158144 kB
HighFree:           3832 kB
LowTotal:         741364 kB
LowFree:           47140 kB
SwapTotal:             0 kB
SwapFree:              0 kB
Dirty:                64 kB
Writeback:             0 kB
AnonPages:       1436540 kB
Mapped:           131024 kB
Shmem:              3832 kB
Slab:              34376 kB
SReclaimable:      12140 kB
SUnreclaim:        22236 kB
KernelStack:        6136 kB
PageTables:        11680 kB
NFS_Unstable:          0 kB
Bounce:                0 kB
WritebackTmp:          0 kB
CommitLimit:      949752 kB
Committed_AS:   11920612 kB
VmallocTotal:     245760 kB
VmallocUsed:       51020 kB
VmallocChunk:      75648 kB
1557682638.730232
MemTotal:        1899508 kB
MemFree:           49276 kB
Buffers:             816 kB
Cached:           111996 kB
SwapCached:            0 kB
Active:          1498144 kB
Inactive:          53928 kB
Active(anon):    1441436 kB
Inactive(anon):     3668 kB
Active(file):      56708 kB
Inactive(file):    50260 kB
Unevictable:        1940 kB
Mlocked:               0 kB
HighTotal:       1158144 kB
HighFree:           3312 kB
LowTotal:         741364 kB
LowFree:           45964 kB
SwapTotal:             0 kB
SwapFree:              0 kB
Dirty:                64 kB
Writeback:             0 kB
AnonPages:       1441192 kB
Mapped:           130656 kB
Shmem:              3832 kB
Slab:              34376 kB
SReclaimable:      12140 kB
SUnreclaim:        22236 kB
KernelStack:        6136 kB
PageTables:        11532 kB
NFS_Unstable:          0 kB
Bounce:                0 kB
WritebackTmp:          0 kB
CommitLimit:      949752 kB
Committed_AS:   11927820 kB
VmallocTotal:     245760 kB
VmallocUsed:       51020 kB
VmallocChunk:      75648 kB
1557682639.297497
MemTotal:        1899508 kB
MemFree:           45184 kB
Buffers:             920 kB
Cached:           110244 kB
SwapCached:            0 kB
Active:          1502312 kB
Inactive:          53260 kB
Active(anon):    1446528 kB
Inactive(anon):     3792 kB
Active(file):      55784 kB
Inactive(file):    49468 kB
Unevictable:        1940 kB
Mlocked:               0 kB
HighTotal:       1158144 kB
HighFree:           1700 kB
LowTotal:         741364 kB
LowFree:           43484 kB
SwapTotal:             0 kB
SwapFree:              0 kB
Dirty:                68 kB
Writeback:             0 kB
AnonPages:       1446644 kB
Mapped:           130600 kB
Shmem:              4000 kB
Slab:              34376 kB
SReclaimable:      12140 kB
SUnreclaim:        22236 kB
KernelStack:        6104 kB
PageTables:        11692 kB
NFS_Unstable:          0 kB
Bounce:                0 kB
WritebackTmp:          0 kB
CommitLimit:      949752 kB
Committed_AS:   11937704 kB
VmallocTotal:     245760 kB
VmallocUsed:       51020 kB
VmallocChunk:      75648 kB
1557682639.864435
MemTotal:        1899508 kB
MemFree:           42280 kB
Buffers:             936 kB
Cached:           108716 kB
SwapCached:            0 kB
Active:          1506024 kB
Inactive:          52584 kB
Active(anon):    1451124 kB
Inactive(anon):     3792 kB
Active(file):      54900 kB
Inactive(file):    48792 kB
Unevictable:        1940 kB
Mlocked:               0 kB
HighTotal:       1158144 kB
HighFree:           1964 kB
LowTotal:         741364 kB
LowFree:           40316 kB
SwapTotal:             0 kB
SwapFree:              0 kB
Dirty:                68 kB
Writeback:             0 kB
AnonPages:       1451044 kB
Mapped:           130268 kB
Shmem:              4000 kB
Slab:              34376 kB
SReclaimable:      12140 kB
SUnreclaim:        22236 kB
KernelStack:        6104 kB
PageTables:        11692 kB
NFS_Unstable:          0 kB
Bounce:                0 kB
WritebackTmp:          0 kB
CommitLimit:      949752 kB
Committed_AS:   11940792 kB
VmallocTotal:     245760 kB
VmallocUsed:       51020 kB
VmallocChunk:      75648 kB
1557682640.431454
MemTotal:        1899508 kB
MemFree:           77268 kB
Buffers:             948 kB
Cached:           107304 kB
SwapCached:            0 kB
Active:          1491908 kB
Inactive:          52256 kB
Active(anon):    1437868 kB
Inactive(anon):     3768 kB
Active(file):      54040 kB
Inactive(file):    48488 kB
Unevictable:        1940 kB
Mlocked:               0 kB
HighTotal:       1158144 kB
HighFree:           9428 kB
LowTotal:         741364 kB
LowFree:           67840 kB
SwapTotal:             0 kB
SwapFree:              0 kB
Dirty:                84 kB
Writeback:             0 kB
AnonPages:       1437788 kB
Mapped:           110564 kB
Shmem:              4020 kB
Slab:              34376 kB
SReclaimable:      12140 kB
SUnreclaim:        22236 kB
KernelStack:        6104 kB
PageTables:        11700 kB
NFS_Unstable:          0 kB
Bounce:                0 kB
WritebackTmp:          0 kB
CommitLimit:      949752 kB
Committed_AS:   11943840 kB
VmallocTotal:     245760 kB
VmallocUsed:       50804 kB
VmallocChunk:      75648 kB
1557682640.999463
MemTotal:        1899508 kB
MemFree:           74328 kB
Buffers:             964 kB
Cached:           107376 kB
SwapCached:            0 kB
Active:          1494984 kB
Inactive:          52288 kB
Active(anon):    1440976 kB
Inactive(anon):     3780 kB
Active(file):      54008 kB
Inactive(file):    48508 kB
Unevictable:        1940 kB
Mlocked:               0 kB
HighTotal:       1158144 kB
HighFree:           6604 kB
LowTotal:         741364 kB
LowFree:           67724 kB
SwapTotal:             0 kB
SwapFree:              0 kB
Dirty:                84 kB
Writeback:             0 kB
AnonPages:       1441004 kB
Mapped:           110504 kB
Shmem:              4032 kB
Slab:              34376 kB
SReclaimable:      12140 kB
SUnreclaim:        22236 kB
KernelStack:        6104 kB
PageTables:        11660 kB
NFS_Unstable:          0 kB
Bounce:                0 kB
WritebackTmp:          0 kB
CommitLimit:      949752 kB
Committed_AS:   11943804 kB
VmallocTotal:     245760 kB
VmallocUsed:       50804 kB
VmallocChunk:      75648 kB
1557682641.572527
MemTotal:        1899508 kB
MemFree:           70360 kB
Buffers:             980 kB
Cached:           107204 kB
SwapCached:            0 kB
Active:          1498892 kB
Inactive:          52128 kB
Active(anon):    1445052 kB
Inactive(anon):     3760 kB
Active(file):      53840 kB
Inactive(file):    48368 kB
Unevictable:        1940 kB
Mlocked:               0 kB
HighTotal:       1158144 kB
HighFree:           3044 kB
LowTotal:         741364 kB
LowFree:           67316 kB
SwapTotal:             0 kB
SwapFree:              0 kB
Dirty:                84 kB
Writeback:             0 kB
AnonPages:       1444792 kB
Mapped:           110520 kB
Shmem:              4036 kB
Slab:              34348 kB
SReclaimable:      12140 kB
SUnreclaim:        22208 kB
KernelStack:        6128 kB
PageTables:        11696 kB
NFS_Unstable:          0 kB
Bounce:                0 kB
WritebackTmp:          0 kB
CommitLimit:      949752 kB
Committed_AS:   11944604 kB
VmallocTotal:     245760 kB
VmallocUsed:       50804 kB
VmallocChunk:      75648 kB
1557682642.138155
MemTotal:        1899508 kB
MemFree:           65044 kB
Buffers:             996 kB
Cached:           107260 kB
SwapCached:            0 kB
Active:          1503840 kB
Inactive:          52196 kB
Active(anon):    1450000 kB
Inactive(anon):     3760 kB
Active(file):      53840 kB
Inactive(file):    48436 kB
Unevictable:        1940 kB
Mlocked:               0 kB
HighTotal:       1158144 kB
HighFree:           1720 kB
LowTotal:         741364 kB
LowFree:           63324 kB
SwapTotal:             0 kB
SwapFree:              0 kB
Dirty:                44 kB
Writeback:             0 kB
AnonPages:       1449728 kB
Mapped:           110528 kB
Shmem:              4036 kB
Slab:              34348 kB
SReclaimable:      12140 kB
SUnreclaim:        22208 kB
KernelStack:        6136 kB
PageTables:        11696 kB
NFS_Unstable:          0 kB
Bounce:                0 kB
WritebackTmp:          0 kB
CommitLimit:      949752 kB
Committed_AS:   11944668 kB
VmallocTotal:     245760 kB
VmallocUsed:       50804 kB
VmallocChunk:      75648 kB
1557682642.709284
MemTotal:        1899508 kB
MemFree:           62848 kB
Buffers:            1008 kB
Cached:           107248 kB
SwapCached:            0 kB
Active:          1506392 kB
Inactive:          52196 kB
Active(anon):    1452552 kB
Inactive(anon):     3760 kB
Active(file):      53840 kB
Inactive(file):    48436 kB
Unevictable:        1940 kB
Mlocked:               0 kB
HighTotal:       1158144 kB
HighFree:           1720 kB
LowTotal:         741364 kB
LowFree:           61128 kB
SwapTotal:             0 kB
SwapFree:              0 kB
Dirty:                44 kB
Writeback:             0 kB
AnonPages:       1452320 kB
Mapped:           110528 kB
Shmem:              4036 kB
Slab:              34220 kB
SReclaimable:      12140 kB
SUnreclaim:        22080 kB
KernelStack:        6136 kB
PageTables:        11696 kB
NFS_Unstable:          0 kB
Bounce:                0 kB
WritebackTmp:          0 kB
CommitLimit:      949752 kB
Committed_AS:   11944768 kB
VmallocTotal:     245760 kB
VmallocUsed:       50804 kB
VmallocChunk:      75648 kB
1557682643.280771
MemTotal:        1899508 kB
MemFree:           57136 kB
Buffers:            1012 kB
Cached:           107636 kB
SwapCached:            0 kB
Active:          1511276 kB
Inactive:          52592 kB
Active(anon):    1457436 kB
Inactive(anon):     3760 kB
Active(file):      53840 kB
Inactive(file):    48832 kB
Unevictable:        1940 kB
Mlocked:               0 kB
HighTotal:       1158144 kB
HighFree:           1736 kB
LowTotal:         741364 kB
LowFree:           55400 kB
SwapTotal:             0 kB
SwapFree:              0 kB
Dirty:                44 kB
Writeback:             0 kB
AnonPages:       1457216 kB
Mapped:           110552 kB
Shmem:              4036 kB
Slab:              34220 kB
SReclaimable:      12140 kB
SUnreclaim:        22080 kB
KernelStack:        6120 kB
PageTables:        11684 kB
NFS_Unstable:          0 kB
Bounce:                0 kB
WritebackTmp:          0 kB
CommitLimit:      949752 kB
Committed_AS:   11947868 kB
VmallocTotal:     245760 kB
VmallocUsed:       50804 kB
VmallocChunk:      75648 kB
1557682643.852171
MemTotal:        1899508 kB
MemFree:           52788 kB
Buffers:            1032 kB
Cached:           107616 kB
SwapCached:            0 kB
Active:          1516376 kB
Inactive:          52592 kB
Active(anon):    1462536 kB
Inactive(anon):     3760 kB
Active(file):      53840 kB
Inactive(file):    48832 kB
Unevictable:        1940 kB
Mlocked:               0 kB
HighTotal:       1158144 kB
HighFree:           1736 kB
LowTotal:         741364 kB
LowFree:           51052 kB
SwapTotal:             0 kB
SwapFree:              0 kB
Dirty:                44 kB
Writeback:             0 kB
AnonPages:       1462248 kB
Mapped:           110552 kB
Shmem:              4036 kB
Slab:              34220 kB
SReclaimable:      12140 kB
SUnreclaim:        22080 kB
KernelStack:        6120 kB
PageTables:        11684 kB
NFS_Unstable:          0 kB
Bounce:                0 kB
WritebackTmp:          0 kB
CommitLimit:      949752 kB
Committed_AS:   11954636 kB
VmallocTotal:     245760 kB
VmallocUsed:       50804 kB
VmallocChunk:      75648 kB
1557682644.422099
MemTotal:        1899508 kB
MemFree:           53424 kB
Buffers:            1048 kB
Cached:           107716 kB
SwapCached:            0 kB
Active:          1515324 kB
Inactive:          52704 kB
Active(anon):    1461480 kB
Inactive(anon):     3760 kB
Active(file):      53844 kB
Inactive(file):    48944 kB
Unevictable:        1940 kB
Mlocked:               0 kB
HighTotal:       1158144 kB
HighFree:           3760 kB
LowTotal:         741364 kB
LowFree:           49664 kB
SwapTotal:             0 kB
SwapFree:              0 kB
Dirty:                48 kB
Writeback:             0 kB
AnonPages:       1461364 kB
Mapped:           110568 kB
Shmem:              4036 kB
Slab:              34220 kB
SReclaimable:      12140 kB
SUnreclaim:        22080 kB
KernelStack:        6120 kB
PageTables:        11700 kB
NFS_Unstable:          0 kB
Bounce:                0 kB
WritebackTmp:          0 kB
CommitLimit:      949752 kB
Committed_AS:   11956708 kB
VmallocTotal:     245760 kB
VmallocUsed:       50804 kB
VmallocChunk:      75648 kB
1557682644.991126
MemTotal:        1899508 kB
MemFree:           51280 kB
Buffers:            1064 kB
Cached:           107700 kB
SwapCached:            0 kB
Active:          1517720 kB
Inactive:          52704 kB
Active(anon):    1463876 kB
Inactive(anon):     3760 kB
Active(file):      53844 kB
Inactive(file):    48944 kB
Unevictable:        1940 kB
Mlocked:               0 kB
HighTotal:       1158144 kB
HighFree:           3284 kB
LowTotal:         741364 kB
LowFree:           47996 kB
SwapTotal:             0 kB
SwapFree:              0 kB
Dirty:                48 kB
Writeback:             0 kB
AnonPages:       1463472 kB
Mapped:           110568 kB
Shmem:              4036 kB
Slab:              34220 kB
SReclaimable:      12140 kB
SUnreclaim:        22080 kB
KernelStack:        6120 kB
PageTables:        11848 kB
NFS_Unstable:          0 kB
Bounce:                0 kB
WritebackTmp:          0 kB
CommitLimit:      949752 kB
Committed_AS:   11956696 kB
VmallocTotal:     245760 kB
VmallocUsed:       50804 kB
VmallocChunk:      75648 kB
1557682645.555683
MemTotal:        1899508 kB
MemFree:           51152 kB
Buffers:            1064 kB
Cached:           107716 kB
SwapCached:            0 kB
Active:          1517920 kB
Inactive:          52712 kB
Active(anon):    1464068 kB
Inactive(anon):     3760 kB
Active(file):      53852 kB
Inactive(file):    48952 kB
Unevictable:        1940 kB
Mlocked:               0 kB
HighTotal:       1158144 kB
HighFree:           3188 kB
LowTotal:         741364 kB
LowFree:           47964 kB
SwapTotal:             0 kB
SwapFree:              0 kB
Dirty:                48 kB
Writeback:             0 kB
AnonPages:       1463968 kB
Mapped:           110576 kB
Shmem:              4036 kB
Slab:              34220 kB
SReclaimable:      12140 kB
SUnreclaim:        22080 kB
KernelStack:        6136 kB
PageTables:        11724 kB
NFS_Unstable:          0 kB
Bounce:                0 kB
WritebackTmp:          0 kB
CommitLimit:      949752 kB
Committed_AS:   11957332 kB
VmallocTotal:     245760 kB
VmallocUsed:       50804 kB
VmallocChunk:      75648 kB
1557682646.121431
MemTotal:        1899508 kB
MemFree:           50464 kB
Buffers:            1064 kB
Cached:           107832 kB
SwapCached:            0 kB
Active:          1518040 kB
Inactive:          52828 kB
Active(anon):    1464188 kB
Inactive(anon):     3760 kB
Active(file):      53852 kB
Inactive(file):    49068 kB
Unevictable:        1940 kB
Mlocked:               0 kB
HighTotal:       1158144 kB
HighFree:           2872 kB
LowTotal:         741364 kB
LowFree:           47592 kB
SwapTotal:             0 kB
SwapFree:              0 kB
Dirty:                48 kB
Writeback:             0 kB
AnonPages:       1463996 kB
Mapped:           110596 kB
Shmem:              4036 kB
Slab:              34220 kB
SReclaimable:      12140 kB
SUnreclaim:        22080 kB
KernelStack:        6136 kB
PageTables:        11712 kB
NFS_Unstable:          0 kB
Bounce:                0 kB
WritebackTmp:          0 kB
CommitLimit:      949752 kB
Committed_AS:   11957412 kB
VmallocTotal:     245760 kB
VmallocUsed:       50804 kB
VmallocChunk:      75648 kB
1557682646.689643
MemTotal:        1899508 kB
MemFree:           50188 kB
Buffers:            1064 kB
Cached:           107832 kB
SwapCached:            0 kB
Active:          1518164 kB
Inactive:          52828 kB
Active(anon):    1464312 kB
Inactive(anon):     3760 kB
Active(file):      53852 kB
Inactive(file):    49068 kB
Unevictable:        1940 kB
Mlocked:               0 kB
HighTotal:       1158144 kB
HighFree:           2704 kB
LowTotal:         741364 kB
LowFree:           47484 kB
SwapTotal:             0 kB
SwapFree:              0 kB
Dirty:                48 kB
Writeback:             0 kB
AnonPages:       1463996 kB
Mapped:           110448 kB
Shmem:              4036 kB
Slab:              34220 kB
SReclaimable:      12140 kB
SUnreclaim:        22080 kB
KernelStack:        6136 kB
PageTables:        11712 kB
NFS_Unstable:          0 kB
Bounce:                0 kB
WritebackTmp:          0 kB
CommitLimit:      949752 kB
Committed_AS:   11957440 kB
VmallocTotal:     245760 kB
VmallocUsed:       50804 kB
VmallocChunk:      75648 kB
1557682647.259585
MemTotal:        1899508 kB
MemFree:           49452 kB
Buffers:            1064 kB
Cached:           108512 kB
SwapCached:            0 kB
Active:          1518424 kB
Inactive:          53452 kB
Active(anon):    1464572 kB
Inactive(anon):     3760 kB
Active(file):      53852 kB
Inactive(file):    49692 kB
Unevictable:        1940 kB
Mlocked:               0 kB
HighTotal:       1158144 kB
HighFree:           1884 kB
LowTotal:         741364 kB
LowFree:           47568 kB
SwapTotal:             0 kB
SwapFree:              0 kB
Dirty:                 0 kB
Writeback:             0 kB
AnonPages:       1464184 kB
Mapped:           110612 kB
Shmem:              4036 kB
Slab:              34220 kB
SReclaimable:      12140 kB
SUnreclaim:        22080 kB
KernelStack:        6120 kB
PageTables:        11692 kB
NFS_Unstable:          0 kB
Bounce:                0 kB
WritebackTmp:          0 kB
CommitLimit:      949752 kB
Committed_AS:   11957428 kB
VmallocTotal:     245760 kB
VmallocUsed:       50804 kB
VmallocChunk:      75648 kB
1557682647.826352
MemTotal:        1899508 kB
MemFree:           48784 kB
Buffers:            1064 kB
Cached:           108844 kB
SwapCached:            0 kB
Active:          1518356 kB
Inactive:          53776 kB
Active(anon):    1464504 kB
Inactive(anon):     3760 kB
Active(file):      53852 kB
Inactive(file):    50016 kB
Unevictable:        1940 kB
Mlocked:               0 kB
HighTotal:       1158144 kB
HighFree:           1808 kB
LowTotal:         741364 kB
LowFree:           46976 kB
SwapTotal:             0 kB
SwapFree:              0 kB
Dirty:                 0 kB
Writeback:             0 kB
AnonPages:       1464004 kB
Mapped:           110612 kB
Shmem:              4036 kB
Slab:              34220 kB
SReclaimable:      12140 kB
SUnreclaim:        22080 kB
KernelStack:        6120 kB
PageTables:        11692 kB
NFS_Unstable:          0 kB
Bounce:                0 kB
WritebackTmp:          0 kB
CommitLimit:      949752 kB
Committed_AS:   11953440 kB
VmallocTotal:     245760 kB
VmallocUsed:       50804 kB
VmallocChunk:      75648 kB
1557682648.402162
MemTotal:        1899508 kB
MemFree:           63628 kB
Buffers:            1064 kB
Cached:           109024 kB
SwapCached:            0 kB
Active:          1501372 kB
Inactive:          54020 kB
Active(anon):    1447520 kB
Inactive(anon):     3760 kB
Active(file):      53852 kB
Inactive(file):    50260 kB
Unevictable:        1940 kB
Mlocked:               0 kB
HighTotal:       1158144 kB
HighFree:          12980 kB
LowTotal:         741364 kB
LowFree:           50648 kB
SwapTotal:             0 kB
SwapFree:              0 kB
Dirty:                 0 kB
Writeback:             0 kB
AnonPages:       1447276 kB
Mapped:           110704 kB
Shmem:              4036 kB
Slab:              34220 kB
SReclaimable:      12140 kB
SUnreclaim:        22080 kB
KernelStack:        6120 kB
PageTables:        11700 kB
NFS_Unstable:          0 kB
Bounce:                0 kB
WritebackTmp:          0 kB
CommitLimit:      949752 kB
Committed_AS:   13098780 kB
VmallocTotal:     245760 kB
VmallocUsed:       50804 kB
VmallocChunk:      75648 kB
1557682648.964909
MemTotal:        1899508 kB
MemFree:           49192 kB
Buffers:            1076 kB
Cached:           128212 kB
SwapCached:            0 kB
Active:          1499976 kB
Inactive:          72808 kB
Active(anon):    1446000 kB
Inactive(anon):     3760 kB
Active(file):      53976 kB
Inactive(file):    69048 kB
Unevictable:        1940 kB
Mlocked:               0 kB
HighTotal:       1158144 kB
HighFree:           1816 kB
LowTotal:         741364 kB
LowFree:           47376 kB
SwapTotal:             0 kB
SwapFree:              0 kB
Dirty:                 0 kB
Writeback:             0 kB
AnonPages:       1445652 kB
Mapped:           117820 kB
Shmem:              4036 kB
Slab:              34220 kB
SReclaimable:      12140 kB
SUnreclaim:        22080 kB
KernelStack:        6120 kB
PageTables:        11996 kB
NFS_Unstable:          0 kB
Bounce:                0 kB
WritebackTmp:          0 kB
CommitLimit:      949752 kB
Committed_AS:   12520408 kB
VmallocTotal:     245760 kB
VmallocUsed:       51824 kB
VmallocChunk:      75648 kB
1557682649.532546
MemTotal:        1899508 kB
MemFree:           40528 kB
Buffers:            1176 kB
Cached:           129964 kB
SwapCached:            0 kB
Active:          1509608 kB
Inactive:          72428 kB
Active(anon):    1453820 kB
Inactive(anon):     3760 kB
Active(file):      55788 kB
Inactive(file):    68668 kB
Unevictable:        1940 kB
Mlocked:               0 kB
HighTotal:       1158144 kB
HighFree:            460 kB
LowTotal:         741364 kB
LowFree:           40068 kB
SwapTotal:             0 kB
SwapFree:              0 kB
Dirty:                56 kB
Writeback:             0 kB
AnonPages:       1453812 kB
Mapped:           117912 kB
Shmem:              4036 kB
Slab:              34220 kB
SReclaimable:      12140 kB
SUnreclaim:        22080 kB
KernelStack:        6200 kB
PageTables:        12584 kB
NFS_Unstable:          0 kB
Bounce:                0 kB
WritebackTmp:          0 kB
CommitLimit:      949752 kB
Committed_AS:   13090452 kB
VmallocTotal:     245760 kB
VmallocUsed:       52844 kB
VmallocChunk:      75648 kB
1557682650.096805
MemTotal:        1899508 kB
MemFree:           41088 kB
Buffers:             908 kB
Cached:           125408 kB
SwapCached:            0 kB
Active:          1518284 kB
Inactive:          64564 kB
Active(anon):    1458792 kB
Inactive(anon):     3764 kB
Active(file):      59492 kB
Inactive(file):    60800 kB
Unevictable:        1940 kB
Mlocked:               0 kB
HighTotal:       1158144 kB
HighFree:           1084 kB
LowTotal:         741364 kB
LowFree:           40004 kB
SwapTotal:             0 kB
SwapFree:              0 kB
Dirty:                 0 kB
Writeback:             0 kB
AnonPages:       1458824 kB
Mapped:           113884 kB
Shmem:              4040 kB
Slab:              34216 kB
SReclaimable:      12140 kB
SUnreclaim:        22076 kB
KernelStack:        6384 kB
PageTables:        12972 kB
NFS_Unstable:          0 kB
Bounce:                0 kB
WritebackTmp:          0 kB
CommitLimit:      949752 kB
Committed_AS:   13663452 kB
VmallocTotal:     245760 kB
VmallocUsed:       53864 kB
VmallocChunk:      75648 kB
1557682650.658057
MemTotal:        1899508 kB
MemFree:           49876 kB
Buffers:             592 kB
Cached:           114764 kB
SwapCached:            0 kB
Active:          1513788 kB
Inactive:          58344 kB
Active(anon):    1459784 kB
Inactive(anon):     4012 kB
Active(file):      54004 kB
Inactive(file):    54332 kB
Unevictable:        1940 kB
Mlocked:               0 kB
HighTotal:       1158144 kB
HighFree:           4804 kB
LowTotal:         741364 kB
LowFree:           45072 kB
SwapTotal:             0 kB
SwapFree:              0 kB
Dirty:                 0 kB
Writeback:             0 kB
AnonPages:       1458748 kB
Mapped:           113212 kB
Shmem:              4408 kB
Slab:              34216 kB
SReclaimable:      12140 kB
SUnreclaim:        22076 kB
KernelStack:        6384 kB
PageTables:        12972 kB
NFS_Unstable:          0 kB
Bounce:                0 kB
WritebackTmp:          0 kB
CommitLimit:      949752 kB
Committed_AS:   13665512 kB
VmallocTotal:     245760 kB
VmallocUsed:       53864 kB
VmallocChunk:      75648 kB
1557682651.216233
MemTotal:        1899508 kB
MemFree:           41412 kB
Buffers:             600 kB
Cached:           124860 kB
SwapCached:            0 kB
Active:          1515004 kB
Inactive:          66512 kB
Active(anon):    1458344 kB
Inactive(anon):     4236 kB
Active(file):      56660 kB
Inactive(file):    62276 kB
Unevictable:        1940 kB
Mlocked:               0 kB
HighTotal:       1158144 kB
HighFree:           1292 kB
LowTotal:         741364 kB
LowFree:           40120 kB
SwapTotal:             0 kB
SwapFree:              0 kB
Dirty:                32 kB
Writeback:             0 kB
AnonPages:       1457932 kB
Mapped:           112856 kB
Shmem:              4608 kB
Slab:              34212 kB
SReclaimable:      12140 kB
SUnreclaim:        22072 kB
KernelStack:        6336 kB
PageTables:        12620 kB
NFS_Unstable:          0 kB
Bounce:                0 kB
WritebackTmp:          0 kB
CommitLimit:      949752 kB
Committed_AS:   13093992 kB
VmallocTotal:     245760 kB
VmallocUsed:       52844 kB
VmallocChunk:      75648 kB
1557682651.775615
MemTotal:        1899508 kB
MemFree:           48232 kB
Buffers:             464 kB
Cached:           128752 kB
SwapCached:            0 kB
Active:          1507364 kB
Inactive:          68180 kB
Active(anon):    1448664 kB
Inactive(anon):     4236 kB
Active(file):      58700 kB
Inactive(file):    63944 kB
Unevictable:        1940 kB
Mlocked:               0 kB
HighTotal:       1158144 kB
HighFree:           3576 kB
LowTotal:         741364 kB
LowFree:           44656 kB
SwapTotal:             0 kB
SwapFree:              0 kB
Dirty:                32 kB
Writeback:             0 kB
AnonPages:       1448268 kB
Mapped:            95144 kB
Shmem:              4608 kB
Slab:              34212 kB
SReclaimable:      12140 kB
SUnreclaim:        22072 kB
KernelStack:        6336 kB
PageTables:        11732 kB
NFS_Unstable:          0 kB
Bounce:                0 kB
WritebackTmp:          0 kB
CommitLimit:      949752 kB
Committed_AS:   11954504 kB
VmallocTotal:     245760 kB
VmallocUsed:       50804 kB
VmallocChunk:      75648 kB
1557682652.346568
MemTotal:        1899508 kB
MemFree:           49220 kB
Buffers:             464 kB
Cached:           125168 kB
SwapCached:            0 kB
Active:          1509620 kB
Inactive:          64664 kB
Active(anon):    1450796 kB
Inactive(anon):     4240 kB
Active(file):      58824 kB
Inactive(file):    60424 kB
Unevictable:        1940 kB
Mlocked:               0 kB
HighTotal:       1158144 kB
HighFree:           2748 kB
LowTotal:         741364 kB
LowFree:           46472 kB
SwapTotal:             0 kB
SwapFree:              0 kB
Dirty:                 0 kB
Writeback:             0 kB
AnonPages:       1450152 kB
Mapped:            94820 kB
Shmem:              4612 kB
Slab:              34184 kB
SReclaimable:      12140 kB
SUnreclaim:        22044 kB
KernelStack:        6120 kB
PageTables:        11692 kB
NFS_Unstable:          0 kB
Bounce:                0 kB
WritebackTmp:          0 kB
CommitLimit:      949752 kB
Committed_AS:   11954592 kB
VmallocTotal:     245760 kB
VmallocUsed:       50804 kB
VmallocChunk:      75648 kB
1557682652.907954
MemTotal:        1899508 kB
MemFree:           52784 kB
Buffers:             464 kB
Cached:           122960 kB
SwapCached:            0 kB
Active:          1507240 kB
Inactive:          63616 kB
Active(anon):    1449552 kB
Inactive(anon):     4240 kB
Active(file):      57688 kB
Inactive(file):    59376 kB
Unevictable:        1940 kB
Mlocked:               0 kB
HighTotal:       1158144 kB
HighFree:           5728 kB
LowTotal:         741364 kB
LowFree:           47056 kB
SwapTotal:             0 kB
SwapFree:              0 kB
Dirty:                 0 kB
Writeback:             0 kB
AnonPages:       1449192 kB
Mapped:            94636 kB
Shmem:              4612 kB
Slab:              34184 kB
SReclaimable:      12140 kB
SUnreclaim:        22044 kB
KernelStack:        6120 kB
PageTables:        11692 kB
NFS_Unstable:          0 kB
Bounce:                0 kB
WritebackTmp:          0 kB
CommitLimit:      949752 kB
Committed_AS:   11954584 kB
VmallocTotal:     245760 kB
VmallocUsed:       50804 kB
VmallocChunk:      75648 kB
1557682653.486425
MemTotal:        1899508 kB
MemFree:           50836 kB
Buffers:             480 kB
Cached:           122356 kB
SwapCached:            0 kB
Active:          1509088 kB
Inactive:          63184 kB
Active(anon):    1451620 kB
Inactive(anon):     4240 kB
Active(file):      57468 kB
Inactive(file):    58944 kB
Unevictable:        1940 kB
Mlocked:               0 kB
HighTotal:       1158144 kB
HighFree:           3972 kB
LowTotal:         741364 kB
LowFree:           46864 kB
SwapTotal:             0 kB
SwapFree:              0 kB
Dirty:                88 kB
Writeback:             0 kB
AnonPages:       1451176 kB
Mapped:            94772 kB
Shmem:              4612 kB
Slab:              34184 kB
SReclaimable:      12140 kB
SUnreclaim:        22044 kB
KernelStack:        6136 kB
PageTables:        11716 kB
NFS_Unstable:          0 kB
Bounce:                0 kB
WritebackTmp:          0 kB
CommitLimit:      949752 kB
Committed_AS:   11954656 kB
VmallocTotal:     245760 kB
VmallocUsed:       50804 kB
VmallocChunk:      75648 kB
1557682654.044817
MemTotal:        1899508 kB
MemFree:           51948 kB
Buffers:             480 kB
Cached:           121808 kB
SwapCached:            0 kB
Active:          1508952 kB
Inactive:          62856 kB
Active(anon):    1451832 kB
Inactive(anon):     4240 kB
Active(file):      57120 kB
Inactive(file):    58616 kB
Unevictable:        1940 kB
Mlocked:               0 kB
HighTotal:       1158144 kB
HighFree:           4756 kB
LowTotal:         741364 kB
LowFree:           47192 kB
SwapTotal:             0 kB
SwapFree:              0 kB
Dirty:                88 kB
Writeback:             0 kB
AnonPages:       1451664 kB
Mapped:            94196 kB
Shmem:              4612 kB
Slab:              34184 kB
SReclaimable:      12140 kB
SUnreclaim:        22044 kB
KernelStack:        6104 kB
PageTables:        11576 kB
NFS_Unstable:          0 kB
Bounce:                0 kB
WritebackTmp:          0 kB
CommitLimit:      949752 kB
Committed_AS:   11955316 kB
VmallocTotal:     245760 kB
VmallocUsed:       50804 kB
VmallocChunk:      75648 kB
1557682654.610849
MemTotal:        1899508 kB
MemFree:           51928 kB
Buffers:             480 kB
Cached:           121072 kB
SwapCached:            0 kB
Active:          1508980 kB
Inactive:          62484 kB
Active(anon):    1452192 kB
Inactive(anon):     4240 kB
Active(file):      56788 kB
Inactive(file):    58244 kB
Unevictable:        1940 kB
Mlocked:               0 kB
HighTotal:       1158144 kB
HighFree:           4916 kB
LowTotal:         741364 kB
LowFree:           47012 kB
SwapTotal:             0 kB
SwapFree:              0 kB
Dirty:                88 kB
Writeback:             0 kB
AnonPages:       1451812 kB
Mapped:            93844 kB
Shmem:              4612 kB
Slab:              34184 kB
SReclaimable:      12140 kB
SUnreclaim:        22044 kB
KernelStack:        6136 kB
PageTables:        11844 kB
NFS_Unstable:          0 kB
Bounce:                0 kB
WritebackTmp:          0 kB
CommitLimit:      949752 kB
Committed_AS:   11955336 kB
VmallocTotal:     245760 kB
VmallocUsed:       50804 kB
VmallocChunk:      75648 kB
1557682655.174547
MemTotal:        1899508 kB
MemFree:           52612 kB
Buffers:             480 kB
Cached:           120624 kB
SwapCached:            0 kB
Active:          1508644 kB
Inactive:          62308 kB
Active(anon):    1451976 kB
Inactive(anon):     4240 kB
Active(file):      56668 kB
Inactive(file):    58068 kB
Unevictable:        1940 kB
Mlocked:               0 kB
HighTotal:       1158144 kB
HighFree:           5560 kB
LowTotal:         741364 kB
LowFree:           47052 kB
SwapTotal:             0 kB
SwapFree:              0 kB
Dirty:                88 kB
Writeback:             0 kB
AnonPages:       1451684 kB
Mapped:            93840 kB
Shmem:              4612 kB
Slab:              34184 kB
SReclaimable:      12140 kB
SUnreclaim:        22044 kB
KernelStack:        6136 kB
PageTables:        11712 kB
NFS_Unstable:          0 kB
Bounce:                0 kB
WritebackTmp:          0 kB
CommitLimit:      949752 kB
Committed_AS:   11955300 kB
VmallocTotal:     245760 kB
VmallocUsed:       50804 kB
VmallocChunk:      75648 kB
1557682655.737181
MemTotal:        1899508 kB
MemFree:           53020 kB
Buffers:             480 kB
Cached:           120256 kB
SwapCached:            0 kB
Active:          1508492 kB
Inactive:          62008 kB
Active(anon):    1452100 kB
Inactive(anon):     4240 kB
Active(file):      56392 kB
Inactive(file):    57768 kB
Unevictable:        1940 kB
Mlocked:               0 kB
HighTotal:       1158144 kB
HighFree:           5928 kB
LowTotal:         741364 kB
LowFree:           47092 kB
SwapTotal:             0 kB
SwapFree:              0 kB
Dirty:                88 kB
Writeback:             0 kB
AnonPages:       1451684 kB
Mapped:            93840 kB
Shmem:              4612 kB
Slab:              34184 kB
SReclaimable:      12140 kB
SUnreclaim:        22044 kB
KernelStack:        6136 kB
PageTables:        11712 kB
NFS_Unstable:          0 kB
Bounce:                0 kB
WritebackTmp:          0 kB
CommitLimit:      949752 kB
Committed_AS:   11955364 kB
VmallocTotal:     245760 kB
VmallocUsed:       50804 kB
VmallocChunk:      75648 kB
1557682656.303381
MemTotal:        1899508 kB
MemFree:           51000 kB
Buffers:             480 kB
Cached:           119508 kB
SwapCached:            0 kB
Active:          1510904 kB
Inactive:          61652 kB
Active(anon):    1454824 kB
Inactive(anon):     4240 kB
Active(file):      56080 kB
Inactive(file):    57412 kB
Unevictable:        1940 kB
Mlocked:               0 kB
HighTotal:       1158144 kB
HighFree:           3932 kB
LowTotal:         741364 kB
LowFree:           47068 kB
SwapTotal:             0 kB
SwapFree:              0 kB
Dirty:                88 kB
Writeback:             0 kB
AnonPages:       1454796 kB
Mapped:            93840 kB
Shmem:              4612 kB
Slab:              34184 kB
SReclaimable:      12140 kB
SUnreclaim:        22044 kB
KernelStack:        6120 kB
PageTables:        11696 kB
NFS_Unstable:          0 kB
Bounce:                0 kB
WritebackTmp:          0 kB
CommitLimit:      949752 kB
Committed_AS:   11956064 kB
VmallocTotal:     245760 kB
VmallocUsed:       50804 kB
VmallocChunk:      75648 kB
1557682656.874540
MemTotal:        1899508 kB
MemFree:           52516 kB
Buffers:             480 kB
Cached:           118772 kB
SwapCached:            0 kB
Active:          1509144 kB
Inactive:          61092 kB
Active(anon):    1453208 kB
Inactive(anon):     4240 kB
Active(file):      55936 kB
Inactive(file):    56852 kB
Unevictable:        1940 kB
Mlocked:               0 kB
HighTotal:       1158144 kB
HighFree:           5032 kB
LowTotal:         741364 kB
LowFree:           47484 kB
SwapTotal:             0 kB
SwapFree:              0 kB
Dirty:                88 kB
Writeback:             0 kB
AnonPages:       1452916 kB
Mapped:            93840 kB
Shmem:              4612 kB
Slab:              34184 kB
SReclaimable:      12140 kB
SUnreclaim:        22044 kB
KernelStack:        6120 kB
PageTables:        11696 kB
NFS_Unstable:          0 kB
Bounce:                0 kB
WritebackTmp:          0 kB
CommitLimit:      949752 kB
Committed_AS:   11956076 kB
VmallocTotal:     245760 kB
VmallocUsed:       50804 kB
VmallocChunk:      75648 kB
1557682657.437424
MemTotal:        1899508 kB
MemFree:           51016 kB
Buffers:             496 kB
Cached:           118260 kB
SwapCached:            0 kB
Active:          1511600 kB
Inactive:          60580 kB
Active(anon):    1455824 kB
Inactive(anon):     4232 kB
Active(file):      55776 kB
Inactive(file):    56348 kB
Unevictable:        1940 kB
Mlocked:               0 kB
HighTotal:       1158144 kB
HighFree:           3904 kB
LowTotal:         741364 kB
LowFree:           47112 kB
SwapTotal:             0 kB
SwapFree:              0 kB
Dirty:                88 kB
Writeback:             0 kB
AnonPages:       1455504 kB
Mapped:            93824 kB
Shmem:              4612 kB
Slab:              34188 kB
SReclaimable:      12140 kB
SUnreclaim:        22048 kB
KernelStack:        6136 kB
PageTables:        11712 kB
NFS_Unstable:          0 kB
Bounce:                0 kB
WritebackTmp:          0 kB
CommitLimit:      949752 kB
Committed_AS:   11956076 kB
VmallocTotal:     245760 kB
VmallocUsed:       50804 kB
VmallocChunk:      75648 kB
1557682658.004347
MemTotal:        1899508 kB
MemFree:           51668 kB
Buffers:             496 kB
Cached:           117156 kB
SwapCached:            0 kB
Active:          1510948 kB
Inactive:          60364 kB
Active(anon):    1455968 kB
Inactive(anon):     4232 kB
Active(file):      54980 kB
Inactive(file):    56132 kB
Unevictable:        1940 kB
Mlocked:               0 kB
HighTotal:       1158144 kB
HighFree:           4556 kB
LowTotal:         741364 kB
LowFree:           47112 kB
SwapTotal:             0 kB
SwapFree:              0 kB
Dirty:                88 kB
Writeback:             0 kB
AnonPages:       1455628 kB
Mapped:            93440 kB
Shmem:              4612 kB
Slab:              34188 kB
SReclaimable:      12140 kB
SUnreclaim:        22048 kB
KernelStack:        6104 kB
PageTables:        11788 kB
NFS_Unstable:          0 kB
Bounce:                0 kB
WritebackTmp:          0 kB
CommitLimit:      949752 kB
Committed_AS:   11956468 kB
VmallocTotal:     245760 kB
VmallocUsed:       50804 kB
VmallocChunk:      75648 kB
1557682658.567652
MemTotal:        1899508 kB
MemFree:           51824 kB
Buffers:             496 kB
Cached:           117204 kB
SwapCached:            0 kB
Active:          1513812 kB
Inactive:          57824 kB
Active(anon):    1456440 kB
Inactive(anon):     4232 kB
Active(file):      57372 kB
Inactive(file):    53592 kB
Unevictable:        1940 kB
Mlocked:               0 kB
HighTotal:       1158144 kB
HighFree:           4592 kB
LowTotal:         741364 kB
LowFree:           47232 kB
SwapTotal:             0 kB
SwapFree:              0 kB
Dirty:                 0 kB
Writeback:             0 kB
AnonPages:       1456120 kB
Mapped:            93328 kB
Shmem:              4612 kB
Slab:              34188 kB
SReclaimable:      12140 kB
SUnreclaim:        22048 kB
KernelStack:        6120 kB
PageTables:        11548 kB
NFS_Unstable:          0 kB
Bounce:                0 kB
WritebackTmp:          0 kB
CommitLimit:      949752 kB
Committed_AS:   11956832 kB
VmallocTotal:     245760 kB
VmallocUsed:       51824 kB
VmallocChunk:      75648 kB
1557682659.127892
MemTotal:        1899508 kB
MemFree:           51972 kB
Buffers:             496 kB
Cached:           116764 kB
SwapCached:            0 kB
Active:          1513384 kB
Inactive:          57984 kB
Active(anon):    1456440 kB
Inactive(anon):     4232 kB
Active(file):      56944 kB
Inactive(file):    53752 kB
Unevictable:        1940 kB
Mlocked:               0 kB
HighTotal:       1158144 kB
HighFree:           4700 kB
LowTotal:         741364 kB
LowFree:           47272 kB
SwapTotal:             0 kB
SwapFree:              0 kB
Dirty:                 0 kB
Writeback:             0 kB
AnonPages:       1456004 kB
Mapped:            93188 kB
Shmem:              4612 kB
Slab:              34188 kB
SReclaimable:      12140 kB
SUnreclaim:        22048 kB
KernelStack:        6120 kB
PageTables:        11696 kB
NFS_Unstable:          0 kB
Bounce:                0 kB
WritebackTmp:          0 kB
CommitLimit:      949752 kB
Committed_AS:   11956788 kB
VmallocTotal:     245760 kB
VmallocUsed:       50804 kB
VmallocChunk:      75648 kB
1557682659.693591
MemTotal:        1899508 kB
MemFree:           52172 kB
Buffers:             496 kB
Cached:           116212 kB
SwapCached:            0 kB
Active:          1513216 kB
Inactive:          57476 kB
Active(anon):    1456440 kB
Inactive(anon):     4232 kB
Active(file):      56776 kB
Inactive(file):    53244 kB
Unevictable:        1940 kB
Mlocked:               0 kB
HighTotal:       1158144 kB
HighFree:           4948 kB
LowTotal:         741364 kB
LowFree:           47224 kB
SwapTotal:             0 kB
SwapFree:              0 kB
Dirty:                 0 kB
Writeback:             0 kB
AnonPages:       1456188 kB
Mapped:            93004 kB
Shmem:              4612 kB
Slab:              34188 kB
SReclaimable:      12140 kB
SUnreclaim:        22048 kB
KernelStack:        6120 kB
PageTables:        11696 kB
NFS_Unstable:          0 kB
Bounce:                0 kB
WritebackTmp:          0 kB
CommitLimit:      949752 kB
Committed_AS:   11956780 kB
VmallocTotal:     245760 kB
VmallocUsed:       50804 kB
VmallocChunk:      75648 kB
1557682660.257135
MemTotal:        1899508 kB
MemFree:           52236 kB
Buffers:             496 kB
Cached:           113240 kB
SwapCached:            0 kB
Active:          1515016 kB
Inactive:          55724 kB
Active(anon):    1459312 kB
Inactive(anon):     4232 kB
Active(file):      55704 kB
Inactive(file):    51492 kB
Unevictable:        1940 kB
Mlocked:               0 kB
HighTotal:       1158144 kB
HighFree:           5144 kB
LowTotal:         741364 kB
LowFree:           47092 kB
SwapTotal:             0 kB
SwapFree:              0 kB
Dirty:                 0 kB
Writeback:             0 kB
AnonPages:       1458852 kB
Mapped:            91744 kB
Shmem:              4612 kB
Slab:              34188 kB
SReclaimable:      12140 kB
SUnreclaim:        22048 kB
KernelStack:        6120 kB
PageTables:        11700 kB
NFS_Unstable:          0 kB
Bounce:                0 kB
WritebackTmp:          0 kB
CommitLimit:      949752 kB
Committed_AS:   11957312 kB
VmallocTotal:     245760 kB
VmallocUsed:       50804 kB
VmallocChunk:      75648 kB
1557682660.816513
MemTotal:        1899508 kB
MemFree:           52760 kB
Buffers:             496 kB
Cached:           113056 kB
SwapCached:            0 kB
Active:          1514860 kB
Inactive:          55748 kB
Active(anon):    1459312 kB
Inactive(anon):     4232 kB
Active(file):      55548 kB
Inactive(file):    51516 kB
Unevictable:        1940 kB
Mlocked:               0 kB
HighTotal:       1158144 kB
HighFree:           5528 kB
LowTotal:         741364 kB
LowFree:           47232 kB
SwapTotal:             0 kB
SwapFree:              0 kB
Dirty:                 0 kB
Writeback:             0 kB
AnonPages:       1459036 kB
Mapped:            91744 kB
Shmem:              4612 kB
Slab:              34188 kB
SReclaimable:      12140 kB
SUnreclaim:        22048 kB
KernelStack:        6120 kB
PageTables:        11700 kB
NFS_Unstable:          0 kB
Bounce:                0 kB
WritebackTmp:          0 kB
CommitLimit:      949752 kB
Committed_AS:   11957372 kB
VmallocTotal:     245760 kB
VmallocUsed:       50804 kB
VmallocChunk:      75648 kB
1557682661.382256
MemTotal:        1899508 kB
MemFree:           50756 kB
Buffers:             512 kB
Cached:           112784 kB
SwapCached:            0 kB
Active:          1517144 kB
Inactive:          55476 kB
Active(anon):    1461772 kB
Inactive(anon):     4208 kB
Active(file):      55372 kB
Inactive(file):    51268 kB
Unevictable:        1940 kB
Mlocked:               0 kB
HighTotal:       1158144 kB
HighFree:           3652 kB
LowTotal:         741364 kB
LowFree:           47104 kB
SwapTotal:             0 kB
SwapFree:              0 kB
Dirty:                36 kB
Writeback:             0 kB
AnonPages:       1461360 kB
Mapped:            91716 kB
Shmem:              4612 kB
Slab:              34188 kB
SReclaimable:      12140 kB
SUnreclaim:        22048 kB
KernelStack:        6120 kB
PageTables:        11680 kB
NFS_Unstable:          0 kB
Bounce:                0 kB
WritebackTmp:          0 kB
CommitLimit:      949752 kB
Committed_AS:   11957468 kB
VmallocTotal:     245760 kB
VmallocUsed:       50804 kB
VmallocChunk:      75648 kB
1557682661.946295
MemTotal:        1899508 kB
MemFree:           50756 kB
Buffers:             512 kB
Cached:           112416 kB
SwapCached:            0 kB
Active:          1517092 kB
Inactive:          55144 kB
Active(anon):    1461896 kB
Inactive(anon):     4208 kB
Active(file):      55196 kB
Inactive(file):    50936 kB
Unevictable:        1940 kB
Mlocked:               0 kB
HighTotal:       1158144 kB
HighFree:           3652 kB
LowTotal:         741364 kB
LowFree:           47104 kB
SwapTotal:             0 kB
SwapFree:              0 kB
Dirty:                36 kB
Writeback:             0 kB
AnonPages:       1461360 kB
Mapped:            91716 kB
Shmem:              4612 kB
Slab:              34188 kB
SReclaimable:      12140 kB
SUnreclaim:        22048 kB
KernelStack:        6120 kB
PageTables:        11680 kB
NFS_Unstable:          0 kB
Bounce:                0 kB
WritebackTmp:          0 kB
CommitLimit:      949752 kB
Committed_AS:   11957500 kB
VmallocTotal:     245760 kB
VmallocUsed:       50804 kB
VmallocChunk:      75648 kB
1557682662.502832
MemTotal:        1899508 kB
MemFree:           51508 kB
Buffers:             512 kB
Cached:           111704 kB
SwapCached:            0 kB
Active:          1516272 kB
Inactive:          54532 kB
Active(anon):    1461108 kB
Inactive(anon):     4208 kB
Active(file):      55164 kB
Inactive(file):    50324 kB
Unevictable:        1940 kB
Mlocked:               0 kB
HighTotal:       1158144 kB
HighFree:           4152 kB
LowTotal:         741364 kB
LowFree:           47356 kB
SwapTotal:             0 kB
SwapFree:              0 kB
Dirty:                36 kB
Writeback:             0 kB
AnonPages:       1461012 kB
Mapped:            91712 kB
Shmem:              4612 kB
Slab:              34188 kB
SReclaimable:      12140 kB
SUnreclaim:        22048 kB
KernelStack:        6120 kB
PageTables:        11692 kB
NFS_Unstable:          0 kB
Bounce:                0 kB
WritebackTmp:          0 kB
CommitLimit:      949752 kB
Committed_AS:   11953476 kB
VmallocTotal:     245760 kB
VmallocUsed:       50804 kB
VmallocChunk:      75648 kB
1557682663.067546
MemTotal:        1899508 kB
MemFree:           52520 kB
Buffers:             512 kB
Cached:           111256 kB
SwapCached:            0 kB
Active:          1516012 kB
Inactive:          54604 kB
Active(anon):    1461368 kB
Inactive(anon):     4208 kB
Active(file):      54644 kB
Inactive(file):    50396 kB
Unevictable:        1940 kB
Mlocked:               0 kB
HighTotal:       1158144 kB
HighFree:           5016 kB
LowTotal:         741364 kB
LowFree:           47504 kB
SwapTotal:             0 kB
SwapFree:              0 kB
Dirty:                 0 kB
Writeback:             8 kB
AnonPages:       1460972 kB
Mapped:            91712 kB
Shmem:              4612 kB
Slab:              34188 kB
SReclaimable:      12140 kB
SUnreclaim:        22048 kB
KernelStack:        6056 kB
PageTables:        11616 kB
NFS_Unstable:          0 kB
Bounce:                0 kB
WritebackTmp:          0 kB
CommitLimit:      949752 kB
Committed_AS:   11953480 kB
VmallocTotal:     245760 kB
VmallocUsed:       50804 kB
VmallocChunk:      75648 kB
1557682663.634055
MemTotal:        1899508 kB
MemFree:           53108 kB
Buffers:             512 kB
Cached:           110828 kB
SwapCached:            0 kB
Active:          1515444 kB
Inactive:          54748 kB
Active(anon):    1461300 kB
Inactive(anon):     4208 kB
Active(file):      54144 kB
Inactive(file):    50540 kB
Unevictable:        1940 kB
Mlocked:               0 kB
HighTotal:       1158144 kB
HighFree:           5512 kB
LowTotal:         741364 kB
LowFree:           47596 kB
SwapTotal:             0 kB
SwapFree:              0 kB
Dirty:                 0 kB
Writeback:             0 kB
AnonPages:       1461212 kB
Mapped:            91720 kB
Shmem:              4612 kB
Slab:              34188 kB
SReclaimable:      12140 kB
SUnreclaim:        22048 kB
KernelStack:        6152 kB
PageTables:        11708 kB
NFS_Unstable:          0 kB
Bounce:                0 kB
WritebackTmp:          0 kB
CommitLimit:      949752 kB
Committed_AS:   11953456 kB
VmallocTotal:     245760 kB
VmallocUsed:       50804 kB
VmallocChunk:      75648 kB
1557682664.200578
MemTotal:        1899508 kB
MemFree:           51952 kB
Buffers:             512 kB
Cached:           110344 kB
SwapCached:            0 kB
Active:          1516628 kB
Inactive:          54956 kB
Active(anon):    1463076 kB
Inactive(anon):     4208 kB
Active(file):      53552 kB
Inactive(file):    50748 kB
Unevictable:        1940 kB
Mlocked:               0 kB
HighTotal:       1158144 kB
HighFree:           4504 kB
LowTotal:         741364 kB
LowFree:           47448 kB
SwapTotal:             0 kB
SwapFree:              0 kB
Dirty:                 0 kB
Writeback:             0 kB
AnonPages:       1462912 kB
Mapped:            91724 kB
Shmem:              4612 kB
Slab:              34188 kB
SReclaimable:      12140 kB
SUnreclaim:        22048 kB
KernelStack:        6120 kB
PageTables:        11704 kB
NFS_Unstable:          0 kB
Bounce:                0 kB
WritebackTmp:          0 kB
CommitLimit:      949752 kB
Committed_AS:   11953504 kB
VmallocTotal:     245760 kB
VmallocUsed:       50804 kB
VmallocChunk:      75648 kB
1557682664.770740
MemTotal:        1899508 kB
MemFree:           52188 kB
Buffers:             512 kB
Cached:           109976 kB
SwapCached:            0 kB
Active:          1516396 kB
Inactive:          54956 kB
Active(anon):    1463324 kB
Inactive(anon):     4208 kB
Active(file):      53072 kB
Inactive(file):    50748 kB
Unevictable:        1940 kB
Mlocked:               0 kB
HighTotal:       1158144 kB
HighFree:           4716 kB
LowTotal:         741364 kB
LowFree:           47472 kB
SwapTotal:             0 kB
SwapFree:              0 kB
Dirty:                 0 kB
Writeback:             0 kB
AnonPages:       1462912 kB
Mapped:            91724 kB
Shmem:              4612 kB
Slab:              34188 kB
SReclaimable:      12140 kB
SUnreclaim:        22048 kB
KernelStack:        6120 kB
PageTables:        11852 kB
NFS_Unstable:          0 kB
Bounce:                0 kB
WritebackTmp:          0 kB
CommitLimit:      949752 kB
Committed_AS:   11954172 kB
VmallocTotal:     245760 kB
VmallocUsed:       50804 kB
VmallocChunk:      75648 kB
1557682665.335438
MemTotal:        1899508 kB
MemFree:           50768 kB
Buffers:             528 kB
Cached:           109536 kB
SwapCached:            0 kB
Active:          1518204 kB
Inactive:          55144 kB
Active(anon):    1465508 kB
Inactive(anon):     4208 kB
Active(file):      52696 kB
Inactive(file):    50936 kB
Unevictable:        1940 kB
Mlocked:               0 kB
HighTotal:       1158144 kB
HighFree:           3360 kB
LowTotal:         741364 kB
LowFree:           47408 kB
SwapTotal:             0 kB
SwapFree:              0 kB
Dirty:                40 kB
Writeback:             0 kB
AnonPages:       1465292 kB
Mapped:            91724 kB
Shmem:              4612 kB
Slab:              34188 kB
SReclaimable:      12140 kB
SUnreclaim:        22048 kB
KernelStack:        6120 kB
PageTables:        11704 kB
NFS_Unstable:          0 kB
Bounce:                0 kB
WritebackTmp:          0 kB
CommitLimit:      949752 kB
Committed_AS:   11954148 kB
VmallocTotal:     245760 kB
VmallocUsed:       50804 kB
VmallocChunk:      75648 kB
1557682665.899586
MemTotal:        1899508 kB
MemFree:           50568 kB
Buffers:             528 kB
Cached:           109168 kB
SwapCached:            0 kB
Active:          1517864 kB
Inactive:          55144 kB
Active(anon):    1465756 kB
Inactive(anon):     4208 kB
Active(file):      52108 kB
Inactive(file):    50936 kB
Unevictable:        1940 kB
Mlocked:               0 kB
HighTotal:       1158144 kB
HighFree:           3384 kB
LowTotal:         741364 kB
LowFree:           47184 kB
SwapTotal:             0 kB
SwapFree:              0 kB
Dirty:                40 kB
Writeback:             0 kB
AnonPages:       1465476 kB
Mapped:            91724 kB
Shmem:              4612 kB
Slab:              34188 kB
SReclaimable:      12140 kB
SUnreclaim:        22048 kB
KernelStack:        6120 kB
PageTables:        11704 kB
NFS_Unstable:          0 kB
Bounce:                0 kB
WritebackTmp:          0 kB
CommitLimit:      949752 kB
Committed_AS:   11954140 kB
VmallocTotal:     245760 kB
VmallocUsed:       50804 kB
VmallocChunk:      75648 kB
1557682666.465673
MemTotal:        1899508 kB
MemFree:           51012 kB
Buffers:             528 kB
Cached:           108620 kB
SwapCached:            0 kB
Active:          1517472 kB
Inactive:          55256 kB
Active(anon):    1465912 kB
Inactive(anon):     4208 kB
Active(file):      51560 kB
Inactive(file):    51048 kB
Unevictable:        1940 kB
Mlocked:               0 kB
HighTotal:       1158144 kB
HighFree:           3796 kB
LowTotal:         741364 kB
LowFree:           47216 kB
SwapTotal:             0 kB
SwapFree:              0 kB
Dirty:                40 kB
Writeback:             0 kB
AnonPages:       1465568 kB
Mapped:            91744 kB
Shmem:              4612 kB
Slab:              34188 kB
SReclaimable:      12140 kB
SUnreclaim:        22048 kB
KernelStack:        6112 kB
PageTables:        11696 kB
NFS_Unstable:          0 kB
Bounce:                0 kB
WritebackTmp:          0 kB
CommitLimit:      949752 kB
Committed_AS:   11954808 kB
VmallocTotal:     245760 kB
VmallocUsed:       50804 kB
VmallocChunk:      75648 kB
1557682667.034096
MemTotal:        1899508 kB
MemFree:           51164 kB
Buffers:             528 kB
Cached:           108148 kB
SwapCached:            0 kB
Active:          1517012 kB
Inactive:          55092 kB
Active(anon):    1465772 kB
Inactive(anon):     4208 kB
Active(file):      51240 kB
Inactive(file):    50884 kB
Unevictable:        1940 kB
Mlocked:               0 kB
HighTotal:       1158144 kB
HighFree:           4112 kB
LowTotal:         741364 kB
LowFree:           47052 kB
SwapTotal:             0 kB
SwapFree:              0 kB
Dirty:                40 kB
Writeback:             0 kB
AnonPages:       1465492 kB
Mapped:            91720 kB
Shmem:              4612 kB
Slab:              34188 kB
SReclaimable:      12140 kB
SUnreclaim:        22048 kB
KernelStack:        6040 kB
PageTables:        11776 kB
NFS_Unstable:          0 kB
Bounce:                0 kB
WritebackTmp:          0 kB
CommitLimit:      949752 kB
Committed_AS:   11954828 kB
VmallocTotal:     245760 kB
VmallocUsed:       50804 kB
VmallocChunk:      75648 kB
1557682667.603405
MemTotal:        1899508 kB
MemFree:           52804 kB
Buffers:             528 kB
Cached:           107780 kB
SwapCached:            0 kB
Active:          1515368 kB
Inactive:          54964 kB
Active(anon):    1464544 kB
Inactive(anon):     4208 kB
Active(file):      50824 kB
Inactive(file):    50756 kB
Unevictable:        1940 kB
Mlocked:               0 kB
HighTotal:       1158144 kB
HighFree:           5788 kB
LowTotal:         741364 kB
LowFree:           47016 kB
SwapTotal:             0 kB
SwapFree:              0 kB
Dirty:                40 kB
Writeback:             0 kB
AnonPages:       1464092 kB
Mapped:            91744 kB
Shmem:              4612 kB
Slab:              34188 kB
SReclaimable:      12140 kB
SUnreclaim:        22048 kB
KernelStack:        6120 kB
PageTables:        11720 kB
NFS_Unstable:          0 kB
Bounce:                0 kB
WritebackTmp:          0 kB
CommitLimit:      949752 kB
Committed_AS:   11954792 kB
VmallocTotal:     245760 kB
VmallocUsed:       50804 kB
VmallocChunk:      75648 kB
1557682668.169770
MemTotal:        1899508 kB
MemFree:           50884 kB
Buffers:             528 kB
Cached:           107188 kB
SwapCached:            0 kB
Active:          1517076 kB
Inactive:          55088 kB
Active(anon):    1466784 kB
Inactive(anon):     4208 kB
Active(file):      50292 kB
Inactive(file):    50880 kB
Unevictable:        1940 kB
Mlocked:               0 kB
HighTotal:       1158144 kB
HighFree:           3952 kB
LowTotal:         741364 kB
LowFree:           46932 kB
SwapTotal:             0 kB
SwapFree:              0 kB
Dirty:                40 kB
Writeback:             0 kB
AnonPages:       1466420 kB
Mapped:            91764 kB
Shmem:              4612 kB
Slab:              34188 kB
SReclaimable:      12140 kB
SUnreclaim:        22048 kB
KernelStack:        6120 kB
PageTables:        11704 kB
NFS_Unstable:          0 kB
Bounce:                0 kB
WritebackTmp:          0 kB
CommitLimit:      949752 kB
Committed_AS:   11954792 kB
VmallocTotal:     245760 kB
VmallocUsed:       50804 kB
VmallocChunk:      75648 kB
1557682668.740279
MemTotal:        1899508 kB
MemFree:           43872 kB
Buffers:             552 kB
Cached:           111564 kB
SwapCached:            0 kB
Active:          1519660 kB
Inactive:          59376 kB
Active(anon):    1469396 kB
Inactive(anon):     4208 kB
Active(file):      50264 kB
Inactive(file):    55168 kB
Unevictable:        1940 kB
Mlocked:               0 kB
HighTotal:       1158144 kB
HighFree:           2020 kB
LowTotal:         741364 kB
LowFree:           41852 kB
SwapTotal:             0 kB
SwapFree:              0 kB
Dirty:                40 kB
Writeback:             0 kB
AnonPages:       1469260 kB
Mapped:            97444 kB
Shmem:              4612 kB
Slab:              34188 kB
SReclaimable:      12140 kB
SUnreclaim:        22048 kB
KernelStack:        6120 kB
PageTables:        12148 kB
NFS_Unstable:          0 kB
Bounce:                0 kB
WritebackTmp:          0 kB
CommitLimit:      949752 kB
Committed_AS:   12523188 kB
VmallocTotal:     245760 kB
VmallocUsed:       51824 kB
VmallocChunk:      75648 kB
1557682669.317777
MemTotal:        1899508 kB
MemFree:           44548 kB
Buffers:             552 kB
Cached:           110880 kB
SwapCached:            0 kB
Active:          1523748 kB
Inactive:          55724 kB
Active(anon):    1470436 kB
Inactive(anon):     4208 kB
Active(file):      53312 kB
Inactive(file):    51516 kB
Unevictable:        1940 kB
Mlocked:               0 kB
HighTotal:       1158144 kB
HighFree:           2260 kB
LowTotal:         741364 kB
LowFree:           42288 kB
SwapTotal:             0 kB
SwapFree:              0 kB
Dirty:                52 kB
Writeback:             0 kB
AnonPages:       1470020 kB
Mapped:            95676 kB
Shmem:              4612 kB
Slab:              34188 kB
SReclaimable:      12140 kB
SUnreclaim:        22048 kB
KernelStack:        6104 kB
PageTables:        11748 kB
NFS_Unstable:          0 kB
Bounce:                0 kB
WritebackTmp:          0 kB
CommitLimit:      949752 kB
Committed_AS:   11961680 kB
VmallocTotal:     245760 kB
VmallocUsed:       50804 kB
VmallocChunk:      75648 kB
1557682669.883555
MemTotal:        1899508 kB
MemFree:           46144 kB
Buffers:             552 kB
Cached:           108960 kB
SwapCached:            0 kB
Active:          1523464 kB
Inactive:          54172 kB
Active(anon):    1470436 kB
Inactive(anon):     4208 kB
Active(file):      53028 kB
Inactive(file):    49964 kB
Unevictable:        1940 kB
Mlocked:               0 kB
HighTotal:       1158144 kB
HighFree:           3064 kB
LowTotal:         741364 kB
LowFree:           43080 kB
SwapTotal:             0 kB
SwapFree:              0 kB
Dirty:                52 kB
Writeback:             0 kB
AnonPages:       1470204 kB
Mapped:            95676 kB
Shmem:              4612 kB
Slab:              34188 kB
SReclaimable:      12140 kB
SUnreclaim:        22048 kB
KernelStack:        6104 kB
PageTables:        11748 kB
NFS_Unstable:          0 kB
Bounce:                0 kB
WritebackTmp:          0 kB
CommitLimit:      949752 kB
Committed_AS:   11961712 kB
VmallocTotal:     245760 kB
VmallocUsed:       50804 kB
VmallocChunk:      75648 kB
1557682670.449997
MemTotal:        1899508 kB
MemFree:           46256 kB
Buffers:             452 kB
Cached:           108456 kB
SwapCached:            0 kB
Active:          1523208 kB
Inactive:          53788 kB
Active(anon):    1470308 kB
Inactive(anon):     4208 kB
Active(file):      52900 kB
Inactive(file):    49580 kB
Unevictable:        1940 kB
Mlocked:               0 kB
HighTotal:       1158144 kB
HighFree:           3212 kB
LowTotal:         741364 kB
LowFree:           43044 kB
SwapTotal:             0 kB
SwapFree:              0 kB
Dirty:                 0 kB
Writeback:             0 kB
AnonPages:       1469972 kB
Mapped:            95660 kB
Shmem:              4612 kB
Slab:              34188 kB
SReclaimable:      12140 kB
SUnreclaim:        22048 kB
KernelStack:        6104 kB
PageTables:        11752 kB
NFS_Unstable:          0 kB
Bounce:                0 kB
WritebackTmp:          0 kB
CommitLimit:      949752 kB
Committed_AS:   11961740 kB
VmallocTotal:     245760 kB
VmallocUsed:       50804 kB
VmallocChunk:      75648 kB
1557682671.010723
MemTotal:        1899508 kB
MemFree:           46100 kB
Buffers:             452 kB
Cached:           107620 kB
SwapCached:            0 kB
Active:          1523804 kB
Inactive:          53144 kB
Active(anon):    1471092 kB
Inactive(anon):     4208 kB
Active(file):      52712 kB
Inactive(file):    48936 kB
Unevictable:        1940 kB
Mlocked:               0 kB
HighTotal:       1158144 kB
HighFree:           2644 kB
LowTotal:         741364 kB
LowFree:           43456 kB
SwapTotal:             0 kB
SwapFree:              0 kB
Dirty:                 0 kB
Writeback:             0 kB
AnonPages:       1470644 kB
Mapped:            95672 kB
Shmem:              4612 kB
Slab:              34188 kB
SReclaimable:      12140 kB
SUnreclaim:        22048 kB
KernelStack:        6056 kB
PageTables:        11852 kB
NFS_Unstable:          0 kB
Bounce:                0 kB
WritebackTmp:          0 kB
CommitLimit:      949752 kB
Committed_AS:   11962444 kB
VmallocTotal:     245760 kB
VmallocUsed:       50804 kB
VmallocChunk:      75648 kB
1557682671.576801
MemTotal:        1899508 kB
MemFree:           46916 kB
Buffers:             452 kB
Cached:           107136 kB
SwapCached:            0 kB
Active:          1523568 kB
Inactive:          52412 kB
Active(anon):    1470952 kB
Inactive(anon):     4208 kB
Active(file):      52616 kB
Inactive(file):    48204 kB
Unevictable:        1940 kB
Mlocked:               0 kB
HighTotal:       1158144 kB
HighFree:           3076 kB
LowTotal:         741364 kB
LowFree:           43840 kB
SwapTotal:             0 kB
SwapFree:              0 kB
Dirty:                 0 kB
Writeback:             0 kB
AnonPages:       1470452 kB
Mapped:            95684 kB
Shmem:              4612 kB
Slab:              34188 kB
SReclaimable:      12140 kB
SUnreclaim:        22048 kB
KernelStack:        6104 kB
PageTables:        11748 kB
NFS_Unstable:          0 kB
Bounce:                0 kB
WritebackTmp:          0 kB
CommitLimit:      949752 kB
Committed_AS:   11962412 kB
VmallocTotal:     245760 kB
VmallocUsed:       50804 kB
VmallocChunk:      75648 kB
1557682672.134698
MemTotal:        1899508 kB
MemFree:           46060 kB
Buffers:             452 kB
Cached:           106412 kB
SwapCached:            0 kB
Active:          1525220 kB
Inactive:          51788 kB
Active(anon):    1472488 kB
Inactive(anon):     4208 kB
Active(file):      52732 kB
Inactive(file):    47580 kB
Unevictable:        1940 kB
Mlocked:               0 kB
HighTotal:       1158144 kB
HighFree:           2080 kB
LowTotal:         741364 kB
LowFree:           43980 kB
SwapTotal:             0 kB
SwapFree:              0 kB
Dirty:                 0 kB
Writeback:             0 kB
AnonPages:       1472252 kB
Mapped:            95656 kB
Shmem:              4612 kB
Slab:              34188 kB
SReclaimable:      12140 kB
SUnreclaim:        22048 kB
KernelStack:        6120 kB
PageTables:        11764 kB
NFS_Unstable:          0 kB
Bounce:                0 kB
WritebackTmp:          0 kB
CommitLimit:      949752 kB
Committed_AS:   11962428 kB
VmallocTotal:     245760 kB
VmallocUsed:       50804 kB
VmallocChunk:      75648 kB
1557682672.704090
MemTotal:        1899508 kB
MemFree:           46316 kB
Buffers:             452 kB
Cached:           105896 kB
SwapCached:            0 kB
Active:          1525424 kB
Inactive:          51420 kB
Active(anon):    1472860 kB
Inactive(anon):     4208 kB
Active(file):      52564 kB
Inactive(file):    47212 kB
Unevictable:        1940 kB
Mlocked:               0 kB
HighTotal:       1158144 kB
HighFree:           2096 kB
LowTotal:         741364 kB
LowFree:           44220 kB
SwapTotal:             0 kB
SwapFree:              0 kB
Dirty:                 0 kB
Writeback:             0 kB
AnonPages:       1472620 kB
Mapped:            95656 kB
Shmem:              4612 kB
Slab:              34188 kB
SReclaimable:      12140 kB
SUnreclaim:        22048 kB
KernelStack:        6120 kB
PageTables:        11764 kB
NFS_Unstable:          0 kB
Bounce:                0 kB
WritebackTmp:          0 kB
CommitLimit:      949752 kB
Committed_AS:   11963056 kB
VmallocTotal:     245760 kB
VmallocUsed:       50804 kB
VmallocChunk:      75648 kB
1557682673.264854
MemTotal:        1899508 kB
MemFree:           45420 kB
Buffers:             456 kB
Cached:           105452 kB
SwapCached:            0 kB
Active:          1526988 kB
Inactive:          51144 kB
Active(anon):    1474528 kB
Inactive(anon):     4208 kB
Active(file):      52460 kB
Inactive(file):    46936 kB
Unevictable:        1940 kB
Mlocked:               0 kB
HighTotal:       1158144 kB
HighFree:           2292 kB
LowTotal:         741364 kB
LowFree:           43128 kB
SwapTotal:             0 kB
SwapFree:              0 kB
Dirty:                 0 kB
Writeback:             0 kB
AnonPages:       1474460 kB
Mapped:            95700 kB
Shmem:              4612 kB
Slab:              34188 kB
SReclaimable:      12140 kB
SUnreclaim:        22048 kB
KernelStack:        6104 kB
PageTables:        11756 kB
NFS_Unstable:          0 kB
Bounce:                0 kB
WritebackTmp:          0 kB
CommitLimit:      949752 kB
Committed_AS:   11965164 kB
VmallocTotal:     245760 kB
VmallocUsed:       50804 kB
VmallocChunk:      75648 kB
1557682673.835355
MemTotal:        1899508 kB
MemFree:           46068 kB
Buffers:             456 kB
Cached:           104640 kB
SwapCached:            0 kB
Active:          1526596 kB
Inactive:          50632 kB
Active(anon):    1474404 kB
Inactive(anon):     4208 kB
Active(file):      52192 kB
Inactive(file):    46424 kB
Unevictable:        1940 kB
Mlocked:               0 kB
HighTotal:       1158144 kB
HighFree:           2508 kB
LowTotal:         741364 kB
LowFree:           43560 kB
SwapTotal:             0 kB
SwapFree:              0 kB
Dirty:                 0 kB
Writeback:             0 kB
AnonPages:       1474276 kB
Mapped:            95552 kB
Shmem:              4612 kB
Slab:              34188 kB
SReclaimable:      12140 kB
SUnreclaim:        22048 kB
KernelStack:        6104 kB
PageTables:        11904 kB
NFS_Unstable:          0 kB
Bounce:                0 kB
WritebackTmp:          0 kB
CommitLimit:      949752 kB
Committed_AS:   11965176 kB
VmallocTotal:     245760 kB
VmallocUsed:       50804 kB
VmallocChunk:      75648 kB
1557682674.400251
MemTotal:        1899508 kB
MemFree:           46732 kB
Buffers:             464 kB
Cached:           104264 kB
SwapCached:            0 kB
Active:          1528192 kB
Inactive:          48460 kB
Active(anon):    1474596 kB
Inactive(anon):     4208 kB
Active(file):      53596 kB
Inactive(file):    44252 kB
Unevictable:        1940 kB
Mlocked:               0 kB
HighTotal:       1158144 kB
HighFree:           2156 kB
LowTotal:         741364 kB
LowFree:           44576 kB
SwapTotal:             0 kB
SwapFree:              0 kB
Dirty:                 0 kB
Writeback:             0 kB
AnonPages:       1474412 kB
Mapped:            90432 kB
Shmem:              4612 kB
Slab:              34188 kB
SReclaimable:      12140 kB
SUnreclaim:        22048 kB
KernelStack:        6120 kB
PageTables:        11772 kB
NFS_Unstable:          0 kB
Bounce:                0 kB
WritebackTmp:          0 kB
CommitLimit:      949752 kB
Committed_AS:   11965104 kB
VmallocTotal:     245760 kB
VmallocUsed:       50804 kB
VmallocChunk:      75648 kB
1557682674.966657
MemTotal:        1899508 kB
MemFree:           47124 kB
Buffers:             464 kB
Cached:           103452 kB
SwapCached:            0 kB
Active:          1527828 kB
Inactive:          48556 kB
Active(anon):    1474596 kB
Inactive(anon):     4208 kB
Active(file):      53232 kB
Inactive(file):    44348 kB
Unevictable:        1940 kB
Mlocked:               0 kB
HighTotal:       1158144 kB
HighFree:           2192 kB
LowTotal:         741364 kB
LowFree:           44932 kB
SwapTotal:             0 kB
SwapFree:              0 kB
Dirty:                 0 kB
Writeback:             0 kB
AnonPages:       1474228 kB
Mapped:            90432 kB
Shmem:              4612 kB
Slab:              34188 kB
SReclaimable:      12140 kB
SUnreclaim:        22048 kB
KernelStack:        6120 kB
PageTables:        11920 kB
NFS_Unstable:          0 kB
Bounce:                0 kB
WritebackTmp:          0 kB
CommitLimit:      949752 kB
Committed_AS:   11961000 kB
VmallocTotal:     245760 kB
VmallocUsed:       50804 kB
VmallocChunk:      75648 kB
1557682675.538762
MemTotal:        1899508 kB
MemFree:           47760 kB
Buffers:             464 kB
Cached:           102948 kB
SwapCached:            0 kB
Active:          1527036 kB
Inactive:          48540 kB
Active(anon):    1474536 kB
Inactive(anon):     4208 kB
Active(file):      52500 kB
Inactive(file):    44332 kB
Unevictable:        1940 kB
Mlocked:               0 kB
HighTotal:       1158144 kB
HighFree:           2352 kB
LowTotal:         741364 kB
LowFree:           45408 kB
SwapTotal:             0 kB
SwapFree:              0 kB
Dirty:                32 kB
Writeback:             0 kB
