MemTotal:         482068 kB
MemFree:            4200 kB
Buffers:             844 kB
Cached:            92352 kB
SwapCached:            0 kB
Active:           358556 kB
Inactive:          46744 kB
Active(anon):     312976 kB
Inactive(anon):      876 kB
Active(file):      45580 kB
Inactive(file):    45868 kB
Unevictable:        1256 kB
Mlocked:               0 kB
HighTotal:             0 kB
HighFree:              0 kB
LowTotal:         482068 kB
LowFree:            4200 kB
SwapTotal:             0 kB
SwapFree:              0 kB
Dirty:                 0 kB
Writeback:             0 kB
AnonPages:        313564 kB
Mapped:            65576 kB
Shmem:               344 kB
Slab:              18296 kB
SReclaimable:       4752 kB
SUnreclaim:        13544 kB
KernelStack:        4928 kB
PageTables:         6644 kB
NFS_Unstable:          0 kB
Bounce:                0 kB
WritebackTmp:          0 kB
CommitLimit:      241032 kB
Committed_AS:    3834652 kB
VmallocTotal:     507904 kB
VmallocUsed:      112420 kB
VmallocChunk:     112576 kB
1557576850.000000
MemTotal:         482068 kB
MemFree:            3804 kB
Buffers:             652 kB
Cached:            90348 kB
SwapCached:            0 kB
Active:           363064 kB
Inactive:          45804 kB
Active(anon):     318576 kB
Inactive(anon):      876 kB
Active(file):      44488 kB
Inactive(file):    44928 kB
Unevictable:        1256 kB
Mlocked:               0 kB
HighTotal:             0 kB
HighFree:              0 kB
LowTotal:         482068 kB
LowFree:            3804 kB
SwapTotal:             0 kB
SwapFree:              0 kB
Dirty:                28 kB
Writeback:             0 kB
AnonPages:        319172 kB
Mapped:            68540 kB
Shmem:               344 kB
Slab:              18252 kB
SReclaimable:       4752 kB
SUnreclaim:        13500 kB
KernelStack:        5024 kB
PageTables:         6776 kB
NFS_Unstable:          0 kB
Bounce:                0 kB
WritebackTmp:          0 kB
CommitLimit:      241032 kB
Committed_AS:    3841360 kB
VmallocTotal:     507904 kB
VmallocUsed:      109220 kB
VmallocChunk:     112576 kB
1557576851.000000
MemTotal:         482068 kB
MemFree:            4412 kB
Buffers:             632 kB
Cached:            82776 kB
SwapCached:            0 kB
Active:           365648 kB
Inactive:          41788 kB
Active(anon):     324876 kB
Inactive(anon):      872 kB
Active(file):      40772 kB
Inactive(file):    40916 kB
Unevictable:        1256 kB
Mlocked:               0 kB
HighTotal:             0 kB
HighFree:              0 kB
LowTotal:         482068 kB
LowFree:            4412 kB
SwapTotal:             0 kB
SwapFree:              0 kB
Dirty:                92 kB
Writeback:             4 kB
AnonPages:        325548 kB
Mapped:            68984 kB
Shmem:               340 kB
Slab:              18288 kB
SReclaimable:       4752 kB
SUnreclaim:        13536 kB
KernelStack:        5072 kB
PageTables:         6836 kB
NFS_Unstable:          0 kB
Bounce:                0 kB
WritebackTmp:          0 kB
CommitLimit:      241032 kB
Committed_AS:    3848756 kB
VmallocTotal:     507904 kB
VmallocUsed:      109400 kB
VmallocChunk:     112576 kB
1557576852.000000
MemTotal:         482068 kB
MemFree:            4168 kB
Buffers:             508 kB
Cached:            70492 kB
SwapCached:            0 kB
Active:           367432 kB
Inactive:          35596 kB
Active(anon):     332812 kB
Inactive(anon):      876 kB
Active(file):      34620 kB
Inactive(file):    34720 kB
Unevictable:        1256 kB
Mlocked:               0 kB
HighTotal:             0 kB
HighFree:              0 kB
LowTotal:         482068 kB
LowFree:            4168 kB
SwapTotal:             0 kB
SwapFree:              0 kB
Dirty:                 0 kB
Writeback:            24 kB
AnonPages:        333324 kB
Mapped:            68876 kB
Shmem:               344 kB
Slab:              18284 kB
SReclaimable:       4752 kB
SUnreclaim:        13532 kB
KernelStack:        5192 kB
PageTables:         6928 kB
NFS_Unstable:          0 kB
Bounce:                0 kB
WritebackTmp:          0 kB
CommitLimit:      241032 kB
Committed_AS:    3857868 kB
VmallocTotal:     507904 kB
VmallocUsed:      109416 kB
VmallocChunk:     112576 kB
1557576853.000000
MemTotal:         482068 kB
MemFree:            3720 kB
Buffers:             300 kB
Cached:            68296 kB
SwapCached:            0 kB
Active:           370100 kB
Inactive:          34616 kB
Active(anon):     336940 kB
Inactive(anon):      876 kB
Active(file):      33160 kB
Inactive(file):    33740 kB
Unevictable:        1256 kB
Mlocked:               0 kB
HighTotal:             0 kB
HighFree:              0 kB
LowTotal:         482068 kB
LowFree:            3720 kB
SwapTotal:             0 kB
SwapFree:              0 kB
Dirty:                36 kB
Writeback:             0 kB
AnonPages:        337484 kB
Mapped:            69448 kB
Shmem:               344 kB
Slab:              18288 kB
SReclaimable:       4756 kB
SUnreclaim:        13532 kB
KernelStack:        5240 kB
PageTables:         6872 kB
NFS_Unstable:          0 kB
Bounce:                0 kB
WritebackTmp:          0 kB
CommitLimit:      241032 kB
Committed_AS:    3862200 kB
VmallocTotal:     507904 kB
VmallocUsed:      109416 kB
VmallocChunk:     112576 kB
1557576854.000000
MemTotal:         482068 kB
MemFree:            4168 kB
Buffers:             264 kB
Cached:            67948 kB
SwapCached:            0 kB
Active:           372652 kB
Inactive:          34420 kB
Active(anon):     339748 kB
Inactive(anon):      876 kB
Active(file):      32904 kB
Inactive(file):    33544 kB
Unevictable:        1256 kB
Mlocked:               0 kB
HighTotal:             0 kB
HighFree:              0 kB
LowTotal:         482068 kB
LowFree:            4168 kB
SwapTotal:             0 kB
SwapFree:              0 kB
Dirty:                84 kB
Writeback:             0 kB
AnonPages:        340268 kB
Mapped:            64420 kB
Shmem:               344 kB
Slab:              18272 kB
SReclaimable:       4752 kB
SUnreclaim:        13520 kB
KernelStack:        5232 kB
PageTables:         6880 kB
NFS_Unstable:          0 kB
Bounce:                0 kB
WritebackTmp:          0 kB
CommitLimit:      241032 kB
Committed_AS:    3865884 kB
VmallocTotal:     507904 kB
VmallocUsed:      109416 kB
VmallocChunk:     112576 kB
1557576855.000000
MemTotal:         482068 kB
MemFree:            4020 kB
Buffers:             164 kB
Cached:            65340 kB
SwapCached:            0 kB
Active:           374444 kB
Inactive:          32980 kB
Active(anon):     342640 kB
Inactive(anon):      876 kB
Active(file):      31804 kB
Inactive(file):    32104 kB
Unevictable:        1256 kB
Mlocked:               0 kB
HighTotal:             0 kB
HighFree:              0 kB
LowTotal:         482068 kB
LowFree:            4020 kB
SwapTotal:             0 kB
SwapFree:              0 kB
Dirty:                84 kB
Writeback:             0 kB
AnonPages:        343216 kB
Mapped:            58608 kB
Shmem:               344 kB
Slab:              18268 kB
SReclaimable:       4756 kB
SUnreclaim:        13512 kB
KernelStack:        5288 kB
PageTables:         6888 kB
NFS_Unstable:          0 kB
Bounce:                0 kB
WritebackTmp:          0 kB
CommitLimit:      241032 kB
Committed_AS:    3868840 kB
VmallocTotal:     507904 kB
VmallocUsed:      110176 kB
VmallocChunk:     112576 kB
1557576855.000000
MemTotal:         482068 kB
MemFree:            3740 kB
Buffers:             416 kB
Cached:            60268 kB
SwapCached:            0 kB
Active:           375748 kB
Inactive:          30456 kB
Active(anon):     346280 kB
Inactive(anon):      884 kB
Active(file):      29468 kB
Inactive(file):    29572 kB
Unevictable:        1256 kB
Mlocked:               0 kB
HighTotal:             0 kB
HighFree:              0 kB
LowTotal:         482068 kB
LowFree:            3740 kB
SwapTotal:             0 kB
SwapFree:              0 kB
Dirty:                 0 kB
Writeback:             0 kB
AnonPages:        346756 kB
Mapped:            58060 kB
Shmem:               352 kB
Slab:              18368 kB
SReclaimable:       4804 kB
SUnreclaim:        13564 kB
KernelStack:        5320 kB
PageTables:         6988 kB
NFS_Unstable:          0 kB
Bounce:                0 kB
WritebackTmp:          0 kB
CommitLimit:      241032 kB
Committed_AS:    3872492 kB
VmallocTotal:     507904 kB
VmallocUsed:      111792 kB
VmallocChunk:     112576 kB
1557576856.000000
MemTotal:         482068 kB
MemFree:            3784 kB
Buffers:             596 kB
Cached:            53276 kB
SwapCached:            0 kB
Active:           379244 kB
Inactive:          27184 kB
Active(anon):     353352 kB
Inactive(anon):      884 kB
Active(file):      25892 kB
Inactive(file):    26300 kB
Unevictable:        1256 kB
Mlocked:               0 kB
HighTotal:             0 kB
HighFree:              0 kB
LowTotal:         482068 kB
LowFree:            3784 kB
SwapTotal:             0 kB
SwapFree:              0 kB
Dirty:                64 kB
Writeback:             0 kB
AnonPages:        353880 kB
Mapped:            53644 kB
Shmem:               352 kB
Slab:              18312 kB
SReclaimable:       4700 kB
SUnreclaim:        13612 kB
KernelStack:        5408 kB
PageTables:         6948 kB
NFS_Unstable:          0 kB
Bounce:                0 kB
WritebackTmp:          0 kB
CommitLimit:      241032 kB
Committed_AS:    3882868 kB
VmallocTotal:     507904 kB
VmallocUsed:      111800 kB
VmallocChunk:     112576 kB
1557576857.000000
MemTotal:         482068 kB
MemFree:           16808 kB
Buffers:             180 kB
Cached:            43708 kB
SwapCached:            0 kB
Active:           370744 kB
Inactive:          20208 kB
Active(anon):     347880 kB
Inactive(anon):      892 kB
Active(file):      22864 kB
Inactive(file):    19316 kB
Unevictable:        1256 kB
Mlocked:               0 kB
HighTotal:             0 kB
HighFree:              0 kB
LowTotal:         482068 kB
LowFree:           16808 kB
SwapTotal:             0 kB
SwapFree:              0 kB
Dirty:                40 kB
Writeback:             0 kB
AnonPages:        348452 kB
Mapped:            49440 kB
Shmem:               360 kB
Slab:              18312 kB
SReclaimable:       4684 kB
SUnreclaim:        13628 kB
KernelStack:        5416 kB
PageTables:         6608 kB
NFS_Unstable:          0 kB
Bounce:                0 kB
WritebackTmp:          0 kB
CommitLimit:      241032 kB
Committed_AS:    3730620 kB
VmallocTotal:     507904 kB
VmallocUsed:      111252 kB
VmallocChunk:     112576 kB
1557576858.000000
MemTotal:         482068 kB
MemFree:           11020 kB
Buffers:             180 kB
Cached:            46824 kB
SwapCached:            0 kB
Active:           373500 kB
Inactive:          23224 kB
Active(anon):     350480 kB
Inactive(anon):      892 kB
Active(file):      23020 kB
Inactive(file):    22332 kB
Unevictable:        1256 kB
Mlocked:               0 kB
HighTotal:             0 kB
HighFree:              0 kB
LowTotal:         482068 kB
LowFree:           11020 kB
SwapTotal:             0 kB
SwapFree:              0 kB
Dirty:                40 kB
Writeback:             0 kB
AnonPages:        351036 kB
Mapped:            49972 kB
Shmem:               360 kB
Slab:              18312 kB
SReclaimable:       4684 kB
SUnreclaim:        13628 kB
KernelStack:        5312 kB
PageTables:         6684 kB
NFS_Unstable:          0 kB
Bounce:                0 kB
WritebackTmp:          0 kB
CommitLimit:      241032 kB
Committed_AS:    3733080 kB
VmallocTotal:     507904 kB
VmallocUsed:      111252 kB
VmallocChunk:     112576 kB
1557576859.000000
MemTotal:         482068 kB
MemFree:            3896 kB
Buffers:             188 kB
Cached:            51988 kB
SwapCached:            0 kB
Active:           376648 kB
Inactive:          26964 kB
Active(anon):     352196 kB
Inactive(anon):      892 kB
Active(file):      24452 kB
Inactive(file):    26072 kB
Unevictable:        1256 kB
Mlocked:               0 kB
HighTotal:             0 kB
HighFree:              0 kB
LowTotal:         482068 kB
LowFree:            3896 kB
SwapTotal:             0 kB
SwapFree:              0 kB
Dirty:                32 kB
Writeback:             0 kB
AnonPages:        352752 kB
Mapped:            51528 kB
Shmem:               360 kB
Slab:              18284 kB
SReclaimable:       4676 kB
SUnreclaim:        13608 kB
KernelStack:        5256 kB
PageTables:         6724 kB
NFS_Unstable:          0 kB
Bounce:                0 kB
WritebackTmp:          0 kB
CommitLimit:      241032 kB
Committed_AS:    3734604 kB
VmallocTotal:     507904 kB
VmallocUsed:      111252 kB
VmallocChunk:     112576 kB
1557576860.000000
MemTotal:         482068 kB
MemFree:            3656 kB
Buffers:             172 kB
Cached:            48928 kB
SwapCached:            0 kB
Active:           379252 kB
Inactive:          24680 kB
Active(anon):     355600 kB
Inactive(anon):      892 kB
Active(file):      23652 kB
Inactive(file):    23788 kB
Unevictable:        1256 kB
Mlocked:               0 kB
HighTotal:             0 kB
HighFree:              0 kB
LowTotal:         482068 kB
LowFree:            3656 kB
SwapTotal:             0 kB
SwapFree:              0 kB
Dirty:                72 kB
Writeback:             0 kB
AnonPages:        356172 kB
Mapped:            49740 kB
Shmem:               360 kB
Slab:              18284 kB
SReclaimable:       4672 kB
SUnreclaim:        13612 kB
KernelStack:        5312 kB
PageTables:         6660 kB
NFS_Unstable:          0 kB
Bounce:                0 kB
WritebackTmp:          0 kB
CommitLimit:      241032 kB
Committed_AS:    3737704 kB
VmallocTotal:     507904 kB
VmallocUsed:      111260 kB
VmallocChunk:     112576 kB
1557576861.000000
MemTotal:         482068 kB
MemFree:            7644 kB
Buffers:             364 kB
Cached:            46836 kB
SwapCached:            0 kB
Active:           374684 kB
Inactive:          25028 kB
Active(anon):     353380 kB
Inactive(anon):      892 kB
Active(file):      21304 kB
Inactive(file):    24136 kB
Unevictable:        1256 kB
Mlocked:               0 kB
HighTotal:             0 kB
HighFree:              0 kB
LowTotal:         482068 kB
LowFree:            7644 kB
SwapTotal:             0 kB
SwapFree:              0 kB
Dirty:               616 kB
Writeback:             0 kB
AnonPages:        353992 kB
Mapped:            50136 kB
Shmem:               360 kB
Slab:              18312 kB
SReclaimable:       4676 kB
SUnreclaim:        13636 kB
KernelStack:        5432 kB
PageTables:         6676 kB
NFS_Unstable:          0 kB
Bounce:                0 kB
WritebackTmp:          0 kB
CommitLimit:      241032 kB
Committed_AS:    3833740 kB
VmallocTotal:     507904 kB
VmallocUsed:      113296 kB
VmallocChunk:     112576 kB
1557576862.000000
MemTotal:         482068 kB
MemFree:            3716 kB
Buffers:             292 kB
Cached:            43068 kB
SwapCached:            0 kB
Active:           377172 kB
Inactive:          23132 kB
Active(anon):     358024 kB
Inactive(anon):     3544 kB
Active(file):      19148 kB
Inactive(file):    19588 kB
Unevictable:        1444 kB
Mlocked:            2848 kB
HighTotal:             0 kB
HighFree:              0 kB
LowTotal:         482068 kB
LowFree:            3716 kB
SwapTotal:             0 kB
SwapFree:              0 kB
Dirty:               560 kB
Writeback:            32 kB
AnonPages:        358664 kB
Mapped:            51016 kB
Shmem:              3208 kB
Slab:              18160 kB
SReclaimable:       4624 kB
SUnreclaim:        13536 kB
KernelStack:        5440 kB
PageTables:         6672 kB
NFS_Unstable:          0 kB
Bounce:                0 kB
WritebackTmp:          0 kB
CommitLimit:      241032 kB
Committed_AS:    3791060 kB
VmallocTotal:     507904 kB
VmallocUsed:      114696 kB
VmallocChunk:     112576 kB
1557576864.000000
MemTotal:         482068 kB
MemFree:            3728 kB
Buffers:             352 kB
Cached:            43096 kB
SwapCached:            0 kB
Active:           376544 kB
Inactive:          22900 kB
Active(anon):     357480 kB
Inactive(anon):     3188 kB
Active(file):      19064 kB
Inactive(file):    19712 kB
Unevictable:        1716 kB
Mlocked:            3768 kB
HighTotal:             0 kB
HighFree:              0 kB
LowTotal:         482068 kB
LowFree:            3728 kB
SwapTotal:             0 kB
SwapFree:              0 kB
Dirty:                12 kB
Writeback:             0 kB
AnonPages:        357860 kB
Mapped:            48248 kB
Shmem:              3292 kB
Slab:              18224 kB
SReclaimable:       4600 kB
SUnreclaim:        13624 kB
KernelStack:        5456 kB
PageTables:         6820 kB
NFS_Unstable:          0 kB
Bounce:                0 kB
WritebackTmp:          0 kB
CommitLimit:      241032 kB
Committed_AS:    3896592 kB
VmallocTotal:     507904 kB
VmallocUsed:      116740 kB
VmallocChunk:     112576 kB
1557576865.000000
MemTotal:         482068 kB
MemFree:            3652 kB
Buffers:             584 kB
Cached:            51352 kB
SwapCached:            0 kB
Active:           370120 kB
Inactive:          29744 kB
Active(anon):     349444 kB
Inactive(anon):     3136 kB
Active(file):      20676 kB
Inactive(file):    26608 kB
Unevictable:        1772 kB
Mlocked:            3816 kB
HighTotal:             0 kB
HighFree:              0 kB
LowTotal:         482068 kB
LowFree:            3652 kB
SwapTotal:             0 kB
SwapFree:              0 kB
Dirty:                 8 kB
Writeback:             0 kB
AnonPages:        349736 kB
Mapped:            52916 kB
Shmem:              3296 kB
Slab:              18188 kB
SReclaimable:       4596 kB
SUnreclaim:        13592 kB
KernelStack:        5440 kB
PageTables:         6624 kB
NFS_Unstable:          0 kB
Bounce:                0 kB
WritebackTmp:          0 kB
CommitLimit:      241032 kB
Committed_AS:    3783952 kB
VmallocTotal:     507904 kB
VmallocUsed:      114696 kB
VmallocChunk:     112576 kB
1557576867.000000
MemTotal:         482068 kB
MemFree:            3520 kB
Buffers:             824 kB
Cached:            47608 kB
SwapCached:            0 kB
Active:           374488 kB
Inactive:          24968 kB
Active(anon):     352480 kB
Inactive(anon):     3144 kB
Active(file):      22008 kB
Inactive(file):    21824 kB
Unevictable:        1772 kB
Mlocked:            3816 kB
HighTotal:             0 kB
HighFree:              0 kB
LowTotal:         482068 kB
LowFree:            3520 kB
SwapTotal:             0 kB
SwapFree:              0 kB
Dirty:                88 kB
Writeback:             0 kB
AnonPages:        352920 kB
Mapped:            53168 kB
Shmem:              3320 kB
Slab:              18232 kB
SReclaimable:       4596 kB
SUnreclaim:        13636 kB
KernelStack:        5408 kB
PageTables:         6620 kB
NFS_Unstable:          0 kB
Bounce:                0 kB
WritebackTmp:          0 kB
CommitLimit:      241032 kB
Committed_AS:    3786800 kB
VmallocTotal:     507904 kB
VmallocUsed:      114696 kB
VmallocChunk:     112576 kB
1557576868.000000
MemTotal:         482068 kB
MemFree:            6740 kB
Buffers:             292 kB
Cached:            46468 kB
SwapCached:            0 kB
Active:           372256 kB
Inactive:          24412 kB
Active(anon):     351504 kB
Inactive(anon):     3148 kB
Active(file):      20752 kB
Inactive(file):    21264 kB
Unevictable:        1772 kB
Mlocked:            3816 kB
HighTotal:             0 kB
HighFree:              0 kB
LowTotal:         482068 kB
LowFree:            6740 kB
SwapTotal:             0 kB
SwapFree:              0 kB
Dirty:               164 kB
Writeback:             0 kB
AnonPages:        351880 kB
Mapped:            51068 kB
Shmem:              3336 kB
Slab:              18268 kB
SReclaimable:       4596 kB
SUnreclaim:        13672 kB
KernelStack:        5312 kB
PageTables:         6400 kB
NFS_Unstable:          0 kB
Bounce:                0 kB
WritebackTmp:          0 kB
CommitLimit:      241032 kB
Committed_AS:    3673084 kB
VmallocTotal:     507904 kB
VmallocUsed:      114696 kB
VmallocChunk:     112576 kB
1557576869.000000
MemTotal:         482068 kB
MemFree:            4284 kB
Buffers:             652 kB
Cached:            45140 kB
SwapCached:            0 kB
Active:           375564 kB
Inactive:          23752 kB
Active(anon):     354944 kB
Inactive(anon):     3144 kB
Active(file):      20620 kB
Inactive(file):    20608 kB
Unevictable:        1772 kB
Mlocked:            3816 kB
HighTotal:             0 kB
HighFree:              0 kB
LowTotal:         482068 kB
LowFree:            4284 kB
SwapTotal:             0 kB
SwapFree:              0 kB
Dirty:                 0 kB
Writeback:             0 kB
AnonPages:        355324 kB
Mapped:            49948 kB
Shmem:              3348 kB
Slab:              18216 kB
SReclaimable:       4596 kB
SUnreclaim:        13620 kB
KernelStack:        5320 kB
PageTables:         6464 kB
NFS_Unstable:          0 kB
Bounce:                0 kB
WritebackTmp:          0 kB
CommitLimit:      241032 kB
Committed_AS:    3674884 kB
VmallocTotal:     507904 kB
VmallocUsed:      112652 kB
VmallocChunk:     112576 kB
1557576871.000000
MemTotal:         482068 kB
MemFree:            3912 kB
Buffers:             608 kB
Cached:            46812 kB
SwapCached:            0 kB
Active:           374064 kB
Inactive:          25312 kB
Active(anon):     353508 kB
Inactive(anon):     3152 kB
Active(file):      20556 kB
Inactive(file):    22160 kB
Unevictable:        1772 kB
Mlocked:            3816 kB
HighTotal:             0 kB
HighFree:              0 kB
LowTotal:         482068 kB
LowFree:            3912 kB
SwapTotal:             0 kB
SwapFree:              0 kB
Dirty:                84 kB
Writeback:             4 kB
AnonPages:        353880 kB
Mapped:            50424 kB
Shmem:              3360 kB
Slab:              18248 kB
SReclaimable:       4596 kB
SUnreclaim:        13652 kB
KernelStack:        5312 kB
PageTables:         6420 kB
NFS_Unstable:          0 kB
Bounce:                0 kB
WritebackTmp:          0 kB
CommitLimit:      241032 kB
Committed_AS:    3675792 kB
VmallocTotal:     507904 kB
VmallocUsed:      112652 kB
VmallocChunk:     112576 kB
1557576872.000000
MemTotal:         482068 kB
MemFree:            3656 kB
Buffers:             352 kB
Cached:            44736 kB
SwapCached:            0 kB
Active:           376384 kB
Inactive:          23840 kB
Active(anon):     356636 kB
Inactive(anon):     3144 kB
Active(file):      19748 kB
Inactive(file):    20696 kB
Unevictable:        1772 kB
Mlocked:            3816 kB
HighTotal:             0 kB
HighFree:              0 kB
LowTotal:         482068 kB
LowFree:            3656 kB
SwapTotal:             0 kB
SwapFree:              0 kB
Dirty:               112 kB
Writeback:             0 kB
AnonPages:        356992 kB
Mapped:            49492 kB
Shmem:              3364 kB
Slab:              18268 kB
SReclaimable:       4592 kB
SUnreclaim:        13676 kB
KernelStack:        5312 kB
PageTables:         6436 kB
NFS_Unstable:          0 kB
Bounce:                0 kB
WritebackTmp:          0 kB
CommitLimit:      241032 kB
Committed_AS:    3676480 kB
VmallocTotal:     507904 kB
VmallocUsed:      112660 kB
VmallocChunk:     112576 kB
1557576873.000000
MemTotal:         482068 kB
MemFree:            3540 kB
Buffers:             388 kB
Cached:            44796 kB
SwapCached:            0 kB
Active:           376688 kB
Inactive:          23560 kB
Active(anon):     356572 kB
Inactive(anon):     3148 kB
Active(file):      20116 kB
Inactive(file):    20412 kB
Unevictable:        1772 kB
Mlocked:            3816 kB
HighTotal:             0 kB
HighFree:              0 kB
LowTotal:         482068 kB
LowFree:            3540 kB
SwapTotal:             0 kB
SwapFree:              0 kB
Dirty:               104 kB
Writeback:             0 kB
AnonPages:        356828 kB
Mapped:            49052 kB
Shmem:              3356 kB
Slab:              18272 kB
SReclaimable:       4592 kB
SUnreclaim:        13680 kB
KernelStack:        5312 kB
PageTables:         6432 kB
NFS_Unstable:          0 kB
Bounce:                0 kB
WritebackTmp:          0 kB
CommitLimit:      241032 kB
Committed_AS:    3675304 kB
VmallocTotal:     507904 kB
VmallocUsed:      112652 kB
VmallocChunk:     112576 kB
1557576875.000000
MemTotal:         482068 kB
MemFree:            4144 kB
Buffers:             364 kB
Cached:            42772 kB
SwapCached:            0 kB
Active:           377104 kB
Inactive:          22272 kB
Active(anon):     357712 kB
Inactive(anon):     3140 kB
Active(file):      19392 kB
Inactive(file):    19132 kB
Unevictable:        1772 kB
Mlocked:            3816 kB
HighTotal:             0 kB
HighFree:              0 kB
LowTotal:         482068 kB
LowFree:            4144 kB
SwapTotal:             0 kB
SwapFree:              0 kB
Dirty:                80 kB
Writeback:             0 kB
AnonPages:        357968 kB
Mapped:            49312 kB
Shmem:              3352 kB
Slab:              18276 kB
SReclaimable:       4592 kB
SUnreclaim:        13684 kB
KernelStack:        5320 kB
PageTables:         6520 kB
NFS_Unstable:          0 kB
Bounce:                0 kB
WritebackTmp:          0 kB
CommitLimit:      241032 kB
Committed_AS:    3675552 kB
VmallocTotal:     507904 kB
VmallocUsed:      112652 kB
VmallocChunk:     112576 kB
1557576876.000000
MemTotal:         482068 kB
MemFree:            3560 kB
Buffers:             732 kB
Cached:            42188 kB
SwapCached:            0 kB
Active:           377276 kB
Inactive:          22320 kB
Active(anon):     358160 kB
Inactive(anon):     3164 kB
Active(file):      19116 kB
Inactive(file):    19156 kB
Unevictable:        1772 kB
Mlocked:            3816 kB
HighTotal:             0 kB
HighFree:              0 kB
LowTotal:         482068 kB
LowFree:            3560 kB
SwapTotal:             0 kB
SwapFree:              0 kB
Dirty:                72 kB
Writeback:             0 kB
AnonPages:        358536 kB
Mapped:            49184 kB
Shmem:              3376 kB
Slab:              18084 kB
SReclaimable:       4592 kB
SUnreclaim:        13492 kB
KernelStack:        5328 kB
PageTables:         6612 kB
NFS_Unstable:          0 kB
Bounce:                0 kB
WritebackTmp:          0 kB
CommitLimit:      241032 kB
Committed_AS:    3782020 kB
VmallocTotal:     507904 kB
VmallocUsed:      114704 kB
VmallocChunk:     112576 kB
1557576877.000000
MemTotal:         482068 kB
MemFree:            4292 kB
Buffers:             328 kB
Cached:            43820 kB
SwapCached:            0 kB
Active:           376280 kB
Inactive:          22972 kB
Active(anon):     356708 kB
Inactive(anon):     3144 kB
Active(file):      19572 kB
Inactive(file):    19828 kB
Unevictable:        1772 kB
Mlocked:            3816 kB
HighTotal:             0 kB
HighFree:              0 kB
LowTotal:         482068 kB
LowFree:            4292 kB
SwapTotal:             0 kB
SwapFree:              0 kB
Dirty:                88 kB
Writeback:             0 kB
AnonPages:        356976 kB
Mapped:            50272 kB
Shmem:              3356 kB
Slab:              18128 kB
SReclaimable:       4584 kB
SUnreclaim:        13544 kB
KernelStack:        5288 kB
PageTables:         6500 kB
NFS_Unstable:          0 kB
Bounce:                0 kB
WritebackTmp:          0 kB
CommitLimit:      241032 kB
Committed_AS:    3681524 kB
VmallocTotal:     507904 kB
VmallocUsed:      112660 kB
VmallocChunk:     112576 kB
1557576878.000000
MemTotal:         482068 kB
MemFree:            3824 kB
Buffers:             320 kB
Cached:            43344 kB
SwapCached:            0 kB
Active:           376768 kB
Inactive:          22904 kB
Active(anon):     357580 kB
Inactive(anon):     3144 kB
Active(file):      19188 kB
Inactive(file):    19760 kB
Unevictable:        1772 kB
Mlocked:            3816 kB
HighTotal:             0 kB
HighFree:              0 kB
LowTotal:         482068 kB
LowFree:            3824 kB
SwapTotal:             0 kB
SwapFree:              0 kB
Dirty:                44 kB
Writeback:             8 kB
AnonPages:        357908 kB
Mapped:            47696 kB
Shmem:              3356 kB
Slab:              18144 kB
SReclaimable:       4584 kB
SUnreclaim:        13560 kB
KernelStack:        5376 kB
PageTables:         6736 kB
NFS_Unstable:          0 kB
Bounce:                0 kB
WritebackTmp:          0 kB
CommitLimit:      241032 kB
Committed_AS:    3811296 kB
VmallocTotal:     507904 kB
VmallocUsed:      114704 kB
VmallocChunk:     112576 kB
1557576879.000000
MemTotal:         482068 kB
MemFree:            4048 kB
Buffers:             252 kB
Cached:            49820 kB
SwapCached:            0 kB
Active:           371980 kB
Inactive:          27344 kB
Active(anon):     350712 kB
Inactive(anon):     3144 kB
Active(file):      21268 kB
Inactive(file):    24200 kB
Unevictable:        1772 kB
Mlocked:            3816 kB
HighTotal:             0 kB
HighFree:              0 kB
LowTotal:         482068 kB
LowFree:            4048 kB
SwapTotal:             0 kB
SwapFree:              0 kB
Dirty:                76 kB
Writeback:             0 kB
AnonPages:        351012 kB
Mapped:            50460 kB
Shmem:              3356 kB
Slab:              18228 kB
SReclaimable:       4580 kB
SUnreclaim:        13648 kB
KernelStack:        5408 kB
PageTables:         6512 kB
NFS_Unstable:          0 kB
Bounce:                0 kB
WritebackTmp:          0 kB
CommitLimit:      241032 kB
Committed_AS:    3666668 kB
VmallocTotal:     507904 kB
VmallocUsed:      112668 kB
VmallocChunk:     112576 kB
1557576881.000000
MemTotal:         482068 kB
MemFree:            4156 kB
Buffers:             236 kB
Cached:            47240 kB
SwapCached:            0 kB
Active:           374496 kB
Inactive:          24568 kB
Active(anon):     353096 kB
Inactive(anon):     3144 kB
Active(file):      21400 kB
Inactive(file):    21424 kB
Unevictable:        1772 kB
Mlocked:            3816 kB
HighTotal:             0 kB
HighFree:              0 kB
LowTotal:         482068 kB
LowFree:            4156 kB
SwapTotal:             0 kB
SwapFree:              0 kB
Dirty:                88 kB
Writeback:             0 kB
AnonPages:        353428 kB
Mapped:            51088 kB
Shmem:              3356 kB
Slab:              18164 kB
SReclaimable:       4580 kB
SUnreclaim:        13584 kB
KernelStack:        5424 kB
PageTables:         6464 kB
NFS_Unstable:          0 kB
Bounce:                0 kB
WritebackTmp:          0 kB
CommitLimit:      241032 kB
Committed_AS:    3667664 kB
VmallocTotal:     507904 kB
VmallocUsed:      112660 kB
VmallocChunk:     112576 kB
1557576883.000000
MemTotal:         482068 kB
MemFree:            3536 kB
Buffers:             232 kB
Cached:            46232 kB
SwapCached:            0 kB
Active:           375584 kB
Inactive:          24276 kB
Active(anon):     354936 kB
Inactive(anon):     3148 kB
Active(file):      20648 kB
Inactive(file):    21128 kB
Unevictable:        1772 kB
Mlocked:            3816 kB
HighTotal:             0 kB
HighFree:              0 kB
LowTotal:         482068 kB
LowFree:            3536 kB
SwapTotal:             0 kB
SwapFree:              0 kB
Dirty:                32 kB
Writeback:            12 kB
AnonPages:        355252 kB
Mapped:            51660 kB
Shmem:              3360 kB
Slab:              18140 kB
SReclaimable:       4580 kB
SUnreclaim:        13560 kB
KernelStack:        5440 kB
PageTables:         6552 kB
NFS_Unstable:          0 kB
Bounce:                0 kB
WritebackTmp:          0 kB
CommitLimit:      241032 kB
Committed_AS:    3673888 kB
VmallocTotal:     507904 kB
VmallocUsed:      112660 kB
VmallocChunk:     112576 kB
1557576885.000000
MemTotal:         482068 kB
MemFree:            3784 kB
Buffers:             192 kB
Cached:            44640 kB
SwapCached:            0 kB
Active:           376036 kB
Inactive:          23748 kB
Active(anon):     356468 kB
Inactive(anon):     3152 kB
Active(file):      19568 kB
Inactive(file):    20596 kB
Unevictable:        1772 kB
Mlocked:            3816 kB
HighTotal:             0 kB
HighFree:              0 kB
LowTotal:         482068 kB
LowFree:            3784 kB
SwapTotal:             0 kB
SwapFree:              0 kB
Dirty:                32 kB
Writeback:             0 kB
AnonPages:        356824 kB
Mapped:            49696 kB
Shmem:              3364 kB
Slab:              18232 kB
SReclaimable:       4580 kB
SUnreclaim:        13652 kB
KernelStack:        5440 kB
PageTables:         6496 kB
NFS_Unstable:          0 kB
Bounce:                0 kB
WritebackTmp:          0 kB
CommitLimit:      241032 kB
Committed_AS:    3676440 kB
VmallocTotal:     507904 kB
VmallocUsed:      112660 kB
VmallocChunk:     112576 kB
1557576886.000000
MemTotal:         482068 kB
MemFree:            3960 kB
Buffers:             224 kB
Cached:            42324 kB
SwapCached:            0 kB
Active:           376660 kB
Inactive:          21992 kB
Active(anon):     357744 kB
Inactive(anon):     3152 kB
Active(file):      18916 kB
Inactive(file):    18840 kB
Unevictable:        1772 kB
Mlocked:            3816 kB
HighTotal:             0 kB
HighFree:              0 kB
LowTotal:         482068 kB
LowFree:            3960 kB
SwapTotal:             0 kB
SwapFree:              0 kB
Dirty:                48 kB
Writeback:             0 kB
AnonPages:        358004 kB
Mapped:            47416 kB
Shmem:              3364 kB
Slab:              18176 kB
SReclaimable:       4580 kB
SUnreclaim:        13596 kB
KernelStack:        5440 kB
PageTables:         6720 kB
NFS_Unstable:          0 kB
Bounce:                0 kB
WritebackTmp:          0 kB
CommitLimit:      241032 kB
Committed_AS:    3786640 kB
VmallocTotal:     507904 kB
VmallocUsed:      114704 kB
VmallocChunk:     112576 kB
1557576888.000000
MemTotal:         482068 kB
MemFree:            3940 kB
Buffers:             324 kB
Cached:            50408 kB
SwapCached:            0 kB
Active:           370912 kB
Inactive:          28704 kB
Active(anon):     350392 kB
Inactive(anon):     3144 kB
Active(file):      20520 kB
Inactive(file):    25560 kB
Unevictable:        1772 kB
Mlocked:            3816 kB
HighTotal:             0 kB
HighFree:              0 kB
LowTotal:         482068 kB
LowFree:            3940 kB
SwapTotal:             0 kB
SwapFree:              0 kB
Dirty:                40 kB
Writeback:             0 kB
AnonPages:        350732 kB
Mapped:            45308 kB
Shmem:              3360 kB
Slab:              18204 kB
SReclaimable:       4580 kB
SUnreclaim:        13624 kB
KernelStack:        5312 kB
PageTables:         6600 kB
NFS_Unstable:          0 kB
Bounce:                0 kB
WritebackTmp:          0 kB
CommitLimit:      241032 kB
Committed_AS:    3746380 kB
VmallocTotal:     507904 kB
VmallocUsed:      114704 kB
VmallocChunk:     112576 kB
1557576889.000000
MemTotal:         482068 kB
MemFree:            4264 kB
Buffers:             456 kB
Cached:            45596 kB
SwapCached:            0 kB
Active:           374932 kB
Inactive:          23840 kB
Active(anon):     354300 kB
Inactive(anon):     3144 kB
Active(file):      20632 kB
Inactive(file):    20696 kB
Unevictable:        1772 kB
Mlocked:            3816 kB
HighTotal:             0 kB
HighFree:              0 kB
LowTotal:         482068 kB
LowFree:            4264 kB
SwapTotal:             0 kB
SwapFree:              0 kB
Dirty:                64 kB
Writeback:             0 kB
AnonPages:        354580 kB
Mapped:            48324 kB
Shmem:              3360 kB
Slab:              18216 kB
SReclaimable:       4580 kB
SUnreclaim:        13636 kB
KernelStack:        5408 kB
PageTables:         6664 kB
NFS_Unstable:          0 kB
Bounce:                0 kB
WritebackTmp:          0 kB
CommitLimit:      241032 kB
Committed_AS:    3750772 kB
VmallocTotal:     507904 kB
VmallocUsed:      114704 kB
VmallocChunk:     112576 kB
1557576890.000000
MemTotal:         482068 kB
MemFree:            3916 kB
Buffers:             996 kB
Cached:            47344 kB
SwapCached:            0 kB
Active:           374016 kB
Inactive:          25208 kB
Active(anon):     352456 kB
Inactive(anon):     3140 kB
Active(file):      21560 kB
Inactive(file):    22068 kB
Unevictable:        1772 kB
Mlocked:            3816 kB
HighTotal:             0 kB
HighFree:              0 kB
LowTotal:         482068 kB
LowFree:            3916 kB
SwapTotal:             0 kB
SwapFree:              0 kB
Dirty:               112 kB
Writeback:             0 kB
AnonPages:        352736 kB
Mapped:            46944 kB
Shmem:              3360 kB
Slab:              18208 kB
SReclaimable:       4580 kB
SUnreclaim:        13628 kB
KernelStack:        5440 kB
PageTables:         6588 kB
NFS_Unstable:          0 kB
Bounce:                0 kB
WritebackTmp:          0 kB
CommitLimit:      241032 kB
Committed_AS:    3746580 kB
VmallocTotal:     507904 kB
VmallocUsed:      114704 kB
VmallocChunk:     112576 kB
1557576891.000000
MemTotal:         482068 kB
MemFree:            4004 kB
Buffers:             548 kB
Cached:            49252 kB
SwapCached:            0 kB
Active:           373760 kB
Inactive:          25992 kB
Active(anon):     351572 kB
Inactive(anon):     3140 kB
Active(file):      22188 kB
Inactive(file):    22852 kB
Unevictable:        1772 kB
Mlocked:            3816 kB
HighTotal:             0 kB
HighFree:              0 kB
LowTotal:         482068 kB
LowFree:            4004 kB
SwapTotal:             0 kB
SwapFree:              0 kB
Dirty:               140 kB
Writeback:             0 kB
AnonPages:        351888 kB
Mapped:            48884 kB
Shmem:              3360 kB
Slab:              18212 kB
SReclaimable:       4580 kB
SUnreclaim:        13632 kB
KernelStack:        5360 kB
PageTables:         6392 kB
NFS_Unstable:          0 kB
Bounce:                0 kB
WritebackTmp:          0 kB
CommitLimit:      241032 kB
Committed_AS:    3640428 kB
VmallocTotal:     507904 kB
VmallocUsed:      112660 kB
VmallocChunk:     112576 kB
1557576892.000000
MemTotal:         482068 kB
MemFree:            3668 kB
Buffers:             352 kB
Cached:            46172 kB
SwapCached:            0 kB
Active:           375428 kB
Inactive:          24512 kB
Active(anon):     354920 kB
Inactive(anon):     3140 kB
Active(file):      20508 kB
Inactive(file):    21372 kB
Unevictable:        1772 kB
Mlocked:            3816 kB
HighTotal:             0 kB
HighFree:              0 kB
LowTotal:         482068 kB
LowFree:            3668 kB
SwapTotal:             0 kB
SwapFree:              0 kB
Dirty:               120 kB
Writeback:             0 kB
AnonPages:        355212 kB
Mapped:            50336 kB
Shmem:              3364 kB
Slab:              18216 kB
SReclaimable:       4580 kB
SUnreclaim:        13636 kB
KernelStack:        5424 kB
PageTables:         6656 kB
NFS_Unstable:          0 kB
Bounce:                0 kB
WritebackTmp:          0 kB
CommitLimit:      241032 kB
Committed_AS:    3785952 kB
VmallocTotal:     507904 kB
VmallocUsed:      114704 kB
VmallocChunk:     112576 kB
1557576893.000000
MemTotal:         482068 kB
MemFree:            3792 kB
Buffers:             272 kB
Cached:            44228 kB
SwapCached:            0 kB
Active:           376064 kB
Inactive:          23180 kB
Active(anon):     356232 kB
Inactive(anon):     3140 kB
Active(file):      19832 kB
Inactive(file):    20040 kB
Unevictable:        1772 kB
Mlocked:            3816 kB
HighTotal:             0 kB
HighFree:              0 kB
LowTotal:         482068 kB
LowFree:            3792 kB
SwapTotal:             0 kB
SwapFree:              0 kB
Dirty:               164 kB
Writeback:             4 kB
AnonPages:        356580 kB
Mapped:            50860 kB
Shmem:              3360 kB
Slab:              18240 kB
SReclaimable:       4580 kB
SUnreclaim:        13660 kB
KernelStack:        5416 kB
PageTables:         6652 kB
NFS_Unstable:          0 kB
Bounce:                0 kB
WritebackTmp:          0 kB
CommitLimit:      241032 kB
Committed_AS:    3788400 kB
VmallocTotal:     507904 kB
VmallocUsed:      114704 kB
VmallocChunk:     112576 kB
1557576895.000000
MemTotal:         482068 kB
MemFree:            3636 kB
Buffers:             428 kB
Cached:            42960 kB
SwapCached:            0 kB
Active:           376660 kB
Inactive:          23132 kB
Active(anon):     357948 kB
Inactive(anon):     3140 kB
Active(file):      18712 kB
Inactive(file):    19992 kB
Unevictable:        1772 kB
Mlocked:            3816 kB
HighTotal:             0 kB
HighFree:              0 kB
LowTotal:         482068 kB
LowFree:            3636 kB
SwapTotal:             0 kB
SwapFree:              0 kB
Dirty:                52 kB
Writeback:             0 kB
AnonPages:        358248 kB
Mapped:            48540 kB
Shmem:              3360 kB
Slab:              18248 kB
SReclaimable:       4580 kB
SUnreclaim:        13668 kB
KernelStack:        5440 kB
PageTables:         6660 kB
NFS_Unstable:          0 kB
Bounce:                0 kB
WritebackTmp:          0 kB
CommitLimit:      241032 kB
Committed_AS:    3789436 kB
VmallocTotal:     507904 kB
VmallocUsed:      114704 kB
VmallocChunk:     112576 kB
1557576897.000000
MemTotal:         482068 kB
MemFree:            3860 kB
Buffers:             312 kB
Cached:            42744 kB
SwapCached:            0 kB
Active:           376540 kB
Inactive:          22728 kB
Active(anon):     357800 kB
Inactive(anon):     3148 kB
Active(file):      18740 kB
Inactive(file):    19580 kB
Unevictable:        1772 kB
Mlocked:            3816 kB
HighTotal:             0 kB
HighFree:              0 kB
LowTotal:         482068 kB
LowFree:            3860 kB
SwapTotal:             0 kB
SwapFree:              0 kB
Dirty:               108 kB
Writeback:             0 kB
AnonPages:        358064 kB
Mapped:            47196 kB
Shmem:              3368 kB
Slab:              18224 kB
SReclaimable:       4580 kB
SUnreclaim:        13644 kB
KernelStack:        5456 kB
PageTables:         6744 kB
NFS_Unstable:          0 kB
Bounce:                0 kB
WritebackTmp:          0 kB
CommitLimit:      241032 kB
Committed_AS:    3798380 kB
VmallocTotal:     507904 kB
VmallocUsed:      114704 kB
VmallocChunk:     112576 kB
1557576899.000000
MemTotal:         482068 kB
MemFree:            3628 kB
Buffers:             196 kB
Cached:            42160 kB
SwapCached:            0 kB
Active:           377384 kB
Inactive:          22148 kB
Active(anon):     358688 kB
Inactive(anon):     3144 kB
Active(file):      18696 kB
Inactive(file):    19004 kB
Unevictable:        1772 kB
Mlocked:            3816 kB
HighTotal:             0 kB
HighFree:              0 kB
LowTotal:         482068 kB
LowFree:            3628 kB
SwapTotal:             0 kB
SwapFree:              0 kB
Dirty:               112 kB
Writeback:             0 kB
AnonPages:        358968 kB
Mapped:            47872 kB
Shmem:              3364 kB
Slab:              18212 kB
SReclaimable:       4580 kB
SUnreclaim:        13632 kB
KernelStack:        5456 kB
PageTables:         6776 kB
NFS_Unstable:          0 kB
Bounce:                0 kB
WritebackTmp:          0 kB
CommitLimit:      241032 kB
Committed_AS:    3825580 kB
VmallocTotal:     507904 kB
VmallocUsed:      114704 kB
VmallocChunk:     112576 kB
1557576900.000000
MemTotal:         482068 kB
MemFree:            3592 kB
Buffers:             296 kB
Cached:            42840 kB
SwapCached:            0 kB
Active:           377232 kB
Inactive:          22580 kB
Active(anon):     358220 kB
Inactive(anon):     3140 kB
Active(file):      19012 kB
Inactive(file):    19440 kB
Unevictable:        1772 kB
Mlocked:            3816 kB
HighTotal:             0 kB
HighFree:              0 kB
LowTotal:         482068 kB
LowFree:            3592 kB
SwapTotal:             0 kB
SwapFree:              0 kB
Dirty:                 0 kB
Writeback:             0 kB
AnonPages:        358516 kB
Mapped:            49484 kB
Shmem:              3360 kB
Slab:              18260 kB
SReclaimable:       4580 kB
SUnreclaim:        13680 kB
KernelStack:        5376 kB
PageTables:         6504 kB
NFS_Unstable:          0 kB
Bounce:                0 kB
WritebackTmp:          0 kB
CommitLimit:      241032 kB
Committed_AS:    3717416 kB
VmallocTotal:     507904 kB
VmallocUsed:      112660 kB
VmallocChunk:     112576 kB
1557576901.000000
MemTotal:         482068 kB
MemFree:            3904 kB
Buffers:             192 kB
Cached:            44552 kB
SwapCached:            0 kB
Active:           376556 kB
Inactive:          23112 kB
Active(anon):     356468 kB
Inactive(anon):     3140 kB
Active(file):      20088 kB
Inactive(file):    19972 kB
Unevictable:        1772 kB
Mlocked:            3816 kB
HighTotal:             0 kB
HighFree:              0 kB
LowTotal:         482068 kB
LowFree:            3904 kB
SwapTotal:             0 kB
SwapFree:              0 kB
Dirty:                32 kB
Writeback:             0 kB
AnonPages:        356756 kB
Mapped:            48776 kB
Shmem:              3360 kB
Slab:              18276 kB
SReclaimable:       4580 kB
SUnreclaim:        13696 kB
KernelStack:        5320 kB
PageTables:         6412 kB
NFS_Unstable:          0 kB
Bounce:                0 kB
WritebackTmp:          0 kB
CommitLimit:      241032 kB
Committed_AS:    3604204 kB
VmallocTotal:     507904 kB
VmallocUsed:      110616 kB
VmallocChunk:     112576 kB
1557576903.000000
MemTotal:         482068 kB
MemFree:            4068 kB
Buffers:             268 kB
Cached:            44900 kB
SwapCached:            0 kB
Active:           376324 kB
Inactive:          23580 kB
Active(anon):     356228 kB
Inactive(anon):     3140 kB
Active(file):      20096 kB
Inactive(file):    20440 kB
Unevictable:        1772 kB
Mlocked:            3816 kB
HighTotal:             0 kB
HighFree:              0 kB
LowTotal:         482068 kB
LowFree:            4068 kB
SwapTotal:             0 kB
SwapFree:              0 kB
Dirty:                32 kB
Writeback:             4 kB
AnonPages:        356544 kB
Mapped:            49260 kB
Shmem:              3360 kB
Slab:              18188 kB
SReclaimable:       4580 kB
SUnreclaim:        13608 kB
KernelStack:        5336 kB
PageTables:         6340 kB
NFS_Unstable:          0 kB
Bounce:                0 kB
WritebackTmp:          0 kB
CommitLimit:      241032 kB
Committed_AS:    3604140 kB
VmallocTotal:     507904 kB
VmallocUsed:      110616 kB
VmallocChunk:     112576 kB
1557576904.000000
MemTotal:         482068 kB
MemFree:            3532 kB
Buffers:             172 kB
Cached:            44620 kB
SwapCached:            0 kB
Active:           376708 kB
Inactive:          23668 kB
Active(anon):     357024 kB
Inactive(anon):     3140 kB
Active(file):      19684 kB
Inactive(file):    20528 kB
Unevictable:        1772 kB
Mlocked:            3816 kB
HighTotal:             0 kB
HighFree:              0 kB
LowTotal:         482068 kB
LowFree:            3532 kB
SwapTotal:             0 kB
SwapFree:              0 kB
Dirty:                12 kB
Writeback:             0 kB
AnonPages:        357292 kB
Mapped:            49864 kB
Shmem:              3360 kB
Slab:              18200 kB
SReclaimable:       4580 kB
SUnreclaim:        13620 kB
KernelStack:        5320 kB
PageTables:         6336 kB
NFS_Unstable:          0 kB
Bounce:                0 kB
WritebackTmp:          0 kB
CommitLimit:      241032 kB
Committed_AS:    3604356 kB
VmallocTotal:     507904 kB
VmallocUsed:      110616 kB
VmallocChunk:     112576 kB
1557576905.000000
MemTotal:         482068 kB
MemFree:            3780 kB
Buffers:             256 kB
Cached:            42932 kB
SwapCached:            0 kB
Active:           377244 kB
Inactive:          22956 kB
Active(anon):     358592 kB
Inactive(anon):     3140 kB
Active(file):      18652 kB
Inactive(file):    19816 kB
Unevictable:        1772 kB
Mlocked:            3816 kB
HighTotal:             0 kB
HighFree:              0 kB
LowTotal:         482068 kB
LowFree:            3780 kB
SwapTotal:             0 kB
SwapFree:              0 kB
Dirty:                76 kB
Writeback:             0 kB
AnonPages:        358904 kB
Mapped:            49208 kB
Shmem:              3360 kB
Slab:              18180 kB
SReclaimable:       4580 kB
SUnreclaim:        13600 kB
KernelStack:        5320 kB
PageTables:         6332 kB
NFS_Unstable:          0 kB
Bounce:                0 kB
WritebackTmp:          0 kB
CommitLimit:      241032 kB
Committed_AS:    3604932 kB
VmallocTotal:     507904 kB
VmallocUsed:      110616 kB
VmallocChunk:     112576 kB
1557576907.000000
MemTotal:         482068 kB
MemFree:            3644 kB
Buffers:             132 kB
Cached:            47420 kB
SwapCached:            0 kB
Active:           374572 kB
Inactive:          25900 kB
Active(anon):     354468 kB
Inactive(anon):     3140 kB
Active(file):      20104 kB
Inactive(file):    22760 kB
Unevictable:        1772 kB
Mlocked:            3816 kB
HighTotal:             0 kB
HighFree:              0 kB
LowTotal:         482068 kB
LowFree:            3644 kB
SwapTotal:             0 kB
SwapFree:              0 kB
Dirty:                76 kB
Writeback:             0 kB
AnonPages:        354728 kB
Mapped:            50108 kB
Shmem:              3360 kB
Slab:              18200 kB
SReclaimable:       4580 kB
SUnreclaim:        13620 kB
KernelStack:        5256 kB
PageTables:         6160 kB
NFS_Unstable:          0 kB
Bounce:                0 kB
WritebackTmp:          0 kB
CommitLimit:      241032 kB
Committed_AS:    3456428 kB
VmallocTotal:     507904 kB
VmallocUsed:      108572 kB
VmallocChunk:     112576 kB
1557576908.000000
MemTotal:         482068 kB
MemFree:            3636 kB
Buffers:             356 kB
Cached:            47288 kB
SwapCached:            0 kB
Active:           375496 kB
Inactive:          25276 kB
Active(anon):     354616 kB
Inactive(anon):     3140 kB
Active(file):      20880 kB
Inactive(file):    22136 kB
Unevictable:        1772 kB
Mlocked:            3816 kB
HighTotal:             0 kB
HighFree:              0 kB
LowTotal:         482068 kB
LowFree:            3636 kB
SwapTotal:             0 kB
SwapFree:              0 kB
Dirty:                28 kB
Writeback:             0 kB
AnonPages:        354908 kB
Mapped:            51444 kB
Shmem:              3360 kB
Slab:              18196 kB
SReclaimable:       4580 kB
SUnreclaim:        13616 kB
KernelStack:        5240 kB
PageTables:         6008 kB
NFS_Unstable:          0 kB
Bounce:                0 kB
WritebackTmp:          0 kB
CommitLimit:      241032 kB
Committed_AS:    3456488 kB
VmallocTotal:     507904 kB
VmallocUsed:      108572 kB
VmallocChunk:     112576 kB
1557576909.000000
MemTotal:         482068 kB
MemFree:            4124 kB
Buffers:             148 kB
Cached:            44948 kB
SwapCached:            0 kB
Active:           376936 kB
Inactive:          23472 kB
Active(anon):     356804 kB
Inactive(anon):     3140 kB
Active(file):      20132 kB
Inactive(file):    20332 kB
Unevictable:        1772 kB
Mlocked:            3816 kB
HighTotal:             0 kB
HighFree:              0 kB
LowTotal:         482068 kB
LowFree:            4124 kB
SwapTotal:             0 kB
SwapFree:              0 kB
Dirty:                44 kB
Writeback:             0 kB
AnonPages:        357064 kB
Mapped:            51948 kB
Shmem:              3360 kB
Slab:              18192 kB
SReclaimable:       4580 kB
SUnreclaim:        13612 kB
KernelStack:        5248 kB
PageTables:         6088 kB
NFS_Unstable:          0 kB
Bounce:                0 kB
WritebackTmp:          0 kB
CommitLimit:      241032 kB
Committed_AS:    3457892 kB
VmallocTotal:     507904 kB
VmallocUsed:      108572 kB
VmallocChunk:     112576 kB
1557576910.000000
MemTotal:         482068 kB
MemFree:            3836 kB
Buffers:             212 kB
Cached:            43400 kB
SwapCached:            0 kB
Active:           377228 kB
Inactive:          22740 kB
Active(anon):     357856 kB
Inactive(anon):     3140 kB
Active(file):      19372 kB
Inactive(file):    19600 kB
Unevictable:        1772 kB
Mlocked:            3816 kB
HighTotal:             0 kB
HighFree:              0 kB
LowTotal:         482068 kB
LowFree:            3836 kB
SwapTotal:             0 kB
SwapFree:              0 kB
Dirty:                28 kB
Writeback:             0 kB
AnonPages:        358172 kB
Mapped:            47612 kB
Shmem:              3360 kB
Slab:              18272 kB
SReclaimable:       4580 kB
SUnreclaim:        13692 kB
KernelStack:        5296 kB
PageTables:         6104 kB
NFS_Unstable:          0 kB
Bounce:                0 kB
WritebackTmp:          0 kB
CommitLimit:      241032 kB
Committed_AS:    3459140 kB
VmallocTotal:     507904 kB
VmallocUsed:      108572 kB
VmallocChunk:     112576 kB
1557576911.000000
MemTotal:         482068 kB
MemFree:            4208 kB
Buffers:             136 kB
Cached:            43052 kB
SwapCached:            0 kB
Active:           377164 kB
Inactive:          22400 kB
Active(anon):     357968 kB
Inactive(anon):     3144 kB
Active(file):      19196 kB
Inactive(file):    19256 kB
Unevictable:        1772 kB
Mlocked:            3816 kB
HighTotal:             0 kB
HighFree:              0 kB
LowTotal:         482068 kB
LowFree:            4208 kB
SwapTotal:             0 kB
SwapFree:              0 kB
Dirty:                40 kB
Writeback:             0 kB
AnonPages:        358284 kB
Mapped:            48308 kB
Shmem:              3364 kB
Slab:              18248 kB
SReclaimable:       4580 kB
SUnreclaim:        13668 kB
KernelStack:        5296 kB
PageTables:         6096 kB
NFS_Unstable:          0 kB
Bounce:                0 kB
WritebackTmp:          0 kB
CommitLimit:      241032 kB
Committed_AS:    3459200 kB
VmallocTotal:     507904 kB
VmallocUsed:      108580 kB
VmallocChunk:     112576 kB
1557576912.000000
MemTotal:         482068 kB
MemFree:            4092 kB
Buffers:             140 kB
Cached:            42352 kB
SwapCached:            0 kB
Active:           377392 kB
Inactive:          22200 kB
Active(anon):     358572 kB
Inactive(anon):     3144 kB
Active(file):      18820 kB
Inactive(file):    19056 kB
Unevictable:        1772 kB
Mlocked:            3816 kB
HighTotal:             0 kB
HighFree:              0 kB
LowTotal:         482068 kB
LowFree:            4092 kB
SwapTotal:             0 kB
SwapFree:              0 kB
Dirty:               140 kB
Writeback:             0 kB
AnonPages:        358840 kB
Mapped:            46680 kB
Shmem:              3364 kB
Slab:              18288 kB
SReclaimable:       4580 kB
SUnreclaim:        13708 kB
KernelStack:        5288 kB
PageTables:         6104 kB
NFS_Unstable:          0 kB
Bounce:                0 kB
WritebackTmp:          0 kB
CommitLimit:      241032 kB
Committed_AS:    3459136 kB
VmallocTotal:     507904 kB
VmallocUsed:      108572 kB
VmallocChunk:     112576 kB
1557576914.000000
MemTotal:         482068 kB
MemFree:           10568 kB
Buffers:             140 kB
Cached:            46852 kB
SwapCached:            0 kB
Active:           367888 kB
Inactive:          25824 kB
Active(anon):     348228 kB
Inactive(anon):     3144 kB
Active(file):      19660 kB
Inactive(file):    22680 kB
Unevictable:        1772 kB
Mlocked:            3816 kB
HighTotal:             0 kB
HighFree:              0 kB
LowTotal:         482068 kB
LowFree:           10568 kB
SwapTotal:             0 kB
SwapFree:              0 kB
Dirty:                96 kB
Writeback:             0 kB
AnonPages:        348576 kB
Mapped:            40492 kB
Shmem:              3364 kB
Slab:              18268 kB
SReclaimable:       4580 kB
SUnreclaim:        13688 kB
KernelStack:        5152 kB
PageTables:         5800 kB
NFS_Unstable:          0 kB
Bounce:                0 kB
WritebackTmp:          0 kB
CommitLimit:      241032 kB
Committed_AS:    3307520 kB
VmallocTotal:     507904 kB
VmallocUsed:      106528 kB
VmallocChunk:     112576 kB
1557576915.000000
MemTotal:         482068 kB
MemFree:            7856 kB
Buffers:             148 kB
Cached:            49744 kB
SwapCached:            0 kB
Active:           367820 kB
Inactive:          28724 kB
Active(anon):     348152 kB
Inactive(anon):     3144 kB
Active(file):      19668 kB
Inactive(file):    25580 kB
Unevictable:        1772 kB
Mlocked:            3816 kB
HighTotal:             0 kB
HighFree:              0 kB
LowTotal:         482068 kB
LowFree:            7856 kB
SwapTotal:             0 kB
SwapFree:              0 kB
Dirty:               132 kB
Writeback:             0 kB
AnonPages:        348424 kB
Mapped:            41372 kB
Shmem:              3364 kB
Slab:              18244 kB
SReclaimable:       4580 kB
SUnreclaim:        13664 kB
KernelStack:        5152 kB
PageTables:         5800 kB
NFS_Unstable:          0 kB
Bounce:                0 kB
WritebackTmp:          0 kB
CommitLimit:      241032 kB
Committed_AS:    3307520 kB
VmallocTotal:     507904 kB
VmallocUsed:      106528 kB
VmallocChunk:     112576 kB
1557576915.000000
MemTotal:         482068 kB
MemFree:            5228 kB
Buffers:             152 kB
Cached:            52396 kB
SwapCached:            0 kB
Active:           367908 kB
Inactive:          31376 kB
Active(anon):     348212 kB
Inactive(anon):     3144 kB
Active(file):      19696 kB
Inactive(file):    28232 kB
Unevictable:        1772 kB
Mlocked:            3816 kB
HighTotal:             0 kB
HighFree:              0 kB
LowTotal:         482068 kB
LowFree:            5228 kB
SwapTotal:             0 kB
SwapFree:              0 kB
Dirty:                72 kB
Writeback:             0 kB
AnonPages:        348588 kB
Mapped:            41580 kB
Shmem:              3364 kB
Slab:              18260 kB
SReclaimable:       4580 kB
SUnreclaim:        13680 kB
KernelStack:        5152 kB
PageTables:         5812 kB
NFS_Unstable:          0 kB
Bounce:                0 kB
WritebackTmp:          0 kB
CommitLimit:      241032 kB
Committed_AS:    3307520 kB
VmallocTotal:     507904 kB
VmallocUsed:      106528 kB
VmallocChunk:     112576 kB
1557576916.000000
MemTotal:         482068 kB
MemFree:            4244 kB
Buffers:             656 kB
Cached:            52076 kB
SwapCached:            0 kB
Active:           368332 kB
Inactive:          31340 kB
Active(anon):     348476 kB
Inactive(anon):     3144 kB
Active(file):      19856 kB
Inactive(file):    28196 kB
Unevictable:        1772 kB
Mlocked:            3816 kB
HighTotal:             0 kB
HighFree:              0 kB
LowTotal:         482068 kB
LowFree:            4244 kB
SwapTotal:             0 kB
SwapFree:              0 kB
Dirty:               112 kB
Writeback:             0 kB
AnonPages:        348868 kB
Mapped:            42216 kB
Shmem:              3364 kB
Slab:              18276 kB
SReclaimable:       4584 kB
SUnreclaim:        13692 kB
KernelStack:        5152 kB
PageTables:         5800 kB
NFS_Unstable:          0 kB
Bounce:                0 kB
WritebackTmp:          0 kB
CommitLimit:      241032 kB
Committed_AS:    3307572 kB
VmallocTotal:     507904 kB
VmallocUsed:      106528 kB
VmallocChunk:     112576 kB
1557576917.000000
MemTotal:         482068 kB
MemFree:            4264 kB
Buffers:             672 kB
Cached:            49584 kB
SwapCached:            0 kB
Active:           371548 kB
Inactive:          28004 kB
Active(anon):     350836 kB
Inactive(anon):     3144 kB
Active(file):      20712 kB
Inactive(file):    24860 kB
Unevictable:        1772 kB
Mlocked:            3816 kB
HighTotal:             0 kB
HighFree:              0 kB
LowTotal:         482068 kB
LowFree:            4264 kB
SwapTotal:             0 kB
SwapFree:              0 kB
Dirty:               124 kB
Writeback:             0 kB
AnonPages:        351100 kB
Mapped:            45876 kB
Shmem:              3364 kB
Slab:              18276 kB
SReclaimable:       4584 kB
SUnreclaim:        13692 kB
KernelStack:        5224 kB
PageTables:         5992 kB
NFS_Unstable:          0 kB
Bounce:                0 kB
WritebackTmp:          0 kB
CommitLimit:      241032 kB
Committed_AS:    3416780 kB
VmallocTotal:     507904 kB
VmallocUsed:      108572 kB
VmallocChunk:     112576 kB
1557576918.000000
MemTotal:         482068 kB
MemFree:            4296 kB
Buffers:             672 kB
Cached:            49692 kB
SwapCached:            0 kB
Active:           371664 kB
Inactive:          28096 kB
Active(anon):     350872 kB
Inactive(anon):     3144 kB
Active(file):      20792 kB
Inactive(file):    24952 kB
Unevictable:        1772 kB
Mlocked:            3816 kB
HighTotal:             0 kB
HighFree:              0 kB
LowTotal:         482068 kB
LowFree:            4296 kB
SwapTotal:             0 kB
SwapFree:              0 kB
Dirty:                48 kB
Writeback:             0 kB
AnonPages:        351144 kB
Mapped:            45840 kB
Shmem:              3364 kB
Slab:              18268 kB
SReclaimable:       4584 kB
SUnreclaim:        13684 kB
KernelStack:        5224 kB
PageTables:         5984 kB
NFS_Unstable:          0 kB
Bounce:                0 kB
WritebackTmp:          0 kB
CommitLimit:      241032 kB
Committed_AS:    3416780 kB
VmallocTotal:     507904 kB
VmallocUsed:      108572 kB
VmallocChunk:     112576 kB
1557576919.000000
MemTotal:         482068 kB
MemFree:            4240 kB
Buffers:             672 kB
Cached:            49920 kB
SwapCached:            0 kB
Active:           371664 kB
Inactive:          28304 kB
Active(anon):     350872 kB
Inactive(anon):     3144 kB
Active(file):      20792 kB
Inactive(file):    25160 kB
Unevictable:        1772 kB
Mlocked:            3816 kB
HighTotal:             0 kB
HighFree:              0 kB
LowTotal:         482068 kB
LowFree:            4240 kB
SwapTotal:             0 kB
SwapFree:              0 kB
Dirty:                48 kB
Writeback:             0 kB
AnonPages:        351144 kB
Mapped:            45916 kB
Shmem:              3364 kB
Slab:              18268 kB
SReclaimable:       4584 kB
SUnreclaim:        13684 kB
KernelStack:        5224 kB
PageTables:         6060 kB
NFS_Unstable:          0 kB
Bounce:                0 kB
WritebackTmp:          0 kB
CommitLimit:      241032 kB
Committed_AS:    3416780 kB
VmallocTotal:     507904 kB
VmallocUsed:      108572 kB
VmallocChunk:     112576 kB
1557576920.000000
MemTotal:         482068 kB
MemFree:            3976 kB
Buffers:             672 kB
Cached:            50104 kB
SwapCached:            0 kB
Active:           371652 kB
Inactive:          28408 kB
Active(anon):     350860 kB
Inactive(anon):     3144 kB
Active(file):      20792 kB
Inactive(file):    25264 kB
Unevictable:        1772 kB
Mlocked:            3816 kB
HighTotal:             0 kB
HighFree:              0 kB
LowTotal:         482068 kB
LowFree:            3976 kB
SwapTotal:             0 kB
SwapFree:              0 kB
Dirty:                 0 kB
Writeback:             0 kB
AnonPages:        351232 kB
Mapped:            45940 kB
Shmem:              3364 kB
Slab:              18268 kB
SReclaimable:       4584 kB
SUnreclaim:        13684 kB
KernelStack:        5224 kB
PageTables:         6008 kB
NFS_Unstable:          0 kB
Bounce:                0 kB
WritebackTmp:          0 kB
CommitLimit:      241032 kB
Committed_AS:    3416784 kB
VmallocTotal:     507904 kB
VmallocUsed:      108580 kB
VmallocChunk:     112576 kB
1557576921.000000
MemTotal:         482068 kB
MemFree:            4288 kB
Buffers:             672 kB
Cached:            49016 kB
SwapCached:            0 kB
Active:           372184 kB
Inactive:          27264 kB
Active(anon):     351340 kB
Inactive(anon):     3144 kB
Active(file):      20844 kB
Inactive(file):    24120 kB
Unevictable:        1772 kB
Mlocked:            3816 kB
HighTotal:             0 kB
HighFree:              0 kB
LowTotal:         482068 kB
LowFree:            4288 kB
SwapTotal:             0 kB
SwapFree:              0 kB
Dirty:                 0 kB
Writeback:             0 kB
AnonPages:        351624 kB
Mapped:            46416 kB
Shmem:              3364 kB
Slab:              18268 kB
SReclaimable:       4584 kB
SUnreclaim:        13684 kB
KernelStack:        5216 kB
PageTables:         6060 kB
NFS_Unstable:          0 kB
Bounce:                0 kB
WritebackTmp:          0 kB
CommitLimit:      241032 kB
Committed_AS:    3416968 kB
VmallocTotal:     507904 kB
VmallocUsed:      108572 kB
VmallocChunk:     112576 kB
1557576922.000000
MemTotal:         482068 kB
MemFree:            4884 kB
Buffers:             836 kB
Cached:            49136 kB
SwapCached:            0 kB
Active:           371836 kB
Inactive:          27364 kB
Active(anon):     350792 kB
Inactive(anon):     3144 kB
Active(file):      21044 kB
Inactive(file):    24220 kB
Unevictable:        1772 kB
Mlocked:            3816 kB
HighTotal:             0 kB
HighFree:              0 kB
LowTotal:         482068 kB
LowFree:            4884 kB
SwapTotal:             0 kB
SwapFree:              0 kB
Dirty:                56 kB
Writeback:             0 kB
AnonPages:        351060 kB
Mapped:            46752 kB
Shmem:              3364 kB
Slab:              18284 kB
SReclaimable:       4588 kB
SUnreclaim:        13696 kB
KernelStack:        5224 kB
PageTables:         6080 kB
NFS_Unstable:          0 kB
Bounce:                0 kB
WritebackTmp:          0 kB
CommitLimit:      241032 kB
Committed_AS:    3416976 kB
VmallocTotal:     507904 kB
VmallocUsed:      108572 kB
VmallocChunk:     112576 kB
1557576923.000000
MemTotal:         482068 kB
MemFree:            4628 kB
Buffers:             836 kB
Cached:            49120 kB
SwapCached:            0 kB
Active:           371844 kB
Inactive:          27424 kB
Active(anon):     350788 kB
Inactive(anon):     3144 kB
Active(file):      21056 kB
Inactive(file):    24280 kB
Unevictable:        1772 kB
Mlocked:            3816 kB
HighTotal:             0 kB
HighFree:              0 kB
LowTotal:         482068 kB
LowFree:            4628 kB
SwapTotal:             0 kB
SwapFree:              0 kB
Dirty:                56 kB
Writeback:             0 kB
AnonPages:        351136 kB
Mapped:            46712 kB
Shmem:              3364 kB
Slab:              18268 kB
SReclaimable:       4588 kB
SUnreclaim:        13680 kB
KernelStack:        5224 kB
PageTables:         6004 kB
NFS_Unstable:          0 kB
Bounce:                0 kB
WritebackTmp:          0 kB
CommitLimit:      241032 kB
Committed_AS:    3417060 kB
VmallocTotal:     507904 kB
VmallocUsed:      108572 kB
VmallocChunk:     112576 kB
1557576924.000000
MemTotal:         482068 kB
MemFree:            4620 kB
Buffers:             836 kB
Cached:            49220 kB
SwapCached:            0 kB
Active:           371880 kB
Inactive:          27524 kB
Active(anon):     350824 kB
Inactive(anon):     3144 kB
Active(file):      21056 kB
Inactive(file):    24380 kB
Unevictable:        1772 kB
Mlocked:            3816 kB
HighTotal:             0 kB
HighFree:              0 kB
LowTotal:         482068 kB
LowFree:            4620 kB
SwapTotal:             0 kB
SwapFree:              0 kB
Dirty:                56 kB
Writeback:             0 kB
AnonPages:        351096 kB
Mapped:            46716 kB
Shmem:              3364 kB
Slab:              18280 kB
SReclaimable:       4588 kB
SUnreclaim:        13692 kB
KernelStack:        5224 kB
PageTables:         6000 kB
NFS_Unstable:          0 kB
Bounce:                0 kB
WritebackTmp:          0 kB
CommitLimit:      241032 kB
Committed_AS:    3416856 kB
VmallocTotal:     507904 kB
VmallocUsed:      108572 kB
VmallocChunk:     112576 kB
1557576924.000000
MemTotal:         482068 kB
MemFree:            4388 kB
Buffers:             836 kB
Cached:            49492 kB
SwapCached:            0 kB
Active:           371964 kB
Inactive:          27796 kB
Active(anon):     350908 kB
Inactive(anon):     3144 kB
Active(file):      21056 kB
Inactive(file):    24652 kB
Unevictable:        1772 kB
Mlocked:            3816 kB
HighTotal:             0 kB
HighFree:              0 kB
LowTotal:         482068 kB
LowFree:            4388 kB
SwapTotal:             0 kB
SwapFree:              0 kB
Dirty:                 0 kB
Writeback:             0 kB
AnonPages:        351204 kB
Mapped:            46720 kB
Shmem:              3364 kB
Slab:              18272 kB
SReclaimable:       4588 kB
SUnreclaim:        13684 kB
KernelStack:        5224 kB
PageTables:         6064 kB
NFS_Unstable:          0 kB
Bounce:                0 kB
WritebackTmp:          0 kB
CommitLimit:      241032 kB
Committed_AS:    3416976 kB
VmallocTotal:     507904 kB
VmallocUsed:      108572 kB
VmallocChunk:     112576 kB
1557576925.000000
MemTotal:         482068 kB
MemFree:            4124 kB
Buffers:             828 kB
Cached:            49760 kB
SwapCached:            0 kB
Active:           372088 kB
Inactive:          27760 kB
Active(anon):     350736 kB
Inactive(anon):     3144 kB
Active(file):      21352 kB
Inactive(file):    24616 kB
Unevictable:        1772 kB
Mlocked:            3816 kB
HighTotal:             0 kB
HighFree:              0 kB
LowTotal:         482068 kB
LowFree:            4124 kB
SwapTotal:             0 kB
SwapFree:              0 kB
Dirty:                 0 kB
Writeback:             0 kB
AnonPages:        351020 kB
Mapped:            47124 kB
Shmem:              3364 kB
Slab:              18280 kB
SReclaimable:       4588 kB
SUnreclaim:        13692 kB
KernelStack:        5224 kB
PageTables:         6000 kB
NFS_Unstable:          0 kB
Bounce:                0 kB
WritebackTmp:          0 kB
CommitLimit:      241032 kB
Committed_AS:    3416980 kB
VmallocTotal:     507904 kB
VmallocUsed:      108572 kB
VmallocChunk:     112576 kB
1557576926.000000
MemTotal:         482068 kB
MemFree:            3704 kB
Buffers:            1104 kB
Cached:            50000 kB
SwapCached:            0 kB
Active:           372380 kB
Inactive:          28196 kB
Active(anon):     351028 kB
Inactive(anon):     3144 kB
Active(file):      21352 kB
Inactive(file):    25052 kB
Unevictable:        1772 kB
Mlocked:            3816 kB
HighTotal:             0 kB
HighFree:              0 kB
LowTotal:         482068 kB
LowFree:            3704 kB
SwapTotal:             0 kB
SwapFree:              0 kB
Dirty:                28 kB
Writeback:             0 kB
AnonPages:        351384 kB
Mapped:            47080 kB
Shmem:              3364 kB
Slab:              18256 kB
SReclaimable:       4588 kB
SUnreclaim:        13668 kB
KernelStack:        5224 kB
PageTables:         6152 kB
NFS_Unstable:          0 kB
Bounce:                0 kB
WritebackTmp:          0 kB
CommitLimit:      241032 kB
Committed_AS:    3523280 kB
VmallocTotal:     507904 kB
VmallocUsed:      108572 kB
VmallocChunk:     112576 kB
1557576927.000000
MemTotal:         482068 kB
MemFree:            3944 kB
Buffers:             864 kB
Cached:            45692 kB
SwapCached:            0 kB
Active:           375728 kB
Inactive:          24068 kB
Active(anon):     354800 kB
Inactive(anon):     3144 kB
Active(file):      20928 kB
Inactive(file):    20924 kB
Unevictable:        1772 kB
Mlocked:            3816 kB
HighTotal:             0 kB
HighFree:              0 kB
LowTotal:         482068 kB
LowFree:            3944 kB
SwapTotal:             0 kB
SwapFree:              0 kB
Dirty:                48 kB
Writeback:             0 kB
AnonPages:        355088 kB
Mapped:            50432 kB
Shmem:              3364 kB
Slab:              18280 kB
SReclaimable:       4600 kB
SUnreclaim:        13680 kB
KernelStack:        5304 kB
PageTables:         6232 kB
NFS_Unstable:          0 kB
Bounce:                0 kB
WritebackTmp:          0 kB
CommitLimit:      241032 kB
Committed_AS:    3548508 kB
VmallocTotal:     507904 kB
VmallocUsed:      110616 kB
VmallocChunk:     112576 kB
1557576928.000000
MemTotal:         482068 kB
MemFree:            3640 kB
Buffers:             352 kB
Cached:            43864 kB
SwapCached:            0 kB
Active:           376776 kB
Inactive:          23500 kB
Active(anon):     357520 kB
Inactive(anon):     3144 kB
Active(file):      19256 kB
Inactive(file):    20356 kB
Unevictable:        1772 kB
Mlocked:            3816 kB
HighTotal:             0 kB
HighFree:              0 kB
LowTotal:         482068 kB
LowFree:            3640 kB
SwapTotal:             0 kB
SwapFree:              0 kB
Dirty:                44 kB
Writeback:             0 kB
AnonPages:        357828 kB
Mapped:            52864 kB
Shmem:              3364 kB
Slab:              18288 kB
SReclaimable:       4600 kB
SUnreclaim:        13688 kB
KernelStack:        5336 kB
PageTables:         6316 kB
NFS_Unstable:          0 kB
Bounce:                0 kB
WritebackTmp:          0 kB
CommitLimit:      241032 kB
Committed_AS:    3549828 kB
VmallocTotal:     507904 kB
VmallocUsed:      110616 kB
VmallocChunk:     112576 kB
1557576929.000000
MemTotal:         482068 kB
MemFree:            4224 kB
Buffers:             352 kB
Cached:            43552 kB
SwapCached:            0 kB
Active:           376872 kB
Inactive:          22700 kB
Active(anon):     357176 kB
Inactive(anon):     3144 kB
Active(file):      19696 kB
Inactive(file):    19556 kB
Unevictable:        1772 kB
Mlocked:            3816 kB
HighTotal:             0 kB
HighFree:              0 kB
LowTotal:         482068 kB
LowFree:            4224 kB
SwapTotal:             0 kB
SwapFree:              0 kB
Dirty:                44 kB
Writeback:             0 kB
AnonPages:        357448 kB
Mapped:            53568 kB
Shmem:              3364 kB
Slab:              18304 kB
SReclaimable:       4600 kB
SUnreclaim:        13704 kB
KernelStack:        5264 kB
PageTables:         6060 kB
NFS_Unstable:          0 kB
Bounce:                0 kB
WritebackTmp:          0 kB
CommitLimit:      241032 kB
Committed_AS:    3442988 kB
VmallocTotal:     507904 kB
VmallocUsed:      108572 kB
VmallocChunk:     112576 kB
1557576931.000000
MemTotal:         482068 kB
MemFree:            3984 kB
Buffers:             172 kB
Cached:            42500 kB
SwapCached:            0 kB
Active:           377876 kB
Inactive:          22212 kB
Active(anon):     358964 kB
Inactive(anon):     3144 kB
Active(file):      18912 kB
Inactive(file):    19068 kB
Unevictable:        1772 kB
Mlocked:            3816 kB
HighTotal:             0 kB
HighFree:              0 kB
LowTotal:         482068 kB
LowFree:            3984 kB
SwapTotal:             0 kB
SwapFree:              0 kB
Dirty:                 0 kB
Writeback:             0 kB
AnonPages:        359244 kB
Mapped:            50912 kB
Shmem:              3364 kB
Slab:              18288 kB
SReclaimable:       4600 kB
SUnreclaim:        13688 kB
KernelStack:        5264 kB
PageTables:         6064 kB
NFS_Unstable:          0 kB
Bounce:                0 kB
WritebackTmp:          0 kB
CommitLimit:      241032 kB
Committed_AS:    3443020 kB
VmallocTotal:     507904 kB
VmallocUsed:      108572 kB
VmallocChunk:     112576 kB
1557576932.000000
MemTotal:         482068 kB
MemFree:            6016 kB
Buffers:             324 kB
Cached:            49152 kB
SwapCached:            0 kB
Active:           370928 kB
Inactive:          27468 kB
Active(anon):     350448 kB
Inactive(anon):     3144 kB
Active(file):      20480 kB
Inactive(file):    24324 kB
Unevictable:        1772 kB
Mlocked:            3816 kB
HighTotal:             0 kB
HighFree:              0 kB
LowTotal:         482068 kB
LowFree:            6016 kB
SwapTotal:             0 kB
SwapFree:              0 kB
Dirty:                 0 kB
Writeback:             0 kB
AnonPages:        350788 kB
Mapped:            40424 kB
Shmem:              3364 kB
Slab:              18340 kB
SReclaimable:       4600 kB
SUnreclaim:        13740 kB
KernelStack:        5152 kB
PageTables:         6032 kB
NFS_Unstable:          0 kB
Bounce:                0 kB
WritebackTmp:          0 kB
CommitLimit:      241032 kB
Committed_AS:    3414440 kB
VmallocTotal:     507904 kB
VmallocUsed:      108572 kB
VmallocChunk:     112576 kB
1557576933.000000
MemTotal:         482068 kB
MemFree:            4132 kB
Buffers:             604 kB
Cached:            47904 kB
SwapCached:            0 kB
Active:           374660 kB
Inactive:          25132 kB
Active(anon):     352796 kB
Inactive(anon):     3168 kB
Active(file):      21864 kB
Inactive(file):    21964 kB
Unevictable:        1772 kB
Mlocked:            3816 kB
HighTotal:             0 kB
HighFree:              0 kB
LowTotal:         482068 kB
LowFree:            4132 kB
SwapTotal:             0 kB
SwapFree:              0 kB
Dirty:                32 kB
Writeback:             0 kB
AnonPages:        353128 kB
Mapped:            45340 kB
Shmem:              3388 kB
Slab:              18296 kB
SReclaimable:       4604 kB
SUnreclaim:        13692 kB
KernelStack:        5240 kB
PageTables:         6020 kB
NFS_Unstable:          0 kB
Bounce:                0 kB
WritebackTmp:          0 kB
CommitLimit:      241032 kB
Committed_AS:    3426192 kB
VmallocTotal:     507904 kB
VmallocUsed:      108572 kB
VmallocChunk:     112576 kB
1557576933.000000
MemTotal:         482068 kB
MemFree:            3944 kB
Buffers:             220 kB
Cached:            46040 kB
SwapCached:            0 kB
Active:           376672 kB
Inactive:          23116 kB
Active(anon):     356936 kB
Inactive(anon):     3168 kB
Active(file):      19736 kB
Inactive(file):    19948 kB
Unevictable:        1772 kB
Mlocked:            3816 kB
HighTotal:             0 kB
HighFree:              0 kB
LowTotal:         482068 kB
LowFree:            3944 kB
SwapTotal:             0 kB
SwapFree:              0 kB
Dirty:                32 kB
Writeback:             0 kB
AnonPages:        355308 kB
Mapped:            50708 kB
Shmem:              5288 kB
Slab:              18316 kB
SReclaimable:       4604 kB
SUnreclaim:        13712 kB
KernelStack:        5264 kB
PageTables:         6280 kB
NFS_Unstable:          0 kB
Bounce:                0 kB
WritebackTmp:          0 kB
CommitLimit:      241032 kB
Committed_AS:    3542892 kB
VmallocTotal:     507904 kB
VmallocUsed:      108572 kB
VmallocChunk:     112576 kB
1557576935.000000
MemTotal:         482068 kB
MemFree:            4060 kB
Buffers:             156 kB
Cached:            45072 kB
SwapCached:            0 kB
Active:           376980 kB
Inactive:          22728 kB
Active(anon):     357840 kB
Inactive(anon):     3168 kB
Active(file):      19140 kB
Inactive(file):    19560 kB
Unevictable:        1772 kB
Mlocked:            3816 kB
HighTotal:             0 kB
HighFree:              0 kB
LowTotal:         482068 kB
LowFree:            4060 kB
SwapTotal:             0 kB
SwapFree:              0 kB
Dirty:                 0 kB
Writeback:             0 kB
AnonPages:        356192 kB
Mapped:            56048 kB
Shmem:              5324 kB
Slab:              18332 kB
SReclaimable:       4604 kB
SUnreclaim:        13728 kB
KernelStack:        5280 kB
PageTables:         6368 kB
NFS_Unstable:          0 kB
Bounce:                0 kB
WritebackTmp:          0 kB
CommitLimit:      241032 kB
Committed_AS:    3549392 kB
VmallocTotal:     507904 kB
VmallocUsed:      108572 kB
VmallocChunk:     112576 kB
1557576937.000000
MemTotal:         482068 kB
MemFree:            4252 kB
Buffers:             264 kB
Cached:            45424 kB
SwapCached:            0 kB
Active:           376660 kB
Inactive:          23000 kB
Active(anon):     357432 kB
Inactive(anon):     3176 kB
Active(file):      19228 kB
Inactive(file):    19824 kB
Unevictable:        1772 kB
Mlocked:            3816 kB
HighTotal:             0 kB
HighFree:              0 kB
LowTotal:         482068 kB
LowFree:            4252 kB
SwapTotal:             0 kB
SwapFree:              0 kB
Dirty:                 0 kB
Writeback:             0 kB
AnonPages:        355796 kB
Mapped:            38116 kB
Shmem:              5332 kB
Slab:              18200 kB
SReclaimable:       4608 kB
SUnreclaim:        13592 kB
KernelStack:        5368 kB
PageTables:         6196 kB
NFS_Unstable:          0 kB
Bounce:                0 kB
WritebackTmp:          0 kB
CommitLimit:      241032 kB
Committed_AS:    3433776 kB
VmallocTotal:     507904 kB
VmallocUsed:      108572 kB
VmallocChunk:     112576 kB
1557576939.000000
MemTotal:         482068 kB
MemFree:            3476 kB
Buffers:            1340 kB
Cached:            44228 kB
SwapCached:            0 kB
Active:           377280 kB
Inactive:          23188 kB
Active(anon):     358408 kB
Inactive(anon):     3472 kB
Active(file):      18872 kB
Inactive(file):    19716 kB
Unevictable:        1772 kB
Mlocked:            3816 kB
HighTotal:             0 kB
HighFree:              0 kB
LowTotal:         482068 kB
LowFree:            3476 kB
SwapTotal:             0 kB
SwapFree:              0 kB
Dirty:               168 kB
Writeback:             0 kB
AnonPages:        356788 kB
Mapped:            43868 kB
Shmem:              5628 kB
Slab:              18248 kB
SReclaimable:       4612 kB
SUnreclaim:        13636 kB
KernelStack:        5400 kB
PageTables:         6148 kB
NFS_Unstable:          0 kB
Bounce:                0 kB
WritebackTmp:          0 kB
CommitLimit:      241032 kB
Committed_AS:    3434736 kB
VmallocTotal:     507904 kB
VmallocUsed:      108572 kB
VmallocChunk:     112576 kB
1557576940.000000
MemTotal:         482068 kB
MemFree:           10536 kB
Buffers:             972 kB
Cached:            46520 kB
SwapCached:            0 kB
Active:           367984 kB
Inactive:          26092 kB
Active(anon):     348068 kB
Inactive(anon):     3160 kB
Active(file):      19916 kB
Inactive(file):    22932 kB
Unevictable:        1772 kB
Mlocked:            3816 kB
HighTotal:             0 kB
HighFree:              0 kB
LowTotal:         482068 kB
LowFree:           10536 kB
SwapTotal:             0 kB
SwapFree:              0 kB
Dirty:               168 kB
Writeback:             0 kB
AnonPages:        348316 kB
Mapped:            36020 kB
Shmem:              3388 kB
Slab:              18260 kB
SReclaimable:       4612 kB
SUnreclaim:        13648 kB
KernelStack:        5184 kB
PageTables:         5808 kB
NFS_Unstable:          0 kB
Bounce:                0 kB
WritebackTmp:          0 kB
CommitLimit:      241032 kB
Committed_AS:    3308812 kB
VmallocTotal:     507904 kB
VmallocUsed:      106536 kB
VmallocChunk:     112576 kB
1557576941.000000
MemTotal:         482068 kB
MemFree:            8660 kB
Buffers:             972 kB
Cached:            50548 kB
SwapCached:            0 kB
Active:           365696 kB
Inactive:          30044 kB
Active(anon):     345780 kB
Inactive(anon):     3160 kB
Active(file):      19916 kB
Inactive(file):    26884 kB
Unevictable:        1772 kB
Mlocked:            3816 kB
HighTotal:             0 kB
HighFree:              0 kB
LowTotal:         482068 kB
LowFree:            8660 kB
SwapTotal:             0 kB
SwapFree:              0 kB
Dirty:               168 kB
Writeback:             0 kB
AnonPages:        346036 kB
Mapped:            36552 kB
Shmem:              3388 kB
Slab:              18260 kB
SReclaimable:       4612 kB
SUnreclaim:        13648 kB
KernelStack:        5184 kB
PageTables:         5808 kB
NFS_Unstable:          0 kB
Bounce:                0 kB
WritebackTmp:          0 kB
CommitLimit:      241032 kB
Committed_AS:    3306376 kB
VmallocTotal:     507904 kB
VmallocUsed:      106536 kB
VmallocChunk:     112576 kB
1557576942.000000
MemTotal:         482068 kB
MemFree:            5452 kB
Buffers:             972 kB
Cached:            53968 kB
SwapCached:            0 kB
Active:           365716 kB
Inactive:          33428 kB
Active(anon):     345780 kB
Inactive(anon):     3160 kB
Active(file):      19936 kB
Inactive(file):    30268 kB
Unevictable:        1772 kB
Mlocked:            3816 kB
HighTotal:             0 kB
HighFree:              0 kB
LowTotal:         482068 kB
LowFree:            5452 kB
SwapTotal:             0 kB
SwapFree:              0 kB
Dirty:                16 kB
Writeback:             0 kB
AnonPages:        346116 kB
Mapped:            36956 kB
Shmem:              3388 kB
Slab:              18292 kB
SReclaimable:       4612 kB
SUnreclaim:        13680 kB
KernelStack:        5184 kB
PageTables:         5800 kB
NFS_Unstable:          0 kB
Bounce:                0 kB
WritebackTmp:          0 kB
CommitLimit:      241032 kB
Committed_AS:    3306412 kB
VmallocTotal:     507904 kB
VmallocUsed:      106528 kB
VmallocChunk:     112576 kB
1557576943.000000
MemTotal:         482068 kB
MemFree:            4972 kB
Buffers:             972 kB
Cached:            53956 kB
SwapCached:            0 kB
Active:           365980 kB
Inactive:          33504 kB
Active(anon):     346040 kB
Inactive(anon):     3160 kB
Active(file):      19940 kB
Inactive(file):    30344 kB
Unevictable:        1772 kB
Mlocked:            3816 kB
HighTotal:             0 kB
HighFree:              0 kB
LowTotal:         482068 kB
LowFree:            4972 kB
SwapTotal:             0 kB
SwapFree:              0 kB
Dirty:                 0 kB
Writeback:             0 kB
AnonPages:        346372 kB
Mapped:            37020 kB
Shmem:              3388 kB
Slab:              18244 kB
SReclaimable:       4612 kB
SUnreclaim:        13632 kB
KernelStack:        5176 kB
PageTables:         5800 kB
NFS_Unstable:          0 kB
Bounce:                0 kB
WritebackTmp:          0 kB
CommitLimit:      241032 kB
Committed_AS:    3306412 kB
VmallocTotal:     507904 kB
VmallocUsed:      106528 kB
VmallocChunk:     112576 kB
1557576944.000000
MemTotal:         482068 kB
MemFree:            3600 kB
Buffers:             972 kB
Cached:            54772 kB
SwapCached:            0 kB
Active:           366608 kB
Inactive:          34320 kB
Active(anon):     346668 kB
Inactive(anon):     3160 kB
Active(file):      19940 kB
Inactive(file):    31160 kB
Unevictable:        1772 kB
Mlocked:            3816 kB
HighTotal:             0 kB
HighFree:              0 kB
LowTotal:         482068 kB
LowFree:            3600 kB
SwapTotal:             0 kB
SwapFree:              0 kB
Dirty:                 0 kB
Writeback:             0 kB
AnonPages:        346988 kB
Mapped:            37216 kB
Shmem:              3388 kB
Slab:              18216 kB
SReclaimable:       4612 kB
SUnreclaim:        13604 kB
KernelStack:        5184 kB
PageTables:         5812 kB
NFS_Unstable:          0 kB
Bounce:                0 kB
WritebackTmp:          0 kB
CommitLimit:      241032 kB
Committed_AS:    3306504 kB
VmallocTotal:     507904 kB
VmallocUsed:      106528 kB
VmallocChunk:     112576 kB
1557576945.000000
MemTotal:         482068 kB
MemFree:            4104 kB
Buffers:             672 kB
Cached:            54352 kB
SwapCached:            0 kB
Active:           366788 kB
Inactive:          33500 kB
Active(anon):     346772 kB
Inactive(anon):     3160 kB
Active(file):      20016 kB
Inactive(file):    30340 kB
Unevictable:        1772 kB
Mlocked:            3816 kB
HighTotal:             0 kB
HighFree:              0 kB
LowTotal:         482068 kB
LowFree:            4104 kB
SwapTotal:             0 kB
SwapFree:              0 kB
Dirty:                76 kB
Writeback:             0 kB
AnonPages:        347072 kB
Mapped:            37416 kB
Shmem:              3388 kB
Slab:              18256 kB
SReclaimable:       4612 kB
SUnreclaim:        13644 kB
KernelStack:        5184 kB
PageTables:         5816 kB
NFS_Unstable:          0 kB
Bounce:                0 kB
WritebackTmp:          0 kB
CommitLimit:      241032 kB
Committed_AS:    3306604 kB
VmallocTotal:     507904 kB
VmallocUsed:      106528 kB
VmallocChunk:     112576 kB
1557576946.000000
MemTotal:         482068 kB
MemFree:            6504 kB
Buffers:             672 kB
Cached:            54592 kB
SwapCached:            0 kB
Active:           364172 kB
Inactive:          33764 kB
Active(anon):     344156 kB
Inactive(anon):     3160 kB
Active(file):      20016 kB
Inactive(file):    30604 kB
Unevictable:        1772 kB
Mlocked:            3816 kB
HighTotal:             0 kB
HighFree:              0 kB
LowTotal:         482068 kB
LowFree:            6504 kB
SwapTotal:             0 kB
SwapFree:              0 kB
Dirty:                56 kB
Writeback:             0 kB
AnonPages:        344420 kB
Mapped:            37524 kB
Shmem:              3388 kB
Slab:              18252 kB
SReclaimable:       4612 kB
SUnreclaim:        13640 kB
KernelStack:        5184 kB
PageTables:         5888 kB
NFS_Unstable:          0 kB
Bounce:                0 kB
WritebackTmp:          0 kB
CommitLimit:      241032 kB
Committed_AS:    3305624 kB
VmallocTotal:     507904 kB
VmallocUsed:      106528 kB
VmallocChunk:     112576 kB
1557576946.000000
MemTotal:         482068 kB
MemFree:            6288 kB
Buffers:             672 kB
Cached:            54592 kB
SwapCached:            0 kB
Active:           364384 kB
Inactive:          33764 kB
Active(anon):     344368 kB
Inactive(anon):     3160 kB
Active(file):      20016 kB
Inactive(file):    30604 kB
Unevictable:        1772 kB
Mlocked:            3816 kB
HighTotal:             0 kB
HighFree:              0 kB
LowTotal:         482068 kB
LowFree:            6288 kB
SwapTotal:             0 kB
SwapFree:              0 kB
Dirty:                56 kB
Writeback:             0 kB
AnonPages:        344652 kB
Mapped:            37516 kB
Shmem:              3388 kB
Slab:              18252 kB
SReclaimable:       4612 kB
SUnreclaim:        13640 kB
KernelStack:        5184 kB
PageTables:         5876 kB
NFS_Unstable:          0 kB
Bounce:                0 kB
WritebackTmp:          0 kB
CommitLimit:      241032 kB
Committed_AS:    3305656 kB
VmallocTotal:     507904 kB
VmallocUsed:      106528 kB
VmallocChunk:     112576 kB
1557576947.000000
MemTotal:         482068 kB
MemFree:            5552 kB
Buffers:             672 kB
Cached:            55104 kB
SwapCached:            0 kB
Active:           364448 kB
Inactive:          34276 kB
Active(anon):     344432 kB
Inactive(anon):     3160 kB
Active(file):      20016 kB
Inactive(file):    31116 kB
Unevictable:        1772 kB
Mlocked:            3816 kB
HighTotal:             0 kB
HighFree:              0 kB
LowTotal:         482068 kB
LowFree:            5552 kB
SwapTotal:             0 kB
SwapFree:              0 kB
Dirty:                 0 kB
Writeback:             0 kB
AnonPages:        344728 kB
Mapped:            37596 kB
Shmem:              3388 kB
Slab:              18256 kB
SReclaimable:       4612 kB
SUnreclaim:        13644 kB
KernelStack:        5184 kB
PageTables:         5828 kB
NFS_Unstable:          0 kB
Bounce:                0 kB
WritebackTmp:          0 kB
CommitLimit:      241032 kB
Committed_AS:    3305660 kB
VmallocTotal:     507904 kB
VmallocUsed:      106528 kB
VmallocChunk:     112576 kB
1557576948.000000
MemTotal:         482068 kB
MemFree:            4816 kB
Buffers:             672 kB
Cached:            55104 kB
SwapCached:            0 kB
Active:           365124 kB
Inactive:          34276 kB
Active(anon):     345108 kB
Inactive(anon):     3160 kB
Active(file):      20016 kB
Inactive(file):    31116 kB
Unevictable:        1772 kB
Mlocked:            3816 kB
HighTotal:             0 kB
HighFree:              0 kB
LowTotal:         482068 kB
LowFree:            4816 kB
SwapTotal:             0 kB
SwapFree:              0 kB
Dirty:                 0 kB
Writeback:             0 kB
AnonPages:        345424 kB
Mapped:            37608 kB
Shmem:              3388 kB
Slab:              18252 kB
SReclaimable:       4612 kB
SUnreclaim:        13640 kB
KernelStack:        5184 kB
PageTables:         5800 kB
NFS_Unstable:          0 kB
Bounce:                0 kB
WritebackTmp:          0 kB
CommitLimit:      241032 kB
Committed_AS:    3305748 kB
VmallocTotal:     507904 kB
VmallocUsed:      106528 kB
VmallocChunk:     112576 kB
1557576949.000000
MemTotal:         482068 kB
MemFree:            4724 kB
Buffers:             672 kB
Cached:            55256 kB
SwapCached:            0 kB
Active:           365296 kB
Inactive:          34428 kB
Active(anon):     345280 kB
Inactive(anon):     3160 kB
Active(file):      20016 kB
Inactive(file):    31268 kB
Unevictable:        1772 kB
Mlocked:            3816 kB
HighTotal:             0 kB
HighFree:              0 kB
LowTotal:         482068 kB
LowFree:            4724 kB
SwapTotal:             0 kB
SwapFree:              0 kB
Dirty:                 0 kB
Writeback:             0 kB
AnonPages:        345588 kB
Mapped:            37632 kB
Shmem:              3388 kB
Slab:              18248 kB
SReclaimable:       4612 kB
SUnreclaim:        13636 kB
KernelStack:        5184 kB
PageTables:         5800 kB
NFS_Unstable:          0 kB
Bounce:                0 kB
WritebackTmp:          0 kB
CommitLimit:      241032 kB
Committed_AS:    3305844 kB
VmallocTotal:     507904 kB
VmallocUsed:      106528 kB
VmallocChunk:     112576 kB
1557576950.000000
MemTotal:         482068 kB
MemFree:            5048 kB
Buffers:             672 kB
Cached:            55484 kB
SwapCached:            0 kB
Active:           364672 kB
Inactive:          34584 kB
Active(anon):     344656 kB
Inactive(anon):     3160 kB
Active(file):      20016 kB
Inactive(file):    31424 kB
Unevictable:        1772 kB
Mlocked:            3816 kB
HighTotal:             0 kB
HighFree:              0 kB
LowTotal:         482068 kB
LowFree:            5048 kB
SwapTotal:             0 kB
SwapFree:              0 kB
Dirty:                 0 kB
Writeback:             0 kB
AnonPages:        344980 kB
Mapped:            37784 kB
Shmem:              3388 kB
Slab:              18300 kB
SReclaimable:       4612 kB
SUnreclaim:        13688 kB
KernelStack:        5184 kB
PageTables:         5800 kB
NFS_Unstable:          0 kB
Bounce:                0 kB
WritebackTmp:          0 kB
CommitLimit:      241032 kB
Committed_AS:    3305748 kB
VmallocTotal:     507904 kB
VmallocUsed:      106528 kB
VmallocChunk:     112576 kB
1557576951.000000
MemTotal:         482068 kB
MemFree:            4816 kB
Buffers:             672 kB
Cached:            55436 kB
SwapCached:            0 kB
Active:           364824 kB
Inactive:          34608 kB
Active(anon):     344808 kB
Inactive(anon):     3160 kB
Active(file):      20016 kB
Inactive(file):    31448 kB
Unevictable:        1772 kB
Mlocked:            3816 kB
HighTotal:             0 kB
HighFree:              0 kB
LowTotal:         482068 kB
LowFree:            4816 kB
SwapTotal:             0 kB
SwapFree:              0 kB
Dirty:                 0 kB
Writeback:             0 kB
AnonPages:        345116 kB
Mapped:            37836 kB
Shmem:              3388 kB
Slab:              18248 kB
SReclaimable:       4612 kB
SUnreclaim:        13636 kB
KernelStack:        5176 kB
PageTables:         5800 kB
NFS_Unstable:          0 kB
Bounce:                0 kB
WritebackTmp:          0 kB
CommitLimit:      241032 kB
Committed_AS:    3305848 kB
VmallocTotal:     507904 kB
VmallocUsed:      106528 kB
VmallocChunk:     112576 kB
1557576952.000000
MemTotal:         482068 kB
MemFree:            4740 kB
Buffers:             672 kB
Cached:            55472 kB
SwapCached:            0 kB
Active:           364904 kB
Inactive:          34644 kB
Active(anon):     344888 kB
Inactive(anon):     3160 kB
Active(file):      20016 kB
Inactive(file):    31484 kB
Unevictable:        1772 kB
Mlocked:            3816 kB
HighTotal:             0 kB
HighFree:              0 kB
LowTotal:         482068 kB
LowFree:            4740 kB
SwapTotal:             0 kB
SwapFree:              0 kB
Dirty:                 0 kB
Writeback:             0 kB
AnonPages:        345144 kB
Mapped:            38148 kB
Shmem:              3388 kB
Slab:              18316 kB
SReclaimable:       4612 kB
SUnreclaim:        13704 kB
KernelStack:        5184 kB
PageTables:         5824 kB
NFS_Unstable:          0 kB
Bounce:                0 kB
WritebackTmp:          0 kB
CommitLimit:      241032 kB
Committed_AS:    3305880 kB
VmallocTotal:     507904 kB
VmallocUsed:      106528 kB
VmallocChunk:     112576 kB
1557576953.000000
MemTotal:         482068 kB
MemFree:            4956 kB
Buffers:             672 kB
Cached:            55700 kB
SwapCached:            0 kB
Active:           364540 kB
Inactive:          34848 kB
Active(anon):     344524 kB
Inactive(anon):     3156 kB
Active(file):      20016 kB
Inactive(file):    31692 kB
Unevictable:        1772 kB
Mlocked:            3816 kB
HighTotal:             0 kB
HighFree:              0 kB
LowTotal:         482068 kB
LowFree:            4956 kB
SwapTotal:             0 kB
SwapFree:              0 kB
Dirty:                 0 kB
Writeback:             0 kB
