MemTotal:        1899508 kB
MemFree:           55240 kB
Buffers:            2156 kB
Cached:           287668 kB
SwapCached:            0 kB
Active:          1466088 kB
Inactive:         188576 kB
Active(anon):    1368144 kB
Inactive(anon):     2360 kB
Active(file):      97944 kB
Inactive(file):   186216 kB
Unevictable:        1940 kB
Mlocked:               0 kB
HighTotal:       1158144 kB
HighFree:           4108 kB
LowTotal:         741364 kB
LowFree:           51132 kB
SwapTotal:             0 kB
SwapFree:              0 kB
Dirty:                 0 kB
Writeback:             0 kB
AnonPages:       1366856 kB
Mapped:           141608 kB
Shmem:              3724 kB
Slab:              33496 kB
SReclaimable:      12000 kB
SUnreclaim:        21496 kB
KernelStack:        6784 kB
PageTables:        14848 kB
NFS_Unstable:          0 kB
Bounce:                0 kB
WritebackTmp:          0 kB
CommitLimit:      949752 kB
Committed_AS:   18161208 kB
VmallocTotal:     245760 kB
VmallocUsed:       57428 kB
VmallocChunk:      75648 kB
1557661961.797981
MemTotal:        1899508 kB
MemFree:           55372 kB
Buffers:            2156 kB
Cached:           287668 kB
SwapCached:            0 kB
Active:          1466324 kB
Inactive:         188576 kB
Active(anon):    1368380 kB
Inactive(anon):     2360 kB
Active(file):      97944 kB
Inactive(file):   186216 kB
Unevictable:        1940 kB
Mlocked:               0 kB
HighTotal:       1158144 kB
HighFree:           4116 kB
LowTotal:         741364 kB
LowFree:           51256 kB
SwapTotal:             0 kB
SwapFree:              0 kB
Dirty:                 0 kB
Writeback:             0 kB
AnonPages:       1367068 kB
Mapped:           141620 kB
Shmem:              3724 kB
Slab:              33496 kB
SReclaimable:      12000 kB
SUnreclaim:        21496 kB
KernelStack:        6736 kB
PageTables:        14848 kB
NFS_Unstable:          0 kB
Bounce:                0 kB
WritebackTmp:          0 kB
CommitLimit:      949752 kB
Committed_AS:   18162528 kB
VmallocTotal:     245760 kB
VmallocUsed:       57428 kB
VmallocChunk:      75648 kB
1557661962.552682
MemTotal:        1899508 kB
MemFree:           55408 kB
Buffers:            2156 kB
Cached:           287668 kB
SwapCached:            0 kB
Active:          1466240 kB
Inactive:         188576 kB
Active(anon):    1368296 kB
Inactive(anon):     2360 kB
Active(file):      97944 kB
Inactive(file):   186216 kB
Unevictable:        1940 kB
Mlocked:               0 kB
HighTotal:       1158144 kB
HighFree:           4060 kB
LowTotal:         741364 kB
LowFree:           51348 kB
SwapTotal:             0 kB
SwapFree:              0 kB
Dirty:                 0 kB
Writeback:             0 kB
AnonPages:       1367124 kB
Mapped:           141596 kB
Shmem:              3724 kB
Slab:              33496 kB
SReclaimable:      12000 kB
SUnreclaim:        21496 kB
KernelStack:        6784 kB
PageTables:        14844 kB
NFS_Unstable:          0 kB
Bounce:                0 kB
WritebackTmp:          0 kB
CommitLimit:      949752 kB
Committed_AS:   18162528 kB
VmallocTotal:     245760 kB
VmallocUsed:       57428 kB
VmallocChunk:      75648 kB
1557661963.270100
MemTotal:        1899508 kB
MemFree:           55324 kB
Buffers:            2156 kB
Cached:           287668 kB
SwapCached:            0 kB
Active:          1466244 kB
Inactive:         188576 kB
Active(anon):    1368300 kB
Inactive(anon):     2360 kB
Active(file):      97944 kB
Inactive(file):   186216 kB
Unevictable:        1940 kB
Mlocked:               0 kB
HighTotal:       1158144 kB
HighFree:           3944 kB
LowTotal:         741364 kB
LowFree:           51380 kB
SwapTotal:             0 kB
SwapFree:              0 kB
Dirty:                 0 kB
Writeback:             0 kB
AnonPages:       1367160 kB
Mapped:           141604 kB
Shmem:              3724 kB
Slab:              33496 kB
SReclaimable:      12000 kB
SUnreclaim:        21496 kB
KernelStack:        6784 kB
PageTables:        14848 kB
NFS_Unstable:          0 kB
Bounce:                0 kB
WritebackTmp:          0 kB
CommitLimit:      949752 kB
Committed_AS:   18162528 kB
VmallocTotal:     245760 kB
VmallocUsed:       57428 kB
VmallocChunk:      75648 kB
1557661964.024443
MemTotal:        1899508 kB
MemFree:           55340 kB
Buffers:            2156 kB
Cached:           287668 kB
SwapCached:            0 kB
Active:          1466432 kB
Inactive:         188576 kB
Active(anon):    1368488 kB
Inactive(anon):     2360 kB
Active(file):      97944 kB
Inactive(file):   186216 kB
Unevictable:        1940 kB
Mlocked:               0 kB
HighTotal:       1158144 kB
HighFree:           3852 kB
LowTotal:         741364 kB
LowFree:           51488 kB
SwapTotal:             0 kB
SwapFree:              0 kB
Dirty:                 0 kB
Writeback:             0 kB
AnonPages:       1367164 kB
Mapped:           141580 kB
Shmem:              3724 kB
Slab:              33496 kB
SReclaimable:      12000 kB
SUnreclaim:        21496 kB
KernelStack:        6784 kB
PageTables:        14852 kB
NFS_Unstable:          0 kB
Bounce:                0 kB
WritebackTmp:          0 kB
CommitLimit:      949752 kB
Committed_AS:   18163848 kB
VmallocTotal:     245760 kB
VmallocUsed:       57428 kB
VmallocChunk:      75648 kB
1557661964.772577
MemTotal:        1899508 kB
MemFree:           55924 kB
Buffers:            2156 kB
Cached:           287668 kB
SwapCached:            0 kB
Active:          1465928 kB
Inactive:         188576 kB
Active(anon):    1367984 kB
Inactive(anon):     2360 kB
Active(file):      97944 kB
Inactive(file):   186216 kB
Unevictable:        1940 kB
Mlocked:               0 kB
HighTotal:       1158144 kB
HighFree:           4544 kB
LowTotal:         741364 kB
LowFree:           51380 kB
SwapTotal:             0 kB
SwapFree:              0 kB
Dirty:                 0 kB
Writeback:             0 kB
AnonPages:       1366668 kB
Mapped:           141580 kB
Shmem:              3724 kB
Slab:              33496 kB
SReclaimable:      12000 kB
SUnreclaim:        21496 kB
KernelStack:        6784 kB
PageTables:        14852 kB
NFS_Unstable:          0 kB
Bounce:                0 kB
WritebackTmp:          0 kB
CommitLimit:      949752 kB
Committed_AS:   18163848 kB
VmallocTotal:     245760 kB
VmallocUsed:       57428 kB
VmallocChunk:      75648 kB
1557661965.488731
MemTotal:        1899508 kB
MemFree:           55848 kB
Buffers:            2156 kB
Cached:           287668 kB
SwapCached:            0 kB
Active:          1465928 kB
Inactive:         188576 kB
Active(anon):    1367984 kB
Inactive(anon):     2360 kB
Active(file):      97944 kB
Inactive(file):   186216 kB
Unevictable:        1940 kB
Mlocked:               0 kB
HighTotal:       1158144 kB
HighFree:           4392 kB
LowTotal:         741364 kB
LowFree:           51456 kB
SwapTotal:             0 kB
SwapFree:              0 kB
Dirty:                 0 kB
Writeback:             0 kB
AnonPages:       1366604 kB
Mapped:           141596 kB
Shmem:              3724 kB
Slab:              33496 kB
SReclaimable:      12000 kB
SUnreclaim:        21496 kB
KernelStack:        6784 kB
PageTables:        14844 kB
NFS_Unstable:          0 kB
Bounce:                0 kB
WritebackTmp:          0 kB
CommitLimit:      949752 kB
Committed_AS:   18163848 kB
VmallocTotal:     245760 kB
VmallocUsed:       57428 kB
VmallocChunk:      75648 kB
1557661966.232425
MemTotal:        1899508 kB
MemFree:           55908 kB
Buffers:            2156 kB
Cached:           287668 kB
SwapCached:            0 kB
Active:          1465868 kB
Inactive:         188576 kB
Active(anon):    1367924 kB
Inactive(anon):     2360 kB
Active(file):      97944 kB
Inactive(file):   186216 kB
Unevictable:        1940 kB
Mlocked:               0 kB
HighTotal:       1158144 kB
HighFree:           4576 kB
LowTotal:         741364 kB
LowFree:           51332 kB
SwapTotal:             0 kB
SwapFree:              0 kB
Dirty:                 0 kB
Writeback:             0 kB
AnonPages:       1366608 kB
Mapped:           141592 kB
Shmem:              3724 kB
Slab:              33496 kB
SReclaimable:      12000 kB
SUnreclaim:        21496 kB
KernelStack:        6768 kB
PageTables:        14836 kB
NFS_Unstable:          0 kB
Bounce:                0 kB
WritebackTmp:          0 kB
CommitLimit:      949752 kB
Committed_AS:   18160888 kB
VmallocTotal:     245760 kB
VmallocUsed:       57428 kB
VmallocChunk:      75648 kB
1557661966.920605
MemTotal:        1899508 kB
MemFree:           56144 kB
Buffers:            2156 kB
Cached:           287668 kB
SwapCached:            0 kB
Active:          1465760 kB
Inactive:         188576 kB
Active(anon):    1367816 kB
Inactive(anon):     2360 kB
Active(file):      97944 kB
Inactive(file):   186216 kB
Unevictable:        1940 kB
Mlocked:               0 kB
HighTotal:       1158144 kB
HighFree:           4640 kB
LowTotal:         741364 kB
LowFree:           51504 kB
SwapTotal:             0 kB
SwapFree:              0 kB
Dirty:                 0 kB
Writeback:             0 kB
AnonPages:       1366476 kB
Mapped:           141640 kB
Shmem:              3724 kB
Slab:              33496 kB
SReclaimable:      12000 kB
SUnreclaim:        21496 kB
KernelStack:        6784 kB
PageTables:        14848 kB
NFS_Unstable:          0 kB
Bounce:                0 kB
WritebackTmp:          0 kB
CommitLimit:      949752 kB
Committed_AS:   18160888 kB
VmallocTotal:     245760 kB
VmallocUsed:       57428 kB
VmallocChunk:      75648 kB
1557661967.628718
MemTotal:        1899508 kB
MemFree:           55988 kB
Buffers:            2156 kB
Cached:           287668 kB
SwapCached:            0 kB
Active:          1465844 kB
Inactive:         188576 kB
Active(anon):    1367900 kB
Inactive(anon):     2360 kB
Active(file):      97944 kB
Inactive(file):   186216 kB
Unevictable:        1940 kB
Mlocked:               0 kB
HighTotal:       1158144 kB
HighFree:           4624 kB
LowTotal:         741364 kB
LowFree:           51364 kB
SwapTotal:             0 kB
SwapFree:              0 kB
Dirty:                 0 kB
Writeback:             0 kB
AnonPages:       1366600 kB
Mapped:           141640 kB
Shmem:              3724 kB
Slab:              33496 kB
SReclaimable:      12000 kB
SUnreclaim:        21496 kB
KernelStack:        6784 kB
PageTables:        14848 kB
NFS_Unstable:          0 kB
Bounce:                0 kB
WritebackTmp:          0 kB
CommitLimit:      949752 kB
Committed_AS:   18160888 kB
VmallocTotal:     245760 kB
VmallocUsed:       57428 kB
VmallocChunk:      75648 kB
1557661968.396559
MemTotal:        1899508 kB
MemFree:           55992 kB
Buffers:            2156 kB
Cached:           287668 kB
SwapCached:            0 kB
Active:          1465956 kB
Inactive:         188576 kB
Active(anon):    1368012 kB
Inactive(anon):     2360 kB
Active(file):      97944 kB
Inactive(file):   186216 kB
Unevictable:        1940 kB
Mlocked:               0 kB
HighTotal:       1158144 kB
HighFree:           4572 kB
LowTotal:         741364 kB
LowFree:           51420 kB
SwapTotal:             0 kB
SwapFree:              0 kB
Dirty:                 0 kB
Writeback:             0 kB
AnonPages:       1366812 kB
Mapped:           141592 kB
Shmem:              3724 kB
Slab:              33496 kB
SReclaimable:      12000 kB
SUnreclaim:        21496 kB
KernelStack:        6768 kB
PageTables:        14836 kB
NFS_Unstable:          0 kB
Bounce:                0 kB
WritebackTmp:          0 kB
CommitLimit:      949752 kB
Committed_AS:   18162208 kB
VmallocTotal:     245760 kB
VmallocUsed:       57428 kB
VmallocChunk:      75648 kB
1557661969.124837
MemTotal:        1899508 kB
MemFree:           55984 kB
Buffers:            2156 kB
Cached:           287668 kB
SwapCached:            0 kB
Active:          1465980 kB
Inactive:         188576 kB
Active(anon):    1368036 kB
Inactive(anon):     2360 kB
Active(file):      97944 kB
Inactive(file):   186216 kB
Unevictable:        1940 kB
Mlocked:               0 kB
HighTotal:       1158144 kB
HighFree:           4464 kB
LowTotal:         741364 kB
LowFree:           51520 kB
SwapTotal:             0 kB
SwapFree:              0 kB
Dirty:                 0 kB
Writeback:             0 kB
AnonPages:       1366744 kB
Mapped:           141600 kB
Shmem:              3724 kB
Slab:              33496 kB
SReclaimable:      12000 kB
SUnreclaim:        21496 kB
KernelStack:        6784 kB
PageTables:        14844 kB
NFS_Unstable:          0 kB
Bounce:                0 kB
WritebackTmp:          0 kB
CommitLimit:      949752 kB
Committed_AS:   18162208 kB
VmallocTotal:     245760 kB
VmallocUsed:       57428 kB
VmallocChunk:      75648 kB
1557661969.860473
MemTotal:        1899508 kB
MemFree:           55668 kB
Buffers:            2156 kB
Cached:           287760 kB
SwapCached:            0 kB
Active:          1465988 kB
Inactive:         188668 kB
Active(anon):    1368044 kB
Inactive(anon):     2360 kB
Active(file):      97944 kB
Inactive(file):   186308 kB
Unevictable:        1940 kB
Mlocked:               0 kB
HighTotal:       1158144 kB
HighFree:           4264 kB
LowTotal:         741364 kB
LowFree:           51404 kB
SwapTotal:             0 kB
SwapFree:              0 kB
Dirty:                 0 kB
Writeback:             0 kB
AnonPages:       1366664 kB
Mapped:           141612 kB
Shmem:              3724 kB
Slab:              33496 kB
SReclaimable:      12000 kB
SUnreclaim:        21496 kB
KernelStack:        6776 kB
PageTables:        14824 kB
NFS_Unstable:          0 kB
Bounce:                0 kB
WritebackTmp:          0 kB
CommitLimit:      949752 kB
Committed_AS:   18162220 kB
VmallocTotal:     245760 kB
VmallocUsed:       57428 kB
VmallocChunk:      75648 kB
1557661970.587640
MemTotal:        1899508 kB
MemFree:           57876 kB
Buffers:            2140 kB
Cached:           263012 kB
SwapCached:            0 kB
Active:          1472120 kB
Inactive:         161008 kB
Active(anon):    1371488 kB
Inactive(anon):     2108 kB
Active(file):     100632 kB
Inactive(file):   158900 kB
Unevictable:        1940 kB
Mlocked:               0 kB
HighTotal:       1158144 kB
HighFree:          11440 kB
LowTotal:         741364 kB
LowFree:           46436 kB
SwapTotal:             0 kB
SwapFree:              0 kB
Dirty:                 0 kB
Writeback:             0 kB
AnonPages:       1370136 kB
Mapped:           144588 kB
Shmem:              3476 kB
Slab:              33496 kB
SReclaimable:      12000 kB
SUnreclaim:        21496 kB
KernelStack:        6776 kB
PageTables:        14924 kB
NFS_Unstable:          0 kB
Bounce:                0 kB
WritebackTmp:          0 kB
CommitLimit:      949752 kB
Committed_AS:   18164936 kB
VmallocTotal:     245760 kB
VmallocUsed:       57544 kB
VmallocChunk:      75648 kB
1557661971.266179
MemTotal:        1899508 kB
MemFree:           72496 kB
Buffers:            2216 kB
Cached:           268244 kB
SwapCached:            0 kB
Active:          1476736 kB
Inactive:         165760 kB
Active(anon):    1375488 kB
Inactive(anon):     2104 kB
Active(file):     101248 kB
Inactive(file):   163656 kB
Unevictable:        1940 kB
Mlocked:               0 kB
HighTotal:       1158144 kB
HighFree:           4680 kB
LowTotal:         741364 kB
LowFree:           67816 kB
SwapTotal:             0 kB
SwapFree:              0 kB
Dirty:                32 kB
Writeback:             0 kB
AnonPages:       1374164 kB
Mapped:           148680 kB
Shmem:              3464 kB
Slab:              33568 kB
SReclaimable:      12000 kB
SUnreclaim:        21568 kB
KernelStack:        6840 kB
PageTables:        15332 kB
NFS_Unstable:          0 kB
Bounce:                0 kB
WritebackTmp:          0 kB
CommitLimit:      949752 kB
Committed_AS:   18733980 kB
VmallocTotal:     245760 kB
VmallocUsed:       58436 kB
VmallocChunk:      75648 kB
1557661971.999283
MemTotal:        1899508 kB
MemFree:           45884 kB
Buffers:            1920 kB
Cached:           286256 kB
SwapCached:            0 kB
Active:          1488364 kB
Inactive:         182048 kB
Active(anon):    1385820 kB
Inactive(anon):     2104 kB
Active(file):     102544 kB
Inactive(file):   179944 kB
Unevictable:        1940 kB
Mlocked:               0 kB
HighTotal:       1158144 kB
HighFree:           1792 kB
LowTotal:         741364 kB
LowFree:           44092 kB
SwapTotal:             0 kB
SwapFree:              0 kB
Dirty:               192 kB
Writeback:             0 kB
AnonPages:       1384404 kB
Mapped:           159180 kB
Shmem:              3468 kB
Slab:              33580 kB
SReclaimable:      12000 kB
SUnreclaim:        21580 kB
KernelStack:        6920 kB
PageTables:        15508 kB
NFS_Unstable:          0 kB
Bounce:                0 kB
WritebackTmp:          0 kB
CommitLimit:      949752 kB
Committed_AS:   18760700 kB
VmallocTotal:     245760 kB
VmallocUsed:       58436 kB
VmallocChunk:      75648 kB
1557661972.873978
MemTotal:        1899508 kB
MemFree:           45156 kB
Buffers:            1956 kB
Cached:           251764 kB
SwapCached:            0 kB
Active:          1517084 kB
Inactive:         131192 kB
Active(anon):    1397964 kB
Inactive(anon):     2108 kB
Active(file):     119120 kB
Inactive(file):   129084 kB
Unevictable:        1940 kB
Mlocked:               0 kB
HighTotal:       1158144 kB
HighFree:           1812 kB
LowTotal:         741364 kB
LowFree:           43344 kB
SwapTotal:             0 kB
SwapFree:              0 kB
Dirty:                 0 kB
Writeback:             0 kB
AnonPages:       1396688 kB
Mapped:           167236 kB
Shmem:              3468 kB
Slab:              33600 kB
SReclaimable:      12000 kB
SUnreclaim:        21600 kB
KernelStack:        7048 kB
PageTables:        15660 kB
NFS_Unstable:          0 kB
Bounce:                0 kB
WritebackTmp:          0 kB
CommitLimit:      949752 kB
Committed_AS:   18776972 kB
VmallocTotal:     245760 kB
VmallocUsed:       58676 kB
VmallocChunk:      75648 kB
1557661973.716718
MemTotal:        1899508 kB
MemFree:           44988 kB
Buffers:            1868 kB
Cached:           247652 kB
SwapCached:            0 kB
Active:          1525876 kB
Inactive:         125612 kB
Active(anon):    1405480 kB
Inactive(anon):     2108 kB
Active(file):     120396 kB
Inactive(file):   123504 kB
Unevictable:        1940 kB
Mlocked:               0 kB
HighTotal:       1158144 kB
HighFree:           2224 kB
LowTotal:         741364 kB
LowFree:           42764 kB
SwapTotal:             0 kB
SwapFree:              0 kB
Dirty:                 0 kB
Writeback:             0 kB
AnonPages:       1404340 kB
Mapped:           170284 kB
Shmem:              3468 kB
Slab:              33600 kB
SReclaimable:      12000 kB
SUnreclaim:        21600 kB
KernelStack:        7048 kB
PageTables:        15660 kB
NFS_Unstable:          0 kB
Bounce:                0 kB
WritebackTmp:          0 kB
CommitLimit:      949752 kB
Committed_AS:   18782844 kB
VmallocTotal:     245760 kB
VmallocUsed:       58676 kB
VmallocChunk:      75648 kB
1557661974.421486
MemTotal:        1899508 kB
MemFree:           45460 kB
Buffers:            1188 kB
Cached:           241468 kB
SwapCached:            0 kB
Active:          1530028 kB
Inactive:         120920 kB
Active(anon):    1411780 kB
Inactive(anon):     2108 kB
Active(file):     118248 kB
Inactive(file):   118812 kB
Unevictable:        1940 kB
Mlocked:               0 kB
HighTotal:       1158144 kB
HighFree:           1736 kB
LowTotal:         741364 kB
LowFree:           43724 kB
SwapTotal:             0 kB
SwapFree:              0 kB
Dirty:                80 kB
Writeback:             0 kB
AnonPages:       1410388 kB
Mapped:           172216 kB
Shmem:              3468 kB
Slab:              33624 kB
SReclaimable:      12000 kB
SUnreclaim:        21624 kB
KernelStack:        7152 kB
PageTables:        15680 kB
NFS_Unstable:          0 kB
Bounce:                0 kB
WritebackTmp:          0 kB
CommitLimit:      949752 kB
Committed_AS:   18788212 kB
VmallocTotal:     245760 kB
VmallocUsed:       58668 kB
VmallocChunk:      75648 kB
1557661975.196898
MemTotal:        1899508 kB
MemFree:           39964 kB
Buffers:            1212 kB
Cached:           222532 kB
SwapCached:            0 kB
Active:          1547120 kB
Inactive:         110472 kB
Active(anon):    1437376 kB
Inactive(anon):     2116 kB
Active(file):     109744 kB
Inactive(file):   108356 kB
Unevictable:        1940 kB
Mlocked:               0 kB
HighTotal:       1158144 kB
HighFree:            512 kB
LowTotal:         741364 kB
LowFree:           39452 kB
SwapTotal:             0 kB
SwapFree:              0 kB
Dirty:                20 kB
Writeback:             0 kB
AnonPages:       1435992 kB
Mapped:           172236 kB
Shmem:              3476 kB
Slab:              33636 kB
SReclaimable:      11996 kB
SUnreclaim:        21640 kB
KernelStack:        7224 kB
PageTables:        15724 kB
NFS_Unstable:          0 kB
Bounce:                0 kB
WritebackTmp:          0 kB
CommitLimit:      949752 kB
Committed_AS:   18821176 kB
VmallocTotal:     245760 kB
VmallocUsed:       58668 kB
VmallocChunk:      75648 kB
1557661976.003433
MemTotal:        1899508 kB
MemFree:           41576 kB
Buffers:            1240 kB
Cached:           221640 kB
SwapCached:            0 kB
Active:          1545652 kB
Inactive:         109944 kB
Active(anon):    1436228 kB
Inactive(anon):     2116 kB
Active(file):     109424 kB
Inactive(file):   107828 kB
Unevictable:        1940 kB
Mlocked:               0 kB
HighTotal:       1158144 kB
HighFree:           1332 kB
LowTotal:         741364 kB
LowFree:           40244 kB
SwapTotal:             0 kB
SwapFree:              0 kB
Dirty:               380 kB
Writeback:             0 kB
AnonPages:       1435036 kB
Mapped:           172660 kB
Shmem:              3476 kB
Slab:              33636 kB
SReclaimable:      11996 kB
SUnreclaim:        21640 kB
KernelStack:        7280 kB
PageTables:        15816 kB
NFS_Unstable:          0 kB
Bounce:                0 kB
WritebackTmp:          0 kB
CommitLimit:      949752 kB
Committed_AS:   18824288 kB
VmallocTotal:     245760 kB
VmallocUsed:       58668 kB
VmallocChunk:      75648 kB
1557661976.787043
MemTotal:        1899508 kB
MemFree:           45304 kB
Buffers:            1240 kB
Cached:           218380 kB
SwapCached:            0 kB
Active:          1543000 kB
Inactive:         108416 kB
Active(anon):    1435316 kB
Inactive(anon):     2116 kB
Active(file):     107684 kB
Inactive(file):   106300 kB
Unevictable:        1940 kB
Mlocked:               0 kB
HighTotal:       1158144 kB
HighFree:           3212 kB
LowTotal:         741364 kB
LowFree:           42092 kB
SwapTotal:             0 kB
SwapFree:              0 kB
Dirty:               380 kB
Writeback:             0 kB
AnonPages:       1434140 kB
Mapped:           172412 kB
Shmem:              3476 kB
Slab:              33636 kB
SReclaimable:      11996 kB
SUnreclaim:        21640 kB
KernelStack:        7280 kB
PageTables:        15916 kB
NFS_Unstable:          0 kB
Bounce:                0 kB
WritebackTmp:          0 kB
CommitLimit:      949752 kB
Committed_AS:   18826120 kB
VmallocTotal:     245760 kB
VmallocUsed:       58668 kB
VmallocChunk:      75648 kB
1557661977.468800
MemTotal:        1899508 kB
MemFree:           47284 kB
Buffers:            1240 kB
Cached:           216700 kB
SwapCached:            0 kB
Active:          1543024 kB
Inactive:         106956 kB
Active(anon):    1435456 kB
Inactive(anon):     2116 kB
Active(file):     107568 kB
Inactive(file):   104840 kB
Unevictable:        1940 kB
Mlocked:               0 kB
HighTotal:       1158144 kB
HighFree:           4028 kB
LowTotal:         741364 kB
LowFree:           43256 kB
SwapTotal:             0 kB
SwapFree:              0 kB
Dirty:               384 kB
Writeback:             0 kB
AnonPages:       1434224 kB
Mapped:           172364 kB
Shmem:              3476 kB
Slab:              33640 kB
SReclaimable:      11996 kB
SUnreclaim:        21644 kB
KernelStack:        7280 kB
PageTables:        15816 kB
NFS_Unstable:          0 kB
Bounce:                0 kB
WritebackTmp:          0 kB
CommitLimit:      949752 kB
Committed_AS:   18826420 kB
VmallocTotal:     245760 kB
VmallocUsed:       58668 kB
VmallocChunk:      75648 kB
1557661978.168407
MemTotal:        1899508 kB
MemFree:           53364 kB
Buffers:            1240 kB
Cached:           216320 kB
SwapCached:            0 kB
Active:          1537292 kB
Inactive:         106988 kB
Active(anon):    1430020 kB
Inactive(anon):     2116 kB
Active(file):     107272 kB
Inactive(file):   104872 kB
Unevictable:        1940 kB
Mlocked:               0 kB
HighTotal:       1158144 kB
HighFree:           4316 kB
LowTotal:         741364 kB
LowFree:           49048 kB
SwapTotal:             0 kB
SwapFree:              0 kB
Dirty:               388 kB
Writeback:             0 kB
AnonPages:       1428700 kB
Mapped:           165260 kB
Shmem:              3476 kB
Slab:              33640 kB
SReclaimable:      11996 kB
SUnreclaim:        21644 kB
KernelStack:        7264 kB
PageTables:        15812 kB
NFS_Unstable:          0 kB
Bounce:                0 kB
WritebackTmp:          0 kB
CommitLimit:      949752 kB
Committed_AS:   18825788 kB
VmallocTotal:     245760 kB
VmallocUsed:       58668 kB
VmallocChunk:      75648 kB
1557661978.915619
MemTotal:        1899508 kB
MemFree:           53044 kB
Buffers:            1240 kB
Cached:           216320 kB
SwapCached:            0 kB
Active:          1537412 kB
Inactive:         106988 kB
Active(anon):    1430140 kB
Inactive(anon):     2116 kB
Active(file):     107272 kB
Inactive(file):   104872 kB
Unevictable:        1940 kB
Mlocked:               0 kB
HighTotal:       1158144 kB
HighFree:           4012 kB
LowTotal:         741364 kB
LowFree:           49032 kB
SwapTotal:             0 kB
SwapFree:              0 kB
Dirty:               388 kB
Writeback:             0 kB
AnonPages:       1428764 kB
Mapped:           165312 kB
Shmem:              3476 kB
Slab:              33640 kB
SReclaimable:      11996 kB
SUnreclaim:        21644 kB
KernelStack:        7280 kB
PageTables:        15796 kB
NFS_Unstable:          0 kB
Bounce:                0 kB
WritebackTmp:          0 kB
CommitLimit:      949752 kB
Committed_AS:   18827232 kB
VmallocTotal:     245760 kB
VmallocUsed:       58668 kB
VmallocChunk:      75648 kB
1557661979.606441
MemTotal:        1899508 kB
MemFree:           53784 kB
Buffers:            1240 kB
Cached:           216320 kB
SwapCached:            0 kB
Active:          1536264 kB
Inactive:         106988 kB
Active(anon):    1428992 kB
Inactive(anon):     2116 kB
Active(file):     107272 kB
Inactive(file):   104872 kB
Unevictable:        1940 kB
Mlocked:               0 kB
HighTotal:       1158144 kB
HighFree:           4348 kB
LowTotal:         741364 kB
LowFree:           49436 kB
SwapTotal:             0 kB
SwapFree:              0 kB
Dirty:               388 kB
Writeback:             0 kB
AnonPages:       1427744 kB
Mapped:           165312 kB
Shmem:              3476 kB
Slab:              33640 kB
SReclaimable:      11996 kB
SUnreclaim:        21644 kB
KernelStack:        7280 kB
PageTables:        15796 kB
NFS_Unstable:          0 kB
Bounce:                0 kB
WritebackTmp:          0 kB
CommitLimit:      949752 kB
Committed_AS:   18827244 kB
VmallocTotal:     245760 kB
VmallocUsed:       58668 kB
VmallocChunk:      75648 kB
1557661980.278266
MemTotal:        1899508 kB
MemFree:           50544 kB
Buffers:            1240 kB
Cached:           228640 kB
SwapCached:            0 kB
Active:          1528472 kB
Inactive:         118808 kB
Active(anon):    1420928 kB
Inactive(anon):     2116 kB
Active(file):     107544 kB
Inactive(file):   116692 kB
Unevictable:        1940 kB
Mlocked:               0 kB
HighTotal:       1158144 kB
HighFree:           1792 kB
LowTotal:         741364 kB
LowFree:           48752 kB
SwapTotal:             0 kB
SwapFree:              0 kB
Dirty:               388 kB
Writeback:             0 kB
AnonPages:       1419572 kB
Mapped:           167304 kB
Shmem:              3476 kB
Slab:              33660 kB
SReclaimable:      11996 kB
SUnreclaim:        21664 kB
KernelStack:        7264 kB
PageTables:        15784 kB
NFS_Unstable:          0 kB
Bounce:                0 kB
WritebackTmp:          0 kB
CommitLimit:      949752 kB
Committed_AS:   18828016 kB
VmallocTotal:     245760 kB
VmallocUsed:       58668 kB
VmallocChunk:      75648 kB
1557661981.014347
MemTotal:        1899508 kB
MemFree:           40524 kB
Buffers:            1152 kB
Cached:           210652 kB
SwapCached:            0 kB
Active:          1540816 kB
Inactive:         102884 kB
Active(anon):    1435328 kB
Inactive(anon):     2124 kB
Active(file):     105488 kB
Inactive(file):   100760 kB
Unevictable:        1940 kB
Mlocked:               0 kB
HighTotal:       1158144 kB
HighFree:            512 kB
LowTotal:         741364 kB
LowFree:           40012 kB
SwapTotal:             0 kB
SwapFree:              0 kB
Dirty:                 4 kB
Writeback:             0 kB
AnonPages:       1434008 kB
Mapped:           170632 kB
Shmem:              3484 kB
Slab:              33660 kB
SReclaimable:      11996 kB
SUnreclaim:        21664 kB
KernelStack:        7432 kB
PageTables:        15848 kB
NFS_Unstable:          0 kB
Bounce:                0 kB
WritebackTmp:          0 kB
CommitLimit:      949752 kB
Committed_AS:   18831192 kB
VmallocTotal:     245760 kB
VmallocUsed:       58764 kB
VmallocChunk:      75648 kB
1557661981.743351
MemTotal:        1899508 kB
MemFree:           40540 kB
Buffers:            1092 kB
Cached:           206732 kB
SwapCached:            0 kB
Active:          1540772 kB
Inactive:         103104 kB
Active(anon):    1439380 kB
Inactive(anon):     2124 kB
Active(file):     101392 kB
Inactive(file):   100980 kB
Unevictable:        1940 kB
Mlocked:               0 kB
HighTotal:       1158144 kB
HighFree:            536 kB
LowTotal:         741364 kB
LowFree:           40004 kB
SwapTotal:             0 kB
SwapFree:              0 kB
Dirty:               836 kB
Writeback:          2492 kB
AnonPages:       1438064 kB
Mapped:           168328 kB
Shmem:              3484 kB
Slab:              33724 kB
SReclaimable:      12052 kB
SUnreclaim:        21672 kB
KernelStack:        7456 kB
PageTables:        15876 kB
NFS_Unstable:          0 kB
Bounce:                0 kB
WritebackTmp:          0 kB
CommitLimit:      949752 kB
Committed_AS:   18834084 kB
VmallocTotal:     245760 kB
VmallocUsed:       58764 kB
VmallocChunk:      75648 kB
1557661982.566368
MemTotal:        1899508 kB
MemFree:           40076 kB
Buffers:             844 kB
Cached:           195036 kB
SwapCached:            0 kB
Active:          1546520 kB
Inactive:          97312 kB
Active(anon):    1451384 kB
Inactive(anon):     2124 kB
Active(file):      95136 kB
Inactive(file):    95188 kB
Unevictable:        1940 kB
Mlocked:               0 kB
HighTotal:       1158144 kB
HighFree:            404 kB
LowTotal:         741364 kB
LowFree:           39672 kB
SwapTotal:             0 kB
SwapFree:              0 kB
Dirty:               136 kB
Writeback:             0 kB
AnonPages:       1450056 kB
Mapped:           161408 kB
Shmem:              3484 kB
Slab:              33724 kB
SReclaimable:      12052 kB
SUnreclaim:        21672 kB
KernelStack:        7456 kB
PageTables:        15876 kB
NFS_Unstable:          0 kB
Bounce:                0 kB
WritebackTmp:          0 kB
CommitLimit:      949752 kB
Committed_AS:   18849004 kB
VmallocTotal:     245760 kB
VmallocUsed:       58764 kB
VmallocChunk:      75648 kB
1557661983.329494
MemTotal:        1899508 kB
MemFree:           46384 kB
Buffers:             768 kB
Cached:           163284 kB
SwapCached:            0 kB
Active:          1536304 kB
Inactive:          80140 kB
Active(anon):    1455856 kB
Inactive(anon):     2124 kB
Active(file):      80448 kB
Inactive(file):    78016 kB
Unevictable:        1940 kB
Mlocked:               0 kB
HighTotal:       1158144 kB
HighFree:           2700 kB
LowTotal:         741364 kB
LowFree:           43684 kB
SwapTotal:             0 kB
SwapFree:              0 kB
Dirty:                 0 kB
Writeback:             0 kB
AnonPages:       1454648 kB
Mapped:           162204 kB
Shmem:              3484 kB
Slab:              33736 kB
SReclaimable:      12060 kB
SUnreclaim:        21676 kB
KernelStack:        7512 kB
PageTables:        15940 kB
NFS_Unstable:          0 kB
Bounce:                0 kB
WritebackTmp:          0 kB
CommitLimit:      949752 kB
Committed_AS:   18853808 kB
VmallocTotal:     245760 kB
VmallocUsed:       58944 kB
VmallocChunk:      75648 kB
1557661984.036491
MemTotal:        1899508 kB
MemFree:           61964 kB
Buffers:             564 kB
Cached:           149452 kB
SwapCached:            0 kB
Active:          1515784 kB
Inactive:          72520 kB
Active(anon):    1441616 kB
Inactive(anon):     2120 kB
Active(file):      74168 kB
Inactive(file):    70400 kB
Unevictable:        1940 kB
Mlocked:               0 kB
HighTotal:       1158144 kB
HighFree:          13636 kB
LowTotal:         741364 kB
LowFree:           48328 kB
SwapTotal:             0 kB
SwapFree:              0 kB
Dirty:                 0 kB
Writeback:             0 kB
AnonPages:       1440284 kB
Mapped:           166124 kB
Shmem:              3480 kB
Slab:              33528 kB
SReclaimable:      12052 kB
SUnreclaim:        21476 kB
KernelStack:        6504 kB
PageTables:        13252 kB
NFS_Unstable:          0 kB
Bounce:                0 kB
WritebackTmp:          0 kB
CommitLimit:      949752 kB
Committed_AS:   14789528 kB
VmallocTotal:     245760 kB
VmallocUsed:       52848 kB
VmallocChunk:      75648 kB
1557661984.666553
MemTotal:        1899508 kB
MemFree:           62568 kB
Buffers:             936 kB
Cached:           150968 kB
SwapCached:            0 kB
Active:          1512972 kB
Inactive:          74764 kB
Active(anon):    1439256 kB
Inactive(anon):     2120 kB
Active(file):      73716 kB
Inactive(file):    72644 kB
Unevictable:        1940 kB
Mlocked:               0 kB
HighTotal:       1158144 kB
HighFree:          13856 kB
LowTotal:         741364 kB
LowFree:           48712 kB
SwapTotal:             0 kB
SwapFree:              0 kB
Dirty:               100 kB
Writeback:             0 kB
AnonPages:       1437972 kB
Mapped:           166000 kB
Shmem:              3480 kB
Slab:              33432 kB
SReclaimable:      12052 kB
SUnreclaim:        21380 kB
KernelStack:        6504 kB
PageTables:        13152 kB
NFS_Unstable:          0 kB
Bounce:                0 kB
WritebackTmp:          0 kB
CommitLimit:      949752 kB
Committed_AS:   14789640 kB
VmallocTotal:     245760 kB
VmallocUsed:       52848 kB
VmallocChunk:      75648 kB
1557661985.412953
MemTotal:        1899508 kB
MemFree:           53340 kB
Buffers:             936 kB
Cached:           153188 kB
SwapCached:            0 kB
Active:          1519580 kB
Inactive:          77120 kB
Active(anon):    1445928 kB
Inactive(anon):     2120 kB
Active(file):      73652 kB
Inactive(file):    75000 kB
Unevictable:        1940 kB
Mlocked:               0 kB
HighTotal:       1158144 kB
HighFree:           5000 kB
LowTotal:         741364 kB
LowFree:           48340 kB
SwapTotal:             0 kB
SwapFree:              0 kB
Dirty:               160 kB
Writeback:             0 kB
AnonPages:       1444672 kB
Mapped:           166060 kB
Shmem:              3480 kB
Slab:              33400 kB
SReclaimable:      12052 kB
SUnreclaim:        21348 kB
KernelStack:        6488 kB
PageTables:        13632 kB
NFS_Unstable:          0 kB
Bounce:                0 kB
WritebackTmp:          0 kB
CommitLimit:      949752 kB
Committed_AS:   15365388 kB
VmallocTotal:     245760 kB
VmallocUsed:       53868 kB
VmallocChunk:      75648 kB
1557661986.227600
MemTotal:        1899508 kB
MemFree:           47928 kB
Buffers:             684 kB
Cached:           133124 kB
SwapCached:            0 kB
Active:          1512112 kB
Inactive:          64868 kB
Active(anon):    1446656 kB
Inactive(anon):     2120 kB
Active(file):      65456 kB
Inactive(file):    62748 kB
Unevictable:        1940 kB
Mlocked:               0 kB
HighTotal:       1158144 kB
HighFree:           8784 kB
LowTotal:         741364 kB
LowFree:           39144 kB
SwapTotal:             0 kB
SwapFree:              0 kB
Dirty:                60 kB
Writeback:             0 kB
AnonPages:       1445228 kB
Mapped:           155212 kB
Shmem:              3480 kB
Slab:              33396 kB
SReclaimable:      12052 kB
SUnreclaim:        21344 kB
KernelStack:        6592 kB
PageTables:        13644 kB
NFS_Unstable:          0 kB
Bounce:                0 kB
WritebackTmp:          0 kB
CommitLimit:      949752 kB
Committed_AS:   15396456 kB
VmallocTotal:     245760 kB
VmallocUsed:       56292 kB
VmallocChunk:      75648 kB
1557661986.794738
MemTotal:        1899508 kB
MemFree:           65420 kB
Buffers:             668 kB
Cached:           126640 kB
SwapCached:            0 kB
Active:          1484180 kB
Inactive:          58340 kB
Active(anon):    1418620 kB
Inactive(anon):     2120 kB
Active(file):      65560 kB
Inactive(file):    56220 kB
Unevictable:        1940 kB
Mlocked:               0 kB
HighTotal:       1158144 kB
HighFree:          22508 kB
LowTotal:         741364 kB
LowFree:           42912 kB
SwapTotal:             0 kB
SwapFree:              0 kB
Dirty:                60 kB
Writeback:             0 kB
AnonPages:       1417252 kB
Mapped:           140444 kB
Shmem:              3480 kB
Slab:              33396 kB
SReclaimable:      12052 kB
SUnreclaim:        21344 kB
KernelStack:        6184 kB
PageTables:        11744 kB
NFS_Unstable:          0 kB
Bounce:                0 kB
WritebackTmp:          0 kB
CommitLimit:      949752 kB
Committed_AS:   12406328 kB
VmallocTotal:     245760 kB
VmallocUsed:       49600 kB
VmallocChunk:      75648 kB
1557661987.466890
MemTotal:        1899508 kB
MemFree:           63764 kB
Buffers:             684 kB
Cached:           126540 kB
SwapCached:            0 kB
Active:          1486592 kB
Inactive:          58792 kB
Active(anon):    1421524 kB
Inactive(anon):     2116 kB
Active(file):      65068 kB
Inactive(file):    56676 kB
Unevictable:        1940 kB
Mlocked:               0 kB
HighTotal:       1158144 kB
HighFree:          20832 kB
LowTotal:         741364 kB
LowFree:           42932 kB
SwapTotal:             0 kB
SwapFree:              0 kB
Dirty:               100 kB
Writeback:             0 kB
AnonPages:       1420204 kB
Mapped:           140788 kB
Shmem:              3476 kB
Slab:              33360 kB
SReclaimable:      12044 kB
SUnreclaim:        21316 kB
KernelStack:        6096 kB
PageTables:        12184 kB
NFS_Unstable:          0 kB
Bounce:                0 kB
WritebackTmp:          0 kB
CommitLimit:      949752 kB
Committed_AS:   12977920 kB
VmallocTotal:     245760 kB
VmallocUsed:       50620 kB
VmallocChunk:      75648 kB
1557661988.209937
MemTotal:        1899508 kB
MemFree:           61136 kB
Buffers:             684 kB
Cached:           126576 kB
SwapCached:            0 kB
Active:          1489164 kB
Inactive:          58900 kB
Active(anon):    1424104 kB
Inactive(anon):     2116 kB
Active(file):      65060 kB
Inactive(file):    56784 kB
Unevictable:        1940 kB
Mlocked:               0 kB
HighTotal:       1158144 kB
HighFree:          18304 kB
LowTotal:         741364 kB
LowFree:           42832 kB
SwapTotal:             0 kB
SwapFree:              0 kB
Dirty:                72 kB
Writeback:             0 kB
AnonPages:       1422824 kB
Mapped:           140788 kB
Shmem:              3476 kB
Slab:              33360 kB
SReclaimable:      12044 kB
SUnreclaim:        21316 kB
KernelStack:        6168 kB
PageTables:        12144 kB
NFS_Unstable:          0 kB
Bounce:                0 kB
WritebackTmp:          0 kB
CommitLimit:      949752 kB
Committed_AS:   12978584 kB
VmallocTotal:     245760 kB
VmallocUsed:       50620 kB
VmallocChunk:      75648 kB
1557661988.899350
MemTotal:        1899508 kB
MemFree:           61316 kB
Buffers:             684 kB
Cached:           126576 kB
SwapCached:            0 kB
Active:          1488576 kB
Inactive:          58900 kB
Active(anon):    1423516 kB
Inactive(anon):     2116 kB
Active(file):      65060 kB
Inactive(file):    56784 kB
Unevictable:        1940 kB
Mlocked:               0 kB
HighTotal:       1158144 kB
HighFree:          18244 kB
LowTotal:         741364 kB
LowFree:           43072 kB
SwapTotal:             0 kB
SwapFree:              0 kB
Dirty:                72 kB
Writeback:             0 kB
AnonPages:       1422168 kB
Mapped:           140836 kB
Shmem:              3476 kB
Slab:              33360 kB
SReclaimable:      12044 kB
SUnreclaim:        21316 kB
KernelStack:        6176 kB
PageTables:        12156 kB
NFS_Unstable:          0 kB
Bounce:                0 kB
WritebackTmp:          0 kB
CommitLimit:      949752 kB
Committed_AS:   12978592 kB
VmallocTotal:     245760 kB
VmallocUsed:       50620 kB
VmallocChunk:      75648 kB
1557661989.639116
MemTotal:        1899508 kB
MemFree:           61456 kB
Buffers:             700 kB
Cached:           126560 kB
SwapCached:            0 kB
Active:          1488912 kB
Inactive:          58900 kB
Active(anon):    1423852 kB
Inactive(anon):     2116 kB
Active(file):      65060 kB
Inactive(file):    56784 kB
Unevictable:        1940 kB
Mlocked:               0 kB
HighTotal:       1158144 kB
HighFree:          18220 kB
LowTotal:         741364 kB
LowFree:           43236 kB
SwapTotal:             0 kB
SwapFree:              0 kB
Dirty:                72 kB
Writeback:             0 kB
AnonPages:       1422540 kB
Mapped:           140836 kB
Shmem:              3476 kB
Slab:              33360 kB
SReclaimable:      12044 kB
SUnreclaim:        21316 kB
KernelStack:        6176 kB
PageTables:        12156 kB
NFS_Unstable:          0 kB
Bounce:                0 kB
WritebackTmp:          0 kB
CommitLimit:      949752 kB
Committed_AS:   12979324 kB
VmallocTotal:     245760 kB
VmallocUsed:       50620 kB
VmallocChunk:      75648 kB
1557661990.340016
MemTotal:        1899508 kB
MemFree:           54288 kB
Buffers:             700 kB
Cached:           126500 kB
SwapCached:            0 kB
Active:          1498924 kB
Inactive:          56308 kB
Active(anon):    1431412 kB
Inactive(anon):     2116 kB
Active(file):      67512 kB
Inactive(file):    54192 kB
Unevictable:        1940 kB
Mlocked:               0 kB
HighTotal:       1158144 kB
HighFree:          10600 kB
LowTotal:         741364 kB
LowFree:           43688 kB
SwapTotal:             0 kB
SwapFree:              0 kB
Dirty:                72 kB
Writeback:             0 kB
AnonPages:       1430084 kB
Mapped:           141656 kB
Shmem:              3476 kB
Slab:              33360 kB
SReclaimable:      12044 kB
SUnreclaim:        21316 kB
KernelStack:        6160 kB
PageTables:        12244 kB
NFS_Unstable:          0 kB
Bounce:                0 kB
WritebackTmp:          0 kB
CommitLimit:      949752 kB
Committed_AS:   12991672 kB
VmallocTotal:     245760 kB
VmallocUsed:       53044 kB
VmallocChunk:      75648 kB
1557661991.232333
MemTotal:        1899508 kB
MemFree:           52832 kB
Buffers:             684 kB
Cached:           120900 kB
SwapCached:            0 kB
Active:          1494804 kB
Inactive:          55664 kB
Active(anon):    1432084 kB
Inactive(anon):     2144 kB
Active(file):      62720 kB
Inactive(file):    53520 kB
Unevictable:        1940 kB
Mlocked:               0 kB
HighTotal:       1158144 kB
HighFree:          10984 kB
LowTotal:         741364 kB
LowFree:           41848 kB
SwapTotal:             0 kB
SwapFree:              0 kB
Dirty:                72 kB
Writeback:             0 kB
AnonPages:       1430720 kB
Mapped:           138892 kB
Shmem:              3512 kB
Slab:              33332 kB
SReclaimable:      12044 kB
SUnreclaim:        21288 kB
KernelStack:        6208 kB
PageTables:        12428 kB
NFS_Unstable:          0 kB
Bounce:                0 kB
WritebackTmp:          0 kB
CommitLimit:      949752 kB
Committed_AS:   13028796 kB
VmallocTotal:     245760 kB
VmallocUsed:       53044 kB
VmallocChunk:      75648 kB
1557661991.849597
MemTotal:        1899508 kB
MemFree:           54760 kB
Buffers:             700 kB
Cached:           119988 kB
SwapCached:            0 kB
Active:          1493352 kB
Inactive:          55236 kB
Active(anon):    1431156 kB
Inactive(anon):     2144 kB
Active(file):      62196 kB
Inactive(file):    53092 kB
Unevictable:        1940 kB
Mlocked:               0 kB
HighTotal:       1158144 kB
HighFree:          12032 kB
LowTotal:         741364 kB
LowFree:           42728 kB
SwapTotal:             0 kB
SwapFree:              0 kB
Dirty:                72 kB
Writeback:             0 kB
AnonPages:       1429824 kB
Mapped:           138220 kB
Shmem:              3512 kB
Slab:              33332 kB
SReclaimable:      12044 kB
SUnreclaim:        21288 kB
KernelStack:        6208 kB
PageTables:        12428 kB
NFS_Unstable:          0 kB
Bounce:                0 kB
WritebackTmp:          0 kB
CommitLimit:      949752 kB
Committed_AS:   13028832 kB
VmallocTotal:     245760 kB
VmallocUsed:       53044 kB
VmallocChunk:      75648 kB
1557661992.418136
MemTotal:        1899508 kB
MemFree:           55456 kB
Buffers:             788 kB
Cached:           118264 kB
SwapCached:            0 kB
Active:          1492576 kB
Inactive:          54940 kB
Active(anon):    1431844 kB
Inactive(anon):     2312 kB
Active(file):      60732 kB
Inactive(file):    52628 kB
Unevictable:        1940 kB
Mlocked:               0 kB
HighTotal:       1158144 kB
HighFree:          11908 kB
LowTotal:         741364 kB
LowFree:           43548 kB
SwapTotal:             0 kB
SwapFree:              0 kB
Dirty:                 0 kB
Writeback:             0 kB
AnonPages:       1430652 kB
Mapped:           138008 kB
Shmem:              3760 kB
Slab:              33320 kB
SReclaimable:      12044 kB
SUnreclaim:        21276 kB
KernelStack:        6200 kB
PageTables:        12436 kB
NFS_Unstable:          0 kB
Bounce:                0 kB
WritebackTmp:          0 kB
CommitLimit:      949752 kB
Committed_AS:   13029712 kB
VmallocTotal:     245760 kB
VmallocUsed:       53044 kB
VmallocChunk:      75648 kB
1557661992.988038
MemTotal:        1899508 kB
MemFree:           48772 kB
Buffers:             784 kB
Cached:           117596 kB
SwapCached:            0 kB
Active:          1499764 kB
Inactive:          54904 kB
Active(anon):    1439632 kB
Inactive(anon):     2392 kB
Active(file):      60132 kB
Inactive(file):    52512 kB
Unevictable:        1940 kB
Mlocked:               0 kB
HighTotal:       1158144 kB
HighFree:           5272 kB
LowTotal:         741364 kB
LowFree:           43500 kB
SwapTotal:             0 kB
SwapFree:              0 kB
Dirty:                 4 kB
Writeback:             0 kB
AnonPages:       1438240 kB
Mapped:           137904 kB
Shmem:              3796 kB
Slab:              33320 kB
SReclaimable:      12044 kB
SUnreclaim:        21276 kB
KernelStack:        6296 kB
PageTables:        12828 kB
NFS_Unstable:          0 kB
Bounce:                0 kB
WritebackTmp:          0 kB
CommitLimit:      949752 kB
Committed_AS:   13606352 kB
VmallocTotal:     245760 kB
VmallocUsed:       54064 kB
VmallocChunk:      75648 kB
1557661993.572048
MemTotal:        1899508 kB
MemFree:           52008 kB
Buffers:             800 kB
Cached:           116560 kB
SwapCached:            0 kB
Active:          1497400 kB
Inactive:          54700 kB
Active(anon):    1438120 kB
Inactive(anon):     2392 kB
Active(file):      59280 kB
Inactive(file):    52308 kB
Unevictable:        1940 kB
Mlocked:               0 kB
HighTotal:       1158144 kB
HighFree:           7016 kB
LowTotal:         741364 kB
LowFree:           44992 kB
SwapTotal:             0 kB
SwapFree:              0 kB
Dirty:                 4 kB
Writeback:             0 kB
AnonPages:       1436752 kB
Mapped:           137532 kB
Shmem:              3796 kB
Slab:              33320 kB
SReclaimable:      12044 kB
SUnreclaim:        21276 kB
KernelStack:        6296 kB
PageTables:        12428 kB
NFS_Unstable:          0 kB
Bounce:                0 kB
WritebackTmp:          0 kB
CommitLimit:      949752 kB
Committed_AS:   13039004 kB
VmallocTotal:     245760 kB
VmallocUsed:       53044 kB
VmallocChunk:      75648 kB
1557661994.132410
MemTotal:        1899508 kB
MemFree:           49192 kB
Buffers:             800 kB
Cached:           115916 kB
SwapCached:            0 kB
Active:          1500436 kB
Inactive:          54692 kB
Active(anon):    1441616 kB
Inactive(anon):     2452 kB
Active(file):      58820 kB
Inactive(file):    52240 kB
Unevictable:        1940 kB
Mlocked:               0 kB
HighTotal:       1158144 kB
HighFree:           3960 kB
LowTotal:         741364 kB
LowFree:           45232 kB
SwapTotal:             0 kB
SwapFree:              0 kB
Dirty:                56 kB
Writeback:             0 kB
AnonPages:       1440320 kB
Mapped:           137472 kB
Shmem:              3900 kB
Slab:              33316 kB
SReclaimable:      12044 kB
SUnreclaim:        21272 kB
KernelStack:        6208 kB
PageTables:        12464 kB
NFS_Unstable:          0 kB
Bounce:                0 kB
WritebackTmp:          0 kB
CommitLimit:      949752 kB
Committed_AS:   13037056 kB
VmallocTotal:     245760 kB
VmallocUsed:       53044 kB
VmallocChunk:      75648 kB
1557661994.695235
MemTotal:        1899508 kB
MemFree:           49540 kB
Buffers:             816 kB
Cached:           115228 kB
SwapCached:            0 kB
Active:          1501428 kB
Inactive:          53088 kB
Active(anon):    1442036 kB
Inactive(anon):     2452 kB
Active(file):      59392 kB
Inactive(file):    50636 kB
Unevictable:        1940 kB
Mlocked:               0 kB
HighTotal:       1158144 kB
HighFree:           4000 kB
LowTotal:         741364 kB
LowFree:           45540 kB
SwapTotal:             0 kB
SwapFree:              0 kB
Dirty:                56 kB
Writeback:             0 kB
AnonPages:       1440444 kB
Mapped:           137596 kB
Shmem:              3900 kB
Slab:              33316 kB
SReclaimable:      12044 kB
SUnreclaim:        21272 kB
KernelStack:        6208 kB
PageTables:        12464 kB
NFS_Unstable:          0 kB
Bounce:                0 kB
WritebackTmp:          0 kB
CommitLimit:      949752 kB
Committed_AS:   13037096 kB
VmallocTotal:     245760 kB
VmallocUsed:       53044 kB
VmallocChunk:      75648 kB
1557661995.269298
MemTotal:        1899508 kB
MemFree:           46696 kB
Buffers:             816 kB
Cached:           114420 kB
SwapCached:            0 kB
Active:          1504660 kB
Inactive:          52988 kB
Active(anon):    1446016 kB
Inactive(anon):     2464 kB
Active(file):      58644 kB
Inactive(file):    50524 kB
Unevictable:        1940 kB
Mlocked:               0 kB
HighTotal:       1158144 kB
HighFree:           1760 kB
LowTotal:         741364 kB
LowFree:           44936 kB
SwapTotal:             0 kB
SwapFree:              0 kB
Dirty:                56 kB
Writeback:             0 kB
AnonPages:       1444576 kB
Mapped:           137592 kB
Shmem:              3972 kB
Slab:              33376 kB
SReclaimable:      12044 kB
SUnreclaim:        21332 kB
KernelStack:        6208 kB
PageTables:        12460 kB
NFS_Unstable:          0 kB
Bounce:                0 kB
WritebackTmp:          0 kB
CommitLimit:      949752 kB
Committed_AS:   13039192 kB
VmallocTotal:     245760 kB
VmallocUsed:       53044 kB
VmallocChunk:      75648 kB
1557661995.835668
MemTotal:        1899508 kB
MemFree:           79624 kB
Buffers:             832 kB
Cached:           114676 kB
SwapCached:            0 kB
Active:          1490072 kB
Inactive:          53628 kB
Active(anon):    1431712 kB
Inactive(anon):     2464 kB
Active(file):      58360 kB
Inactive(file):    51164 kB
Unevictable:        1940 kB
Mlocked:               0 kB
HighTotal:       1158144 kB
HighFree:          12052 kB
LowTotal:         741364 kB
LowFree:           67572 kB
SwapTotal:             0 kB
SwapFree:              0 kB
Dirty:                56 kB
Writeback:             0 kB
AnonPages:       1430092 kB
Mapped:           118360 kB
Shmem:              3972 kB
Slab:              33376 kB
SReclaimable:      12044 kB
SUnreclaim:        21332 kB
KernelStack:        6208 kB
PageTables:        12760 kB
NFS_Unstable:          0 kB
Bounce:                0 kB
WritebackTmp:          0 kB
CommitLimit:      949752 kB
Committed_AS:   13606400 kB
VmallocTotal:     245760 kB
VmallocUsed:       53848 kB
VmallocChunk:      75648 kB
1557661996.423222
MemTotal:        1899508 kB
MemFree:           75636 kB
Buffers:             848 kB
Cached:           116532 kB
SwapCached:            0 kB
Active:          1492352 kB
Inactive:          55500 kB
Active(anon):    1433964 kB
Inactive(anon):     2448 kB
Active(file):      58388 kB
Inactive(file):    53052 kB
Unevictable:        1940 kB
Mlocked:               0 kB
HighTotal:       1158144 kB
HighFree:           7964 kB
LowTotal:         741364 kB
LowFree:           67672 kB
SwapTotal:             0 kB
SwapFree:              0 kB
Dirty:                56 kB
Writeback:             0 kB
AnonPages:       1432552 kB
Mapped:           118356 kB
Shmem:              3988 kB
Slab:              33376 kB
SReclaimable:      12044 kB
SUnreclaim:        21332 kB
KernelStack:        6312 kB
PageTables:        12800 kB
NFS_Unstable:          0 kB
Bounce:                0 kB
WritebackTmp:          0 kB
CommitLimit:      949752 kB
Committed_AS:   13607260 kB
VmallocTotal:     245760 kB
VmallocUsed:       53848 kB
VmallocChunk:      75648 kB
1557661997.026417
MemTotal:        1899508 kB
MemFree:           71460 kB
Buffers:             864 kB
Cached:           116612 kB
SwapCached:            0 kB
Active:          1496688 kB
Inactive:          55608 kB
Active(anon):    1438300 kB
Inactive(anon):     2448 kB
Active(file):      58388 kB
Inactive(file):    53160 kB
Unevictable:        1940 kB
Mlocked:               0 kB
HighTotal:       1158144 kB
HighFree:           3756 kB
LowTotal:         741364 kB
LowFree:           67704 kB
SwapTotal:             0 kB
SwapFree:              0 kB
Dirty:                56 kB
Writeback:             0 kB
AnonPages:       1436828 kB
Mapped:           118368 kB
Shmem:              3988 kB
Slab:              33344 kB
SReclaimable:      12044 kB
SUnreclaim:        21300 kB
KernelStack:        6312 kB
PageTables:        12800 kB
NFS_Unstable:          0 kB
Bounce:                0 kB
WritebackTmp:          0 kB
CommitLimit:      949752 kB
Committed_AS:   13607232 kB
VmallocTotal:     245760 kB
VmallocUsed:       53848 kB
VmallocChunk:      75648 kB
1557661997.673819
MemTotal:        1899508 kB
MemFree:           66344 kB
Buffers:             868 kB
Cached:           116608 kB
SwapCached:            0 kB
Active:          1501292 kB
Inactive:          55608 kB
Active(anon):    1442904 kB
Inactive(anon):     2448 kB
Active(file):      58388 kB
Inactive(file):    53160 kB
Unevictable:        1940 kB
Mlocked:               0 kB
HighTotal:       1158144 kB
HighFree:           1764 kB
LowTotal:         741364 kB
LowFree:           64580 kB
SwapTotal:             0 kB
SwapFree:              0 kB
Dirty:                56 kB
Writeback:             0 kB
AnonPages:       1441316 kB
Mapped:           118368 kB
Shmem:              3988 kB
Slab:              33536 kB
SReclaimable:      12044 kB
SUnreclaim:        21492 kB
KernelStack:        6312 kB
PageTables:        12800 kB
NFS_Unstable:          0 kB
Bounce:                0 kB
WritebackTmp:          0 kB
CommitLimit:      949752 kB
Committed_AS:   13610324 kB
VmallocTotal:     245760 kB
VmallocUsed:       53848 kB
VmallocChunk:      75648 kB
1557661998.247957
MemTotal:        1899508 kB
MemFree:           63524 kB
Buffers:             884 kB
Cached:           116636 kB
SwapCached:            0 kB
Active:          1504496 kB
Inactive:          55652 kB
Active(anon):    1446108 kB
Inactive(anon):     2448 kB
Active(file):      58388 kB
Inactive(file):    53204 kB
Unevictable:        1940 kB
Mlocked:               0 kB
HighTotal:       1158144 kB
HighFree:           1736 kB
LowTotal:         741364 kB
LowFree:           61788 kB
SwapTotal:             0 kB
SwapFree:              0 kB
Dirty:                40 kB
Writeback:             0 kB
AnonPages:       1444732 kB
Mapped:           118360 kB
Shmem:              3988 kB
Slab:              33440 kB
SReclaimable:      12044 kB
SUnreclaim:        21396 kB
KernelStack:        6304 kB
PageTables:        12792 kB
NFS_Unstable:          0 kB
Bounce:                0 kB
WritebackTmp:          0 kB
CommitLimit:      949752 kB
Committed_AS:   13613396 kB
VmallocTotal:     245760 kB
VmallocUsed:       53848 kB
VmallocChunk:      75648 kB
1557661998.875389
MemTotal:        1899508 kB
MemFree:           59900 kB
Buffers:             900 kB
Cached:           116620 kB
SwapCached:            0 kB
Active:          1507916 kB
Inactive:          55652 kB
Active(anon):    1449528 kB
Inactive(anon):     2448 kB
Active(file):      58388 kB
Inactive(file):    53204 kB
Unevictable:        1940 kB
Mlocked:               0 kB
HighTotal:       1158144 kB
HighFree:           1736 kB
LowTotal:         741364 kB
LowFree:           58164 kB
SwapTotal:             0 kB
SwapFree:              0 kB
Dirty:                40 kB
Writeback:             0 kB
AnonPages:       1448184 kB
Mapped:           118360 kB
Shmem:              3988 kB
Slab:              33440 kB
SReclaimable:      12044 kB
SUnreclaim:        21396 kB
KernelStack:        6304 kB
PageTables:        12792 kB
NFS_Unstable:          0 kB
Bounce:                0 kB
WritebackTmp:          0 kB
CommitLimit:      949752 kB
Committed_AS:   13617448 kB
VmallocTotal:     245760 kB
VmallocUsed:       53848 kB
VmallocChunk:      75648 kB
1557661999.444109
MemTotal:        1899508 kB
MemFree:           58548 kB
Buffers:             908 kB
Cached:           116628 kB
SwapCached:            0 kB
Active:          1509052 kB
Inactive:          55668 kB
Active(anon):    1450664 kB
Inactive(anon):     2448 kB
Active(file):      58388 kB
Inactive(file):    53220 kB
Unevictable:        1940 kB
Mlocked:               0 kB
HighTotal:       1158144 kB
HighFree:           2416 kB
LowTotal:         741364 kB
LowFree:           56132 kB
SwapTotal:             0 kB
SwapFree:              0 kB
Dirty:                40 kB
Writeback:             0 kB
AnonPages:       1449020 kB
Mapped:           118368 kB
Shmem:              3988 kB
Slab:              33472 kB
SReclaimable:      12044 kB
SUnreclaim:        21428 kB
KernelStack:        6312 kB
PageTables:        12812 kB
NFS_Unstable:          0 kB
Bounce:                0 kB
WritebackTmp:          0 kB
CommitLimit:      949752 kB
Committed_AS:   13617448 kB
VmallocTotal:     245760 kB
VmallocUsed:       53848 kB
VmallocChunk:      75648 kB
1557662000.021915
MemTotal:        1899508 kB
MemFree:           53196 kB
Buffers:             924 kB
Cached:           116692 kB
SwapCached:            0 kB
Active:          1514480 kB
Inactive:          55748 kB
Active(anon):    1456092 kB
Inactive(anon):     2448 kB
Active(file):      58388 kB
Inactive(file):    53300 kB
Unevictable:        1940 kB
Mlocked:               0 kB
HighTotal:       1158144 kB
HighFree:           1700 kB
LowTotal:         741364 kB
LowFree:           51496 kB
SwapTotal:             0 kB
SwapFree:              0 kB
Dirty:                44 kB
Writeback:             0 kB
AnonPages:       1454680 kB
Mapped:           118380 kB
Shmem:              3988 kB
Slab:              33504 kB
SReclaimable:      12044 kB
SUnreclaim:        21460 kB
KernelStack:        6312 kB
PageTables:        12824 kB
NFS_Unstable:          0 kB
Bounce:                0 kB
WritebackTmp:          0 kB
CommitLimit:      949752 kB
Committed_AS:   13623644 kB
VmallocTotal:     245760 kB
VmallocUsed:       53848 kB
VmallocChunk:      75648 kB
1557662000.615834
MemTotal:        1899508 kB
MemFree:           48456 kB
Buffers:             940 kB
Cached:           117076 kB
SwapCached:            0 kB
Active:          1518000 kB
Inactive:          56156 kB
Active(anon):    1459612 kB
Inactive(anon):     2448 kB
Active(file):      58388 kB
Inactive(file):    53708 kB
Unevictable:        1940 kB
Mlocked:               0 kB
HighTotal:       1158144 kB
HighFree:           1716 kB
LowTotal:         741364 kB
LowFree:           46740 kB
SwapTotal:             0 kB
SwapFree:              0 kB
Dirty:                44 kB
Writeback:             0 kB
AnonPages:       1458156 kB
Mapped:           118480 kB
Shmem:              3988 kB
Slab:              33888 kB
SReclaimable:      12044 kB
SUnreclaim:        21844 kB
KernelStack:        6312 kB
PageTables:        12824 kB
NFS_Unstable:          0 kB
Bounce:                0 kB
WritebackTmp:          0 kB
CommitLimit:      949752 kB
Committed_AS:   13627744 kB
VmallocTotal:     245760 kB
VmallocUsed:       53848 kB
VmallocChunk:      75648 kB
1557662001.226910
MemTotal:        1899508 kB
MemFree:           43580 kB
Buffers:             956 kB
Cached:           117288 kB
SwapCached:            0 kB
Active:          1523108 kB
Inactive:          56376 kB
Active(anon):    1464720 kB
Inactive(anon):     2448 kB
Active(file):      58388 kB
Inactive(file):    53928 kB
Unevictable:        1940 kB
Mlocked:               0 kB
HighTotal:       1158144 kB
HighFree:           1852 kB
LowTotal:         741364 kB
LowFree:           41728 kB
SwapTotal:             0 kB
SwapFree:              0 kB
Dirty:                44 kB
Writeback:             0 kB
AnonPages:       1463200 kB
Mapped:           118600 kB
Shmem:              3988 kB
Slab:              34144 kB
SReclaimable:      12044 kB
SUnreclaim:        22100 kB
KernelStack:        6296 kB
PageTables:        12852 kB
NFS_Unstable:          0 kB
Bounce:                0 kB
WritebackTmp:          0 kB
CommitLimit:      949752 kB
Committed_AS:   13634932 kB
VmallocTotal:     245760 kB
VmallocUsed:       53848 kB
VmallocChunk:      75648 kB
1557662001.845205
MemTotal:        1899508 kB
MemFree:           42124 kB
Buffers:             956 kB
Cached:           116392 kB
SwapCached:            0 kB
Active:          1527312 kB
Inactive:          53980 kB
Active(anon):    1467576 kB
Inactive(anon):     2448 kB
Active(file):      59736 kB
Inactive(file):    51532 kB
Unevictable:        1940 kB
Mlocked:               0 kB
HighTotal:       1158144 kB
HighFree:           1788 kB
LowTotal:         741364 kB
LowFree:           40336 kB
SwapTotal:             0 kB
SwapFree:              0 kB
Dirty:                44 kB
Writeback:             0 kB
AnonPages:       1466076 kB
Mapped:           118152 kB
Shmem:              3988 kB
Slab:              33568 kB
SReclaimable:      12044 kB
SUnreclaim:        21524 kB
KernelStack:        6296 kB
PageTables:        12452 kB
NFS_Unstable:          0 kB
Bounce:                0 kB
WritebackTmp:          0 kB
CommitLimit:      949752 kB
Committed_AS:   13073676 kB
VmallocTotal:     245760 kB
VmallocUsed:       52828 kB
VmallocChunk:      75648 kB
1557662002.426094
MemTotal:        1899508 kB
MemFree:           51592 kB
Buffers:             960 kB
Cached:           115384 kB
SwapCached:            0 kB
Active:          1518012 kB
Inactive:          55188 kB
Active(anon):    1460608 kB
Inactive(anon):     2448 kB
Active(file):      57404 kB
Inactive(file):    52740 kB
Unevictable:        1940 kB
Mlocked:               0 kB
HighTotal:       1158144 kB
HighFree:           5800 kB
LowTotal:         741364 kB
LowFree:           45792 kB
SwapTotal:             0 kB
SwapFree:              0 kB
Dirty:                44 kB
Writeback:             0 kB
AnonPages:       1459060 kB
Mapped:           117124 kB
Shmem:              3988 kB
Slab:              33500 kB
SReclaimable:      12044 kB
SUnreclaim:        21456 kB
KernelStack:        6096 kB
PageTables:        11692 kB
NFS_Unstable:          0 kB
Bounce:                0 kB
WritebackTmp:          0 kB
CommitLimit:      949752 kB
Committed_AS:   11937424 kB
VmallocTotal:     245760 kB
VmallocUsed:       50788 kB
VmallocChunk:      75648 kB
1557662003.021348
MemTotal:        1899508 kB
MemFree:           46456 kB
Buffers:             976 kB
Cached:           115816 kB
SwapCached:            0 kB
Active:          1522712 kB
Inactive:          55692 kB
Active(anon):    1465032 kB
Inactive(anon):     2444 kB
Active(file):      57680 kB
Inactive(file):    53248 kB
Unevictable:        1940 kB
Mlocked:               0 kB
HighTotal:       1158144 kB
HighFree:           2136 kB
LowTotal:         741364 kB
LowFree:           44320 kB
SwapTotal:             0 kB
SwapFree:              0 kB
Dirty:                48 kB
Writeback:             0 kB
AnonPages:       1463616 kB
Mapped:           117408 kB
Shmem:              3984 kB
Slab:              33640 kB
SReclaimable:      12044 kB
SUnreclaim:        21596 kB
KernelStack:        6056 kB
PageTables:        11620 kB
NFS_Unstable:          0 kB
Bounce:                0 kB
WritebackTmp:          0 kB
CommitLimit:      949752 kB
Committed_AS:   11940072 kB
VmallocTotal:     245760 kB
VmallocUsed:       50788 kB
VmallocChunk:      75648 kB
1557662003.593099
MemTotal:        1899508 kB
MemFree:           43292 kB
Buffers:             988 kB
Cached:           114784 kB
SwapCached:            0 kB
Active:          1526588 kB
Inactive:          55104 kB
Active(anon):    1469340 kB
Inactive(anon):     2444 kB
Active(file):      57248 kB
Inactive(file):    52660 kB
Unevictable:        1940 kB
Mlocked:               0 kB
HighTotal:       1158144 kB
HighFree:           1736 kB
LowTotal:         741364 kB
LowFree:           41556 kB
SwapTotal:             0 kB
SwapFree:              0 kB
Dirty:                48 kB
Writeback:             0 kB
AnonPages:       1467836 kB
Mapped:           117284 kB
Shmem:              3984 kB
Slab:              33640 kB
SReclaimable:      12044 kB
SUnreclaim:        21596 kB
KernelStack:        6056 kB
PageTables:        11620 kB
NFS_Unstable:          0 kB
Bounce:                0 kB
WritebackTmp:          0 kB
CommitLimit:      949752 kB
Committed_AS:   11940152 kB
VmallocTotal:     245760 kB
VmallocUsed:       50788 kB
VmallocChunk:      75648 kB
1557662004.200722
MemTotal:        1899508 kB
MemFree:           40536 kB
Buffers:             996 kB
Cached:           114012 kB
SwapCached:            0 kB
Active:          1528560 kB
Inactive:          54712 kB
Active(anon):    1471768 kB
Inactive(anon):     2444 kB
Active(file):      56792 kB
Inactive(file):    52268 kB
Unevictable:        1940 kB
Mlocked:               0 kB
HighTotal:       1158144 kB
HighFree:            656 kB
LowTotal:         741364 kB
LowFree:           39880 kB
SwapTotal:             0 kB
SwapFree:              0 kB
Dirty:                48 kB
Writeback:             0 kB
AnonPages:       1470216 kB
Mapped:           117308 kB
Shmem:              3984 kB
Slab:              33928 kB
SReclaimable:      12044 kB
SUnreclaim:        21884 kB
KernelStack:        6024 kB
PageTables:        11628 kB
NFS_Unstable:          0 kB
Bounce:                0 kB
WritebackTmp:          0 kB
CommitLimit:      949752 kB
Committed_AS:   11942200 kB
VmallocTotal:     245760 kB
VmallocUsed:       50788 kB
VmallocChunk:      75648 kB
1557662004.787863
MemTotal:        1899508 kB
MemFree:           43472 kB
Buffers:             992 kB
Cached:           109984 kB
SwapCached:            0 kB
Active:          1528712 kB
Inactive:          53052 kB
Active(anon):    1474300 kB
Inactive(anon):     2444 kB
Active(file):      54412 kB
Inactive(file):    50608 kB
Unevictable:        1940 kB
Mlocked:               0 kB
HighTotal:       1158144 kB
HighFree:           1736 kB
LowTotal:         741364 kB
LowFree:           41736 kB
SwapTotal:             0 kB
SwapFree:              0 kB
Dirty:                48 kB
Writeback:             0 kB
AnonPages:       1472580 kB
Mapped:           116708 kB
Shmem:              3984 kB
Slab:              33640 kB
SReclaimable:      12044 kB
SUnreclaim:        21596 kB
KernelStack:        6024 kB
PageTables:        11628 kB
NFS_Unstable:          0 kB
Bounce:                0 kB
WritebackTmp:          0 kB
CommitLimit:      949752 kB
Committed_AS:   11951396 kB
VmallocTotal:     245760 kB
VmallocUsed:       50788 kB
VmallocChunk:      75648 kB
1557662005.358580
MemTotal:        1899508 kB
MemFree:           44956 kB
Buffers:             992 kB
Cached:           107932 kB
SwapCached:            0 kB
Active:          1528436 kB
Inactive:          51696 kB
Active(anon):    1474656 kB
Inactive(anon):     2444 kB
Active(file):      53780 kB
Inactive(file):    49252 kB
Unevictable:        1940 kB
Mlocked:               0 kB
HighTotal:       1158144 kB
HighFree:           2372 kB
LowTotal:         741364 kB
LowFree:           42584 kB
SwapTotal:             0 kB
SwapFree:              0 kB
Dirty:                48 kB
Writeback:             0 kB
AnonPages:       1473104 kB
Mapped:           115900 kB
Shmem:              3984 kB
Slab:              33576 kB
SReclaimable:      12044 kB
SUnreclaim:        21532 kB
KernelStack:        6024 kB
PageTables:        11652 kB
NFS_Unstable:          0 kB
Bounce:                0 kB
WritebackTmp:          0 kB
CommitLimit:      949752 kB
Committed_AS:   11952104 kB
VmallocTotal:     245760 kB
VmallocUsed:       50788 kB
VmallocChunk:      75648 kB
1557662005.936615
MemTotal:        1899508 kB
MemFree:           65140 kB
Buffers:             992 kB
Cached:           107880 kB
SwapCached:            0 kB
Active:          1507740 kB
Inactive:          51884 kB
Active(anon):    1454316 kB
Inactive(anon):     2780 kB
Active(file):      53424 kB
Inactive(file):    49104 kB
Unevictable:        1940 kB
Mlocked:               0 kB
HighTotal:       1158144 kB
HighFree:          21268 kB
LowTotal:         741364 kB
LowFree:           43872 kB
SwapTotal:             0 kB
SwapFree:              0 kB
Dirty:                48 kB
Writeback:             0 kB
AnonPages:       1452536 kB
Mapped:           116272 kB
Shmem:              4480 kB
Slab:              33576 kB
SReclaimable:      12044 kB
SUnreclaim:        21532 kB
KernelStack:        6024 kB
PageTables:        11652 kB
NFS_Unstable:          0 kB
Bounce:                0 kB
WritebackTmp:          0 kB
CommitLimit:      949752 kB
Committed_AS:   11958148 kB
VmallocTotal:     245760 kB
VmallocUsed:       50788 kB
VmallocChunk:      75648 kB
1557662006.510242
MemTotal:        1899508 kB
MemFree:           65240 kB
Buffers:             992 kB
Cached:           108040 kB
SwapCached:            0 kB
Active:          1507844 kB
Inactive:          51964 kB
Active(anon):    1454364 kB
Inactive(anon):     2860 kB
Active(file):      53480 kB
Inactive(file):    49104 kB
Unevictable:        1940 kB
Mlocked:               0 kB
HighTotal:       1158144 kB
HighFree:          21212 kB
LowTotal:         741364 kB
LowFree:           44028 kB
SwapTotal:             0 kB
SwapFree:              0 kB
Dirty:                48 kB
Writeback:             0 kB
AnonPages:       1452764 kB
Mapped:           116284 kB
Shmem:              4508 kB
Slab:              33576 kB
SReclaimable:      12044 kB
SUnreclaim:        21532 kB
KernelStack:        6040 kB
PageTables:        11672 kB
NFS_Unstable:          0 kB
Bounce:                0 kB
WritebackTmp:          0 kB
CommitLimit:      949752 kB
Committed_AS:   11958168 kB
VmallocTotal:     245760 kB
VmallocUsed:       50788 kB
VmallocChunk:      75648 kB
1557662007.078700
MemTotal:        1899508 kB
MemFree:           65352 kB
Buffers:             992 kB
Cached:           108040 kB
SwapCached:            0 kB
Active:          1508016 kB
Inactive:          51936 kB
Active(anon):    1454536 kB
Inactive(anon):     2832 kB
Active(file):      53480 kB
Inactive(file):    49104 kB
Unevictable:        1940 kB
Mlocked:               0 kB
HighTotal:       1158144 kB
HighFree:          21216 kB
LowTotal:         741364 kB
LowFree:           44136 kB
SwapTotal:             0 kB
SwapFree:              0 kB
Dirty:                48 kB
Writeback:             0 kB
AnonPages:       1452936 kB
Mapped:           116336 kB
Shmem:              4508 kB
Slab:              33576 kB
SReclaimable:      12044 kB
SUnreclaim:        21532 kB
KernelStack:        6040 kB
PageTables:        11660 kB
NFS_Unstable:          0 kB
Bounce:                0 kB
WritebackTmp:          0 kB
CommitLimit:      949752 kB
Committed_AS:   11958220 kB
VmallocTotal:     245760 kB
VmallocUsed:       50788 kB
VmallocChunk:      75648 kB
1557662007.654905
MemTotal:        1899508 kB
MemFree:           62544 kB
Buffers:            1008 kB
Cached:           108024 kB
SwapCached:            0 kB
Active:          1510956 kB
Inactive:          51936 kB
Active(anon):    1457476 kB
Inactive(anon):     2832 kB
Active(file):      53480 kB
Inactive(file):    49104 kB
Unevictable:        1940 kB
Mlocked:               0 kB
HighTotal:       1158144 kB
HighFree:          18312 kB
LowTotal:         741364 kB
LowFree:           44232 kB
SwapTotal:             0 kB
SwapFree:              0 kB
Dirty:                48 kB
Writeback:             0 kB
AnonPages:       1455788 kB
Mapped:           116336 kB
Shmem:              4508 kB
Slab:              33576 kB
SReclaimable:      12044 kB
SUnreclaim:        21532 kB
KernelStack:        6040 kB
PageTables:        11660 kB
NFS_Unstable:          0 kB
Bounce:                0 kB
WritebackTmp:          0 kB
CommitLimit:      949752 kB
Committed_AS:   11958920 kB
VmallocTotal:     245760 kB
VmallocUsed:       50788 kB
VmallocChunk:      75648 kB
1557662008.237514
MemTotal:        1899508 kB
MemFree:           59756 kB
Buffers:            1008 kB
Cached:           108040 kB
SwapCached:            0 kB
Active:          1513316 kB
Inactive:          51952 kB
Active(anon):    1459836 kB
Inactive(anon):     2832 kB
Active(file):      53480 kB
Inactive(file):    49120 kB
Unevictable:        1940 kB
Mlocked:               0 kB
HighTotal:       1158144 kB
HighFree:          15936 kB
LowTotal:         741364 kB
LowFree:           43820 kB
SwapTotal:             0 kB
SwapFree:              0 kB
Dirty:                 0 kB
Writeback:             0 kB
AnonPages:       1458316 kB
Mapped:           116340 kB
Shmem:              4508 kB
Slab:              33704 kB
SReclaimable:      12044 kB
SUnreclaim:        21660 kB
KernelStack:        6024 kB
PageTables:        11660 kB
NFS_Unstable:          0 kB
Bounce:                0 kB
WritebackTmp:          0 kB
CommitLimit:      949752 kB
Committed_AS:   11959012 kB
VmallocTotal:     245760 kB
VmallocUsed:       50788 kB
VmallocChunk:      75648 kB
1557662008.806583
MemTotal:        1899508 kB
MemFree:           59668 kB
Buffers:            1008 kB
Cached:           108040 kB
SwapCached:            0 kB
Active:          1513484 kB
Inactive:          51952 kB
Active(anon):    1460004 kB
Inactive(anon):     2832 kB
Active(file):      53480 kB
Inactive(file):    49120 kB
Unevictable:        1940 kB
Mlocked:               0 kB
HighTotal:       1158144 kB
HighFree:          15848 kB
LowTotal:         741364 kB
LowFree:           43820 kB
SwapTotal:             0 kB
SwapFree:              0 kB
Dirty:                 0 kB
Writeback:             0 kB
AnonPages:       1458440 kB
Mapped:           116340 kB
Shmem:              4508 kB
Slab:              33704 kB
SReclaimable:      12044 kB
SUnreclaim:        21660 kB
KernelStack:        6024 kB
PageTables:        11660 kB
NFS_Unstable:          0 kB
Bounce:                0 kB
WritebackTmp:          0 kB
CommitLimit:      949752 kB
Committed_AS:   11959036 kB
VmallocTotal:     245760 kB
VmallocUsed:       50788 kB
VmallocChunk:      75648 kB
1557662009.380339
MemTotal:        1899508 kB
MemFree:           59752 kB
Buffers:            1008 kB
Cached:           108040 kB
SwapCached:            0 kB
Active:          1513116 kB
Inactive:          51952 kB
Active(anon):    1459636 kB
Inactive(anon):     2832 kB
Active(file):      53480 kB
Inactive(file):    49120 kB
Unevictable:        1940 kB
Mlocked:               0 kB
HighTotal:       1158144 kB
HighFree:          15760 kB
LowTotal:         741364 kB
LowFree:           43992 kB
SwapTotal:             0 kB
SwapFree:              0 kB
Dirty:                 0 kB
Writeback:             0 kB
AnonPages:       1457980 kB
Mapped:           116344 kB
Shmem:              4508 kB
Slab:              33704 kB
SReclaimable:      12044 kB
SUnreclaim:        21660 kB
KernelStack:        6024 kB
PageTables:        11656 kB
NFS_Unstable:          0 kB
Bounce:                0 kB
WritebackTmp:          0 kB
CommitLimit:      949752 kB
Committed_AS:   11954196 kB
VmallocTotal:     245760 kB
VmallocUsed:       50788 kB
VmallocChunk:      75648 kB
1557662009.953013
MemTotal:        1899508 kB
MemFree:           59996 kB
Buffers:            1008 kB
Cached:           108040 kB
SwapCached:            0 kB
Active:          1513200 kB
Inactive:          51952 kB
Active(anon):    1459720 kB
Inactive(anon):     2832 kB
Active(file):      53480 kB
Inactive(file):    49120 kB
Unevictable:        1940 kB
Mlocked:               0 kB
HighTotal:       1158144 kB
HighFree:          15692 kB
LowTotal:         741364 kB
LowFree:           44304 kB
SwapTotal:             0 kB
SwapFree:              0 kB
Dirty:                 0 kB
Writeback:             0 kB
AnonPages:       1458104 kB
Mapped:           116344 kB
Shmem:              4508 kB
Slab:              33704 kB
SReclaimable:      12044 kB
SUnreclaim:        21660 kB
KernelStack:        6024 kB
PageTables:        11656 kB
NFS_Unstable:          0 kB
Bounce:                0 kB
WritebackTmp:          0 kB
CommitLimit:      949752 kB
Committed_AS:   11954296 kB
VmallocTotal:     245760 kB
VmallocUsed:       50788 kB
VmallocChunk:      75648 kB
1557662010.521565
MemTotal:        1899508 kB
MemFree:           59912 kB
Buffers:            1008 kB
Cached:           108040 kB
SwapCached:            0 kB
Active:          1513352 kB
Inactive:          51952 kB
Active(anon):    1459872 kB
Inactive(anon):     2832 kB
Active(file):      53480 kB
Inactive(file):    49120 kB
Unevictable:        1940 kB
Mlocked:               0 kB
HighTotal:       1158144 kB
HighFree:          15640 kB
LowTotal:         741364 kB
LowFree:           44272 kB
SwapTotal:             0 kB
SwapFree:              0 kB
Dirty:                 0 kB
Writeback:             0 kB
AnonPages:       1458192 kB
Mapped:           116344 kB
Shmem:              4508 kB
Slab:              33704 kB
SReclaimable:      12044 kB
SUnreclaim:        21660 kB
KernelStack:        6024 kB
PageTables:        11648 kB
NFS_Unstable:          0 kB
Bounce:                0 kB
WritebackTmp:          0 kB
CommitLimit:      949752 kB
Committed_AS:   11954300 kB
VmallocTotal:     245760 kB
VmallocUsed:       50788 kB
VmallocChunk:      75648 kB
1557662011.092932
MemTotal:        1899508 kB
MemFree:           59852 kB
Buffers:            1008 kB
Cached:           108040 kB
SwapCached:            0 kB
Active:          1513304 kB
Inactive:          51952 kB
Active(anon):    1459824 kB
Inactive(anon):     2832 kB
Active(file):      53480 kB
Inactive(file):    49120 kB
Unevictable:        1940 kB
Mlocked:               0 kB
HighTotal:       1158144 kB
HighFree:          15580 kB
LowTotal:         741364 kB
LowFree:           44272 kB
SwapTotal:             0 kB
SwapFree:              0 kB
Dirty:                 0 kB
Writeback:             0 kB
AnonPages:       1458308 kB
Mapped:           116344 kB
Shmem:              4508 kB
Slab:              33704 kB
SReclaimable:      12044 kB
SUnreclaim:        21660 kB
KernelStack:        6024 kB
PageTables:        11656 kB
NFS_Unstable:          0 kB
Bounce:                0 kB
WritebackTmp:          0 kB
CommitLimit:      949752 kB
Committed_AS:   11954224 kB
VmallocTotal:     245760 kB
VmallocUsed:       50788 kB
VmallocChunk:      75648 kB
1557662011.672214
MemTotal:        1899508 kB
MemFree:           57232 kB
Buffers:            1008 kB
Cached:           108040 kB
SwapCached:            0 kB
Active:          1515992 kB
Inactive:          51952 kB
Active(anon):    1462512 kB
Inactive(anon):     2832 kB
Active(file):      53480 kB
Inactive(file):    49120 kB
Unevictable:        1940 kB
Mlocked:               0 kB
HighTotal:       1158144 kB
HighFree:          13032 kB
LowTotal:         741364 kB
LowFree:           44200 kB
SwapTotal:             0 kB
SwapFree:              0 kB
Dirty:                 0 kB
Writeback:             0 kB
AnonPages:       1460788 kB
Mapped:           116344 kB
Shmem:              4508 kB
Slab:              33704 kB
SReclaimable:      12044 kB
SUnreclaim:        21660 kB
KernelStack:        6024 kB
PageTables:        11656 kB
NFS_Unstable:          0 kB
Bounce:                0 kB
WritebackTmp:          0 kB
CommitLimit:      949752 kB
Committed_AS:   11955036 kB
VmallocTotal:     245760 kB
VmallocUsed:       50788 kB
VmallocChunk:      75648 kB
1557662012.239263
MemTotal:        1899508 kB
MemFree:           58580 kB
Buffers:            1024 kB
Cached:           108024 kB
SwapCached:            0 kB
Active:          1514780 kB
Inactive:          51932 kB
Active(anon):    1461300 kB
Inactive(anon):     2812 kB
Active(file):      53480 kB
Inactive(file):    49120 kB
Unevictable:        1940 kB
Mlocked:               0 kB
HighTotal:       1158144 kB
HighFree:          14116 kB
LowTotal:         741364 kB
LowFree:           44464 kB
SwapTotal:             0 kB
SwapFree:              0 kB
Dirty:                 0 kB
Writeback:             0 kB
AnonPages:       1459548 kB
Mapped:           116344 kB
Shmem:              4508 kB
Slab:              33512 kB
SReclaimable:      12044 kB
SUnreclaim:        21468 kB
KernelStack:        6024 kB
PageTables:        11652 kB
NFS_Unstable:          0 kB
Bounce:                0 kB
WritebackTmp:          0 kB
CommitLimit:      949752 kB
Committed_AS:   11955028 kB
VmallocTotal:     245760 kB
VmallocUsed:       50788 kB
VmallocChunk:      75648 kB
1557662012.820902
MemTotal:        1899508 kB
MemFree:           67580 kB
Buffers:            1024 kB
Cached:           114100 kB
SwapCached:            0 kB
Active:          1499408 kB
Inactive:          57896 kB
Active(anon):    1445928 kB
Inactive(anon):     2812 kB
Active(file):      53480 kB
Inactive(file):    55084 kB
Unevictable:        1940 kB
Mlocked:               0 kB
HighTotal:       1158144 kB
HighFree:           9244 kB
LowTotal:         741364 kB
LowFree:           58336 kB
SwapTotal:             0 kB
SwapFree:              0 kB
Dirty:                 0 kB
Writeback:             0 kB
AnonPages:       1444380 kB
Mapped:           117584 kB
Shmem:              4508 kB
Slab:              33608 kB
SReclaimable:      12044 kB
SUnreclaim:        21564 kB
KernelStack:        6024 kB
PageTables:        12052 kB
NFS_Unstable:          0 kB
Bounce:                0 kB
WritebackTmp:          0 kB
CommitLimit:      949752 kB
Committed_AS:   12521948 kB
VmallocTotal:     245760 kB
VmallocUsed:       51808 kB
VmallocChunk:      75648 kB
1557662013.383573
MemTotal:        1899508 kB
MemFree:           45928 kB
Buffers:            1036 kB
Cached:           134820 kB
SwapCached:            0 kB
Active:          1500892 kB
Inactive:          78552 kB
Active(anon):    1447248 kB
Inactive(anon):     2804 kB
Active(file):      53644 kB
Inactive(file):    75748 kB
Unevictable:        1940 kB
Mlocked:               0 kB
HighTotal:       1158144 kB
HighFree:           1788 kB
LowTotal:         741364 kB
LowFree:           44140 kB
SwapTotal:             0 kB
SwapFree:              0 kB
Dirty:                36 kB
Writeback:             0 kB
AnonPages:       1445684 kB
Mapped:           124316 kB
Shmem:              4508 kB
Slab:              33608 kB
SReclaimable:      12044 kB
SUnreclaim:        21564 kB
KernelStack:        6088 kB
PageTables:        12128 kB
NFS_Unstable:          0 kB
Bounce:                0 kB
WritebackTmp:          0 kB
CommitLimit:      949752 kB
Committed_AS:   12522452 kB
VmallocTotal:     245760 kB
VmallocUsed:       51808 kB
VmallocChunk:      75648 kB
1557662013.967161
MemTotal:        1899508 kB
MemFree:           44056 kB
Buffers:             684 kB
Cached:           134440 kB
SwapCached:            0 kB
Active:          1504324 kB
Inactive:          76596 kB
Active(anon):    1449576 kB
Inactive(anon):     2804 kB
Active(file):      54748 kB
Inactive(file):    73792 kB
Unevictable:        1940 kB
Mlocked:               0 kB
HighTotal:       1158144 kB
HighFree:           1800 kB
LowTotal:         741364 kB
LowFree:           42256 kB
SwapTotal:             0 kB
SwapFree:              0 kB
Dirty:                 0 kB
Writeback:            20 kB
AnonPages:       1447932 kB
Mapped:           124496 kB
Shmem:              4508 kB
Slab:              33608 kB
SReclaimable:      12044 kB
SUnreclaim:        21564 kB
KernelStack:        6064 kB
PageTables:        12080 kB
NFS_Unstable:          0 kB
Bounce:                0 kB
WritebackTmp:          0 kB
CommitLimit:      949752 kB
Committed_AS:   12526308 kB
VmallocTotal:     245760 kB
VmallocUsed:       51808 kB
VmallocChunk:      75648 kB
1557662014.560718
MemTotal:        1899508 kB
MemFree:           39996 kB
Buffers:             936 kB
Cached:           135684 kB
SwapCached:            0 kB
Active:          1507432 kB
Inactive:          77232 kB
Active(anon):    1451968 kB
Inactive(anon):     2808 kB
Active(file):      55464 kB
Inactive(file):    74424 kB
Unevictable:        1940 kB
Mlocked:               0 kB
HighTotal:       1158144 kB
HighFree:            424 kB
LowTotal:         741364 kB
LowFree:           39572 kB
SwapTotal:             0 kB
SwapFree:              0 kB
Dirty:                 4 kB
Writeback:             0 kB
AnonPages:       1450340 kB
Mapped:           122056 kB
Shmem:              4512 kB
Slab:              33608 kB
SReclaimable:      12044 kB
SUnreclaim:        21564 kB
KernelStack:        6144 kB
PageTables:        12500 kB
NFS_Unstable:          0 kB
Bounce:                0 kB
WritebackTmp:          0 kB
CommitLimit:      949752 kB
Committed_AS:   13095824 kB
VmallocTotal:     245760 kB
VmallocUsed:       52828 kB
VmallocChunk:      75648 kB
1557662015.147300
MemTotal:        1899508 kB
MemFree:           44196 kB
Buffers:             932 kB
Cached:           132872 kB
SwapCached:            0 kB
Active:          1510200 kB
Inactive:          70844 kB
Active(anon):    1450876 kB
Inactive(anon):     2804 kB
Active(file):      59324 kB
Inactive(file):    68040 kB
Unevictable:        1940 kB
Mlocked:               0 kB
HighTotal:       1158144 kB
HighFree:           1812 kB
LowTotal:         741364 kB
LowFree:           42384 kB
SwapTotal:             0 kB
SwapFree:              0 kB
Dirty:                32 kB
Writeback:             0 kB
AnonPages:       1449384 kB
Mapped:           118440 kB
Shmem:              4508 kB
Slab:              33608 kB
SReclaimable:      12044 kB
SUnreclaim:        21564 kB
KernelStack:        6128 kB
PageTables:        12120 kB
NFS_Unstable:          0 kB
Bounce:                0 kB
WritebackTmp:          0 kB
CommitLimit:      949752 kB
Committed_AS:   12525400 kB
VmallocTotal:     245760 kB
VmallocUsed:       51808 kB
VmallocChunk:      75648 kB
1557662015.728734
MemTotal:        1899508 kB
MemFree:           42836 kB
Buffers:            1036 kB
Cached:           131872 kB
SwapCached:            0 kB
Active:          1513136 kB
Inactive:          69868 kB
Active(anon):    1453924 kB
Inactive(anon):     2804 kB
Active(file):      59212 kB
Inactive(file):    67064 kB
Unevictable:        1940 kB
Mlocked:               0 kB
HighTotal:       1158144 kB
HighFree:           2032 kB
LowTotal:         741364 kB
LowFree:           40804 kB
SwapTotal:             0 kB
SwapFree:              0 kB
Dirty:               132 kB
Writeback:             0 kB
AnonPages:       1452176 kB
Mapped:           117816 kB
Shmem:              4508 kB
Slab:              33608 kB
SReclaimable:      12044 kB
SUnreclaim:        21564 kB
KernelStack:        6128 kB
PageTables:        12120 kB
NFS_Unstable:          0 kB
Bounce:                0 kB
WritebackTmp:          0 kB
CommitLimit:      949752 kB
Committed_AS:   12525516 kB
VmallocTotal:     245760 kB
VmallocUsed:       51808 kB
VmallocChunk:      75648 kB
1557662016.356645
MemTotal:        1899508 kB
MemFree:           40724 kB
Buffers:            1052 kB
Cached:           128324 kB
SwapCached:            0 kB
Active:          1517644 kB
Inactive:          67076 kB
Active(anon):    1459148 kB
Inactive(anon):     2780 kB
Active(file):      58496 kB
Inactive(file):    64296 kB
Unevictable:        1940 kB
Mlocked:               0 kB
HighTotal:       1158144 kB
HighFree:            648 kB
LowTotal:         741364 kB
LowFree:           40076 kB
SwapTotal:             0 kB
SwapFree:              0 kB
Dirty:               132 kB
Writeback:             0 kB
AnonPages:       1457488 kB
Mapped:           115900 kB
Shmem:              4508 kB
Slab:              33640 kB
SReclaimable:      12044 kB
SUnreclaim:        21596 kB
KernelStack:        6144 kB
PageTables:        12116 kB
NFS_Unstable:          0 kB
Bounce:                0 kB
WritebackTmp:          0 kB
CommitLimit:      949752 kB
Committed_AS:   12526324 kB
VmallocTotal:     245760 kB
VmallocUsed:       51808 kB
VmallocChunk:      75648 kB
1557662016.991487
MemTotal:        1899508 kB
MemFree:           44360 kB
Buffers:            1028 kB
Cached:           126860 kB
SwapCached:            0 kB
Active:          1514904 kB
Inactive:          66052 kB
Active(anon):    1456764 kB
Inactive(anon):     2780 kB
Active(file):      58140 kB
Inactive(file):    63272 kB
Unevictable:        1940 kB
Mlocked:               0 kB
HighTotal:       1158144 kB
HighFree:           2628 kB
LowTotal:         741364 kB
LowFree:           41732 kB
SwapTotal:             0 kB
SwapFree:              0 kB
Dirty:               132 kB
Writeback:             4 kB
AnonPages:       1455080 kB
Mapped:           114992 kB
Shmem:              4508 kB
Slab:              33640 kB
SReclaimable:      12044 kB
SUnreclaim:        21596 kB
KernelStack:        6112 kB
PageTables:        12108 kB
NFS_Unstable:          0 kB
Bounce:                0 kB
WritebackTmp:          0 kB
CommitLimit:      949752 kB
Committed_AS:   12526328 kB
VmallocTotal:     245760 kB
VmallocUsed:       51808 kB
VmallocChunk:      75648 kB
1557662017.562517
MemTotal:        1899508 kB
MemFree:           45440 kB
Buffers:             948 kB
Cached:           125868 kB
SwapCached:            0 kB
Active:          1514452 kB
Inactive:          65268 kB
Active(anon):    1456736 kB
Inactive(anon):     2780 kB
Active(file):      57716 kB
Inactive(file):    62488 kB
Unevictable:        1940 kB
Mlocked:               0 kB
HighTotal:       1158144 kB
HighFree:           3236 kB
LowTotal:         741364 kB
LowFree:           42204 kB
SwapTotal:             0 kB
SwapFree:              0 kB
Dirty:               132 kB
Writeback:             0 kB
AnonPages:       1455108 kB
Mapped:           114364 kB
Shmem:              4508 kB
Slab:              33672 kB
SReclaimable:      12044 kB
SUnreclaim:        21628 kB
KernelStack:        6144 kB
PageTables:        12136 kB
NFS_Unstable:          0 kB
Bounce:                0 kB
WritebackTmp:          0 kB
CommitLimit:      949752 kB
Committed_AS:   12526300 kB
VmallocTotal:     245760 kB
VmallocUsed:       51808 kB
VmallocChunk:      75648 kB
1557662018.132873
MemTotal:        1899508 kB
MemFree:           49336 kB
Buffers:             924 kB
Cached:           124640 kB
SwapCached:            0 kB
Active:          1512028 kB
Inactive:          64488 kB
Active(anon):    1454748 kB
Inactive(anon):     2780 kB
Active(file):      57280 kB
Inactive(file):    61708 kB
Unevictable:        1940 kB
Mlocked:               0 kB
HighTotal:       1158144 kB
HighFree:           4692 kB
LowTotal:         741364 kB
LowFree:           44644 kB
SwapTotal:             0 kB
SwapFree:              0 kB
Dirty:               132 kB
Writeback:             0 kB
AnonPages:       1453060 kB
Mapped:           114104 kB
Shmem:              4508 kB
Slab:              33672 kB
SReclaimable:      12044 kB
SUnreclaim:        21628 kB
KernelStack:        6144 kB
PageTables:        12140 kB
NFS_Unstable:          0 kB
Bounce:                0 kB
WritebackTmp:          0 kB
CommitLimit:      949752 kB
Committed_AS:   12527020 kB
VmallocTotal:     245760 kB
VmallocUsed:       51808 kB
VmallocChunk:      75648 kB
1557662018.707886
MemTotal:        1899508 kB
MemFree:           49460 kB
Buffers:             904 kB
Cached:           123788 kB
SwapCached:            0 kB
Active:          1512280 kB
Inactive:          63452 kB
Active(anon):    1455000 kB
Inactive(anon):     2780 kB
Active(file):      57280 kB
Inactive(file):    60672 kB
Unevictable:        1940 kB
Mlocked:               0 kB
HighTotal:       1158144 kB
HighFree:           4448 kB
LowTotal:         741364 kB
LowFree:           45012 kB
SwapTotal:             0 kB
SwapFree:              0 kB
Dirty:               132 kB
Writeback:             0 kB
AnonPages:       1453432 kB
Mapped:           113604 kB
Shmem:              4508 kB
Slab:              33672 kB
SReclaimable:      12044 kB
SUnreclaim:        21628 kB
KernelStack:        6144 kB
PageTables:        12140 kB
NFS_Unstable:          0 kB
Bounce:                0 kB
WritebackTmp:          0 kB
CommitLimit:      949752 kB
Committed_AS:   12527028 kB
VmallocTotal:     245760 kB
VmallocUsed:       51808 kB
VmallocChunk:      75648 kB
1557662019.287504
MemTotal:        1899508 kB
MemFree:           50752 kB
Buffers:             780 kB
Cached:           122644 kB
SwapCached:            0 kB
Active:          1512788 kB
Inactive:          61796 kB
Active(anon):    1454924 kB
Inactive(anon):     2780 kB
Active(file):      57864 kB
Inactive(file):    59016 kB
Unevictable:        1940 kB
Mlocked:               0 kB
HighTotal:       1158144 kB
HighFree:           5072 kB
LowTotal:         741364 kB
LowFree:           45680 kB
SwapTotal:             0 kB
SwapFree:              0 kB
Dirty:                 0 kB
Writeback:             0 kB
AnonPages:       1453204 kB
Mapped:           112980 kB
Shmem:              4508 kB
Slab:              33672 kB
SReclaimable:      12044 kB
SUnreclaim:        21628 kB
KernelStack:        6120 kB
PageTables:        12128 kB
NFS_Unstable:          0 kB
Bounce:                0 kB
WritebackTmp:          0 kB
CommitLimit:      949752 kB
Committed_AS:   12527028 kB
VmallocTotal:     245760 kB
VmallocUsed:       51808 kB
VmallocChunk:      75648 kB
1557662019.850850
MemTotal:        1899508 kB
MemFree:           49424 kB
Buffers:             780 kB
Cached:           122048 kB
SwapCached:            0 kB
Active:          1514916 kB
Inactive:          61036 kB
Active(anon):    1456940 kB
Inactive(anon):     2780 kB
Active(file):      57976 kB
Inactive(file):    58256 kB
Unevictable:        1940 kB
Mlocked:               0 kB
HighTotal:       1158144 kB
HighFree:           3776 kB
LowTotal:         741364 kB
LowFree:           45648 kB
SwapTotal:             0 kB
SwapFree:              0 kB
Dirty:                 0 kB
Writeback:             0 kB
AnonPages:       1455188 kB
Mapped:           112732 kB
Shmem:              4508 kB
Slab:              33672 kB
SReclaimable:      12044 kB
SUnreclaim:        21628 kB
KernelStack:        6120 kB
PageTables:        12128 kB
NFS_Unstable:          0 kB
Bounce:                0 kB
WritebackTmp:          0 kB
CommitLimit:      949752 kB
Committed_AS:   12527052 kB
VmallocTotal:     245760 kB
VmallocUsed:       51808 kB
VmallocChunk:      75648 kB
1557662020.451724
MemTotal:        1899508 kB
MemFree:           49328 kB
Buffers:             764 kB
Cached:           121448 kB
SwapCached:            0 kB
Active:          1515200 kB
Inactive:          60464 kB
Active(anon):    1457140 kB
Inactive(anon):     2780 kB
Active(file):      58060 kB
Inactive(file):    57684 kB
Unevictable:        1940 kB
Mlocked:               0 kB
HighTotal:       1158144 kB
HighFree:           3764 kB
LowTotal:         741364 kB
LowFree:           45564 kB
SwapTotal:             0 kB
SwapFree:              0 kB
Dirty:                 0 kB
Writeback:             0 kB
