MemTotal:         482068 kB
MemFree:            4080 kB
Buffers:             880 kB
Cached:            96936 kB
SwapCached:            0 kB
Active:           352096 kB
Inactive:          56184 kB
Active(anon):     311392 kB
Inactive(anon):      772 kB
Active(file):      40704 kB
Inactive(file):    55412 kB
Unevictable:        1256 kB
Mlocked:               0 kB
HighTotal:             0 kB
HighFree:              0 kB
LowTotal:         482068 kB
LowFree:            4080 kB
SwapTotal:             0 kB
SwapFree:              0 kB
Dirty:                 0 kB
Writeback:             0 kB
AnonPages:        311872 kB
Mapped:            55632 kB
Shmem:               344 kB
Slab:              16720 kB
SReclaimable:       4640 kB
SUnreclaim:        12080 kB
KernelStack:        4904 kB
PageTables:         6624 kB
NFS_Unstable:          0 kB
Bounce:                0 kB
WritebackTmp:          0 kB
CommitLimit:      241032 kB
Committed_AS:    3833572 kB
VmallocTotal:     507904 kB
VmallocUsed:      110756 kB
VmallocChunk:     112576 kB
1557575170.000000
MemTotal:         482068 kB
MemFree:            4312 kB
Buffers:             768 kB
Cached:            94196 kB
SwapCached:            0 kB
Active:           359784 kB
Inactive:          50836 kB
Active(anon):     316604 kB
Inactive(anon):      772 kB
Active(file):      43180 kB
Inactive(file):    50064 kB
Unevictable:        1256 kB
Mlocked:               0 kB
HighTotal:             0 kB
HighFree:              0 kB
LowTotal:         482068 kB
LowFree:            4312 kB
SwapTotal:             0 kB
SwapFree:              0 kB
Dirty:                 0 kB
Writeback:             0 kB
AnonPages:        317088 kB
Mapped:            59788 kB
Shmem:               344 kB
Slab:              16716 kB
SReclaimable:       4640 kB
SUnreclaim:        12076 kB
KernelStack:        4976 kB
PageTables:         6700 kB
NFS_Unstable:          0 kB
Bounce:                0 kB
WritebackTmp:          0 kB
CommitLimit:      241032 kB
Committed_AS:    3839312 kB
VmallocTotal:     507904 kB
VmallocUsed:      107548 kB
VmallocChunk:     112576 kB
1557575171.000000
MemTotal:         482068 kB
MemFree:            4296 kB
Buffers:             784 kB
Cached:            90424 kB
SwapCached:            0 kB
Active:           364328 kB
Inactive:          44980 kB
Active(anon):     319056 kB
Inactive(anon):      772 kB
Active(file):      45272 kB
Inactive(file):    44208 kB
Unevictable:        1256 kB
Mlocked:               0 kB
HighTotal:             0 kB
HighFree:              0 kB
LowTotal:         482068 kB
LowFree:            4296 kB
SwapTotal:             0 kB
SwapFree:              0 kB
Dirty:                36 kB
Writeback:             0 kB
AnonPages:        319532 kB
Mapped:            64644 kB
Shmem:               344 kB
Slab:              16716 kB
SReclaimable:       4640 kB
SUnreclaim:        12076 kB
KernelStack:        5000 kB
PageTables:         6800 kB
NFS_Unstable:          0 kB
Bounce:                0 kB
WritebackTmp:          0 kB
CommitLimit:      241032 kB
Committed_AS:    3840956 kB
VmallocTotal:     507904 kB
VmallocUsed:      109208 kB
VmallocChunk:     112576 kB
1557575171.000000
MemTotal:         482068 kB
MemFree:            4020 kB
Buffers:             456 kB
Cached:            82696 kB
SwapCached:            0 kB
Active:           366300 kB
Inactive:          41548 kB
Active(anon):     325556 kB
Inactive(anon):      772 kB
Active(file):      40744 kB
Inactive(file):    40776 kB
Unevictable:        1256 kB
Mlocked:               0 kB
HighTotal:             0 kB
HighFree:              0 kB
LowTotal:         482068 kB
LowFree:            4020 kB
SwapTotal:             0 kB
SwapFree:              0 kB
Dirty:                36 kB
Writeback:             0 kB
AnonPages:        325916 kB
Mapped:            68292 kB
Shmem:               344 kB
Slab:              16716 kB
SReclaimable:       4640 kB
SUnreclaim:        12076 kB
KernelStack:        5000 kB
PageTables:         6876 kB
NFS_Unstable:          0 kB
Bounce:                0 kB
WritebackTmp:          0 kB
CommitLimit:      241032 kB
Committed_AS:    3849580 kB
VmallocTotal:     507904 kB
VmallocUsed:      110968 kB
VmallocChunk:     112576 kB
1557575172.000000
MemTotal:         482068 kB
MemFree:            7092 kB
Buffers:             360 kB
Cached:            74304 kB
SwapCached:            0 kB
Active:           366376 kB
Inactive:          37408 kB
Active(anon):     329932 kB
Inactive(anon):      772 kB
Active(file):      36444 kB
Inactive(file):    36636 kB
Unevictable:        1256 kB
Mlocked:               0 kB
HighTotal:             0 kB
HighFree:              0 kB
LowTotal:         482068 kB
LowFree:            7092 kB
SwapTotal:             0 kB
SwapFree:              0 kB
Dirty:                 8 kB
Writeback:             4 kB
AnonPages:        330300 kB
Mapped:            68008 kB
Shmem:               344 kB
Slab:              16724 kB
SReclaimable:       4636 kB
SUnreclaim:        12088 kB
KernelStack:        5144 kB
PageTables:         6828 kB
NFS_Unstable:          0 kB
Bounce:                0 kB
WritebackTmp:          0 kB
CommitLimit:      241032 kB
Committed_AS:    3854196 kB
VmallocTotal:     507904 kB
VmallocUsed:      107736 kB
VmallocChunk:     112576 kB
1557575173.000000
MemTotal:         482068 kB
MemFree:            3636 kB
Buffers:             452 kB
Cached:            71548 kB
SwapCached:            0 kB
Active:           370236 kB
Inactive:          36344 kB
Active(anon):     335388 kB
Inactive(anon):      772 kB
Active(file):      34848 kB
Inactive(file):    35572 kB
Unevictable:        1256 kB
Mlocked:               0 kB
HighTotal:             0 kB
HighFree:              0 kB
LowTotal:         482068 kB
LowFree:            3636 kB
SwapTotal:             0 kB
SwapFree:              0 kB
Dirty:                32 kB
Writeback:             0 kB
AnonPages:        335788 kB
Mapped:            71988 kB
Shmem:               344 kB
Slab:              16724 kB
SReclaimable:       4636 kB
SUnreclaim:        12088 kB
KernelStack:        5184 kB
PageTables:         6852 kB
NFS_Unstable:          0 kB
Bounce:                0 kB
WritebackTmp:          0 kB
CommitLimit:      241032 kB
Committed_AS:    3861048 kB
VmallocTotal:     507904 kB
VmallocUsed:      109360 kB
VmallocChunk:     112576 kB
1557575173.000000
MemTotal:         482068 kB
MemFree:            4240 kB
Buffers:             360 kB
Cached:            70940 kB
SwapCached:            0 kB
Active:           372920 kB
Inactive:          35636 kB
Active(anon):     338144 kB
Inactive(anon):      772 kB
Active(file):      34776 kB
Inactive(file):    34864 kB
Unevictable:        1256 kB
Mlocked:               0 kB
HighTotal:             0 kB
HighFree:              0 kB
LowTotal:         482068 kB
LowFree:            4240 kB
SwapTotal:             0 kB
SwapFree:              0 kB
Dirty:                76 kB
Writeback:             0 kB
AnonPages:        338580 kB
Mapped:            70484 kB
Shmem:               344 kB
Slab:              16720 kB
SReclaimable:       4632 kB
SUnreclaim:        12088 kB
KernelStack:        5176 kB
PageTables:         6880 kB
NFS_Unstable:          0 kB
Bounce:                0 kB
WritebackTmp:          0 kB
CommitLimit:      241032 kB
Committed_AS:    3862792 kB
VmallocTotal:     507904 kB
VmallocUsed:      109368 kB
VmallocChunk:     112576 kB
1557575174.000000
MemTotal:         482068 kB
MemFree:            3448 kB
Buffers:             332 kB
Cached:            71044 kB
SwapCached:            0 kB
Active:           374200 kB
Inactive:          36308 kB
Active(anon):     340068 kB
Inactive(anon):      772 kB
Active(file):      34132 kB
Inactive(file):    35536 kB
Unevictable:        1256 kB
Mlocked:               0 kB
HighTotal:             0 kB
HighFree:              0 kB
LowTotal:         482068 kB
LowFree:            3448 kB
SwapTotal:             0 kB
SwapFree:              0 kB
Dirty:                76 kB
Writeback:             0 kB
AnonPages:        340480 kB
Mapped:            64404 kB
Shmem:               344 kB
Slab:              16720 kB
SReclaimable:       4632 kB
SUnreclaim:        12088 kB
KernelStack:        5176 kB
PageTables:         6880 kB
NFS_Unstable:          0 kB
Bounce:                0 kB
WritebackTmp:          0 kB
CommitLimit:      241032 kB
Committed_AS:    3866444 kB
VmallocTotal:     507904 kB
VmallocUsed:      109360 kB
VmallocChunk:     112576 kB
1557575175.000000
MemTotal:         482068 kB
MemFree:            4168 kB
Buffers:             324 kB
Cached:            66276 kB
SwapCached:            0 kB
Active:           375908 kB
Inactive:          33236 kB
Active(anon):     343396 kB
Inactive(anon):      772 kB
Active(file):      32512 kB
Inactive(file):    32464 kB
Unevictable:        1256 kB
Mlocked:               0 kB
HighTotal:             0 kB
HighFree:              0 kB
LowTotal:         482068 kB
LowFree:            4168 kB
SwapTotal:             0 kB
SwapFree:              0 kB
Dirty:                72 kB
Writeback:             0 kB
AnonPages:        343824 kB
Mapped:            60432 kB
Shmem:               344 kB
Slab:              16720 kB
SReclaimable:       4632 kB
SUnreclaim:        12088 kB
KernelStack:        5248 kB
PageTables:         6888 kB
NFS_Unstable:          0 kB
Bounce:                0 kB
WritebackTmp:          0 kB
CommitLimit:      241032 kB
Committed_AS:    3869504 kB
VmallocTotal:     507904 kB
VmallocUsed:      110112 kB
VmallocChunk:     112576 kB
1557575175.000000
MemTotal:         482068 kB
MemFree:            4136 kB
Buffers:             536 kB
Cached:            59464 kB
SwapCached:            0 kB
Active:           377440 kB
Inactive:          30072 kB
Active(anon):     348356 kB
Inactive(anon):      780 kB
Active(file):      29084 kB
Inactive(file):    29292 kB
Unevictable:        1256 kB
Mlocked:               0 kB
HighTotal:             0 kB
HighFree:              0 kB
LowTotal:         482068 kB
LowFree:            4136 kB
SwapTotal:             0 kB
SwapFree:              0 kB
Dirty:               112 kB
Writeback:             0 kB
AnonPages:        348756 kB
Mapped:            58276 kB
Shmem:               352 kB
Slab:              17004 kB
SReclaimable:       4884 kB
SUnreclaim:        12120 kB
KernelStack:        5264 kB
PageTables:         6920 kB
NFS_Unstable:          0 kB
Bounce:                0 kB
WritebackTmp:          0 kB
CommitLimit:      241032 kB
Committed_AS:    3874872 kB
VmallocTotal:     507904 kB
VmallocUsed:      111736 kB
VmallocChunk:     112576 kB
1557575176.000000
MemTotal:         482068 kB
MemFree:            4320 kB
Buffers:             636 kB
Cached:            54576 kB
SwapCached:            0 kB
Active:           379612 kB
Inactive:          27520 kB
Active(anon):     352776 kB
Inactive(anon):      780 kB
Active(file):      26836 kB
Inactive(file):    26740 kB
Unevictable:        1256 kB
Mlocked:               0 kB
HighTotal:             0 kB
HighFree:              0 kB
LowTotal:         482068 kB
LowFree:            4320 kB
SwapTotal:             0 kB
SwapFree:              0 kB
Dirty:               188 kB
Writeback:             0 kB
AnonPages:        353240 kB
Mapped:            55160 kB
Shmem:               352 kB
Slab:              16952 kB
SReclaimable:       4832 kB
SUnreclaim:        12120 kB
KernelStack:        5264 kB
PageTables:         6920 kB
NFS_Unstable:          0 kB
Bounce:                0 kB
WritebackTmp:          0 kB
CommitLimit:      241032 kB
Committed_AS:    3881856 kB
VmallocTotal:     507904 kB
VmallocUsed:      111736 kB
VmallocChunk:     112576 kB
1557575177.000000
MemTotal:         482068 kB
MemFree:            4320 kB
Buffers:             396 kB
Cached:            52456 kB
SwapCached:            0 kB
Active:           380876 kB
Inactive:          26424 kB
Active(anon):     355364 kB
Inactive(anon):      780 kB
Active(file):      25512 kB
Inactive(file):    25644 kB
Unevictable:        1256 kB
Mlocked:               0 kB
HighTotal:             0 kB
HighFree:              0 kB
LowTotal:         482068 kB
LowFree:            4320 kB
SwapTotal:             0 kB
SwapFree:              0 kB
Dirty:               200 kB
Writeback:             0 kB
AnonPages:        355800 kB
Mapped:            52540 kB
Shmem:               352 kB
Slab:              16896 kB
SReclaimable:       4796 kB
SUnreclaim:        12100 kB
KernelStack:        5352 kB
PageTables:         6948 kB
NFS_Unstable:          0 kB
Bounce:                0 kB
WritebackTmp:          0 kB
CommitLimit:      241032 kB
Committed_AS:    3884788 kB
VmallocTotal:     507904 kB
VmallocUsed:      111736 kB
VmallocChunk:     112576 kB
1557575178.000000
MemTotal:         482068 kB
MemFree:            8136 kB
Buffers:             216 kB
Cached:            45960 kB
SwapCached:            0 kB
Active:           377396 kB
Inactive:          23496 kB
Active(anon):     355572 kB
Inactive(anon):      788 kB
Active(file):      21824 kB
Inactive(file):    22708 kB
Unevictable:        1256 kB
Mlocked:               0 kB
HighTotal:             0 kB
HighFree:              0 kB
LowTotal:         482068 kB
LowFree:            8136 kB
SwapTotal:             0 kB
SwapFree:              0 kB
Dirty:               204 kB
Writeback:             0 kB
AnonPages:        356084 kB
Mapped:            50140 kB
Shmem:               360 kB
Slab:              16888 kB
SReclaimable:       4772 kB
SUnreclaim:        12116 kB
KernelStack:        5272 kB
PageTables:         6616 kB
NFS_Unstable:          0 kB
Bounce:                0 kB
WritebackTmp:          0 kB
CommitLimit:      241032 kB
Committed_AS:    3772900 kB
VmallocTotal:     507904 kB
VmallocUsed:      111196 kB
VmallocChunk:     112576 kB
1557575178.000000
MemTotal:         482068 kB
MemFree:            4276 kB
Buffers:             216 kB
Cached:            47404 kB
SwapCached:            0 kB
Active:           379632 kB
Inactive:          24952 kB
Active(anon):     357808 kB
Inactive(anon):      788 kB
Active(file):      21824 kB
Inactive(file):    24164 kB
Unevictable:        1256 kB
Mlocked:               0 kB
HighTotal:             0 kB
HighFree:              0 kB
LowTotal:         482068 kB
LowFree:            4276 kB
SwapTotal:             0 kB
SwapFree:              0 kB
Dirty:                52 kB
Writeback:             0 kB
AnonPages:        358212 kB
Mapped:            50520 kB
Shmem:               360 kB
Slab:              16888 kB
SReclaimable:       4772 kB
SUnreclaim:        12116 kB
KernelStack:        5272 kB
PageTables:         6692 kB
NFS_Unstable:          0 kB
Bounce:                0 kB
WritebackTmp:          0 kB
CommitLimit:      241032 kB
Committed_AS:    3774664 kB
VmallocTotal:     507904 kB
VmallocUsed:      111196 kB
VmallocChunk:     112576 kB
1557575179.000000
MemTotal:         482068 kB
MemFree:            3648 kB
Buffers:             208 kB
Cached:            47044 kB
SwapCached:            0 kB
Active:           383460 kB
Inactive:          21788 kB
Active(anon):     358848 kB
Inactive(anon):      788 kB
Active(file):      24612 kB
Inactive(file):    21000 kB
Unevictable:        1256 kB
Mlocked:               0 kB
HighTotal:             0 kB
HighFree:              0 kB
LowTotal:         482068 kB
LowFree:            3648 kB
SwapTotal:             0 kB
SwapFree:              0 kB
Dirty:               124 kB
Writeback:             0 kB
AnonPages:        359348 kB
Mapped:            49300 kB
Shmem:               360 kB
Slab:              16884 kB
SReclaimable:       4772 kB
SUnreclaim:        12112 kB
KernelStack:        5264 kB
PageTables:         6608 kB
NFS_Unstable:          0 kB
Bounce:                0 kB
WritebackTmp:          0 kB
CommitLimit:      241032 kB
Committed_AS:    3776112 kB
VmallocTotal:     507904 kB
VmallocUsed:      111196 kB
VmallocChunk:     112576 kB
1557575180.000000
MemTotal:         482068 kB
MemFree:           15836 kB
Buffers:             184 kB
Cached:            47144 kB
SwapCached:            0 kB
Active:           368252 kB
Inactive:          24976 kB
Active(anon):     346816 kB
Inactive(anon):      788 kB
Active(file):      21436 kB
Inactive(file):    24188 kB
Unevictable:        1256 kB
Mlocked:               0 kB
HighTotal:             0 kB
HighFree:              0 kB
LowTotal:         482068 kB
LowFree:           15836 kB
SwapTotal:             0 kB
SwapFree:              0 kB
Dirty:               124 kB
Writeback:             0 kB
AnonPages:        347284 kB
Mapped:            49524 kB
Shmem:               360 kB
Slab:              16856 kB
SReclaimable:       4772 kB
SUnreclaim:        12084 kB
KernelStack:        5224 kB
PageTables:         6340 kB
NFS_Unstable:          0 kB
Bounce:                0 kB
WritebackTmp:          0 kB
CommitLimit:      241032 kB
Committed_AS:    3616968 kB
VmallocTotal:     507904 kB
VmallocUsed:      109160 kB
VmallocChunk:     112576 kB
1557575180.000000
MemTotal:         482068 kB
MemFree:            3756 kB
Buffers:             192 kB
Cached:            53900 kB
SwapCached:            0 kB
Active:           373764 kB
Inactive:          30976 kB
Active(anon):     351600 kB
Inactive(anon):      788 kB
Active(file):      22164 kB
Inactive(file):    30188 kB
Unevictable:        1256 kB
Mlocked:               0 kB
HighTotal:             0 kB
HighFree:              0 kB
LowTotal:         482068 kB
LowFree:            3756 kB
SwapTotal:             0 kB
SwapFree:              0 kB
Dirty:               124 kB
Writeback:             0 kB
AnonPages:        351996 kB
Mapped:            53020 kB
Shmem:               360 kB
Slab:              16804 kB
SReclaimable:       4772 kB
SUnreclaim:        12032 kB
KernelStack:        5328 kB
PageTables:         6720 kB
NFS_Unstable:          0 kB
Bounce:                0 kB
WritebackTmp:          0 kB
CommitLimit:      241032 kB
Committed_AS:    3831628 kB
VmallocTotal:     507904 kB
VmallocUsed:      113248 kB
VmallocChunk:     112576 kB
1557575181.000000
MemTotal:         482068 kB
MemFree:            4204 kB
Buffers:             360 kB
Cached:            48456 kB
SwapCached:            0 kB
Active:           379680 kB
Inactive:          24636 kB
Active(anon):     356372 kB
Inactive(anon):     1048 kB
Active(file):      23308 kB
Inactive(file):    23588 kB
Unevictable:        1256 kB
Mlocked:             304 kB
HighTotal:             0 kB
HighFree:              0 kB
LowTotal:         482068 kB
LowFree:            4204 kB
SwapTotal:             0 kB
SwapFree:              0 kB
Dirty:               680 kB
Writeback:             0 kB
AnonPages:        356784 kB
Mapped:            52708 kB
Shmem:               664 kB
Slab:              16796 kB
SReclaimable:       4740 kB
SUnreclaim:        12056 kB
KernelStack:        5280 kB
PageTables:         6780 kB
NFS_Unstable:          0 kB
Bounce:                0 kB
WritebackTmp:          0 kB
CommitLimit:      241032 kB
Committed_AS:    3854752 kB
VmallocTotal:     507904 kB
VmallocUsed:      113248 kB
VmallocChunk:     112576 kB
1557575182.000000
MemTotal:         482068 kB
MemFree:            3700 kB
Buffers:             236 kB
Cached:            44104 kB
SwapCached:            0 kB
Active:           378380 kB
Inactive:          23624 kB
Active(anon):     358760 kB
Inactive(anon):     3460 kB
Active(file):      19620 kB
Inactive(file):    20164 kB
Unevictable:        1404 kB
Mlocked:            2932 kB
HighTotal:             0 kB
HighFree:              0 kB
LowTotal:         482068 kB
LowFree:            3700 kB
SwapTotal:             0 kB
SwapFree:              0 kB
Dirty:               620 kB
Writeback:             0 kB
AnonPages:        359204 kB
Mapped:            49160 kB
Shmem:              3292 kB
Slab:              16796 kB
SReclaimable:       4728 kB
SUnreclaim:        12068 kB
KernelStack:        5344 kB
PageTables:         6864 kB
NFS_Unstable:          0 kB
Bounce:                0 kB
WritebackTmp:          0 kB
CommitLimit:      241032 kB
Committed_AS:    3899236 kB
VmallocTotal:     507904 kB
VmallocUsed:      115700 kB
VmallocChunk:     112576 kB
1557575183.000000
MemTotal:         482068 kB
MemFree:            4064 kB
Buffers:             352 kB
Cached:            44836 kB
SwapCached:            0 kB
Active:           376308 kB
Inactive:          23808 kB
Active(anon):     356404 kB
Inactive(anon):     3148 kB
Active(file):      19904 kB
Inactive(file):    20660 kB
Unevictable:        1928 kB
Mlocked:            3768 kB
HighTotal:             0 kB
HighFree:              0 kB
LowTotal:         482068 kB
LowFree:            4064 kB
SwapTotal:             0 kB
SwapFree:              0 kB
Dirty:               656 kB
Writeback:            16 kB
AnonPages:        357040 kB
Mapped:            47572 kB
Shmem:              3292 kB
Slab:              16852 kB
SReclaimable:       4728 kB
SUnreclaim:        12124 kB
KernelStack:        5360 kB
PageTables:         6900 kB
NFS_Unstable:          0 kB
Bounce:                0 kB
WritebackTmp:          0 kB
CommitLimit:      241032 kB
Committed_AS:    3900864 kB
VmallocTotal:     507904 kB
VmallocUsed:      116684 kB
VmallocChunk:     112576 kB
1557575184.000000
MemTotal:         482068 kB
MemFree:            3892 kB
Buffers:             424 kB
Cached:            41980 kB
SwapCached:            0 kB
Active:           377584 kB
Inactive:          22048 kB
Active(anon):     358692 kB
Inactive(anon):     3144 kB
Active(file):      18892 kB
Inactive(file):    18904 kB
Unevictable:        1960 kB
Mlocked:            3816 kB
HighTotal:             0 kB
HighFree:              0 kB
LowTotal:         482068 kB
LowFree:            3892 kB
SwapTotal:             0 kB
SwapFree:              0 kB
Dirty:                88 kB
Writeback:             0 kB
AnonPages:        359216 kB
Mapped:            49148 kB
Shmem:              3296 kB
Slab:              16832 kB
SReclaimable:       4728 kB
SUnreclaim:        12104 kB
KernelStack:        5392 kB
PageTables:         6832 kB
NFS_Unstable:          0 kB
Bounce:                0 kB
WritebackTmp:          0 kB
CommitLimit:      241032 kB
Committed_AS:    3903944 kB
VmallocTotal:     507904 kB
VmallocUsed:      116684 kB
VmallocChunk:     112576 kB
1557575185.000000
MemTotal:         482068 kB
MemFree:            3460 kB
Buffers:             276 kB
Cached:            44660 kB
SwapCached:            0 kB
Active:           376296 kB
Inactive:          24260 kB
Active(anon):     357092 kB
Inactive(anon):     3144 kB
Active(file):      19204 kB
Inactive(file):    21116 kB
Unevictable:        1960 kB
Mlocked:            3816 kB
HighTotal:             0 kB
HighFree:              0 kB
LowTotal:         482068 kB
LowFree:            3460 kB
SwapTotal:             0 kB
SwapFree:              0 kB
Dirty:                 0 kB
Writeback:             0 kB
AnonPages:        356216 kB
Mapped:            49420 kB
Shmem:              3296 kB
Slab:              16888 kB
SReclaimable:       4732 kB
SUnreclaim:        12156 kB
KernelStack:        5384 kB
PageTables:         6916 kB
NFS_Unstable:          0 kB
Bounce:                0 kB
WritebackTmp:          0 kB
CommitLimit:      241032 kB
Committed_AS:    3758920 kB
VmallocTotal:     507904 kB
VmallocUsed:      116684 kB
VmallocChunk:     112576 kB
1557575185.000000
MemTotal:         482068 kB
MemFree:            3956 kB
Buffers:             528 kB
Cached:            44500 kB
SwapCached:            0 kB
Active:           376604 kB
Inactive:          23640 kB
Active(anon):     356652 kB
Inactive(anon):     3152 kB
Active(file):      19952 kB
Inactive(file):    20488 kB
Unevictable:        1960 kB
Mlocked:            3816 kB
HighTotal:             0 kB
HighFree:              0 kB
LowTotal:         482068 kB
LowFree:            3956 kB
SwapTotal:             0 kB
SwapFree:              0 kB
Dirty:               120 kB
Writeback:             0 kB
AnonPages:        357140 kB
Mapped:            49392 kB
Shmem:              3304 kB
Slab:              16820 kB
SReclaimable:       4728 kB
SUnreclaim:        12092 kB
KernelStack:        5344 kB
PageTables:         6608 kB
NFS_Unstable:          0 kB
Bounce:                0 kB
WritebackTmp:          0 kB
CommitLimit:      241032 kB
Committed_AS:    3755824 kB
VmallocTotal:     507904 kB
VmallocUsed:      114640 kB
VmallocChunk:     112576 kB
1557575186.000000
MemTotal:         482068 kB
MemFree:            4220 kB
Buffers:             388 kB
Cached:            42660 kB
SwapCached:            0 kB
Active:           378048 kB
Inactive:          21868 kB
Active(anon):     358376 kB
Inactive(anon):     3152 kB
Active(file):      19672 kB
Inactive(file):    18716 kB
Unevictable:        1960 kB
Mlocked:            3816 kB
HighTotal:             0 kB
HighFree:              0 kB
LowTotal:         482068 kB
LowFree:            4220 kB
SwapTotal:             0 kB
SwapFree:              0 kB
Dirty:               104 kB
Writeback:             8 kB
AnonPages:        358992 kB
Mapped:            48824 kB
Shmem:              3304 kB
Slab:              16828 kB
SReclaimable:       4728 kB
SUnreclaim:        12100 kB
KernelStack:        5296 kB
PageTables:         6648 kB
NFS_Unstable:          0 kB
Bounce:                0 kB
WritebackTmp:          0 kB
CommitLimit:      241032 kB
Committed_AS:    3756976 kB
VmallocTotal:     507904 kB
VmallocUsed:      114640 kB
VmallocChunk:     112576 kB
1557575187.000000
MemTotal:         482068 kB
MemFree:            4300 kB
Buffers:             352 kB
Cached:            43888 kB
SwapCached:            0 kB
Active:           376068 kB
Inactive:          23916 kB
Active(anon):     357088 kB
Inactive(anon):     3148 kB
Active(file):      18980 kB
Inactive(file):    20768 kB
Unevictable:        1960 kB
Mlocked:            3816 kB
HighTotal:             0 kB
HighFree:              0 kB
LowTotal:         482068 kB
LowFree:            4300 kB
SwapTotal:             0 kB
SwapFree:              0 kB
Dirty:               104 kB
Writeback:             0 kB
AnonPages:        357668 kB
Mapped:            47252 kB
Shmem:              3304 kB
Slab:              16816 kB
SReclaimable:       4728 kB
SUnreclaim:        12088 kB
KernelStack:        5352 kB
PageTables:         6448 kB
NFS_Unstable:          0 kB
Bounce:                0 kB
WritebackTmp:          0 kB
CommitLimit:      241032 kB
Committed_AS:    3646180 kB
VmallocTotal:     507904 kB
VmallocUsed:      112596 kB
VmallocChunk:     112576 kB
1557575188.000000
MemTotal:         482068 kB
MemFree:            4340 kB
Buffers:             324 kB
Cached:            41088 kB
SwapCached:            0 kB
Active:           378228 kB
Inactive:          21540 kB
Active(anon):     359804 kB
Inactive(anon):     3148 kB
Active(file):      18424 kB
Inactive(file):    18392 kB
Unevictable:        1960 kB
Mlocked:            3816 kB
HighTotal:             0 kB
HighFree:              0 kB
LowTotal:         482068 kB
LowFree:            4340 kB
SwapTotal:             0 kB
SwapFree:              0 kB
Dirty:                92 kB
Writeback:             0 kB
AnonPages:        360408 kB
Mapped:            47148 kB
Shmem:              3304 kB
Slab:              16792 kB
SReclaimable:       4720 kB
SUnreclaim:        12072 kB
KernelStack:        5256 kB
PageTables:         6472 kB
NFS_Unstable:          0 kB
Bounce:                0 kB
WritebackTmp:          0 kB
CommitLimit:      241032 kB
Committed_AS:    3646820 kB
VmallocTotal:     507904 kB
VmallocUsed:      112596 kB
VmallocChunk:     112576 kB
1557575189.000000
MemTotal:         482068 kB
MemFree:            3824 kB
Buffers:             328 kB
Cached:            53148 kB
SwapCached:            0 kB
Active:           367140 kB
Inactive:          33480 kB
Active(anon):     348580 kB
Inactive(anon):     3148 kB
Active(file):      18560 kB
Inactive(file):    30332 kB
Unevictable:        1960 kB
Mlocked:            3816 kB
HighTotal:             0 kB
HighFree:              0 kB
LowTotal:         482068 kB
LowFree:            3824 kB
SwapTotal:             0 kB
SwapFree:              0 kB
Dirty:                84 kB
Writeback:             0 kB
AnonPages:        349096 kB
Mapped:            49736 kB
Shmem:              3304 kB
Slab:              16804 kB
SReclaimable:       4720 kB
SUnreclaim:        12084 kB
KernelStack:        5168 kB
PageTables:         6176 kB
NFS_Unstable:          0 kB
Bounce:                0 kB
WritebackTmp:          0 kB
CommitLimit:      241032 kB
Committed_AS:    3524820 kB
VmallocTotal:     507904 kB
VmallocUsed:      110552 kB
VmallocChunk:     112576 kB
1557575190.000000
MemTotal:         482068 kB
MemFree:            3948 kB
Buffers:             368 kB
Cached:            54640 kB
SwapCached:            0 kB
Active:           367192 kB
Inactive:          33504 kB
Active(anon):     347268 kB
Inactive(anon):     3148 kB
Active(file):      19924 kB
Inactive(file):    30356 kB
Unevictable:        1960 kB
Mlocked:            3816 kB
HighTotal:             0 kB
HighFree:              0 kB
LowTotal:         482068 kB
LowFree:            3948 kB
SwapTotal:             0 kB
SwapFree:              0 kB
Dirty:                 8 kB
Writeback:             0 kB
AnonPages:        347928 kB
Mapped:            50924 kB
Shmem:              3304 kB
Slab:              16824 kB
SReclaimable:       4716 kB
SUnreclaim:        12108 kB
KernelStack:        5152 kB
PageTables:         6360 kB
NFS_Unstable:          0 kB
Bounce:                0 kB
WritebackTmp:          0 kB
CommitLimit:      241032 kB
Committed_AS:    3631216 kB
VmallocTotal:     507904 kB
VmallocUsed:      110552 kB
VmallocChunk:     112576 kB
1557575190.000000
MemTotal:         482068 kB
MemFree:            3596 kB
Buffers:             332 kB
Cached:            51620 kB
SwapCached:            0 kB
Active:           373152 kB
Inactive:          27556 kB
Active(anon):     350184 kB
Inactive(anon):     3148 kB
Active(file):      22968 kB
Inactive(file):    24408 kB
Unevictable:        1960 kB
Mlocked:            3816 kB
HighTotal:             0 kB
HighFree:              0 kB
LowTotal:         482068 kB
LowFree:            3596 kB
SwapTotal:             0 kB
SwapFree:              0 kB
Dirty:                 0 kB
Writeback:             0 kB
AnonPages:        350800 kB
Mapped:            53812 kB
Shmem:              3304 kB
Slab:              16816 kB
SReclaimable:       4712 kB
SUnreclaim:        12104 kB
KernelStack:        5240 kB
PageTables:         6352 kB
NFS_Unstable:          0 kB
Bounce:                0 kB
WritebackTmp:          0 kB
CommitLimit:      241032 kB
Committed_AS:    3643840 kB
VmallocTotal:     507904 kB
VmallocUsed:      112604 kB
VmallocChunk:     112576 kB
1557575191.000000
MemTotal:         482068 kB
MemFree:            4092 kB
Buffers:             468 kB
Cached:            48544 kB
SwapCached:            0 kB
Active:           374520 kB
Inactive:          25280 kB
Active(anon):     352204 kB
Inactive(anon):     3148 kB
Active(file):      22316 kB
Inactive(file):    22132 kB
Unevictable:        1960 kB
Mlocked:            3816 kB
HighTotal:             0 kB
HighFree:              0 kB
LowTotal:         482068 kB
LowFree:            4092 kB
SwapTotal:             0 kB
SwapFree:              0 kB
Dirty:                60 kB
Writeback:             0 kB
AnonPages:        352852 kB
Mapped:            54248 kB
Shmem:              3304 kB
Slab:              16840 kB
SReclaimable:       4712 kB
SUnreclaim:        12128 kB
KernelStack:        5248 kB
PageTables:         6404 kB
NFS_Unstable:          0 kB
Bounce:                0 kB
WritebackTmp:          0 kB
CommitLimit:      241032 kB
Committed_AS:    3671436 kB
VmallocTotal:     507904 kB
VmallocUsed:      112596 kB
VmallocChunk:     112576 kB
1557575192.000000
MemTotal:         482068 kB
MemFree:            3596 kB
Buffers:             412 kB
Cached:            48580 kB
SwapCached:            0 kB
Active:           375216 kB
Inactive:          25792 kB
Active(anon):     353488 kB
Inactive(anon):     3148 kB
Active(file):      21728 kB
Inactive(file):    22644 kB
Unevictable:        1960 kB
Mlocked:            3816 kB
HighTotal:             0 kB
HighFree:              0 kB
LowTotal:         482068 kB
LowFree:            3596 kB
SwapTotal:             0 kB
SwapFree:              0 kB
Dirty:                56 kB
Writeback:             0 kB
AnonPages:        354036 kB
Mapped:            53672 kB
Shmem:              3296 kB
Slab:              16848 kB
SReclaimable:       4708 kB
SUnreclaim:        12140 kB
KernelStack:        5200 kB
PageTables:         6404 kB
NFS_Unstable:          0 kB
Bounce:                0 kB
WritebackTmp:          0 kB
CommitLimit:      241032 kB
Committed_AS:    3671580 kB
VmallocTotal:     507904 kB
VmallocUsed:      112604 kB
VmallocChunk:     112576 kB
1557575193.000000
MemTotal:         482068 kB
MemFree:            3960 kB
Buffers:             156 kB
Cached:            47496 kB
SwapCached:            0 kB
Active:           375504 kB
Inactive:          24828 kB
Active(anon):     354140 kB
Inactive(anon):     3148 kB
Active(file):      21364 kB
Inactive(file):    21680 kB
Unevictable:        1960 kB
Mlocked:            3816 kB
HighTotal:             0 kB
HighFree:              0 kB
LowTotal:         482068 kB
LowFree:            3960 kB
SwapTotal:             0 kB
SwapFree:              0 kB
Dirty:                32 kB
Writeback:             4 kB
AnonPages:        354680 kB
Mapped:            51620 kB
Shmem:              3316 kB
Slab:              16856 kB
SReclaimable:       4708 kB
SUnreclaim:        12148 kB
KernelStack:        5256 kB
PageTables:         6420 kB
NFS_Unstable:          0 kB
Bounce:                0 kB
WritebackTmp:          0 kB
CommitLimit:      241032 kB
Committed_AS:    3673512 kB
VmallocTotal:     507904 kB
VmallocUsed:      112596 kB
VmallocChunk:     112576 kB
1557575194.000000
MemTotal:         482068 kB
MemFree:            4316 kB
Buffers:             136 kB
Cached:            46984 kB
SwapCached:            0 kB
Active:           376000 kB
Inactive:          24164 kB
Active(anon):     354452 kB
Inactive(anon):     3148 kB
Active(file):      21548 kB
Inactive(file):    21016 kB
Unevictable:        1960 kB
Mlocked:            3816 kB
HighTotal:             0 kB
HighFree:              0 kB
LowTotal:         482068 kB
LowFree:            4316 kB
SwapTotal:             0 kB
SwapFree:              0 kB
Dirty:                32 kB
Writeback:             4 kB
AnonPages:        354984 kB
Mapped:            50708 kB
Shmem:              3316 kB
Slab:              16856 kB
SReclaimable:       4708 kB
SUnreclaim:        12148 kB
KernelStack:        5256 kB
PageTables:         6420 kB
NFS_Unstable:          0 kB
Bounce:                0 kB
WritebackTmp:          0 kB
CommitLimit:      241032 kB
Committed_AS:    3673624 kB
VmallocTotal:     507904 kB
VmallocUsed:      112596 kB
VmallocChunk:     112576 kB
1557575195.000000
MemTotal:         482068 kB
MemFree:            4332 kB
Buffers:             132 kB
Cached:            46952 kB
SwapCached:            0 kB
Active:           375780 kB
Inactive:          24156 kB
Active(anon):     354328 kB
Inactive(anon):     3148 kB
Active(file):      21452 kB
Inactive(file):    21008 kB
Unevictable:        1960 kB
Mlocked:            3816 kB
HighTotal:             0 kB
HighFree:              0 kB
LowTotal:         482068 kB
LowFree:            4332 kB
SwapTotal:             0 kB
SwapFree:              0 kB
Dirty:                 0 kB
Writeback:             0 kB
AnonPages:        354944 kB
Mapped:            50784 kB
Shmem:              3316 kB
Slab:              16808 kB
SReclaimable:       4708 kB
SUnreclaim:        12100 kB
KernelStack:        5264 kB
PageTables:         6416 kB
NFS_Unstable:          0 kB
Bounce:                0 kB
WritebackTmp:          0 kB
CommitLimit:      241032 kB
Committed_AS:    3675668 kB
VmallocTotal:     507904 kB
VmallocUsed:      112612 kB
VmallocChunk:     112576 kB
1557575196.000000
MemTotal:         482068 kB
MemFree:            3572 kB
Buffers:             228 kB
Cached:            47048 kB
SwapCached:            0 kB
Active:           376144 kB
Inactive:          24820 kB
Active(anon):     355216 kB
Inactive(anon):     3148 kB
Active(file):      20928 kB
Inactive(file):    21672 kB
Unevictable:        1960 kB
Mlocked:            3816 kB
HighTotal:             0 kB
HighFree:              0 kB
LowTotal:         482068 kB
LowFree:            3572 kB
SwapTotal:             0 kB
SwapFree:              0 kB
Dirty:                 0 kB
Writeback:             0 kB
AnonPages:        355820 kB
Mapped:            51644 kB
Shmem:              3316 kB
Slab:              16852 kB
SReclaimable:       4708 kB
SUnreclaim:        12144 kB
KernelStack:        5264 kB
PageTables:         6492 kB
NFS_Unstable:          0 kB
Bounce:                0 kB
WritebackTmp:          0 kB
CommitLimit:      241032 kB
Committed_AS:    3675724 kB
VmallocTotal:     507904 kB
VmallocUsed:      112612 kB
VmallocChunk:     112576 kB
1557575196.000000
MemTotal:         482068 kB
MemFree:            4052 kB
Buffers:             232 kB
Cached:            46452 kB
SwapCached:            0 kB
Active:           376388 kB
Inactive:          24276 kB
Active(anon):     355396 kB
Inactive(anon):     3148 kB
Active(file):      20992 kB
Inactive(file):    21128 kB
Unevictable:        1960 kB
Mlocked:            3816 kB
HighTotal:             0 kB
HighFree:              0 kB
LowTotal:         482068 kB
LowFree:            4052 kB
SwapTotal:             0 kB
SwapFree:              0 kB
Dirty:                84 kB
Writeback:             0 kB
AnonPages:        355920 kB
Mapped:            51824 kB
Shmem:              3316 kB
Slab:              16848 kB
SReclaimable:       4708 kB
SUnreclaim:        12140 kB
KernelStack:        5288 kB
PageTables:         6432 kB
NFS_Unstable:          0 kB
Bounce:                0 kB
WritebackTmp:          0 kB
CommitLimit:      241032 kB
Committed_AS:    3673780 kB
VmallocTotal:     507904 kB
VmallocUsed:      112620 kB
VmallocChunk:     112576 kB
1557575197.000000
MemTotal:         482068 kB
MemFree:            4152 kB
Buffers:             232 kB
Cached:            45844 kB
SwapCached:            0 kB
Active:           376004 kB
Inactive:          24068 kB
Active(anon):     355448 kB
Inactive(anon):     3148 kB
Active(file):      20556 kB
Inactive(file):    20920 kB
Unevictable:        1960 kB
Mlocked:            3816 kB
HighTotal:             0 kB
HighFree:              0 kB
LowTotal:         482068 kB
LowFree:            4152 kB
SwapTotal:             0 kB
SwapFree:              0 kB
Dirty:                84 kB
Writeback:             0 kB
AnonPages:        355996 kB
Mapped:            51748 kB
Shmem:              3316 kB
Slab:              16900 kB
SReclaimable:       4708 kB
SUnreclaim:        12192 kB
KernelStack:        5288 kB
PageTables:         6432 kB
NFS_Unstable:          0 kB
Bounce:                0 kB
WritebackTmp:          0 kB
CommitLimit:      241032 kB
Committed_AS:    3673804 kB
VmallocTotal:     507904 kB
VmallocUsed:      112612 kB
VmallocChunk:     112576 kB
1557575198.000000
MemTotal:         482068 kB
MemFree:            5020 kB
Buffers:             232 kB
Cached:            46052 kB
SwapCached:            0 kB
Active:           375248 kB
Inactive:          24148 kB
Active(anon):     354584 kB
Inactive(anon):     3148 kB
Active(file):      20664 kB
Inactive(file):    21000 kB
Unevictable:        1960 kB
Mlocked:            3816 kB
HighTotal:             0 kB
HighFree:              0 kB
LowTotal:         482068 kB
LowFree:            5020 kB
SwapTotal:             0 kB
SwapFree:              0 kB
Dirty:                84 kB
Writeback:             0 kB
AnonPages:        355072 kB
Mapped:            51680 kB
Shmem:              3316 kB
Slab:              16920 kB
SReclaimable:       4708 kB
SUnreclaim:        12212 kB
KernelStack:        5304 kB
PageTables:         6424 kB
NFS_Unstable:          0 kB
Bounce:                0 kB
WritebackTmp:          0 kB
CommitLimit:      241032 kB
Committed_AS:    3673840 kB
VmallocTotal:     507904 kB
VmallocUsed:      112612 kB
VmallocChunk:     112576 kB
1557575199.000000
MemTotal:         482068 kB
MemFree:            7004 kB
Buffers:             232 kB
Cached:            48092 kB
SwapCached:            0 kB
Active:           370932 kB
Inactive:          26204 kB
Active(anon):     350248 kB
Inactive(anon):     3152 kB
Active(file):      20684 kB
Inactive(file):    23052 kB
Unevictable:        1960 kB
Mlocked:            3816 kB
HighTotal:             0 kB
HighFree:              0 kB
LowTotal:         482068 kB
LowFree:            7004 kB
SwapTotal:             0 kB
SwapFree:              0 kB
Dirty:                 8 kB
Writeback:            76 kB
AnonPages:        350776 kB
Mapped:            51832 kB
Shmem:              3320 kB
Slab:              16936 kB
SReclaimable:       4708 kB
SUnreclaim:        12228 kB
KernelStack:        5304 kB
PageTables:         6500 kB
NFS_Unstable:          0 kB
Bounce:                0 kB
WritebackTmp:          0 kB
CommitLimit:      241032 kB
Committed_AS:    3672416 kB
VmallocTotal:     507904 kB
VmallocUsed:      112612 kB
VmallocChunk:     112576 kB
1557575200.000000
MemTotal:         482068 kB
MemFree:            6368 kB
Buffers:             232 kB
Cached:            48560 kB
SwapCached:            0 kB
Active:           371428 kB
Inactive:          26692 kB
Active(anon):     350744 kB
Inactive(anon):     3156 kB
Active(file):      20684 kB
Inactive(file):    23536 kB
Unevictable:        1960 kB
Mlocked:            3816 kB
HighTotal:             0 kB
HighFree:              0 kB
LowTotal:         482068 kB
LowFree:            6368 kB
SwapTotal:             0 kB
SwapFree:              0 kB
Dirty:                 0 kB
Writeback:             0 kB
AnonPages:        351292 kB
Mapped:            52008 kB
Shmem:              3324 kB
Slab:              16920 kB
SReclaimable:       4708 kB
SUnreclaim:        12212 kB
KernelStack:        5304 kB
PageTables:         6424 kB
NFS_Unstable:          0 kB
Bounce:                0 kB
WritebackTmp:          0 kB
CommitLimit:      241032 kB
Committed_AS:    3672580 kB
VmallocTotal:     507904 kB
VmallocUsed:      112612 kB
VmallocChunk:     112576 kB
1557575200.000000
MemTotal:         482068 kB
MemFree:            4024 kB
Buffers:             404 kB
Cached:            46708 kB
SwapCached:            0 kB
Active:           375092 kB
Inactive:          24704 kB
Active(anon):     354152 kB
Inactive(anon):     3156 kB
Active(file):      20940 kB
Inactive(file):    21548 kB
Unevictable:        1960 kB
Mlocked:            3816 kB
HighTotal:             0 kB
HighFree:              0 kB
LowTotal:         482068 kB
LowFree:            4024 kB
SwapTotal:             0 kB
SwapFree:              0 kB
Dirty:                32 kB
Writeback:             0 kB
AnonPages:        354708 kB
Mapped:            51848 kB
Shmem:              3324 kB
Slab:              16936 kB
SReclaimable:       4708 kB
SUnreclaim:        12228 kB
KernelStack:        5392 kB
PageTables:         6628 kB
NFS_Unstable:          0 kB
Bounce:                0 kB
WritebackTmp:          0 kB
CommitLimit:      241032 kB
Committed_AS:    3784108 kB
VmallocTotal:     507904 kB
VmallocUsed:      114664 kB
VmallocChunk:     112576 kB
1557575201.000000
MemTotal:         482068 kB
MemFree:            3768 kB
Buffers:             404 kB
Cached:            47012 kB
SwapCached:            0 kB
Active:           375040 kB
Inactive:          25016 kB
Active(anon):     354100 kB
Inactive(anon):     3156 kB
Active(file):      20940 kB
Inactive(file):    21860 kB
Unevictable:        1960 kB
Mlocked:            3816 kB
HighTotal:             0 kB
HighFree:              0 kB
LowTotal:         482068 kB
LowFree:            3768 kB
SwapTotal:             0 kB
SwapFree:              0 kB
Dirty:                32 kB
Writeback:             0 kB
AnonPages:        354632 kB
Mapped:            51924 kB
Shmem:              3324 kB
Slab:              16936 kB
SReclaimable:       4708 kB
SUnreclaim:        12228 kB
KernelStack:        5392 kB
PageTables:         6628 kB
NFS_Unstable:          0 kB
Bounce:                0 kB
WritebackTmp:          0 kB
CommitLimit:      241032 kB
Committed_AS:    3784192 kB
VmallocTotal:     507904 kB
VmallocUsed:      114656 kB
VmallocChunk:     112576 kB
1557575202.000000
MemTotal:         482068 kB
MemFree:            4544 kB
Buffers:             404 kB
Cached:            47188 kB
SwapCached:            0 kB
Active:           374176 kB
Inactive:          25040 kB
Active(anon):     353060 kB
Inactive(anon):     3160 kB
Active(file):      21116 kB
Inactive(file):    21880 kB
Unevictable:        1960 kB
Mlocked:            3816 kB
HighTotal:             0 kB
HighFree:              0 kB
LowTotal:         482068 kB
LowFree:            4544 kB
SwapTotal:             0 kB
SwapFree:              0 kB
Dirty:                32 kB
Writeback:             0 kB
AnonPages:        353620 kB
Mapped:            51672 kB
Shmem:              3328 kB
Slab:              16952 kB
SReclaimable:       4708 kB
SUnreclaim:        12244 kB
KernelStack:        5384 kB
PageTables:         6704 kB
NFS_Unstable:          0 kB
Bounce:                0 kB
WritebackTmp:          0 kB
CommitLimit:      241032 kB
Committed_AS:    3784220 kB
VmallocTotal:     507904 kB
VmallocUsed:      114656 kB
VmallocChunk:     112576 kB
1557575203.000000
MemTotal:         482068 kB
MemFree:            4552 kB
Buffers:             404 kB
Cached:            47272 kB
SwapCached:            0 kB
Active:           374200 kB
Inactive:          25112 kB
Active(anon):     353060 kB
Inactive(anon):     3160 kB
Active(file):      21140 kB
Inactive(file):    21952 kB
Unevictable:        1960 kB
Mlocked:            3816 kB
HighTotal:             0 kB
HighFree:              0 kB
LowTotal:         482068 kB
LowFree:            4552 kB
SwapTotal:             0 kB
SwapFree:              0 kB
Dirty:                60 kB
Writeback:             0 kB
AnonPages:        353592 kB
Mapped:            51684 kB
Shmem:              3328 kB
Slab:              16992 kB
SReclaimable:       4708 kB
SUnreclaim:        12284 kB
KernelStack:        5384 kB
PageTables:         6628 kB
NFS_Unstable:          0 kB
Bounce:                0 kB
WritebackTmp:          0 kB
CommitLimit:      241032 kB
Committed_AS:    3784216 kB
VmallocTotal:     507904 kB
VmallocUsed:      114656 kB
VmallocChunk:     112576 kB
1557575204.000000
MemTotal:         482068 kB
MemFree:            4040 kB
Buffers:             404 kB
Cached:            47272 kB
SwapCached:            0 kB
Active:           374644 kB
Inactive:          25112 kB
Active(anon):     353504 kB
Inactive(anon):     3160 kB
Active(file):      21140 kB
Inactive(file):    21952 kB
Unevictable:        1960 kB
Mlocked:            3816 kB
HighTotal:             0 kB
HighFree:              0 kB
LowTotal:         482068 kB
LowFree:            4040 kB
SwapTotal:             0 kB
SwapFree:              0 kB
Dirty:                28 kB
Writeback:             0 kB
AnonPages:        354096 kB
Mapped:            51696 kB
Shmem:              3328 kB
Slab:              16996 kB
SReclaimable:       4708 kB
SUnreclaim:        12288 kB
KernelStack:        5392 kB
PageTables:         6636 kB
NFS_Unstable:          0 kB
Bounce:                0 kB
WritebackTmp:          0 kB
CommitLimit:      241032 kB
Committed_AS:    3784328 kB
VmallocTotal:     507904 kB
VmallocUsed:      114656 kB
VmallocChunk:     112576 kB
1557575204.000000
MemTotal:         482068 kB
MemFree:            4188 kB
Buffers:             404 kB
Cached:            46664 kB
SwapCached:            0 kB
Active:           374796 kB
Inactive:          24628 kB
Active(anon):     353764 kB
Inactive(anon):     3160 kB
Active(file):      21032 kB
Inactive(file):    21468 kB
Unevictable:        1960 kB
Mlocked:            3816 kB
HighTotal:             0 kB
HighFree:              0 kB
LowTotal:         482068 kB
LowFree:            4188 kB
SwapTotal:             0 kB
SwapFree:              0 kB
Dirty:                28 kB
Writeback:             0 kB
AnonPages:        354324 kB
Mapped:            51468 kB
Shmem:              3328 kB
Slab:              16944 kB
SReclaimable:       4708 kB
SUnreclaim:        12236 kB
KernelStack:        5392 kB
PageTables:         6636 kB
NFS_Unstable:          0 kB
Bounce:                0 kB
WritebackTmp:          0 kB
CommitLimit:      241032 kB
Committed_AS:    3784296 kB
VmallocTotal:     507904 kB
VmallocUsed:      114656 kB
VmallocChunk:     112576 kB
1557575205.000000
MemTotal:         482068 kB
MemFree:            7652 kB
Buffers:             408 kB
Cached:            46980 kB
SwapCached:            0 kB
Active:           371336 kB
Inactive:          24932 kB
Active(anon):     350304 kB
Inactive(anon):     3152 kB
Active(file):      21032 kB
Inactive(file):    21780 kB
Unevictable:        1960 kB
Mlocked:            3816 kB
HighTotal:             0 kB
HighFree:              0 kB
LowTotal:         482068 kB
LowFree:            7652 kB
SwapTotal:             0 kB
SwapFree:              0 kB
Dirty:                28 kB
Writeback:             0 kB
AnonPages:        350892 kB
Mapped:            51548 kB
Shmem:              3328 kB
Slab:              16984 kB
SReclaimable:       4708 kB
SUnreclaim:        12276 kB
KernelStack:        5400 kB
PageTables:         6628 kB
NFS_Unstable:          0 kB
Bounce:                0 kB
WritebackTmp:          0 kB
CommitLimit:      241032 kB
Committed_AS:    3784032 kB
VmallocTotal:     507904 kB
VmallocUsed:      114656 kB
VmallocChunk:     112576 kB
1557575206.000000
MemTotal:         482068 kB
MemFree:            6984 kB
Buffers:             408 kB
Cached:            47068 kB
SwapCached:            0 kB
Active:           372104 kB
Inactive:          24988 kB
Active(anon):     351072 kB
Inactive(anon):     3152 kB
Active(file):      21032 kB
Inactive(file):    21836 kB
Unevictable:        1960 kB
Mlocked:            3816 kB
HighTotal:             0 kB
HighFree:              0 kB
LowTotal:         482068 kB
LowFree:            6984 kB
SwapTotal:             0 kB
SwapFree:              0 kB
Dirty:                28 kB
Writeback:             0 kB
AnonPages:        351532 kB
Mapped:            51532 kB
Shmem:              3328 kB
Slab:              16952 kB
SReclaimable:       4708 kB
SUnreclaim:        12244 kB
KernelStack:        5384 kB
PageTables:         6704 kB
NFS_Unstable:          0 kB
Bounce:                0 kB
WritebackTmp:          0 kB
CommitLimit:      241032 kB
Committed_AS:    3784112 kB
VmallocTotal:     507904 kB
VmallocUsed:      114656 kB
VmallocChunk:     112576 kB
1557575207.000000
MemTotal:         482068 kB
MemFree:            4660 kB
Buffers:             408 kB
Cached:            49700 kB
SwapCached:            0 kB
Active:           371928 kB
Inactive:          27620 kB
Active(anon):     350896 kB
Inactive(anon):     3152 kB
Active(file):      21032 kB
Inactive(file):    24468 kB
Unevictable:        1960 kB
Mlocked:            3816 kB
HighTotal:             0 kB
HighFree:              0 kB
LowTotal:         482068 kB
LowFree:            4660 kB
SwapTotal:             0 kB
SwapFree:              0 kB
Dirty:                 0 kB
Writeback:             4 kB
AnonPages:        351396 kB
Mapped:            52100 kB
Shmem:              3328 kB
Slab:              16956 kB
SReclaimable:       4708 kB
SUnreclaim:        12248 kB
KernelStack:        5384 kB
PageTables:         6652 kB
NFS_Unstable:          0 kB
Bounce:                0 kB
WritebackTmp:          0 kB
CommitLimit:      241032 kB
Committed_AS:    3784244 kB
VmallocTotal:     507904 kB
VmallocUsed:      114656 kB
VmallocChunk:     112576 kB
1557575207.000000
MemTotal:         482068 kB
MemFree:            3660 kB
Buffers:             408 kB
Cached:            49764 kB
SwapCached:            0 kB
Active:           372664 kB
Inactive:          27708 kB
Active(anon):     351632 kB
Inactive(anon):     3152 kB
Active(file):      21032 kB
Inactive(file):    24556 kB
Unevictable:        1960 kB
Mlocked:            3816 kB
HighTotal:             0 kB
HighFree:              0 kB
LowTotal:         482068 kB
LowFree:            3660 kB
SwapTotal:             0 kB
SwapFree:              0 kB
Dirty:                 0 kB
Writeback:             0 kB
AnonPages:        352196 kB
Mapped:            52116 kB
Shmem:              3328 kB
Slab:              16960 kB
SReclaimable:       4708 kB
SUnreclaim:        12252 kB
KernelStack:        5384 kB
PageTables:         6636 kB
NFS_Unstable:          0 kB
Bounce:                0 kB
WritebackTmp:          0 kB
CommitLimit:      241032 kB
Committed_AS:    3784348 kB
VmallocTotal:     507904 kB
VmallocUsed:      114656 kB
VmallocChunk:     112576 kB
1557575208.000000
MemTotal:         482068 kB
MemFree:            4396 kB
Buffers:             408 kB
Cached:            48776 kB
SwapCached:            0 kB
Active:           372924 kB
Inactive:          26716 kB
Active(anon):     351892 kB
Inactive(anon):     3152 kB
Active(file):      21032 kB
Inactive(file):    23564 kB
Unevictable:        1960 kB
Mlocked:            3816 kB
HighTotal:             0 kB
HighFree:              0 kB
LowTotal:         482068 kB
LowFree:            4396 kB
SwapTotal:             0 kB
SwapFree:              0 kB
Dirty:                 0 kB
Writeback:             0 kB
AnonPages:        352424 kB
Mapped:            52116 kB
Shmem:              3328 kB
Slab:              16960 kB
SReclaimable:       4708 kB
SUnreclaim:        12252 kB
KernelStack:        5384 kB
PageTables:         6712 kB
NFS_Unstable:          0 kB
Bounce:                0 kB
WritebackTmp:          0 kB
CommitLimit:      241032 kB
Committed_AS:    3784448 kB
VmallocTotal:     507904 kB
VmallocUsed:      114656 kB
VmallocChunk:     112576 kB
1557575209.000000
MemTotal:         482068 kB
MemFree:            4240 kB
Buffers:             416 kB
Cached:            48764 kB
SwapCached:            0 kB
Active:           373148 kB
Inactive:          26680 kB
Active(anon):     352084 kB
Inactive(anon):     3148 kB
Active(file):      21064 kB
Inactive(file):    23532 kB
Unevictable:        1960 kB
Mlocked:            3816 kB
HighTotal:             0 kB
HighFree:              0 kB
LowTotal:         482068 kB
LowFree:            4240 kB
SwapTotal:             0 kB
SwapFree:              0 kB
Dirty:                 0 kB
Writeback:             0 kB
AnonPages:        352612 kB
Mapped:            52136 kB
Shmem:              3328 kB
Slab:              16960 kB
SReclaimable:       4708 kB
SUnreclaim:        12252 kB
KernelStack:        5392 kB
PageTables:         6704 kB
NFS_Unstable:          0 kB
Bounce:                0 kB
WritebackTmp:          0 kB
CommitLimit:      241032 kB
Committed_AS:    3784472 kB
VmallocTotal:     507904 kB
VmallocUsed:      114656 kB
VmallocChunk:     112576 kB
1557575210.000000
MemTotal:         482068 kB
MemFree:            3916 kB
Buffers:             416 kB
Cached:            48772 kB
SwapCached:            0 kB
Active:           373300 kB
Inactive:          26688 kB
Active(anon):     352236 kB
Inactive(anon):     3148 kB
Active(file):      21064 kB
Inactive(file):    23540 kB
Unevictable:        1960 kB
Mlocked:            3816 kB
HighTotal:             0 kB
HighFree:              0 kB
LowTotal:         482068 kB
LowFree:            3916 kB
SwapTotal:             0 kB
SwapFree:              0 kB
Dirty:                12 kB
Writeback:             0 kB
AnonPages:        352780 kB
Mapped:            52064 kB
Shmem:              3328 kB
Slab:              16944 kB
SReclaimable:       4708 kB
SUnreclaim:        12236 kB
KernelStack:        5376 kB
PageTables:         6704 kB
NFS_Unstable:          0 kB
Bounce:                0 kB
WritebackTmp:          0 kB
CommitLimit:      241032 kB
Committed_AS:    3784512 kB
VmallocTotal:     507904 kB
VmallocUsed:      114656 kB
VmallocChunk:     112576 kB
1557575211.000000
MemTotal:         482068 kB
MemFree:            3800 kB
Buffers:             416 kB
Cached:            48772 kB
SwapCached:            0 kB
Active:           373352 kB
Inactive:          26688 kB
Active(anon):     352288 kB
Inactive(anon):     3148 kB
Active(file):      21064 kB
Inactive(file):    23540 kB
Unevictable:        1960 kB
Mlocked:            3816 kB
HighTotal:             0 kB
HighFree:              0 kB
LowTotal:         482068 kB
LowFree:            3800 kB
SwapTotal:             0 kB
SwapFree:              0 kB
Dirty:                12 kB
Writeback:             0 kB
AnonPages:        352880 kB
Mapped:            52064 kB
Shmem:              3328 kB
Slab:              17012 kB
SReclaimable:       4708 kB
SUnreclaim:        12304 kB
KernelStack:        5384 kB
PageTables:         6628 kB
NFS_Unstable:          0 kB
Bounce:                0 kB
WritebackTmp:          0 kB
CommitLimit:      241032 kB
Committed_AS:    3784592 kB
VmallocTotal:     507904 kB
VmallocUsed:      114656 kB
VmallocChunk:     112576 kB
1557575211.000000
MemTotal:         482068 kB
MemFree:            3708 kB
Buffers:             416 kB
Cached:            48772 kB
SwapCached:            0 kB
Active:           373620 kB
Inactive:          26688 kB
Active(anon):     352556 kB
Inactive(anon):     3148 kB
Active(file):      21064 kB
Inactive(file):    23540 kB
Unevictable:        1960 kB
Mlocked:            3816 kB
HighTotal:             0 kB
HighFree:              0 kB
LowTotal:         482068 kB
LowFree:            3708 kB
SwapTotal:             0 kB
SwapFree:              0 kB
Dirty:                12 kB
Writeback:             0 kB
AnonPages:        353052 kB
Mapped:            52064 kB
Shmem:              3328 kB
Slab:              16976 kB
SReclaimable:       4708 kB
SUnreclaim:        12268 kB
KernelStack:        5384 kB
PageTables:         6628 kB
NFS_Unstable:          0 kB
Bounce:                0 kB
WritebackTmp:          0 kB
CommitLimit:      241032 kB
Committed_AS:    3784588 kB
VmallocTotal:     507904 kB
VmallocUsed:      114656 kB
VmallocChunk:     112576 kB
1557575212.000000
MemTotal:         482068 kB
MemFree:            4444 kB
Buffers:             572 kB
Cached:            47172 kB
SwapCached:            0 kB
Active:           374296 kB
Inactive:          24916 kB
Active(anon):     352972 kB
Inactive(anon):     3148 kB
Active(file):      21324 kB
Inactive(file):    21768 kB
Unevictable:        1960 kB
Mlocked:            3816 kB
HighTotal:             0 kB
HighFree:              0 kB
LowTotal:         482068 kB
LowFree:            4444 kB
SwapTotal:             0 kB
SwapFree:              0 kB
Dirty:                12 kB
Writeback:             0 kB
AnonPages:        353584 kB
Mapped:            51988 kB
Shmem:              3328 kB
Slab:              16976 kB
SReclaimable:       4708 kB
SUnreclaim:        12268 kB
KernelStack:        5384 kB
PageTables:         6704 kB
NFS_Unstable:          0 kB
Bounce:                0 kB
WritebackTmp:          0 kB
CommitLimit:      241032 kB
Committed_AS:    3784668 kB
VmallocTotal:     507904 kB
VmallocUsed:      114656 kB
VmallocChunk:     112576 kB
1557575213.000000
MemTotal:         482068 kB
MemFree:            4288 kB
Buffers:             580 kB
Cached:            47212 kB
SwapCached:            0 kB
Active:           374592 kB
Inactive:          24860 kB
Active(anon):     353096 kB
Inactive(anon):     3148 kB
Active(file):      21496 kB
Inactive(file):    21712 kB
Unevictable:        1960 kB
Mlocked:            3816 kB
HighTotal:             0 kB
HighFree:              0 kB
LowTotal:         482068 kB
LowFree:            4288 kB
SwapTotal:             0 kB
SwapFree:              0 kB
Dirty:                32 kB
Writeback:             0 kB
AnonPages:        353612 kB
Mapped:            52152 kB
Shmem:              3328 kB
Slab:              17004 kB
SReclaimable:       4708 kB
SUnreclaim:        12296 kB
KernelStack:        5368 kB
PageTables:         6628 kB
NFS_Unstable:          0 kB
Bounce:                0 kB
WritebackTmp:          0 kB
CommitLimit:      241032 kB
Committed_AS:    3784616 kB
VmallocTotal:     507904 kB
VmallocUsed:      114656 kB
VmallocChunk:     112576 kB
1557575214.000000
MemTotal:         482068 kB
MemFree:            4444 kB
Buffers:             580 kB
Cached:            47212 kB
SwapCached:            0 kB
Active:           374600 kB
Inactive:          24860 kB
Active(anon):     353104 kB
Inactive(anon):     3148 kB
Active(file):      21496 kB
Inactive(file):    21712 kB
Unevictable:        1960 kB
Mlocked:            3816 kB
HighTotal:             0 kB
HighFree:              0 kB
LowTotal:         482068 kB
LowFree:            4444 kB
SwapTotal:             0 kB
SwapFree:              0 kB
Dirty:                32 kB
Writeback:             0 kB
AnonPages:        353628 kB
Mapped:            52172 kB
Shmem:              3328 kB
Slab:              17032 kB
SReclaimable:       4708 kB
SUnreclaim:        12324 kB
KernelStack:        5376 kB
PageTables:         6640 kB
NFS_Unstable:          0 kB
Bounce:                0 kB
WritebackTmp:          0 kB
CommitLimit:      241032 kB
Committed_AS:    3784668 kB
VmallocTotal:     507904 kB
VmallocUsed:      114664 kB
VmallocChunk:     112576 kB
1557575214.000000
MemTotal:         482068 kB
MemFree:            4444 kB
Buffers:             580 kB
Cached:            47212 kB
SwapCached:            0 kB
Active:           374612 kB
Inactive:          24860 kB
Active(anon):     353116 kB
Inactive(anon):     3148 kB
Active(file):      21496 kB
Inactive(file):    21712 kB
Unevictable:        1960 kB
Mlocked:            3816 kB
HighTotal:             0 kB
HighFree:              0 kB
LowTotal:         482068 kB
LowFree:            4444 kB
SwapTotal:             0 kB
SwapFree:              0 kB
Dirty:                32 kB
Writeback:             0 kB
AnonPages:        353668 kB
Mapped:            52136 kB
Shmem:              3328 kB
Slab:              16988 kB
SReclaimable:       4708 kB
SUnreclaim:        12280 kB
KernelStack:        5336 kB
PageTables:         6628 kB
NFS_Unstable:          0 kB
Bounce:                0 kB
WritebackTmp:          0 kB
CommitLimit:      241032 kB
Committed_AS:    3784668 kB
VmallocTotal:     507904 kB
VmallocUsed:      114656 kB
VmallocChunk:     112576 kB
1557575215.000000
MemTotal:         482068 kB
MemFree:            4444 kB
Buffers:             580 kB
Cached:            47212 kB
SwapCached:            0 kB
Active:           374652 kB
Inactive:          24860 kB
Active(anon):     353156 kB
Inactive(anon):     3148 kB
Active(file):      21496 kB
Inactive(file):    21712 kB
Unevictable:        1960 kB
Mlocked:            3816 kB
HighTotal:             0 kB
HighFree:              0 kB
LowTotal:         482068 kB
LowFree:            4444 kB
SwapTotal:             0 kB
SwapFree:              0 kB
Dirty:                32 kB
Writeback:             0 kB
AnonPages:        353676 kB
Mapped:            52228 kB
Shmem:              3328 kB
Slab:              16980 kB
SReclaimable:       4708 kB
SUnreclaim:        12272 kB
KernelStack:        5376 kB
PageTables:         6628 kB
NFS_Unstable:          0 kB
Bounce:                0 kB
WritebackTmp:          0 kB
CommitLimit:      241032 kB
Committed_AS:    3784668 kB
VmallocTotal:     507904 kB
VmallocUsed:      114656 kB
VmallocChunk:     112576 kB
1557575216.000000
MemTotal:         482068 kB
MemFree:            3700 kB
Buffers:             580 kB
Cached:            47288 kB
SwapCached:            0 kB
Active:           374936 kB
Inactive:          24912 kB
Active(anon):     353440 kB
Inactive(anon):     3148 kB
Active(file):      21496 kB
Inactive(file):    21764 kB
Unevictable:        1960 kB
Mlocked:            3816 kB
HighTotal:             0 kB
HighFree:              0 kB
LowTotal:         482068 kB
LowFree:            3700 kB
SwapTotal:             0 kB
SwapFree:              0 kB
Dirty:                 0 kB
Writeback:             0 kB
AnonPages:        353936 kB
Mapped:            52152 kB
Shmem:              3328 kB
Slab:              16972 kB
SReclaimable:       4708 kB
SUnreclaim:        12264 kB
KernelStack:        5368 kB
PageTables:         6628 kB
NFS_Unstable:          0 kB
Bounce:                0 kB
WritebackTmp:          0 kB
CommitLimit:      241032 kB
Committed_AS:    3784680 kB
VmallocTotal:     507904 kB
VmallocUsed:      114656 kB
VmallocChunk:     112576 kB
1557575217.000000
MemTotal:         482068 kB
MemFree:            3536 kB
Buffers:             580 kB
Cached:            47332 kB
SwapCached:            0 kB
Active:           375076 kB
Inactive:          24980 kB
Active(anon):     353580 kB
Inactive(anon):     3148 kB
Active(file):      21496 kB
Inactive(file):    21832 kB
Unevictable:        1960 kB
Mlocked:            3816 kB
HighTotal:             0 kB
HighFree:              0 kB
LowTotal:         482068 kB
LowFree:            3536 kB
SwapTotal:             0 kB
SwapFree:              0 kB
Dirty:                 0 kB
Writeback:             0 kB
AnonPages:        354108 kB
Mapped:            52192 kB
Shmem:              3328 kB
Slab:              16996 kB
SReclaimable:       4708 kB
SUnreclaim:        12288 kB
KernelStack:        5368 kB
PageTables:         6728 kB
NFS_Unstable:          0 kB
Bounce:                0 kB
WritebackTmp:          0 kB
CommitLimit:      241032 kB
Committed_AS:    3784672 kB
VmallocTotal:     507904 kB
VmallocUsed:      114656 kB
VmallocChunk:     112576 kB
1557575217.000000
MemTotal:         482068 kB
MemFree:            3824 kB
Buffers:             588 kB
Cached:            47104 kB
SwapCached:            0 kB
Active:           374904 kB
Inactive:          24916 kB
Active(anon):     353556 kB
Inactive(anon):     3148 kB
Active(file):      21348 kB
Inactive(file):    21768 kB
Unevictable:        1960 kB
Mlocked:            3816 kB
HighTotal:             0 kB
HighFree:              0 kB
LowTotal:         482068 kB
LowFree:            3824 kB
SwapTotal:             0 kB
SwapFree:              0 kB
Dirty:                 0 kB
Writeback:             0 kB
AnonPages:        354136 kB
Mapped:            52308 kB
Shmem:              3328 kB
Slab:              16996 kB
SReclaimable:       4708 kB
SUnreclaim:        12288 kB
KernelStack:        5344 kB
PageTables:         6652 kB
NFS_Unstable:          0 kB
Bounce:                0 kB
WritebackTmp:          0 kB
CommitLimit:      241032 kB
Committed_AS:    3784688 kB
VmallocTotal:     507904 kB
VmallocUsed:      114656 kB
VmallocChunk:     112576 kB
1557575218.000000
MemTotal:         482068 kB
MemFree:            4592 kB
Buffers:             588 kB
Cached:            46740 kB
SwapCached:            0 kB
Active:           374852 kB
Inactive:          24496 kB
Active(anon):     353560 kB
Inactive(anon):     3148 kB
Active(file):      21292 kB
Inactive(file):    21348 kB
Unevictable:        1960 kB
Mlocked:            3816 kB
HighTotal:             0 kB
HighFree:              0 kB
LowTotal:         482068 kB
LowFree:            4592 kB
SwapTotal:             0 kB
SwapFree:              0 kB
Dirty:                28 kB
Writeback:             0 kB
AnonPages:        354092 kB
Mapped:            52120 kB
Shmem:              3328 kB
Slab:              17000 kB
SReclaimable:       4708 kB
SUnreclaim:        12292 kB
KernelStack:        5376 kB
PageTables:         6628 kB
NFS_Unstable:          0 kB
Bounce:                0 kB
WritebackTmp:          0 kB
CommitLimit:      241032 kB
Committed_AS:    3784712 kB
VmallocTotal:     507904 kB
VmallocUsed:      114656 kB
VmallocChunk:     112576 kB
1557575219.000000
MemTotal:         482068 kB
MemFree:            3824 kB
Buffers:             588 kB
Cached:            47400 kB
SwapCached:            0 kB
Active:           374944 kB
Inactive:          25240 kB
Active(anon):     353676 kB
Inactive(anon):     3148 kB
Active(file):      21268 kB
Inactive(file):    22092 kB
Unevictable:        1960 kB
Mlocked:            3816 kB
HighTotal:             0 kB
HighFree:              0 kB
LowTotal:         482068 kB
LowFree:            3824 kB
SwapTotal:             0 kB
SwapFree:              0 kB
Dirty:                28 kB
Writeback:             0 kB
AnonPages:        354120 kB
Mapped:            52500 kB
Shmem:              3328 kB
Slab:              16980 kB
SReclaimable:       4708 kB
SUnreclaim:        12272 kB
KernelStack:        5360 kB
PageTables:         6628 kB
NFS_Unstable:          0 kB
Bounce:                0 kB
WritebackTmp:          0 kB
CommitLimit:      241032 kB
Committed_AS:    3784608 kB
VmallocTotal:     507904 kB
VmallocUsed:      114656 kB
VmallocChunk:     112576 kB
1557575220.000000
MemTotal:         482068 kB
MemFree:            3996 kB
Buffers:             588 kB
Cached:            46980 kB
SwapCached:            0 kB
Active:           374940 kB
Inactive:          24824 kB
Active(anon):     353632 kB
Inactive(anon):     3148 kB
Active(file):      21308 kB
Inactive(file):    21676 kB
Unevictable:        1960 kB
Mlocked:            3816 kB
HighTotal:             0 kB
HighFree:              0 kB
LowTotal:         482068 kB
LowFree:            3996 kB
SwapTotal:             0 kB
SwapFree:              0 kB
Dirty:                28 kB
Writeback:             0 kB
AnonPages:        354184 kB
Mapped:            52412 kB
Shmem:              3328 kB
Slab:              16980 kB
SReclaimable:       4708 kB
SUnreclaim:        12272 kB
KernelStack:        5352 kB
PageTables:         6628 kB
NFS_Unstable:          0 kB
Bounce:                0 kB
WritebackTmp:          0 kB
CommitLimit:      241032 kB
Committed_AS:    3784772 kB
VmallocTotal:     507904 kB
VmallocUsed:      114656 kB
VmallocChunk:     112576 kB
1557575220.000000
MemTotal:         482068 kB
MemFree:            4104 kB
Buffers:             588 kB
Cached:            46980 kB
SwapCached:            0 kB
Active:           375044 kB
Inactive:          24824 kB
Active(anon):     353736 kB
Inactive(anon):     3148 kB
Active(file):      21308 kB
Inactive(file):    21676 kB
Unevictable:        1960 kB
Mlocked:            3816 kB
HighTotal:             0 kB
HighFree:              0 kB
LowTotal:         482068 kB
LowFree:            4104 kB
SwapTotal:             0 kB
SwapFree:              0 kB
Dirty:                 0 kB
Writeback:            12 kB
AnonPages:        354232 kB
Mapped:            52412 kB
Shmem:              3328 kB
Slab:              17004 kB
SReclaimable:       4708 kB
SUnreclaim:        12296 kB
KernelStack:        5360 kB
PageTables:         6628 kB
NFS_Unstable:          0 kB
Bounce:                0 kB
WritebackTmp:          0 kB
CommitLimit:      241032 kB
Committed_AS:    3784676 kB
VmallocTotal:     507904 kB
VmallocUsed:      114656 kB
VmallocChunk:     112576 kB
1557575221.000000
MemTotal:         482068 kB
MemFree:            4112 kB
Buffers:             588 kB
Cached:            46980 kB
SwapCached:            0 kB
Active:           375252 kB
Inactive:          24824 kB
Active(anon):     353944 kB
Inactive(anon):     3148 kB
Active(file):      21308 kB
Inactive(file):    21676 kB
Unevictable:        1960 kB
Mlocked:            3816 kB
HighTotal:             0 kB
HighFree:              0 kB
LowTotal:         482068 kB
LowFree:            4112 kB
SwapTotal:             0 kB
SwapFree:              0 kB
Dirty:                 0 kB
Writeback:            12 kB
AnonPages:        354460 kB
Mapped:            52412 kB
Shmem:              3328 kB
Slab:              17004 kB
SReclaimable:       4708 kB
SUnreclaim:        12296 kB
KernelStack:        5360 kB
PageTables:         6704 kB
NFS_Unstable:          0 kB
Bounce:                0 kB
WritebackTmp:          0 kB
CommitLimit:      241032 kB
Committed_AS:    3784696 kB
VmallocTotal:     507904 kB
VmallocUsed:      114656 kB
VmallocChunk:     112576 kB
1557575222.000000
MemTotal:         482068 kB
MemFree:            3552 kB
Buffers:             588 kB
Cached:            46980 kB
SwapCached:            0 kB
Active:           375260 kB
Inactive:          24824 kB
Active(anon):     353952 kB
Inactive(anon):     3148 kB
Active(file):      21308 kB
Inactive(file):    21676 kB
Unevictable:        1960 kB
Mlocked:            3816 kB
HighTotal:             0 kB
HighFree:              0 kB
LowTotal:         482068 kB
LowFree:            3552 kB
SwapTotal:             0 kB
SwapFree:              0 kB
Dirty:                 0 kB
Writeback:             0 kB
AnonPages:        354528 kB
Mapped:            52412 kB
Shmem:              3328 kB
Slab:              16984 kB
SReclaimable:       4708 kB
SUnreclaim:        12276 kB
KernelStack:        5360 kB
PageTables:         6628 kB
NFS_Unstable:          0 kB
Bounce:                0 kB
WritebackTmp:          0 kB
CommitLimit:      241032 kB
Committed_AS:    3784740 kB
VmallocTotal:     507904 kB
VmallocUsed:      114656 kB
VmallocChunk:     112576 kB
1557575223.000000
MemTotal:         482068 kB
MemFree:            4404 kB
Buffers:             700 kB
Cached:            46212 kB
SwapCached:            0 kB
Active:           375128 kB
Inactive:          24340 kB
Active(anon):     354008 kB
Inactive(anon):     3148 kB
Active(file):      21120 kB
Inactive(file):    21192 kB
Unevictable:        1960 kB
Mlocked:            3816 kB
HighTotal:             0 kB
HighFree:              0 kB
LowTotal:         482068 kB
LowFree:            4404 kB
SwapTotal:             0 kB
SwapFree:              0 kB
Dirty:                 0 kB
Writeback:             0 kB
AnonPages:        354580 kB
Mapped:            52276 kB
Shmem:              3328 kB
Slab:              16980 kB
SReclaimable:       4708 kB
SUnreclaim:        12272 kB
KernelStack:        5352 kB
PageTables:         6704 kB
NFS_Unstable:          0 kB
Bounce:                0 kB
WritebackTmp:          0 kB
CommitLimit:      241032 kB
Committed_AS:    3784860 kB
VmallocTotal:     507904 kB
VmallocUsed:      114656 kB
VmallocChunk:     112576 kB
1557575224.000000
MemTotal:         482068 kB
MemFree:            4420 kB
Buffers:             700 kB
Cached:            46188 kB
SwapCached:            0 kB
Active:           375224 kB
Inactive:          24300 kB
Active(anon):     354072 kB
Inactive(anon):     3148 kB
Active(file):      21152 kB
Inactive(file):    21152 kB
Unevictable:        1960 kB
Mlocked:            3816 kB
HighTotal:             0 kB
HighFree:              0 kB
LowTotal:         482068 kB
LowFree:            4420 kB
SwapTotal:             0 kB
SwapFree:              0 kB
Dirty:                 0 kB
Writeback:             0 kB
AnonPages:        354648 kB
Mapped:            52256 kB
Shmem:              3328 kB
Slab:              16996 kB
SReclaimable:       4708 kB
SUnreclaim:        12288 kB
KernelStack:        5360 kB
PageTables:         6704 kB
NFS_Unstable:          0 kB
Bounce:                0 kB
WritebackTmp:          0 kB
CommitLimit:      241032 kB
Committed_AS:    3784760 kB
VmallocTotal:     507904 kB
VmallocUsed:      114656 kB
VmallocChunk:     112576 kB
1557575224.000000
MemTotal:         482068 kB
MemFree:            4476 kB
Buffers:             484 kB
Cached:            45300 kB
SwapCached:            0 kB
Active:           375584 kB
Inactive:          23628 kB
Active(anon):     354852 kB
Inactive(anon):     3148 kB
Active(file):      20732 kB
Inactive(file):    20480 kB
Unevictable:        1960 kB
Mlocked:            3816 kB
HighTotal:             0 kB
HighFree:              0 kB
LowTotal:         482068 kB
LowFree:            4476 kB
SwapTotal:             0 kB
SwapFree:              0 kB
Dirty:                 0 kB
Writeback:             0 kB
AnonPages:        355344 kB
Mapped:            52028 kB
Shmem:              3328 kB
Slab:              17024 kB
SReclaimable:       4708 kB
SUnreclaim:        12316 kB
KernelStack:        5320 kB
PageTables:         6652 kB
NFS_Unstable:          0 kB
Bounce:                0 kB
WritebackTmp:          0 kB
CommitLimit:      241032 kB
Committed_AS:    3784904 kB
VmallocTotal:     507904 kB
VmallocUsed:      114656 kB
VmallocChunk:     112576 kB
1557575225.000000
MemTotal:         482068 kB
MemFree:            4436 kB
Buffers:             484 kB
Cached:            45312 kB
SwapCached:            0 kB
Active:           375624 kB
Inactive:          23628 kB
Active(anon):     354892 kB
Inactive(anon):     3148 kB
Active(file):      20732 kB
Inactive(file):    20480 kB
Unevictable:        1960 kB
Mlocked:            3816 kB
HighTotal:             0 kB
HighFree:              0 kB
LowTotal:         482068 kB
LowFree:            4436 kB
SwapTotal:             0 kB
SwapFree:              0 kB
Dirty:                 0 kB
Writeback:             0 kB
AnonPages:        355488 kB
Mapped:            51988 kB
Shmem:              3328 kB
Slab:              17008 kB
SReclaimable:       4708 kB
SUnreclaim:        12300 kB
KernelStack:        5368 kB
PageTables:         6644 kB
NFS_Unstable:          0 kB
Bounce:                0 kB
WritebackTmp:          0 kB
CommitLimit:      241032 kB
Committed_AS:    3784924 kB
VmallocTotal:     507904 kB
VmallocUsed:      114656 kB
VmallocChunk:     112576 kB
1557575226.000000
MemTotal:         482068 kB
MemFree:            4924 kB
Buffers:             484 kB
Cached:            45356 kB
SwapCached:            0 kB
Active:           375536 kB
Inactive:          23672 kB
Active(anon):     354804 kB
Inactive(anon):     3148 kB
Active(file):      20732 kB
Inactive(file):    20524 kB
Unevictable:        1960 kB
Mlocked:            3816 kB
HighTotal:             0 kB
HighFree:              0 kB
LowTotal:         482068 kB
LowFree:            4924 kB
SwapTotal:             0 kB
SwapFree:              0 kB
Dirty:                 0 kB
Writeback:             0 kB
AnonPages:        355392 kB
Mapped:            51996 kB
Shmem:              3328 kB
Slab:              16988 kB
SReclaimable:       4708 kB
SUnreclaim:        12280 kB
KernelStack:        5360 kB
PageTables:         6628 kB
NFS_Unstable:          0 kB
Bounce:                0 kB
WritebackTmp:          0 kB
CommitLimit:      241032 kB
Committed_AS:    3784940 kB
VmallocTotal:     507904 kB
VmallocUsed:      114656 kB
VmallocChunk:     112576 kB
1557575227.000000
MemTotal:         482068 kB
MemFree:            4948 kB
Buffers:             484 kB
Cached:            45356 kB
SwapCached:            0 kB
Active:           375600 kB
Inactive:          23672 kB
Active(anon):     354868 kB
Inactive(anon):     3148 kB
Active(file):      20732 kB
Inactive(file):    20524 kB
Unevictable:        1960 kB
Mlocked:            3816 kB
HighTotal:             0 kB
HighFree:              0 kB
LowTotal:         482068 kB
LowFree:            4948 kB
SwapTotal:             0 kB
SwapFree:              0 kB
Dirty:                 0 kB
Writeback:             0 kB
AnonPages:        355340 kB
Mapped:            52016 kB
Shmem:              3328 kB
Slab:              17004 kB
SReclaimable:       4708 kB
SUnreclaim:        12296 kB
KernelStack:        5368 kB
PageTables:         6640 kB
NFS_Unstable:          0 kB
Bounce:                0 kB
WritebackTmp:          0 kB
CommitLimit:      241032 kB
Committed_AS:    3785636 kB
VmallocTotal:     507904 kB
VmallocUsed:      114664 kB
VmallocChunk:     112576 kB
1557575227.000000
MemTotal:         482068 kB
MemFree:            4196 kB
Buffers:             484 kB
Cached:            46040 kB
SwapCached:            0 kB
Active:           375804 kB
Inactive:          24296 kB
Active(anon):     355072 kB
Inactive(anon):     3148 kB
Active(file):      20732 kB
Inactive(file):    21148 kB
Unevictable:        1960 kB
Mlocked:            3816 kB
HighTotal:             0 kB
HighFree:              0 kB
LowTotal:         482068 kB
LowFree:            4196 kB
SwapTotal:             0 kB
SwapFree:              0 kB
Dirty:                 0 kB
Writeback:             0 kB
AnonPages:        355600 kB
Mapped:            52092 kB
Shmem:              3328 kB
Slab:              17004 kB
SReclaimable:       4708 kB
SUnreclaim:        12296 kB
KernelStack:        5368 kB
PageTables:         6640 kB
NFS_Unstable:          0 kB
Bounce:                0 kB
WritebackTmp:          0 kB
CommitLimit:      241032 kB
Committed_AS:    3785808 kB
VmallocTotal:     507904 kB
VmallocUsed:      114656 kB
VmallocChunk:     112576 kB
1557575228.000000
MemTotal:         482068 kB
MemFree:            3552 kB
Buffers:             576 kB
Cached:            45264 kB
SwapCached:            0 kB
Active:           376696 kB
Inactive:          23628 kB
Active(anon):     355956 kB
Inactive(anon):     3148 kB
Active(file):      20740 kB
Inactive(file):    20480 kB
Unevictable:        1960 kB
Mlocked:            3816 kB
HighTotal:             0 kB
HighFree:              0 kB
LowTotal:         482068 kB
LowFree:            3552 kB
SwapTotal:             0 kB
SwapFree:              0 kB
Dirty:                 0 kB
Writeback:             0 kB
AnonPages:        356436 kB
Mapped:            51332 kB
Shmem:              3328 kB
Slab:              17056 kB
SReclaimable:       4708 kB
SUnreclaim:        12348 kB
KernelStack:        5368 kB
PageTables:         6716 kB
NFS_Unstable:          0 kB
Bounce:                0 kB
WritebackTmp:          0 kB
CommitLimit:      241032 kB
Committed_AS:    3786016 kB
VmallocTotal:     507904 kB
VmallocUsed:      114656 kB
VmallocChunk:     112576 kB
1557575229.000000
MemTotal:         482068 kB
MemFree:            4040 kB
Buffers:             492 kB
Cached:            44040 kB
SwapCached:            0 kB
Active:           376364 kB
Inactive:          23124 kB
Active(anon):     356464 kB
Inactive(anon):     3148 kB
Active(file):      19900 kB
Inactive(file):    19976 kB
Unevictable:        1960 kB
Mlocked:            3816 kB
HighTotal:             0 kB
HighFree:              0 kB
LowTotal:         482068 kB
LowFree:            4040 kB
SwapTotal:             0 kB
SwapFree:              0 kB
Dirty:                 0 kB
Writeback:             0 kB
AnonPages:        356972 kB
Mapped:            49948 kB
Shmem:              3328 kB
Slab:              17020 kB
SReclaimable:       4708 kB
SUnreclaim:        12312 kB
KernelStack:        5368 kB
PageTables:         6632 kB
NFS_Unstable:          0 kB
Bounce:                0 kB
WritebackTmp:          0 kB
CommitLimit:      241032 kB
Committed_AS:    3786132 kB
VmallocTotal:     507904 kB
VmallocUsed:      114656 kB
VmallocChunk:     112576 kB
1557575230.000000
MemTotal:         482068 kB
MemFree:            4272 kB
Buffers:             336 kB
Cached:            43796 kB
SwapCached:            0 kB
Active:           376384 kB
Inactive:          22976 kB
Active(anon):     356656 kB
Inactive(anon):     3180 kB
Active(file):      19728 kB
Inactive(file):    19796 kB
Unevictable:        1960 kB
Mlocked:            3816 kB
HighTotal:             0 kB
HighFree:              0 kB
LowTotal:         482068 kB
LowFree:            4272 kB
SwapTotal:             0 kB
SwapFree:              0 kB
Dirty:                52 kB
Writeback:             0 kB
AnonPages:        357252 kB
Mapped:            50264 kB
Shmem:              3360 kB
Slab:              17044 kB
SReclaimable:       4708 kB
SUnreclaim:        12336 kB
KernelStack:        5400 kB
PageTables:         6720 kB
NFS_Unstable:          0 kB
Bounce:                0 kB
WritebackTmp:          0 kB
CommitLimit:      241032 kB
Committed_AS:    3786420 kB
VmallocTotal:     507904 kB
VmallocUsed:      114656 kB
VmallocChunk:     112576 kB
1557575231.000000
MemTotal:         482068 kB
MemFree:            4264 kB
Buffers:             248 kB
Cached:            43876 kB
SwapCached:            0 kB
Active:           376708 kB
Inactive:          22744 kB
Active(anon):     356884 kB
Inactive(anon):     3144 kB
Active(file):      19824 kB
Inactive(file):    19600 kB
Unevictable:        1960 kB
Mlocked:            3816 kB
HighTotal:             0 kB
HighFree:              0 kB
LowTotal:         482068 kB
LowFree:            4264 kB
SwapTotal:             0 kB
SwapFree:              0 kB
Dirty:                56 kB
Writeback:             0 kB
AnonPages:        357376 kB
Mapped:            50456 kB
Shmem:              3332 kB
Slab:              17100 kB
SReclaimable:       4708 kB
SUnreclaim:        12392 kB
KernelStack:        5432 kB
PageTables:         6648 kB
NFS_Unstable:          0 kB
Bounce:                0 kB
WritebackTmp:          0 kB
CommitLimit:      241032 kB
Committed_AS:    3786396 kB
VmallocTotal:     507904 kB
VmallocUsed:      114656 kB
VmallocChunk:     112576 kB
1557575231.000000
MemTotal:         482068 kB
MemFree:            4288 kB
Buffers:             248 kB
Cached:            43984 kB
SwapCached:            0 kB
Active:           376480 kB
Inactive:          22956 kB
Active(anon):     356644 kB
Inactive(anon):     3144 kB
Active(file):      19836 kB
Inactive(file):    19812 kB
Unevictable:        1960 kB
Mlocked:            3816 kB
HighTotal:             0 kB
HighFree:              0 kB
LowTotal:         482068 kB
LowFree:            4288 kB
SwapTotal:             0 kB
SwapFree:              0 kB
Dirty:               108 kB
Writeback:             0 kB
AnonPages:        357116 kB
Mapped:            50488 kB
Shmem:              3328 kB
Slab:              17100 kB
SReclaimable:       4708 kB
SUnreclaim:        12392 kB
KernelStack:        5424 kB
PageTables:         6660 kB
NFS_Unstable:          0 kB
Bounce:                0 kB
WritebackTmp:          0 kB
CommitLimit:      241032 kB
Committed_AS:    3786424 kB
VmallocTotal:     507904 kB
VmallocUsed:      114656 kB
VmallocChunk:     112576 kB
1557575232.000000
MemTotal:         482068 kB
MemFree:            4248 kB
Buffers:             356 kB
Cached:            43344 kB
SwapCached:            0 kB
Active:           376856 kB
Inactive:          22484 kB
Active(anon):     357112 kB
Inactive(anon):     3144 kB
Active(file):      19744 kB
Inactive(file):    19340 kB
Unevictable:        1960 kB
Mlocked:            3816 kB
HighTotal:             0 kB
HighFree:              0 kB
LowTotal:         482068 kB
LowFree:            4248 kB
SwapTotal:             0 kB
SwapFree:              0 kB
Dirty:               108 kB
Writeback:             0 kB
AnonPages:        357572 kB
Mapped:            50412 kB
Shmem:              3328 kB
Slab:              17048 kB
SReclaimable:       4708 kB
SUnreclaim:        12340 kB
KernelStack:        5424 kB
PageTables:         6660 kB
NFS_Unstable:          0 kB
Bounce:                0 kB
WritebackTmp:          0 kB
CommitLimit:      241032 kB
Committed_AS:    3786528 kB
VmallocTotal:     507904 kB
VmallocUsed:      114656 kB
VmallocChunk:     112576 kB
1557575233.000000
MemTotal:         482068 kB
MemFree:            4240 kB
Buffers:             356 kB
Cached:            43340 kB
SwapCached:            0 kB
Active:           376768 kB
Inactive:          22520 kB
Active(anon):     357032 kB
Inactive(anon):     3144 kB
Active(file):      19736 kB
Inactive(file):    19376 kB
Unevictable:        1960 kB
Mlocked:            3816 kB
HighTotal:             0 kB
HighFree:              0 kB
LowTotal:         482068 kB
LowFree:            4240 kB
SwapTotal:             0 kB
SwapFree:              0 kB
Dirty:               112 kB
Writeback:             0 kB
AnonPages:        357624 kB
Mapped:            50408 kB
Shmem:              3328 kB
Slab:              17116 kB
SReclaimable:       4708 kB
SUnreclaim:        12408 kB
KernelStack:        5416 kB
PageTables:         6648 kB
NFS_Unstable:          0 kB
Bounce:                0 kB
WritebackTmp:          0 kB
CommitLimit:      241032 kB
Committed_AS:    3786440 kB
VmallocTotal:     507904 kB
VmallocUsed:      114656 kB
VmallocChunk:     112576 kB
1557575234.000000
MemTotal:         482068 kB
MemFree:            4172 kB
Buffers:             360 kB
Cached:            43672 kB
SwapCached:            0 kB
Active:           376836 kB
Inactive:          22856 kB
Active(anon):     357100 kB
Inactive(anon):     3144 kB
Active(file):      19736 kB
Inactive(file):    19712 kB
Unevictable:        1960 kB
Mlocked:            3816 kB
HighTotal:             0 kB
HighFree:              0 kB
LowTotal:         482068 kB
LowFree:            4172 kB
SwapTotal:             0 kB
SwapFree:              0 kB
Dirty:                 0 kB
Writeback:            76 kB
AnonPages:        357592 kB
Mapped:            50432 kB
Shmem:              3328 kB
Slab:              17064 kB
SReclaimable:       4708 kB
SUnreclaim:        12356 kB
KernelStack:        5416 kB
PageTables:         6648 kB
NFS_Unstable:          0 kB
Bounce:                0 kB
WritebackTmp:          0 kB
CommitLimit:      241032 kB
Committed_AS:    3786444 kB
VmallocTotal:     507904 kB
VmallocUsed:      114656 kB
VmallocChunk:     112576 kB
1557575234.000000
MemTotal:         482068 kB
MemFree:            4288 kB
Buffers:             360 kB
Cached:            43684 kB
SwapCached:            0 kB
Active:           376644 kB
Inactive:          22860 kB
Active(anon):     356900 kB
Inactive(anon):     3144 kB
Active(file):      19744 kB
Inactive(file):    19716 kB
Unevictable:        1960 kB
Mlocked:            3816 kB
HighTotal:             0 kB
HighFree:              0 kB
LowTotal:         482068 kB
LowFree:            4288 kB
SwapTotal:             0 kB
SwapFree:              0 kB
Dirty:                 0 kB
Writeback:             0 kB
AnonPages:        357340 kB
Mapped:            50432 kB
Shmem:              3328 kB
Slab:              17072 kB
SReclaimable:       4708 kB
SUnreclaim:        12364 kB
KernelStack:        5424 kB
PageTables:         6648 kB
NFS_Unstable:          0 kB
Bounce:                0 kB
WritebackTmp:          0 kB
CommitLimit:      241032 kB
Committed_AS:    3786324 kB
VmallocTotal:     507904 kB
VmallocUsed:      114656 kB
VmallocChunk:     112576 kB
1557575235.000000
MemTotal:         482068 kB
MemFree:            3636 kB
Buffers:             360 kB
Cached:            44064 kB
SwapCached:            0 kB
Active:           376852 kB
Inactive:          23224 kB
Active(anon):     357108 kB
Inactive(anon):     3144 kB
Active(file):      19744 kB
Inactive(file):    20080 kB
Unevictable:        1960 kB
Mlocked:            3816 kB
HighTotal:             0 kB
HighFree:              0 kB
LowTotal:         482068 kB
LowFree:            3636 kB
SwapTotal:             0 kB
SwapFree:              0 kB
Dirty:                 0 kB
Writeback:             0 kB
AnonPages:        357720 kB
Mapped:            50508 kB
Shmem:              3328 kB
Slab:              17072 kB
SReclaimable:       4708 kB
SUnreclaim:        12364 kB
KernelStack:        5424 kB
PageTables:         6724 kB
NFS_Unstable:          0 kB
Bounce:                0 kB
WritebackTmp:          0 kB
CommitLimit:      241032 kB
Committed_AS:    3786448 kB
VmallocTotal:     507904 kB
VmallocUsed:      114656 kB
VmallocChunk:     112576 kB
1557575236.000000
MemTotal:         482068 kB
MemFree:            3900 kB
Buffers:             368 kB
Cached:            44048 kB
SwapCached:            0 kB
Active:           376740 kB
Inactive:          23232 kB
Active(anon):     356996 kB
Inactive(anon):     3144 kB
Active(file):      19744 kB
Inactive(file):    20088 kB
Unevictable:        1960 kB
Mlocked:            3816 kB
HighTotal:             0 kB
HighFree:              0 kB
LowTotal:         482068 kB
LowFree:            3900 kB
SwapTotal:             0 kB
SwapFree:              0 kB
Dirty:                 0 kB
Writeback:             0 kB
AnonPages:        357472 kB
Mapped:            50544 kB
Shmem:              3328 kB
Slab:              17084 kB
SReclaimable:       4708 kB
SUnreclaim:        12376 kB
KernelStack:        5424 kB
PageTables:         6664 kB
NFS_Unstable:          0 kB
Bounce:                0 kB
WritebackTmp:          0 kB
CommitLimit:      241032 kB
Committed_AS:    3786448 kB
VmallocTotal:     507904 kB
VmallocUsed:      114656 kB
VmallocChunk:     112576 kB
1557575237.000000
MemTotal:         482068 kB
MemFree:            3752 kB
Buffers:             368 kB
Cached:            44208 kB
SwapCached:            0 kB
Active:           376748 kB
Inactive:          23344 kB
Active(anon):     357004 kB
Inactive(anon):     3144 kB
Active(file):      19744 kB
Inactive(file):    20200 kB
Unevictable:        1960 kB
Mlocked:            3816 kB
HighTotal:             0 kB
HighFree:              0 kB
LowTotal:         482068 kB
LowFree:            3752 kB
SwapTotal:             0 kB
SwapFree:              0 kB
Dirty:                36 kB
Writeback:             0 kB
AnonPages:        357508 kB
Mapped:            50552 kB
Shmem:              3328 kB
Slab:              17060 kB
SReclaimable:       4708 kB
SUnreclaim:        12352 kB
KernelStack:        5416 kB
PageTables:         6724 kB
NFS_Unstable:          0 kB
Bounce:                0 kB
WritebackTmp:          0 kB
CommitLimit:      241032 kB
Committed_AS:    3786456 kB
VmallocTotal:     507904 kB
VmallocUsed:      114656 kB
VmallocChunk:     112576 kB
1557575238.000000
MemTotal:         482068 kB
MemFree:            4272 kB
Buffers:             368 kB
Cached:            43624 kB
SwapCached:            0 kB
Active:           376852 kB
Inactive:          22712 kB
Active(anon):     357020 kB
Inactive(anon):     3144 kB
Active(file):      19832 kB
Inactive(file):    19568 kB
Unevictable:        1960 kB
Mlocked:            3816 kB
HighTotal:             0 kB
HighFree:              0 kB
LowTotal:         482068 kB
LowFree:            4272 kB
SwapTotal:             0 kB
SwapFree:              0 kB
Dirty:                36 kB
Writeback:             0 kB
AnonPages:        357568 kB
Mapped:            50412 kB
Shmem:              3328 kB
Slab:              17108 kB
SReclaimable:       4708 kB
SUnreclaim:        12400 kB
KernelStack:        5408 kB
PageTables:         6644 kB
NFS_Unstable:          0 kB
Bounce:                0 kB
WritebackTmp:          0 kB
CommitLimit:      241032 kB
Committed_AS:    3786392 kB
VmallocTotal:     507904 kB
VmallocUsed:      114656 kB
VmallocChunk:     112576 kB
1557575238.000000
MemTotal:         482068 kB
MemFree:            3768 kB
Buffers:             368 kB
Cached:            43788 kB
SwapCached:            0 kB
Active:           377260 kB
Inactive:          22884 kB
Active(anon):     357428 kB
Inactive(anon):     3144 kB
Active(file):      19832 kB
Inactive(file):    19740 kB
Unevictable:        1960 kB
Mlocked:            3816 kB
HighTotal:             0 kB
HighFree:              0 kB
LowTotal:         482068 kB
LowFree:            3768 kB
SwapTotal:             0 kB
SwapFree:              0 kB
Dirty:                36 kB
Writeback:             0 kB
AnonPages:        357964 kB
Mapped:            50432 kB
Shmem:              3328 kB
Slab:              17072 kB
SReclaimable:       4708 kB
SUnreclaim:        12364 kB
KernelStack:        5408 kB
PageTables:         6656 kB
NFS_Unstable:          0 kB
Bounce:                0 kB
WritebackTmp:          0 kB
CommitLimit:      241032 kB
Committed_AS:    3786396 kB
VmallocTotal:     507904 kB
VmallocUsed:      114664 kB
VmallocChunk:     112576 kB
1557575239.000000
MemTotal:         482068 kB
MemFree:            3784 kB
Buffers:             368 kB
Cached:            44016 kB
SwapCached:            0 kB
Active:           376896 kB
Inactive:          23092 kB
Active(anon):     357064 kB
Inactive(anon):     3144 kB
Active(file):      19832 kB
Inactive(file):    19948 kB
Unevictable:        1960 kB
Mlocked:            3816 kB
HighTotal:             0 kB
HighFree:              0 kB
LowTotal:         482068 kB
LowFree:            3784 kB
SwapTotal:             0 kB
SwapFree:              0 kB
Dirty:                36 kB
Writeback:             0 kB
AnonPages:        357584 kB
Mapped:            50356 kB
Shmem:              3328 kB
Slab:              17072 kB
SReclaimable:       4708 kB
SUnreclaim:        12364 kB
KernelStack:        5408 kB
PageTables:         6656 kB
NFS_Unstable:          0 kB
Bounce:                0 kB
WritebackTmp:          0 kB
CommitLimit:      241032 kB
Committed_AS:    3786300 kB
VmallocTotal:     507904 kB
VmallocUsed:      114664 kB
VmallocChunk:     112576 kB
1557575240.000000
MemTotal:         482068 kB
MemFree:            4364 kB
Buffers:             368 kB
Cached:            42824 kB
SwapCached:            0 kB
Active:           377088 kB
Inactive:          22148 kB
Active(anon):     357472 kB
Inactive(anon):     3144 kB
Active(file):      19616 kB
Inactive(file):    19004 kB
Unevictable:        1960 kB
Mlocked:            3816 kB
HighTotal:             0 kB
HighFree:              0 kB
LowTotal:         482068 kB
LowFree:            4364 kB
SwapTotal:             0 kB
SwapFree:              0 kB
Dirty:                 0 kB
Writeback:             0 kB
