MemTotal:        1899508 kB
MemFree:           42504 kB
Buffers:            3288 kB
Cached:           195140 kB
SwapCached:            0 kB
Active:          1536732 kB
Inactive:         112388 kB
Active(anon):    1452660 kB
Inactive(anon):     1656 kB
Active(file):      84072 kB
Inactive(file):   110732 kB
Unevictable:        1940 kB
Mlocked:               0 kB
HighTotal:       1158144 kB
HighFree:           1748 kB
LowTotal:         741364 kB
LowFree:           40756 kB
SwapTotal:             0 kB
SwapFree:              0 kB
Dirty:                 8 kB
Writeback:             0 kB
AnonPages:       1452680 kB
Mapped:            97848 kB
Shmem:              1676 kB
Slab:              35824 kB
SReclaimable:      13108 kB
SUnreclaim:        22716 kB
KernelStack:        7960 kB
PageTables:        16228 kB
NFS_Unstable:          0 kB
Bounce:                0 kB
WritebackTmp:          0 kB
CommitLimit:      949752 kB
Committed_AS:   18929712 kB
VmallocTotal:     245760 kB
VmallocUsed:       57904 kB
VmallocChunk:      75648 kB
1557682369.103430
MemTotal:        1899508 kB
MemFree:           52120 kB
Buffers:            3124 kB
Cached:           185240 kB
SwapCached:            0 kB
Active:          1539488 kB
Inactive:          99872 kB
Active(anon):    1453016 kB
Inactive(anon):     1620 kB
Active(file):      86472 kB
Inactive(file):    98252 kB
Unevictable:        1940 kB
Mlocked:               0 kB
HighTotal:       1158144 kB
HighFree:           7048 kB
LowTotal:         741364 kB
LowFree:           45072 kB
SwapTotal:             0 kB
SwapFree:              0 kB
Dirty:               100 kB
Writeback:             0 kB
AnonPages:       1452996 kB
Mapped:            97660 kB
Shmem:              1672 kB
Slab:              35824 kB
SReclaimable:      13108 kB
SUnreclaim:        22716 kB
KernelStack:        7944 kB
PageTables:        16436 kB
NFS_Unstable:          0 kB
Bounce:                0 kB
WritebackTmp:          0 kB
CommitLimit:      949752 kB
Committed_AS:   20148156 kB
VmallocTotal:     245760 kB
VmallocUsed:       57904 kB
VmallocChunk:      75648 kB
1557682369.853192
MemTotal:        1899508 kB
MemFree:           74272 kB
Buffers:            2928 kB
Cached:           185124 kB
SwapCached:            0 kB
Active:          1538108 kB
Inactive:          97148 kB
Active(anon):    1449256 kB
Inactive(anon):     1620 kB
Active(file):      88852 kB
Inactive(file):    95528 kB
Unevictable:        1940 kB
Mlocked:               0 kB
HighTotal:       1158144 kB
HighFree:           4988 kB
LowTotal:         741364 kB
LowFree:           69284 kB
SwapTotal:             0 kB
SwapFree:              0 kB
Dirty:                96 kB
Writeback:             0 kB
AnonPages:       1449260 kB
Mapped:           104652 kB
Shmem:              1672 kB
Slab:              35796 kB
SReclaimable:      13100 kB
SUnreclaim:        22696 kB
KernelStack:        7944 kB
PageTables:        15972 kB
NFS_Unstable:          0 kB
Bounce:                0 kB
WritebackTmp:          0 kB
CommitLimit:      949752 kB
Committed_AS:   18920932 kB
VmallocTotal:     245760 kB
VmallocUsed:       57788 kB
VmallocChunk:      75648 kB
1557682370.742748
MemTotal:        1899508 kB
MemFree:           48240 kB
Buffers:            3056 kB
Cached:           205640 kB
SwapCached:            0 kB
Active:          1546076 kB
Inactive:         115128 kB
Active(anon):    1454736 kB
Inactive(anon):     1620 kB
Active(file):      91340 kB
Inactive(file):   113508 kB
Unevictable:        1940 kB
Mlocked:               0 kB
HighTotal:       1158144 kB
HighFree:           3156 kB
LowTotal:         741364 kB
LowFree:           45084 kB
SwapTotal:             0 kB
SwapFree:              0 kB
Dirty:                96 kB
Writeback:             0 kB
AnonPages:       1454708 kB
Mapped:           114536 kB
Shmem:              1672 kB
Slab:              35796 kB
SReclaimable:      13100 kB
SUnreclaim:        22696 kB
KernelStack:        7944 kB
PageTables:        16180 kB
NFS_Unstable:          0 kB
Bounce:                0 kB
WritebackTmp:          0 kB
CommitLimit:      949752 kB
Committed_AS:   18940476 kB
VmallocTotal:     245760 kB
VmallocUsed:       57788 kB
VmallocChunk:      75648 kB
1557682371.548689
MemTotal:        1899508 kB
MemFree:           46348 kB
Buffers:            1244 kB
Cached:           204448 kB
SwapCached:            0 kB
Active:          1552644 kB
Inactive:         111060 kB
Active(anon):    1460044 kB
Inactive(anon):     1620 kB
Active(file):      92600 kB
Inactive(file):   109440 kB
Unevictable:        1940 kB
Mlocked:               0 kB
HighTotal:       1158144 kB
HighFree:           1800 kB
LowTotal:         741364 kB
LowFree:           44548 kB
SwapTotal:             0 kB
SwapFree:              0 kB
Dirty:                84 kB
Writeback:             4 kB
AnonPages:       1460020 kB
Mapped:           127712 kB
Shmem:              1672 kB
Slab:              35780 kB
SReclaimable:      13100 kB
SUnreclaim:        22680 kB
KernelStack:        8024 kB
PageTables:        16384 kB
NFS_Unstable:          0 kB
Bounce:                0 kB
WritebackTmp:          0 kB
CommitLimit:      949752 kB
Committed_AS:   18946688 kB
VmallocTotal:     245760 kB
VmallocUsed:       57788 kB
VmallocChunk:      75648 kB
1557682372.379352
MemTotal:        1899508 kB
MemFree:           50056 kB
Buffers:            1724 kB
Cached:           186120 kB
SwapCached:            0 kB
Active:          1544272 kB
Inactive:          95744 kB
Active(anon):    1454220 kB
Inactive(anon):     1624 kB
Active(file):      90052 kB
Inactive(file):    94120 kB
Unevictable:        1940 kB
Mlocked:               0 kB
HighTotal:       1158144 kB
HighFree:           7556 kB
LowTotal:         741364 kB
LowFree:           42500 kB
SwapTotal:             0 kB
SwapFree:              0 kB
Dirty:                 0 kB
Writeback:             0 kB
AnonPages:       1454220 kB
Mapped:           133164 kB
Shmem:              1676 kB
Slab:              35708 kB
SReclaimable:      13100 kB
SUnreclaim:        22608 kB
KernelStack:        7872 kB
PageTables:        15552 kB
NFS_Unstable:          0 kB
Bounce:                0 kB
WritebackTmp:          0 kB
CommitLimit:      949752 kB
Committed_AS:   17806848 kB
VmallocTotal:     245760 kB
VmallocUsed:       55776 kB
VmallocChunk:      75648 kB
1557682373.488912
MemTotal:        1899508 kB
MemFree:           41352 kB
Buffers:            1744 kB
Cached:           185224 kB
SwapCached:            0 kB
Active:          1552232 kB
Inactive:          94936 kB
Active(anon):    1462248 kB
Inactive(anon):     1620 kB
Active(file):      89984 kB
Inactive(file):    93316 kB
Unevictable:        1940 kB
Mlocked:               0 kB
HighTotal:       1158144 kB
HighFree:           1140 kB
LowTotal:         741364 kB
LowFree:           40212 kB
SwapTotal:             0 kB
SwapFree:              0 kB
Dirty:                 4 kB
Writeback:             0 kB
AnonPages:       1462212 kB
Mapped:           136880 kB
Shmem:              1672 kB
Slab:              35760 kB
SReclaimable:      13096 kB
SUnreclaim:        22664 kB
KernelStack:        7872 kB
PageTables:        15556 kB
NFS_Unstable:          0 kB
Bounce:                0 kB
WritebackTmp:          0 kB
CommitLimit:      949752 kB
Committed_AS:   17814716 kB
VmallocTotal:     245760 kB
VmallocUsed:       55812 kB
VmallocChunk:      75648 kB
1557682374.312758
MemTotal:        1899508 kB
MemFree:           45744 kB
Buffers:            1968 kB
Cached:           190212 kB
SwapCached:            0 kB
Active:          1549180 kB
Inactive:          97468 kB
Active(anon):    1456440 kB
Inactive(anon):     1616 kB
Active(file):      92740 kB
Inactive(file):    95852 kB
Unevictable:        1940 kB
Mlocked:               0 kB
HighTotal:       1158144 kB
HighFree:           3088 kB
LowTotal:         741364 kB
LowFree:           42656 kB
SwapTotal:             0 kB
SwapFree:              0 kB
Dirty:               180 kB
Writeback:             0 kB
AnonPages:       1456448 kB
Mapped:           135544 kB
Shmem:              1668 kB
Slab:              35640 kB
SReclaimable:      13096 kB
SUnreclaim:        22544 kB
KernelStack:        7832 kB
PageTables:        15060 kB
NFS_Unstable:          0 kB
Bounce:                0 kB
WritebackTmp:          0 kB
CommitLimit:      949752 kB
Committed_AS:   17241304 kB
VmallocTotal:     245760 kB
VmallocUsed:       54624 kB
VmallocChunk:      75648 kB
1557682375.185284
MemTotal:        1899508 kB
MemFree:           44144 kB
Buffers:            1932 kB
Cached:           189004 kB
SwapCached:            0 kB
Active:          1551868 kB
Inactive:          95516 kB
Active(anon):    1458496 kB
Inactive(anon):     1616 kB
Active(file):      93372 kB
Inactive(file):    93900 kB
Unevictable:        1940 kB
Mlocked:               0 kB
HighTotal:       1158144 kB
HighFree:           1820 kB
LowTotal:         741364 kB
LowFree:           42324 kB
SwapTotal:             0 kB
SwapFree:              0 kB
Dirty:               180 kB
Writeback:             0 kB
AnonPages:       1458468 kB
Mapped:           124204 kB
Shmem:              1668 kB
Slab:              35568 kB
SReclaimable:      13056 kB
SUnreclaim:        22512 kB
KernelStack:        7864 kB
PageTables:        15020 kB
NFS_Unstable:          0 kB
Bounce:                0 kB
WritebackTmp:          0 kB
CommitLimit:      949752 kB
Committed_AS:   17244080 kB
VmallocTotal:     245760 kB
VmallocUsed:       54624 kB
VmallocChunk:      75648 kB
1557682375.928706
MemTotal:        1899508 kB
MemFree:           40540 kB
Buffers:            1476 kB
Cached:           177224 kB
SwapCached:            0 kB
Active:          1561660 kB
Inactive:          89364 kB
Active(anon):    1474424 kB
Inactive(anon):     1624 kB
Active(file):      87236 kB
Inactive(file):    87740 kB
Unevictable:        1940 kB
Mlocked:               0 kB
HighTotal:       1158144 kB
HighFree:            668 kB
LowTotal:         741364 kB
LowFree:           39872 kB
SwapTotal:             0 kB
SwapFree:              0 kB
Dirty:                36 kB
Writeback:            52 kB
AnonPages:       1474364 kB
Mapped:           124316 kB
Shmem:              1676 kB
Slab:              35528 kB
SReclaimable:      13016 kB
SUnreclaim:        22512 kB
KernelStack:        7928 kB
PageTables:        15084 kB
NFS_Unstable:          0 kB
Bounce:                0 kB
WritebackTmp:          0 kB
CommitLimit:      949752 kB
Committed_AS:   17274608 kB
VmallocTotal:     245760 kB
VmallocUsed:       54624 kB
VmallocChunk:      75648 kB
1557682377.172700
MemTotal:        1899508 kB
MemFree:           47896 kB
Buffers:            1416 kB
Cached:           154588 kB
SwapCached:            0 kB
Active:          1564736 kB
Inactive:          78472 kB
Active(anon):    1489276 kB
Inactive(anon):     1624 kB
Active(file):      75460 kB
Inactive(file):    76848 kB
Unevictable:        1940 kB
Mlocked:               0 kB
HighTotal:       1158144 kB
HighFree:           4640 kB
LowTotal:         741364 kB
LowFree:           43256 kB
SwapTotal:             0 kB
SwapFree:              0 kB
Dirty:               256 kB
Writeback:             0 kB
AnonPages:       1489280 kB
Mapped:           122728 kB
Shmem:              1676 kB
Slab:              35528 kB
SReclaimable:      13016 kB
SUnreclaim:        22512 kB
KernelStack:        7960 kB
PageTables:        15112 kB
NFS_Unstable:          0 kB
Bounce:                0 kB
WritebackTmp:          0 kB
CommitLimit:      949752 kB
Committed_AS:   17291816 kB
VmallocTotal:     245760 kB
VmallocUsed:       54624 kB
VmallocChunk:      75648 kB
1557682377.915120
MemTotal:        1899508 kB
MemFree:           41524 kB
Buffers:            1420 kB
Cached:           156484 kB
SwapCached:            0 kB
Active:          1568640 kB
Inactive:          80332 kB
Active(anon):    1493100 kB
Inactive(anon):     1624 kB
Active(file):      75540 kB
Inactive(file):    78708 kB
Unevictable:        1940 kB
Mlocked:               0 kB
HighTotal:       1158144 kB
HighFree:           1112 kB
LowTotal:         741364 kB
LowFree:           40412 kB
SwapTotal:             0 kB
SwapFree:              0 kB
Dirty:               284 kB
Writeback:             0 kB
AnonPages:       1493064 kB
Mapped:           122848 kB
Shmem:              1676 kB
Slab:              35528 kB
SReclaimable:      13016 kB
SUnreclaim:        22512 kB
KernelStack:        7976 kB
PageTables:        15132 kB
NFS_Unstable:          0 kB
Bounce:                0 kB
WritebackTmp:          0 kB
CommitLimit:      949752 kB
Committed_AS:   17293548 kB
VmallocTotal:     245760 kB
VmallocUsed:       54624 kB
VmallocChunk:      75648 kB
1557682378.750815
MemTotal:        1899508 kB
MemFree:           41248 kB
Buffers:            1428 kB
Cached:           154560 kB
SwapCached:            0 kB
Active:          1571056 kB
Inactive:          78416 kB
Active(anon):    1495472 kB
Inactive(anon):     1624 kB
Active(file):      75584 kB
Inactive(file):    76792 kB
Unevictable:        1940 kB
Mlocked:               0 kB
HighTotal:       1158144 kB
HighFree:            988 kB
LowTotal:         741364 kB
LowFree:           40260 kB
SwapTotal:             0 kB
SwapFree:              0 kB
Dirty:               288 kB
Writeback:             0 kB
AnonPages:       1495492 kB
Mapped:           122132 kB
Shmem:              1676 kB
Slab:              35528 kB
SReclaimable:      13016 kB
SUnreclaim:        22512 kB
KernelStack:        7976 kB
PageTables:        15132 kB
NFS_Unstable:          0 kB
Bounce:                0 kB
WritebackTmp:          0 kB
CommitLimit:      949752 kB
Committed_AS:   17294168 kB
VmallocTotal:     245760 kB
VmallocUsed:       54624 kB
VmallocChunk:      75648 kB
1557682379.485692
MemTotal:        1899508 kB
MemFree:           43552 kB
Buffers:            1412 kB
Cached:           150516 kB
SwapCached:            0 kB
Active:          1569404 kB
Inactive:          75972 kB
Active(anon):    1495440 kB
Inactive(anon):     1624 kB
Active(file):      73964 kB
Inactive(file):    74348 kB
Unevictable:        1940 kB
Mlocked:               0 kB
HighTotal:       1158144 kB
HighFree:           1760 kB
LowTotal:         741364 kB
LowFree:           41792 kB
SwapTotal:             0 kB
SwapFree:              0 kB
Dirty:               292 kB
Writeback:             0 kB
AnonPages:       1494720 kB
Mapped:           121980 kB
Shmem:              1676 kB
Slab:              35528 kB
SReclaimable:      13016 kB
SUnreclaim:        22512 kB
KernelStack:        8000 kB
PageTables:        15120 kB
NFS_Unstable:          0 kB
Bounce:                0 kB
WritebackTmp:          0 kB
CommitLimit:      949752 kB
Committed_AS:   17294240 kB
VmallocTotal:     245760 kB
VmallocUsed:       54624 kB
VmallocChunk:      75648 kB
1557682380.689577
MemTotal:        1899508 kB
MemFree:           43372 kB
Buffers:            1412 kB
Cached:           147812 kB
SwapCached:            0 kB
Active:          1573392 kB
Inactive:          74156 kB
Active(anon):    1500304 kB
Inactive(anon):     1624 kB
Active(file):      73088 kB
Inactive(file):    72532 kB
Unevictable:        1940 kB
Mlocked:               0 kB
HighTotal:       1158144 kB
HighFree:           2300 kB
LowTotal:         741364 kB
LowFree:           41072 kB
SwapTotal:             0 kB
SwapFree:              0 kB
Dirty:               292 kB
Writeback:             0 kB
AnonPages:       1500288 kB
Mapped:           121148 kB
Shmem:              1676 kB
Slab:              35528 kB
SReclaimable:      13016 kB
SUnreclaim:        22512 kB
KernelStack:        8000 kB
PageTables:        15120 kB
NFS_Unstable:          0 kB
Bounce:                0 kB
WritebackTmp:          0 kB
CommitLimit:      949752 kB
Committed_AS:   17294544 kB
VmallocTotal:     245760 kB
VmallocUsed:       54624 kB
VmallocChunk:      75648 kB
1557682381.444708
MemTotal:        1899508 kB
MemFree:           45588 kB
Buffers:            1420 kB
Cached:           147004 kB
SwapCached:            0 kB
Active:          1574628 kB
Inactive:          70784 kB
Active(anon):    1499024 kB
Inactive(anon):     1624 kB
Active(file):      75604 kB
Inactive(file):    69160 kB
Unevictable:        1940 kB
Mlocked:               0 kB
HighTotal:       1158144 kB
HighFree:           3568 kB
LowTotal:         741364 kB
LowFree:           42020 kB
SwapTotal:             0 kB
SwapFree:              0 kB
Dirty:               400 kB
Writeback:             0 kB
AnonPages:       1498988 kB
Mapped:           120716 kB
Shmem:              1676 kB
Slab:              35520 kB
SReclaimable:      13008 kB
SUnreclaim:        22512 kB
KernelStack:        7904 kB
PageTables:        15120 kB
NFS_Unstable:          0 kB
Bounce:                0 kB
WritebackTmp:          0 kB
CommitLimit:      949752 kB
Committed_AS:   17294588 kB
VmallocTotal:     245760 kB
VmallocUsed:       54624 kB
VmallocChunk:      75648 kB
1557682382.190637
MemTotal:        1899508 kB
MemFree:           60840 kB
Buffers:            1420 kB
Cached:           151816 kB
SwapCached:            0 kB
Active:          1555616 kB
Inactive:          75244 kB
Active(anon):    1479640 kB
Inactive(anon):     1620 kB
Active(file):      75976 kB
Inactive(file):    73624 kB
Unevictable:        1940 kB
Mlocked:               0 kB
HighTotal:       1158144 kB
HighFree:           2388 kB
LowTotal:         741364 kB
LowFree:           58452 kB
SwapTotal:             0 kB
SwapFree:              0 kB
Dirty:               128 kB
Writeback:             0 kB
AnonPages:       1479604 kB
Mapped:           120972 kB
Shmem:              1672 kB
Slab:              35484 kB
SReclaimable:      13008 kB
SUnreclaim:        22476 kB
KernelStack:        7880 kB
PageTables:        14688 kB
NFS_Unstable:          0 kB
Bounce:                0 kB
WritebackTmp:          0 kB
CommitLimit:      949752 kB
Committed_AS:   16722212 kB
VmallocTotal:     245760 kB
VmallocUsed:       53604 kB
VmallocChunk:      75648 kB
1557682382.960534
MemTotal:        1899508 kB
MemFree:           60052 kB
Buffers:            1428 kB
Cached:           154864 kB
SwapCached:            0 kB
Active:          1532716 kB
Inactive:          80360 kB
Active(anon):    1458796 kB
Inactive(anon):     1628 kB
Active(file):      73920 kB
Inactive(file):    78732 kB
Unevictable:        1940 kB
Mlocked:               0 kB
HighTotal:       1158144 kB
HighFree:           5692 kB
LowTotal:         741364 kB
LowFree:           54360 kB
SwapTotal:             0 kB
SwapFree:              0 kB
Dirty:                 0 kB
Writeback:             0 kB
AnonPages:       1458732 kB
Mapped:           122128 kB
Shmem:              1680 kB
Slab:              35364 kB
SReclaimable:      12976 kB
SUnreclaim:        22388 kB
KernelStack:        7528 kB
PageTables:        13708 kB
NFS_Unstable:          0 kB
Bounce:                0 kB
WritebackTmp:          0 kB
CommitLimit:      949752 kB
Committed_AS:   16101412 kB
VmallocTotal:     245760 kB
VmallocUsed:       52680 kB
VmallocChunk:      75648 kB
1557682383.797188
MemTotal:        1899508 kB
MemFree:           41148 kB
Buffers:            1412 kB
Cached:           169040 kB
SwapCached:            0 kB
Active:          1545492 kB
Inactive:          86152 kB
Active(anon):    1463228 kB
Inactive(anon):     1628 kB
Active(file):      82264 kB
Inactive(file):    84524 kB
Unevictable:        1940 kB
Mlocked:               0 kB
HighTotal:       1158144 kB
HighFree:            712 kB
LowTotal:         741364 kB
LowFree:           40436 kB
SwapTotal:             0 kB
SwapFree:              0 kB
Dirty:               240 kB
Writeback:          1756 kB
AnonPages:       1463196 kB
Mapped:           122276 kB
Shmem:              1680 kB
Slab:              35192 kB
SReclaimable:      12804 kB
SUnreclaim:        22388 kB
KernelStack:        7552 kB
PageTables:        13956 kB
NFS_Unstable:          0 kB
Bounce:                0 kB
WritebackTmp:          0 kB
CommitLimit:      949752 kB
Committed_AS:   17326764 kB
VmallocTotal:     245760 kB
VmallocUsed:       52680 kB
VmallocChunk:      75648 kB
1557682384.715728
MemTotal:        1899508 kB
MemFree:           40192 kB
Buffers:            1320 kB
Cached:           161400 kB
SwapCached:            0 kB
Active:          1548752 kB
Inactive:          83524 kB
Active(anon):    1471616 kB
Inactive(anon):     1628 kB
Active(file):      77136 kB
Inactive(file):    81896 kB
Unevictable:        1940 kB
Mlocked:               0 kB
HighTotal:       1158144 kB
HighFree:            672 kB
LowTotal:         741364 kB
LowFree:           39520 kB
SwapTotal:             0 kB
SwapFree:              0 kB
Dirty:                60 kB
Writeback:            52 kB
AnonPages:       1471612 kB
Mapped:           123432 kB
Shmem:              1680 kB
Slab:              35180 kB
SReclaimable:      12788 kB
SUnreclaim:        22392 kB
KernelStack:        7672 kB
PageTables:        14176 kB
NFS_Unstable:          0 kB
Bounce:                0 kB
WritebackTmp:          0 kB
CommitLimit:      949752 kB
Committed_AS:   16679224 kB
VmallocTotal:     245760 kB
VmallocUsed:       53700 kB
VmallocChunk:      75648 kB
1557682385.700095
MemTotal:        1899508 kB
MemFree:           41740 kB
Buffers:            1212 kB
Cached:           129460 kB
SwapCached:            0 kB
Active:          1549120 kB
Inactive:          63740 kB
Active(anon):    1484232 kB
Inactive(anon):     1800 kB
Active(file):      64888 kB
Inactive(file):    61940 kB
Unevictable:        1940 kB
Mlocked:               0 kB
HighTotal:       1158144 kB
HighFree:            656 kB
LowTotal:         741364 kB
LowFree:           41084 kB
SwapTotal:             0 kB
SwapFree:              0 kB
Dirty:                 0 kB
Writeback:          1976 kB
AnonPages:       1484108 kB
Mapped:           131932 kB
Shmem:              1852 kB
Slab:              34908 kB
SReclaimable:      12652 kB
SUnreclaim:        22256 kB
KernelStack:        7064 kB
PageTables:        13756 kB
NFS_Unstable:          0 kB
Bounce:                0 kB
WritebackTmp:          0 kB
CommitLimit:      949752 kB
Committed_AS:   15470984 kB
VmallocTotal:     245760 kB
VmallocUsed:       53904 kB
VmallocChunk:      75648 kB
1557682386.748059
MemTotal:        1899508 kB
MemFree:           49968 kB
Buffers:            1616 kB
Cached:           134372 kB
SwapCached:            0 kB
Active:          1533532 kB
Inactive:          67468 kB
Active(anon):    1467056 kB
Inactive(anon):     1624 kB
Active(file):      66476 kB
Inactive(file):    65844 kB
Unevictable:        1940 kB
Mlocked:               0 kB
HighTotal:       1158144 kB
HighFree:           2864 kB
LowTotal:         741364 kB
LowFree:           47104 kB
SwapTotal:             0 kB
SwapFree:              0 kB
Dirty:                24 kB
Writeback:             0 kB
AnonPages:       1467004 kB
Mapped:           140284 kB
Shmem:              1676 kB
Slab:              34344 kB
SReclaimable:      12540 kB
SUnreclaim:        21804 kB
KernelStack:        5984 kB
PageTables:        12152 kB
NFS_Unstable:          0 kB
Bounce:                0 kB
WritebackTmp:          0 kB
CommitLimit:      949752 kB
Committed_AS:   13016052 kB
VmallocTotal:     245760 kB
VmallocUsed:       50848 kB
VmallocChunk:      75648 kB
1557682388.249915
MemTotal:        1899508 kB
MemFree:           45260 kB
Buffers:            1036 kB
Cached:           134032 kB
SwapCached:            0 kB
Active:          1538216 kB
Inactive:          67056 kB
Active(anon):    1472344 kB
Inactive(anon):     1624 kB
Active(file):      65872 kB
Inactive(file):    65432 kB
Unevictable:        1940 kB
Mlocked:               0 kB
HighTotal:       1158144 kB
HighFree:           2916 kB
LowTotal:         741364 kB
LowFree:           42344 kB
SwapTotal:             0 kB
SwapFree:              0 kB
Dirty:               156 kB
Writeback:             0 kB
AnonPages:       1472312 kB
Mapped:           138240 kB
Shmem:              1676 kB
Slab:              34344 kB
SReclaimable:      12540 kB
SUnreclaim:        21804 kB
KernelStack:        6040 kB
PageTables:        12524 kB
NFS_Unstable:          0 kB
Bounce:                0 kB
WritebackTmp:          0 kB
CommitLimit:      949752 kB
Committed_AS:   14240992 kB
VmallocTotal:     245760 kB
VmallocUsed:       51868 kB
VmallocChunk:      75648 kB
1557682388.947694
MemTotal:        1899508 kB
MemFree:           45256 kB
Buffers:             856 kB
Cached:           130336 kB
SwapCached:            0 kB
Active:          1539920 kB
Inactive:          65288 kB
Active(anon):    1476008 kB
Inactive(anon):     1624 kB
Active(file):      63912 kB
Inactive(file):    63664 kB
Unevictable:        1940 kB
Mlocked:               0 kB
HighTotal:       1158144 kB
HighFree:           3204 kB
LowTotal:         741364 kB
LowFree:           42052 kB
SwapTotal:             0 kB
SwapFree:              0 kB
Dirty:                 0 kB
Writeback:             0 kB
AnonPages:       1475972 kB
Mapped:           135364 kB
Shmem:              1676 kB
Slab:              34328 kB
SReclaimable:      12524 kB
SUnreclaim:        21804 kB
KernelStack:        6064 kB
PageTables:        12544 kB
NFS_Unstable:          0 kB
Bounce:                0 kB
WritebackTmp:          0 kB
CommitLimit:      949752 kB
Committed_AS:   13589368 kB
VmallocTotal:     245760 kB
VmallocUsed:       51868 kB
VmallocChunk:      75648 kB
1557682389.705677
MemTotal:        1899508 kB
MemFree:           40624 kB
Buffers:             924 kB
Cached:           131096 kB
SwapCached:            0 kB
Active:          1543796 kB
Inactive:          66072 kB
Active(anon):    1479928 kB
Inactive(anon):     1624 kB
Active(file):      63868 kB
Inactive(file):    64448 kB
Unevictable:        1940 kB
Mlocked:               0 kB
HighTotal:       1158144 kB
HighFree:            512 kB
LowTotal:         741364 kB
LowFree:           40112 kB
SwapTotal:             0 kB
SwapFree:              0 kB
Dirty:                 0 kB
Writeback:             0 kB
AnonPages:       1479936 kB
Mapped:           135532 kB
Shmem:              1676 kB
Slab:              34328 kB
SReclaimable:      12524 kB
SUnreclaim:        21804 kB
KernelStack:        6064 kB
PageTables:        12596 kB
NFS_Unstable:          0 kB
Bounce:                0 kB
WritebackTmp:          0 kB
CommitLimit:      949752 kB
Committed_AS:   13589728 kB
VmallocTotal:     245760 kB
VmallocUsed:       51868 kB
VmallocChunk:      75648 kB
1557682390.422020
MemTotal:        1899508 kB
MemFree:           43096 kB
Buffers:             896 kB
Cached:           128076 kB
SwapCached:            0 kB
Active:          1542924 kB
Inactive:          65304 kB
Active(anon):    1481244 kB
Inactive(anon):     1628 kB
Active(file):      61680 kB
Inactive(file):    63676 kB
Unevictable:        1940 kB
Mlocked:               0 kB
HighTotal:       1158144 kB
HighFree:           1740 kB
LowTotal:         741364 kB
LowFree:           41356 kB
SwapTotal:             0 kB
SwapFree:              0 kB
Dirty:                68 kB
Writeback:             0 kB
AnonPages:       1481160 kB
Mapped:           132744 kB
Shmem:              1680 kB
Slab:              34328 kB
SReclaimable:      12524 kB
SUnreclaim:        21804 kB
KernelStack:        6048 kB
PageTables:        12204 kB
NFS_Unstable:          0 kB
Bounce:                0 kB
WritebackTmp:          0 kB
CommitLimit:      949752 kB
Committed_AS:   13025860 kB
VmallocTotal:     245760 kB
VmallocUsed:       50848 kB
VmallocChunk:      75648 kB
1557682391.017245
MemTotal:        1899508 kB
MemFree:           40248 kB
Buffers:             888 kB
Cached:           123888 kB
SwapCached:            0 kB
Active:          1548284 kB
Inactive:          62652 kB
Active(anon):    1488160 kB
Inactive(anon):     1624 kB
Active(file):      60124 kB
Inactive(file):    61028 kB
Unevictable:        1940 kB
Mlocked:               0 kB
HighTotal:       1158144 kB
HighFree:            484 kB
LowTotal:         741364 kB
LowFree:           39764 kB
SwapTotal:             0 kB
SwapFree:              0 kB
Dirty:                92 kB
Writeback:             0 kB
AnonPages:       1488140 kB
Mapped:           128764 kB
Shmem:              1676 kB
Slab:              34304 kB
SReclaimable:      12508 kB
SUnreclaim:        21796 kB
KernelStack:        6040 kB
PageTables:        12232 kB
NFS_Unstable:          0 kB
Bounce:                0 kB
WritebackTmp:          0 kB
CommitLimit:      949752 kB
Committed_AS:   13028272 kB
VmallocTotal:     245760 kB
VmallocUsed:       50848 kB
VmallocChunk:      75648 kB
1557682391.701073
MemTotal:        1899508 kB
MemFree:           42264 kB
Buffers:             816 kB
Cached:           121724 kB
SwapCached:            0 kB
Active:          1546168 kB
Inactive:          60664 kB
Active(anon):    1486332 kB
Inactive(anon):     1624 kB
Active(file):      59836 kB
Inactive(file):    59040 kB
Unevictable:        1940 kB
Mlocked:               0 kB
HighTotal:       1158144 kB
HighFree:           1996 kB
LowTotal:         741364 kB
LowFree:           40268 kB
SwapTotal:             0 kB
SwapFree:              0 kB
Dirty:                 0 kB
Writeback:             0 kB
AnonPages:       1486324 kB
Mapped:           126692 kB
Shmem:              1676 kB
Slab:              34304 kB
SReclaimable:      12508 kB
SUnreclaim:        21796 kB
KernelStack:        6040 kB
PageTables:        12232 kB
NFS_Unstable:          0 kB
Bounce:                0 kB
WritebackTmp:          0 kB
CommitLimit:      949752 kB
Committed_AS:   13689460 kB
VmallocTotal:     245760 kB
VmallocUsed:       53272 kB
VmallocChunk:      75648 kB
1557682392.270343
MemTotal:        1899508 kB
MemFree:           46348 kB
Buffers:             708 kB
Cached:           116124 kB
SwapCached:            0 kB
Active:          1514616 kB
Inactive:          60792 kB
Active(anon):    1460608 kB
Inactive(anon):     1656 kB
Active(file):      54008 kB
Inactive(file):    59136 kB
Unevictable:        1940 kB
Mlocked:               0 kB
HighTotal:       1158144 kB
HighFree:           4588 kB
LowTotal:         741364 kB
LowFree:           41760 kB
SwapTotal:             0 kB
SwapFree:              0 kB
Dirty:                 0 kB
Writeback:             0 kB
AnonPages:       1460568 kB
Mapped:           103360 kB
Shmem:              1712 kB
Slab:              34340 kB
SReclaimable:      12508 kB
SUnreclaim:        21832 kB
KernelStack:        5912 kB
PageTables:        11828 kB
NFS_Unstable:          0 kB
Bounce:                0 kB
WritebackTmp:          0 kB
CommitLimit:      949752 kB
Committed_AS:   12481748 kB
VmallocTotal:     245760 kB
VmallocUsed:       51848 kB
VmallocChunk:      75648 kB
1557682392.933398
MemTotal:        1899508 kB
MemFree:           49080 kB
Buffers:             708 kB
Cached:           114120 kB
SwapCached:            0 kB
Active:          1513844 kB
Inactive:          59140 kB
Active(anon):    1460224 kB
Inactive(anon):     1656 kB
Active(file):      53620 kB
Inactive(file):    57484 kB
Unevictable:        1940 kB
Mlocked:               0 kB
HighTotal:       1158144 kB
HighFree:           4660 kB
LowTotal:         741364 kB
LowFree:           44420 kB
SwapTotal:             0 kB
SwapFree:              0 kB
Dirty:                 0 kB
Writeback:             0 kB
AnonPages:       1460180 kB
Mapped:           103920 kB
Shmem:              1712 kB
Slab:              34340 kB
SReclaimable:      12508 kB
SUnreclaim:        21832 kB
KernelStack:        5912 kB
PageTables:        11880 kB
NFS_Unstable:          0 kB
Bounce:                0 kB
WritebackTmp:          0 kB
CommitLimit:      949752 kB
Committed_AS:   12493800 kB
VmallocTotal:     245760 kB
VmallocUsed:       51848 kB
VmallocChunk:      75648 kB
1557682393.598376
MemTotal:        1899508 kB
MemFree:           43412 kB
Buffers:             696 kB
Cached:           120688 kB
SwapCached:            0 kB
Active:          1513372 kB
Inactive:          65448 kB
Active(anon):    1459452 kB
Inactive(anon):     1656 kB
Active(file):      53920 kB
Inactive(file):    63792 kB
Unevictable:        1940 kB
Mlocked:               0 kB
HighTotal:       1158144 kB
HighFree:           2324 kB
LowTotal:         741364 kB
LowFree:           41088 kB
SwapTotal:             0 kB
SwapFree:              0 kB
Dirty:                 0 kB
Writeback:             0 kB
AnonPages:       1459436 kB
Mapped:           104688 kB
Shmem:              1720 kB
Slab:              34372 kB
SReclaimable:      12500 kB
SUnreclaim:        21872 kB
KernelStack:        5872 kB
PageTables:        11808 kB
NFS_Unstable:          0 kB
Bounce:                0 kB
WritebackTmp:          0 kB
CommitLimit:      949752 kB
Committed_AS:   13148660 kB
VmallocTotal:     245760 kB
VmallocUsed:       52868 kB
VmallocChunk:      75648 kB
1557682394.188947
MemTotal:        1899508 kB
MemFree:           41368 kB
Buffers:             600 kB
Cached:           118608 kB
SwapCached:            0 kB
Active:          1518108 kB
Inactive:          62952 kB
Active(anon):    1463900 kB
Inactive(anon):     1744 kB
Active(file):      54208 kB
Inactive(file):    61208 kB
Unevictable:        1940 kB
Mlocked:               0 kB
HighTotal:       1158144 kB
HighFree:           1140 kB
LowTotal:         741364 kB
LowFree:           40228 kB
SwapTotal:             0 kB
SwapFree:              0 kB
Dirty:                52 kB
Writeback:             0 kB
AnonPages:       1463896 kB
Mapped:           104400 kB
Shmem:              1784 kB
Slab:              34332 kB
SReclaimable:      12492 kB
SUnreclaim:        21840 kB
KernelStack:        5920 kB
PageTables:        11880 kB
NFS_Unstable:          0 kB
Bounce:                0 kB
WritebackTmp:          0 kB
CommitLimit:      949752 kB
Committed_AS:   13155164 kB
VmallocTotal:     245760 kB
VmallocUsed:       52868 kB
VmallocChunk:      75648 kB
1557682394.786752
MemTotal:        1899508 kB
MemFree:           41212 kB
Buffers:             684 kB
Cached:           117968 kB
SwapCached:            0 kB
Active:          1518928 kB
Inactive:          61836 kB
Active(anon):    1464256 kB
Inactive(anon):     1912 kB
Active(file):      54672 kB
Inactive(file):    59924 kB
Unevictable:        1940 kB
Mlocked:               0 kB
HighTotal:       1158144 kB
HighFree:            960 kB
LowTotal:         741364 kB
LowFree:           40252 kB
SwapTotal:             0 kB
SwapFree:              0 kB
Dirty:                52 kB
Writeback:             0 kB
AnonPages:       1464180 kB
Mapped:           105068 kB
Shmem:              2028 kB
Slab:              34332 kB
SReclaimable:      12492 kB
SUnreclaim:        21840 kB
KernelStack:        5920 kB
PageTables:        11880 kB
NFS_Unstable:          0 kB
Bounce:                0 kB
WritebackTmp:          0 kB
CommitLimit:      949752 kB
Committed_AS:   12499772 kB
VmallocTotal:     245760 kB
VmallocUsed:       51848 kB
VmallocChunk:      75648 kB
1557682395.381968
MemTotal:        1899508 kB
MemFree:           40944 kB
Buffers:             640 kB
Cached:           115872 kB
SwapCached:            0 kB
Active:          1520844 kB
Inactive:          59364 kB
Active(anon):    1465820 kB
Inactive(anon):     1888 kB
Active(file):      55024 kB
Inactive(file):    57476 kB
Unevictable:        1940 kB
Mlocked:               0 kB
HighTotal:       1158144 kB
HighFree:           1172 kB
LowTotal:         741364 kB
LowFree:           39772 kB
SwapTotal:             0 kB
SwapFree:              0 kB
Dirty:                56 kB
Writeback:             0 kB
AnonPages:       1465700 kB
Mapped:           105140 kB
Shmem:              2036 kB
Slab:              34332 kB
SReclaimable:      12492 kB
SUnreclaim:        21840 kB
KernelStack:        5976 kB
PageTables:        12240 kB
NFS_Unstable:          0 kB
Bounce:                0 kB
WritebackTmp:          0 kB
CommitLimit:      949752 kB
Committed_AS:   13722416 kB
VmallocTotal:     245760 kB
VmallocUsed:       52868 kB
VmallocChunk:      75648 kB
1557682395.983091
MemTotal:        1899508 kB
MemFree:           40652 kB
Buffers:             628 kB
Cached:           112144 kB
SwapCached:            0 kB
Active:          1524084 kB
Inactive:          56604 kB
Active(anon):    1470196 kB
Inactive(anon):     1888 kB
Active(file):      53888 kB
Inactive(file):    54716 kB
Unevictable:        1940 kB
Mlocked:               0 kB
HighTotal:       1158144 kB
HighFree:            664 kB
LowTotal:         741364 kB
LowFree:           39988 kB
SwapTotal:             0 kB
SwapFree:              0 kB
Dirty:                 4 kB
Writeback:             0 kB
AnonPages:       1470040 kB
Mapped:           103952 kB
Shmem:              2100 kB
Slab:              34292 kB
SReclaimable:      12452 kB
SUnreclaim:        21840 kB
KernelStack:        5976 kB
PageTables:        12240 kB
NFS_Unstable:          0 kB
Bounce:                0 kB
WritebackTmp:          0 kB
CommitLimit:      949752 kB
Committed_AS:   13722788 kB
VmallocTotal:     245760 kB
VmallocUsed:       52868 kB
VmallocChunk:      75648 kB
1557682396.565058
MemTotal:        1899508 kB
MemFree:           43804 kB
Buffers:             628 kB
Cached:           108580 kB
SwapCached:            0 kB
Active:          1523212 kB
Inactive:          54344 kB
Active(anon):    1470564 kB
Inactive(anon):     1968 kB
Active(file):      52648 kB
Inactive(file):    52376 kB
Unevictable:        1940 kB
Mlocked:               0 kB
HighTotal:       1158144 kB
HighFree:           2292 kB
LowTotal:         741364 kB
LowFree:           41512 kB
SwapTotal:             0 kB
SwapFree:              0 kB
Dirty:                 0 kB
Writeback:             0 kB
AnonPages:       1470348 kB
Mapped:           103424 kB
Shmem:              2188 kB
Slab:              34300 kB
SReclaimable:      12452 kB
SUnreclaim:        21848 kB
KernelStack:        5968 kB
PageTables:        12232 kB
NFS_Unstable:          0 kB
Bounce:                0 kB
WritebackTmp:          0 kB
CommitLimit:      949752 kB
Committed_AS:   13067496 kB
VmallocTotal:     245760 kB
VmallocUsed:       52868 kB
VmallocChunk:      75648 kB
1557682397.168027
MemTotal:        1899508 kB
MemFree:           46196 kB
Buffers:             604 kB
Cached:           106140 kB
SwapCached:            0 kB
Active:          1522368 kB
Inactive:          53028 kB
Active(anon):    1470920 kB
Inactive(anon):     1976 kB
Active(file):      51448 kB
Inactive(file):    51052 kB
Unevictable:        1940 kB
Mlocked:               0 kB
HighTotal:       1158144 kB
HighFree:           3052 kB
LowTotal:         741364 kB
LowFree:           43144 kB
SwapTotal:             0 kB
SwapFree:              0 kB
Dirty:                 0 kB
Writeback:             0 kB
AnonPages:       1470716 kB
Mapped:           101416 kB
Shmem:              2220 kB
Slab:              34284 kB
SReclaimable:      12428 kB
SUnreclaim:        21856 kB
KernelStack:        5968 kB
PageTables:        12236 kB
NFS_Unstable:          0 kB
Bounce:                0 kB
WritebackTmp:          0 kB
CommitLimit:      949752 kB
Committed_AS:   13067528 kB
VmallocTotal:     245760 kB
VmallocUsed:       52868 kB
VmallocChunk:      75648 kB
1557682397.767972
MemTotal:        1899508 kB
MemFree:           47688 kB
Buffers:             608 kB
Cached:           105652 kB
SwapCached:            0 kB
Active:          1524040 kB
Inactive:          52212 kB
Active(anon):    1472264 kB
Inactive(anon):     1976 kB
Active(file):      51776 kB
Inactive(file):    50236 kB
Unevictable:        1940 kB
Mlocked:               0 kB
HighTotal:       1158144 kB
HighFree:           1988 kB
LowTotal:         741364 kB
LowFree:           45700 kB
SwapTotal:             0 kB
SwapFree:              0 kB
Dirty:                52 kB
Writeback:             0 kB
AnonPages:       1471820 kB
Mapped:            99024 kB
Shmem:              2220 kB
Slab:              34284 kB
SReclaimable:      12428 kB
SUnreclaim:        21856 kB
KernelStack:        5968 kB
PageTables:        12028 kB
NFS_Unstable:          0 kB
Bounce:                0 kB
WritebackTmp:          0 kB
CommitLimit:      949752 kB
Committed_AS:   12500488 kB
VmallocTotal:     245760 kB
VmallocUsed:       52844 kB
VmallocChunk:      75648 kB
1557682398.338541
MemTotal:        1899508 kB
MemFree:           50016 kB
Buffers:             588 kB
Cached:           104052 kB
SwapCached:            0 kB
Active:          1522312 kB
Inactive:          51940 kB
Active(anon):    1471812 kB
Inactive(anon):     1988 kB
Active(file):      50500 kB
Inactive(file):    49952 kB
Unevictable:        1940 kB
Mlocked:               0 kB
HighTotal:       1158144 kB
HighFree:           6484 kB
LowTotal:         741364 kB
LowFree:           43532 kB
SwapTotal:             0 kB
SwapFree:              0 kB
Dirty:                 0 kB
Writeback:             0 kB
AnonPages:       1471616 kB
Mapped:            98992 kB
Shmem:              2244 kB
Slab:              34292 kB
SReclaimable:      12428 kB
SUnreclaim:        21864 kB
KernelStack:        5928 kB
PageTables:        11940 kB
NFS_Unstable:          0 kB
Bounce:                0 kB
WritebackTmp:          0 kB
CommitLimit:      949752 kB
Committed_AS:   12511792 kB
VmallocTotal:     245760 kB
VmallocUsed:       51824 kB
VmallocChunk:      75648 kB
1557682398.958144
MemTotal:        1899508 kB
MemFree:           47268 kB
Buffers:             588 kB
Cached:           105608 kB
SwapCached:            0 kB
Active:          1523424 kB
Inactive:          53684 kB
Active(anon):    1473096 kB
Inactive(anon):     1988 kB
Active(file):      50328 kB
Inactive(file):    51696 kB
Unevictable:        1940 kB
Mlocked:               0 kB
HighTotal:       1158144 kB
HighFree:           3360 kB
LowTotal:         741364 kB
LowFree:           43908 kB
SwapTotal:             0 kB
SwapFree:              0 kB
Dirty:                 0 kB
Writeback:             0 kB
AnonPages:       1472844 kB
Mapped:            99936 kB
Shmem:              2244 kB
Slab:              34292 kB
SReclaimable:      12428 kB
SUnreclaim:        21864 kB
KernelStack:        5928 kB
PageTables:        11940 kB
NFS_Unstable:          0 kB
Bounce:                0 kB
WritebackTmp:          0 kB
CommitLimit:      949752 kB
Committed_AS:   12511764 kB
VmallocTotal:     245760 kB
VmallocUsed:       51824 kB
VmallocChunk:      75648 kB
1557682399.555672
MemTotal:        1899508 kB
MemFree:           50752 kB
Buffers:             536 kB
Cached:            98620 kB
SwapCached:            0 kB
Active:          1524576 kB
Inactive:          49256 kB
Active(anon):    1476964 kB
Inactive(anon):     1988 kB
Active(file):      47612 kB
Inactive(file):    47268 kB
Unevictable:        1940 kB
Mlocked:               0 kB
HighTotal:       1158144 kB
HighFree:           4496 kB
LowTotal:         741364 kB
LowFree:           46256 kB
SwapTotal:             0 kB
SwapFree:              0 kB
Dirty:                32 kB
Writeback:             0 kB
AnonPages:       1476720 kB
Mapped:            99540 kB
Shmem:              2244 kB
Slab:              34280 kB
SReclaimable:      12408 kB
SUnreclaim:        21872 kB
KernelStack:        5984 kB
PageTables:        12276 kB
NFS_Unstable:          0 kB
Bounce:                0 kB
WritebackTmp:          0 kB
CommitLimit:      949752 kB
Committed_AS:   13734260 kB
VmallocTotal:     245760 kB
VmallocUsed:       52844 kB
VmallocChunk:      75648 kB
1557682400.131124
MemTotal:        1899508 kB
MemFree:           50020 kB
Buffers:             536 kB
Cached:            96748 kB
SwapCached:            0 kB
Active:          1525448 kB
Inactive:          49228 kB
Active(anon):    1479556 kB
Inactive(anon):     1988 kB
Active(file):      45892 kB
Inactive(file):    47240 kB
Unevictable:        1940 kB
Mlocked:               0 kB
HighTotal:       1158144 kB
HighFree:           3896 kB
LowTotal:         741364 kB
LowFree:           46124 kB
SwapTotal:             0 kB
SwapFree:              0 kB
Dirty:                32 kB
Writeback:             0 kB
AnonPages:       1479356 kB
Mapped:            99816 kB
Shmem:              2244 kB
Slab:              34272 kB
SReclaimable:      12392 kB
SUnreclaim:        21880 kB
KernelStack:        5976 kB
PageTables:        12252 kB
NFS_Unstable:          0 kB
Bounce:                0 kB
WritebackTmp:          0 kB
CommitLimit:      949752 kB
Committed_AS:   13078868 kB
VmallocTotal:     245760 kB
VmallocUsed:       52844 kB
VmallocChunk:      75648 kB
1557682400.727805
MemTotal:        1899508 kB
MemFree:           49804 kB
Buffers:             552 kB
Cached:            96028 kB
SwapCached:            0 kB
Active:          1526240 kB
Inactive:          48364 kB
Active(anon):    1480260 kB
Inactive(anon):     1988 kB
Active(file):      45980 kB
Inactive(file):    46376 kB
Unevictable:        1940 kB
Mlocked:               0 kB
HighTotal:       1158144 kB
HighFree:           3692 kB
LowTotal:         741364 kB
LowFree:           46112 kB
SwapTotal:             0 kB
SwapFree:              0 kB
Dirty:                32 kB
Writeback:             0 kB
AnonPages:       1479996 kB
Mapped:           100072 kB
Shmem:              2244 kB
Slab:              34272 kB
SReclaimable:      12392 kB
SUnreclaim:        21880 kB
KernelStack:        5976 kB
PageTables:        12304 kB
NFS_Unstable:          0 kB
Bounce:                0 kB
WritebackTmp:          0 kB
CommitLimit:      949752 kB
Committed_AS:   13078868 kB
VmallocTotal:     245760 kB
VmallocUsed:       52844 kB
VmallocChunk:      75648 kB
1557682401.341745
MemTotal:        1899508 kB
MemFree:           45584 kB
Buffers:             552 kB
Cached:            95060 kB
SwapCached:            0 kB
Active:          1531436 kB
Inactive:          47440 kB
Active(anon):    1485496 kB
Inactive(anon):     1988 kB
Active(file):      45940 kB
Inactive(file):    45452 kB
Unevictable:        1940 kB
Mlocked:               0 kB
HighTotal:       1158144 kB
HighFree:           1804 kB
LowTotal:         741364 kB
LowFree:           43780 kB
SwapTotal:             0 kB
SwapFree:              0 kB
Dirty:                32 kB
Writeback:             0 kB
AnonPages:       1485304 kB
Mapped:           100244 kB
Shmem:              2244 kB
Slab:              34280 kB
SReclaimable:      12392 kB
SUnreclaim:        21888 kB
KernelStack:        5992 kB
PageTables:        12312 kB
NFS_Unstable:          0 kB
Bounce:                0 kB
WritebackTmp:          0 kB
CommitLimit:      949752 kB
Committed_AS:   13079180 kB
VmallocTotal:     245760 kB
VmallocUsed:       52844 kB
VmallocChunk:      75648 kB
1557682401.917749
MemTotal:        1899508 kB
MemFree:           45368 kB
Buffers:             568 kB
Cached:            95764 kB
SwapCached:            0 kB
Active:          1534248 kB
Inactive:          44764 kB
Active(anon):    1484896 kB
Inactive(anon):     1988 kB
Active(file):      49352 kB
Inactive(file):    42776 kB
Unevictable:        1940 kB
Mlocked:               0 kB
HighTotal:       1158144 kB
HighFree:           2836 kB
LowTotal:         741364 kB
LowFree:           42532 kB
SwapTotal:             0 kB
SwapFree:              0 kB
Dirty:                32 kB
Writeback:             0 kB
AnonPages:       1484432 kB
Mapped:           100180 kB
Shmem:              2244 kB
Slab:              34280 kB
SReclaimable:      12392 kB
SUnreclaim:        21888 kB
KernelStack:        5992 kB
PageTables:        12156 kB
NFS_Unstable:          0 kB
Bounce:                0 kB
WritebackTmp:          0 kB
CommitLimit:      949752 kB
Committed_AS:   12512064 kB
VmallocTotal:     245760 kB
VmallocUsed:       52844 kB
VmallocChunk:      75648 kB
1557682402.555871
MemTotal:        1899508 kB
MemFree:           44556 kB
Buffers:             624 kB
Cached:            94456 kB
SwapCached:            0 kB
Active:          1535060 kB
Inactive:          45160 kB
Active(anon):    1487400 kB
Inactive(anon):     1988 kB
Active(file):      47660 kB
Inactive(file):    43172 kB
Unevictable:        1940 kB
Mlocked:               0 kB
HighTotal:       1158144 kB
HighFree:           1912 kB
LowTotal:         741364 kB
LowFree:           42644 kB
SwapTotal:             0 kB
SwapFree:              0 kB
Dirty:                32 kB
Writeback:             0 kB
AnonPages:       1487144 kB
Mapped:            98964 kB
Shmem:              2244 kB
Slab:              34296 kB
SReclaimable:      12392 kB
SUnreclaim:        21904 kB
KernelStack:        5928 kB
PageTables:        11976 kB
NFS_Unstable:          0 kB
Bounce:                0 kB
WritebackTmp:          0 kB
CommitLimit:      949752 kB
Committed_AS:   12518172 kB
VmallocTotal:     245760 kB
VmallocUsed:       51824 kB
VmallocChunk:      75648 kB
1557682403.178125
MemTotal:        1899508 kB
MemFree:           42064 kB
Buffers:             624 kB
Cached:            94680 kB
SwapCached:            0 kB
Active:          1537228 kB
Inactive:          46008 kB
Active(anon):    1490160 kB
Inactive(anon):     1988 kB
Active(file):      47068 kB
Inactive(file):    44020 kB
Unevictable:        1940 kB
Mlocked:               0 kB
HighTotal:       1158144 kB
HighFree:           1808 kB
LowTotal:         741364 kB
LowFree:           40256 kB
SwapTotal:             0 kB
SwapFree:              0 kB
Dirty:                 0 kB
Writeback:             0 kB
AnonPages:       1489952 kB
Mapped:            99212 kB
Shmem:              2244 kB
Slab:              34200 kB
SReclaimable:      12328 kB
SUnreclaim:        21872 kB
KernelStack:        5552 kB
PageTables:        11928 kB
NFS_Unstable:          0 kB
Bounce:                0 kB
WritebackTmp:          0 kB
CommitLimit:      949752 kB
Committed_AS:   12518176 kB
VmallocTotal:     245760 kB
VmallocUsed:       51824 kB
VmallocChunk:      75648 kB
1557682403.766518
MemTotal:        1899508 kB
MemFree:           42672 kB
Buffers:             644 kB
Cached:            91892 kB
SwapCached:            0 kB
Active:          1537716 kB
Inactive:          44552 kB
Active(anon):    1491956 kB
Inactive(anon):     1988 kB
Active(file):      45760 kB
Inactive(file):    42564 kB
Unevictable:        1940 kB
Mlocked:               0 kB
HighTotal:       1158144 kB
HighFree:           2060 kB
LowTotal:         741364 kB
LowFree:           40612 kB
SwapTotal:             0 kB
SwapFree:              0 kB
Dirty:                52 kB
Writeback:             0 kB
AnonPages:       1488660 kB
Mapped:            98996 kB
Shmem:              2244 kB
Slab:              34200 kB
SReclaimable:      12328 kB
SUnreclaim:        21872 kB
KernelStack:        5552 kB
PageTables:        12292 kB
NFS_Unstable:          0 kB
Bounce:                0 kB
WritebackTmp:          0 kB
CommitLimit:      949752 kB
Committed_AS:   13740768 kB
VmallocTotal:     245760 kB
VmallocUsed:       52844 kB
VmallocChunk:      75648 kB
1557682404.387156
MemTotal:        1899508 kB
MemFree:           47624 kB
Buffers:             780 kB
Cached:            96392 kB
SwapCached:            0 kB
Active:          1523896 kB
Inactive:          50296 kB
Active(anon):    1479392 kB
Inactive(anon):     1988 kB
Active(file):      44504 kB
Inactive(file):    48308 kB
Unevictable:        1940 kB
Mlocked:               0 kB
HighTotal:       1158144 kB
HighFree:           1804 kB
LowTotal:         741364 kB
LowFree:           45820 kB
SwapTotal:             0 kB
SwapFree:              0 kB
Dirty:                52 kB
Writeback:             0 kB
AnonPages:       1477936 kB
Mapped:            99016 kB
Shmem:              2244 kB
Slab:              34200 kB
SReclaimable:      12328 kB
SUnreclaim:        21872 kB
KernelStack:        5544 kB
PageTables:        12300 kB
NFS_Unstable:          0 kB
Bounce:                0 kB
WritebackTmp:          0 kB
CommitLimit:      949752 kB
Committed_AS:   13088588 kB
VmallocTotal:     245760 kB
VmallocUsed:       52844 kB
VmallocChunk:      75648 kB
1557682405.107153
MemTotal:        1899508 kB
MemFree:           72868 kB
Buffers:             764 kB
Cached:           105636 kB
SwapCached:            0 kB
Active:          1495036 kB
Inactive:          58016 kB
Active(anon):    1448872 kB
Inactive(anon):     1988 kB
Active(file):      46164 kB
Inactive(file):    56028 kB
Unevictable:        1940 kB
Mlocked:               0 kB
HighTotal:       1158144 kB
HighFree:          11256 kB
LowTotal:         741364 kB
LowFree:           61612 kB
SwapTotal:             0 kB
SwapFree:              0 kB
Dirty:                 0 kB
Writeback:             0 kB
AnonPages:       1448464 kB
Mapped:            92740 kB
Shmem:              2244 kB
Slab:              34088 kB
SReclaimable:      12308 kB
SUnreclaim:        21780 kB
KernelStack:        5464 kB
PageTables:        11148 kB
NFS_Unstable:          0 kB
Bounce:                0 kB
WritebackTmp:          0 kB
CommitLimit:      949752 kB
Committed_AS:   11347320 kB
VmallocTotal:     245760 kB
VmallocUsed:       50804 kB
VmallocChunk:      75648 kB
1557682405.773628
MemTotal:        1899508 kB
MemFree:           68420 kB
Buffers:             908 kB
Cached:           107376 kB
SwapCached:            0 kB
Active:          1497844 kB
Inactive:          59840 kB
Active(anon):    1451644 kB
Inactive(anon):     1988 kB
Active(file):      46200 kB
Inactive(file):    57852 kB
Unevictable:        1940 kB
Mlocked:               0 kB
HighTotal:       1158144 kB
HighFree:           6048 kB
LowTotal:         741364 kB
LowFree:           62372 kB
SwapTotal:             0 kB
SwapFree:              0 kB
Dirty:                52 kB
Writeback:             0 kB
AnonPages:       1451268 kB
Mapped:            92920 kB
Shmem:              2244 kB
Slab:              34088 kB
SReclaimable:      12308 kB
SUnreclaim:        21780 kB
KernelStack:        5464 kB
PageTables:        11148 kB
NFS_Unstable:          0 kB
Bounce:                0 kB
WritebackTmp:          0 kB
CommitLimit:      949752 kB
Committed_AS:   11355512 kB
VmallocTotal:     245760 kB
VmallocUsed:       50804 kB
VmallocChunk:      75648 kB
1557682406.456207
MemTotal:        1899508 kB
MemFree:           63404 kB
Buffers:             908 kB
Cached:           107632 kB
SwapCached:            0 kB
Active:          1503072 kB
Inactive:          60132 kB
Active(anon):    1456876 kB
Inactive(anon):     1988 kB
Active(file):      46196 kB
Inactive(file):    58144 kB
Unevictable:        1940 kB
Mlocked:               0 kB
HighTotal:       1158144 kB
HighFree:           1744 kB
LowTotal:         741364 kB
LowFree:           61660 kB
SwapTotal:             0 kB
SwapFree:              0 kB
Dirty:                60 kB
Writeback:             0 kB
AnonPages:       1456648 kB
Mapped:            92956 kB
Shmem:              2244 kB
Slab:              33980 kB
SReclaimable:      12308 kB
SUnreclaim:        21672 kB
KernelStack:        5504 kB
PageTables:        10772 kB
NFS_Unstable:          0 kB
Bounce:                0 kB
WritebackTmp:          0 kB
CommitLimit:      949752 kB
Committed_AS:   12576060 kB
VmallocTotal:     245760 kB
VmallocUsed:       50804 kB
VmallocChunk:      75648 kB
1557682407.038157
MemTotal:        1899508 kB
MemFree:           55836 kB
Buffers:             932 kB
Cached:           109504 kB
SwapCached:            0 kB
Active:          1508740 kB
Inactive:          61992 kB
Active(anon):    1462544 kB
Inactive(anon):     1988 kB
Active(file):      46196 kB
Inactive(file):    60004 kB
Unevictable:        1940 kB
Mlocked:               0 kB
HighTotal:       1158144 kB
HighFree:           1744 kB
LowTotal:         741364 kB
LowFree:           54092 kB
SwapTotal:             0 kB
SwapFree:              0 kB
Dirty:                60 kB
Writeback:             0 kB
AnonPages:       1462308 kB
Mapped:            93304 kB
Shmem:              2244 kB
Slab:              33980 kB
SReclaimable:      12308 kB
SUnreclaim:        21672 kB
KernelStack:        5504 kB
PageTables:        10824 kB
NFS_Unstable:          0 kB
Bounce:                0 kB
WritebackTmp:          0 kB
CommitLimit:      949752 kB
Committed_AS:   12582288 kB
VmallocTotal:     245760 kB
VmallocUsed:       51824 kB
VmallocChunk:      75648 kB
1557682407.665642
MemTotal:        1899508 kB
MemFree:           48676 kB
Buffers:             948 kB
Cached:           113248 kB
SwapCached:            0 kB
Active:          1512352 kB
Inactive:          65696 kB
Active(anon):    1466144 kB
Inactive(anon):     2412 kB
Active(file):      46208 kB
Inactive(file):    63284 kB
Unevictable:        1940 kB
Mlocked:               0 kB
HighTotal:       1158144 kB
HighFree:           1760 kB
LowTotal:         741364 kB
LowFree:           46916 kB
SwapTotal:             0 kB
SwapFree:              0 kB
Dirty:                60 kB
Writeback:             0 kB
AnonPages:       1465788 kB
Mapped:            93944 kB
Shmem:              2712 kB
Slab:              33960 kB
SReclaimable:      12300 kB
SUnreclaim:        21660 kB
KernelStack:        5536 kB
PageTables:        10848 kB
NFS_Unstable:          0 kB
Bounce:                0 kB
WritebackTmp:          0 kB
CommitLimit:      949752 kB
Committed_AS:   12582396 kB
VmallocTotal:     245760 kB
VmallocUsed:       50804 kB
VmallocChunk:      75648 kB
1557682408.299429
MemTotal:        1899508 kB
MemFree:           43344 kB
Buffers:             964 kB
Cached:           115180 kB
SwapCached:            0 kB
Active:          1515564 kB
Inactive:          67612 kB
Active(anon):    1469356 kB
Inactive(anon):     2444 kB
Active(file):      46208 kB
Inactive(file):    65168 kB
Unevictable:        1940 kB
Mlocked:               0 kB
HighTotal:       1158144 kB
HighFree:           1768 kB
LowTotal:         741364 kB
LowFree:           41576 kB
SwapTotal:             0 kB
SwapFree:              0 kB
Dirty:                60 kB
Writeback:             0 kB
AnonPages:       1469044 kB
Mapped:            94524 kB
Shmem:              2812 kB
Slab:              33936 kB
SReclaimable:      12300 kB
SUnreclaim:        21636 kB
KernelStack:        5536 kB
PageTables:        10860 kB
NFS_Unstable:          0 kB
Bounce:                0 kB
WritebackTmp:          0 kB
CommitLimit:      949752 kB
Committed_AS:   12588668 kB
VmallocTotal:     245760 kB
VmallocUsed:       50804 kB
VmallocChunk:      75648 kB
1557682408.879151
MemTotal:        1899508 kB
MemFree:           41308 kB
Buffers:             876 kB
Cached:           111048 kB
SwapCached:            0 kB
Active:          1522880 kB
Inactive:          62736 kB
Active(anon):    1476052 kB
Inactive(anon):     2444 kB
Active(file):      46828 kB
Inactive(file):    60292 kB
Unevictable:        1940 kB
Mlocked:               0 kB
HighTotal:       1158144 kB
HighFree:           1040 kB
LowTotal:         741364 kB
LowFree:           40268 kB
SwapTotal:             0 kB
SwapFree:              0 kB
Dirty:                60 kB
Writeback:             0 kB
AnonPages:       1475716 kB
Mapped:            94228 kB
Shmem:              2812 kB
Slab:              33936 kB
SReclaimable:      12300 kB
SUnreclaim:        21636 kB
KernelStack:        5608 kB
PageTables:        10860 kB
NFS_Unstable:          0 kB
Bounce:                0 kB
WritebackTmp:          0 kB
CommitLimit:      949752 kB
Committed_AS:   11935356 kB
VmallocTotal:     245760 kB
VmallocUsed:       50804 kB
VmallocChunk:      75648 kB
1557682409.538819
MemTotal:        1899508 kB
MemFree:           42092 kB
Buffers:             836 kB
Cached:           104368 kB
SwapCached:            0 kB
Active:          1527636 kB
Inactive:          56764 kB
Active(anon):    1481600 kB
Inactive(anon):     2444 kB
Active(file):      46036 kB
Inactive(file):    54320 kB
Unevictable:        1940 kB
Mlocked:               0 kB
HighTotal:       1158144 kB
HighFree:           1460 kB
LowTotal:         741364 kB
LowFree:           40632 kB
SwapTotal:             0 kB
SwapFree:              0 kB
Dirty:                 8 kB
Writeback:             0 kB
AnonPages:       1481256 kB
Mapped:            93992 kB
Shmem:              2812 kB
Slab:              34000 kB
SReclaimable:      12260 kB
SUnreclaim:        21740 kB
KernelStack:        5616 kB
PageTables:        10924 kB
NFS_Unstable:          0 kB
Bounce:                0 kB
WritebackTmp:          0 kB
CommitLimit:      949752 kB
Committed_AS:   11943556 kB
VmallocTotal:     245760 kB
VmallocUsed:       50804 kB
VmallocChunk:      75648 kB
1557682410.174817
MemTotal:        1899508 kB
MemFree:           47336 kB
Buffers:             836 kB
Cached:           102792 kB
SwapCached:            0 kB
Active:          1524976 kB
Inactive:          55192 kB
Active(anon):    1478828 kB
Inactive(anon):     2444 kB
Active(file):      46148 kB
Inactive(file):    52748 kB
Unevictable:        1940 kB
Mlocked:               0 kB
HighTotal:       1158144 kB
HighFree:           1740 kB
LowTotal:         741364 kB
LowFree:           45596 kB
SwapTotal:             0 kB
SwapFree:              0 kB
Dirty:                40 kB
Writeback:             0 kB
AnonPages:       1478496 kB
Mapped:            93712 kB
Shmem:              2812 kB
Slab:              34272 kB
SReclaimable:      12252 kB
SUnreclaim:        22020 kB
KernelStack:        5712 kB
PageTables:        10900 kB
NFS_Unstable:          0 kB
Bounce:                0 kB
WritebackTmp:          0 kB
CommitLimit:      949752 kB
Committed_AS:   11949744 kB
VmallocTotal:     245760 kB
VmallocUsed:       50804 kB
VmallocChunk:      75648 kB
1557682410.820466
MemTotal:        1899508 kB
MemFree:           49812 kB
Buffers:             836 kB
Cached:           103176 kB
SwapCached:            0 kB
Active:          1521832 kB
Inactive:          55192 kB
Active(anon):    1475320 kB
Inactive(anon):     2444 kB
Active(file):      46512 kB
Inactive(file):    52748 kB
Unevictable:        1940 kB
Mlocked:               0 kB
HighTotal:       1158144 kB
HighFree:           2264 kB
LowTotal:         741364 kB
LowFree:           47548 kB
SwapTotal:             0 kB
SwapFree:              0 kB
Dirty:                40 kB
Writeback:             0 kB
AnonPages:       1474728 kB
Mapped:            93660 kB
Shmem:              2812 kB
Slab:              34236 kB
SReclaimable:      12252 kB
SUnreclaim:        21984 kB
KernelStack:        5496 kB
PageTables:        10796 kB
NFS_Unstable:          0 kB
Bounce:                0 kB
WritebackTmp:          0 kB
CommitLimit:      949752 kB
Committed_AS:   11382936 kB
VmallocTotal:     245760 kB
VmallocUsed:       50804 kB
VmallocChunk:      75648 kB
1557682411.396286
MemTotal:        1899508 kB
MemFree:           49412 kB
Buffers:             836 kB
Cached:           103672 kB
SwapCached:            0 kB
Active:          1522120 kB
Inactive:          55956 kB
Active(anon):    1475856 kB
Inactive(anon):     2444 kB
Active(file):      46264 kB
Inactive(file):    53512 kB
Unevictable:        1940 kB
Mlocked:               0 kB
HighTotal:       1158144 kB
HighFree:           1780 kB
LowTotal:         741364 kB
LowFree:           47632 kB
SwapTotal:             0 kB
SwapFree:              0 kB
Dirty:                40 kB
Writeback:             0 kB
AnonPages:       1475468 kB
Mapped:            93896 kB
Shmem:              2812 kB
Slab:              34176 kB
SReclaimable:      12240 kB
SUnreclaim:        21936 kB
KernelStack:        5472 kB
PageTables:        10564 kB
NFS_Unstable:          0 kB
Bounce:                0 kB
WritebackTmp:          0 kB
CommitLimit:      949752 kB
Committed_AS:   11383120 kB
VmallocTotal:     245760 kB
VmallocUsed:       49784 kB
VmallocChunk:      75648 kB
1557682411.990281
MemTotal:        1899508 kB
MemFree:           46564 kB
Buffers:             772 kB
Cached:           105296 kB
SwapCached:            0 kB
Active:          1523272 kB
Inactive:          57360 kB
Active(anon):    1476948 kB
Inactive(anon):     2444 kB
Active(file):      46324 kB
Inactive(file):    54916 kB
Unevictable:        1940 kB
Mlocked:               0 kB
HighTotal:       1158144 kB
HighFree:           3848 kB
LowTotal:         741364 kB
LowFree:           42716 kB
SwapTotal:             0 kB
SwapFree:              0 kB
Dirty:                40 kB
Writeback:             0 kB
AnonPages:       1476668 kB
Mapped:            94204 kB
Shmem:              2812 kB
Slab:              34176 kB
SReclaimable:      12240 kB
SUnreclaim:        21936 kB
KernelStack:        5472 kB
PageTables:        10564 kB
NFS_Unstable:          0 kB
Bounce:                0 kB
WritebackTmp:          0 kB
CommitLimit:      949752 kB
Committed_AS:   11399692 kB
VmallocTotal:     245760 kB
VmallocUsed:       49784 kB
VmallocChunk:      75648 kB
1557682412.575394
MemTotal:        1899508 kB
MemFree:           48432 kB
Buffers:             740 kB
Cached:           102472 kB
SwapCached:            0 kB
Active:          1524384 kB
Inactive:          54448 kB
Active(anon):    1477968 kB
Inactive(anon):     2444 kB
Active(file):      46416 kB
Inactive(file):    52004 kB
Unevictable:        1940 kB
Mlocked:               0 kB
HighTotal:       1158144 kB
HighFree:           4044 kB
LowTotal:         741364 kB
LowFree:           44388 kB
SwapTotal:             0 kB
SwapFree:              0 kB
Dirty:                40 kB
Writeback:             0 kB
AnonPages:       1477636 kB
Mapped:            93448 kB
Shmem:              2812 kB
Slab:              34184 kB
SReclaimable:      12240 kB
SUnreclaim:        21944 kB
KernelStack:        5464 kB
PageTables:        10564 kB
NFS_Unstable:          0 kB
Bounce:                0 kB
WritebackTmp:          0 kB
CommitLimit:      949752 kB
Committed_AS:   11399976 kB
VmallocTotal:     245760 kB
VmallocUsed:       49784 kB
VmallocChunk:      75648 kB
1557682413.155068
MemTotal:        1899508 kB
MemFree:           46132 kB
Buffers:             740 kB
Cached:           102024 kB
SwapCached:            0 kB
Active:          1527332 kB
Inactive:          54096 kB
Active(anon):    1481032 kB
Inactive(anon):     2440 kB
Active(file):      46300 kB
Inactive(file):    51656 kB
Unevictable:        1940 kB
Mlocked:               0 kB
HighTotal:       1158144 kB
HighFree:           1760 kB
LowTotal:         741364 kB
LowFree:           44372 kB
SwapTotal:             0 kB
SwapFree:              0 kB
Dirty:                40 kB
Writeback:             0 kB
AnonPages:       1480680 kB
Mapped:            93404 kB
Shmem:              2812 kB
Slab:              34164 kB
SReclaimable:      12220 kB
SUnreclaim:        21944 kB
KernelStack:        5464 kB
PageTables:        10564 kB
NFS_Unstable:          0 kB
Bounce:                0 kB
WritebackTmp:          0 kB
CommitLimit:      949752 kB
Committed_AS:   11399976 kB
VmallocTotal:     245760 kB
VmallocUsed:       49784 kB
VmallocChunk:      75648 kB
1557682413.742622
MemTotal:        1899508 kB
MemFree:           42828 kB
Buffers:             732 kB
Cached:            99440 kB
SwapCached:            0 kB
Active:          1532196 kB
Inactive:          51976 kB
Active(anon):    1486280 kB
Inactive(anon):     2440 kB
Active(file):      45916 kB
Inactive(file):    49536 kB
Unevictable:        1940 kB
Mlocked:               0 kB
HighTotal:       1158144 kB
HighFree:           1152 kB
LowTotal:         741364 kB
LowFree:           41676 kB
SwapTotal:             0 kB
SwapFree:              0 kB
Dirty:                40 kB
Writeback:             0 kB
AnonPages:       1485940 kB
Mapped:            93160 kB
Shmem:              2812 kB
Slab:              34164 kB
SReclaimable:      12220 kB
SUnreclaim:        21944 kB
KernelStack:        5464 kB
PageTables:        10564 kB
NFS_Unstable:          0 kB
Bounce:                0 kB
WritebackTmp:          0 kB
CommitLimit:      949752 kB
Committed_AS:   11399976 kB
VmallocTotal:     245760 kB
VmallocUsed:       49784 kB
VmallocChunk:      75648 kB
1557682414.425069
MemTotal:        1899508 kB
MemFree:           47708 kB
Buffers:             732 kB
Cached:            98624 kB
SwapCached:            0 kB
Active:          1528288 kB
Inactive:          51156 kB
Active(anon):    1482424 kB
Inactive(anon):     2440 kB
Active(file):      45864 kB
Inactive(file):    48716 kB
Unevictable:        1940 kB
Mlocked:               0 kB
HighTotal:       1158144 kB
HighFree:           3440 kB
LowTotal:         741364 kB
LowFree:           44268 kB
SwapTotal:             0 kB
SwapFree:              0 kB
Dirty:                40 kB
Writeback:             0 kB
AnonPages:       1482032 kB
Mapped:            93064 kB
Shmem:              2812 kB
Slab:              34156 kB
SReclaimable:      12212 kB
SUnreclaim:        21944 kB
KernelStack:        5472 kB
PageTables:        10588 kB
NFS_Unstable:          0 kB
Bounce:                0 kB
WritebackTmp:          0 kB
CommitLimit:      949752 kB
Committed_AS:   11400004 kB
VmallocTotal:     245760 kB
VmallocUsed:       49784 kB
VmallocChunk:      75648 kB
1557682415.049526
MemTotal:        1899508 kB
MemFree:           71884 kB
Buffers:             852 kB
Cached:            98620 kB
SwapCached:            0 kB
Active:          1504204 kB
Inactive:          51268 kB
Active(anon):    1458332 kB
Inactive(anon):     2440 kB
Active(file):      45872 kB
Inactive(file):    48828 kB
Unevictable:        1940 kB
Mlocked:               0 kB
HighTotal:       1158144 kB
HighFree:          13500 kB
LowTotal:         741364 kB
LowFree:           58384 kB
SwapTotal:             0 kB
SwapFree:              0 kB
Dirty:                 0 kB
Writeback:             0 kB
AnonPages:       1457968 kB
Mapped:            93000 kB
Shmem:              2812 kB
Slab:              34156 kB
SReclaimable:      12212 kB
SUnreclaim:        21944 kB
KernelStack:        5472 kB
PageTables:        10588 kB
NFS_Unstable:          0 kB
Bounce:                0 kB
WritebackTmp:          0 kB
CommitLimit:      949752 kB
Committed_AS:   11399400 kB
VmallocTotal:     245760 kB
VmallocUsed:       49784 kB
VmallocChunk:      75648 kB
1557682415.664880
MemTotal:        1899508 kB
MemFree:           83708 kB
Buffers:             884 kB
Cached:           105168 kB
SwapCached:            0 kB
Active:          1491480 kB
Inactive:          52160 kB
Active(anon):    1440012 kB
Inactive(anon):     2440 kB
Active(file):      51468 kB
Inactive(file):    49720 kB
Unevictable:        1940 kB
Mlocked:               0 kB
HighTotal:       1158144 kB
HighFree:          18064 kB
LowTotal:         741364 kB
LowFree:           65644 kB
SwapTotal:             0 kB
SwapFree:              0 kB
Dirty:              2240 kB
Writeback:             0 kB
AnonPages:       1439656 kB
Mapped:            93176 kB
Shmem:              2812 kB
Slab:              34048 kB
SReclaimable:      12212 kB
SUnreclaim:        21836 kB
KernelStack:        5464 kB
PageTables:        10580 kB
NFS_Unstable:          0 kB
Bounce:                0 kB
WritebackTmp:          0 kB
CommitLimit:      949752 kB
Committed_AS:   11399480 kB
VmallocTotal:     245760 kB
VmallocUsed:       49784 kB
VmallocChunk:      75648 kB
1557682416.248025
MemTotal:        1899508 kB
MemFree:           68688 kB
Buffers:            1000 kB
Cached:           120340 kB
SwapCached:            0 kB
Active:          1491156 kB
Inactive:          66836 kB
Active(anon):    1439044 kB
Inactive(anon):     2440 kB
Active(file):      52112 kB
Inactive(file):    64396 kB
Unevictable:        1940 kB
Mlocked:               0 kB
HighTotal:       1158144 kB
HighFree:           1796 kB
LowTotal:         741364 kB
LowFree:           66892 kB
SwapTotal:             0 kB
SwapFree:              0 kB
Dirty:              2412 kB
Writeback:             0 kB
AnonPages:       1438680 kB
Mapped:            96576 kB
Shmem:              2812 kB
Slab:              34036 kB
SReclaimable:      12212 kB
SUnreclaim:        21824 kB
KernelStack:        5624 kB
PageTables:        11408 kB
NFS_Unstable:          0 kB
Bounce:                0 kB
WritebackTmp:          0 kB
CommitLimit:      949752 kB
Committed_AS:   12537544 kB
VmallocTotal:     245760 kB
VmallocUsed:       51824 kB
VmallocChunk:      75648 kB
1557682416.815388
MemTotal:        1899508 kB
MemFree:           45996 kB
Buffers:            1012 kB
Cached:           137144 kB
SwapCached:            0 kB
Active:          1497008 kB
Inactive:          83648 kB
Active(anon):    1444896 kB
Inactive(anon):     2440 kB
Active(file):      52112 kB
Inactive(file):    81208 kB
Unevictable:        1940 kB
Mlocked:               0 kB
HighTotal:       1158144 kB
HighFree:           1788 kB
LowTotal:         741364 kB
LowFree:           44208 kB
SwapTotal:             0 kB
SwapFree:              0 kB
Dirty:               276 kB
Writeback:             0 kB
AnonPages:       1444512 kB
Mapped:           102008 kB
Shmem:              2812 kB
Slab:              33996 kB
SReclaimable:      12212 kB
SUnreclaim:        21784 kB
KernelStack:        5624 kB
PageTables:        11512 kB
NFS_Unstable:          0 kB
Bounce:                0 kB
WritebackTmp:          0 kB
CommitLimit:      949752 kB
Committed_AS:   12542984 kB
VmallocTotal:     245760 kB
VmallocUsed:       51824 kB
VmallocChunk:      75648 kB
1557682417.479227
MemTotal:        1899508 kB
MemFree:           45824 kB
Buffers:             876 kB
Cached:           133364 kB
SwapCached:            0 kB
Active:          1501976 kB
Inactive:          78140 kB
Active(anon):    1448268 kB
Inactive(anon):     2572 kB
Active(file):      53708 kB
Inactive(file):    75568 kB
Unevictable:        1940 kB
Mlocked:               0 kB
HighTotal:       1158144 kB
HighFree:           2060 kB
LowTotal:         741364 kB
LowFree:           43764 kB
SwapTotal:             0 kB
SwapFree:              0 kB
Dirty:               236 kB
Writeback:             0 kB
AnonPages:       1447884 kB
Mapped:            98400 kB
Shmem:              2940 kB
Slab:              33916 kB
SReclaimable:      12216 kB
SUnreclaim:        21700 kB
KernelStack:        5648 kB
PageTables:        11976 kB
NFS_Unstable:          0 kB
Bounce:                0 kB
WritebackTmp:          0 kB
CommitLimit:      949752 kB
Committed_AS:   13112624 kB
VmallocTotal:     245760 kB
VmallocUsed:       52844 kB
VmallocChunk:      75648 kB
1557682418.241521
MemTotal:        1899508 kB
MemFree:           46116 kB
Buffers:             676 kB
Cached:           129604 kB
SwapCached:            0 kB
Active:          1506732 kB
Inactive:          73268 kB
Active(anon):    1452060 kB
Inactive(anon):     2440 kB
Active(file):      54672 kB
Inactive(file):    70828 kB
Unevictable:        1940 kB
Mlocked:               0 kB
HighTotal:       1158144 kB
HighFree:           1716 kB
LowTotal:         741364 kB
LowFree:           44400 kB
SwapTotal:             0 kB
SwapFree:              0 kB
Dirty:               252 kB
Writeback:             0 kB
AnonPages:       1451760 kB
Mapped:            99216 kB
Shmem:              2812 kB
Slab:              33852 kB
SReclaimable:      12216 kB
SUnreclaim:        21636 kB
KernelStack:        5704 kB
PageTables:        12024 kB
NFS_Unstable:          0 kB
Bounce:                0 kB
WritebackTmp:          0 kB
CommitLimit:      949752 kB
Committed_AS:   13111096 kB
VmallocTotal:     245760 kB
VmallocUsed:       52844 kB
VmallocChunk:      75648 kB
1557682418.855977
MemTotal:        1899508 kB
MemFree:           47476 kB
Buffers:             652 kB
Cached:           125496 kB
SwapCached:            0 kB
Active:          1509648 kB
Inactive:          68916 kB
Active(anon):    1454792 kB
Inactive(anon):     2440 kB
Active(file):      54856 kB
Inactive(file):    66476 kB
Unevictable:        1940 kB
Mlocked:               0 kB
HighTotal:       1158144 kB
HighFree:           1800 kB
LowTotal:         741364 kB
LowFree:           45676 kB
SwapTotal:             0 kB
SwapFree:              0 kB
Dirty:               252 kB
Writeback:             0 kB
AnonPages:       1454476 kB
Mapped:            99664 kB
Shmem:              2812 kB
Slab:              33852 kB
SReclaimable:      12216 kB
SUnreclaim:        21636 kB
KernelStack:        5704 kB
PageTables:        12128 kB
NFS_Unstable:          0 kB
Bounce:                0 kB
WritebackTmp:          0 kB
CommitLimit:      949752 kB
Committed_AS:   13113464 kB
VmallocTotal:     245760 kB
VmallocUsed:       52844 kB
VmallocChunk:      75648 kB
1557682419.533652
MemTotal:        1899508 kB
MemFree:           39916 kB
Buffers:             360 kB
Cached:           127496 kB
SwapCached:            0 kB
Active:          1516624 kB
Inactive:          69084 kB
Active(anon):    1460296 kB
Inactive(anon):     2440 kB
Active(file):      56328 kB
Inactive(file):    66644 kB
Unevictable:        1940 kB
Mlocked:               0 kB
HighTotal:       1158144 kB
HighFree:            524 kB
LowTotal:         741364 kB
LowFree:           39392 kB
SwapTotal:             0 kB
SwapFree:              0 kB
Dirty:                20 kB
Writeback:             0 kB
AnonPages:       1459936 kB
Mapped:           102236 kB
Shmem:              2812 kB
Slab:              33836 kB
SReclaimable:      12216 kB
SUnreclaim:        21620 kB
KernelStack:        5768 kB
PageTables:        12164 kB
NFS_Unstable:          0 kB
Bounce:                0 kB
WritebackTmp:          0 kB
CommitLimit:      949752 kB
Committed_AS:   13115056 kB
VmallocTotal:     245760 kB
VmallocUsed:       52844 kB
VmallocChunk:      75648 kB
1557682420.205676
MemTotal:        1899508 kB
MemFree:           40276 kB
Buffers:             480 kB
Cached:           125452 kB
SwapCached:            0 kB
Active:          1521128 kB
Inactive:          64896 kB
Active(anon):    1462160 kB
Inactive(anon):     2440 kB
Active(file):      58968 kB
Inactive(file):    62456 kB
Unevictable:        1940 kB
Mlocked:               0 kB
HighTotal:       1158144 kB
HighFree:            436 kB
LowTotal:         741364 kB
LowFree:           39840 kB
SwapTotal:             0 kB
SwapFree:              0 kB
Dirty:                52 kB
Writeback:             0 kB
AnonPages:       1461860 kB
Mapped:           104112 kB
Shmem:              2812 kB
Slab:              33804 kB
SReclaimable:      12216 kB
SUnreclaim:        21588 kB
KernelStack:        5688 kB
PageTables:        12200 kB
NFS_Unstable:          0 kB
Bounce:                0 kB
WritebackTmp:          0 kB
CommitLimit:      949752 kB
Committed_AS:   13115556 kB
VmallocTotal:     245760 kB
VmallocUsed:       52844 kB
VmallocChunk:      75648 kB
1557682420.857854
MemTotal:        1899508 kB
MemFree:           40216 kB
Buffers:             452 kB
Cached:           123136 kB
SwapCached:            0 kB
Active:          1523716 kB
Inactive:          61912 kB
Active(anon):    1464520 kB
Inactive(anon):     2440 kB
Active(file):      59196 kB
Inactive(file):    59472 kB
Unevictable:        1940 kB
Mlocked:               0 kB
HighTotal:       1158144 kB
HighFree:            424 kB
LowTotal:         741364 kB
LowFree:           39792 kB
SwapTotal:             0 kB
SwapFree:              0 kB
Dirty:                 0 kB
Writeback:             0 kB
AnonPages:       1464216 kB
Mapped:           104196 kB
Shmem:              2812 kB
Slab:              33804 kB
SReclaimable:      12216 kB
SUnreclaim:        21588 kB
KernelStack:        5688 kB
PageTables:        12200 kB
NFS_Unstable:          0 kB
Bounce:                0 kB
WritebackTmp:          0 kB
CommitLimit:      949752 kB
Committed_AS:   13116404 kB
VmallocTotal:     245760 kB
VmallocUsed:       52844 kB
VmallocChunk:      75648 kB
1557682421.492297
MemTotal:        1899508 kB
MemFree:           44000 kB
Buffers:             464 kB
Cached:           115612 kB
SwapCached:            0 kB
Active:          1523552 kB
Inactive:          57756 kB
Active(anon):    1467608 kB
Inactive(anon):     2440 kB
Active(file):      55944 kB
Inactive(file):    55316 kB
Unevictable:        1940 kB
Mlocked:               0 kB
HighTotal:       1158144 kB
HighFree:           2348 kB
LowTotal:         741364 kB
LowFree:           41652 kB
SwapTotal:             0 kB
SwapFree:              0 kB
Dirty:                 0 kB
Writeback:             0 kB
AnonPages:       1467324 kB
Mapped:           104524 kB
Shmem:              2812 kB
Slab:              33804 kB
SReclaimable:      12216 kB
SUnreclaim:        21588 kB
KernelStack:        5784 kB
PageTables:        12212 kB
NFS_Unstable:          0 kB
Bounce:                0 kB
WritebackTmp:          0 kB
CommitLimit:      949752 kB
Committed_AS:   13117264 kB
VmallocTotal:     245760 kB
VmallocUsed:       52844 kB
VmallocChunk:      75648 kB
1557682422.187547
MemTotal:        1899508 kB
MemFree:           42956 kB
Buffers:             404 kB
Cached:           115716 kB
SwapCached:            0 kB
Active:          1523408 kB
Inactive:          59260 kB
Active(anon):    1468952 kB
Inactive(anon):     2444 kB
Active(file):      54456 kB
Inactive(file):    56816 kB
Unevictable:        1940 kB
Mlocked:               0 kB
HighTotal:       1158144 kB
HighFree:           1896 kB
LowTotal:         741364 kB
LowFree:           41060 kB
SwapTotal:             0 kB
SwapFree:              0 kB
Dirty:                 0 kB
Writeback:             0 kB
AnonPages:       1468540 kB
Mapped:           103096 kB
Shmem:              2816 kB
Slab:              33852 kB
SReclaimable:      12216 kB
SUnreclaim:        21636 kB
KernelStack:        5840 kB
PageTables:        12248 kB
NFS_Unstable:          0 kB
Bounce:                0 kB
WritebackTmp:          0 kB
CommitLimit:      949752 kB
Committed_AS:   13117292 kB
VmallocTotal:     245760 kB
VmallocUsed:       52844 kB
VmallocChunk:      75648 kB
1557682422.795813
MemTotal:        1899508 kB
MemFree:           41520 kB
Buffers:             400 kB
Cached:           120788 kB
SwapCached:            0 kB
Active:          1521956 kB
Inactive:          62968 kB
Active(anon):    1466152 kB
Inactive(anon):     2444 kB
Active(file):      55804 kB
Inactive(file):    60524 kB
Unevictable:        1940 kB
Mlocked:               0 kB
HighTotal:       1158144 kB
HighFree:           1356 kB
LowTotal:         741364 kB
LowFree:           40164 kB
SwapTotal:             0 kB
SwapFree:              0 kB
Dirty:                 0 kB
Writeback:             0 kB
AnonPages:       1465788 kB
Mapped:           102240 kB
Shmem:              2816 kB
Slab:              33780 kB
SReclaimable:      12216 kB
SUnreclaim:        21564 kB
KernelStack:        5696 kB
PageTables:        11884 kB
NFS_Unstable:          0 kB
Bounce:                0 kB
WritebackTmp:          0 kB
CommitLimit:      949752 kB
Committed_AS:   12549868 kB
VmallocTotal:     245760 kB
VmallocUsed:       51824 kB
VmallocChunk:      75648 kB
1557682423.372543
MemTotal:        1899508 kB
MemFree:           39968 kB
Buffers:             624 kB
Cached:           119124 kB
SwapCached:            0 kB
Active:          1524572 kB
Inactive:          61340 kB
Active(anon):    1468488 kB
Inactive(anon):     2484 kB
Active(file):      56084 kB
Inactive(file):    58856 kB
Unevictable:        1940 kB
Mlocked:               0 kB
HighTotal:       1158144 kB
HighFree:            392 kB
LowTotal:         741364 kB
LowFree:           39576 kB
SwapTotal:             0 kB
SwapFree:              0 kB
Dirty:                88 kB
Writeback:             4 kB
AnonPages:       1468120 kB
Mapped:           102948 kB
Shmem:              2856 kB
Slab:              33748 kB
SReclaimable:      12216 kB
SUnreclaim:        21532 kB
KernelStack:        5744 kB
PageTables:        12220 kB
NFS_Unstable:          0 kB
Bounce:                0 kB
WritebackTmp:          0 kB
CommitLimit:      949752 kB
Committed_AS:   13776276 kB
VmallocTotal:     245760 kB
VmallocUsed:       52844 kB
VmallocChunk:      75648 kB
1557682424.066592
MemTotal:        1899508 kB
MemFree:           43476 kB
Buffers:             748 kB
Cached:           114156 kB
SwapCached:            0 kB
Active:          1524564 kB
Inactive:          57272 kB
Active(anon):    1469320 kB
Inactive(anon):     2484 kB
Active(file):      55244 kB
Inactive(file):    54788 kB
Unevictable:        1940 kB
Mlocked:               0 kB
HighTotal:       1158144 kB
HighFree:           2208 kB
LowTotal:         741364 kB
LowFree:           41268 kB
SwapTotal:             0 kB
SwapFree:              0 kB
Dirty:                 0 kB
Writeback:             0 kB
AnonPages:       1468988 kB
Mapped:           101776 kB
Shmem:              2856 kB
Slab:              33744 kB
SReclaimable:      12216 kB
SUnreclaim:        21528 kB
KernelStack:        5808 kB
PageTables:        12252 kB
NFS_Unstable:          0 kB
Bounce:                0 kB
WritebackTmp:          0 kB
CommitLimit:      949752 kB
Committed_AS:   13777328 kB
VmallocTotal:     245760 kB
VmallocUsed:       52844 kB
VmallocChunk:      75648 kB
1557682424.698118
MemTotal:        1899508 kB
MemFree:           41572 kB
Buffers:             844 kB
Cached:           114744 kB
SwapCached:            0 kB
Active:          1526168 kB
Inactive:          58112 kB
Active(anon):    1471100 kB
Inactive(anon):     2484 kB
Active(file):      55068 kB
Inactive(file):    55628 kB
Unevictable:        1940 kB
Mlocked:               0 kB
HighTotal:       1158144 kB
HighFree:           1300 kB
LowTotal:         741364 kB
LowFree:           40272 kB
SwapTotal:             0 kB
SwapFree:              0 kB
Dirty:                52 kB
Writeback:             0 kB
AnonPages:       1470768 kB
Mapped:           103528 kB
Shmem:              2856 kB
Slab:              33744 kB
SReclaimable:      12216 kB
SUnreclaim:        21528 kB
KernelStack:        5808 kB
PageTables:        12252 kB
NFS_Unstable:          0 kB
Bounce:                0 kB
WritebackTmp:          0 kB
CommitLimit:      949752 kB
Committed_AS:   13123300 kB
VmallocTotal:     245760 kB
VmallocUsed:       52844 kB
VmallocChunk:      75648 kB
1557682425.359920
MemTotal:        1899508 kB
MemFree:           41100 kB
Buffers:             724 kB
Cached:           111172 kB
SwapCached:            0 kB
Active:          1528488 kB
Inactive:          55872 kB
Active(anon):    1474848 kB
Inactive(anon):     2484 kB
Active(file):      53640 kB
Inactive(file):    53388 kB
Unevictable:        1940 kB
Mlocked:               0 kB
HighTotal:       1158144 kB
HighFree:            932 kB
LowTotal:         741364 kB
LowFree:           40168 kB
SwapTotal:             0 kB
SwapFree:              0 kB
Dirty:                60 kB
Writeback:             0 kB
AnonPages:       1474480 kB
Mapped:           103536 kB
Shmem:              2856 kB
Slab:              33744 kB
SReclaimable:      12216 kB
SUnreclaim:        21528 kB
KernelStack:        5840 kB
PageTables:        12272 kB
NFS_Unstable:          0 kB
Bounce:                0 kB
WritebackTmp:          0 kB
CommitLimit:      949752 kB
Committed_AS:   13126372 kB
VmallocTotal:     245760 kB
VmallocUsed:       52844 kB
VmallocChunk:      75648 kB
1557682426.171630
MemTotal:        1899508 kB
MemFree:           41628 kB
Buffers:             540 kB
Cached:           108152 kB
SwapCached:            0 kB
Active:          1529952 kB
Inactive:          54200 kB
Active(anon):    1477848 kB
Inactive(anon):     2484 kB
Active(file):      52104 kB
Inactive(file):    51716 kB
Unevictable:        1940 kB
Mlocked:               0 kB
HighTotal:       1158144 kB
HighFree:           1296 kB
LowTotal:         741364 kB
LowFree:           40332 kB
SwapTotal:             0 kB
SwapFree:              0 kB
Dirty:                 0 kB
Writeback:             0 kB
AnonPages:       1477496 kB
Mapped:           103560 kB
Shmem:              2856 kB
Slab:              33752 kB
SReclaimable:      12216 kB
SUnreclaim:        21536 kB
KernelStack:        5840 kB
PageTables:        12280 kB
NFS_Unstable:          0 kB
Bounce:                0 kB
WritebackTmp:          0 kB
CommitLimit:      949752 kB
Committed_AS:   13125008 kB
VmallocTotal:     245760 kB
VmallocUsed:       52844 kB
VmallocChunk:      75648 kB
1557682426.780470
MemTotal:        1899508 kB
MemFree:           47492 kB
Buffers:             580 kB
Cached:           104148 kB
SwapCached:            0 kB
Active:          1524872 kB
Inactive:          53608 kB
Active(anon):    1476104 kB
Inactive(anon):     2484 kB
Active(file):      48768 kB
Inactive(file):    51124 kB
Unevictable:        1940 kB
Mlocked:               0 kB
HighTotal:       1158144 kB
HighFree:           1760 kB
LowTotal:         741364 kB
LowFree:           45732 kB
SwapTotal:             0 kB
SwapFree:              0 kB
Dirty:                 0 kB
Writeback:             0 kB
AnonPages:       1475736 kB
Mapped:           102776 kB
Shmem:              2856 kB
Slab:              33752 kB
SReclaimable:      12216 kB
SUnreclaim:        21536 kB
KernelStack:        5840 kB
PageTables:        12280 kB
NFS_Unstable:          0 kB
Bounce:                0 kB
WritebackTmp:          0 kB
CommitLimit:      949752 kB
Committed_AS:   13123616 kB
VmallocTotal:     245760 kB
VmallocUsed:       52844 kB
VmallocChunk:      75648 kB
1557682427.438525
MemTotal:        1899508 kB
MemFree:           46200 kB
Buffers:             624 kB
Cached:           104824 kB
SwapCached:            0 kB
Active:          1525768 kB
Inactive:          54020 kB
Active(anon):    1476608 kB
Inactive(anon):     2484 kB
Active(file):      49160 kB
Inactive(file):    51536 kB
Unevictable:        1940 kB
Mlocked:               0 kB
HighTotal:       1158144 kB
HighFree:           1800 kB
LowTotal:         741364 kB
LowFree:           44400 kB
SwapTotal:             0 kB
SwapFree:              0 kB
Dirty:                52 kB
Writeback:             0 kB
AnonPages:       1476324 kB
Mapped:           101964 kB
Shmem:              2856 kB
Slab:              33748 kB
SReclaimable:      12216 kB
SUnreclaim:        21532 kB
KernelStack:        5864 kB
PageTables:        12296 kB
NFS_Unstable:          0 kB
Bounce:                0 kB
WritebackTmp:          0 kB
CommitLimit:      949752 kB
Committed_AS:   13122008 kB
VmallocTotal:     245760 kB
VmallocUsed:       52844 kB
VmallocChunk:      75648 kB
1557682428.131876
MemTotal:        1899508 kB
MemFree:           41356 kB
Buffers:             572 kB
Cached:           109016 kB
SwapCached:            0 kB
Active:          1528172 kB
Inactive:          56332 kB
Active(anon):    1477224 kB
Inactive(anon):     2440 kB
Active(file):      50948 kB
Inactive(file):    53892 kB
Unevictable:        1940 kB
Mlocked:               0 kB
HighTotal:       1158144 kB
HighFree:           1112 kB
LowTotal:         741364 kB
LowFree:           40244 kB
SwapTotal:             0 kB
SwapFree:              0 kB
Dirty:                80 kB
Writeback:             0 kB
AnonPages:       1476864 kB
Mapped:           102452 kB
Shmem:              2812 kB
Slab:              33736 kB
SReclaimable:      12208 kB
SUnreclaim:        21528 kB
KernelStack:        5880 kB
PageTables:        12304 kB
NFS_Unstable:          0 kB
Bounce:                0 kB
WritebackTmp:          0 kB
CommitLimit:      949752 kB
Committed_AS:   13124936 kB
VmallocTotal:     245760 kB
VmallocUsed:       52844 kB
VmallocChunk:      75648 kB
1557682428.787654
MemTotal:        1899508 kB
MemFree:           39984 kB
Buffers:             568 kB
Cached:           106756 kB
SwapCached:            0 kB
Active:          1531540 kB
Inactive:          53500 kB
Active(anon):    1480048 kB
Inactive(anon):     2440 kB
Active(file):      51492 kB
Inactive(file):    51060 kB
Unevictable:        1940 kB
Mlocked:               0 kB
HighTotal:       1158144 kB
HighFree:            512 kB
LowTotal:         741364 kB
LowFree:           39472 kB
SwapTotal:             0 kB
SwapFree:              0 kB
Dirty:                28 kB
Writeback:             0 kB
AnonPages:       1479744 kB
Mapped:           101468 kB
Shmem:              2812 kB
Slab:              33736 kB
SReclaimable:      12208 kB
SUnreclaim:        21528 kB
KernelStack:        6024 kB
PageTables:        12668 kB
NFS_Unstable:          0 kB
Bounce:                0 kB
WritebackTmp:          0 kB
CommitLimit:      949752 kB
Committed_AS:   14346344 kB
VmallocTotal:     245760 kB
VmallocUsed:       53864 kB
VmallocChunk:      75648 kB
1557682429.439139
MemTotal:        1899508 kB
MemFree:           40664 kB
Buffers:             400 kB
Cached:           106296 kB
SwapCached:            0 kB
Active:          1530820 kB
Inactive:          53832 kB
Active(anon):    1480256 kB
Inactive(anon):     2444 kB
Active(file):      50564 kB
Inactive(file):    51388 kB
Unevictable:        1940 kB
Mlocked:               0 kB
HighTotal:       1158144 kB
HighFree:            424 kB
LowTotal:         741364 kB
LowFree:           40240 kB
SwapTotal:             0 kB
SwapFree:              0 kB
Dirty:                52 kB
Writeback:             0 kB
AnonPages:       1479948 kB
Mapped:           102960 kB
Shmem:              2816 kB
Slab:              33892 kB
SReclaimable:      12208 kB
SUnreclaim:        21684 kB
KernelStack:        5960 kB
PageTables:        12652 kB
NFS_Unstable:          0 kB
Bounce:                0 kB
WritebackTmp:          0 kB
CommitLimit:      949752 kB
Committed_AS:   15002172 kB
VmallocTotal:     245760 kB
VmallocUsed:       53864 kB
VmallocChunk:      75648 kB
1557682430.381917
MemTotal:        1899508 kB
MemFree:           41780 kB
Buffers:             644 kB
Cached:           100768 kB
SwapCached:            0 kB
Active:          1532648 kB
Inactive:          50384 kB
Active(anon):    1484056 kB
Inactive(anon):     2572 kB
Active(file):      48592 kB
Inactive(file):    47812 kB
Unevictable:        1940 kB
Mlocked:               0 kB
HighTotal:       1158144 kB
HighFree:           1580 kB
LowTotal:         741364 kB
LowFree:           40200 kB
SwapTotal:             0 kB
SwapFree:              0 kB
Dirty:                 0 kB
Writeback:             0 kB
AnonPages:       1483760 kB
Mapped:           103800 kB
Shmem:              2940 kB
Slab:              33892 kB
SReclaimable:      12208 kB
SUnreclaim:        21684 kB
KernelStack:        6008 kB
PageTables:        12736 kB
NFS_Unstable:          0 kB
Bounce:                0 kB
WritebackTmp:          0 kB
CommitLimit:      949752 kB
Committed_AS:   14349564 kB
VmallocTotal:     245760 kB
VmallocUsed:       53864 kB
VmallocChunk:      75648 kB
1557682430.975956
MemTotal:        1899508 kB
MemFree:           41488 kB
Buffers:             676 kB
Cached:           104492 kB
SwapCached:            0 kB
Active:          1527992 kB
Inactive:          53320 kB
Active(anon):    1478488 kB
Inactive(anon):     2440 kB
Active(file):      49504 kB
Inactive(file):    50880 kB
Unevictable:        1940 kB
Mlocked:               0 kB
HighTotal:       1158144 kB
HighFree:           1196 kB
LowTotal:         741364 kB
LowFree:           40292 kB
SwapTotal:             0 kB
SwapFree:              0 kB
Dirty:                 0 kB
Writeback:             0 kB
AnonPages:       1477372 kB
Mapped:           102672 kB
Shmem:              2812 kB
Slab:              33892 kB
SReclaimable:      12208 kB
SUnreclaim:        21684 kB
KernelStack:        5648 kB
PageTables:        12320 kB
NFS_Unstable:          0 kB
Bounce:                0 kB
WritebackTmp:          0 kB
CommitLimit:      949752 kB
Committed_AS:   13782132 kB
VmallocTotal:     245760 kB
VmallocUsed:       52844 kB
VmallocChunk:      75648 kB
1557682431.552397
MemTotal:        1899508 kB
MemFree:           43628 kB
Buffers:             804 kB
Cached:           117952 kB
SwapCached:            0 kB
Active:          1517464 kB
Inactive:          64752 kB
Active(anon):    1465848 kB
Inactive(anon):     2440 kB
Active(file):      51616 kB
Inactive(file):    62312 kB
Unevictable:        1940 kB
Mlocked:               0 kB
HighTotal:       1158144 kB
HighFree:           2000 kB
LowTotal:         741364 kB
LowFree:           41628 kB
SwapTotal:             0 kB
SwapFree:              0 kB
Dirty:                52 kB
Writeback:             0 kB
AnonPages:       1465484 kB
Mapped:            98760 kB
Shmem:              2812 kB
Slab:              33884 kB
SReclaimable:      12208 kB
SUnreclaim:        21676 kB
KernelStack:        5776 kB
PageTables:        12376 kB
NFS_Unstable:          0 kB
Bounce:                0 kB
WritebackTmp:          0 kB
CommitLimit:      949752 kB
Committed_AS:   13678396 kB
VmallocTotal:     245760 kB
VmallocUsed:       53864 kB
VmallocChunk:      75648 kB
1557682432.248659
MemTotal:        1899508 kB
MemFree:           40216 kB
Buffers:             796 kB
Cached:           118800 kB
SwapCached:            0 kB
Active:          1522144 kB
Inactive:          63888 kB
Active(anon):    1468808 kB
Inactive(anon):     2460 kB
Active(file):      53336 kB
Inactive(file):    61428 kB
Unevictable:        1940 kB
Mlocked:               0 kB
HighTotal:       1158144 kB
HighFree:            516 kB
LowTotal:         741364 kB
LowFree:           39700 kB
SwapTotal:             0 kB
SwapFree:              0 kB
Dirty:                44 kB
Writeback:             0 kB
