MemTotal:        1899508 kB
MemFree:           45432 kB
Buffers:            1548 kB
Cached:           275352 kB
SwapCached:            0 kB
Active:          1461608 kB
Inactive:         179796 kB
Active(anon):    1367984 kB
Inactive(anon):     2108 kB
Active(file):      93624 kB
Inactive(file):   177688 kB
Unevictable:        1940 kB
Mlocked:               0 kB
HighTotal:       1158144 kB
HighFree:           1772 kB
LowTotal:         741364 kB
LowFree:           43660 kB
SwapTotal:             0 kB
SwapFree:              0 kB
Dirty:                 4 kB
Writeback:             0 kB
AnonPages:       1366928 kB
Mapped:           139152 kB
Shmem:              3468 kB
Slab:              33168 kB
SReclaimable:      11944 kB
SUnreclaim:        21224 kB
KernelStack:        6704 kB
PageTables:        14352 kB
NFS_Unstable:          0 kB
Bounce:                0 kB
WritebackTmp:          0 kB
CommitLimit:      949752 kB
Committed_AS:   16942928 kB
VmallocTotal:     245760 kB
VmallocUsed:       56356 kB
VmallocChunk:      75648 kB
1557661548.363129
MemTotal:        1899508 kB
MemFree:           55128 kB
Buffers:            1548 kB
Cached:           285720 kB
SwapCached:            0 kB
Active:          1469272 kB
Inactive:         188284 kB
Active(anon):    1373700 kB
Inactive(anon):     2104 kB
Active(file):      95572 kB
Inactive(file):   186180 kB
Unevictable:        1940 kB
Mlocked:               0 kB
HighTotal:       1158144 kB
HighFree:           1720 kB
LowTotal:         741364 kB
LowFree:           53408 kB
SwapTotal:             0 kB
SwapFree:              0 kB
Dirty:               112 kB
Writeback:             0 kB
AnonPages:       1372340 kB
Mapped:           145160 kB
Shmem:              3456 kB
Slab:              33192 kB
SReclaimable:      11944 kB
SUnreclaim:        21248 kB
KernelStack:        6720 kB
PageTables:        14360 kB
NFS_Unstable:          0 kB
Bounce:                0 kB
WritebackTmp:          0 kB
CommitLimit:      949752 kB
Committed_AS:   16961324 kB
VmallocTotal:     245760 kB
VmallocUsed:       56228 kB
VmallocChunk:      75648 kB
1557661549.104749
MemTotal:        1899508 kB
MemFree:           48960 kB
Buffers:            1516 kB
Cached:           281220 kB
SwapCached:            0 kB
Active:          1483068 kB
Inactive:         180048 kB
Active(anon):    1383972 kB
Inactive(anon):     2104 kB
Active(file):      99096 kB
Inactive(file):   177944 kB
Unevictable:        1940 kB
Mlocked:               0 kB
HighTotal:       1158144 kB
HighFree:           3240 kB
LowTotal:         741364 kB
LowFree:           45720 kB
SwapTotal:             0 kB
SwapFree:              0 kB
Dirty:                 0 kB
Writeback:             0 kB
AnonPages:       1382920 kB
Mapped:           153736 kB
Shmem:              3456 kB
Slab:              33304 kB
SReclaimable:      11944 kB
SUnreclaim:        21360 kB
KernelStack:        6888 kB
PageTables:        15020 kB
NFS_Unstable:          0 kB
Bounce:                0 kB
WritebackTmp:          0 kB
CommitLimit:      949752 kB
Committed_AS:   17538292 kB
VmallocTotal:     245760 kB
VmallocUsed:       57248 kB
VmallocChunk:      75648 kB
1557661549.887823
MemTotal:        1899508 kB
MemFree:           51096 kB
Buffers:            1256 kB
Cached:           242984 kB
SwapCached:            0 kB
Active:          1508052 kB
Inactive:         130872 kB
Active(anon):    1398268 kB
Inactive(anon):     2108 kB
Active(file):     109784 kB
Inactive(file):   128764 kB
Unevictable:        1940 kB
Mlocked:               0 kB
HighTotal:       1158144 kB
HighFree:           4892 kB
LowTotal:         741364 kB
LowFree:           46204 kB
SwapTotal:             0 kB
SwapFree:              0 kB
Dirty:                68 kB
Writeback:             0 kB
AnonPages:       1396936 kB
Mapped:           162168 kB
Shmem:              3460 kB
Slab:              33328 kB
SReclaimable:      11944 kB
SUnreclaim:        21384 kB
KernelStack:        7008 kB
PageTables:        15064 kB
NFS_Unstable:          0 kB
Bounce:                0 kB
WritebackTmp:          0 kB
CommitLimit:      949752 kB
Committed_AS:   17551636 kB
VmallocTotal:     245760 kB
VmallocUsed:       57488 kB
VmallocChunk:      75648 kB
1557661550.750924
MemTotal:        1899508 kB
MemFree:           47220 kB
Buffers:            1304 kB
Cached:           244416 kB
SwapCached:            0 kB
Active:          1514540 kB
Inactive:         130496 kB
Active(anon):    1402924 kB
Inactive(anon):     2108 kB
Active(file):     111616 kB
Inactive(file):   128388 kB
Unevictable:        1940 kB
Mlocked:               0 kB
HighTotal:       1158144 kB
HighFree:           2116 kB
LowTotal:         741364 kB
LowFree:           45104 kB
SwapTotal:             0 kB
SwapFree:              0 kB
Dirty:                68 kB
Writeback:             0 kB
AnonPages:       1401512 kB
Mapped:           164860 kB
Shmem:              3460 kB
Slab:              33328 kB
SReclaimable:      11944 kB
SUnreclaim:        21384 kB
KernelStack:        7008 kB
PageTables:        15164 kB
NFS_Unstable:          0 kB
Bounce:                0 kB
WritebackTmp:          0 kB
CommitLimit:      949752 kB
Committed_AS:   17555652 kB
VmallocTotal:     245760 kB
VmallocUsed:       57480 kB
VmallocChunk:      75648 kB
1557661551.469627
MemTotal:        1899508 kB
MemFree:           48092 kB
Buffers:            1148 kB
Cached:           238492 kB
SwapCached:            0 kB
Active:          1519356 kB
Inactive:         124640 kB
Active(anon):    1407860 kB
Inactive(anon):     2108 kB
Active(file):     111496 kB
Inactive(file):   122532 kB
Unevictable:        1940 kB
Mlocked:               0 kB
HighTotal:       1158144 kB
HighFree:           2472 kB
LowTotal:         741364 kB
LowFree:           45620 kB
SwapTotal:             0 kB
SwapFree:              0 kB
Dirty:               116 kB
Writeback:             0 kB
AnonPages:       1406804 kB
Mapped:           167292 kB
Shmem:              3460 kB
Slab:              33332 kB
SReclaimable:      11944 kB
SUnreclaim:        21388 kB
KernelStack:        7104 kB
PageTables:        15160 kB
NFS_Unstable:          0 kB
Bounce:                0 kB
WritebackTmp:          0 kB
CommitLimit:      949752 kB
Committed_AS:   17559912 kB
VmallocTotal:     245760 kB
VmallocUsed:       57480 kB
VmallocChunk:      75648 kB
1557661552.209639
MemTotal:        1899508 kB
MemFree:           42384 kB
Buffers:            1072 kB
Cached:           235420 kB
SwapCached:            0 kB
Active:          1528444 kB
Inactive:         122248 kB
Active(anon):    1417536 kB
Inactive(anon):     2108 kB
Active(file):     110908 kB
Inactive(file):   120140 kB
Unevictable:        1940 kB
Mlocked:               0 kB
HighTotal:       1158144 kB
HighFree:           1816 kB
LowTotal:         741364 kB
LowFree:           40568 kB
SwapTotal:             0 kB
SwapFree:              0 kB
Dirty:                12 kB
Writeback:             0 kB
AnonPages:       1416544 kB
Mapped:           172748 kB
Shmem:              3460 kB
Slab:              33340 kB
SReclaimable:      11944 kB
SUnreclaim:        21396 kB
KernelStack:        7152 kB
PageTables:        15300 kB
NFS_Unstable:          0 kB
Bounce:                0 kB
WritebackTmp:          0 kB
CommitLimit:      949752 kB
Committed_AS:   17587020 kB
VmallocTotal:     245760 kB
VmallocUsed:       57480 kB
VmallocChunk:      75648 kB
1557661552.998445
MemTotal:        1899508 kB
MemFree:           43228 kB
Buffers:            1092 kB
Cached:           220944 kB
SwapCached:            0 kB
Active:          1543112 kB
Inactive:         107936 kB
Active(anon):    1432296 kB
Inactive(anon):     2116 kB
Active(file):     110816 kB
Inactive(file):   105820 kB
Unevictable:        1940 kB
Mlocked:               0 kB
HighTotal:       1158144 kB
HighFree:           1756 kB
LowTotal:         741364 kB
LowFree:           41472 kB
SwapTotal:             0 kB
SwapFree:              0 kB
Dirty:               284 kB
Writeback:             0 kB
AnonPages:       1430964 kB
Mapped:           171912 kB
Shmem:              3468 kB
Slab:              33360 kB
SReclaimable:      11944 kB
SUnreclaim:        21416 kB
KernelStack:        7240 kB
PageTables:        15296 kB
NFS_Unstable:          0 kB
Bounce:                0 kB
WritebackTmp:          0 kB
CommitLimit:      949752 kB
Committed_AS:   17602820 kB
VmallocTotal:     245760 kB
VmallocUsed:       57480 kB
VmallocChunk:      75648 kB
1557661553.687032
MemTotal:        1899508 kB
MemFree:           42584 kB
Buffers:            1092 kB
Cached:           219800 kB
SwapCached:            0 kB
Active:          1543968 kB
Inactive:         108040 kB
Active(anon):    1434392 kB
Inactive(anon):     2116 kB
Active(file):     109576 kB
Inactive(file):   105924 kB
Unevictable:        1940 kB
Mlocked:               0 kB
HighTotal:       1158144 kB
HighFree:           1952 kB
LowTotal:         741364 kB
LowFree:           40632 kB
SwapTotal:             0 kB
SwapFree:              0 kB
Dirty:               284 kB
Writeback:             0 kB
AnonPages:       1433180 kB
Mapped:           172336 kB
Shmem:              3468 kB
Slab:              33360 kB
SReclaimable:      11944 kB
SUnreclaim:        21416 kB
KernelStack:        7240 kB
PageTables:        15296 kB
NFS_Unstable:          0 kB
Bounce:                0 kB
WritebackTmp:          0 kB
CommitLimit:      949752 kB
Committed_AS:   17603984 kB
VmallocTotal:     245760 kB
VmallocUsed:       57480 kB
VmallocChunk:      75648 kB
1557661554.388254
MemTotal:        1899508 kB
MemFree:           46400 kB
Buffers:            1092 kB
Cached:           218416 kB
SwapCached:            0 kB
Active:          1539784 kB
Inactive:         108088 kB
Active(anon):    1431812 kB
Inactive(anon):     2116 kB
Active(file):     107972 kB
Inactive(file):   105972 kB
Unevictable:        1940 kB
Mlocked:               0 kB
HighTotal:       1158144 kB
HighFree:           3472 kB
LowTotal:         741364 kB
LowFree:           42928 kB
SwapTotal:             0 kB
SwapFree:              0 kB
Dirty:               288 kB
Writeback:             0 kB
AnonPages:       1430488 kB
Mapped:           172008 kB
Shmem:              3468 kB
Slab:              33388 kB
SReclaimable:      11944 kB
SUnreclaim:        21444 kB
KernelStack:        7224 kB
PageTables:        15324 kB
NFS_Unstable:          0 kB
Bounce:                0 kB
WritebackTmp:          0 kB
CommitLimit:      949752 kB
Committed_AS:   17604192 kB
VmallocTotal:     245760 kB
VmallocUsed:       57480 kB
VmallocChunk:      75648 kB
1557661555.081648
MemTotal:        1899508 kB
MemFree:           53036 kB
Buffers:            1092 kB
Cached:           217348 kB
SwapCached:            0 kB
Active:          1533064 kB
Inactive:         107992 kB
Active(anon):    1425908 kB
Inactive(anon):     2116 kB
Active(file):     107156 kB
Inactive(file):   105876 kB
Unevictable:        1940 kB
Mlocked:               0 kB
HighTotal:       1158144 kB
HighFree:           6660 kB
LowTotal:         741364 kB
LowFree:           46376 kB
SwapTotal:             0 kB
SwapFree:              0 kB
Dirty:               292 kB
Writeback:             0 kB
AnonPages:       1424660 kB
Mapped:           171792 kB
Shmem:              3468 kB
Slab:              33392 kB
SReclaimable:      11944 kB
SUnreclaim:        21448 kB
KernelStack:        7240 kB
PageTables:        15332 kB
NFS_Unstable:          0 kB
Bounce:                0 kB
WritebackTmp:          0 kB
CommitLimit:      949752 kB
Committed_AS:   17605028 kB
VmallocTotal:     245760 kB
VmallocUsed:       57480 kB
VmallocChunk:      75648 kB
1557661555.771450
MemTotal:        1899508 kB
MemFree:           52916 kB
Buffers:            1092 kB
Cached:           217348 kB
SwapCached:            0 kB
Active:          1533156 kB
Inactive:         107992 kB
Active(anon):    1426000 kB
Inactive(anon):     2116 kB
Active(file):     107156 kB
Inactive(file):   105876 kB
Unevictable:        1940 kB
Mlocked:               0 kB
HighTotal:       1158144 kB
HighFree:           6480 kB
LowTotal:         741364 kB
LowFree:           46436 kB
SwapTotal:             0 kB
SwapFree:              0 kB
Dirty:               292 kB
Writeback:             0 kB
AnonPages:       1424632 kB
Mapped:           171876 kB
Shmem:              3468 kB
Slab:              33376 kB
SReclaimable:      11944 kB
SUnreclaim:        21432 kB
KernelStack:        7208 kB
PageTables:        15388 kB
NFS_Unstable:          0 kB
Bounce:                0 kB
WritebackTmp:          0 kB
CommitLimit:      949752 kB
Committed_AS:   17605028 kB
VmallocTotal:     245760 kB
VmallocUsed:       57480 kB
VmallocChunk:      75648 kB
1557661556.522118
MemTotal:        1899508 kB
MemFree:           52412 kB
Buffers:            1092 kB
Cached:           217348 kB
SwapCached:            0 kB
Active:          1533616 kB
Inactive:         107992 kB
Active(anon):    1426460 kB
Inactive(anon):     2116 kB
Active(file):     107156 kB
Inactive(file):   105876 kB
Unevictable:        1940 kB
Mlocked:               0 kB
HighTotal:       1158144 kB
HighFree:           5812 kB
LowTotal:         741364 kB
LowFree:           46600 kB
SwapTotal:             0 kB
SwapFree:              0 kB
Dirty:               292 kB
Writeback:             0 kB
AnonPages:       1425104 kB
Mapped:           171796 kB
Shmem:              3468 kB
Slab:              33392 kB
SReclaimable:      11944 kB
SUnreclaim:        21448 kB
KernelStack:        7240 kB
PageTables:        15252 kB
NFS_Unstable:          0 kB
Bounce:                0 kB
WritebackTmp:          0 kB
CommitLimit:      949752 kB
Committed_AS:   17606080 kB
VmallocTotal:     245760 kB
VmallocUsed:       57480 kB
VmallocChunk:      75648 kB
1557661557.262029
MemTotal:        1899508 kB
MemFree:           40172 kB
Buffers:            1100 kB
Cached:           229316 kB
SwapCached:            0 kB
Active:          1535804 kB
Inactive:         119304 kB
Active(anon):    1428156 kB
Inactive(anon):     2116 kB
Active(file):     107648 kB
Inactive(file):   117188 kB
Unevictable:        1940 kB
Mlocked:               0 kB
HighTotal:       1158144 kB
HighFree:            420 kB
LowTotal:         741364 kB
LowFree:           39752 kB
SwapTotal:             0 kB
SwapFree:              0 kB
Dirty:               292 kB
Writeback:             0 kB
AnonPages:       1427036 kB
Mapped:           174304 kB
Shmem:              3468 kB
Slab:              33400 kB
SReclaimable:      11944 kB
SUnreclaim:        21456 kB
KernelStack:        7240 kB
PageTables:        15340 kB
NFS_Unstable:          0 kB
Bounce:                0 kB
WritebackTmp:          0 kB
CommitLimit:      949752 kB
Committed_AS:   17607568 kB
VmallocTotal:     245760 kB
VmallocUsed:       57480 kB
VmallocChunk:      75648 kB
1557661557.971711
MemTotal:        1899508 kB
MemFree:           44744 kB
Buffers:            1108 kB
Cached:           222916 kB
SwapCached:            0 kB
Active:          1538736 kB
Inactive:         111868 kB
Active(anon):    1429944 kB
Inactive(anon):     2116 kB
Active(file):     108792 kB
Inactive(file):   109752 kB
Unevictable:        1940 kB
Mlocked:               0 kB
HighTotal:       1158144 kB
HighFree:           3148 kB
LowTotal:         741364 kB
LowFree:           41596 kB
SwapTotal:             0 kB
SwapFree:              0 kB
Dirty:               192 kB
Writeback:             0 kB
AnonPages:       1428732 kB
Mapped:           173080 kB
Shmem:              3468 kB
Slab:              33412 kB
SReclaimable:      11944 kB
SUnreclaim:        21468 kB
KernelStack:        7392 kB
PageTables:        15384 kB
NFS_Unstable:          0 kB
Bounce:                0 kB
WritebackTmp:          0 kB
CommitLimit:      949752 kB
Committed_AS:   17608284 kB
VmallocTotal:     245760 kB
VmallocUsed:       57480 kB
VmallocChunk:      75648 kB
1557661558.716432
MemTotal:        1899508 kB
MemFree:           42532 kB
Buffers:            1108 kB
Cached:           223224 kB
SwapCached:            0 kB
Active:          1540892 kB
Inactive:         112348 kB
Active(anon):    1432300 kB
Inactive(anon):     2116 kB
Active(file):     108592 kB
Inactive(file):   110232 kB
Unevictable:        1940 kB
Mlocked:               0 kB
HighTotal:       1158144 kB
HighFree:           1752 kB
LowTotal:         741364 kB
LowFree:           40780 kB
SwapTotal:             0 kB
SwapFree:              0 kB
Dirty:               192 kB
Writeback:             0 kB
AnonPages:       1430940 kB
Mapped:           173240 kB
Shmem:              3468 kB
Slab:              33528 kB
SReclaimable:      11944 kB
SUnreclaim:        21584 kB
KernelStack:        7384 kB
PageTables:        15816 kB
NFS_Unstable:          0 kB
Bounce:                0 kB
WritebackTmp:          0 kB
CommitLimit:      949752 kB
Committed_AS:   18828404 kB
VmallocTotal:     245760 kB
VmallocUsed:       58500 kB
VmallocChunk:      75648 kB
1557661559.539479
MemTotal:        1899508 kB
MemFree:           39852 kB
Buffers:            1100 kB
Cached:           221052 kB
SwapCached:            0 kB
Active:          1542056 kB
Inactive:         109292 kB
Active(anon):    1432612 kB
Inactive(anon):     2116 kB
Active(file):     109444 kB
Inactive(file):   107176 kB
Unevictable:        1940 kB
Mlocked:               0 kB
HighTotal:       1158144 kB
HighFree:            352 kB
LowTotal:         741364 kB
LowFree:           39500 kB
SwapTotal:             0 kB
SwapFree:              0 kB
Dirty:                92 kB
Writeback:             0 kB
AnonPages:       1431432 kB
Mapped:           172836 kB
Shmem:              3468 kB
Slab:              33528 kB
SReclaimable:      11944 kB
SUnreclaim:        21584 kB
KernelStack:        7432 kB
PageTables:        15896 kB
NFS_Unstable:          0 kB
Bounce:                0 kB
WritebackTmp:          0 kB
CommitLimit:      949752 kB
Committed_AS:   18829024 kB
VmallocTotal:     245760 kB
VmallocUsed:       58500 kB
VmallocChunk:      75648 kB
1557661560.284379
MemTotal:        1899508 kB
MemFree:           50128 kB
Buffers:            1004 kB
Cached:           198884 kB
SwapCached:            0 kB
Active:          1530240 kB
Inactive:          95816 kB
Active(anon):    1429652 kB
Inactive(anon):     2124 kB
Active(file):     100588 kB
Inactive(file):    93692 kB
Unevictable:        1940 kB
Mlocked:               0 kB
HighTotal:       1158144 kB
HighFree:           7908 kB
LowTotal:         741364 kB
LowFree:           42220 kB
SwapTotal:             0 kB
SwapFree:              0 kB
Dirty:                 0 kB
Writeback:             0 kB
AnonPages:       1428228 kB
Mapped:           171716 kB
Shmem:              3476 kB
Slab:              33536 kB
SReclaimable:      11944 kB
SUnreclaim:        21592 kB
KernelStack:        7440 kB
PageTables:        15840 kB
NFS_Unstable:          0 kB
Bounce:                0 kB
WritebackTmp:          0 kB
CommitLimit:      949752 kB
Committed_AS:   18829068 kB
VmallocTotal:     245760 kB
VmallocUsed:       58596 kB
VmallocChunk:      75648 kB
1557661561.001955
MemTotal:        1899508 kB
MemFree:           44984 kB
Buffers:             960 kB
Cached:           202640 kB
SwapCached:            0 kB
Active:          1532288 kB
Inactive:          99688 kB
Active(anon):    1431880 kB
Inactive(anon):     2124 kB
Active(file):     100408 kB
Inactive(file):    97564 kB
Unevictable:        1940 kB
Mlocked:               0 kB
HighTotal:       1158144 kB
HighFree:           1716 kB
LowTotal:         741364 kB
LowFree:           43268 kB
SwapTotal:             0 kB
SwapFree:              0 kB
Dirty:                32 kB
Writeback:          2748 kB
AnonPages:       1430756 kB
Mapped:           171564 kB
Shmem:              3476 kB
Slab:              33560 kB
SReclaimable:      11972 kB
SUnreclaim:        21588 kB
KernelStack:        7480 kB
PageTables:        15872 kB
NFS_Unstable:          0 kB
Bounce:                0 kB
WritebackTmp:          0 kB
CommitLimit:      949752 kB
Committed_AS:   18831064 kB
VmallocTotal:     245760 kB
VmallocUsed:       58596 kB
VmallocChunk:      75648 kB
1557661561.729370
MemTotal:        1899508 kB
MemFree:           39952 kB
Buffers:             908 kB
Cached:           190156 kB
SwapCached:            0 kB
Active:          1543212 kB
Inactive:          94424 kB
Active(anon):    1450120 kB
Inactive(anon):     2124 kB
Active(file):      93092 kB
Inactive(file):    92300 kB
Unevictable:        1940 kB
Mlocked:               0 kB
HighTotal:       1158144 kB
HighFree:            576 kB
LowTotal:         741364 kB
LowFree:           39376 kB
SwapTotal:             0 kB
SwapFree:              0 kB
Dirty:                 0 kB
Writeback:             0 kB
AnonPages:       1448944 kB
Mapped:           166336 kB
Shmem:              3476 kB
Slab:              33604 kB
SReclaimable:      12000 kB
SUnreclaim:        21604 kB
KernelStack:        7560 kB
PageTables:        15900 kB
NFS_Unstable:          0 kB
Bounce:                0 kB
WritebackTmp:          0 kB
CommitLimit:      949752 kB
Committed_AS:   18846272 kB
VmallocTotal:     245760 kB
VmallocUsed:       58620 kB
VmallocChunk:      75648 kB
1557661562.568279
MemTotal:        1899508 kB
MemFree:           48728 kB
Buffers:             864 kB
Cached:           172124 kB
SwapCached:            0 kB
Active:          1528420 kB
Inactive:          85036 kB
Active(anon):    1443820 kB
Inactive(anon):     2124 kB
Active(file):      84600 kB
Inactive(file):    82912 kB
Unevictable:        1940 kB
Mlocked:               0 kB
HighTotal:       1158144 kB
HighFree:           6368 kB
LowTotal:         741364 kB
LowFree:           42360 kB
SwapTotal:             0 kB
SwapFree:              0 kB
Dirty:                 0 kB
Writeback:             0 kB
AnonPages:       1442572 kB
Mapped:           174276 kB
Shmem:              3476 kB
Slab:              33604 kB
SReclaimable:      12000 kB
SUnreclaim:        21604 kB
KernelStack:        7560 kB
PageTables:        15500 kB
NFS_Unstable:          0 kB
Bounce:                0 kB
WritebackTmp:          0 kB
CommitLimit:      949752 kB
Committed_AS:   18280612 kB
VmallocTotal:     245760 kB
VmallocUsed:       57756 kB
VmallocChunk:      75648 kB
1557661563.266549
MemTotal:        1899508 kB
MemFree:           60828 kB
Buffers:             684 kB
Cached:           149904 kB
SwapCached:            0 kB
Active:          1515312 kB
Inactive:          71552 kB
Active(anon):    1439656 kB
Inactive(anon):     2124 kB
Active(file):      75656 kB
Inactive(file):    69428 kB
Unevictable:        1940 kB
Mlocked:               0 kB
HighTotal:       1158144 kB
HighFree:          15124 kB
LowTotal:         741364 kB
LowFree:           45704 kB
SwapTotal:             0 kB
SwapFree:              0 kB
Dirty:                 0 kB
Writeback:             0 kB
AnonPages:       1438284 kB
Mapped:           174420 kB
Shmem:              3476 kB
Slab:              33536 kB
SReclaimable:      12000 kB
SUnreclaim:        21536 kB
KernelStack:        7176 kB
PageTables:        13420 kB
NFS_Unstable:          0 kB
Bounce:                0 kB
WritebackTmp:          0 kB
CommitLimit:      949752 kB
Committed_AS:   15453644 kB
VmallocTotal:     245760 kB
VmallocUsed:       52848 kB
VmallocChunk:      75648 kB
1557661564.086748
MemTotal:        1899508 kB
MemFree:           75228 kB
Buffers:             684 kB
Cached:           149888 kB
SwapCached:            0 kB
Active:          1501648 kB
Inactive:          72016 kB
Active(anon):    1426384 kB
Inactive(anon):     2124 kB
Active(file):      75264 kB
Inactive(file):    69892 kB
Unevictable:        1940 kB
Mlocked:               0 kB
HighTotal:       1158144 kB
HighFree:          20468 kB
LowTotal:         741364 kB
LowFree:           54760 kB
SwapTotal:             0 kB
SwapFree:              0 kB
Dirty:                48 kB
Writeback:             0 kB
AnonPages:       1425108 kB
Mapped:           168740 kB
Shmem:              3476 kB
Slab:              33488 kB
SReclaimable:      12000 kB
SUnreclaim:        21488 kB
KernelStack:        6408 kB
PageTables:        12760 kB
NFS_Unstable:          0 kB
Bounce:                0 kB
WritebackTmp:          0 kB
CommitLimit:      949752 kB
Committed_AS:   14219376 kB
VmallocTotal:     245760 kB
VmallocUsed:       51828 kB
VmallocChunk:      75648 kB
1557661564.785523
MemTotal:        1899508 kB
MemFree:           58024 kB
Buffers:             752 kB
Cached:           161804 kB
SwapCached:            0 kB
Active:          1508976 kB
Inactive:          83712 kB
Active(anon):    1433512 kB
Inactive(anon):     2124 kB
Active(file):      75464 kB
Inactive(file):    81588 kB
Unevictable:        1940 kB
Mlocked:               0 kB
HighTotal:       1158144 kB
HighFree:           2196 kB
LowTotal:         741364 kB
LowFree:           55828 kB
SwapTotal:             0 kB
SwapFree:              0 kB
Dirty:                48 kB
Writeback:             0 kB
AnonPages:       1432096 kB
Mapped:           170836 kB
Shmem:              3476 kB
Slab:              33488 kB
SReclaimable:      12000 kB
SUnreclaim:        21488 kB
KernelStack:        6480 kB
PageTables:        13184 kB
NFS_Unstable:          0 kB
Bounce:                0 kB
WritebackTmp:          0 kB
CommitLimit:      949752 kB
Committed_AS:   14793804 kB
VmallocTotal:     245760 kB
VmallocUsed:       52860 kB
VmallocChunk:      75648 kB
1557661565.650396
MemTotal:        1899508 kB
MemFree:           65872 kB
Buffers:             920 kB
Cached:           131528 kB
SwapCached:            0 kB
Active:          1474500 kB
Inactive:          65168 kB
Active(anon):    1410648 kB
Inactive(anon):     2124 kB
Active(file):      63852 kB
Inactive(file):    63044 kB
Unevictable:        1940 kB
Mlocked:               0 kB
HighTotal:       1158144 kB
HighFree:          19708 kB
LowTotal:         741364 kB
LowFree:           46164 kB
SwapTotal:             0 kB
SwapFree:              0 kB
Dirty:               172 kB
Writeback:             0 kB
AnonPages:       1409200 kB
Mapped:           149420 kB
Shmem:              3476 kB
Slab:              33396 kB
SReclaimable:      12000 kB
SUnreclaim:        21396 kB
KernelStack:        6344 kB
PageTables:        11884 kB
NFS_Unstable:          0 kB
Bounce:                0 kB
WritebackTmp:          0 kB
CommitLimit:      949752 kB
Committed_AS:   12437748 kB
VmallocTotal:     245760 kB
VmallocUsed:       52024 kB
VmallocChunk:      75648 kB
1557661566.252652
MemTotal:        1899508 kB
MemFree:           67936 kB
Buffers:             920 kB
Cached:           131032 kB
SwapCached:            0 kB
Active:          1476420 kB
Inactive:          63040 kB
Active(anon):    1410936 kB
Inactive(anon):     2120 kB
Active(file):      65484 kB
Inactive(file):    60920 kB
Unevictable:        1940 kB
Mlocked:               0 kB
HighTotal:       1158144 kB
HighFree:          20268 kB
LowTotal:         741364 kB
LowFree:           47668 kB
SwapTotal:             0 kB
SwapFree:              0 kB
Dirty:               140 kB
Writeback:             0 kB
AnonPages:       1409620 kB
Mapped:           147308 kB
Shmem:              3472 kB
Slab:              33420 kB
SReclaimable:      12000 kB
SUnreclaim:        21420 kB
KernelStack:        6008 kB
PageTables:        11348 kB
NFS_Unstable:          0 kB
Bounce:                0 kB
WritebackTmp:          0 kB
CommitLimit:      949752 kB
Committed_AS:   11844368 kB
VmallocTotal:     245760 kB
VmallocUsed:       48580 kB
VmallocChunk:      75648 kB
1557661566.948838
MemTotal:        1899508 kB
MemFree:           57236 kB
Buffers:             936 kB
Cached:           131720 kB
SwapCached:            0 kB
Active:          1484792 kB
Inactive:          63720 kB
Active(anon):    1419228 kB
Inactive(anon):     2120 kB
Active(file):      65564 kB
Inactive(file):    61600 kB
Unevictable:        1940 kB
Mlocked:               0 kB
HighTotal:       1158144 kB
HighFree:          11432 kB
LowTotal:         741364 kB
LowFree:           45804 kB
SwapTotal:             0 kB
SwapFree:              0 kB
Dirty:               180 kB
Writeback:             0 kB
AnonPages:       1417880 kB
Mapped:           149688 kB
Shmem:              3472 kB
Slab:              33396 kB
SReclaimable:      12000 kB
SUnreclaim:        21396 kB
KernelStack:        6104 kB
PageTables:        12120 kB
NFS_Unstable:          0 kB
Bounce:                0 kB
WritebackTmp:          0 kB
CommitLimit:      949752 kB
Committed_AS:   12988864 kB
VmallocTotal:     245760 kB
VmallocUsed:       50632 kB
VmallocChunk:      75648 kB
1557661567.701663
MemTotal:        1899508 kB
MemFree:           42264 kB
Buffers:             952 kB
Cached:           132932 kB
SwapCached:            0 kB
Active:          1496524 kB
Inactive:          64028 kB
Active(anon):    1429964 kB
Inactive(anon):     2156 kB
Active(file):      66560 kB
Inactive(file):    61872 kB
Unevictable:        1940 kB
Mlocked:               0 kB
HighTotal:       1158144 kB
HighFree:           1808 kB
LowTotal:         741364 kB
LowFree:           40456 kB
SwapTotal:             0 kB
SwapFree:              0 kB
Dirty:               180 kB
Writeback:             0 kB
AnonPages:       1428616 kB
Mapped:           149308 kB
Shmem:              3516 kB
Slab:              33484 kB
SReclaimable:      12000 kB
SUnreclaim:        21484 kB
KernelStack:        6240 kB
PageTables:        12344 kB
NFS_Unstable:          0 kB
Bounce:                0 kB
WritebackTmp:          0 kB
CommitLimit:      949752 kB
Committed_AS:   13035144 kB
VmallocTotal:     245760 kB
VmallocUsed:       53044 kB
VmallocChunk:      75648 kB
1557661568.630261
MemTotal:        1899508 kB
MemFree:           44644 kB
Buffers:             968 kB
Cached:           131796 kB
SwapCached:            0 kB
Active:          1493572 kB
Inactive:          63592 kB
Active(anon):    1427824 kB
Inactive(anon):     2156 kB
Active(file):      65748 kB
Inactive(file):    61436 kB
Unevictable:        1940 kB
Mlocked:               0 kB
HighTotal:       1158144 kB
HighFree:           2616 kB
LowTotal:         741364 kB
LowFree:           42028 kB
SwapTotal:             0 kB
SwapFree:              0 kB
Dirty:               180 kB
Writeback:             0 kB
AnonPages:       1426492 kB
Mapped:           148536 kB
Shmem:              3516 kB
Slab:              33680 kB
SReclaimable:      12000 kB
SUnreclaim:        21680 kB
KernelStack:        6240 kB
PageTables:        12444 kB
NFS_Unstable:          0 kB
Bounce:                0 kB
WritebackTmp:          0 kB
CommitLimit:      949752 kB
Committed_AS:   13035768 kB
VmallocTotal:     245760 kB
VmallocUsed:       53044 kB
VmallocChunk:      75648 kB
1557661569.196762
MemTotal:        1899508 kB
MemFree:           42812 kB
Buffers:             980 kB
Cached:           130880 kB
SwapCached:            0 kB
Active:          1497428 kB
Inactive:          61428 kB
Active(anon):    1430352 kB
Inactive(anon):     2324 kB
Active(file):      67076 kB
Inactive(file):    59104 kB
Unevictable:        1940 kB
Mlocked:               0 kB
HighTotal:       1158144 kB
HighFree:           2336 kB
LowTotal:         741364 kB
LowFree:           40476 kB
SwapTotal:             0 kB
SwapFree:              0 kB
Dirty:               180 kB
Writeback:             0 kB
AnonPages:       1428996 kB
Mapped:           148100 kB
Shmem:              3768 kB
Slab:              33680 kB
SReclaimable:      12000 kB
SUnreclaim:        21680 kB
KernelStack:        6152 kB
PageTables:        11984 kB
NFS_Unstable:          0 kB
Bounce:                0 kB
WritebackTmp:          0 kB
CommitLimit:      949752 kB
Committed_AS:   12468604 kB
VmallocTotal:     245760 kB
VmallocUsed:       52024 kB
VmallocChunk:      75648 kB
1557661569.776600
MemTotal:        1899508 kB
MemFree:           40636 kB
Buffers:             960 kB
Cached:           130004 kB
SwapCached:            0 kB
Active:          1500632 kB
Inactive:          61144 kB
Active(anon):    1434348 kB
Inactive(anon):     2324 kB
Active(file):      66284 kB
Inactive(file):    58820 kB
Unevictable:        1940 kB
Mlocked:               0 kB
HighTotal:       1158144 kB
HighFree:            416 kB
LowTotal:         741364 kB
LowFree:           40220 kB
SwapTotal:             0 kB
SwapFree:              0 kB
Dirty:               180 kB
Writeback:             0 kB
AnonPages:       1433024 kB
Mapped:           147204 kB
Shmem:              3768 kB
Slab:              33680 kB
SReclaimable:      12000 kB
SUnreclaim:        21680 kB
KernelStack:        6152 kB
PageTables:        11984 kB
NFS_Unstable:          0 kB
Bounce:                0 kB
WritebackTmp:          0 kB
CommitLimit:      949752 kB
Committed_AS:   12478828 kB
VmallocTotal:     245760 kB
VmallocUsed:       52024 kB
VmallocChunk:      75648 kB
1557661570.354196
MemTotal:        1899508 kB
MemFree:           43196 kB
Buffers:             924 kB
Cached:           125840 kB
SwapCached:            0 kB
Active:          1500280 kB
Inactive:          59460 kB
Active(anon):    1436588 kB
Inactive(anon):     2380 kB
Active(file):      63692 kB
Inactive(file):    57080 kB
Unevictable:        1940 kB
Mlocked:               0 kB
HighTotal:       1158144 kB
HighFree:           1404 kB
LowTotal:         741364 kB
LowFree:           41792 kB
SwapTotal:             0 kB
SwapFree:              0 kB
Dirty:               180 kB
Writeback:             0 kB
AnonPages:       1435188 kB
Mapped:           145276 kB
Shmem:              3832 kB
Slab:              33700 kB
SReclaimable:      12000 kB
SUnreclaim:        21700 kB
KernelStack:        6176 kB
PageTables:        12036 kB
NFS_Unstable:          0 kB
Bounce:                0 kB
WritebackTmp:          0 kB
CommitLimit:      949752 kB
Committed_AS:   12478768 kB
VmallocTotal:     245760 kB
VmallocUsed:       52024 kB
VmallocChunk:      75648 kB
1557661570.925373
MemTotal:        1899508 kB
MemFree:           42604 kB
Buffers:             944 kB
Cached:           123108 kB
SwapCached:            0 kB
Active:          1501420 kB
Inactive:          59460 kB
Active(anon):    1440192 kB
Inactive(anon):     2380 kB
Active(file):      61228 kB
Inactive(file):    57080 kB
Unevictable:        1940 kB
Mlocked:               0 kB
HighTotal:       1158144 kB
HighFree:           1740 kB
LowTotal:         741364 kB
LowFree:           40864 kB
SwapTotal:             0 kB
SwapFree:              0 kB
Dirty:                56 kB
Writeback:             0 kB
AnonPages:       1438652 kB
Mapped:           143136 kB
Shmem:              3832 kB
Slab:              33320 kB
SReclaimable:      12000 kB
SUnreclaim:        21320 kB
KernelStack:        6176 kB
PageTables:        11936 kB
NFS_Unstable:          0 kB
Bounce:                0 kB
WritebackTmp:          0 kB
CommitLimit:      949752 kB
Committed_AS:   12482864 kB
VmallocTotal:     245760 kB
VmallocUsed:       52024 kB
VmallocChunk:      75648 kB
1557661571.498214
MemTotal:        1899508 kB
MemFree:           41524 kB
Buffers:             784 kB
Cached:           117224 kB
SwapCached:            0 kB
Active:          1506860 kB
Inactive:          55688 kB
Active(anon):    1448088 kB
Inactive(anon):     2504 kB
Active(file):      58772 kB
Inactive(file):    53184 kB
Unevictable:        1940 kB
Mlocked:               0 kB
HighTotal:       1158144 kB
HighFree:            704 kB
LowTotal:         741364 kB
LowFree:           40820 kB
SwapTotal:             0 kB
SwapFree:              0 kB
Dirty:                 0 kB
Writeback:             0 kB
AnonPages:       1446756 kB
Mapped:           138048 kB
Shmem:              4000 kB
Slab:              33480 kB
SReclaimable:      12000 kB
SUnreclaim:        21480 kB
KernelStack:        6160 kB
PageTables:        12012 kB
NFS_Unstable:          0 kB
Bounce:                0 kB
WritebackTmp:          0 kB
CommitLimit:      949752 kB
Committed_AS:   12495176 kB
VmallocTotal:     245760 kB
VmallocUsed:       52024 kB
VmallocChunk:      75648 kB
1557661572.084104
MemTotal:        1899508 kB
MemFree:           57560 kB
Buffers:             804 kB
Cached:           115844 kB
SwapCached:            0 kB
Active:          1500920 kB
Inactive:          55052 kB
Active(anon):    1442748 kB
Inactive(anon):     2484 kB
Active(file):      58172 kB
Inactive(file):    52568 kB
Unevictable:        1940 kB
Mlocked:               0 kB
HighTotal:       1158144 kB
HighFree:           5284 kB
LowTotal:         741364 kB
LowFree:           52276 kB
SwapTotal:             0 kB
SwapFree:              0 kB
Dirty:                72 kB
Writeback:             0 kB
AnonPages:       1441516 kB
Mapped:           127080 kB
Shmem:              4020 kB
Slab:              33512 kB
SReclaimable:      12000 kB
SUnreclaim:        21512 kB
KernelStack:        6168 kB
PageTables:        12064 kB
NFS_Unstable:          0 kB
Bounce:                0 kB
WritebackTmp:          0 kB
CommitLimit:      949752 kB
Committed_AS:   12495172 kB
VmallocTotal:     245760 kB
VmallocUsed:       51916 kB
VmallocChunk:      75648 kB
1557661572.664190
MemTotal:        1899508 kB
MemFree:           74440 kB
Buffers:             820 kB
Cached:           115828 kB
SwapCached:            0 kB
Active:          1493488 kB
Inactive:          55052 kB
Active(anon):    1435316 kB
Inactive(anon):     2484 kB
Active(file):      58172 kB
Inactive(file):    52568 kB
Unevictable:        1940 kB
Mlocked:               0 kB
HighTotal:       1158144 kB
HighFree:          13588 kB
LowTotal:         741364 kB
LowFree:           60852 kB
SwapTotal:             0 kB
SwapFree:              0 kB
Dirty:                72 kB
Writeback:             0 kB
AnonPages:       1433824 kB
Mapped:           118556 kB
Shmem:              4020 kB
Slab:              33704 kB
SReclaimable:      12000 kB
SUnreclaim:        21704 kB
KernelStack:        6168 kB
PageTables:        12464 kB
NFS_Unstable:          0 kB
Bounce:                0 kB
WritebackTmp:          0 kB
CommitLimit:      949752 kB
Committed_AS:   13063504 kB
VmallocTotal:     245760 kB
VmallocUsed:       52828 kB
VmallocChunk:      75648 kB
1557661573.251443
MemTotal:        1899508 kB
MemFree:           67432 kB
Buffers:             836 kB
Cached:           117468 kB
SwapCached:            0 kB
Active:          1499036 kB
Inactive:          56632 kB
Active(anon):    1440868 kB
Inactive(anon):     2472 kB
Active(file):      58168 kB
Inactive(file):    54160 kB
Unevictable:        1940 kB
Mlocked:               0 kB
HighTotal:       1158144 kB
HighFree:           6444 kB
LowTotal:         741364 kB
LowFree:           60988 kB
SwapTotal:             0 kB
SwapFree:              0 kB
Dirty:                72 kB
Writeback:             0 kB
AnonPages:       1439408 kB
Mapped:           118752 kB
Shmem:              4036 kB
Slab:              33608 kB
SReclaimable:      12000 kB
SUnreclaim:        21608 kB
KernelStack:        6232 kB
PageTables:        12360 kB
NFS_Unstable:          0 kB
Bounce:                0 kB
WritebackTmp:          0 kB
CommitLimit:      949752 kB
Committed_AS:   13063636 kB
VmallocTotal:     245760 kB
VmallocUsed:       52828 kB
VmallocChunk:      75648 kB
1557661573.826577
MemTotal:        1899508 kB
MemFree:           62796 kB
Buffers:             852 kB
Cached:           117776 kB
SwapCached:            0 kB
Active:          1503832 kB
Inactive:          56920 kB
Active(anon):    1445664 kB
Inactive(anon):     2472 kB
Active(file):      58168 kB
Inactive(file):    54448 kB
Unevictable:        1940 kB
Mlocked:               0 kB
HighTotal:       1158144 kB
HighFree:           1728 kB
LowTotal:         741364 kB
LowFree:           61068 kB
SwapTotal:             0 kB
SwapFree:              0 kB
Dirty:                72 kB
Writeback:             0 kB
AnonPages:       1444052 kB
Mapped:           118652 kB
Shmem:              4036 kB
Slab:              33608 kB
SReclaimable:      12000 kB
SUnreclaim:        21608 kB
KernelStack:        6232 kB
PageTables:        12460 kB
NFS_Unstable:          0 kB
Bounce:                0 kB
WritebackTmp:          0 kB
CommitLimit:      949752 kB
Committed_AS:   13063640 kB
VmallocTotal:     245760 kB
VmallocUsed:       52828 kB
VmallocChunk:      75648 kB
1557661574.397965
MemTotal:        1899508 kB
MemFree:           58272 kB
Buffers:             860 kB
Cached:           117828 kB
SwapCached:            0 kB
Active:          1508036 kB
Inactive:          57016 kB
Active(anon):    1449868 kB
Inactive(anon):     2472 kB
Active(file):      58168 kB
Inactive(file):    54544 kB
Unevictable:        1940 kB
Mlocked:               0 kB
HighTotal:       1158144 kB
HighFree:           1776 kB
LowTotal:         741364 kB
LowFree:           56496 kB
SwapTotal:             0 kB
SwapFree:              0 kB
Dirty:                72 kB
Writeback:             0 kB
AnonPages:       1448364 kB
Mapped:           118676 kB
Shmem:              4036 kB
Slab:              33444 kB
SReclaimable:      12000 kB
SUnreclaim:        21444 kB
KernelStack:        6248 kB
PageTables:        12368 kB
NFS_Unstable:          0 kB
Bounce:                0 kB
WritebackTmp:          0 kB
CommitLimit:      949752 kB
Committed_AS:   13064428 kB
VmallocTotal:     245760 kB
VmallocUsed:       52828 kB
VmallocChunk:      75648 kB
1557661574.982289
MemTotal:        1899508 kB
MemFree:           54788 kB
Buffers:             868 kB
Cached:           117832 kB
SwapCached:            0 kB
Active:          1511768 kB
Inactive:          57028 kB
Active(anon):    1453600 kB
Inactive(anon):     2472 kB
Active(file):      58168 kB
Inactive(file):    54556 kB
Unevictable:        1940 kB
Mlocked:               0 kB
HighTotal:       1158144 kB
HighFree:           2624 kB
LowTotal:         741364 kB
LowFree:           52164 kB
SwapTotal:             0 kB
SwapFree:              0 kB
Dirty:                68 kB
Writeback:             4 kB
AnonPages:       1452072 kB
Mapped:           118652 kB
Shmem:              4036 kB
Slab:              33352 kB
SReclaimable:      12000 kB
SUnreclaim:        21352 kB
KernelStack:        6200 kB
PageTables:        12332 kB
NFS_Unstable:          0 kB
Bounce:                0 kB
WritebackTmp:          0 kB
CommitLimit:      949752 kB
Committed_AS:   13070592 kB
VmallocTotal:     245760 kB
VmallocUsed:       52828 kB
VmallocChunk:      75648 kB
1557661575.562584
MemTotal:        1899508 kB
MemFree:           52680 kB
Buffers:             884 kB
Cached:           117820 kB
SwapCached:            0 kB
Active:          1514100 kB
Inactive:          57032 kB
Active(anon):    1455932 kB
Inactive(anon):     2472 kB
Active(file):      58168 kB
Inactive(file):    54560 kB
Unevictable:        1940 kB
Mlocked:               0 kB
HighTotal:       1158144 kB
HighFree:           2980 kB
LowTotal:         741364 kB
LowFree:           49700 kB
SwapTotal:             0 kB
SwapFree:              0 kB
Dirty:                72 kB
Writeback:             0 kB
AnonPages:       1454528 kB
Mapped:           118676 kB
Shmem:              4036 kB
Slab:              33316 kB
SReclaimable:      12000 kB
SUnreclaim:        21316 kB
KernelStack:        6248 kB
PageTables:        12392 kB
NFS_Unstable:          0 kB
Bounce:                0 kB
WritebackTmp:          0 kB
CommitLimit:      949752 kB
Committed_AS:   13073640 kB
VmallocTotal:     245760 kB
VmallocUsed:       52828 kB
VmallocChunk:      75648 kB
1557661576.150350
MemTotal:        1899508 kB
MemFree:           46808 kB
Buffers:             904 kB
Cached:           117848 kB
SwapCached:            0 kB
Active:          1519248 kB
Inactive:          57080 kB
Active(anon):    1461080 kB
Inactive(anon):     2472 kB
Active(file):      58168 kB
Inactive(file):    54608 kB
Unevictable:        1940 kB
Mlocked:               0 kB
HighTotal:       1158144 kB
HighFree:           1756 kB
LowTotal:         741364 kB
LowFree:           45052 kB
SwapTotal:             0 kB
SwapFree:              0 kB
Dirty:                48 kB
Writeback:             0 kB
AnonPages:       1459500 kB
Mapped:           118680 kB
Shmem:              4036 kB
Slab:              33380 kB
SReclaimable:      12000 kB
SUnreclaim:        21380 kB
KernelStack:        6232 kB
PageTables:        12380 kB
NFS_Unstable:          0 kB
Bounce:                0 kB
WritebackTmp:          0 kB
CommitLimit:      949752 kB
Committed_AS:   13079808 kB
VmallocTotal:     245760 kB
VmallocUsed:       52828 kB
VmallocChunk:      75648 kB
1557661576.728859
MemTotal:        1899508 kB
MemFree:           43532 kB
Buffers:             920 kB
Cached:           117732 kB
SwapCached:            0 kB
Active:          1522672 kB
Inactive:          57004 kB
Active(anon):    1464668 kB
Inactive(anon):     2472 kB
Active(file):      58004 kB
Inactive(file):    54532 kB
Unevictable:        1940 kB
Mlocked:               0 kB
HighTotal:       1158144 kB
HighFree:           1956 kB
LowTotal:         741364 kB
LowFree:           41576 kB
SwapTotal:             0 kB
SwapFree:              0 kB
Dirty:                48 kB
Writeback:             0 kB
AnonPages:       1462976 kB
Mapped:           118680 kB
Shmem:              4036 kB
Slab:              33476 kB
SReclaimable:      12000 kB
SUnreclaim:        21476 kB
KernelStack:        6232 kB
PageTables:        12380 kB
NFS_Unstable:          0 kB
Bounce:                0 kB
WritebackTmp:          0 kB
CommitLimit:      949752 kB
Committed_AS:   13084704 kB
VmallocTotal:     245760 kB
VmallocUsed:       52828 kB
VmallocChunk:      75648 kB
1557661577.300524
MemTotal:        1899508 kB
MemFree:           43696 kB
Buffers:             928 kB
Cached:           115420 kB
SwapCached:            0 kB
Active:          1525268 kB
Inactive:          55384 kB
Active(anon):    1467900 kB
Inactive(anon):     2472 kB
Active(file):      57368 kB
Inactive(file):    52912 kB
Unevictable:        1940 kB
Mlocked:               0 kB
HighTotal:       1158144 kB
HighFree:           1868 kB
LowTotal:         741364 kB
LowFree:           41828 kB
SwapTotal:             0 kB
SwapFree:              0 kB
Dirty:                48 kB
Writeback:             0 kB
AnonPages:       1466612 kB
Mapped:           118136 kB
Shmem:              4036 kB
Slab:              33320 kB
SReclaimable:      12000 kB
SUnreclaim:        21320 kB
KernelStack:        6152 kB
PageTables:        12044 kB
NFS_Unstable:          0 kB
Bounce:                0 kB
WritebackTmp:          0 kB
CommitLimit:      949752 kB
Committed_AS:   12519316 kB
VmallocTotal:     245760 kB
VmallocUsed:       51808 kB
VmallocChunk:      75648 kB
1557661577.879585
MemTotal:        1899508 kB
MemFree:           41724 kB
Buffers:             916 kB
Cached:           114536 kB
SwapCached:            0 kB
Active:          1527008 kB
Inactive:          54692 kB
Active(anon):    1469784 kB
Inactive(anon):     2472 kB
Active(file):      57224 kB
Inactive(file):    52220 kB
Unevictable:        1940 kB
Mlocked:               0 kB
HighTotal:       1158144 kB
HighFree:           1464 kB
LowTotal:         741364 kB
LowFree:           40260 kB
SwapTotal:             0 kB
SwapFree:              0 kB
Dirty:                48 kB
Writeback:             0 kB
AnonPages:       1468236 kB
Mapped:           117888 kB
Shmem:              4036 kB
Slab:              33320 kB
SReclaimable:      12000 kB
SUnreclaim:        21320 kB
KernelStack:        6152 kB
PageTables:        12344 kB
NFS_Unstable:          0 kB
Bounce:                0 kB
WritebackTmp:          0 kB
CommitLimit:      949752 kB
Committed_AS:   13086464 kB
VmallocTotal:     245760 kB
VmallocUsed:       52828 kB
VmallocChunk:      75648 kB
1557661578.445363
MemTotal:        1899508 kB
MemFree:           44188 kB
Buffers:             904 kB
Cached:           113712 kB
SwapCached:            0 kB
Active:          1525252 kB
Inactive:          53864 kB
Active(anon):    1468112 kB
Inactive(anon):     2472 kB
Active(file):      57140 kB
Inactive(file):    51392 kB
Unevictable:        1940 kB
Mlocked:               0 kB
HighTotal:       1158144 kB
HighFree:           2260 kB
LowTotal:         741364 kB
LowFree:           41928 kB
SwapTotal:             0 kB
SwapFree:              0 kB
Dirty:                 0 kB
Writeback:             0 kB
AnonPages:       1466744 kB
Mapped:           117836 kB
Shmem:              4036 kB
Slab:              33384 kB
SReclaimable:      12000 kB
SUnreclaim:        21384 kB
KernelStack:        6232 kB
PageTables:        12004 kB
NFS_Unstable:          0 kB
Bounce:                0 kB
WritebackTmp:          0 kB
CommitLimit:      949752 kB
Committed_AS:   12519392 kB
VmallocTotal:     245760 kB
VmallocUsed:       51808 kB
VmallocChunk:      75648 kB
1557661579.017787
MemTotal:        1899508 kB
MemFree:           46036 kB
Buffers:             912 kB
Cached:           116812 kB
SwapCached:            0 kB
Active:          1521444 kB
Inactive:          57032 kB
Active(anon):    1464256 kB
Inactive(anon):     2472 kB
Active(file):      57188 kB
Inactive(file):    54560 kB
Unevictable:        1940 kB
Mlocked:               0 kB
HighTotal:       1158144 kB
HighFree:           1816 kB
LowTotal:         741364 kB
LowFree:           44220 kB
SwapTotal:             0 kB
SwapFree:              0 kB
Dirty:                 0 kB
Writeback:             0 kB
AnonPages:       1462832 kB
Mapped:           117840 kB
Shmem:              4036 kB
Slab:              33368 kB
SReclaimable:      12000 kB
SUnreclaim:        21368 kB
KernelStack:        6048 kB
PageTables:        11600 kB
NFS_Unstable:          0 kB
Bounce:                0 kB
WritebackTmp:          0 kB
CommitLimit:      949752 kB
Committed_AS:   11950064 kB
VmallocTotal:     245760 kB
VmallocUsed:       50788 kB
VmallocChunk:      75648 kB
1557661579.594917
MemTotal:        1899508 kB
MemFree:           46528 kB
Buffers:             908 kB
Cached:           115920 kB
SwapCached:            0 kB
Active:          1521388 kB
Inactive:          55976 kB
Active(anon):    1464200 kB
Inactive(anon):     2472 kB
Active(file):      57188 kB
Inactive(file):    53504 kB
Unevictable:        1940 kB
Mlocked:               0 kB
HighTotal:       1158144 kB
HighFree:           1736 kB
LowTotal:         741364 kB
LowFree:           44792 kB
SwapTotal:             0 kB
SwapFree:              0 kB
Dirty:                 0 kB
Writeback:             0 kB
AnonPages:       1462704 kB
Mapped:           117840 kB
Shmem:              4036 kB
Slab:              33368 kB
SReclaimable:      12000 kB
SUnreclaim:        21368 kB
KernelStack:        6048 kB
PageTables:        11600 kB
NFS_Unstable:          0 kB
Bounce:                0 kB
WritebackTmp:          0 kB
CommitLimit:      949752 kB
Committed_AS:   11950140 kB
VmallocTotal:     245760 kB
VmallocUsed:       50788 kB
VmallocChunk:      75648 kB
1557661580.167347
MemTotal:        1899508 kB
MemFree:           40948 kB
Buffers:             912 kB
Cached:           120092 kB
SwapCached:            0 kB
Active:          1523328 kB
Inactive:          60044 kB
Active(anon):    1465972 kB
Inactive(anon):     2472 kB
Active(file):      57356 kB
Inactive(file):    57572 kB
Unevictable:        1940 kB
Mlocked:               0 kB
HighTotal:       1158144 kB
HighFree:            780 kB
LowTotal:         741364 kB
LowFree:           40168 kB
SwapTotal:             0 kB
SwapFree:              0 kB
Dirty:                 0 kB
Writeback:             0 kB
AnonPages:       1464448 kB
Mapped:           118780 kB
Shmem:              4036 kB
Slab:              33360 kB
SReclaimable:      12000 kB
SUnreclaim:        21360 kB
KernelStack:        6048 kB
PageTables:        12000 kB
NFS_Unstable:          0 kB
Bounce:                0 kB
WritebackTmp:          0 kB
CommitLimit:      949752 kB
Committed_AS:   12517212 kB
VmallocTotal:     245760 kB
VmallocUsed:       51808 kB
VmallocChunk:      75648 kB
1557661580.744988
MemTotal:        1899508 kB
MemFree:           53832 kB
Buffers:            1044 kB
Cached:           126960 kB
SwapCached:            0 kB
Active:          1504768 kB
Inactive:          66000 kB
Active(anon):    1446304 kB
Inactive(anon):     2472 kB
Active(file):      58464 kB
Inactive(file):    63528 kB
Unevictable:        1940 kB
Mlocked:               0 kB
HighTotal:       1158144 kB
HighFree:           7556 kB
LowTotal:         741364 kB
LowFree:           46276 kB
SwapTotal:             0 kB
SwapFree:              0 kB
Dirty:                 0 kB
Writeback:             0 kB
AnonPages:       1444728 kB
Mapped:           117928 kB
Shmem:              4036 kB
Slab:              33360 kB
SReclaimable:      12000 kB
SUnreclaim:        21360 kB
KernelStack:        6184 kB
PageTables:        11700 kB
NFS_Unstable:          0 kB
Bounce:                0 kB
WritebackTmp:          0 kB
CommitLimit:      949752 kB
Committed_AS:   11950576 kB
VmallocTotal:     245760 kB
VmallocUsed:       50788 kB
VmallocChunk:      75648 kB
1557661581.312699
MemTotal:        1899508 kB
MemFree:           44068 kB
Buffers:            1084 kB
Cached:           132780 kB
SwapCached:            0 kB
Active:          1508988 kB
Inactive:          71352 kB
Active(anon):    1449900 kB
Inactive(anon):     2472 kB
Active(file):      59088 kB
Inactive(file):    68880 kB
Unevictable:        1940 kB
Mlocked:               0 kB
HighTotal:       1158144 kB
HighFree:           1692 kB
LowTotal:         741364 kB
LowFree:           42376 kB
SwapTotal:             0 kB
SwapFree:              0 kB
Dirty:               120 kB
Writeback:             0 kB
AnonPages:       1448464 kB
Mapped:           121060 kB
Shmem:              4036 kB
Slab:              33680 kB
SReclaimable:      12000 kB
SUnreclaim:        21680 kB
KernelStack:        6104 kB
PageTables:        11872 kB
NFS_Unstable:          0 kB
Bounce:                0 kB
WritebackTmp:          0 kB
CommitLimit:      949752 kB
Committed_AS:   12520512 kB
VmallocTotal:     245760 kB
VmallocUsed:       51808 kB
VmallocChunk:      75648 kB
1557661581.920531
MemTotal:        1899508 kB
MemFree:           51752 kB
Buffers:            1088 kB
Cached:           126040 kB
SwapCached:            0 kB
Active:          1510508 kB
Inactive:          62380 kB
Active(anon):    1449432 kB
Inactive(anon):     2472 kB
Active(file):      61076 kB
Inactive(file):    59908 kB
Unevictable:        1940 kB
Mlocked:               0 kB
HighTotal:       1158144 kB
HighFree:           5856 kB
LowTotal:         741364 kB
LowFree:           45896 kB
SwapTotal:             0 kB
SwapFree:              0 kB
Dirty:               220 kB
Writeback:             0 kB
AnonPages:       1448056 kB
Mapped:           117640 kB
Shmem:              4036 kB
Slab:              33584 kB
SReclaimable:      12000 kB
SUnreclaim:        21584 kB
KernelStack:        6104 kB
PageTables:        11672 kB
NFS_Unstable:          0 kB
Bounce:                0 kB
WritebackTmp:          0 kB
CommitLimit:      949752 kB
Committed_AS:   11950920 kB
VmallocTotal:     245760 kB
VmallocUsed:       50788 kB
VmallocChunk:      75648 kB
1557661582.488988
MemTotal:        1899508 kB
MemFree:           52776 kB
Buffers:            1088 kB
Cached:           124144 kB
SwapCached:            0 kB
Active:          1510388 kB
Inactive:          60996 kB
Active(anon):    1449736 kB
Inactive(anon):     2472 kB
Active(file):      60652 kB
Inactive(file):    58524 kB
Unevictable:        1940 kB
Mlocked:               0 kB
HighTotal:       1158144 kB
HighFree:           6696 kB
LowTotal:         741364 kB
LowFree:           46080 kB
SwapTotal:             0 kB
SwapFree:              0 kB
Dirty:               312 kB
Writeback:             0 kB
AnonPages:       1448228 kB
Mapped:           116392 kB
Shmem:              4036 kB
Slab:              33584 kB
SReclaimable:      12000 kB
SUnreclaim:        21584 kB
KernelStack:        6048 kB
PageTables:        11596 kB
NFS_Unstable:          0 kB
Bounce:                0 kB
WritebackTmp:          0 kB
CommitLimit:      949752 kB
Committed_AS:   11950884 kB
VmallocTotal:     245760 kB
VmallocUsed:       50788 kB
VmallocChunk:      75648 kB
1557661583.062274
MemTotal:        1899508 kB
MemFree:           52352 kB
Buffers:            1088 kB
Cached:           124284 kB
SwapCached:            0 kB
Active:          1510484 kB
Inactive:          61316 kB
Active(anon):    1449932 kB
Inactive(anon):     2952 kB
Active(file):      60552 kB
Inactive(file):    58364 kB
Unevictable:        1940 kB
Mlocked:               0 kB
HighTotal:       1158144 kB
HighFree:           6024 kB
LowTotal:         741364 kB
LowFree:           46328 kB
SwapTotal:             0 kB
SwapFree:              0 kB
Dirty:               312 kB
Writeback:             0 kB
AnonPages:       1448464 kB
Mapped:           116740 kB
Shmem:              4612 kB
Slab:              33584 kB
SReclaimable:      12000 kB
SUnreclaim:        21584 kB
KernelStack:        6064 kB
PageTables:        11612 kB
NFS_Unstable:          0 kB
Bounce:                0 kB
WritebackTmp:          0 kB
CommitLimit:      949752 kB
Committed_AS:   11946676 kB
VmallocTotal:     245760 kB
VmallocUsed:       50788 kB
VmallocChunk:      75648 kB
1557661583.637956
MemTotal:        1899508 kB
MemFree:           53220 kB
Buffers:            1088 kB
Cached:           123912 kB
SwapCached:            0 kB
Active:          1510100 kB
Inactive:          61300 kB
Active(anon):    1450016 kB
Inactive(anon):     2952 kB
Active(file):      60084 kB
Inactive(file):    58348 kB
Unevictable:        1940 kB
Mlocked:               0 kB
HighTotal:       1158144 kB
HighFree:           6348 kB
LowTotal:         741364 kB
LowFree:           46872 kB
SwapTotal:             0 kB
SwapFree:              0 kB
Dirty:               312 kB
Writeback:             0 kB
AnonPages:       1448464 kB
Mapped:           116120 kB
Shmem:              4612 kB
Slab:              33584 kB
SReclaimable:      12000 kB
SUnreclaim:        21584 kB
KernelStack:        6064 kB
PageTables:        11712 kB
NFS_Unstable:          0 kB
Bounce:                0 kB
WritebackTmp:          0 kB
CommitLimit:      949752 kB
Committed_AS:   11946776 kB
VmallocTotal:     245760 kB
VmallocUsed:       50788 kB
VmallocChunk:      75648 kB
1557661584.207159
MemTotal:        1899508 kB
MemFree:           51924 kB
Buffers:            1088 kB
Cached:           123356 kB
SwapCached:            0 kB
Active:          1511928 kB
Inactive:          61024 kB
Active(anon):    1452228 kB
Inactive(anon):     2952 kB
Active(file):      59700 kB
Inactive(file):    58072 kB
Unevictable:        1940 kB
Mlocked:               0 kB
HighTotal:       1158144 kB
HighFree:           5224 kB
LowTotal:         741364 kB
LowFree:           46700 kB
SwapTotal:             0 kB
SwapFree:              0 kB
Dirty:               312 kB
Writeback:             0 kB
AnonPages:       1450756 kB
Mapped:           115568 kB
Shmem:              4612 kB
Slab:              33584 kB
SReclaimable:      12000 kB
SUnreclaim:        21584 kB
KernelStack:        6048 kB
PageTables:        11600 kB
NFS_Unstable:          0 kB
Bounce:                0 kB
WritebackTmp:          0 kB
CommitLimit:      949752 kB
Committed_AS:   11946840 kB
VmallocTotal:     245760 kB
VmallocUsed:       50788 kB
VmallocChunk:      75648 kB
1557661584.779280
MemTotal:        1899508 kB
MemFree:           51948 kB
Buffers:            1096 kB
Cached:           122604 kB
SwapCached:            0 kB
Active:          1511692 kB
Inactive:          60812 kB
Active(anon):    1452396 kB
Inactive(anon):     2952 kB
Active(file):      59296 kB
Inactive(file):    57860 kB
Unevictable:        1940 kB
Mlocked:               0 kB
HighTotal:       1158144 kB
HighFree:           5176 kB
LowTotal:         741364 kB
LowFree:           46772 kB
SwapTotal:             0 kB
SwapFree:              0 kB
Dirty:               312 kB
Writeback:             0 kB
AnonPages:       1450756 kB
Mapped:           114948 kB
Shmem:              4612 kB
Slab:              33488 kB
SReclaimable:      12000 kB
SUnreclaim:        21488 kB
KernelStack:        6048 kB
PageTables:        11600 kB
NFS_Unstable:          0 kB
Bounce:                0 kB
WritebackTmp:          0 kB
CommitLimit:      949752 kB
Committed_AS:   11946844 kB
VmallocTotal:     245760 kB
VmallocUsed:       50788 kB
VmallocChunk:      75648 kB
1557661585.363833
MemTotal:        1899508 kB
MemFree:           51492 kB
Buffers:            1096 kB
Cached:           121644 kB
SwapCached:            0 kB
Active:          1513684 kB
Inactive:          59804 kB
Active(anon):    1454492 kB
Inactive(anon):     2952 kB
Active(file):      59192 kB
Inactive(file):    56852 kB
Unevictable:        1940 kB
Mlocked:               0 kB
HighTotal:       1158144 kB
HighFree:           4380 kB
LowTotal:         741364 kB
LowFree:           47112 kB
SwapTotal:             0 kB
SwapFree:              0 kB
Dirty:               112 kB
Writeback:             0 kB
AnonPages:       1452976 kB
Mapped:           114472 kB
Shmem:              4612 kB
Slab:              33328 kB
SReclaimable:      12000 kB
SUnreclaim:        21328 kB
KernelStack:        6064 kB
PageTables:        11612 kB
NFS_Unstable:          0 kB
Bounce:                0 kB
WritebackTmp:          0 kB
CommitLimit:      949752 kB
Committed_AS:   11947396 kB
VmallocTotal:     245760 kB
VmallocUsed:       50788 kB
VmallocChunk:      75648 kB
1557661585.929536
MemTotal:        1899508 kB
MemFree:           51852 kB
Buffers:            1096 kB
Cached:           121024 kB
SwapCached:            0 kB
Active:          1513828 kB
Inactive:          59252 kB
Active(anon):    1454660 kB
Inactive(anon):     2952 kB
Active(file):      59168 kB
Inactive(file):    56300 kB
Unevictable:        1940 kB
Mlocked:               0 kB
HighTotal:       1158144 kB
HighFree:           4676 kB
LowTotal:         741364 kB
LowFree:           47176 kB
SwapTotal:             0 kB
SwapFree:              0 kB
Dirty:               112 kB
Writeback:             0 kB
AnonPages:       1452976 kB
Mapped:           114348 kB
Shmem:              4612 kB
Slab:              33328 kB
SReclaimable:      12000 kB
SUnreclaim:        21328 kB
KernelStack:        6064 kB
PageTables:        11612 kB
NFS_Unstable:          0 kB
Bounce:                0 kB
WritebackTmp:          0 kB
CommitLimit:      949752 kB
Committed_AS:   11947504 kB
VmallocTotal:     245760 kB
VmallocUsed:       50788 kB
VmallocChunk:      75648 kB
1557661586.496833
MemTotal:        1899508 kB
MemFree:           52728 kB
Buffers:            1096 kB
Cached:           120360 kB
SwapCached:            0 kB
Active:          1513596 kB
Inactive:          58636 kB
Active(anon):    1454444 kB
Inactive(anon):     2952 kB
Active(file):      59152 kB
Inactive(file):    55684 kB
Unevictable:        1940 kB
Mlocked:               0 kB
HighTotal:       1158144 kB
HighFree:           5500 kB
LowTotal:         741364 kB
LowFree:           47228 kB
SwapTotal:             0 kB
SwapFree:              0 kB
Dirty:                 0 kB
Writeback:             0 kB
AnonPages:       1452868 kB
Mapped:           114276 kB
Shmem:              4612 kB
Slab:              33328 kB
SReclaimable:      12000 kB
SUnreclaim:        21328 kB
KernelStack:        6048 kB
PageTables:        11600 kB
NFS_Unstable:          0 kB
Bounce:                0 kB
WritebackTmp:          0 kB
CommitLimit:      949752 kB
Committed_AS:   11947492 kB
VmallocTotal:     245760 kB
VmallocUsed:       50788 kB
VmallocChunk:      75648 kB
1557661587.064314
MemTotal:        1899508 kB
MemFree:           53452 kB
Buffers:            1096 kB
Cached:           119904 kB
SwapCached:            0 kB
Active:          1513156 kB
Inactive:          58528 kB
Active(anon):    1454464 kB
Inactive(anon):     2952 kB
Active(file):      58692 kB
Inactive(file):    55576 kB
Unevictable:        1940 kB
Mlocked:               0 kB
HighTotal:       1158144 kB
HighFree:           6216 kB
LowTotal:         741364 kB
LowFree:           47236 kB
SwapTotal:             0 kB
SwapFree:              0 kB
Dirty:                 0 kB
Writeback:             0 kB
AnonPages:       1453020 kB
Mapped:           114292 kB
Shmem:              4612 kB
Slab:              33328 kB
SReclaimable:      12000 kB
SUnreclaim:        21328 kB
KernelStack:        6064 kB
PageTables:        11624 kB
NFS_Unstable:          0 kB
Bounce:                0 kB
WritebackTmp:          0 kB
CommitLimit:      949752 kB
Committed_AS:   11947472 kB
VmallocTotal:     245760 kB
VmallocUsed:       50788 kB
VmallocChunk:      75648 kB
1557661587.628039
MemTotal:        1899508 kB
MemFree:           53584 kB
Buffers:            1096 kB
Cached:           119408 kB
SwapCached:            0 kB
Active:          1513060 kB
Inactive:          58512 kB
Active(anon):    1454800 kB
Inactive(anon):     2952 kB
Active(file):      58260 kB
Inactive(file):    55560 kB
Unevictable:        1940 kB
Mlocked:               0 kB
HighTotal:       1158144 kB
HighFree:           6380 kB
LowTotal:         741364 kB
LowFree:           47204 kB
SwapTotal:             0 kB
SwapFree:              0 kB
Dirty:                 0 kB
Writeback:             0 kB
AnonPages:       1453268 kB
Mapped:           114044 kB
Shmem:              4612 kB
Slab:              33328 kB
SReclaimable:      12000 kB
SUnreclaim:        21328 kB
KernelStack:        6064 kB
PageTables:        11624 kB
NFS_Unstable:          0 kB
Bounce:                0 kB
WritebackTmp:          0 kB
CommitLimit:      949752 kB
Committed_AS:   11948108 kB
VmallocTotal:     245760 kB
VmallocUsed:       50788 kB
VmallocChunk:      75648 kB
1557661588.211250
MemTotal:        1899508 kB
MemFree:           53544 kB
Buffers:            1096 kB
Cached:           118684 kB
SwapCached:            0 kB
Active:          1513552 kB
Inactive:          58432 kB
Active(anon):    1455784 kB
Inactive(anon):     2952 kB
Active(file):      57768 kB
Inactive(file):    55480 kB
Unevictable:        1940 kB
Mlocked:               0 kB
HighTotal:       1158144 kB
HighFree:           6148 kB
LowTotal:         741364 kB
LowFree:           47396 kB
SwapTotal:             0 kB
SwapFree:              0 kB
Dirty:                 0 kB
Writeback:             0 kB
AnonPages:       1454104 kB
Mapped:           113596 kB
Shmem:              4612 kB
Slab:              33328 kB
SReclaimable:      12000 kB
SUnreclaim:        21328 kB
KernelStack:        6048 kB
PageTables:        11600 kB
NFS_Unstable:          0 kB
Bounce:                0 kB
WritebackTmp:          0 kB
CommitLimit:      949752 kB
Committed_AS:   11948240 kB
VmallocTotal:     245760 kB
VmallocUsed:       50788 kB
VmallocChunk:      75648 kB
1557661588.792850
MemTotal:        1899508 kB
MemFree:           53680 kB
Buffers:            1112 kB
Cached:           118172 kB
SwapCached:            0 kB
Active:          1513052 kB
Inactive:          58360 kB
Active(anon):    1455868 kB
Inactive(anon):     2952 kB
Active(file):      57184 kB
Inactive(file):    55408 kB
Unevictable:        1940 kB
Mlocked:               0 kB
HighTotal:       1158144 kB
HighFree:           6320 kB
LowTotal:         741364 kB
LowFree:           47360 kB
SwapTotal:             0 kB
SwapFree:              0 kB
Dirty:                 0 kB
Writeback:             0 kB
AnonPages:       1454228 kB
Mapped:           113100 kB
Shmem:              4612 kB
Slab:              33424 kB
SReclaimable:      12000 kB
SUnreclaim:        21424 kB
KernelStack:        6048 kB
PageTables:        11600 kB
NFS_Unstable:          0 kB
Bounce:                0 kB
WritebackTmp:          0 kB
CommitLimit:      949752 kB
Committed_AS:   11948240 kB
VmallocTotal:     245760 kB
VmallocUsed:       50788 kB
VmallocChunk:      75648 kB
1557661589.364377
MemTotal:        1899508 kB
MemFree:           44108 kB
Buffers:            1112 kB
Cached:           123464 kB
SwapCached:            0 kB
Active:          1517076 kB
Inactive:          63932 kB
Active(anon):    1460296 kB
Inactive(anon):     2948 kB
Active(file):      56780 kB
Inactive(file):    60984 kB
Unevictable:        1940 kB
Mlocked:               0 kB
HighTotal:       1158144 kB
HighFree:           1784 kB
LowTotal:         741364 kB
LowFree:           42324 kB
SwapTotal:             0 kB
SwapFree:              0 kB
Dirty:                40 kB
Writeback:             0 kB
AnonPages:       1458700 kB
Mapped:           113532 kB
Shmem:              4612 kB
Slab:              33456 kB
SReclaimable:      12000 kB
SUnreclaim:        21456 kB
KernelStack:        6048 kB
PageTables:        12004 kB
NFS_Unstable:          0 kB
Bounce:                0 kB
WritebackTmp:          0 kB
CommitLimit:      949752 kB
Committed_AS:   12519376 kB
VmallocTotal:     245760 kB
VmallocUsed:       51808 kB
VmallocChunk:      75648 kB
1557661589.932888
MemTotal:        1899508 kB
MemFree:           40092 kB
Buffers:             784 kB
Cached:           128696 kB
SwapCached:            0 kB
Active:          1519136 kB
Inactive:          68224 kB
Active(anon):    1461408 kB
Inactive(anon):     2944 kB
Active(file):      57728 kB
Inactive(file):    65280 kB
Unevictable:        1940 kB
Mlocked:               0 kB
HighTotal:       1158144 kB
HighFree:            524 kB
LowTotal:         741364 kB
LowFree:           39568 kB
SwapTotal:             0 kB
SwapFree:              0 kB
Dirty:                40 kB
Writeback:             0 kB
AnonPages:       1459600 kB
Mapped:           111552 kB
Shmem:              4612 kB
Slab:              33456 kB
SReclaimable:      12000 kB
SUnreclaim:        21456 kB
KernelStack:        6032 kB
PageTables:        11980 kB
NFS_Unstable:          0 kB
Bounce:                0 kB
WritebackTmp:          0 kB
CommitLimit:      949752 kB
Committed_AS:   12519724 kB
VmallocTotal:     245760 kB
VmallocUsed:       51808 kB
VmallocChunk:      75648 kB
1557661590.520299
MemTotal:        1899508 kB
MemFree:           42252 kB
Buffers:             452 kB
Cached:           124116 kB
SwapCached:            0 kB
Active:          1521004 kB
Inactive:          62956 kB
Active(anon):    1463280 kB
Inactive(anon):     2944 kB
Active(file):      57724 kB
Inactive(file):    60012 kB
Unevictable:        1940 kB
Mlocked:               0 kB
HighTotal:       1158144 kB
HighFree:           1756 kB
LowTotal:         741364 kB
LowFree:           40496 kB
SwapTotal:             0 kB
SwapFree:              0 kB
Dirty:                 0 kB
Writeback:             0 kB
AnonPages:       1461704 kB
Mapped:           111316 kB
Shmem:              4612 kB
Slab:              33392 kB
SReclaimable:      12000 kB
SUnreclaim:        21392 kB
KernelStack:        6128 kB
PageTables:        12020 kB
NFS_Unstable:          0 kB
Bounce:                0 kB
WritebackTmp:          0 kB
CommitLimit:      949752 kB
Committed_AS:   12520708 kB
VmallocTotal:     245760 kB
VmallocUsed:       51808 kB
VmallocChunk:      75648 kB
1557661591.090283
MemTotal:        1899508 kB
MemFree:           53560 kB
Buffers:             312 kB
Cached:           116620 kB
SwapCached:            0 kB
Active:          1515628 kB
Inactive:          57104 kB
Active(anon):    1459396 kB
Inactive(anon):     2944 kB
Active(file):      56232 kB
Inactive(file):    54160 kB
Unevictable:        1940 kB
Mlocked:               0 kB
HighTotal:       1158144 kB
HighFree:           6744 kB
LowTotal:         741364 kB
LowFree:           46816 kB
SwapTotal:             0 kB
SwapFree:              0 kB
Dirty:                36 kB
Writeback:             0 kB
AnonPages:       1457932 kB
Mapped:           105304 kB
Shmem:              4612 kB
Slab:              33392 kB
SReclaimable:      12000 kB
SUnreclaim:        21392 kB
KernelStack:        6048 kB
PageTables:        11632 kB
NFS_Unstable:          0 kB
Bounce:                0 kB
WritebackTmp:          0 kB
CommitLimit:      949752 kB
Committed_AS:   11952120 kB
VmallocTotal:     245760 kB
VmallocUsed:       50788 kB
VmallocChunk:      75648 kB
1557661591.662617
MemTotal:        1899508 kB
MemFree:           53960 kB
Buffers:             312 kB
Cached:           116000 kB
SwapCached:            0 kB
Active:          1515628 kB
Inactive:          57140 kB
Active(anon):    1460068 kB
Inactive(anon):     2944 kB
Active(file):      55560 kB
Inactive(file):    54196 kB
Unevictable:        1940 kB
Mlocked:               0 kB
HighTotal:       1158144 kB
HighFree:           7056 kB
LowTotal:         741364 kB
LowFree:           46904 kB
SwapTotal:             0 kB
SwapFree:              0 kB
Dirty:                36 kB
Writeback:             0 kB
AnonPages:       1458552 kB
Mapped:           104808 kB
Shmem:              4612 kB
Slab:              33392 kB
SReclaimable:      12000 kB
SUnreclaim:        21392 kB
KernelStack:        6048 kB
PageTables:        11732 kB
NFS_Unstable:          0 kB
Bounce:                0 kB
WritebackTmp:          0 kB
CommitLimit:      949752 kB
Committed_AS:   11952696 kB
VmallocTotal:     245760 kB
VmallocUsed:       50788 kB
VmallocChunk:      75648 kB
1557661592.235606
MemTotal:        1899508 kB
MemFree:           52764 kB
Buffers:             312 kB
Cached:           115384 kB
SwapCached:            0 kB
Active:          1517040 kB
Inactive:          56936 kB
Active(anon):    1461848 kB
Inactive(anon):     2944 kB
Active(file):      55192 kB
Inactive(file):    53992 kB
Unevictable:        1940 kB
Mlocked:               0 kB
HighTotal:       1158144 kB
HighFree:           5616 kB
LowTotal:         741364 kB
LowFree:           47148 kB
SwapTotal:             0 kB
SwapFree:              0 kB
Dirty:                36 kB
Writeback:             0 kB
AnonPages:       1460192 kB
Mapped:           104288 kB
Shmem:              4612 kB
Slab:              33392 kB
SReclaimable:      12000 kB
SUnreclaim:        21392 kB
KernelStack:        6048 kB
PageTables:        11632 kB
NFS_Unstable:          0 kB
Bounce:                0 kB
WritebackTmp:          0 kB
CommitLimit:      949752 kB
Committed_AS:   11952804 kB
VmallocTotal:     245760 kB
VmallocUsed:       50788 kB
VmallocChunk:      75648 kB
1557661592.815274
MemTotal:        1899508 kB
MemFree:           52904 kB
Buffers:             328 kB
Cached:           114748 kB
SwapCached:            0 kB
Active:          1516876 kB
Inactive:          56948 kB
Active(anon):    1462352 kB
Inactive(anon):     2944 kB
Active(file):      54524 kB
Inactive(file):    54004 kB
Unevictable:        1940 kB
Mlocked:               0 kB
HighTotal:       1158144 kB
HighFree:           5684 kB
LowTotal:         741364 kB
LowFree:           47220 kB
SwapTotal:             0 kB
SwapFree:              0 kB
Dirty:                36 kB
Writeback:             0 kB
AnonPages:       1460812 kB
Mapped:           103792 kB
Shmem:              4612 kB
Slab:              33392 kB
SReclaimable:      12000 kB
SUnreclaim:        21392 kB
KernelStack:        6048 kB
PageTables:        11632 kB
NFS_Unstable:          0 kB
Bounce:                0 kB
WritebackTmp:          0 kB
CommitLimit:      949752 kB
Committed_AS:   11952800 kB
VmallocTotal:     245760 kB
VmallocUsed:       50788 kB
VmallocChunk:      75648 kB
1557661593.386901
MemTotal:        1899508 kB
MemFree:           51408 kB
Buffers:             328 kB
Cached:           114248 kB
SwapCached:            0 kB
Active:          1518596 kB
Inactive:          56816 kB
Active(anon):    1464556 kB
Inactive(anon):     2920 kB
Active(file):      54040 kB
Inactive(file):    53896 kB
Unevictable:        1940 kB
Mlocked:               0 kB
HighTotal:       1158144 kB
HighFree:           4252 kB
LowTotal:         741364 kB
LowFree:           47156 kB
SwapTotal:             0 kB
SwapFree:              0 kB
Dirty:                96 kB
Writeback:             0 kB
AnonPages:       1462936 kB
Mapped:           103296 kB
Shmem:              4612 kB
Slab:              33296 kB
SReclaimable:      12000 kB
SUnreclaim:        21296 kB
KernelStack:        6048 kB
PageTables:        11632 kB
NFS_Unstable:          0 kB
Bounce:                0 kB
WritebackTmp:          0 kB
CommitLimit:      949752 kB
Committed_AS:   11955816 kB
VmallocTotal:     245760 kB
VmallocUsed:       50788 kB
VmallocChunk:      75648 kB
1557661593.956892
MemTotal:        1899508 kB
MemFree:           51280 kB
Buffers:             328 kB
Cached:           113600 kB
SwapCached:            0 kB
Active:          1518888 kB
Inactive:          56408 kB
Active(anon):    1465064 kB
Inactive(anon):     2920 kB
Active(file):      53824 kB
Inactive(file):    53488 kB
Unevictable:        1940 kB
Mlocked:               0 kB
HighTotal:       1158144 kB
HighFree:           4212 kB
LowTotal:         741364 kB
LowFree:           47068 kB
SwapTotal:             0 kB
SwapFree:              0 kB
Dirty:                96 kB
Writeback:             0 kB
AnonPages:       1463716 kB
Mapped:           102816 kB
Shmem:              4612 kB
Slab:              33264 kB
SReclaimable:      12000 kB
SUnreclaim:        21264 kB
KernelStack:        5984 kB
PageTables:        11680 kB
NFS_Unstable:          0 kB
Bounce:                0 kB
WritebackTmp:          0 kB
CommitLimit:      949752 kB
Committed_AS:   11956600 kB
VmallocTotal:     245760 kB
VmallocUsed:       50788 kB
VmallocChunk:      75648 kB
1557661594.523807
MemTotal:        1899508 kB
MemFree:           51740 kB
Buffers:             328 kB
Cached:           113100 kB
SwapCached:            0 kB
Active:          1518404 kB
Inactive:          56396 kB
Active(anon):    1464944 kB
Inactive(anon):     2920 kB
Active(file):      53460 kB
Inactive(file):    53476 kB
Unevictable:        1940 kB
Mlocked:               0 kB
HighTotal:       1158144 kB
HighFree:           4548 kB
LowTotal:         741364 kB
LowFree:           47192 kB
SwapTotal:             0 kB
SwapFree:              0 kB
Dirty:                96 kB
Writeback:             0 kB
AnonPages:       1463360 kB
Mapped:           102276 kB
Shmem:              4612 kB
Slab:              33264 kB
SReclaimable:      12000 kB
SUnreclaim:        21264 kB
KernelStack:        6072 kB
PageTables:        11744 kB
NFS_Unstable:          0 kB
Bounce:                0 kB
WritebackTmp:          0 kB
CommitLimit:      949752 kB
Committed_AS:   11956580 kB
VmallocTotal:     245760 kB
VmallocUsed:       50788 kB
VmallocChunk:      75648 kB
1557661595.088862
MemTotal:        1899508 kB
MemFree:           53188 kB
Buffers:             328 kB
Cached:           112744 kB
SwapCached:            0 kB
Active:          1516828 kB
Inactive:          56264 kB
Active(anon):    1463628 kB
Inactive(anon):     2920 kB
Active(file):      53200 kB
Inactive(file):    53344 kB
Unevictable:        1940 kB
Mlocked:               0 kB
HighTotal:       1158144 kB
HighFree:           5584 kB
LowTotal:         741364 kB
LowFree:           47604 kB
SwapTotal:             0 kB
SwapFree:              0 kB
Dirty:                96 kB
Writeback:             0 kB
AnonPages:       1462192 kB
Mapped:           101684 kB
Shmem:              4612 kB
Slab:              33264 kB
SReclaimable:      12000 kB
SUnreclaim:        21264 kB
KernelStack:        6056 kB
PageTables:        11660 kB
NFS_Unstable:          0 kB
Bounce:                0 kB
WritebackTmp:          0 kB
CommitLimit:      949752 kB
Committed_AS:   11956456 kB
VmallocTotal:     245760 kB
VmallocUsed:       50788 kB
VmallocChunk:      75648 kB
1557661595.655921
MemTotal:        1899508 kB
MemFree:           53400 kB
Buffers:             328 kB
Cached:           112000 kB
SwapCached:            0 kB
Active:          1517060 kB
Inactive:          55796 kB
Active(anon):    1464216 kB
Inactive(anon):     2920 kB
Active(file):      52844 kB
Inactive(file):    52876 kB
Unevictable:        1940 kB
Mlocked:               0 kB
HighTotal:       1158144 kB
HighFree:           5712 kB
LowTotal:         741364 kB
LowFree:           47688 kB
SwapTotal:             0 kB
SwapFree:              0 kB
Dirty:                 0 kB
Writeback:             0 kB
AnonPages:       1462688 kB
Mapped:           101312 kB
Shmem:              4612 kB
Slab:              33264 kB
SReclaimable:      12000 kB
SUnreclaim:        21264 kB
KernelStack:        6056 kB
PageTables:        11760 kB
NFS_Unstable:          0 kB
Bounce:                0 kB
WritebackTmp:          0 kB
CommitLimit:      949752 kB
Committed_AS:   11957252 kB
VmallocTotal:     245760 kB
VmallocUsed:       50788 kB
VmallocChunk:      75648 kB
1557661596.224101
MemTotal:        1899508 kB
MemFree:           54000 kB
Buffers:             328 kB
Cached:           111564 kB
SwapCached:            0 kB
Active:          1517124 kB
Inactive:          55436 kB
Active(anon):    1464292 kB
Inactive(anon):     2920 kB
Active(file):      52832 kB
Inactive(file):    52516 kB
Unevictable:        1940 kB
Mlocked:               0 kB
HighTotal:       1158144 kB
HighFree:           6364 kB
LowTotal:         741364 kB
LowFree:           47636 kB
SwapTotal:             0 kB
SwapFree:              0 kB
Dirty:                 0 kB
Writeback:             0 kB
AnonPages:       1462572 kB
Mapped:           101284 kB
Shmem:              4612 kB
Slab:              33264 kB
SReclaimable:      12000 kB
SUnreclaim:        21264 kB
KernelStack:        6040 kB
PageTables:        11640 kB
NFS_Unstable:          0 kB
Bounce:                0 kB
WritebackTmp:          0 kB
CommitLimit:      949752 kB
Committed_AS:   11957248 kB
VmallocTotal:     245760 kB
VmallocUsed:       50788 kB
VmallocChunk:      75648 kB
1557661596.791033
MemTotal:        1899508 kB
MemFree:           52504 kB
Buffers:             336 kB
Cached:           111184 kB
SwapCached:            0 kB
Active:          1518972 kB
Inactive:          54936 kB
Active(anon):    1466140 kB
Inactive(anon):     2920 kB
Active(file):      52832 kB
Inactive(file):    52016 kB
Unevictable:        1940 kB
Mlocked:               0 kB
HighTotal:       1158144 kB
HighFree:           4876 kB
LowTotal:         741364 kB
LowFree:           47628 kB
SwapTotal:             0 kB
SwapFree:              0 kB
Dirty:                 0 kB
Writeback:             0 kB
AnonPages:       1464556 kB
Mapped:           101384 kB
Shmem:              4612 kB
Slab:              33264 kB
SReclaimable:      12000 kB
SUnreclaim:        21264 kB
KernelStack:        6040 kB
PageTables:        11640 kB
NFS_Unstable:          0 kB
Bounce:                0 kB
WritebackTmp:          0 kB
CommitLimit:      949752 kB
Committed_AS:   11957196 kB
VmallocTotal:     245760 kB
VmallocUsed:       50788 kB
VmallocChunk:      75648 kB
1557661597.390036
MemTotal:        1899508 kB
MemFree:           50440 kB
Buffers:             344 kB
Cached:           110548 kB
SwapCached:            0 kB
Active:          1520956 kB
Inactive:          54380 kB
Active(anon):    1468352 kB
Inactive(anon):     2920 kB
Active(file):      52604 kB
Inactive(file):    51460 kB
Unevictable:        1940 kB
Mlocked:               0 kB
HighTotal:       1158144 kB
HighFree:           3408 kB
LowTotal:         741364 kB
LowFree:           47032 kB
SwapTotal:             0 kB
SwapFree:              0 kB
Dirty:                36 kB
Writeback:             0 kB
AnonPages:       1466772 kB
Mapped:           101284 kB
Shmem:              4612 kB
Slab:              33264 kB
SReclaimable:      12000 kB
SUnreclaim:        21264 kB
KernelStack:        6040 kB
PageTables:        11644 kB
NFS_Unstable:          0 kB
Bounce:                0 kB
WritebackTmp:          0 kB
CommitLimit:      949752 kB
Committed_AS:   11957240 kB
VmallocTotal:     245760 kB
VmallocUsed:       50788 kB
VmallocChunk:      75648 kB
1557661597.951863
MemTotal:        1899508 kB
MemFree:           50876 kB
Buffers:             344 kB
Cached:           110140 kB
SwapCached:            0 kB
Active:          1520940 kB
Inactive:          54300 kB
Active(anon):    1468408 kB
Inactive(anon):     2920 kB
Active(file):      52532 kB
Inactive(file):    51380 kB
Unevictable:        1940 kB
Mlocked:               0 kB
HighTotal:       1158144 kB
HighFree:           3700 kB
LowTotal:         741364 kB
LowFree:           47176 kB
SwapTotal:             0 kB
SwapFree:              0 kB
Dirty:                36 kB
Writeback:             0 kB
AnonPages:       1466788 kB
Mapped:           101268 kB
Shmem:              4612 kB
Slab:              33232 kB
SReclaimable:      12000 kB
SUnreclaim:        21232 kB
KernelStack:        6008 kB
PageTables:        11624 kB
NFS_Unstable:          0 kB
Bounce:                0 kB
WritebackTmp:          0 kB
CommitLimit:      949752 kB
Committed_AS:   11953060 kB
VmallocTotal:     245760 kB
VmallocUsed:       50788 kB
VmallocChunk:      75648 kB
1557661598.519408
MemTotal:        1899508 kB
MemFree:           51388 kB
Buffers:             344 kB
Cached:           109680 kB
SwapCached:            0 kB
Active:          1520944 kB
Inactive:          53732 kB
Active(anon):    1468380 kB
Inactive(anon):     2920 kB
Active(file):      52564 kB
Inactive(file):    50812 kB
Unevictable:        1940 kB
Mlocked:               0 kB
HighTotal:       1158144 kB
HighFree:           4256 kB
LowTotal:         741364 kB
LowFree:           47132 kB
SwapTotal:             0 kB
SwapFree:              0 kB
Dirty:                36 kB
Writeback:             0 kB
AnonPages:       1466904 kB
Mapped:           101052 kB
Shmem:              4612 kB
Slab:              33232 kB
SReclaimable:      12000 kB
SUnreclaim:        21232 kB
KernelStack:        6032 kB
PageTables:        11636 kB
NFS_Unstable:          0 kB
Bounce:                0 kB
WritebackTmp:          0 kB
CommitLimit:      949752 kB
Committed_AS:   11953048 kB
VmallocTotal:     245760 kB
VmallocUsed:       50788 kB
VmallocChunk:      75648 kB
1557661599.086252
MemTotal:        1899508 kB
MemFree:           52240 kB
Buffers:             344 kB
Cached:           109072 kB
SwapCached:            0 kB
Active:          1520984 kB
Inactive:          53288 kB
Active(anon):    1468520 kB
Inactive(anon):     2920 kB
Active(file):      52464 kB
Inactive(file):    50368 kB
Unevictable:        1940 kB
Mlocked:               0 kB
HighTotal:       1158144 kB
HighFree:           4936 kB
LowTotal:         741364 kB
LowFree:           47304 kB
SwapTotal:             0 kB
SwapFree:              0 kB
Dirty:                36 kB
Writeback:             0 kB
AnonPages:       1466948 kB
Mapped:           101020 kB
Shmem:              4612 kB
Slab:              33232 kB
SReclaimable:      12000 kB
SUnreclaim:        21232 kB
KernelStack:        6048 kB
PageTables:        11656 kB
NFS_Unstable:          0 kB
Bounce:                0 kB
WritebackTmp:          0 kB
CommitLimit:      949752 kB
Committed_AS:   11953060 kB
VmallocTotal:     245760 kB
VmallocUsed:       50788 kB
VmallocChunk:      75648 kB
1557661599.653194
MemTotal:        1899508 kB
MemFree:           43892 kB
Buffers:             584 kB
Cached:           114764 kB
SwapCached:            0 kB
Active:          1523768 kB
Inactive:          58884 kB
Active(anon):    1471328 kB
Inactive(anon):     2920 kB
Active(file):      52440 kB
Inactive(file):    55964 kB
Unevictable:        1940 kB
Mlocked:               0 kB
HighTotal:       1158144 kB
HighFree:           1728 kB
LowTotal:         741364 kB
LowFree:           42164 kB
SwapTotal:             0 kB
SwapFree:              0 kB
Dirty:                36 kB
Writeback:             0 kB
AnonPages:       1469640 kB
Mapped:           102936 kB
Shmem:              4612 kB
Slab:              33232 kB
SReclaimable:      12000 kB
SUnreclaim:        21232 kB
KernelStack:        6048 kB
PageTables:        11956 kB
NFS_Unstable:          0 kB
Bounce:                0 kB
WritebackTmp:          0 kB
CommitLimit:      949752 kB
Committed_AS:   12521264 kB
VmallocTotal:     245760 kB
VmallocUsed:       51808 kB
VmallocChunk:      75648 kB
1557661600.223385
MemTotal:        1899508 kB
MemFree:           47404 kB
Buffers:             584 kB
Cached:           113568 kB
SwapCached:            0 kB
Active:          1524800 kB
Inactive:          54268 kB
Active(anon):    1468532 kB
Inactive(anon):     2920 kB
Active(file):      56268 kB
Inactive(file):    51348 kB
Unevictable:        1940 kB
Mlocked:               0 kB
HighTotal:       1158144 kB
HighFree:           3028 kB
LowTotal:         741364 kB
LowFree:           44376 kB
SwapTotal:             0 kB
SwapFree:              0 kB
Dirty:                68 kB
Writeback:             0 kB
AnonPages:       1466936 kB
Mapped:           100948 kB
Shmem:              4612 kB
Slab:              33232 kB
SReclaimable:      12000 kB
SUnreclaim:        21232 kB
KernelStack:        6032 kB
PageTables:        11640 kB
NFS_Unstable:          0 kB
Bounce:                0 kB
WritebackTmp:          0 kB
CommitLimit:      949752 kB
Committed_AS:   11953784 kB
VmallocTotal:     245760 kB
VmallocUsed:       50788 kB
VmallocChunk:      75648 kB
1557661600.794575
MemTotal:        1899508 kB
MemFree:           46164 kB
Buffers:             560 kB
Cached:           112696 kB
SwapCached:            0 kB
Active:          1527000 kB
Inactive:          53620 kB
Active(anon):    1471044 kB
Inactive(anon):     2920 kB
Active(file):      55956 kB
Inactive(file):    50700 kB
Unevictable:        1940 kB
Mlocked:               0 kB
HighTotal:       1158144 kB
HighFree:           1836 kB
LowTotal:         741364 kB
LowFree:           44328 kB
SwapTotal:             0 kB
SwapFree:              0 kB
Dirty:                68 kB
Writeback:             0 kB
AnonPages:       1469496 kB
Mapped:           100848 kB
Shmem:              4612 kB
Slab:              33232 kB
SReclaimable:      12000 kB
SUnreclaim:        21232 kB
KernelStack:        6032 kB
PageTables:        11640 kB
NFS_Unstable:          0 kB
Bounce:                0 kB
WritebackTmp:          0 kB
CommitLimit:      949752 kB
Committed_AS:   11953748 kB
VmallocTotal:     245760 kB
VmallocUsed:       50788 kB
VmallocChunk:      75648 kB
1557661601.374262
MemTotal:        1899508 kB
MemFree:           43508 kB
Buffers:             576 kB
Cached:           112312 kB
SwapCached:            0 kB
Active:          1529380 kB
Inactive:          53176 kB
Active(anon):    1473608 kB
Inactive(anon):     2920 kB
Active(file):      55772 kB
Inactive(file):    50256 kB
Unevictable:        1940 kB
Mlocked:               0 kB
HighTotal:       1158144 kB
HighFree:           1728 kB
LowTotal:         741364 kB
LowFree:           41780 kB
SwapTotal:             0 kB
SwapFree:              0 kB
Dirty:                80 kB
Writeback:             0 kB
AnonPages:       1472084 kB
Mapped:           100924 kB
Shmem:              4612 kB
Slab:              33520 kB
SReclaimable:      12000 kB
SUnreclaim:        21520 kB
KernelStack:        6032 kB
PageTables:        11644 kB
NFS_Unstable:          0 kB
Bounce:                0 kB
WritebackTmp:          0 kB
CommitLimit:      949752 kB
Committed_AS:   11959900 kB
VmallocTotal:     245760 kB
VmallocUsed:       50788 kB
VmallocChunk:      75648 kB
1557661601.937952
MemTotal:        1899508 kB
MemFree:           44184 kB
Buffers:             580 kB
Cached:           110996 kB
SwapCached:            0 kB
Active:          1529344 kB
Inactive:          51976 kB
Active(anon):    1473692 kB
Inactive(anon):     2920 kB
Active(file):      55652 kB
Inactive(file):    49056 kB
Unevictable:        1940 kB
Mlocked:               0 kB
HighTotal:       1158144 kB
HighFree:           1812 kB
LowTotal:         741364 kB
LowFree:           42372 kB
SwapTotal:             0 kB
SwapFree:              0 kB
Dirty:                 0 kB
Writeback:             0 kB
AnonPages:       1472212 kB
Mapped:           100864 kB
Shmem:              4612 kB
Slab:              33520 kB
SReclaimable:      12000 kB
SUnreclaim:        21520 kB
KernelStack:        6000 kB
PageTables:        11624 kB
NFS_Unstable:          0 kB
Bounce:                0 kB
WritebackTmp:          0 kB
CommitLimit:      949752 kB
Committed_AS:   11959932 kB
VmallocTotal:     245760 kB
VmallocUsed:       50788 kB
VmallocChunk:      75648 kB
1557661602.508541
MemTotal:        1899508 kB
MemFree:           45228 kB
Buffers:             580 kB
Cached:           110120 kB
SwapCached:            0 kB
Active:          1529448 kB
Inactive:          51408 kB
Active(anon):    1473852 kB
Inactive(anon):     2920 kB
Active(file):      55596 kB
Inactive(file):    48488 kB
Unevictable:        1940 kB
Mlocked:               0 kB
HighTotal:       1158144 kB
HighFree:           2020 kB
LowTotal:         741364 kB
LowFree:           43208 kB
SwapTotal:             0 kB
SwapFree:              0 kB
Dirty:                 0 kB
Writeback:             0 kB
AnonPages:       1472456 kB
Mapped:           100920 kB
Shmem:              4612 kB
Slab:              33520 kB
SReclaimable:      12000 kB
SUnreclaim:        21520 kB
KernelStack:        6032 kB
PageTables:        11656 kB
NFS_Unstable:          0 kB
Bounce:                0 kB
WritebackTmp:          0 kB
CommitLimit:      949752 kB
Committed_AS:   11960568 kB
VmallocTotal:     245760 kB
VmallocUsed:       50788 kB
VmallocChunk:      75648 kB
1557661603.088443
MemTotal:        1899508 kB
MemFree:           47524 kB
Buffers:             580 kB
Cached:           109404 kB
SwapCached:            0 kB
Active:          1527840 kB
Inactive:          50948 kB
Active(anon):    1472436 kB
Inactive(anon):     2920 kB
Active(file):      55404 kB
Inactive(file):    48028 kB
Unevictable:        1940 kB
Mlocked:               0 kB
HighTotal:       1158144 kB
HighFree:           3652 kB
LowTotal:         741364 kB
LowFree:           43872 kB
SwapTotal:             0 kB
SwapFree:              0 kB
Dirty:                 0 kB
Writeback:             0 kB
AnonPages:       1470752 kB
Mapped:           100828 kB
Shmem:              4612 kB
Slab:              33520 kB
SReclaimable:      12000 kB
SUnreclaim:        21520 kB
KernelStack:        6048 kB
PageTables:        11660 kB
NFS_Unstable:          0 kB
Bounce:                0 kB
WritebackTmp:          0 kB
CommitLimit:      949752 kB
Committed_AS:   11960568 kB
VmallocTotal:     245760 kB
VmallocUsed:       50788 kB
VmallocChunk:      75648 kB
1557661603.659739
MemTotal:        1899508 kB
MemFree:           48352 kB
Buffers:             580 kB
Cached:           108632 kB
SwapCached:            0 kB
Active:          1527600 kB
Inactive:          50436 kB
Active(anon):    1472520 kB
Inactive(anon):     2920 kB
Active(file):      55080 kB
Inactive(file):    47516 kB
Unevictable:        1940 kB
Mlocked:               0 kB
HighTotal:       1158144 kB
HighFree:           4016 kB
LowTotal:         741364 kB
LowFree:           44336 kB
SwapTotal:             0 kB
SwapFree:              0 kB
Dirty:                 0 kB
Writeback:             0 kB
AnonPages:       1470876 kB
Mapped:           100828 kB
Shmem:              4612 kB
Slab:              33520 kB
SReclaimable:      12000 kB
SUnreclaim:        21520 kB
KernelStack:        6048 kB
PageTables:        11660 kB
NFS_Unstable:          0 kB
Bounce:                0 kB
WritebackTmp:          0 kB
CommitLimit:      949752 kB
Committed_AS:   11960568 kB
VmallocTotal:     245760 kB
VmallocUsed:       50788 kB
VmallocChunk:      75648 kB
1557661604.229045
MemTotal:        1899508 kB
MemFree:           49032 kB
Buffers:             580 kB
Cached:           107940 kB
SwapCached:            0 kB
Active:          1527740 kB
Inactive:          50020 kB
Active(anon):    1472952 kB
Inactive(anon):     2920 kB
Active(file):      54788 kB
Inactive(file):    47100 kB
Unevictable:        1940 kB
Mlocked:               0 kB
HighTotal:       1158144 kB
HighFree:           4200 kB
LowTotal:         741364 kB
LowFree:           44832 kB
SwapTotal:             0 kB
SwapFree:              0 kB
Dirty:                 0 kB
Writeback:             0 kB
AnonPages:       1471228 kB
Mapped:           100732 kB
Shmem:              4612 kB
Slab:              33520 kB
SReclaimable:      12000 kB
SUnreclaim:        21520 kB
KernelStack:        6048 kB
PageTables:        11668 kB
NFS_Unstable:          0 kB
Bounce:                0 kB
WritebackTmp:          0 kB
CommitLimit:      949752 kB
Committed_AS:   11961312 kB
VmallocTotal:     245760 kB
VmallocUsed:       50788 kB
VmallocChunk:      75648 kB
1557661604.807882
MemTotal:        1899508 kB
MemFree:           48144 kB
Buffers:             596 kB
Cached:           107052 kB
SwapCached:            0 kB
Active:          1529108 kB
Inactive:          49312 kB
Active(anon):    1474464 kB
Inactive(anon):     2920 kB
Active(file):      54644 kB
Inactive(file):    46392 kB
Unevictable:        1940 kB
Mlocked:               0 kB
HighTotal:       1158144 kB
HighFree:           2716 kB
LowTotal:         741364 kB
LowFree:           45428 kB
SwapTotal:             0 kB
SwapFree:              0 kB
Dirty:                 0 kB
Writeback:             0 kB
