MemTotal:        1899508 kB
MemFree:           64048 kB
Buffers:            1496 kB
Cached:           270708 kB
SwapCached:            0 kB
Active:          1434204 kB
Inactive:         193608 kB
Active(anon):    1357680 kB
Inactive(anon):     3156 kB
Active(file):      76524 kB
Inactive(file):   190452 kB
Unevictable:        1940 kB
Mlocked:               0 kB
HighTotal:       1158144 kB
HighFree:           2616 kB
LowTotal:         741364 kB
LowFree:           61432 kB
SwapTotal:             0 kB
SwapFree:              0 kB
Dirty:                 0 kB
Writeback:             0 kB
AnonPages:       1357660 kB
Mapped:           132020 kB
Shmem:              3212 kB
Slab:              34060 kB
SReclaimable:      12316 kB
SUnreclaim:        21744 kB
KernelStack:        6696 kB
PageTables:        13944 kB
NFS_Unstable:          0 kB
Bounce:                0 kB
WritebackTmp:          0 kB
CommitLimit:      949752 kB
Committed_AS:   17027852 kB
VmallocTotal:     245760 kB
VmallocUsed:       55220 kB
VmallocChunk:      75648 kB
1557661307.464851
MemTotal:        1899508 kB
MemFree:           62916 kB
Buffers:            1496 kB
Cached:           270696 kB
SwapCached:            0 kB
Active:          1434724 kB
Inactive:         193624 kB
Active(anon):    1358152 kB
Inactive(anon):     3156 kB
Active(file):      76572 kB
Inactive(file):   190468 kB
Unevictable:        1940 kB
Mlocked:               0 kB
HighTotal:       1158144 kB
HighFree:           1708 kB
LowTotal:         741364 kB
LowFree:           61208 kB
SwapTotal:             0 kB
SwapFree:              0 kB
Dirty:                 0 kB
Writeback:             0 kB
AnonPages:       1358224 kB
Mapped:           132064 kB
Shmem:              3212 kB
Slab:              34064 kB
SReclaimable:      12316 kB
SUnreclaim:        21748 kB
KernelStack:        6680 kB
PageTables:        13904 kB
NFS_Unstable:          0 kB
Bounce:                0 kB
WritebackTmp:          0 kB
CommitLimit:      949752 kB
Committed_AS:   17029000 kB
VmallocTotal:     245760 kB
VmallocUsed:       55220 kB
VmallocChunk:      75648 kB
1557661308.144563
MemTotal:        1899508 kB
MemFree:           62864 kB
Buffers:            1496 kB
Cached:           270696 kB
SwapCached:            0 kB
Active:          1434784 kB
Inactive:         193624 kB
Active(anon):    1358212 kB
Inactive(anon):     3156 kB
Active(file):      76572 kB
Inactive(file):   190468 kB
Unevictable:        1940 kB
Mlocked:               0 kB
HighTotal:       1158144 kB
HighFree:           1736 kB
LowTotal:         741364 kB
LowFree:           61128 kB
SwapTotal:             0 kB
SwapFree:              0 kB
Dirty:                 0 kB
Writeback:             0 kB
AnonPages:       1358232 kB
Mapped:           132016 kB
Shmem:              3212 kB
Slab:              34064 kB
SReclaimable:      12316 kB
SUnreclaim:        21748 kB
KernelStack:        6616 kB
PageTables:        13928 kB
NFS_Unstable:          0 kB
Bounce:                0 kB
WritebackTmp:          0 kB
CommitLimit:      949752 kB
Committed_AS:   17029012 kB
VmallocTotal:     245760 kB
VmallocUsed:       55220 kB
VmallocChunk:      75648 kB
1557661308.858414
MemTotal:        1899508 kB
MemFree:           63044 kB
Buffers:            1496 kB
Cached:           270696 kB
SwapCached:            0 kB
Active:          1434804 kB
Inactive:         193624 kB
Active(anon):    1358232 kB
Inactive(anon):     3156 kB
Active(file):      76572 kB
Inactive(file):   190468 kB
Unevictable:        1940 kB
Mlocked:               0 kB
HighTotal:       1158144 kB
HighFree:           1736 kB
LowTotal:         741364 kB
LowFree:           61308 kB
SwapTotal:             0 kB
SwapFree:              0 kB
Dirty:                 0 kB
Writeback:             0 kB
AnonPages:       1358324 kB
Mapped:           132116 kB
Shmem:              3212 kB
Slab:              34024 kB
SReclaimable:      12316 kB
SUnreclaim:        21708 kB
KernelStack:        6576 kB
PageTables:        13992 kB
NFS_Unstable:          0 kB
Bounce:                0 kB
WritebackTmp:          0 kB
CommitLimit:      949752 kB
Committed_AS:   17029012 kB
VmallocTotal:     245760 kB
VmallocUsed:       55220 kB
VmallocChunk:      75648 kB
1557661309.601499
MemTotal:        1899508 kB
MemFree:           57704 kB
Buffers:            1496 kB
Cached:           273744 kB
SwapCached:            0 kB
Active:          1436920 kB
Inactive:         196580 kB
Active(anon):    1360348 kB
Inactive(anon):     3156 kB
Active(file):      76572 kB
Inactive(file):   193424 kB
Unevictable:        1940 kB
Mlocked:               0 kB
HighTotal:       1158144 kB
HighFree:           1908 kB
LowTotal:         741364 kB
LowFree:           55796 kB
SwapTotal:             0 kB
SwapFree:              0 kB
Dirty:                 0 kB
Writeback:             0 kB
AnonPages:       1360268 kB
Mapped:           132904 kB
Shmem:              3212 kB
Slab:              34096 kB
SReclaimable:      12316 kB
SUnreclaim:        21780 kB
KernelStack:        6664 kB
PageTables:        14196 kB
NFS_Unstable:          0 kB
Bounce:                0 kB
WritebackTmp:          0 kB
CommitLimit:      949752 kB
Committed_AS:   17592956 kB
VmallocTotal:     245760 kB
VmallocUsed:       56240 kB
VmallocChunk:      75648 kB
1557661310.285160
MemTotal:        1899508 kB
MemFree:           46688 kB
Buffers:            1496 kB
Cached:           281836 kB
SwapCached:            0 kB
Active:          1439932 kB
Inactive:         204560 kB
Active(anon):    1363160 kB
Inactive(anon):     3156 kB
Active(file):      76772 kB
Inactive(file):   201404 kB
Unevictable:        1940 kB
Mlocked:               0 kB
HighTotal:       1158144 kB
HighFree:           1780 kB
LowTotal:         741364 kB
LowFree:           44908 kB
SwapTotal:             0 kB
SwapFree:              0 kB
Dirty:                 0 kB
Writeback:             0 kB
AnonPages:       1363192 kB
Mapped:           136792 kB
Shmem:              3212 kB
Slab:              34140 kB
SReclaimable:      12316 kB
SUnreclaim:        21824 kB
KernelStack:        6736 kB
PageTables:        14288 kB
NFS_Unstable:          0 kB
Bounce:                0 kB
WritebackTmp:          0 kB
CommitLimit:      949752 kB
Committed_AS:   17594780 kB
VmallocTotal:     245760 kB
VmallocUsed:       56240 kB
VmallocChunk:      75648 kB
1557661310.984267
MemTotal:        1899508 kB
MemFree:           50136 kB
Buffers:             912 kB
Cached:           260928 kB
SwapCached:            0 kB
Active:          1449324 kB
Inactive:         177268 kB
Active(anon):    1366880 kB
Inactive(anon):     2900 kB
Active(file):      82444 kB
Inactive(file):   174368 kB
Unevictable:        1940 kB
Mlocked:               0 kB
HighTotal:       1158144 kB
HighFree:           4656 kB
LowTotal:         741364 kB
LowFree:           45480 kB
SwapTotal:             0 kB
SwapFree:              0 kB
Dirty:                 0 kB
Writeback:             0 kB
AnonPages:       1366796 kB
Mapped:           133164 kB
Shmem:              2968 kB
Slab:              34132 kB
SReclaimable:      12316 kB
SUnreclaim:        21816 kB
KernelStack:        6728 kB
PageTables:        14272 kB
NFS_Unstable:          0 kB
Bounce:                0 kB
WritebackTmp:          0 kB
CommitLimit:      949752 kB
Committed_AS:   17595352 kB
VmallocTotal:     245760 kB
VmallocUsed:       56356 kB
VmallocChunk:      75648 kB
1557661311.696911
MemTotal:        1899508 kB
MemFree:           68056 kB
Buffers:             912 kB
Cached:           260044 kB
SwapCached:            0 kB
Active:          1455524 kB
Inactive:         172512 kB
Active(anon):    1369296 kB
Inactive(anon):     2900 kB
Active(file):      86228 kB
Inactive(file):   169612 kB
Unevictable:        1940 kB
Mlocked:               0 kB
HighTotal:       1158144 kB
HighFree:          10572 kB
LowTotal:         741364 kB
LowFree:           57484 kB
SwapTotal:             0 kB
SwapFree:              0 kB
Dirty:                 0 kB
Writeback:             0 kB
AnonPages:       1369224 kB
Mapped:           134484 kB
Shmem:              2968 kB
Slab:              34132 kB
SReclaimable:      12316 kB
SUnreclaim:        21816 kB
KernelStack:        6728 kB
PageTables:        14272 kB
NFS_Unstable:          0 kB
Bounce:                0 kB
WritebackTmp:          0 kB
CommitLimit:      949752 kB
Committed_AS:   17598592 kB
VmallocTotal:     245760 kB
VmallocUsed:       56228 kB
VmallocChunk:      75648 kB
1557661312.423459
MemTotal:        1899508 kB
MemFree:           40664 kB
Buffers:            1144 kB
Cached:           279288 kB
SwapCached:            0 kB
Active:          1471660 kB
Inactive:         188452 kB
Active(anon):    1382096 kB
Inactive(anon):     2900 kB
Active(file):      89564 kB
Inactive(file):   185552 kB
Unevictable:        1940 kB
Mlocked:               0 kB
HighTotal:       1158144 kB
HighFree:            508 kB
LowTotal:         741364 kB
LowFree:           40156 kB
SwapTotal:             0 kB
SwapFree:              0 kB
Dirty:                84 kB
Writeback:             0 kB
AnonPages:       1382276 kB
Mapped:           146168 kB
Shmem:              2952 kB
Slab:              34108 kB
SReclaimable:      12316 kB
SUnreclaim:        21792 kB
KernelStack:        6728 kB
PageTables:        14492 kB
NFS_Unstable:          0 kB
Bounce:                0 kB
WritebackTmp:          0 kB
CommitLimit:      949752 kB
Committed_AS:   17626300 kB
VmallocTotal:     245760 kB
VmallocUsed:       56396 kB
VmallocChunk:      75648 kB
1557661313.170932
MemTotal:        1899508 kB
MemFree:           49188 kB
Buffers:            1164 kB
Cached:           237192 kB
SwapCached:            0 kB
Active:          1494288 kB
Inactive:         135560 kB
Active(anon):    1393756 kB
Inactive(anon):     2904 kB
Active(file):     100532 kB
Inactive(file):   132656 kB
Unevictable:        1940 kB
Mlocked:               0 kB
HighTotal:       1158144 kB
HighFree:           2852 kB
LowTotal:         741364 kB
LowFree:           46336 kB
SwapTotal:             0 kB
SwapFree:              0 kB
Dirty:                12 kB
Writeback:             0 kB
AnonPages:       1393752 kB
Mapped:           152632 kB
Shmem:              2956 kB
Slab:              34124 kB
SReclaimable:      12316 kB
SUnreclaim:        21808 kB
KernelStack:        6928 kB
PageTables:        14584 kB
NFS_Unstable:          0 kB
Bounce:                0 kB
WritebackTmp:          0 kB
CommitLimit:      949752 kB
Committed_AS:   17641644 kB
VmallocTotal:     245760 kB
VmallocUsed:       56468 kB
VmallocChunk:      75648 kB
1557661313.878560
MemTotal:        1899508 kB
MemFree:           46656 kB
Buffers:            1220 kB
Cached:           241848 kB
SwapCached:            0 kB
Active:          1498416 kB
Inactive:         138700 kB
Active(anon):    1396036 kB
Inactive(anon):     2904 kB
Active(file):     102380 kB
Inactive(file):   135796 kB
Unevictable:        1940 kB
Mlocked:               0 kB
HighTotal:       1158144 kB
HighFree:           1748 kB
LowTotal:         741364 kB
LowFree:           44908 kB
SwapTotal:             0 kB
SwapFree:              0 kB
Dirty:                92 kB
Writeback:             0 kB
AnonPages:       1396052 kB
Mapped:           154132 kB
Shmem:              2956 kB
Slab:              34128 kB
SReclaimable:      12316 kB
SUnreclaim:        21812 kB
KernelStack:        7048 kB
PageTables:        14664 kB
NFS_Unstable:          0 kB
Bounce:                0 kB
WritebackTmp:          0 kB
CommitLimit:      949752 kB
Committed_AS:   17644816 kB
VmallocTotal:     245760 kB
VmallocUsed:       56468 kB
VmallocChunk:      75648 kB
1557661314.579593
MemTotal:        1899508 kB
MemFree:           43564 kB
Buffers:            1288 kB
Cached:           234692 kB
SwapCached:            0 kB
Active:          1507048 kB
Inactive:         132232 kB
Active(anon):    1405496 kB
Inactive(anon):     2904 kB
Active(file):     101552 kB
Inactive(file):   129328 kB
Unevictable:        1940 kB
Mlocked:               0 kB
HighTotal:       1158144 kB
HighFree:           1812 kB
LowTotal:         741364 kB
LowFree:           41752 kB
SwapTotal:             0 kB
SwapFree:              0 kB
Dirty:                92 kB
Writeback:             0 kB
AnonPages:       1405696 kB
Mapped:           159760 kB
Shmem:              2956 kB
Slab:              34128 kB
SReclaimable:      12316 kB
SUnreclaim:        21812 kB
KernelStack:        7048 kB
PageTables:        14764 kB
NFS_Unstable:          0 kB
Bounce:                0 kB
WritebackTmp:          0 kB
CommitLimit:      949752 kB
Committed_AS:   17656352 kB
VmallocTotal:     245760 kB
VmallocUsed:       56468 kB
VmallocChunk:      75648 kB
1557661315.282019
MemTotal:        1899508 kB
MemFree:           47408 kB
Buffers:            1068 kB
Cached:           212280 kB
SwapCached:            0 kB
Active:          1533232 kB
Inactive:         107728 kB
Active(anon):    1429944 kB
Inactive(anon):     2912 kB
Active(file):     103288 kB
Inactive(file):   104816 kB
Unevictable:        1940 kB
Mlocked:               0 kB
HighTotal:       1158144 kB
HighFree:           2236 kB
LowTotal:         741364 kB
LowFree:           45172 kB
SwapTotal:             0 kB
SwapFree:              0 kB
Dirty:               220 kB
Writeback:             0 kB
AnonPages:       1430092 kB
Mapped:           159796 kB
Shmem:              2964 kB
Slab:              34136 kB
SReclaimable:      12316 kB
SUnreclaim:        21820 kB
KernelStack:        7144 kB
PageTables:        14736 kB
NFS_Unstable:          0 kB
Bounce:                0 kB
WritebackTmp:          0 kB
CommitLimit:      949752 kB
Committed_AS:   17692432 kB
VmallocTotal:     245760 kB
VmallocUsed:       56460 kB
VmallocChunk:      75648 kB
1557661315.981332
MemTotal:        1899508 kB
MemFree:           50836 kB
Buffers:            1072 kB
Cached:           212616 kB
SwapCached:            0 kB
Active:          1529816 kB
Inactive:         108520 kB
Active(anon):    1426688 kB
Inactive(anon):     2912 kB
Active(file):     103128 kB
Inactive(file):   105608 kB
Unevictable:        1940 kB
Mlocked:               0 kB
HighTotal:       1158144 kB
HighFree:           5164 kB
LowTotal:         741364 kB
LowFree:           45672 kB
SwapTotal:             0 kB
SwapFree:              0 kB
Dirty:               288 kB
Writeback:             0 kB
AnonPages:       1426780 kB
Mapped:           160132 kB
Shmem:              2964 kB
Slab:              34116 kB
SReclaimable:      12316 kB
SUnreclaim:        21800 kB
KernelStack:        7176 kB
PageTables:        14824 kB
NFS_Unstable:          0 kB
Bounce:                0 kB
WritebackTmp:          0 kB
CommitLimit:      949752 kB
Committed_AS:   17694084 kB
VmallocTotal:     245760 kB
VmallocUsed:       56460 kB
VmallocChunk:      75648 kB
1557661316.708893
MemTotal:        1899508 kB
MemFree:           50792 kB
Buffers:            1072 kB
Cached:           212616 kB
SwapCached:            0 kB
Active:          1529816 kB
Inactive:         108520 kB
Active(anon):    1426688 kB
Inactive(anon):     2912 kB
Active(file):     103128 kB
Inactive(file):   105608 kB
Unevictable:        1940 kB
Mlocked:               0 kB
HighTotal:       1158144 kB
HighFree:           5020 kB
LowTotal:         741364 kB
LowFree:           45772 kB
SwapTotal:             0 kB
SwapFree:              0 kB
Dirty:               288 kB
Writeback:             0 kB
AnonPages:       1426780 kB
Mapped:           160232 kB
Shmem:              2964 kB
Slab:              34116 kB
SReclaimable:      12316 kB
SUnreclaim:        21800 kB
KernelStack:        7176 kB
PageTables:        14824 kB
NFS_Unstable:          0 kB
Bounce:                0 kB
WritebackTmp:          0 kB
CommitLimit:      949752 kB
Committed_AS:   17694084 kB
VmallocTotal:     245760 kB
VmallocUsed:       56460 kB
VmallocChunk:      75648 kB
1557661317.465836
MemTotal:        1899508 kB
MemFree:           52256 kB
Buffers:            1072 kB
Cached:           212740 kB
SwapCached:            0 kB
Active:          1527500 kB
Inactive:         108652 kB
Active(anon):    1424372 kB
Inactive(anon):     2912 kB
Active(file):     103128 kB
Inactive(file):   105740 kB
Unevictable:        1940 kB
Mlocked:               0 kB
HighTotal:       1158144 kB
HighFree:           5400 kB
LowTotal:         741364 kB
LowFree:           46856 kB
SwapTotal:             0 kB
SwapFree:              0 kB
Dirty:               288 kB
Writeback:             0 kB
AnonPages:       1424376 kB
Mapped:           160136 kB
Shmem:              2964 kB
Slab:              34104 kB
SReclaimable:      12316 kB
SUnreclaim:        21788 kB
KernelStack:        7176 kB
PageTables:        14816 kB
NFS_Unstable:          0 kB
Bounce:                0 kB
WritebackTmp:          0 kB
CommitLimit:      949752 kB
Committed_AS:   17694072 kB
VmallocTotal:     245760 kB
VmallocUsed:       56460 kB
VmallocChunk:      75648 kB
1557661318.197558
MemTotal:        1899508 kB
MemFree:           58784 kB
Buffers:            1072 kB
Cached:           212968 kB
SwapCached:            0 kB
Active:          1520668 kB
Inactive:         108880 kB
Active(anon):    1417540 kB
Inactive(anon):     2912 kB
Active(file):     103128 kB
Inactive(file):   105968 kB
Unevictable:        1940 kB
Mlocked:               0 kB
HighTotal:       1158144 kB
HighFree:           7676 kB
LowTotal:         741364 kB
LowFree:           51108 kB
SwapTotal:             0 kB
SwapFree:              0 kB
Dirty:               292 kB
Writeback:             0 kB
AnonPages:       1417596 kB
Mapped:           160244 kB
Shmem:              2964 kB
Slab:              34108 kB
SReclaimable:      12316 kB
SUnreclaim:        21792 kB
KernelStack:        7160 kB
PageTables:        14828 kB
NFS_Unstable:          0 kB
Bounce:                0 kB
WritebackTmp:          0 kB
CommitLimit:      949752 kB
Committed_AS:   17689556 kB
VmallocTotal:     245760 kB
VmallocUsed:       56460 kB
VmallocChunk:      75648 kB
1557661318.893092
MemTotal:        1899508 kB
MemFree:           58868 kB
Buffers:            1072 kB
Cached:           212940 kB
SwapCached:            0 kB
Active:          1520620 kB
Inactive:         108892 kB
Active(anon):    1417492 kB
Inactive(anon):     2912 kB
Active(file):     103128 kB
Inactive(file):   105980 kB
Unevictable:        1940 kB
Mlocked:               0 kB
HighTotal:       1158144 kB
HighFree:           7748 kB
LowTotal:         741364 kB
LowFree:           51120 kB
SwapTotal:             0 kB
SwapFree:              0 kB
Dirty:               292 kB
Writeback:             0 kB
AnonPages:       1417544 kB
Mapped:           160236 kB
Shmem:              2964 kB
Slab:              34104 kB
SReclaimable:      12316 kB
SUnreclaim:        21788 kB
KernelStack:        7176 kB
PageTables:        14864 kB
NFS_Unstable:          0 kB
Bounce:                0 kB
WritebackTmp:          0 kB
CommitLimit:      949752 kB
Committed_AS:   17689544 kB
VmallocTotal:     245760 kB
VmallocUsed:       56460 kB
VmallocChunk:      75648 kB
1557661319.589756
MemTotal:        1899508 kB
MemFree:           58604 kB
Buffers:            1072 kB
Cached:           212940 kB
SwapCached:            0 kB
Active:          1520704 kB
Inactive:         108892 kB
Active(anon):    1417576 kB
Inactive(anon):     2912 kB
Active(file):     103128 kB
Inactive(file):   105980 kB
Unevictable:        1940 kB
Mlocked:               0 kB
HighTotal:       1158144 kB
HighFree:           7500 kB
LowTotal:         741364 kB
LowFree:           51104 kB
SwapTotal:             0 kB
SwapFree:              0 kB
Dirty:               292 kB
Writeback:             0 kB
AnonPages:       1417544 kB
Mapped:           160236 kB
Shmem:              2964 kB
Slab:              34104 kB
SReclaimable:      12316 kB
SUnreclaim:        21788 kB
KernelStack:        7176 kB
PageTables:        14964 kB
NFS_Unstable:          0 kB
Bounce:                0 kB
WritebackTmp:          0 kB
CommitLimit:      949752 kB
Committed_AS:   17689580 kB
VmallocTotal:     245760 kB
VmallocUsed:       56460 kB
VmallocChunk:      75648 kB
1557661320.268719
MemTotal:        1899508 kB
MemFree:           41020 kB
Buffers:            1080 kB
Cached:           214380 kB
SwapCached:            0 kB
Active:          1521768 kB
Inactive:         110528 kB
Active(anon):    1419032 kB
Inactive(anon):     2912 kB
Active(file):     102736 kB
Inactive(file):   107616 kB
Unevictable:        1940 kB
Mlocked:               0 kB
HighTotal:       1158144 kB
HighFree:            892 kB
LowTotal:         741364 kB
LowFree:           40128 kB
SwapTotal:             0 kB
SwapFree:              0 kB
Dirty:                92 kB
Writeback:             0 kB
AnonPages:       1419116 kB
Mapped:           171708 kB
Shmem:              2964 kB
Slab:              34104 kB
SReclaimable:      12316 kB
SUnreclaim:        21788 kB
KernelStack:        7160 kB
PageTables:        14952 kB
NFS_Unstable:          0 kB
Bounce:                0 kB
WritebackTmp:          0 kB
CommitLimit:      949752 kB
Committed_AS:   17692192 kB
VmallocTotal:     245760 kB
VmallocUsed:       56556 kB
VmallocChunk:      75648 kB
1557661320.979140
MemTotal:        1899508 kB
MemFree:           47620 kB
Buffers:            1072 kB
Cached:           207260 kB
SwapCached:            0 kB
Active:          1525004 kB
Inactive:         104636 kB
Active(anon):    1423492 kB
Inactive(anon):     2920 kB
Active(file):     101512 kB
Inactive(file):   101716 kB
Unevictable:        1940 kB
Mlocked:               0 kB
HighTotal:       1158144 kB
HighFree:           2256 kB
LowTotal:         741364 kB
LowFree:           45364 kB
SwapTotal:             0 kB
SwapFree:              0 kB
Dirty:               276 kB
Writeback:             0 kB
AnonPages:       1423560 kB
Mapped:           166756 kB
Shmem:              2972 kB
Slab:              34124 kB
SReclaimable:      12340 kB
SUnreclaim:        21784 kB
KernelStack:        7200 kB
PageTables:        14900 kB
NFS_Unstable:          0 kB
Bounce:                0 kB
WritebackTmp:          0 kB
CommitLimit:      949752 kB
Committed_AS:   17694004 kB
VmallocTotal:     245760 kB
VmallocUsed:       56556 kB
VmallocChunk:      75648 kB
1557661321.709113
MemTotal:        1899508 kB
MemFree:           45252 kB
Buffers:             992 kB
Cached:           187860 kB
SwapCached:            0 kB
Active:          1522348 kB
Inactive:          93152 kB
Active(anon):    1428780 kB
Inactive(anon):     2920 kB
Active(file):      93568 kB
Inactive(file):    90232 kB
Unevictable:        1940 kB
Mlocked:               0 kB
HighTotal:       1158144 kB
HighFree:           2972 kB
LowTotal:         741364 kB
LowFree:           42280 kB
SwapTotal:             0 kB
SwapFree:              0 kB
Dirty:                 0 kB
Writeback:             0 kB
AnonPages:       1428564 kB
Mapped:           171488 kB
Shmem:              2972 kB
Slab:              34044 kB
SReclaimable:      12260 kB
SUnreclaim:        21784 kB
KernelStack:        7064 kB
PageTables:        13800 kB
NFS_Unstable:          0 kB
Bounce:                0 kB
WritebackTmp:          0 kB
CommitLimit:      949752 kB
Committed_AS:   16009440 kB
VmallocTotal:     245760 kB
VmallocUsed:       53676 kB
VmallocChunk:      75648 kB
1557661322.421958
MemTotal:        1899508 kB
MemFree:           39900 kB
Buffers:             804 kB
Cached:           174736 kB
SwapCached:            0 kB
Active:          1529668 kB
Inactive:          86892 kB
Active(anon):    1443168 kB
Inactive(anon):     2920 kB
Active(file):      86500 kB
Inactive(file):    83972 kB
Unevictable:        1940 kB
Mlocked:               0 kB
HighTotal:       1158144 kB
HighFree:            724 kB
LowTotal:         741364 kB
LowFree:           39176 kB
SwapTotal:             0 kB
SwapFree:              0 kB
Dirty:                36 kB
Writeback:             0 kB
AnonPages:       1443208 kB
Mapped:           174388 kB
Shmem:              2972 kB
Slab:              34020 kB
SReclaimable:      12288 kB
SUnreclaim:        21732 kB
KernelStack:        6912 kB
PageTables:        13712 kB
NFS_Unstable:          0 kB
Bounce:                0 kB
WritebackTmp:          0 kB
CommitLimit:      949752 kB
Committed_AS:   16026276 kB
VmallocTotal:     245760 kB
VmallocUsed:       53760 kB
VmallocChunk:      75648 kB
1557661323.117778
MemTotal:        1899508 kB
MemFree:           46576 kB
Buffers:             724 kB
Cached:           157604 kB
SwapCached:            0 kB
Active:          1520888 kB
Inactive:          78936 kB
Active(anon):    1443632 kB
Inactive(anon):     2920 kB
Active(file):      77256 kB
Inactive(file):    76016 kB
Unevictable:        1940 kB
Mlocked:               0 kB
HighTotal:       1158144 kB
HighFree:           6228 kB
LowTotal:         741364 kB
LowFree:           40348 kB
SwapTotal:             0 kB
SwapFree:              0 kB
Dirty:                 0 kB
Writeback:             0 kB
AnonPages:       1443668 kB
Mapped:           176344 kB
Shmem:              2972 kB
Slab:              34016 kB
SReclaimable:      12288 kB
SUnreclaim:        21728 kB
KernelStack:        6920 kB
PageTables:        13776 kB
NFS_Unstable:          0 kB
Bounce:                0 kB
WritebackTmp:          0 kB
CommitLimit:      949752 kB
Committed_AS:   16026312 kB
VmallocTotal:     245760 kB
VmallocUsed:       53868 kB
VmallocChunk:      75648 kB
1557661323.817576
MemTotal:        1899508 kB
MemFree:           41308 kB
Buffers:             748 kB
Cached:           160920 kB
SwapCached:            0 kB
Active:          1522420 kB
Inactive:          82352 kB
Active(anon):    1445360 kB
Inactive(anon):     2932 kB
Active(file):      77060 kB
Inactive(file):    79420 kB
Unevictable:        1940 kB
Mlocked:               0 kB
HighTotal:       1158144 kB
HighFree:           1188 kB
LowTotal:         741364 kB
LowFree:           40120 kB
SwapTotal:             0 kB
SwapFree:              0 kB
Dirty:               304 kB
Writeback:             4 kB
AnonPages:       1445348 kB
Mapped:           175716 kB
Shmem:              2988 kB
Slab:              34016 kB
SReclaimable:      12288 kB
SUnreclaim:        21728 kB
KernelStack:        7008 kB
PageTables:        13832 kB
NFS_Unstable:          0 kB
Bounce:                0 kB
WritebackTmp:          0 kB
CommitLimit:      949752 kB
Committed_AS:   16027336 kB
VmallocTotal:     245760 kB
VmallocUsed:       53868 kB
VmallocChunk:      75648 kB
1557661324.518092
MemTotal:        1899508 kB
MemFree:           50820 kB
Buffers:             628 kB
Cached:           149972 kB
SwapCached:            0 kB
Active:          1520296 kB
Inactive:          75848 kB
Active(anon):    1447712 kB
Inactive(anon):     2920 kB
Active(file):      72584 kB
Inactive(file):    72928 kB
Unevictable:        1940 kB
Mlocked:               0 kB
HighTotal:       1158144 kB
HighFree:           7156 kB
LowTotal:         741364 kB
LowFree:           43664 kB
SwapTotal:             0 kB
SwapFree:              0 kB
Dirty:               108 kB
Writeback:             0 kB
AnonPages:       1447724 kB
Mapped:           165640 kB
Shmem:              2972 kB
Slab:              34012 kB
SReclaimable:      12288 kB
SUnreclaim:        21724 kB
KernelStack:        7016 kB
PageTables:        13316 kB
NFS_Unstable:          0 kB
Bounce:                0 kB
WritebackTmp:          0 kB
CommitLimit:      949752 kB
Committed_AS:   15466352 kB
VmallocTotal:     245760 kB
VmallocUsed:       52848 kB
VmallocChunk:      75648 kB
1557661325.362423
MemTotal:        1899508 kB
MemFree:           66480 kB
Buffers:             484 kB
Cached:           131496 kB
SwapCached:            0 kB
Active:          1479408 kB
Inactive:          65856 kB
Active(anon):    1415388 kB
Inactive(anon):     2920 kB
Active(file):      64020 kB
Inactive(file):    62936 kB
Unevictable:        1940 kB
Mlocked:               0 kB
HighTotal:       1158144 kB
HighFree:          19424 kB
LowTotal:         741364 kB
LowFree:           47056 kB
SwapTotal:             0 kB
SwapFree:              0 kB
Dirty:                 0 kB
Writeback:             0 kB
AnonPages:       1415432 kB
Mapped:           140512 kB
Shmem:              2972 kB
Slab:              33812 kB
SReclaimable:      12280 kB
SUnreclaim:        21532 kB
KernelStack:        6368 kB
PageTables:        11872 kB
NFS_Unstable:          0 kB
Bounce:                0 kB
WritebackTmp:          0 kB
CommitLimit:      949752 kB
Committed_AS:   12443068 kB
VmallocTotal:     245760 kB
VmallocUsed:       52024 kB
VmallocChunk:      75648 kB
1557661325.976925
MemTotal:        1899508 kB
MemFree:           62596 kB
Buffers:             484 kB
Cached:           130884 kB
SwapCached:            0 kB
Active:          1479476 kB
Inactive:          64900 kB
Active(anon):    1415040 kB
Inactive(anon):     2916 kB
Active(file):      64436 kB
Inactive(file):    61984 kB
Unevictable:        1940 kB
Mlocked:               0 kB
HighTotal:       1158144 kB
HighFree:          20036 kB
LowTotal:         741364 kB
LowFree:           42560 kB
SwapTotal:             0 kB
SwapFree:              0 kB
Dirty:                 0 kB
Writeback:             0 kB
AnonPages:       1415180 kB
Mapped:           139068 kB
Shmem:              2968 kB
Slab:              33796 kB
SReclaimable:      12280 kB
SUnreclaim:        21516 kB
KernelStack:        6032 kB
PageTables:        11348 kB
NFS_Unstable:          0 kB
Bounce:                0 kB
WritebackTmp:          0 kB
CommitLimit:      949752 kB
Committed_AS:   11846192 kB
VmallocTotal:     245760 kB
VmallocUsed:       48580 kB
VmallocChunk:      75648 kB
1557661326.684531
MemTotal:        1899508 kB
MemFree:           59396 kB
Buffers:             484 kB
Cached:           131752 kB
SwapCached:            0 kB
Active:          1481188 kB
Inactive:          65656 kB
Active(anon):    1416752 kB
Inactive(anon):     2916 kB
Active(file):      64436 kB
Inactive(file):    62740 kB
Unevictable:        1940 kB
Mlocked:               0 kB
HighTotal:       1158144 kB
HighFree:          17056 kB
LowTotal:         741364 kB
LowFree:           42340 kB
SwapTotal:             0 kB
SwapFree:              0 kB
Dirty:                 0 kB
Writeback:             0 kB
AnonPages:       1416716 kB
Mapped:           139192 kB
Shmem:              2968 kB
Slab:              33796 kB
SReclaimable:      12280 kB
SUnreclaim:        21516 kB
KernelStack:        6032 kB
PageTables:        11648 kB
NFS_Unstable:          0 kB
Bounce:                0 kB
WritebackTmp:          0 kB
CommitLimit:      949752 kB
Committed_AS:   12414020 kB
VmallocTotal:     245760 kB
VmallocUsed:       49600 kB
VmallocChunk:      75648 kB
1557661327.375947
MemTotal:        1899508 kB
MemFree:           59104 kB
Buffers:             620 kB
Cached:           132308 kB
SwapCached:            0 kB
Active:          1480788 kB
Inactive:          66428 kB
Active(anon):    1416320 kB
Inactive(anon):     2916 kB
Active(file):      64468 kB
Inactive(file):    63512 kB
Unevictable:        1940 kB
Mlocked:               0 kB
HighTotal:       1158144 kB
HighFree:          16788 kB
LowTotal:         741364 kB
LowFree:           42316 kB
SwapTotal:             0 kB
SwapFree:              0 kB
Dirty:                 0 kB
Writeback:             4 kB
AnonPages:       1416272 kB
Mapped:           139372 kB
Shmem:              2968 kB
Slab:              33796 kB
SReclaimable:      12280 kB
SUnreclaim:        21516 kB
KernelStack:        6096 kB
PageTables:        11688 kB
NFS_Unstable:          0 kB
Bounce:                0 kB
WritebackTmp:          0 kB
CommitLimit:      949752 kB
Committed_AS:   12409384 kB
VmallocTotal:     245760 kB
VmallocUsed:       49600 kB
VmallocChunk:      75648 kB
1557661328.064662
MemTotal:        1899508 kB
MemFree:           58900 kB
Buffers:             620 kB
Cached:           132304 kB
SwapCached:            0 kB
Active:          1480884 kB
Inactive:          66468 kB
Active(anon):    1416420 kB
Inactive(anon):     2916 kB
Active(file):      64464 kB
Inactive(file):    63552 kB
Unevictable:        1940 kB
Mlocked:               0 kB
HighTotal:       1158144 kB
HighFree:          16584 kB
LowTotal:         741364 kB
LowFree:           42316 kB
SwapTotal:             0 kB
SwapFree:              0 kB
Dirty:                60 kB
Writeback:             0 kB
AnonPages:       1416436 kB
Mapped:           139412 kB
Shmem:              2968 kB
Slab:              33796 kB
SReclaimable:      12280 kB
SUnreclaim:        21516 kB
KernelStack:        6136 kB
PageTables:        11728 kB
NFS_Unstable:          0 kB
Bounce:                0 kB
WritebackTmp:          0 kB
CommitLimit:      949752 kB
Committed_AS:   12409396 kB
VmallocTotal:     245760 kB
VmallocUsed:       49600 kB
VmallocChunk:      75648 kB
1557661328.844454
MemTotal:        1899508 kB
MemFree:           49136 kB
Buffers:             628 kB
Cached:           130832 kB
SwapCached:            0 kB
Active:          1490132 kB
Inactive:          63384 kB
Active(anon):    1424244 kB
Inactive(anon):     2932 kB
Active(file):      65888 kB
Inactive(file):    60452 kB
Unevictable:        1940 kB
Mlocked:               0 kB
HighTotal:       1158144 kB
HighFree:           8976 kB
LowTotal:         741364 kB
LowFree:           40160 kB
SwapTotal:             0 kB
SwapFree:              0 kB
Dirty:                60 kB
Writeback:             0 kB
AnonPages:       1424032 kB
Mapped:           140764 kB
Shmem:              2988 kB
Slab:              33828 kB
SReclaimable:      12280 kB
SUnreclaim:        21548 kB
KernelStack:        6248 kB
PageTables:        12112 kB
NFS_Unstable:          0 kB
Bounce:                0 kB
WritebackTmp:          0 kB
CommitLimit:      949752 kB
Committed_AS:   12453632 kB
VmallocTotal:     245760 kB
VmallocUsed:       53044 kB
VmallocChunk:      75648 kB
1557661329.683656
MemTotal:        1899508 kB
MemFree:           50360 kB
Buffers:             624 kB
Cached:           129964 kB
SwapCached:            0 kB
Active:          1489524 kB
Inactive:          63148 kB
Active(anon):    1424076 kB
Inactive(anon):     2932 kB
Active(file):      65448 kB
Inactive(file):    60216 kB
Unevictable:        1940 kB
Mlocked:               0 kB
HighTotal:       1158144 kB
HighFree:           9716 kB
LowTotal:         741364 kB
LowFree:           40644 kB
SwapTotal:             0 kB
SwapFree:              0 kB
Dirty:                60 kB
Writeback:             0 kB
AnonPages:       1424156 kB
Mapped:           140664 kB
Shmem:              2988 kB
Slab:              33828 kB
SReclaimable:      12280 kB
SUnreclaim:        21548 kB
KernelStack:        6248 kB
PageTables:        12012 kB
NFS_Unstable:          0 kB
Bounce:                0 kB
WritebackTmp:          0 kB
CommitLimit:      949752 kB
Committed_AS:   12459700 kB
VmallocTotal:     245760 kB
VmallocUsed:       52024 kB
VmallocChunk:      75648 kB
1557661330.249156
MemTotal:        1899508 kB
MemFree:           49972 kB
Buffers:             620 kB
Cached:           128944 kB
SwapCached:            0 kB
Active:          1489260 kB
Inactive:          62636 kB
Active(anon):    1424288 kB
Inactive(anon):     2952 kB
Active(file):      64972 kB
Inactive(file):    59684 kB
Unevictable:        1940 kB
Mlocked:               0 kB
HighTotal:       1158144 kB
HighFree:           9608 kB
LowTotal:         741364 kB
LowFree:           40364 kB
SwapTotal:             0 kB
SwapFree:              0 kB
Dirty:                60 kB
Writeback:             0 kB
AnonPages:       1424320 kB
Mapped:           140468 kB
Shmem:              3012 kB
Slab:              33816 kB
SReclaimable:      12280 kB
SUnreclaim:        21536 kB
KernelStack:        6144 kB
PageTables:        11984 kB
NFS_Unstable:          0 kB
Bounce:                0 kB
WritebackTmp:          0 kB
CommitLimit:      949752 kB
Committed_AS:   12459760 kB
VmallocTotal:     245760 kB
VmallocUsed:       52024 kB
VmallocChunk:      75648 kB
1557661330.821573
MemTotal:        1899508 kB
MemFree:           51172 kB
Buffers:             636 kB
Cached:           128528 kB
SwapCached:            0 kB
Active:          1488220 kB
Inactive:          62720 kB
Active(anon):    1423932 kB
Inactive(anon):     3120 kB
Active(file):      64288 kB
Inactive(file):    59600 kB
Unevictable:        1940 kB
Mlocked:               0 kB
HighTotal:       1158144 kB
HighFree:           9956 kB
LowTotal:         741364 kB
LowFree:           41216 kB
SwapTotal:             0 kB
SwapFree:              0 kB
Dirty:                60 kB
Writeback:             0 kB
AnonPages:       1424020 kB
Mapped:           140468 kB
Shmem:              3260 kB
Slab:              33816 kB
SReclaimable:      12280 kB
SUnreclaim:        21536 kB
KernelStack:        6144 kB
PageTables:        12084 kB
NFS_Unstable:          0 kB
Bounce:                0 kB
WritebackTmp:          0 kB
CommitLimit:      949752 kB
Committed_AS:   12471888 kB
VmallocTotal:     245760 kB
VmallocUsed:       52024 kB
VmallocChunk:      75648 kB
1557661331.408041
MemTotal:        1899508 kB
MemFree:           45728 kB
Buffers:             716 kB
Cached:           127624 kB
SwapCached:            0 kB
Active:          1493884 kB
Inactive:          62692 kB
Active(anon):    1430292 kB
Inactive(anon):     3208 kB
Active(file):      63592 kB
Inactive(file):    59484 kB
Unevictable:        1940 kB
Mlocked:               0 kB
HighTotal:       1158144 kB
HighFree:           4576 kB
LowTotal:         741364 kB
LowFree:           41152 kB
SwapTotal:             0 kB
SwapFree:              0 kB
Dirty:                60 kB
Writeback:             0 kB
AnonPages:       1430332 kB
Mapped:           140140 kB
Shmem:              3328 kB
Slab:              33784 kB
SReclaimable:      12280 kB
SUnreclaim:        21504 kB
KernelStack:        6144 kB
PageTables:        12284 kB
NFS_Unstable:          0 kB
Bounce:                0 kB
WritebackTmp:          0 kB
CommitLimit:      949752 kB
Committed_AS:   13046428 kB
VmallocTotal:     245760 kB
VmallocUsed:       53044 kB
VmallocChunk:      75648 kB
1557661331.995299
MemTotal:        1899508 kB
MemFree:           49772 kB
Buffers:             716 kB
Cached:           126432 kB
SwapCached:            0 kB
Active:          1491064 kB
Inactive:          61320 kB
Active(anon):    1427344 kB
Inactive(anon):     3176 kB
Active(file):      63720 kB
Inactive(file):    58144 kB
Unevictable:        1940 kB
Mlocked:               0 kB
HighTotal:       1158144 kB
HighFree:           7460 kB
LowTotal:         741364 kB
LowFree:           42312 kB
SwapTotal:             0 kB
SwapFree:              0 kB
Dirty:                64 kB
Writeback:             0 kB
AnonPages:       1427264 kB
Mapped:           139816 kB
Shmem:              3344 kB
Slab:              33784 kB
SReclaimable:      12280 kB
SUnreclaim:        21504 kB
KernelStack:        6144 kB
PageTables:        12016 kB
NFS_Unstable:          0 kB
Bounce:                0 kB
WritebackTmp:          0 kB
CommitLimit:      949752 kB
Committed_AS:   12478880 kB
VmallocTotal:     245760 kB
VmallocUsed:       52024 kB
VmallocChunk:      75648 kB
1557661332.562951
MemTotal:        1899508 kB
MemFree:           46384 kB
Buffers:             732 kB
Cached:           124724 kB
SwapCached:            0 kB
Active:          1494800 kB
Inactive:          61108 kB
Active(anon):    1432720 kB
Inactive(anon):     3260 kB
Active(file):      62080 kB
Inactive(file):    57848 kB
Unevictable:        1940 kB
Mlocked:               0 kB
HighTotal:       1158144 kB
HighFree:           3756 kB
LowTotal:         741364 kB
LowFree:           42628 kB
SwapTotal:             0 kB
SwapFree:              0 kB
Dirty:                64 kB
Writeback:             0 kB
AnonPages:       1432844 kB
Mapped:           139816 kB
Shmem:              3468 kB
Slab:              33784 kB
SReclaimable:      12280 kB
SUnreclaim:        21504 kB
KernelStack:        6144 kB
PageTables:        12416 kB
NFS_Unstable:          0 kB
Bounce:                0 kB
WritebackTmp:          0 kB
CommitLimit:      949752 kB
Committed_AS:   13048156 kB
VmallocTotal:     245760 kB
VmallocUsed:       53044 kB
VmallocChunk:      75648 kB
1557661333.126848
MemTotal:        1899508 kB
MemFree:           48564 kB
Buffers:             732 kB
Cached:           123604 kB
SwapCached:            0 kB
Active:          1494440 kB
Inactive:          59128 kB
Active(anon):    1431284 kB
Inactive(anon):     3284 kB
Active(file):      63156 kB
Inactive(file):    55844 kB
Unevictable:        1940 kB
Mlocked:               0 kB
HighTotal:       1158144 kB
HighFree:           5052 kB
LowTotal:         741364 kB
LowFree:           43512 kB
SwapTotal:             0 kB
SwapFree:              0 kB
Dirty:                56 kB
Writeback:             0 kB
AnonPages:       1431124 kB
Mapped:           139432 kB
Shmem:              3508 kB
Slab:              33784 kB
SReclaimable:      12280 kB
SUnreclaim:        21504 kB
KernelStack:        6128 kB
PageTables:        11992 kB
NFS_Unstable:          0 kB
Bounce:                0 kB
WritebackTmp:          0 kB
CommitLimit:      949752 kB
Committed_AS:   12481192 kB
VmallocTotal:     245760 kB
VmallocUsed:       52024 kB
VmallocChunk:      75648 kB
1557661333.691988
MemTotal:        1899508 kB
MemFree:           67292 kB
Buffers:             748 kB
Cached:           123040 kB
SwapCached:            0 kB
Active:          1487660 kB
Inactive:          59072 kB
Active(anon):    1425560 kB
Inactive(anon):     3284 kB
Active(file):      62100 kB
Inactive(file):    55788 kB
Unevictable:        1940 kB
Mlocked:               0 kB
HighTotal:       1158144 kB
HighFree:           9388 kB
LowTotal:         741364 kB
LowFree:           57904 kB
SwapTotal:             0 kB
SwapFree:              0 kB
Dirty:                56 kB
Writeback:             0 kB
AnonPages:       1424528 kB
Mapped:           127088 kB
Shmem:              3508 kB
Slab:              33784 kB
SReclaimable:      12280 kB
SUnreclaim:        21504 kB
KernelStack:        6128 kB
PageTables:        12392 kB
NFS_Unstable:          0 kB
Bounce:                0 kB
WritebackTmp:          0 kB
CommitLimit:      949752 kB
Committed_AS:   13706284 kB
VmallocTotal:     245760 kB
VmallocUsed:       52912 kB
VmallocChunk:      75648 kB
1557661334.281809
MemTotal:        1899508 kB
MemFree:           81372 kB
Buffers:             748 kB
Cached:           123364 kB
SwapCached:            0 kB
Active:          1481176 kB
Inactive:          59680 kB
Active(anon):    1418968 kB
Inactive(anon):     3276 kB
Active(file):      62208 kB
Inactive(file):    56404 kB
Unevictable:        1940 kB
Mlocked:               0 kB
HighTotal:       1158144 kB
HighFree:          12108 kB
LowTotal:         741364 kB
LowFree:           69264 kB
SwapTotal:             0 kB
SwapFree:              0 kB
Dirty:                56 kB
Writeback:             0 kB
AnonPages:       1418724 kB
Mapped:           119532 kB
Shmem:              3520 kB
Slab:              33816 kB
SReclaimable:      12280 kB
SUnreclaim:        21536 kB
KernelStack:        6208 kB
PageTables:        12324 kB
NFS_Unstable:          0 kB
Bounce:                0 kB
WritebackTmp:          0 kB
CommitLimit:      949752 kB
Committed_AS:   13050996 kB
VmallocTotal:     245760 kB
VmallocUsed:       52828 kB
VmallocChunk:      75648 kB
1557661334.853007
MemTotal:        1899508 kB
MemFree:           77112 kB
Buffers:             764 kB
Cached:           123472 kB
SwapCached:            0 kB
Active:          1485460 kB
Inactive:          59680 kB
Active(anon):    1423252 kB
Inactive(anon):     3276 kB
Active(file):      62208 kB
Inactive(file):    56404 kB
Unevictable:        1940 kB
Mlocked:               0 kB
HighTotal:       1158144 kB
HighFree:           7972 kB
LowTotal:         741364 kB
LowFree:           69140 kB
SwapTotal:             0 kB
SwapFree:              0 kB
Dirty:                56 kB
Writeback:             0 kB
AnonPages:       1423188 kB
Mapped:           119532 kB
Shmem:              3520 kB
Slab:              33816 kB
SReclaimable:      12280 kB
SUnreclaim:        21536 kB
KernelStack:        6208 kB
PageTables:        12424 kB
NFS_Unstable:          0 kB
Bounce:                0 kB
WritebackTmp:          0 kB
CommitLimit:      949752 kB
Committed_AS:   13051112 kB
VmallocTotal:     245760 kB
VmallocUsed:       52828 kB
VmallocChunk:      75648 kB
1557661335.423113
MemTotal:        1899508 kB
MemFree:           71632 kB
Buffers:             764 kB
Cached:           123496 kB
SwapCached:            0 kB
Active:          1490636 kB
Inactive:          59848 kB
Active(anon):    1428428 kB
Inactive(anon):     3268 kB
Active(file):      62208 kB
Inactive(file):    56580 kB
Unevictable:        1940 kB
Mlocked:               0 kB
HighTotal:       1158144 kB
HighFree:           2460 kB
LowTotal:         741364 kB
LowFree:           69172 kB
SwapTotal:             0 kB
SwapFree:              0 kB
Dirty:                60 kB
Writeback:             0 kB
AnonPages:       1428040 kB
Mapped:           119564 kB
Shmem:              3532 kB
Slab:              33816 kB
SReclaimable:      12280 kB
SUnreclaim:        21536 kB
KernelStack:        6208 kB
PageTables:        12324 kB
NFS_Unstable:          0 kB
Bounce:                0 kB
WritebackTmp:          0 kB
CommitLimit:      949752 kB
Committed_AS:   13051968 kB
VmallocTotal:     245760 kB
VmallocUsed:       52828 kB
VmallocChunk:      75648 kB
1557661335.996573
MemTotal:        1899508 kB
MemFree:           71204 kB
Buffers:             780 kB
Cached:           123496 kB
SwapCached:            0 kB
Active:          1490824 kB
Inactive:          59864 kB
Active(anon):    1428616 kB
Inactive(anon):     3268 kB
Active(file):      62208 kB
Inactive(file):    56596 kB
Unevictable:        1940 kB
Mlocked:               0 kB
HighTotal:       1158144 kB
HighFree:           2064 kB
LowTotal:         741364 kB
LowFree:           69140 kB
SwapTotal:             0 kB
SwapFree:              0 kB
Dirty:                60 kB
Writeback:             0 kB
AnonPages:       1428380 kB
Mapped:           119536 kB
Shmem:              3532 kB
Slab:              33816 kB
SReclaimable:      12280 kB
SUnreclaim:        21536 kB
KernelStack:        6224 kB
PageTables:        12332 kB
NFS_Unstable:          0 kB
Bounce:                0 kB
WritebackTmp:          0 kB
CommitLimit:      949752 kB
Committed_AS:   13051944 kB
VmallocTotal:     245760 kB
VmallocUsed:       52828 kB
VmallocChunk:      75648 kB
1557661336.566700
MemTotal:        1899508 kB
MemFree:           66312 kB
Buffers:             796 kB
Cached:           123480 kB
SwapCached:            0 kB
Active:          1495788 kB
Inactive:          59864 kB
Active(anon):    1433580 kB
Inactive(anon):     3268 kB
Active(file):      62208 kB
Inactive(file):    56596 kB
Unevictable:        1940 kB
Mlocked:               0 kB
HighTotal:       1158144 kB
HighFree:           1724 kB
LowTotal:         741364 kB
LowFree:           64588 kB
SwapTotal:             0 kB
SwapFree:              0 kB
Dirty:                60 kB
Writeback:             0 kB
AnonPages:       1433256 kB
Mapped:           119536 kB
Shmem:              3532 kB
Slab:              33816 kB
SReclaimable:      12280 kB
SUnreclaim:        21536 kB
KernelStack:        6224 kB
PageTables:        12332 kB
NFS_Unstable:          0 kB
Bounce:                0 kB
WritebackTmp:          0 kB
CommitLimit:      949752 kB
Committed_AS:   13052008 kB
VmallocTotal:     245760 kB
VmallocUsed:       52828 kB
VmallocChunk:      75648 kB
1557661337.146166
MemTotal:        1899508 kB
MemFree:           61788 kB
Buffers:             816 kB
Cached:           123492 kB
SwapCached:            0 kB
Active:          1500540 kB
Inactive:          59896 kB
Active(anon):    1438332 kB
Inactive(anon):     3268 kB
Active(file):      62208 kB
Inactive(file):    56628 kB
Unevictable:        1940 kB
Mlocked:               0 kB
HighTotal:       1158144 kB
HighFree:           1724 kB
LowTotal:         741364 kB
LowFree:           60064 kB
SwapTotal:             0 kB
SwapFree:              0 kB
Dirty:                60 kB
Writeback:             0 kB
AnonPages:       1438228 kB
Mapped:           119576 kB
Shmem:              3532 kB
Slab:              33816 kB
SReclaimable:      12280 kB
SUnreclaim:        21536 kB
KernelStack:        6208 kB
PageTables:        12336 kB
NFS_Unstable:          0 kB
Bounce:                0 kB
WritebackTmp:          0 kB
CommitLimit:      949752 kB
Committed_AS:   13055084 kB
VmallocTotal:     245760 kB
VmallocUsed:       52828 kB
VmallocChunk:      75648 kB
1557661337.722985
MemTotal:        1899508 kB
MemFree:           55836 kB
Buffers:             832 kB
Cached:           123476 kB
SwapCached:            0 kB
Active:          1506048 kB
Inactive:          59896 kB
Active(anon):    1443840 kB
Inactive(anon):     3268 kB
Active(file):      62208 kB
Inactive(file):    56628 kB
Unevictable:        1940 kB
Mlocked:               0 kB
HighTotal:       1158144 kB
HighFree:           1724 kB
LowTotal:         741364 kB
LowFree:           54112 kB
SwapTotal:             0 kB
SwapFree:              0 kB
Dirty:                60 kB
Writeback:             0 kB
AnonPages:       1443628 kB
Mapped:           119576 kB
Shmem:              3532 kB
Slab:              33816 kB
SReclaimable:      12280 kB
SUnreclaim:        21536 kB
KernelStack:        6208 kB
PageTables:        12336 kB
NFS_Unstable:          0 kB
Bounce:                0 kB
WritebackTmp:          0 kB
CommitLimit:      949752 kB
Committed_AS:   13062044 kB
VmallocTotal:     245760 kB
VmallocUsed:       52828 kB
VmallocChunk:      75648 kB
1557661338.328567
MemTotal:        1899508 kB
MemFree:           51496 kB
Buffers:             848 kB
Cached:           123500 kB
SwapCached:            0 kB
Active:          1510644 kB
Inactive:          59924 kB
Active(anon):    1448432 kB
Inactive(anon):     3268 kB
Active(file):      62212 kB
Inactive(file):    56656 kB
Unevictable:        1940 kB
Mlocked:               0 kB
HighTotal:       1158144 kB
HighFree:           1724 kB
LowTotal:         741364 kB
LowFree:           49772 kB
SwapTotal:             0 kB
SwapFree:              0 kB
Dirty:                44 kB
Writeback:             0 kB
AnonPages:       1448200 kB
Mapped:           119576 kB
Shmem:              3532 kB
Slab:              33816 kB
SReclaimable:      12280 kB
SUnreclaim:        21536 kB
KernelStack:        6208 kB
PageTables:        12340 kB
NFS_Unstable:          0 kB
Bounce:                0 kB
WritebackTmp:          0 kB
CommitLimit:      949752 kB
Committed_AS:   13065092 kB
VmallocTotal:     245760 kB
VmallocUsed:       52828 kB
VmallocChunk:      75648 kB
1557661338.903660
MemTotal:        1899508 kB
MemFree:           45896 kB
Buffers:             864 kB
Cached:           123984 kB
SwapCached:            0 kB
Active:          1515656 kB
Inactive:          60400 kB
Active(anon):    1453444 kB
Inactive(anon):     3268 kB
Active(file):      62212 kB
Inactive(file):    57132 kB
Unevictable:        1940 kB
Mlocked:               0 kB
HighTotal:       1158144 kB
HighFree:           1892 kB
LowTotal:         741364 kB
LowFree:           44004 kB
SwapTotal:             0 kB
SwapFree:              0 kB
Dirty:                44 kB
Writeback:             0 kB
AnonPages:       1453272 kB
Mapped:           120100 kB
Shmem:              3532 kB
Slab:              33816 kB
SReclaimable:      12280 kB
SUnreclaim:        21536 kB
KernelStack:        6208 kB
PageTables:        12340 kB
NFS_Unstable:          0 kB
Bounce:                0 kB
WritebackTmp:          0 kB
CommitLimit:      949752 kB
Committed_AS:   13070344 kB
VmallocTotal:     245760 kB
VmallocUsed:       52828 kB
VmallocChunk:      75648 kB
1557661339.489656
MemTotal:        1899508 kB
MemFree:           43660 kB
Buffers:             880 kB
Cached:           123484 kB
SwapCached:            0 kB
Active:          1519544 kB
Inactive:          58868 kB
Active(anon):    1456536 kB
Inactive(anon):     3268 kB
Active(file):      63008 kB
Inactive(file):    55600 kB
Unevictable:        1940 kB
Mlocked:               0 kB
HighTotal:       1158144 kB
HighFree:           1776 kB
LowTotal:         741364 kB
LowFree:           41884 kB
SwapTotal:             0 kB
SwapFree:              0 kB
Dirty:                48 kB
Writeback:             0 kB
AnonPages:       1456236 kB
Mapped:           119096 kB
Shmem:              3532 kB
Slab:              33816 kB
SReclaimable:      12280 kB
SUnreclaim:        21536 kB
KernelStack:        6224 kB
PageTables:        12008 kB
NFS_Unstable:          0 kB
Bounce:                0 kB
WritebackTmp:          0 kB
CommitLimit:      949752 kB
Committed_AS:   12508472 kB
VmallocTotal:     245760 kB
VmallocUsed:       51808 kB
VmallocChunk:      75648 kB
1557661340.062293
MemTotal:        1899508 kB
MemFree:           42140 kB
Buffers:             896 kB
Cached:           119540 kB
SwapCached:            0 kB
Active:          1522496 kB
Inactive:          57072 kB
Active(anon):    1461476 kB
Inactive(anon):     3268 kB
Active(file):      61020 kB
Inactive(file):    53804 kB
Unevictable:        1940 kB
Mlocked:               0 kB
HighTotal:       1158144 kB
HighFree:           1720 kB
LowTotal:         741364 kB
LowFree:           40420 kB
SwapTotal:             0 kB
SwapFree:              0 kB
Dirty:                48 kB
Writeback:             0 kB
AnonPages:       1461392 kB
Mapped:           118852 kB
Shmem:              3532 kB
Slab:              33816 kB
SReclaimable:      12280 kB
SUnreclaim:        21536 kB
KernelStack:        6144 kB
PageTables:        12048 kB
NFS_Unstable:          0 kB
Bounce:                0 kB
WritebackTmp:          0 kB
CommitLimit:      949752 kB
Committed_AS:   12511496 kB
VmallocTotal:     245760 kB
VmallocUsed:       51808 kB
VmallocChunk:      75648 kB
1557661340.649573
MemTotal:        1899508 kB
MemFree:           42916 kB
Buffers:             912 kB
Cached:           117160 kB
SwapCached:            0 kB
Active:          1523196 kB
Inactive:          56128 kB
Active(anon):    1463704 kB
Inactive(anon):     3268 kB
Active(file):      59492 kB
Inactive(file):    52860 kB
Unevictable:        1940 kB
Mlocked:               0 kB
HighTotal:       1158144 kB
HighFree:           2372 kB
LowTotal:         741364 kB
LowFree:           40544 kB
SwapTotal:             0 kB
SwapFree:              0 kB
Dirty:                48 kB
Writeback:             0 kB
AnonPages:       1463432 kB
Mapped:           118728 kB
Shmem:              3532 kB
Slab:              33816 kB
SReclaimable:      12280 kB
SUnreclaim:        21536 kB
KernelStack:        6144 kB
PageTables:        12048 kB
NFS_Unstable:          0 kB
Bounce:                0 kB
WritebackTmp:          0 kB
CommitLimit:      949752 kB
Committed_AS:   12514604 kB
VmallocTotal:     245760 kB
VmallocUsed:       51808 kB
VmallocChunk:      75648 kB
1557661341.224280
MemTotal:        1899508 kB
MemFree:           41440 kB
Buffers:             920 kB
Cached:           115400 kB
SwapCached:            0 kB
Active:          1526196 kB
Inactive:          55776 kB
Active(anon):    1467760 kB
Inactive(anon):     3268 kB
Active(file):      58436 kB
Inactive(file):    52508 kB
Unevictable:        1940 kB
Mlocked:               0 kB
HighTotal:       1158144 kB
HighFree:           1480 kB
LowTotal:         741364 kB
LowFree:           39960 kB
SwapTotal:             0 kB
SwapFree:              0 kB
Dirty:                48 kB
Writeback:             0 kB
AnonPages:       1467404 kB
Mapped:           118280 kB
Shmem:              3532 kB
Slab:              33816 kB
SReclaimable:      12280 kB
SUnreclaim:        21536 kB
KernelStack:        6136 kB
PageTables:        12044 kB
NFS_Unstable:          0 kB
Bounce:                0 kB
WritebackTmp:          0 kB
CommitLimit:      949752 kB
Committed_AS:   12514608 kB
VmallocTotal:     245760 kB
VmallocUsed:       51808 kB
VmallocChunk:      75648 kB
1557661341.790467
MemTotal:        1899508 kB
MemFree:           43828 kB
Buffers:             924 kB
Cached:           113208 kB
SwapCached:            0 kB
Active:          1523984 kB
Inactive:          55984 kB
Active(anon):    1468196 kB
Inactive(anon):     3268 kB
Active(file):      55788 kB
Inactive(file):    52716 kB
Unevictable:        1940 kB
Mlocked:               0 kB
HighTotal:       1158144 kB
HighFree:           1864 kB
LowTotal:         741364 kB
LowFree:           41964 kB
SwapTotal:             0 kB
SwapFree:              0 kB
Dirty:                48 kB
Writeback:             0 kB
AnonPages:       1467924 kB
Mapped:           115820 kB
Shmem:              3532 kB
Slab:              33816 kB
SReclaimable:      12280 kB
SUnreclaim:        21536 kB
KernelStack:        6136 kB
PageTables:        11644 kB
NFS_Unstable:          0 kB
Bounce:                0 kB
WritebackTmp:          0 kB
CommitLimit:      949752 kB
Committed_AS:   11950360 kB
VmallocTotal:     245760 kB
VmallocUsed:       50788 kB
VmallocChunk:      75648 kB
1557661342.357454
MemTotal:        1899508 kB
MemFree:           43556 kB
Buffers:             876 kB
Cached:           111492 kB
SwapCached:            0 kB
Active:          1525968 kB
Inactive:          54940 kB
Active(anon):    1470732 kB
Inactive(anon):     3268 kB
Active(file):      55236 kB
Inactive(file):    51672 kB
Unevictable:        1940 kB
Mlocked:               0 kB
HighTotal:       1158144 kB
HighFree:           2196 kB
LowTotal:         741364 kB
LowFree:           41360 kB
SwapTotal:             0 kB
SwapFree:              0 kB
Dirty:                48 kB
Writeback:             0 kB
AnonPages:       1470660 kB
Mapped:           115568 kB
Shmem:              3532 kB
Slab:              33752 kB
SReclaimable:      12280 kB
SUnreclaim:        21472 kB
KernelStack:        6024 kB
PageTables:        11596 kB
NFS_Unstable:          0 kB
Bounce:                0 kB
WritebackTmp:          0 kB
CommitLimit:      949752 kB
Committed_AS:   11959588 kB
VmallocTotal:     245760 kB
VmallocUsed:       50788 kB
VmallocChunk:      75648 kB
1557661342.921643
MemTotal:        1899508 kB
MemFree:           43608 kB
Buffers:             796 kB
Cached:           109208 kB
SwapCached:            0 kB
Active:          1525000 kB
Inactive:          55628 kB
Active(anon):    1473064 kB
Inactive(anon):     3268 kB
Active(file):      51936 kB
Inactive(file):    52360 kB
Unevictable:        1940 kB
Mlocked:               0 kB
HighTotal:       1158144 kB
HighFree:           2280 kB
LowTotal:         741364 kB
LowFree:           41328 kB
SwapTotal:             0 kB
SwapFree:              0 kB
Dirty:                48 kB
Writeback:             0 kB
AnonPages:       1472976 kB
Mapped:           111180 kB
Shmem:              3532 kB
Slab:              33752 kB
SReclaimable:      12280 kB
SUnreclaim:        21472 kB
KernelStack:        6024 kB
PageTables:        11996 kB
NFS_Unstable:          0 kB
Bounce:                0 kB
WritebackTmp:          0 kB
CommitLimit:      949752 kB
Committed_AS:   12526908 kB
VmallocTotal:     245760 kB
VmallocUsed:       51808 kB
VmallocChunk:      75648 kB
1557661343.490519
MemTotal:        1899508 kB
MemFree:           42100 kB
Buffers:             520 kB
Cached:           114060 kB
SwapCached:            0 kB
Active:          1525720 kB
Inactive:          57604 kB
Active(anon):    1471140 kB
Inactive(anon):     3268 kB
Active(file):      54580 kB
Inactive(file):    54336 kB
Unevictable:        1940 kB
Mlocked:               0 kB
HighTotal:       1158144 kB
HighFree:           1736 kB
LowTotal:         741364 kB
LowFree:           40364 kB
SwapTotal:             0 kB
SwapFree:              0 kB
Dirty:                36 kB
Writeback:             0 kB
AnonPages:       1471084 kB
Mapped:           105080 kB
Shmem:              3532 kB
Slab:              33752 kB
SReclaimable:      12280 kB
SUnreclaim:        21472 kB
KernelStack:        6088 kB
PageTables:        11700 kB
NFS_Unstable:          0 kB
Bounce:                0 kB
WritebackTmp:          0 kB
CommitLimit:      949752 kB
Committed_AS:   11959980 kB
VmallocTotal:     245760 kB
VmallocUsed:       50788 kB
VmallocChunk:      75648 kB
1557661344.057879
MemTotal:        1899508 kB
MemFree:           44396 kB
Buffers:             568 kB
Cached:           110920 kB
SwapCached:            0 kB
Active:          1525084 kB
Inactive:          56040 kB
Active(anon):    1471792 kB
Inactive(anon):     3676 kB
Active(file):      53292 kB
Inactive(file):    52364 kB
Unevictable:        1940 kB
Mlocked:               0 kB
HighTotal:       1158144 kB
HighFree:           2544 kB
LowTotal:         741364 kB
LowFree:           41852 kB
SwapTotal:             0 kB
SwapFree:              0 kB
Dirty:                 0 kB
Writeback:             0 kB
AnonPages:       1471716 kB
Mapped:           103020 kB
Shmem:              3852 kB
Slab:              33752 kB
SReclaimable:      12280 kB
SUnreclaim:        21472 kB
KernelStack:        6040 kB
PageTables:        11648 kB
NFS_Unstable:          0 kB
Bounce:                0 kB
WritebackTmp:          0 kB
CommitLimit:      949752 kB
Committed_AS:   11960584 kB
VmallocTotal:     245760 kB
VmallocUsed:       50788 kB
VmallocChunk:      75648 kB
1557661344.627510
MemTotal:        1899508 kB
MemFree:           47496 kB
Buffers:             560 kB
Cached:           109384 kB
SwapCached:            0 kB
Active:          1522540 kB
Inactive:          55824 kB
Active(anon):    1470560 kB
Inactive(anon):     3760 kB
Active(file):      51980 kB
Inactive(file):    52064 kB
Unevictable:        1940 kB
Mlocked:               0 kB
HighTotal:       1158144 kB
HighFree:           3904 kB
LowTotal:         741364 kB
LowFree:           43592 kB
SwapTotal:             0 kB
SwapFree:              0 kB
Dirty:                 0 kB
Writeback:             0 kB
AnonPages:       1470100 kB
Mapped:           103044 kB
Shmem:              3976 kB
Slab:              33752 kB
SReclaimable:      12280 kB
SUnreclaim:        21472 kB
KernelStack:        6040 kB
PageTables:        11648 kB
NFS_Unstable:          0 kB
Bounce:                0 kB
WritebackTmp:          0 kB
CommitLimit:      949752 kB
Committed_AS:   11960596 kB
VmallocTotal:     245760 kB
VmallocUsed:       50788 kB
VmallocChunk:      75648 kB
1557661345.199525
MemTotal:        1899508 kB
MemFree:           71596 kB
Buffers:             560 kB
Cached:           109076 kB
SwapCached:            0 kB
Active:          1498372 kB
Inactive:          55576 kB
Active(anon):    1446612 kB
Inactive(anon):     3748 kB
Active(file):      51760 kB
Inactive(file):    51828 kB
Unevictable:        1940 kB
Mlocked:               0 kB
HighTotal:       1158144 kB
HighFree:          20864 kB
LowTotal:         741364 kB
LowFree:           50732 kB
SwapTotal:             0 kB
SwapFree:              0 kB
Dirty:                 0 kB
Writeback:             0 kB
AnonPages:       1446248 kB
Mapped:           102924 kB
Shmem:              4108 kB
Slab:              33752 kB
SReclaimable:      12280 kB
SUnreclaim:        21472 kB
KernelStack:        6024 kB
PageTables:        11656 kB
NFS_Unstable:          0 kB
Bounce:                0 kB
WritebackTmp:          0 kB
CommitLimit:      949752 kB
Committed_AS:   11960128 kB
VmallocTotal:     245760 kB
VmallocUsed:       50788 kB
VmallocChunk:      75648 kB
1557661345.773592
MemTotal:        1899508 kB
MemFree:           69188 kB
Buffers:             560 kB
Cached:           109076 kB
SwapCached:            0 kB
Active:          1500976 kB
Inactive:          55576 kB
Active(anon):    1449216 kB
Inactive(anon):     3748 kB
Active(file):      51760 kB
Inactive(file):    51828 kB
Unevictable:        1940 kB
Mlocked:               0 kB
HighTotal:       1158144 kB
HighFree:          18448 kB
LowTotal:         741364 kB
LowFree:           50740 kB
SwapTotal:             0 kB
SwapFree:              0 kB
Dirty:                 0 kB
Writeback:             0 kB
AnonPages:       1448976 kB
Mapped:           102924 kB
Shmem:              4108 kB
Slab:              33752 kB
SReclaimable:      12280 kB
SUnreclaim:        21472 kB
KernelStack:        6024 kB
PageTables:        11756 kB
NFS_Unstable:          0 kB
Bounce:                0 kB
WritebackTmp:          0 kB
CommitLimit:      949752 kB
Committed_AS:   11960856 kB
VmallocTotal:     245760 kB
VmallocUsed:       50788 kB
VmallocChunk:      75648 kB
1557661346.338027
MemTotal:        1899508 kB
MemFree:           68760 kB
Buffers:             576 kB
Cached:           109060 kB
SwapCached:            0 kB
Active:          1501492 kB
Inactive:          55580 kB
Active(anon):    1449736 kB
Inactive(anon):     3748 kB
Active(file):      51756 kB
Inactive(file):    51832 kB
Unevictable:        1940 kB
Mlocked:               0 kB
HighTotal:       1158144 kB
HighFree:          18044 kB
LowTotal:         741364 kB
LowFree:           50716 kB
SwapTotal:             0 kB
SwapFree:              0 kB
Dirty:                 0 kB
Writeback:             0 kB
AnonPages:       1449452 kB
Mapped:           102920 kB
Shmem:              4108 kB
Slab:              33752 kB
SReclaimable:      12280 kB
SUnreclaim:        21472 kB
KernelStack:        6024 kB
PageTables:        11656 kB
NFS_Unstable:          0 kB
Bounce:                0 kB
WritebackTmp:          0 kB
CommitLimit:      949752 kB
Committed_AS:   11960944 kB
VmallocTotal:     245760 kB
VmallocUsed:       50788 kB
VmallocChunk:      75648 kB
1557661346.918906
MemTotal:        1899508 kB
MemFree:           66000 kB
Buffers:             592 kB
Cached:           109416 kB
SwapCached:            0 kB
Active:          1504096 kB
Inactive:          55832 kB
Active(anon):    1452340 kB
Inactive(anon):     3748 kB
Active(file):      51756 kB
Inactive(file):    52084 kB
Unevictable:        1940 kB
Mlocked:               0 kB
HighTotal:       1158144 kB
HighFree:          15252 kB
LowTotal:         741364 kB
LowFree:           50748 kB
SwapTotal:             0 kB
SwapFree:              0 kB
Dirty:                 0 kB
Writeback:             0 kB
AnonPages:       1451932 kB
Mapped:           103020 kB
Shmem:              4108 kB
Slab:              33752 kB
SReclaimable:      12280 kB
SUnreclaim:        21472 kB
KernelStack:        6024 kB
PageTables:        11756 kB
NFS_Unstable:          0 kB
Bounce:                0 kB
WritebackTmp:          0 kB
CommitLimit:      949752 kB
Committed_AS:   11961052 kB
VmallocTotal:     245760 kB
VmallocUsed:       50788 kB
VmallocChunk:      75648 kB
1557661347.489118
MemTotal:        1899508 kB
MemFree:           65892 kB
Buffers:             592 kB
Cached:           109424 kB
SwapCached:            0 kB
Active:          1504236 kB
Inactive:          55956 kB
Active(anon):    1452476 kB
Inactive(anon):     3748 kB
Active(file):      51760 kB
Inactive(file):    52208 kB
Unevictable:        1940 kB
Mlocked:               0 kB
HighTotal:       1158144 kB
HighFree:          14960 kB
LowTotal:         741364 kB
LowFree:           50932 kB
SwapTotal:             0 kB
SwapFree:              0 kB
Dirty:                48 kB
Writeback:             0 kB
AnonPages:       1452248 kB
Mapped:           102944 kB
Shmem:              4108 kB
Slab:              33752 kB
SReclaimable:      12280 kB
SUnreclaim:        21472 kB
KernelStack:        6024 kB
PageTables:        11648 kB
NFS_Unstable:          0 kB
Bounce:                0 kB
WritebackTmp:          0 kB
CommitLimit:      949752 kB
Committed_AS:   11961052 kB
VmallocTotal:     245760 kB
VmallocUsed:       50788 kB
VmallocChunk:      75648 kB
1557661348.058572
MemTotal:        1899508 kB
MemFree:           65100 kB
Buffers:             592 kB
Cached:           109424 kB
SwapCached:            0 kB
Active:          1504884 kB
Inactive:          55956 kB
Active(anon):    1453124 kB
Inactive(anon):     3748 kB
Active(file):      51760 kB
Inactive(file):    52208 kB
Unevictable:        1940 kB
Mlocked:               0 kB
HighTotal:       1158144 kB
HighFree:          14260 kB
LowTotal:         741364 kB
LowFree:           50840 kB
SwapTotal:             0 kB
SwapFree:              0 kB
Dirty:                48 kB
Writeback:             0 kB
AnonPages:       1452972 kB
Mapped:           102944 kB
Shmem:              4108 kB
Slab:              33752 kB
SReclaimable:      12280 kB
SUnreclaim:        21472 kB
KernelStack:        6040 kB
PageTables:        11668 kB
NFS_Unstable:          0 kB
Bounce:                0 kB
WritebackTmp:          0 kB
CommitLimit:      949752 kB
Committed_AS:   11961800 kB
VmallocTotal:     245760 kB
VmallocUsed:       50788 kB
VmallocChunk:      75648 kB
1557661348.624651
MemTotal:        1899508 kB
MemFree:           65016 kB
Buffers:             592 kB
Cached:           109672 kB
SwapCached:            0 kB
Active:          1504968 kB
Inactive:          56208 kB
Active(anon):    1453208 kB
Inactive(anon):     3748 kB
Active(file):      51760 kB
Inactive(file):    52460 kB
Unevictable:        1940 kB
Mlocked:               0 kB
HighTotal:       1158144 kB
HighFree:          14020 kB
LowTotal:         741364 kB
LowFree:           50996 kB
SwapTotal:             0 kB
SwapFree:              0 kB
Dirty:                48 kB
Writeback:             0 kB
AnonPages:       1453096 kB
Mapped:           102944 kB
Shmem:              4108 kB
Slab:              33752 kB
SReclaimable:      12280 kB
SUnreclaim:        21472 kB
KernelStack:        6040 kB
PageTables:        11668 kB
NFS_Unstable:          0 kB
Bounce:                0 kB
WritebackTmp:          0 kB
CommitLimit:      949752 kB
Committed_AS:   11961816 kB
VmallocTotal:     245760 kB
VmallocUsed:       50788 kB
VmallocChunk:      75648 kB
1557661349.199677
MemTotal:        1899508 kB
MemFree:           64828 kB
Buffers:             592 kB
Cached:           109680 kB
SwapCached:            0 kB
Active:          1505064 kB
Inactive:          56212 kB
Active(anon):    1453304 kB
Inactive(anon):     3748 kB
Active(file):      51760 kB
Inactive(file):    52464 kB
Unevictable:        1940 kB
Mlocked:               0 kB
HighTotal:       1158144 kB
HighFree:          13956 kB
LowTotal:         741364 kB
LowFree:           50872 kB
SwapTotal:             0 kB
SwapFree:              0 kB
Dirty:                 0 kB
Writeback:             0 kB
AnonPages:       1452988 kB
Mapped:           102976 kB
Shmem:              4108 kB
Slab:              33752 kB
SReclaimable:      12280 kB
SUnreclaim:        21472 kB
KernelStack:        6024 kB
PageTables:        11640 kB
NFS_Unstable:          0 kB
Bounce:                0 kB
WritebackTmp:          0 kB
CommitLimit:      949752 kB
Committed_AS:   11961828 kB
VmallocTotal:     245760 kB
VmallocUsed:       50788 kB
VmallocChunk:      75648 kB
1557661349.765235
MemTotal:        1899508 kB
MemFree:           62428 kB
Buffers:             592 kB
Cached:           109680 kB
SwapCached:            0 kB
Active:          1507584 kB
Inactive:          56212 kB
Active(anon):    1455824 kB
Inactive(anon):     3748 kB
Active(file):      51760 kB
Inactive(file):    52464 kB
Unevictable:        1940 kB
Mlocked:               0 kB
HighTotal:       1158144 kB
HighFree:          11556 kB
LowTotal:         741364 kB
LowFree:           50872 kB
SwapTotal:             0 kB
SwapFree:              0 kB
Dirty:                 0 kB
Writeback:             0 kB
AnonPages:       1455344 kB
Mapped:           102976 kB
Shmem:              4108 kB
Slab:              33752 kB
SReclaimable:      12280 kB
SUnreclaim:        21472 kB
KernelStack:        6024 kB
PageTables:        11640 kB
NFS_Unstable:          0 kB
Bounce:                0 kB
WritebackTmp:          0 kB
CommitLimit:      949752 kB
Committed_AS:   11961812 kB
VmallocTotal:     245760 kB
VmallocUsed:       50788 kB
VmallocChunk:      75648 kB
1557661350.329258
MemTotal:        1899508 kB
MemFree:           61656 kB
Buffers:             592 kB
Cached:           109680 kB
SwapCached:            0 kB
Active:          1508056 kB
Inactive:          56208 kB
Active(anon):    1456296 kB
Inactive(anon):     3744 kB
Active(file):      51760 kB
Inactive(file):    52464 kB
Unevictable:        1940 kB
Mlocked:               0 kB
HighTotal:       1158144 kB
HighFree:          10900 kB
LowTotal:         741364 kB
LowFree:           50756 kB
SwapTotal:             0 kB
SwapFree:              0 kB
Dirty:                 0 kB
Writeback:             0 kB
AnonPages:       1455964 kB
Mapped:           102976 kB
Shmem:              4108 kB
Slab:              33752 kB
SReclaimable:      12280 kB
SUnreclaim:        21472 kB
KernelStack:        6016 kB
PageTables:        11648 kB
NFS_Unstable:          0 kB
Bounce:                0 kB
WritebackTmp:          0 kB
CommitLimit:      949752 kB
Committed_AS:   11962532 kB
VmallocTotal:     245760 kB
VmallocUsed:       50788 kB
VmallocChunk:      75648 kB
1557661350.905134
MemTotal:        1899508 kB
MemFree:           59284 kB
Buffers:             608 kB
Cached:           109664 kB
SwapCached:            0 kB
Active:          1510576 kB
Inactive:          56208 kB
Active(anon):    1458816 kB
Inactive(anon):     3744 kB
Active(file):      51760 kB
Inactive(file):    52464 kB
Unevictable:        1940 kB
Mlocked:               0 kB
HighTotal:       1158144 kB
HighFree:           8372 kB
LowTotal:         741364 kB
LowFree:           50912 kB
SwapTotal:             0 kB
SwapFree:              0 kB
Dirty:                 0 kB
Writeback:             0 kB
AnonPages:       1458568 kB
Mapped:           102976 kB
Shmem:              4108 kB
Slab:              33752 kB
SReclaimable:      12280 kB
SUnreclaim:        21472 kB
KernelStack:        6016 kB
PageTables:        11548 kB
NFS_Unstable:          0 kB
Bounce:                0 kB
WritebackTmp:          0 kB
CommitLimit:      949752 kB
Committed_AS:   11962524 kB
VmallocTotal:     245760 kB
VmallocUsed:       50788 kB
VmallocChunk:      75648 kB
1557661351.476288
MemTotal:        1899508 kB
MemFree:           58960 kB
Buffers:             608 kB
Cached:           109680 kB
SwapCached:            0 kB
Active:          1510664 kB
Inactive:          56212 kB
Active(anon):    1458896 kB
Inactive(anon):     3740 kB
Active(file):      51768 kB
Inactive(file):    52472 kB
Unevictable:        1940 kB
Mlocked:               0 kB
HighTotal:       1158144 kB
HighFree:           8112 kB
LowTotal:         741364 kB
LowFree:           50848 kB
SwapTotal:             0 kB
SwapFree:              0 kB
Dirty:                40 kB
Writeback:             0 kB
AnonPages:       1458572 kB
Mapped:           102988 kB
Shmem:              4108 kB
Slab:              33752 kB
SReclaimable:      12280 kB
SUnreclaim:        21472 kB
KernelStack:        6016 kB
PageTables:        11644 kB
NFS_Unstable:          0 kB
Bounce:                0 kB
WritebackTmp:          0 kB
CommitLimit:      949752 kB
Committed_AS:   11962556 kB
VmallocTotal:     245760 kB
VmallocUsed:       50788 kB
VmallocChunk:      75648 kB
1557661352.041335
MemTotal:        1899508 kB
MemFree:           58640 kB
Buffers:             608 kB
Cached:           109680 kB
SwapCached:            0 kB
Active:          1510960 kB
Inactive:          56212 kB
Active(anon):    1459192 kB
Inactive(anon):     3740 kB
Active(file):      51768 kB
Inactive(file):    52472 kB
Unevictable:        1940 kB
Mlocked:               0 kB
HighTotal:       1158144 kB
HighFree:           7824 kB
LowTotal:         741364 kB
LowFree:           50816 kB
SwapTotal:             0 kB
SwapFree:              0 kB
Dirty:                40 kB
Writeback:             0 kB
AnonPages:       1459048 kB
Mapped:           102988 kB
Shmem:              4108 kB
Slab:              33784 kB
SReclaimable:      12280 kB
SUnreclaim:        21504 kB
KernelStack:        6032 kB
PageTables:        11664 kB
NFS_Unstable:          0 kB
Bounce:                0 kB
WritebackTmp:          0 kB
CommitLimit:      949752 kB
Committed_AS:   11962888 kB
VmallocTotal:     245760 kB
VmallocUsed:       50788 kB
VmallocChunk:      75648 kB
1557661352.621928
MemTotal:        1899508 kB
MemFree:           56140 kB
Buffers:             608 kB
Cached:           110176 kB
SwapCached:            0 kB
Active:          1512724 kB
Inactive:          56632 kB
Active(anon):    1460956 kB
Inactive(anon):     3740 kB
Active(file):      51768 kB
Inactive(file):    52892 kB
Unevictable:        1940 kB
Mlocked:               0 kB
HighTotal:       1158144 kB
HighFree:           5692 kB
LowTotal:         741364 kB
LowFree:           50448 kB
SwapTotal:             0 kB
SwapFree:              0 kB
Dirty:                40 kB
Writeback:             0 kB
AnonPages:       1460784 kB
Mapped:           103112 kB
Shmem:              4108 kB
Slab:              33784 kB
SReclaimable:      12280 kB
SUnreclaim:        21504 kB
KernelStack:        6032 kB
PageTables:        11964 kB
NFS_Unstable:          0 kB
Bounce:                0 kB
WritebackTmp:          0 kB
CommitLimit:      949752 kB
Committed_AS:   12530424 kB
VmallocTotal:     245760 kB
VmallocUsed:       51808 kB
VmallocChunk:      75648 kB
1557661353.190449
MemTotal:        1899508 kB
MemFree:           55664 kB
Buffers:             608 kB
Cached:           110224 kB
SwapCached:            0 kB
Active:          1512944 kB
Inactive:          56748 kB
Active(anon):    1461168 kB
Inactive(anon):     3740 kB
Active(file):      51776 kB
Inactive(file):    53008 kB
Unevictable:        1940 kB
Mlocked:               0 kB
HighTotal:       1158144 kB
HighFree:           5540 kB
LowTotal:         741364 kB
LowFree:           50124 kB
SwapTotal:             0 kB
SwapFree:              0 kB
Dirty:                40 kB
Writeback:             0 kB
AnonPages:       1460820 kB
Mapped:           103156 kB
Shmem:              4108 kB
Slab:              33784 kB
SReclaimable:      12280 kB
SUnreclaim:        21504 kB
KernelStack:        6104 kB
PageTables:        11996 kB
NFS_Unstable:          0 kB
Bounce:                0 kB
WritebackTmp:          0 kB
CommitLimit:      949752 kB
Committed_AS:   12530368 kB
VmallocTotal:     245760 kB
VmallocUsed:       51808 kB
VmallocChunk:      75648 kB
1557661353.759671
MemTotal:        1899508 kB
MemFree:           53276 kB
Buffers:             608 kB
Cached:           110224 kB
SwapCached:            0 kB
Active:          1514960 kB
Inactive:          56748 kB
Active(anon):    1463184 kB
Inactive(anon):     3740 kB
Active(file):      51776 kB
Inactive(file):    53008 kB
Unevictable:        1940 kB
Mlocked:               0 kB
HighTotal:       1158144 kB
HighFree:           3308 kB
LowTotal:         741364 kB
LowFree:           49968 kB
SwapTotal:             0 kB
SwapFree:              0 kB
Dirty:                40 kB
Writeback:             0 kB
AnonPages:       1463052 kB
Mapped:           103156 kB
Shmem:              4108 kB
Slab:              33784 kB
SReclaimable:      12280 kB
SUnreclaim:        21504 kB
KernelStack:        6104 kB
PageTables:        12096 kB
NFS_Unstable:          0 kB
Bounce:                0 kB
WritebackTmp:          0 kB
CommitLimit:      949752 kB
Committed_AS:   12530476 kB
VmallocTotal:     245760 kB
VmallocUsed:       51808 kB
VmallocChunk:      75648 kB
1557661354.331363
MemTotal:        1899508 kB
MemFree:           53352 kB
Buffers:             608 kB
Cached:           110348 kB
SwapCached:            0 kB
Active:          1514860 kB
Inactive:          56808 kB
Active(anon):    1463084 kB
Inactive(anon):     3716 kB
Active(file):      51776 kB
Inactive(file):    53092 kB
Unevictable:        1940 kB
Mlocked:               0 kB
HighTotal:       1158144 kB
HighFree:           3152 kB
LowTotal:         741364 kB
LowFree:           50200 kB
SwapTotal:             0 kB
SwapFree:              0 kB
Dirty:                40 kB
Writeback:             0 kB
AnonPages:       1462772 kB
Mapped:           103196 kB
Shmem:              4108 kB
Slab:              33784 kB
SReclaimable:      12280 kB
SUnreclaim:        21504 kB
KernelStack:        6120 kB
PageTables:        12016 kB
NFS_Unstable:          0 kB
Bounce:                0 kB
WritebackTmp:          0 kB
CommitLimit:      949752 kB
Committed_AS:   12526472 kB
VmallocTotal:     245760 kB
VmallocUsed:       51808 kB
VmallocChunk:      75648 kB
1557661354.903077
MemTotal:        1899508 kB
MemFree:           51512 kB
Buffers:             624 kB
Cached:           110332 kB
SwapCached:            0 kB
Active:          1517356 kB
Inactive:          56808 kB
Active(anon):    1465580 kB
Inactive(anon):     3716 kB
Active(file):      51776 kB
Inactive(file):    53092 kB
Unevictable:        1940 kB
Mlocked:               0 kB
HighTotal:       1158144 kB
HighFree:           2952 kB
LowTotal:         741364 kB
LowFree:           48560 kB
SwapTotal:             0 kB
SwapFree:              0 kB
Dirty:                40 kB
Writeback:             0 kB
AnonPages:       1465096 kB
Mapped:           103196 kB
Shmem:              4108 kB
Slab:              33784 kB
SReclaimable:      12280 kB
SUnreclaim:        21504 kB
KernelStack:        6120 kB
PageTables:        12016 kB
NFS_Unstable:          0 kB
Bounce:                0 kB
WritebackTmp:          0 kB
CommitLimit:      949752 kB
Committed_AS:   12526556 kB
VmallocTotal:     245760 kB
VmallocUsed:       51808 kB
VmallocChunk:      75648 kB
1557661355.479978
MemTotal:        1899508 kB
MemFree:           51464 kB
Buffers:             624 kB
Cached:           110384 kB
SwapCached:            0 kB
Active:          1517612 kB
Inactive:          56900 kB
Active(anon):    1465836 kB
Inactive(anon):     3716 kB
Active(file):      51776 kB
Inactive(file):    53184 kB
Unevictable:        1940 kB
Mlocked:               0 kB
HighTotal:       1158144 kB
HighFree:           2748 kB
LowTotal:         741364 kB
LowFree:           48716 kB
SwapTotal:             0 kB
SwapFree:              0 kB
Dirty:                40 kB
Writeback:             0 kB
AnonPages:       1465492 kB
Mapped:           103172 kB
Shmem:              4108 kB
Slab:              33784 kB
SReclaimable:      12280 kB
SUnreclaim:        21504 kB
KernelStack:        6104 kB
PageTables:        12012 kB
NFS_Unstable:          0 kB
Bounce:                0 kB
WritebackTmp:          0 kB
CommitLimit:      949752 kB
Committed_AS:   12526556 kB
VmallocTotal:     245760 kB
VmallocUsed:       51808 kB
VmallocChunk:      75648 kB
1557661356.062817
MemTotal:        1899508 kB
MemFree:           51580 kB
Buffers:             624 kB
Cached:           110384 kB
SwapCached:            0 kB
Active:          1517444 kB
Inactive:          56900 kB
Active(anon):    1465668 kB
Inactive(anon):     3716 kB
Active(file):      51776 kB
Inactive(file):    53184 kB
Unevictable:        1940 kB
Mlocked:               0 kB
HighTotal:       1158144 kB
HighFree:           2880 kB
LowTotal:         741364 kB
LowFree:           48700 kB
SwapTotal:             0 kB
SwapFree:              0 kB
Dirty:                 0 kB
Writeback:             0 kB
AnonPages:       1465356 kB
Mapped:           103176 kB
Shmem:              4108 kB
Slab:              33784 kB
SReclaimable:      12280 kB
SUnreclaim:        21504 kB
KernelStack:        6120 kB
PageTables:        12028 kB
NFS_Unstable:          0 kB
Bounce:                0 kB
WritebackTmp:          0 kB
CommitLimit:      949752 kB
Committed_AS:   12526592 kB
VmallocTotal:     245760 kB
VmallocUsed:       51808 kB
VmallocChunk:      75648 kB
1557661356.631301
MemTotal:        1899508 kB
MemFree:           51196 kB
Buffers:             624 kB
Cached:           110384 kB
SwapCached:            0 kB
Active:          1517696 kB
Inactive:          56900 kB
Active(anon):    1465920 kB
Inactive(anon):     3716 kB
Active(file):      51776 kB
Inactive(file):    53184 kB
Unevictable:        1940 kB
Mlocked:               0 kB
HighTotal:       1158144 kB
HighFree:           2504 kB
LowTotal:         741364 kB
LowFree:           48692 kB
SwapTotal:             0 kB
SwapFree:              0 kB
Dirty:                 0 kB
Writeback:             0 kB
AnonPages:       1465604 kB
Mapped:           103176 kB
Shmem:              4108 kB
Slab:              33784 kB
SReclaimable:      12280 kB
SUnreclaim:        21504 kB
KernelStack:        6120 kB
PageTables:        12028 kB
NFS_Unstable:          0 kB
Bounce:                0 kB
WritebackTmp:          0 kB
CommitLimit:      949752 kB
Committed_AS:   12527272 kB
VmallocTotal:     245760 kB
VmallocUsed:       51808 kB
VmallocChunk:      75648 kB
1557661357.211336
MemTotal:        1899508 kB
MemFree:           50960 kB
Buffers:             624 kB
Cached:           110480 kB
SwapCached:            0 kB
Active:          1517824 kB
Inactive:          56996 kB
Active(anon):    1466048 kB
Inactive(anon):     3716 kB
Active(file):      51776 kB
Inactive(file):    53280 kB
Unevictable:        1940 kB
Mlocked:               0 kB
HighTotal:       1158144 kB
HighFree:           2344 kB
LowTotal:         741364 kB
LowFree:           48616 kB
SwapTotal:             0 kB
SwapFree:              0 kB
Dirty:                 0 kB
Writeback:             0 kB
AnonPages:       1465820 kB
Mapped:           103180 kB
Shmem:              4108 kB
Slab:              33784 kB
SReclaimable:      12280 kB
SUnreclaim:        21504 kB
KernelStack:        6104 kB
PageTables:        12000 kB
NFS_Unstable:          0 kB
Bounce:                0 kB
WritebackTmp:          0 kB
CommitLimit:      949752 kB
Committed_AS:   12527280 kB
VmallocTotal:     245760 kB
VmallocUsed:       51808 kB
VmallocChunk:      75648 kB
1557661357.781592
MemTotal:        1899508 kB
MemFree:           47804 kB
Buffers:             624 kB
Cached:           111524 kB
SwapCached:            0 kB
Active:          1519832 kB
Inactive:          57788 kB
Active(anon):    1468056 kB
Inactive(anon):     3716 kB
Active(file):      51776 kB
Inactive(file):    54072 kB
Unevictable:        1940 kB
Mlocked:               0 kB
HighTotal:       1158144 kB
HighFree:           1640 kB
LowTotal:         741364 kB
LowFree:           46164 kB
SwapTotal:             0 kB
SwapFree:              0 kB
Dirty:                 0 kB
Writeback:             0 kB
AnonPages:       1467648 kB
Mapped:           103728 kB
Shmem:              4108 kB
Slab:              33784 kB
SReclaimable:      12280 kB
SUnreclaim:        21504 kB
KernelStack:        6104 kB
PageTables:        12000 kB
NFS_Unstable:          0 kB
Bounce:                0 kB
WritebackTmp:          0 kB
CommitLimit:      949752 kB
Committed_AS:   12527484 kB
VmallocTotal:     245760 kB
VmallocUsed:       51808 kB
VmallocChunk:      75648 kB
1557661358.355224
MemTotal:        1899508 kB
MemFree:           47724 kB
Buffers:             628 kB
Cached:           111532 kB
SwapCached:            0 kB
Active:          1519960 kB
Inactive:          58020 kB
Active(anon):    1468184 kB
Inactive(anon):     3716 kB
Active(file):      51776 kB
Inactive(file):    54304 kB
Unevictable:        1940 kB
Mlocked:               0 kB
HighTotal:       1158144 kB
HighFree:           1704 kB
LowTotal:         741364 kB
LowFree:           46020 kB
SwapTotal:             0 kB
SwapFree:              0 kB
Dirty:                 0 kB
Writeback:             0 kB
AnonPages:       1467780 kB
Mapped:           103772 kB
Shmem:              4108 kB
Slab:              33784 kB
SReclaimable:      12280 kB
SUnreclaim:        21504 kB
KernelStack:        6112 kB
PageTables:        12024 kB
NFS_Unstable:          0 kB
Bounce:                0 kB
WritebackTmp:          0 kB
CommitLimit:      949752 kB
Committed_AS:   12527492 kB
VmallocTotal:     245760 kB
VmallocUsed:       51808 kB
VmallocChunk:      75648 kB
1557661358.945117
MemTotal:        1899508 kB
MemFree:           45100 kB
Buffers:             640 kB
Cached:           111648 kB
SwapCached:            0 kB
Active:          1522376 kB
Inactive:          58180 kB
Active(anon):    1470600 kB
Inactive(anon):     3716 kB
Active(file):      51776 kB
Inactive(file):    54464 kB
Unevictable:        1940 kB
Mlocked:               0 kB
HighTotal:       1158144 kB
HighFree:           1704 kB
LowTotal:         741364 kB
LowFree:           43396 kB
SwapTotal:             0 kB
SwapFree:              0 kB
Dirty:                 0 kB
Writeback:             0 kB
AnonPages:       1470312 kB
Mapped:           103712 kB
Shmem:              4108 kB
Slab:              33784 kB
SReclaimable:      12280 kB
SUnreclaim:        21504 kB
KernelStack:        6072 kB
PageTables:        12100 kB
NFS_Unstable:          0 kB
Bounce:                0 kB
WritebackTmp:          0 kB
CommitLimit:      949752 kB
Committed_AS:   12528148 kB
VmallocTotal:     245760 kB
VmallocUsed:       51808 kB
VmallocChunk:      75648 kB
1557661359.516855
MemTotal:        1899508 kB
MemFree:           46056 kB
Buffers:             640 kB
Cached:           111664 kB
SwapCached:            0 kB
Active:          1520968 kB
Inactive:          58196 kB
Active(anon):    1469192 kB
Inactive(anon):     3716 kB
Active(file):      51776 kB
Inactive(file):    54480 kB
Unevictable:        1940 kB
Mlocked:               0 kB
HighTotal:       1158144 kB
HighFree:           2488 kB
LowTotal:         741364 kB
LowFree:           43568 kB
SwapTotal:             0 kB
SwapFree:              0 kB
Dirty:                36 kB
Writeback:             0 kB
AnonPages:       1468708 kB
Mapped:           103840 kB
Shmem:              4108 kB
Slab:              33784 kB
SReclaimable:      12280 kB
SUnreclaim:        21504 kB
KernelStack:        6088 kB
PageTables:        12028 kB
NFS_Unstable:          0 kB
Bounce:                0 kB
WritebackTmp:          0 kB
CommitLimit:      949752 kB
Committed_AS:   12528152 kB
VmallocTotal:     245760 kB
VmallocUsed:       51808 kB
VmallocChunk:      75648 kB
1557661360.091171
MemTotal:        1899508 kB
MemFree:           46428 kB
Buffers:             640 kB
Cached:           111664 kB
SwapCached:            0 kB
Active:          1520824 kB
Inactive:          58196 kB
Active(anon):    1469048 kB
Inactive(anon):     3716 kB
Active(file):      51776 kB
Inactive(file):    54480 kB
Unevictable:        1940 kB
Mlocked:               0 kB
HighTotal:       1158144 kB
HighFree:           2580 kB
LowTotal:         741364 kB
LowFree:           43848 kB
SwapTotal:             0 kB
SwapFree:              0 kB
Dirty:                36 kB
Writeback:             0 kB
AnonPages:       1468704 kB
Mapped:           103748 kB
Shmem:              4108 kB
Slab:              33784 kB
SReclaimable:      12280 kB
SUnreclaim:        21504 kB
KernelStack:        6088 kB
PageTables:        12036 kB
NFS_Unstable:          0 kB
Bounce:                0 kB
WritebackTmp:          0 kB
CommitLimit:      949752 kB
Committed_AS:   12528180 kB
VmallocTotal:     245760 kB
VmallocUsed:       51808 kB
VmallocChunk:      75648 kB
1557661360.665455
MemTotal:        1899508 kB
MemFree:           46160 kB
Buffers:             640 kB
Cached:           111664 kB
SwapCached:            0 kB
Active:          1520992 kB
Inactive:          58196 kB
Active(anon):    1469216 kB
Inactive(anon):     3716 kB
Active(file):      51776 kB
Inactive(file):    54480 kB
Unevictable:        1940 kB
Mlocked:               0 kB
HighTotal:       1158144 kB
HighFree:           2672 kB
LowTotal:         741364 kB
LowFree:           43488 kB
SwapTotal:             0 kB
SwapFree:              0 kB
Dirty:                36 kB
Writeback:             0 kB
AnonPages:       1469076 kB
Mapped:           103648 kB
Shmem:              4108 kB
Slab:              33784 kB
SReclaimable:      12280 kB
SUnreclaim:        21504 kB
KernelStack:        6088 kB
PageTables:        12136 kB
NFS_Unstable:          0 kB
Bounce:                0 kB
WritebackTmp:          0 kB
CommitLimit:      949752 kB
Committed_AS:   12528840 kB
VmallocTotal:     245760 kB
VmallocUsed:       51808 kB
VmallocChunk:      75648 kB
1557661361.247815
MemTotal:        1899508 kB
MemFree:           46200 kB
Buffers:             640 kB
Cached:           111664 kB
SwapCached:            0 kB
Active:          1521172 kB
Inactive:          58196 kB
Active(anon):    1469396 kB
Inactive(anon):     3716 kB
Active(file):      51776 kB
Inactive(file):    54480 kB
Unevictable:        1940 kB
Mlocked:               0 kB
HighTotal:       1158144 kB
HighFree:           2500 kB
LowTotal:         741364 kB
LowFree:           43700 kB
SwapTotal:             0 kB
SwapFree:              0 kB
Dirty:                 0 kB
Writeback:             0 kB
AnonPages:       1469108 kB
Mapped:           103744 kB
Shmem:              4108 kB
Slab:              33784 kB
SReclaimable:      12280 kB
SUnreclaim:        21504 kB
KernelStack:        6088 kB
PageTables:        12036 kB
NFS_Unstable:          0 kB
Bounce:                0 kB
WritebackTmp:          0 kB
CommitLimit:      949752 kB
Committed_AS:   12528828 kB
VmallocTotal:     245760 kB
VmallocUsed:       51808 kB
VmallocChunk:      75648 kB
1557661361.822767
MemTotal:        1899508 kB
MemFree:           44028 kB
Buffers:             640 kB
Cached:           111664 kB
SwapCached:            0 kB
Active:          1523700 kB
Inactive:          58196 kB
Active(anon):    1471924 kB
Inactive(anon):     3716 kB
Active(file):      51776 kB
Inactive(file):    54480 kB
Unevictable:        1940 kB
Mlocked:               0 kB
HighTotal:       1158144 kB
HighFree:           1808 kB
LowTotal:         741364 kB
LowFree:           42220 kB
SwapTotal:             0 kB
SwapFree:              0 kB
Dirty:                 0 kB
Writeback:             0 kB
AnonPages:       1471556 kB
Mapped:           103744 kB
Shmem:              4108 kB
Slab:              33784 kB
SReclaimable:      12280 kB
SUnreclaim:        21504 kB
KernelStack:        6088 kB
PageTables:        12036 kB
NFS_Unstable:          0 kB
Bounce:                0 kB
WritebackTmp:          0 kB
CommitLimit:      949752 kB
Committed_AS:   12528828 kB
VmallocTotal:     245760 kB
VmallocUsed:       51808 kB
VmallocChunk:      75648 kB
1557661362.398624
MemTotal:        1899508 kB
MemFree:           43872 kB
Buffers:             656 kB
Cached:           111648 kB
SwapCached:            0 kB
Active:          1523664 kB
Inactive:          58196 kB
Active(anon):    1471888 kB
Inactive(anon):     3716 kB
Active(file):      51776 kB
Inactive(file):    54480 kB
Unevictable:        1940 kB
Mlocked:               0 kB
HighTotal:       1158144 kB
HighFree:           1808 kB
LowTotal:         741364 kB
LowFree:           42064 kB
SwapTotal:             0 kB
SwapFree:              0 kB
Dirty:                 0 kB
Writeback:             0 kB
AnonPages:       1471592 kB
Mapped:           103744 kB
Shmem:              4108 kB
Slab:              33784 kB
SReclaimable:      12280 kB
SUnreclaim:        21504 kB
KernelStack:        6104 kB
PageTables:        12048 kB
NFS_Unstable:          0 kB
Bounce:                0 kB
WritebackTmp:          0 kB
CommitLimit:      949752 kB
Committed_AS:   12528836 kB
VmallocTotal:     245760 kB
VmallocUsed:       51808 kB
VmallocChunk:      75648 kB
1557661362.976243
MemTotal:        1899508 kB
MemFree:           42652 kB
Buffers:             592 kB
Cached:           111292 kB
SwapCached:            0 kB
Active:          1531000 kB
Inactive:          52128 kB
Active(anon):    1473828 kB
Inactive(anon):     3716 kB
Active(file):      57172 kB
Inactive(file):    48412 kB
Unevictable:        1940 kB
Mlocked:               0 kB
HighTotal:       1158144 kB
HighFree:           1716 kB
LowTotal:         741364 kB
LowFree:           40936 kB
SwapTotal:             0 kB
SwapFree:              0 kB
Dirty:                44 kB
Writeback:             8 kB
AnonPages:       1473712 kB
Mapped:           102596 kB
Shmem:              4108 kB
Slab:              33784 kB
SReclaimable:      12280 kB
SUnreclaim:        21504 kB
KernelStack:        6032 kB
PageTables:        11604 kB
NFS_Unstable:          0 kB
Bounce:                0 kB
WritebackTmp:          0 kB
CommitLimit:      949752 kB
Committed_AS:   11962588 kB
VmallocTotal:     245760 kB
VmallocUsed:       50788 kB
VmallocChunk:      75648 kB
1557661363.549866
MemTotal:        1899508 kB
MemFree:           43032 kB
Buffers:             592 kB
Cached:           111020 kB
SwapCached:            0 kB
Active:          1527828 kB
Inactive:          54556 kB
Active(anon):    1473364 kB
Inactive(anon):     3716 kB
Active(file):      54464 kB
Inactive(file):    50840 kB
Unevictable:        1940 kB
Mlocked:               0 kB
HighTotal:       1158144 kB
HighFree:           1764 kB
LowTotal:         741364 kB
LowFree:           41268 kB
SwapTotal:             0 kB
SwapFree:              0 kB
Dirty:                44 kB
Writeback:             0 kB
