MemTotal:         482068 kB
MemFree:            4672 kB
Buffers:             720 kB
Cached:            98500 kB
SwapCached:            0 kB
Active:           349984 kB
Inactive:          58176 kB
Active(anon):     309668 kB
Inactive(anon):      872 kB
Active(file):      40316 kB
Inactive(file):    57304 kB
Unevictable:        1256 kB
Mlocked:               0 kB
HighTotal:             0 kB
HighFree:              0 kB
LowTotal:         482068 kB
LowFree:            4672 kB
SwapTotal:             0 kB
SwapFree:              0 kB
Dirty:                 0 kB
Writeback:             0 kB
AnonPages:        310220 kB
Mapped:            56708 kB
Shmem:               344 kB
Slab:              17248 kB
SReclaimable:       4624 kB
SUnreclaim:        12624 kB
KernelStack:        4872 kB
PageTables:         6416 kB
NFS_Unstable:          0 kB
Bounce:                0 kB
WritebackTmp:          0 kB
CommitLimit:      241032 kB
Committed_AS:    3717456 kB
VmallocTotal:     507904 kB
VmallocUsed:      108744 kB
VmallocChunk:     112576 kB
1557575582.000000
MemTotal:         482068 kB
MemFree:            4080 kB
Buffers:             712 kB
Cached:            95772 kB
SwapCached:            0 kB
Active:           353572 kB
Inactive:          54652 kB
Active(anon):     312580 kB
Inactive(anon):      872 kB
Active(file):      40992 kB
Inactive(file):    53780 kB
Unevictable:        1256 kB
Mlocked:               0 kB
HighTotal:             0 kB
HighFree:              0 kB
LowTotal:         482068 kB
LowFree:            4080 kB
SwapTotal:             0 kB
SwapFree:              0 kB
Dirty:                 0 kB
Writeback:             0 kB
AnonPages:        313108 kB
Mapped:            58912 kB
Shmem:               344 kB
Slab:              17248 kB
SReclaimable:       4624 kB
SUnreclaim:        12624 kB
KernelStack:        4872 kB
PageTables:         6644 kB
NFS_Unstable:          0 kB
Bounce:                0 kB
WritebackTmp:          0 kB
CommitLimit:      241032 kB
Committed_AS:    3833564 kB
VmallocTotal:     507904 kB
VmallocUsed:      110788 kB
VmallocChunk:     112576 kB
1557575583.000000
MemTotal:         482068 kB
MemFree:            3808 kB
Buffers:             612 kB
Cached:            95360 kB
SwapCached:            0 kB
Active:           362848 kB
Inactive:          49160 kB
Active(anon):     316876 kB
Inactive(anon):      872 kB
Active(file):      45972 kB
Inactive(file):    48288 kB
Unevictable:        1256 kB
Mlocked:               0 kB
HighTotal:             0 kB
HighFree:              0 kB
LowTotal:         482068 kB
LowFree:            3808 kB
SwapTotal:             0 kB
SwapFree:              0 kB
Dirty:                 0 kB
Writeback:             0 kB
AnonPages:        317432 kB
Mapped:            62812 kB
Shmem:               344 kB
Slab:              17240 kB
SReclaimable:       4624 kB
SUnreclaim:        12616 kB
KernelStack:        4952 kB
PageTables:         6736 kB
NFS_Unstable:          0 kB
Bounce:                0 kB
WritebackTmp:          0 kB
CommitLimit:      241032 kB
Committed_AS:    3838984 kB
VmallocTotal:     507904 kB
VmallocUsed:      107572 kB
VmallocChunk:     112576 kB
1557575583.000000
MemTotal:         482068 kB
MemFree:            4200 kB
Buffers:             636 kB
Cached:            89876 kB
SwapCached:            0 kB
Active:           365156 kB
Inactive:          45444 kB
Active(anon):     320784 kB
Inactive(anon):      872 kB
Active(file):      44372 kB
Inactive(file):    44572 kB
Unevictable:        1256 kB
Mlocked:               0 kB
HighTotal:             0 kB
HighFree:              0 kB
LowTotal:         482068 kB
LowFree:            4200 kB
SwapTotal:             0 kB
SwapFree:              0 kB
Dirty:                80 kB
Writeback:             0 kB
AnonPages:        321300 kB
Mapped:            64868 kB
Shmem:               344 kB
Slab:              17244 kB
SReclaimable:       4628 kB
SUnreclaim:        12616 kB
KernelStack:        5072 kB
PageTables:         6796 kB
NFS_Unstable:          0 kB
Bounce:                0 kB
WritebackTmp:          0 kB
CommitLimit:      241032 kB
Committed_AS:    3844788 kB
VmallocTotal:     507904 kB
VmallocUsed:      107572 kB
VmallocChunk:     112576 kB
1557575584.000000
MemTotal:         482068 kB
MemFree:            3976 kB
Buffers:             432 kB
Cached:            82176 kB
SwapCached:            0 kB
Active:           365900 kB
Inactive:          41388 kB
Active(anon):     325568 kB
Inactive(anon):      872 kB
Active(file):      40332 kB
Inactive(file):    40516 kB
Unevictable:        1256 kB
Mlocked:               0 kB
HighTotal:             0 kB
HighFree:              0 kB
LowTotal:         482068 kB
LowFree:            3976 kB
SwapTotal:             0 kB
SwapFree:              0 kB
Dirty:                 4 kB
Writeback:             0 kB
AnonPages:        326164 kB
Mapped:            70492 kB
Shmem:               344 kB
Slab:              17296 kB
SReclaimable:       4628 kB
SUnreclaim:        12668 kB
KernelStack:        5072 kB
PageTables:         6872 kB
NFS_Unstable:          0 kB
Bounce:                0 kB
WritebackTmp:          0 kB
CommitLimit:      241032 kB
Committed_AS:    3849640 kB
VmallocTotal:     507904 kB
VmallocUsed:      111008 kB
VmallocChunk:     112576 kB
1557575585.000000
MemTotal:         482068 kB
MemFree:            3944 kB
Buffers:             412 kB
Cached:            74316 kB
SwapCached:            0 kB
Active:           366388 kB
Inactive:          38032 kB
Active(anon):     330552 kB
Inactive(anon):      872 kB
Active(file):      35836 kB
Inactive(file):    37160 kB
Unevictable:        1256 kB
Mlocked:               0 kB
HighTotal:             0 kB
HighFree:              0 kB
LowTotal:         482068 kB
LowFree:            3944 kB
SwapTotal:             0 kB
SwapFree:              0 kB
Dirty:                28 kB
Writeback:             0 kB
AnonPages:        331120 kB
Mapped:            69864 kB
Shmem:               344 kB
Slab:              17268 kB
SReclaimable:       4628 kB
SUnreclaim:        12640 kB
KernelStack:        5120 kB
PageTables:         6836 kB
NFS_Unstable:          0 kB
Bounce:                0 kB
WritebackTmp:          0 kB
CommitLimit:      241032 kB
Committed_AS:    3855168 kB
VmallocTotal:     507904 kB
VmallocUsed:      109392 kB
VmallocChunk:     112576 kB
1557575586.000000
MemTotal:         482068 kB
MemFree:            3860 kB
Buffers:             404 kB
Cached:            70512 kB
SwapCached:            0 kB
Active:           370324 kB
Inactive:          35640 kB
Active(anon):     335776 kB
Inactive(anon):      872 kB
Active(file):      34548 kB
Inactive(file):    34768 kB
Unevictable:        1256 kB
Mlocked:               0 kB
HighTotal:             0 kB
HighFree:              0 kB
LowTotal:         482068 kB
LowFree:            3860 kB
SwapTotal:             0 kB
SwapFree:              0 kB
Dirty:                88 kB
Writeback:             0 kB
AnonPages:        336348 kB
Mapped:            70256 kB
Shmem:               344 kB
Slab:              17288 kB
SReclaimable:       4628 kB
SUnreclaim:        12660 kB
KernelStack:        5152 kB
PageTables:         6848 kB
NFS_Unstable:          0 kB
Bounce:                0 kB
WritebackTmp:          0 kB
CommitLimit:      241032 kB
Committed_AS:    3861064 kB
VmallocTotal:     507904 kB
VmallocUsed:      109392 kB
VmallocChunk:     112576 kB
1557575586.000000
MemTotal:         482068 kB
MemFree:            3688 kB
Buffers:             312 kB
Cached:            69844 kB
SwapCached:            0 kB
Active:           373068 kB
Inactive:          35136 kB
Active(anon):     338948 kB
Inactive(anon):      872 kB
Active(file):      34120 kB
Inactive(file):    34264 kB
Unevictable:        1256 kB
Mlocked:               0 kB
HighTotal:             0 kB
HighFree:              0 kB
LowTotal:         482068 kB
LowFree:            3688 kB
SwapTotal:             0 kB
SwapFree:              0 kB
Dirty:                88 kB
Writeback:             0 kB
AnonPages:        339540 kB
Mapped:            67748 kB
Shmem:               344 kB
Slab:              17288 kB
SReclaimable:       4628 kB
SUnreclaim:        12660 kB
KernelStack:        5152 kB
PageTables:         6848 kB
NFS_Unstable:          0 kB
Bounce:                0 kB
WritebackTmp:          0 kB
CommitLimit:      241032 kB
Committed_AS:    3863772 kB
VmallocTotal:     507904 kB
VmallocUsed:      109392 kB
VmallocChunk:     112576 kB
1557575587.000000
MemTotal:         482068 kB
MemFree:            4340 kB
Buffers:             332 kB
Cached:            68592 kB
SwapCached:            0 kB
Active:           374016 kB
Inactive:          34632 kB
Active(anon):     340380 kB
Inactive(anon):      872 kB
Active(file):      33636 kB
Inactive(file):    33760 kB
Unevictable:        1256 kB
Mlocked:               0 kB
HighTotal:             0 kB
HighFree:              0 kB
LowTotal:         482068 kB
LowFree:            4340 kB
SwapTotal:             0 kB
SwapFree:              0 kB
Dirty:                 0 kB
Writeback:             0 kB
AnonPages:        340956 kB
Mapped:            61496 kB
Shmem:               344 kB
Slab:              17276 kB
SReclaimable:       4632 kB
SUnreclaim:        12644 kB
KernelStack:        5168 kB
PageTables:         6928 kB
NFS_Unstable:          0 kB
Bounce:                0 kB
WritebackTmp:          0 kB
CommitLimit:      241032 kB
Committed_AS:    3866428 kB
VmallocTotal:     507904 kB
VmallocUsed:      109392 kB
VmallocChunk:     112576 kB
1557575588.000000
MemTotal:         482068 kB
MemFree:            4192 kB
Buffers:             316 kB
Cached:            66056 kB
SwapCached:            0 kB
Active:           375324 kB
Inactive:          33500 kB
Active(anon):     343344 kB
Inactive(anon):      872 kB
Active(file):      31980 kB
Inactive(file):    32628 kB
Unevictable:        1256 kB
Mlocked:               0 kB
HighTotal:             0 kB
HighFree:              0 kB
LowTotal:         482068 kB
LowFree:            4192 kB
SwapTotal:             0 kB
SwapFree:              0 kB
Dirty:                 0 kB
Writeback:             0 kB
AnonPages:        343932 kB
Mapped:            59136 kB
Shmem:               344 kB
Slab:              17304 kB
SReclaimable:       4632 kB
SUnreclaim:        12672 kB
KernelStack:        5248 kB
PageTables:         6892 kB
NFS_Unstable:          0 kB
Bounce:                0 kB
WritebackTmp:          0 kB
CommitLimit:      241032 kB
Committed_AS:    3869336 kB
VmallocTotal:     507904 kB
VmallocUsed:      110144 kB
VmallocChunk:     112576 kB
1557575588.000000
MemTotal:         482068 kB
MemFree:            4092 kB
Buffers:             452 kB
Cached:            59384 kB
SwapCached:            0 kB
Active:           376664 kB
Inactive:          30068 kB
Active(anon):     347660 kB
Inactive(anon):      872 kB
Active(file):      29004 kB
Inactive(file):    29196 kB
Unevictable:        1256 kB
Mlocked:               0 kB
HighTotal:             0 kB
HighFree:              0 kB
LowTotal:         482068 kB
LowFree:            4092 kB
SwapTotal:             0 kB
SwapFree:              0 kB
Dirty:                76 kB
Writeback:             0 kB
AnonPages:        348188 kB
Mapped:            58300 kB
Shmem:               344 kB
Slab:              17512 kB
SReclaimable:       4788 kB
SUnreclaim:        12724 kB
KernelStack:        5248 kB
PageTables:         6968 kB
NFS_Unstable:          0 kB
Bounce:                0 kB
WritebackTmp:          0 kB
CommitLimit:      241032 kB
Committed_AS:    3873352 kB
VmallocTotal:     507904 kB
VmallocUsed:      111776 kB
VmallocChunk:     112576 kB
1557575589.000000
MemTotal:         482068 kB
MemFree:            4252 kB
Buffers:             608 kB
Cached:            54692 kB
SwapCached:            0 kB
Active:           379200 kB
Inactive:          27456 kB
Active(anon):     352096 kB
Inactive(anon):      880 kB
Active(file):      27104 kB
Inactive(file):    26576 kB
Unevictable:        1256 kB
Mlocked:               0 kB
HighTotal:             0 kB
HighFree:              0 kB
LowTotal:         482068 kB
LowFree:            4252 kB
SwapTotal:             0 kB
SwapFree:              0 kB
Dirty:               168 kB
Writeback:             0 kB
AnonPages:        352568 kB
Mapped:            55896 kB
Shmem:               352 kB
Slab:              17456 kB
SReclaimable:       4732 kB
SUnreclaim:        12724 kB
KernelStack:        5288 kB
PageTables:         6920 kB
NFS_Unstable:          0 kB
Bounce:                0 kB
WritebackTmp:          0 kB
CommitLimit:      241032 kB
Committed_AS:    3881100 kB
VmallocTotal:     507904 kB
VmallocUsed:      111768 kB
VmallocChunk:     112576 kB
1557575589.000000
MemTotal:         482068 kB
MemFree:            3996 kB
Buffers:             500 kB
Cached:            52072 kB
SwapCached:            0 kB
Active:           380492 kB
Inactive:          26532 kB
Active(anon):     355208 kB
Inactive(anon):      880 kB
Active(file):      25284 kB
Inactive(file):    25652 kB
Unevictable:        1256 kB
Mlocked:               0 kB
HighTotal:             0 kB
HighFree:              0 kB
LowTotal:         482068 kB
LowFree:            3996 kB
SwapTotal:             0 kB
SwapFree:              0 kB
Dirty:               176 kB
Writeback:             0 kB
AnonPages:        355828 kB
Mapped:            53088 kB
Shmem:               352 kB
Slab:              17432 kB
SReclaimable:       4684 kB
SUnreclaim:        12748 kB
KernelStack:        5336 kB
PageTables:         6952 kB
NFS_Unstable:          0 kB
Bounce:                0 kB
WritebackTmp:          0 kB
CommitLimit:      241032 kB
Committed_AS:    3884260 kB
VmallocTotal:     507904 kB
VmallocUsed:      111768 kB
VmallocChunk:     112576 kB
1557575590.000000
MemTotal:         482068 kB
MemFree:           13200 kB
Buffers:             216 kB
Cached:            45060 kB
SwapCached:            0 kB
Active:           371812 kB
Inactive:          22736 kB
Active(anon):     350008 kB
Inactive(anon):      880 kB
Active(file):      21804 kB
Inactive(file):    21856 kB
Unevictable:        1256 kB
Mlocked:               0 kB
HighTotal:             0 kB
HighFree:              0 kB
LowTotal:         482068 kB
LowFree:           13200 kB
SwapTotal:             0 kB
SwapFree:              0 kB
Dirty:               176 kB
Writeback:             0 kB
AnonPages:        350508 kB
Mapped:            50428 kB
Shmem:               352 kB
Slab:              17432 kB
SReclaimable:       4684 kB
SUnreclaim:        12748 kB
KernelStack:        5232 kB
PageTables:         6648 kB
NFS_Unstable:          0 kB
Bounce:                0 kB
WritebackTmp:          0 kB
CommitLimit:      241032 kB
Committed_AS:    3731472 kB
VmallocTotal:     507904 kB
VmallocUsed:      111228 kB
VmallocChunk:     112576 kB
1557575591.000000
MemTotal:         482068 kB
MemFree:            8488 kB
Buffers:             216 kB
Cached:            47612 kB
SwapCached:            0 kB
Active:           374356 kB
Inactive:          25308 kB
Active(anon):     352552 kB
Inactive(anon):      888 kB
Active(file):      21804 kB
Inactive(file):    24420 kB
Unevictable:        1256 kB
Mlocked:               0 kB
HighTotal:             0 kB
HighFree:              0 kB
LowTotal:         482068 kB
LowFree:            8488 kB
SwapTotal:             0 kB
SwapFree:              0 kB
Dirty:               108 kB
Writeback:             0 kB
AnonPages:        353080 kB
Mapped:            51084 kB
Shmem:               360 kB
Slab:              17408 kB
SReclaimable:       4680 kB
SUnreclaim:        12728 kB
KernelStack:        5176 kB
PageTables:         6628 kB
NFS_Unstable:          0 kB
Bounce:                0 kB
WritebackTmp:          0 kB
CommitLimit:      241032 kB
Committed_AS:    3733276 kB
VmallocTotal:     507904 kB
VmallocUsed:      111228 kB
VmallocChunk:     112576 kB
1557575592.000000
MemTotal:         482068 kB
MemFree:            3388 kB
Buffers:             204 kB
Cached:            51308 kB
SwapCached:            0 kB
Active:           377556 kB
Inactive:          27400 kB
Active(anon):     354188 kB
Inactive(anon):      888 kB
Active(file):      23368 kB
Inactive(file):    26512 kB
Unevictable:        1256 kB
Mlocked:               0 kB
HighTotal:             0 kB
HighFree:              0 kB
LowTotal:         482068 kB
LowFree:            3388 kB
SwapTotal:             0 kB
SwapFree:              0 kB
Dirty:               100 kB
Writeback:             0 kB
AnonPages:        354740 kB
Mapped:            51536 kB
Shmem:               360 kB
Slab:              17408 kB
SReclaimable:       4680 kB
SUnreclaim:        12728 kB
KernelStack:        5216 kB
PageTables:         6712 kB
NFS_Unstable:          0 kB
Bounce:                0 kB
WritebackTmp:          0 kB
CommitLimit:      241032 kB
Committed_AS:    3734288 kB
VmallocTotal:     507904 kB
VmallocUsed:      111228 kB
VmallocChunk:     112576 kB
1557575592.000000
MemTotal:         482068 kB
MemFree:            4108 kB
Buffers:             184 kB
Cached:            49048 kB
SwapCached:            0 kB
Active:           379504 kB
Inactive:          24256 kB
Active(anon):     355280 kB
Inactive(anon):      888 kB
Active(file):      24224 kB
Inactive(file):    23368 kB
Unevictable:        1256 kB
Mlocked:               0 kB
HighTotal:             0 kB
HighFree:              0 kB
LowTotal:         482068 kB
LowFree:            4108 kB
SwapTotal:             0 kB
SwapFree:              0 kB
Dirty:               100 kB
Writeback:             0 kB
AnonPages:        355880 kB
Mapped:            50624 kB
Shmem:               360 kB
Slab:              17408 kB
SReclaimable:       4680 kB
SUnreclaim:        12728 kB
KernelStack:        5216 kB
PageTables:         6712 kB
NFS_Unstable:          0 kB
Bounce:                0 kB
WritebackTmp:          0 kB
CommitLimit:      241032 kB
Committed_AS:    3735632 kB
VmallocTotal:     507904 kB
VmallocUsed:      111228 kB
VmallocChunk:     112576 kB
1557575593.000000
MemTotal:         482068 kB
MemFree:            3548 kB
Buffers:             280 kB
Cached:            50496 kB
SwapCached:            0 kB
Active:           377860 kB
Inactive:          26288 kB
Active(anon):     354156 kB
Inactive(anon):      888 kB
Active(file):      23704 kB
Inactive(file):    25400 kB
Unevictable:        1256 kB
Mlocked:               0 kB
HighTotal:             0 kB
HighFree:              0 kB
LowTotal:         482068 kB
LowFree:            3548 kB
SwapTotal:             0 kB
SwapFree:              0 kB
Dirty:               196 kB
Writeback:             0 kB
AnonPages:        354756 kB
Mapped:            51072 kB
Shmem:               360 kB
Slab:              17408 kB
SReclaimable:       4680 kB
SUnreclaim:        12728 kB
KernelStack:        5328 kB
PageTables:         6720 kB
NFS_Unstable:          0 kB
Bounce:                0 kB
WritebackTmp:          0 kB
CommitLimit:      241032 kB
Committed_AS:    3846672 kB
VmallocTotal:     507904 kB
VmallocUsed:      113272 kB
VmallocChunk:     112576 kB
1557575594.000000
MemTotal:         482068 kB
MemFree:            3740 kB
Buffers:             300 kB
Cached:            46620 kB
SwapCached:            0 kB
Active:           380288 kB
Inactive:          23332 kB
Active(anon):     357504 kB
Inactive(anon):      888 kB
Active(file):      22784 kB
Inactive(file):    22444 kB
Unevictable:        1256 kB
Mlocked:               0 kB
HighTotal:             0 kB
HighFree:              0 kB
LowTotal:         482068 kB
LowFree:            3740 kB
SwapTotal:             0 kB
SwapFree:              0 kB
Dirty:               576 kB
Writeback:             0 kB
AnonPages:        358044 kB
Mapped:            49716 kB
Shmem:               360 kB
Slab:              17416 kB
SReclaimable:       4680 kB
SUnreclaim:        12736 kB
KernelStack:        5280 kB
PageTables:         6780 kB
NFS_Unstable:          0 kB
Bounce:                0 kB
WritebackTmp:          0 kB
CommitLimit:      241032 kB
Committed_AS:    3851064 kB
VmallocTotal:     507904 kB
VmallocUsed:      113272 kB
VmallocChunk:     112576 kB
1557575595.000000
MemTotal:         482068 kB
MemFree:            4048 kB
Buffers:             192 kB
Cached:            46892 kB
SwapCached:            0 kB
Active:           375604 kB
Inactive:          24996 kB
Active(anon):     354624 kB
Inactive(anon):     3560 kB
Active(file):      20980 kB
Inactive(file):    21436 kB
Unevictable:        1404 kB
Mlocked:            2932 kB
HighTotal:             0 kB
HighFree:              0 kB
LowTotal:         482068 kB
LowFree:            4048 kB
SwapTotal:             0 kB
SwapFree:              0 kB
Dirty:                96 kB
Writeback:             0 kB
AnonPages:        355112 kB
Mapped:            49828 kB
Shmem:              3292 kB
Slab:              17424 kB
SReclaimable:       4684 kB
SUnreclaim:        12740 kB
KernelStack:        5352 kB
PageTables:         6556 kB
NFS_Unstable:          0 kB
Bounce:                0 kB
WritebackTmp:          0 kB
CommitLimit:      241032 kB
Committed_AS:    3749860 kB
VmallocTotal:     507904 kB
VmallocUsed:      114672 kB
VmallocChunk:     112576 kB
1557575596.000000
MemTotal:         482068 kB
MemFree:            6156 kB
Buffers:             176 kB
Cached:            44224 kB
SwapCached:            0 kB
Active:           374028 kB
Inactive:          23180 kB
Active(anon):     354300 kB
Inactive(anon):     3148 kB
Active(file):      19728 kB
Inactive(file):    20032 kB
Unevictable:        1964 kB
Mlocked:            3812 kB
HighTotal:             0 kB
HighFree:              0 kB
LowTotal:         482068 kB
LowFree:            6156 kB
SwapTotal:             0 kB
SwapFree:              0 kB
Dirty:                56 kB
Writeback:            12 kB
AnonPages:        354868 kB
Mapped:            50308 kB
Shmem:              3296 kB
Slab:              17412 kB
SReclaimable:       4684 kB
SUnreclaim:        12728 kB
KernelStack:        5288 kB
PageTables:         6556 kB
NFS_Unstable:          0 kB
Bounce:                0 kB
WritebackTmp:          0 kB
CommitLimit:      241032 kB
Committed_AS:    3754244 kB
VmallocTotal:     507904 kB
VmallocUsed:      114672 kB
VmallocChunk:     112576 kB
1557575597.000000
MemTotal:         482068 kB
MemFree:            3688 kB
Buffers:             184 kB
Cached:            45440 kB
SwapCached:            0 kB
Active:           376068 kB
Inactive:          23568 kB
Active(anon):     355504 kB
Inactive(anon):     3148 kB
Active(file):      20564 kB
Inactive(file):    20420 kB
Unevictable:        1964 kB
Mlocked:            3812 kB
HighTotal:             0 kB
HighFree:              0 kB
LowTotal:         482068 kB
LowFree:            3688 kB
SwapTotal:             0 kB
SwapFree:              0 kB
Dirty:                36 kB
Writeback:             0 kB
AnonPages:        356068 kB
Mapped:            50124 kB
Shmem:              3296 kB
Slab:              17444 kB
SReclaimable:       4684 kB
SUnreclaim:        12760 kB
KernelStack:        5304 kB
PageTables:         6564 kB
NFS_Unstable:          0 kB
Bounce:                0 kB
WritebackTmp:          0 kB
CommitLimit:      241032 kB
Committed_AS:    3754404 kB
VmallocTotal:     507904 kB
VmallocUsed:      114672 kB
VmallocChunk:     112576 kB
1557575598.000000
MemTotal:         482068 kB
MemFree:            3828 kB
Buffers:             180 kB
Cached:            44892 kB
SwapCached:            0 kB
Active:           376060 kB
Inactive:          24112 kB
Active(anon):     356532 kB
Inactive(anon):     3156 kB
Active(file):      19528 kB
Inactive(file):    20956 kB
Unevictable:        1964 kB
Mlocked:            3812 kB
HighTotal:             0 kB
HighFree:              0 kB
LowTotal:         482068 kB
LowFree:            3828 kB
SwapTotal:             0 kB
SwapFree:              0 kB
Dirty:                 0 kB
Writeback:             0 kB
AnonPages:        357136 kB
Mapped:            49396 kB
Shmem:              3304 kB
Slab:              17420 kB
SReclaimable:       4684 kB
SUnreclaim:        12736 kB
KernelStack:        5320 kB
PageTables:         6592 kB
NFS_Unstable:          0 kB
Bounce:                0 kB
WritebackTmp:          0 kB
CommitLimit:      241032 kB
Committed_AS:    3754472 kB
VmallocTotal:     507904 kB
VmallocUsed:      114672 kB
VmallocChunk:     112576 kB
1557575598.000000
MemTotal:         482068 kB
MemFree:            4716 kB
Buffers:             172 kB
Cached:            41748 kB
SwapCached:            0 kB
Active:           377008 kB
Inactive:          21816 kB
Active(anon):     358308 kB
Inactive(anon):     3156 kB
Active(file):      18700 kB
Inactive(file):    18660 kB
Unevictable:        1964 kB
Mlocked:            3812 kB
HighTotal:             0 kB
HighFree:              0 kB
LowTotal:         482068 kB
LowFree:            4716 kB
SwapTotal:             0 kB
SwapFree:              0 kB
Dirty:                 4 kB
Writeback:             0 kB
AnonPages:        358912 kB
Mapped:            48520 kB
Shmem:              3304 kB
Slab:              17380 kB
SReclaimable:       4684 kB
SUnreclaim:        12696 kB
KernelStack:        5328 kB
PageTables:         6600 kB
NFS_Unstable:          0 kB
Bounce:                0 kB
WritebackTmp:          0 kB
CommitLimit:      241032 kB
Committed_AS:    3755132 kB
VmallocTotal:     507904 kB
VmallocUsed:      114672 kB
VmallocChunk:     112576 kB
1557575599.000000
MemTotal:         482068 kB
MemFree:            4316 kB
Buffers:             316 kB
Cached:            43264 kB
SwapCached:            0 kB
Active:           376880 kB
Inactive:          22724 kB
Active(anon):     357400 kB
Inactive(anon):     3152 kB
Active(file):      19480 kB
Inactive(file):    19572 kB
Unevictable:        1964 kB
Mlocked:            3812 kB
HighTotal:             0 kB
HighFree:              0 kB
LowTotal:         482068 kB
LowFree:            4316 kB
SwapTotal:             0 kB
SwapFree:              0 kB
Dirty:                76 kB
Writeback:             0 kB
AnonPages:        357980 kB
Mapped:            48024 kB
Shmem:              3308 kB
Slab:              17388 kB
SReclaimable:       4676 kB
SUnreclaim:        12712 kB
KernelStack:        5248 kB
PageTables:         6408 kB
NFS_Unstable:          0 kB
Bounce:                0 kB
WritebackTmp:          0 kB
CommitLimit:      241032 kB
Committed_AS:    3646228 kB
VmallocTotal:     507904 kB
VmallocUsed:      112628 kB
VmallocChunk:     112576 kB
1557575600.000000
MemTotal:         482068 kB
MemFree:           10548 kB
Buffers:             184 kB
Cached:            47648 kB
SwapCached:            0 kB
Active:           364260 kB
Inactive:          29344 kB
Active(anon):     347260 kB
Inactive(anon):     3156 kB
Active(file):      17000 kB
Inactive(file):    26188 kB
Unevictable:        1964 kB
Mlocked:            3812 kB
HighTotal:             0 kB
HighFree:              0 kB
LowTotal:         482068 kB
LowFree:           10548 kB
SwapTotal:             0 kB
SwapFree:              0 kB
Dirty:                 0 kB
Writeback:             0 kB
AnonPages:        347796 kB
Mapped:            48992 kB
Shmem:              3312 kB
Slab:              17292 kB
SReclaimable:       4676 kB
SUnreclaim:        12616 kB
KernelStack:        5168 kB
PageTables:         6348 kB
NFS_Unstable:          0 kB
Bounce:                0 kB
WritebackTmp:          0 kB
CommitLimit:      241032 kB
Committed_AS:    3631940 kB
VmallocTotal:     507904 kB
VmallocUsed:      112628 kB
VmallocChunk:     112576 kB
1557575601.000000
MemTotal:         482068 kB
MemFree:            3704 kB
Buffers:             540 kB
Cached:            50388 kB
SwapCached:            0 kB
Active:           369860 kB
Inactive:          30008 kB
Active(anon):     350376 kB
Inactive(anon):     3152 kB
Active(file):      19484 kB
Inactive(file):    26856 kB
Unevictable:        1964 kB
Mlocked:            3812 kB
HighTotal:             0 kB
HighFree:              0 kB
LowTotal:         482068 kB
LowFree:            3704 kB
SwapTotal:             0 kB
SwapFree:              0 kB
Dirty:                 0 kB
Writeback:             0 kB
AnonPages:        350916 kB
Mapped:            49908 kB
Shmem:              3312 kB
Slab:              17296 kB
SReclaimable:       4668 kB
SUnreclaim:        12628 kB
KernelStack:        5208 kB
PageTables:         6400 kB
NFS_Unstable:          0 kB
Bounce:                0 kB
WritebackTmp:          0 kB
CommitLimit:      241032 kB
Committed_AS:    3670480 kB
VmallocTotal:     507904 kB
VmallocUsed:      112628 kB
VmallocChunk:     112576 kB
1557575602.000000
MemTotal:         482068 kB
MemFree:            3572 kB
Buffers:             292 kB
Cached:            48472 kB
SwapCached:            0 kB
Active:           374288 kB
Inactive:          26032 kB
Active(anon):     353108 kB
Inactive(anon):     3152 kB
Active(file):      21180 kB
Inactive(file):    22880 kB
Unevictable:        1964 kB
Mlocked:            3812 kB
HighTotal:             0 kB
HighFree:              0 kB
LowTotal:         482068 kB
LowFree:            3572 kB
SwapTotal:             0 kB
SwapFree:              0 kB
Dirty:                 0 kB
Writeback:             0 kB
AnonPages:        353624 kB
Mapped:            53264 kB
Shmem:              3312 kB
Slab:              17296 kB
SReclaimable:       4672 kB
SUnreclaim:        12624 kB
KernelStack:        5216 kB
PageTables:         6456 kB
NFS_Unstable:          0 kB
Bounce:                0 kB
WritebackTmp:          0 kB
CommitLimit:      241032 kB
Committed_AS:    3672696 kB
VmallocTotal:     507904 kB
VmallocUsed:      112628 kB
VmallocChunk:     112576 kB
1557575603.000000
MemTotal:         482068 kB
MemFree:            3836 kB
Buffers:             344 kB
Cached:            49160 kB
SwapCached:            0 kB
Active:           373916 kB
Inactive:          26204 kB
Active(anon):     352068 kB
Inactive(anon):     3152 kB
Active(file):      21848 kB
Inactive(file):    23052 kB
Unevictable:        1964 kB
Mlocked:            3812 kB
HighTotal:             0 kB
HighFree:              0 kB
LowTotal:         482068 kB
LowFree:            3836 kB
SwapTotal:             0 kB
SwapFree:              0 kB
Dirty:                76 kB
Writeback:             0 kB
AnonPages:        352616 kB
Mapped:            52452 kB
Shmem:              3312 kB
Slab:              17256 kB
SReclaimable:       4624 kB
SUnreclaim:        12632 kB
KernelStack:        5216 kB
PageTables:         6384 kB
NFS_Unstable:          0 kB
Bounce:                0 kB
WritebackTmp:          0 kB
CommitLimit:      241032 kB
Committed_AS:    3675648 kB
VmallocTotal:     507904 kB
VmallocUsed:      112628 kB
VmallocChunk:     112576 kB
1557575604.000000
MemTotal:         482068 kB
MemFree:            3960 kB
Buffers:             204 kB
Cached:            47740 kB
SwapCached:            0 kB
Active:           374940 kB
Inactive:          24848 kB
Active(anon):     353356 kB
Inactive(anon):     3156 kB
Active(file):      21584 kB
Inactive(file):    21692 kB
Unevictable:        1964 kB
Mlocked:            3812 kB
HighTotal:             0 kB
HighFree:              0 kB
LowTotal:         482068 kB
LowFree:            3960 kB
SwapTotal:             0 kB
SwapFree:              0 kB
Dirty:                76 kB
Writeback:             0 kB
AnonPages:        353912 kB
Mapped:            51328 kB
Shmem:              3316 kB
Slab:              17224 kB
SReclaimable:       4604 kB
SUnreclaim:        12620 kB
KernelStack:        5216 kB
PageTables:         6472 kB
NFS_Unstable:          0 kB
Bounce:                0 kB
WritebackTmp:          0 kB
CommitLimit:      241032 kB
Committed_AS:    3676028 kB
VmallocTotal:     507904 kB
VmallocUsed:      112628 kB
VmallocChunk:     112576 kB
1557575605.000000
MemTotal:         482068 kB
MemFree:            3580 kB
Buffers:             320 kB
Cached:            48600 kB
SwapCached:            0 kB
Active:           374664 kB
Inactive:          25864 kB
Active(anon):     353120 kB
Inactive(anon):     3152 kB
Active(file):      21544 kB
Inactive(file):    22712 kB
Unevictable:        1964 kB
Mlocked:            3812 kB
HighTotal:             0 kB
HighFree:              0 kB
LowTotal:         482068 kB
LowFree:            3580 kB
SwapTotal:             0 kB
SwapFree:              0 kB
Dirty:                76 kB
Writeback:             0 kB
AnonPages:        353628 kB
Mapped:            52012 kB
Shmem:              3312 kB
Slab:              17216 kB
SReclaimable:       4604 kB
SUnreclaim:        12612 kB
KernelStack:        5232 kB
PageTables:         6400 kB
NFS_Unstable:          0 kB
Bounce:                0 kB
WritebackTmp:          0 kB
CommitLimit:      241032 kB
Committed_AS:    3674420 kB
VmallocTotal:     507904 kB
VmallocUsed:      112628 kB
VmallocChunk:     112576 kB
1557575605.000000
MemTotal:         482068 kB
MemFree:            3572 kB
Buffers:             316 kB
Cached:            48160 kB
SwapCached:            0 kB
Active:           375064 kB
Inactive:          25596 kB
Active(anon):     353620 kB
Inactive(anon):     3152 kB
Active(file):      21444 kB
Inactive(file):    22444 kB
Unevictable:        1964 kB
Mlocked:            3812 kB
HighTotal:             0 kB
HighFree:              0 kB
LowTotal:         482068 kB
LowFree:            3572 kB
SwapTotal:             0 kB
SwapFree:              0 kB
Dirty:                68 kB
Writeback:             0 kB
AnonPages:        354152 kB
Mapped:            51744 kB
Shmem:              3312 kB
Slab:              17216 kB
SReclaimable:       4604 kB
SUnreclaim:        12612 kB
KernelStack:        5240 kB
PageTables:         6416 kB
NFS_Unstable:          0 kB
Bounce:                0 kB
WritebackTmp:          0 kB
CommitLimit:      241032 kB
Committed_AS:    3676572 kB
VmallocTotal:     507904 kB
VmallocUsed:      112628 kB
VmallocChunk:     112576 kB
1557575606.000000
MemTotal:         482068 kB
MemFree:            4300 kB
Buffers:             224 kB
Cached:            47236 kB
SwapCached:            0 kB
Active:           375228 kB
Inactive:          24792 kB
Active(anon):     353988 kB
Inactive(anon):     3148 kB
Active(file):      21240 kB
Inactive(file):    21644 kB
Unevictable:        1964 kB
Mlocked:            3812 kB
HighTotal:             0 kB
HighFree:              0 kB
LowTotal:         482068 kB
LowFree:            4300 kB
SwapTotal:             0 kB
SwapFree:              0 kB
Dirty:                 0 kB
Writeback:             0 kB
AnonPages:        354524 kB
Mapped:            51864 kB
Shmem:              3304 kB
Slab:              17256 kB
SReclaimable:       4604 kB
SUnreclaim:        12652 kB
KernelStack:        5200 kB
PageTables:         6420 kB
NFS_Unstable:          0 kB
Bounce:                0 kB
WritebackTmp:          0 kB
CommitLimit:      241032 kB
Committed_AS:    3674648 kB
VmallocTotal:     507904 kB
VmallocUsed:      112628 kB
VmallocChunk:     112576 kB
1557575607.000000
MemTotal:         482068 kB
MemFree:            3920 kB
Buffers:             264 kB
Cached:            47352 kB
SwapCached:            0 kB
Active:           375436 kB
Inactive:          24968 kB
Active(anon):     354180 kB
Inactive(anon):     3152 kB
Active(file):      21256 kB
Inactive(file):    21816 kB
Unevictable:        1964 kB
Mlocked:            3812 kB
HighTotal:             0 kB
HighFree:              0 kB
LowTotal:         482068 kB
LowFree:            3920 kB
SwapTotal:             0 kB
SwapFree:              0 kB
Dirty:                 0 kB
Writeback:             0 kB
AnonPages:        354724 kB
Mapped:            51916 kB
Shmem:              3312 kB
Slab:              17240 kB
SReclaimable:       4604 kB
SUnreclaim:        12636 kB
KernelStack:        5248 kB
PageTables:         6484 kB
NFS_Unstable:          0 kB
Bounce:                0 kB
WritebackTmp:          0 kB
CommitLimit:      241032 kB
Committed_AS:    3674760 kB
VmallocTotal:     507904 kB
VmallocUsed:      112636 kB
VmallocChunk:     112576 kB
1557575608.000000
MemTotal:         482068 kB
MemFree:            3920 kB
Buffers:             260 kB
Cached:            46332 kB
SwapCached:            0 kB
Active:           375672 kB
Inactive:          24308 kB
Active(anon):     354876 kB
Inactive(anon):     3152 kB
Active(file):      20796 kB
Inactive(file):    21156 kB
Unevictable:        1964 kB
Mlocked:            3812 kB
HighTotal:             0 kB
HighFree:              0 kB
LowTotal:         482068 kB
LowFree:            3920 kB
SwapTotal:             0 kB
SwapFree:              0 kB
Dirty:                76 kB
Writeback:             0 kB
AnonPages:        355488 kB
Mapped:            50288 kB
Shmem:              3312 kB
Slab:              17284 kB
SReclaimable:       4604 kB
SUnreclaim:        12680 kB
KernelStack:        5256 kB
PageTables:         6488 kB
NFS_Unstable:          0 kB
Bounce:                0 kB
WritebackTmp:          0 kB
CommitLimit:      241032 kB
Committed_AS:    3674804 kB
VmallocTotal:     507904 kB
VmallocUsed:      112636 kB
VmallocChunk:     112576 kB
1557575609.000000
MemTotal:         482068 kB
MemFree:            4376 kB
Buffers:             152 kB
Cached:            45588 kB
SwapCached:            0 kB
Active:           375680 kB
Inactive:          23816 kB
Active(anon):     355204 kB
Inactive(anon):     3176 kB
Active(file):      20476 kB
Inactive(file):    20640 kB
Unevictable:        1964 kB
Mlocked:            3812 kB
HighTotal:             0 kB
HighFree:              0 kB
LowTotal:         482068 kB
LowFree:            4376 kB
SwapTotal:             0 kB
SwapFree:              0 kB
Dirty:                76 kB
Writeback:             0 kB
AnonPages:        355692 kB
Mapped:            50056 kB
Shmem:              3340 kB
Slab:              17244 kB
SReclaimable:       4604 kB
SUnreclaim:        12640 kB
KernelStack:        5256 kB
PageTables:         6412 kB
NFS_Unstable:          0 kB
Bounce:                0 kB
WritebackTmp:          0 kB
CommitLimit:      241032 kB
Committed_AS:    3675236 kB
VmallocTotal:     507904 kB
VmallocUsed:      112636 kB
VmallocChunk:     112576 kB
1557575610.000000
MemTotal:         482068 kB
MemFree:            4164 kB
Buffers:             144 kB
Cached:            44208 kB
SwapCached:            0 kB
Active:           376256 kB
Inactive:          22960 kB
Active(anon):     356324 kB
Inactive(anon):     3152 kB
Active(file):      19932 kB
Inactive(file):    19808 kB
Unevictable:        1964 kB
Mlocked:            3812 kB
HighTotal:             0 kB
HighFree:              0 kB
LowTotal:         482068 kB
LowFree:            4164 kB
SwapTotal:             0 kB
SwapFree:              0 kB
Dirty:                92 kB
Writeback:             0 kB
AnonPages:        356872 kB
Mapped:            50536 kB
Shmem:              3312 kB
Slab:              17284 kB
SReclaimable:       4604 kB
SUnreclaim:        12680 kB
KernelStack:        5304 kB
PageTables:         6648 kB
NFS_Unstable:          0 kB
Bounce:                0 kB
WritebackTmp:          0 kB
CommitLimit:      241032 kB
Committed_AS:    3781896 kB
VmallocTotal:     507904 kB
VmallocUsed:      114680 kB
VmallocChunk:     112576 kB
1557575610.000000
MemTotal:         482068 kB
MemFree:            5000 kB
Buffers:             416 kB
Cached:            42872 kB
SwapCached:            0 kB
Active:           376084 kB
Inactive:          22868 kB
Active(anon):     357052 kB
Inactive(anon):     3152 kB
Active(file):      19032 kB
Inactive(file):    19716 kB
Unevictable:        1964 kB
Mlocked:            3812 kB
HighTotal:             0 kB
HighFree:              0 kB
LowTotal:         482068 kB
LowFree:            5000 kB
SwapTotal:             0 kB
SwapFree:              0 kB
Dirty:                92 kB
Writeback:             0 kB
AnonPages:        357556 kB
Mapped:            51600 kB
Shmem:              3312 kB
Slab:              17284 kB
SReclaimable:       4604 kB
SUnreclaim:        12680 kB
KernelStack:        5408 kB
PageTables:         6648 kB
NFS_Unstable:          0 kB
Bounce:                0 kB
WritebackTmp:          0 kB
CommitLimit:      241032 kB
Committed_AS:    3787048 kB
VmallocTotal:     507904 kB
VmallocUsed:      114680 kB
VmallocChunk:     112576 kB
1557575611.000000
MemTotal:         482068 kB
MemFree:            6288 kB
Buffers:             416 kB
Cached:            44832 kB
SwapCached:            0 kB
Active:           372812 kB
Inactive:          24732 kB
Active(anon):     353792 kB
Inactive(anon):     3152 kB
Active(file):      19020 kB
Inactive(file):    21580 kB
Unevictable:        1964 kB
Mlocked:            3812 kB
HighTotal:             0 kB
HighFree:              0 kB
LowTotal:         482068 kB
LowFree:            6288 kB
SwapTotal:             0 kB
SwapFree:              0 kB
Dirty:               120 kB
Writeback:             0 kB
AnonPages:        354368 kB
Mapped:            51744 kB
Shmem:              3312 kB
Slab:              17264 kB
SReclaimable:       4608 kB
SUnreclaim:        12656 kB
KernelStack:        5384 kB
PageTables:         6624 kB
NFS_Unstable:          0 kB
Bounce:                0 kB
WritebackTmp:          0 kB
CommitLimit:      241032 kB
Committed_AS:    3785472 kB
VmallocTotal:     507904 kB
VmallocUsed:      114680 kB
VmallocChunk:     112576 kB
1557575612.000000
MemTotal:         482068 kB
MemFree:            5272 kB
Buffers:             416 kB
Cached:            45436 kB
SwapCached:            0 kB
Active:           373308 kB
Inactive:          25428 kB
Active(anon):     354288 kB
Inactive(anon):     3152 kB
Active(file):      19020 kB
Inactive(file):    22276 kB
Unevictable:        1964 kB
Mlocked:            3812 kB
HighTotal:             0 kB
HighFree:              0 kB
LowTotal:         482068 kB
LowFree:            5272 kB
SwapTotal:             0 kB
SwapFree:              0 kB
Dirty:               120 kB
Writeback:             0 kB
AnonPages:        354876 kB
Mapped:            51964 kB
Shmem:              3312 kB
Slab:              17288 kB
SReclaimable:       4608 kB
SUnreclaim:        12680 kB
KernelStack:        5376 kB
PageTables:         6624 kB
NFS_Unstable:          0 kB
Bounce:                0 kB
WritebackTmp:          0 kB
CommitLimit:      241032 kB
Committed_AS:    3785716 kB
VmallocTotal:     507904 kB
VmallocUsed:      114680 kB
VmallocChunk:     112576 kB
1557575613.000000
MemTotal:         482068 kB
MemFree:            3900 kB
Buffers:             416 kB
Cached:            46040 kB
SwapCached:            0 kB
Active:           374024 kB
Inactive:          25896 kB
Active(anon):     354904 kB
Inactive(anon):     3152 kB
Active(file):      19120 kB
Inactive(file):    22744 kB
Unevictable:        1964 kB
Mlocked:            3812 kB
HighTotal:             0 kB
HighFree:              0 kB
LowTotal:         482068 kB
LowFree:            3900 kB
SwapTotal:             0 kB
SwapFree:              0 kB
Dirty:                 0 kB
Writeback:             0 kB
AnonPages:        355520 kB
Mapped:            51824 kB
Shmem:              3312 kB
Slab:              17272 kB
SReclaimable:       4608 kB
SUnreclaim:        12664 kB
KernelStack:        5384 kB
PageTables:         6716 kB
NFS_Unstable:          0 kB
Bounce:                0 kB
WritebackTmp:          0 kB
CommitLimit:      241032 kB
Committed_AS:    3785872 kB
VmallocTotal:     507904 kB
VmallocUsed:      114688 kB
VmallocChunk:     112576 kB
1557575613.000000
MemTotal:         482068 kB
MemFree:            3908 kB
Buffers:             424 kB
Cached:            46020 kB
SwapCached:            0 kB
Active:           373784 kB
Inactive:          25908 kB
Active(anon):     354664 kB
Inactive(anon):     3152 kB
Active(file):      19120 kB
Inactive(file):    22756 kB
Unevictable:        1964 kB
Mlocked:            3812 kB
HighTotal:             0 kB
HighFree:              0 kB
LowTotal:         482068 kB
LowFree:            3908 kB
SwapTotal:             0 kB
SwapFree:              0 kB
Dirty:                 0 kB
Writeback:             0 kB
AnonPages:        355224 kB
Mapped:            51824 kB
Shmem:              3312 kB
Slab:              17300 kB
SReclaimable:       4608 kB
SUnreclaim:        12692 kB
KernelStack:        5384 kB
PageTables:         6636 kB
NFS_Unstable:          0 kB
Bounce:                0 kB
WritebackTmp:          0 kB
CommitLimit:      241032 kB
Committed_AS:    3785944 kB
VmallocTotal:     507904 kB
VmallocUsed:      114680 kB
VmallocChunk:     112576 kB
1557575614.000000
MemTotal:         482068 kB
MemFree:            4240 kB
Buffers:             424 kB
Cached:            45868 kB
SwapCached:            0 kB
Active:           374044 kB
Inactive:          25140 kB
Active(anon):     354300 kB
Inactive(anon):     3152 kB
Active(file):      19744 kB
Inactive(file):    21988 kB
Unevictable:        1964 kB
Mlocked:            3812 kB
HighTotal:             0 kB
HighFree:              0 kB
LowTotal:         482068 kB
LowFree:            4240 kB
SwapTotal:             0 kB
SwapFree:              0 kB
Dirty:                 0 kB
Writeback:             0 kB
AnonPages:        354844 kB
Mapped:            51444 kB
Shmem:              3312 kB
Slab:              17300 kB
SReclaimable:       4608 kB
SUnreclaim:        12692 kB
KernelStack:        5384 kB
PageTables:         6636 kB
NFS_Unstable:          0 kB
Bounce:                0 kB
WritebackTmp:          0 kB
CommitLimit:      241032 kB
Committed_AS:    3785964 kB
VmallocTotal:     507904 kB
VmallocUsed:      114680 kB
VmallocChunk:     112576 kB
1557575615.000000
MemTotal:         482068 kB
MemFree:            4412 kB
Buffers:             424 kB
Cached:            45900 kB
SwapCached:            0 kB
Active:           374040 kB
Inactive:          25156 kB
Active(anon):     354288 kB
Inactive(anon):     3152 kB
Active(file):      19752 kB
Inactive(file):    22004 kB
Unevictable:        1964 kB
Mlocked:            3812 kB
HighTotal:             0 kB
HighFree:              0 kB
LowTotal:         482068 kB
LowFree:            4412 kB
SwapTotal:             0 kB
SwapFree:              0 kB
Dirty:                28 kB
Writeback:             0 kB
AnonPages:        354880 kB
Mapped:            51400 kB
Shmem:              3312 kB
Slab:              17368 kB
SReclaimable:       4608 kB
SUnreclaim:        12760 kB
KernelStack:        5376 kB
PageTables:         6700 kB
NFS_Unstable:          0 kB
Bounce:                0 kB
WritebackTmp:          0 kB
CommitLimit:      241032 kB
Committed_AS:    3785988 kB
VmallocTotal:     507904 kB
VmallocUsed:      114680 kB
VmallocChunk:     112576 kB
1557575616.000000
MemTotal:         482068 kB
MemFree:            4164 kB
Buffers:             424 kB
Cached:            46124 kB
SwapCached:            0 kB
Active:           374144 kB
Inactive:          25380 kB
Active(anon):     354392 kB
Inactive(anon):     3152 kB
Active(file):      19752 kB
Inactive(file):    22228 kB
Unevictable:        1964 kB
Mlocked:            3812 kB
HighTotal:             0 kB
HighFree:              0 kB
LowTotal:         482068 kB
LowFree:            4164 kB
SwapTotal:             0 kB
SwapFree:              0 kB
Dirty:                28 kB
Writeback:             0 kB
AnonPages:        354980 kB
Mapped:            51480 kB
Shmem:              3312 kB
Slab:              17348 kB
SReclaimable:       4608 kB
SUnreclaim:        12740 kB
KernelStack:        5376 kB
PageTables:         6700 kB
NFS_Unstable:          0 kB
Bounce:                0 kB
WritebackTmp:          0 kB
CommitLimit:      241032 kB
Committed_AS:    3785924 kB
VmallocTotal:     507904 kB
VmallocUsed:      114688 kB
VmallocChunk:     112576 kB
1557575616.000000
MemTotal:         482068 kB
MemFree:            4296 kB
Buffers:             424 kB
Cached:            44784 kB
SwapCached:            0 kB
Active:           375704 kB
Inactive:          23456 kB
Active(anon):     355412 kB
Inactive(anon):     3152 kB
Active(file):      20292 kB
Inactive(file):    20304 kB
Unevictable:        1964 kB
Mlocked:            3812 kB
HighTotal:             0 kB
HighFree:              0 kB
LowTotal:         482068 kB
LowFree:            4296 kB
SwapTotal:             0 kB
SwapFree:              0 kB
Dirty:                28 kB
Writeback:             0 kB
AnonPages:        355952 kB
Mapped:            50988 kB
Shmem:              3312 kB
Slab:              17400 kB
SReclaimable:       4608 kB
SUnreclaim:        12792 kB
KernelStack:        5384 kB
PageTables:         6636 kB
NFS_Unstable:          0 kB
Bounce:                0 kB
WritebackTmp:          0 kB
CommitLimit:      241032 kB
Committed_AS:    3786156 kB
VmallocTotal:     507904 kB
VmallocUsed:      114680 kB
VmallocChunk:     112576 kB
1557575617.000000
MemTotal:         482068 kB
MemFree:            7116 kB
Buffers:             424 kB
Cached:            45696 kB
SwapCached:            0 kB
Active:           372168 kB
Inactive:          24392 kB
Active(anon):     351876 kB
Inactive(anon):     3152 kB
Active(file):      20292 kB
Inactive(file):    21240 kB
Unevictable:        1964 kB
Mlocked:            3812 kB
HighTotal:             0 kB
HighFree:              0 kB
LowTotal:         482068 kB
LowFree:            7116 kB
SwapTotal:             0 kB
SwapFree:              0 kB
Dirty:                28 kB
Writeback:             0 kB
AnonPages:        352380 kB
Mapped:            51064 kB
Shmem:              3312 kB
Slab:              17452 kB
SReclaimable:       4608 kB
SUnreclaim:        12844 kB
KernelStack:        5384 kB
PageTables:         6636 kB
NFS_Unstable:          0 kB
Bounce:                0 kB
WritebackTmp:          0 kB
CommitLimit:      241032 kB
Committed_AS:    3785952 kB
VmallocTotal:     507904 kB
VmallocUsed:      114680 kB
VmallocChunk:     112576 kB
1557575618.000000
MemTotal:         482068 kB
MemFree:            6380 kB
Buffers:             428 kB
Cached:            46156 kB
SwapCached:            0 kB
Active:           372376 kB
Inactive:          24820 kB
Active(anon):     352068 kB
Inactive(anon):     3152 kB
Active(file):      20308 kB
Inactive(file):    21668 kB
Unevictable:        1964 kB
Mlocked:            3812 kB
HighTotal:             0 kB
HighFree:              0 kB
LowTotal:         482068 kB
LowFree:            6380 kB
SwapTotal:             0 kB
SwapFree:              0 kB
Dirty:                 0 kB
Writeback:             0 kB
AnonPages:        352640 kB
Mapped:            51120 kB
Shmem:              3312 kB
Slab:              17428 kB
SReclaimable:       4608 kB
SUnreclaim:        12820 kB
KernelStack:        5376 kB
PageTables:         6700 kB
NFS_Unstable:          0 kB
Bounce:                0 kB
WritebackTmp:          0 kB
CommitLimit:      241032 kB
Committed_AS:    3786024 kB
VmallocTotal:     507904 kB
VmallocUsed:      114680 kB
VmallocChunk:     112576 kB
1557575619.000000
MemTotal:         482068 kB
MemFree:            5612 kB
Buffers:             428 kB
Cached:            46800 kB
SwapCached:            0 kB
Active:           372668 kB
Inactive:          25464 kB
Active(anon):     352360 kB
Inactive(anon):     3152 kB
Active(file):      20308 kB
Inactive(file):    22312 kB
Unevictable:        1964 kB
Mlocked:            3812 kB
HighTotal:             0 kB
HighFree:              0 kB
LowTotal:         482068 kB
LowFree:            5612 kB
SwapTotal:             0 kB
SwapFree:              0 kB
Dirty:                 0 kB
Writeback:             0 kB
AnonPages:        352948 kB
Mapped:            51216 kB
Shmem:              3312 kB
Slab:              17408 kB
SReclaimable:       4608 kB
SUnreclaim:        12800 kB
KernelStack:        5376 kB
PageTables:         6624 kB
NFS_Unstable:          0 kB
Bounce:                0 kB
WritebackTmp:          0 kB
CommitLimit:      241032 kB
Committed_AS:    3786056 kB
VmallocTotal:     507904 kB
VmallocUsed:      114680 kB
VmallocChunk:     112576 kB
1557575619.000000
MemTotal:         482068 kB
MemFree:            4784 kB
Buffers:             428 kB
Cached:            46892 kB
SwapCached:            0 kB
Active:           373164 kB
Inactive:          25596 kB
Active(anon):     352856 kB
Inactive(anon):     3152 kB
Active(file):      20308 kB
Inactive(file):    22444 kB
Unevictable:        1964 kB
Mlocked:            3812 kB
HighTotal:             0 kB
HighFree:              0 kB
LowTotal:         482068 kB
LowFree:            4784 kB
SwapTotal:             0 kB
SwapFree:              0 kB
Dirty:                 0 kB
Writeback:             0 kB
AnonPages:        353412 kB
Mapped:            51244 kB
Shmem:              3312 kB
Slab:              17404 kB
SReclaimable:       4608 kB
SUnreclaim:        12796 kB
KernelStack:        5384 kB
PageTables:         6636 kB
NFS_Unstable:          0 kB
Bounce:                0 kB
WritebackTmp:          0 kB
CommitLimit:      241032 kB
Committed_AS:    3786088 kB
VmallocTotal:     507904 kB
VmallocUsed:      114680 kB
VmallocChunk:     112576 kB
1557575620.000000
MemTotal:         482068 kB
MemFree:            4488 kB
Buffers:             428 kB
Cached:            46892 kB
SwapCached:            0 kB
Active:           373372 kB
Inactive:          25596 kB
Active(anon):     353064 kB
Inactive(anon):     3152 kB
Active(file):      20308 kB
Inactive(file):    22444 kB
Unevictable:        1964 kB
Mlocked:            3812 kB
HighTotal:             0 kB
HighFree:              0 kB
LowTotal:         482068 kB
LowFree:            4488 kB
SwapTotal:             0 kB
SwapFree:              0 kB
Dirty:                 0 kB
Writeback:             0 kB
AnonPages:        353640 kB
Mapped:            51244 kB
Shmem:              3312 kB
Slab:              17352 kB
SReclaimable:       4608 kB
SUnreclaim:        12744 kB
KernelStack:        5384 kB
PageTables:         6636 kB
NFS_Unstable:          0 kB
Bounce:                0 kB
WritebackTmp:          0 kB
CommitLimit:      241032 kB
Committed_AS:    3786340 kB
VmallocTotal:     507904 kB
VmallocUsed:      114680 kB
VmallocChunk:     112576 kB
1557575621.000000
MemTotal:         482068 kB
MemFree:            4164 kB
Buffers:             428 kB
Cached:            46892 kB
SwapCached:            0 kB
Active:           373784 kB
Inactive:          25596 kB
Active(anon):     353476 kB
Inactive(anon):     3152 kB
Active(file):      20308 kB
Inactive(file):    22444 kB
Unevictable:        1964 kB
Mlocked:            3812 kB
HighTotal:             0 kB
HighFree:              0 kB
LowTotal:         482068 kB
LowFree:            4164 kB
SwapTotal:             0 kB
SwapFree:              0 kB
Dirty:                 0 kB
Writeback:             0 kB
AnonPages:        354012 kB
Mapped:            51216 kB
Shmem:              3312 kB
Slab:              17360 kB
SReclaimable:       4608 kB
SUnreclaim:        12752 kB
KernelStack:        5368 kB
PageTables:         6624 kB
NFS_Unstable:          0 kB
Bounce:                0 kB
WritebackTmp:          0 kB
CommitLimit:      241032 kB
Committed_AS:    3786280 kB
VmallocTotal:     507904 kB
VmallocUsed:      114680 kB
VmallocChunk:     112576 kB
1557575622.000000
MemTotal:         482068 kB
MemFree:            4272 kB
Buffers:             428 kB
Cached:            46588 kB
SwapCached:            0 kB
Active:           373964 kB
Inactive:          25224 kB
Active(anon):     353656 kB
Inactive(anon):     3152 kB
Active(file):      20308 kB
Inactive(file):    22072 kB
Unevictable:        1964 kB
Mlocked:            3812 kB
HighTotal:             0 kB
HighFree:              0 kB
LowTotal:         482068 kB
LowFree:            4272 kB
SwapTotal:             0 kB
SwapFree:              0 kB
Dirty:                 0 kB
Writeback:             0 kB
AnonPages:        354224 kB
Mapped:            51140 kB
Shmem:              3312 kB
Slab:              17396 kB
SReclaimable:       4608 kB
SUnreclaim:        12788 kB
KernelStack:        5368 kB
PageTables:         6624 kB
NFS_Unstable:          0 kB
Bounce:                0 kB
WritebackTmp:          0 kB
CommitLimit:      241032 kB
Committed_AS:    3786408 kB
VmallocTotal:     507904 kB
VmallocUsed:      114680 kB
VmallocChunk:     112576 kB
1557575622.000000
MemTotal:         482068 kB
MemFree:            4164 kB
Buffers:             428 kB
Cached:            46564 kB
SwapCached:            0 kB
Active:           374060 kB
Inactive:          25232 kB
Active(anon):     353716 kB
Inactive(anon):     3152 kB
Active(file):      20344 kB
Inactive(file):    22080 kB
Unevictable:        1964 kB
Mlocked:            3812 kB
HighTotal:             0 kB
HighFree:              0 kB
LowTotal:         482068 kB
LowFree:            4164 kB
SwapTotal:             0 kB
SwapFree:              0 kB
Dirty:                 0 kB
Writeback:             0 kB
AnonPages:        354312 kB
Mapped:            51220 kB
Shmem:              3312 kB
Slab:              17416 kB
SReclaimable:       4608 kB
SUnreclaim:        12808 kB
KernelStack:        5376 kB
PageTables:         6636 kB
NFS_Unstable:          0 kB
Bounce:                0 kB
WritebackTmp:          0 kB
CommitLimit:      241032 kB
Committed_AS:    3786544 kB
VmallocTotal:     507904 kB
VmallocUsed:      114680 kB
VmallocChunk:     112576 kB
1557575623.000000
MemTotal:         482068 kB
MemFree:            4504 kB
Buffers:             428 kB
Cached:            46564 kB
SwapCached:            0 kB
Active:           373748 kB
Inactive:          25232 kB
Active(anon):     353404 kB
Inactive(anon):     3152 kB
Active(file):      20344 kB
Inactive(file):    22080 kB
Unevictable:        1964 kB
Mlocked:            3812 kB
HighTotal:             0 kB
HighFree:              0 kB
LowTotal:         482068 kB
LowFree:            4504 kB
SwapTotal:             0 kB
SwapFree:              0 kB
Dirty:                 0 kB
Writeback:             0 kB
AnonPages:        353932 kB
Mapped:            51144 kB
Shmem:              3312 kB
Slab:              17416 kB
SReclaimable:       4608 kB
SUnreclaim:        12808 kB
KernelStack:        5376 kB
PageTables:         6712 kB
NFS_Unstable:          0 kB
Bounce:                0 kB
WritebackTmp:          0 kB
CommitLimit:      241032 kB
Committed_AS:    3786492 kB
VmallocTotal:     507904 kB
VmallocUsed:      114680 kB
VmallocChunk:     112576 kB
1557575624.000000
MemTotal:         482068 kB
MemFree:            4560 kB
Buffers:             428 kB
Cached:            46564 kB
SwapCached:            0 kB
Active:           373812 kB
Inactive:          25232 kB
Active(anon):     353468 kB
Inactive(anon):     3152 kB
Active(file):      20344 kB
Inactive(file):    22080 kB
Unevictable:        1964 kB
Mlocked:            3812 kB
HighTotal:             0 kB
HighFree:              0 kB
LowTotal:         482068 kB
LowFree:            4560 kB
SwapTotal:             0 kB
SwapFree:              0 kB
Dirty:                 0 kB
Writeback:             0 kB
AnonPages:        354064 kB
Mapped:            51248 kB
Shmem:              3312 kB
Slab:              17400 kB
SReclaimable:       4608 kB
SUnreclaim:        12792 kB
KernelStack:        5368 kB
PageTables:         6700 kB
NFS_Unstable:          0 kB
Bounce:                0 kB
WritebackTmp:          0 kB
CommitLimit:      241032 kB
Committed_AS:    3786520 kB
VmallocTotal:     507904 kB
VmallocUsed:      114680 kB
VmallocChunk:     112576 kB
1557575625.000000
MemTotal:         482068 kB
MemFree:            3792 kB
Buffers:             308 kB
Cached:            46664 kB
SwapCached:            0 kB
Active:           374752 kB
Inactive:          24944 kB
Active(anon):     354140 kB
Inactive(anon):     3152 kB
Active(file):      20612 kB
Inactive(file):    21792 kB
Unevictable:        1964 kB
Mlocked:            3812 kB
HighTotal:             0 kB
HighFree:              0 kB
LowTotal:         482068 kB
LowFree:            3792 kB
SwapTotal:             0 kB
SwapFree:              0 kB
Dirty:                 0 kB
Writeback:             0 kB
AnonPages:        354720 kB
Mapped:            51284 kB
Shmem:              3312 kB
Slab:              17404 kB
SReclaimable:       4608 kB
SUnreclaim:        12796 kB
KernelStack:        5368 kB
PageTables:         6700 kB
NFS_Unstable:          0 kB
Bounce:                0 kB
WritebackTmp:          0 kB
CommitLimit:      241032 kB
Committed_AS:    3786580 kB
VmallocTotal:     507904 kB
VmallocUsed:      114680 kB
VmallocChunk:     112576 kB
1557575626.000000
MemTotal:         482068 kB
MemFree:            3676 kB
Buffers:             308 kB
Cached:            46664 kB
SwapCached:            0 kB
Active:           374888 kB
Inactive:          24944 kB
Active(anon):     354276 kB
Inactive(anon):     3152 kB
Active(file):      20612 kB
Inactive(file):    21792 kB
Unevictable:        1964 kB
Mlocked:            3812 kB
HighTotal:             0 kB
HighFree:              0 kB
LowTotal:         482068 kB
LowFree:            3676 kB
SwapTotal:             0 kB
SwapFree:              0 kB
Dirty:                 0 kB
Writeback:             0 kB
AnonPages:        354836 kB
Mapped:            51260 kB
Shmem:              3312 kB
Slab:              17404 kB
SReclaimable:       4608 kB
SUnreclaim:        12796 kB
KernelStack:        5368 kB
PageTables:         6636 kB
NFS_Unstable:          0 kB
Bounce:                0 kB
WritebackTmp:          0 kB
CommitLimit:      241032 kB
Committed_AS:    3786580 kB
VmallocTotal:     507904 kB
VmallocUsed:      114680 kB
VmallocChunk:     112576 kB
1557575626.000000
MemTotal:         482068 kB
MemFree:            3660 kB
Buffers:             308 kB
Cached:            46664 kB
SwapCached:            0 kB
Active:           374776 kB
Inactive:          24944 kB
Active(anon):     354164 kB
Inactive(anon):     3152 kB
Active(file):      20612 kB
Inactive(file):    21792 kB
Unevictable:        1964 kB
Mlocked:            3812 kB
HighTotal:             0 kB
HighFree:              0 kB
LowTotal:         482068 kB
LowFree:            3660 kB
SwapTotal:             0 kB
SwapFree:              0 kB
Dirty:                 0 kB
Writeback:             0 kB
AnonPages:        354752 kB
Mapped:            51224 kB
Shmem:              3312 kB
Slab:              17384 kB
SReclaimable:       4608 kB
SUnreclaim:        12776 kB
KernelStack:        5352 kB
PageTables:         6604 kB
NFS_Unstable:          0 kB
Bounce:                0 kB
WritebackTmp:          0 kB
CommitLimit:      241032 kB
Committed_AS:    3786580 kB
VmallocTotal:     507904 kB
VmallocUsed:      114688 kB
VmallocChunk:     112576 kB
1557575627.000000
MemTotal:         482068 kB
MemFree:            3684 kB
Buffers:             308 kB
Cached:            46664 kB
SwapCached:            0 kB
Active:           374792 kB
Inactive:          24944 kB
Active(anon):     354180 kB
Inactive(anon):     3152 kB
Active(file):      20612 kB
Inactive(file):    21792 kB
Unevictable:        1964 kB
Mlocked:            3812 kB
HighTotal:             0 kB
HighFree:              0 kB
LowTotal:         482068 kB
LowFree:            3684 kB
SwapTotal:             0 kB
SwapFree:              0 kB
Dirty:                 0 kB
Writeback:             0 kB
AnonPages:        354772 kB
Mapped:            51212 kB
Shmem:              3312 kB
Slab:              17360 kB
SReclaimable:       4608 kB
SUnreclaim:        12752 kB
KernelStack:        5368 kB
PageTables:         6624 kB
NFS_Unstable:          0 kB
Bounce:                0 kB
WritebackTmp:          0 kB
CommitLimit:      241032 kB
Committed_AS:    3786584 kB
VmallocTotal:     507904 kB
VmallocUsed:      114680 kB
VmallocChunk:     112576 kB
1557575628.000000
MemTotal:         482068 kB
MemFree:            4064 kB
Buffers:             308 kB
Cached:            45920 kB
SwapCached:            0 kB
Active:           375120 kB
Inactive:          24192 kB
Active(anon):     354512 kB
Inactive(anon):     3152 kB
Active(file):      20608 kB
Inactive(file):    21040 kB
Unevictable:        1964 kB
Mlocked:            3812 kB
HighTotal:             0 kB
HighFree:              0 kB
LowTotal:         482068 kB
LowFree:            4064 kB
SwapTotal:             0 kB
SwapFree:              0 kB
Dirty:                 0 kB
Writeback:             0 kB
AnonPages:        355024 kB
Mapped:            51112 kB
Shmem:              3312 kB
Slab:              17364 kB
SReclaimable:       4608 kB
SUnreclaim:        12756 kB
KernelStack:        5360 kB
PageTables:         6624 kB
NFS_Unstable:          0 kB
Bounce:                0 kB
WritebackTmp:          0 kB
CommitLimit:      241032 kB
Committed_AS:    3786592 kB
VmallocTotal:     507904 kB
VmallocUsed:      114680 kB
VmallocChunk:     112576 kB
1557575629.000000
MemTotal:         482068 kB
MemFree:            3784 kB
Buffers:             308 kB
Cached:            46488 kB
SwapCached:            0 kB
Active:           375108 kB
Inactive:          24740 kB
Active(anon):     354480 kB
Inactive(anon):     3152 kB
Active(file):      20628 kB
Inactive(file):    21588 kB
Unevictable:        1964 kB
Mlocked:            3812 kB
HighTotal:             0 kB
HighFree:              0 kB
LowTotal:         482068 kB
LowFree:            3784 kB
SwapTotal:             0 kB
SwapFree:              0 kB
Dirty:                 0 kB
Writeback:             0 kB
AnonPages:        355032 kB
Mapped:            51168 kB
Shmem:              3312 kB
Slab:              17404 kB
SReclaimable:       4608 kB
SUnreclaim:        12796 kB
KernelStack:        5360 kB
PageTables:         6624 kB
NFS_Unstable:          0 kB
Bounce:                0 kB
WritebackTmp:          0 kB
CommitLimit:      241032 kB
Committed_AS:    3786636 kB
VmallocTotal:     507904 kB
VmallocUsed:      114680 kB
VmallocChunk:     112576 kB
1557575629.000000
MemTotal:         482068 kB
MemFree:            3660 kB
Buffers:             308 kB
Cached:            46520 kB
SwapCached:            0 kB
Active:           375100 kB
Inactive:          24784 kB
Active(anon):     354472 kB
Inactive(anon):     3152 kB
Active(file):      20628 kB
Inactive(file):    21632 kB
Unevictable:        1964 kB
Mlocked:            3812 kB
HighTotal:             0 kB
HighFree:              0 kB
LowTotal:         482068 kB
LowFree:            3660 kB
SwapTotal:             0 kB
SwapFree:              0 kB
Dirty:                 0 kB
Writeback:             0 kB
AnonPages:        355032 kB
Mapped:            51172 kB
Shmem:              3312 kB
Slab:              17420 kB
SReclaimable:       4608 kB
SUnreclaim:        12812 kB
KernelStack:        5384 kB
PageTables:         6632 kB
NFS_Unstable:          0 kB
Bounce:                0 kB
WritebackTmp:          0 kB
CommitLimit:      241032 kB
Committed_AS:    3786616 kB
VmallocTotal:     507904 kB
VmallocUsed:      114680 kB
VmallocChunk:     112576 kB
1557575630.000000
MemTotal:         482068 kB
MemFree:            4272 kB
Buffers:             304 kB
Cached:            45840 kB
SwapCached:            0 kB
Active:           375308 kB
Inactive:          23940 kB
Active(anon):     354576 kB
Inactive(anon):     3152 kB
Active(file):      20732 kB
Inactive(file):    20788 kB
Unevictable:        1964 kB
Mlocked:            3812 kB
HighTotal:             0 kB
HighFree:              0 kB
LowTotal:         482068 kB
LowFree:            4272 kB
SwapTotal:             0 kB
SwapFree:              0 kB
Dirty:                 0 kB
Writeback:             0 kB
AnonPages:        355108 kB
Mapped:            51020 kB
Shmem:              3312 kB
Slab:              17420 kB
SReclaimable:       4608 kB
SUnreclaim:        12812 kB
KernelStack:        5384 kB
PageTables:         6632 kB
NFS_Unstable:          0 kB
Bounce:                0 kB
WritebackTmp:          0 kB
CommitLimit:      241032 kB
Committed_AS:    3786616 kB
VmallocTotal:     507904 kB
VmallocUsed:      114680 kB
VmallocChunk:     112576 kB
1557575631.000000
MemTotal:         482068 kB
MemFree:            4288 kB
Buffers:             304 kB
Cached:            45832 kB
SwapCached:            0 kB
Active:           375348 kB
Inactive:          23956 kB
Active(anon):     354584 kB
Inactive(anon):     3152 kB
Active(file):      20764 kB
Inactive(file):    20804 kB
Unevictable:        1964 kB
Mlocked:            3812 kB
HighTotal:             0 kB
HighFree:              0 kB
LowTotal:         482068 kB
LowFree:            4288 kB
SwapTotal:             0 kB
SwapFree:              0 kB
Dirty:                 0 kB
Writeback:             0 kB
AnonPages:        355076 kB
Mapped:            51052 kB
Shmem:              3312 kB
Slab:              17404 kB
SReclaimable:       4608 kB
SUnreclaim:        12796 kB
KernelStack:        5376 kB
PageTables:         6624 kB
NFS_Unstable:          0 kB
Bounce:                0 kB
WritebackTmp:          0 kB
CommitLimit:      241032 kB
Committed_AS:    3786616 kB
VmallocTotal:     507904 kB
VmallocUsed:      114680 kB
VmallocChunk:     112576 kB
1557575632.000000
MemTotal:         482068 kB
MemFree:            4288 kB
Buffers:             304 kB
Cached:            45832 kB
SwapCached:            0 kB
Active:           375240 kB
Inactive:          23956 kB
Active(anon):     354476 kB
Inactive(anon):     3152 kB
Active(file):      20764 kB
Inactive(file):    20804 kB
Unevictable:        1964 kB
Mlocked:            3812 kB
HighTotal:             0 kB
HighFree:              0 kB
LowTotal:         482068 kB
LowFree:            4288 kB
SwapTotal:             0 kB
SwapFree:              0 kB
Dirty:                 0 kB
Writeback:             0 kB
AnonPages:        354996 kB
Mapped:            50976 kB
Shmem:              3312 kB
Slab:              17396 kB
SReclaimable:       4608 kB
SUnreclaim:        12788 kB
KernelStack:        5368 kB
PageTables:         6700 kB
NFS_Unstable:          0 kB
Bounce:                0 kB
WritebackTmp:          0 kB
CommitLimit:      241032 kB
Committed_AS:    3786620 kB
VmallocTotal:     507904 kB
VmallocUsed:      114688 kB
VmallocChunk:     112576 kB
1557575632.000000
MemTotal:         482068 kB
MemFree:            3876 kB
Buffers:             192 kB
Cached:            45856 kB
SwapCached:            0 kB
Active:           375488 kB
Inactive:          24244 kB
Active(anon):     355100 kB
Inactive(anon):     3152 kB
Active(file):      20388 kB
Inactive(file):    21092 kB
Unevictable:        1964 kB
Mlocked:            3812 kB
HighTotal:             0 kB
HighFree:              0 kB
LowTotal:         482068 kB
LowFree:            3876 kB
SwapTotal:             0 kB
SwapFree:              0 kB
Dirty:                 0 kB
Writeback:             0 kB
AnonPages:        355696 kB
Mapped:            50432 kB
Shmem:              3312 kB
Slab:              17400 kB
SReclaimable:       4608 kB
SUnreclaim:        12792 kB
KernelStack:        5368 kB
PageTables:         6636 kB
NFS_Unstable:          0 kB
Bounce:                0 kB
WritebackTmp:          0 kB
CommitLimit:      241032 kB
Committed_AS:    3786636 kB
VmallocTotal:     507904 kB
VmallocUsed:      114680 kB
VmallocChunk:     112576 kB
1557575633.000000
MemTotal:         482068 kB
MemFree:            4188 kB
Buffers:             192 kB
Cached:            45856 kB
SwapCached:            0 kB
Active:           375124 kB
Inactive:          24244 kB
Active(anon):     354736 kB
Inactive(anon):     3152 kB
Active(file):      20388 kB
Inactive(file):    21092 kB
Unevictable:        1964 kB
Mlocked:            3812 kB
HighTotal:             0 kB
HighFree:              0 kB
LowTotal:         482068 kB
LowFree:            4188 kB
SwapTotal:             0 kB
SwapFree:              0 kB
Dirty:                 0 kB
Writeback:             0 kB
AnonPages:        355316 kB
Mapped:            50432 kB
Shmem:              3312 kB
Slab:              17452 kB
SReclaimable:       4608 kB
SUnreclaim:        12844 kB
KernelStack:        5368 kB
PageTables:         6636 kB
NFS_Unstable:          0 kB
Bounce:                0 kB
WritebackTmp:          0 kB
CommitLimit:      241032 kB
Committed_AS:    3786636 kB
VmallocTotal:     507904 kB
VmallocUsed:      114680 kB
VmallocChunk:     112576 kB
1557575634.000000
MemTotal:         482068 kB
MemFree:            3908 kB
Buffers:             192 kB
Cached:            45880 kB
SwapCached:            0 kB
Active:           375192 kB
Inactive:          24268 kB
Active(anon):     354804 kB
Inactive(anon):     3152 kB
Active(file):      20388 kB
Inactive(file):    21116 kB
Unevictable:        1964 kB
Mlocked:            3812 kB
HighTotal:             0 kB
HighFree:              0 kB
LowTotal:         482068 kB
LowFree:            3908 kB
SwapTotal:             0 kB
SwapFree:              0 kB
Dirty:                 0 kB
Writeback:             0 kB
AnonPages:        355380 kB
Mapped:            50392 kB
Shmem:              3312 kB
Slab:              17452 kB
SReclaimable:       4608 kB
SUnreclaim:        12844 kB
KernelStack:        5368 kB
PageTables:         6700 kB
NFS_Unstable:          0 kB
Bounce:                0 kB
WritebackTmp:          0 kB
CommitLimit:      241032 kB
Committed_AS:    3786636 kB
VmallocTotal:     507904 kB
VmallocUsed:      114680 kB
VmallocChunk:     112576 kB
1557575635.000000
MemTotal:         482068 kB
MemFree:            3792 kB
Buffers:             192 kB
Cached:            45880 kB
SwapCached:            0 kB
Active:           375260 kB
Inactive:          24268 kB
Active(anon):     354872 kB
Inactive(anon):     3152 kB
Active(file):      20388 kB
Inactive(file):    21116 kB
Unevictable:        1964 kB
Mlocked:            3812 kB
HighTotal:             0 kB
HighFree:              0 kB
LowTotal:         482068 kB
LowFree:            3792 kB
SwapTotal:             0 kB
SwapFree:              0 kB
Dirty:                 0 kB
Writeback:             0 kB
AnonPages:        355344 kB
Mapped:            50392 kB
Shmem:              3312 kB
Slab:              17480 kB
SReclaimable:       4608 kB
SUnreclaim:        12872 kB
KernelStack:        5360 kB
PageTables:         6624 kB
NFS_Unstable:          0 kB
Bounce:                0 kB
WritebackTmp:          0 kB
CommitLimit:      241032 kB
Committed_AS:    3786624 kB
VmallocTotal:     507904 kB
VmallocUsed:      114680 kB
VmallocChunk:     112576 kB
1557575635.000000
MemTotal:         482068 kB
MemFree:            3552 kB
Buffers:             448 kB
Cached:            46012 kB
SwapCached:            0 kB
Active:           375280 kB
Inactive:          24652 kB
Active(anon):     354888 kB
Inactive(anon):     3152 kB
Active(file):      20392 kB
Inactive(file):    21500 kB
Unevictable:        1964 kB
Mlocked:            3812 kB
HighTotal:             0 kB
HighFree:              0 kB
LowTotal:         482068 kB
LowFree:            3552 kB
SwapTotal:             0 kB
SwapFree:              0 kB
Dirty:                 0 kB
Writeback:             0 kB
AnonPages:        355484 kB
Mapped:            50440 kB
Shmem:              3312 kB
Slab:              17432 kB
SReclaimable:       4612 kB
SUnreclaim:        12820 kB
KernelStack:        5368 kB
PageTables:         6636 kB
NFS_Unstable:          0 kB
Bounce:                0 kB
WritebackTmp:          0 kB
CommitLimit:      241032 kB
Committed_AS:    3786636 kB
VmallocTotal:     507904 kB
VmallocUsed:      114680 kB
VmallocChunk:     112576 kB
1557575636.000000
MemTotal:         482068 kB
MemFree:            4320 kB
Buffers:             448 kB
Cached:            44796 kB
SwapCached:            0 kB
Active:           375424 kB
Inactive:          23568 kB
Active(anon):     355096 kB
Inactive(anon):     3152 kB
Active(file):      20328 kB
Inactive(file):    20416 kB
Unevictable:        1964 kB
Mlocked:            3812 kB
HighTotal:             0 kB
HighFree:              0 kB
LowTotal:         482068 kB
LowFree:            4320 kB
SwapTotal:             0 kB
SwapFree:              0 kB
Dirty:                 0 kB
Writeback:             0 kB
AnonPages:        355712 kB
Mapped:            49756 kB
Shmem:              3312 kB
Slab:              17432 kB
SReclaimable:       4612 kB
SUnreclaim:        12820 kB
KernelStack:        5368 kB
PageTables:         6636 kB
NFS_Unstable:          0 kB
Bounce:                0 kB
WritebackTmp:          0 kB
CommitLimit:      241032 kB
Committed_AS:    3786636 kB
VmallocTotal:     507904 kB
VmallocUsed:      114680 kB
VmallocChunk:     112576 kB
1557575637.000000
MemTotal:         482068 kB
MemFree:            3800 kB
Buffers:             448 kB
Cached:            44488 kB
SwapCached:            0 kB
Active:           376012 kB
Inactive:          23220 kB
Active(anon):     355796 kB
Inactive(anon):     3152 kB
Active(file):      20216 kB
Inactive(file):    20068 kB
Unevictable:        1964 kB
Mlocked:            3812 kB
HighTotal:             0 kB
HighFree:              0 kB
LowTotal:         482068 kB
LowFree:            3800 kB
SwapTotal:             0 kB
SwapFree:              0 kB
Dirty:                 0 kB
Writeback:             0 kB
AnonPages:        356356 kB
Mapped:            49580 kB
Shmem:              3312 kB
Slab:              17420 kB
SReclaimable:       4612 kB
SUnreclaim:        12808 kB
KernelStack:        5360 kB
PageTables:         6700 kB
NFS_Unstable:          0 kB
Bounce:                0 kB
WritebackTmp:          0 kB
CommitLimit:      241032 kB
Committed_AS:    3786636 kB
VmallocTotal:     507904 kB
VmallocUsed:      114688 kB
VmallocChunk:     112576 kB
1557575638.000000
MemTotal:         482068 kB
MemFree:            3676 kB
Buffers:             448 kB
Cached:            44592 kB
SwapCached:            0 kB
Active:           375712 kB
Inactive:          23692 kB
Active(anon):     355768 kB
Inactive(anon):     3152 kB
Active(file):      19944 kB
Inactive(file):    20540 kB
Unevictable:        1964 kB
Mlocked:            3812 kB
HighTotal:             0 kB
HighFree:              0 kB
LowTotal:         482068 kB
LowFree:            3676 kB
SwapTotal:             0 kB
SwapFree:              0 kB
Dirty:                 0 kB
Writeback:             0 kB
AnonPages:        356332 kB
Mapped:            49612 kB
Shmem:              3312 kB
Slab:              17420 kB
SReclaimable:       4612 kB
SUnreclaim:        12808 kB
KernelStack:        5360 kB
PageTables:         6624 kB
NFS_Unstable:          0 kB
Bounce:                0 kB
WritebackTmp:          0 kB
CommitLimit:      241032 kB
Committed_AS:    3786536 kB
VmallocTotal:     507904 kB
VmallocUsed:      114680 kB
VmallocChunk:     112576 kB
1557575638.000000
MemTotal:         482068 kB
MemFree:            4264 kB
Buffers:             448 kB
Cached:            44656 kB
SwapCached:            0 kB
Active:           375372 kB
Inactive:          23744 kB
Active(anon):     355428 kB
Inactive(anon):     3152 kB
Active(file):      19944 kB
Inactive(file):    20592 kB
Unevictable:        1964 kB
Mlocked:            3812 kB
HighTotal:             0 kB
HighFree:              0 kB
LowTotal:         482068 kB
LowFree:            4264 kB
SwapTotal:             0 kB
SwapFree:              0 kB
Dirty:                 0 kB
Writeback:             0 kB
AnonPages:        356024 kB
Mapped:            49680 kB
Shmem:              3312 kB
Slab:              17424 kB
SReclaimable:       4612 kB
SUnreclaim:        12812 kB
KernelStack:        5360 kB
PageTables:         6624 kB
NFS_Unstable:          0 kB
Bounce:                0 kB
WritebackTmp:          0 kB
CommitLimit:      241032 kB
Committed_AS:    3786676 kB
VmallocTotal:     507904 kB
VmallocUsed:      114680 kB
VmallocChunk:     112576 kB
1557575639.000000
MemTotal:         482068 kB
MemFree:            4296 kB
Buffers:             448 kB
Cached:            44656 kB
SwapCached:            0 kB
Active:           375728 kB
Inactive:          23468 kB
Active(anon):     355532 kB
Inactive(anon):     3152 kB
Active(file):      20196 kB
Inactive(file):    20316 kB
Unevictable:        1964 kB
Mlocked:            3812 kB
HighTotal:             0 kB
HighFree:              0 kB
LowTotal:         482068 kB
LowFree:            4296 kB
SwapTotal:             0 kB
SwapFree:              0 kB
Dirty:                 0 kB
Writeback:             0 kB
AnonPages:        356100 kB
Mapped:            50060 kB
Shmem:              3312 kB
Slab:              17424 kB
SReclaimable:       4612 kB
SUnreclaim:        12812 kB
KernelStack:        5360 kB
PageTables:         6624 kB
NFS_Unstable:          0 kB
Bounce:                0 kB
WritebackTmp:          0 kB
CommitLimit:      241032 kB
Committed_AS:    3787372 kB
VmallocTotal:     507904 kB
VmallocUsed:      114680 kB
VmallocChunk:     112576 kB
1557575640.000000
MemTotal:         482068 kB
MemFree:            4172 kB
Buffers:             448 kB
Cached:            44648 kB
SwapCached:            0 kB
Active:           375844 kB
Inactive:          23484 kB
Active(anon):     355648 kB
Inactive(anon):     3152 kB
Active(file):      20196 kB
Inactive(file):    20332 kB
Unevictable:        1964 kB
Mlocked:            3812 kB
HighTotal:             0 kB
HighFree:              0 kB
LowTotal:         482068 kB
LowFree:            4172 kB
SwapTotal:             0 kB
SwapFree:              0 kB
Dirty:                 0 kB
Writeback:             0 kB
AnonPages:        356216 kB
Mapped:            50088 kB
Shmem:              3312 kB
Slab:              17420 kB
SReclaimable:       4612 kB
SUnreclaim:        12808 kB
KernelStack:        5360 kB
PageTables:         6700 kB
NFS_Unstable:          0 kB
Bounce:                0 kB
WritebackTmp:          0 kB
CommitLimit:      241032 kB
Committed_AS:    3787500 kB
VmallocTotal:     507904 kB
VmallocUsed:      114688 kB
VmallocChunk:     112576 kB
1557575641.000000
MemTotal:         482068 kB
MemFree:            3660 kB
Buffers:             448 kB
Cached:            44648 kB
SwapCached:            0 kB
Active:           376316 kB
Inactive:          23484 kB
Active(anon):     356120 kB
Inactive(anon):     3152 kB
Active(file):      20196 kB
Inactive(file):    20332 kB
Unevictable:        1964 kB
Mlocked:            3812 kB
HighTotal:             0 kB
HighFree:              0 kB
LowTotal:         482068 kB
LowFree:            3660 kB
SwapTotal:             0 kB
SwapFree:              0 kB
Dirty:                 0 kB
Writeback:             0 kB
AnonPages:        356732 kB
Mapped:            50088 kB
Shmem:              3312 kB
Slab:              17412 kB
SReclaimable:       4612 kB
SUnreclaim:        12800 kB
KernelStack:        5360 kB
PageTables:         6624 kB
NFS_Unstable:          0 kB
Bounce:                0 kB
WritebackTmp:          0 kB
CommitLimit:      241032 kB
Committed_AS:    3787572 kB
VmallocTotal:     507904 kB
VmallocUsed:      114680 kB
VmallocChunk:     112576 kB
1557575641.000000
MemTotal:         482068 kB
MemFree:            3528 kB
Buffers:             448 kB
Cached:            44656 kB
SwapCached:            0 kB
Active:           376236 kB
Inactive:          23492 kB
Active(anon):     356040 kB
Inactive(anon):     3152 kB
Active(file):      20196 kB
Inactive(file):    20340 kB
Unevictable:        1964 kB
Mlocked:            3812 kB
HighTotal:             0 kB
HighFree:              0 kB
LowTotal:         482068 kB
LowFree:            3528 kB
SwapTotal:             0 kB
SwapFree:              0 kB
Dirty:                 0 kB
Writeback:             0 kB
AnonPages:        356612 kB
Mapped:            50092 kB
Shmem:              3312 kB
Slab:              17436 kB
SReclaimable:       4612 kB
SUnreclaim:        12824 kB
KernelStack:        5368 kB
PageTables:         6624 kB
NFS_Unstable:          0 kB
Bounce:                0 kB
WritebackTmp:          0 kB
CommitLimit:      241032 kB
Committed_AS:    3787592 kB
VmallocTotal:     507904 kB
VmallocUsed:      114680 kB
VmallocChunk:     112576 kB
1557575642.000000
MemTotal:         482068 kB
MemFree:            3536 kB
Buffers:             448 kB
Cached:            44656 kB
SwapCached:            0 kB
Active:           376288 kB
Inactive:          23492 kB
Active(anon):     356092 kB
Inactive(anon):     3152 kB
Active(file):      20196 kB
Inactive(file):    20340 kB
Unevictable:        1964 kB
Mlocked:            3812 kB
HighTotal:             0 kB
HighFree:              0 kB
LowTotal:         482068 kB
LowFree:            3536 kB
SwapTotal:             0 kB
SwapFree:              0 kB
Dirty:                 0 kB
Writeback:             0 kB
AnonPages:        356688 kB
Mapped:            50092 kB
Shmem:              3312 kB
Slab:              17436 kB
SReclaimable:       4612 kB
SUnreclaim:        12824 kB
KernelStack:        5368 kB
PageTables:         6624 kB
NFS_Unstable:          0 kB
Bounce:                0 kB
WritebackTmp:          0 kB
CommitLimit:      241032 kB
Committed_AS:    3787616 kB
VmallocTotal:     507904 kB
VmallocUsed:      114680 kB
VmallocChunk:     112576 kB
1557575643.000000
MemTotal:         482068 kB
MemFree:            4436 kB
Buffers:             448 kB
Cached:            43440 kB
SwapCached:            0 kB
Active:           376068 kB
Inactive:          22848 kB
Active(anon):     356416 kB
Inactive(anon):     3152 kB
Active(file):      19652 kB
Inactive(file):    19696 kB
Unevictable:        1964 kB
Mlocked:            3812 kB
HighTotal:             0 kB
HighFree:              0 kB
LowTotal:         482068 kB
LowFree:            4436 kB
SwapTotal:             0 kB
SwapFree:              0 kB
Dirty:                 0 kB
Writeback:             0 kB
AnonPages:        357008 kB
Mapped:            50092 kB
Shmem:              3312 kB
Slab:              17436 kB
SReclaimable:       4612 kB
SUnreclaim:        12824 kB
KernelStack:        5368 kB
PageTables:         6624 kB
NFS_Unstable:          0 kB
Bounce:                0 kB
WritebackTmp:          0 kB
CommitLimit:      241032 kB
Committed_AS:    3787640 kB
VmallocTotal:     507904 kB
VmallocUsed:      114680 kB
VmallocChunk:     112576 kB
1557575644.000000
MemTotal:         482068 kB
MemFree:            4420 kB
Buffers:             448 kB
Cached:            43472 kB
SwapCached:            0 kB
Active:           375920 kB
Inactive:          22852 kB
Active(anon):     356268 kB
Inactive(anon):     3156 kB
Active(file):      19652 kB
Inactive(file):    19696 kB
Unevictable:        1964 kB
Mlocked:            3812 kB
HighTotal:             0 kB
HighFree:              0 kB
LowTotal:         482068 kB
LowFree:            4420 kB
SwapTotal:             0 kB
SwapFree:              0 kB
Dirty:                 0 kB
Writeback:             0 kB
AnonPages:        356840 kB
Mapped:            50104 kB
Shmem:              3316 kB
Slab:              17428 kB
SReclaimable:       4612 kB
SUnreclaim:        12816 kB
KernelStack:        5360 kB
PageTables:         6700 kB
NFS_Unstable:          0 kB
Bounce:                0 kB
WritebackTmp:          0 kB
CommitLimit:      241032 kB
Committed_AS:    3787660 kB
VmallocTotal:     507904 kB
VmallocUsed:      114680 kB
VmallocChunk:     112576 kB
1557575644.000000
MemTotal:         482068 kB
MemFree:            4232 kB
Buffers:             448 kB
Cached:            43472 kB
SwapCached:            0 kB
Active:           376220 kB
Inactive:          22852 kB
Active(anon):     356568 kB
Inactive(anon):     3156 kB
Active(file):      19652 kB
Inactive(file):    19696 kB
Unevictable:        1964 kB
Mlocked:            3812 kB
HighTotal:             0 kB
HighFree:              0 kB
LowTotal:         482068 kB
LowFree:            4232 kB
SwapTotal:             0 kB
SwapFree:              0 kB
Dirty:                 0 kB
Writeback:             0 kB
AnonPages:        357096 kB
Mapped:            50152 kB
Shmem:              3316 kB
Slab:              17436 kB
SReclaimable:       4612 kB
SUnreclaim:        12824 kB
KernelStack:        5368 kB
PageTables:         6636 kB
NFS_Unstable:          0 kB
Bounce:                0 kB
WritebackTmp:          0 kB
CommitLimit:      241032 kB
Committed_AS:    3787680 kB
VmallocTotal:     507904 kB
VmallocUsed:      114680 kB
VmallocChunk:     112576 kB
1557575645.000000
MemTotal:         482068 kB
MemFree:            4196 kB
Buffers:             452 kB
Cached:            43676 kB
SwapCached:            0 kB
Active:           376232 kB
Inactive:          23056 kB
Active(anon):     356576 kB
Inactive(anon):     3156 kB
Active(file):      19656 kB
Inactive(file):    19900 kB
Unevictable:        1964 kB
Mlocked:            3812 kB
HighTotal:             0 kB
HighFree:              0 kB
LowTotal:         482068 kB
LowFree:            4196 kB
SwapTotal:             0 kB
SwapFree:              0 kB
Dirty:                 4 kB
Writeback:             0 kB
AnonPages:        357132 kB
Mapped:            50212 kB
Shmem:              3316 kB
Slab:              17420 kB
SReclaimable:       4612 kB
SUnreclaim:        12808 kB
KernelStack:        5328 kB
PageTables:         6664 kB
NFS_Unstable:          0 kB
Bounce:                0 kB
WritebackTmp:          0 kB
CommitLimit:      241032 kB
Committed_AS:    3787596 kB
VmallocTotal:     507904 kB
VmallocUsed:      114680 kB
VmallocChunk:     112576 kB
1557575646.000000
MemTotal:         482068 kB
MemFree:            4008 kB
Buffers:             452 kB
Cached:            43676 kB
SwapCached:            0 kB
Active:           376268 kB
Inactive:          23048 kB
Active(anon):     356604 kB
Inactive(anon):     3156 kB
Active(file):      19664 kB
Inactive(file):    19892 kB
Unevictable:        1964 kB
Mlocked:            3812 kB
HighTotal:             0 kB
HighFree:              0 kB
LowTotal:         482068 kB
LowFree:            4008 kB
SwapTotal:             0 kB
SwapFree:              0 kB
Dirty:                 4 kB
Writeback:             0 kB
AnonPages:        357196 kB
Mapped:            50240 kB
Shmem:              3316 kB
Slab:              17436 kB
SReclaimable:       4612 kB
SUnreclaim:        12824 kB
KernelStack:        5368 kB
PageTables:         6700 kB
NFS_Unstable:          0 kB
Bounce:                0 kB
WritebackTmp:          0 kB
CommitLimit:      241032 kB
Committed_AS:    3787736 kB
VmallocTotal:     507904 kB
VmallocUsed:      114680 kB
VmallocChunk:     112576 kB
1557575647.000000
MemTotal:         482068 kB
MemFree:            3676 kB
Buffers:             452 kB
Cached:            43676 kB
SwapCached:            0 kB
Active:           376456 kB
Inactive:          23048 kB
Active(anon):     356792 kB
Inactive(anon):     3156 kB
Active(file):      19664 kB
Inactive(file):    19892 kB
Unevictable:        1964 kB
Mlocked:            3812 kB
HighTotal:             0 kB
HighFree:              0 kB
LowTotal:         482068 kB
LowFree:            3676 kB
SwapTotal:             0 kB
SwapFree:              0 kB
Dirty:                 4 kB
Writeback:             0 kB
AnonPages:        357308 kB
Mapped:            50244 kB
Shmem:              3316 kB
Slab:              17424 kB
SReclaimable:       4612 kB
SUnreclaim:        12812 kB
KernelStack:        5360 kB
PageTables:         6700 kB
NFS_Unstable:          0 kB
Bounce:                0 kB
WritebackTmp:          0 kB
CommitLimit:      241032 kB
Committed_AS:    3787764 kB
VmallocTotal:     507904 kB
VmallocUsed:      114680 kB
VmallocChunk:     112576 kB
1557575648.000000
MemTotal:         482068 kB
MemFree:            3652 kB
Buffers:             452 kB
Cached:            43716 kB
SwapCached:            0 kB
Active:           376464 kB
Inactive:          23088 kB
Active(anon):     356800 kB
Inactive(anon):     3156 kB
Active(file):      19664 kB
Inactive(file):    19932 kB
Unevictable:        1964 kB
Mlocked:            3812 kB
HighTotal:             0 kB
HighFree:              0 kB
LowTotal:         482068 kB
LowFree:            3652 kB
SwapTotal:             0 kB
SwapFree:              0 kB
Dirty:                 4 kB
Writeback:             0 kB
AnonPages:        357396 kB
Mapped:            50248 kB
Shmem:              3316 kB
Slab:              17424 kB
SReclaimable:       4612 kB
SUnreclaim:        12812 kB
KernelStack:        5360 kB
PageTables:         6628 kB
NFS_Unstable:          0 kB
Bounce:                0 kB
WritebackTmp:          0 kB
CommitLimit:      241032 kB
Committed_AS:    3787788 kB
VmallocTotal:     507904 kB
VmallocUsed:      114680 kB
VmallocChunk:     112576 kB
1557575648.000000
MemTotal:         482068 kB
MemFree:            4288 kB
Buffers:             448 kB
Cached:            42464 kB
SwapCached:            0 kB
Active:           376764 kB
Inactive:          22196 kB
Active(anon):     357440 kB
Inactive(anon):     3156 kB
Active(file):      19324 kB
Inactive(file):    19040 kB
Unevictable:        1964 kB
Mlocked:            3812 kB
HighTotal:             0 kB
HighFree:              0 kB
LowTotal:         482068 kB
LowFree:            4288 kB
SwapTotal:             0 kB
SwapFree:              0 kB
Dirty:                 0 kB
Writeback:             0 kB
AnonPages:        357996 kB
Mapped:            50096 kB
Shmem:              3316 kB
Slab:              17456 kB
SReclaimable:       4612 kB
SUnreclaim:        12844 kB
KernelStack:        5368 kB
PageTables:         6640 kB
NFS_Unstable:          0 kB
Bounce:                0 kB
WritebackTmp:          0 kB
CommitLimit:      241032 kB
Committed_AS:    3787808 kB
VmallocTotal:     507904 kB
VmallocUsed:      114680 kB
VmallocChunk:     112576 kB
1557575649.000000
MemTotal:         482068 kB
MemFree:            4148 kB
Buffers:             448 kB
Cached:            42464 kB
SwapCached:            0 kB
Active:           376764 kB
Inactive:          22196 kB
Active(anon):     357440 kB
Inactive(anon):     3156 kB
Active(file):      19324 kB
Inactive(file):    19040 kB
Unevictable:        1964 kB
Mlocked:            3812 kB
HighTotal:             0 kB
HighFree:              0 kB
LowTotal:         482068 kB
LowFree:            4148 kB
SwapTotal:             0 kB
SwapFree:              0 kB
Dirty:                 0 kB
Writeback:             0 kB
AnonPages:        358072 kB
Mapped:            50096 kB
Shmem:              3316 kB
Slab:              17456 kB
SReclaimable:       4612 kB
SUnreclaim:        12844 kB
KernelStack:        5368 kB
PageTables:         6716 kB
NFS_Unstable:          0 kB
Bounce:                0 kB
WritebackTmp:          0 kB
CommitLimit:      241032 kB
Committed_AS:    3787808 kB
VmallocTotal:     507904 kB
VmallocUsed:      114680 kB
VmallocChunk:     112576 kB
1557575650.000000
MemTotal:         482068 kB
MemFree:            4132 kB
Buffers:             448 kB
Cached:            42608 kB
SwapCached:            0 kB
Active:           376756 kB
Inactive:          22356 kB
Active(anon):     357444 kB
Inactive(anon):     3156 kB
Active(file):      19312 kB
Inactive(file):    19200 kB
Unevictable:        1964 kB
Mlocked:            3812 kB
HighTotal:             0 kB
HighFree:              0 kB
LowTotal:         482068 kB
LowFree:            4132 kB
SwapTotal:             0 kB
SwapFree:              0 kB
Dirty:                 0 kB
Writeback:             0 kB
AnonPages:        358012 kB
Mapped:            50092 kB
Shmem:              3316 kB
Slab:              17460 kB
SReclaimable:       4612 kB
SUnreclaim:        12848 kB
KernelStack:        5368 kB
PageTables:         6652 kB
NFS_Unstable:          0 kB
Bounce:                0 kB
WritebackTmp:          0 kB
CommitLimit:      241032 kB
Committed_AS:    3787724 kB
VmallocTotal:     507904 kB
VmallocUsed:      114680 kB
VmallocChunk:     112576 kB
1557575651.000000
MemTotal:         482068 kB
MemFree:            4612 kB
Buffers:             456 kB
Cached:            42420 kB
SwapCached:            0 kB
Active:           376620 kB
Inactive:          22300 kB
Active(anon):     357480 kB
Inactive(anon):     3156 kB
Active(file):      19140 kB
Inactive(file):    19144 kB
Unevictable:        1964 kB
Mlocked:            3812 kB
HighTotal:             0 kB
HighFree:              0 kB
LowTotal:         482068 kB
LowFree:            4612 kB
SwapTotal:             0 kB
SwapFree:              0 kB
Dirty:                16 kB
Writeback:             0 kB
AnonPages:        358008 kB
Mapped:            50096 kB
Shmem:              3316 kB
Slab:              17484 kB
SReclaimable:       4612 kB
SUnreclaim:        12872 kB
KernelStack:        5360 kB
PageTables:         6704 kB
NFS_Unstable:          0 kB
Bounce:                0 kB
WritebackTmp:          0 kB
CommitLimit:      241032 kB
Committed_AS:    3787812 kB
VmallocTotal:     507904 kB
VmallocUsed:      114680 kB
VmallocChunk:     112576 kB
1557575652.000000
MemTotal:         482068 kB
MemFree:            4232 kB
Buffers:             456 kB
Cached:            42572 kB
SwapCached:            0 kB
Active:           376600 kB
Inactive:          22448 kB
Active(anon):     357436 kB
Inactive(anon):     3156 kB
Active(file):      19164 kB
Inactive(file):    19292 kB
Unevictable:        1964 kB
Mlocked:            3812 kB
HighTotal:             0 kB
HighFree:              0 kB
LowTotal:         482068 kB
LowFree:            4232 kB
SwapTotal:             0 kB
SwapFree:              0 kB
Dirty:                16 kB
Writeback:             0 kB
