MemTotal:        1899508 kB
MemFree:           49632 kB
Buffers:            1236 kB
Cached:           233240 kB
SwapCached:            0 kB
Active:          1455664 kB
Inactive:         164252 kB
Active(anon):    1388860 kB
Inactive(anon):     2856 kB
Active(file):      66804 kB
Inactive(file):   161396 kB
Unevictable:        1940 kB
Mlocked:               0 kB
HighTotal:       1158144 kB
HighFree:           3828 kB
LowTotal:         741364 kB
LowFree:           45804 kB
SwapTotal:             0 kB
SwapFree:              0 kB
Dirty:               240 kB
Writeback:            16 kB
AnonPages:       1387484 kB
Mapped:           111700 kB
Shmem:              4220 kB
Slab:              33984 kB
SReclaimable:      12036 kB
SUnreclaim:        21948 kB
KernelStack:        6584 kB
PageTables:        13848 kB
NFS_Unstable:          0 kB
Bounce:                0 kB
WritebackTmp:          0 kB
CommitLimit:      949752 kB
Committed_AS:   17056484 kB
VmallocTotal:     245760 kB
VmallocUsed:       55220 kB
VmallocChunk:      75648 kB
1557662182.568192
MemTotal:        1899508 kB
MemFree:           53840 kB
Buffers:            1236 kB
Cached:           230520 kB
SwapCached:            0 kB
Active:          1455856 kB
Inactive:         161556 kB
Active(anon):    1388924 kB
Inactive(anon):     2860 kB
Active(file):      66932 kB
Inactive(file):   158696 kB
Unevictable:        1940 kB
Mlocked:               0 kB
HighTotal:       1158144 kB
HighFree:           6540 kB
LowTotal:         741364 kB
LowFree:           47300 kB
SwapTotal:             0 kB
SwapFree:              0 kB
Dirty:               260 kB
Writeback:             0 kB
AnonPages:       1387532 kB
Mapped:           111648 kB
Shmem:              4220 kB
Slab:              33988 kB
SReclaimable:      12036 kB
SUnreclaim:        21952 kB
KernelStack:        6632 kB
PageTables:        13904 kB
NFS_Unstable:          0 kB
Bounce:                0 kB
WritebackTmp:          0 kB
CommitLimit:      949752 kB
Committed_AS:   17056472 kB
VmallocTotal:     245760 kB
VmallocUsed:       55220 kB
VmallocChunk:      75648 kB
1557662183.240228
MemTotal:        1899508 kB
MemFree:           56524 kB
Buffers:            1236 kB
Cached:           229372 kB
SwapCached:            0 kB
Active:          1455112 kB
Inactive:         160332 kB
Active(anon):    1388132 kB
Inactive(anon):     2860 kB
Active(file):      66980 kB
Inactive(file):   157472 kB
Unevictable:        1940 kB
Mlocked:               0 kB
HighTotal:       1158144 kB
HighFree:           8092 kB
LowTotal:         741364 kB
LowFree:           48432 kB
SwapTotal:             0 kB
SwapFree:              0 kB
Dirty:               260 kB
Writeback:             0 kB
AnonPages:       1386824 kB
Mapped:           111636 kB
Shmem:              4220 kB
Slab:              33988 kB
SReclaimable:      12036 kB
SUnreclaim:        21952 kB
KernelStack:        6632 kB
PageTables:        13916 kB
NFS_Unstable:          0 kB
Bounce:                0 kB
WritebackTmp:          0 kB
CommitLimit:      949752 kB
Committed_AS:   17057632 kB
VmallocTotal:     245760 kB
VmallocUsed:       55220 kB
VmallocChunk:      75648 kB
1557662184.003401
MemTotal:        1899508 kB
MemFree:           63776 kB
Buffers:            1236 kB
Cached:           229564 kB
SwapCached:            0 kB
Active:          1447148 kB
Inactive:         160496 kB
Active(anon):    1380144 kB
Inactive(anon):     2860 kB
Active(file):      67004 kB
Inactive(file):   157636 kB
Unevictable:        1940 kB
Mlocked:               0 kB
HighTotal:       1158144 kB
HighFree:          10596 kB
LowTotal:         741364 kB
LowFree:           53180 kB
SwapTotal:             0 kB
SwapFree:              0 kB
Dirty:               260 kB
Writeback:             0 kB
AnonPages:       1378840 kB
Mapped:           111656 kB
Shmem:              4220 kB
Slab:              33992 kB
SReclaimable:      12036 kB
SUnreclaim:        21956 kB
KernelStack:        6616 kB
PageTables:        13940 kB
NFS_Unstable:          0 kB
Bounce:                0 kB
WritebackTmp:          0 kB
CommitLimit:      949752 kB
Committed_AS:   17056712 kB
VmallocTotal:     245760 kB
VmallocUsed:       55220 kB
VmallocChunk:      75648 kB
1557662184.754430
MemTotal:        1899508 kB
MemFree:           66516 kB
Buffers:            1236 kB
Cached:           229564 kB
SwapCached:            0 kB
Active:          1444848 kB
Inactive:         160496 kB
Active(anon):    1377844 kB
Inactive(anon):     2860 kB
Active(file):      67004 kB
Inactive(file):   157636 kB
Unevictable:        1940 kB
Mlocked:               0 kB
HighTotal:       1158144 kB
HighFree:          10608 kB
LowTotal:         741364 kB
LowFree:           55908 kB
SwapTotal:             0 kB
SwapFree:              0 kB
Dirty:               260 kB
Writeback:             0 kB
AnonPages:       1376536 kB
Mapped:           111656 kB
Shmem:              4220 kB
Slab:              33992 kB
SReclaimable:      12036 kB
SUnreclaim:        21956 kB
KernelStack:        6616 kB
PageTables:        13940 kB
NFS_Unstable:          0 kB
Bounce:                0 kB
WritebackTmp:          0 kB
CommitLimit:      949752 kB
Committed_AS:   17056600 kB
VmallocTotal:     245760 kB
VmallocUsed:       55220 kB
VmallocChunk:      75648 kB
1557662185.500287
MemTotal:        1899508 kB
MemFree:           67568 kB
Buffers:            1236 kB
Cached:           229564 kB
SwapCached:            0 kB
Active:          1443664 kB
Inactive:         160496 kB
Active(anon):    1376660 kB
Inactive(anon):     2860 kB
Active(file):      67004 kB
Inactive(file):   157636 kB
Unevictable:        1940 kB
Mlocked:               0 kB
HighTotal:       1158144 kB
HighFree:          10048 kB
LowTotal:         741364 kB
LowFree:           57520 kB
SwapTotal:             0 kB
SwapFree:              0 kB
Dirty:               260 kB
Writeback:             0 kB
AnonPages:       1375424 kB
Mapped:           111660 kB
Shmem:              4220 kB
Slab:              33992 kB
SReclaimable:      12036 kB
SUnreclaim:        21956 kB
KernelStack:        6616 kB
PageTables:        13956 kB
NFS_Unstable:          0 kB
Bounce:                0 kB
WritebackTmp:          0 kB
CommitLimit:      949752 kB
Committed_AS:   17057760 kB
VmallocTotal:     245760 kB
VmallocUsed:       55220 kB
VmallocChunk:      75648 kB
1557662186.245247
MemTotal:        1899508 kB
MemFree:           69360 kB
Buffers:            1236 kB
Cached:           230532 kB
SwapCached:            0 kB
Active:          1441044 kB
Inactive:         161476 kB
Active(anon):    1374040 kB
Inactive(anon):     2860 kB
Active(file):      67004 kB
Inactive(file):   158616 kB
Unevictable:        1940 kB
Mlocked:               0 kB
HighTotal:       1158144 kB
HighFree:           9492 kB
LowTotal:         741364 kB
LowFree:           59868 kB
SwapTotal:             0 kB
SwapFree:              0 kB
Dirty:               260 kB
Writeback:             0 kB
AnonPages:       1372748 kB
Mapped:           111668 kB
Shmem:              4220 kB
Slab:              34000 kB
SReclaimable:      12036 kB
SUnreclaim:        21964 kB
KernelStack:        6600 kB
PageTables:        14056 kB
NFS_Unstable:          0 kB
Bounce:                0 kB
WritebackTmp:          0 kB
CommitLimit:      949752 kB
Committed_AS:   17057724 kB
VmallocTotal:     245760 kB
VmallocUsed:       55220 kB
VmallocChunk:      75648 kB
1557662186.932040
MemTotal:        1899508 kB
MemFree:           69328 kB
Buffers:            1244 kB
Cached:           230556 kB
SwapCached:            0 kB
Active:          1441016 kB
Inactive:         161496 kB
Active(anon):    1374012 kB
Inactive(anon):     2860 kB
Active(file):      67004 kB
Inactive(file):   158636 kB
Unevictable:        1940 kB
Mlocked:               0 kB
HighTotal:       1158144 kB
HighFree:           8816 kB
LowTotal:         741364 kB
LowFree:           60512 kB
SwapTotal:             0 kB
SwapFree:              0 kB
Dirty:                 0 kB
Writeback:             0 kB
AnonPages:       1372752 kB
Mapped:           111844 kB
Shmem:              4220 kB
Slab:              34004 kB
SReclaimable:      12036 kB
SUnreclaim:        21968 kB
KernelStack:        6624 kB
PageTables:        13984 kB
NFS_Unstable:          0 kB
Bounce:                0 kB
WritebackTmp:          0 kB
CommitLimit:      949752 kB
Committed_AS:   17057724 kB
VmallocTotal:     245760 kB
VmallocUsed:       55220 kB
VmallocChunk:      75648 kB
1557662187.650012
MemTotal:        1899508 kB
MemFree:           68664 kB
Buffers:            1244 kB
Cached:           230556 kB
SwapCached:            0 kB
Active:          1441772 kB
Inactive:         161496 kB
Active(anon):    1374768 kB
Inactive(anon):     2860 kB
Active(file):      67004 kB
Inactive(file):   158636 kB
Unevictable:        1940 kB
Mlocked:               0 kB
HighTotal:       1158144 kB
HighFree:           8228 kB
LowTotal:         741364 kB
LowFree:           60436 kB
SwapTotal:             0 kB
SwapFree:              0 kB
Dirty:                 0 kB
Writeback:             0 kB
AnonPages:       1373372 kB
Mapped:           111844 kB
Shmem:              4220 kB
Slab:              34004 kB
SReclaimable:      12036 kB
SUnreclaim:        21968 kB
KernelStack:        6624 kB
PageTables:        13984 kB
NFS_Unstable:          0 kB
Bounce:                0 kB
WritebackTmp:          0 kB
CommitLimit:      949752 kB
Committed_AS:   17058884 kB
VmallocTotal:     245760 kB
VmallocUsed:       55220 kB
VmallocChunk:      75648 kB
1557662188.376115
MemTotal:        1899508 kB
MemFree:           68740 kB
Buffers:            1244 kB
Cached:           230564 kB
SwapCached:            0 kB
Active:          1441740 kB
Inactive:         161504 kB
Active(anon):    1374736 kB
Inactive(anon):     2860 kB
Active(file):      67004 kB
Inactive(file):   158644 kB
Unevictable:        1940 kB
Mlocked:               0 kB
HighTotal:       1158144 kB
HighFree:           8212 kB
LowTotal:         741364 kB
LowFree:           60528 kB
SwapTotal:             0 kB
SwapFree:              0 kB
Dirty:                36 kB
Writeback:             0 kB
AnonPages:       1373496 kB
Mapped:           111796 kB
Shmem:              4220 kB
Slab:              34008 kB
SReclaimable:      12036 kB
SUnreclaim:        21972 kB
KernelStack:        6632 kB
PageTables:        13992 kB
NFS_Unstable:          0 kB
Bounce:                0 kB
WritebackTmp:          0 kB
CommitLimit:      949752 kB
Committed_AS:   17058884 kB
VmallocTotal:     245760 kB
VmallocUsed:       55220 kB
VmallocChunk:      75648 kB
1557662189.110357
MemTotal:        1899508 kB
MemFree:           68904 kB
Buffers:            1244 kB
Cached:           230564 kB
SwapCached:            0 kB
Active:          1441584 kB
Inactive:         161504 kB
Active(anon):    1374580 kB
Inactive(anon):     2860 kB
Active(file):      67004 kB
Inactive(file):   158644 kB
Unevictable:        1940 kB
Mlocked:               0 kB
HighTotal:       1158144 kB
HighFree:           8508 kB
LowTotal:         741364 kB
LowFree:           60396 kB
SwapTotal:             0 kB
SwapFree:              0 kB
Dirty:                36 kB
Writeback:             0 kB
AnonPages:       1373232 kB
Mapped:           111820 kB
Shmem:              4220 kB
Slab:              34008 kB
SReclaimable:      12036 kB
SUnreclaim:        21972 kB
KernelStack:        6576 kB
PageTables:        14016 kB
NFS_Unstable:          0 kB
Bounce:                0 kB
WritebackTmp:          0 kB
CommitLimit:      949752 kB
Committed_AS:   17054416 kB
VmallocTotal:     245760 kB
VmallocUsed:       55220 kB
VmallocChunk:      75648 kB
1557662189.848948
MemTotal:        1899508 kB
MemFree:           68808 kB
Buffers:            1244 kB
Cached:           230564 kB
SwapCached:            0 kB
Active:          1441632 kB
Inactive:         161504 kB
Active(anon):    1374628 kB
Inactive(anon):     2860 kB
Active(file):      67004 kB
Inactive(file):   158644 kB
Unevictable:        1940 kB
Mlocked:               0 kB
HighTotal:       1158144 kB
HighFree:           8292 kB
LowTotal:         741364 kB
LowFree:           60516 kB
SwapTotal:             0 kB
SwapFree:              0 kB
Dirty:                36 kB
Writeback:             0 kB
AnonPages:       1373404 kB
Mapped:           111836 kB
Shmem:              4220 kB
Slab:              34008 kB
SReclaimable:      12036 kB
SUnreclaim:        21972 kB
KernelStack:        6528 kB
PageTables:        13916 kB
NFS_Unstable:          0 kB
Bounce:                0 kB
WritebackTmp:          0 kB
CommitLimit:      949752 kB
Committed_AS:   17054684 kB
VmallocTotal:     245760 kB
VmallocUsed:       55220 kB
VmallocChunk:      75648 kB
1557662190.602698
MemTotal:        1899508 kB
MemFree:           68716 kB
Buffers:            1244 kB
Cached:           230564 kB
SwapCached:            0 kB
Active:          1441708 kB
Inactive:         161504 kB
Active(anon):    1374704 kB
Inactive(anon):     2860 kB
Active(file):      67004 kB
Inactive(file):   158644 kB
Unevictable:        1940 kB
Mlocked:               0 kB
HighTotal:       1158144 kB
HighFree:           8340 kB
LowTotal:         741364 kB
LowFree:           60376 kB
SwapTotal:             0 kB
SwapFree:              0 kB
Dirty:                36 kB
Writeback:             0 kB
AnonPages:       1373368 kB
Mapped:           111800 kB
Shmem:              4220 kB
Slab:              34008 kB
SReclaimable:      12036 kB
SUnreclaim:        21972 kB
KernelStack:        6624 kB
PageTables:        13980 kB
NFS_Unstable:          0 kB
Bounce:                0 kB
WritebackTmp:          0 kB
CommitLimit:      949752 kB
Committed_AS:   17054684 kB
VmallocTotal:     245760 kB
VmallocUsed:       55220 kB
VmallocChunk:      75648 kB
1557662191.362337
MemTotal:        1899508 kB
MemFree:           85416 kB
Buffers:            1244 kB
Cached:           231056 kB
SwapCached:            0 kB
Active:          1424264 kB
Inactive:         162036 kB
Active(anon):    1357260 kB
Inactive(anon):     2384 kB
Active(file):      67004 kB
Inactive(file):   159652 kB
Unevictable:        1940 kB
Mlocked:               0 kB
HighTotal:       1158144 kB
HighFree:          24372 kB
LowTotal:         741364 kB
LowFree:           61044 kB
SwapTotal:             0 kB
SwapFree:              0 kB
Dirty:                36 kB
Writeback:             0 kB
AnonPages:       1356056 kB
Mapped:           111544 kB
Shmem:              3720 kB
Slab:              34008 kB
SReclaimable:      12036 kB
SUnreclaim:        21972 kB
KernelStack:        6624 kB
PageTables:        13892 kB
NFS_Unstable:          0 kB
Bounce:                0 kB
WritebackTmp:          0 kB
CommitLimit:      949752 kB
Committed_AS:   17020372 kB
VmallocTotal:     245760 kB
VmallocUsed:       55220 kB
VmallocChunk:      75648 kB
1557662192.095873
MemTotal:        1899508 kB
MemFree:           84224 kB
Buffers:            1244 kB
Cached:           232512 kB
SwapCached:            0 kB
Active:          1424260 kB
Inactive:         163380 kB
Active(anon):    1357256 kB
Inactive(anon):     2352 kB
Active(file):      67004 kB
Inactive(file):   161028 kB
Unevictable:        1940 kB
Mlocked:               0 kB
HighTotal:       1158144 kB
HighFree:          23228 kB
LowTotal:         741364 kB
LowFree:           60996 kB
SwapTotal:             0 kB
SwapFree:              0 kB
Dirty:                36 kB
Writeback:             0 kB
AnonPages:       1356044 kB
Mapped:           111880 kB
Shmem:              3716 kB
Slab:              34008 kB
SReclaimable:      12036 kB
SUnreclaim:        21972 kB
KernelStack:        6576 kB
PageTables:        13976 kB
NFS_Unstable:          0 kB
Bounce:                0 kB
WritebackTmp:          0 kB
CommitLimit:      949752 kB
Committed_AS:   17020412 kB
VmallocTotal:     245760 kB
VmallocUsed:       55220 kB
VmallocChunk:      75648 kB
1557662192.826471
MemTotal:        1899508 kB
MemFree:           84204 kB
Buffers:            1244 kB
Cached:           232512 kB
SwapCached:            0 kB
Active:          1424336 kB
Inactive:         163380 kB
Active(anon):    1357332 kB
Inactive(anon):     2352 kB
Active(file):      67004 kB
Inactive(file):   161028 kB
Unevictable:        1940 kB
Mlocked:               0 kB
HighTotal:       1158144 kB
HighFree:          23144 kB
LowTotal:         741364 kB
LowFree:           61060 kB
SwapTotal:             0 kB
SwapFree:              0 kB
Dirty:                 0 kB
Writeback:            36 kB
AnonPages:       1356012 kB
Mapped:           111860 kB
Shmem:              3716 kB
Slab:              34008 kB
SReclaimable:      12036 kB
SUnreclaim:        21972 kB
KernelStack:        6632 kB
PageTables:        13968 kB
NFS_Unstable:          0 kB
Bounce:                0 kB
WritebackTmp:          0 kB
CommitLimit:      949752 kB
Committed_AS:   17020412 kB
VmallocTotal:     245760 kB
VmallocUsed:       55220 kB
VmallocChunk:      75648 kB
1557662193.534298
MemTotal:        1899508 kB
MemFree:           83972 kB
Buffers:            1244 kB
Cached:           232480 kB
SwapCached:            0 kB
Active:          1424428 kB
Inactive:         163416 kB
Active(anon):    1357424 kB
Inactive(anon):     2352 kB
Active(file):      67004 kB
Inactive(file):   161064 kB
Unevictable:        1940 kB
Mlocked:               0 kB
HighTotal:       1158144 kB
HighFree:          22968 kB
LowTotal:         741364 kB
LowFree:           61004 kB
SwapTotal:             0 kB
SwapFree:              0 kB
Dirty:                 0 kB
Writeback:             0 kB
AnonPages:       1356200 kB
Mapped:           111868 kB
Shmem:              3716 kB
Slab:              34008 kB
SReclaimable:      12036 kB
SUnreclaim:        21972 kB
KernelStack:        6632 kB
PageTables:        13844 kB
NFS_Unstable:          0 kB
Bounce:                0 kB
WritebackTmp:          0 kB
CommitLimit:      949752 kB
Committed_AS:   17021572 kB
VmallocTotal:     245760 kB
VmallocUsed:       55220 kB
VmallocChunk:      75648 kB
1557662194.242156
MemTotal:        1899508 kB
MemFree:           84460 kB
Buffers:            1244 kB
Cached:           232480 kB
SwapCached:            0 kB
Active:          1423672 kB
Inactive:         163416 kB
Active(anon):    1356668 kB
Inactive(anon):     2352 kB
Active(file):      67004 kB
Inactive(file):   161064 kB
Unevictable:        1940 kB
Mlocked:               0 kB
HighTotal:       1158144 kB
HighFree:          23440 kB
LowTotal:         741364 kB
LowFree:           61020 kB
SwapTotal:             0 kB
SwapFree:              0 kB
Dirty:                 0 kB
Writeback:             0 kB
AnonPages:       1355404 kB
Mapped:           111872 kB
Shmem:              3716 kB
Slab:              34008 kB
SReclaimable:      12036 kB
SUnreclaim:        21972 kB
KernelStack:        6632 kB
PageTables:        13940 kB
NFS_Unstable:          0 kB
Bounce:                0 kB
WritebackTmp:          0 kB
CommitLimit:      949752 kB
Committed_AS:   17021572 kB
VmallocTotal:     245760 kB
VmallocUsed:       55220 kB
VmallocChunk:      75648 kB
1557662194.998817
MemTotal:        1899508 kB
MemFree:           84740 kB
Buffers:            1244 kB
Cached:           232480 kB
SwapCached:            0 kB
Active:          1423692 kB
Inactive:         163416 kB
Active(anon):    1356688 kB
Inactive(anon):     2352 kB
Active(file):      67004 kB
Inactive(file):   161064 kB
Unevictable:        1940 kB
Mlocked:               0 kB
HighTotal:       1158144 kB
HighFree:          23752 kB
LowTotal:         741364 kB
LowFree:           60988 kB
SwapTotal:             0 kB
SwapFree:              0 kB
Dirty:                 0 kB
Writeback:             0 kB
AnonPages:       1355304 kB
Mapped:           111868 kB
Shmem:              3716 kB
Slab:              34008 kB
SReclaimable:      12036 kB
SUnreclaim:        21972 kB
KernelStack:        6632 kB
PageTables:        13940 kB
NFS_Unstable:          0 kB
Bounce:                0 kB
WritebackTmp:          0 kB
CommitLimit:      949752 kB
Committed_AS:   17021572 kB
VmallocTotal:     245760 kB
VmallocUsed:       55220 kB
VmallocChunk:      75648 kB
1557662195.762411
MemTotal:        1899508 kB
MemFree:           60796 kB
Buffers:            1252 kB
Cached:           231176 kB
SwapCached:            0 kB
Active:          1427932 kB
Inactive:         161336 kB
Active(anon):    1360300 kB
Inactive(anon):     2148 kB
Active(file):      67632 kB
Inactive(file):   159188 kB
Unevictable:        1940 kB
Mlocked:               0 kB
HighTotal:       1158144 kB
HighFree:          19832 kB
LowTotal:         741364 kB
LowFree:           40964 kB
SwapTotal:             0 kB
SwapFree:              0 kB
Dirty:               100 kB
Writeback:             0 kB
AnonPages:       1359024 kB
Mapped:           114340 kB
Shmem:              3516 kB
Slab:              34008 kB
SReclaimable:      12036 kB
SUnreclaim:        21972 kB
KernelStack:        6632 kB
PageTables:        14040 kB
NFS_Unstable:          0 kB
Bounce:                0 kB
WritebackTmp:          0 kB
CommitLimit:      949752 kB
Committed_AS:   17024152 kB
VmallocTotal:     245760 kB
VmallocUsed:       55336 kB
VmallocChunk:      75648 kB
1557662196.499945
MemTotal:        1899508 kB
MemFree:           61064 kB
Buffers:             656 kB
Cached:           234428 kB
SwapCached:            0 kB
Active:          1434312 kB
Inactive:         160208 kB
Active(anon):    1362992 kB
Inactive(anon):     2096 kB
Active(file):      71320 kB
Inactive(file):   158112 kB
Unevictable:        1940 kB
Mlocked:               0 kB
HighTotal:       1158144 kB
HighFree:          12976 kB
LowTotal:         741364 kB
LowFree:           48088 kB
SwapTotal:             0 kB
SwapFree:              0 kB
Dirty:                80 kB
Writeback:             0 kB
AnonPages:       1361804 kB
Mapped:           116520 kB
Shmem:              3456 kB
Slab:              34016 kB
SReclaimable:      12036 kB
SUnreclaim:        21980 kB
KernelStack:        6632 kB
PageTables:        14388 kB
NFS_Unstable:          0 kB
Bounce:                0 kB
WritebackTmp:          0 kB
CommitLimit:      949752 kB
Committed_AS:   17592656 kB
VmallocTotal:     245760 kB
VmallocUsed:       56356 kB
VmallocChunk:      75648 kB
1557662197.228883
MemTotal:        1899508 kB
MemFree:           54872 kB
Buffers:             924 kB
Cached:           252784 kB
SwapCached:            0 kB
Active:          1442364 kB
Inactive:         177708 kB
Active(anon):    1369764 kB
Inactive(anon):     2096 kB
Active(file):      72600 kB
Inactive(file):   175612 kB
Unevictable:        1940 kB
Mlocked:               0 kB
HighTotal:       1158144 kB
HighFree:           1760 kB
LowTotal:         741364 kB
LowFree:           53112 kB
SwapTotal:             0 kB
SwapFree:              0 kB
Dirty:               164 kB
Writeback:             0 kB
AnonPages:       1368552 kB
Mapped:           124540 kB
Shmem:              3456 kB
Slab:              34004 kB
SReclaimable:      12036 kB
SUnreclaim:        21968 kB
KernelStack:        6696 kB
PageTables:        14464 kB
NFS_Unstable:          0 kB
Bounce:                0 kB
WritebackTmp:          0 kB
CommitLimit:      949752 kB
Committed_AS:   17613008 kB
VmallocTotal:     245760 kB
VmallocUsed:       56228 kB
VmallocChunk:      75648 kB
1557662197.918508
MemTotal:        1899508 kB
MemFree:           42124 kB
Buffers:            1048 kB
Cached:           255868 kB
SwapCached:            0 kB
Active:          1459976 kB
Inactive:         176288 kB
Active(anon):    1382844 kB
Inactive(anon):     2100 kB
Active(file):      77132 kB
Inactive(file):   174188 kB
Unevictable:        1940 kB
Mlocked:               0 kB
HighTotal:       1158144 kB
HighFree:           2012 kB
LowTotal:         741364 kB
LowFree:           40112 kB
SwapTotal:             0 kB
SwapFree:              0 kB
Dirty:               240 kB
Writeback:             0 kB
AnonPages:       1381648 kB
Mapped:           136332 kB
Shmem:              3460 kB
Slab:              34024 kB
SReclaimable:      12036 kB
SUnreclaim:        21988 kB
KernelStack:        6824 kB
PageTables:        14720 kB
NFS_Unstable:          0 kB
Bounce:                0 kB
WritebackTmp:          0 kB
CommitLimit:      949752 kB
Committed_AS:   17627152 kB
VmallocTotal:     245760 kB
VmallocUsed:       56396 kB
VmallocChunk:      75648 kB
1557662198.784170
MemTotal:        1899508 kB
MemFree:           47532 kB
Buffers:            1056 kB
Cached:           226308 kB
SwapCached:            0 kB
Active:          1489144 kB
Inactive:         128764 kB
Active(anon):    1393996 kB
Inactive(anon):     2100 kB
Active(file):      95148 kB
Inactive(file):   126664 kB
Unevictable:        1940 kB
Mlocked:               0 kB
HighTotal:       1158144 kB
HighFree:           1812 kB
LowTotal:         741364 kB
LowFree:           45720 kB
SwapTotal:             0 kB
SwapFree:              0 kB
Dirty:                 0 kB
Writeback:             0 kB
AnonPages:       1392672 kB
Mapped:           143656 kB
Shmem:              3460 kB
Slab:              34012 kB
SReclaimable:      12036 kB
SUnreclaim:        21976 kB
KernelStack:        6960 kB
PageTables:        14784 kB
NFS_Unstable:          0 kB
Bounce:                0 kB
WritebackTmp:          0 kB
CommitLimit:      949752 kB
Committed_AS:   17634924 kB
VmallocTotal:     245760 kB
VmallocUsed:       56468 kB
VmallocChunk:      75648 kB
1557662199.612408
MemTotal:        1899508 kB
MemFree:           47776 kB
Buffers:            1104 kB
Cached:           230124 kB
SwapCached:            0 kB
Active:          1493276 kB
Inactive:         130584 kB
Active(anon):    1396180 kB
Inactive(anon):     2100 kB
Active(file):      97096 kB
Inactive(file):   128484 kB
Unevictable:        1940 kB
Mlocked:               0 kB
HighTotal:       1158144 kB
HighFree:           2260 kB
LowTotal:         741364 kB
LowFree:           45516 kB
SwapTotal:             0 kB
SwapFree:              0 kB
Dirty:               100 kB
Writeback:             0 kB
AnonPages:       1395040 kB
Mapped:           146796 kB
Shmem:              3460 kB
Slab:              34012 kB
SReclaimable:      12036 kB
SUnreclaim:        21976 kB
KernelStack:        6960 kB
PageTables:        14784 kB
NFS_Unstable:          0 kB
Bounce:                0 kB
WritebackTmp:          0 kB
CommitLimit:      949752 kB
Committed_AS:   17636712 kB
VmallocTotal:     245760 kB
VmallocUsed:       56460 kB
VmallocChunk:      75648 kB
1557662200.302534
MemTotal:        1899508 kB
MemFree:           44284 kB
Buffers:            1160 kB
Cached:           225192 kB
SwapCached:            0 kB
Active:          1508916 kB
Inactive:         123792 kB
Active(anon):    1409924 kB
Inactive(anon):     2100 kB
Active(file):      98992 kB
Inactive(file):   121692 kB
Unevictable:        1940 kB
Mlocked:               0 kB
HighTotal:       1158144 kB
HighFree:           1732 kB
LowTotal:         741364 kB
LowFree:           42552 kB
SwapTotal:             0 kB
SwapFree:              0 kB
Dirty:                32 kB
Writeback:           124 kB
AnonPages:       1408724 kB
Mapped:           152300 kB
Shmem:              3460 kB
Slab:              34020 kB
SReclaimable:      12036 kB
SUnreclaim:        21984 kB
KernelStack:        7000 kB
PageTables:        14888 kB
NFS_Unstable:          0 kB
Bounce:                0 kB
WritebackTmp:          0 kB
CommitLimit:      949752 kB
Committed_AS:   17654888 kB
VmallocTotal:     245760 kB
VmallocUsed:       56460 kB
VmallocChunk:      75648 kB
1557662201.055865
MemTotal:        1899508 kB
MemFree:           49216 kB
Buffers:            1244 kB
Cached:           212824 kB
SwapCached:            0 kB
Active:          1520596 kB
Inactive:         112500 kB
Active(anon):    1422380 kB
Inactive(anon):     2108 kB
Active(file):      98216 kB
Inactive(file):   110392 kB
Unevictable:        1940 kB
Mlocked:               0 kB
HighTotal:       1158144 kB
HighFree:           1800 kB
LowTotal:         741364 kB
LowFree:           47416 kB
SwapTotal:             0 kB
SwapFree:              0 kB
Dirty:               340 kB
Writeback:             0 kB
AnonPages:       1421120 kB
Mapped:           153236 kB
Shmem:              3468 kB
Slab:              34032 kB
SReclaimable:      12036 kB
SUnreclaim:        21996 kB
KernelStack:        7120 kB
PageTables:        14924 kB
NFS_Unstable:          0 kB
Bounce:                0 kB
WritebackTmp:          0 kB
CommitLimit:      949752 kB
Committed_AS:   17682276 kB
VmallocTotal:     245760 kB
VmallocUsed:       56460 kB
VmallocChunk:      75648 kB
1557662201.794906
MemTotal:        1899508 kB
MemFree:           47640 kB
Buffers:            1240 kB
Cached:           211488 kB
SwapCached:            0 kB
Active:          1523736 kB
Inactive:         111736 kB
Active(anon):    1426012 kB
Inactive(anon):     2108 kB
Active(file):      97724 kB
Inactive(file):   109628 kB
Unevictable:        1940 kB
Mlocked:               0 kB
HighTotal:       1158144 kB
HighFree:           2680 kB
LowTotal:         741364 kB
LowFree:           44960 kB
SwapTotal:             0 kB
SwapFree:              0 kB
Dirty:               340 kB
Writeback:             0 kB
AnonPages:       1424740 kB
Mapped:           153660 kB
Shmem:              3468 kB
Slab:              34032 kB
SReclaimable:      12036 kB
SUnreclaim:        21996 kB
KernelStack:        7120 kB
PageTables:        14924 kB
NFS_Unstable:          0 kB
Bounce:                0 kB
WritebackTmp:          0 kB
CommitLimit:      949752 kB
Committed_AS:   17683784 kB
VmallocTotal:     245760 kB
VmallocUsed:       56460 kB
VmallocChunk:      75648 kB
1557662202.488487
MemTotal:        1899508 kB
MemFree:           48972 kB
Buffers:            1240 kB
Cached:           210588 kB
SwapCached:            0 kB
Active:          1523104 kB
Inactive:         111580 kB
Active(anon):    1426132 kB
Inactive(anon):     2108 kB
Active(file):      96972 kB
Inactive(file):   109472 kB
Unevictable:        1940 kB
Mlocked:               0 kB
HighTotal:       1158144 kB
HighFree:           3384 kB
LowTotal:         741364 kB
LowFree:           45588 kB
SwapTotal:             0 kB
SwapFree:              0 kB
Dirty:               380 kB
Writeback:             0 kB
AnonPages:       1424800 kB
Mapped:           153628 kB
Shmem:              3468 kB
Slab:              34048 kB
SReclaimable:      12036 kB
SUnreclaim:        22012 kB
KernelStack:        7104 kB
PageTables:        14928 kB
NFS_Unstable:          0 kB
Bounce:                0 kB
WritebackTmp:          0 kB
CommitLimit:      949752 kB
Committed_AS:   17683784 kB
VmallocTotal:     245760 kB
VmallocUsed:       56460 kB
VmallocChunk:      75648 kB
1557662203.153006
MemTotal:        1899508 kB
MemFree:           50228 kB
Buffers:            1240 kB
Cached:           209552 kB
SwapCached:            0 kB
Active:          1522632 kB
Inactive:         111080 kB
Active(anon):    1426304 kB
Inactive(anon):     2108 kB
Active(file):      96328 kB
Inactive(file):   108972 kB
Unevictable:        1940 kB
Mlocked:               0 kB
HighTotal:       1158144 kB
HighFree:           4176 kB
LowTotal:         741364 kB
LowFree:           46052 kB
SwapTotal:             0 kB
SwapFree:              0 kB
Dirty:               380 kB
Writeback:             0 kB
AnonPages:       1425140 kB
Mapped:           153624 kB
Shmem:              3468 kB
Slab:              34036 kB
SReclaimable:      12036 kB
SUnreclaim:        22000 kB
KernelStack:        7104 kB
PageTables:        14932 kB
NFS_Unstable:          0 kB
Bounce:                0 kB
WritebackTmp:          0 kB
CommitLimit:      949752 kB
Committed_AS:   17685052 kB
VmallocTotal:     245760 kB
VmallocUsed:       56460 kB
VmallocChunk:      75648 kB
1557662203.824331
MemTotal:        1899508 kB
MemFree:           56492 kB
Buffers:            1240 kB
Cached:           209304 kB
SwapCached:            0 kB
Active:          1516644 kB
Inactive:         110684 kB
Active(anon):    1420180 kB
Inactive(anon):     2108 kB
Active(file):      96464 kB
Inactive(file):   108576 kB
Unevictable:        1940 kB
Mlocked:               0 kB
HighTotal:       1158144 kB
HighFree:           5392 kB
LowTotal:         741364 kB
LowFree:           51100 kB
SwapTotal:             0 kB
SwapFree:              0 kB
Dirty:               380 kB
Writeback:             0 kB
AnonPages:       1419024 kB
Mapped:           146100 kB
Shmem:              3468 kB
Slab:              34036 kB
SReclaimable:      12036 kB
SUnreclaim:        22000 kB
KernelStack:        7104 kB
PageTables:        14932 kB
NFS_Unstable:          0 kB
Bounce:                0 kB
WritebackTmp:          0 kB
CommitLimit:      949752 kB
Committed_AS:   17684448 kB
VmallocTotal:     245760 kB
VmallocUsed:       56460 kB
VmallocChunk:      75648 kB
1557662204.488382
MemTotal:        1899508 kB
MemFree:           57820 kB
Buffers:            1240 kB
Cached:           209276 kB
SwapCached:            0 kB
Active:          1515044 kB
Inactive:         110720 kB
Active(anon):    1418548 kB
Inactive(anon):     2108 kB
Active(file):      96496 kB
Inactive(file):   108612 kB
Unevictable:        1940 kB
Mlocked:               0 kB
HighTotal:       1158144 kB
HighFree:           6464 kB
LowTotal:         741364 kB
LowFree:           51356 kB
SwapTotal:             0 kB
SwapFree:              0 kB
Dirty:               384 kB
Writeback:             0 kB
AnonPages:       1417256 kB
Mapped:           146196 kB
Shmem:              3468 kB
Slab:              34036 kB
SReclaimable:      12036 kB
SUnreclaim:        22000 kB
KernelStack:        7120 kB
PageTables:        14824 kB
NFS_Unstable:          0 kB
Bounce:                0 kB
WritebackTmp:          0 kB
CommitLimit:      949752 kB
Committed_AS:   17684448 kB
VmallocTotal:     245760 kB
VmallocUsed:       56460 kB
VmallocChunk:      75648 kB
1557662205.174948
MemTotal:        1899508 kB
MemFree:           57784 kB
Buffers:            1240 kB
Cached:           209276 kB
SwapCached:            0 kB
Active:          1515464 kB
Inactive:         110720 kB
Active(anon):    1418968 kB
Inactive(anon):     2108 kB
Active(file):      96496 kB
Inactive(file):   108612 kB
Unevictable:        1940 kB
Mlocked:               0 kB
HighTotal:       1158144 kB
HighFree:           6600 kB
LowTotal:         741364 kB
LowFree:           51184 kB
SwapTotal:             0 kB
SwapFree:              0 kB
Dirty:               384 kB
Writeback:             0 kB
AnonPages:       1417732 kB
Mapped:           146196 kB
Shmem:              3468 kB
Slab:              34036 kB
SReclaimable:      12036 kB
SUnreclaim:        22000 kB
KernelStack:        7104 kB
PageTables:        14904 kB
NFS_Unstable:          0 kB
Bounce:                0 kB
WritebackTmp:          0 kB
CommitLimit:      949752 kB
Committed_AS:   17685728 kB
VmallocTotal:     245760 kB
VmallocUsed:       56460 kB
VmallocChunk:      75648 kB
1557662205.859348
MemTotal:        1899508 kB
MemFree:           54016 kB
Buffers:            1240 kB
Cached:           222552 kB
SwapCached:            0 kB
Active:          1507504 kB
Inactive:         123396 kB
Active(anon):    1410512 kB
Inactive(anon):     2108 kB
Active(file):      96992 kB
Inactive(file):   121288 kB
Unevictable:        1940 kB
Mlocked:               0 kB
HighTotal:       1158144 kB
HighFree:           1808 kB
LowTotal:         741364 kB
LowFree:           52208 kB
SwapTotal:             0 kB
SwapFree:              0 kB
Dirty:                36 kB
Writeback:           248 kB
AnonPages:       1409228 kB
Mapped:           147820 kB
Shmem:              3468 kB
Slab:              34036 kB
SReclaimable:      12036 kB
SUnreclaim:        22000 kB
KernelStack:        7056 kB
PageTables:        14928 kB
NFS_Unstable:          0 kB
Bounce:                0 kB
WritebackTmp:          0 kB
CommitLimit:      949752 kB
Committed_AS:   17686168 kB
VmallocTotal:     245760 kB
VmallocUsed:       56460 kB
VmallocChunk:      75648 kB
1557662206.557734
MemTotal:        1899508 kB
MemFree:           51956 kB
Buffers:             924 kB
Cached:           197480 kB
SwapCached:            0 kB
Active:          1524152 kB
Inactive:          96016 kB
Active(anon):    1425296 kB
Inactive(anon):     2108 kB
Active(file):      98856 kB
Inactive(file):    93908 kB
Unevictable:        1940 kB
Mlocked:               0 kB
HighTotal:       1158144 kB
HighFree:           6020 kB
LowTotal:         741364 kB
LowFree:           45936 kB
SwapTotal:             0 kB
SwapFree:              0 kB
Dirty:                 0 kB
Writeback:            72 kB
AnonPages:       1424080 kB
Mapped:           155148 kB
Shmem:              3468 kB
Slab:              34036 kB
SReclaimable:      12036 kB
SUnreclaim:        22000 kB
KernelStack:        7152 kB
PageTables:        15028 kB
NFS_Unstable:          0 kB
Bounce:                0 kB
WritebackTmp:          0 kB
CommitLimit:      949752 kB
Committed_AS:   17689544 kB
VmallocTotal:     245760 kB
VmallocUsed:       56556 kB
VmallocChunk:      75648 kB
1557662207.397977
MemTotal:        1899508 kB
MemFree:           48640 kB
Buffers:             972 kB
Cached:           199540 kB
SwapCached:            0 kB
Active:          1527552 kB
Inactive:          98884 kB
Active(anon):    1429388 kB
Inactive(anon):     2116 kB
Active(file):      98164 kB
Inactive(file):    96768 kB
Unevictable:        1940 kB
Mlocked:               0 kB
HighTotal:       1158144 kB
HighFree:           2588 kB
LowTotal:         741364 kB
LowFree:           46052 kB
SwapTotal:             0 kB
SwapFree:              0 kB
Dirty:              1248 kB
Writeback:             0 kB
AnonPages:       1428152 kB
Mapped:           150972 kB
Shmem:              3476 kB
Slab:              33996 kB
SReclaimable:      12036 kB
SUnreclaim:        21960 kB
KernelStack:        7264 kB
PageTables:        14980 kB
NFS_Unstable:          0 kB
Bounce:                0 kB
WritebackTmp:          0 kB
CommitLimit:      949752 kB
Committed_AS:   17687528 kB
VmallocTotal:     245760 kB
VmallocUsed:       56556 kB
VmallocChunk:      75648 kB
1557662208.236675
MemTotal:        1899508 kB
MemFree:           41272 kB
Buffers:             888 kB
Cached:           184696 kB
SwapCached:            0 kB
Active:          1535556 kB
Inactive:          92264 kB
Active(anon):    1445576 kB
Inactive(anon):     2116 kB
Active(file):      89980 kB
Inactive(file):    90148 kB
Unevictable:        1940 kB
Mlocked:               0 kB
HighTotal:       1158144 kB
HighFree:           1404 kB
LowTotal:         741364 kB
LowFree:           39868 kB
SwapTotal:             0 kB
SwapFree:              0 kB
Dirty:                24 kB
Writeback:             0 kB
AnonPages:       1444264 kB
Mapped:           155872 kB
Shmem:              3476 kB
Slab:              33984 kB
SReclaimable:      12080 kB
SUnreclaim:        21904 kB
KernelStack:        7328 kB
PageTables:        15100 kB
NFS_Unstable:          0 kB
Bounce:                0 kB
WritebackTmp:          0 kB
CommitLimit:      949752 kB
Committed_AS:   17707652 kB
VmallocTotal:     245760 kB
VmallocUsed:       56652 kB
VmallocChunk:      75648 kB
1557662208.986127
MemTotal:        1899508 kB
MemFree:           39900 kB
Buffers:             872 kB
Cached:           158664 kB
SwapCached:            0 kB
Active:          1543600 kB
Inactive:          77056 kB
Active(anon):    1464528 kB
Inactive(anon):     2116 kB
Active(file):      79072 kB
Inactive(file):    74940 kB
Unevictable:        1940 kB
Mlocked:               0 kB
HighTotal:       1158144 kB
HighFree:            600 kB
LowTotal:         741364 kB
LowFree:           39300 kB
SwapTotal:             0 kB
SwapFree:              0 kB
Dirty:                40 kB
Writeback:             0 kB
AnonPages:       1463108 kB
Mapped:           157488 kB
Shmem:              3476 kB
Slab:              33992 kB
SReclaimable:      12080 kB
SUnreclaim:        21912 kB
KernelStack:        7352 kB
PageTables:        15096 kB
NFS_Unstable:          0 kB
Bounce:                0 kB
WritebackTmp:          0 kB
CommitLimit:      949752 kB
Committed_AS:   17729572 kB
VmallocTotal:     245760 kB
VmallocUsed:       56772 kB
VmallocChunk:      75648 kB
1557662209.693615
MemTotal:        1899508 kB
MemFree:           70460 kB
Buffers:             820 kB
Cached:           150536 kB
SwapCached:            0 kB
Active:          1505620 kB
Inactive:          72716 kB
Active(anon):    1430288 kB
Inactive(anon):     2116 kB
Active(file):      75332 kB
Inactive(file):    70600 kB
Unevictable:        1940 kB
Mlocked:               0 kB
HighTotal:       1158144 kB
HighFree:          14544 kB
LowTotal:         741364 kB
LowFree:           55916 kB
SwapTotal:             0 kB
SwapFree:              0 kB
Dirty:                40 kB
Writeback:             0 kB
AnonPages:       1428944 kB
Mapped:           158836 kB
Shmem:              3476 kB
Slab:              33992 kB
SReclaimable:      12080 kB
SUnreclaim:        21912 kB
KernelStack:        6400 kB
PageTables:        12396 kB
NFS_Unstable:          0 kB
Bounce:                0 kB
WritebackTmp:          0 kB
CommitLimit:      949752 kB
Committed_AS:   13651284 kB
VmallocTotal:     245760 kB
VmallocUsed:       50808 kB
VmallocChunk:      75648 kB
1557662210.396389
MemTotal:        1899508 kB
MemFree:           66848 kB
Buffers:             868 kB
Cached:           154452 kB
SwapCached:            0 kB
Active:          1505496 kB
Inactive:          76688 kB
Active(anon):    1430032 kB
Inactive(anon):     2116 kB
Active(file):      75464 kB
Inactive(file):    74572 kB
Unevictable:        1940 kB
Mlocked:               0 kB
HighTotal:       1158144 kB
HighFree:          10856 kB
LowTotal:         741364 kB
LowFree:           55992 kB
SwapTotal:             0 kB
SwapFree:              0 kB
Dirty:               100 kB
Writeback:             0 kB
AnonPages:       1428768 kB
Mapped:           159440 kB
Shmem:              3476 kB
Slab:              33908 kB
SReclaimable:      12080 kB
SUnreclaim:        21828 kB
KernelStack:        6312 kB
PageTables:        12404 kB
NFS_Unstable:          0 kB
Bounce:                0 kB
WritebackTmp:          0 kB
CommitLimit:      949752 kB
Committed_AS:   13651428 kB
VmallocTotal:     245760 kB
VmallocUsed:       50808 kB
VmallocChunk:      75648 kB
1557662211.171222
MemTotal:        1899508 kB
MemFree:           61500 kB
Buffers:             396 kB
Cached:           131684 kB
SwapCached:            0 kB
Active:          1490364 kB
Inactive:          65448 kB
Active(anon):    1427056 kB
Inactive(anon):     2116 kB
Active(file):      63308 kB
Inactive(file):    63332 kB
Unevictable:        1940 kB
Mlocked:               0 kB
HighTotal:       1158144 kB
HighFree:          17100 kB
LowTotal:         741364 kB
LowFree:           44400 kB
SwapTotal:             0 kB
SwapFree:              0 kB
Dirty:                60 kB
Writeback:             0 kB
AnonPages:       1425740 kB
Mapped:           141236 kB
Shmem:              3476 kB
Slab:              33840 kB
SReclaimable:      12080 kB
SUnreclaim:        21760 kB
KernelStack:        6384 kB
PageTables:        13312 kB
NFS_Unstable:          0 kB
Bounce:                0 kB
WritebackTmp:          0 kB
CommitLimit:      949752 kB
Committed_AS:   14819000 kB
VmallocTotal:     245760 kB
VmallocUsed:       55272 kB
VmallocChunk:      75648 kB
1557662212.203986
MemTotal:        1899508 kB
MemFree:           72284 kB
Buffers:             636 kB
Cached:           128256 kB
SwapCached:            0 kB
Active:          1474924 kB
Inactive:          61516 kB
Active(anon):    1411056 kB
Inactive(anon):     2112 kB
Active(file):      63868 kB
Inactive(file):    59404 kB
Unevictable:        1940 kB
Mlocked:               0 kB
HighTotal:       1158144 kB
HighFree:          25132 kB
LowTotal:         741364 kB
LowFree:           47152 kB
SwapTotal:             0 kB
SwapFree:              0 kB
Dirty:               124 kB
Writeback:             0 kB
AnonPages:       1409612 kB
Mapped:           134268 kB
Shmem:              3468 kB
Slab:              33692 kB
SReclaimable:      12064 kB
SUnreclaim:        21628 kB
KernelStack:        6104 kB
PageTables:        11352 kB
NFS_Unstable:          0 kB
Bounce:                0 kB
WritebackTmp:          0 kB
CommitLimit:      949752 kB
Committed_AS:   11834036 kB
VmallocTotal:     245760 kB
VmallocUsed:       48580 kB
VmallocChunk:      75648 kB
1557662212.868146
MemTotal:        1899508 kB
MemFree:           70444 kB
Buffers:             752 kB
Cached:           127440 kB
SwapCached:            0 kB
Active:          1478572 kB
Inactive:          61236 kB
Active(anon):    1415020 kB
Inactive(anon):     2112 kB
Active(file):      63552 kB
Inactive(file):    59124 kB
Unevictable:        1940 kB
Mlocked:               0 kB
HighTotal:       1158144 kB
HighFree:          22240 kB
LowTotal:         741364 kB
LowFree:           48204 kB
SwapTotal:             0 kB
SwapFree:              0 kB
Dirty:               216 kB
Writeback:             0 kB
AnonPages:       1413652 kB
Mapped:           133660 kB
Shmem:              3472 kB
Slab:              33692 kB
SReclaimable:      12064 kB
SUnreclaim:        21628 kB
KernelStack:        6088 kB
PageTables:        11312 kB
NFS_Unstable:          0 kB
Bounce:                0 kB
WritebackTmp:          0 kB
CommitLimit:      949752 kB
Committed_AS:   11838096 kB
VmallocTotal:     245760 kB
VmallocUsed:       48580 kB
VmallocChunk:      75648 kB
1557662213.590436
MemTotal:        1899508 kB
MemFree:           71564 kB
Buffers:             752 kB
Cached:           127192 kB
SwapCached:            0 kB
Active:          1478276 kB
Inactive:          61416 kB
Active(anon):    1415104 kB
Inactive(anon):     2112 kB
Active(file):      63172 kB
Inactive(file):    59304 kB
Unevictable:        1940 kB
Mlocked:               0 kB
HighTotal:       1158144 kB
HighFree:          23516 kB
LowTotal:         741364 kB
LowFree:           48048 kB
SwapTotal:             0 kB
SwapFree:              0 kB
Dirty:               216 kB
Writeback:             0 kB
AnonPages:       1413776 kB
Mapped:           133288 kB
Shmem:              3472 kB
Slab:              33692 kB
SReclaimable:      12064 kB
SUnreclaim:        21628 kB
KernelStack:        6088 kB
PageTables:        11412 kB
NFS_Unstable:          0 kB
Bounce:                0 kB
WritebackTmp:          0 kB
CommitLimit:      949752 kB
Committed_AS:   11838336 kB
VmallocTotal:     245760 kB
VmallocUsed:       48580 kB
VmallocChunk:      75648 kB
1557662214.271716
MemTotal:        1899508 kB
MemFree:           69516 kB
Buffers:             752 kB
Cached:           127136 kB
SwapCached:            0 kB
Active:          1480068 kB
Inactive:          61440 kB
Active(anon):    1416920 kB
Inactive(anon):     2112 kB
Active(file):      63148 kB
Inactive(file):    59328 kB
Unevictable:        1940 kB
Mlocked:               0 kB
HighTotal:       1158144 kB
HighFree:          21796 kB
LowTotal:         741364 kB
LowFree:           47720 kB
SwapTotal:             0 kB
SwapFree:              0 kB
Dirty:               216 kB
Writeback:             0 kB
AnonPages:       1415552 kB
Mapped:           133572 kB
Shmem:              3472 kB
Slab:              33676 kB
SReclaimable:      12056 kB
SUnreclaim:        21620 kB
KernelStack:        6008 kB
PageTables:        11756 kB
NFS_Unstable:          0 kB
Bounce:                0 kB
WritebackTmp:          0 kB
CommitLimit:      949752 kB
Committed_AS:   12406316 kB
VmallocTotal:     245760 kB
VmallocUsed:       49600 kB
VmallocChunk:      75648 kB
1557662215.035821
MemTotal:        1899508 kB
MemFree:           54864 kB
Buffers:             764 kB
Cached:           126764 kB
SwapCached:            0 kB
Active:          1488500 kB
Inactive:          60572 kB
Active(anon):    1424940 kB
Inactive(anon):     2112 kB
Active(file):      63560 kB
Inactive(file):    58460 kB
Unevictable:        1940 kB
Mlocked:               0 kB
HighTotal:       1158144 kB
HighFree:          12716 kB
LowTotal:         741364 kB
LowFree:           42148 kB
SwapTotal:             0 kB
SwapFree:              0 kB
Dirty:               216 kB
Writeback:             0 kB
AnonPages:       1423596 kB
Mapped:           134208 kB
Shmem:              3472 kB
Slab:              33676 kB
SReclaimable:      12056 kB
SUnreclaim:        21620 kB
KernelStack:        6176 kB
PageTables:        11920 kB
NFS_Unstable:          0 kB
Bounce:                0 kB
WritebackTmp:          0 kB
CommitLimit:      949752 kB
Committed_AS:   12449168 kB
VmallocTotal:     245760 kB
VmallocUsed:       52024 kB
VmallocChunk:      75648 kB
1557662216.069490
MemTotal:        1899508 kB
MemFree:           56444 kB
Buffers:             740 kB
Cached:           123392 kB
SwapCached:            0 kB
Active:          1486924 kB
Inactive:          59456 kB
Active(anon):    1425544 kB
Inactive(anon):     2152 kB
Active(file):      61380 kB
Inactive(file):    57304 kB
Unevictable:        1940 kB
Mlocked:               0 kB
HighTotal:       1158144 kB
HighFree:          13240 kB
LowTotal:         741364 kB
LowFree:           43204 kB
SwapTotal:             0 kB
SwapFree:              0 kB
Dirty:               216 kB
Writeback:             0 kB
AnonPages:       1424128 kB
Mapped:           133008 kB
Shmem:              3524 kB
Slab:              33660 kB
SReclaimable:      12056 kB
SUnreclaim:        21604 kB
KernelStack:        6144 kB
PageTables:        12016 kB
NFS_Unstable:          0 kB
Bounce:                0 kB
WritebackTmp:          0 kB
CommitLimit:      949752 kB
Committed_AS:   12468516 kB
VmallocTotal:     245760 kB
VmallocUsed:       52024 kB
VmallocChunk:      75648 kB
1557662216.642303
MemTotal:        1899508 kB
MemFree:           58756 kB
Buffers:             756 kB
Cached:           121708 kB
SwapCached:            0 kB
Active:          1485400 kB
Inactive:          58196 kB
Active(anon):    1424548 kB
Inactive(anon):     2152 kB
Active(file):      60852 kB
Inactive(file):    56044 kB
Unevictable:        1940 kB
Mlocked:               0 kB
HighTotal:       1158144 kB
HighFree:          14324 kB
LowTotal:         741364 kB
LowFree:           44432 kB
SwapTotal:             0 kB
SwapFree:              0 kB
Dirty:               216 kB
Writeback:             0 kB
AnonPages:       1423232 kB
Mapped:           132884 kB
Shmem:              3524 kB
Slab:              33660 kB
SReclaimable:      12056 kB
SUnreclaim:        21604 kB
KernelStack:        6144 kB
PageTables:        12016 kB
NFS_Unstable:          0 kB
Bounce:                0 kB
WritebackTmp:          0 kB
CommitLimit:      949752 kB
Committed_AS:   12468552 kB
VmallocTotal:     245760 kB
VmallocUsed:       52024 kB
VmallocChunk:      75648 kB
1557662217.203316
MemTotal:        1899508 kB
MemFree:           58024 kB
Buffers:             760 kB
Cached:           121076 kB
SwapCached:            0 kB
Active:          1487528 kB
Inactive:          58216 kB
Active(anon):    1427256 kB
Inactive(anon):     2352 kB
Active(file):      60272 kB
Inactive(file):    55864 kB
Unevictable:        1940 kB
Mlocked:               0 kB
HighTotal:       1158144 kB
HighFree:          12328 kB
LowTotal:         741364 kB
LowFree:           45696 kB
SwapTotal:             0 kB
SwapFree:              0 kB
Dirty:                 0 kB
Writeback:             0 kB
AnonPages:       1425916 kB
Mapped:           133068 kB
Shmem:              3736 kB
Slab:              33660 kB
SReclaimable:      12056 kB
SUnreclaim:        21604 kB
KernelStack:        6128 kB
PageTables:        12008 kB
NFS_Unstable:          0 kB
Bounce:                0 kB
WritebackTmp:          0 kB
CommitLimit:      949752 kB
Committed_AS:   12474720 kB
VmallocTotal:     245760 kB
VmallocUsed:       52024 kB
VmallocChunk:      75648 kB
1557662217.775589
MemTotal:        1899508 kB
MemFree:           56984 kB
Buffers:             760 kB
Cached:           120528 kB
SwapCached:            0 kB
Active:          1489356 kB
Inactive:          57572 kB
Active(anon):    1429188 kB
Inactive(anon):     2352 kB
Active(file):      60168 kB
Inactive(file):    55220 kB
Unevictable:        1940 kB
Mlocked:               0 kB
HighTotal:       1158144 kB
HighFree:          10756 kB
LowTotal:         741364 kB
LowFree:           46228 kB
SwapTotal:             0 kB
SwapFree:              0 kB
Dirty:                 0 kB
Writeback:             0 kB
AnonPages:       1427900 kB
Mapped:           133316 kB
Shmem:              3736 kB
Slab:              33660 kB
SReclaimable:      12056 kB
SUnreclaim:        21604 kB
KernelStack:        6128 kB
PageTables:        12008 kB
NFS_Unstable:          0 kB
Bounce:                0 kB
WritebackTmp:          0 kB
CommitLimit:      949752 kB
Committed_AS:   12474756 kB
VmallocTotal:     245760 kB
VmallocUsed:       52024 kB
VmallocChunk:      75648 kB
1557662218.347512
MemTotal:        1899508 kB
MemFree:           56692 kB
Buffers:             824 kB
Cached:           119352 kB
SwapCached:            0 kB
Active:          1490148 kB
Inactive:          56576 kB
Active(anon):    1429900 kB
Inactive(anon):     2380 kB
Active(file):      60248 kB
Inactive(file):    54196 kB
Unevictable:        1940 kB
Mlocked:               0 kB
HighTotal:       1158144 kB
HighFree:          10232 kB
LowTotal:         741364 kB
LowFree:           46460 kB
SwapTotal:             0 kB
SwapFree:              0 kB
Dirty:                 4 kB
Writeback:             0 kB
AnonPages:       1428452 kB
Mapped:           133256 kB
Shmem:              3836 kB
Slab:              33660 kB
SReclaimable:      12056 kB
SUnreclaim:        21604 kB
KernelStack:        6136 kB
PageTables:        12020 kB
NFS_Unstable:          0 kB
Bounce:                0 kB
WritebackTmp:          0 kB
CommitLimit:      949752 kB
Committed_AS:   12475564 kB
VmallocTotal:     245760 kB
VmallocUsed:       52024 kB
VmallocChunk:      75648 kB
1557662218.952414
MemTotal:        1899508 kB
MemFree:           51816 kB
Buffers:             824 kB
Cached:           118928 kB
SwapCached:            0 kB
Active:          1495776 kB
Inactive:          55800 kB
Active(anon):    1435528 kB
Inactive(anon):     2464 kB
Active(file):      60248 kB
Inactive(file):    53336 kB
Unevictable:        1940 kB
Mlocked:               0 kB
HighTotal:       1158144 kB
HighFree:           5428 kB
LowTotal:         741364 kB
LowFree:           46388 kB
SwapTotal:             0 kB
SwapFree:              0 kB
Dirty:                 4 kB
Writeback:             0 kB
AnonPages:       1434032 kB
Mapped:           133504 kB
Shmem:              3960 kB
Slab:              33660 kB
SReclaimable:      12056 kB
SUnreclaim:        21604 kB
KernelStack:        6136 kB
PageTables:        12420 kB
NFS_Unstable:          0 kB
Bounce:                0 kB
WritebackTmp:          0 kB
CommitLimit:      949752 kB
Committed_AS:   13043136 kB
VmallocTotal:     245760 kB
VmallocUsed:       53044 kB
VmallocChunk:      75648 kB
1557662219.523200
MemTotal:        1899508 kB
MemFree:           55240 kB
Buffers:             824 kB
Cached:           117152 kB
SwapCached:            0 kB
Active:          1493836 kB
Inactive:          54440 kB
Active(anon):    1433812 kB
Inactive(anon):     2472 kB
Active(file):      60024 kB
Inactive(file):    51968 kB
Unevictable:        1940 kB
Mlocked:               0 kB
HighTotal:       1158144 kB
HighFree:           7300 kB
LowTotal:         741364 kB
LowFree:           47940 kB
SwapTotal:             0 kB
SwapFree:              0 kB
Dirty:                60 kB
Writeback:             0 kB
AnonPages:       1432344 kB
Mapped:           133516 kB
Shmem:              4000 kB
Slab:              33660 kB
SReclaimable:      12056 kB
SUnreclaim:        21604 kB
KernelStack:        6216 kB
PageTables:        11976 kB
NFS_Unstable:          0 kB
Bounce:                0 kB
WritebackTmp:          0 kB
CommitLimit:      949752 kB
Committed_AS:   12475572 kB
VmallocTotal:     245760 kB
VmallocUsed:       52024 kB
VmallocChunk:      75648 kB
1557662220.104265
MemTotal:        1899508 kB
MemFree:           93824 kB
Buffers:             840 kB
Cached:           116884 kB
SwapCached:            0 kB
Active:          1475364 kB
Inactive:          55096 kB
Active(anon):    1416284 kB
Inactive(anon):     2472 kB
Active(file):      59080 kB
Inactive(file):    52624 kB
Unevictable:        1940 kB
Mlocked:               0 kB
HighTotal:       1158144 kB
HighFree:          19256 kB
LowTotal:         741364 kB
LowFree:           74568 kB
SwapTotal:             0 kB
SwapFree:              0 kB
Dirty:                60 kB
Writeback:             0 kB
AnonPages:       1414804 kB
Mapped:           113756 kB
Shmem:              4020 kB
Slab:              33648 kB
SReclaimable:      12056 kB
SUnreclaim:        21592 kB
KernelStack:        6032 kB
PageTables:        11796 kB
NFS_Unstable:          0 kB
Bounce:                0 kB
WritebackTmp:          0 kB
CommitLimit:      949752 kB
Committed_AS:   13130156 kB
VmallocTotal:     245760 kB
VmallocUsed:       51808 kB
VmallocChunk:      75648 kB
1557662220.683750
MemTotal:        1899508 kB
MemFree:           92940 kB
Buffers:             840 kB
Cached:           117380 kB
SwapCached:            0 kB
Active:          1475868 kB
Inactive:          55516 kB
Active(anon):    1416788 kB
Inactive(anon):     2472 kB
Active(file):      59080 kB
Inactive(file):    53044 kB
Unevictable:        1940 kB
Mlocked:               0 kB
HighTotal:       1158144 kB
HighFree:          18348 kB
LowTotal:         741364 kB
LowFree:           74592 kB
SwapTotal:             0 kB
SwapFree:              0 kB
Dirty:                60 kB
Writeback:             0 kB
AnonPages:       1415300 kB
Mapped:           113880 kB
Shmem:              4020 kB
Slab:              33648 kB
SReclaimable:      12056 kB
SUnreclaim:        21592 kB
KernelStack:        6032 kB
PageTables:        11896 kB
NFS_Unstable:          0 kB
Bounce:                0 kB
WritebackTmp:          0 kB
CommitLimit:      949752 kB
Committed_AS:   12470156 kB
VmallocTotal:     245760 kB
VmallocUsed:       51808 kB
VmallocChunk:      75648 kB
1557662221.252330
MemTotal:        1899508 kB
MemFree:           88860 kB
Buffers:             856 kB
Cached:           117312 kB
SwapCached:            0 kB
Active:          1480040 kB
Inactive:          55576 kB
Active(anon):    1420952 kB
Inactive(anon):     2480 kB
Active(file):      59088 kB
Inactive(file):    53096 kB
Unevictable:        1940 kB
Mlocked:               0 kB
HighTotal:       1158144 kB
HighFree:          14172 kB
LowTotal:         741364 kB
LowFree:           74688 kB
SwapTotal:             0 kB
SwapFree:              0 kB
Dirty:                64 kB
Writeback:             0 kB
AnonPages:       1419484 kB
Mapped:           113924 kB
Shmem:              4044 kB
Slab:              33540 kB
SReclaimable:      12056 kB
SUnreclaim:        21484 kB
KernelStack:        6096 kB
PageTables:        11900 kB
NFS_Unstable:          0 kB
Bounce:                0 kB
WritebackTmp:          0 kB
CommitLimit:      949752 kB
Committed_AS:   12470148 kB
VmallocTotal:     245760 kB
VmallocUsed:       51808 kB
VmallocChunk:      75648 kB
1557662221.846624
MemTotal:        1899508 kB
MemFree:           86536 kB
Buffers:             872 kB
Cached:           117420 kB
SwapCached:            0 kB
Active:          1482308 kB
Inactive:          55660 kB
Active(anon):    1423220 kB
Inactive(anon):     2480 kB
Active(file):      59088 kB
Inactive(file):    53180 kB
Unevictable:        1940 kB
Mlocked:               0 kB
HighTotal:       1158144 kB
HighFree:          11844 kB
LowTotal:         741364 kB
LowFree:           74692 kB
SwapTotal:             0 kB
SwapFree:              0 kB
Dirty:                64 kB
Writeback:             0 kB
AnonPages:       1421716 kB
Mapped:           113924 kB
Shmem:              4044 kB
Slab:              33540 kB
SReclaimable:      12056 kB
SUnreclaim:        21484 kB
KernelStack:        6096 kB
PageTables:        11900 kB
NFS_Unstable:          0 kB
Bounce:                0 kB
WritebackTmp:          0 kB
CommitLimit:      949752 kB
Committed_AS:   12470160 kB
VmallocTotal:     245760 kB
VmallocUsed:       51808 kB
VmallocChunk:      75648 kB
1557662222.414234
MemTotal:        1899508 kB
MemFree:           82664 kB
Buffers:             876 kB
Cached:           118904 kB
SwapCached:            0 kB
Active:          1484612 kB
Inactive:          57212 kB
Active(anon):    1425524 kB
Inactive(anon):     2480 kB
Active(file):      59088 kB
Inactive(file):    54732 kB
Unevictable:        1940 kB
Mlocked:               0 kB
HighTotal:       1158144 kB
HighFree:           7972 kB
LowTotal:         741364 kB
LowFree:           74692 kB
SwapTotal:             0 kB
SwapFree:              0 kB
Dirty:                 0 kB
Writeback:             0 kB
AnonPages:       1423964 kB
Mapped:           114064 kB
Shmem:              4044 kB
Slab:              33476 kB
SReclaimable:      12056 kB
SUnreclaim:        21420 kB
KernelStack:        6112 kB
PageTables:        11908 kB
NFS_Unstable:          0 kB
Bounce:                0 kB
WritebackTmp:          0 kB
CommitLimit:      949752 kB
Committed_AS:   12470920 kB
VmallocTotal:     245760 kB
VmallocUsed:       51808 kB
VmallocChunk:      75648 kB
1557662222.995870
MemTotal:        1899508 kB
MemFree:           77476 kB
Buffers:             892 kB
Cached:           119100 kB
SwapCached:            0 kB
Active:          1489428 kB
Inactive:          57400 kB
Active(anon):    1430340 kB
Inactive(anon):     2480 kB
Active(file):      59088 kB
Inactive(file):    54920 kB
Unevictable:        1940 kB
Mlocked:               0 kB
HighTotal:       1158144 kB
HighFree:           3104 kB
LowTotal:         741364 kB
LowFree:           74372 kB
SwapTotal:             0 kB
SwapFree:              0 kB
Dirty:                44 kB
Writeback:             0 kB
AnonPages:       1428924 kB
Mapped:           114064 kB
Shmem:              4044 kB
Slab:              33508 kB
SReclaimable:      12056 kB
SUnreclaim:        21452 kB
KernelStack:        6096 kB
PageTables:        11892 kB
NFS_Unstable:          0 kB
Bounce:                0 kB
WritebackTmp:          0 kB
CommitLimit:      949752 kB
Committed_AS:   12473924 kB
VmallocTotal:     245760 kB
VmallocUsed:       51808 kB
VmallocChunk:      75648 kB
1557662223.572191
MemTotal:        1899508 kB
MemFree:           76660 kB
Buffers:             908 kB
Cached:           119208 kB
SwapCached:            0 kB
Active:          1489596 kB
Inactive:          57484 kB
Active(anon):    1430508 kB
Inactive(anon):     2480 kB
Active(file):      59088 kB
Inactive(file):    55004 kB
Unevictable:        1940 kB
Mlocked:               0 kB
HighTotal:       1158144 kB
HighFree:           2592 kB
LowTotal:         741364 kB
LowFree:           74068 kB
SwapTotal:             0 kB
SwapFree:              0 kB
Dirty:                44 kB
Writeback:             0 kB
AnonPages:       1429048 kB
Mapped:           114064 kB
Shmem:              4044 kB
Slab:              33700 kB
SReclaimable:      12056 kB
SUnreclaim:        21644 kB
KernelStack:        6096 kB
PageTables:        11892 kB
NFS_Unstable:          0 kB
Bounce:                0 kB
WritebackTmp:          0 kB
CommitLimit:      949752 kB
Committed_AS:   12473936 kB
VmallocTotal:     245760 kB
VmallocUsed:       51808 kB
VmallocChunk:      75648 kB
1557662224.200667
MemTotal:        1899508 kB
MemFree:           72052 kB
Buffers:             908 kB
Cached:           119404 kB
SwapCached:            0 kB
Active:          1494196 kB
Inactive:          57688 kB
Active(anon):    1435108 kB
Inactive(anon):     2480 kB
Active(file):      59088 kB
Inactive(file):    55208 kB
Unevictable:        1940 kB
Mlocked:               0 kB
HighTotal:       1158144 kB
HighFree:           1716 kB
LowTotal:         741364 kB
LowFree:           70336 kB
SwapTotal:             0 kB
SwapFree:              0 kB
Dirty:                44 kB
Writeback:             0 kB
AnonPages:       1433620 kB
Mapped:           114092 kB
Shmem:              4044 kB
Slab:              33956 kB
SReclaimable:      12056 kB
SUnreclaim:        21900 kB
KernelStack:        6096 kB
PageTables:        11908 kB
NFS_Unstable:          0 kB
Bounce:                0 kB
WritebackTmp:          0 kB
CommitLimit:      949752 kB
Committed_AS:   12477008 kB
VmallocTotal:     245760 kB
VmallocUsed:       51808 kB
VmallocChunk:      75648 kB
1557662224.799791
MemTotal:        1899508 kB
MemFree:           68928 kB
Buffers:             924 kB
Cached:           119388 kB
SwapCached:            0 kB
Active:          1497324 kB
Inactive:          57688 kB
Active(anon):    1438236 kB
Inactive(anon):     2480 kB
Active(file):      59088 kB
Inactive(file):    55208 kB
Unevictable:        1940 kB
Mlocked:               0 kB
HighTotal:       1158144 kB
HighFree:           1716 kB
LowTotal:         741364 kB
LowFree:           67212 kB
SwapTotal:             0 kB
SwapFree:              0 kB
Dirty:                44 kB
Writeback:             0 kB
AnonPages:       1436720 kB
Mapped:           114092 kB
Shmem:              4044 kB
Slab:              33764 kB
SReclaimable:      12056 kB
SUnreclaim:        21708 kB
KernelStack:        6096 kB
PageTables:        11908 kB
NFS_Unstable:          0 kB
Bounce:                0 kB
WritebackTmp:          0 kB
CommitLimit:      949752 kB
Committed_AS:   12483880 kB
VmallocTotal:     245760 kB
VmallocUsed:       51808 kB
VmallocChunk:      75648 kB
1557662225.428658
MemTotal:        1899508 kB
MemFree:           66524 kB
Buffers:             924 kB
Cached:           120332 kB
SwapCached:            0 kB
Active:          1498804 kB
Inactive:          58572 kB
Active(anon):    1439716 kB
Inactive(anon):     2480 kB
Active(file):      59088 kB
Inactive(file):    56092 kB
Unevictable:        1940 kB
Mlocked:               0 kB
HighTotal:       1158144 kB
HighFree:           2868 kB
LowTotal:         741364 kB
LowFree:           63656 kB
SwapTotal:             0 kB
SwapFree:              0 kB
Dirty:                44 kB
Writeback:             0 kB
AnonPages:       1438236 kB
Mapped:           114848 kB
Shmem:              4044 kB
Slab:              34052 kB
SReclaimable:      12056 kB
SUnreclaim:        21996 kB
KernelStack:        6096 kB
PageTables:        11916 kB
NFS_Unstable:          0 kB
Bounce:                0 kB
WritebackTmp:          0 kB
CommitLimit:      949752 kB
Committed_AS:   12483976 kB
VmallocTotal:     245760 kB
VmallocUsed:       51808 kB
VmallocChunk:      75648 kB
1557662226.042080
MemTotal:        1899508 kB
MemFree:           62844 kB
Buffers:             940 kB
Cached:           120408 kB
SwapCached:            0 kB
Active:          1503280 kB
Inactive:          58756 kB
Active(anon):    1444192 kB
Inactive(anon):     2480 kB
Active(file):      59088 kB
Inactive(file):    56276 kB
Unevictable:        1940 kB
Mlocked:               0 kB
HighTotal:       1158144 kB
HighFree:           1768 kB
LowTotal:         741364 kB
LowFree:           61076 kB
SwapTotal:             0 kB
SwapFree:              0 kB
Dirty:                44 kB
Writeback:             0 kB
AnonPages:       1442568 kB
Mapped:           114872 kB
Shmem:              4044 kB
Slab:              33732 kB
SReclaimable:      12056 kB
SUnreclaim:        21676 kB
KernelStack:        6096 kB
PageTables:        11940 kB
NFS_Unstable:          0 kB
Bounce:                0 kB
WritebackTmp:          0 kB
CommitLimit:      949752 kB
Committed_AS:   12487044 kB
VmallocTotal:     245760 kB
VmallocUsed:       51808 kB
VmallocChunk:      75648 kB
1557662226.642731
MemTotal:        1899508 kB
MemFree:           60072 kB
Buffers:             956 kB
Cached:           120492 kB
SwapCached:            0 kB
Active:          1505492 kB
Inactive:          58824 kB
Active(anon):    1446404 kB
Inactive(anon):     2480 kB
Active(file):      59088 kB
Inactive(file):    56344 kB
Unevictable:        1940 kB
Mlocked:               0 kB
HighTotal:       1158144 kB
HighFree:           1768 kB
LowTotal:         741364 kB
LowFree:           58304 kB
SwapTotal:             0 kB
SwapFree:              0 kB
Dirty:                44 kB
Writeback:             0 kB
AnonPages:       1444944 kB
Mapped:           114872 kB
Shmem:              4044 kB
Slab:              33732 kB
SReclaimable:      12056 kB
SUnreclaim:        21676 kB
KernelStack:        6096 kB
PageTables:        11940 kB
NFS_Unstable:          0 kB
Bounce:                0 kB
WritebackTmp:          0 kB
CommitLimit:      949752 kB
Committed_AS:   12489072 kB
VmallocTotal:     245760 kB
VmallocUsed:       51808 kB
VmallocChunk:      75648 kB
1557662227.224432
MemTotal:        1899508 kB
MemFree:           56960 kB
Buffers:             968 kB
Cached:           120512 kB
SwapCached:            0 kB
Active:          1508088 kB
Inactive:          58888 kB
Active(anon):    1449000 kB
Inactive(anon):     2480 kB
Active(file):      59088 kB
Inactive(file):    56408 kB
Unevictable:        1940 kB
Mlocked:               0 kB
HighTotal:       1158144 kB
HighFree:           1712 kB
LowTotal:         741364 kB
LowFree:           55248 kB
SwapTotal:             0 kB
SwapFree:              0 kB
Dirty:                 0 kB
Writeback:             0 kB
AnonPages:       1447464 kB
Mapped:           114884 kB
Shmem:              4044 kB
Slab:              34308 kB
SReclaimable:      12056 kB
SUnreclaim:        22252 kB
KernelStack:        6096 kB
PageTables:        11944 kB
NFS_Unstable:          0 kB
Bounce:                0 kB
WritebackTmp:          0 kB
CommitLimit:      949752 kB
Committed_AS:   12492848 kB
VmallocTotal:     245760 kB
VmallocUsed:       51808 kB
VmallocChunk:      75648 kB
1557662227.826538
MemTotal:        1899508 kB
MemFree:           52684 kB
Buffers:             972 kB
Cached:           120608 kB
SwapCached:            0 kB
Active:          1512576 kB
Inactive:          58956 kB
Active(anon):    1453488 kB
Inactive(anon):     2480 kB
Active(file):      59088 kB
Inactive(file):    56476 kB
Unevictable:        1940 kB
Mlocked:               0 kB
HighTotal:       1158144 kB
HighFree:           1712 kB
LowTotal:         741364 kB
LowFree:           50972 kB
SwapTotal:             0 kB
SwapFree:              0 kB
Dirty:                 0 kB
Writeback:             0 kB
AnonPages:       1451864 kB
Mapped:           114884 kB
Shmem:              4044 kB
Slab:              33924 kB
SReclaimable:      12056 kB
SUnreclaim:        21868 kB
KernelStack:        6096 kB
PageTables:        11944 kB
NFS_Unstable:          0 kB
Bounce:                0 kB
WritebackTmp:          0 kB
CommitLimit:      949752 kB
Committed_AS:   12502064 kB
VmallocTotal:     245760 kB
VmallocUsed:       51808 kB
VmallocChunk:      75648 kB
1557662228.447879
MemTotal:        1899508 kB
MemFree:           47820 kB
Buffers:             988 kB
Cached:           120760 kB
SwapCached:            0 kB
Active:          1517352 kB
Inactive:          59116 kB
Active(anon):    1458264 kB
Inactive(anon):     2480 kB
Active(file):      59088 kB
Inactive(file):    56636 kB
Unevictable:        1940 kB
Mlocked:               0 kB
HighTotal:       1158144 kB
HighFree:           1768 kB
LowTotal:         741364 kB
LowFree:           46052 kB
SwapTotal:             0 kB
SwapFree:              0 kB
Dirty:                36 kB
Writeback:             0 kB
AnonPages:       1456692 kB
Mapped:           114956 kB
Shmem:              4044 kB
Slab:              33892 kB
SReclaimable:      12056 kB
SUnreclaim:        21836 kB
KernelStack:        6120 kB
PageTables:        11988 kB
NFS_Unstable:          0 kB
Bounce:                0 kB
WritebackTmp:          0 kB
CommitLimit:      949752 kB
Committed_AS:   12505124 kB
VmallocTotal:     245760 kB
VmallocUsed:       51808 kB
VmallocChunk:      75648 kB
1557662229.033190
MemTotal:        1899508 kB
MemFree:           42656 kB
Buffers:            1004 kB
Cached:           120728 kB
SwapCached:            0 kB
Active:          1523768 kB
Inactive:          58468 kB
Active(anon):    1464092 kB
Inactive(anon):     2480 kB
Active(file):      59676 kB
Inactive(file):    55988 kB
Unevictable:        1940 kB
Mlocked:               0 kB
HighTotal:       1158144 kB
HighFree:           1496 kB
LowTotal:         741364 kB
LowFree:           41160 kB
SwapTotal:             0 kB
SwapFree:              0 kB
Dirty:                36 kB
Writeback:             0 kB
AnonPages:       1462232 kB
Mapped:           114984 kB
Shmem:              4044 kB
Slab:              33828 kB
SReclaimable:      12056 kB
SUnreclaim:        21772 kB
KernelStack:        6112 kB
PageTables:        11984 kB
NFS_Unstable:          0 kB
Bounce:                0 kB
WritebackTmp:          0 kB
CommitLimit:      949752 kB
Committed_AS:   12508208 kB
VmallocTotal:     245760 kB
VmallocUsed:       51808 kB
VmallocChunk:      75648 kB
1557662229.640221
MemTotal:        1899508 kB
MemFree:           44940 kB
Buffers:            1020 kB
Cached:           119692 kB
SwapCached:            0 kB
Active:          1523108 kB
Inactive:          56684 kB
Active(anon):    1462764 kB
Inactive(anon):     2480 kB
Active(file):      60344 kB
Inactive(file):    54204 kB
Unevictable:        1940 kB
Mlocked:               0 kB
HighTotal:       1158144 kB
HighFree:           1756 kB
LowTotal:         741364 kB
LowFree:           43184 kB
SwapTotal:             0 kB
SwapFree:              0 kB
Dirty:                36 kB
Writeback:             0 kB
AnonPages:       1461552 kB
Mapped:           113492 kB
Shmem:              4044 kB
Slab:              34020 kB
SReclaimable:      12056 kB
SUnreclaim:        21964 kB
KernelStack:        6112 kB
PageTables:        11684 kB
NFS_Unstable:          0 kB
Bounce:                0 kB
WritebackTmp:          0 kB
CommitLimit:      949752 kB
Committed_AS:   11941712 kB
VmallocTotal:     245760 kB
VmallocUsed:       50788 kB
VmallocChunk:      75648 kB
1557662230.268301
MemTotal:        1899508 kB
MemFree:           40100 kB
Buffers:            1020 kB
Cached:           118400 kB
SwapCached:            0 kB
Active:          1526432 kB
Inactive:          56120 kB
Active(anon):    1466788 kB
Inactive(anon):     2480 kB
Active(file):      59644 kB
Inactive(file):    53640 kB
Unevictable:        1940 kB
Mlocked:               0 kB
HighTotal:       1158144 kB
HighFree:            544 kB
LowTotal:         741364 kB
LowFree:           39556 kB
SwapTotal:             0 kB
SwapFree:              0 kB
Dirty:                36 kB
Writeback:             0 kB
AnonPages:       1465208 kB
Mapped:           112816 kB
Shmem:              4044 kB
Slab:              34500 kB
SReclaimable:      12056 kB
SUnreclaim:        22444 kB
KernelStack:        6016 kB
PageTables:        11912 kB
NFS_Unstable:          0 kB
Bounce:                0 kB
WritebackTmp:          0 kB
CommitLimit:      949752 kB
Committed_AS:   13168552 kB
VmallocTotal:     245760 kB
VmallocUsed:       51808 kB
VmallocChunk:      75648 kB
1557662230.902172
MemTotal:        1899508 kB
MemFree:           39792 kB
Buffers:            1028 kB
Cached:           115952 kB
SwapCached:            0 kB
Active:          1528852 kB
Inactive:          56412 kB
Active(anon):    1472100 kB
Inactive(anon):     2856 kB
Active(file):      56752 kB
Inactive(file):    53556 kB
Unevictable:        1940 kB
Mlocked:               0 kB
HighTotal:       1158144 kB
HighFree:            680 kB
LowTotal:         741364 kB
LowFree:           39112 kB
SwapTotal:             0 kB
SwapFree:              0 kB
Dirty:                 0 kB
Writeback:             8 kB
AnonPages:       1470496 kB
Mapped:           110868 kB
Shmem:              4540 kB
Slab:              33924 kB
SReclaimable:      12056 kB
SUnreclaim:        21868 kB
KernelStack:        6000 kB
PageTables:        11992 kB
NFS_Unstable:          0 kB
Bounce:                0 kB
WritebackTmp:          0 kB
CommitLimit:      949752 kB
Committed_AS:   12515392 kB
VmallocTotal:     245760 kB
VmallocUsed:       51808 kB
VmallocChunk:      75648 kB
1557662231.549485
MemTotal:        1899508 kB
MemFree:           44668 kB
Buffers:            1044 kB
Cached:           108200 kB
SwapCached:            0 kB
Active:          1527164 kB
Inactive:          53112 kB
Active(anon):    1474676 kB
Inactive(anon):     2936 kB
Active(file):      52488 kB
Inactive(file):    50176 kB
Unevictable:        1940 kB
Mlocked:               0 kB
HighTotal:       1158144 kB
HighFree:           1764 kB
LowTotal:         741364 kB
LowFree:           42904 kB
SwapTotal:             0 kB
SwapFree:              0 kB
Dirty:                 0 kB
Writeback:             0 kB
AnonPages:       1473320 kB
Mapped:           110012 kB
Shmem:              4612 kB
Slab:              34052 kB
SReclaimable:      12056 kB
SUnreclaim:        21996 kB
KernelStack:        6096 kB
PageTables:        12004 kB
NFS_Unstable:          0 kB
Bounce:                0 kB
WritebackTmp:          0 kB
CommitLimit:      949752 kB
Committed_AS:   12524688 kB
VmallocTotal:     245760 kB
VmallocUsed:       51808 kB
VmallocChunk:      75648 kB
1557662232.126514
MemTotal:        1899508 kB
MemFree:           41200 kB
Buffers:             668 kB
Cached:           110080 kB
SwapCached:            0 kB
Active:          1529296 kB
Inactive:          55784 kB
Active(anon):    1477968 kB
Inactive(anon):     2936 kB
Active(file):      51328 kB
Inactive(file):    52848 kB
Unevictable:        1940 kB
Mlocked:               0 kB
HighTotal:       1158144 kB
HighFree:           1032 kB
LowTotal:         741364 kB
LowFree:           40168 kB
SwapTotal:             0 kB
SwapFree:              0 kB
Dirty:                36 kB
Writeback:             0 kB
AnonPages:       1476384 kB
Mapped:           110052 kB
Shmem:              4612 kB
Slab:              33924 kB
SReclaimable:      12056 kB
SUnreclaim:        21868 kB
KernelStack:        6080 kB
PageTables:        12024 kB
NFS_Unstable:          0 kB
Bounce:                0 kB
WritebackTmp:          0 kB
CommitLimit:      949752 kB
Committed_AS:   12525516 kB
VmallocTotal:     245760 kB
VmallocUsed:       51808 kB
VmallocChunk:      75648 kB
1557662232.815047
MemTotal:        1899508 kB
MemFree:           58832 kB
Buffers:             656 kB
Cached:           111452 kB
SwapCached:            0 kB
Active:          1509140 kB
Inactive:          57152 kB
Active(anon):    1457896 kB
Inactive(anon):     2936 kB
Active(file):      51244 kB
Inactive(file):    54216 kB
Unevictable:        1940 kB
Mlocked:               0 kB
HighTotal:       1158144 kB
HighFree:          18132 kB
LowTotal:         741364 kB
LowFree:           40700 kB
SwapTotal:             0 kB
SwapFree:              0 kB
Dirty:                36 kB
Writeback:             0 kB
AnonPages:       1456336 kB
Mapped:           109876 kB
Shmem:              4612 kB
Slab:              34116 kB
SReclaimable:      12056 kB
SUnreclaim:        22060 kB
KernelStack:        6080 kB
PageTables:        12124 kB
NFS_Unstable:          0 kB
Bounce:                0 kB
WritebackTmp:          0 kB
CommitLimit:      949752 kB
Committed_AS:   12525728 kB
VmallocTotal:     245760 kB
VmallocUsed:       51808 kB
VmallocChunk:      75648 kB
1557662233.413052
MemTotal:        1899508 kB
MemFree:           50032 kB
Buffers:             400 kB
Cached:           116448 kB
SwapCached:            0 kB
Active:          1512344 kB
Inactive:          62492 kB
Active(anon):    1461780 kB
Inactive(anon):     2936 kB
Active(file):      50564 kB
Inactive(file):    59556 kB
Unevictable:        1940 kB
Mlocked:               0 kB
HighTotal:       1158144 kB
HighFree:           6368 kB
LowTotal:         741364 kB
LowFree:           43664 kB
SwapTotal:             0 kB
SwapFree:              0 kB
Dirty:                40 kB
Writeback:             0 kB
AnonPages:       1460136 kB
Mapped:           110392 kB
Shmem:              4612 kB
Slab:              34052 kB
SReclaimable:      12056 kB
SUnreclaim:        21996 kB
KernelStack:        6104 kB
PageTables:        12060 kB
NFS_Unstable:          0 kB
Bounce:                0 kB
WritebackTmp:          0 kB
CommitLimit:      949752 kB
Committed_AS:   12526664 kB
VmallocTotal:     245760 kB
VmallocUsed:       51808 kB
VmallocChunk:      75648 kB
1557662233.993042
MemTotal:        1899508 kB
MemFree:           44960 kB
Buffers:             592 kB
Cached:           120408 kB
SwapCached:            0 kB
Active:          1515252 kB
Inactive:          65400 kB
Active(anon):    1463360 kB
Inactive(anon):     2936 kB
Active(file):      51892 kB
Inactive(file):    62464 kB
Unevictable:        1940 kB
Mlocked:               0 kB
HighTotal:       1158144 kB
HighFree:           1944 kB
LowTotal:         741364 kB
LowFree:           43016 kB
SwapTotal:             0 kB
SwapFree:              0 kB
Dirty:                76 kB
Writeback:             0 kB
AnonPages:       1461788 kB
Mapped:           110164 kB
Shmem:              4612 kB
Slab:              34024 kB
SReclaimable:      12056 kB
SUnreclaim:        21968 kB
KernelStack:        6208 kB
PageTables:        12456 kB
NFS_Unstable:          0 kB
Bounce:                0 kB
WritebackTmp:          0 kB
CommitLimit:      949752 kB
Committed_AS:   13749964 kB
VmallocTotal:     245760 kB
VmallocUsed:       52828 kB
VmallocChunk:      75648 kB
1557662234.573819
MemTotal:        1899508 kB
MemFree:           40876 kB
Buffers:             596 kB
Cached:           120936 kB
SwapCached:            0 kB
Active:          1518896 kB
Inactive:          65096 kB
Active(anon):    1466396 kB
Inactive(anon):     2936 kB
Active(file):      52500 kB
Inactive(file):    62160 kB
Unevictable:        1940 kB
Mlocked:               0 kB
HighTotal:       1158144 kB
HighFree:            776 kB
LowTotal:         741364 kB
LowFree:           40100 kB
SwapTotal:             0 kB
SwapFree:              0 kB
Dirty:                76 kB
Writeback:             0 kB
AnonPages:       1464772 kB
Mapped:           111140 kB
Shmem:              4612 kB
Slab:              34024 kB
SReclaimable:      12056 kB
SUnreclaim:        21968 kB
KernelStack:        6208 kB
PageTables:        12456 kB
NFS_Unstable:          0 kB
Bounce:                0 kB
WritebackTmp:          0 kB
CommitLimit:      949752 kB
Committed_AS:   13099068 kB
VmallocTotal:     245760 kB
VmallocUsed:       52828 kB
VmallocChunk:      75648 kB
1557662235.140587
MemTotal:        1899508 kB
MemFree:           40696 kB
Buffers:             612 kB
Cached:           117144 kB
SwapCached:            0 kB
Active:          1523920 kB
Inactive:          59892 kB
Active(anon):    1469964 kB
Inactive(anon):     2940 kB
Active(file):      53956 kB
Inactive(file):    56952 kB
Unevictable:        1940 kB
Mlocked:               0 kB
HighTotal:       1158144 kB
HighFree:            780 kB
LowTotal:         741364 kB
LowFree:           39916 kB
SwapTotal:             0 kB
SwapFree:              0 kB
Dirty:                12 kB
Writeback:             0 kB
AnonPages:       1468384 kB
Mapped:           109248 kB
Shmem:              4616 kB
Slab:              34024 kB
SReclaimable:      12056 kB
SUnreclaim:        21968 kB
KernelStack:        6272 kB
PageTables:        12848 kB
NFS_Unstable:          0 kB
Bounce:                0 kB
WritebackTmp:          0 kB
CommitLimit:      949752 kB
Committed_AS:   14322344 kB
VmallocTotal:     245760 kB
VmallocUsed:       53848 kB
VmallocChunk:      75648 kB
1557662235.748957
MemTotal:        1899508 kB
MemFree:           46200 kB
Buffers:             604 kB
Cached:           119288 kB
SwapCached:            0 kB
Active:          1520016 kB
Inactive:          59116 kB
Active(anon):    1463028 kB
Inactive(anon):     2940 kB
Active(file):      56988 kB
Inactive(file):    56176 kB
Unevictable:        1940 kB
Mlocked:               0 kB
HighTotal:       1158144 kB
HighFree:           2904 kB
LowTotal:         741364 kB
LowFree:           43296 kB
SwapTotal:             0 kB
SwapFree:              0 kB
Dirty:                12 kB
Writeback:             0 kB
AnonPages:       1461368 kB
Mapped:           105512 kB
Shmem:              4616 kB
Slab:              34024 kB
SReclaimable:      12056 kB
SUnreclaim:        21968 kB
KernelStack:        6272 kB
PageTables:        12148 kB
NFS_Unstable:          0 kB
Bounce:                0 kB
WritebackTmp:          0 kB
CommitLimit:      949752 kB
Committed_AS:   12528540 kB
VmallocTotal:     245760 kB
VmallocUsed:       51808 kB
VmallocChunk:      75648 kB
1557662236.315501
MemTotal:        1899508 kB
MemFree:           44464 kB
Buffers:             604 kB
Cached:           118508 kB
SwapCached:            0 kB
Active:          1523180 kB
Inactive:          58492 kB
Active(anon):    1466212 kB
Inactive(anon):     2936 kB
Active(file):      56968 kB
Inactive(file):    55556 kB
Unevictable:        1940 kB
Mlocked:               0 kB
HighTotal:       1158144 kB
HighFree:           1940 kB
LowTotal:         741364 kB
LowFree:           42524 kB
SwapTotal:             0 kB
SwapFree:              0 kB
Dirty:                 0 kB
Writeback:             0 kB
AnonPages:       1464608 kB
Mapped:           105244 kB
Shmem:              4612 kB
Slab:              34024 kB
SReclaimable:      12056 kB
SUnreclaim:        21968 kB
KernelStack:        6128 kB
PageTables:        12116 kB
NFS_Unstable:          0 kB
Bounce:                0 kB
WritebackTmp:          0 kB
CommitLimit:      949752 kB
Committed_AS:   12529028 kB
VmallocTotal:     245760 kB
VmallocUsed:       51808 kB
VmallocChunk:      75648 kB
1557662236.888193
MemTotal:        1899508 kB
MemFree:           45504 kB
Buffers:             612 kB
Cached:           117580 kB
SwapCached:            0 kB
Active:          1521996 kB
Inactive:          58284 kB
Active(anon):    1465684 kB
Inactive(anon):     2936 kB
Active(file):      56312 kB
Inactive(file):    55348 kB
Unevictable:        1940 kB
Mlocked:               0 kB
HighTotal:       1158144 kB
HighFree:           2572 kB
LowTotal:         741364 kB
LowFree:           42932 kB
SwapTotal:             0 kB
SwapFree:              0 kB
Dirty:                 0 kB
Writeback:             0 kB
AnonPages:       1464032 kB
Mapped:           105244 kB
Shmem:              4612 kB
Slab:              34312 kB
SReclaimable:      12056 kB
SUnreclaim:        22256 kB
KernelStack:        6128 kB
PageTables:        12116 kB
NFS_Unstable:          0 kB
Bounce:                0 kB
WritebackTmp:          0 kB
CommitLimit:      949752 kB
Committed_AS:   12524480 kB
VmallocTotal:     245760 kB
VmallocUsed:       51808 kB
VmallocChunk:      75648 kB
1557662237.538045
MemTotal:        1899508 kB
MemFree:           45192 kB
Buffers:             612 kB
Cached:           115980 kB
SwapCached:            0 kB
Active:          1523204 kB
Inactive:          57888 kB
Active(anon):    1468004 kB
Inactive(anon):     2932 kB
Active(file):      55200 kB
Inactive(file):    54956 kB
Unevictable:        1940 kB
Mlocked:               0 kB
HighTotal:       1158144 kB
HighFree:           3448 kB
LowTotal:         741364 kB
LowFree:           41744 kB
SwapTotal:             0 kB
SwapFree:              0 kB
Dirty:                60 kB
Writeback:             0 kB
AnonPages:       1466300 kB
Mapped:           105284 kB
Shmem:              4612 kB
Slab:              33704 kB
SReclaimable:      12056 kB
SUnreclaim:        21648 kB
KernelStack:        6144 kB
PageTables:        12136 kB
NFS_Unstable:          0 kB
Bounce:                0 kB
WritebackTmp:          0 kB
CommitLimit:      949752 kB
Committed_AS:   12524484 kB
VmallocTotal:     245760 kB
VmallocUsed:       51808 kB
VmallocChunk:      75648 kB
1557662238.108354
MemTotal:        1899508 kB
MemFree:           46092 kB
Buffers:             604 kB
Cached:           115192 kB
SwapCached:            0 kB
Active:          1522652 kB
Inactive:          57392 kB
Active(anon):    1467936 kB
Inactive(anon):     2932 kB
Active(file):      54716 kB
Inactive(file):    54460 kB
Unevictable:        1940 kB
Mlocked:               0 kB
HighTotal:       1158144 kB
HighFree:           3976 kB
LowTotal:         741364 kB
LowFree:           42116 kB
SwapTotal:             0 kB
SwapFree:              0 kB
Dirty:                60 kB
Writeback:             0 kB
AnonPages:       1466256 kB
Mapped:           105284 kB
Shmem:              4612 kB
Slab:              33672 kB
SReclaimable:      12056 kB
SUnreclaim:        21616 kB
KernelStack:        6152 kB
PageTables:        12140 kB
NFS_Unstable:          0 kB
Bounce:                0 kB
WritebackTmp:          0 kB
CommitLimit:      949752 kB
Committed_AS:   12524464 kB
VmallocTotal:     245760 kB
VmallocUsed:       51808 kB
VmallocChunk:      75648 kB
1557662238.683578
MemTotal:        1899508 kB
MemFree:           51376 kB
Buffers:             604 kB
Cached:           114768 kB
SwapCached:            0 kB
Active:          1518692 kB
Inactive:          56736 kB
Active(anon):    1463824 kB
Inactive(anon):     2932 kB
Active(file):      54868 kB
Inactive(file):    53804 kB
Unevictable:        1940 kB
Mlocked:               0 kB
HighTotal:       1158144 kB
HighFree:           7288 kB
LowTotal:         741364 kB
LowFree:           44088 kB
SwapTotal:             0 kB
SwapFree:              0 kB
Dirty:                60 kB
Writeback:             0 kB
AnonPages:       1462080 kB
Mapped:            99388 kB
Shmem:              4612 kB
Slab:              33672 kB
SReclaimable:      12056 kB
SUnreclaim:        21616 kB
KernelStack:        6152 kB
PageTables:        11740 kB
NFS_Unstable:          0 kB
Bounce:                0 kB
WritebackTmp:          0 kB
CommitLimit:      949752 kB
Committed_AS:   11955512 kB
VmallocTotal:     245760 kB
VmallocUsed:       50788 kB
VmallocChunk:      75648 kB
1557662239.258238
MemTotal:        1899508 kB
MemFree:           72148 kB
Buffers:             604 kB
Cached:           114864 kB
SwapCached:            0 kB
Active:          1497844 kB
Inactive:          56904 kB
Active(anon):    1442900 kB
Inactive(anon):     2932 kB
Active(file):      54944 kB
Inactive(file):    53972 kB
Unevictable:        1940 kB
Mlocked:               0 kB
HighTotal:       1158144 kB
HighFree:          13424 kB
LowTotal:         741364 kB
LowFree:           58724 kB
SwapTotal:             0 kB
SwapFree:              0 kB
Dirty:                60 kB
Writeback:             0 kB
AnonPages:       1441268 kB
Mapped:            99364 kB
Shmem:              4612 kB
Slab:              33672 kB
SReclaimable:      12056 kB
SUnreclaim:        21616 kB
KernelStack:        6016 kB
PageTables:        11664 kB
NFS_Unstable:          0 kB
Bounce:                0 kB
WritebackTmp:          0 kB
CommitLimit:      949752 kB
Committed_AS:   11954684 kB
VmallocTotal:     245760 kB
VmallocUsed:       50788 kB
VmallocChunk:      75648 kB
1557662239.831594
MemTotal:        1899508 kB
MemFree:           72060 kB
Buffers:             604 kB
Cached:           114864 kB
SwapCached:            0 kB
Active:          1497844 kB
Inactive:          56904 kB
Active(anon):    1442900 kB
Inactive(anon):     2932 kB
Active(file):      54944 kB
Inactive(file):    53972 kB
Unevictable:        1940 kB
Mlocked:               0 kB
HighTotal:       1158144 kB
HighFree:          13416 kB
LowTotal:         741364 kB
LowFree:           58644 kB
SwapTotal:             0 kB
SwapFree:              0 kB
Dirty:                60 kB
Writeback:             0 kB
AnonPages:       1441144 kB
Mapped:            99364 kB
Shmem:              4612 kB
Slab:              33672 kB
SReclaimable:      12056 kB
SUnreclaim:        21616 kB
KernelStack:        6016 kB
PageTables:        11664 kB
NFS_Unstable:          0 kB
Bounce:                0 kB
WritebackTmp:          0 kB
CommitLimit:      949752 kB
Committed_AS:   11954716 kB
VmallocTotal:     245760 kB
VmallocUsed:       50788 kB
VmallocChunk:      75648 kB
1557662240.397750
MemTotal:        1899508 kB
MemFree:           68892 kB
Buffers:             604 kB
Cached:           114864 kB
SwapCached:            0 kB
Active:          1500704 kB
Inactive:          56904 kB
Active(anon):    1445760 kB
Inactive(anon):     2932 kB
Active(file):      54944 kB
Inactive(file):    53972 kB
Unevictable:        1940 kB
Mlocked:               0 kB
HighTotal:       1158144 kB
HighFree:          10292 kB
LowTotal:         741364 kB
LowFree:           58600 kB
SwapTotal:             0 kB
SwapFree:              0 kB
Dirty:                60 kB
Writeback:             0 kB
AnonPages:       1444072 kB
Mapped:            99360 kB
Shmem:              4612 kB
Slab:              33672 kB
SReclaimable:      12056 kB
SUnreclaim:        21616 kB
KernelStack:        6016 kB
PageTables:        11660 kB
NFS_Unstable:          0 kB
Bounce:                0 kB
WritebackTmp:          0 kB
CommitLimit:      949752 kB
Committed_AS:   11954860 kB
VmallocTotal:     245760 kB
VmallocUsed:       50788 kB
VmallocChunk:      75648 kB
1557662240.967505
MemTotal:        1899508 kB
MemFree:           64768 kB
Buffers:             604 kB
Cached:           116972 kB
SwapCached:            0 kB
Active:          1502820 kB
Inactive:          58876 kB
Active(anon):    1447808 kB
Inactive(anon):     2932 kB
Active(file):      55012 kB
Inactive(file):    55944 kB
Unevictable:        1940 kB
Mlocked:               0 kB
HighTotal:       1158144 kB
HighFree:           6472 kB
LowTotal:         741364 kB
LowFree:           58296 kB
SwapTotal:             0 kB
SwapFree:              0 kB
Dirty:                60 kB
Writeback:             0 kB
AnonPages:       1446300 kB
Mapped:           100012 kB
Shmem:              4612 kB
Slab:              33608 kB
SReclaimable:      12056 kB
SUnreclaim:        21552 kB
KernelStack:        6024 kB
PageTables:        12012 kB
NFS_Unstable:          0 kB
Bounce:                0 kB
WritebackTmp:          0 kB
CommitLimit:      949752 kB
Committed_AS:   12522768 kB
VmallocTotal:     245760 kB
VmallocUsed:       51808 kB
VmallocChunk:      75648 kB
1557662241.565379
MemTotal:        1899508 kB
MemFree:           58124 kB
Buffers:             628 kB
Cached:           122476 kB
SwapCached:            0 kB
Active:          1504552 kB
Inactive:          64204 kB
Active(anon):    1449472 kB
Inactive(anon):     2932 kB
Active(file):      55080 kB
Inactive(file):    61272 kB
Unevictable:        1940 kB
Mlocked:               0 kB
HighTotal:       1158144 kB
HighFree:           1760 kB
LowTotal:         741364 kB
LowFree:           56364 kB
SwapTotal:             0 kB
SwapFree:              0 kB
Dirty:                60 kB
Writeback:             0 kB
AnonPages:       1447820 kB
Mapped:           100796 kB
Shmem:              4612 kB
Slab:              33896 kB
SReclaimable:      12056 kB
SUnreclaim:        21840 kB
KernelStack:        6104 kB
PageTables:        12044 kB
NFS_Unstable:          0 kB
Bounce:                0 kB
WritebackTmp:          0 kB
CommitLimit:      949752 kB
Committed_AS:   12523204 kB
VmallocTotal:     245760 kB
VmallocUsed:       51808 kB
VmallocChunk:      75648 kB
1557662242.140822
MemTotal:        1899508 kB
MemFree:           55124 kB
Buffers:             628 kB
Cached:           125304 kB
SwapCached:            0 kB
Active:          1505024 kB
Inactive:          66980 kB
Active(anon):    1449692 kB
Inactive(anon):     2932 kB
Active(file):      55332 kB
Inactive(file):    64048 kB
Unevictable:        1940 kB
Mlocked:               0 kB
HighTotal:       1158144 kB
HighFree:           1820 kB
LowTotal:         741364 kB
LowFree:           53304 kB
SwapTotal:             0 kB
SwapFree:              0 kB
Dirty:                32 kB
Writeback:             0 kB
AnonPages:       1448164 kB
Mapped:            96332 kB
Shmem:              4612 kB
Slab:              33792 kB
SReclaimable:      12056 kB
SUnreclaim:        21736 kB
KernelStack:        6128 kB
PageTables:        12040 kB
NFS_Unstable:          0 kB
Bounce:                0 kB
WritebackTmp:          0 kB
CommitLimit:      949752 kB
Committed_AS:   12523464 kB
VmallocTotal:     245760 kB
VmallocUsed:       51808 kB
VmallocChunk:      75648 kB
1557662242.705513
MemTotal:        1899508 kB
MemFree:           54644 kB
Buffers:             628 kB
Cached:           125404 kB
SwapCached:            0 kB
Active:          1505160 kB
Inactive:          67048 kB
Active(anon):    1449828 kB
Inactive(anon):     2932 kB
Active(file):      55332 kB
Inactive(file):    64116 kB
Unevictable:        1940 kB
Mlocked:               0 kB
HighTotal:       1158144 kB
HighFree:           1820 kB
LowTotal:         741364 kB
LowFree:           52824 kB
SwapTotal:             0 kB
SwapFree:              0 kB
Dirty:                32 kB
Writeback:             0 kB
