MemTotal:        1899508 kB
MemFree:           46144 kB
Buffers:            1212 kB
Cached:           250820 kB
SwapCached:            0 kB
Active:          1461876 kB
Inactive:         173012 kB
Active(anon):    1384860 kB
Inactive(anon):     4160 kB
Active(file):      77016 kB
Inactive(file):   168852 kB
Unevictable:        1940 kB
Mlocked:               0 kB
HighTotal:       1158144 kB
HighFree:           2940 kB
LowTotal:         741364 kB
LowFree:           43204 kB
SwapTotal:             0 kB
SwapFree:              0 kB
Dirty:                 0 kB
Writeback:             0 kB
AnonPages:       1384836 kB
Mapped:           123868 kB
Shmem:              4220 kB
Slab:              33488 kB
SReclaimable:      11908 kB
SUnreclaim:        21580 kB
KernelStack:        6712 kB
PageTables:        14184 kB
NFS_Unstable:          0 kB
Bounce:                0 kB
WritebackTmp:          0 kB
CommitLimit:      949752 kB
Committed_AS:   17627724 kB
VmallocTotal:     245760 kB
VmallocUsed:       56240 kB
VmallocChunk:      75648 kB
1557736834.248891
MemTotal:        1899508 kB
MemFree:           46132 kB
Buffers:            1212 kB
Cached:           250828 kB
SwapCached:            0 kB
Active:          1461560 kB
Inactive:         173000 kB
Active(anon):    1384524 kB
Inactive(anon):     4160 kB
Active(file):      77036 kB
Inactive(file):   168840 kB
Unevictable:        1940 kB
Mlocked:               0 kB
HighTotal:       1158144 kB
HighFree:           3140 kB
LowTotal:         741364 kB
LowFree:           42992 kB
SwapTotal:             0 kB
SwapFree:              0 kB
Dirty:                52 kB
Writeback:             0 kB
AnonPages:       1384424 kB
Mapped:           123908 kB
Shmem:              4220 kB
Slab:              33488 kB
SReclaimable:      11908 kB
SUnreclaim:        21580 kB
KernelStack:        6664 kB
PageTables:        14192 kB
NFS_Unstable:          0 kB
Bounce:                0 kB
WritebackTmp:          0 kB
CommitLimit:      949752 kB
Committed_AS:   17624032 kB
VmallocTotal:     245760 kB
VmallocUsed:       56240 kB
VmallocChunk:      75648 kB
1557736834.976658
MemTotal:        1899508 kB
MemFree:           46560 kB
Buffers:            1212 kB
Cached:           250828 kB
SwapCached:            0 kB
Active:          1461620 kB
Inactive:         173000 kB
Active(anon):    1384584 kB
Inactive(anon):     4160 kB
Active(file):      77036 kB
Inactive(file):   168840 kB
Unevictable:        1940 kB
Mlocked:               0 kB
HighTotal:       1158144 kB
HighFree:           3320 kB
LowTotal:         741364 kB
LowFree:           43240 kB
SwapTotal:             0 kB
SwapFree:              0 kB
Dirty:                52 kB
Writeback:             0 kB
AnonPages:       1384580 kB
Mapped:           123848 kB
Shmem:              4220 kB
Slab:              33484 kB
SReclaimable:      11908 kB
SUnreclaim:        21576 kB
KernelStack:        6664 kB
PageTables:        14192 kB
NFS_Unstable:          0 kB
Bounce:                0 kB
WritebackTmp:          0 kB
CommitLimit:      949752 kB
Committed_AS:   17624084 kB
VmallocTotal:     245760 kB
VmallocUsed:       56240 kB
VmallocChunk:      75648 kB
1557736835.788825
MemTotal:        1899508 kB
MemFree:           46528 kB
Buffers:            1212 kB
Cached:           250828 kB
SwapCached:            0 kB
Active:          1461664 kB
Inactive:         173000 kB
Active(anon):    1384628 kB
Inactive(anon):     4160 kB
Active(file):      77036 kB
Inactive(file):   168840 kB
Unevictable:        1940 kB
Mlocked:               0 kB
HighTotal:       1158144 kB
HighFree:           3288 kB
LowTotal:         741364 kB
LowFree:           43240 kB
SwapTotal:             0 kB
SwapFree:              0 kB
Dirty:                52 kB
Writeback:             0 kB
AnonPages:       1384580 kB
Mapped:           123848 kB
Shmem:              4220 kB
Slab:              33484 kB
SReclaimable:      11908 kB
SUnreclaim:        21576 kB
KernelStack:        6664 kB
PageTables:        14192 kB
NFS_Unstable:          0 kB
Bounce:                0 kB
WritebackTmp:          0 kB
CommitLimit:      949752 kB
Committed_AS:   17624124 kB
VmallocTotal:     245760 kB
VmallocUsed:       56240 kB
VmallocChunk:      75648 kB
1557736836.495860
MemTotal:        1899508 kB
MemFree:           46364 kB
Buffers:            1212 kB
Cached:           250828 kB
SwapCached:            0 kB
Active:          1461836 kB
Inactive:         173000 kB
Active(anon):    1384800 kB
Inactive(anon):     4160 kB
Active(file):      77036 kB
Inactive(file):   168840 kB
Unevictable:        1940 kB
Mlocked:               0 kB
HighTotal:       1158144 kB
HighFree:           3108 kB
LowTotal:         741364 kB
LowFree:           43256 kB
SwapTotal:             0 kB
SwapFree:              0 kB
Dirty:                52 kB
Writeback:             0 kB
AnonPages:       1384776 kB
Mapped:           123864 kB
Shmem:              4220 kB
Slab:              33484 kB
SReclaimable:      11908 kB
SUnreclaim:        21576 kB
KernelStack:        6680 kB
PageTables:        14204 kB
NFS_Unstable:          0 kB
Bounce:                0 kB
WritebackTmp:          0 kB
CommitLimit:      949752 kB
Committed_AS:   17625364 kB
VmallocTotal:     245760 kB
VmallocUsed:       56240 kB
VmallocChunk:      75648 kB
1557736837.253698
MemTotal:        1899508 kB
MemFree:           45596 kB
Buffers:            1096 kB
Cached:           235600 kB
SwapCached:            0 kB
Active:          1468136 kB
Inactive:         153172 kB
Active(anon):    1386972 kB
Inactive(anon):     3880 kB
Active(file):      81164 kB
Inactive(file):   149292 kB
Unevictable:        1940 kB
Mlocked:               0 kB
HighTotal:       1158144 kB
HighFree:           4256 kB
LowTotal:         741364 kB
LowFree:           41340 kB
SwapTotal:             0 kB
SwapFree:              0 kB
Dirty:                 0 kB
Writeback:             0 kB
AnonPages:       1386892 kB
Mapped:           119488 kB
Shmem:              3976 kB
Slab:              33484 kB
SReclaimable:      11908 kB
SUnreclaim:        21576 kB
KernelStack:        6888 kB
PageTables:        14284 kB
NFS_Unstable:          0 kB
Bounce:                0 kB
WritebackTmp:          0 kB
CommitLimit:      949752 kB
Committed_AS:   17625868 kB
VmallocTotal:     245760 kB
VmallocUsed:       56356 kB
VmallocChunk:      75648 kB
1557736837.927597
MemTotal:        1899508 kB
MemFree:           46068 kB
Buffers:            1096 kB
Cached:           235492 kB
SwapCached:            0 kB
Active:          1468496 kB
Inactive:         153152 kB
Active(anon):    1387060 kB
Inactive(anon):     3904 kB
Active(file):      81436 kB
Inactive(file):   149248 kB
Unevictable:        1940 kB
Mlocked:               0 kB
HighTotal:       1158144 kB
HighFree:           4200 kB
LowTotal:         741364 kB
LowFree:           41868 kB
SwapTotal:             0 kB
SwapFree:              0 kB
Dirty:                 0 kB
Writeback:             0 kB
AnonPages:       1387120 kB
Mapped:           119692 kB
Shmem:              3960 kB
Slab:              33460 kB
SReclaimable:      11908 kB
SUnreclaim:        21552 kB
KernelStack:        6712 kB
PageTables:        14196 kB
NFS_Unstable:          0 kB
Bounce:                0 kB
WritebackTmp:          0 kB
CommitLimit:      949752 kB
Committed_AS:   17626160 kB
VmallocTotal:     245760 kB
VmallocUsed:       56356 kB
VmallocChunk:      75648 kB
1557736838.716554
MemTotal:        1899508 kB
MemFree:           53204 kB
Buffers:            1188 kB
Cached:           242076 kB
SwapCached:            0 kB
Active:          1475280 kB
Inactive:         157196 kB
Active(anon):    1391748 kB
Inactive(anon):     3904 kB
Active(file):      83532 kB
Inactive(file):   153292 kB
Unevictable:        1940 kB
Mlocked:               0 kB
HighTotal:       1158144 kB
HighFree:           5748 kB
LowTotal:         741364 kB
LowFree:           47456 kB
SwapTotal:             0 kB
SwapFree:              0 kB
Dirty:                 0 kB
Writeback:             0 kB
AnonPages:       1391964 kB
Mapped:           126984 kB
Shmem:              3960 kB
Slab:              33528 kB
SReclaimable:      11908 kB
SUnreclaim:        21620 kB
KernelStack:        6848 kB
PageTables:        14644 kB
NFS_Unstable:          0 kB
Bounce:                0 kB
WritebackTmp:          0 kB
CommitLimit:      949752 kB
Committed_AS:   18212036 kB
VmallocTotal:     245760 kB
VmallocUsed:       57248 kB
VmallocChunk:      75648 kB
1557736839.403218
MemTotal:        1899508 kB
MemFree:           44120 kB
Buffers:            1336 kB
Cached:           223652 kB
SwapCached:            0 kB
Active:          1507920 kB
Inactive:         127624 kB
Active(anon):    1412636 kB
Inactive(anon):     3456 kB
Active(file):      95284 kB
Inactive(file):   124168 kB
Unevictable:        1940 kB
Mlocked:               0 kB
HighTotal:       1158144 kB
HighFree:           1740 kB
LowTotal:         741364 kB
LowFree:           42380 kB
SwapTotal:             0 kB
SwapFree:              0 kB
Dirty:                 0 kB
Writeback:            68 kB
AnonPages:       1412908 kB
Mapped:           144084 kB
Shmem:              3628 kB
Slab:              33556 kB
SReclaimable:      11908 kB
SUnreclaim:        21648 kB
KernelStack:        6896 kB
PageTables:        14980 kB
NFS_Unstable:          0 kB
Bounce:                0 kB
WritebackTmp:          0 kB
CommitLimit:      949752 kB
Committed_AS:   18234120 kB
VmallocTotal:     245760 kB
VmallocUsed:       57452 kB
VmallocChunk:      75648 kB
1557736840.429246
MemTotal:        1899508 kB
MemFree:           40640 kB
Buffers:            1116 kB
Cached:           208588 kB
SwapCached:            0 kB
Active:          1516476 kB
Inactive:         109192 kB
Active(anon):    1418348 kB
Inactive(anon):     3400 kB
Active(file):      98128 kB
Inactive(file):   105792 kB
Unevictable:        1940 kB
Mlocked:               0 kB
HighTotal:       1158144 kB
HighFree:            864 kB
LowTotal:         741364 kB
LowFree:           39776 kB
SwapTotal:             0 kB
SwapFree:              0 kB
Dirty:                 0 kB
Writeback:           116 kB
AnonPages:       1418464 kB
Mapped:           144692 kB
Shmem:              3456 kB
Slab:              33556 kB
SReclaimable:      11896 kB
SUnreclaim:        21660 kB
KernelStack:        7104 kB
PageTables:        15152 kB
NFS_Unstable:          0 kB
Bounce:                0 kB
WritebackTmp:          0 kB
CommitLimit:      949752 kB
Committed_AS:   18241092 kB
VmallocTotal:     245760 kB
VmallocUsed:       57488 kB
VmallocChunk:      75648 kB
1557736841.321356
MemTotal:        1899508 kB
MemFree:           40856 kB
Buffers:            1072 kB
Cached:           191256 kB
SwapCached:            0 kB
Active:          1538148 kB
Inactive:          95536 kB
Active(anon):    1443424 kB
Inactive(anon):     3404 kB
Active(file):      94724 kB
Inactive(file):    92132 kB
Unevictable:        1940 kB
Mlocked:               0 kB
HighTotal:       1158144 kB
HighFree:            652 kB
LowTotal:         741364 kB
LowFree:           40204 kB
SwapTotal:             0 kB
SwapFree:              0 kB
Dirty:                 0 kB
Writeback:           148 kB
AnonPages:       1443916 kB
Mapped:           148620 kB
Shmem:              3460 kB
Slab:              33508 kB
SReclaimable:      11896 kB
SUnreclaim:        21612 kB
KernelStack:        7240 kB
PageTables:        15032 kB
NFS_Unstable:          0 kB
Bounce:                0 kB
WritebackTmp:          0 kB
CommitLimit:      949752 kB
Committed_AS:   18275408 kB
VmallocTotal:     245760 kB
VmallocUsed:       57480 kB
VmallocChunk:      75648 kB
1557736842.338050
MemTotal:        1899508 kB
MemFree:           70452 kB
Buffers:            1020 kB
Cached:           186952 kB
SwapCached:            0 kB
Active:          1515600 kB
Inactive:          92988 kB
Active(anon):    1422656 kB
Inactive(anon):     3412 kB
Active(file):      92944 kB
Inactive(file):    89576 kB
Unevictable:        1940 kB
Mlocked:               0 kB
HighTotal:       1158144 kB
HighFree:           8460 kB
LowTotal:         741364 kB
LowFree:           61992 kB
SwapTotal:             0 kB
SwapFree:              0 kB
Dirty:               252 kB
Writeback:             0 kB
AnonPages:       1422600 kB
Mapped:           134764 kB
Shmem:              3468 kB
Slab:              33460 kB
SReclaimable:      11896 kB
SUnreclaim:        21564 kB
KernelStack:        6824 kB
PageTables:        13584 kB
NFS_Unstable:          0 kB
Bounce:                0 kB
WritebackTmp:          0 kB
CommitLimit:      949752 kB
Committed_AS:   15911232 kB
VmallocTotal:     245760 kB
VmallocUsed:       54420 kB
VmallocChunk:      75648 kB
1557736843.328700
MemTotal:        1899508 kB
MemFree:           69600 kB
Buffers:            1040 kB
Cached:           187464 kB
SwapCached:            0 kB
Active:          1517364 kB
Inactive:          93628 kB
Active(anon):    1424440 kB
Inactive(anon):     3412 kB
Active(file):      92924 kB
Inactive(file):    90216 kB
Unevictable:        1940 kB
Mlocked:               0 kB
HighTotal:       1158144 kB
HighFree:           6184 kB
LowTotal:         741364 kB
LowFree:           63416 kB
SwapTotal:             0 kB
SwapFree:              0 kB
Dirty:               388 kB
Writeback:             0 kB
AnonPages:       1424300 kB
Mapped:           135104 kB
Shmem:              3468 kB
Slab:              33436 kB
SReclaimable:      11900 kB
SUnreclaim:        21536 kB
KernelStack:        6608 kB
PageTables:        13656 kB
NFS_Unstable:          0 kB
Bounce:                0 kB
WritebackTmp:          0 kB
CommitLimit:      949752 kB
Committed_AS:   15911952 kB
VmallocTotal:     245760 kB
VmallocUsed:       54420 kB
VmallocChunk:      75648 kB
1557736844.162505
MemTotal:        1899508 kB
MemFree:           70748 kB
Buffers:            1040 kB
Cached:           187856 kB
SwapCached:            0 kB
Active:          1516024 kB
Inactive:          93872 kB
Active(anon):    1423080 kB
Inactive(anon):     3412 kB
Active(file):      92944 kB
Inactive(file):    90460 kB
Unevictable:        1940 kB
Mlocked:               0 kB
HighTotal:       1158144 kB
HighFree:           6616 kB
LowTotal:         741364 kB
LowFree:           64132 kB
SwapTotal:             0 kB
SwapFree:              0 kB
Dirty:               380 kB
Writeback:             0 kB
AnonPages:       1423096 kB
Mapped:           135156 kB
Shmem:              3468 kB
Slab:              33436 kB
SReclaimable:      11900 kB
SUnreclaim:        21536 kB
KernelStack:        6504 kB
PageTables:        13580 kB
NFS_Unstable:          0 kB
Bounce:                0 kB
WritebackTmp:          0 kB
CommitLimit:      949752 kB
Committed_AS:   15911876 kB
VmallocTotal:     245760 kB
VmallocUsed:       54420 kB
VmallocChunk:      75648 kB
1557736845.044003
MemTotal:        1899508 kB
MemFree:           73680 kB
Buffers:            1040 kB
Cached:           188168 kB
SwapCached:            0 kB
Active:          1511568 kB
Inactive:          94264 kB
Active(anon):    1418624 kB
Inactive(anon):     3412 kB
Active(file):      92944 kB
Inactive(file):    90852 kB
Unevictable:        1940 kB
Mlocked:               0 kB
HighTotal:       1158144 kB
HighFree:           4860 kB
LowTotal:         741364 kB
LowFree:           68820 kB
SwapTotal:             0 kB
SwapFree:              0 kB
Dirty:               384 kB
Writeback:             0 kB
AnonPages:       1418592 kB
Mapped:           135180 kB
Shmem:              3468 kB
Slab:              33432 kB
SReclaimable:      11900 kB
SUnreclaim:        21532 kB
KernelStack:        6536 kB
PageTables:        13788 kB
NFS_Unstable:          0 kB
Bounce:                0 kB
WritebackTmp:          0 kB
CommitLimit:      949752 kB
Committed_AS:   15912992 kB
VmallocTotal:     245760 kB
VmallocUsed:       54420 kB
VmallocChunk:      75648 kB
1557736845.923978
MemTotal:        1899508 kB
MemFree:           48236 kB
Buffers:            1040 kB
Cached:           193224 kB
SwapCached:            0 kB
Active:          1514452 kB
Inactive:          98860 kB
Active(anon):    1421048 kB
Inactive(anon):     3420 kB
Active(file):      93404 kB
Inactive(file):    95440 kB
Unevictable:        1940 kB
Mlocked:               0 kB
HighTotal:       1158144 kB
HighFree:           1752 kB
LowTotal:         741364 kB
LowFree:           46484 kB
SwapTotal:             0 kB
SwapFree:              0 kB
Dirty:               400 kB
Writeback:             0 kB
AnonPages:       1421160 kB
Mapped:           145672 kB
Shmem:              3476 kB
Slab:              33400 kB
SReclaimable:      11900 kB
SUnreclaim:        21500 kB
KernelStack:        6536 kB
PageTables:        13848 kB
NFS_Unstable:          0 kB
Bounce:                0 kB
WritebackTmp:          0 kB
CommitLimit:      949752 kB
Committed_AS:   15913976 kB
VmallocTotal:     245760 kB
VmallocUsed:       54516 kB
VmallocChunk:      75648 kB
1557736846.922826
MemTotal:        1899508 kB
MemFree:           45928 kB
Buffers:            1020 kB
Cached:           187540 kB
SwapCached:            0 kB
Active:          1519056 kB
Inactive:          98204 kB
Active(anon):    1430940 kB
Inactive(anon):     3420 kB
Active(file):      88116 kB
Inactive(file):    94784 kB
Unevictable:        1940 kB
Mlocked:               0 kB
HighTotal:       1158144 kB
HighFree:           3008 kB
LowTotal:         741364 kB
LowFree:           42920 kB
SwapTotal:             0 kB
SwapFree:              0 kB
Dirty:               216 kB
Writeback:            76 kB
AnonPages:       1430884 kB
Mapped:           143604 kB
Shmem:              3476 kB
Slab:              33464 kB
SReclaimable:      11976 kB
SUnreclaim:        21488 kB
KernelStack:        6680 kB
PageTables:        14244 kB
NFS_Unstable:          0 kB
Bounce:                0 kB
WritebackTmp:          0 kB
CommitLimit:      949752 kB
Committed_AS:   17142956 kB
VmallocTotal:     245760 kB
VmallocUsed:       55536 kB
VmallocChunk:      75648 kB
1557736848.112492
MemTotal:        1899508 kB
MemFree:           41944 kB
Buffers:             556 kB
Cached:           149408 kB
SwapCached:            0 kB
Active:          1534044 kB
Inactive:          73080 kB
Active(anon):    1459392 kB
Inactive(anon):     3420 kB
Active(file):      74652 kB
Inactive(file):    69660 kB
Unevictable:        1940 kB
Mlocked:               0 kB
HighTotal:       1158144 kB
HighFree:           1728 kB
LowTotal:         741364 kB
LowFree:           40216 kB
SwapTotal:             0 kB
SwapFree:              0 kB
Dirty:                 4 kB
Writeback:             0 kB
AnonPages:       1459212 kB
Mapped:           148308 kB
Shmem:              3476 kB
Slab:              33400 kB
SReclaimable:      11980 kB
SUnreclaim:        21420 kB
KernelStack:        6840 kB
PageTables:        13184 kB
NFS_Unstable:          0 kB
Bounce:                0 kB
WritebackTmp:          0 kB
CommitLimit:      949752 kB
Committed_AS:   15472512 kB
VmallocTotal:     245760 kB
VmallocUsed:       52680 kB
VmallocChunk:      75648 kB
1557736849.071505
MemTotal:        1899508 kB
MemFree:           71340 kB
Buffers:             692 kB
Cached:           132556 kB
SwapCached:            0 kB
Active:          1508596 kB
Inactive:          66040 kB
Active(anon):    1443504 kB
Inactive(anon):     3420 kB
Active(file):      65092 kB
Inactive(file):    62620 kB
Unevictable:        1940 kB
Mlocked:               0 kB
HighTotal:       1158144 kB
HighFree:          13884 kB
LowTotal:         741364 kB
LowFree:           57456 kB
SwapTotal:             0 kB
SwapFree:              0 kB
Dirty:               156 kB
Writeback:             0 kB
AnonPages:       1443496 kB
Mapped:           153248 kB
Shmem:              3476 kB
Slab:              33304 kB
SReclaimable:      11980 kB
SUnreclaim:        21324 kB
KernelStack:        6464 kB
PageTables:        12572 kB
NFS_Unstable:          0 kB
Bounce:                0 kB
WritebackTmp:          0 kB
CommitLimit:      949752 kB
Committed_AS:   14226056 kB
VmallocTotal:     245760 kB
VmallocUsed:       51640 kB
VmallocChunk:      75648 kB
1557736849.888750
MemTotal:        1899508 kB
MemFree:           68980 kB
Buffers:             744 kB
Cached:           134864 kB
SwapCached:            0 kB
Active:          1508488 kB
Inactive:          68372 kB
Active(anon):    1443284 kB
Inactive(anon):     3416 kB
Active(file):      65204 kB
Inactive(file):    64956 kB
Unevictable:        1940 kB
Mlocked:               0 kB
HighTotal:       1158144 kB
HighFree:          11352 kB
LowTotal:         741364 kB
LowFree:           57628 kB
SwapTotal:             0 kB
SwapFree:              0 kB
Dirty:               220 kB
Writeback:             4 kB
AnonPages:       1443204 kB
Mapped:           153648 kB
Shmem:              3472 kB
Slab:              33272 kB
SReclaimable:      11980 kB
SUnreclaim:        21292 kB
KernelStack:        6376 kB
PageTables:        12572 kB
NFS_Unstable:          0 kB
Bounce:                0 kB
WritebackTmp:          0 kB
CommitLimit:      949752 kB
Committed_AS:   14226148 kB
VmallocTotal:     245760 kB
VmallocUsed:       51640 kB
VmallocChunk:      75648 kB
1557736850.912185
MemTotal:        1899508 kB
MemFree:           44596 kB
Buffers:             600 kB
Cached:           143220 kB
SwapCached:            0 kB
Active:          1507300 kB
Inactive:          74408 kB
Active(anon):    1439920 kB
Inactive(anon):     3416 kB
Active(file):      67380 kB
Inactive(file):    70992 kB
Unevictable:        1940 kB
Mlocked:               0 kB
HighTotal:       1158144 kB
HighFree:           4660 kB
LowTotal:         741364 kB
LowFree:           39936 kB
SwapTotal:             0 kB
SwapFree:              0 kB
Dirty:                 0 kB
Writeback:             0 kB
AnonPages:       1440108 kB
Mapped:           141556 kB
Shmem:              3472 kB
Slab:              33272 kB
SReclaimable:      11980 kB
SUnreclaim:        21292 kB
KernelStack:        6360 kB
PageTables:        12484 kB
NFS_Unstable:          0 kB
Bounce:                0 kB
WritebackTmp:          0 kB
CommitLimit:      949752 kB
Committed_AS:   13593228 kB
VmallocTotal:     245760 kB
VmallocUsed:       54064 kB
VmallocChunk:      75648 kB
1557736851.880296
MemTotal:        1899508 kB
MemFree:           60284 kB
Buffers:             440 kB
Cached:           106776 kB
SwapCached:            0 kB
Active:          1483780 kB
Inactive:          51040 kB
Active(anon):    1429704 kB
Inactive(anon):     3416 kB
Active(file):      54076 kB
Inactive(file):    47624 kB
Unevictable:        1940 kB
Mlocked:               0 kB
HighTotal:       1158144 kB
HighFree:          16168 kB
LowTotal:         741364 kB
LowFree:           44116 kB
SwapTotal:             0 kB
SwapFree:              0 kB
Dirty:                 0 kB
Writeback:             0 kB
AnonPages:       1429660 kB
Mapped:           123024 kB
Shmem:              3472 kB
Slab:              33048 kB
SReclaimable:      11968 kB
SUnreclaim:        21080 kB
KernelStack:        5912 kB
PageTables:        10956 kB
NFS_Unstable:          0 kB
Bounce:                0 kB
WritebackTmp:          0 kB
CommitLimit:      949752 kB
Committed_AS:   11299180 kB
VmallocTotal:     245760 kB
VmallocUsed:       47560 kB
VmallocChunk:      75648 kB
1557736852.811723
MemTotal:        1899508 kB
MemFree:           61588 kB
Buffers:             440 kB
Cached:           106548 kB
SwapCached:            0 kB
Active:          1487596 kB
Inactive:          47392 kB
Active(anon):    1429876 kB
Inactive(anon):     3416 kB
Active(file):      57720 kB
Inactive(file):    43976 kB
Unevictable:        1940 kB
Mlocked:               0 kB
HighTotal:       1158144 kB
HighFree:          16976 kB
LowTotal:         741364 kB
LowFree:           44612 kB
SwapTotal:             0 kB
SwapFree:              0 kB
Dirty:                 0 kB
Writeback:             0 kB
AnonPages:       1429872 kB
Mapped:           122876 kB
Shmem:              3472 kB
Slab:              33000 kB
SReclaimable:      11968 kB
SUnreclaim:        21032 kB
KernelStack:        5912 kB
PageTables:        10912 kB
NFS_Unstable:          0 kB
Bounce:                0 kB
WritebackTmp:          0 kB
CommitLimit:      949752 kB
Committed_AS:   11299784 kB
VmallocTotal:     245760 kB
VmallocUsed:       47560 kB
VmallocChunk:      75648 kB
1557736853.632098
MemTotal:        1899508 kB
MemFree:           62908 kB
Buffers:             444 kB
Cached:           106184 kB
SwapCached:            0 kB
Active:          1487064 kB
Inactive:          47484 kB
Active(anon):    1429920 kB
Inactive(anon):     3416 kB
Active(file):      57144 kB
Inactive(file):    44068 kB
Unevictable:        1940 kB
Mlocked:               0 kB
HighTotal:       1158144 kB
HighFree:          18072 kB
LowTotal:         741364 kB
LowFree:           44836 kB
SwapTotal:             0 kB
SwapFree:              0 kB
Dirty:                 0 kB
Writeback:             0 kB
AnonPages:       1429868 kB
Mapped:           122804 kB
Shmem:              3472 kB
Slab:              33000 kB
SReclaimable:      11968 kB
SUnreclaim:        21032 kB
KernelStack:        5912 kB
PageTables:        10912 kB
NFS_Unstable:          0 kB
Bounce:                0 kB
WritebackTmp:          0 kB
CommitLimit:      949752 kB
Committed_AS:   11299840 kB
VmallocTotal:     245760 kB
VmallocUsed:       47560 kB
VmallocChunk:      75648 kB
1557736854.547589
MemTotal:        1899508 kB
MemFree:           63492 kB
Buffers:             444 kB
Cached:           106240 kB
SwapCached:            0 kB
Active:          1487044 kB
Inactive:          47540 kB
Active(anon):    1429900 kB
Inactive(anon):     3416 kB
Active(file):      57144 kB
Inactive(file):    44124 kB
Unevictable:        1940 kB
Mlocked:               0 kB
HighTotal:       1158144 kB
HighFree:          18128 kB
LowTotal:         741364 kB
LowFree:           45364 kB
SwapTotal:             0 kB
SwapFree:              0 kB
Dirty:                 0 kB
Writeback:             0 kB
AnonPages:       1429916 kB
Mapped:           122820 kB
Shmem:              3472 kB
Slab:              32996 kB
SReclaimable:      11968 kB
SUnreclaim:        21028 kB
KernelStack:        5904 kB
PageTables:        10928 kB
NFS_Unstable:          0 kB
Bounce:                0 kB
WritebackTmp:          0 kB
CommitLimit:      949752 kB
Committed_AS:   11299896 kB
VmallocTotal:     245760 kB
VmallocUsed:       47560 kB
VmallocChunk:      75648 kB
1557736855.535737
MemTotal:        1899508 kB
MemFree:           96232 kB
Buffers:             444 kB
Cached:           106736 kB
SwapCached:            0 kB
Active:          1470932 kB
Inactive:          47960 kB
Active(anon):    1413788 kB
Inactive(anon):     3416 kB
Active(file):      57144 kB
Inactive(file):    44544 kB
Unevictable:        1940 kB
Mlocked:               0 kB
HighTotal:       1158144 kB
HighFree:          33772 kB
LowTotal:         741364 kB
LowFree:           62460 kB
SwapTotal:             0 kB
SwapFree:              0 kB
Dirty:                 0 kB
Writeback:             0 kB
AnonPages:       1413788 kB
Mapped:           105304 kB
Shmem:              3472 kB
Slab:              32996 kB
SReclaimable:      11968 kB
SUnreclaim:        21028 kB
KernelStack:        5904 kB
PageTables:        10828 kB
NFS_Unstable:          0 kB
Bounce:                0 kB
WritebackTmp:          0 kB
CommitLimit:      949752 kB
Committed_AS:   11300440 kB
VmallocTotal:     245760 kB
VmallocUsed:       47368 kB
VmallocChunk:      75648 kB
1557736856.386450
MemTotal:        1899508 kB
MemFree:           97984 kB
Buffers:             540 kB
Cached:           106808 kB
SwapCached:            0 kB
Active:          1469448 kB
Inactive:          48172 kB
Active(anon):    1412304 kB
Inactive(anon):     3416 kB
Active(file):      57144 kB
Inactive(file):    44756 kB
Unevictable:        1940 kB
Mlocked:               0 kB
HighTotal:       1158144 kB
HighFree:          34744 kB
LowTotal:         741364 kB
LowFree:           63240 kB
SwapTotal:             0 kB
SwapFree:              0 kB
Dirty:               100 kB
Writeback:             0 kB
AnonPages:       1412448 kB
Mapped:           105544 kB
Shmem:              3472 kB
Slab:              32992 kB
SReclaimable:      11968 kB
SUnreclaim:        21024 kB
KernelStack:        5856 kB
PageTables:        10944 kB
NFS_Unstable:          0 kB
Bounce:                0 kB
WritebackTmp:          0 kB
CommitLimit:      949752 kB
Committed_AS:   11300500 kB
VmallocTotal:     245760 kB
VmallocUsed:       47368 kB
VmallocChunk:      75648 kB
1557736857.327636
MemTotal:        1899508 kB
MemFree:           96384 kB
Buffers:             540 kB
Cached:           108420 kB
SwapCached:            0 kB
Active:          1469844 kB
Inactive:          49688 kB
Active(anon):    1412672 kB
Inactive(anon):     3416 kB
Active(file):      57172 kB
Inactive(file):    46272 kB
Unevictable:        1940 kB
Mlocked:               0 kB
HighTotal:       1158144 kB
HighFree:          33052 kB
LowTotal:         741364 kB
LowFree:           63332 kB
SwapTotal:             0 kB
SwapFree:              0 kB
Dirty:                72 kB
Writeback:             0 kB
AnonPages:       1412752 kB
Mapped:           105444 kB
Shmem:              3472 kB
Slab:              32988 kB
SReclaimable:      11964 kB
SUnreclaim:        21024 kB
KernelStack:        5880 kB
PageTables:        10844 kB
NFS_Unstable:          0 kB
Bounce:                0 kB
WritebackTmp:          0 kB
CommitLimit:      949752 kB
Committed_AS:   11301128 kB
VmallocTotal:     245760 kB
VmallocUsed:       47368 kB
VmallocChunk:      75648 kB
1557736858.195041
MemTotal:        1899508 kB
MemFree:           94740 kB
Buffers:             540 kB
Cached:           109960 kB
SwapCached:            0 kB
Active:          1469716 kB
Inactive:          51328 kB
Active(anon):    1412544 kB
Inactive(anon):     3416 kB
Active(file):      57172 kB
Inactive(file):    47912 kB
Unevictable:        1940 kB
Mlocked:               0 kB
HighTotal:       1158144 kB
HighFree:          31356 kB
LowTotal:         741364 kB
LowFree:           63384 kB
SwapTotal:             0 kB
SwapFree:              0 kB
Dirty:                72 kB
Writeback:             0 kB
AnonPages:       1412540 kB
Mapped:           105660 kB
Shmem:              3472 kB
Slab:              32980 kB
SReclaimable:      11964 kB
SUnreclaim:        21016 kB
KernelStack:        5920 kB
PageTables:        10916 kB
NFS_Unstable:          0 kB
Bounce:                0 kB
WritebackTmp:          0 kB
CommitLimit:      949752 kB
Committed_AS:   11300368 kB
VmallocTotal:     245760 kB
VmallocUsed:       47368 kB
VmallocChunk:      75648 kB
1557736859.041173
MemTotal:        1899508 kB
MemFree:           94708 kB
Buffers:             540 kB
Cached:           109960 kB
SwapCached:            0 kB
Active:          1470004 kB
Inactive:          51328 kB
Active(anon):    1412832 kB
Inactive(anon):     3416 kB
Active(file):      57172 kB
Inactive(file):    47912 kB
Unevictable:        1940 kB
Mlocked:               0 kB
HighTotal:       1158144 kB
HighFree:          31332 kB
LowTotal:         741364 kB
LowFree:           63376 kB
SwapTotal:             0 kB
SwapFree:              0 kB
Dirty:                72 kB
Writeback:             0 kB
AnonPages:       1412836 kB
Mapped:           105632 kB
Shmem:              3472 kB
Slab:              32980 kB
SReclaimable:      11964 kB
SUnreclaim:        21016 kB
KernelStack:        5816 kB
PageTables:        10760 kB
NFS_Unstable:          0 kB
Bounce:                0 kB
WritebackTmp:          0 kB
CommitLimit:      949752 kB
Committed_AS:   11300968 kB
VmallocTotal:     245760 kB
VmallocUsed:       47368 kB
VmallocChunk:      75648 kB
1557736859.947711
MemTotal:        1899508 kB
MemFree:           95072 kB
Buffers:             540 kB
Cached:           111580 kB
SwapCached:            0 kB
Active:          1467832 kB
Inactive:          52948 kB
Active(anon):    1410660 kB
Inactive(anon):     3416 kB
Active(file):      57172 kB
Inactive(file):    49532 kB
Unevictable:        1940 kB
Mlocked:               0 kB
HighTotal:       1158144 kB
HighFree:          30620 kB
LowTotal:         741364 kB
LowFree:           64452 kB
SwapTotal:             0 kB
SwapFree:              0 kB
Dirty:                72 kB
Writeback:             0 kB
AnonPages:       1410664 kB
Mapped:           106088 kB
Shmem:              3472 kB
Slab:              32980 kB
SReclaimable:      11964 kB
SUnreclaim:        21016 kB
KernelStack:        5872 kB
PageTables:        10760 kB
NFS_Unstable:          0 kB
Bounce:                0 kB
WritebackTmp:          0 kB
CommitLimit:      949752 kB
Committed_AS:   11301020 kB
VmallocTotal:     245760 kB
VmallocUsed:       47368 kB
VmallocChunk:      75648 kB
1557736860.865741
MemTotal:        1899508 kB
MemFree:           95200 kB
Buffers:             544 kB
Cached:           111576 kB
SwapCached:            0 kB
Active:          1467784 kB
Inactive:          52948 kB
Active(anon):    1410612 kB
Inactive(anon):     3416 kB
Active(file):      57172 kB
Inactive(file):    49532 kB
Unevictable:        1940 kB
Mlocked:               0 kB
HighTotal:       1158144 kB
HighFree:          30456 kB
LowTotal:         741364 kB
LowFree:           64744 kB
SwapTotal:             0 kB
SwapFree:              0 kB
Dirty:                 0 kB
Writeback:             0 kB
AnonPages:       1410536 kB
Mapped:           106008 kB
Shmem:              3472 kB
Slab:              32980 kB
SReclaimable:      11964 kB
SUnreclaim:        21016 kB
KernelStack:        5856 kB
PageTables:        10764 kB
NFS_Unstable:          0 kB
Bounce:                0 kB
WritebackTmp:          0 kB
CommitLimit:      949752 kB
Committed_AS:   11301072 kB
VmallocTotal:     245760 kB
VmallocUsed:       47368 kB
VmallocChunk:      75648 kB
1557736861.800001
MemTotal:        1899508 kB
MemFree:           95164 kB
Buffers:             552 kB
Cached:           111588 kB
SwapCached:            0 kB
Active:          1468320 kB
Inactive:          52960 kB
Active(anon):    1411148 kB
Inactive(anon):     3416 kB
Active(file):      57172 kB
Inactive(file):    49544 kB
Unevictable:        1940 kB
Mlocked:               0 kB
HighTotal:       1158144 kB
HighFree:          30084 kB
LowTotal:         741364 kB
LowFree:           65080 kB
SwapTotal:             0 kB
SwapFree:              0 kB
Dirty:                24 kB
Writeback:             0 kB
AnonPages:       1411132 kB
Mapped:           106048 kB
Shmem:              3472 kB
Slab:              32980 kB
SReclaimable:      11964 kB
SUnreclaim:        21016 kB
KernelStack:        5840 kB
PageTables:        10868 kB
NFS_Unstable:          0 kB
Bounce:                0 kB
WritebackTmp:          0 kB
CommitLimit:      949752 kB
Committed_AS:   11301696 kB
VmallocTotal:     245760 kB
VmallocUsed:       47368 kB
VmallocChunk:      75648 kB
1557736862.828161
MemTotal:        1899508 kB
MemFree:           69940 kB
Buffers:             564 kB
Cached:           133536 kB
SwapCached:            0 kB
Active:          1470804 kB
Inactive:          74616 kB
Active(anon):    1413472 kB
Inactive(anon):     3416 kB
Active(file):      57332 kB
Inactive(file):    71200 kB
Unevictable:        1940 kB
Mlocked:               0 kB
HighTotal:       1158144 kB
HighFree:           5620 kB
LowTotal:         741364 kB
LowFree:           64320 kB
SwapTotal:             0 kB
SwapFree:              0 kB
Dirty:                24 kB
Writeback:             0 kB
AnonPages:       1413448 kB
Mapped:           114388 kB
Shmem:              3472 kB
Slab:              32980 kB
SReclaimable:      11964 kB
SUnreclaim:        21016 kB
KernelStack:        5976 kB
PageTables:        11248 kB
NFS_Unstable:          0 kB
Bounce:                0 kB
WritebackTmp:          0 kB
CommitLimit:      949752 kB
Committed_AS:   11869504 kB
VmallocTotal:     245760 kB
VmallocUsed:       48388 kB
VmallocChunk:      75648 kB
1557736863.608156
MemTotal:        1899508 kB
MemFree:           43244 kB
Buffers:             816 kB
Cached:           153064 kB
SwapCached:            0 kB
Active:          1482020 kB
Inactive:          92948 kB
Active(anon):    1423276 kB
Inactive(anon):     3420 kB
Active(file):      58744 kB
Inactive(file):    89528 kB
Unevictable:        1940 kB
Mlocked:               0 kB
HighTotal:       1158144 kB
HighFree:           2664 kB
LowTotal:         741364 kB
LowFree:           40580 kB
SwapTotal:             0 kB
SwapFree:              0 kB
Dirty:                 0 kB
Writeback:             8 kB
AnonPages:       1423144 kB
Mapped:           120368 kB
Shmem:              3476 kB
Slab:              32980 kB
SReclaimable:      11964 kB
SUnreclaim:        21016 kB
KernelStack:        6096 kB
PageTables:        12088 kB
NFS_Unstable:          0 kB
Bounce:                0 kB
WritebackTmp:          0 kB
CommitLimit:      949752 kB
Committed_AS:   13012164 kB
VmallocTotal:     245760 kB
VmallocUsed:       50428 kB
VmallocChunk:      75648 kB
1557736864.519976
MemTotal:        1899508 kB
MemFree:           41668 kB
Buffers:             860 kB
Cached:           160764 kB
SwapCached:            0 kB
Active:          1497472 kB
Inactive:          95672 kB
Active(anon):    1433840 kB
Inactive(anon):     3420 kB
Active(file):      63632 kB
Inactive(file):    92252 kB
Unevictable:        1940 kB
Mlocked:               0 kB
HighTotal:       1158144 kB
HighFree:            864 kB
LowTotal:         741364 kB
LowFree:           40804 kB
SwapTotal:             0 kB
SwapFree:              0 kB
Dirty:                 0 kB
Writeback:             8 kB
AnonPages:       1433844 kB
Mapped:           124896 kB
Shmem:              3476 kB
Slab:              32980 kB
SReclaimable:      11964 kB
SUnreclaim:        21016 kB
KernelStack:        6232 kB
PageTables:        12936 kB
NFS_Unstable:          0 kB
Bounce:                0 kB
WritebackTmp:          0 kB
CommitLimit:      949752 kB
Committed_AS:   14153232 kB
VmallocTotal:     245760 kB
VmallocUsed:       52468 kB
VmallocChunk:      75648 kB
1557736865.448082
MemTotal:        1899508 kB
MemFree:           42364 kB
Buffers:             864 kB
Cached:           161864 kB
SwapCached:            0 kB
Active:          1501128 kB
Inactive:          95356 kB
Active(anon):    1435940 kB
Inactive(anon):     3420 kB
Active(file):      65188 kB
Inactive(file):    91936 kB
Unevictable:        1940 kB
Mlocked:               0 kB
HighTotal:       1158144 kB
HighFree:           1416 kB
LowTotal:         741364 kB
LowFree:           40948 kB
SwapTotal:             0 kB
SwapFree:              0 kB
Dirty:                44 kB
Writeback:            68 kB
AnonPages:       1435956 kB
Mapped:           124696 kB
Shmem:              3476 kB
Slab:              32964 kB
SReclaimable:      11948 kB
SUnreclaim:        21016 kB
KernelStack:        6352 kB
PageTables:        12956 kB
NFS_Unstable:          0 kB
Bounce:                0 kB
WritebackTmp:          0 kB
CommitLimit:      949752 kB
Committed_AS:   14153004 kB
VmallocTotal:     245760 kB
VmallocUsed:       52468 kB
VmallocChunk:      75648 kB
1557736866.280017
MemTotal:        1899508 kB
MemFree:           47388 kB
Buffers:             864 kB
Cached:           157904 kB
SwapCached:            0 kB
Active:          1502580 kB
Inactive:          90736 kB
Active(anon):    1436580 kB
Inactive(anon):     3420 kB
Active(file):      66000 kB
Inactive(file):    87316 kB
Unevictable:        1940 kB
Mlocked:               0 kB
HighTotal:       1158144 kB
HighFree:           3640 kB
LowTotal:         741364 kB
LowFree:           43748 kB
SwapTotal:             0 kB
SwapFree:              0 kB
Dirty:                84 kB
Writeback:             0 kB
AnonPages:       1436588 kB
Mapped:           124108 kB
Shmem:              3476 kB
Slab:              32952 kB
SReclaimable:      11944 kB
SUnreclaim:        21008 kB
KernelStack:        6360 kB
PageTables:        12952 kB
NFS_Unstable:          0 kB
Bounce:                0 kB
WritebackTmp:          0 kB
CommitLimit:      949752 kB
Committed_AS:   14153504 kB
VmallocTotal:     245760 kB
VmallocUsed:       52468 kB
VmallocChunk:      75648 kB
1557736867.184093
MemTotal:        1899508 kB
MemFree:           52972 kB
Buffers:             660 kB
Cached:           149712 kB
SwapCached:            0 kB
Active:          1500464 kB
Inactive:          77996 kB
Active(anon):    1430316 kB
Inactive(anon):     3420 kB
Active(file):      70148 kB
Inactive(file):    74576 kB
Unevictable:        1940 kB
Mlocked:               0 kB
HighTotal:       1158144 kB
HighFree:           5500 kB
LowTotal:         741364 kB
LowFree:           47472 kB
SwapTotal:             0 kB
SwapFree:              0 kB
Dirty:                32 kB
Writeback:             0 kB
AnonPages:       1430400 kB
Mapped:           128088 kB
Shmem:              3476 kB
Slab:              32944 kB
SReclaimable:      11944 kB
SUnreclaim:        21000 kB
KernelStack:        6224 kB
PageTables:        11352 kB
NFS_Unstable:          0 kB
Bounce:                0 kB
WritebackTmp:          0 kB
CommitLimit:      949752 kB
Committed_AS:   11870140 kB
VmallocTotal:     245760 kB
VmallocUsed:       48592 kB
VmallocChunk:      75648 kB
1557736868.289840
MemTotal:        1899508 kB
MemFree:           62052 kB
Buffers:             628 kB
Cached:           142236 kB
SwapCached:            0 kB
Active:          1498580 kB
Inactive:          72560 kB
Active(anon):    1430340 kB
Inactive(anon):     3416 kB
Active(file):      68240 kB
Inactive(file):    69144 kB
Unevictable:        1940 kB
Mlocked:               0 kB
HighTotal:       1158144 kB
HighFree:          11968 kB
LowTotal:         741364 kB
LowFree:           50084 kB
SwapTotal:             0 kB
SwapFree:              0 kB
Dirty:                 0 kB
Writeback:             0 kB
AnonPages:       1430316 kB
Mapped:           128240 kB
Shmem:              3472 kB
Slab:              32936 kB
SReclaimable:      11944 kB
SUnreclaim:        20992 kB
KernelStack:        6032 kB
PageTables:        11360 kB
NFS_Unstable:          0 kB
Bounce:                0 kB
WritebackTmp:          0 kB
CommitLimit:      949752 kB
Committed_AS:   11870280 kB
VmallocTotal:     245760 kB
VmallocUsed:       48592 kB
VmallocChunk:      75648 kB
1557736869.155993
MemTotal:        1899508 kB
MemFree:           48432 kB
Buffers:             528 kB
Cached:           100208 kB
SwapCached:            0 kB
Active:          1485376 kB
Inactive:          50260 kB
Active(anon):    1437076 kB
Inactive(anon):     4856 kB
Active(file):      48300 kB
Inactive(file):    45404 kB
Unevictable:        1940 kB
Mlocked:               0 kB
HighTotal:       1158144 kB
HighFree:           5040 kB
LowTotal:         741364 kB
LowFree:           43392 kB
SwapTotal:             0 kB
SwapFree:              0 kB
Dirty:                 0 kB
Writeback:             0 kB
AnonPages:       1437180 kB
Mapped:           127456 kB
Shmem:              4920 kB
Slab:              32936 kB
SReclaimable:      11944 kB
SUnreclaim:        20992 kB
KernelStack:        6056 kB
PageTables:        11472 kB
NFS_Unstable:          0 kB
Bounce:                0 kB
WritebackTmp:          0 kB
CommitLimit:      949752 kB
Committed_AS:   11909412 kB
VmallocTotal:     245760 kB
VmallocUsed:       51076 kB
VmallocChunk:      75648 kB
1557736870.340520
MemTotal:        1899508 kB
MemFree:           75192 kB
Buffers:             452 kB
Cached:            97496 kB
SwapCached:            0 kB
Active:          1460416 kB
Inactive:          50364 kB
Active(anon):    1414984 kB
Inactive(anon):     4896 kB
Active(file):      45432 kB
Inactive(file):    45468 kB
Unevictable:        1940 kB
Mlocked:               0 kB
HighTotal:       1158144 kB
HighFree:          18208 kB
LowTotal:         741364 kB
LowFree:           56984 kB
SwapTotal:             0 kB
SwapFree:              0 kB
Dirty:                 4 kB
Writeback:             0 kB
AnonPages:       1414908 kB
Mapped:           123168 kB
Shmem:              4960 kB
Slab:              32824 kB
SReclaimable:      11944 kB
SUnreclaim:        20880 kB
KernelStack:        6112 kB
PageTables:        10844 kB
NFS_Unstable:          0 kB
Bounce:                0 kB
WritebackTmp:          0 kB
CommitLimit:      949752 kB
Committed_AS:   11331928 kB
VmallocTotal:     245760 kB
VmallocUsed:       50056 kB
VmallocChunk:      75648 kB
1557736871.102919
MemTotal:        1899508 kB
MemFree:           72276 kB
Buffers:             472 kB
Cached:            98228 kB
SwapCached:            0 kB
Active:          1462900 kB
Inactive:          51280 kB
Active(anon):    1417512 kB
Inactive(anon):     5120 kB
Active(file):      45388 kB
Inactive(file):    46160 kB
Unevictable:        1940 kB
Mlocked:               0 kB
HighTotal:       1158144 kB
HighFree:          14372 kB
LowTotal:         741364 kB
LowFree:           57904 kB
SwapTotal:             0 kB
SwapFree:              0 kB
Dirty:               100 kB
Writeback:             0 kB
AnonPages:       1417372 kB
Mapped:           123612 kB
Shmem:              5332 kB
Slab:              32840 kB
SReclaimable:      11944 kB
SUnreclaim:        20896 kB
KernelStack:        5784 kB
PageTables:        10788 kB
NFS_Unstable:          0 kB
Bounce:                0 kB
WritebackTmp:          0 kB
CommitLimit:      949752 kB
Committed_AS:   11347300 kB
VmallocTotal:     245760 kB
VmallocUsed:       50056 kB
VmallocChunk:      75648 kB
1557736872.157449
MemTotal:        1899508 kB
MemFree:           69036 kB
Buffers:             472 kB
Cached:            99536 kB
SwapCached:            0 kB
Active:          1464940 kB
Inactive:          52328 kB
Active(anon):    1419552 kB
Inactive(anon):     5120 kB
Active(file):      45388 kB
Inactive(file):    47208 kB
Unevictable:        1940 kB
Mlocked:               0 kB
HighTotal:       1158144 kB
HighFree:          11340 kB
LowTotal:         741364 kB
LowFree:           57696 kB
SwapTotal:             0 kB
SwapFree:              0 kB
Dirty:               100 kB
Writeback:             0 kB
AnonPages:       1419496 kB
Mapped:           123812 kB
Shmem:              5276 kB
Slab:              32864 kB
SReclaimable:      11940 kB
SUnreclaim:        20924 kB
KernelStack:        5712 kB
PageTables:        11196 kB
NFS_Unstable:          0 kB
Bounce:                0 kB
WritebackTmp:          0 kB
CommitLimit:      949752 kB
Committed_AS:   11915216 kB
VmallocTotal:     245760 kB
VmallocUsed:       51076 kB
VmallocChunk:      75648 kB
1557736873.253250
MemTotal:        1899508 kB
MemFree:           71016 kB
Buffers:             472 kB
Cached:            99788 kB
SwapCached:            0 kB
Active:          1463752 kB
Inactive:          52676 kB
Active(anon):    1418352 kB
Inactive(anon):     5244 kB
Active(file):      45400 kB
Inactive(file):    47432 kB
Unevictable:        1940 kB
Mlocked:               0 kB
HighTotal:       1158144 kB
HighFree:          12108 kB
LowTotal:         741364 kB
LowFree:           58908 kB
SwapTotal:             0 kB
SwapFree:              0 kB
Dirty:               100 kB
Writeback:             0 kB
AnonPages:       1418276 kB
Mapped:           124020 kB
Shmem:              5444 kB
Slab:              32852 kB
SReclaimable:      11940 kB
SUnreclaim:        20912 kB
KernelStack:        5728 kB
PageTables:        11144 kB
NFS_Unstable:          0 kB
Bounce:                0 kB
WritebackTmp:          0 kB
CommitLimit:      949752 kB
Committed_AS:   11915500 kB
VmallocTotal:     245760 kB
VmallocUsed:       51076 kB
VmallocChunk:      75648 kB
1557736874.295568
MemTotal:        1899508 kB
MemFree:           84760 kB
Buffers:             472 kB
Cached:            99920 kB
SwapCached:            0 kB
Active:          1459944 kB
Inactive:          52768 kB
Active(anon):    1414544 kB
Inactive(anon):     5224 kB
Active(file):      45400 kB
Inactive(file):    47544 kB
Unevictable:        1940 kB
Mlocked:               0 kB
HighTotal:       1158144 kB
HighFree:          15472 kB
LowTotal:         741364 kB
LowFree:           69288 kB
SwapTotal:             0 kB
SwapFree:              0 kB
Dirty:                 0 kB
Writeback:             0 kB
AnonPages:       1414232 kB
Mapped:           113240 kB
Shmem:              5464 kB
Slab:              32852 kB
SReclaimable:      11940 kB
SUnreclaim:        20912 kB
KernelStack:        5728 kB
PageTables:        11148 kB
NFS_Unstable:          0 kB
Bounce:                0 kB
WritebackTmp:          0 kB
CommitLimit:      949752 kB
Committed_AS:   11916192 kB
VmallocTotal:     245760 kB
VmallocUsed:       50956 kB
VmallocChunk:      75648 kB
1557736875.324741
MemTotal:        1899508 kB
MemFree:           81888 kB
Buffers:             488 kB
Cached:            99908 kB
SwapCached:            0 kB
Active:          1462748 kB
Inactive:          52772 kB
Active(anon):    1417336 kB
Inactive(anon):     5212 kB
Active(file):      45412 kB
Inactive(file):    47560 kB
Unevictable:        1940 kB
Mlocked:               0 kB
HighTotal:       1158144 kB
HighFree:          12708 kB
LowTotal:         741364 kB
LowFree:           69180 kB
SwapTotal:             0 kB
SwapFree:              0 kB
Dirty:                52 kB
Writeback:             0 kB
AnonPages:       1417076 kB
Mapped:           113092 kB
Shmem:              5480 kB
Slab:              32848 kB
SReclaimable:      11940 kB
SUnreclaim:        20908 kB
KernelStack:        5816 kB
PageTables:        11168 kB
NFS_Unstable:          0 kB
Bounce:                0 kB
WritebackTmp:          0 kB
CommitLimit:      949752 kB
Committed_AS:   11916244 kB
VmallocTotal:     245760 kB
VmallocUsed:       50956 kB
VmallocChunk:      75648 kB
1557736876.492669
MemTotal:        1899508 kB
MemFree:           81424 kB
Buffers:             488 kB
Cached:           100376 kB
SwapCached:            0 kB
Active:          1463180 kB
Inactive:          53232 kB
Active(anon):    1417768 kB
Inactive(anon):     5212 kB
Active(file):      45412 kB
Inactive(file):    48020 kB
Unevictable:        1940 kB
Mlocked:               0 kB
HighTotal:       1158144 kB
HighFree:          12212 kB
LowTotal:         741364 kB
LowFree:           69212 kB
SwapTotal:             0 kB
SwapFree:              0 kB
Dirty:                52 kB
Writeback:             0 kB
AnonPages:       1417620 kB
Mapped:           113112 kB
Shmem:              5480 kB
Slab:              32912 kB
SReclaimable:      11940 kB
SUnreclaim:        20972 kB
KernelStack:        5800 kB
PageTables:        11164 kB
NFS_Unstable:          0 kB
Bounce:                0 kB
WritebackTmp:          0 kB
CommitLimit:      949752 kB
Committed_AS:   11916904 kB
VmallocTotal:     245760 kB
VmallocUsed:       50956 kB
VmallocChunk:      75648 kB
1557736877.596451
MemTotal:        1899508 kB
MemFree:           79168 kB
Buffers:             488 kB
Cached:           101744 kB
SwapCached:            0 kB
Active:          1463896 kB
Inactive:          54572 kB
Active(anon):    1418484 kB
Inactive(anon):     5212 kB
Active(file):      45412 kB
Inactive(file):    49360 kB
Unevictable:        1940 kB
Mlocked:               0 kB
HighTotal:       1158144 kB
HighFree:          10080 kB
LowTotal:         741364 kB
LowFree:           69088 kB
SwapTotal:             0 kB
SwapFree:              0 kB
Dirty:                52 kB
Writeback:             0 kB
AnonPages:       1418288 kB
Mapped:           114096 kB
Shmem:              5480 kB
Slab:              32912 kB
SReclaimable:      11940 kB
SUnreclaim:        20972 kB
KernelStack:        5800 kB
PageTables:        11172 kB
NFS_Unstable:          0 kB
Bounce:                0 kB
WritebackTmp:          0 kB
CommitLimit:      949752 kB
Committed_AS:   11917228 kB
VmallocTotal:     245760 kB
VmallocUsed:       50956 kB
VmallocChunk:      75648 kB
1557736878.573868
MemTotal:        1899508 kB
MemFree:           74488 kB
Buffers:             504 kB
Cached:           102380 kB
SwapCached:            0 kB
Active:          1467708 kB
Inactive:          55180 kB
Active(anon):    1422288 kB
Inactive(anon):     5212 kB
Active(file):      45420 kB
Inactive(file):    49968 kB
Unevictable:        1940 kB
Mlocked:               0 kB
HighTotal:       1158144 kB
HighFree:           5232 kB
LowTotal:         741364 kB
LowFree:           69256 kB
SwapTotal:             0 kB
SwapFree:              0 kB
Dirty:                52 kB
Writeback:             0 kB
AnonPages:       1422088 kB
Mapped:           114140 kB
Shmem:              5480 kB
Slab:              32912 kB
SReclaimable:      11940 kB
SUnreclaim:        20972 kB
KernelStack:        5824 kB
PageTables:        11184 kB
NFS_Unstable:          0 kB
Bounce:                0 kB
WritebackTmp:          0 kB
CommitLimit:      949752 kB
Committed_AS:   11917908 kB
VmallocTotal:     245760 kB
VmallocUsed:       50956 kB
VmallocChunk:      75648 kB
1557736879.680444
MemTotal:        1899508 kB
MemFree:           98196 kB
Buffers:             504 kB
Cached:           102340 kB
SwapCached:            0 kB
Active:          1456672 kB
Inactive:          55208 kB
Active(anon):    1411248 kB
Inactive(anon):     5212 kB
Active(file):      45424 kB
Inactive(file):    49996 kB
Unevictable:        1940 kB
Mlocked:               0 kB
HighTotal:       1158144 kB
HighFree:          12212 kB
LowTotal:         741364 kB
LowFree:           85984 kB
SwapTotal:             0 kB
SwapFree:              0 kB
Dirty:                56 kB
Writeback:             0 kB
AnonPages:       1410936 kB
Mapped:           102196 kB
Shmem:              5480 kB
Slab:              32912 kB
SReclaimable:      11940 kB
SUnreclaim:        20972 kB
KernelStack:        5768 kB
PageTables:        11148 kB
NFS_Unstable:          0 kB
Bounce:                0 kB
WritebackTmp:          0 kB
CommitLimit:      949752 kB
Committed_AS:   11917936 kB
VmallocTotal:     245760 kB
VmallocUsed:       50824 kB
VmallocChunk:      75648 kB
1557736880.677050
MemTotal:        1899508 kB
MemFree:           97276 kB
Buffers:             504 kB
Cached:           102340 kB
SwapCached:            0 kB
Active:          1457284 kB
Inactive:          55208 kB
Active(anon):    1411860 kB
Inactive(anon):     5212 kB
Active(file):      45424 kB
Inactive(file):    49996 kB
Unevictable:        1940 kB
Mlocked:               0 kB
HighTotal:       1158144 kB
HighFree:          11516 kB
LowTotal:         741364 kB
LowFree:           85760 kB
SwapTotal:             0 kB
SwapFree:              0 kB
Dirty:                 4 kB
Writeback:             0 kB
AnonPages:       1411636 kB
Mapped:           102188 kB
Shmem:              5480 kB
Slab:              32912 kB
SReclaimable:      11940 kB
SUnreclaim:        20972 kB
KernelStack:        5800 kB
PageTables:        11168 kB
NFS_Unstable:          0 kB
Bounce:                0 kB
WritebackTmp:          0 kB
CommitLimit:      949752 kB
Committed_AS:   11918616 kB
VmallocTotal:     245760 kB
VmallocUsed:       50824 kB
VmallocChunk:      75648 kB
1557736881.730933
MemTotal:        1899508 kB
MemFree:           98076 kB
Buffers:             504 kB
Cached:           102436 kB
SwapCached:            0 kB
Active:          1455776 kB
Inactive:          55304 kB
Active(anon):    1410352 kB
Inactive(anon):     5212 kB
Active(file):      45424 kB
Inactive(file):    50092 kB
Unevictable:        1940 kB
Mlocked:               0 kB
HighTotal:       1158144 kB
HighFree:          12060 kB
LowTotal:         741364 kB
LowFree:           86016 kB
SwapTotal:             0 kB
SwapFree:              0 kB
Dirty:                 4 kB
Writeback:             0 kB
AnonPages:       1410268 kB
Mapped:           102208 kB
Shmem:              5480 kB
Slab:              32912 kB
SReclaimable:      11940 kB
SUnreclaim:        20972 kB
KernelStack:        5800 kB
PageTables:        11276 kB
NFS_Unstable:          0 kB
Bounce:                0 kB
WritebackTmp:          0 kB
CommitLimit:      949752 kB
Committed_AS:   11918656 kB
VmallocTotal:     245760 kB
VmallocUsed:       50824 kB
VmallocChunk:      75648 kB
1557736882.762521
MemTotal:        1899508 kB
MemFree:           73040 kB
Buffers:             520 kB
Cached:           119592 kB
SwapCached:            0 kB
Active:          1463672 kB
Inactive:          71568 kB
Active(anon):    1417832 kB
Inactive(anon):     5212 kB
Active(file):      45840 kB
Inactive(file):    66356 kB
Unevictable:        1940 kB
Mlocked:               0 kB
HighTotal:       1158144 kB
HighFree:           1740 kB
LowTotal:         741364 kB
LowFree:           71300 kB
SwapTotal:             0 kB
SwapFree:              0 kB
Dirty:                 4 kB
Writeback:             0 kB
AnonPages:       1417908 kB
Mapped:           109616 kB
Shmem:              5480 kB
Slab:              32912 kB
SReclaimable:      11940 kB
SUnreclaim:        20972 kB
KernelStack:        5888 kB
PageTables:        11844 kB
NFS_Unstable:          0 kB
Bounce:                0 kB
WritebackTmp:          0 kB
CommitLimit:      949752 kB
Committed_AS:   13051276 kB
VmallocTotal:     245760 kB
VmallocUsed:       52864 kB
VmallocChunk:      75648 kB
1557736883.664291
MemTotal:        1899508 kB
MemFree:           52852 kB
Buffers:             460 kB
Cached:           135040 kB
SwapCached:            0 kB
Active:          1479136 kB
Inactive:          77412 kB
Active(anon):    1423300 kB
Inactive(anon):     5212 kB
Active(file):      55836 kB
Inactive(file):    72200 kB
Unevictable:        1940 kB
Mlocked:               0 kB
HighTotal:       1158144 kB
HighFree:           6264 kB
LowTotal:         741364 kB
LowFree:           46588 kB
SwapTotal:             0 kB
SwapFree:              0 kB
Dirty:                80 kB
Writeback:             0 kB
AnonPages:       1423076 kB
Mapped:           115776 kB
Shmem:              5480 kB
Slab:              32912 kB
SReclaimable:      11940 kB
SUnreclaim:        20972 kB
KernelStack:        6048 kB
PageTables:        12076 kB
NFS_Unstable:          0 kB
Bounce:                0 kB
WritebackTmp:          0 kB
CommitLimit:      949752 kB
Committed_AS:   13056316 kB
VmallocTotal:     245760 kB
VmallocUsed:       52864 kB
VmallocChunk:      75648 kB
1557736884.694898
MemTotal:        1899508 kB
MemFree:           41392 kB
Buffers:             368 kB
Cached:           138168 kB
SwapCached:            0 kB
Active:          1485704 kB
Inactive:          81500 kB
Active(anon):    1431544 kB
Inactive(anon):     5696 kB
Active(file):      54160 kB
Inactive(file):    75804 kB
Unevictable:        1940 kB
Mlocked:               0 kB
HighTotal:       1158144 kB
HighFree:           1164 kB
LowTotal:         741364 kB
LowFree:           40228 kB
SwapTotal:             0 kB
SwapFree:              0 kB
Dirty:                 0 kB
Writeback:             0 kB
AnonPages:       1431532 kB
Mapped:           116108 kB
Shmem:              6056 kB
Slab:              32908 kB
SReclaimable:      11932 kB
SUnreclaim:        20976 kB
KernelStack:        6088 kB
PageTables:        12484 kB
NFS_Unstable:          0 kB
Bounce:                0 kB
WritebackTmp:          0 kB
CommitLimit:      949752 kB
Committed_AS:   13628036 kB
VmallocTotal:     245760 kB
VmallocUsed:       53884 kB
VmallocChunk:      75648 kB
1557736885.775633
MemTotal:        1899508 kB
MemFree:           39916 kB
Buffers:             536 kB
Cached:           128152 kB
SwapCached:            0 kB
Active:          1500972 kB
Inactive:          68812 kB
Active(anon):    1443436 kB
Inactive(anon):     5720 kB
Active(file):      57536 kB
Inactive(file):    63092 kB
Unevictable:        1940 kB
Mlocked:               0 kB
HighTotal:       1158144 kB
HighFree:            420 kB
LowTotal:         741364 kB
LowFree:           39496 kB
SwapTotal:             0 kB
SwapFree:              0 kB
Dirty:                 0 kB
Writeback:             0 kB
AnonPages:       1443356 kB
Mapped:           117024 kB
Shmem:              6084 kB
Slab:              32904 kB
SReclaimable:      11932 kB
SUnreclaim:        20972 kB
KernelStack:        6184 kB
PageTables:        12656 kB
NFS_Unstable:          0 kB
Bounce:                0 kB
WritebackTmp:          0 kB
CommitLimit:      949752 kB
Committed_AS:   13635168 kB
VmallocTotal:     245760 kB
VmallocUsed:       53884 kB
VmallocChunk:      75648 kB
1557736886.864747
MemTotal:        1899508 kB
MemFree:           44380 kB
Buffers:             444 kB
Cached:           129896 kB
SwapCached:            0 kB
Active:          1495776 kB
Inactive:          69476 kB
Active(anon):    1437248 kB
Inactive(anon):     5696 kB
Active(file):      58528 kB
Inactive(file):    63780 kB
Unevictable:        1940 kB
Mlocked:               0 kB
HighTotal:       1158144 kB
HighFree:           1768 kB
LowTotal:         741364 kB
LowFree:           42612 kB
SwapTotal:             0 kB
SwapFree:              0 kB
Dirty:                60 kB
Writeback:             0 kB
AnonPages:       1437192 kB
Mapped:           108032 kB
Shmem:              6072 kB
Slab:              32904 kB
SReclaimable:      11932 kB
SUnreclaim:        20972 kB
KernelStack:        6328 kB
PageTables:        11904 kB
NFS_Unstable:          0 kB
Bounce:                0 kB
WritebackTmp:          0 kB
CommitLimit:      949752 kB
Committed_AS:   12495540 kB
VmallocTotal:     245760 kB
VmallocUsed:       51844 kB
VmallocChunk:      75648 kB
1557736887.855190
MemTotal:        1899508 kB
MemFree:           42240 kB
Buffers:             868 kB
Cached:           135848 kB
SwapCached:            0 kB
Active:          1496680 kB
Inactive:          71144 kB
Active(anon):    1433808 kB
Inactive(anon):     5696 kB
Active(file):      62872 kB
Inactive(file):    65448 kB
Unevictable:        1940 kB
Mlocked:               0 kB
HighTotal:       1158144 kB
HighFree:           1780 kB
LowTotal:         741364 kB
LowFree:           40460 kB
SwapTotal:             0 kB
SwapFree:              0 kB
Dirty:                 0 kB
Writeback:           148 kB
AnonPages:       1433528 kB
Mapped:           110564 kB
Shmem:              6060 kB
Slab:              32904 kB
SReclaimable:      11932 kB
SUnreclaim:        20972 kB
KernelStack:        6056 kB
PageTables:        11728 kB
NFS_Unstable:          0 kB
Bounce:                0 kB
WritebackTmp:          0 kB
CommitLimit:      949752 kB
Committed_AS:   12496216 kB
VmallocTotal:     245760 kB
VmallocUsed:       51844 kB
VmallocChunk:      75648 kB
1557736888.916320
MemTotal:        1899508 kB
MemFree:           40404 kB
Buffers:             672 kB
Cached:           130720 kB
SwapCached:            0 kB
Active:          1505220 kB
Inactive:          66032 kB
Active(anon):    1442384 kB
Inactive(anon):     5916 kB
Active(file):      62836 kB
Inactive(file):    60116 kB
Unevictable:        1940 kB
Mlocked:               0 kB
HighTotal:       1158144 kB
HighFree:            432 kB
LowTotal:         741364 kB
LowFree:           39972 kB
SwapTotal:             0 kB
SwapFree:              0 kB
Dirty:                 0 kB
Writeback:           148 kB
AnonPages:       1441988 kB
Mapped:           113836 kB
Shmem:              6240 kB
Slab:              32900 kB
SReclaimable:      11928 kB
SUnreclaim:        20972 kB
KernelStack:        6128 kB
PageTables:        12268 kB
NFS_Unstable:          0 kB
Bounce:                0 kB
WritebackTmp:          0 kB
CommitLimit:      949752 kB
Committed_AS:   13073212 kB
VmallocTotal:     245760 kB
VmallocUsed:       52864 kB
VmallocChunk:      75648 kB
1557736889.878016
MemTotal:        1899508 kB
MemFree:           40808 kB
Buffers:             436 kB
Cached:           120512 kB
SwapCached:            0 kB
Active:          1507300 kB
Inactive:          61872 kB
Active(anon):    1450864 kB
Inactive(anon):     5692 kB
Active(file):      56436 kB
Inactive(file):    56180 kB
Unevictable:        1940 kB
Mlocked:               0 kB
HighTotal:       1158144 kB
HighFree:            928 kB
LowTotal:         741364 kB
LowFree:           39880 kB
SwapTotal:             0 kB
SwapFree:              0 kB
Dirty:                 0 kB
Writeback:             0 kB
AnonPages:       1450752 kB
Mapped:           113180 kB
Shmem:              6056 kB
Slab:              32896 kB
SReclaimable:      11928 kB
SUnreclaim:        20968 kB
KernelStack:        6232 kB
PageTables:        12316 kB
NFS_Unstable:          0 kB
Bounce:                0 kB
WritebackTmp:          0 kB
CommitLimit:      949752 kB
Committed_AS:   13071392 kB
VmallocTotal:     245760 kB
VmallocUsed:       52864 kB
VmallocChunk:      75648 kB
1557736891.032840
MemTotal:        1899508 kB
MemFree:           46708 kB
Buffers:            1044 kB
Cached:           126212 kB
SwapCached:            0 kB
Active:          1498832 kB
Inactive:          63868 kB
Active(anon):    1438100 kB
Inactive(anon):     5684 kB
Active(file):      60732 kB
Inactive(file):    58184 kB
Unevictable:        1940 kB
Mlocked:               0 kB
HighTotal:       1158144 kB
HighFree:           1780 kB
LowTotal:         741364 kB
LowFree:           44928 kB
SwapTotal:             0 kB
SwapFree:              0 kB
Dirty:               248 kB
Writeback:             0 kB
AnonPages:       1438420 kB
Mapped:           106872 kB
Shmem:              6056 kB
Slab:              32908 kB
SReclaimable:      11908 kB
SUnreclaim:        21000 kB
KernelStack:        6160 kB
PageTables:        11972 kB
NFS_Unstable:          0 kB
Bounce:                0 kB
WritebackTmp:          0 kB
CommitLimit:      949752 kB
Committed_AS:   12500928 kB
VmallocTotal:     245760 kB
VmallocUsed:       51844 kB
VmallocChunk:      75648 kB
1557736891.993925
MemTotal:        1899508 kB
MemFree:           44448 kB
Buffers:            1000 kB
Cached:           128896 kB
SwapCached:            0 kB
Active:          1499372 kB
Inactive:          66192 kB
Active(anon):    1438108 kB
Inactive(anon):     5684 kB
Active(file):      61264 kB
Inactive(file):    60508 kB
Unevictable:        1940 kB
Mlocked:               0 kB
HighTotal:       1158144 kB
HighFree:           1724 kB
LowTotal:         741364 kB
LowFree:           42724 kB
SwapTotal:             0 kB
SwapFree:              0 kB
Dirty:                 0 kB
Writeback:             0 kB
AnonPages:       1437568 kB
Mapped:           106220 kB
Shmem:              6056 kB
Slab:              32960 kB
SReclaimable:      11904 kB
SUnreclaim:        21056 kB
KernelStack:        6152 kB
PageTables:        11680 kB
NFS_Unstable:          0 kB
Bounce:                0 kB
WritebackTmp:          0 kB
CommitLimit:      949752 kB
Committed_AS:   12500592 kB
VmallocTotal:     245760 kB
VmallocUsed:       51844 kB
VmallocChunk:      75648 kB
1557736893.063688
MemTotal:        1899508 kB
MemFree:           40712 kB
Buffers:             580 kB
Cached:           132420 kB
SwapCached:            0 kB
Active:          1502540 kB
Inactive:          67380 kB
Active(anon):    1439704 kB
Inactive(anon):     5820 kB
Active(file):      62836 kB
Inactive(file):    61560 kB
Unevictable:        1940 kB
Mlocked:               0 kB
HighTotal:       1158144 kB
HighFree:            628 kB
LowTotal:         741364 kB
LowFree:           40084 kB
SwapTotal:             0 kB
SwapFree:              0 kB
Dirty:                 0 kB
Writeback:             0 kB
AnonPages:       1439528 kB
Mapped:           107068 kB
Shmem:              6108 kB
Slab:              32928 kB
SReclaimable:      11904 kB
SUnreclaim:        21024 kB
KernelStack:        6128 kB
PageTables:        11836 kB
NFS_Unstable:          0 kB
Bounce:                0 kB
WritebackTmp:          0 kB
CommitLimit:      949752 kB
Committed_AS:   12505172 kB
VmallocTotal:     245760 kB
VmallocUsed:       51844 kB
VmallocChunk:      75648 kB
1557736894.088764
MemTotal:        1899508 kB
MemFree:           46560 kB
Buffers:             700 kB
Cached:           128116 kB
SwapCached:            0 kB
Active:          1496668 kB
Inactive:          67852 kB
Active(anon):    1438220 kB
Inactive(anon):     5764 kB
Active(file):      58448 kB
Inactive(file):    62088 kB
Unevictable:        1940 kB
Mlocked:               0 kB
HighTotal:       1158144 kB
HighFree:           1792 kB
LowTotal:         741364 kB
LowFree:           44768 kB
SwapTotal:             0 kB
SwapFree:              0 kB
Dirty:               104 kB
Writeback:             0 kB
AnonPages:       1438140 kB
Mapped:           107516 kB
Shmem:              6208 kB
Slab:              32928 kB
SReclaimable:      11904 kB
SUnreclaim:        21024 kB
KernelStack:        6144 kB
PageTables:        11804 kB
NFS_Unstable:          0 kB
Bounce:                0 kB
WritebackTmp:          0 kB
CommitLimit:      949752 kB
Committed_AS:   12505492 kB
VmallocTotal:     245760 kB
VmallocUsed:       51844 kB
VmallocChunk:      75648 kB
1557736895.055064
MemTotal:        1899508 kB
MemFree:           40568 kB
Buffers:             864 kB
Cached:           126920 kB
SwapCached:            0 kB
Active:          1502260 kB
Inactive:          67136 kB
Active(anon):    1444004 kB
Inactive(anon):     5732 kB
Active(file):      58256 kB
Inactive(file):    61404 kB
Unevictable:        1940 kB
Mlocked:               0 kB
HighTotal:       1158144 kB
HighFree:            888 kB
LowTotal:         741364 kB
LowFree:           39680 kB
SwapTotal:             0 kB
SwapFree:              0 kB
Dirty:               188 kB
Writeback:             0 kB
AnonPages:       1443620 kB
Mapped:           109024 kB
Shmem:              6080 kB
Slab:              32928 kB
SReclaimable:      11904 kB
SUnreclaim:        21024 kB
KernelStack:        6264 kB
PageTables:        12080 kB
NFS_Unstable:          0 kB
Bounce:                0 kB
WritebackTmp:          0 kB
CommitLimit:      949752 kB
Committed_AS:   13669944 kB
VmallocTotal:     245760 kB
VmallocUsed:       51844 kB
VmallocChunk:      75648 kB
1557736895.987761
MemTotal:        1899508 kB
MemFree:           41696 kB
Buffers:             980 kB
Cached:           127736 kB
SwapCached:            0 kB
Active:          1502012 kB
Inactive:          66732 kB
Active(anon):    1442504 kB
Inactive(anon):     5828 kB
Active(file):      59508 kB
Inactive(file):    60904 kB
Unevictable:        1940 kB
Mlocked:               0 kB
HighTotal:       1158144 kB
HighFree:            940 kB
LowTotal:         741364 kB
LowFree:           40756 kB
SwapTotal:             0 kB
SwapFree:              0 kB
Dirty:               204 kB
Writeback:             0 kB
AnonPages:       1442216 kB
Mapped:           108236 kB
Shmem:              6180 kB
Slab:              32928 kB
SReclaimable:      11904 kB
SUnreclaim:        21024 kB
KernelStack:        6128 kB
PageTables:        11824 kB
NFS_Unstable:          0 kB
Bounce:                0 kB
WritebackTmp:          0 kB
CommitLimit:      949752 kB
Committed_AS:   12502172 kB
VmallocTotal:     245760 kB
VmallocUsed:       51844 kB
VmallocChunk:      75648 kB
1557736896.969989
MemTotal:        1899508 kB
MemFree:           43588 kB
Buffers:            1184 kB
Cached:           126584 kB
SwapCached:            0 kB
Active:          1501464 kB
Inactive:          65580 kB
Active(anon):    1441684 kB
Inactive(anon):     5660 kB
Active(file):      59780 kB
Inactive(file):    59920 kB
Unevictable:        1940 kB
Mlocked:               0 kB
HighTotal:       1158144 kB
HighFree:           2104 kB
LowTotal:         741364 kB
LowFree:           41484 kB
SwapTotal:             0 kB
SwapFree:              0 kB
Dirty:               332 kB
Writeback:             0 kB
AnonPages:       1441172 kB
Mapped:           107656 kB
Shmem:              6056 kB
Slab:              32928 kB
SReclaimable:      11904 kB
SUnreclaim:        21024 kB
KernelStack:        6208 kB
PageTables:        11500 kB
NFS_Unstable:          0 kB
Bounce:                0 kB
WritebackTmp:          0 kB
CommitLimit:      949752 kB
Committed_AS:   11935064 kB
VmallocTotal:     245760 kB
VmallocUsed:       50824 kB
VmallocChunk:      75648 kB
1557736897.937765
MemTotal:        1899508 kB
MemFree:           44480 kB
Buffers:             960 kB
Cached:           119924 kB
SwapCached:            0 kB
Active:          1504696 kB
Inactive:          61948 kB
Active(anon):    1448120 kB
Inactive(anon):     5660 kB
Active(file):      56576 kB
Inactive(file):    56288 kB
Unevictable:        1940 kB
Mlocked:               0 kB
HighTotal:       1158144 kB
HighFree:           1776 kB
LowTotal:         741364 kB
LowFree:           42704 kB
SwapTotal:             0 kB
SwapFree:              0 kB
Dirty:                36 kB
Writeback:             0 kB
AnonPages:       1447736 kB
Mapped:           111724 kB
Shmem:              6056 kB
Slab:              32924 kB
SReclaimable:      11904 kB
SUnreclaim:        21020 kB
KernelStack:        6104 kB
PageTables:        12024 kB
NFS_Unstable:          0 kB
Bounce:                0 kB
WritebackTmp:          0 kB
CommitLimit:      949752 kB
Committed_AS:   12509220 kB
VmallocTotal:     245760 kB
VmallocUsed:       51844 kB
VmallocChunk:      75648 kB
1557736898.916780
MemTotal:        1899508 kB
MemFree:           40800 kB
Buffers:             564 kB
Cached:           117744 kB
SwapCached:            0 kB
Active:          1509884 kB
Inactive:          60656 kB
Active(anon):    1454604 kB
Inactive(anon):     5660 kB
Active(file):      55280 kB
Inactive(file):    54996 kB
Unevictable:        1940 kB
Mlocked:               0 kB
HighTotal:       1158144 kB
HighFree:            816 kB
LowTotal:         741364 kB
LowFree:           39984 kB
SwapTotal:             0 kB
SwapFree:              0 kB
Dirty:                52 kB
Writeback:             0 kB
AnonPages:       1454424 kB
Mapped:           116412 kB
Shmem:              6056 kB
Slab:              32924 kB
SReclaimable:      11904 kB
SUnreclaim:        21020 kB
KernelStack:        6232 kB
PageTables:        12324 kB
NFS_Unstable:          0 kB
Bounce:                0 kB
WritebackTmp:          0 kB
CommitLimit:      949752 kB
Committed_AS:   13082336 kB
VmallocTotal:     245760 kB
VmallocUsed:       52864 kB
VmallocChunk:      75648 kB
1557736899.899181
MemTotal:        1899508 kB
MemFree:           49516 kB
Buffers:             692 kB
Cached:           120040 kB
SwapCached:            0 kB
Active:          1501752 kB
Inactive:          58896 kB
Active(anon):    1442352 kB
Inactive(anon):     5660 kB
Active(file):      59400 kB
Inactive(file):    53236 kB
Unevictable:        1940 kB
Mlocked:               0 kB
HighTotal:       1158144 kB
HighFree:           2980 kB
LowTotal:         741364 kB
LowFree:           46536 kB
SwapTotal:             0 kB
SwapFree:              0 kB
Dirty:                44 kB
Writeback:             0 kB
AnonPages:       1441972 kB
Mapped:           108416 kB
Shmem:              6056 kB
Slab:              32920 kB
SReclaimable:      11904 kB
SUnreclaim:        21016 kB
KernelStack:        6080 kB
PageTables:        11584 kB
NFS_Unstable:          0 kB
Bounce:                0 kB
WritebackTmp:          0 kB
CommitLimit:      949752 kB
Committed_AS:   11941532 kB
VmallocTotal:     245760 kB
VmallocUsed:       50824 kB
VmallocChunk:      75648 kB
1557736900.835984
MemTotal:        1899508 kB
MemFree:           49952 kB
Buffers:             692 kB
Cached:           119664 kB
SwapCached:            0 kB
Active:          1503628 kB
Inactive:          58608 kB
Active(anon):    1444424 kB
Inactive(anon):     5660 kB
Active(file):      59204 kB
Inactive(file):    52948 kB
Unevictable:        1940 kB
Mlocked:               0 kB
HighTotal:       1158144 kB
HighFree:           3736 kB
LowTotal:         741364 kB
LowFree:           46216 kB
SwapTotal:             0 kB
SwapFree:              0 kB
Dirty:                48 kB
Writeback:             0 kB
AnonPages:       1444136 kB
Mapped:           108352 kB
Shmem:              6056 kB
Slab:              32920 kB
SReclaimable:      11904 kB
SUnreclaim:        21016 kB
KernelStack:        5968 kB
PageTables:        11568 kB
NFS_Unstable:          0 kB
Bounce:                0 kB
WritebackTmp:          0 kB
CommitLimit:      949752 kB
Committed_AS:   11944852 kB
VmallocTotal:     245760 kB
VmallocUsed:       50824 kB
VmallocChunk:      75648 kB
1557736901.837979
MemTotal:        1899508 kB
MemFree:           49984 kB
Buffers:             692 kB
Cached:           118956 kB
SwapCached:            0 kB
Active:          1503616 kB
Inactive:          58668 kB
Active(anon):    1444968 kB
Inactive(anon):     5660 kB
Active(file):      58648 kB
Inactive(file):    53008 kB
Unevictable:        1940 kB
Mlocked:               0 kB
HighTotal:       1158144 kB
HighFree:           3764 kB
LowTotal:         741364 kB
LowFree:           46220 kB
SwapTotal:             0 kB
SwapFree:              0 kB
Dirty:                48 kB
Writeback:             0 kB
AnonPages:       1444580 kB
Mapped:           108116 kB
Shmem:              6056 kB
Slab:              32920 kB
SReclaimable:      11904 kB
SUnreclaim:        21016 kB
KernelStack:        6008 kB
PageTables:        11580 kB
NFS_Unstable:          0 kB
Bounce:                0 kB
WritebackTmp:          0 kB
CommitLimit:      949752 kB
Committed_AS:   11945544 kB
VmallocTotal:     245760 kB
VmallocUsed:       50824 kB
VmallocChunk:      75648 kB
1557736902.872686
MemTotal:        1899508 kB
MemFree:           48212 kB
Buffers:             692 kB
Cached:           118276 kB
SwapCached:            0 kB
Active:          1505940 kB
Inactive:          57852 kB
Active(anon):    1447292 kB
Inactive(anon):     5660 kB
Active(file):      58648 kB
Inactive(file):    52192 kB
Unevictable:        1940 kB
Mlocked:               0 kB
HighTotal:       1158144 kB
HighFree:           1980 kB
LowTotal:         741364 kB
LowFree:           46232 kB
SwapTotal:             0 kB
SwapFree:              0 kB
Dirty:                48 kB
Writeback:             0 kB
AnonPages:       1447092 kB
Mapped:           107976 kB
Shmem:              6056 kB
Slab:              32920 kB
SReclaimable:      11904 kB
SUnreclaim:        21016 kB
KernelStack:        6008 kB
PageTables:        11588 kB
NFS_Unstable:          0 kB
Bounce:                0 kB
WritebackTmp:          0 kB
CommitLimit:      949752 kB
Committed_AS:   11945588 kB
VmallocTotal:     245760 kB
VmallocUsed:       50824 kB
VmallocChunk:      75648 kB
1557736903.903651
MemTotal:        1899508 kB
MemFree:           46476 kB
Buffers:             708 kB
Cached:           117452 kB
SwapCached:            0 kB
Active:          1507152 kB
Inactive:          57216 kB
Active(anon):    1448648 kB
Inactive(anon):     5660 kB
Active(file):      58504 kB
Inactive(file):    51556 kB
Unevictable:        1940 kB
Mlocked:               0 kB
HighTotal:       1158144 kB
HighFree:           2128 kB
LowTotal:         741364 kB
LowFree:           44348 kB
SwapTotal:             0 kB
SwapFree:              0 kB
Dirty:                52 kB
Writeback:             0 kB
AnonPages:       1448204 kB
Mapped:           107740 kB
Shmem:              6056 kB
Slab:              32920 kB
SReclaimable:      11904 kB
SUnreclaim:        21016 kB
KernelStack:        5984 kB
PageTables:        11588 kB
NFS_Unstable:          0 kB
Bounce:                0 kB
WritebackTmp:          0 kB
CommitLimit:      949752 kB
Committed_AS:   11949336 kB
VmallocTotal:     245760 kB
VmallocUsed:       50824 kB
VmallocChunk:      75648 kB
1557736904.931230
MemTotal:        1899508 kB
MemFree:           49300 kB
Buffers:             696 kB
Cached:           115884 kB
SwapCached:            0 kB
Active:          1506508 kB
Inactive:          56228 kB
Active(anon):    1448620 kB
Inactive(anon):     5660 kB
Active(file):      57888 kB
Inactive(file):    50568 kB
Unevictable:        1940 kB
Mlocked:               0 kB
HighTotal:       1158144 kB
HighFree:           3556 kB
LowTotal:         741364 kB
LowFree:           45744 kB
SwapTotal:             0 kB
SwapFree:              0 kB
Dirty:                 0 kB
Writeback:             0 kB
AnonPages:       1448356 kB
Mapped:           106740 kB
Shmem:              6056 kB
Slab:              32920 kB
SReclaimable:      11904 kB
SUnreclaim:        21016 kB
KernelStack:        5984 kB
PageTables:        11596 kB
NFS_Unstable:          0 kB
Bounce:                0 kB
WritebackTmp:          0 kB
CommitLimit:      949752 kB
Committed_AS:   11949356 kB
VmallocTotal:     245760 kB
VmallocUsed:       50824 kB
VmallocChunk:      75648 kB
1557736905.944092
MemTotal:        1899508 kB
MemFree:           47656 kB
Buffers:             696 kB
Cached:           115224 kB
SwapCached:            0 kB
Active:          1508828 kB
Inactive:          55752 kB
Active(anon):    1451024 kB
Inactive(anon):     5660 kB
Active(file):      57804 kB
Inactive(file):    50092 kB
Unevictable:        1940 kB
Mlocked:               0 kB
HighTotal:       1158144 kB
HighFree:           1912 kB
LowTotal:         741364 kB
LowFree:           45744 kB
SwapTotal:             0 kB
SwapFree:              0 kB
Dirty:                 0 kB
Writeback:             0 kB
AnonPages:       1450724 kB
Mapped:           106536 kB
Shmem:              6056 kB
Slab:              32920 kB
SReclaimable:      11904 kB
SUnreclaim:        21016 kB
KernelStack:        5992 kB
PageTables:        11600 kB
NFS_Unstable:          0 kB
Bounce:                0 kB
WritebackTmp:          0 kB
CommitLimit:      949752 kB
Committed_AS:   11950364 kB
VmallocTotal:     245760 kB
VmallocUsed:       50824 kB
VmallocChunk:      75648 kB
1557736906.925597
MemTotal:        1899508 kB
MemFree:           47440 kB
Buffers:             712 kB
Cached:           114436 kB
SwapCached:            0 kB
Active:          1508168 kB
Inactive:          55856 kB
Active(anon):    1451304 kB
Inactive(anon):     5660 kB
Active(file):      56864 kB
Inactive(file):    50196 kB
Unevictable:        1940 kB
Mlocked:               0 kB
HighTotal:       1158144 kB
HighFree:           1924 kB
LowTotal:         741364 kB
LowFree:           45516 kB
SwapTotal:             0 kB
SwapFree:              0 kB
Dirty:                 0 kB
Writeback:             0 kB
AnonPages:       1450960 kB
Mapped:           106544 kB
Shmem:              6056 kB
Slab:              32920 kB
SReclaimable:      11904 kB
SUnreclaim:        21016 kB
KernelStack:        6032 kB
PageTables:        11600 kB
NFS_Unstable:          0 kB
Bounce:                0 kB
WritebackTmp:          0 kB
CommitLimit:      949752 kB
Committed_AS:   11950372 kB
VmallocTotal:     245760 kB
VmallocUsed:       50824 kB
VmallocChunk:      75648 kB
1557736907.945769
MemTotal:        1899508 kB
MemFree:           46492 kB
Buffers:             724 kB
Cached:           113256 kB
SwapCached:            0 kB
Active:          1512020 kB
Inactive:          53072 kB
Active(anon):    1453440 kB
Inactive(anon):     5660 kB
Active(file):      58580 kB
Inactive(file):    47412 kB
Unevictable:        1940 kB
Mlocked:               0 kB
HighTotal:       1158144 kB
HighFree:           2828 kB
LowTotal:         741364 kB
LowFree:           43664 kB
SwapTotal:             0 kB
SwapFree:              0 kB
Dirty:                92 kB
Writeback:             0 kB
AnonPages:       1453112 kB
Mapped:           106512 kB
Shmem:              6056 kB
Slab:              32920 kB
SReclaimable:      11904 kB
SUnreclaim:        21016 kB
KernelStack:        6088 kB
PageTables:        11592 kB
NFS_Unstable:          0 kB
Bounce:                0 kB
WritebackTmp:          0 kB
CommitLimit:      949752 kB
Committed_AS:   11954288 kB
VmallocTotal:     245760 kB
VmallocUsed:       50824 kB
VmallocChunk:      75648 kB
1557736908.955341
MemTotal:        1899508 kB
MemFree:           48588 kB
Buffers:             724 kB
Cached:           112284 kB
SwapCached:            0 kB
Active:          1509796 kB
Inactive:          53592 kB
Active(anon):    1452644 kB
Inactive(anon):     5660 kB
Active(file):      57152 kB
Inactive(file):    47932 kB
Unevictable:        1940 kB
Mlocked:               0 kB
HighTotal:       1158144 kB
HighFree:           3408 kB
LowTotal:         741364 kB
LowFree:           45180 kB
SwapTotal:             0 kB
SwapFree:              0 kB
Dirty:                92 kB
Writeback:             0 kB
AnonPages:       1452308 kB
Mapped:           106528 kB
Shmem:              6056 kB
Slab:              32920 kB
SReclaimable:      11904 kB
SUnreclaim:        21016 kB
KernelStack:        5992 kB
PageTables:        11604 kB
NFS_Unstable:          0 kB
Bounce:                0 kB
WritebackTmp:          0 kB
CommitLimit:      949752 kB
Committed_AS:   11954260 kB
VmallocTotal:     245760 kB
VmallocUsed:       50824 kB
VmallocChunk:      75648 kB
1557736909.966996
MemTotal:        1899508 kB
MemFree:           47216 kB
Buffers:             692 kB
Cached:           111520 kB
SwapCached:            0 kB
Active:          1509732 kB
Inactive:          54452 kB
Active(anon):    1454392 kB
Inactive(anon):     5660 kB
Active(file):      55340 kB
Inactive(file):    48792 kB
Unevictable:        1940 kB
Mlocked:               0 kB
HighTotal:       1158144 kB
HighFree:           2096 kB
LowTotal:         741364 kB
LowFree:           45120 kB
SwapTotal:             0 kB
SwapFree:              0 kB
Dirty:                20 kB
Writeback:             0 kB
AnonPages:       1453956 kB
Mapped:           106264 kB
Shmem:              6056 kB
Slab:              32920 kB
SReclaimable:      11904 kB
SUnreclaim:        21016 kB
KernelStack:        6032 kB
PageTables:        11604 kB
NFS_Unstable:          0 kB
Bounce:                0 kB
WritebackTmp:          0 kB
CommitLimit:      949752 kB
Committed_AS:   11950468 kB
VmallocTotal:     245760 kB
VmallocUsed:       50824 kB
VmallocChunk:      75648 kB
1557736910.970345
MemTotal:        1899508 kB
MemFree:           48224 kB
Buffers:             704 kB
Cached:           116564 kB
SwapCached:            0 kB
Active:          1502620 kB
Inactive:          60636 kB
Active(anon):    1448440 kB
Inactive(anon):     5660 kB
Active(file):      54180 kB
Inactive(file):    54976 kB
Unevictable:        1940 kB
Mlocked:               0 kB
HighTotal:       1158144 kB
HighFree:           2252 kB
LowTotal:         741364 kB
LowFree:           45972 kB
SwapTotal:             0 kB
SwapFree:              0 kB
Dirty:                56 kB
Writeback:             0 kB
AnonPages:       1448148 kB
Mapped:           106708 kB
Shmem:              6056 kB
Slab:              32916 kB
SReclaimable:      11900 kB
SUnreclaim:        21016 kB
KernelStack:        6040 kB
PageTables:        11596 kB
NFS_Unstable:          0 kB
Bounce:                0 kB
WritebackTmp:          0 kB
CommitLimit:      949752 kB
Committed_AS:   11949892 kB
VmallocTotal:     245760 kB
VmallocUsed:       50824 kB
VmallocChunk:      75648 kB
1557736911.956043
MemTotal:        1899508 kB
MemFree:           49796 kB
Buffers:             704 kB
Cached:           115412 kB
SwapCached:            0 kB
Active:          1502164 kB
Inactive:          59680 kB
Active(anon):    1447980 kB
Inactive(anon):     5660 kB
Active(file):      54184 kB
Inactive(file):    54020 kB
Unevictable:        1940 kB
Mlocked:               0 kB
HighTotal:       1158144 kB
HighFree:           3384 kB
LowTotal:         741364 kB
LowFree:           46412 kB
SwapTotal:             0 kB
SwapFree:              0 kB
Dirty:                56 kB
Writeback:             0 kB
AnonPages:       1447640 kB
Mapped:           106644 kB
Shmem:              6056 kB
Slab:              32916 kB
SReclaimable:      11900 kB
SUnreclaim:        21016 kB
KernelStack:        5984 kB
PageTables:        11588 kB
NFS_Unstable:          0 kB
Bounce:                0 kB
WritebackTmp:          0 kB
CommitLimit:      949752 kB
Committed_AS:   11950688 kB
VmallocTotal:     245760 kB
VmallocUsed:       50824 kB
VmallocChunk:      75648 kB
1557736912.992282
MemTotal:        1899508 kB
MemFree:           50476 kB
Buffers:             704 kB
Cached:           114688 kB
SwapCached:            0 kB
Active:          1502700 kB
Inactive:          58764 kB
Active(anon):    1448464 kB
Inactive(anon):     5660 kB
Active(file):      54236 kB
Inactive(file):    53104 kB
Unevictable:        1940 kB
Mlocked:               0 kB
HighTotal:       1158144 kB
HighFree:           3736 kB
LowTotal:         741364 kB
LowFree:           46740 kB
SwapTotal:             0 kB
SwapFree:              0 kB
Dirty:                56 kB
Writeback:             0 kB
AnonPages:       1448088 kB
Mapped:           106332 kB
Shmem:              6056 kB
Slab:              32916 kB
SReclaimable:      11900 kB
SUnreclaim:        21016 kB
KernelStack:        5984 kB
PageTables:        11604 kB
NFS_Unstable:          0 kB
Bounce:                0 kB
WritebackTmp:          0 kB
CommitLimit:      949752 kB
Committed_AS:   11950812 kB
VmallocTotal:     245760 kB
VmallocUsed:       50824 kB
VmallocChunk:      75648 kB
1557736913.971318
MemTotal:        1899508 kB
MemFree:           48716 kB
Buffers:             704 kB
Cached:           113564 kB
SwapCached:            0 kB
Active:          1504844 kB
Inactive:          57804 kB
Active(anon):    1450748 kB
Inactive(anon):     5660 kB
Active(file):      54096 kB
Inactive(file):    52144 kB
Unevictable:        1940 kB
Mlocked:               0 kB
HighTotal:       1158144 kB
HighFree:           2276 kB
LowTotal:         741364 kB
LowFree:           46440 kB
SwapTotal:             0 kB
SwapFree:              0 kB
Dirty:                56 kB
Writeback:             0 kB
AnonPages:       1450400 kB
Mapped:           106108 kB
Shmem:              6056 kB
Slab:              32916 kB
SReclaimable:      11900 kB
SUnreclaim:        21016 kB
KernelStack:        5984 kB
PageTables:        11696 kB
NFS_Unstable:          0 kB
Bounce:                0 kB
WritebackTmp:          0 kB
CommitLimit:      949752 kB
Committed_AS:   11951656 kB
VmallocTotal:     245760 kB
VmallocUsed:       50824 kB
VmallocChunk:      75648 kB
1557736914.997822
MemTotal:        1899508 kB
MemFree:           73448 kB
Buffers:             720 kB
Cached:           112584 kB
SwapCached:            0 kB
Active:          1478996 kB
Inactive:          57336 kB
Active(anon):    1425404 kB
Inactive(anon):     5660 kB
Active(file):      53592 kB
Inactive(file):    51676 kB
Unevictable:        1940 kB
Mlocked:               0 kB
HighTotal:       1158144 kB
HighFree:          21776 kB
LowTotal:         741364 kB
LowFree:           51672 kB
SwapTotal:             0 kB
SwapFree:              0 kB
Dirty:                 0 kB
Writeback:             0 kB
AnonPages:       1425008 kB
Mapped:           106100 kB
Shmem:              6056 kB
Slab:              32916 kB
SReclaimable:      11900 kB
SUnreclaim:        21016 kB
KernelStack:        5984 kB
PageTables:        11604 kB
NFS_Unstable:          0 kB
Bounce:                0 kB
WritebackTmp:          0 kB
CommitLimit:      949752 kB
Committed_AS:   11950428 kB
VmallocTotal:     245760 kB
VmallocUsed:       50824 kB
VmallocChunk:      75648 kB
1557736916.056500
MemTotal:        1899508 kB
MemFree:           72704 kB
Buffers:             720 kB
Cached:           112652 kB
SwapCached:            0 kB
Active:          1481248 kB
Inactive:          57432 kB
Active(anon):    1427648 kB
Inactive(anon):     5660 kB
Active(file):      53600 kB
Inactive(file):    51772 kB
Unevictable:        1940 kB
Mlocked:               0 kB
HighTotal:       1158144 kB
HighFree:          20060 kB
LowTotal:         741364 kB
LowFree:           52644 kB
SwapTotal:             0 kB
SwapFree:              0 kB
Dirty:                40 kB
Writeback:             0 kB
AnonPages:       1427188 kB
Mapped:           105968 kB
Shmem:              6056 kB
Slab:              32916 kB
SReclaimable:      11900 kB
SUnreclaim:        21016 kB
KernelStack:        5984 kB
PageTables:        11592 kB
NFS_Unstable:          0 kB
Bounce:                0 kB
WritebackTmp:          0 kB
CommitLimit:      949752 kB
Committed_AS:   11951264 kB
VmallocTotal:     245760 kB
VmallocUsed:       50824 kB
VmallocChunk:      75648 kB
1557736917.083149
MemTotal:        1899508 kB
MemFree:           73312 kB
Buffers:             720 kB
Cached:           112784 kB
SwapCached:            0 kB
Active:          1480648 kB
Inactive:          57416 kB
Active(anon):    1427048 kB
Inactive(anon):     5636 kB
Active(file):      53600 kB
Inactive(file):    51780 kB
Unevictable:        1940 kB
Mlocked:               0 kB
HighTotal:       1158144 kB
HighFree:          19672 kB
LowTotal:         741364 kB
LowFree:           53640 kB
SwapTotal:             0 kB
SwapFree:              0 kB
Dirty:                40 kB
Writeback:             0 kB
AnonPages:       1426768 kB
Mapped:           106016 kB
Shmem:              6056 kB
Slab:              32916 kB
SReclaimable:      11900 kB
SUnreclaim:        21016 kB
KernelStack:        5968 kB
PageTables:        11780 kB
NFS_Unstable:          0 kB
Bounce:                0 kB
WritebackTmp:          0 kB
CommitLimit:      949752 kB
Committed_AS:   13173564 kB
VmallocTotal:     245760 kB
VmallocUsed:       50824 kB
VmallocChunk:      75648 kB
1557736918.145995
MemTotal:        1899508 kB
MemFree:           43168 kB
Buffers:             752 kB
Cached:           127188 kB
SwapCached:            0 kB
Active:          1495536 kB
Inactive:          71408 kB
Active(anon):    1441932 kB
Inactive(anon):     5636 kB
Active(file):      53604 kB
Inactive(file):    65772 kB
Unevictable:        1940 kB
Mlocked:               0 kB
HighTotal:       1158144 kB
HighFree:           1804 kB
LowTotal:         741364 kB
LowFree:           41364 kB
SwapTotal:             0 kB
SwapFree:              0 kB
Dirty:                52 kB
Writeback:             0 kB
AnonPages:       1441684 kB
Mapped:           115484 kB
Shmem:              6060 kB
Slab:              32920 kB
SReclaimable:      11900 kB
SUnreclaim:        21020 kB
KernelStack:        6200 kB
PageTables:        12836 kB
NFS_Unstable:          0 kB
Bounce:                0 kB
WritebackTmp:          0 kB
CommitLimit:      949752 kB
Committed_AS:   13662120 kB
VmallocTotal:     245760 kB
VmallocUsed:       53884 kB
VmallocChunk:      75648 kB
1557736919.223535
MemTotal:        1899508 kB
MemFree:           39924 kB
Buffers:             600 kB
Cached:           121856 kB
SwapCached:            0 kB
Active:          1506916 kB
Inactive:          63468 kB
Active(anon):    1450104 kB
Inactive(anon):     5640 kB
Active(file):      56812 kB
Inactive(file):    57828 kB
Unevictable:        1940 kB
Mlocked:               0 kB
HighTotal:       1158144 kB
HighFree:            588 kB
LowTotal:         741364 kB
LowFree:           39336 kB
SwapTotal:             0 kB
SwapFree:              0 kB
Dirty:                44 kB
Writeback:             0 kB
AnonPages:       1450244 kB
Mapped:           114456 kB
Shmem:              6060 kB
Slab:              32920 kB
SReclaimable:      11900 kB
SUnreclaim:        21020 kB
KernelStack:        6272 kB
PageTables:        13588 kB
NFS_Unstable:          0 kB
Bounce:                0 kB
WritebackTmp:          0 kB
CommitLimit:      949752 kB
Committed_AS:   14798460 kB
VmallocTotal:     245760 kB
VmallocUsed:       55924 kB
VmallocChunk:      75648 kB
1557736920.326459
MemTotal:        1899508 kB
MemFree:           43724 kB
Buffers:             636 kB
Cached:           125496 kB
SwapCached:            0 kB
Active:          1502932 kB
Inactive:          62424 kB
Active(anon):    1442088 kB
Inactive(anon):     5636 kB
Active(file):      60844 kB
Inactive(file):    56788 kB
Unevictable:        1940 kB
Mlocked:               0 kB
HighTotal:       1158144 kB
HighFree:           2172 kB
LowTotal:         741364 kB
LowFree:           41552 kB
SwapTotal:             0 kB
SwapFree:              0 kB
Dirty:               148 kB
Writeback:             0 kB
AnonPages:       1441816 kB
Mapped:           108768 kB
Shmem:              6056 kB
Slab:              32912 kB
SReclaimable:      11892 kB
SUnreclaim:        21020 kB
KernelStack:        6472 kB
PageTables:        12428 kB
NFS_Unstable:          0 kB
Bounce:                0 kB
WritebackTmp:          0 kB
CommitLimit:      949752 kB
Committed_AS:   13092568 kB
VmallocTotal:     245760 kB
VmallocUsed:       52864 kB
VmallocChunk:      75648 kB
1557736921.307412
MemTotal:        1899508 kB
MemFree:           49924 kB
Buffers:             468 kB
Cached:           124584 kB
SwapCached:            0 kB
Active:          1503196 kB
Inactive:          57040 kB
Active(anon):    1438128 kB
Inactive(anon):     5636 kB
Active(file):      65068 kB
Inactive(file):    51404 kB
Unevictable:        1940 kB
Mlocked:               0 kB
HighTotal:       1158144 kB
HighFree:           3680 kB
LowTotal:         741364 kB
LowFree:           46244 kB
SwapTotal:             0 kB
SwapFree:              0 kB
Dirty:               104 kB
Writeback:             0 kB
