MemTotal:         482068 kB
MemFree:            7324 kB
Buffers:            1780 kB
Cached:           163696 kB
SwapCached:            0 kB
Active:           285900 kB
Inactive:         112024 kB
Active(anon):     233232 kB
Inactive(anon):      884 kB
Active(file):      52668 kB
Inactive(file):   111140 kB
Unevictable:        1256 kB
Mlocked:               0 kB
HighTotal:             0 kB
HighFree:              0 kB
LowTotal:         482068 kB
LowFree:            7324 kB
SwapTotal:             0 kB
SwapFree:              0 kB
Dirty:                 0 kB
Writeback:             0 kB
AnonPages:        233788 kB
Mapped:            87496 kB
Shmem:               344 kB
Slab:              20480 kB
SReclaimable:       4916 kB
SUnreclaim:        15564 kB
KernelStack:        5480 kB
PageTables:         7068 kB
NFS_Unstable:          0 kB
Bounce:                0 kB
WritebackTmp:          0 kB
CommitLimit:      241032 kB
Committed_AS:    3981668 kB
VmallocTotal:     507904 kB
VmallocUsed:      115028 kB
VmallocChunk:     112576 kB
1557580986.000000
MemTotal:         482068 kB
MemFree:            4208 kB
Buffers:            1740 kB
Cached:           165088 kB
SwapCached:            0 kB
Active:           299592 kB
Inactive:         104600 kB
Active(anon):     238188 kB
Inactive(anon):      884 kB
Active(file):      61404 kB
Inactive(file):   103716 kB
Unevictable:        1256 kB
Mlocked:               0 kB
HighTotal:             0 kB
HighFree:              0 kB
LowTotal:         482068 kB
LowFree:            4208 kB
SwapTotal:             0 kB
SwapFree:              0 kB
Dirty:                 0 kB
Writeback:             0 kB
AnonPages:        238752 kB
Mapped:            86636 kB
Shmem:               344 kB
Slab:              20472 kB
SReclaimable:       4916 kB
SUnreclaim:        15556 kB
KernelStack:        5616 kB
PageTables:         7152 kB
NFS_Unstable:          0 kB
Bounce:                0 kB
WritebackTmp:          0 kB
CommitLimit:      241032 kB
Committed_AS:    3987452 kB
VmallocTotal:     507904 kB
VmallocUsed:      111812 kB
VmallocChunk:     112576 kB
1557580987.000000
MemTotal:         482068 kB
MemFree:            4112 kB
Buffers:            1720 kB
Cached:           160252 kB
SwapCached:            0 kB
Active:           306508 kB
Inactive:          98224 kB
Active(anon):     243504 kB
Inactive(anon):      884 kB
Active(file):      63004 kB
Inactive(file):    97340 kB
Unevictable:        1256 kB
Mlocked:               0 kB
HighTotal:             0 kB
HighFree:              0 kB
LowTotal:         482068 kB
LowFree:            4112 kB
SwapTotal:             0 kB
SwapFree:              0 kB
Dirty:                80 kB
Writeback:             0 kB
AnonPages:        244092 kB
Mapped:            88248 kB
Shmem:               344 kB
Slab:              20484 kB
SReclaimable:       4928 kB
SUnreclaim:        15556 kB
KernelStack:        5656 kB
PageTables:         7284 kB
NFS_Unstable:          0 kB
Bounce:                0 kB
WritebackTmp:          0 kB
CommitLimit:      241032 kB
Committed_AS:    3994376 kB
VmallocTotal:     507904 kB
VmallocUsed:      111812 kB
VmallocChunk:     112576 kB
1557580987.000000
MemTotal:         482068 kB
MemFree:           10100 kB
Buffers:            1516 kB
Cached:           142216 kB
SwapCached:            0 kB
Active:           313528 kB
Inactive:          78740 kB
Active(anon):     249276 kB
Inactive(anon):      884 kB
Active(file):      64252 kB
Inactive(file):    77856 kB
Unevictable:        1256 kB
Mlocked:               0 kB
HighTotal:             0 kB
HighFree:              0 kB
LowTotal:         482068 kB
LowFree:           10100 kB
SwapTotal:             0 kB
SwapFree:              0 kB
Dirty:                80 kB
Writeback:             0 kB
AnonPages:        249868 kB
Mapped:            94708 kB
Shmem:               344 kB
Slab:              20484 kB
SReclaimable:       4928 kB
SUnreclaim:        15556 kB
KernelStack:        5760 kB
PageTables:         7284 kB
NFS_Unstable:          0 kB
Bounce:                0 kB
WritebackTmp:          0 kB
CommitLimit:      241032 kB
Committed_AS:    4000956 kB
VmallocTotal:     507904 kB
VmallocUsed:      115088 kB
VmallocChunk:     112576 kB
1557580988.000000
MemTotal:         482068 kB
MemFree:            3596 kB
Buffers:            1552 kB
Cached:           145412 kB
SwapCached:            0 kB
Active:           320088 kB
Inactive:          81652 kB
Active(anon):     255608 kB
Inactive(anon):      884 kB
Active(file):      64480 kB
Inactive(file):    80768 kB
Unevictable:        1256 kB
Mlocked:               0 kB
HighTotal:             0 kB
HighFree:              0 kB
LowTotal:         482068 kB
LowFree:            3596 kB
SwapTotal:             0 kB
SwapFree:              0 kB
Dirty:               100 kB
Writeback:            16 kB
AnonPages:        256228 kB
Mapped:            94816 kB
Shmem:               344 kB
Slab:              20512 kB
SReclaimable:       4928 kB
SUnreclaim:        15584 kB
KernelStack:        5792 kB
PageTables:         7280 kB
NFS_Unstable:          0 kB
Bounce:                0 kB
WritebackTmp:          0 kB
CommitLimit:      241032 kB
Committed_AS:    4007196 kB
VmallocTotal:     507904 kB
VmallocUsed:      112008 kB
VmallocChunk:     112576 kB
1557580989.000000
MemTotal:         482068 kB
MemFree:            3812 kB
Buffers:            1448 kB
Cached:           140412 kB
SwapCached:            0 kB
Active:           329440 kB
Inactive:          72244 kB
Active(anon):     260620 kB
Inactive(anon):      884 kB
Active(file):      68820 kB
Inactive(file):    71360 kB
Unevictable:        1256 kB
Mlocked:               0 kB
HighTotal:             0 kB
HighFree:              0 kB
LowTotal:         482068 kB
LowFree:            3812 kB
SwapTotal:             0 kB
SwapFree:              0 kB
Dirty:                40 kB
Writeback:             0 kB
AnonPages:        261264 kB
Mapped:            97660 kB
Shmem:               344 kB
Slab:              20496 kB
SReclaimable:       4928 kB
SUnreclaim:        15568 kB
KernelStack:        5816 kB
PageTables:         7384 kB
NFS_Unstable:          0 kB
Bounce:                0 kB
WritebackTmp:          0 kB
CommitLimit:      241032 kB
Committed_AS:    4012388 kB
VmallocTotal:     507904 kB
VmallocUsed:      112008 kB
VmallocChunk:     112576 kB
1557580989.000000
MemTotal:         482068 kB
MemFree:            4144 kB
Buffers:            1272 kB
Cached:           135724 kB
SwapCached:            0 kB
Active:           331700 kB
Inactive:          68588 kB
Active(anon):     264104 kB
Inactive(anon):      884 kB
Active(file):      67596 kB
Inactive(file):    67704 kB
Unevictable:        1256 kB
Mlocked:               0 kB
HighTotal:             0 kB
HighFree:              0 kB
LowTotal:         482068 kB
LowFree:            4144 kB
SwapTotal:             0 kB
SwapFree:              0 kB
Dirty:                40 kB
Writeback:             0 kB
AnonPages:        264684 kB
Mapped:            99940 kB
Shmem:               344 kB
Slab:              20496 kB
SReclaimable:       4928 kB
SUnreclaim:        15568 kB
KernelStack:        5920 kB
PageTables:         7308 kB
NFS_Unstable:          0 kB
Bounce:                0 kB
WritebackTmp:          0 kB
CommitLimit:      241032 kB
Committed_AS:    4016824 kB
VmallocTotal:     507904 kB
VmallocUsed:      112760 kB
VmallocChunk:     112576 kB
1557580990.000000
MemTotal:         482068 kB
MemFree:            4252 kB
Buffers:             996 kB
Cached:           127824 kB
SwapCached:            0 kB
Active:           333016 kB
Inactive:          64508 kB
Active(anon):     269488 kB
Inactive(anon):      884 kB
Active(file):      63528 kB
Inactive(file):    63624 kB
Unevictable:        1256 kB
Mlocked:               0 kB
HighTotal:             0 kB
HighFree:              0 kB
LowTotal:         482068 kB
LowFree:            4252 kB
SwapTotal:             0 kB
SwapFree:              0 kB
Dirty:                80 kB
Writeback:             0 kB
AnonPages:        270040 kB
Mapped:           104096 kB
Shmem:               344 kB
Slab:              20992 kB
SReclaimable:       5264 kB
SUnreclaim:        15728 kB
KernelStack:        5920 kB
PageTables:         7420 kB
NFS_Unstable:          0 kB
Bounce:                0 kB
WritebackTmp:          0 kB
CommitLimit:      241032 kB
Committed_AS:    4022300 kB
VmallocTotal:     507904 kB
VmallocUsed:      114384 kB
VmallocChunk:     112576 kB
1557580991.000000
MemTotal:         482068 kB
MemFree:            3908 kB
Buffers:            1060 kB
Cached:           120580 kB
SwapCached:            0 kB
Active:           334956 kB
Inactive:          61104 kB
Active(anon):     275192 kB
Inactive(anon):      892 kB
Active(file):      59764 kB
Inactive(file):    60212 kB
Unevictable:        1256 kB
Mlocked:               0 kB
HighTotal:             0 kB
HighFree:              0 kB
LowTotal:         482068 kB
LowFree:            3908 kB
SwapTotal:             0 kB
SwapFree:              0 kB
Dirty:                 0 kB
Writeback:            12 kB
AnonPages:        275760 kB
Mapped:           106268 kB
Shmem:               352 kB
Slab:              20932 kB
SReclaimable:       5248 kB
SUnreclaim:        15684 kB
KernelStack:        5984 kB
PageTables:         7392 kB
NFS_Unstable:          0 kB
Bounce:                0 kB
WritebackTmp:          0 kB
CommitLimit:      241032 kB
Committed_AS:    4030588 kB
VmallocTotal:     507904 kB
VmallocUsed:      116008 kB
VmallocChunk:     112576 kB
1557580991.000000
MemTotal:         482068 kB
MemFree:            4304 kB
Buffers:             876 kB
Cached:           107968 kB
SwapCached:            0 kB
Active:           337700 kB
Inactive:          54500 kB
Active(anon):     284152 kB
Inactive(anon):      900 kB
Active(file):      53548 kB
Inactive(file):    53600 kB
Unevictable:        1256 kB
Mlocked:               0 kB
HighTotal:             0 kB
HighFree:              0 kB
LowTotal:         482068 kB
LowFree:            4304 kB
SwapTotal:             0 kB
SwapFree:              0 kB
Dirty:                20 kB
Writeback:             0 kB
AnonPages:        284700 kB
Mapped:           106152 kB
Shmem:               360 kB
Slab:              20840 kB
SReclaimable:       5144 kB
SUnreclaim:        15696 kB
KernelStack:        5984 kB
PageTables:         7436 kB
NFS_Unstable:          0 kB
Bounce:                0 kB
WritebackTmp:          0 kB
CommitLimit:      241032 kB
Committed_AS:    4040300 kB
VmallocTotal:     507904 kB
VmallocUsed:      117512 kB
VmallocChunk:     112576 kB
1557580992.000000
MemTotal:         482068 kB
MemFree:            4280 kB
Buffers:             872 kB
Cached:           106624 kB
SwapCached:            0 kB
Active:           338352 kB
Inactive:          53988 kB
Active(anon):     285588 kB
Inactive(anon):      900 kB
Active(file):      52764 kB
Inactive(file):    53088 kB
Unevictable:        1256 kB
Mlocked:               0 kB
HighTotal:             0 kB
HighFree:              0 kB
LowTotal:         482068 kB
LowFree:            4280 kB
SwapTotal:             0 kB
SwapFree:              0 kB
Dirty:                 4 kB
Writeback:             0 kB
AnonPages:        286148 kB
Mapped:           106032 kB
Shmem:               360 kB
Slab:              20840 kB
SReclaimable:       5132 kB
SUnreclaim:        15708 kB
KernelStack:        6008 kB
PageTables:         7432 kB
NFS_Unstable:          0 kB
Bounce:                0 kB
WritebackTmp:          0 kB
CommitLimit:      241032 kB
Committed_AS:    4041344 kB
VmallocTotal:     507904 kB
VmallocUsed:      117512 kB
VmallocChunk:     112576 kB
1557580993.000000
MemTotal:         482068 kB
MemFree:            3992 kB
Buffers:             848 kB
Cached:           104240 kB
SwapCached:            0 kB
Active:           339788 kB
Inactive:          52676 kB
Active(anon):     288096 kB
Inactive(anon):      900 kB
Active(file):      51692 kB
Inactive(file):    51776 kB
Unevictable:        1256 kB
Mlocked:               0 kB
HighTotal:             0 kB
HighFree:              0 kB
LowTotal:         482068 kB
LowFree:            3992 kB
SwapTotal:             0 kB
SwapFree:              0 kB
Dirty:                32 kB
Writeback:             0 kB
AnonPages:        288664 kB
Mapped:           105036 kB
Shmem:               360 kB
Slab:              20756 kB
SReclaimable:       5048 kB
SUnreclaim:        15708 kB
KernelStack:        6032 kB
PageTables:         7444 kB
NFS_Unstable:          0 kB
Bounce:                0 kB
WritebackTmp:          0 kB
CommitLimit:      241032 kB
Committed_AS:    4043356 kB
VmallocTotal:     507904 kB
VmallocUsed:      117512 kB
VmallocChunk:     112576 kB
1557580993.000000
MemTotal:         482068 kB
MemFree:            3868 kB
Buffers:             520 kB
Cached:           100136 kB
SwapCached:            0 kB
Active:           340888 kB
Inactive:          50600 kB
Active(anon):     291676 kB
Inactive(anon):      900 kB
Active(file):      49212 kB
Inactive(file):    49700 kB
Unevictable:        1256 kB
Mlocked:               0 kB
HighTotal:             0 kB
HighFree:              0 kB
LowTotal:         482068 kB
LowFree:            3868 kB
SwapTotal:             0 kB
SwapFree:              0 kB
Dirty:                48 kB
Writeback:             0 kB
AnonPages:        292276 kB
Mapped:           100444 kB
Shmem:               360 kB
Slab:              20764 kB
SReclaimable:       5048 kB
SUnreclaim:        15716 kB
KernelStack:        6064 kB
PageTables:         7468 kB
NFS_Unstable:          0 kB
Bounce:                0 kB
WritebackTmp:          0 kB
CommitLimit:      241032 kB
Committed_AS:    4047180 kB
VmallocTotal:     507904 kB
VmallocUsed:      117512 kB
VmallocChunk:     112576 kB
1557580994.000000
MemTotal:         482068 kB
MemFree:            4112 kB
Buffers:             392 kB
Cached:            94032 kB
SwapCached:            0 kB
Active:           343244 kB
Inactive:          47316 kB
Active(anon):     296876 kB
Inactive(anon):      900 kB
Active(file):      46368 kB
Inactive(file):    46416 kB
Unevictable:        1256 kB
Mlocked:               0 kB
HighTotal:             0 kB
HighFree:              0 kB
LowTotal:         482068 kB
LowFree:            4112 kB
SwapTotal:             0 kB
SwapFree:              0 kB
Dirty:               504 kB
Writeback:             0 kB
AnonPages:        297444 kB
Mapped:            88056 kB
Shmem:               360 kB
Slab:              20816 kB
SReclaimable:       5048 kB
SUnreclaim:        15768 kB
KernelStack:        6064 kB
PageTables:         7696 kB
NFS_Unstable:          0 kB
Bounce:                0 kB
WritebackTmp:          0 kB
CommitLimit:      241032 kB
Committed_AS:    4167092 kB
VmallocTotal:     507904 kB
VmallocUsed:      119556 kB
VmallocChunk:     112576 kB
1557580995.000000
MemTotal:         482068 kB
MemFree:           10132 kB
Buffers:             508 kB
Cached:            84016 kB
SwapCached:            0 kB
Active:           336720 kB
Inactive:          46276 kB
Active(anon):     299484 kB
Inactive(anon):     3604 kB
Active(file):      37236 kB
Inactive(file):    42672 kB
Unevictable:        1412 kB
Mlocked:            2888 kB
HighTotal:             0 kB
HighFree:              0 kB
LowTotal:         482068 kB
LowFree:           10132 kB
SwapTotal:             0 kB
SwapFree:              0 kB
Dirty:               612 kB
Writeback:             0 kB
AnonPages:        300024 kB
Mapped:            78748 kB
Shmem:              3248 kB
Slab:              20944 kB
SReclaimable:       5048 kB
SUnreclaim:        15896 kB
KernelStack:        6160 kB
PageTables:         7760 kB
NFS_Unstable:          0 kB
Bounce:                0 kB
WritebackTmp:          0 kB
CommitLimit:      241032 kB
Committed_AS:    4173960 kB
VmallocTotal:     507904 kB
VmallocUsed:      121412 kB
VmallocChunk:     112576 kB
1557580996.000000
MemTotal:         482068 kB
MemFree:            4872 kB
Buffers:             220 kB
Cached:            70828 kB
SwapCached:            0 kB
Active:           339496 kB
Inactive:          35652 kB
Active(anon):     305380 kB
Inactive(anon):     3288 kB
Active(file):      34116 kB
Inactive(file):    32364 kB
Unevictable:        2020 kB
Mlocked:            6172 kB
HighTotal:             0 kB
HighFree:              0 kB
LowTotal:         482068 kB
LowFree:            4872 kB
SwapTotal:             0 kB
SwapFree:              0 kB
Dirty:               680 kB
Writeback:             0 kB
AnonPages:        306160 kB
Mapped:            82936 kB
Shmem:              3296 kB
Slab:              21016 kB
SReclaimable:       5048 kB
SUnreclaim:        15968 kB
KernelStack:        6248 kB
PageTables:         7896 kB
NFS_Unstable:          0 kB
Bounce:                0 kB
WritebackTmp:          0 kB
CommitLimit:      241032 kB
Committed_AS:    4180296 kB
VmallocTotal:     507904 kB
VmallocUsed:      132500 kB
VmallocChunk:     112576 kB
1557580997.000000
MemTotal:         482068 kB
MemFree:            5244 kB
Buffers:             228 kB
Cached:            68372 kB
SwapCached:            0 kB
Active:           339360 kB
Inactive:          35192 kB
Active(anon):     307268 kB
Inactive(anon):     3288 kB
Active(file):      32092 kB
Inactive(file):    31904 kB
Unevictable:        2020 kB
Mlocked:            6172 kB
HighTotal:             0 kB
HighFree:              0 kB
LowTotal:         482068 kB
LowFree:            5244 kB
SwapTotal:             0 kB
SwapFree:              0 kB
Dirty:                 0 kB
Writeback:             0 kB
AnonPages:        308028 kB
Mapped:            80180 kB
Shmem:              3296 kB
Slab:              21072 kB
SReclaimable:       5048 kB
SUnreclaim:        16024 kB
KernelStack:        6256 kB
PageTables:         7908 kB
NFS_Unstable:          0 kB
Bounce:                0 kB
WritebackTmp:          0 kB
CommitLimit:      241032 kB
Committed_AS:    4182152 kB
VmallocTotal:     507904 kB
VmallocUsed:      132500 kB
VmallocChunk:     112576 kB
1557580998.000000
MemTotal:         482068 kB
MemFree:            8956 kB
Buffers:             392 kB
Cached:            67196 kB
SwapCached:            0 kB
Active:           336376 kB
Inactive:          34876 kB
Active(anon):     305040 kB
Inactive(anon):     3316 kB
Active(file):      31336 kB
Inactive(file):    31560 kB
Unevictable:        2020 kB
Mlocked:            6172 kB
HighTotal:             0 kB
HighFree:              0 kB
LowTotal:         482068 kB
LowFree:            8956 kB
SwapTotal:             0 kB
SwapFree:              0 kB
Dirty:                96 kB
Writeback:             0 kB
AnonPages:        305852 kB
Mapped:            79276 kB
Shmem:              3324 kB
Slab:              21116 kB
SReclaimable:       5048 kB
SUnreclaim:        16068 kB
KernelStack:        6264 kB
PageTables:         7836 kB
NFS_Unstable:          0 kB
Bounce:                0 kB
WritebackTmp:          0 kB
CommitLimit:      241032 kB
Committed_AS:    4186644 kB
VmallocTotal:     507904 kB
VmallocUsed:      132500 kB
VmallocChunk:     112576 kB
1557580998.000000
MemTotal:         482068 kB
MemFree:            6584 kB
Buffers:             392 kB
Cached:            66044 kB
SwapCached:            0 kB
Active:           338972 kB
Inactive:          34228 kB
Active(anon):     308068 kB
Inactive(anon):     3312 kB
Active(file):      30904 kB
Inactive(file):    30916 kB
Unevictable:        2020 kB
Mlocked:            6172 kB
HighTotal:             0 kB
HighFree:              0 kB
LowTotal:         482068 kB
LowFree:            6584 kB
SwapTotal:             0 kB
SwapFree:              0 kB
Dirty:                96 kB
Writeback:             0 kB
AnonPages:        308864 kB
Mapped:            78600 kB
Shmem:              3324 kB
Slab:              21116 kB
SReclaimable:       5048 kB
SUnreclaim:        16068 kB
KernelStack:        6272 kB
PageTables:         7856 kB
NFS_Unstable:          0 kB
Bounce:                0 kB
WritebackTmp:          0 kB
CommitLimit:      241032 kB
Committed_AS:    4186916 kB
VmallocTotal:     507904 kB
VmallocUsed:      132500 kB
VmallocChunk:     112576 kB
1557580999.000000
MemTotal:         482068 kB
MemFree:            7856 kB
Buffers:             392 kB
Cached:            64736 kB
SwapCached:            0 kB
Active:           337964 kB
Inactive:          33620 kB
Active(anon):     307812 kB
Inactive(anon):     3296 kB
Active(file):      30152 kB
Inactive(file):    30324 kB
Unevictable:        2020 kB
Mlocked:            6172 kB
HighTotal:             0 kB
HighFree:              0 kB
LowTotal:         482068 kB
LowFree:            7856 kB
SwapTotal:             0 kB
SwapFree:              0 kB
Dirty:                96 kB
Writeback:             0 kB
AnonPages:        308652 kB
Mapped:            77868 kB
Shmem:              3336 kB
Slab:              21228 kB
SReclaimable:       5048 kB
SUnreclaim:        16180 kB
KernelStack:        6280 kB
PageTables:         7852 kB
NFS_Unstable:          0 kB
Bounce:                0 kB
WritebackTmp:          0 kB
CommitLimit:      241032 kB
Committed_AS:    4188964 kB
VmallocTotal:     507904 kB
VmallocUsed:      132500 kB
VmallocChunk:     112576 kB
1557581000.000000
MemTotal:         482068 kB
MemFree:            8080 kB
Buffers:             408 kB
Cached:            64804 kB
SwapCached:            0 kB
Active:           337860 kB
Inactive:          33700 kB
Active(anon):     307728 kB
Inactive(anon):     3316 kB
Active(file):      30132 kB
Inactive(file):    30384 kB
Unevictable:        2020 kB
Mlocked:            6172 kB
HighTotal:             0 kB
HighFree:              0 kB
LowTotal:         482068 kB
LowFree:            8080 kB
SwapTotal:             0 kB
SwapFree:              0 kB
Dirty:                60 kB
Writeback:             0 kB
AnonPages:        308500 kB
Mapped:            77604 kB
Shmem:              3364 kB
Slab:              21128 kB
SReclaimable:       5048 kB
SUnreclaim:        16080 kB
KernelStack:        6280 kB
PageTables:         7860 kB
NFS_Unstable:          0 kB
Bounce:                0 kB
WritebackTmp:          0 kB
CommitLimit:      241032 kB
Committed_AS:    4190228 kB
VmallocTotal:     507904 kB
VmallocUsed:      132500 kB
VmallocChunk:     112576 kB
1557581001.000000
MemTotal:         482068 kB
MemFree:            7956 kB
Buffers:             408 kB
Cached:            63968 kB
SwapCached:            0 kB
Active:           338716 kB
Inactive:          33288 kB
Active(anon):     309028 kB
Inactive(anon):     3316 kB
Active(file):      29688 kB
Inactive(file):    29972 kB
Unevictable:        2020 kB
Mlocked:            6172 kB
HighTotal:             0 kB
HighFree:              0 kB
LowTotal:         482068 kB
LowFree:            7956 kB
SwapTotal:             0 kB
SwapFree:              0 kB
Dirty:                60 kB
Writeback:             0 kB
AnonPages:        309716 kB
Mapped:            77300 kB
Shmem:              3364 kB
Slab:              21128 kB
SReclaimable:       5048 kB
SUnreclaim:        16080 kB
KernelStack:        6280 kB
PageTables:         7936 kB
NFS_Unstable:          0 kB
Bounce:                0 kB
WritebackTmp:          0 kB
CommitLimit:      241032 kB
Committed_AS:    4188184 kB
VmallocTotal:     507904 kB
VmallocUsed:      132500 kB
VmallocChunk:     112576 kB
1557581002.000000
MemTotal:         482068 kB
MemFree:            7112 kB
Buffers:             408 kB
Cached:            63432 kB
SwapCached:            0 kB
Active:           339620 kB
Inactive:          33124 kB
Active(anon):     310252 kB
Inactive(anon):     3332 kB
Active(file):      29368 kB
Inactive(file):    29792 kB
Unevictable:        2020 kB
Mlocked:            6172 kB
HighTotal:             0 kB
HighFree:              0 kB
LowTotal:         482068 kB
LowFree:            7112 kB
SwapTotal:             0 kB
SwapFree:              0 kB
Dirty:                60 kB
Writeback:             0 kB
AnonPages:        310888 kB
Mapped:            76564 kB
Shmem:              3404 kB
Slab:              21116 kB
SReclaimable:       5048 kB
SUnreclaim:        16068 kB
KernelStack:        6280 kB
PageTables:         7876 kB
NFS_Unstable:          0 kB
Bounce:                0 kB
WritebackTmp:          0 kB
CommitLimit:      241032 kB
Committed_AS:    4189392 kB
VmallocTotal:     507904 kB
VmallocUsed:      132500 kB
VmallocChunk:     112576 kB
1557581003.000000
MemTotal:         482068 kB
MemFree:            4112 kB
Buffers:             432 kB
Cached:            63452 kB
SwapCached:            0 kB
Active:           342544 kB
Inactive:          33168 kB
Active(anon):     313156 kB
Inactive(anon):     3332 kB
Active(file):      29388 kB
Inactive(file):    29836 kB
Unevictable:        2020 kB
Mlocked:            6172 kB
HighTotal:             0 kB
HighFree:              0 kB
LowTotal:         482068 kB
LowFree:            4112 kB
SwapTotal:             0 kB
SwapFree:              0 kB
Dirty:                 0 kB
Writeback:             0 kB
AnonPages:        313804 kB
Mapped:            76568 kB
Shmem:              3404 kB
Slab:              21120 kB
SReclaimable:       5048 kB
SUnreclaim:        16072 kB
KernelStack:        6280 kB
PageTables:         7932 kB
NFS_Unstable:          0 kB
Bounce:                0 kB
WritebackTmp:          0 kB
CommitLimit:      241032 kB
Committed_AS:    4191508 kB
VmallocTotal:     507904 kB
VmallocUsed:      132500 kB
VmallocChunk:     112576 kB
1557581004.000000
MemTotal:         482068 kB
MemFree:            4608 kB
Buffers:             432 kB
Cached:            62020 kB
SwapCached:            0 kB
Active:           343460 kB
Inactive:          32208 kB
Active(anon):     314568 kB
Inactive(anon):     3328 kB
Active(file):      28892 kB
Inactive(file):    28880 kB
Unevictable:        2020 kB
Mlocked:            6172 kB
HighTotal:             0 kB
HighFree:              0 kB
LowTotal:         482068 kB
LowFree:            4608 kB
SwapTotal:             0 kB
SwapFree:              0 kB
Dirty:                24 kB
Writeback:             0 kB
AnonPages:        315376 kB
Mapped:            75284 kB
Shmem:              3404 kB
Slab:              21108 kB
SReclaimable:       5048 kB
SUnreclaim:        16060 kB
KernelStack:        6272 kB
PageTables:         7856 kB
NFS_Unstable:          0 kB
Bounce:                0 kB
WritebackTmp:          0 kB
CommitLimit:      241032 kB
Committed_AS:    4191580 kB
VmallocTotal:     507904 kB
VmallocUsed:      132500 kB
VmallocChunk:     112576 kB
1557581005.000000
MemTotal:         482068 kB
MemFree:            4252 kB
Buffers:             428 kB
Cached:            60700 kB
SwapCached:            0 kB
Active:           343928 kB
Inactive:          31608 kB
Active(anon):     315740 kB
Inactive(anon):     3328 kB
Active(file):      28188 kB
Inactive(file):    28280 kB
Unevictable:        2020 kB
Mlocked:            6172 kB
HighTotal:             0 kB
HighFree:              0 kB
LowTotal:         482068 kB
LowFree:            4252 kB
SwapTotal:             0 kB
SwapFree:              0 kB
Dirty:                24 kB
Writeback:             0 kB
AnonPages:        316400 kB
Mapped:            74212 kB
Shmem:              3404 kB
Slab:              21244 kB
SReclaimable:       5048 kB
SUnreclaim:        16196 kB
KernelStack:        6272 kB
PageTables:         7936 kB
NFS_Unstable:          0 kB
Bounce:                0 kB
WritebackTmp:          0 kB
CommitLimit:      241032 kB
Committed_AS:    4193656 kB
VmallocTotal:     507904 kB
VmallocUsed:      132500 kB
VmallocChunk:     112576 kB
1557581005.000000
MemTotal:         482068 kB
MemFree:            3840 kB
Buffers:             444 kB
Cached:            59084 kB
SwapCached:            0 kB
Active:           345344 kB
Inactive:          30780 kB
Active(anon):     317936 kB
Inactive(anon):     3320 kB
Active(file):      27408 kB
Inactive(file):    27460 kB
Unevictable:        2020 kB
Mlocked:            6172 kB
HighTotal:             0 kB
HighFree:              0 kB
LowTotal:         482068 kB
LowFree:            3840 kB
SwapTotal:             0 kB
SwapFree:              0 kB
Dirty:                24 kB
Writeback:             0 kB
AnonPages:        318632 kB
Mapped:            73264 kB
Shmem:              3404 kB
Slab:              21136 kB
SReclaimable:       5048 kB
SUnreclaim:        16088 kB
KernelStack:        6280 kB
PageTables:         7864 kB
NFS_Unstable:          0 kB
Bounce:                0 kB
WritebackTmp:          0 kB
CommitLimit:      241032 kB
Committed_AS:    4195476 kB
VmallocTotal:     507904 kB
VmallocUsed:      132500 kB
VmallocChunk:     112576 kB
1557581006.000000
MemTotal:         482068 kB
MemFree:            4112 kB
Buffers:             452 kB
Cached:            57700 kB
SwapCached:            0 kB
Active:           346064 kB
Inactive:          30144 kB
Active(anon):     319400 kB
Inactive(anon):     3316 kB
Active(file):      26664 kB
Inactive(file):    26828 kB
Unevictable:        2020 kB
Mlocked:            6172 kB
HighTotal:             0 kB
HighFree:              0 kB
LowTotal:         482068 kB
LowFree:            4112 kB
SwapTotal:             0 kB
SwapFree:              0 kB
Dirty:                 0 kB
Writeback:             0 kB
AnonPages:        320112 kB
Mapped:            72820 kB
Shmem:              3404 kB
Slab:              21116 kB
SReclaimable:       5048 kB
SUnreclaim:        16068 kB
KernelStack:        6280 kB
PageTables:         7876 kB
NFS_Unstable:          0 kB
Bounce:                0 kB
WritebackTmp:          0 kB
CommitLimit:      241032 kB
Committed_AS:    4196616 kB
VmallocTotal:     507904 kB
VmallocUsed:      132500 kB
VmallocChunk:     112576 kB
1557581007.000000
MemTotal:         482068 kB
MemFree:            8352 kB
Buffers:             452 kB
Cached:            56712 kB
SwapCached:            0 kB
Active:           341668 kB
Inactive:          29712 kB
Active(anon):     315604 kB
Inactive(anon):     3316 kB
Active(file):      26064 kB
Inactive(file):    26396 kB
Unevictable:        2020 kB
Mlocked:            6172 kB
HighTotal:             0 kB
HighFree:              0 kB
LowTotal:         482068 kB
LowFree:            8352 kB
SwapTotal:             0 kB
SwapFree:              0 kB
Dirty:                 0 kB
Writeback:             0 kB
AnonPages:        316312 kB
Mapped:            72820 kB
Shmem:              3404 kB
Slab:              21168 kB
SReclaimable:       5048 kB
SUnreclaim:        16120 kB
KernelStack:        6280 kB
PageTables:         7876 kB
NFS_Unstable:          0 kB
Bounce:                0 kB
WritebackTmp:          0 kB
CommitLimit:      241032 kB
Committed_AS:    4196604 kB
VmallocTotal:     507904 kB
VmallocUsed:      132500 kB
VmallocChunk:     112576 kB
1557581008.000000
MemTotal:         482068 kB
MemFree:            6956 kB
Buffers:             452 kB
Cached:            56700 kB
SwapCached:            0 kB
Active:           343060 kB
Inactive:          29740 kB
Active(anon):     316992 kB
Inactive(anon):     3316 kB
Active(file):      26068 kB
Inactive(file):    26424 kB
Unevictable:        2020 kB
Mlocked:            6172 kB
HighTotal:             0 kB
HighFree:              0 kB
LowTotal:         482068 kB
LowFree:            6956 kB
SwapTotal:             0 kB
SwapFree:              0 kB
Dirty:                 0 kB
Writeback:             0 kB
AnonPages:        317696 kB
Mapped:            72780 kB
Shmem:              3404 kB
Slab:              21124 kB
SReclaimable:       5044 kB
SUnreclaim:        16080 kB
KernelStack:        6272 kB
PageTables:         7868 kB
NFS_Unstable:          0 kB
Bounce:                0 kB
WritebackTmp:          0 kB
CommitLimit:      241032 kB
Committed_AS:    4196612 kB
VmallocTotal:     507904 kB
VmallocUsed:      132500 kB
VmallocChunk:     112576 kB
1557581009.000000
MemTotal:         482068 kB
MemFree:            6220 kB
Buffers:             452 kB
Cached:            56700 kB
SwapCached:            0 kB
Active:           343864 kB
Inactive:          29740 kB
Active(anon):     317796 kB
Inactive(anon):     3316 kB
Active(file):      26068 kB
Inactive(file):    26424 kB
Unevictable:        2020 kB
Mlocked:            6172 kB
HighTotal:             0 kB
HighFree:              0 kB
LowTotal:         482068 kB
LowFree:            6220 kB
SwapTotal:             0 kB
SwapFree:              0 kB
Dirty:                 0 kB
Writeback:             0 kB
AnonPages:        318400 kB
Mapped:            72856 kB
Shmem:              3404 kB
Slab:              21092 kB
SReclaimable:       5044 kB
SUnreclaim:        16048 kB
KernelStack:        6272 kB
PageTables:         7868 kB
NFS_Unstable:          0 kB
Bounce:                0 kB
WritebackTmp:          0 kB
CommitLimit:      241032 kB
Committed_AS:    4196832 kB
VmallocTotal:     507904 kB
VmallocUsed:      132500 kB
VmallocChunk:     112576 kB
1557581010.000000
MemTotal:         482068 kB
MemFree:            6220 kB
Buffers:             452 kB
Cached:            56708 kB
SwapCached:            0 kB
Active:           344104 kB
Inactive:          29748 kB
Active(anon):     318036 kB
Inactive(anon):     3316 kB
Active(file):      26068 kB
Inactive(file):    26432 kB
Unevictable:        2020 kB
Mlocked:            6172 kB
HighTotal:             0 kB
HighFree:              0 kB
LowTotal:         482068 kB
LowFree:            6220 kB
SwapTotal:             0 kB
SwapFree:              0 kB
Dirty:                 0 kB
Writeback:             0 kB
AnonPages:        318684 kB
Mapped:            72860 kB
Shmem:              3404 kB
Slab:              21148 kB
SReclaimable:       5044 kB
SUnreclaim:        16104 kB
KernelStack:        6272 kB
PageTables:         7944 kB
NFS_Unstable:          0 kB
Bounce:                0 kB
WritebackTmp:          0 kB
CommitLimit:      241032 kB
Committed_AS:    4196908 kB
VmallocTotal:     507904 kB
VmallocUsed:      132500 kB
VmallocChunk:     112576 kB
1557581010.000000
MemTotal:         482068 kB
MemFree:            5500 kB
Buffers:             452 kB
Cached:            56960 kB
SwapCached:            0 kB
Active:           344432 kB
Inactive:          30000 kB
Active(anon):     318364 kB
Inactive(anon):     3316 kB
Active(file):      26068 kB
Inactive(file):    26684 kB
Unevictable:        2020 kB
Mlocked:            6172 kB
HighTotal:             0 kB
HighFree:              0 kB
LowTotal:         482068 kB
LowFree:            5500 kB
SwapTotal:             0 kB
SwapFree:              0 kB
Dirty:                 0 kB
Writeback:             0 kB
AnonPages:        319016 kB
Mapped:            72808 kB
Shmem:              3404 kB
Slab:              21180 kB
SReclaimable:       5044 kB
SUnreclaim:        16136 kB
KernelStack:        6272 kB
PageTables:         7868 kB
NFS_Unstable:          0 kB
Bounce:                0 kB
WritebackTmp:          0 kB
CommitLimit:      241032 kB
Committed_AS:    4196800 kB
VmallocTotal:     507904 kB
VmallocUsed:      132500 kB
VmallocChunk:     112576 kB
1557581011.000000
MemTotal:         482068 kB
MemFree:            5708 kB
Buffers:             452 kB
Cached:            56960 kB
SwapCached:            0 kB
Active:           344432 kB
Inactive:          30000 kB
Active(anon):     318364 kB
Inactive(anon):     3316 kB
Active(file):      26068 kB
Inactive(file):    26684 kB
Unevictable:        2020 kB
Mlocked:            6172 kB
HighTotal:             0 kB
HighFree:              0 kB
LowTotal:         482068 kB
LowFree:            5708 kB
SwapTotal:             0 kB
SwapFree:              0 kB
Dirty:                 0 kB
Writeback:             0 kB
AnonPages:        319092 kB
Mapped:            72884 kB
Shmem:              3404 kB
Slab:              21180 kB
SReclaimable:       5044 kB
SUnreclaim:        16136 kB
KernelStack:        6272 kB
PageTables:         7868 kB
NFS_Unstable:          0 kB
Bounce:                0 kB
WritebackTmp:          0 kB
CommitLimit:      241032 kB
Committed_AS:    4196924 kB
VmallocTotal:     507904 kB
VmallocUsed:      132500 kB
VmallocChunk:     112576 kB
1557581012.000000
MemTotal:         482068 kB
MemFree:            5732 kB
Buffers:             460 kB
Cached:            56980 kB
SwapCached:            0 kB
Active:           344056 kB
Inactive:          30028 kB
Active(anon):     317988 kB
Inactive(anon):     3316 kB
Active(file):      26068 kB
Inactive(file):    26712 kB
Unevictable:        2020 kB
Mlocked:            6172 kB
HighTotal:             0 kB
HighFree:              0 kB
LowTotal:         482068 kB
LowFree:            5732 kB
SwapTotal:             0 kB
SwapFree:              0 kB
Dirty:                 0 kB
Writeback:             0 kB
AnonPages:        318676 kB
Mapped:            72888 kB
Shmem:              3404 kB
Slab:              21164 kB
SReclaimable:       5044 kB
SUnreclaim:        16120 kB
KernelStack:        6272 kB
PageTables:         7868 kB
NFS_Unstable:          0 kB
Bounce:                0 kB
WritebackTmp:          0 kB
CommitLimit:      241032 kB
Committed_AS:    4196976 kB
VmallocTotal:     507904 kB
VmallocUsed:      132500 kB
VmallocChunk:     112576 kB
1557581013.000000
MemTotal:         482068 kB
MemFree:           11924 kB
Buffers:             460 kB
Cached:            57076 kB
SwapCached:            0 kB
Active:           338020 kB
Inactive:          30140 kB
Active(anon):     311952 kB
Inactive(anon):     3316 kB
Active(file):      26068 kB
Inactive(file):    26824 kB
Unevictable:        2020 kB
Mlocked:            6172 kB
HighTotal:             0 kB
HighFree:              0 kB
LowTotal:         482068 kB
LowFree:           11924 kB
SwapTotal:             0 kB
SwapFree:              0 kB
Dirty:                28 kB
Writeback:             0 kB
AnonPages:        312632 kB
Mapped:            72900 kB
Shmem:              3416 kB
Slab:              21188 kB
SReclaimable:       5044 kB
SUnreclaim:        16144 kB
KernelStack:        6272 kB
PageTables:         7868 kB
NFS_Unstable:          0 kB
Bounce:                0 kB
WritebackTmp:          0 kB
CommitLimit:      241032 kB
Committed_AS:    4196264 kB
VmallocTotal:     507904 kB
VmallocUsed:      132500 kB
VmallocChunk:     112576 kB
1557581014.000000
MemTotal:         482068 kB
MemFree:           10528 kB
Buffers:             484 kB
Cached:            57616 kB
SwapCached:            0 kB
Active:           338576 kB
Inactive:          30676 kB
Active(anon):     312508 kB
Inactive(anon):     3316 kB
Active(file):      26068 kB
Inactive(file):    27360 kB
Unevictable:        2020 kB
Mlocked:            6172 kB
HighTotal:             0 kB
HighFree:              0 kB
LowTotal:         482068 kB
LowFree:           10528 kB
SwapTotal:             0 kB
SwapFree:              0 kB
Dirty:                32 kB
Writeback:             0 kB
AnonPages:        313220 kB
Mapped:            72940 kB
Shmem:              3416 kB
Slab:              21184 kB
SReclaimable:       5044 kB
SUnreclaim:        16140 kB
KernelStack:        6272 kB
PageTables:         7868 kB
NFS_Unstable:          0 kB
Bounce:                0 kB
WritebackTmp:          0 kB
CommitLimit:      241032 kB
Committed_AS:    4196428 kB
VmallocTotal:     507904 kB
VmallocUsed:      132500 kB
VmallocChunk:     112576 kB
1557581014.000000
MemTotal:         482068 kB
MemFree:           10560 kB
Buffers:             484 kB
Cached:            57624 kB
SwapCached:            0 kB
Active:           338640 kB
Inactive:          30684 kB
Active(anon):     312572 kB
Inactive(anon):     3316 kB
Active(file):      26068 kB
Inactive(file):    27368 kB
Unevictable:        2020 kB
Mlocked:            6172 kB
HighTotal:             0 kB
HighFree:              0 kB
LowTotal:         482068 kB
LowFree:           10560 kB
SwapTotal:             0 kB
SwapFree:              0 kB
Dirty:                32 kB
Writeback:             0 kB
AnonPages:        313196 kB
Mapped:            72960 kB
Shmem:              3416 kB
Slab:              21168 kB
SReclaimable:       5048 kB
SUnreclaim:        16120 kB
KernelStack:        6280 kB
PageTables:         7896 kB
NFS_Unstable:          0 kB
Bounce:                0 kB
WritebackTmp:          0 kB
CommitLimit:      241032 kB
Committed_AS:    4196488 kB
VmallocTotal:     507904 kB
VmallocUsed:      132500 kB
VmallocChunk:     112576 kB
1557581015.000000
MemTotal:         482068 kB
MemFree:           10172 kB
Buffers:             484 kB
Cached:            57852 kB
SwapCached:            0 kB
Active:           338848 kB
Inactive:          30944 kB
Active(anon):     312780 kB
Inactive(anon):     3316 kB
Active(file):      26068 kB
Inactive(file):    27628 kB
Unevictable:        2020 kB
Mlocked:            6172 kB
HighTotal:             0 kB
HighFree:              0 kB
LowTotal:         482068 kB
LowFree:           10172 kB
SwapTotal:             0 kB
SwapFree:              0 kB
Dirty:                32 kB
Writeback:             0 kB
AnonPages:        313424 kB
Mapped:            73036 kB
Shmem:              3416 kB
Slab:              21220 kB
SReclaimable:       5048 kB
SUnreclaim:        16172 kB
KernelStack:        6280 kB
PageTables:         7896 kB
NFS_Unstable:          0 kB
Bounce:                0 kB
WritebackTmp:          0 kB
CommitLimit:      241032 kB
Committed_AS:    4196620 kB
VmallocTotal:     507904 kB
VmallocUsed:      132500 kB
VmallocChunk:     112576 kB
1557581016.000000
MemTotal:         482068 kB
MemFree:           10156 kB
Buffers:             484 kB
Cached:            57888 kB
SwapCached:            0 kB
Active:           338944 kB
Inactive:          30948 kB
Active(anon):     312876 kB
Inactive(anon):     3316 kB
Active(file):      26068 kB
Inactive(file):    27632 kB
Unevictable:        2020 kB
Mlocked:            6172 kB
HighTotal:             0 kB
HighFree:              0 kB
LowTotal:         482068 kB
LowFree:           10156 kB
SwapTotal:             0 kB
SwapFree:              0 kB
Dirty:                 0 kB
Writeback:             0 kB
AnonPages:        313488 kB
Mapped:            73044 kB
Shmem:              3416 kB
Slab:              21188 kB
SReclaimable:       5048 kB
SUnreclaim:        16140 kB
KernelStack:        6272 kB
PageTables:         7944 kB
NFS_Unstable:          0 kB
Bounce:                0 kB
WritebackTmp:          0 kB
CommitLimit:      241032 kB
Committed_AS:    4196648 kB
VmallocTotal:     507904 kB
VmallocUsed:      132500 kB
VmallocChunk:     112576 kB
1557581017.000000
MemTotal:         482068 kB
MemFree:            9188 kB
Buffers:             484 kB
Cached:            57964 kB
SwapCached:            0 kB
Active:           339696 kB
Inactive:          31048 kB
Active(anon):     313628 kB
Inactive(anon):     3312 kB
Active(file):      26068 kB
Inactive(file):    27736 kB
Unevictable:        2020 kB
Mlocked:            6172 kB
HighTotal:             0 kB
HighFree:              0 kB
LowTotal:         482068 kB
LowFree:            9188 kB
SwapTotal:             0 kB
SwapFree:              0 kB
Dirty:                 0 kB
Writeback:             0 kB
AnonPages:        314296 kB
Mapped:            72968 kB
Shmem:              3416 kB
Slab:              21248 kB
SReclaimable:       5048 kB
SUnreclaim:        16200 kB
KernelStack:        6272 kB
PageTables:         7868 kB
NFS_Unstable:          0 kB
Bounce:                0 kB
WritebackTmp:          0 kB
CommitLimit:      241032 kB
Committed_AS:    4196828 kB
VmallocTotal:     507904 kB
VmallocUsed:      132500 kB
VmallocChunk:     112576 kB
1557581018.000000
MemTotal:         482068 kB
MemFree:            5600 kB
Buffers:             484 kB
Cached:            60064 kB
SwapCached:            0 kB
Active:           341204 kB
Inactive:          33048 kB
Active(anon):     315136 kB
Inactive(anon):     3300 kB
Active(file):      26068 kB
Inactive(file):    29748 kB
Unevictable:        2020 kB
Mlocked:            6172 kB
HighTotal:             0 kB
HighFree:              0 kB
LowTotal:         482068 kB
LowFree:            5600 kB
SwapTotal:             0 kB
SwapFree:              0 kB
Dirty:                 0 kB
Writeback:             0 kB
AnonPages:        315860 kB
Mapped:            73348 kB
Shmem:              3416 kB
Slab:              21256 kB
SReclaimable:       5048 kB
SUnreclaim:        16208 kB
KernelStack:        6272 kB
PageTables:         7944 kB
NFS_Unstable:          0 kB
Bounce:                0 kB
WritebackTmp:          0 kB
CommitLimit:      241032 kB
Committed_AS:    4196660 kB
VmallocTotal:     507904 kB
VmallocUsed:      132500 kB
VmallocChunk:     112576 kB
1557581018.000000
MemTotal:         482068 kB
MemFree:            5848 kB
Buffers:             492 kB
Cached:            60056 kB
SwapCached:            0 kB
Active:           340952 kB
Inactive:          33108 kB
Active(anon):     314884 kB
Inactive(anon):     3300 kB
Active(file):      26068 kB
Inactive(file):    29808 kB
Unevictable:        2020 kB
Mlocked:            6172 kB
HighTotal:             0 kB
HighFree:              0 kB
LowTotal:         482068 kB
LowFree:            5848 kB
SwapTotal:             0 kB
SwapFree:              0 kB
Dirty:                 0 kB
Writeback:             0 kB
AnonPages:        315580 kB
Mapped:            73276 kB
Shmem:              3416 kB
Slab:              21248 kB
SReclaimable:       5048 kB
SUnreclaim:        16200 kB
KernelStack:        6280 kB
PageTables:         7880 kB
NFS_Unstable:          0 kB
Bounce:                0 kB
WritebackTmp:          0 kB
CommitLimit:      241032 kB
Committed_AS:    4196740 kB
VmallocTotal:     507904 kB
VmallocUsed:      132500 kB
VmallocChunk:     112576 kB
1557581019.000000
MemTotal:         482068 kB
MemFree:            5608 kB
Buffers:             492 kB
Cached:            60056 kB
SwapCached:            0 kB
Active:           341080 kB
Inactive:          33108 kB
Active(anon):     315012 kB
Inactive(anon):     3300 kB
Active(file):      26068 kB
Inactive(file):    29808 kB
Unevictable:        2020 kB
Mlocked:            6172 kB
HighTotal:             0 kB
HighFree:              0 kB
LowTotal:         482068 kB
LowFree:            5608 kB
SwapTotal:             0 kB
SwapFree:              0 kB
Dirty:                 0 kB
Writeback:             0 kB
AnonPages:        315696 kB
Mapped:            73288 kB
Shmem:              3416 kB
Slab:              21260 kB
SReclaimable:       5048 kB
SUnreclaim:        16212 kB
KernelStack:        6248 kB
PageTables:         7856 kB
NFS_Unstable:          0 kB
Bounce:                0 kB
WritebackTmp:          0 kB
CommitLimit:      241032 kB
Committed_AS:    4196880 kB
VmallocTotal:     507904 kB
VmallocUsed:      132500 kB
VmallocChunk:     112576 kB
1557581020.000000
MemTotal:         482068 kB
MemFree:            5004 kB
Buffers:             492 kB
Cached:            60060 kB
SwapCached:            0 kB
Active:           341524 kB
Inactive:          33108 kB
Active(anon):     315456 kB
Inactive(anon):     3296 kB
Active(file):      26068 kB
Inactive(file):    29812 kB
Unevictable:        2020 kB
Mlocked:            6172 kB
HighTotal:             0 kB
HighFree:              0 kB
LowTotal:         482068 kB
LowFree:            5004 kB
SwapTotal:             0 kB
SwapFree:              0 kB
Dirty:                28 kB
Writeback:             0 kB
AnonPages:        316080 kB
Mapped:            73292 kB
Shmem:              3416 kB
Slab:              21316 kB
SReclaimable:       5048 kB
SUnreclaim:        16268 kB
KernelStack:        6280 kB
PageTables:         7892 kB
NFS_Unstable:          0 kB
Bounce:                0 kB
WritebackTmp:          0 kB
CommitLimit:      241032 kB
Committed_AS:    4196908 kB
VmallocTotal:     507904 kB
VmallocUsed:      132500 kB
VmallocChunk:     112576 kB
1557581021.000000
MemTotal:         482068 kB
MemFree:            4896 kB
Buffers:             492 kB
Cached:            60060 kB
SwapCached:            0 kB
Active:           341684 kB
Inactive:          33108 kB
Active(anon):     315616 kB
Inactive(anon):     3296 kB
Active(file):      26068 kB
Inactive(file):    29812 kB
Unevictable:        2020 kB
Mlocked:            6172 kB
HighTotal:             0 kB
HighFree:              0 kB
LowTotal:         482068 kB
LowFree:            4896 kB
SwapTotal:             0 kB
SwapFree:              0 kB
Dirty:                28 kB
Writeback:             0 kB
AnonPages:        316380 kB
Mapped:            73368 kB
Shmem:              3416 kB
Slab:              21340 kB
SReclaimable:       5048 kB
SUnreclaim:        16292 kB
KernelStack:        6272 kB
PageTables:         7868 kB
NFS_Unstable:          0 kB
Bounce:                0 kB
WritebackTmp:          0 kB
CommitLimit:      241032 kB
Committed_AS:    4196948 kB
VmallocTotal:     507904 kB
VmallocUsed:      132500 kB
VmallocChunk:     112576 kB
1557581022.000000
MemTotal:         482068 kB
MemFree:            4600 kB
Buffers:             492 kB
Cached:            60080 kB
SwapCached:            0 kB
Active:           341904 kB
Inactive:          33128 kB
Active(anon):     315836 kB
Inactive(anon):     3308 kB
Active(file):      26068 kB
Inactive(file):    29820 kB
Unevictable:        2020 kB
Mlocked:            6172 kB
HighTotal:             0 kB
HighFree:              0 kB
LowTotal:         482068 kB
LowFree:            4600 kB
SwapTotal:             0 kB
SwapFree:              0 kB
Dirty:                28 kB
Writeback:             0 kB
AnonPages:        316400 kB
Mapped:            73384 kB
Shmem:              3428 kB
Slab:              21320 kB
SReclaimable:       5048 kB
SUnreclaim:        16272 kB
KernelStack:        6264 kB
PageTables:         7868 kB
NFS_Unstable:          0 kB
Bounce:                0 kB
WritebackTmp:          0 kB
CommitLimit:      241032 kB
Committed_AS:    4196964 kB
VmallocTotal:     507904 kB
VmallocUsed:      132500 kB
VmallocChunk:     112576 kB
1557581023.000000
MemTotal:         482068 kB
MemFree:            4632 kB
Buffers:             492 kB
Cached:            60080 kB
SwapCached:            0 kB
Active:           341932 kB
Inactive:          33128 kB
Active(anon):     315864 kB
Inactive(anon):     3308 kB
Active(file):      26068 kB
Inactive(file):    29820 kB
Unevictable:        2020 kB
Mlocked:            6172 kB
HighTotal:             0 kB
HighFree:              0 kB
LowTotal:         482068 kB
LowFree:            4632 kB
SwapTotal:             0 kB
SwapFree:              0 kB
Dirty:                 0 kB
Writeback:             0 kB
AnonPages:        316504 kB
Mapped:            73352 kB
Shmem:              3428 kB
Slab:              21336 kB
SReclaimable:       5048 kB
SUnreclaim:        16288 kB
KernelStack:        6272 kB
PageTables:         7956 kB
NFS_Unstable:          0 kB
Bounce:                0 kB
WritebackTmp:          0 kB
CommitLimit:      241032 kB
Committed_AS:    4196992 kB
VmallocTotal:     507904 kB
VmallocUsed:      132500 kB
VmallocChunk:     112576 kB
1557581023.000000
MemTotal:         482068 kB
MemFree:            4492 kB
Buffers:             492 kB
Cached:            60080 kB
SwapCached:            0 kB
Active:           342020 kB
Inactive:          33128 kB
Active(anon):     315952 kB
Inactive(anon):     3308 kB
Active(file):      26068 kB
Inactive(file):    29820 kB
Unevictable:        2020 kB
Mlocked:            6172 kB
HighTotal:             0 kB
HighFree:              0 kB
LowTotal:         482068 kB
LowFree:            4492 kB
SwapTotal:             0 kB
SwapFree:              0 kB
Dirty:                 0 kB
Writeback:             0 kB
AnonPages:        316660 kB
Mapped:            73292 kB
Shmem:              3428 kB
Slab:              21296 kB
SReclaimable:       5048 kB
SUnreclaim:        16248 kB
KernelStack:        6272 kB
PageTables:         7880 kB
NFS_Unstable:          0 kB
Bounce:                0 kB
WritebackTmp:          0 kB
CommitLimit:      241032 kB
Committed_AS:    4197028 kB
VmallocTotal:     507904 kB
VmallocUsed:      132500 kB
VmallocChunk:     112576 kB
1557581024.000000
MemTotal:         482068 kB
MemFree:            4120 kB
Buffers:             492 kB
Cached:            60384 kB
SwapCached:            0 kB
Active:           342436 kB
Inactive:          33440 kB
Active(anon):     316368 kB
Inactive(anon):     3308 kB
Active(file):      26068 kB
Inactive(file):    30132 kB
Unevictable:        2020 kB
Mlocked:            6172 kB
HighTotal:             0 kB
HighFree:              0 kB
LowTotal:         482068 kB
LowFree:            4120 kB
SwapTotal:             0 kB
SwapFree:              0 kB
Dirty:                 0 kB
Writeback:             0 kB
AnonPages:        317040 kB
Mapped:            73368 kB
Shmem:              3428 kB
Slab:              21296 kB
SReclaimable:       5048 kB
SUnreclaim:        16248 kB
KernelStack:        6272 kB
PageTables:         7880 kB
NFS_Unstable:          0 kB
Bounce:                0 kB
WritebackTmp:          0 kB
CommitLimit:      241032 kB
Committed_AS:    4196928 kB
VmallocTotal:     507904 kB
VmallocUsed:      132500 kB
VmallocChunk:     112576 kB
1557581025.000000
MemTotal:         482068 kB
MemFree:            4376 kB
Buffers:             492 kB
Cached:            58772 kB
SwapCached:            0 kB
Active:           343904 kB
Inactive:          31816 kB
Active(anon):     317836 kB
Inactive(anon):     3308 kB
Active(file):      26068 kB
Inactive(file):    28508 kB
Unevictable:        2020 kB
Mlocked:            6172 kB
HighTotal:             0 kB
HighFree:              0 kB
LowTotal:         482068 kB
LowFree:            4376 kB
SwapTotal:             0 kB
SwapFree:              0 kB
Dirty:                 0 kB
Writeback:             0 kB
AnonPages:        318524 kB
Mapped:            73336 kB
Shmem:              3428 kB
Slab:              21312 kB
SReclaimable:       5048 kB
SUnreclaim:        16264 kB
KernelStack:        6256 kB
PageTables:         7868 kB
NFS_Unstable:          0 kB
Bounce:                0 kB
WritebackTmp:          0 kB
CommitLimit:      241032 kB
Committed_AS:    4197060 kB
VmallocTotal:     507904 kB
VmallocUsed:      132500 kB
VmallocChunk:     112576 kB
1557581026.000000
MemTotal:         482068 kB
MemFree:            4244 kB
Buffers:             492 kB
Cached:            58776 kB
SwapCached:            0 kB
Active:           343924 kB
Inactive:          31820 kB
Active(anon):     317852 kB
Inactive(anon):     3308 kB
Active(file):      26072 kB
Inactive(file):    28512 kB
Unevictable:        2020 kB
Mlocked:            6172 kB
HighTotal:             0 kB
HighFree:              0 kB
LowTotal:         482068 kB
LowFree:            4244 kB
SwapTotal:             0 kB
SwapFree:              0 kB
Dirty:                 0 kB
Writeback:             0 kB
AnonPages:        318600 kB
Mapped:            73336 kB
Shmem:              3428 kB
Slab:              21280 kB
SReclaimable:       5048 kB
SUnreclaim:        16232 kB
KernelStack:        6256 kB
PageTables:         7868 kB
NFS_Unstable:          0 kB
Bounce:                0 kB
WritebackTmp:          0 kB
CommitLimit:      241032 kB
Committed_AS:    4196996 kB
VmallocTotal:     507904 kB
VmallocUsed:      132500 kB
VmallocChunk:     112576 kB
1557581027.000000
MemTotal:         482068 kB
MemFree:            3904 kB
Buffers:             492 kB
Cached:            58776 kB
SwapCached:            0 kB
Active:           343940 kB
Inactive:          31820 kB
Active(anon):     317868 kB
Inactive(anon):     3308 kB
Active(file):      26072 kB
Inactive(file):    28512 kB
Unevictable:        2020 kB
Mlocked:            6172 kB
HighTotal:             0 kB
HighFree:              0 kB
LowTotal:         482068 kB
LowFree:            3904 kB
SwapTotal:             0 kB
SwapFree:              0 kB
Dirty:                 0 kB
Writeback:             0 kB
AnonPages:        318612 kB
Mapped:            73336 kB
Shmem:              3428 kB
Slab:              21296 kB
SReclaimable:       5048 kB
SUnreclaim:        16248 kB
KernelStack:        6240 kB
PageTables:         7868 kB
NFS_Unstable:          0 kB
Bounce:                0 kB
WritebackTmp:          0 kB
CommitLimit:      241032 kB
Committed_AS:    4196996 kB
VmallocTotal:     507904 kB
VmallocUsed:      132500 kB
VmallocChunk:     112576 kB
1557581027.000000
MemTotal:         482068 kB
MemFree:            3672 kB
Buffers:             492 kB
Cached:            58880 kB
SwapCached:            0 kB
Active:           344036 kB
Inactive:          31924 kB
Active(anon):     317964 kB
Inactive(anon):     3308 kB
Active(file):      26072 kB
Inactive(file):    28616 kB
Unevictable:        2020 kB
Mlocked:            6172 kB
HighTotal:             0 kB
HighFree:              0 kB
LowTotal:         482068 kB
LowFree:            3672 kB
SwapTotal:             0 kB
SwapFree:              0 kB
Dirty:                 0 kB
Writeback:             0 kB
AnonPages:        318600 kB
Mapped:            73324 kB
Shmem:              3428 kB
Slab:              21292 kB
SReclaimable:       5048 kB
SUnreclaim:        16244 kB
KernelStack:        6224 kB
PageTables:         7876 kB
NFS_Unstable:          0 kB
Bounce:                0 kB
WritebackTmp:          0 kB
CommitLimit:      241032 kB
Committed_AS:    4196932 kB
VmallocTotal:     507904 kB
VmallocUsed:      132500 kB
VmallocChunk:     112576 kB
1557581028.000000
MemTotal:         482068 kB
MemFree:            4184 kB
Buffers:             492 kB
Cached:            57664 kB
SwapCached:            0 kB
Active:           344660 kB
Inactive:          30708 kB
Active(anon):     318588 kB
Inactive(anon):     3308 kB
Active(file):      26072 kB
Inactive(file):    27400 kB
Unevictable:        2020 kB
Mlocked:            6172 kB
HighTotal:             0 kB
HighFree:              0 kB
LowTotal:         482068 kB
LowFree:            4184 kB
SwapTotal:             0 kB
SwapFree:              0 kB
Dirty:                 0 kB
Writeback:             0 kB
AnonPages:        319284 kB
Mapped:            73324 kB
Shmem:              3428 kB
Slab:              21292 kB
SReclaimable:       5048 kB
SUnreclaim:        16244 kB
KernelStack:        6224 kB
PageTables:         7876 kB
NFS_Unstable:          0 kB
Bounce:                0 kB
WritebackTmp:          0 kB
CommitLimit:      241032 kB
Committed_AS:    4196924 kB
VmallocTotal:     507904 kB
VmallocUsed:      132500 kB
VmallocChunk:     112576 kB
1557581029.000000
MemTotal:         482068 kB
MemFree:            4812 kB
Buffers:             516 kB
Cached:            56600 kB
SwapCached:            0 kB
Active:           345372 kB
Inactive:          29572 kB
Active(anon):     319272 kB
Inactive(anon):     3308 kB
Active(file):      26100 kB
Inactive(file):    26264 kB
Unevictable:        2020 kB
Mlocked:            6172 kB
HighTotal:             0 kB
HighFree:              0 kB
LowTotal:         482068 kB
LowFree:            4812 kB
SwapTotal:             0 kB
SwapFree:              0 kB
Dirty:                 0 kB
Writeback:             0 kB
AnonPages:        319952 kB
Mapped:            73340 kB
Shmem:              3428 kB
Slab:              21232 kB
SReclaimable:       5048 kB
SUnreclaim:        16184 kB
KernelStack:        6224 kB
PageTables:         7940 kB
NFS_Unstable:          0 kB
Bounce:                0 kB
WritebackTmp:          0 kB
CommitLimit:      241032 kB
Committed_AS:    4196932 kB
VmallocTotal:     507904 kB
VmallocUsed:      132500 kB
VmallocChunk:     112576 kB
1557581030.000000
MemTotal:         482068 kB
MemFree:            4912 kB
Buffers:             516 kB
Cached:            56604 kB
SwapCached:            0 kB
Active:           345256 kB
Inactive:          29620 kB
Active(anon):     319132 kB
Inactive(anon):     3308 kB
Active(file):      26124 kB
Inactive(file):    26312 kB
Unevictable:        2020 kB
Mlocked:            6172 kB
HighTotal:             0 kB
HighFree:              0 kB
LowTotal:         482068 kB
LowFree:            4912 kB
SwapTotal:             0 kB
SwapFree:              0 kB
Dirty:                32 kB
Writeback:             0 kB
AnonPages:        319884 kB
Mapped:            73340 kB
Shmem:              3428 kB
Slab:              21292 kB
SReclaimable:       5048 kB
SUnreclaim:        16244 kB
KernelStack:        6216 kB
PageTables:         7940 kB
NFS_Unstable:          0 kB
Bounce:                0 kB
WritebackTmp:          0 kB
CommitLimit:      241032 kB
Committed_AS:    4196944 kB
VmallocTotal:     507904 kB
VmallocUsed:      132500 kB
VmallocChunk:     112576 kB
1557581031.000000
MemTotal:         482068 kB
MemFree:            4664 kB
Buffers:             516 kB
Cached:            56604 kB
SwapCached:            0 kB
Active:           345528 kB
Inactive:          29620 kB
Active(anon):     319404 kB
Inactive(anon):     3308 kB
Active(file):      26124 kB
Inactive(file):    26312 kB
Unevictable:        2020 kB
Mlocked:            6172 kB
HighTotal:             0 kB
HighFree:              0 kB
LowTotal:         482068 kB
LowFree:            4664 kB
SwapTotal:             0 kB
SwapFree:              0 kB
Dirty:                32 kB
Writeback:             0 kB
AnonPages:        320168 kB
Mapped:            73324 kB
Shmem:              3428 kB
Slab:              21280 kB
SReclaimable:       5048 kB
SUnreclaim:        16232 kB
KernelStack:        6216 kB
PageTables:         7852 kB
NFS_Unstable:          0 kB
Bounce:                0 kB
WritebackTmp:          0 kB
CommitLimit:      241032 kB
Committed_AS:    4196932 kB
VmallocTotal:     507904 kB
VmallocUsed:      132500 kB
VmallocChunk:     112576 kB
1557581031.000000
MemTotal:         482068 kB
MemFree:            4664 kB
Buffers:             516 kB
Cached:            56604 kB
SwapCached:            0 kB
Active:           345652 kB
Inactive:          29620 kB
Active(anon):     319528 kB
Inactive(anon):     3308 kB
Active(file):      26124 kB
Inactive(file):    26312 kB
Unevictable:        2020 kB
Mlocked:            6172 kB
HighTotal:             0 kB
HighFree:              0 kB
LowTotal:         482068 kB
LowFree:            4664 kB
SwapTotal:             0 kB
SwapFree:              0 kB
Dirty:                32 kB
Writeback:             0 kB
AnonPages:        320164 kB
Mapped:            73372 kB
Shmem:              3428 kB
Slab:              21292 kB
SReclaimable:       5048 kB
SUnreclaim:        16244 kB
KernelStack:        6200 kB
PageTables:         7852 kB
NFS_Unstable:          0 kB
Bounce:                0 kB
WritebackTmp:          0 kB
CommitLimit:      241032 kB
Committed_AS:    4196960 kB
VmallocTotal:     507904 kB
VmallocUsed:      132500 kB
VmallocChunk:     112576 kB
1557581032.000000
MemTotal:         482068 kB
MemFree:            4160 kB
Buffers:             516 kB
Cached:            56756 kB
SwapCached:            0 kB
Active:           346004 kB
Inactive:          29776 kB
Active(anon):     319880 kB
Inactive(anon):     3308 kB
Active(file):      26124 kB
Inactive(file):    26468 kB
Unevictable:        2020 kB
Mlocked:            6172 kB
HighTotal:             0 kB
HighFree:              0 kB
LowTotal:         482068 kB
LowFree:            4160 kB
SwapTotal:             0 kB
SwapFree:              0 kB
Dirty:                32 kB
Writeback:             0 kB
AnonPages:        320516 kB
Mapped:            73340 kB
Shmem:              3428 kB
Slab:              21268 kB
SReclaimable:       5048 kB
SUnreclaim:        16220 kB
KernelStack:        6224 kB
PageTables:         7868 kB
NFS_Unstable:          0 kB
Bounce:                0 kB
WritebackTmp:          0 kB
CommitLimit:      241032 kB
Committed_AS:    4197052 kB
VmallocTotal:     507904 kB
VmallocUsed:      132500 kB
VmallocChunk:     112576 kB
1557581033.000000
MemTotal:         482068 kB
MemFree:           20176 kB
Buffers:             516 kB
Cached:            55180 kB
SwapCached:            0 kB
Active:           331168 kB
Inactive:          28760 kB
Active(anon):     305608 kB
Inactive(anon):     3308 kB
Active(file):      25560 kB
Inactive(file):    25452 kB
Unevictable:        2020 kB
Mlocked:            6172 kB
HighTotal:             0 kB
HighFree:              0 kB
LowTotal:         482068 kB
LowFree:           20176 kB
SwapTotal:             0 kB
SwapFree:              0 kB
Dirty:                 0 kB
Writeback:             0 kB
AnonPages:        306268 kB
Mapped:            73204 kB
Shmem:              3428 kB
Slab:              21260 kB
SReclaimable:       5048 kB
SUnreclaim:        16212 kB
KernelStack:        6120 kB
PageTables:         7560 kB
NFS_Unstable:          0 kB
Bounce:                0 kB
WritebackTmp:          0 kB
CommitLimit:      241032 kB
Committed_AS:    4044044 kB
VmallocTotal:     507904 kB
VmallocUsed:      130456 kB
VmallocChunk:     112576 kB
1557581034.000000
MemTotal:         482068 kB
MemFree:           20432 kB
Buffers:             516 kB
Cached:            55252 kB
SwapCached:            0 kB
Active:           331220 kB
Inactive:          28816 kB
Active(anon):     305644 kB
Inactive(anon):     3308 kB
Active(file):      25576 kB
Inactive(file):    25508 kB
Unevictable:        2020 kB
Mlocked:            6172 kB
HighTotal:             0 kB
HighFree:              0 kB
LowTotal:         482068 kB
LowFree:           20432 kB
SwapTotal:             0 kB
SwapFree:              0 kB
Dirty:                 0 kB
Writeback:             0 kB
AnonPages:        306336 kB
Mapped:            73128 kB
Shmem:              3428 kB
Slab:              21276 kB
SReclaimable:       5048 kB
SUnreclaim:        16228 kB
KernelStack:        6056 kB
PageTables:         7532 kB
NFS_Unstable:          0 kB
Bounce:                0 kB
WritebackTmp:          0 kB
CommitLimit:      241032 kB
Committed_AS:    4044160 kB
VmallocTotal:     507904 kB
VmallocUsed:      130456 kB
VmallocChunk:     112576 kB
1557581034.000000
MemTotal:         482068 kB
MemFree:           20480 kB
Buffers:             524 kB
Cached:            55244 kB
SwapCached:            0 kB
Active:           331316 kB
Inactive:          28816 kB
Active(anon):     305740 kB
Inactive(anon):     3308 kB
Active(file):      25576 kB
Inactive(file):    25508 kB
Unevictable:        2020 kB
Mlocked:            6172 kB
HighTotal:             0 kB
HighFree:              0 kB
LowTotal:         482068 kB
LowFree:           20480 kB
SwapTotal:             0 kB
SwapFree:              0 kB
Dirty:                28 kB
Writeback:             0 kB
AnonPages:        306380 kB
Mapped:            73128 kB
Shmem:              3428 kB
Slab:              21300 kB
SReclaimable:       5048 kB
SUnreclaim:        16252 kB
KernelStack:        6064 kB
PageTables:         7532 kB
NFS_Unstable:          0 kB
Bounce:                0 kB
WritebackTmp:          0 kB
CommitLimit:      241032 kB
Committed_AS:    4044144 kB
VmallocTotal:     507904 kB
VmallocUsed:      130456 kB
VmallocChunk:     112576 kB
1557581035.000000
MemTotal:         482068 kB
MemFree:           17580 kB
Buffers:             524 kB
Cached:            57904 kB
SwapCached:            0 kB
Active:           331576 kB
Inactive:          31468 kB
Active(anon):     306000 kB
Inactive(anon):     3308 kB
Active(file):      25576 kB
Inactive(file):    28160 kB
Unevictable:        2020 kB
Mlocked:            6172 kB
HighTotal:             0 kB
HighFree:              0 kB
LowTotal:         482068 kB
LowFree:           17580 kB
SwapTotal:             0 kB
SwapFree:              0 kB
Dirty:                28 kB
Writeback:             0 kB
AnonPages:        306684 kB
Mapped:            73280 kB
Shmem:              3428 kB
Slab:              21300 kB
SReclaimable:       5048 kB
SUnreclaim:        16252 kB
KernelStack:        6064 kB
PageTables:         7608 kB
NFS_Unstable:          0 kB
Bounce:                0 kB
WritebackTmp:          0 kB
CommitLimit:      241032 kB
Committed_AS:    4044204 kB
VmallocTotal:     507904 kB
VmallocUsed:      130456 kB
VmallocChunk:     112576 kB
1557581036.000000
MemTotal:         482068 kB
MemFree:           16868 kB
Buffers:             524 kB
Cached:            57948 kB
SwapCached:            0 kB
Active:           332276 kB
Inactive:          31520 kB
Active(anon):     306700 kB
Inactive(anon):     3308 kB
Active(file):      25576 kB
Inactive(file):    28212 kB
Unevictable:        2020 kB
Mlocked:            6172 kB
HighTotal:             0 kB
HighFree:              0 kB
LowTotal:         482068 kB
LowFree:           16868 kB
SwapTotal:             0 kB
SwapFree:              0 kB
Dirty:                28 kB
Writeback:             0 kB
AnonPages:        307348 kB
Mapped:            73268 kB
Shmem:              3428 kB
Slab:              21280 kB
SReclaimable:       5048 kB
SUnreclaim:        16232 kB
KernelStack:        6064 kB
PageTables:         7532 kB
NFS_Unstable:          0 kB
Bounce:                0 kB
WritebackTmp:          0 kB
CommitLimit:      241032 kB
Committed_AS:    4044236 kB
VmallocTotal:     507904 kB
VmallocUsed:      130456 kB
VmallocChunk:     112576 kB
1557581037.000000
MemTotal:         482068 kB
MemFree:           15728 kB
Buffers:             524 kB
Cached:            57948 kB
SwapCached:            0 kB
Active:           332996 kB
Inactive:          31520 kB
Active(anon):     307420 kB
Inactive(anon):     3308 kB
Active(file):      25576 kB
Inactive(file):    28212 kB
Unevictable:        2020 kB
Mlocked:            6172 kB
HighTotal:             0 kB
HighFree:              0 kB
LowTotal:         482068 kB
LowFree:           15728 kB
SwapTotal:             0 kB
SwapFree:              0 kB
Dirty:                28 kB
Writeback:             0 kB
AnonPages:        308044 kB
Mapped:            73344 kB
Shmem:              3428 kB
Slab:              21300 kB
SReclaimable:       5048 kB
SUnreclaim:        16252 kB
KernelStack:        6056 kB
PageTables:         7532 kB
NFS_Unstable:          0 kB
Bounce:                0 kB
WritebackTmp:          0 kB
CommitLimit:      241032 kB
Committed_AS:    4046296 kB
VmallocTotal:     507904 kB
VmallocUsed:      130456 kB
VmallocChunk:     112576 kB
1557581038.000000
MemTotal:         482068 kB
MemFree:           15860 kB
Buffers:             524 kB
Cached:            57948 kB
SwapCached:            0 kB
Active:           332988 kB
Inactive:          31520 kB
Active(anon):     307412 kB
Inactive(anon):     3308 kB
Active(file):      25576 kB
Inactive(file):    28212 kB
Unevictable:        2020 kB
Mlocked:            6172 kB
HighTotal:             0 kB
HighFree:              0 kB
LowTotal:         482068 kB
LowFree:           15860 kB
SwapTotal:             0 kB
SwapFree:              0 kB
Dirty:                28 kB
Writeback:             0 kB
AnonPages:        308028 kB
Mapped:            73268 kB
Shmem:              3428 kB
Slab:              21336 kB
SReclaimable:       5048 kB
SUnreclaim:        16288 kB
KernelStack:        6056 kB
PageTables:         7536 kB
NFS_Unstable:          0 kB
Bounce:                0 kB
WritebackTmp:          0 kB
CommitLimit:      241032 kB
Committed_AS:    4046320 kB
VmallocTotal:     507904 kB
VmallocUsed:      130456 kB
VmallocChunk:     112576 kB
1557581038.000000
MemTotal:         482068 kB
MemFree:           15712 kB
Buffers:             644 kB
Cached:            58008 kB
SwapCached:            0 kB
Active:           333100 kB
Inactive:          31700 kB
Active(anon):     307524 kB
Inactive(anon):     3308 kB
Active(file):      25576 kB
Inactive(file):    28392 kB
Unevictable:        2020 kB
Mlocked:            6172 kB
HighTotal:             0 kB
HighFree:              0 kB
LowTotal:         482068 kB
LowFree:           15712 kB
SwapTotal:             0 kB
SwapFree:              0 kB
Dirty:                 0 kB
Writeback:             0 kB
AnonPages:        308140 kB
Mapped:            73300 kB
Shmem:              3428 kB
Slab:              21288 kB
SReclaimable:       5048 kB
SUnreclaim:        16240 kB
KernelStack:        6064 kB
PageTables:         7536 kB
NFS_Unstable:          0 kB
Bounce:                0 kB
WritebackTmp:          0 kB
CommitLimit:      241032 kB
Committed_AS:    4046232 kB
VmallocTotal:     507904 kB
VmallocUsed:      130456 kB
VmallocChunk:     112576 kB
1557581039.000000
MemTotal:         482068 kB
MemFree:           14860 kB
Buffers:             644 kB
Cached:            58996 kB
SwapCached:            0 kB
Active:           333152 kB
Inactive:          32688 kB
Active(anon):     307576 kB
Inactive(anon):     3308 kB
Active(file):      25576 kB
Inactive(file):    29380 kB
Unevictable:        2020 kB
Mlocked:            6172 kB
HighTotal:             0 kB
HighFree:              0 kB
LowTotal:         482068 kB
LowFree:           14860 kB
SwapTotal:             0 kB
SwapFree:              0 kB
Dirty:                 0 kB
Writeback:             0 kB
AnonPages:        308216 kB
Mapped:            73376 kB
Shmem:              3428 kB
Slab:              21288 kB
SReclaimable:       5048 kB
SUnreclaim:        16240 kB
KernelStack:        6064 kB
PageTables:         7536 kB
NFS_Unstable:          0 kB
Bounce:                0 kB
WritebackTmp:          0 kB
CommitLimit:      241032 kB
Committed_AS:    4046272 kB
VmallocTotal:     507904 kB
VmallocUsed:      130456 kB
VmallocChunk:     112576 kB
1557581040.000000
MemTotal:         482068 kB
MemFree:           14140 kB
Buffers:             644 kB
Cached:            59028 kB
SwapCached:            0 kB
Active:           333736 kB
Inactive:          32716 kB
Active(anon):     308160 kB
Inactive(anon):     3308 kB
Active(file):      25576 kB
Inactive(file):    29408 kB
Unevictable:        2020 kB
Mlocked:            6172 kB
HighTotal:             0 kB
HighFree:              0 kB
LowTotal:         482068 kB
LowFree:           14140 kB
SwapTotal:             0 kB
SwapFree:              0 kB
Dirty:                 0 kB
Writeback:             0 kB
AnonPages:        308808 kB
Mapped:            73492 kB
Shmem:              3432 kB
Slab:              21336 kB
SReclaimable:       5048 kB
SUnreclaim:        16288 kB
KernelStack:        6064 kB
PageTables:         7536 kB
NFS_Unstable:          0 kB
Bounce:                0 kB
WritebackTmp:          0 kB
CommitLimit:      241032 kB
Committed_AS:    4046388 kB
VmallocTotal:     507904 kB
VmallocUsed:      130456 kB
VmallocChunk:     112576 kB
1557581041.000000
MemTotal:         482068 kB
MemFree:           13256 kB
Buffers:             644 kB
Cached:            59028 kB
SwapCached:            0 kB
Active:           334176 kB
Inactive:          32716 kB
Active(anon):     308600 kB
Inactive(anon):     3308 kB
Active(file):      25576 kB
Inactive(file):    29408 kB
Unevictable:        2020 kB
Mlocked:            6172 kB
HighTotal:             0 kB
HighFree:              0 kB
LowTotal:         482068 kB
LowFree:           13256 kB
SwapTotal:             0 kB
SwapFree:              0 kB
Dirty:                 0 kB
Writeback:             0 kB
AnonPages:        309228 kB
Mapped:            73416 kB
Shmem:              3432 kB
Slab:              21316 kB
SReclaimable:       5048 kB
SUnreclaim:        16268 kB
KernelStack:        6056 kB
PageTables:         7612 kB
NFS_Unstable:          0 kB
Bounce:                0 kB
WritebackTmp:          0 kB
CommitLimit:      241032 kB
Committed_AS:    4046392 kB
VmallocTotal:     507904 kB
VmallocUsed:      130456 kB
VmallocChunk:     112576 kB
1557581042.000000
MemTotal:         482068 kB
MemFree:           13544 kB
Buffers:             668 kB
Cached:            59028 kB
SwapCached:            0 kB
Active:           334284 kB
Inactive:          32724 kB
Active(anon):     308708 kB
Inactive(anon):     3300 kB
Active(file):      25576 kB
Inactive(file):    29424 kB
Unevictable:        2020 kB
Mlocked:            6172 kB
HighTotal:             0 kB
HighFree:              0 kB
LowTotal:         482068 kB
LowFree:           13544 kB
SwapTotal:             0 kB
SwapFree:              0 kB
Dirty:                32 kB
Writeback:             0 kB
AnonPages:        309300 kB
Mapped:            73416 kB
Shmem:              3432 kB
Slab:              21280 kB
SReclaimable:       5048 kB
SUnreclaim:        16232 kB
KernelStack:        6064 kB
PageTables:         7540 kB
NFS_Unstable:          0 kB
Bounce:                0 kB
WritebackTmp:          0 kB
CommitLimit:      241032 kB
Committed_AS:    4046340 kB
VmallocTotal:     507904 kB
VmallocUsed:      130456 kB
VmallocChunk:     112576 kB
1557581042.000000
MemTotal:         482068 kB
MemFree:           13396 kB
Buffers:             668 kB
Cached:            59028 kB
SwapCached:            0 kB
Active:           334356 kB
Inactive:          32732 kB
Active(anon):     308780 kB
Inactive(anon):     3300 kB
Active(file):      25576 kB
Inactive(file):    29432 kB
Unevictable:        2020 kB
Mlocked:            6172 kB
HighTotal:             0 kB
HighFree:              0 kB
LowTotal:         482068 kB
LowFree:           13396 kB
SwapTotal:             0 kB
SwapFree:              0 kB
Dirty:                32 kB
Writeback:             0 kB
AnonPages:        309416 kB
Mapped:            73400 kB
Shmem:              3432 kB
Slab:              21276 kB
SReclaimable:       5048 kB
SUnreclaim:        16228 kB
KernelStack:        6064 kB
PageTables:         7552 kB
NFS_Unstable:          0 kB
Bounce:                0 kB
WritebackTmp:          0 kB
CommitLimit:      241032 kB
Committed_AS:    4046456 kB
VmallocTotal:     507904 kB
VmallocUsed:      130456 kB
VmallocChunk:     112576 kB
1557581043.000000
MemTotal:         482068 kB
MemFree:           13164 kB
Buffers:             668 kB
Cached:            59028 kB
SwapCached:            0 kB
Active:           334564 kB
Inactive:          32732 kB
Active(anon):     308988 kB
Inactive(anon):     3300 kB
Active(file):      25576 kB
Inactive(file):    29432 kB
Unevictable:        2020 kB
Mlocked:            6172 kB
HighTotal:             0 kB
HighFree:              0 kB
LowTotal:         482068 kB
LowFree:           13164 kB
SwapTotal:             0 kB
SwapFree:              0 kB
Dirty:                32 kB
Writeback:             0 kB
AnonPages:        309568 kB
Mapped:            73476 kB
Shmem:              3432 kB
Slab:              21276 kB
SReclaimable:       5048 kB
SUnreclaim:        16228 kB
KernelStack:        6064 kB
PageTables:         7552 kB
NFS_Unstable:          0 kB
Bounce:                0 kB
WritebackTmp:          0 kB
CommitLimit:      241032 kB
Committed_AS:    4046488 kB
VmallocTotal:     507904 kB
VmallocUsed:      130456 kB
VmallocChunk:     112576 kB
1557581044.000000
MemTotal:         482068 kB
MemFree:           12428 kB
Buffers:             668 kB
Cached:            59120 kB
SwapCached:            0 kB
Active:           335152 kB
Inactive:          32800 kB
Active(anon):     309576 kB
Inactive(anon):     3316 kB
Active(file):      25576 kB
Inactive(file):    29484 kB
Unevictable:        2020 kB
Mlocked:            6172 kB
HighTotal:             0 kB
HighFree:              0 kB
LowTotal:         482068 kB
LowFree:           12428 kB
SwapTotal:             0 kB
SwapFree:              0 kB
Dirty:                32 kB
Writeback:             0 kB
AnonPages:        310168 kB
Mapped:            73432 kB
Shmem:              3448 kB
Slab:              21320 kB
SReclaimable:       5048 kB
SUnreclaim:        16272 kB
KernelStack:        6064 kB
PageTables:         7540 kB
NFS_Unstable:          0 kB
Bounce:                0 kB
WritebackTmp:          0 kB
CommitLimit:      241032 kB
Committed_AS:    4046508 kB
VmallocTotal:     507904 kB
VmallocUsed:      130456 kB
VmallocChunk:     112576 kB
1557581045.000000
MemTotal:         482068 kB
MemFree:           11620 kB
Buffers:             668 kB
Cached:            59256 kB
SwapCached:            0 kB
Active:           336120 kB
Inactive:          32912 kB
Active(anon):     310544 kB
Inactive(anon):     3316 kB
Active(file):      25576 kB
Inactive(file):    29596 kB
Unevictable:        2020 kB
Mlocked:            6172 kB
HighTotal:             0 kB
HighFree:              0 kB
LowTotal:         482068 kB
LowFree:           11620 kB
SwapTotal:             0 kB
SwapFree:              0 kB
Dirty:                 0 kB
Writeback:             0 kB
AnonPages:        311276 kB
Mapped:            73512 kB
Shmem:              3448 kB
Slab:              21260 kB
SReclaimable:       5048 kB
SUnreclaim:        16212 kB
KernelStack:        6056 kB
PageTables:         7620 kB
NFS_Unstable:          0 kB
Bounce:                0 kB
WritebackTmp:          0 kB
CommitLimit:      241032 kB
Committed_AS:    4048580 kB
VmallocTotal:     507904 kB
VmallocUsed:      130456 kB
VmallocChunk:     112576 kB
1557581046.000000
MemTotal:         482068 kB
MemFree:           11684 kB
Buffers:             668 kB
Cached:            59268 kB
SwapCached:            0 kB
Active:           336172 kB
Inactive:          32972 kB
Active(anon):     310596 kB
Inactive(anon):     3316 kB
Active(file):      25576 kB
Inactive(file):    29656 kB
Unevictable:        2020 kB
Mlocked:            6172 kB
HighTotal:             0 kB
HighFree:              0 kB
LowTotal:         482068 kB
LowFree:           11684 kB
SwapTotal:             0 kB
SwapFree:              0 kB
Dirty:                 0 kB
Writeback:             0 kB
AnonPages:        311328 kB
Mapped:            73564 kB
Shmem:              3448 kB
Slab:              21224 kB
SReclaimable:       5048 kB
SUnreclaim:        16176 kB
KernelStack:        6056 kB
PageTables:         7544 kB
NFS_Unstable:          0 kB
Bounce:                0 kB
WritebackTmp:          0 kB
CommitLimit:      241032 kB
Committed_AS:    4048580 kB
VmallocTotal:     507904 kB
VmallocUsed:      130456 kB
VmallocChunk:     112576 kB
1557581046.000000
MemTotal:         482068 kB
MemFree:           11552 kB
Buffers:             676 kB
Cached:            59268 kB
SwapCached:            0 kB
Active:           336084 kB
Inactive:          32976 kB
Active(anon):     310508 kB
Inactive(anon):     3316 kB
Active(file):      25576 kB
Inactive(file):    29660 kB
Unevictable:        2020 kB
Mlocked:            6172 kB
HighTotal:             0 kB
HighFree:              0 kB
LowTotal:         482068 kB
LowFree:           11552 kB
SwapTotal:             0 kB
SwapFree:              0 kB
Dirty:                28 kB
Writeback:             0 kB
AnonPages:        311196 kB
Mapped:            73488 kB
Shmem:              3448 kB
Slab:              21232 kB
SReclaimable:       5048 kB
SUnreclaim:        16184 kB
KernelStack:        6064 kB
PageTables:         7544 kB
NFS_Unstable:          0 kB
Bounce:                0 kB
WritebackTmp:          0 kB
CommitLimit:      241032 kB
Committed_AS:    4048580 kB
VmallocTotal:     507904 kB
VmallocUsed:      130456 kB
VmallocChunk:     112576 kB
1557581047.000000
MemTotal:         482068 kB
MemFree:           11312 kB
Buffers:             680 kB
Cached:            59416 kB
SwapCached:            0 kB
Active:           336188 kB
Inactive:          33080 kB
Active(anon):     310612 kB
Inactive(anon):     3316 kB
Active(file):      25576 kB
Inactive(file):    29764 kB
Unevictable:        2020 kB
Mlocked:            6172 kB
HighTotal:             0 kB
HighFree:              0 kB
LowTotal:         482068 kB
LowFree:           11312 kB
SwapTotal:             0 kB
SwapFree:              0 kB
Dirty:                28 kB
Writeback:             0 kB
AnonPages:        311196 kB
Mapped:            73564 kB
Shmem:              3448 kB
Slab:              21232 kB
SReclaimable:       5048 kB
SUnreclaim:        16184 kB
KernelStack:        6064 kB
PageTables:         7544 kB
NFS_Unstable:          0 kB
Bounce:                0 kB
WritebackTmp:          0 kB
CommitLimit:      241032 kB
Committed_AS:    4048484 kB
VmallocTotal:     507904 kB
VmallocUsed:      130456 kB
VmallocChunk:     112576 kB
1557581048.000000
MemTotal:         482068 kB
MemFree:           11320 kB
Buffers:             680 kB
Cached:            59432 kB
SwapCached:            0 kB
Active:           336212 kB
Inactive:          33148 kB
Active(anon):     310636 kB
Inactive(anon):     3316 kB
Active(file):      25576 kB
Inactive(file):    29832 kB
Unevictable:        2020 kB
Mlocked:            6172 kB
HighTotal:             0 kB
HighFree:              0 kB
LowTotal:         482068 kB
LowFree:           11320 kB
SwapTotal:             0 kB
SwapFree:              0 kB
Dirty:                32 kB
Writeback:             0 kB
AnonPages:        311264 kB
Mapped:            73536 kB
Shmem:              3448 kB
Slab:              21216 kB
SReclaimable:       5048 kB
SUnreclaim:        16168 kB
KernelStack:        6056 kB
PageTables:         7620 kB
NFS_Unstable:          0 kB
Bounce:                0 kB
WritebackTmp:          0 kB
CommitLimit:      241032 kB
Committed_AS:    4048588 kB
VmallocTotal:     507904 kB
VmallocUsed:      130456 kB
VmallocChunk:     112576 kB
1557581049.000000
MemTotal:         482068 kB
MemFree:            9800 kB
Buffers:             680 kB
Cached:            59432 kB
SwapCached:            0 kB
Active:           337300 kB
Inactive:          33144 kB
Active(anon):     311720 kB
Inactive(anon):     3316 kB
Active(file):      25580 kB
Inactive(file):    29828 kB
Unevictable:        2020 kB
Mlocked:            6172 kB
HighTotal:             0 kB
HighFree:              0 kB
LowTotal:         482068 kB
LowFree:            9800 kB
SwapTotal:             0 kB
SwapFree:              0 kB
Dirty:                32 kB
Writeback:             0 kB
AnonPages:        312400 kB
Mapped:            73536 kB
Shmem:              3448 kB
Slab:              21248 kB
SReclaimable:       5048 kB
SUnreclaim:        16200 kB
KernelStack:        6056 kB
PageTables:         7544 kB
NFS_Unstable:          0 kB
Bounce:                0 kB
WritebackTmp:          0 kB
CommitLimit:      241032 kB
Committed_AS:    4049516 kB
VmallocTotal:     507904 kB
VmallocUsed:      130456 kB
VmallocChunk:     112576 kB
1557581050.000000
MemTotal:         482068 kB
MemFree:            9684 kB
Buffers:             680 kB
Cached:            59432 kB
SwapCached:            0 kB
Active:           337404 kB
Inactive:          33144 kB
Active(anon):     311824 kB
Inactive(anon):     3316 kB
Active(file):      25580 kB
Inactive(file):    29828 kB
Unevictable:        2020 kB
Mlocked:            6172 kB
HighTotal:             0 kB
HighFree:              0 kB
LowTotal:         482068 kB
LowFree:            9684 kB
SwapTotal:             0 kB
SwapFree:              0 kB
Dirty:                 0 kB
Writeback:            20 kB
AnonPages:        312452 kB
Mapped:            73536 kB
Shmem:              3448 kB
Slab:              21228 kB
SReclaimable:       5048 kB
SUnreclaim:        16180 kB
KernelStack:        6064 kB
PageTables:         7544 kB
NFS_Unstable:          0 kB
Bounce:                0 kB
WritebackTmp:          0 kB
CommitLimit:      241032 kB
Committed_AS:    4049612 kB
VmallocTotal:     507904 kB
VmallocUsed:      130456 kB
VmallocChunk:     112576 kB
1557581050.000000
MemTotal:         482068 kB
MemFree:            9692 kB
Buffers:             680 kB
Cached:            59432 kB
SwapCached:            0 kB
Active:           337596 kB
Inactive:          33144 kB
Active(anon):     312016 kB
Inactive(anon):     3316 kB
Active(file):      25580 kB
Inactive(file):    29828 kB
Unevictable:        2020 kB
Mlocked:            6172 kB
HighTotal:             0 kB
HighFree:              0 kB
LowTotal:         482068 kB
LowFree:            9692 kB
SwapTotal:             0 kB
SwapFree:              0 kB
Dirty:                 0 kB
Writeback:             0 kB
AnonPages:        312680 kB
Mapped:            73536 kB
Shmem:              3448 kB
Slab:              21236 kB
SReclaimable:       5048 kB
SUnreclaim:        16188 kB
KernelStack:        6064 kB
PageTables:         7544 kB
NFS_Unstable:          0 kB
Bounce:                0 kB
WritebackTmp:          0 kB
CommitLimit:      241032 kB
Committed_AS:    4049612 kB
VmallocTotal:     507904 kB
VmallocUsed:      130456 kB
VmallocChunk:     112576 kB
1557581051.000000
MemTotal:         482068 kB
MemFree:            9568 kB
Buffers:             680 kB
Cached:            59432 kB
SwapCached:            0 kB
Active:           337700 kB
Inactive:          33144 kB
Active(anon):     312120 kB
Inactive(anon):     3316 kB
Active(file):      25580 kB
Inactive(file):    29828 kB
Unevictable:        2020 kB
Mlocked:            6172 kB
HighTotal:             0 kB
HighFree:              0 kB
LowTotal:         482068 kB
LowFree:            9568 kB
SwapTotal:             0 kB
SwapFree:              0 kB
Dirty:                 0 kB
Writeback:             0 kB
AnonPages:        312756 kB
Mapped:            73536 kB
Shmem:              3448 kB
Slab:              21236 kB
SReclaimable:       5048 kB
SUnreclaim:        16188 kB
KernelStack:        6064 kB
PageTables:         7544 kB
NFS_Unstable:          0 kB
Bounce:                0 kB
WritebackTmp:          0 kB
CommitLimit:      241032 kB
Committed_AS:    4049608 kB
VmallocTotal:     507904 kB
VmallocUsed:      130456 kB
VmallocChunk:     112576 kB
1557581052.000000
MemTotal:         482068 kB
MemFree:            9512 kB
Buffers:             680 kB
Cached:            59432 kB
SwapCached:            0 kB
Active:           337632 kB
Inactive:          33144 kB
Active(anon):     312052 kB
Inactive(anon):     3316 kB
Active(file):      25580 kB
Inactive(file):    29828 kB
Unevictable:        2020 kB
Mlocked:            6172 kB
HighTotal:             0 kB
HighFree:              0 kB
LowTotal:         482068 kB
LowFree:            9512 kB
SwapTotal:             0 kB
SwapFree:              0 kB
Dirty:                 0 kB
Writeback:             0 kB
AnonPages:        312788 kB
Mapped:            73612 kB
Shmem:              3448 kB
Slab:              21216 kB
SReclaimable:       5048 kB
SUnreclaim:        16168 kB
KernelStack:        6056 kB
PageTables:         7544 kB
NFS_Unstable:          0 kB
Bounce:                0 kB
WritebackTmp:          0 kB
CommitLimit:      241032 kB
Committed_AS:    4049612 kB
VmallocTotal:     507904 kB
VmallocUsed:      130456 kB
VmallocChunk:     112576 kB
1557581053.000000
MemTotal:         482068 kB
MemFree:            8660 kB
Buffers:             688 kB
Cached:            59432 kB
SwapCached:            0 kB
Active:           338380 kB
Inactive:          33152 kB
Active(anon):     312800 kB
Inactive(anon):     3316 kB
Active(file):      25580 kB
Inactive(file):    29836 kB
Unevictable:        2020 kB
Mlocked:            6172 kB
HighTotal:             0 kB
HighFree:              0 kB
LowTotal:         482068 kB
LowFree:            8660 kB
SwapTotal:             0 kB
SwapFree:              0 kB
Dirty:                16 kB
Writeback:             0 kB
AnonPages:        313420 kB
Mapped:            73536 kB
Shmem:              3448 kB
Slab:              21200 kB
SReclaimable:       5048 kB
SUnreclaim:        16152 kB
KernelStack:        6056 kB
PageTables:         7544 kB
NFS_Unstable:          0 kB
Bounce:                0 kB
WritebackTmp:          0 kB
CommitLimit:      241032 kB
Committed_AS:    4049672 kB
VmallocTotal:     507904 kB
VmallocUsed:      130456 kB
VmallocChunk:     112576 kB
1557581054.000000
MemTotal:         482068 kB
MemFree:            7320 kB
Buffers:             688 kB
Cached:            59432 kB
SwapCached:            0 kB
Active:           339796 kB
Inactive:          33152 kB
Active(anon):     314216 kB
Inactive(anon):     3316 kB
Active(file):      25580 kB
Inactive(file):    29836 kB
Unevictable:        2020 kB
Mlocked:            6172 kB
HighTotal:             0 kB
HighFree:              0 kB
LowTotal:         482068 kB
LowFree:            7320 kB
SwapTotal:             0 kB
SwapFree:              0 kB
Dirty:                16 kB
Writeback:             0 kB
AnonPages:        314848 kB
Mapped:            73564 kB
Shmem:              3448 kB
Slab:              21224 kB
SReclaimable:       5048 kB
SUnreclaim:        16176 kB
KernelStack:        6064 kB
PageTables:         7560 kB
NFS_Unstable:          0 kB
Bounce:                0 kB
WritebackTmp:          0 kB
CommitLimit:      241032 kB
Committed_AS:    4050792 kB
VmallocTotal:     507904 kB
VmallocUsed:      130456 kB
VmallocChunk:     112576 kB
1557581054.000000
MemTotal:         482068 kB
MemFree:            7344 kB
Buffers:             688 kB
Cached:            59432 kB
SwapCached:            0 kB
Active:           339804 kB
Inactive:          33152 kB
Active(anon):     314224 kB
Inactive(anon):     3316 kB
Active(file):      25580 kB
Inactive(file):    29836 kB
Unevictable:        2020 kB
Mlocked:            6172 kB
HighTotal:             0 kB
HighFree:              0 kB
LowTotal:         482068 kB
LowFree:            7344 kB
SwapTotal:             0 kB
SwapFree:              0 kB
Dirty:                16 kB
Writeback:             0 kB
AnonPages:        314880 kB
Mapped:            73536 kB
Shmem:              3448 kB
Slab:              21232 kB
SReclaimable:       5048 kB
SUnreclaim:        16184 kB
KernelStack:        6056 kB
PageTables:         7548 kB
NFS_Unstable:          0 kB
Bounce:                0 kB
WritebackTmp:          0 kB
CommitLimit:      241032 kB
Committed_AS:    4050796 kB
VmallocTotal:     507904 kB
VmallocUsed:      130456 kB
VmallocChunk:     112576 kB
1557581055.000000
MemTotal:         482068 kB
MemFree:            7212 kB
Buffers:             688 kB
Cached:            59432 kB
SwapCached:            0 kB
Active:           340168 kB
Inactive:          33152 kB
Active(anon):     314588 kB
Inactive(anon):     3316 kB
Active(file):      25580 kB
Inactive(file):    29836 kB
Unevictable:        2020 kB
Mlocked:            6172 kB
HighTotal:             0 kB
HighFree:              0 kB
LowTotal:         482068 kB
LowFree:            7212 kB
SwapTotal:             0 kB
SwapFree:              0 kB
Dirty:                16 kB
Writeback:             0 kB
AnonPages:        315260 kB
Mapped:            73536 kB
Shmem:              3448 kB
Slab:              21232 kB
SReclaimable:       5048 kB
SUnreclaim:        16184 kB
KernelStack:        6056 kB
PageTables:         7548 kB
NFS_Unstable:          0 kB
Bounce:                0 kB
WritebackTmp:          0 kB
CommitLimit:      241032 kB
Committed_AS:    4050796 kB
VmallocTotal:     507904 kB
VmallocUsed:      130456 kB
VmallocChunk:     112576 kB
1557581056.000000
MemTotal:         482068 kB
MemFree:            6164 kB
Buffers:             688 kB
Cached:            60348 kB
SwapCached:            0 kB
Active:           340292 kB
Inactive:          34068 kB
Active(anon):     314712 kB
Inactive(anon):     3316 kB
Active(file):      25580 kB
Inactive(file):    30752 kB
Unevictable:        2020 kB
Mlocked:            6172 kB
HighTotal:             0 kB
HighFree:              0 kB
LowTotal:         482068 kB
LowFree:            6164 kB
SwapTotal:             0 kB
SwapFree:              0 kB
Dirty:                16 kB
Writeback:             0 kB
AnonPages:        315340 kB
Mapped:            73672 kB
Shmem:              3448 kB
Slab:              21232 kB
SReclaimable:       5048 kB
SUnreclaim:        16184 kB
KernelStack:        6056 kB
PageTables:         7624 kB
NFS_Unstable:          0 kB
Bounce:                0 kB
WritebackTmp:          0 kB
CommitLimit:      241032 kB
Committed_AS:    4050796 kB
VmallocTotal:     507904 kB
VmallocUsed:      130456 kB
VmallocChunk:     112576 kB
1557581057.000000
MemTotal:         482068 kB
MemFree:            6600 kB
Buffers:             688 kB
Cached:            60376 kB
SwapCached:            0 kB
Active:           339584 kB
Inactive:          34092 kB
Active(anon):     314000 kB
Inactive(anon):     3316 kB
Active(file):      25584 kB
Inactive(file):    30776 kB
Unevictable:        2020 kB
Mlocked:            6172 kB
HighTotal:             0 kB
HighFree:              0 kB
LowTotal:         482068 kB
LowFree:            6600 kB
SwapTotal:             0 kB
SwapFree:              0 kB
Dirty:                36 kB
Writeback:             0 kB
AnonPages:        314664 kB
Mapped:            73612 kB
Shmem:              3448 kB
Slab:              21216 kB
SReclaimable:       5048 kB
SUnreclaim:        16168 kB
KernelStack:        6056 kB
PageTables:         7548 kB
NFS_Unstable:          0 kB
Bounce:                0 kB
WritebackTmp:          0 kB
CommitLimit:      241032 kB
Committed_AS:    4050808 kB
VmallocTotal:     507904 kB
VmallocUsed:      130456 kB
VmallocChunk:     112576 kB
1557581057.000000
MemTotal:         482068 kB
MemFree:            6576 kB
Buffers:             688 kB
Cached:            60376 kB
SwapCached:            0 kB
Active:           339696 kB
Inactive:          34092 kB
Active(anon):     314112 kB
Inactive(anon):     3316 kB
Active(file):      25584 kB
Inactive(file):    30776 kB
Unevictable:        2020 kB
Mlocked:            6172 kB
HighTotal:             0 kB
HighFree:              0 kB
LowTotal:         482068 kB
LowFree:            6576 kB
SwapTotal:             0 kB
SwapFree:              0 kB
Dirty:                36 kB
Writeback:             0 kB
