MemTotal:        1899508 kB
MemFree:           51056 kB
Buffers:            1408 kB
Cached:           259800 kB
SwapCached:            0 kB
Active:          1441544 kB
Inactive:         188540 kB
Active(anon):    1370796 kB
Inactive(anon):     3656 kB
Active(file):      70748 kB
Inactive(file):   184884 kB
Unevictable:        1940 kB
Mlocked:               0 kB
HighTotal:       1158144 kB
HighFree:           1772 kB
LowTotal:         741364 kB
LowFree:           49284 kB
SwapTotal:             0 kB
SwapFree:              0 kB
Dirty:               200 kB
Writeback:             0 kB
AnonPages:       1370960 kB
Mapped:           113044 kB
Shmem:              3716 kB
Slab:              34008 kB
SReclaimable:      12160 kB
SUnreclaim:        21848 kB
KernelStack:        6784 kB
PageTables:        14320 kB
NFS_Unstable:          0 kB
Bounce:                0 kB
WritebackTmp:          0 kB
CommitLimit:      949752 kB
Committed_AS:   17611360 kB
VmallocTotal:     245760 kB
VmallocUsed:       56240 kB
VmallocChunk:      75648 kB
1557734041.432157
MemTotal:        1899508 kB
MemFree:           51580 kB
Buffers:            1408 kB
Cached:           259896 kB
SwapCached:            0 kB
Active:          1441672 kB
Inactive:         188520 kB
Active(anon):    1370888 kB
Inactive(anon):     3656 kB
Active(file):      70784 kB
Inactive(file):   184864 kB
Unevictable:        1940 kB
Mlocked:               0 kB
HighTotal:       1158144 kB
HighFree:           1704 kB
LowTotal:         741364 kB
LowFree:           49876 kB
SwapTotal:             0 kB
SwapFree:              0 kB
Dirty:               216 kB
Writeback:             0 kB
AnonPages:       1370840 kB
Mapped:           113088 kB
Shmem:              3716 kB
Slab:              33996 kB
SReclaimable:      12160 kB
SUnreclaim:        21836 kB
KernelStack:        6712 kB
PageTables:        14320 kB
NFS_Unstable:          0 kB
Bounce:                0 kB
WritebackTmp:          0 kB
CommitLimit:      949752 kB
Committed_AS:   17611356 kB
VmallocTotal:     245760 kB
VmallocUsed:       56240 kB
VmallocChunk:      75648 kB
1557734042.164191
MemTotal:        1899508 kB
MemFree:           52120 kB
Buffers:            1408 kB
Cached:           259896 kB
SwapCached:            0 kB
Active:          1440764 kB
Inactive:         188516 kB
Active(anon):    1369976 kB
Inactive(anon):     3656 kB
Active(file):      70788 kB
Inactive(file):   184860 kB
Unevictable:        1940 kB
Mlocked:               0 kB
HighTotal:       1158144 kB
HighFree:           2244 kB
LowTotal:         741364 kB
LowFree:           49876 kB
SwapTotal:             0 kB
SwapFree:              0 kB
Dirty:               216 kB
Writeback:             0 kB
AnonPages:       1369972 kB
Mapped:           113088 kB
Shmem:              3716 kB
Slab:              33996 kB
SReclaimable:      12160 kB
SUnreclaim:        21836 kB
KernelStack:        6712 kB
PageTables:        14316 kB
NFS_Unstable:          0 kB
Bounce:                0 kB
WritebackTmp:          0 kB
CommitLimit:      949752 kB
Committed_AS:   17611396 kB
VmallocTotal:     245760 kB
VmallocUsed:       56240 kB
VmallocChunk:      75648 kB
1557734042.893060
MemTotal:        1899508 kB
MemFree:           43848 kB
Buffers:            1388 kB
Cached:           253564 kB
SwapCached:            0 kB
Active:          1445524 kB
Inactive:         180004 kB
Active(anon):    1372864 kB
Inactive(anon):     3408 kB
Active(file):      72660 kB
Inactive(file):   176596 kB
Unevictable:        1940 kB
Mlocked:               0 kB
HighTotal:       1158144 kB
HighFree:           3972 kB
LowTotal:         741364 kB
LowFree:           39876 kB
SwapTotal:             0 kB
SwapFree:              0 kB
Dirty:                68 kB
Writeback:             0 kB
AnonPages:       1373160 kB
Mapped:           112328 kB
Shmem:              3532 kB
Slab:              33996 kB
SReclaimable:      12160 kB
SUnreclaim:        21836 kB
KernelStack:        6712 kB
PageTables:        14316 kB
NFS_Unstable:          0 kB
Bounce:                0 kB
WritebackTmp:          0 kB
CommitLimit:      949752 kB
Committed_AS:   17613164 kB
VmallocTotal:     245760 kB
VmallocUsed:       56312 kB
VmallocChunk:      75648 kB
1557734043.600981
MemTotal:        1899508 kB
MemFree:           47744 kB
Buffers:            1100 kB
Cached:           246004 kB
SwapCached:            0 kB
Active:          1448968 kB
Inactive:         169756 kB
Active(anon):    1373676 kB
Inactive(anon):     3388 kB
Active(file):      75292 kB
Inactive(file):   166368 kB
Unevictable:        1940 kB
Mlocked:               0 kB
HighTotal:       1158144 kB
HighFree:           5688 kB
LowTotal:         741364 kB
LowFree:           42056 kB
SwapTotal:             0 kB
SwapFree:              0 kB
Dirty:                 0 kB
Writeback:             0 kB
AnonPages:       1373608 kB
Mapped:           114636 kB
Shmem:              3472 kB
Slab:              33960 kB
SReclaimable:      12152 kB
SUnreclaim:        21808 kB
KernelStack:        6816 kB
PageTables:        14320 kB
NFS_Unstable:          0 kB
Bounce:                0 kB
WritebackTmp:          0 kB
CommitLimit:      949752 kB
Committed_AS:   17613760 kB
VmallocTotal:     245760 kB
VmallocUsed:       56356 kB
VmallocChunk:      75648 kB
1557734044.279747
MemTotal:        1899508 kB
MemFree:           41984 kB
Buffers:            1188 kB
Cached:           251308 kB
SwapCached:            0 kB
Active:          1455308 kB
Inactive:         170948 kB
Active(anon):    1376780 kB
Inactive(anon):     3400 kB
Active(file):      78528 kB
Inactive(file):   167548 kB
Unevictable:        1940 kB
Mlocked:               0 kB
HighTotal:       1158144 kB
HighFree:           1796 kB
LowTotal:         741364 kB
LowFree:           40188 kB
SwapTotal:             0 kB
SwapFree:              0 kB
Dirty:                 0 kB
Writeback:             0 kB
AnonPages:       1377028 kB
Mapped:           118272 kB
Shmem:              3456 kB
Slab:              34036 kB
SReclaimable:      12152 kB
SUnreclaim:        21884 kB
KernelStack:        6768 kB
PageTables:        14636 kB
NFS_Unstable:          0 kB
Bounce:                0 kB
WritebackTmp:          0 kB
CommitLimit:      949752 kB
Committed_AS:   18182756 kB
VmallocTotal:     245760 kB
VmallocUsed:       57376 kB
VmallocChunk:      75648 kB
1557734045.033405
MemTotal:        1899508 kB
MemFree:           42552 kB
Buffers:            1136 kB
Cached:           242052 kB
SwapCached:            0 kB
Active:          1500448 kB
Inactive:         146572 kB
Active(anon):    1406668 kB
Inactive(anon):     3400 kB
Active(file):      93780 kB
Inactive(file):   143172 kB
Unevictable:        1940 kB
Mlocked:               0 kB
HighTotal:       1158144 kB
HighFree:           1692 kB
LowTotal:         741364 kB
LowFree:           40860 kB
SwapTotal:             0 kB
SwapFree:              0 kB
Dirty:                 0 kB
Writeback:             0 kB
AnonPages:       1406800 kB
Mapped:           130808 kB
Shmem:              3456 kB
Slab:              33964 kB
SReclaimable:      12152 kB
SUnreclaim:        21812 kB
KernelStack:        6984 kB
PageTables:        15132 kB
NFS_Unstable:          0 kB
Bounce:                0 kB
WritebackTmp:          0 kB
CommitLimit:      949752 kB
Committed_AS:   18246964 kB
VmallocTotal:     245760 kB
VmallocUsed:       57248 kB
VmallocChunk:      75648 kB
1557734045.972191
MemTotal:        1899508 kB
MemFree:           43496 kB
Buffers:             812 kB
Cached:           202104 kB
SwapCached:            0 kB
Active:          1518472 kB
Inactive:         105104 kB
Active(anon):    1423024 kB
Inactive(anon):     3404 kB
Active(file):      95448 kB
Inactive(file):   101700 kB
Unevictable:        1940 kB
Mlocked:               0 kB
HighTotal:       1158144 kB
HighFree:           2276 kB
LowTotal:         741364 kB
LowFree:           41220 kB
SwapTotal:             0 kB
SwapFree:              0 kB
Dirty:                12 kB
Writeback:             0 kB
AnonPages:       1423084 kB
Mapped:           141912 kB
Shmem:              3460 kB
Slab:              33964 kB
SReclaimable:      12152 kB
SUnreclaim:        21812 kB
KernelStack:        7168 kB
PageTables:        15276 kB
NFS_Unstable:          0 kB
Bounce:                0 kB
WritebackTmp:          0 kB
CommitLimit:      949752 kB
Committed_AS:   18264004 kB
VmallocTotal:     245760 kB
VmallocUsed:       57488 kB
VmallocChunk:      75648 kB
1557734047.008544
MemTotal:        1899508 kB
MemFree:           40836 kB
Buffers:             844 kB
Cached:           204440 kB
SwapCached:            0 kB
Active:          1528536 kB
Inactive:         104224 kB
Active(anon):    1429948 kB
Inactive(anon):     3400 kB
Active(file):      98588 kB
Inactive(file):   100824 kB
Unevictable:        1940 kB
Mlocked:               0 kB
HighTotal:       1158144 kB
HighFree:            668 kB
LowTotal:         741364 kB
LowFree:           40168 kB
SwapTotal:             0 kB
SwapFree:              0 kB
Dirty:                 0 kB
Writeback:             0 kB
AnonPages:       1430380 kB
Mapped:           144176 kB
Shmem:              3456 kB
Slab:              33944 kB
SReclaimable:      12152 kB
SUnreclaim:        21792 kB
KernelStack:        7320 kB
PageTables:        15164 kB
NFS_Unstable:          0 kB
Bounce:                0 kB
WritebackTmp:          0 kB
CommitLimit:      949752 kB
Committed_AS:   18271848 kB
VmallocTotal:     245760 kB
VmallocUsed:       57480 kB
VmallocChunk:      75648 kB
1557734047.924539
MemTotal:        1899508 kB
MemFree:           62048 kB
Buffers:            1100 kB
Cached:           183956 kB
SwapCached:            0 kB
Active:          1526156 kB
Inactive:          92500 kB
Active(anon):    1435764 kB
Inactive(anon):     3412 kB
Active(file):      90392 kB
Inactive(file):    89088 kB
Unevictable:        1940 kB
Mlocked:               0 kB
HighTotal:       1158144 kB
HighFree:           2376 kB
LowTotal:         741364 kB
LowFree:           59672 kB
SwapTotal:             0 kB
SwapFree:              0 kB
Dirty:               344 kB
Writeback:             0 kB
AnonPages:       1435444 kB
Mapped:           133680 kB
Shmem:              3468 kB
Slab:              33940 kB
SReclaimable:      12152 kB
SUnreclaim:        21788 kB
KernelStack:        7152 kB
PageTables:        14160 kB
NFS_Unstable:          0 kB
Bounce:                0 kB
WritebackTmp:          0 kB
CommitLimit:      949752 kB
Committed_AS:   16597952 kB
VmallocTotal:     245760 kB
VmallocUsed:       54420 kB
VmallocChunk:      75648 kB
1557734048.932166
MemTotal:        1899508 kB
MemFree:           58400 kB
Buffers:            1128 kB
Cached:           187312 kB
SwapCached:            0 kB
Active:          1530164 kB
Inactive:          94540 kB
Active(anon):    1438296 kB
Inactive(anon):     3412 kB
Active(file):      91868 kB
Inactive(file):    91128 kB
Unevictable:        1940 kB
Mlocked:               0 kB
HighTotal:       1158144 kB
HighFree:           1792 kB
LowTotal:         741364 kB
LowFree:           56608 kB
SwapTotal:             0 kB
SwapFree:              0 kB
Dirty:               376 kB
Writeback:             0 kB
AnonPages:       1438284 kB
Mapped:           134032 kB
Shmem:              3468 kB
Slab:              33872 kB
SReclaimable:      12152 kB
SUnreclaim:        21720 kB
KernelStack:        7000 kB
PageTables:        13996 kB
NFS_Unstable:          0 kB
Bounce:                0 kB
WritebackTmp:          0 kB
CommitLimit:      949752 kB
Committed_AS:   16598684 kB
VmallocTotal:     245760 kB
VmallocUsed:       54420 kB
VmallocChunk:      75648 kB
1557734049.838188
MemTotal:        1899508 kB
MemFree:           61228 kB
Buffers:            1128 kB
Cached:           186068 kB
SwapCached:            0 kB
Active:          1528324 kB
Inactive:          94200 kB
Active(anon):    1437360 kB
Inactive(anon):     3412 kB
Active(file):      90964 kB
Inactive(file):    90788 kB
Unevictable:        1940 kB
Mlocked:               0 kB
HighTotal:       1158144 kB
HighFree:           3748 kB
LowTotal:         741364 kB
LowFree:           57480 kB
SwapTotal:             0 kB
SwapFree:              0 kB
Dirty:               376 kB
Writeback:             0 kB
AnonPages:       1437300 kB
Mapped:           133828 kB
Shmem:              3468 kB
Slab:              33872 kB
SReclaimable:      12152 kB
SUnreclaim:        21720 kB
KernelStack:        6944 kB
PageTables:        14080 kB
NFS_Unstable:          0 kB
Bounce:                0 kB
WritebackTmp:          0 kB
CommitLimit:      949752 kB
Committed_AS:   16599840 kB
VmallocTotal:     245760 kB
VmallocUsed:       54420 kB
VmallocChunk:      75648 kB
1557734050.692215
MemTotal:        1899508 kB
MemFree:           66868 kB
Buffers:            1128 kB
Cached:           185696 kB
SwapCached:            0 kB
Active:          1523132 kB
Inactive:          93948 kB
Active(anon):    1432352 kB
Inactive(anon):     3412 kB
Active(file):      90780 kB
Inactive(file):    90536 kB
Unevictable:        1940 kB
Mlocked:               0 kB
HighTotal:       1158144 kB
HighFree:           5888 kB
LowTotal:         741364 kB
LowFree:           60980 kB
SwapTotal:             0 kB
SwapFree:              0 kB
Dirty:               376 kB
Writeback:             0 kB
AnonPages:       1432216 kB
Mapped:           125196 kB
Shmem:              3468 kB
Slab:              33872 kB
SReclaimable:      12152 kB
SUnreclaim:        21720 kB
KernelStack:        6944 kB
PageTables:        14080 kB
NFS_Unstable:          0 kB
Bounce:                0 kB
WritebackTmp:          0 kB
CommitLimit:      949752 kB
Committed_AS:   16599224 kB
VmallocTotal:     245760 kB
VmallocUsed:       54420 kB
VmallocChunk:      75648 kB
1557734051.568823
MemTotal:        1899508 kB
MemFree:           42392 kB
Buffers:            1128 kB
Cached:           187860 kB
SwapCached:            0 kB
Active:          1525228 kB
Inactive:          95336 kB
Active(anon):    1433860 kB
Inactive(anon):     3412 kB
Active(file):      91368 kB
Inactive(file):    91924 kB
Unevictable:        1940 kB
Mlocked:               0 kB
HighTotal:       1158144 kB
HighFree:           1536 kB
LowTotal:         741364 kB
LowFree:           40856 kB
SwapTotal:             0 kB
SwapFree:              0 kB
Dirty:               380 kB
Writeback:             0 kB
AnonPages:       1433916 kB
Mapped:           136408 kB
Shmem:              3468 kB
Slab:              33864 kB
SReclaimable:      12152 kB
SUnreclaim:        21712 kB
KernelStack:        6928 kB
PageTables:        14148 kB
NFS_Unstable:          0 kB
Bounce:                0 kB
WritebackTmp:          0 kB
CommitLimit:      949752 kB
Committed_AS:   16601992 kB
VmallocTotal:     245760 kB
VmallocUsed:       54516 kB
VmallocChunk:      75648 kB
1557734052.457472
MemTotal:        1899508 kB
MemFree:           40536 kB
Buffers:            1100 kB
Cached:           181804 kB
SwapCached:            0 kB
Active:          1531784 kB
Inactive:          94044 kB
Active(anon):    1445060 kB
Inactive(anon):     3420 kB
Active(file):      86724 kB
Inactive(file):    90624 kB
Unevictable:        1940 kB
Mlocked:               0 kB
HighTotal:       1158144 kB
HighFree:            696 kB
LowTotal:         741364 kB
LowFree:           39840 kB
SwapTotal:             0 kB
SwapFree:              0 kB
Dirty:                 0 kB
Writeback:           736 kB
AnonPages:       1445056 kB
Mapped:           137904 kB
Shmem:              3476 kB
Slab:              33876 kB
SReclaimable:      12164 kB
SUnreclaim:        21712 kB
KernelStack:        7048 kB
PageTables:        14072 kB
NFS_Unstable:          0 kB
Bounce:                0 kB
WritebackTmp:          0 kB
CommitLimit:      949752 kB
Committed_AS:   16605840 kB
VmallocTotal:     245760 kB
VmallocUsed:       54516 kB
VmallocChunk:      75648 kB
1557734053.657472
MemTotal:        1899508 kB
MemFree:           39844 kB
Buffers:             356 kB
Cached:           149144 kB
SwapCached:            0 kB
Active:          1540000 kB
Inactive:          74456 kB
Active(anon):    1467124 kB
Inactive(anon):     3420 kB
Active(file):      72876 kB
Inactive(file):    71036 kB
Unevictable:        1940 kB
Mlocked:               0 kB
HighTotal:       1158144 kB
HighFree:            564 kB
LowTotal:         741364 kB
LowFree:           39280 kB
SwapTotal:             0 kB
SwapFree:              0 kB
Dirty:                 0 kB
Writeback:            56 kB
AnonPages:       1467104 kB
Mapped:           142452 kB
Shmem:              3476 kB
Slab:              33876 kB
SReclaimable:      12168 kB
SUnreclaim:        21708 kB
KernelStack:        6968 kB
PageTables:        13380 kB
NFS_Unstable:          0 kB
Bounce:                0 kB
WritebackTmp:          0 kB
CommitLimit:      949752 kB
Committed_AS:   15495588 kB
VmallocTotal:     245760 kB
VmallocUsed:       52656 kB
VmallocChunk:      75648 kB
1557734054.601135
MemTotal:        1899508 kB
MemFree:           61904 kB
Buffers:             756 kB
Cached:           133308 kB
SwapCached:            0 kB
Active:          1518296 kB
Inactive:          66352 kB
Active(anon):    1452692 kB
Inactive(anon):     3420 kB
Active(file):      65604 kB
Inactive(file):    62932 kB
Unevictable:        1940 kB
Mlocked:               0 kB
HighTotal:       1158144 kB
HighFree:           8168 kB
LowTotal:         741364 kB
LowFree:           53736 kB
SwapTotal:             0 kB
SwapFree:              0 kB
Dirty:               200 kB
Writeback:            16 kB
AnonPages:       1452796 kB
Mapped:           146816 kB
Shmem:              3476 kB
Slab:              33856 kB
SReclaimable:      12168 kB
SUnreclaim:        21688 kB
KernelStack:        6776 kB
PageTables:        12684 kB
NFS_Unstable:          0 kB
Bounce:                0 kB
WritebackTmp:          0 kB
CommitLimit:      949752 kB
Committed_AS:   14250700 kB
VmallocTotal:     245760 kB
VmallocUsed:       51640 kB
VmallocChunk:      75648 kB
1557734055.440952
MemTotal:        1899508 kB
MemFree:           72664 kB
Buffers:             756 kB
Cached:           134372 kB
SwapCached:            0 kB
Active:          1509060 kB
Inactive:          65784 kB
Active(anon):    1441840 kB
Inactive(anon):     3416 kB
Active(file):      67220 kB
Inactive(file):    62368 kB
Unevictable:        1940 kB
Mlocked:               0 kB
HighTotal:       1158144 kB
HighFree:          12456 kB
LowTotal:         741364 kB
LowFree:           60208 kB
SwapTotal:             0 kB
SwapFree:              0 kB
Dirty:               240 kB
Writeback:             0 kB
AnonPages:       1441956 kB
Mapped:           137120 kB
Shmem:              3472 kB
Slab:              33872 kB
SReclaimable:      12168 kB
SUnreclaim:        21704 kB
KernelStack:        6280 kB
PageTables:        12160 kB
NFS_Unstable:          0 kB
Bounce:                0 kB
WritebackTmp:          0 kB
CommitLimit:      949752 kB
Committed_AS:   13017244 kB
VmallocTotal:     245760 kB
VmallocUsed:       50620 kB
VmallocChunk:      75648 kB
1557734056.337553
MemTotal:        1899508 kB
MemFree:           59300 kB
Buffers:             756 kB
Cached:           144592 kB
SwapCached:            0 kB
Active:          1511064 kB
Inactive:          76116 kB
Active(anon):    1444084 kB
Inactive(anon):     3416 kB
Active(file):      66980 kB
Inactive(file):    72700 kB
Unevictable:        1940 kB
Mlocked:               0 kB
HighTotal:       1158144 kB
HighFree:           2328 kB
LowTotal:         741364 kB
LowFree:           56972 kB
SwapTotal:             0 kB
SwapFree:              0 kB
Dirty:               288 kB
Writeback:             0 kB
AnonPages:       1443940 kB
Mapped:           137664 kB
Shmem:              3472 kB
Slab:              33860 kB
SReclaimable:      12168 kB
SUnreclaim:        21692 kB
KernelStack:        6280 kB
PageTables:        12640 kB
NFS_Unstable:          0 kB
Bounce:                0 kB
WritebackTmp:          0 kB
CommitLimit:      949752 kB
Committed_AS:   13591672 kB
VmallocTotal:     245760 kB
VmallocUsed:       54064 kB
VmallocChunk:      75648 kB
1557734057.356627
MemTotal:        1899508 kB
MemFree:           59848 kB
Buffers:             776 kB
Cached:           106520 kB
SwapCached:            0 kB
Active:          1483948 kB
Inactive:          53496 kB
Active(anon):    1432120 kB
Inactive(anon):     3448 kB
Active(file):      51828 kB
Inactive(file):    50048 kB
Unevictable:        1940 kB
Mlocked:               0 kB
HighTotal:       1158144 kB
HighFree:          17148 kB
LowTotal:         741364 kB
LowFree:           42700 kB
SwapTotal:             0 kB
SwapFree:              0 kB
Dirty:               100 kB
Writeback:             0 kB
AnonPages:       1432048 kB
Mapped:           125540 kB
Shmem:              3508 kB
Slab:              33664 kB
SReclaimable:      12168 kB
SUnreclaim:        21496 kB
KernelStack:        5984 kB
PageTables:        10996 kB
NFS_Unstable:          0 kB
Bounce:                0 kB
WritebackTmp:          0 kB
CommitLimit:      949752 kB
Committed_AS:   11311160 kB
VmallocTotal:     245760 kB
VmallocUsed:       47560 kB
VmallocChunk:      75648 kB
1557734058.314684
MemTotal:        1899508 kB
MemFree:           62296 kB
Buffers:             776 kB
Cached:           106040 kB
SwapCached:            0 kB
Active:          1487580 kB
Inactive:          49356 kB
Active(anon):    1432120 kB
Inactive(anon):     3416 kB
Active(file):      55460 kB
Inactive(file):    45940 kB
Unevictable:        1940 kB
Mlocked:               0 kB
HighTotal:       1158144 kB
HighFree:          19252 kB
LowTotal:         741364 kB
LowFree:           43044 kB
SwapTotal:             0 kB
SwapFree:              0 kB
Dirty:                72 kB
Writeback:             0 kB
AnonPages:       1432136 kB
Mapped:           125324 kB
Shmem:              3472 kB
Slab:              33656 kB
SReclaimable:      12168 kB
SUnreclaim:        21488 kB
KernelStack:        5944 kB
PageTables:        11016 kB
NFS_Unstable:          0 kB
Bounce:                0 kB
WritebackTmp:          0 kB
CommitLimit:      949752 kB
Committed_AS:   11311784 kB
VmallocTotal:     245760 kB
VmallocUsed:       47560 kB
VmallocChunk:      75648 kB
1557734059.160286
MemTotal:        1899508 kB
MemFree:           58844 kB
Buffers:             776 kB
Cached:           106032 kB
SwapCached:            0 kB
Active:          1491412 kB
Inactive:          49328 kB
Active(anon):    1435928 kB
Inactive(anon):     3416 kB
Active(file):      55484 kB
Inactive(file):    45912 kB
Unevictable:        1940 kB
Mlocked:               0 kB
HighTotal:       1158144 kB
HighFree:          15728 kB
LowTotal:         741364 kB
LowFree:           43116 kB
SwapTotal:             0 kB
SwapFree:              0 kB
Dirty:                72 kB
Writeback:             0 kB
AnonPages:       1436016 kB
Mapped:           125356 kB
Shmem:              3472 kB
Slab:              33648 kB
SReclaimable:      12168 kB
SUnreclaim:        21480 kB
KernelStack:        5912 kB
PageTables:        10880 kB
NFS_Unstable:          0 kB
Bounce:                0 kB
WritebackTmp:          0 kB
CommitLimit:      949752 kB
Committed_AS:   11318012 kB
VmallocTotal:     245760 kB
VmallocUsed:       47560 kB
VmallocChunk:      75648 kB
1557734060.185663
MemTotal:        1899508 kB
MemFree:           58516 kB
Buffers:             792 kB
Cached:           106328 kB
SwapCached:            0 kB
Active:          1491524 kB
Inactive:          49628 kB
Active(anon):    1436028 kB
Inactive(anon):     3416 kB
Active(file):      55496 kB
Inactive(file):    46212 kB
Unevictable:        1940 kB
Mlocked:               0 kB
HighTotal:       1158144 kB
HighFree:          15480 kB
LowTotal:         741364 kB
LowFree:           43036 kB
SwapTotal:             0 kB
SwapFree:              0 kB
Dirty:                72 kB
Writeback:             0 kB
AnonPages:       1436116 kB
Mapped:           125384 kB
Shmem:              3472 kB
Slab:              33648 kB
SReclaimable:      12168 kB
SUnreclaim:        21480 kB
KernelStack:        5912 kB
PageTables:        10880 kB
NFS_Unstable:          0 kB
Bounce:                0 kB
WritebackTmp:          0 kB
CommitLimit:      949752 kB
Committed_AS:   11318616 kB
VmallocTotal:     245760 kB
VmallocUsed:       47560 kB
VmallocChunk:      75648 kB
1557734061.152639
MemTotal:        1899508 kB
MemFree:           92776 kB
Buffers:             792 kB
Cached:           106892 kB
SwapCached:            0 kB
Active:          1474052 kB
Inactive:          50200 kB
Active(anon):    1418556 kB
Inactive(anon):     3416 kB
Active(file):      55496 kB
Inactive(file):    46784 kB
Unevictable:        1940 kB
Mlocked:               0 kB
HighTotal:       1158144 kB
HighFree:          29836 kB
LowTotal:         741364 kB
LowFree:           62940 kB
SwapTotal:             0 kB
SwapFree:              0 kB
Dirty:                84 kB
Writeback:             0 kB
AnonPages:       1418560 kB
Mapped:           107964 kB
Shmem:              3472 kB
Slab:              33648 kB
SReclaimable:      12168 kB
SUnreclaim:        21480 kB
KernelStack:        5912 kB
PageTables:        10980 kB
NFS_Unstable:          0 kB
Bounce:                0 kB
WritebackTmp:          0 kB
CommitLimit:      949752 kB
Committed_AS:   11318600 kB
VmallocTotal:     245760 kB
VmallocUsed:       47368 kB
VmallocChunk:      75648 kB
1557734062.007946
MemTotal:        1899508 kB
MemFree:           73888 kB
Buffers:             880 kB
Cached:           108080 kB
SwapCached:            0 kB
Active:          1484548 kB
Inactive:          50216 kB
Active(anon):    1428108 kB
Inactive(anon):     3416 kB
Active(file):      56440 kB
Inactive(file):    46800 kB
Unevictable:        1940 kB
Mlocked:               0 kB
HighTotal:       1158144 kB
HighFree:          11980 kB
LowTotal:         741364 kB
LowFree:           61908 kB
SwapTotal:             0 kB
SwapFree:              0 kB
Dirty:                 0 kB
Writeback:             0 kB
AnonPages:       1428200 kB
Mapped:           109704 kB
Shmem:              3472 kB
Slab:              33632 kB
SReclaimable:      12168 kB
SUnreclaim:        21464 kB
KernelStack:        6008 kB
PageTables:        11448 kB
NFS_Unstable:          0 kB
Bounce:                0 kB
WritebackTmp:          0 kB
CommitLimit:      949752 kB
Committed_AS:   11920520 kB
VmallocTotal:     245760 kB
VmallocUsed:       50812 kB
VmallocChunk:      75648 kB
1557734063.164508
MemTotal:        1899508 kB
MemFree:           73316 kB
Buffers:             896 kB
Cached:           109000 kB
SwapCached:            0 kB
Active:          1483824 kB
Inactive:          51440 kB
Active(anon):    1427304 kB
Inactive(anon):     3440 kB
Active(file):      56520 kB
Inactive(file):    48000 kB
Unevictable:        1940 kB
Mlocked:               0 kB
HighTotal:       1158144 kB
HighFree:          11376 kB
LowTotal:         741364 kB
LowFree:           61940 kB
SwapTotal:             0 kB
SwapFree:              0 kB
Dirty:                60 kB
Writeback:             0 kB
AnonPages:       1427248 kB
Mapped:           109964 kB
Shmem:              3500 kB
Slab:              33656 kB
SReclaimable:      12168 kB
SUnreclaim:        21488 kB
KernelStack:        6088 kB
PageTables:        11568 kB
NFS_Unstable:          0 kB
Bounce:                0 kB
WritebackTmp:          0 kB
CommitLimit:      949752 kB
Committed_AS:   11933076 kB
VmallocTotal:     245760 kB
VmallocUsed:       50812 kB
VmallocChunk:      75648 kB
1557734064.004098
MemTotal:        1899508 kB
MemFree:           72716 kB
Buffers:             896 kB
Cached:           109416 kB
SwapCached:            0 kB
Active:          1484700 kB
Inactive:          51708 kB
Active(anon):    1428164 kB
Inactive(anon):     3628 kB
Active(file):      56536 kB
Inactive(file):    48080 kB
Unevictable:        1940 kB
Mlocked:               0 kB
HighTotal:       1158144 kB
HighFree:          10772 kB
LowTotal:         741364 kB
LowFree:           61944 kB
SwapTotal:             0 kB
SwapFree:              0 kB
Dirty:                60 kB
Writeback:             0 kB
AnonPages:       1427988 kB
Mapped:           110336 kB
Shmem:              3756 kB
Slab:              33656 kB
SReclaimable:      12168 kB
SUnreclaim:        21488 kB
KernelStack:        6016 kB
PageTables:        11580 kB
NFS_Unstable:          0 kB
Bounce:                0 kB
WritebackTmp:          0 kB
CommitLimit:      949752 kB
Committed_AS:   11939964 kB
VmallocTotal:     245760 kB
VmallocUsed:       50812 kB
VmallocChunk:      75648 kB
1557734065.014131
MemTotal:        1899508 kB
MemFree:           69596 kB
Buffers:             912 kB
Cached:           109660 kB
SwapCached:            0 kB
Active:          1485952 kB
Inactive:          51880 kB
Active(anon):    1429416 kB
Inactive(anon):     3676 kB
Active(file):      56536 kB
Inactive(file):    48204 kB
Unevictable:        1940 kB
Mlocked:               0 kB
HighTotal:       1158144 kB
HighFree:           7572 kB
LowTotal:         741364 kB
LowFree:           62024 kB
SwapTotal:             0 kB
SwapFree:              0 kB
Dirty:                60 kB
Writeback:             0 kB
AnonPages:       1429500 kB
Mapped:           110136 kB
Shmem:              3832 kB
Slab:              33656 kB
SReclaimable:      12168 kB
SUnreclaim:        21488 kB
KernelStack:        6072 kB
PageTables:        11580 kB
NFS_Unstable:          0 kB
Bounce:                0 kB
WritebackTmp:          0 kB
CommitLimit:      949752 kB
Committed_AS:   11939624 kB
VmallocTotal:     245760 kB
VmallocUsed:       50812 kB
VmallocChunk:      75648 kB
1557734066.036764
MemTotal:        1899508 kB
MemFree:           69796 kB
Buffers:             912 kB
Cached:           110104 kB
SwapCached:            0 kB
Active:          1486656 kB
Inactive:          52328 kB
Active(anon):    1430120 kB
Inactive(anon):     3788 kB
Active(file):      56536 kB
Inactive(file):    48540 kB
Unevictable:        1940 kB
Mlocked:               0 kB
HighTotal:       1158144 kB
HighFree:           6944 kB
LowTotal:         741364 kB
LowFree:           62852 kB
SwapTotal:             0 kB
SwapFree:              0 kB
Dirty:                60 kB
Writeback:             0 kB
AnonPages:       1430112 kB
Mapped:           110500 kB
Shmem:              4000 kB
Slab:              33652 kB
SReclaimable:      12168 kB
SUnreclaim:        21484 kB
KernelStack:        6136 kB
PageTables:        11580 kB
NFS_Unstable:          0 kB
Bounce:                0 kB
WritebackTmp:          0 kB
CommitLimit:      949752 kB
Committed_AS:   11940520 kB
VmallocTotal:     245760 kB
VmallocUsed:       50812 kB
VmallocChunk:      75648 kB
1557734067.163447
MemTotal:        1899508 kB
MemFree:           69496 kB
Buffers:             912 kB
Cached:           110128 kB
SwapCached:            0 kB
Active:          1488788 kB
Inactive:          52316 kB
Active(anon):    1432252 kB
Inactive(anon):     3776 kB
Active(file):      56536 kB
Inactive(file):    48540 kB
Unevictable:        1940 kB
Mlocked:               0 kB
HighTotal:       1158144 kB
HighFree:           4272 kB
LowTotal:         741364 kB
LowFree:           65224 kB
SwapTotal:             0 kB
SwapFree:              0 kB
Dirty:                60 kB
Writeback:             0 kB
AnonPages:       1432216 kB
Mapped:           108368 kB
Shmem:              4024 kB
Slab:              33684 kB
SReclaimable:      12168 kB
SUnreclaim:        21516 kB
KernelStack:        6072 kB
PageTables:        11584 kB
NFS_Unstable:          0 kB
Bounce:                0 kB
WritebackTmp:          0 kB
CommitLimit:      949752 kB
Committed_AS:   11940676 kB
VmallocTotal:     245760 kB
VmallocUsed:       50788 kB
VmallocChunk:      75648 kB
1557734068.260583
MemTotal:        1899508 kB
MemFree:           40828 kB
Buffers:             940 kB
Cached:           135416 kB
SwapCached:            0 kB
Active:          1492960 kB
Inactive:          77108 kB
Active(anon):    1436140 kB
Inactive(anon):     3768 kB
Active(file):      56820 kB
Inactive(file):    73340 kB
Unevictable:        1940 kB
Mlocked:               0 kB
HighTotal:       1158144 kB
HighFree:            600 kB
LowTotal:         741364 kB
LowFree:           40228 kB
SwapTotal:             0 kB
SwapFree:              0 kB
Dirty:                36 kB
Writeback:             0 kB
AnonPages:       1436072 kB
Mapped:           117268 kB
Shmem:              4036 kB
Slab:              33716 kB
SReclaimable:      12168 kB
SUnreclaim:        21548 kB
KernelStack:        6048 kB
PageTables:        12004 kB
NFS_Unstable:          0 kB
Bounce:                0 kB
WritebackTmp:          0 kB
CommitLimit:      949752 kB
Committed_AS:   12509668 kB
VmallocTotal:     245760 kB
VmallocUsed:       51808 kB
VmallocChunk:      75648 kB
1557734069.275302
MemTotal:        1899508 kB
MemFree:           39640 kB
Buffers:             548 kB
Cached:           124784 kB
SwapCached:            0 kB
Active:          1504324 kB
Inactive:          66932 kB
Active(anon):    1448780 kB
Inactive(anon):     3768 kB
Active(file):      55544 kB
Inactive(file):    63164 kB
Unevictable:        1940 kB
Mlocked:               0 kB
HighTotal:       1158144 kB
HighFree:            520 kB
LowTotal:         741364 kB
LowFree:           39120 kB
SwapTotal:             0 kB
SwapFree:              0 kB
Dirty:                36 kB
Writeback:             0 kB
AnonPages:       1448664 kB
Mapped:           113392 kB
Shmem:              4036 kB
Slab:              33712 kB
SReclaimable:      12168 kB
SUnreclaim:        21544 kB
KernelStack:        6176 kB
PageTables:        12828 kB
NFS_Unstable:          0 kB
Bounce:                0 kB
WritebackTmp:          0 kB
CommitLimit:      949752 kB
Committed_AS:   13651328 kB
VmallocTotal:     245760 kB
VmallocUsed:       53848 kB
VmallocChunk:      75648 kB
1557734070.250105
MemTotal:        1899508 kB
MemFree:           39884 kB
Buffers:             552 kB
Cached:           116324 kB
SwapCached:            0 kB
Active:          1513088 kB
Inactive:          59436 kB
Active(anon):    1457820 kB
Inactive(anon):     3772 kB
Active(file):      55268 kB
Inactive(file):    55664 kB
Unevictable:        1940 kB
Mlocked:               0 kB
HighTotal:       1158144 kB
HighFree:            592 kB
LowTotal:         741364 kB
LowFree:           39292 kB
SwapTotal:             0 kB
SwapFree:              0 kB
Dirty:                 4 kB
Writeback:             0 kB
AnonPages:       1457756 kB
Mapped:           115644 kB
Shmem:              4040 kB
Slab:              33740 kB
SReclaimable:      12164 kB
SUnreclaim:        21576 kB
KernelStack:        6368 kB
PageTables:        13604 kB
NFS_Unstable:          0 kB
Bounce:                0 kB
WritebackTmp:          0 kB
CommitLimit:      949752 kB
Committed_AS:   14790108 kB
VmallocTotal:     245760 kB
VmallocUsed:       55888 kB
VmallocChunk:      75648 kB
1557734071.226787
MemTotal:        1899508 kB
MemFree:           47936 kB
Buffers:             616 kB
Cached:           125576 kB
SwapCached:            0 kB
Active:          1503496 kB
Inactive:          63032 kB
Active(anon):    1442784 kB
Inactive(anon):     3768 kB
Active(file):      60712 kB
Inactive(file):    59264 kB
Unevictable:        1940 kB
Mlocked:               0 kB
HighTotal:       1158144 kB
HighFree:           2164 kB
LowTotal:         741364 kB
LowFree:           45772 kB
SwapTotal:             0 kB
SwapFree:              0 kB
Dirty:               100 kB
Writeback:             0 kB
AnonPages:       1442552 kB
Mapped:            98140 kB
Shmem:              4036 kB
Slab:              33732 kB
SReclaimable:      12156 kB
SUnreclaim:        21576 kB
KernelStack:        6208 kB
PageTables:        11588 kB
NFS_Unstable:          0 kB
Bounce:                0 kB
WritebackTmp:          0 kB
CommitLimit:      949752 kB
Committed_AS:   11942848 kB
VmallocTotal:     245760 kB
VmallocUsed:       50788 kB
VmallocChunk:      75648 kB
1557734072.240858
MemTotal:        1899508 kB
MemFree:           49168 kB
Buffers:             616 kB
Cached:           124688 kB
SwapCached:            0 kB
Active:          1502268 kB
Inactive:          62960 kB
Active(anon):    1442224 kB
Inactive(anon):     3768 kB
Active(file):      60044 kB
Inactive(file):    59192 kB
Unevictable:        1940 kB
Mlocked:               0 kB
HighTotal:       1158144 kB
HighFree:           3164 kB
LowTotal:         741364 kB
LowFree:           46004 kB
SwapTotal:             0 kB
SwapFree:              0 kB
Dirty:                80 kB
Writeback:             0 kB
AnonPages:       1442144 kB
Mapped:            97736 kB
Shmem:              4036 kB
Slab:              33732 kB
SReclaimable:      12156 kB
SUnreclaim:        21576 kB
KernelStack:        6056 kB
PageTables:        11496 kB
NFS_Unstable:          0 kB
Bounce:                0 kB
WritebackTmp:          0 kB
CommitLimit:      949752 kB
Committed_AS:   11938752 kB
VmallocTotal:     245760 kB
VmallocUsed:       50788 kB
VmallocChunk:      75648 kB
1557734073.227898
MemTotal:        1899508 kB
MemFree:           44636 kB
Buffers:             624 kB
Cached:           122976 kB
SwapCached:            0 kB
Active:          1507964 kB
Inactive:          61680 kB
Active(anon):    1448396 kB
Inactive(anon):     3768 kB
Active(file):      59568 kB
Inactive(file):    57912 kB
Unevictable:        1940 kB
Mlocked:               0 kB
HighTotal:       1158144 kB
HighFree:           1912 kB
LowTotal:         741364 kB
LowFree:           42724 kB
SwapTotal:             0 kB
SwapFree:              0 kB
Dirty:                80 kB
Writeback:             0 kB
AnonPages:       1448208 kB
Mapped:            97316 kB
Shmem:              4036 kB
Slab:              33732 kB
SReclaimable:      12156 kB
SUnreclaim:        21576 kB
KernelStack:        6056 kB
PageTables:        11716 kB
NFS_Unstable:          0 kB
Bounce:                0 kB
WritebackTmp:          0 kB
CommitLimit:      949752 kB
Committed_AS:   11945964 kB
VmallocTotal:     245760 kB
VmallocUsed:       50788 kB
VmallocChunk:      75648 kB
1557734074.167942
MemTotal:        1899508 kB
MemFree:           41580 kB
Buffers:             624 kB
Cached:           121172 kB
SwapCached:            0 kB
Active:          1512252 kB
Inactive:          60636 kB
Active(anon):    1453284 kB
Inactive(anon):     3768 kB
Active(file):      58968 kB
Inactive(file):    56868 kB
Unevictable:        1940 kB
Mlocked:               0 kB
HighTotal:       1158144 kB
HighFree:           1568 kB
LowTotal:         741364 kB
LowFree:           40012 kB
SwapTotal:             0 kB
SwapFree:              0 kB
Dirty:                80 kB
Writeback:             0 kB
AnonPages:       1453192 kB
Mapped:            97240 kB
Shmem:              4036 kB
Slab:              33732 kB
SReclaimable:      12156 kB
SUnreclaim:        21576 kB
KernelStack:        6016 kB
PageTables:        11744 kB
NFS_Unstable:          0 kB
Bounce:                0 kB
WritebackTmp:          0 kB
CommitLimit:      949752 kB
Committed_AS:   11955280 kB
VmallocTotal:     245760 kB
VmallocUsed:       50788 kB
VmallocChunk:      75648 kB
1557734075.164734
MemTotal:        1899508 kB
MemFree:           41396 kB
Buffers:             640 kB
Cached:           121452 kB
SwapCached:            0 kB
Active:          1511704 kB
Inactive:          61416 kB
Active(anon):    1453408 kB
Inactive(anon):     3768 kB
Active(file):      58296 kB
Inactive(file):    57648 kB
Unevictable:        1940 kB
Mlocked:               0 kB
HighTotal:       1158144 kB
HighFree:           1156 kB
LowTotal:         741364 kB
LowFree:           40240 kB
SwapTotal:             0 kB
SwapFree:              0 kB
Dirty:                80 kB
Writeback:             0 kB
AnonPages:       1452956 kB
Mapped:            97268 kB
Shmem:              4036 kB
Slab:              33732 kB
SReclaimable:      12156 kB
SUnreclaim:        21576 kB
KernelStack:        6064 kB
PageTables:        11668 kB
NFS_Unstable:          0 kB
Bounce:                0 kB
WritebackTmp:          0 kB
CommitLimit:      949752 kB
Committed_AS:   11955976 kB
VmallocTotal:     245760 kB
VmallocUsed:       50788 kB
VmallocChunk:      75648 kB
1557734076.144758
MemTotal:        1899508 kB
MemFree:           41820 kB
Buffers:             656 kB
Cached:           115192 kB
SwapCached:            0 kB
Active:          1514028 kB
Inactive:          58000 kB
Active(anon):    1458464 kB
Inactive(anon):     3768 kB
Active(file):      55564 kB
Inactive(file):    54232 kB
Unevictable:        1940 kB
Mlocked:               0 kB
HighTotal:       1158144 kB
HighFree:           1232 kB
LowTotal:         741364 kB
LowFree:           40588 kB
SwapTotal:             0 kB
SwapFree:              0 kB
Dirty:                80 kB
Writeback:             0 kB
AnonPages:       1458248 kB
Mapped:            96832 kB
Shmem:              4036 kB
Slab:              33732 kB
SReclaimable:      12156 kB
SUnreclaim:        21576 kB
KernelStack:        6072 kB
PageTables:        11652 kB
NFS_Unstable:          0 kB
Bounce:                0 kB
WritebackTmp:          0 kB
CommitLimit:      949752 kB
Committed_AS:   11959172 kB
VmallocTotal:     245760 kB
VmallocUsed:       50788 kB
VmallocChunk:      75648 kB
1557734077.104492
MemTotal:        1899508 kB
MemFree:           43288 kB
Buffers:             672 kB
Cached:           112904 kB
SwapCached:            0 kB
Active:          1515240 kB
Inactive:          56468 kB
Active(anon):    1460608 kB
Inactive(anon):     4040 kB
Active(file):      54632 kB
Inactive(file):    52428 kB
Unevictable:        1940 kB
Mlocked:               0 kB
HighTotal:       1158144 kB
HighFree:           2248 kB
LowTotal:         741364 kB
LowFree:           41040 kB
SwapTotal:             0 kB
SwapFree:              0 kB
Dirty:                 0 kB
Writeback:             0 kB
AnonPages:       1460192 kB
Mapped:            96828 kB
Shmem:              4436 kB
Slab:              33728 kB
SReclaimable:      12152 kB
SUnreclaim:        21576 kB
KernelStack:        6072 kB
PageTables:        11664 kB
NFS_Unstable:          0 kB
Bounce:                0 kB
WritebackTmp:          0 kB
CommitLimit:      949752 kB
Committed_AS:   11962948 kB
VmallocTotal:     245760 kB
VmallocUsed:       50788 kB
VmallocChunk:      75648 kB
1557734078.116952
MemTotal:        1899508 kB
MemFree:           43016 kB
Buffers:             688 kB
Cached:           112008 kB
SwapCached:            0 kB
Active:          1516420 kB
Inactive:          55360 kB
Active(anon):    1461508 kB
Inactive(anon):     4248 kB
Active(file):      54912 kB
Inactive(file):    51112 kB
Unevictable:        1940 kB
Mlocked:               0 kB
HighTotal:       1158144 kB
HighFree:           2148 kB
LowTotal:         741364 kB
LowFree:           40868 kB
SwapTotal:             0 kB
SwapFree:              0 kB
Dirty:                32 kB
Writeback:             0 kB
AnonPages:       1461316 kB
Mapped:            96560 kB
Shmem:              4612 kB
Slab:              33760 kB
SReclaimable:      12152 kB
SUnreclaim:        21608 kB
KernelStack:        6144 kB
PageTables:        11736 kB
NFS_Unstable:          0 kB
Bounce:                0 kB
WritebackTmp:          0 kB
CommitLimit:      949752 kB
Committed_AS:   11963032 kB
VmallocTotal:     245760 kB
VmallocUsed:       50788 kB
VmallocChunk:      75648 kB
1557734079.126630
MemTotal:        1899508 kB
MemFree:           43576 kB
Buffers:             688 kB
Cached:           108020 kB
SwapCached:            0 kB
Active:          1516140 kB
Inactive:          54040 kB
Active(anon):    1463920 kB
Inactive(anon):     4248 kB
Active(file):      52220 kB
Inactive(file):    49792 kB
Unevictable:        1940 kB
Mlocked:               0 kB
HighTotal:       1158144 kB
HighFree:           2272 kB
LowTotal:         741364 kB
LowFree:           41304 kB
SwapTotal:             0 kB
SwapFree:              0 kB
Dirty:                32 kB
Writeback:             0 kB
AnonPages:       1463632 kB
Mapped:            95708 kB
Shmem:              4612 kB
Slab:              33760 kB
SReclaimable:      12152 kB
SUnreclaim:        21608 kB
KernelStack:        6072 kB
PageTables:        11676 kB
NFS_Unstable:          0 kB
Bounce:                0 kB
WritebackTmp:          0 kB
CommitLimit:      949752 kB
Committed_AS:   11969876 kB
VmallocTotal:     245760 kB
VmallocUsed:       50788 kB
VmallocChunk:      75648 kB
1557734080.093044
MemTotal:        1899508 kB
MemFree:           46072 kB
Buffers:             688 kB
Cached:           106616 kB
SwapCached:            0 kB
Active:          1515516 kB
Inactive:          53692 kB
Active(anon):    1464204 kB
Inactive(anon):     4248 kB
Active(file):      51312 kB
Inactive(file):    49444 kB
Unevictable:        1940 kB
Mlocked:               0 kB
HighTotal:       1158144 kB
HighFree:           3296 kB
LowTotal:         741364 kB
LowFree:           42776 kB
SwapTotal:             0 kB
SwapFree:              0 kB
Dirty:                32 kB
Writeback:             0 kB
AnonPages:       1463860 kB
Mapped:            95288 kB
Shmem:              4612 kB
Slab:              33760 kB
SReclaimable:      12152 kB
SUnreclaim:        21608 kB
KernelStack:        6016 kB
PageTables:        11676 kB
NFS_Unstable:          0 kB
Bounce:                0 kB
WritebackTmp:          0 kB
CommitLimit:      949752 kB
Committed_AS:   11969956 kB
VmallocTotal:     245760 kB
VmallocUsed:       50788 kB
VmallocChunk:      75648 kB
1557734081.072625
MemTotal:        1899508 kB
MemFree:           44592 kB
Buffers:             688 kB
Cached:           105232 kB
SwapCached:            0 kB
Active:          1517272 kB
Inactive:          52784 kB
Active(anon):    1466520 kB
Inactive(anon):     4248 kB
Active(file):      50752 kB
Inactive(file):    48536 kB
Unevictable:        1940 kB
Mlocked:               0 kB
HighTotal:       1158144 kB
HighFree:           1720 kB
LowTotal:         741364 kB
LowFree:           42872 kB
SwapTotal:             0 kB
SwapFree:              0 kB
Dirty:                32 kB
Writeback:             0 kB
AnonPages:       1466224 kB
Mapped:            95036 kB
Shmem:              4612 kB
Slab:              33760 kB
SReclaimable:      12152 kB
SUnreclaim:        21608 kB
KernelStack:        6048 kB
PageTables:        11680 kB
NFS_Unstable:          0 kB
Bounce:                0 kB
WritebackTmp:          0 kB
CommitLimit:      949752 kB
Committed_AS:   11970668 kB
VmallocTotal:     245760 kB
VmallocUsed:       50788 kB
VmallocChunk:      75648 kB
1557734081.985997
MemTotal:        1899508 kB
MemFree:           45632 kB
Buffers:             592 kB
Cached:           103864 kB
SwapCached:            0 kB
Active:          1517176 kB
Inactive:          51676 kB
Active(anon):    1466812 kB
Inactive(anon):     4248 kB
Active(file):      50364 kB
Inactive(file):    47428 kB
Unevictable:        1940 kB
Mlocked:               0 kB
HighTotal:       1158144 kB
HighFree:           1992 kB
LowTotal:         741364 kB
LowFree:           43640 kB
SwapTotal:             0 kB
SwapFree:              0 kB
Dirty:                 0 kB
Writeback:             0 kB
AnonPages:       1466588 kB
Mapped:            94528 kB
Shmem:              4612 kB
Slab:              33760 kB
SReclaimable:      12152 kB
SUnreclaim:        21608 kB
KernelStack:        6072 kB
PageTables:        11676 kB
NFS_Unstable:          0 kB
Bounce:                0 kB
WritebackTmp:          0 kB
CommitLimit:      949752 kB
Committed_AS:   11970704 kB
VmallocTotal:     245760 kB
VmallocUsed:       50788 kB
VmallocChunk:      75648 kB
1557734082.948816
MemTotal:        1899508 kB
MemFree:           45288 kB
Buffers:             592 kB
Cached:           102476 kB
SwapCached:            0 kB
Active:          1519524 kB
Inactive:          50840 kB
Active(anon):    1469604 kB
Inactive(anon):     4244 kB
Active(file):      49920 kB
Inactive(file):    46596 kB
Unevictable:        1940 kB
Mlocked:               0 kB
HighTotal:       1158144 kB
HighFree:           2332 kB
LowTotal:         741364 kB
LowFree:           42956 kB
SwapTotal:             0 kB
SwapFree:              0 kB
Dirty:                32 kB
Writeback:             0 kB
AnonPages:       1469284 kB
Mapped:            93876 kB
Shmem:              4612 kB
Slab:              33760 kB
SReclaimable:      12152 kB
SUnreclaim:        21608 kB
KernelStack:        6072 kB
PageTables:        11684 kB
NFS_Unstable:          0 kB
Bounce:                0 kB
WritebackTmp:          0 kB
CommitLimit:      949752 kB
Committed_AS:   11975520 kB
VmallocTotal:     245760 kB
VmallocUsed:       50788 kB
VmallocChunk:      75648 kB
1557734083.903513
MemTotal:        1899508 kB
MemFree:           46244 kB
Buffers:             584 kB
Cached:           101044 kB
SwapCached:            0 kB
Active:          1519060 kB
Inactive:          50132 kB
Active(anon):    1469788 kB
Inactive(anon):     4240 kB
Active(file):      49272 kB
Inactive(file):    45892 kB
Unevictable:        1940 kB
Mlocked:               0 kB
HighTotal:       1158144 kB
HighFree:           2884 kB
LowTotal:         741364 kB
LowFree:           43360 kB
SwapTotal:             0 kB
SwapFree:              0 kB
Dirty:                32 kB
Writeback:             0 kB
AnonPages:       1469452 kB
Mapped:            93624 kB
Shmem:              4612 kB
Slab:              33760 kB
SReclaimable:      12152 kB
SUnreclaim:        21608 kB
KernelStack:        6016 kB
PageTables:        11688 kB
NFS_Unstable:          0 kB
Bounce:                0 kB
WritebackTmp:          0 kB
CommitLimit:      949752 kB
Committed_AS:   11975584 kB
VmallocTotal:     245760 kB
VmallocUsed:       50788 kB
VmallocChunk:      75648 kB
1557734084.824315
MemTotal:        1899508 kB
MemFree:           45712 kB
Buffers:             584 kB
Cached:            99904 kB
SwapCached:            0 kB
Active:          1520384 kB
Inactive:          49300 kB
Active(anon):    1471596 kB
Inactive(anon):     4240 kB
Active(file):      48788 kB
Inactive(file):    45060 kB
Unevictable:        1940 kB
Mlocked:               0 kB
HighTotal:       1158144 kB
HighFree:           1948 kB
LowTotal:         741364 kB
LowFree:           43764 kB
SwapTotal:             0 kB
SwapFree:              0 kB
Dirty:                32 kB
Writeback:             0 kB
AnonPages:       1471300 kB
Mapped:            93596 kB
Shmem:              4612 kB
Slab:              33760 kB
SReclaimable:      12152 kB
SUnreclaim:        21608 kB
KernelStack:        6016 kB
PageTables:        11688 kB
NFS_Unstable:          0 kB
Bounce:                0 kB
WritebackTmp:          0 kB
CommitLimit:      949752 kB
Committed_AS:   11971640 kB
VmallocTotal:     245760 kB
VmallocUsed:       50788 kB
VmallocChunk:      75648 kB
1557734085.807425
MemTotal:        1899508 kB
MemFree:           46200 kB
Buffers:             584 kB
Cached:            98240 kB
SwapCached:            0 kB
Active:          1519984 kB
Inactive:          48444 kB
Active(anon):    1471856 kB
Inactive(anon):     4240 kB
Active(file):      48128 kB
Inactive(file):    44204 kB
Unevictable:        1940 kB
Mlocked:               0 kB
HighTotal:       1158144 kB
HighFree:           2448 kB
LowTotal:         741364 kB
LowFree:           43752 kB
SwapTotal:             0 kB
SwapFree:              0 kB
Dirty:                32 kB
Writeback:             0 kB
AnonPages:       1471544 kB
Mapped:            93476 kB
Shmem:              4612 kB
Slab:              33760 kB
SReclaimable:      12152 kB
SUnreclaim:        21608 kB
KernelStack:        6048 kB
PageTables:        11600 kB
NFS_Unstable:          0 kB
Bounce:                0 kB
WritebackTmp:          0 kB
CommitLimit:      949752 kB
Committed_AS:   11971680 kB
VmallocTotal:     245760 kB
VmallocUsed:       50788 kB
VmallocChunk:      75648 kB
1557734086.850707
MemTotal:        1899508 kB
MemFree:           44420 kB
Buffers:             600 kB
Cached:            97000 kB
SwapCached:            0 kB
Active:          1522428 kB
Inactive:          47540 kB
Active(anon):    1474572 kB
Inactive(anon):     4240 kB
Active(file):      47856 kB
Inactive(file):    43300 kB
Unevictable:        1940 kB
Mlocked:               0 kB
HighTotal:       1158144 kB
HighFree:           2504 kB
LowTotal:         741364 kB
LowFree:           41916 kB
SwapTotal:             0 kB
SwapFree:              0 kB
Dirty:                32 kB
Writeback:             0 kB
AnonPages:       1474280 kB
Mapped:            93476 kB
Shmem:              4612 kB
Slab:              33728 kB
SReclaimable:      12152 kB
SUnreclaim:        21576 kB
KernelStack:        6072 kB
PageTables:        11708 kB
NFS_Unstable:          0 kB
Bounce:                0 kB
WritebackTmp:          0 kB
CommitLimit:      949752 kB
Committed_AS:   11982120 kB
VmallocTotal:     245760 kB
VmallocUsed:       50788 kB
VmallocChunk:      75648 kB
1557734087.831402
MemTotal:        1899508 kB
MemFree:           71420 kB
Buffers:             608 kB
Cached:           101260 kB
SwapCached:            0 kB
Active:          1492536 kB
Inactive:          52036 kB
Active(anon):    1445120 kB
Inactive(anon):     4216 kB
Active(file):      47416 kB
Inactive(file):    47820 kB
Unevictable:        1940 kB
Mlocked:               0 kB
HighTotal:       1158144 kB
HighFree:           5372 kB
LowTotal:         741364 kB
LowFree:           66048 kB
SwapTotal:             0 kB
SwapFree:              0 kB
Dirty:                 0 kB
Writeback:             0 kB
AnonPages:       1444844 kB
Mapped:            92404 kB
Shmem:              4612 kB
Slab:              33588 kB
SReclaimable:      12152 kB
SUnreclaim:        21436 kB
KernelStack:        5904 kB
PageTables:        11224 kB
NFS_Unstable:          0 kB
Bounce:                0 kB
WritebackTmp:          0 kB
CommitLimit:      949752 kB
Committed_AS:   11956568 kB
VmallocTotal:     245760 kB
VmallocUsed:       50788 kB
VmallocChunk:      75648 kB
1557734088.795075
MemTotal:        1899508 kB
MemFree:           40608 kB
Buffers:             476 kB
Cached:           123912 kB
SwapCached:            0 kB
Active:          1503388 kB
Inactive:          72636 kB
Active(anon):    1454148 kB
Inactive(anon):     4216 kB
Active(file):      49240 kB
Inactive(file):    68420 kB
Unevictable:        1940 kB
Mlocked:               0 kB
HighTotal:       1158144 kB
HighFree:            568 kB
LowTotal:         741364 kB
LowFree:           40040 kB
SwapTotal:             0 kB
SwapFree:              0 kB
Dirty:                40 kB
Writeback:             0 kB
AnonPages:       1453872 kB
Mapped:           102648 kB
Shmem:              4612 kB
Slab:              33472 kB
SReclaimable:      12136 kB
SUnreclaim:        21336 kB
KernelStack:        5864 kB
PageTables:        12092 kB
NFS_Unstable:          0 kB
Bounce:                0 kB
WritebackTmp:          0 kB
CommitLimit:      949752 kB
Committed_AS:   13095104 kB
VmallocTotal:     245760 kB
VmallocUsed:       52828 kB
VmallocChunk:      75648 kB
1557734089.761818
MemTotal:        1899508 kB
MemFree:           42840 kB
Buffers:             340 kB
Cached:           115116 kB
SwapCached:            0 kB
Active:          1509664 kB
Inactive:          61896 kB
Active(anon):    1458628 kB
Inactive(anon):     4216 kB
Active(file):      51036 kB
Inactive(file):    57680 kB
Unevictable:        1940 kB
Mlocked:               0 kB
HighTotal:       1158144 kB
HighFree:           1940 kB
LowTotal:         741364 kB
LowFree:           40900 kB
SwapTotal:             0 kB
SwapFree:              0 kB
Dirty:                 0 kB
Writeback:             0 kB
AnonPages:       1457992 kB
Mapped:            97640 kB
Shmem:              4612 kB
Slab:              33464 kB
SReclaimable:      12132 kB
SUnreclaim:        21332 kB
KernelStack:        5976 kB
PageTables:        11900 kB
NFS_Unstable:          0 kB
Bounce:                0 kB
WritebackTmp:          0 kB
CommitLimit:      949752 kB
Committed_AS:   12530096 kB
VmallocTotal:     245760 kB
VmallocUsed:       52828 kB
VmallocChunk:      75648 kB
1557734090.802290
MemTotal:        1899508 kB
MemFree:           40256 kB
Buffers:             632 kB
Cached:           117600 kB
SwapCached:            0 kB
Active:          1512932 kB
Inactive:          63520 kB
Active(anon):    1460812 kB
Inactive(anon):     4216 kB
Active(file):      52120 kB
Inactive(file):    59304 kB
Unevictable:        1940 kB
Mlocked:               0 kB
HighTotal:       1158144 kB
HighFree:            452 kB
LowTotal:         741364 kB
LowFree:           39804 kB
SwapTotal:             0 kB
SwapFree:              0 kB
Dirty:               116 kB
Writeback:             0 kB
AnonPages:       1460724 kB
Mapped:            99856 kB
Shmem:              4608 kB
Slab:              33392 kB
SReclaimable:      12128 kB
SUnreclaim:        21264 kB
KernelStack:        5888 kB
PageTables:        11932 kB
NFS_Unstable:          0 kB
Bounce:                0 kB
WritebackTmp:          0 kB
CommitLimit:      949752 kB
Committed_AS:   12530860 kB
VmallocTotal:     245760 kB
VmallocUsed:       51808 kB
VmallocChunk:      75648 kB
1557734091.792071
MemTotal:        1899508 kB
MemFree:           40928 kB
Buffers:             356 kB
Cached:           106116 kB
SwapCached:            0 kB
Active:          1521208 kB
Inactive:          54176 kB
Active(anon):    1471568 kB
Inactive(anon):     4212 kB
Active(file):      49640 kB
Inactive(file):    49964 kB
Unevictable:        1940 kB
Mlocked:               0 kB
HighTotal:       1158144 kB
HighFree:            796 kB
LowTotal:         741364 kB
LowFree:           40132 kB
SwapTotal:             0 kB
SwapFree:              0 kB
Dirty:                 0 kB
Writeback:            20 kB
AnonPages:       1471284 kB
Mapped:           103768 kB
Shmem:              4604 kB
Slab:              33400 kB
SReclaimable:      12128 kB
SUnreclaim:        21272 kB
KernelStack:        5992 kB
PageTables:        12284 kB
NFS_Unstable:          0 kB
Bounce:                0 kB
WritebackTmp:          0 kB
CommitLimit:      949752 kB
Committed_AS:   13105148 kB
VmallocTotal:     245760 kB
VmallocUsed:       52828 kB
VmallocChunk:      75648 kB
1557734093.183922
MemTotal:        1899508 kB
MemFree:           39604 kB
Buffers:             476 kB
Cached:           105648 kB
SwapCached:            0 kB
Active:          1523224 kB
Inactive:          54064 kB
Active(anon):    1473688 kB
Inactive(anon):     4216 kB
Active(file):      49536 kB
Inactive(file):    49848 kB
Unevictable:        1940 kB
Mlocked:               0 kB
HighTotal:       1158144 kB
HighFree:            536 kB
LowTotal:         741364 kB
LowFree:           39068 kB
SwapTotal:             0 kB
SwapFree:              0 kB
Dirty:                 4 kB
Writeback:             0 kB
AnonPages:       1473332 kB
Mapped:           100908 kB
Shmem:              4616 kB
Slab:              33396 kB
SReclaimable:      12128 kB
SUnreclaim:        21268 kB
KernelStack:        6040 kB
PageTables:        11988 kB
NFS_Unstable:          0 kB
Bounce:                0 kB
WritebackTmp:          0 kB
CommitLimit:      949752 kB
Committed_AS:   12539516 kB
VmallocTotal:     245760 kB
VmallocUsed:       51808 kB
VmallocChunk:      75648 kB
1557734094.158129
MemTotal:        1899508 kB
MemFree:           39900 kB
Buffers:             816 kB
Cached:           101192 kB
SwapCached:            0 kB
Active:          1524240 kB
Inactive:          52480 kB
Active(anon):    1477220 kB
Inactive(anon):     4212 kB
Active(file):      47020 kB
Inactive(file):    48268 kB
Unevictable:        1940 kB
Mlocked:               0 kB
HighTotal:       1158144 kB
HighFree:            444 kB
LowTotal:         741364 kB
LowFree:           39456 kB
SwapTotal:             0 kB
SwapFree:              0 kB
Dirty:                 0 kB
Writeback:             0 kB
AnonPages:       1476796 kB
Mapped:           100108 kB
Shmem:              4608 kB
Slab:              33400 kB
SReclaimable:      12128 kB
SUnreclaim:        21272 kB
KernelStack:        6112 kB
PageTables:        12380 kB
NFS_Unstable:          0 kB
Bounce:                0 kB
WritebackTmp:          0 kB
CommitLimit:      949752 kB
Committed_AS:   13114600 kB
VmallocTotal:     245760 kB
VmallocUsed:       52828 kB
VmallocChunk:      75648 kB
1557734095.307452
MemTotal:        1899508 kB
MemFree:           41040 kB
Buffers:             572 kB
Cached:            96696 kB
SwapCached:            0 kB
Active:          1525740 kB
Inactive:          49816 kB
Active(anon):    1480496 kB
Inactive(anon):     4304 kB
Active(file):      45244 kB
Inactive(file):    45512 kB
Unevictable:        1940 kB
Mlocked:               0 kB
HighTotal:       1158144 kB
HighFree:            868 kB
LowTotal:         741364 kB
LowFree:           40172 kB
SwapTotal:             0 kB
SwapFree:              0 kB
Dirty:                 0 kB
Writeback:             0 kB
AnonPages:       1480104 kB
Mapped:           100120 kB
Shmem:              4740 kB
Slab:              33364 kB
SReclaimable:      12108 kB
SUnreclaim:        21256 kB
KernelStack:        6232 kB
PageTables:        12728 kB
NFS_Unstable:          0 kB
Bounce:                0 kB
WritebackTmp:          0 kB
CommitLimit:      949752 kB
Committed_AS:   13689544 kB
VmallocTotal:     245760 kB
VmallocUsed:       53848 kB
VmallocChunk:      75648 kB
1557734096.695800
MemTotal:        1899508 kB
MemFree:           56872 kB
Buffers:             500 kB
Cached:            98368 kB
SwapCached:            0 kB
Active:          1510136 kB
Inactive:          49756 kB
Active(anon):    1463596 kB
Inactive(anon):     4236 kB
Active(file):      46540 kB
Inactive(file):    45520 kB
Unevictable:        1940 kB
Mlocked:               0 kB
HighTotal:       1158144 kB
HighFree:           5920 kB
LowTotal:         741364 kB
LowFree:           50952 kB
SwapTotal:             0 kB
SwapFree:              0 kB
Dirty:                 0 kB
Writeback:             0 kB
AnonPages:       1463132 kB
Mapped:            81656 kB
Shmem:              4524 kB
Slab:              33348 kB
SReclaimable:      12108 kB
SUnreclaim:        21240 kB
KernelStack:        6136 kB
PageTables:        11600 kB
NFS_Unstable:          0 kB
Bounce:                0 kB
WritebackTmp:          0 kB
CommitLimit:      949752 kB
Committed_AS:   12541336 kB
VmallocTotal:     245760 kB
VmallocUsed:       51808 kB
VmallocChunk:      75648 kB
1557734097.832737
MemTotal:        1899508 kB
MemFree:           40828 kB
Buffers:             552 kB
Cached:           116788 kB
SwapCached:            0 kB
Active:          1512984 kB
Inactive:          62308 kB
Active(anon):    1460432 kB
Inactive(anon):     4216 kB
Active(file):      52552 kB
Inactive(file):    58092 kB
Unevictable:        1940 kB
Mlocked:               0 kB
HighTotal:       1158144 kB
HighFree:            588 kB
LowTotal:         741364 kB
LowFree:           40240 kB
SwapTotal:             0 kB
SwapFree:              0 kB
Dirty:                 0 kB
Writeback:             0 kB
AnonPages:       1459976 kB
Mapped:            83364 kB
Shmem:              4612 kB
Slab:              33332 kB
SReclaimable:      12108 kB
SUnreclaim:        21224 kB
KernelStack:        5912 kB
PageTables:        11424 kB
NFS_Unstable:          0 kB
Bounce:                0 kB
WritebackTmp:          0 kB
CommitLimit:      949752 kB
Committed_AS:   11970908 kB
VmallocTotal:     245760 kB
VmallocUsed:       50788 kB
VmallocChunk:      75648 kB
1557734098.846543
MemTotal:        1899508 kB
MemFree:           40116 kB
Buffers:             408 kB
Cached:           113812 kB
SwapCached:            0 kB
Active:          1518372 kB
Inactive:          58924 kB
Active(anon):    1465444 kB
Inactive(anon):     4220 kB
Active(file):      52928 kB
Inactive(file):    54704 kB
Unevictable:        1940 kB
Mlocked:               0 kB
HighTotal:       1158144 kB
HighFree:            492 kB
LowTotal:         741364 kB
LowFree:           39624 kB
SwapTotal:             0 kB
SwapFree:              0 kB
Dirty:                 0 kB
Writeback:             0 kB
AnonPages:       1465376 kB
Mapped:            90016 kB
Shmem:              4616 kB
Slab:              33324 kB
SReclaimable:      12108 kB
SUnreclaim:        21216 kB
KernelStack:        5840 kB
PageTables:        11924 kB
NFS_Unstable:          0 kB
Bounce:                0 kB
WritebackTmp:          0 kB
CommitLimit:      949752 kB
Committed_AS:   12540952 kB
VmallocTotal:     245760 kB
VmallocUsed:       51808 kB
VmallocChunk:      75648 kB
1557734099.830489
MemTotal:        1899508 kB
MemFree:           40208 kB
Buffers:             400 kB
Cached:           110280 kB
SwapCached:            0 kB
Active:          1520732 kB
Inactive:          56696 kB
Active(anon):    1469264 kB
Inactive(anon):     4216 kB
Active(file):      51468 kB
Inactive(file):    52480 kB
Unevictable:        1940 kB
Mlocked:               0 kB
HighTotal:       1158144 kB
HighFree:            512 kB
LowTotal:         741364 kB
LowFree:           39696 kB
SwapTotal:             0 kB
SwapFree:              0 kB
Dirty:                 0 kB
Writeback:             0 kB
AnonPages:       1468892 kB
Mapped:            97196 kB
Shmem:              4612 kB
Slab:              33324 kB
SReclaimable:      12108 kB
SUnreclaim:        21216 kB
KernelStack:        5864 kB
PageTables:        11908 kB
NFS_Unstable:          0 kB
Bounce:                0 kB
WritebackTmp:          0 kB
CommitLimit:      949752 kB
Committed_AS:   12543012 kB
VmallocTotal:     245760 kB
VmallocUsed:       51808 kB
VmallocChunk:      75648 kB
1557734100.915487
MemTotal:        1899508 kB
MemFree:           39860 kB
Buffers:             460 kB
Cached:           102908 kB
SwapCached:            0 kB
Active:          1523820 kB
Inactive:          53028 kB
Active(anon):    1476016 kB
Inactive(anon):     4216 kB
Active(file):      47804 kB
Inactive(file):    48812 kB
Unevictable:        1940 kB
Mlocked:               0 kB
HighTotal:       1158144 kB
HighFree:            444 kB
LowTotal:         741364 kB
LowFree:           39416 kB
SwapTotal:             0 kB
SwapFree:              0 kB
Dirty:                 0 kB
Writeback:             0 kB
AnonPages:       1475876 kB
Mapped:            96840 kB
Shmem:              4612 kB
Slab:              33316 kB
SReclaimable:      12108 kB
SUnreclaim:        21208 kB
KernelStack:        5928 kB
PageTables:        11908 kB
NFS_Unstable:          0 kB
Bounce:                0 kB
WritebackTmp:          0 kB
CommitLimit:      949752 kB
Committed_AS:   12544688 kB
VmallocTotal:     245760 kB
VmallocUsed:       51808 kB
VmallocChunk:      75648 kB
1557734101.961286
MemTotal:        1899508 kB
MemFree:           53920 kB
Buffers:             440 kB
Cached:           102760 kB
SwapCached:            0 kB
Active:          1508732 kB
Inactive:          54112 kB
Active(anon):    1462472 kB
Inactive(anon):     4216 kB
Active(file):      46260 kB
Inactive(file):    49896 kB
Unevictable:        1940 kB
Mlocked:               0 kB
HighTotal:       1158144 kB
HighFree:           3804 kB
LowTotal:         741364 kB
LowFree:           50116 kB
SwapTotal:             0 kB
SwapFree:              0 kB
Dirty:                 0 kB
Writeback:             0 kB
AnonPages:       1462216 kB
Mapped:            97348 kB
Shmem:              4612 kB
Slab:              33216 kB
SReclaimable:      12108 kB
SUnreclaim:        21108 kB
KernelStack:        6040 kB
PageTables:        11220 kB
NFS_Unstable:          0 kB
Bounce:                0 kB
WritebackTmp:          0 kB
CommitLimit:      949752 kB
Committed_AS:   11941240 kB
VmallocTotal:     245760 kB
VmallocUsed:       50788 kB
VmallocChunk:      75648 kB
1557734102.956336
MemTotal:        1899508 kB
MemFree:           40804 kB
Buffers:             868 kB
Cached:           117216 kB
SwapCached:            0 kB
Active:          1515248 kB
Inactive:          62020 kB
Active(anon):    1461836 kB
Inactive(anon):     4312 kB
Active(file):      53412 kB
Inactive(file):    57708 kB
Unevictable:        1940 kB
Mlocked:               0 kB
HighTotal:       1158144 kB
HighFree:            744 kB
LowTotal:         741364 kB
LowFree:           40060 kB
SwapTotal:             0 kB
SwapFree:              0 kB
Dirty:                68 kB
Writeback:             0 kB
AnonPages:       1461868 kB
Mapped:           103068 kB
Shmem:              4608 kB
Slab:              33156 kB
SReclaimable:      12072 kB
SUnreclaim:        21084 kB
KernelStack:        5864 kB
PageTables:        11580 kB
NFS_Unstable:          0 kB
Bounce:                0 kB
WritebackTmp:          0 kB
CommitLimit:      949752 kB
Committed_AS:   12514828 kB
VmallocTotal:     245760 kB
VmallocUsed:       51808 kB
VmallocChunk:      75648 kB
1557734104.019128
MemTotal:        1899508 kB
MemFree:           41692 kB
Buffers:             548 kB
Cached:           102648 kB
SwapCached:            0 kB
Active:          1523092 kB
Inactive:          51940 kB
Active(anon):    1474472 kB
Inactive(anon):     4216 kB
Active(file):      48620 kB
Inactive(file):    47724 kB
Unevictable:        1940 kB
Mlocked:               0 kB
HighTotal:       1158144 kB
HighFree:           1420 kB
LowTotal:         741364 kB
LowFree:           40272 kB
SwapTotal:             0 kB
SwapFree:              0 kB
Dirty:                68 kB
Writeback:             0 kB
AnonPages:       1474068 kB
Mapped:           103748 kB
Shmem:              4612 kB
Slab:              33140 kB
SReclaimable:      12064 kB
SUnreclaim:        21076 kB
KernelStack:        5992 kB
PageTables:        11844 kB
NFS_Unstable:          0 kB
Bounce:                0 kB
WritebackTmp:          0 kB
CommitLimit:      949752 kB
Committed_AS:   13085304 kB
VmallocTotal:     245760 kB
VmallocUsed:       52828 kB
VmallocChunk:      75648 kB
1557734105.258824
MemTotal:        1899508 kB
MemFree:           48856 kB
Buffers:             796 kB
Cached:           111164 kB
SwapCached:            0 kB
Active:          1511380 kB
Inactive:          56496 kB
Active(anon):    1458416 kB
Inactive(anon):     4212 kB
Active(file):      52964 kB
Inactive(file):    52284 kB
Unevictable:        1940 kB
Mlocked:               0 kB
HighTotal:       1158144 kB
HighFree:           2296 kB
LowTotal:         741364 kB
LowFree:           46560 kB
SwapTotal:             0 kB
SwapFree:              0 kB
Dirty:               184 kB
Writeback:             4 kB
AnonPages:       1458056 kB
Mapped:            93768 kB
Shmem:              4608 kB
Slab:              33132 kB
SReclaimable:      12064 kB
SUnreclaim:        21068 kB
KernelStack:        5904 kB
PageTables:        10756 kB
NFS_Unstable:          0 kB
Bounce:                0 kB
WritebackTmp:          0 kB
CommitLimit:      949752 kB
Committed_AS:   11376656 kB
VmallocTotal:     245760 kB
VmallocUsed:       49768 kB
VmallocChunk:      75648 kB
1557734106.237385
MemTotal:        1899508 kB
MemFree:           41312 kB
Buffers:             892 kB
Cached:           108796 kB
SwapCached:            0 kB
Active:          1520780 kB
Inactive:          55520 kB
Active(anon):    1469032 kB
Inactive(anon):     4252 kB
Active(file):      51748 kB
Inactive(file):    51268 kB
Unevictable:        1940 kB
Mlocked:               0 kB
HighTotal:       1158144 kB
HighFree:           1140 kB
LowTotal:         741364 kB
LowFree:           40172 kB
SwapTotal:             0 kB
SwapFree:              0 kB
Dirty:                 0 kB
Writeback:             0 kB
AnonPages:       1468864 kB
Mapped:            97472 kB
Shmem:              4712 kB
Slab:              33124 kB
SReclaimable:      12064 kB
SUnreclaim:        21060 kB
KernelStack:        5904 kB
PageTables:        11580 kB
NFS_Unstable:          0 kB
Bounce:                0 kB
WritebackTmp:          0 kB
CommitLimit:      949752 kB
Committed_AS:   12520952 kB
VmallocTotal:     245760 kB
VmallocUsed:       51808 kB
VmallocChunk:      75648 kB
1557734107.311684
MemTotal:        1899508 kB
MemFree:           40340 kB
Buffers:             416 kB
Cached:           110312 kB
SwapCached:            0 kB
Active:          1521292 kB
Inactive:          55736 kB
Active(anon):    1469072 kB
Inactive(anon):     4216 kB
Active(file):      52220 kB
Inactive(file):    51520 kB
Unevictable:        1940 kB
Mlocked:               0 kB
HighTotal:       1158144 kB
HighFree:            444 kB
LowTotal:         741364 kB
LowFree:           39896 kB
SwapTotal:             0 kB
SwapFree:              0 kB
Dirty:                 0 kB
Writeback:             0 kB
AnonPages:       1468700 kB
Mapped:            99040 kB
Shmem:              4604 kB
Slab:              33156 kB
SReclaimable:      12064 kB
SUnreclaim:        21092 kB
KernelStack:        5984 kB
PageTables:        11704 kB
NFS_Unstable:          0 kB
Bounce:                0 kB
WritebackTmp:          0 kB
CommitLimit:      949752 kB
Committed_AS:   12527764 kB
VmallocTotal:     245760 kB
VmallocUsed:       51808 kB
VmallocChunk:      75648 kB
1557734108.436521
MemTotal:        1899508 kB
MemFree:           39932 kB
Buffers:             608 kB
Cached:           105624 kB
SwapCached:            0 kB
Active:          1524192 kB
Inactive:          52668 kB
Active(anon):    1473356 kB
Inactive(anon):     4352 kB
Active(file):      50836 kB
Inactive(file):    48316 kB
Unevictable:        1940 kB
Mlocked:               0 kB
HighTotal:       1158144 kB
HighFree:            456 kB
LowTotal:         741364 kB
LowFree:           39476 kB
SwapTotal:             0 kB
SwapFree:              0 kB
Dirty:                 0 kB
Writeback:             0 kB
AnonPages:       1472948 kB
Mapped:            99188 kB
Shmem:              4712 kB
Slab:              33176 kB
SReclaimable:      12056 kB
SUnreclaim:        21120 kB
KernelStack:        6056 kB
PageTables:        11780 kB
NFS_Unstable:          0 kB
Bounce:                0 kB
WritebackTmp:          0 kB
CommitLimit:      949752 kB
Committed_AS:   12534948 kB
VmallocTotal:     245760 kB
VmallocUsed:       51808 kB
VmallocChunk:      75648 kB
1557734109.683998
MemTotal:        1899508 kB
MemFree:           45444 kB
Buffers:             552 kB
Cached:            97732 kB
SwapCached:            0 kB
Active:          1520876 kB
Inactive:          48308 kB
Active(anon):    1473244 kB
Inactive(anon):     4196 kB
Active(file):      47632 kB
Inactive(file):    44112 kB
Unevictable:        1940 kB
Mlocked:               0 kB
HighTotal:       1158144 kB
HighFree:           2272 kB
LowTotal:         741364 kB
LowFree:           43172 kB
SwapTotal:             0 kB
SwapFree:              0 kB
Dirty:                12 kB
Writeback:            12 kB
AnonPages:       1473040 kB
Mapped:            99608 kB
Shmem:              4628 kB
Slab:              33176 kB
SReclaimable:      12056 kB
SUnreclaim:        21120 kB
KernelStack:        6168 kB
PageTables:        11876 kB
NFS_Unstable:          0 kB
Bounce:                0 kB
WritebackTmp:          0 kB
CommitLimit:      949752 kB
Committed_AS:   12529736 kB
VmallocTotal:     245760 kB
VmallocUsed:       51808 kB
VmallocChunk:      75648 kB
1557734110.837680
MemTotal:        1899508 kB
MemFree:           42012 kB
Buffers:             424 kB
Cached:           101360 kB
SwapCached:            0 kB
Active:          1524524 kB
Inactive:          50084 kB
Active(anon):    1475200 kB
Inactive(anon):     4292 kB
Active(file):      49324 kB
Inactive(file):    45792 kB
Unevictable:        1940 kB
Mlocked:               0 kB
HighTotal:       1158144 kB
HighFree:           1804 kB
LowTotal:         741364 kB
LowFree:           40208 kB
SwapTotal:             0 kB
SwapFree:              0 kB
Dirty:                20 kB
Writeback:             0 kB
AnonPages:       1474960 kB
Mapped:           101228 kB
Shmem:              4760 kB
Slab:              33208 kB
SReclaimable:      12056 kB
SUnreclaim:        21152 kB
KernelStack:        6096 kB
PageTables:        12300 kB
NFS_Unstable:          0 kB
Bounce:                0 kB
WritebackTmp:          0 kB
CommitLimit:      949752 kB
Committed_AS:   13756840 kB
VmallocTotal:     245760 kB
VmallocUsed:       52828 kB
VmallocChunk:      75648 kB
1557734111.966020
MemTotal:        1899508 kB
MemFree:           61840 kB
Buffers:             620 kB
Cached:           104672 kB
SwapCached:            0 kB
Active:          1501452 kB
Inactive:          53040 kB
Active(anon):    1451736 kB
Inactive(anon):     4192 kB
Active(file):      49716 kB
Inactive(file):    48848 kB
Unevictable:        1940 kB
Mlocked:               0 kB
HighTotal:       1158144 kB
HighFree:           8180 kB
LowTotal:         741364 kB
LowFree:           53660 kB
SwapTotal:             0 kB
SwapFree:              0 kB
Dirty:                 0 kB
Writeback:             0 kB
AnonPages:       1451504 kB
Mapped:            86004 kB
Shmem:              4612 kB
Slab:              33208 kB
SReclaimable:      12056 kB
SUnreclaim:        21152 kB
KernelStack:        6256 kB
PageTables:        10936 kB
NFS_Unstable:          0 kB
Bounce:                0 kB
WritebackTmp:          0 kB
CommitLimit:      949752 kB
Committed_AS:   11946776 kB
VmallocTotal:     245760 kB
VmallocUsed:       50788 kB
VmallocChunk:      75648 kB
1557734113.014766
MemTotal:        1899508 kB
MemFree:           59628 kB
Buffers:             620 kB
Cached:           108724 kB
SwapCached:            0 kB
Active:          1501956 kB
Inactive:          57236 kB
Active(anon):    1452216 kB
Inactive(anon):     4192 kB
Active(file):      49740 kB
Inactive(file):    53044 kB
Unevictable:        1940 kB
Mlocked:               0 kB
HighTotal:       1158144 kB
HighFree:           3544 kB
LowTotal:         741364 kB
LowFree:           56084 kB
SwapTotal:             0 kB
SwapFree:              0 kB
Dirty:                56 kB
Writeback:             0 kB
AnonPages:       1451884 kB
Mapped:            85668 kB
Shmem:              4612 kB
Slab:              33168 kB
SReclaimable:      12056 kB
SUnreclaim:        21112 kB
KernelStack:        5656 kB
PageTables:        10732 kB
NFS_Unstable:          0 kB
Bounce:                0 kB
WritebackTmp:          0 kB
CommitLimit:      949752 kB
Committed_AS:   11375192 kB
VmallocTotal:     245760 kB
VmallocUsed:       49768 kB
VmallocChunk:      75648 kB
1557734114.027992
MemTotal:        1899508 kB
MemFree:           60012 kB
Buffers:             636 kB
Cached:           108272 kB
SwapCached:            0 kB
Active:          1501088 kB
Inactive:          56728 kB
Active(anon):    1451348 kB
Inactive(anon):     4192 kB
Active(file):      49740 kB
Inactive(file):    52536 kB
Unevictable:        1940 kB
Mlocked:               0 kB
HighTotal:       1158144 kB
HighFree:           2580 kB
LowTotal:         741364 kB
LowFree:           57432 kB
SwapTotal:             0 kB
SwapFree:              0 kB
Dirty:                56 kB
Writeback:             0 kB
AnonPages:       1450840 kB
Mapped:            85916 kB
Shmem:              4612 kB
Slab:              33168 kB
SReclaimable:      12056 kB
SUnreclaim:        21112 kB
KernelStack:        5704 kB
PageTables:        11128 kB
NFS_Unstable:          0 kB
Bounce:                0 kB
WritebackTmp:          0 kB
CommitLimit:      949752 kB
Committed_AS:   11942652 kB
VmallocTotal:     245760 kB
VmallocUsed:       50788 kB
VmallocChunk:      75648 kB
1557734114.998535
MemTotal:        1899508 kB
MemFree:           59396 kB
Buffers:             636 kB
Cached:           108560 kB
SwapCached:            0 kB
Active:          1502004 kB
Inactive:          56884 kB
Active(anon):    1452196 kB
Inactive(anon):     4192 kB
Active(file):      49808 kB
Inactive(file):    52692 kB
Unevictable:        1940 kB
Mlocked:               0 kB
HighTotal:       1158144 kB
HighFree:           4372 kB
LowTotal:         741364 kB
LowFree:           55024 kB
SwapTotal:             0 kB
SwapFree:              0 kB
Dirty:                84 kB
Writeback:             0 kB
AnonPages:       1451836 kB
Mapped:            85844 kB
Shmem:              4612 kB
Slab:              33168 kB
SReclaimable:      12056 kB
SUnreclaim:        21112 kB
KernelStack:        5656 kB
PageTables:        10728 kB
NFS_Unstable:          0 kB
Bounce:                0 kB
WritebackTmp:          0 kB
CommitLimit:      949752 kB
Committed_AS:   11375920 kB
VmallocTotal:     245760 kB
VmallocUsed:       49768 kB
VmallocChunk:      75648 kB
1557734116.062030
MemTotal:        1899508 kB
MemFree:           60096 kB
Buffers:             636 kB
Cached:           107640 kB
SwapCached:            0 kB
Active:          1501912 kB
Inactive:          56044 kB
Active(anon):    1452084 kB
Inactive(anon):     4192 kB
Active(file):      49828 kB
Inactive(file):    51852 kB
Unevictable:        1940 kB
Mlocked:               0 kB
HighTotal:       1158144 kB
HighFree:           5048 kB
LowTotal:         741364 kB
LowFree:           55048 kB
SwapTotal:             0 kB
SwapFree:              0 kB
Dirty:                84 kB
Writeback:             0 kB
AnonPages:       1451832 kB
Mapped:            85504 kB
Shmem:              4612 kB
Slab:              33160 kB
SReclaimable:      12056 kB
SUnreclaim:        21104 kB
KernelStack:        5640 kB
PageTables:        10696 kB
NFS_Unstable:          0 kB
Bounce:                0 kB
WritebackTmp:          0 kB
CommitLimit:      949752 kB
Committed_AS:   11375916 kB
VmallocTotal:     245760 kB
VmallocUsed:       49768 kB
VmallocChunk:      75648 kB
1557734117.085481
MemTotal:        1899508 kB
MemFree:           60500 kB
Buffers:             636 kB
Cached:           120732 kB
SwapCached:            0 kB
Active:          1487572 kB
Inactive:          68384 kB
Active(anon):    1437276 kB
Inactive(anon):     4192 kB
Active(file):      50296 kB
Inactive(file):    64192 kB
Unevictable:        1940 kB
Mlocked:               0 kB
HighTotal:       1158144 kB
HighFree:           1808 kB
LowTotal:         741364 kB
LowFree:           58692 kB
SwapTotal:             0 kB
SwapFree:              0 kB
Dirty:                 0 kB
Writeback:             0 kB
AnonPages:       1436640 kB
Mapped:            89392 kB
Shmem:              4612 kB
Slab:              33156 kB
SReclaimable:      12056 kB
SUnreclaim:        21100 kB
KernelStack:        5640 kB
PageTables:        11172 kB
NFS_Unstable:          0 kB
Bounce:                0 kB
WritebackTmp:          0 kB
CommitLimit:      949752 kB
Committed_AS:   11948100 kB
VmallocTotal:     245760 kB
VmallocUsed:       50788 kB
VmallocChunk:      75648 kB
1557734118.169044
MemTotal:        1899508 kB
MemFree:           39904 kB
Buffers:             616 kB
Cached:           133932 kB
SwapCached:            0 kB
Active:          1497876 kB
Inactive:          80108 kB
Active(anon):    1445936 kB
Inactive(anon):     4192 kB
Active(file):      51940 kB
Inactive(file):    75916 kB
Unevictable:        1940 kB
Mlocked:               0 kB
HighTotal:       1158144 kB
HighFree:            512 kB
LowTotal:         741364 kB
LowFree:           39392 kB
SwapTotal:             0 kB
SwapFree:              0 kB
Dirty:                 0 kB
Writeback:             0 kB
AnonPages:       1445624 kB
Mapped:            94360 kB
Shmem:              4608 kB
Slab:              33152 kB
SReclaimable:      12056 kB
SUnreclaim:        21096 kB
KernelStack:        5872 kB
PageTables:        11740 kB
NFS_Unstable:          0 kB
Bounce:                0 kB
WritebackTmp:          0 kB
CommitLimit:      949752 kB
Committed_AS:   12518620 kB
VmallocTotal:     245760 kB
VmallocUsed:       51808 kB
VmallocChunk:      75648 kB
1557734119.215090
MemTotal:        1899508 kB
MemFree:           40828 kB
Buffers:             284 kB
Cached:           126132 kB
SwapCached:            0 kB
Active:          1507548 kB
Inactive:          68812 kB
Active(anon):    1452844 kB
Inactive(anon):     4192 kB
Active(file):      54704 kB
Inactive(file):    64620 kB
Unevictable:        1940 kB
Mlocked:               0 kB
HighTotal:       1158144 kB
HighFree:            824 kB
LowTotal:         741364 kB
LowFree:           40004 kB
SwapTotal:             0 kB
SwapFree:              0 kB
Dirty:               104 kB
Writeback:             0 kB
AnonPages:       1452648 kB
Mapped:            98976 kB
Shmem:              4612 kB
Slab:              33144 kB
SReclaimable:      12048 kB
SUnreclaim:        21096 kB
KernelStack:        5896 kB
PageTables:        11896 kB
NFS_Unstable:          0 kB
Bounce:                0 kB
WritebackTmp:          0 kB
CommitLimit:      949752 kB
Committed_AS:   12522940 kB
VmallocTotal:     245760 kB
VmallocUsed:       51808 kB
VmallocChunk:      75648 kB
1557734120.181736
MemTotal:        1899508 kB
MemFree:           40668 kB
Buffers:             480 kB
Cached:           122752 kB
SwapCached:            0 kB
Active:          1509596 kB
Inactive:          67072 kB
Active(anon):    1456180 kB
Inactive(anon):     4192 kB
Active(file):      53416 kB
Inactive(file):    62880 kB
Unevictable:        1940 kB
Mlocked:               0 kB
HighTotal:       1158144 kB
HighFree:            592 kB
LowTotal:         741364 kB
LowFree:           40076 kB
SwapTotal:             0 kB
SwapFree:              0 kB
Dirty:                 0 kB
Writeback:             0 kB
AnonPages:       1455744 kB
Mapped:           104416 kB
Shmem:              4616 kB
Slab:              33144 kB
SReclaimable:      12048 kB
SUnreclaim:        21096 kB
KernelStack:        6016 kB
PageTables:        11812 kB
NFS_Unstable:          0 kB
Bounce:                0 kB
WritebackTmp:          0 kB
CommitLimit:      949752 kB
Committed_AS:   12524508 kB
VmallocTotal:     245760 kB
VmallocUsed:       51808 kB
VmallocChunk:      75648 kB
1557734121.190252
MemTotal:        1899508 kB
MemFree:           41360 kB
Buffers:             740 kB
Cached:           116800 kB
SwapCached:            0 kB
Active:          1515224 kB
Inactive:          59748 kB
Active(anon):    1460132 kB
Inactive(anon):     4184 kB
Active(file):      55092 kB
Inactive(file):    55564 kB
Unevictable:        1940 kB
Mlocked:               0 kB
HighTotal:       1158144 kB
HighFree:            832 kB
LowTotal:         741364 kB
LowFree:           40528 kB
SwapTotal:             0 kB
SwapFree:              0 kB
Dirty:                 0 kB
Writeback:           148 kB
AnonPages:       1459732 kB
Mapped:           105624 kB
Shmem:              4608 kB
Slab:              33140 kB
SReclaimable:      12048 kB
SUnreclaim:        21092 kB
KernelStack:        6032 kB
PageTables:        11696 kB
NFS_Unstable:          0 kB
Bounce:                0 kB
WritebackTmp:          0 kB
CommitLimit:      949752 kB
Committed_AS:   12531076 kB
VmallocTotal:     245760 kB
VmallocUsed:       51808 kB
VmallocChunk:      75648 kB
1557734122.260059
MemTotal:        1899508 kB
MemFree:           40916 kB
Buffers:             376 kB
Cached:           117592 kB
SwapCached:            0 kB
Active:          1514828 kB
Inactive:          60928 kB
Active(anon):    1460308 kB
Inactive(anon):     4292 kB
Active(file):      54520 kB
Inactive(file):    56636 kB
Unevictable:        1940 kB
Mlocked:               0 kB
HighTotal:       1158144 kB
HighFree:            860 kB
LowTotal:         741364 kB
LowFree:           40056 kB
SwapTotal:             0 kB
SwapFree:              0 kB
Dirty:                 0 kB
Writeback:           292 kB
AnonPages:       1460104 kB
Mapped:           109864 kB
Shmem:              4768 kB
Slab:              33136 kB
SReclaimable:      12048 kB
SUnreclaim:        21088 kB
KernelStack:        6072 kB
PageTables:        12096 kB
NFS_Unstable:          0 kB
Bounce:                0 kB
WritebackTmp:          0 kB
CommitLimit:      949752 kB
Committed_AS:   13754108 kB
VmallocTotal:     245760 kB
VmallocUsed:       52828 kB
VmallocChunk:      75648 kB
1557734123.372355
MemTotal:        1899508 kB
MemFree:           48668 kB
Buffers:             436 kB
Cached:           114260 kB
SwapCached:            0 kB
Active:          1507340 kB
Inactive:          58584 kB
Active(anon):    1454000 kB
Inactive(anon):     3968 kB
Active(file):      53340 kB
Inactive(file):    54616 kB
Unevictable:        1940 kB
Mlocked:               0 kB
HighTotal:       1158144 kB
HighFree:           2484 kB
LowTotal:         741364 kB
LowFree:           46184 kB
SwapTotal:             0 kB
SwapFree:              0 kB
Dirty:                 4 kB
Writeback:             0 kB
AnonPages:       1453880 kB
Mapped:           104096 kB
Shmem:              4612 kB
Slab:              33140 kB
SReclaimable:      12048 kB
SUnreclaim:        21092 kB
KernelStack:        6264 kB
PageTables:        12376 kB
NFS_Unstable:          0 kB
Bounce:                0 kB
WritebackTmp:          0 kB
CommitLimit:      949752 kB
Committed_AS:   13102696 kB
VmallocTotal:     245760 kB
VmallocUsed:       52828 kB
VmallocChunk:      75648 kB
1557734124.401237
MemTotal:        1899508 kB
MemFree:           42936 kB
Buffers:             808 kB
Cached:           127584 kB
SwapCached:            0 kB
Active:          1503604 kB
Inactive:          67900 kB
Active(anon):    1446184 kB
Inactive(anon):     4316 kB
Active(file):      57420 kB
Inactive(file):    63584 kB
Unevictable:        1940 kB
Mlocked:               0 kB
HighTotal:       1158144 kB
HighFree:           1780 kB
LowTotal:         741364 kB
LowFree:           41156 kB
SwapTotal:             0 kB
SwapFree:              0 kB
Dirty:               152 kB
Writeback:             0 kB
AnonPages:       1445832 kB
Mapped:           101188 kB
Shmem:              4608 kB
Slab:              33136 kB
SReclaimable:      12048 kB
SUnreclaim:        21088 kB
KernelStack:        6224 kB
PageTables:        12128 kB
NFS_Unstable:          0 kB
Bounce:                0 kB
WritebackTmp:          0 kB
CommitLimit:      949752 kB
Committed_AS:   13096988 kB
VmallocTotal:     245760 kB
VmallocUsed:       52828 kB
VmallocChunk:      75648 kB
1557734125.494288
MemTotal:        1899508 kB
MemFree:           40640 kB
Buffers:             824 kB
Cached:           128452 kB
SwapCached:            0 kB
Active:          1509004 kB
Inactive:          67084 kB
Active(anon):    1449304 kB
Inactive(anon):     4196 kB
Active(file):      59700 kB
Inactive(file):    62888 kB
Unevictable:        1940 kB
Mlocked:               0 kB
HighTotal:       1158144 kB
HighFree:            504 kB
LowTotal:         741364 kB
LowFree:           40136 kB
SwapTotal:             0 kB
SwapFree:              0 kB
Dirty:                32 kB
Writeback:             4 kB
AnonPages:       1449380 kB
Mapped:           105016 kB
Shmem:              4608 kB
Slab:              33144 kB
SReclaimable:      12056 kB
SUnreclaim:        21088 kB
KernelStack:        6184 kB
PageTables:        12100 kB
NFS_Unstable:          0 kB
Bounce:                0 kB
WritebackTmp:          0 kB
CommitLimit:      949752 kB
Committed_AS:   13749680 kB
VmallocTotal:     245760 kB
VmallocUsed:       52828 kB
VmallocChunk:      75648 kB
1557734126.546807
MemTotal:        1899508 kB
MemFree:           40216 kB
Buffers:             672 kB
Cached:           122808 kB
SwapCached:            0 kB
Active:          1512484 kB
Inactive:          63388 kB
Active(anon):    1454908 kB
Inactive(anon):     4308 kB
Active(file):      57576 kB
Inactive(file):    59080 kB
Unevictable:        1940 kB
Mlocked:               0 kB
HighTotal:       1158144 kB
HighFree:            520 kB
LowTotal:         741364 kB
LowFree:           39696 kB
SwapTotal:             0 kB
SwapFree:              0 kB
Dirty:               160 kB
Writeback:             0 kB
AnonPages:       1454684 kB
Mapped:           108676 kB
Shmem:              4840 kB
Slab:              33144 kB
SReclaimable:      12056 kB
SUnreclaim:        21088 kB
KernelStack:        6336 kB
PageTables:        12608 kB
NFS_Unstable:          0 kB
Bounce:                0 kB
WritebackTmp:          0 kB
CommitLimit:      949752 kB
Committed_AS:   13667364 kB
VmallocTotal:     245760 kB
VmallocUsed:       53848 kB
VmallocChunk:      75648 kB
1557734127.561439
MemTotal:        1899508 kB
MemFree:           40536 kB
Buffers:             908 kB
Cached:           115080 kB
SwapCached:            0 kB
Active:          1516312 kB
Inactive:          58568 kB
Active(anon):    1461248 kB
Inactive(anon):     4240 kB
Active(file):      55064 kB
Inactive(file):    54328 kB
Unevictable:        1940 kB
Mlocked:               0 kB
HighTotal:       1158144 kB
HighFree:            696 kB
LowTotal:         741364 kB
LowFree:           39840 kB
SwapTotal:             0 kB
SwapFree:              0 kB
Dirty:               216 kB
Writeback:             8 kB
AnonPages:       1460916 kB
Mapped:           110688 kB
Shmem:              4600 kB
Slab:              33148 kB
SReclaimable:      12056 kB
SUnreclaim:        21092 kB
KernelStack:        6336 kB
PageTables:        12700 kB
NFS_Unstable:          0 kB
Bounce:                0 kB
WritebackTmp:          0 kB
CommitLimit:      949752 kB
Committed_AS:   13671708 kB
VmallocTotal:     245760 kB
VmallocUsed:       53848 kB
VmallocChunk:      75648 kB
1557734128.546668
MemTotal:        1899508 kB
MemFree:           40752 kB
Buffers:             776 kB
Cached:           122160 kB
SwapCached:            0 kB
Active:          1513636 kB
Inactive:          62932 kB
Active(anon):    1455864 kB
Inactive(anon):     4192 kB
Active(file):      57772 kB
Inactive(file):    58740 kB
Unevictable:        1940 kB
Mlocked:               0 kB
HighTotal:       1158144 kB
HighFree:            868 kB
LowTotal:         741364 kB
LowFree:           39884 kB
SwapTotal:             0 kB
SwapFree:              0 kB
Dirty:                 0 kB
Writeback:             0 kB
AnonPages:       1455412 kB
Mapped:           100956 kB
Shmem:              4612 kB
Slab:              33156 kB
SReclaimable:      12064 kB
SUnreclaim:        21092 kB
KernelStack:        6264 kB
PageTables:        12576 kB
NFS_Unstable:          0 kB
Bounce:                0 kB
WritebackTmp:          0 kB
CommitLimit:      949752 kB
Committed_AS:   15631836 kB
VmallocTotal:     245760 kB
VmallocUsed:       52828 kB
VmallocChunk:      75648 kB
1557734129.617356
MemTotal:        1899508 kB
MemFree:           40808 kB
Buffers:             632 kB
Cached:           107212 kB
SwapCached:            0 kB
Active:          1519692 kB
Inactive:          55188 kB
Active(anon):    1469636 kB
Inactive(anon):     4188 kB
Active(file):      50056 kB
Inactive(file):    51000 kB
Unevictable:        1940 kB
Mlocked:               0 kB
HighTotal:       1158144 kB
HighFree:            572 kB
LowTotal:         741364 kB
LowFree:           40236 kB
SwapTotal:             0 kB
SwapFree:              0 kB
Dirty:                40 kB
Writeback:            40 kB
AnonPages:       1469452 kB
Mapped:           107072 kB
Shmem:              4604 kB
Slab:              33160 kB
SReclaimable:      12064 kB
SUnreclaim:        21096 kB
KernelStack:        6552 kB
PageTables:        13212 kB
NFS_Unstable:          0 kB
Bounce:                0 kB
WritebackTmp:          0 kB
CommitLimit:      949752 kB
Committed_AS:   15553260 kB
VmallocTotal:     245760 kB
VmallocUsed:       54868 kB
VmallocChunk:      75648 kB
1557734131.018924
MemTotal:        1899508 kB
MemFree:           40212 kB
Buffers:             340 kB
Cached:           111776 kB
SwapCached:            0 kB
Active:          1517452 kB
Inactive:          58080 kB
Active(anon):    1466116 kB
Inactive(anon):     4136 kB
Active(file):      51336 kB
Inactive(file):    53944 kB
Unevictable:        1940 kB
Mlocked:               0 kB
HighTotal:       1158144 kB
HighFree:            588 kB
LowTotal:         741364 kB
LowFree:           39624 kB
SwapTotal:             0 kB
SwapFree:              0 kB
Dirty:                 0 kB
Writeback:            76 kB
AnonPages:       1465612 kB
Mapped:            98412 kB
Shmem:              4612 kB
Slab:              33164 kB
SReclaimable:      12064 kB
SUnreclaim:        21100 kB
KernelStack:        6736 kB
PageTables:        12996 kB
NFS_Unstable:          0 kB
Bounce:                0 kB
WritebackTmp:          0 kB
CommitLimit:      949752 kB
Committed_AS:   14330268 kB
VmallocTotal:     245760 kB
VmallocUsed:       53848 kB
VmallocChunk:      75648 kB
1557734132.395151
MemTotal:        1899508 kB
MemFree:           42456 kB
Buffers:             312 kB
Cached:           104948 kB
SwapCached:            0 kB
Active:          1516384 kB
Inactive:          55916 kB
Active(anon):    1469536 kB
Inactive(anon):     4136 kB
Active(file):      46848 kB
Inactive(file):    51780 kB
Unevictable:        1940 kB
Mlocked:               0 kB
HighTotal:       1158144 kB
HighFree:           1784 kB
LowTotal:         741364 kB
LowFree:           40672 kB
SwapTotal:             0 kB
SwapFree:              0 kB
Dirty:                 8 kB
Writeback:            48 kB
