MemTotal:         482068 kB
MemFree:           80932 kB
Buffers:             964 kB
Cached:            91652 kB
SwapCached:            0 kB
Active:           250172 kB
Inactive:          67676 kB
Active(anon):     226024 kB
Inactive(anon):      884 kB
Active(file):      24148 kB
Inactive(file):    66792 kB
Unevictable:        1256 kB
Mlocked:               0 kB
HighTotal:             0 kB
HighFree:              0 kB
LowTotal:         482068 kB
LowFree:           80932 kB
SwapTotal:             0 kB
SwapFree:              0 kB
Dirty:                 0 kB
Writeback:             0 kB
AnonPages:        226480 kB
Mapped:            41012 kB
Shmem:               344 kB
Slab:              22168 kB
SReclaimable:       4972 kB
SUnreclaim:        17196 kB
KernelStack:        5176 kB
PageTables:         6748 kB
NFS_Unstable:          0 kB
Bounce:                0 kB
WritebackTmp:          0 kB
CommitLimit:      241032 kB
Committed_AS:    3764324 kB
VmallocTotal:     507904 kB
VmallocUsed:      107828 kB
VmallocChunk:     112576 kB
1557586068.000000
MemTotal:         482068 kB
MemFree:           63660 kB
Buffers:            1008 kB
Cached:            97796 kB
SwapCached:            0 kB
Active:           259804 kB
Inactive:          73708 kB
Active(anon):     235548 kB
Inactive(anon):      884 kB
Active(file):      24256 kB
Inactive(file):    72824 kB
Unevictable:        1256 kB
Mlocked:               0 kB
HighTotal:             0 kB
HighFree:              0 kB
LowTotal:         482068 kB
LowFree:           63660 kB
SwapTotal:             0 kB
SwapFree:              0 kB
Dirty:                76 kB
Writeback:             0 kB
AnonPages:        236180 kB
Mapped:            50788 kB
Shmem:               344 kB
Slab:              22164 kB
SReclaimable:       4972 kB
SUnreclaim:        17192 kB
KernelStack:        5368 kB
PageTables:         6764 kB
NFS_Unstable:          0 kB
Bounce:                0 kB
WritebackTmp:          0 kB
CommitLimit:      241032 kB
Committed_AS:    3776612 kB
VmallocTotal:     507904 kB
VmallocUsed:      109436 kB
VmallocChunk:     112576 kB
1557586069.000000
MemTotal:         482068 kB
MemFree:           50700 kB
Buffers:            1036 kB
Cached:           100968 kB
SwapCached:            0 kB
Active:           269288 kB
Inactive:          76892 kB
Active(anon):     244960 kB
Inactive(anon):      884 kB
Active(file):      24328 kB
Inactive(file):    76008 kB
Unevictable:        1256 kB
Mlocked:               0 kB
HighTotal:             0 kB
HighFree:              0 kB
LowTotal:         482068 kB
LowFree:           50700 kB
SwapTotal:             0 kB
SwapFree:              0 kB
Dirty:                88 kB
Writeback:             0 kB
AnonPages:        245492 kB
Mapped:            55536 kB
Shmem:               344 kB
Slab:              22168 kB
SReclaimable:       4972 kB
SUnreclaim:        17196 kB
KernelStack:        5448 kB
PageTables:         6880 kB
NFS_Unstable:          0 kB
Bounce:                0 kB
WritebackTmp:          0 kB
CommitLimit:      241032 kB
Committed_AS:    3786480 kB
VmallocTotal:     507904 kB
VmallocUsed:      109632 kB
VmallocChunk:     112576 kB
1557586070.000000
MemTotal:         482068 kB
MemFree:           44840 kB
Buffers:            1080 kB
Cached:           102704 kB
SwapCached:            0 kB
Active:           273520 kB
Inactive:          78532 kB
Active(anon):     249120 kB
Inactive(anon):      884 kB
Active(file):      24400 kB
Inactive(file):    77648 kB
Unevictable:        1256 kB
Mlocked:               0 kB
HighTotal:             0 kB
HighFree:              0 kB
LowTotal:         482068 kB
LowFree:           44840 kB
SwapTotal:             0 kB
SwapFree:              0 kB
Dirty:                 0 kB
Writeback:             0 kB
AnonPages:        249704 kB
Mapped:            58492 kB
Shmem:               344 kB
Slab:              22156 kB
SReclaimable:       4972 kB
SUnreclaim:        17184 kB
KernelStack:        5472 kB
PageTables:         6904 kB
NFS_Unstable:          0 kB
Bounce:                0 kB
WritebackTmp:          0 kB
CommitLimit:      241032 kB
Committed_AS:    3790964 kB
VmallocTotal:     507904 kB
VmallocUsed:      109648 kB
VmallocChunk:     112576 kB
1557586071.000000
MemTotal:         482068 kB
MemFree:           32996 kB
Buffers:            1084 kB
Cached:           109660 kB
SwapCached:            0 kB
Active:           278092 kB
Inactive:          85012 kB
Active(anon):     253080 kB
Inactive(anon):      884 kB
Active(file):      25012 kB
Inactive(file):    84128 kB
Unevictable:        1256 kB
Mlocked:               0 kB
HighTotal:             0 kB
HighFree:              0 kB
LowTotal:         482068 kB
LowFree:           32996 kB
SwapTotal:             0 kB
SwapFree:              0 kB
Dirty:                 8 kB
Writeback:             0 kB
AnonPages:        253648 kB
Mapped:            61440 kB
Shmem:               344 kB
Slab:              22164 kB
SReclaimable:       4972 kB
SUnreclaim:        17192 kB
KernelStack:        5528 kB
PageTables:         6940 kB
NFS_Unstable:          0 kB
Bounce:                0 kB
WritebackTmp:          0 kB
CommitLimit:      241032 kB
Committed_AS:    3795068 kB
VmallocTotal:     507904 kB
VmallocUsed:      110400 kB
VmallocChunk:     112576 kB
1557586072.000000
MemTotal:         482068 kB
MemFree:           21632 kB
Buffers:            1096 kB
Cached:           112148 kB
SwapCached:            0 kB
Active:           284852 kB
Inactive:          87308 kB
Active(anon):     259704 kB
Inactive(anon):      892 kB
Active(file):      25148 kB
Inactive(file):    86416 kB
Unevictable:        1256 kB
Mlocked:               0 kB
HighTotal:             0 kB
HighFree:              0 kB
LowTotal:         482068 kB
LowFree:           21632 kB
SwapTotal:             0 kB
SwapFree:              0 kB
Dirty:                64 kB
Writeback:             0 kB
AnonPages:        260296 kB
Mapped:            65092 kB
Shmem:               352 kB
Slab:              22500 kB
SReclaimable:       5284 kB
SUnreclaim:        17216 kB
KernelStack:        5568 kB
PageTables:         6972 kB
NFS_Unstable:          0 kB
Bounce:                0 kB
WritebackTmp:          0 kB
CommitLimit:      241032 kB
Committed_AS:    3804116 kB
VmallocTotal:     507904 kB
VmallocUsed:      112024 kB
VmallocChunk:     112576 kB
1557586072.000000
MemTotal:         482068 kB
MemFree:            5752 kB
Buffers:            1104 kB
Cached:           115368 kB
SwapCached:            0 kB
Active:           296644 kB
Inactive:          90080 kB
Active(anon):     270952 kB
Inactive(anon):      892 kB
Active(file):      25692 kB
Inactive(file):    89188 kB
Unevictable:        1256 kB
Mlocked:               0 kB
HighTotal:             0 kB
HighFree:              0 kB
LowTotal:         482068 kB
LowFree:            5752 kB
SwapTotal:             0 kB
SwapFree:              0 kB
Dirty:               180 kB
Writeback:             0 kB
AnonPages:        271552 kB
Mapped:            69344 kB
Shmem:               352 kB
Slab:              22488 kB
SReclaimable:       5284 kB
SUnreclaim:        17204 kB
KernelStack:        5664 kB
PageTables:         7000 kB
NFS_Unstable:          0 kB
Bounce:                0 kB
WritebackTmp:          0 kB
CommitLimit:      241032 kB
Committed_AS:    3816472 kB
VmallocTotal:     507904 kB
VmallocUsed:      113528 kB
VmallocChunk:     112576 kB
1557586073.000000
MemTotal:         482068 kB
MemFree:            4016 kB
Buffers:            1104 kB
Cached:           112136 kB
SwapCached:            0 kB
Active:           303084 kB
Inactive:          85096 kB
Active(anon):     275648 kB
Inactive(anon):      900 kB
Active(file):      27436 kB
Inactive(file):    84196 kB
Unevictable:        1256 kB
Mlocked:               0 kB
HighTotal:             0 kB
HighFree:              0 kB
LowTotal:         482068 kB
LowFree:            4016 kB
SwapTotal:             0 kB
SwapFree:              0 kB
Dirty:               188 kB
Writeback:             0 kB
AnonPages:        276248 kB
Mapped:            69664 kB
Shmem:               360 kB
Slab:              22492 kB
SReclaimable:       5284 kB
SUnreclaim:        17208 kB
KernelStack:        5640 kB
PageTables:         6948 kB
NFS_Unstable:          0 kB
Bounce:                0 kB
WritebackTmp:          0 kB
CommitLimit:      241032 kB
Committed_AS:    3820880 kB
VmallocTotal:     507904 kB
VmallocUsed:      113528 kB
VmallocChunk:     112576 kB
1557586074.000000
MemTotal:         482068 kB
MemFree:            3828 kB
Buffers:             576 kB
Cached:           108360 kB
SwapCached:            0 kB
Active:           310288 kB
Inactive:          77880 kB
Active(anon):     279996 kB
Inactive(anon):      900 kB
Active(file):      30292 kB
Inactive(file):    76980 kB
Unevictable:        1256 kB
Mlocked:               0 kB
HighTotal:             0 kB
HighFree:              0 kB
LowTotal:         482068 kB
LowFree:            3828 kB
SwapTotal:             0 kB
SwapFree:              0 kB
Dirty:               196 kB
Writeback:             0 kB
AnonPages:        280568 kB
Mapped:            71472 kB
Shmem:               360 kB
Slab:              22368 kB
SReclaimable:       5200 kB
SUnreclaim:        17168 kB
KernelStack:        5664 kB
PageTables:         7028 kB
NFS_Unstable:          0 kB
Bounce:                0 kB
WritebackTmp:          0 kB
CommitLimit:      241032 kB
Committed_AS:    3825172 kB
VmallocTotal:     507904 kB
VmallocUsed:      113528 kB
VmallocChunk:     112576 kB
1557586075.000000
MemTotal:         482068 kB
MemFree:           20672 kB
Buffers:             412 kB
Cached:            85148 kB
SwapCached:            0 kB
Active:           327144 kB
Inactive:          43852 kB
Active(anon):     286200 kB
Inactive(anon):      972 kB
Active(file):      40944 kB
Inactive(file):    42880 kB
Unevictable:        1256 kB
Mlocked:              44 kB
HighTotal:             0 kB
HighFree:              0 kB
LowTotal:         482068 kB
LowFree:           20672 kB
SwapTotal:             0 kB
SwapFree:              0 kB
Dirty:                32 kB
Writeback:             0 kB
AnonPages:        286708 kB
Mapped:            70516 kB
Shmem:               328 kB
Slab:              22576 kB
SReclaimable:       5084 kB
SUnreclaim:        17492 kB
KernelStack:        5848 kB
PageTables:         7188 kB
NFS_Unstable:          0 kB
Bounce:                0 kB
WritebackTmp:          0 kB
CommitLimit:      241032 kB
Committed_AS:    3947544 kB
VmallocTotal:     507904 kB
VmallocUsed:      115580 kB
VmallocChunk:     112576 kB
1557586076.000000
MemTotal:         482068 kB
MemFree:            4256 kB
Buffers:             304 kB
Cached:            82588 kB
SwapCached:            0 kB
Active:           333020 kB
Inactive:          40196 kB
Active(anon):     291588 kB
Inactive(anon):     3284 kB
Active(file):      41432 kB
Inactive(file):    36912 kB
Unevictable:        2024 kB
Mlocked:            6172 kB
HighTotal:             0 kB
HighFree:              0 kB
LowTotal:         482068 kB
LowFree:            4256 kB
SwapTotal:             0 kB
SwapFree:              0 kB
Dirty:                 4 kB
Writeback:             0 kB
AnonPages:        292312 kB
Mapped:            86360 kB
Shmem:              3296 kB
Slab:              22368 kB
SReclaimable:       5052 kB
SUnreclaim:        17316 kB
KernelStack:        5912 kB
PageTables:         7416 kB
NFS_Unstable:          0 kB
Bounce:                0 kB
WritebackTmp:          0 kB
CommitLimit:      241032 kB
Committed_AS:    3956252 kB
VmallocTotal:     507904 kB
VmallocUsed:      128508 kB
VmallocChunk:     112576 kB
1557586078.000000
MemTotal:         482068 kB
MemFree:            5240 kB
Buffers:             508 kB
Cached:            78160 kB
SwapCached:            0 kB
Active:           336268 kB
Inactive:          35788 kB
Active(anon):     294816 kB
Inactive(anon):     3284 kB
Active(file):      41452 kB
Inactive(file):    32504 kB
Unevictable:        2024 kB
Mlocked:            6172 kB
HighTotal:             0 kB
HighFree:              0 kB
LowTotal:         482068 kB
LowFree:            5240 kB
SwapTotal:             0 kB
SwapFree:              0 kB
Dirty:               588 kB
Writeback:             0 kB
AnonPages:        295512 kB
Mapped:            86584 kB
Shmem:              3300 kB
Slab:              22380 kB
SReclaimable:       5052 kB
SUnreclaim:        17328 kB
KernelStack:        5912 kB
PageTables:         7348 kB
NFS_Unstable:          0 kB
Bounce:                0 kB
WritebackTmp:          0 kB
CommitLimit:      241032 kB
Committed_AS:    3960312 kB
VmallocTotal:     507904 kB
VmallocUsed:      128508 kB
VmallocChunk:     112576 kB
1557586079.000000
MemTotal:         482068 kB
MemFree:            7184 kB
Buffers:             508 kB
Cached:            78324 kB
SwapCached:            0 kB
Active:           334404 kB
Inactive:          36048 kB
Active(anon):     292896 kB
Inactive(anon):     3308 kB
Active(file):      41508 kB
Inactive(file):    32740 kB
Unevictable:        2024 kB
Mlocked:            6172 kB
HighTotal:             0 kB
HighFree:              0 kB
LowTotal:         482068 kB
LowFree:            7184 kB
SwapTotal:             0 kB
SwapFree:              0 kB
Dirty:               568 kB
Writeback:             0 kB
AnonPages:        293760 kB
Mapped:            86612 kB
Shmem:              3332 kB
Slab:              22384 kB
SReclaimable:       5052 kB
SUnreclaim:        17332 kB
KernelStack:        5920 kB
PageTables:         7356 kB
NFS_Unstable:          0 kB
Bounce:                0 kB
WritebackTmp:          0 kB
CommitLimit:      241032 kB
Committed_AS:    3963980 kB
VmallocTotal:     507904 kB
VmallocUsed:      128508 kB
VmallocChunk:     112576 kB
1557586080.000000
MemTotal:         482068 kB
MemFree:            3868 kB
Buffers:             664 kB
Cached:            78428 kB
SwapCached:            0 kB
Active:           337184 kB
Inactive:          36256 kB
Active(anon):     295656 kB
Inactive(anon):     3292 kB
Active(file):      41528 kB
Inactive(file):    32964 kB
Unevictable:        2024 kB
Mlocked:            6172 kB
HighTotal:             0 kB
HighFree:              0 kB
LowTotal:         482068 kB
LowFree:            3868 kB
SwapTotal:             0 kB
SwapFree:              0 kB
Dirty:                84 kB
Writeback:             0 kB
AnonPages:        296440 kB
Mapped:            86660 kB
Shmem:              3344 kB
Slab:              22364 kB
SReclaimable:       5052 kB
SUnreclaim:        17312 kB
KernelStack:        5928 kB
PageTables:         7360 kB
NFS_Unstable:          0 kB
Bounce:                0 kB
WritebackTmp:          0 kB
CommitLimit:      241032 kB
Committed_AS:    3964372 kB
VmallocTotal:     507904 kB
VmallocUsed:      128508 kB
VmallocChunk:     112576 kB
1557586081.000000
MemTotal:         482068 kB
MemFree:            3636 kB
Buffers:             660 kB
Cached:            76320 kB
SwapCached:            0 kB
Active:           337932 kB
Inactive:          36284 kB
Active(anon):     298544 kB
Inactive(anon):     3292 kB
Active(file):      39388 kB
Inactive(file):    32992 kB
Unevictable:        2024 kB
Mlocked:            6172 kB
HighTotal:             0 kB
HighFree:              0 kB
LowTotal:         482068 kB
LowFree:            3636 kB
SwapTotal:             0 kB
SwapFree:              0 kB
Dirty:                96 kB
Writeback:             0 kB
AnonPages:        299292 kB
Mapped:            86368 kB
Shmem:              3344 kB
Slab:              22352 kB
SReclaimable:       5052 kB
SUnreclaim:        17300 kB
KernelStack:        5928 kB
PageTables:         7352 kB
NFS_Unstable:          0 kB
Bounce:                0 kB
WritebackTmp:          0 kB
CommitLimit:      241032 kB
Committed_AS:    3966712 kB
VmallocTotal:     507904 kB
VmallocUsed:      128508 kB
VmallocChunk:     112576 kB
1557586083.000000
MemTotal:         482068 kB
MemFree:            5472 kB
Buffers:             656 kB
Cached:            73724 kB
SwapCached:            0 kB
Active:           334936 kB
Inactive:          36700 kB
Active(anon):     298676 kB
Inactive(anon):     3288 kB
Active(file):      36260 kB
Inactive(file):    33412 kB
Unevictable:        2024 kB
Mlocked:            6172 kB
HighTotal:             0 kB
HighFree:              0 kB
LowTotal:         482068 kB
LowFree:            5472 kB
SwapTotal:             0 kB
SwapFree:              0 kB
Dirty:                12 kB
Writeback:             0 kB
AnonPages:        299408 kB
Mapped:            85604 kB
Shmem:              3344 kB
Slab:              22412 kB
SReclaimable:       5052 kB
SUnreclaim:        17360 kB
KernelStack:        5928 kB
PageTables:         7368 kB
NFS_Unstable:          0 kB
Bounce:                0 kB
WritebackTmp:          0 kB
CommitLimit:      241032 kB
Committed_AS:    3967520 kB
VmallocTotal:     507904 kB
VmallocUsed:      128508 kB
VmallocChunk:     112576 kB
1557586084.000000
MemTotal:         482068 kB
MemFree:            4612 kB
Buffers:             680 kB
Cached:            72784 kB
SwapCached:            0 kB
Active:           336168 kB
Inactive:          36684 kB
Active(anon):     300736 kB
Inactive(anon):     3288 kB
Active(file):      35432 kB
Inactive(file):    33396 kB
Unevictable:        2024 kB
Mlocked:            6172 kB
HighTotal:             0 kB
HighFree:              0 kB
LowTotal:         482068 kB
LowFree:            4612 kB
SwapTotal:             0 kB
SwapFree:              0 kB
Dirty:                60 kB
Writeback:             0 kB
AnonPages:        301516 kB
Mapped:            85224 kB
Shmem:              3344 kB
Slab:              22412 kB
SReclaimable:       5052 kB
SUnreclaim:        17360 kB
KernelStack:        5928 kB
PageTables:         7292 kB
NFS_Unstable:          0 kB
Bounce:                0 kB
WritebackTmp:          0 kB
CommitLimit:      241032 kB
Committed_AS:    3967900 kB
VmallocTotal:     507904 kB
VmallocUsed:      128508 kB
VmallocChunk:     112576 kB
1557586085.000000
MemTotal:         482068 kB
MemFree:            4480 kB
Buffers:             680 kB
Cached:            70812 kB
SwapCached:            0 kB
Active:           336060 kB
Inactive:          36792 kB
Active(anon):     302764 kB
Inactive(anon):     3292 kB
Active(file):      33296 kB
Inactive(file):    33500 kB
Unevictable:        2024 kB
Mlocked:            6172 kB
HighTotal:             0 kB
HighFree:              0 kB
LowTotal:         482068 kB
LowFree:            4480 kB
SwapTotal:             0 kB
SwapFree:              0 kB
Dirty:                60 kB
Writeback:             0 kB
AnonPages:        303484 kB
Mapped:            84364 kB
Shmem:              3356 kB
Slab:              22380 kB
SReclaimable:       5052 kB
SUnreclaim:        17328 kB
KernelStack:        5928 kB
PageTables:         7300 kB
NFS_Unstable:          0 kB
Bounce:                0 kB
WritebackTmp:          0 kB
CommitLimit:      241032 kB
Committed_AS:    3969120 kB
VmallocTotal:     507904 kB
VmallocUsed:      128508 kB
VmallocChunk:     112576 kB
1557586086.000000
MemTotal:         482068 kB
MemFree:            4224 kB
Buffers:             704 kB
Cached:            68132 kB
SwapCached:            0 kB
Active:           337608 kB
Inactive:          35460 kB
Active(anon):     305572 kB
Inactive(anon):     3288 kB
Active(file):      32036 kB
Inactive(file):    32172 kB
Unevictable:        2024 kB
Mlocked:            6172 kB
HighTotal:             0 kB
HighFree:              0 kB
LowTotal:         482068 kB
LowFree:            4224 kB
SwapTotal:             0 kB
SwapFree:              0 kB
Dirty:                 0 kB
Writeback:             0 kB
AnonPages:        306284 kB
Mapped:            83004 kB
Shmem:              3356 kB
Slab:              22356 kB
SReclaimable:       5052 kB
SUnreclaim:        17304 kB
KernelStack:        5928 kB
PageTables:         7388 kB
NFS_Unstable:          0 kB
Bounce:                0 kB
WritebackTmp:          0 kB
CommitLimit:      241032 kB
Committed_AS:    3971368 kB
VmallocTotal:     507904 kB
VmallocUsed:      128508 kB
VmallocChunk:     112576 kB
1557586087.000000
MemTotal:         482068 kB
MemFree:            4580 kB
Buffers:             696 kB
Cached:            66772 kB
SwapCached:            0 kB
Active:           338112 kB
Inactive:          34800 kB
Active(anon):     306788 kB
Inactive(anon):     3292 kB
Active(file):      31324 kB
Inactive(file):    31508 kB
Unevictable:        2024 kB
Mlocked:            6172 kB
HighTotal:             0 kB
HighFree:              0 kB
LowTotal:         482068 kB
LowFree:            4580 kB
SwapTotal:             0 kB
SwapFree:              0 kB
Dirty:                52 kB
Writeback:             0 kB
AnonPages:        307532 kB
Mapped:            82296 kB
Shmem:              3360 kB
Slab:              22364 kB
SReclaimable:       5052 kB
SUnreclaim:        17312 kB
KernelStack:        5936 kB
PageTables:         7396 kB
NFS_Unstable:          0 kB
Bounce:                0 kB
WritebackTmp:          0 kB
CommitLimit:      241032 kB
Committed_AS:    3972448 kB
VmallocTotal:     507904 kB
VmallocUsed:      128508 kB
VmallocChunk:     112576 kB
1557586088.000000
MemTotal:         482068 kB
MemFree:            5356 kB
Buffers:             676 kB
Cached:            63244 kB
SwapCached:            0 kB
Active:           338912 kB
Inactive:          33036 kB
Active(anon):     309344 kB
Inactive(anon):     3288 kB
Active(file):      29568 kB
Inactive(file):    29748 kB
Unevictable:        2024 kB
Mlocked:            6172 kB
HighTotal:             0 kB
HighFree:              0 kB
LowTotal:         482068 kB
LowFree:            5356 kB
SwapTotal:             0 kB
SwapFree:              0 kB
Dirty:                52 kB
Writeback:             0 kB
AnonPages:        310080 kB
Mapped:            81008 kB
Shmem:              3360 kB
Slab:              22356 kB
SReclaimable:       5052 kB
SUnreclaim:        17304 kB
KernelStack:        5928 kB
PageTables:         7396 kB
NFS_Unstable:          0 kB
Bounce:                0 kB
WritebackTmp:          0 kB
CommitLimit:      241032 kB
Committed_AS:    3974720 kB
VmallocTotal:     507904 kB
VmallocUsed:      128508 kB
VmallocChunk:     112576 kB
1557586089.000000
MemTotal:         482068 kB
MemFree:            6464 kB
Buffers:             700 kB
Cached:            61404 kB
SwapCached:            0 kB
Active:           339384 kB
Inactive:          32156 kB
Active(anon):     310768 kB
Inactive(anon):     3288 kB
Active(file):      28616 kB
Inactive(file):    28868 kB
Unevictable:        2024 kB
Mlocked:            6172 kB
HighTotal:             0 kB
HighFree:              0 kB
LowTotal:         482068 kB
LowFree:            6464 kB
SwapTotal:             0 kB
SwapFree:              0 kB
Dirty:                32 kB
Writeback:             0 kB
AnonPages:        311492 kB
Mapped:            80432 kB
Shmem:              3360 kB
Slab:              22376 kB
SReclaimable:       5052 kB
SUnreclaim:        17324 kB
KernelStack:        5936 kB
PageTables:         7384 kB
NFS_Unstable:          0 kB
Bounce:                0 kB
WritebackTmp:          0 kB
CommitLimit:      241032 kB
Committed_AS:    3975308 kB
VmallocTotal:     507904 kB
VmallocUsed:      128508 kB
VmallocChunk:     112576 kB
1557586090.000000
MemTotal:         482068 kB
MemFree:            9472 kB
Buffers:             700 kB
Cached:            62372 kB
SwapCached:            0 kB
Active:           334856 kB
Inactive:          33060 kB
Active(anon):     306244 kB
Inactive(anon):     3288 kB
Active(file):      28612 kB
Inactive(file):    29772 kB
Unevictable:        2024 kB
Mlocked:            6172 kB
HighTotal:             0 kB
HighFree:              0 kB
LowTotal:         482068 kB
LowFree:            9472 kB
SwapTotal:             0 kB
SwapFree:              0 kB
Dirty:                32 kB
Writeback:             0 kB
AnonPages:        306956 kB
Mapped:            80524 kB
Shmem:              3360 kB
Slab:              22352 kB
SReclaimable:       5052 kB
SUnreclaim:        17300 kB
KernelStack:        5936 kB
PageTables:         7380 kB
NFS_Unstable:          0 kB
Bounce:                0 kB
WritebackTmp:          0 kB
CommitLimit:      241032 kB
Committed_AS:    3975908 kB
VmallocTotal:     507904 kB
VmallocUsed:      128508 kB
VmallocChunk:     112576 kB
1557586091.000000
MemTotal:         482068 kB
MemFree:            9208 kB
Buffers:             700 kB
Cached:            62932 kB
SwapCached:            0 kB
Active:           334688 kB
Inactive:          33692 kB
Active(anon):     306076 kB
Inactive(anon):     3288 kB
Active(file):      28612 kB
Inactive(file):    30404 kB
Unevictable:        2024 kB
Mlocked:            6172 kB
HighTotal:             0 kB
HighFree:              0 kB
LowTotal:         482068 kB
LowFree:            9208 kB
SwapTotal:             0 kB
SwapFree:              0 kB
Dirty:                32 kB
Writeback:             0 kB
AnonPages:        306772 kB
Mapped:            80560 kB
Shmem:              3360 kB
Slab:              22368 kB
SReclaimable:       5052 kB
SUnreclaim:        17316 kB
KernelStack:        5928 kB
PageTables:         7392 kB
NFS_Unstable:          0 kB
Bounce:                0 kB
WritebackTmp:          0 kB
CommitLimit:      241032 kB
Committed_AS:    3975944 kB
VmallocTotal:     507904 kB
VmallocUsed:      128508 kB
VmallocChunk:     112576 kB
1557586092.000000
MemTotal:         482068 kB
MemFree:            8712 kB
Buffers:             716 kB
Cached:            63036 kB
SwapCached:            0 kB
Active:           335348 kB
Inactive:          33800 kB
Active(anon):     306728 kB
Inactive(anon):     3304 kB
Active(file):      28620 kB
Inactive(file):    30496 kB
Unevictable:        2024 kB
Mlocked:            6172 kB
HighTotal:             0 kB
HighFree:              0 kB
LowTotal:         482068 kB
LowFree:            8712 kB
SwapTotal:             0 kB
SwapFree:              0 kB
Dirty:                 0 kB
Writeback:             0 kB
AnonPages:        307384 kB
Mapped:            80516 kB
Shmem:              3380 kB
Slab:              22364 kB
SReclaimable:       5052 kB
SUnreclaim:        17312 kB
KernelStack:        5928 kB
PageTables:         7392 kB
NFS_Unstable:          0 kB
Bounce:                0 kB
WritebackTmp:          0 kB
CommitLimit:      241032 kB
Committed_AS:    3976092 kB
VmallocTotal:     507904 kB
VmallocUsed:      128508 kB
VmallocChunk:     112576 kB
1557586093.000000
MemTotal:         482068 kB
MemFree:            7184 kB
Buffers:             716 kB
Cached:            63036 kB
SwapCached:            0 kB
Active:           336264 kB
Inactive:          33800 kB
Active(anon):     307644 kB
Inactive(anon):     3304 kB
Active(file):      28620 kB
Inactive(file):    30496 kB
Unevictable:        2024 kB
Mlocked:            6172 kB
HighTotal:             0 kB
HighFree:              0 kB
LowTotal:         482068 kB
LowFree:            7184 kB
SwapTotal:             0 kB
SwapFree:              0 kB
Dirty:                 0 kB
Writeback:             0 kB
AnonPages:        308332 kB
Mapped:            80516 kB
Shmem:              3380 kB
Slab:              22368 kB
SReclaimable:       5052 kB
SUnreclaim:        17316 kB
KernelStack:        5928 kB
PageTables:         7392 kB
NFS_Unstable:          0 kB
Bounce:                0 kB
WritebackTmp:          0 kB
CommitLimit:      241032 kB
Committed_AS:    3976292 kB
VmallocTotal:     507904 kB
VmallocUsed:      128508 kB
VmallocChunk:     112576 kB
1557586094.000000
MemTotal:         482068 kB
MemFree:            7364 kB
Buffers:             716 kB
Cached:            63088 kB
SwapCached:            0 kB
Active:           336420 kB
Inactive:          33852 kB
Active(anon):     307800 kB
Inactive(anon):     3304 kB
Active(file):      28620 kB
Inactive(file):    30548 kB
Unevictable:        2024 kB
Mlocked:            6172 kB
HighTotal:             0 kB
HighFree:              0 kB
LowTotal:         482068 kB
LowFree:            7364 kB
SwapTotal:             0 kB
SwapFree:              0 kB
Dirty:                 0 kB
Writeback:             0 kB
AnonPages:        308468 kB
Mapped:            80620 kB
Shmem:              3380 kB
Slab:              22356 kB
SReclaimable:       5052 kB
SUnreclaim:        17304 kB
KernelStack:        5928 kB
PageTables:         7380 kB
NFS_Unstable:          0 kB
Bounce:                0 kB
WritebackTmp:          0 kB
CommitLimit:      241032 kB
Committed_AS:    3976328 kB
VmallocTotal:     507904 kB
VmallocUsed:      128508 kB
VmallocChunk:     112576 kB
1557586095.000000
MemTotal:         482068 kB
MemFree:            7472 kB
Buffers:             716 kB
Cached:            63164 kB
SwapCached:            0 kB
Active:           336472 kB
Inactive:          33904 kB
Active(anon):     307852 kB
Inactive(anon):     3304 kB
Active(file):      28620 kB
Inactive(file):    30600 kB
Unevictable:        2024 kB
Mlocked:            6172 kB
HighTotal:             0 kB
HighFree:              0 kB
LowTotal:         482068 kB
LowFree:            7472 kB
SwapTotal:             0 kB
SwapFree:              0 kB
Dirty:                 0 kB
Writeback:             0 kB
AnonPages:        308544 kB
Mapped:            80620 kB
Shmem:              3380 kB
Slab:              22356 kB
SReclaimable:       5052 kB
SUnreclaim:        17304 kB
KernelStack:        5928 kB
PageTables:         7380 kB
NFS_Unstable:          0 kB
Bounce:                0 kB
WritebackTmp:          0 kB
CommitLimit:      241032 kB
Committed_AS:    3976256 kB
VmallocTotal:     507904 kB
VmallocUsed:      128508 kB
VmallocChunk:     112576 kB
1557586096.000000
MemTotal:         482068 kB
MemFree:            7200 kB
Buffers:             716 kB
Cached:            63164 kB
SwapCached:            0 kB
Active:           336460 kB
Inactive:          33928 kB
Active(anon):     307840 kB
Inactive(anon):     3304 kB
Active(file):      28620 kB
Inactive(file):    30624 kB
Unevictable:        2024 kB
Mlocked:            6172 kB
HighTotal:             0 kB
HighFree:              0 kB
LowTotal:         482068 kB
LowFree:            7200 kB
SwapTotal:             0 kB
SwapFree:              0 kB
Dirty:                 0 kB
Writeback:             0 kB
AnonPages:        308588 kB
Mapped:            80632 kB
Shmem:              3380 kB
Slab:              22352 kB
SReclaimable:       5052 kB
SUnreclaim:        17300 kB
KernelStack:        5928 kB
PageTables:         7456 kB
NFS_Unstable:          0 kB
Bounce:                0 kB
WritebackTmp:          0 kB
CommitLimit:      241032 kB
Committed_AS:    3976380 kB
VmallocTotal:     507904 kB
VmallocUsed:      128508 kB
VmallocChunk:     112576 kB
1557586097.000000
MemTotal:         482068 kB
MemFree:           15160 kB
Buffers:             716 kB
Cached:            63164 kB
SwapCached:            0 kB
Active:           328512 kB
Inactive:          33928 kB
Active(anon):     299892 kB
Inactive(anon):     3304 kB
Active(file):      28620 kB
Inactive(file):    30624 kB
Unevictable:        2024 kB
Mlocked:            6172 kB
HighTotal:             0 kB
HighFree:              0 kB
LowTotal:         482068 kB
LowFree:           15160 kB
SwapTotal:             0 kB
SwapFree:              0 kB
Dirty:                 0 kB
Writeback:             0 kB
AnonPages:        300636 kB
Mapped:            80608 kB
Shmem:              3380 kB
Slab:              22364 kB
SReclaimable:       5052 kB
SUnreclaim:        17312 kB
KernelStack:        5928 kB
PageTables:         7396 kB
NFS_Unstable:          0 kB
Bounce:                0 kB
WritebackTmp:          0 kB
CommitLimit:      241032 kB
Committed_AS:    3976008 kB
VmallocTotal:     507904 kB
VmallocUsed:      128508 kB
VmallocChunk:     112576 kB
1557586098.000000
MemTotal:         482068 kB
MemFree:           13996 kB
Buffers:             724 kB
Cached:            63232 kB
SwapCached:            0 kB
Active:           329404 kB
Inactive:          33980 kB
Active(anon):     300784 kB
Inactive(anon):     3304 kB
Active(file):      28620 kB
Inactive(file):    30676 kB
Unevictable:        2024 kB
Mlocked:            6172 kB
HighTotal:             0 kB
HighFree:              0 kB
LowTotal:         482068 kB
LowFree:           13996 kB
SwapTotal:             0 kB
SwapFree:              0 kB
Dirty:                 0 kB
Writeback:             0 kB
AnonPages:        301560 kB
Mapped:            80608 kB
Shmem:              3380 kB
Slab:              22332 kB
SReclaimable:       5052 kB
SUnreclaim:        17280 kB
KernelStack:        5928 kB
PageTables:         7468 kB
NFS_Unstable:          0 kB
Bounce:                0 kB
WritebackTmp:          0 kB
CommitLimit:      241032 kB
Committed_AS:    3976180 kB
VmallocTotal:     507904 kB
VmallocUsed:      128508 kB
VmallocChunk:     112576 kB
1557586099.000000
MemTotal:         482068 kB
MemFree:           13640 kB
Buffers:             724 kB
Cached:            63436 kB
SwapCached:            0 kB
Active:           330164 kB
Inactive:          34208 kB
Active(anon):     301544 kB
Inactive(anon):     3304 kB
Active(file):      28620 kB
Inactive(file):    30904 kB
Unevictable:        2024 kB
Mlocked:            6172 kB
HighTotal:             0 kB
HighFree:              0 kB
LowTotal:         482068 kB
LowFree:           13640 kB
SwapTotal:             0 kB
SwapFree:              0 kB
Dirty:                28 kB
Writeback:             0 kB
AnonPages:        302220 kB
Mapped:            80644 kB
Shmem:              3380 kB
Slab:              22360 kB
SReclaimable:       5052 kB
SUnreclaim:        17308 kB
KernelStack:        5928 kB
PageTables:         7388 kB
NFS_Unstable:          0 kB
Bounce:                0 kB
WritebackTmp:          0 kB
CommitLimit:      241032 kB
Committed_AS:    3976280 kB
VmallocTotal:     507904 kB
VmallocUsed:      128508 kB
VmallocChunk:     112576 kB
1557586100.000000
MemTotal:         482068 kB
MemFree:           13408 kB
Buffers:             724 kB
Cached:            63436 kB
SwapCached:            0 kB
Active:           330156 kB
Inactive:          34208 kB
Active(anon):     301536 kB
Inactive(anon):     3304 kB
Active(file):      28620 kB
Inactive(file):    30904 kB
Unevictable:        2024 kB
Mlocked:            6172 kB
HighTotal:             0 kB
HighFree:              0 kB
LowTotal:         482068 kB
LowFree:           13408 kB
SwapTotal:             0 kB
SwapFree:              0 kB
Dirty:                28 kB
Writeback:             0 kB
AnonPages:        302260 kB
Mapped:            80644 kB
Shmem:              3380 kB
Slab:              22360 kB
SReclaimable:       5052 kB
SUnreclaim:        17308 kB
KernelStack:        5928 kB
PageTables:         7392 kB
NFS_Unstable:          0 kB
Bounce:                0 kB
WritebackTmp:          0 kB
CommitLimit:      241032 kB
Committed_AS:    3976356 kB
VmallocTotal:     507904 kB
VmallocUsed:      128508 kB
VmallocChunk:     112576 kB
1557586101.000000
MemTotal:         482068 kB
MemFree:           12820 kB
Buffers:             724 kB
Cached:            62828 kB
SwapCached:            0 kB
Active:           330888 kB
Inactive:          33628 kB
Active(anon):     302268 kB
Inactive(anon):     3304 kB
Active(file):      28620 kB
Inactive(file):    30324 kB
Unevictable:        2024 kB
Mlocked:            6172 kB
HighTotal:             0 kB
HighFree:              0 kB
LowTotal:         482068 kB
LowFree:           12820 kB
SwapTotal:             0 kB
SwapFree:              0 kB
Dirty:                28 kB
Writeback:             0 kB
AnonPages:        302996 kB
Mapped:            80112 kB
Shmem:              3380 kB
Slab:              22368 kB
SReclaimable:       5052 kB
SUnreclaim:        17316 kB
KernelStack:        5928 kB
PageTables:         7396 kB
NFS_Unstable:          0 kB
Bounce:                0 kB
WritebackTmp:          0 kB
CommitLimit:      241032 kB
Committed_AS:    3976432 kB
VmallocTotal:     507904 kB
VmallocUsed:      128508 kB
VmallocChunk:     112576 kB
1557586102.000000
MemTotal:         482068 kB
MemFree:           10836 kB
Buffers:             748 kB
Cached:            64044 kB
SwapCached:            0 kB
Active:           331652 kB
Inactive:          34864 kB
Active(anon):     303048 kB
Inactive(anon):     3316 kB
Active(file):      28604 kB
Inactive(file):    31548 kB
Unevictable:        2024 kB
Mlocked:            6172 kB
HighTotal:             0 kB
HighFree:              0 kB
LowTotal:         482068 kB
LowFree:           10836 kB
SwapTotal:             0 kB
SwapFree:              0 kB
Dirty:                36 kB
Writeback:             0 kB
AnonPages:        303840 kB
Mapped:            80040 kB
Shmem:              3392 kB
Slab:              22356 kB
SReclaimable:       5052 kB
SUnreclaim:        17304 kB
KernelStack:        5928 kB
PageTables:         7392 kB
NFS_Unstable:          0 kB
Bounce:                0 kB
WritebackTmp:          0 kB
CommitLimit:      241032 kB
Committed_AS:    3976508 kB
VmallocTotal:     507904 kB
VmallocUsed:      128508 kB
VmallocChunk:     112576 kB
1557586103.000000
MemTotal:         482068 kB
MemFree:           11192 kB
Buffers:             748 kB
Cached:            63488 kB
SwapCached:            0 kB
Active:           331784 kB
Inactive:          34344 kB
Active(anon):     303232 kB
Inactive(anon):     3316 kB
Active(file):      28552 kB
Inactive(file):    31028 kB
Unevictable:        2024 kB
Mlocked:            6172 kB
HighTotal:             0 kB
HighFree:              0 kB
LowTotal:         482068 kB
LowFree:           11192 kB
SwapTotal:             0 kB
SwapFree:              0 kB
Dirty:                36 kB
Writeback:             0 kB
AnonPages:        303992 kB
Mapped:            79384 kB
Shmem:              3392 kB
Slab:              22416 kB
SReclaimable:       5052 kB
SUnreclaim:        17364 kB
KernelStack:        5920 kB
PageTables:         7396 kB
NFS_Unstable:          0 kB
Bounce:                0 kB
WritebackTmp:          0 kB
CommitLimit:      241032 kB
Committed_AS:    3976448 kB
VmallocTotal:     507904 kB
VmallocUsed:      128508 kB
VmallocChunk:     112576 kB
1557586104.000000
MemTotal:         482068 kB
MemFree:           11316 kB
Buffers:             748 kB
Cached:            63536 kB
SwapCached:            0 kB
Active:           331864 kB
Inactive:          34400 kB
Active(anon):     303312 kB
Inactive(anon):     3316 kB
Active(file):      28552 kB
Inactive(file):    31084 kB
Unevictable:        2024 kB
Mlocked:            6172 kB
HighTotal:             0 kB
HighFree:              0 kB
LowTotal:         482068 kB
LowFree:           11316 kB
SwapTotal:             0 kB
SwapFree:              0 kB
Dirty:                36 kB
Writeback:             0 kB
AnonPages:        304136 kB
Mapped:            79456 kB
Shmem:              3392 kB
Slab:              22372 kB
SReclaimable:       5052 kB
SUnreclaim:        17320 kB
KernelStack:        5920 kB
PageTables:         7392 kB
NFS_Unstable:          0 kB
Bounce:                0 kB
WritebackTmp:          0 kB
CommitLimit:      241032 kB
Committed_AS:    3976584 kB
VmallocTotal:     507904 kB
VmallocUsed:      128508 kB
VmallocChunk:     112576 kB
1557586105.000000
MemTotal:         482068 kB
MemFree:            9092 kB
Buffers:             740 kB
Cached:            64644 kB
SwapCached:            0 kB
Active:           332648 kB
Inactive:          35444 kB
Active(anon):     304044 kB
Inactive(anon):     3316 kB
Active(file):      28604 kB
Inactive(file):    32128 kB
Unevictable:        2024 kB
Mlocked:            6172 kB
HighTotal:             0 kB
HighFree:              0 kB
LowTotal:         482068 kB
LowFree:            9092 kB
SwapTotal:             0 kB
SwapFree:              0 kB
Dirty:                 0 kB
Writeback:             0 kB
AnonPages:        304772 kB
Mapped:            78456 kB
Shmem:              3392 kB
Slab:              22464 kB
SReclaimable:       5052 kB
SUnreclaim:        17412 kB
KernelStack:        5920 kB
PageTables:         7392 kB
NFS_Unstable:          0 kB
Bounce:                0 kB
WritebackTmp:          0 kB
CommitLimit:      241032 kB
Committed_AS:    3976632 kB
VmallocTotal:     507904 kB
VmallocUsed:      128508 kB
VmallocChunk:     112576 kB
1557586106.000000
MemTotal:         482068 kB
MemFree:            8084 kB
Buffers:             740 kB
Cached:            65488 kB
SwapCached:            0 kB
Active:           333528 kB
Inactive:          36076 kB
Active(anon):     304748 kB
Inactive(anon):     3316 kB
Active(file):      28780 kB
Inactive(file):    32760 kB
Unevictable:        2024 kB
Mlocked:            6172 kB
HighTotal:             0 kB
HighFree:              0 kB
LowTotal:         482068 kB
LowFree:            8084 kB
SwapTotal:             0 kB
SwapFree:              0 kB
Dirty:                 0 kB
Writeback:             0 kB
AnonPages:        305444 kB
Mapped:            78368 kB
Shmem:              3392 kB
Slab:              22380 kB
SReclaimable:       5052 kB
SUnreclaim:        17328 kB
KernelStack:        5920 kB
PageTables:         7392 kB
NFS_Unstable:          0 kB
Bounce:                0 kB
WritebackTmp:          0 kB
CommitLimit:      241032 kB
Committed_AS:    3976636 kB
VmallocTotal:     507904 kB
VmallocUsed:      128508 kB
VmallocChunk:     112576 kB
1557586107.000000
MemTotal:         482068 kB
MemFree:            8480 kB
Buffers:             748 kB
Cached:            65196 kB
SwapCached:            0 kB
Active:           333400 kB
Inactive:          35748 kB
Active(anon):     304568 kB
Inactive(anon):     3316 kB
Active(file):      28832 kB
Inactive(file):    32432 kB
Unevictable:        2024 kB
Mlocked:            6172 kB
HighTotal:             0 kB
HighFree:              0 kB
LowTotal:         482068 kB
LowFree:            8480 kB
SwapTotal:             0 kB
SwapFree:              0 kB
Dirty:                28 kB
Writeback:             0 kB
AnonPages:        305252 kB
Mapped:            78160 kB
Shmem:              3392 kB
Slab:              22312 kB
SReclaimable:       5052 kB
SUnreclaim:        17260 kB
KernelStack:        5912 kB
PageTables:         7316 kB
NFS_Unstable:          0 kB
Bounce:                0 kB
WritebackTmp:          0 kB
CommitLimit:      241032 kB
Committed_AS:    3976644 kB
VmallocTotal:     507904 kB
VmallocUsed:      128508 kB
VmallocChunk:     112576 kB
1557586108.000000
MemTotal:         482068 kB
MemFree:            8512 kB
Buffers:             748 kB
Cached:            65200 kB
SwapCached:            0 kB
Active:           333372 kB
Inactive:          35788 kB
Active(anon):     304556 kB
Inactive(anon):     3316 kB
Active(file):      28816 kB
Inactive(file):    32472 kB
Unevictable:        2024 kB
Mlocked:            6172 kB
HighTotal:             0 kB
HighFree:              0 kB
LowTotal:         482068 kB
LowFree:            8512 kB
SwapTotal:             0 kB
SwapFree:              0 kB
Dirty:                24 kB
Writeback:             0 kB
AnonPages:        305296 kB
Mapped:            78136 kB
Shmem:              3392 kB
Slab:              22360 kB
SReclaimable:       5052 kB
SUnreclaim:        17308 kB
KernelStack:        5912 kB
PageTables:         7392 kB
NFS_Unstable:          0 kB
Bounce:                0 kB
WritebackTmp:          0 kB
CommitLimit:      241032 kB
Committed_AS:    3976644 kB
VmallocTotal:     507904 kB
VmallocUsed:      128508 kB
VmallocChunk:     112576 kB
1557586109.000000
MemTotal:         482068 kB
MemFree:            7712 kB
Buffers:             748 kB
Cached:            65324 kB
SwapCached:            0 kB
Active:           334024 kB
Inactive:          35924 kB
Active(anon):     305208 kB
Inactive(anon):     3316 kB
Active(file):      28816 kB
Inactive(file):    32608 kB
Unevictable:        2024 kB
Mlocked:            6172 kB
HighTotal:             0 kB
HighFree:              0 kB
LowTotal:         482068 kB
LowFree:            7712 kB
SwapTotal:             0 kB
SwapFree:              0 kB
Dirty:                24 kB
Writeback:             0 kB
AnonPages:        305932 kB
Mapped:            78184 kB
Shmem:              3392 kB
Slab:              22356 kB
SReclaimable:       5052 kB
SUnreclaim:        17304 kB
KernelStack:        5912 kB
PageTables:         7380 kB
NFS_Unstable:          0 kB
Bounce:                0 kB
WritebackTmp:          0 kB
CommitLimit:      241032 kB
Committed_AS:    3976584 kB
VmallocTotal:     507904 kB
VmallocUsed:      128508 kB
VmallocChunk:     112576 kB
1557586109.000000
MemTotal:         482068 kB
MemFree:            7744 kB
Buffers:             748 kB
Cached:            64800 kB
SwapCached:            0 kB
Active:           334428 kB
Inactive:          35384 kB
Active(anon):     305612 kB
Inactive(anon):     3316 kB
Active(file):      28816 kB
Inactive(file):    32068 kB
Unevictable:        2024 kB
Mlocked:            6172 kB
HighTotal:             0 kB
HighFree:              0 kB
LowTotal:         482068 kB
LowFree:            7744 kB
SwapTotal:             0 kB
SwapFree:              0 kB
Dirty:                24 kB
Writeback:             0 kB
AnonPages:        306340 kB
Mapped:            78024 kB
Shmem:              3392 kB
Slab:              22356 kB
SReclaimable:       5052 kB
SUnreclaim:        17304 kB
KernelStack:        5912 kB
PageTables:         7392 kB
NFS_Unstable:          0 kB
Bounce:                0 kB
WritebackTmp:          0 kB
CommitLimit:      241032 kB
Committed_AS:    3976680 kB
VmallocTotal:     507904 kB
VmallocUsed:      128508 kB
VmallocChunk:     112576 kB
1557586110.000000
MemTotal:         482068 kB
MemFree:            7852 kB
Buffers:             748 kB
Cached:            64484 kB
SwapCached:            0 kB
Active:           334320 kB
Inactive:          35132 kB
Active(anon):     305552 kB
Inactive(anon):     3316 kB
Active(file):      28768 kB
Inactive(file):    31816 kB
Unevictable:        2024 kB
Mlocked:            6172 kB
HighTotal:             0 kB
HighFree:              0 kB
LowTotal:         482068 kB
LowFree:            7852 kB
SwapTotal:             0 kB
SwapFree:              0 kB
Dirty:                 0 kB
Writeback:             0 kB
AnonPages:        306244 kB
Mapped:            77880 kB
Shmem:              3392 kB
Slab:              22368 kB
SReclaimable:       5052 kB
SUnreclaim:        17316 kB
KernelStack:        5920 kB
PageTables:         7404 kB
NFS_Unstable:          0 kB
Bounce:                0 kB
WritebackTmp:          0 kB
CommitLimit:      241032 kB
Committed_AS:    3976660 kB
VmallocTotal:     507904 kB
VmallocUsed:      128508 kB
VmallocChunk:     112576 kB
1557586111.000000
MemTotal:         482068 kB
MemFree:            8156 kB
Buffers:             748 kB
Cached:            64088 kB
SwapCached:            0 kB
Active:           334716 kB
Inactive:          34704 kB
Active(anon):     305952 kB
Inactive(anon):     3316 kB
Active(file):      28764 kB
Inactive(file):    31388 kB
Unevictable:        2024 kB
Mlocked:            6172 kB
HighTotal:             0 kB
HighFree:              0 kB
LowTotal:         482068 kB
LowFree:            8156 kB
SwapTotal:             0 kB
SwapFree:              0 kB
Dirty:                 0 kB
Writeback:             0 kB
AnonPages:        306696 kB
Mapped:            77436 kB
Shmem:              3392 kB
Slab:              22364 kB
SReclaimable:       5052 kB
SUnreclaim:        17312 kB
KernelStack:        5920 kB
PageTables:         7380 kB
NFS_Unstable:          0 kB
Bounce:                0 kB
WritebackTmp:          0 kB
CommitLimit:      241032 kB
Committed_AS:    3976660 kB
VmallocTotal:     507904 kB
VmallocUsed:      128508 kB
VmallocChunk:     112576 kB
1557586112.000000
MemTotal:         482068 kB
MemFree:            8124 kB
Buffers:             748 kB
Cached:            64124 kB
SwapCached:            0 kB
Active:           334708 kB
Inactive:          34776 kB
Active(anon):     305944 kB
Inactive(anon):     3316 kB
Active(file):      28764 kB
Inactive(file):    31460 kB
Unevictable:        2024 kB
Mlocked:            6172 kB
HighTotal:             0 kB
HighFree:              0 kB
LowTotal:         482068 kB
LowFree:            8124 kB
SwapTotal:             0 kB
SwapFree:              0 kB
Dirty:                 0 kB
Writeback:             0 kB
AnonPages:        306660 kB
Mapped:            77468 kB
Shmem:              3392 kB
Slab:              22356 kB
SReclaimable:       5052 kB
SUnreclaim:        17304 kB
KernelStack:        5912 kB
PageTables:         7380 kB
NFS_Unstable:          0 kB
Bounce:                0 kB
WritebackTmp:          0 kB
CommitLimit:      241032 kB
Committed_AS:    3976660 kB
VmallocTotal:     507904 kB
VmallocUsed:      128508 kB
VmallocChunk:     112576 kB
1557586113.000000
MemTotal:         482068 kB
MemFree:            7984 kB
Buffers:             748 kB
Cached:            62528 kB
SwapCached:            0 kB
Active:           336368 kB
Inactive:          33212 kB
Active(anon):     307660 kB
Inactive(anon):     3316 kB
Active(file):      28708 kB
Inactive(file):    29896 kB
Unevictable:        2024 kB
Mlocked:            6172 kB
HighTotal:             0 kB
HighFree:              0 kB
LowTotal:         482068 kB
LowFree:            7984 kB
SwapTotal:             0 kB
SwapFree:              0 kB
Dirty:                 0 kB
Writeback:             0 kB
AnonPages:        308408 kB
Mapped:            75720 kB
Shmem:              3392 kB
Slab:              22356 kB
SReclaimable:       5052 kB
SUnreclaim:        17304 kB
KernelStack:        5912 kB
PageTables:         7380 kB
NFS_Unstable:          0 kB
Bounce:                0 kB
WritebackTmp:          0 kB
CommitLimit:      241032 kB
Committed_AS:    3976660 kB
VmallocTotal:     507904 kB
VmallocUsed:      128508 kB
VmallocChunk:     112576 kB
1557586114.000000
MemTotal:         482068 kB
MemFree:            8000 kB
Buffers:             748 kB
Cached:            62508 kB
SwapCached:            0 kB
Active:           336436 kB
Inactive:          33236 kB
Active(anon):     307748 kB
Inactive(anon):     3316 kB
Active(file):      28688 kB
Inactive(file):    29920 kB
Unevictable:        2024 kB
Mlocked:            6172 kB
HighTotal:             0 kB
HighFree:              0 kB
LowTotal:         482068 kB
LowFree:            8000 kB
SwapTotal:             0 kB
SwapFree:              0 kB
Dirty:                 0 kB
Writeback:             0 kB
AnonPages:        308400 kB
Mapped:            75716 kB
Shmem:              3392 kB
Slab:              22360 kB
SReclaimable:       5052 kB
SUnreclaim:        17308 kB
KernelStack:        5912 kB
PageTables:         7404 kB
NFS_Unstable:          0 kB
Bounce:                0 kB
WritebackTmp:          0 kB
CommitLimit:      241032 kB
Committed_AS:    3976660 kB
VmallocTotal:     507904 kB
VmallocUsed:      128508 kB
VmallocChunk:     112576 kB
1557586115.000000
MemTotal:         482068 kB
MemFree:            8604 kB
Buffers:             748 kB
Cached:            62520 kB
SwapCached:            0 kB
Active:           335848 kB
Inactive:          33248 kB
Active(anon):     307160 kB
Inactive(anon):     3316 kB
Active(file):      28688 kB
Inactive(file):    29932 kB
Unevictable:        2024 kB
Mlocked:            6172 kB
HighTotal:             0 kB
HighFree:              0 kB
LowTotal:         482068 kB
LowFree:            8604 kB
SwapTotal:             0 kB
SwapFree:              0 kB
Dirty:                 0 kB
Writeback:             0 kB
AnonPages:        307896 kB
Mapped:            75700 kB
Shmem:              3392 kB
Slab:              22368 kB
SReclaimable:       5052 kB
SUnreclaim:        17316 kB
KernelStack:        5912 kB
PageTables:         7392 kB
NFS_Unstable:          0 kB
Bounce:                0 kB
WritebackTmp:          0 kB
CommitLimit:      241032 kB
Committed_AS:    3976660 kB
VmallocTotal:     507904 kB
VmallocUsed:      128508 kB
VmallocChunk:     112576 kB
1557586116.000000
MemTotal:         482068 kB
MemFree:            8396 kB
Buffers:             748 kB
Cached:            62988 kB
SwapCached:            0 kB
Active:           335968 kB
Inactive:          33716 kB
Active(anon):     307280 kB
Inactive(anon):     3316 kB
Active(file):      28688 kB
Inactive(file):    30400 kB
Unevictable:        2024 kB
Mlocked:            6172 kB
HighTotal:             0 kB
HighFree:              0 kB
LowTotal:         482068 kB
LowFree:            8396 kB
SwapTotal:             0 kB
SwapFree:              0 kB
Dirty:                 0 kB
Writeback:             0 kB
AnonPages:        307972 kB
Mapped:            75744 kB
Shmem:              3392 kB
Slab:              22376 kB
SReclaimable:       5052 kB
SUnreclaim:        17324 kB
KernelStack:        5904 kB
PageTables:         7392 kB
NFS_Unstable:          0 kB
Bounce:                0 kB
WritebackTmp:          0 kB
CommitLimit:      241032 kB
Committed_AS:    3976660 kB
VmallocTotal:     507904 kB
VmallocUsed:      128508 kB
VmallocChunk:     112576 kB
1557586117.000000
MemTotal:         482068 kB
MemFree:            8000 kB
Buffers:             748 kB
Cached:            62988 kB
SwapCached:            0 kB
Active:           336288 kB
Inactive:          33716 kB
Active(anon):     307600 kB
Inactive(anon):     3316 kB
Active(file):      28688 kB
Inactive(file):    30400 kB
Unevictable:        2024 kB
Mlocked:            6172 kB
HighTotal:             0 kB
HighFree:              0 kB
LowTotal:         482068 kB
LowFree:            8000 kB
SwapTotal:             0 kB
SwapFree:              0 kB
Dirty:                 0 kB
Writeback:             0 kB
AnonPages:        308320 kB
Mapped:            75744 kB
Shmem:              3392 kB
Slab:              22328 kB
SReclaimable:       5052 kB
SUnreclaim:        17276 kB
KernelStack:        5904 kB
PageTables:         7396 kB
NFS_Unstable:          0 kB
Bounce:                0 kB
WritebackTmp:          0 kB
CommitLimit:      241032 kB
Committed_AS:    3976620 kB
VmallocTotal:     507904 kB
VmallocUsed:      128508 kB
VmallocChunk:     112576 kB
1557586118.000000
MemTotal:         482068 kB
MemFree:            6612 kB
Buffers:             772 kB
Cached:            62360 kB
SwapCached:            0 kB
Active:           338024 kB
Inactive:          33160 kB
Active(anon):     309336 kB
Inactive(anon):     3316 kB
Active(file):      28688 kB
Inactive(file):    29844 kB
Unevictable:        2024 kB
Mlocked:            6172 kB
HighTotal:             0 kB
HighFree:              0 kB
LowTotal:         482068 kB
LowFree:            6612 kB
SwapTotal:             0 kB
SwapFree:              0 kB
Dirty:                 0 kB
Writeback:             0 kB
AnonPages:        309956 kB
Mapped:            75068 kB
Shmem:              3392 kB
Slab:              22344 kB
SReclaimable:       5052 kB
SUnreclaim:        17292 kB
KernelStack:        5912 kB
PageTables:         7396 kB
NFS_Unstable:          0 kB
Bounce:                0 kB
WritebackTmp:          0 kB
CommitLimit:      241032 kB
Committed_AS:    3977492 kB
VmallocTotal:     507904 kB
VmallocUsed:      128508 kB
VmallocChunk:     112576 kB
1557586119.000000
MemTotal:         482068 kB
MemFree:            5976 kB
Buffers:             888 kB
Cached:            62204 kB
SwapCached:            0 kB
Active:           338128 kB
Inactive:          33096 kB
Active(anon):     309460 kB
Inactive(anon):     3316 kB
Active(file):      28668 kB
Inactive(file):    29780 kB
Unevictable:        2024 kB
Mlocked:            6172 kB
HighTotal:             0 kB
HighFree:              0 kB
LowTotal:         482068 kB
LowFree:            5976 kB
SwapTotal:             0 kB
SwapFree:              0 kB
Dirty:                36 kB
Writeback:             0 kB
AnonPages:        310148 kB
Mapped:            74616 kB
Shmem:              3392 kB
Slab:              22348 kB
SReclaimable:       5052 kB
SUnreclaim:        17296 kB
KernelStack:        5912 kB
PageTables:         7456 kB
NFS_Unstable:          0 kB
Bounce:                0 kB
WritebackTmp:          0 kB
CommitLimit:      241032 kB
Committed_AS:    3977492 kB
VmallocTotal:     507904 kB
VmallocUsed:      128508 kB
VmallocChunk:     112576 kB
1557586119.000000
MemTotal:         482068 kB
MemFree:            6580 kB
Buffers:            1036 kB
Cached:            61380 kB
SwapCached:            0 kB
Active:           338412 kB
Inactive:          32416 kB
Active(anon):     309716 kB
Inactive(anon):     3312 kB
Active(file):      28696 kB
Inactive(file):    29104 kB
Unevictable:        2024 kB
Mlocked:            6172 kB
HighTotal:             0 kB
HighFree:              0 kB
LowTotal:         482068 kB
LowFree:            6580 kB
SwapTotal:             0 kB
SwapFree:              0 kB
Dirty:                 0 kB
Writeback:             0 kB
AnonPages:        310452 kB
Mapped:            74432 kB
Shmem:              3392 kB
Slab:              22408 kB
SReclaimable:       5052 kB
SUnreclaim:        17356 kB
KernelStack:        5920 kB
PageTables:         7388 kB
NFS_Unstable:          0 kB
Bounce:                0 kB
WritebackTmp:          0 kB
CommitLimit:      241032 kB
Committed_AS:    3978404 kB
VmallocTotal:     507904 kB
VmallocUsed:      128508 kB
VmallocChunk:     112576 kB
1557586120.000000
MemTotal:         482068 kB
MemFree:            6476 kB
Buffers:             964 kB
Cached:            61804 kB
SwapCached:            0 kB
Active:           339024 kB
Inactive:          32664 kB
Active(anon):     310344 kB
Inactive(anon):     3312 kB
Active(file):      28680 kB
Inactive(file):    29352 kB
Unevictable:        2024 kB
Mlocked:            6172 kB
HighTotal:             0 kB
HighFree:              0 kB
LowTotal:         482068 kB
LowFree:            6476 kB
SwapTotal:             0 kB
SwapFree:              0 kB
Dirty:                 4 kB
Writeback:             0 kB
AnonPages:        311088 kB
Mapped:            74512 kB
Shmem:              3392 kB
Slab:              22368 kB
SReclaimable:       5052 kB
SUnreclaim:        17316 kB
KernelStack:        5912 kB
PageTables:         7380 kB
NFS_Unstable:          0 kB
Bounce:                0 kB
WritebackTmp:          0 kB
CommitLimit:      241032 kB
Committed_AS:    3977492 kB
VmallocTotal:     507904 kB
VmallocUsed:      128508 kB
VmallocChunk:     112576 kB
1557586122.000000
MemTotal:         482068 kB
MemFree:            6116 kB
Buffers:             816 kB
Cached:            61264 kB
SwapCached:            0 kB
Active:           339140 kB
Inactive:          32240 kB
Active(anon):     310652 kB
Inactive(anon):     3312 kB
Active(file):      28488 kB
Inactive(file):    28928 kB
Unevictable:        2024 kB
Mlocked:            6172 kB
HighTotal:             0 kB
HighFree:              0 kB
LowTotal:         482068 kB
LowFree:            6116 kB
SwapTotal:             0 kB
SwapFree:              0 kB
Dirty:                 0 kB
Writeback:             0 kB
AnonPages:        311308 kB
Mapped:            73952 kB
Shmem:              3400 kB
Slab:              22392 kB
SReclaimable:       5052 kB
SUnreclaim:        17340 kB
KernelStack:        5912 kB
PageTables:         7396 kB
NFS_Unstable:          0 kB
Bounce:                0 kB
WritebackTmp:          0 kB
CommitLimit:      241032 kB
Committed_AS:    3977788 kB
VmallocTotal:     507904 kB
VmallocUsed:      128508 kB
VmallocChunk:     112576 kB
1557586123.000000
MemTotal:         482068 kB
MemFree:            6092 kB
Buffers:             816 kB
Cached:            61276 kB
SwapCached:            0 kB
Active:           339168 kB
Inactive:          32248 kB
Active(anon):     310676 kB
Inactive(anon):     3316 kB
Active(file):      28492 kB
Inactive(file):    28932 kB
Unevictable:        2024 kB
Mlocked:            6172 kB
HighTotal:             0 kB
HighFree:              0 kB
LowTotal:         482068 kB
LowFree:            6092 kB
SwapTotal:             0 kB
SwapFree:              0 kB
Dirty:                 0 kB
Writeback:             0 kB
AnonPages:        311316 kB
Mapped:            73980 kB
Shmem:              3412 kB
Slab:              22400 kB
SReclaimable:       5052 kB
SUnreclaim:        17348 kB
KernelStack:        5912 kB
PageTables:         7384 kB
NFS_Unstable:          0 kB
Bounce:                0 kB
WritebackTmp:          0 kB
CommitLimit:      241032 kB
Committed_AS:    3977668 kB
VmallocTotal:     507904 kB
VmallocUsed:      128508 kB
VmallocChunk:     112576 kB
1557586123.000000
MemTotal:         482068 kB
MemFree:            4208 kB
Buffers:             840 kB
Cached:            63000 kB
SwapCached:            0 kB
Active:           340376 kB
Inactive:          32968 kB
Active(anon):     310924 kB
Inactive(anon):     3320 kB
Active(file):      29452 kB
Inactive(file):    29648 kB
Unevictable:        2024 kB
Mlocked:            6172 kB
HighTotal:             0 kB
HighFree:              0 kB
LowTotal:         482068 kB
LowFree:            4208 kB
SwapTotal:             0 kB
SwapFree:              0 kB
Dirty:                 0 kB
Writeback:             0 kB
AnonPages:        311572 kB
Mapped:            70372 kB
Shmem:              3424 kB
Slab:              22356 kB
SReclaimable:       5052 kB
SUnreclaim:        17304 kB
KernelStack:        5912 kB
PageTables:         7384 kB
NFS_Unstable:          0 kB
Bounce:                0 kB
WritebackTmp:          0 kB
CommitLimit:      241032 kB
Committed_AS:    3977712 kB
VmallocTotal:     507904 kB
VmallocUsed:      128508 kB
VmallocChunk:     112576 kB
1557586125.000000
MemTotal:         482068 kB
MemFree:            6028 kB
Buffers:             732 kB
Cached:            57272 kB
SwapCached:            0 kB
Active:           340496 kB
Inactive:          30604 kB
Active(anon):     314468 kB
Inactive(anon):     3320 kB
Active(file):      26028 kB
Inactive(file):    27284 kB
Unevictable:        2024 kB
Mlocked:            6172 kB
HighTotal:             0 kB
HighFree:              0 kB
LowTotal:         482068 kB
LowFree:            6028 kB
SwapTotal:             0 kB
SwapFree:              0 kB
Dirty:                48 kB
Writeback:             0 kB
AnonPages:        315168 kB
Mapped:            68584 kB
Shmem:              3424 kB
Slab:              22448 kB
SReclaimable:       5052 kB
SUnreclaim:        17396 kB
KernelStack:        6088 kB
PageTables:         7816 kB
NFS_Unstable:          0 kB
Bounce:                0 kB
WritebackTmp:          0 kB
CommitLimit:      241032 kB
Committed_AS:    4191292 kB
VmallocTotal:     507904 kB
VmallocUsed:      132596 kB
VmallocChunk:     112576 kB
1557586126.000000
MemTotal:         482068 kB
MemFree:           10812 kB
Buffers:            1012 kB
Cached:            61088 kB
SwapCached:            0 kB
Active:           331000 kB
Inactive:          35328 kB
Active(anon):     305580 kB
Inactive(anon):     3316 kB
Active(file):      25420 kB
Inactive(file):    32012 kB
Unevictable:        2024 kB
Mlocked:            6172 kB
HighTotal:             0 kB
HighFree:              0 kB
LowTotal:         482068 kB
LowFree:           10812 kB
SwapTotal:             0 kB
SwapFree:              0 kB
Dirty:                48 kB
Writeback:             0 kB
AnonPages:        306260 kB
Mapped:            68832 kB
Shmem:              3428 kB
Slab:              22472 kB
SReclaimable:       5052 kB
SUnreclaim:        17420 kB
KernelStack:        6112 kB
PageTables:         7788 kB
NFS_Unstable:          0 kB
Bounce:                0 kB
WritebackTmp:          0 kB
CommitLimit:      241032 kB
Committed_AS:    4264968 kB
VmallocTotal:     507904 kB
VmallocUsed:      134640 kB
VmallocChunk:     112576 kB
1557586127.000000
MemTotal:         482068 kB
MemFree:            3960 kB
Buffers:            1008 kB
Cached:            64044 kB
SwapCached:            0 kB
Active:           334984 kB
Inactive:          37868 kB
Active(anon):     309208 kB
Inactive(anon):     3316 kB
Active(file):      25776 kB
Inactive(file):    34552 kB
Unevictable:        2024 kB
Mlocked:            6172 kB
HighTotal:             0 kB
HighFree:              0 kB
LowTotal:         482068 kB
LowFree:            3960 kB
SwapTotal:             0 kB
SwapFree:              0 kB
Dirty:                 0 kB
Writeback:             0 kB
AnonPages:        309872 kB
Mapped:            70412 kB
Shmem:              3428 kB
Slab:              22464 kB
SReclaimable:       5052 kB
SUnreclaim:        17412 kB
KernelStack:        6008 kB
PageTables:         7920 kB
NFS_Unstable:          0 kB
Bounce:                0 kB
WritebackTmp:          0 kB
CommitLimit:      241032 kB
Committed_AS:    4271360 kB
VmallocTotal:     507904 kB
VmallocUsed:      134640 kB
VmallocChunk:     112576 kB
1557586128.000000
MemTotal:         482068 kB
MemFree:            3728 kB
Buffers:             880 kB
Cached:            61836 kB
SwapCached:            0 kB
Active:           338332 kB
Inactive:          34864 kB
Active(anon):     311916 kB
Inactive(anon):     3320 kB
Active(file):      26416 kB
Inactive(file):    31544 kB
Unevictable:        2024 kB
Mlocked:            6172 kB
HighTotal:             0 kB
HighFree:              0 kB
LowTotal:         482068 kB
LowFree:            3728 kB
SwapTotal:             0 kB
SwapFree:              0 kB
Dirty:                 0 kB
Writeback:             0 kB
AnonPages:        312596 kB
Mapped:            69132 kB
Shmem:              3432 kB
Slab:              22524 kB
SReclaimable:       5052 kB
SUnreclaim:        17472 kB
KernelStack:        6032 kB
PageTables:         7936 kB
NFS_Unstable:          0 kB
Bounce:                0 kB
WritebackTmp:          0 kB
CommitLimit:      241032 kB
Committed_AS:    4273816 kB
VmallocTotal:     507904 kB
VmallocUsed:      134640 kB
VmallocChunk:     112576 kB
1557586129.000000
MemTotal:         482068 kB
MemFree:            5340 kB
Buffers:             876 kB
Cached:            57340 kB
SwapCached:            0 kB
Active:           342136 kB
Inactive:          29120 kB
Active(anon):     314408 kB
Inactive(anon):     3320 kB
Active(file):      27728 kB
Inactive(file):    25800 kB
Unevictable:        2024 kB
Mlocked:            6172 kB
HighTotal:             0 kB
HighFree:              0 kB
LowTotal:         482068 kB
LowFree:            5340 kB
SwapTotal:             0 kB
SwapFree:              0 kB
Dirty:                48 kB
Writeback:             0 kB
AnonPages:        315052 kB
Mapped:            68528 kB
Shmem:              3432 kB
Slab:              22484 kB
SReclaimable:       5052 kB
SUnreclaim:        17432 kB
KernelStack:        6024 kB
PageTables:         7876 kB
NFS_Unstable:          0 kB
Bounce:                0 kB
WritebackTmp:          0 kB
CommitLimit:      241032 kB
Committed_AS:    4277820 kB
VmallocTotal:     507904 kB
VmallocUsed:      134640 kB
VmallocChunk:     112576 kB
1557586130.000000
MemTotal:         482068 kB
MemFree:            3696 kB
Buffers:             576 kB
Cached:            59540 kB
SwapCached:            0 kB
Active:           342364 kB
Inactive:          31060 kB
Active(anon):     314700 kB
Inactive(anon):     3316 kB
Active(file):      27664 kB
Inactive(file):    27744 kB
Unevictable:        2024 kB
Mlocked:            6172 kB
HighTotal:             0 kB
HighFree:              0 kB
LowTotal:         482068 kB
LowFree:            3696 kB
SwapTotal:             0 kB
SwapFree:              0 kB
Dirty:                48 kB
Writeback:             0 kB
AnonPages:        315336 kB
Mapped:            68384 kB
Shmem:              3428 kB
Slab:              22488 kB
SReclaimable:       5052 kB
SUnreclaim:        17436 kB
KernelStack:        6048 kB
PageTables:         7880 kB
NFS_Unstable:          0 kB
Bounce:                0 kB
WritebackTmp:          0 kB
CommitLimit:      241032 kB
Committed_AS:    4278352 kB
VmallocTotal:     507904 kB
VmallocUsed:      134640 kB
VmallocChunk:     112576 kB
1557586131.000000
MemTotal:         482068 kB
MemFree:            4060 kB
Buffers:             576 kB
Cached:            58932 kB
SwapCached:            0 kB
Active:           342052 kB
Inactive:          30728 kB
Active(anon):     314700 kB
Inactive(anon):     3316 kB
Active(file):      27352 kB
Inactive(file):    27412 kB
Unevictable:        2024 kB
Mlocked:            6172 kB
HighTotal:             0 kB
HighFree:              0 kB
LowTotal:         482068 kB
LowFree:            4060 kB
SwapTotal:             0 kB
SwapFree:              0 kB
Dirty:                48 kB
Writeback:             0 kB
AnonPages:        315412 kB
Mapped:            68080 kB
Shmem:              3428 kB
Slab:              22488 kB
SReclaimable:       5052 kB
SUnreclaim:        17436 kB
KernelStack:        6048 kB
PageTables:         7880 kB
NFS_Unstable:          0 kB
Bounce:                0 kB
WritebackTmp:          0 kB
CommitLimit:      241032 kB
Committed_AS:    4278352 kB
VmallocTotal:     507904 kB
VmallocUsed:      134640 kB
VmallocChunk:     112576 kB
1557586132.000000
MemTotal:         482068 kB
MemFree:            3952 kB
Buffers:             576 kB
Cached:            58948 kB
SwapCached:            0 kB
Active:           342260 kB
Inactive:          30724 kB
Active(anon):     314828 kB
Inactive(anon):     3316 kB
Active(file):      27432 kB
Inactive(file):    27408 kB
Unevictable:        2024 kB
Mlocked:            6172 kB
HighTotal:             0 kB
HighFree:              0 kB
LowTotal:         482068 kB
LowFree:            3952 kB
SwapTotal:             0 kB
SwapFree:              0 kB
Dirty:                48 kB
Writeback:             0 kB
AnonPages:        315480 kB
Mapped:            68112 kB
Shmem:              3428 kB
Slab:              22488 kB
SReclaimable:       5052 kB
SUnreclaim:        17436 kB
KernelStack:        6048 kB
PageTables:         7880 kB
NFS_Unstable:          0 kB
Bounce:                0 kB
WritebackTmp:          0 kB
CommitLimit:      241032 kB
Committed_AS:    4278352 kB
VmallocTotal:     507904 kB
VmallocUsed:      134640 kB
VmallocChunk:     112576 kB
1557586133.000000
MemTotal:         482068 kB
MemFree:            7836 kB
Buffers:             488 kB
Cached:            56216 kB
SwapCached:            0 kB
Active:           339976 kB
Inactive:          29176 kB
Active(anon):     313860 kB
Inactive(anon):     3316 kB
Active(file):      26116 kB
Inactive(file):    25860 kB
Unevictable:        2024 kB
Mlocked:            6172 kB
HighTotal:             0 kB
HighFree:              0 kB
LowTotal:         482068 kB
LowFree:            7836 kB
SwapTotal:             0 kB
SwapFree:              0 kB
Dirty:                 8 kB
Writeback:             0 kB
AnonPages:        314556 kB
Mapped:            67240 kB
Shmem:              3428 kB
Slab:              22528 kB
SReclaimable:       5048 kB
SUnreclaim:        17480 kB
KernelStack:        6024 kB
PageTables:         7732 kB
NFS_Unstable:          0 kB
Bounce:                0 kB
WritebackTmp:          0 kB
CommitLimit:      241032 kB
Committed_AS:    4170516 kB
VmallocTotal:     507904 kB
VmallocUsed:      132596 kB
VmallocChunk:     112576 kB
1557586134.000000
MemTotal:         482068 kB
MemFree:            7544 kB
Buffers:             504 kB
Cached:            56532 kB
SwapCached:            0 kB
Active:           340124 kB
Inactive:          29540 kB
Active(anon):     313964 kB
Inactive(anon):     3316 kB
Active(file):      26160 kB
Inactive(file):    26224 kB
Unevictable:        2024 kB
Mlocked:            6172 kB
HighTotal:             0 kB
HighFree:              0 kB
LowTotal:         482068 kB
LowFree:            7544 kB
SwapTotal:             0 kB
SwapFree:              0 kB
Dirty:                52 kB
Writeback:             0 kB
AnonPages:        314680 kB
Mapped:            67356 kB
Shmem:              3428 kB
Slab:              22492 kB
SReclaimable:       5048 kB
SUnreclaim:        17444 kB
KernelStack:        5976 kB
PageTables:         7692 kB
NFS_Unstable:          0 kB
Bounce:                0 kB
WritebackTmp:          0 kB
CommitLimit:      241032 kB
Committed_AS:    4170440 kB
VmallocTotal:     507904 kB
VmallocUsed:      132596 kB
VmallocChunk:     112576 kB
1557586135.000000
MemTotal:         482068 kB
MemFree:            7520 kB
Buffers:             504 kB
Cached:            56604 kB
SwapCached:            0 kB
Active:           340108 kB
Inactive:          29536 kB
Active(anon):     313904 kB
Inactive(anon):     3316 kB
Active(file):      26204 kB
Inactive(file):    26220 kB
Unevictable:        2024 kB
Mlocked:            6172 kB
HighTotal:             0 kB
HighFree:              0 kB
LowTotal:         482068 kB
LowFree:            7520 kB
SwapTotal:             0 kB
SwapFree:              0 kB
Dirty:                56 kB
Writeback:             0 kB
AnonPages:        314640 kB
Mapped:            67352 kB
Shmem:              3428 kB
Slab:              22480 kB
SReclaimable:       5048 kB
SUnreclaim:        17432 kB
KernelStack:        5952 kB
PageTables:         7768 kB
NFS_Unstable:          0 kB
Bounce:                0 kB
WritebackTmp:          0 kB
CommitLimit:      241032 kB
Committed_AS:    4170304 kB
VmallocTotal:     507904 kB
VmallocUsed:      132596 kB
VmallocChunk:     112576 kB
1557586136.000000
MemTotal:         482068 kB
MemFree:            4676 kB
Buffers:             504 kB
Cached:            59568 kB
SwapCached:            0 kB
Active:           340332 kB
Inactive:          32500 kB
Active(anon):     314128 kB
Inactive(anon):     3316 kB
Active(file):      26204 kB
Inactive(file):    29184 kB
Unevictable:        2024 kB
Mlocked:            6172 kB
HighTotal:             0 kB
HighFree:              0 kB
LowTotal:         482068 kB
LowFree:            4676 kB
SwapTotal:             0 kB
SwapFree:              0 kB
Dirty:                56 kB
Writeback:             0 kB
AnonPages:        314748 kB
Mapped:            67556 kB
Shmem:              3428 kB
Slab:              22496 kB
SReclaimable:       5048 kB
SUnreclaim:        17448 kB
KernelStack:        5960 kB
PageTables:         7704 kB
NFS_Unstable:          0 kB
Bounce:                0 kB
WritebackTmp:          0 kB
CommitLimit:      241032 kB
Committed_AS:    4170388 kB
VmallocTotal:     507904 kB
VmallocUsed:      132596 kB
VmallocChunk:     112576 kB
1557586137.000000
MemTotal:         482068 kB
MemFree:            3668 kB
Buffers:             508 kB
Cached:            60372 kB
SwapCached:            0 kB
Active:           340416 kB
Inactive:          33180 kB
Active(anon):     314180 kB
Inactive(anon):     3316 kB
Active(file):      26236 kB
Inactive(file):    29864 kB
Unevictable:        2024 kB
Mlocked:            6172 kB
HighTotal:             0 kB
HighFree:              0 kB
LowTotal:         482068 kB
LowFree:            3668 kB
SwapTotal:             0 kB
SwapFree:              0 kB
Dirty:                92 kB
Writeback:             0 kB
AnonPages:        314824 kB
Mapped:            67728 kB
Shmem:              3428 kB
Slab:              22484 kB
SReclaimable:       5048 kB
SUnreclaim:        17436 kB
KernelStack:        5960 kB
PageTables:         7708 kB
NFS_Unstable:          0 kB
Bounce:                0 kB
WritebackTmp:          0 kB
CommitLimit:      241032 kB
Committed_AS:    4170508 kB
VmallocTotal:     507904 kB
VmallocUsed:      132596 kB
VmallocChunk:     112576 kB
1557586138.000000
MemTotal:         482068 kB
MemFree:            3600 kB
Buffers:             508 kB
Cached:            60340 kB
SwapCached:            0 kB
Active:           340448 kB
Inactive:          33244 kB
Active(anon):     314212 kB
Inactive(anon):     3316 kB
Active(file):      26236 kB
Inactive(file):    29928 kB
Unevictable:        2024 kB
Mlocked:            6172 kB
HighTotal:             0 kB
HighFree:              0 kB
LowTotal:         482068 kB
LowFree:            3600 kB
SwapTotal:             0 kB
SwapFree:              0 kB
Dirty:                92 kB
Writeback:             0 kB
AnonPages:        314864 kB
Mapped:            67692 kB
Shmem:              3428 kB
Slab:              22472 kB
SReclaimable:       5048 kB
SUnreclaim:        17424 kB
KernelStack:        5968 kB
PageTables:         7708 kB
NFS_Unstable:          0 kB
Bounce:                0 kB
WritebackTmp:          0 kB
CommitLimit:      241032 kB
Committed_AS:    4170520 kB
VmallocTotal:     507904 kB
VmallocUsed:      132596 kB
VmallocChunk:     112576 kB
1557586138.000000
MemTotal:         482068 kB
MemFree:            4304 kB
Buffers:             508 kB
Cached:            59428 kB
SwapCached:            0 kB
Active:           340536 kB
Inactive:          32248 kB
Active(anon):     314292 kB
Inactive(anon):     3316 kB
Active(file):      26244 kB
Inactive(file):    28932 kB
Unevictable:        2024 kB
Mlocked:            6172 kB
HighTotal:             0 kB
HighFree:              0 kB
LowTotal:         482068 kB
LowFree:            4304 kB
SwapTotal:             0 kB
SwapFree:              0 kB
Dirty:                36 kB
Writeback:             0 kB
AnonPages:        314904 kB
Mapped:            67720 kB
Shmem:              3428 kB
Slab:              22480 kB
SReclaimable:       5048 kB
SUnreclaim:        17432 kB
KernelStack:        5960 kB
PageTables:         7692 kB
NFS_Unstable:          0 kB
Bounce:                0 kB
WritebackTmp:          0 kB
CommitLimit:      241032 kB
Committed_AS:    4170552 kB
VmallocTotal:     507904 kB
VmallocUsed:      132596 kB
VmallocChunk:     112576 kB
1557586139.000000
MemTotal:         482068 kB
MemFree:            4172 kB
Buffers:             516 kB
Cached:            59392 kB
SwapCached:            0 kB
Active:           340684 kB
Inactive:          32264 kB
Active(anon):     314416 kB
Inactive(anon):     3316 kB
Active(file):      26268 kB
Inactive(file):    28948 kB
Unevictable:        2024 kB
Mlocked:            6172 kB
HighTotal:             0 kB
HighFree:              0 kB
LowTotal:         482068 kB
LowFree:            4172 kB
SwapTotal:             0 kB
SwapFree:              0 kB
Dirty:                84 kB
Writeback:             0 kB
AnonPages:        315024 kB
Mapped:            67740 kB
Shmem:              3428 kB
Slab:              22500 kB
SReclaimable:       5048 kB
SUnreclaim:        17452 kB
KernelStack:        5968 kB
PageTables:         7716 kB
NFS_Unstable:          0 kB
Bounce:                0 kB
WritebackTmp:          0 kB
CommitLimit:      241032 kB
Committed_AS:    4170472 kB
VmallocTotal:     507904 kB
VmallocUsed:      132596 kB
VmallocChunk:     112576 kB
1557586140.000000
MemTotal:         482068 kB
MemFree:            4040 kB
Buffers:             516 kB
Cached:            59392 kB
SwapCached:            0 kB
Active:           340832 kB
Inactive:          32272 kB
Active(anon):     314564 kB
Inactive(anon):     3316 kB
Active(file):      26268 kB
Inactive(file):    28956 kB
Unevictable:        2024 kB
Mlocked:            6172 kB
HighTotal:             0 kB
HighFree:              0 kB
LowTotal:         482068 kB
LowFree:            4040 kB
SwapTotal:             0 kB
SwapFree:              0 kB
Dirty:                84 kB
Writeback:             0 kB
AnonPages:        315260 kB
Mapped:            67716 kB
Shmem:              3428 kB
Slab:              22468 kB
SReclaimable:       5048 kB
SUnreclaim:        17420 kB
KernelStack:        5960 kB
PageTables:         7704 kB
NFS_Unstable:          0 kB
Bounce:                0 kB
WritebackTmp:          0 kB
CommitLimit:      241032 kB
Committed_AS:    4170532 kB
VmallocTotal:     507904 kB
VmallocUsed:      132596 kB
VmallocChunk:     112576 kB
1557586141.000000
MemTotal:         482068 kB
MemFree:            3932 kB
Buffers:             516 kB
Cached:            59392 kB
SwapCached:            0 kB
Active:           341064 kB
Inactive:          32272 kB
Active(anon):     314796 kB
Inactive(anon):     3316 kB
Active(file):      26268 kB
Inactive(file):    28956 kB
Unevictable:        2024 kB
Mlocked:            6172 kB
HighTotal:             0 kB
HighFree:              0 kB
LowTotal:         482068 kB
LowFree:            3932 kB
SwapTotal:             0 kB
SwapFree:              0 kB
Dirty:                48 kB
Writeback:             0 kB
AnonPages:        315440 kB
Mapped:            67716 kB
Shmem:              3428 kB
Slab:              22492 kB
SReclaimable:       5048 kB
SUnreclaim:        17444 kB
KernelStack:        5960 kB
PageTables:         7704 kB
NFS_Unstable:          0 kB
Bounce:                0 kB
WritebackTmp:          0 kB
CommitLimit:      241032 kB
Committed_AS:    4170660 kB
VmallocTotal:     507904 kB
VmallocUsed:      132596 kB
VmallocChunk:     112576 kB
1557586142.000000
MemTotal:         482068 kB
MemFree:            4824 kB
Buffers:             516 kB
Cached:            59392 kB
SwapCached:            0 kB
Active:           339920 kB
Inactive:          32272 kB
Active(anon):     313652 kB
Inactive(anon):     3316 kB
Active(file):      26268 kB
Inactive(file):    28956 kB
Unevictable:        2024 kB
Mlocked:            6172 kB
HighTotal:             0 kB
HighFree:              0 kB
LowTotal:         482068 kB
LowFree:            4824 kB
SwapTotal:             0 kB
SwapFree:              0 kB
Dirty:                48 kB
Writeback:             0 kB
AnonPages:        314376 kB
Mapped:            67716 kB
Shmem:              3428 kB
Slab:              22492 kB
SReclaimable:       5048 kB
SUnreclaim:        17444 kB
KernelStack:        5960 kB
PageTables:         7704 kB
NFS_Unstable:          0 kB
Bounce:                0 kB
WritebackTmp:          0 kB
CommitLimit:      241032 kB
Committed_AS:    4170696 kB
VmallocTotal:     507904 kB
VmallocUsed:      132596 kB
VmallocChunk:     112576 kB
1557586143.000000
MemTotal:         482068 kB
MemFree:            4652 kB
Buffers:             516 kB
Cached:            59392 kB
SwapCached:            0 kB
Active:           340044 kB
Inactive:          32272 kB
Active(anon):     313776 kB
Inactive(anon):     3316 kB
Active(file):      26268 kB
Inactive(file):    28956 kB
Unevictable:        2024 kB
Mlocked:            6172 kB
HighTotal:             0 kB
HighFree:              0 kB
LowTotal:         482068 kB
LowFree:            4652 kB
SwapTotal:             0 kB
SwapFree:              0 kB
Dirty:                48 kB
Writeback:             0 kB
AnonPages:        314420 kB
Mapped:            67728 kB
Shmem:              3428 kB
Slab:              22496 kB
SReclaimable:       5048 kB
SUnreclaim:        17448 kB
KernelStack:        5960 kB
PageTables:         7704 kB
NFS_Unstable:          0 kB
Bounce:                0 kB
WritebackTmp:          0 kB
CommitLimit:      241032 kB
Committed_AS:    4170628 kB
VmallocTotal:     507904 kB
VmallocUsed:      132596 kB
VmallocChunk:     112576 kB
1557586144.000000
MemTotal:         482068 kB
MemFree:            4412 kB
Buffers:             516 kB
Cached:            59924 kB
SwapCached:            0 kB
Active:           340300 kB
Inactive:          32792 kB
Active(anon):     314032 kB
Inactive(anon):     3316 kB
Active(file):      26268 kB
Inactive(file):    29476 kB
Unevictable:        2024 kB
Mlocked:            6172 kB
HighTotal:             0 kB
HighFree:              0 kB
LowTotal:         482068 kB
LowFree:            4412 kB
SwapTotal:             0 kB
SwapFree:              0 kB
Dirty:                48 kB
Writeback:             0 kB
AnonPages:        314640 kB
Mapped:            67904 kB
Shmem:              3428 kB
Slab:              22500 kB
SReclaimable:       5048 kB
SUnreclaim:        17452 kB
KernelStack:        5960 kB
PageTables:         7704 kB
NFS_Unstable:          0 kB
Bounce:                0 kB
WritebackTmp:          0 kB
CommitLimit:      241032 kB
Committed_AS:    4170760 kB
VmallocTotal:     507904 kB
VmallocUsed:      132596 kB
VmallocChunk:     112576 kB
1557586145.000000
MemTotal:         482068 kB
MemFree:            4188 kB
Buffers:             516 kB
Cached:            59964 kB
SwapCached:            0 kB
Active:           340320 kB
Inactive:          32824 kB
Active(anon):     314052 kB
Inactive(anon):     3332 kB
Active(file):      26268 kB
Inactive(file):    29492 kB
Unevictable:        2024 kB
Mlocked:            6172 kB
HighTotal:             0 kB
HighFree:              0 kB
LowTotal:         482068 kB
LowFree:            4188 kB
SwapTotal:             0 kB
SwapFree:              0 kB
Dirty:                 0 kB
Writeback:             0 kB
AnonPages:        314748 kB
Mapped:            67892 kB
Shmem:              3464 kB
Slab:              22504 kB
SReclaimable:       5048 kB
SUnreclaim:        17456 kB
KernelStack:        5960 kB
PageTables:         7708 kB
NFS_Unstable:          0 kB
Bounce:                0 kB
WritebackTmp:          0 kB
CommitLimit:      241032 kB
Committed_AS:    4170792 kB
VmallocTotal:     507904 kB
VmallocUsed:      132596 kB
VmallocChunk:     112576 kB
1557586146.000000
MemTotal:         482068 kB
MemFree:            4048 kB
Buffers:             516 kB
Cached:            60028 kB
SwapCached:            0 kB
Active:           340456 kB
Inactive:          32888 kB
Active(anon):     314188 kB
Inactive(anon):     3332 kB
Active(file):      26268 kB
Inactive(file):    29556 kB
Unevictable:        2024 kB
Mlocked:            6172 kB
HighTotal:             0 kB
HighFree:              0 kB
LowTotal:         482068 kB
LowFree:            4048 kB
SwapTotal:             0 kB
SwapFree:              0 kB
Dirty:                 0 kB
Writeback:             0 kB
AnonPages:        314828 kB
Mapped:            67896 kB
Shmem:              3464 kB
Slab:              22504 kB
SReclaimable:       5048 kB
SUnreclaim:        17456 kB
KernelStack:        5960 kB
PageTables:         7708 kB
NFS_Unstable:          0 kB
Bounce:                0 kB
WritebackTmp:          0 kB
CommitLimit:      241032 kB
Committed_AS:    4170684 kB
VmallocTotal:     507904 kB
VmallocUsed:      132596 kB
VmallocChunk:     112576 kB
1557586147.000000
MemTotal:         482068 kB
MemFree:            4156 kB
Buffers:             520 kB
Cached:            60024 kB
SwapCached:            0 kB
Active:           340252 kB
Inactive:          32888 kB
Active(anon):     313984 kB
Inactive(anon):     3332 kB
Active(file):      26268 kB
Inactive(file):    29556 kB
Unevictable:        2024 kB
Mlocked:            6172 kB
HighTotal:             0 kB
HighFree:              0 kB
LowTotal:         482068 kB
LowFree:            4156 kB
SwapTotal:             0 kB
SwapFree:              0 kB
Dirty:                 0 kB
Writeback:             0 kB
AnonPages:        314648 kB
Mapped:            67920 kB
Shmem:              3464 kB
Slab:              22496 kB
SReclaimable:       5048 kB
SUnreclaim:        17448 kB
KernelStack:        5960 kB
PageTables:         7772 kB
NFS_Unstable:          0 kB
Bounce:                0 kB
WritebackTmp:          0 kB
CommitLimit:      241032 kB
Committed_AS:    4170800 kB
VmallocTotal:     507904 kB
VmallocUsed:      132596 kB
VmallocChunk:     112576 kB
1557586148.000000
MemTotal:         482068 kB
MemFree:            4600 kB
Buffers:             520 kB
Cached:            60028 kB
SwapCached:            0 kB
Active:           339776 kB
Inactive:          32888 kB
Active(anon):     313508 kB
Inactive(anon):     3328 kB
Active(file):      26268 kB
Inactive(file):    29560 kB
Unevictable:        2024 kB
Mlocked:            6172 kB
HighTotal:             0 kB
HighFree:              0 kB
LowTotal:         482068 kB
LowFree:            4600 kB
SwapTotal:             0 kB
SwapFree:              0 kB
Dirty:                 0 kB
Writeback:             0 kB
AnonPages:        314076 kB
Mapped:            67920 kB
Shmem:              3464 kB
Slab:              22496 kB
SReclaimable:       5048 kB
SUnreclaim:        17448 kB
KernelStack:        5960 kB
PageTables:         7708 kB
NFS_Unstable:          0 kB
Bounce:                0 kB
WritebackTmp:          0 kB
CommitLimit:      241032 kB
Committed_AS:    4170732 kB
VmallocTotal:     507904 kB
VmallocUsed:      132596 kB
VmallocChunk:     112576 kB
1557586148.000000
MemTotal:         482068 kB
MemFree:            4552 kB
Buffers:             520 kB
Cached:            60028 kB
SwapCached:            0 kB
Active:           339896 kB
Inactive:          32888 kB
Active(anon):     313628 kB
Inactive(anon):     3328 kB
Active(file):      26268 kB
Inactive(file):    29560 kB
Unevictable:        2024 kB
Mlocked:            6172 kB
HighTotal:             0 kB
HighFree:              0 kB
LowTotal:         482068 kB
LowFree:            4552 kB
SwapTotal:             0 kB
SwapFree:              0 kB
Dirty:                 0 kB
Writeback:             0 kB
AnonPages:        314220 kB
Mapped:            67884 kB
Shmem:              3464 kB
Slab:              22504 kB
SReclaimable:       5048 kB
SUnreclaim:        17456 kB
KernelStack:        5960 kB
PageTables:         7704 kB
NFS_Unstable:          0 kB
Bounce:                0 kB
WritebackTmp:          0 kB
CommitLimit:      241032 kB
Committed_AS:    4170800 kB
VmallocTotal:     507904 kB
VmallocUsed:      132596 kB
VmallocChunk:     112576 kB
1557586149.000000
MemTotal:         482068 kB
MemFree:            4568 kB
Buffers:             520 kB
Cached:            60028 kB
SwapCached:            0 kB
Active:           339564 kB
Inactive:          32888 kB
Active(anon):     313296 kB
Inactive(anon):     3328 kB
Active(file):      26268 kB
Inactive(file):    29560 kB
Unevictable:        2024 kB
Mlocked:            6172 kB
HighTotal:             0 kB
HighFree:              0 kB
LowTotal:         482068 kB
LowFree:            4568 kB
SwapTotal:             0 kB
SwapFree:              0 kB
Dirty:                 0 kB
Writeback:             0 kB
AnonPages:        313900 kB
Mapped:            67920 kB
Shmem:              3464 kB
Slab:              22492 kB
SReclaimable:       5048 kB
SUnreclaim:        17444 kB
KernelStack:        5960 kB
PageTables:         7696 kB
NFS_Unstable:          0 kB
Bounce:                0 kB
WritebackTmp:          0 kB
CommitLimit:      241032 kB
Committed_AS:    4170712 kB
VmallocTotal:     507904 kB
VmallocUsed:      132596 kB
VmallocChunk:     112576 kB
1557586150.000000
MemTotal:         482068 kB
MemFree:            4808 kB
Buffers:             520 kB
Cached:            60104 kB
SwapCached:            0 kB
Active:           339148 kB
Inactive:          32992 kB
Active(anon):     312880 kB
Inactive(anon):     3328 kB
Active(file):      26268 kB
Inactive(file):    29664 kB
Unevictable:        2024 kB
Mlocked:            6172 kB
HighTotal:             0 kB
HighFree:              0 kB
LowTotal:         482068 kB
LowFree:            4808 kB
SwapTotal:             0 kB
SwapFree:              0 kB
Dirty:                 0 kB
Writeback:             0 kB
AnonPages:        313596 kB
Mapped:            67920 kB
Shmem:              3464 kB
Slab:              22492 kB
SReclaimable:       5048 kB
SUnreclaim:        17444 kB
KernelStack:        5960 kB
PageTables:         7696 kB
NFS_Unstable:          0 kB
Bounce:                0 kB
WritebackTmp:          0 kB
CommitLimit:      241032 kB
Committed_AS:    4170816 kB
VmallocTotal:     507904 kB
VmallocUsed:      132596 kB
VmallocChunk:     112576 kB
1557586151.000000
MemTotal:         482068 kB
MemFree:            8520 kB
Buffers:             520 kB
Cached:            60376 kB
SwapCached:            0 kB
Active:           335260 kB
Inactive:          33236 kB
Active(anon):     308992 kB
Inactive(anon):     3328 kB
Active(file):      26268 kB
Inactive(file):    29908 kB
Unevictable:        2024 kB
Mlocked:            6172 kB
HighTotal:             0 kB
HighFree:              0 kB
LowTotal:         482068 kB
LowFree:            8520 kB
SwapTotal:             0 kB
SwapFree:              0 kB
Dirty:                 0 kB
Writeback:             0 kB
AnonPages:        309668 kB
Mapped:            67916 kB
Shmem:              3464 kB
Slab:              22516 kB
SReclaimable:       5048 kB
SUnreclaim:        17468 kB
KernelStack:        5960 kB
PageTables:         7708 kB
NFS_Unstable:          0 kB
Bounce:                0 kB
WritebackTmp:          0 kB
CommitLimit:      241032 kB
Committed_AS:    4171892 kB
VmallocTotal:     507904 kB
VmallocUsed:      132596 kB
VmallocChunk:     112576 kB
1557586152.000000
MemTotal:         482068 kB
MemFree:            9528 kB
Buffers:             520 kB
Cached:            60528 kB
SwapCached:            0 kB
Active:           333960 kB
Inactive:          33444 kB
Active(anon):     307692 kB
Inactive(anon):     3328 kB
Active(file):      26268 kB
Inactive(file):    30116 kB
Unevictable:        2024 kB
Mlocked:            6172 kB
HighTotal:             0 kB
HighFree:              0 kB
LowTotal:         482068 kB
LowFree:            9528 kB
SwapTotal:             0 kB
SwapFree:              0 kB
Dirty:                 0 kB
Writeback:             0 kB
AnonPages:        308376 kB
Mapped:            67916 kB
Shmem:              3464 kB
Slab:              22516 kB
SReclaimable:       5048 kB
SUnreclaim:        17468 kB
KernelStack:        5960 kB
PageTables:         7708 kB
NFS_Unstable:          0 kB
Bounce:                0 kB
WritebackTmp:          0 kB
CommitLimit:      241032 kB
Committed_AS:    4169424 kB
VmallocTotal:     507904 kB
VmallocUsed:      132596 kB
VmallocChunk:     112576 kB
1557586153.000000
MemTotal:         482068 kB
MemFree:            9372 kB
Buffers:             520 kB
Cached:            60596 kB
SwapCached:            0 kB
Active:           334068 kB
Inactive:          33456 kB
Active(anon):     307800 kB
Inactive(anon):     3328 kB
Active(file):      26268 kB
Inactive(file):    30128 kB
Unevictable:        2024 kB
Mlocked:            6172 kB
HighTotal:             0 kB
HighFree:              0 kB
LowTotal:         482068 kB
LowFree:            9372 kB
SwapTotal:             0 kB
SwapFree:              0 kB
Dirty:                 0 kB
Writeback:             0 kB
AnonPages:        308428 kB
Mapped:            67956 kB
Shmem:              3464 kB
Slab:              22488 kB
SReclaimable:       5048 kB
SUnreclaim:        17440 kB
KernelStack:        5960 kB
PageTables:         7696 kB
NFS_Unstable:          0 kB
Bounce:                0 kB
WritebackTmp:          0 kB
CommitLimit:      241032 kB
Committed_AS:    4169552 kB
VmallocTotal:     507904 kB
VmallocUsed:      132596 kB
VmallocChunk:     112576 kB
1557586154.000000
MemTotal:         482068 kB
MemFree:            9472 kB
Buffers:             520 kB
Cached:            60596 kB
SwapCached:            0 kB
Active:           334192 kB
Inactive:          33456 kB
Active(anon):     307924 kB
Inactive(anon):     3328 kB
Active(file):      26268 kB
Inactive(file):    30128 kB
Unevictable:        2024 kB
Mlocked:            6172 kB
HighTotal:             0 kB
HighFree:              0 kB
LowTotal:         482068 kB
LowFree:            9472 kB
SwapTotal:             0 kB
SwapFree:              0 kB
Dirty:                 0 kB
Writeback:             0 kB
AnonPages:        308560 kB
Mapped:            67896 kB
Shmem:              3464 kB
Slab:              22512 kB
SReclaimable:       5048 kB
SUnreclaim:        17464 kB
KernelStack:        5968 kB
PageTables:         7716 kB
NFS_Unstable:          0 kB
Bounce:                0 kB
WritebackTmp:          0 kB
CommitLimit:      241032 kB
Committed_AS:    4169456 kB
VmallocTotal:     507904 kB
VmallocUsed:      132596 kB
VmallocChunk:     112576 kB
1557586155.000000
MemTotal:         482068 kB
MemFree:            9124 kB
Buffers:             520 kB
Cached:            60596 kB
SwapCached:            0 kB
Active:           334756 kB
Inactive:          33456 kB
Active(anon):     308488 kB
Inactive(anon):     3328 kB
Active(file):      26268 kB
Inactive(file):    30128 kB
Unevictable:        2024 kB
Mlocked:            6172 kB
HighTotal:             0 kB
HighFree:              0 kB
LowTotal:         482068 kB
LowFree:            9124 kB
SwapTotal:             0 kB
SwapFree:              0 kB
Dirty:                 0 kB
Writeback:             0 kB
AnonPages:        309096 kB
Mapped:            67932 kB
Shmem:              3464 kB
Slab:              22516 kB
SReclaimable:       5048 kB
SUnreclaim:        17468 kB
KernelStack:        5960 kB
PageTables:         7712 kB
NFS_Unstable:          0 kB
Bounce:                0 kB
WritebackTmp:          0 kB
CommitLimit:      241032 kB
Committed_AS:    4169620 kB
VmallocTotal:     507904 kB
VmallocUsed:      132596 kB
VmallocChunk:     112576 kB
1557586156.000000
MemTotal:         482068 kB
MemFree:            9032 kB
Buffers:             520 kB
Cached:            60596 kB
SwapCached:            0 kB
Active:           334800 kB
Inactive:          33456 kB
Active(anon):     308532 kB
Inactive(anon):     3328 kB
Active(file):      26268 kB
Inactive(file):    30128 kB
Unevictable:        2024 kB
Mlocked:            6172 kB
HighTotal:             0 kB
HighFree:              0 kB
LowTotal:         482068 kB
LowFree:            9032 kB
SwapTotal:             0 kB
SwapFree:              0 kB
Dirty:                 0 kB
Writeback:             0 kB
