MemTotal:         482068 kB
MemFree:            3668 kB
Buffers:             760 kB
Cached:            98200 kB
SwapCached:            0 kB
Active:           348748 kB
Inactive:          57792 kB
Active(anon):     308376 kB
Inactive(anon):      876 kB
Active(file):      40372 kB
Inactive(file):    56916 kB
Unevictable:        1256 kB
Mlocked:               0 kB
HighTotal:             0 kB
HighFree:              0 kB
LowTotal:         482068 kB
LowFree:            3668 kB
SwapTotal:             0 kB
SwapFree:              0 kB
Dirty:                 0 kB
Writeback:             0 kB
AnonPages:        308872 kB
Mapped:            60944 kB
Shmem:               344 kB
Slab:              18052 kB
SReclaimable:       4692 kB
SUnreclaim:        13360 kB
KernelStack:        4888 kB
PageTables:         6624 kB
NFS_Unstable:          0 kB
Bounce:                0 kB
WritebackTmp:          0 kB
CommitLimit:      241032 kB
Committed_AS:    3833936 kB
VmallocTotal:     507904 kB
VmallocUsed:      112428 kB
VmallocChunk:     112576 kB
1557576431.000000
MemTotal:         482068 kB
MemFree:            4008 kB
Buffers:             640 kB
Cached:            97092 kB
SwapCached:            0 kB
Active:           358436 kB
Inactive:          51920 kB
Active(anon):     313408 kB
Inactive(anon):      876 kB
Active(file):      45028 kB
Inactive(file):    51044 kB
Unevictable:        1256 kB
Mlocked:               0 kB
HighTotal:             0 kB
HighFree:              0 kB
LowTotal:         482068 kB
LowFree:            4008 kB
SwapTotal:             0 kB
SwapFree:              0 kB
Dirty:                 0 kB
Writeback:             0 kB
AnonPages:        314000 kB
Mapped:            64004 kB
Shmem:               344 kB
Slab:              18064 kB
SReclaimable:       4692 kB
SUnreclaim:        13372 kB
KernelStack:        4984 kB
PageTables:         6708 kB
NFS_Unstable:          0 kB
Bounce:                0 kB
WritebackTmp:          0 kB
CommitLimit:      241032 kB
Committed_AS:    3840400 kB
VmallocTotal:     507904 kB
VmallocUsed:      107596 kB
VmallocChunk:     112576 kB
1557576431.000000
MemTotal:         482068 kB
MemFree:            4004 kB
Buffers:             560 kB
Cached:            88680 kB
SwapCached:            0 kB
Active:           363756 kB
Inactive:          44676 kB
Active(anon):     320100 kB
Inactive(anon):      876 kB
Active(file):      43656 kB
Inactive(file):    43800 kB
Unevictable:        1256 kB
Mlocked:               0 kB
HighTotal:             0 kB
HighFree:              0 kB
LowTotal:         482068 kB
LowFree:            4004 kB
SwapTotal:             0 kB
SwapFree:              0 kB
Dirty:                84 kB
Writeback:             0 kB
AnonPages:        320680 kB
Mapped:            67880 kB
Shmem:               344 kB
Slab:              18068 kB
SReclaimable:       4692 kB
SUnreclaim:        13376 kB
KernelStack:        5112 kB
PageTables:         6816 kB
NFS_Unstable:          0 kB
Bounce:                0 kB
WritebackTmp:          0 kB
CommitLimit:      241032 kB
Committed_AS:    3848020 kB
VmallocTotal:     507904 kB
VmallocUsed:      109400 kB
VmallocChunk:     112576 kB
1557576432.000000
MemTotal:         482068 kB
MemFree:            4272 kB
Buffers:             376 kB
Cached:            73620 kB
SwapCached:            0 kB
Active:           365884 kB
Inactive:          37088 kB
Active(anon):     329808 kB
Inactive(anon):      876 kB
Active(file):      36076 kB
Inactive(file):    36212 kB
Unevictable:        1256 kB
Mlocked:               0 kB
HighTotal:             0 kB
HighFree:              0 kB
LowTotal:         482068 kB
LowFree:            4272 kB
SwapTotal:             0 kB
SwapFree:              0 kB
Dirty:                 0 kB
Writeback:             0 kB
AnonPages:        330428 kB
Mapped:            72212 kB
Shmem:               344 kB
Slab:              18148 kB
SReclaimable:       4692 kB
SUnreclaim:        13456 kB
KernelStack:        5176 kB
PageTables:         6860 kB
NFS_Unstable:          0 kB
Bounce:                0 kB
WritebackTmp:          0 kB
CommitLimit:      241032 kB
Committed_AS:    3858936 kB
VmallocTotal:     507904 kB
VmallocUsed:      109424 kB
VmallocChunk:     112576 kB
1557576434.000000
MemTotal:         482068 kB
MemFree:            4064 kB
Buffers:             244 kB
Cached:            73412 kB
SwapCached:            0 kB
Active:           369128 kB
Inactive:          37036 kB
Active(anon):     333288 kB
Inactive(anon):      876 kB
Active(file):      35840 kB
Inactive(file):    36160 kB
Unevictable:        1256 kB
Mlocked:               0 kB
HighTotal:             0 kB
HighFree:              0 kB
LowTotal:         482068 kB
LowFree:            4064 kB
SwapTotal:             0 kB
SwapFree:              0 kB
Dirty:                28 kB
Writeback:             0 kB
AnonPages:        333812 kB
Mapped:            71508 kB
Shmem:               344 kB
Slab:              18148 kB
SReclaimable:       4692 kB
SUnreclaim:        13456 kB
KernelStack:        5168 kB
PageTables:         6856 kB
NFS_Unstable:          0 kB
Bounce:                0 kB
WritebackTmp:          0 kB
CommitLimit:      241032 kB
Committed_AS:    3862716 kB
VmallocTotal:     507904 kB
VmallocUsed:      109416 kB
VmallocChunk:     112576 kB
1557576434.000000
MemTotal:         482068 kB
MemFree:            4172 kB
Buffers:             176 kB
Cached:            72628 kB
SwapCached:            0 kB
Active:           371332 kB
Inactive:          36460 kB
Active(anon):     335756 kB
Inactive(anon):      876 kB
Active(file):      35576 kB
Inactive(file):    35584 kB
Unevictable:        1256 kB
Mlocked:               0 kB
HighTotal:             0 kB
HighFree:              0 kB
LowTotal:         482068 kB
LowFree:            4172 kB
SwapTotal:             0 kB
SwapFree:              0 kB
Dirty:                52 kB
Writeback:             0 kB
AnonPages:        336288 kB
Mapped:            65492 kB
Shmem:               344 kB
Slab:              18128 kB
SReclaimable:       4692 kB
SUnreclaim:        13436 kB
KernelStack:        5200 kB
PageTables:         6872 kB
NFS_Unstable:          0 kB
Bounce:                0 kB
WritebackTmp:          0 kB
CommitLimit:      241032 kB
Committed_AS:    3866620 kB
VmallocTotal:     507904 kB
VmallocUsed:      109416 kB
VmallocChunk:     112576 kB
1557576435.000000
MemTotal:         482068 kB
MemFree:            3860 kB
Buffers:             180 kB
Cached:            69024 kB
SwapCached:            0 kB
Active:           373572 kB
Inactive:          34688 kB
Active(anon):     339908 kB
Inactive(anon):      876 kB
Active(file):      33664 kB
Inactive(file):    33812 kB
Unevictable:        1256 kB
Mlocked:               0 kB
HighTotal:             0 kB
HighFree:              0 kB
LowTotal:         482068 kB
LowFree:            3860 kB
SwapTotal:             0 kB
SwapFree:              0 kB
Dirty:                 0 kB
Writeback:             0 kB
AnonPages:        340532 kB
Mapped:            62352 kB
Shmem:               344 kB
Slab:              18156 kB
SReclaimable:       4692 kB
SUnreclaim:        13464 kB
KernelStack:        5272 kB
PageTables:         6900 kB
NFS_Unstable:          0 kB
Bounce:                0 kB
WritebackTmp:          0 kB
CommitLimit:      241032 kB
Committed_AS:    3870092 kB
VmallocTotal:     507904 kB
VmallocUsed:      110168 kB
VmallocChunk:     112576 kB
1557576436.000000
MemTotal:         482068 kB
MemFree:            3804 kB
Buffers:             552 kB
Cached:            61736 kB
SwapCached:            0 kB
Active:           374648 kB
Inactive:          31336 kB
Active(anon):     344484 kB
Inactive(anon):      876 kB
Active(file):      30164 kB
Inactive(file):    30460 kB
Unevictable:        1256 kB
Mlocked:               0 kB
HighTotal:             0 kB
HighFree:              0 kB
LowTotal:         482068 kB
LowFree:            3804 kB
SwapTotal:             0 kB
SwapFree:              0 kB
Dirty:                52 kB
Writeback:             0 kB
AnonPages:        345016 kB
Mapped:            60756 kB
Shmem:               344 kB
Slab:              18364 kB
SReclaimable:       4848 kB
SUnreclaim:        13516 kB
KernelStack:        5272 kB
PageTables:         6976 kB
NFS_Unstable:          0 kB
Bounce:                0 kB
WritebackTmp:          0 kB
CommitLimit:      241032 kB
Committed_AS:    3874940 kB
VmallocTotal:     507904 kB
VmallocUsed:      111792 kB
VmallocChunk:     112576 kB
1557576437.000000
MemTotal:         482068 kB
MemFree:            4224 kB
Buffers:             608 kB
Cached:            56576 kB
SwapCached:            0 kB
Active:           377252 kB
Inactive:          28764 kB
Active(anon):     349656 kB
Inactive(anon):      884 kB
Active(file):      27596 kB
Inactive(file):    27880 kB
Unevictable:        1256 kB
Mlocked:               0 kB
HighTotal:             0 kB
HighFree:              0 kB
LowTotal:         482068 kB
LowFree:            4224 kB
SwapTotal:             0 kB
SwapFree:              0 kB
Dirty:               108 kB
Writeback:             0 kB
AnonPages:        350280 kB
Mapped:            57056 kB
Shmem:               352 kB
Slab:              18304 kB
SReclaimable:       4796 kB
SUnreclaim:        13508 kB
KernelStack:        5320 kB
PageTables:         6992 kB
NFS_Unstable:          0 kB
Bounce:                0 kB
WritebackTmp:          0 kB
CommitLimit:      241032 kB
Committed_AS:    3883192 kB
VmallocTotal:     507904 kB
VmallocUsed:      111792 kB
VmallocChunk:     112576 kB
1557576438.000000
MemTotal:         482068 kB
MemFree:            4332 kB
Buffers:             192 kB
Cached:            44528 kB
SwapCached:            0 kB
Active:           380492 kB
Inactive:          21936 kB
Active(anon):     358508 kB
Inactive(anon):      884 kB
Active(file):      21984 kB
Inactive(file):    21052 kB
Unevictable:        1256 kB
Mlocked:               0 kB
HighTotal:             0 kB
HighFree:              0 kB
LowTotal:         482068 kB
LowFree:            4332 kB
SwapTotal:             0 kB
SwapFree:              0 kB
Dirty:                52 kB
Writeback:             0 kB
AnonPages:        359072 kB
Mapped:            50588 kB
Shmem:               352 kB
Slab:              18260 kB
SReclaimable:       4748 kB
SUnreclaim:        13512 kB
KernelStack:        5360 kB
PageTables:         7012 kB
NFS_Unstable:          0 kB
Bounce:                0 kB
WritebackTmp:          0 kB
CommitLimit:      241032 kB
Committed_AS:    3892588 kB
VmallocTotal:     507904 kB
VmallocUsed:      113296 kB
VmallocChunk:     112576 kB
1557576439.000000
MemTotal:         482068 kB
MemFree:            8296 kB
Buffers:             192 kB
Cached:            47352 kB
SwapCached:            0 kB
Active:           374800 kB
Inactive:          24740 kB
Active(anon):     352744 kB
Inactive(anon):      892 kB
Active(file):      22056 kB
Inactive(file):    23848 kB
Unevictable:        1256 kB
Mlocked:               0 kB
HighTotal:             0 kB
HighFree:              0 kB
LowTotal:         482068 kB
LowFree:            8296 kB
SwapTotal:             0 kB
SwapFree:              0 kB
Dirty:                64 kB
Writeback:             0 kB
AnonPages:        353312 kB
Mapped:            50792 kB
Shmem:               360 kB
Slab:              18268 kB
SReclaimable:       4744 kB
SUnreclaim:        13524 kB
KernelStack:        5248 kB
PageTables:         6584 kB
NFS_Unstable:          0 kB
Bounce:                0 kB
WritebackTmp:          0 kB
CommitLimit:      241032 kB
Committed_AS:    3774672 kB
VmallocTotal:     507904 kB
VmallocUsed:      111252 kB
VmallocChunk:     112576 kB
1557576440.000000
MemTotal:         482068 kB
MemFree:            3528 kB
Buffers:             188 kB
Cached:            50104 kB
SwapCached:            0 kB
Active:           377736 kB
Inactive:          26424 kB
Active(anon):     354668 kB
Inactive(anon):      892 kB
Active(file):      23068 kB
Inactive(file):    25532 kB
Unevictable:        1256 kB
Mlocked:               0 kB
HighTotal:             0 kB
HighFree:              0 kB
LowTotal:         482068 kB
LowFree:            3528 kB
SwapTotal:             0 kB
SwapFree:              0 kB
Dirty:                36 kB
Writeback:             0 kB
AnonPages:        355156 kB
Mapped:            51248 kB
Shmem:               360 kB
Slab:              18260 kB
SReclaimable:       4740 kB
SUnreclaim:        13520 kB
KernelStack:        5280 kB
PageTables:         6672 kB
NFS_Unstable:          0 kB
Bounce:                0 kB
WritebackTmp:          0 kB
CommitLimit:      241032 kB
Committed_AS:    3776536 kB
VmallocTotal:     507904 kB
VmallocUsed:      111252 kB
VmallocChunk:     112576 kB
1557576441.000000
MemTotal:         482068 kB
MemFree:            3536 kB
Buffers:             172 kB
Cached:            48068 kB
SwapCached:            0 kB
Active:           380536 kB
Inactive:          23804 kB
Active(anon):     356756 kB
Inactive(anon):      892 kB
Active(file):      23780 kB
Inactive(file):    22912 kB
Unevictable:        1256 kB
Mlocked:               0 kB
HighTotal:             0 kB
HighFree:              0 kB
LowTotal:         482068 kB
LowFree:            3536 kB
SwapTotal:             0 kB
SwapFree:              0 kB
Dirty:                28 kB
Writeback:             0 kB
AnonPages:        357348 kB
Mapped:            51588 kB
Shmem:               360 kB
Slab:              18272 kB
SReclaimable:       4740 kB
SUnreclaim:        13532 kB
KernelStack:        5304 kB
PageTables:         6616 kB
NFS_Unstable:          0 kB
Bounce:                0 kB
WritebackTmp:          0 kB
CommitLimit:      241032 kB
Committed_AS:    3777992 kB
VmallocTotal:     507904 kB
VmallocUsed:      111252 kB
VmallocChunk:     112576 kB
1557576442.000000
MemTotal:         482068 kB
MemFree:            3936 kB
Buffers:             304 kB
Cached:            40040 kB
SwapCached:            0 kB
Active:           382692 kB
Inactive:          20492 kB
Active(anon):     363576 kB
Inactive(anon):      892 kB
Active(file):      19116 kB
Inactive(file):    19600 kB
Unevictable:        1256 kB
Mlocked:               0 kB
HighTotal:             0 kB
HighFree:              0 kB
LowTotal:         482068 kB
LowFree:            3936 kB
SwapTotal:             0 kB
SwapFree:              0 kB
Dirty:               592 kB
Writeback:            28 kB
AnonPages:        364076 kB
Mapped:            40080 kB
Shmem:               360 kB
Slab:              18188 kB
SReclaimable:       4740 kB
SUnreclaim:        13448 kB
KernelStack:        5384 kB
PageTables:         6836 kB
NFS_Unstable:          0 kB
Bounce:                0 kB
WritebackTmp:          0 kB
CommitLimit:      241032 kB
Committed_AS:    3898352 kB
VmallocTotal:     507904 kB
VmallocUsed:      113296 kB
VmallocChunk:     112576 kB
1557576444.000000
MemTotal:         482068 kB
MemFree:            4256 kB
Buffers:             184 kB
Cached:            43460 kB
SwapCached:            0 kB
Active:           376456 kB
Inactive:          23856 kB
Active(anon):     357696 kB
Inactive(anon):     3616 kB
Active(file):      18760 kB
Inactive(file):    20240 kB
Unevictable:        1464 kB
Mlocked:            2932 kB
HighTotal:             0 kB
HighFree:              0 kB
LowTotal:         482068 kB
LowFree:            4256 kB
SwapTotal:             0 kB
SwapFree:              0 kB
Dirty:               580 kB
Writeback:             0 kB
AnonPages:        358240 kB
Mapped:            48072 kB
Shmem:              3292 kB
Slab:              18216 kB
SReclaimable:       4740 kB
SUnreclaim:        13476 kB
KernelStack:        5368 kB
PageTables:         6380 kB
NFS_Unstable:          0 kB
Bounce:                0 kB
WritebackTmp:          0 kB
CommitLimit:      241032 kB
Committed_AS:    3647924 kB
VmallocTotal:     507904 kB
VmallocUsed:      112160 kB
VmallocChunk:     112576 kB
1557576445.000000
MemTotal:         482068 kB
MemFree:            5868 kB
Buffers:             184 kB
Cached:            42596 kB
SwapCached:            0 kB
Active:           374772 kB
Inactive:          22188 kB
Active(anon):     355712 kB
Inactive(anon):     3148 kB
Active(file):      19060 kB
Inactive(file):    19040 kB
Unevictable:        1968 kB
Mlocked:            3816 kB
HighTotal:             0 kB
HighFree:              0 kB
LowTotal:         482068 kB
LowFree:            5868 kB
SwapTotal:             0 kB
SwapFree:              0 kB
Dirty:               580 kB
Writeback:             0 kB
AnonPages:        356288 kB
Mapped:            49720 kB
Shmem:              3300 kB
Slab:              18208 kB
SReclaimable:       4740 kB
SUnreclaim:        13468 kB
KernelStack:        5368 kB
PageTables:         6492 kB
NFS_Unstable:          0 kB
Bounce:                0 kB
WritebackTmp:          0 kB
CommitLimit:      241032 kB
Committed_AS:    3650052 kB
VmallocTotal:     507904 kB
VmallocUsed:      112660 kB
VmallocChunk:     112576 kB
1557576445.000000
MemTotal:         482068 kB
MemFree:            3472 kB
Buffers:             184 kB
Cached:            42720 kB
SwapCached:            0 kB
Active:           376940 kB
Inactive:          22216 kB
Active(anon):     357776 kB
Inactive(anon):     3148 kB
Active(file):      19164 kB
Inactive(file):    19068 kB
Unevictable:        1968 kB
Mlocked:            3816 kB
HighTotal:             0 kB
HighFree:              0 kB
LowTotal:         482068 kB
LowFree:            3472 kB
SwapTotal:             0 kB
SwapFree:              0 kB
Dirty:               580 kB
Writeback:             0 kB
AnonPages:        358360 kB
Mapped:            49984 kB
Shmem:              3300 kB
Slab:              18192 kB
SReclaimable:       4740 kB
SUnreclaim:        13452 kB
KernelStack:        5352 kB
PageTables:         6500 kB
NFS_Unstable:          0 kB
Bounce:                0 kB
WritebackTmp:          0 kB
CommitLimit:      241032 kB
Committed_AS:    3650336 kB
VmallocTotal:     507904 kB
VmallocUsed:      112652 kB
VmallocChunk:     112576 kB
1557576446.000000
MemTotal:         482068 kB
MemFree:            4328 kB
Buffers:             344 kB
Cached:            41532 kB
SwapCached:            0 kB
Active:           376540 kB
Inactive:          21860 kB
Active(anon):     357964 kB
Inactive(anon):     3156 kB
Active(file):      18576 kB
Inactive(file):    18704 kB
Unevictable:        1968 kB
Mlocked:            3816 kB
HighTotal:             0 kB
HighFree:              0 kB
LowTotal:         482068 kB
LowFree:            4328 kB
SwapTotal:             0 kB
SwapFree:              0 kB
Dirty:                80 kB
Writeback:             0 kB
AnonPages:        358528 kB
Mapped:            49576 kB
Shmem:              3308 kB
Slab:              18268 kB
SReclaimable:       4744 kB
SUnreclaim:        13524 kB
KernelStack:        5296 kB
PageTables:         6228 kB
NFS_Unstable:          0 kB
Bounce:                0 kB
WritebackTmp:          0 kB
CommitLimit:      241032 kB
Committed_AS:    3537952 kB
VmallocTotal:     507904 kB
VmallocUsed:      110608 kB
VmallocChunk:     112576 kB
1557576448.000000
MemTotal:         482068 kB
MemFree:            4624 kB
Buffers:             352 kB
Cached:            43452 kB
SwapCached:            0 kB
Active:           375040 kB
Inactive:          23720 kB
Active(anon):     356452 kB
Inactive(anon):     3152 kB
Active(file):      18588 kB
Inactive(file):    20568 kB
Unevictable:        1968 kB
Mlocked:            3816 kB
HighTotal:             0 kB
HighFree:              0 kB
LowTotal:         482068 kB
LowFree:            4624 kB
SwapTotal:             0 kB
SwapFree:              0 kB
Dirty:               104 kB
Writeback:             0 kB
AnonPages:        357100 kB
Mapped:            49820 kB
Shmem:              3308 kB
Slab:              18236 kB
SReclaimable:       4744 kB
SUnreclaim:        13492 kB
KernelStack:        5288 kB
PageTables:         6232 kB
NFS_Unstable:          0 kB
Bounce:                0 kB
WritebackTmp:          0 kB
CommitLimit:      241032 kB
Committed_AS:    3538100 kB
VmallocTotal:     507904 kB
VmallocUsed:      110608 kB
VmallocChunk:     112576 kB
1557576449.000000
MemTotal:         482068 kB
MemFree:            3592 kB
Buffers:             752 kB
Cached:            54116 kB
SwapCached:            0 kB
Active:           364436 kB
Inactive:          34828 kB
Active(anon):     345892 kB
Inactive(anon):     3152 kB
Active(file):      18544 kB
Inactive(file):    31676 kB
Unevictable:        1968 kB
Mlocked:            3816 kB
HighTotal:             0 kB
HighFree:              0 kB
LowTotal:         482068 kB
LowFree:            3592 kB
SwapTotal:             0 kB
SwapFree:              0 kB
Dirty:               104 kB
Writeback:             0 kB
AnonPages:        346456 kB
Mapped:            52396 kB
Shmem:              3312 kB
Slab:              18252 kB
SReclaimable:       4744 kB
SUnreclaim:        13508 kB
KernelStack:        5256 kB
PageTables:         6184 kB
NFS_Unstable:          0 kB
Bounce:                0 kB
WritebackTmp:          0 kB
CommitLimit:      241032 kB
Committed_AS:    3534624 kB
VmallocTotal:     507904 kB
VmallocUsed:      110608 kB
VmallocChunk:     112576 kB
1557576450.000000
MemTotal:         482068 kB
MemFree:            4220 kB
Buffers:             512 kB
Cached:            50904 kB
SwapCached:            0 kB
Active:           370676 kB
Inactive:          27912 kB
Active(anon):     348588 kB
Inactive(anon):     3152 kB
Active(file):      22088 kB
Inactive(file):    24760 kB
Unevictable:        1968 kB
Mlocked:            3816 kB
HighTotal:             0 kB
HighFree:              0 kB
LowTotal:         482068 kB
LowFree:            4220 kB
SwapTotal:             0 kB
SwapFree:              0 kB
Dirty:                 0 kB
Writeback:             0 kB
AnonPages:        349152 kB
Mapped:            53884 kB
Shmem:              3312 kB
Slab:              18228 kB
SReclaimable:       4744 kB
SUnreclaim:        13484 kB
KernelStack:        5256 kB
PageTables:         6232 kB
NFS_Unstable:          0 kB
Bounce:                0 kB
WritebackTmp:          0 kB
CommitLimit:      241032 kB
Committed_AS:    3562876 kB
VmallocTotal:     507904 kB
VmallocUsed:      110608 kB
VmallocChunk:     112576 kB
1557576451.000000
MemTotal:         482068 kB
MemFree:            4096 kB
Buffers:             512 kB
Cached:            50980 kB
SwapCached:            0 kB
Active:           371092 kB
Inactive:          28016 kB
Active(anon):     349004 kB
Inactive(anon):     3152 kB
Active(file):      22088 kB
Inactive(file):    24864 kB
Unevictable:        1968 kB
Mlocked:            3816 kB
HighTotal:             0 kB
HighFree:              0 kB
LowTotal:         482068 kB
LowFree:            4096 kB
SwapTotal:             0 kB
SwapFree:              0 kB
Dirty:                 0 kB
Writeback:             0 kB
AnonPages:        349608 kB
Mapped:            53884 kB
Shmem:              3312 kB
Slab:              18228 kB
SReclaimable:       4744 kB
SUnreclaim:        13484 kB
KernelStack:        5256 kB
PageTables:         6232 kB
NFS_Unstable:          0 kB
Bounce:                0 kB
WritebackTmp:          0 kB
CommitLimit:      241032 kB
Committed_AS:    3563288 kB
VmallocTotal:     507904 kB
VmallocUsed:      110608 kB
VmallocChunk:     112576 kB
1557576452.000000
MemTotal:         482068 kB
MemFree:            3716 kB
Buffers:             512 kB
Cached:            51408 kB
SwapCached:            0 kB
Active:           371416 kB
Inactive:          28368 kB
Active(anon):     349268 kB
Inactive(anon):     3152 kB
Active(file):      22148 kB
Inactive(file):    25216 kB
Unevictable:        1968 kB
Mlocked:            3816 kB
HighTotal:             0 kB
HighFree:              0 kB
LowTotal:         482068 kB
LowFree:            3716 kB
SwapTotal:             0 kB
SwapFree:              0 kB
Dirty:                 0 kB
Writeback:             0 kB
AnonPages:        349840 kB
Mapped:            54172 kB
Shmem:              3312 kB
Slab:              18216 kB
SReclaimable:       4744 kB
SUnreclaim:        13472 kB
KernelStack:        5248 kB
PageTables:         6224 kB
NFS_Unstable:          0 kB
Bounce:                0 kB
WritebackTmp:          0 kB
CommitLimit:      241032 kB
Committed_AS:    3563288 kB
VmallocTotal:     507904 kB
VmallocUsed:      110608 kB
VmallocChunk:     112576 kB
1557576453.000000
MemTotal:         482068 kB
MemFree:            4236 kB
Buffers:             300 kB
Cached:            50760 kB
SwapCached:            0 kB
Active:           371616 kB
Inactive:          27320 kB
Active(anon):     349288 kB
Inactive(anon):     3152 kB
Active(file):      22328 kB
Inactive(file):    24168 kB
Unevictable:        1968 kB
Mlocked:            3816 kB
HighTotal:             0 kB
HighFree:              0 kB
LowTotal:         482068 kB
LowFree:            4236 kB
SwapTotal:             0 kB
SwapFree:              0 kB
Dirty:                76 kB
Writeback:             0 kB
AnonPages:        349840 kB
Mapped:            54304 kB
Shmem:              3312 kB
Slab:              18220 kB
SReclaimable:       4744 kB
SUnreclaim:        13476 kB
KernelStack:        5256 kB
PageTables:         6224 kB
NFS_Unstable:          0 kB
Bounce:                0 kB
WritebackTmp:          0 kB
CommitLimit:      241032 kB
Committed_AS:    3563540 kB
VmallocTotal:     507904 kB
VmallocUsed:      110608 kB
VmallocChunk:     112576 kB
1557576454.000000
MemTotal:         482068 kB
MemFree:            3980 kB
Buffers:             300 kB
Cached:            50972 kB
SwapCached:            0 kB
Active:           371752 kB
Inactive:          27484 kB
Active(anon):     349376 kB
Inactive(anon):     3152 kB
Active(file):      22376 kB
Inactive(file):    24332 kB
Unevictable:        1968 kB
Mlocked:            3816 kB
HighTotal:             0 kB
HighFree:              0 kB
LowTotal:         482068 kB
LowFree:            3980 kB
SwapTotal:             0 kB
SwapFree:              0 kB
Dirty:                60 kB
Writeback:             0 kB
AnonPages:        349984 kB
Mapped:            54280 kB
Shmem:              3312 kB
Slab:              18172 kB
SReclaimable:       4744 kB
SUnreclaim:        13428 kB
KernelStack:        5256 kB
PageTables:         6252 kB
NFS_Unstable:          0 kB
Bounce:                0 kB
WritebackTmp:          0 kB
CommitLimit:      241032 kB
Committed_AS:    3563492 kB
VmallocTotal:     507904 kB
VmallocUsed:      110608 kB
VmallocChunk:     112576 kB
1557576455.000000
MemTotal:         482068 kB
MemFree:            7824 kB
Buffers:             300 kB
Cached:            52260 kB
SwapCached:            0 kB
Active:           366476 kB
Inactive:          28764 kB
Active(anon):     344100 kB
Inactive(anon):     3152 kB
Active(file):      22376 kB
Inactive(file):    25612 kB
Unevictable:        1968 kB
Mlocked:            3816 kB
HighTotal:             0 kB
HighFree:              0 kB
LowTotal:         482068 kB
LowFree:            7824 kB
SwapTotal:             0 kB
SwapFree:              0 kB
Dirty:                60 kB
Writeback:             0 kB
AnonPages:        344680 kB
Mapped:            54436 kB
Shmem:              3312 kB
Slab:              18216 kB
SReclaimable:       4744 kB
SUnreclaim:        13472 kB
KernelStack:        5256 kB
PageTables:         6316 kB
NFS_Unstable:          0 kB
Bounce:                0 kB
WritebackTmp:          0 kB
CommitLimit:      241032 kB
Committed_AS:    3561892 kB
VmallocTotal:     507904 kB
VmallocUsed:      110608 kB
VmallocChunk:     112576 kB
1557576456.000000
MemTotal:         482068 kB
MemFree:            7404 kB
Buffers:             300 kB
Cached:            52852 kB
SwapCached:            0 kB
Active:           366332 kB
Inactive:          29336 kB
Active(anon):     343956 kB
Inactive(anon):     3152 kB
Active(file):      22376 kB
Inactive(file):    26184 kB
Unevictable:        1968 kB
Mlocked:            3816 kB
HighTotal:             0 kB
HighFree:              0 kB
LowTotal:         482068 kB
LowFree:            7404 kB
SwapTotal:             0 kB
SwapFree:              0 kB
Dirty:                 0 kB
Writeback:             0 kB
AnonPages:        344516 kB
Mapped:            54528 kB
Shmem:              3312 kB
Slab:              18220 kB
SReclaimable:       4744 kB
SUnreclaim:        13476 kB
KernelStack:        5264 kB
PageTables:         6236 kB
NFS_Unstable:          0 kB
Bounce:                0 kB
WritebackTmp:          0 kB
CommitLimit:      241032 kB
Committed_AS:    3561924 kB
VmallocTotal:     507904 kB
VmallocUsed:      110608 kB
VmallocChunk:     112576 kB
1557576457.000000
MemTotal:         482068 kB
MemFree:            6708 kB
Buffers:             300 kB
Cached:            52960 kB
SwapCached:            0 kB
Active:           367140 kB
Inactive:          29496 kB
Active(anon):     344764 kB
Inactive(anon):     3152 kB
Active(file):      22376 kB
Inactive(file):    26344 kB
Unevictable:        1968 kB
Mlocked:            3816 kB
HighTotal:             0 kB
HighFree:              0 kB
LowTotal:         482068 kB
LowFree:            6708 kB
SwapTotal:             0 kB
SwapFree:              0 kB
Dirty:                 0 kB
Writeback:             0 kB
AnonPages:        345380 kB
Mapped:            54624 kB
Shmem:              3312 kB
Slab:              18212 kB
SReclaimable:       4744 kB
SUnreclaim:        13468 kB
KernelStack:        5264 kB
PageTables:         6240 kB
NFS_Unstable:          0 kB
Bounce:                0 kB
WritebackTmp:          0 kB
CommitLimit:      241032 kB
Committed_AS:    3562112 kB
VmallocTotal:     507904 kB
VmallocUsed:      110608 kB
VmallocChunk:     112576 kB
1557576458.000000
MemTotal:         482068 kB
MemFree:            5600 kB
Buffers:             300 kB
Cached:            53256 kB
SwapCached:            0 kB
Active:           367800 kB
Inactive:          29768 kB
Active(anon):     345424 kB
Inactive(anon):     3152 kB
Active(file):      22376 kB
Inactive(file):    26616 kB
Unevictable:        1968 kB
Mlocked:            3816 kB
HighTotal:             0 kB
HighFree:              0 kB
LowTotal:         482068 kB
LowFree:            5600 kB
SwapTotal:             0 kB
SwapFree:              0 kB
Dirty:                 0 kB
Writeback:             0 kB
AnonPages:        345996 kB
Mapped:            54612 kB
Shmem:              3312 kB
Slab:              18224 kB
SReclaimable:       4744 kB
SUnreclaim:        13480 kB
KernelStack:        5264 kB
PageTables:         6224 kB
NFS_Unstable:          0 kB
Bounce:                0 kB
WritebackTmp:          0 kB
CommitLimit:      241032 kB
Committed_AS:    3562264 kB
VmallocTotal:     507904 kB
VmallocUsed:      110608 kB
VmallocChunk:     112576 kB
1557576458.000000
MemTotal:         482068 kB
MemFree:            4296 kB
Buffers:             432 kB
Cached:            52560 kB
SwapCached:            0 kB
Active:           370560 kB
Inactive:          27932 kB
Active(anon):     346988 kB
Inactive(anon):     3152 kB
Active(file):      23572 kB
Inactive(file):    24780 kB
Unevictable:        1968 kB
Mlocked:            3816 kB
HighTotal:             0 kB
HighFree:              0 kB
LowTotal:         482068 kB
LowFree:            4296 kB
SwapTotal:             0 kB
SwapFree:              0 kB
Dirty:                 0 kB
Writeback:             0 kB
AnonPages:        347560 kB
Mapped:            54644 kB
Shmem:              3312 kB
Slab:              18224 kB
SReclaimable:       4748 kB
SUnreclaim:        13476 kB
KernelStack:        5336 kB
PageTables:         6412 kB
NFS_Unstable:          0 kB
Bounce:                0 kB
WritebackTmp:          0 kB
CommitLimit:      241032 kB
Committed_AS:    3671516 kB
VmallocTotal:     507904 kB
VmallocUsed:      112652 kB
VmallocChunk:     112576 kB
1557576459.000000
MemTotal:         482068 kB
MemFree:            3784 kB
Buffers:             432 kB
Cached:            52744 kB
SwapCached:            0 kB
Active:           370668 kB
Inactive:          28160 kB
Active(anon):     347068 kB
Inactive(anon):     3152 kB
Active(file):      23600 kB
Inactive(file):    25008 kB
Unevictable:        1968 kB
Mlocked:            3816 kB
HighTotal:             0 kB
HighFree:              0 kB
LowTotal:         482068 kB
LowFree:            3784 kB
SwapTotal:             0 kB
SwapFree:              0 kB
Dirty:                 0 kB
Writeback:             0 kB
AnonPages:        347596 kB
Mapped:            54688 kB
Shmem:              3312 kB
Slab:              18232 kB
SReclaimable:       4748 kB
SUnreclaim:        13484 kB
KernelStack:        5336 kB
PageTables:         6432 kB
NFS_Unstable:          0 kB
Bounce:                0 kB
WritebackTmp:          0 kB
CommitLimit:      241032 kB
Committed_AS:    3671552 kB
VmallocTotal:     507904 kB
VmallocUsed:      112652 kB
VmallocChunk:     112576 kB
1557576460.000000
MemTotal:         482068 kB
MemFree:            4444 kB
Buffers:             404 kB
Cached:            51944 kB
SwapCached:            0 kB
Active:           370860 kB
Inactive:          27300 kB
Active(anon):     347228 kB
Inactive(anon):     3152 kB
Active(file):      23632 kB
Inactive(file):    24148 kB
Unevictable:        1968 kB
Mlocked:            3816 kB
HighTotal:             0 kB
HighFree:              0 kB
LowTotal:         482068 kB
LowFree:            4444 kB
SwapTotal:             0 kB
SwapFree:              0 kB
Dirty:                 0 kB
Writeback:             0 kB
AnonPages:        347752 kB
Mapped:            54336 kB
Shmem:              3312 kB
Slab:              18224 kB
SReclaimable:       4748 kB
SUnreclaim:        13476 kB
KernelStack:        5336 kB
PageTables:         6420 kB
NFS_Unstable:          0 kB
Bounce:                0 kB
WritebackTmp:          0 kB
CommitLimit:      241032 kB
Committed_AS:    3671588 kB
VmallocTotal:     507904 kB
VmallocUsed:      112660 kB
VmallocChunk:     112576 kB
1557576461.000000
MemTotal:         482068 kB
MemFree:            5544 kB
Buffers:             332 kB
Cached:            51712 kB
SwapCached:            0 kB
Active:           370184 kB
Inactive:          26976 kB
Active(anon):     346552 kB
Inactive(anon):     3152 kB
Active(file):      23632 kB
Inactive(file):    23824 kB
Unevictable:        1968 kB
Mlocked:            3816 kB
HighTotal:             0 kB
HighFree:              0 kB
LowTotal:         482068 kB
LowFree:            5544 kB
SwapTotal:             0 kB
SwapFree:              0 kB
Dirty:                 0 kB
Writeback:             0 kB
AnonPages:        347144 kB
Mapped:            54260 kB
Shmem:              3312 kB
Slab:              18224 kB
SReclaimable:       4748 kB
SUnreclaim:        13476 kB
KernelStack:        5336 kB
PageTables:         6420 kB
NFS_Unstable:          0 kB
Bounce:                0 kB
WritebackTmp:          0 kB
CommitLimit:      241032 kB
Committed_AS:    3671724 kB
VmallocTotal:     507904 kB
VmallocUsed:      112652 kB
VmallocChunk:     112576 kB
1557576462.000000
MemTotal:         482068 kB
MemFree:            4140 kB
Buffers:             336 kB
Cached:            54216 kB
SwapCached:            0 kB
Active:           369212 kB
Inactive:          29408 kB
Active(anon):     345544 kB
Inactive(anon):     3152 kB
Active(file):      23668 kB
Inactive(file):    26256 kB
Unevictable:        1968 kB
Mlocked:            3816 kB
HighTotal:             0 kB
HighFree:              0 kB
LowTotal:         482068 kB
LowFree:            4140 kB
SwapTotal:             0 kB
SwapFree:              0 kB
Dirty:                 0 kB
Writeback:             0 kB
AnonPages:        346052 kB
Mapped:            54800 kB
Shmem:              3312 kB
Slab:              18232 kB
SReclaimable:       4748 kB
SUnreclaim:        13484 kB
KernelStack:        5336 kB
PageTables:         6496 kB
NFS_Unstable:          0 kB
Bounce:                0 kB
WritebackTmp:          0 kB
CommitLimit:      241032 kB
Committed_AS:    3671752 kB
VmallocTotal:     507904 kB
VmallocUsed:      112652 kB
VmallocChunk:     112576 kB
1557576463.000000
MemTotal:         482068 kB
MemFree:            4032 kB
Buffers:             336 kB
Cached:            54544 kB
SwapCached:            0 kB
Active:           369404 kB
Inactive:          29692 kB
Active(anon):     345720 kB
Inactive(anon):     3152 kB
Active(file):      23684 kB
Inactive(file):    26540 kB
Unevictable:        1968 kB
Mlocked:            3816 kB
HighTotal:             0 kB
HighFree:              0 kB
LowTotal:         482068 kB
LowFree:            4032 kB
SwapTotal:             0 kB
SwapFree:              0 kB
Dirty:                 0 kB
Writeback:             0 kB
AnonPages:        346284 kB
Mapped:            54688 kB
Shmem:              3312 kB
Slab:              18236 kB
SReclaimable:       4748 kB
SUnreclaim:        13488 kB
KernelStack:        5328 kB
PageTables:         6424 kB
NFS_Unstable:          0 kB
Bounce:                0 kB
WritebackTmp:          0 kB
CommitLimit:      241032 kB
Committed_AS:    3671888 kB
VmallocTotal:     507904 kB
VmallocUsed:      112652 kB
VmallocChunk:     112576 kB
1557576464.000000
MemTotal:         482068 kB
MemFree:            4288 kB
Buffers:             468 kB
Cached:            53632 kB
SwapCached:            0 kB
Active:           369684 kB
Inactive:          28828 kB
Active(anon):     345888 kB
Inactive(anon):     3152 kB
Active(file):      23796 kB
Inactive(file):    25676 kB
Unevictable:        1968 kB
Mlocked:            3816 kB
HighTotal:             0 kB
HighFree:              0 kB
LowTotal:         482068 kB
LowFree:            4288 kB
SwapTotal:             0 kB
SwapFree:              0 kB
Dirty:                 0 kB
Writeback:             0 kB
AnonPages:        346420 kB
Mapped:            54612 kB
Shmem:              3312 kB
Slab:              18240 kB
SReclaimable:       4748 kB
SUnreclaim:        13492 kB
KernelStack:        5336 kB
PageTables:         6512 kB
NFS_Unstable:          0 kB
Bounce:                0 kB
WritebackTmp:          0 kB
CommitLimit:      241032 kB
Committed_AS:    3672060 kB
VmallocTotal:     507904 kB
VmallocUsed:      112652 kB
VmallocChunk:     112576 kB
1557576465.000000
MemTotal:         482068 kB
MemFree:            4320 kB
Buffers:             468 kB
Cached:            52416 kB
SwapCached:            0 kB
Active:           370996 kB
Inactive:          27552 kB
Active(anon):     347144 kB
Inactive(anon):     3152 kB
Active(file):      23852 kB
Inactive(file):    24400 kB
Unevictable:        1968 kB
Mlocked:            3816 kB
HighTotal:             0 kB
HighFree:              0 kB
LowTotal:         482068 kB
LowFree:            4320 kB
SwapTotal:             0 kB
SwapFree:              0 kB
Dirty:                28 kB
Writeback:             0 kB
AnonPages:        347700 kB
Mapped:            54352 kB
Shmem:              3312 kB
Slab:              18184 kB
SReclaimable:       4748 kB
SUnreclaim:        13436 kB
KernelStack:        5336 kB
PageTables:         6436 kB
NFS_Unstable:          0 kB
Bounce:                0 kB
WritebackTmp:          0 kB
CommitLimit:      241032 kB
Committed_AS:    3672352 kB
VmallocTotal:     507904 kB
VmallocUsed:      112652 kB
VmallocChunk:     112576 kB
1557576466.000000
MemTotal:         482068 kB
MemFree:            4628 kB
Buffers:             472 kB
Cached:            52216 kB
SwapCached:            0 kB
Active:           370688 kB
Inactive:          27304 kB
Active(anon):     346792 kB
Inactive(anon):     3152 kB
Active(file):      23896 kB
Inactive(file):    24152 kB
Unevictable:        1968 kB
Mlocked:            3816 kB
HighTotal:             0 kB
HighFree:              0 kB
LowTotal:         482068 kB
LowFree:            4628 kB
SwapTotal:             0 kB
SwapFree:              0 kB
Dirty:                28 kB
Writeback:             0 kB
AnonPages:        347356 kB
Mapped:            54116 kB
Shmem:              3312 kB
Slab:              18236 kB
SReclaimable:       4748 kB
SUnreclaim:        13488 kB
KernelStack:        5336 kB
PageTables:         6436 kB
NFS_Unstable:          0 kB
Bounce:                0 kB
WritebackTmp:          0 kB
CommitLimit:      241032 kB
Committed_AS:    3672304 kB
VmallocTotal:     507904 kB
VmallocUsed:      112652 kB
VmallocChunk:     112576 kB
1557576467.000000
MemTotal:         482068 kB
MemFree:            4536 kB
Buffers:             472 kB
Cached:            52236 kB
SwapCached:            0 kB
Active:           371092 kB
Inactive:          27360 kB
Active(anon):     347160 kB
Inactive(anon):     3152 kB
Active(file):      23932 kB
Inactive(file):    24208 kB
Unevictable:        1968 kB
Mlocked:            3816 kB
HighTotal:             0 kB
HighFree:              0 kB
LowTotal:         482068 kB
LowFree:            4536 kB
SwapTotal:             0 kB
SwapFree:              0 kB
Dirty:                28 kB
Writeback:             0 kB
AnonPages:        347632 kB
Mapped:            54140 kB
Shmem:              3312 kB
Slab:              18232 kB
SReclaimable:       4748 kB
SUnreclaim:        13484 kB
KernelStack:        5336 kB
PageTables:         6436 kB
NFS_Unstable:          0 kB
Bounce:                0 kB
WritebackTmp:          0 kB
CommitLimit:      241032 kB
Committed_AS:    3672364 kB
VmallocTotal:     507904 kB
VmallocUsed:      112652 kB
VmallocChunk:     112576 kB
1557576468.000000
MemTotal:         482068 kB
MemFree:            4188 kB
Buffers:             472 kB
Cached:            52236 kB
SwapCached:            0 kB
Active:           371264 kB
Inactive:          27360 kB
Active(anon):     347332 kB
Inactive(anon):     3152 kB
Active(file):      23932 kB
Inactive(file):    24208 kB
Unevictable:        1968 kB
Mlocked:            3816 kB
HighTotal:             0 kB
HighFree:              0 kB
LowTotal:         482068 kB
LowFree:            4188 kB
SwapTotal:             0 kB
SwapFree:              0 kB
Dirty:                28 kB
Writeback:             0 kB
AnonPages:        347872 kB
Mapped:            54008 kB
Shmem:              3312 kB
Slab:              18240 kB
SReclaimable:       4748 kB
SUnreclaim:        13492 kB
KernelStack:        5336 kB
PageTables:         6448 kB
NFS_Unstable:          0 kB
Bounce:                0 kB
WritebackTmp:          0 kB
CommitLimit:      241032 kB
Committed_AS:    3672400 kB
VmallocTotal:     507904 kB
VmallocUsed:      112652 kB
VmallocChunk:     112576 kB
1557576468.000000
MemTotal:         482068 kB
MemFree:            4128 kB
Buffers:             604 kB
Cached:            49060 kB
SwapCached:            0 kB
Active:           372432 kB
Inactive:          26080 kB
Active(anon):     350360 kB
Inactive(anon):     3152 kB
Active(file):      22072 kB
Inactive(file):    22928 kB
Unevictable:        1968 kB
Mlocked:            3816 kB
HighTotal:             0 kB
HighFree:              0 kB
LowTotal:         482068 kB
LowFree:            4128 kB
SwapTotal:             0 kB
SwapFree:              0 kB
Dirty:                 0 kB
Writeback:             0 kB
AnonPages:        351000 kB
Mapped:            51732 kB
Shmem:              3312 kB
Slab:              18232 kB
SReclaimable:       4748 kB
SUnreclaim:        13484 kB
KernelStack:        5400 kB
PageTables:         6612 kB
NFS_Unstable:          0 kB
Bounce:                0 kB
WritebackTmp:          0 kB
CommitLimit:      241032 kB
Committed_AS:    3785684 kB
VmallocTotal:     507904 kB
VmallocUsed:      114704 kB
VmallocChunk:     112576 kB
1557576469.000000
MemTotal:         482068 kB
MemFree:            4252 kB
Buffers:             604 kB
Cached:            48136 kB
SwapCached:            0 kB
Active:           373196 kB
Inactive:          25200 kB
Active(anon):     351020 kB
Inactive(anon):     3152 kB
Active(file):      22176 kB
Inactive(file):    22048 kB
Unevictable:        1968 kB
Mlocked:            3816 kB
HighTotal:             0 kB
HighFree:              0 kB
LowTotal:         482068 kB
LowFree:            4252 kB
SwapTotal:             0 kB
SwapFree:              0 kB
Dirty:                36 kB
Writeback:             0 kB
AnonPages:        351564 kB
Mapped:            51420 kB
Shmem:              3312 kB
Slab:              18232 kB
SReclaimable:       4748 kB
SUnreclaim:        13484 kB
KernelStack:        5400 kB
PageTables:         6712 kB
NFS_Unstable:          0 kB
Bounce:                0 kB
WritebackTmp:          0 kB
CommitLimit:      241032 kB
Committed_AS:    3785864 kB
VmallocTotal:     507904 kB
VmallocUsed:      114696 kB
VmallocChunk:     112576 kB
1557576470.000000
MemTotal:         482068 kB
MemFree:            4236 kB
Buffers:             604 kB
Cached:            48172 kB
SwapCached:            0 kB
Active:           373216 kB
Inactive:          25184 kB
Active(anon):     351040 kB
Inactive(anon):     3152 kB
Active(file):      22176 kB
Inactive(file):    22032 kB
Unevictable:        1968 kB
Mlocked:            3816 kB
HighTotal:             0 kB
HighFree:              0 kB
LowTotal:         482068 kB
LowFree:            4236 kB
SwapTotal:             0 kB
SwapFree:              0 kB
Dirty:                36 kB
Writeback:             0 kB
AnonPages:        351628 kB
Mapped:            51360 kB
Shmem:              3312 kB
Slab:              18228 kB
SReclaimable:       4748 kB
SUnreclaim:        13480 kB
KernelStack:        5400 kB
PageTables:         6644 kB
NFS_Unstable:          0 kB
Bounce:                0 kB
WritebackTmp:          0 kB
CommitLimit:      241032 kB
Committed_AS:    3785892 kB
VmallocTotal:     507904 kB
VmallocUsed:      114696 kB
VmallocChunk:     112576 kB
1557576471.000000
MemTotal:         482068 kB
MemFree:            4384 kB
Buffers:             604 kB
Cached:            48172 kB
SwapCached:            0 kB
Active:           373052 kB
Inactive:          25184 kB
Active(anon):     350876 kB
Inactive(anon):     3152 kB
Active(file):      22176 kB
Inactive(file):    22032 kB
Unevictable:        1968 kB
Mlocked:            3816 kB
HighTotal:             0 kB
HighFree:              0 kB
LowTotal:         482068 kB
LowFree:            4384 kB
SwapTotal:             0 kB
SwapFree:              0 kB
Dirty:                36 kB
Writeback:             0 kB
AnonPages:        351400 kB
Mapped:            51436 kB
Shmem:              3312 kB
Slab:              18232 kB
SReclaimable:       4748 kB
SUnreclaim:        13484 kB
KernelStack:        5392 kB
PageTables:         6632 kB
NFS_Unstable:          0 kB
Bounce:                0 kB
WritebackTmp:          0 kB
CommitLimit:      241032 kB
Committed_AS:    3785924 kB
VmallocTotal:     507904 kB
VmallocUsed:      114696 kB
VmallocChunk:     112576 kB
1557576472.000000
MemTotal:         482068 kB
MemFree:            4244 kB
Buffers:             604 kB
Cached:            48096 kB
SwapCached:            0 kB
Active:           373184 kB
Inactive:          25072 kB
Active(anon):     350980 kB
Inactive(anon):     3152 kB
Active(file):      22204 kB
Inactive(file):    21920 kB
Unevictable:        1968 kB
Mlocked:            3816 kB
HighTotal:             0 kB
HighFree:              0 kB
LowTotal:         482068 kB
LowFree:            4244 kB
SwapTotal:             0 kB
SwapFree:              0 kB
Dirty:                36 kB
Writeback:             0 kB
AnonPages:        351552 kB
Mapped:            51512 kB
Shmem:              3312 kB
Slab:              18232 kB
SReclaimable:       4748 kB
SUnreclaim:        13484 kB
KernelStack:        5392 kB
PageTables:         6632 kB
NFS_Unstable:          0 kB
Bounce:                0 kB
WritebackTmp:          0 kB
CommitLimit:      241032 kB
Committed_AS:    3785960 kB
VmallocTotal:     507904 kB
VmallocUsed:      114696 kB
VmallocChunk:     112576 kB
1557576473.000000
MemTotal:         482068 kB
MemFree:            4832 kB
Buffers:             604 kB
Cached:            47260 kB
SwapCached:            0 kB
Active:           372920 kB
Inactive:          24828 kB
Active(anon):     351356 kB
Inactive(anon):     3152 kB
Active(file):      21564 kB
Inactive(file):    21676 kB
Unevictable:        1968 kB
Mlocked:            3816 kB
HighTotal:             0 kB
HighFree:              0 kB
LowTotal:         482068 kB
LowFree:            4832 kB
SwapTotal:             0 kB
SwapFree:              0 kB
Dirty:                 0 kB
Writeback:             0 kB
AnonPages:        351896 kB
Mapped:            51572 kB
Shmem:              3312 kB
Slab:              18280 kB
SReclaimable:       4748 kB
SUnreclaim:        13532 kB
KernelStack:        5400 kB
PageTables:         6632 kB
NFS_Unstable:          0 kB
Bounce:                0 kB
WritebackTmp:          0 kB
CommitLimit:      241032 kB
Committed_AS:    3785976 kB
VmallocTotal:     507904 kB
VmallocUsed:      114696 kB
VmallocChunk:     112576 kB
1557576474.000000
MemTotal:         482068 kB
MemFree:            6056 kB
Buffers:             600 kB
Cached:            46780 kB
SwapCached:            0 kB
Active:           372432 kB
Inactive:          24592 kB
Active(anon):     351112 kB
Inactive(anon):     3152 kB
Active(file):      21320 kB
Inactive(file):    21440 kB
Unevictable:        1968 kB
Mlocked:            3816 kB
HighTotal:             0 kB
HighFree:              0 kB
LowTotal:         482068 kB
LowFree:            6056 kB
SwapTotal:             0 kB
SwapFree:              0 kB
Dirty:                 0 kB
Writeback:             0 kB
AnonPages:        351716 kB
Mapped:            51612 kB
Shmem:              3312 kB
Slab:              18232 kB
SReclaimable:       4748 kB
SUnreclaim:        13484 kB
KernelStack:        5392 kB
PageTables:         6632 kB
NFS_Unstable:          0 kB
Bounce:                0 kB
WritebackTmp:          0 kB
CommitLimit:      241032 kB
Committed_AS:    3785884 kB
VmallocTotal:     507904 kB
VmallocUsed:      114696 kB
VmallocChunk:     112576 kB
1557576475.000000
MemTotal:         482068 kB
MemFree:            5648 kB
Buffers:             608 kB
Cached:            46436 kB
SwapCached:            0 kB
Active:           372320 kB
Inactive:          24376 kB
Active(anon):     351152 kB
Inactive(anon):     3152 kB
Active(file):      21168 kB
Inactive(file):    21224 kB
Unevictable:        1968 kB
Mlocked:            3816 kB
HighTotal:             0 kB
HighFree:              0 kB
LowTotal:         482068 kB
LowFree:            5648 kB
SwapTotal:             0 kB
SwapFree:              0 kB
Dirty:                 4 kB
Writeback:             0 kB
AnonPages:        351672 kB
Mapped:            51500 kB
Shmem:              3312 kB
Slab:              18244 kB
SReclaimable:       4748 kB
SUnreclaim:        13496 kB
KernelStack:        5392 kB
PageTables:         6648 kB
NFS_Unstable:          0 kB
Bounce:                0 kB
WritebackTmp:          0 kB
CommitLimit:      241032 kB
Committed_AS:    3785980 kB
VmallocTotal:     507904 kB
VmallocUsed:      114696 kB
VmallocChunk:     112576 kB
1557576476.000000
MemTotal:         482068 kB
MemFree:            6104 kB
Buffers:             608 kB
Cached:            46136 kB
SwapCached:            0 kB
Active:           372016 kB
Inactive:          24184 kB
Active(anon):     351020 kB
Inactive(anon):     3152 kB
Active(file):      20996 kB
Inactive(file):    21032 kB
Unevictable:        1968 kB
Mlocked:            3816 kB
HighTotal:             0 kB
HighFree:              0 kB
LowTotal:         482068 kB
LowFree:            6104 kB
SwapTotal:             0 kB
SwapFree:              0 kB
Dirty:                 4 kB
Writeback:             0 kB
AnonPages:        351576 kB
Mapped:            51468 kB
Shmem:              3312 kB
Slab:              18244 kB
SReclaimable:       4748 kB
SUnreclaim:        13496 kB
KernelStack:        5392 kB
PageTables:         6644 kB
NFS_Unstable:          0 kB
Bounce:                0 kB
WritebackTmp:          0 kB
CommitLimit:      241032 kB
Committed_AS:    3785980 kB
VmallocTotal:     507904 kB
VmallocUsed:      114696 kB
VmallocChunk:     112576 kB
1557576477.000000
MemTotal:         482068 kB
MemFree:            7512 kB
Buffers:             492 kB
Cached:            44696 kB
SwapCached:            0 kB
Active:           371844 kB
Inactive:          23408 kB
Active(anon):     351544 kB
Inactive(anon):     3152 kB
Active(file):      20300 kB
Inactive(file):    20256 kB
Unevictable:        1968 kB
Mlocked:            3816 kB
HighTotal:             0 kB
HighFree:              0 kB
LowTotal:         482068 kB
LowFree:            7512 kB
SwapTotal:             0 kB
SwapFree:              0 kB
Dirty:                 0 kB
Writeback:             0 kB
AnonPages:        352140 kB
Mapped:            50644 kB
Shmem:              3312 kB
Slab:              18252 kB
SReclaimable:       4748 kB
SUnreclaim:        13504 kB
KernelStack:        5392 kB
PageTables:         6644 kB
NFS_Unstable:          0 kB
Bounce:                0 kB
WritebackTmp:          0 kB
CommitLimit:      241032 kB
Committed_AS:    3785988 kB
VmallocTotal:     507904 kB
VmallocUsed:      114696 kB
VmallocChunk:     112576 kB
1557576478.000000
MemTotal:         482068 kB
MemFree:            7932 kB
Buffers:             492 kB
Cached:            43896 kB
SwapCached:            0 kB
Active:           371388 kB
Inactive:          22996 kB
Active(anon):     351536 kB
Inactive(anon):     3152 kB
Active(file):      19852 kB
Inactive(file):    19844 kB
Unevictable:        1968 kB
Mlocked:            3816 kB
HighTotal:             0 kB
HighFree:              0 kB
LowTotal:         482068 kB
LowFree:            7932 kB
SwapTotal:             0 kB
SwapFree:              0 kB
Dirty:                 0 kB
Writeback:             0 kB
AnonPages:        352084 kB
Mapped:            50324 kB
Shmem:              3312 kB
Slab:              18232 kB
SReclaimable:       4748 kB
SUnreclaim:        13484 kB
KernelStack:        5392 kB
PageTables:         6708 kB
NFS_Unstable:          0 kB
Bounce:                0 kB
WritebackTmp:          0 kB
CommitLimit:      241032 kB
Committed_AS:    3785884 kB
VmallocTotal:     507904 kB
VmallocUsed:      114696 kB
VmallocChunk:     112576 kB
1557576478.000000
MemTotal:         482068 kB
MemFree:            7956 kB
Buffers:             492 kB
Cached:            44028 kB
SwapCached:            0 kB
Active:           371476 kB
Inactive:          23220 kB
Active(anon):     351592 kB
Inactive(anon):     3152 kB
Active(file):      19884 kB
Inactive(file):    20068 kB
Unevictable:        1968 kB
Mlocked:            3816 kB
HighTotal:             0 kB
HighFree:              0 kB
LowTotal:         482068 kB
LowFree:            7956 kB
SwapTotal:             0 kB
SwapFree:              0 kB
Dirty:                 0 kB
Writeback:             0 kB
AnonPages:        352132 kB
Mapped:            50352 kB
Shmem:              3312 kB
Slab:              18244 kB
SReclaimable:       4748 kB
SUnreclaim:        13496 kB
KernelStack:        5392 kB
PageTables:         6644 kB
NFS_Unstable:          0 kB
Bounce:                0 kB
WritebackTmp:          0 kB
CommitLimit:      241032 kB
Committed_AS:    3785980 kB
VmallocTotal:     507904 kB
VmallocUsed:      114696 kB
VmallocChunk:     112576 kB
1557576479.000000
MemTotal:         482068 kB
MemFree:            5152 kB
Buffers:             492 kB
Cached:            46532 kB
SwapCached:            0 kB
Active:           371480 kB
Inactive:          25696 kB
Active(anon):     351568 kB
Inactive(anon):     3152 kB
Active(file):      19912 kB
Inactive(file):    22544 kB
Unevictable:        1968 kB
Mlocked:            3816 kB
HighTotal:             0 kB
HighFree:              0 kB
LowTotal:         482068 kB
LowFree:            5152 kB
SwapTotal:             0 kB
SwapFree:              0 kB
Dirty:                 0 kB
Writeback:             0 kB
AnonPages:        352160 kB
Mapped:            50728 kB
Shmem:              3312 kB
Slab:              18240 kB
SReclaimable:       4748 kB
SUnreclaim:        13492 kB
KernelStack:        5392 kB
PageTables:         6644 kB
NFS_Unstable:          0 kB
Bounce:                0 kB
WritebackTmp:          0 kB
CommitLimit:      241032 kB
Committed_AS:    3785980 kB
VmallocTotal:     507904 kB
VmallocUsed:      114696 kB
VmallocChunk:     112576 kB
1557576480.000000
MemTotal:         482068 kB
MemFree:            5208 kB
Buffers:             492 kB
Cached:            46572 kB
SwapCached:            0 kB
Active:           371548 kB
Inactive:          25724 kB
Active(anon):     351624 kB
Inactive(anon):     3152 kB
Active(file):      19924 kB
Inactive(file):    22572 kB
Unevictable:        1968 kB
Mlocked:            3816 kB
HighTotal:             0 kB
HighFree:              0 kB
LowTotal:         482068 kB
LowFree:            5208 kB
SwapTotal:             0 kB
SwapFree:              0 kB
Dirty:                 0 kB
Writeback:             0 kB
AnonPages:        352184 kB
Mapped:            50684 kB
Shmem:              3312 kB
Slab:              18252 kB
SReclaimable:       4748 kB
SUnreclaim:        13504 kB
KernelStack:        5392 kB
PageTables:         6656 kB
NFS_Unstable:          0 kB
Bounce:                0 kB
WritebackTmp:          0 kB
CommitLimit:      241032 kB
Committed_AS:    3785980 kB
VmallocTotal:     507904 kB
VmallocUsed:      114696 kB
VmallocChunk:     112576 kB
1557576481.000000
MemTotal:         482068 kB
MemFree:            5504 kB
Buffers:             488 kB
Cached:            46044 kB
SwapCached:            0 kB
Active:           371860 kB
Inactive:          25160 kB
Active(anon):     351936 kB
Inactive(anon):     3152 kB
Active(file):      19924 kB
Inactive(file):    22008 kB
Unevictable:        1968 kB
Mlocked:            3816 kB
HighTotal:             0 kB
HighFree:              0 kB
LowTotal:         482068 kB
LowFree:            5504 kB
SwapTotal:             0 kB
SwapFree:              0 kB
Dirty:                 0 kB
Writeback:             0 kB
AnonPages:        352488 kB
Mapped:            50532 kB
Shmem:              3312 kB
Slab:              18252 kB
SReclaimable:       4748 kB
SUnreclaim:        13504 kB
KernelStack:        5392 kB
PageTables:         6656 kB
NFS_Unstable:          0 kB
Bounce:                0 kB
WritebackTmp:          0 kB
CommitLimit:      241032 kB
Committed_AS:    3785936 kB
VmallocTotal:     507904 kB
VmallocUsed:      114696 kB
VmallocChunk:     112576 kB
1557576482.000000
MemTotal:         482068 kB
MemFree:            5132 kB
Buffers:             488 kB
Cached:            46000 kB
SwapCached:            0 kB
Active:           372168 kB
Inactive:          25164 kB
Active(anon):     352260 kB
Inactive(anon):     3152 kB
Active(file):      19908 kB
Inactive(file):    22012 kB
Unevictable:        1968 kB
Mlocked:            3816 kB
HighTotal:             0 kB
HighFree:              0 kB
LowTotal:         482068 kB
LowFree:            5132 kB
SwapTotal:             0 kB
SwapFree:              0 kB
Dirty:                 0 kB
Writeback:             0 kB
AnonPages:        352804 kB
Mapped:            50568 kB
Shmem:              3312 kB
Slab:              18252 kB
SReclaimable:       4748 kB
SUnreclaim:        13504 kB
KernelStack:        5392 kB
PageTables:         6720 kB
NFS_Unstable:          0 kB
Bounce:                0 kB
WritebackTmp:          0 kB
CommitLimit:      241032 kB
Committed_AS:    3786012 kB
VmallocTotal:     507904 kB
VmallocUsed:      114696 kB
VmallocChunk:     112576 kB
1557576483.000000
MemTotal:         482068 kB
MemFree:            4580 kB
Buffers:             608 kB
Cached:            46276 kB
SwapCached:            0 kB
Active:           372264 kB
Inactive:          25572 kB
Active(anon):     352356 kB
Inactive(anon):     3152 kB
Active(file):      19908 kB
Inactive(file):    22420 kB
Unevictable:        1968 kB
Mlocked:            3816 kB
HighTotal:             0 kB
HighFree:              0 kB
LowTotal:         482068 kB
LowFree:            4580 kB
SwapTotal:             0 kB
SwapFree:              0 kB
Dirty:                 0 kB
Writeback:             0 kB
AnonPages:        352932 kB
Mapped:            50532 kB
Shmem:              3312 kB
Slab:              18236 kB
SReclaimable:       4748 kB
SUnreclaim:        13488 kB
KernelStack:        5384 kB
PageTables:         6632 kB
NFS_Unstable:          0 kB
Bounce:                0 kB
WritebackTmp:          0 kB
CommitLimit:      241032 kB
Committed_AS:    3786012 kB
VmallocTotal:     507904 kB
VmallocUsed:      114696 kB
VmallocChunk:     112576 kB
1557576484.000000
MemTotal:         482068 kB
MemFree:            4992 kB
Buffers:             608 kB
Cached:            45852 kB
SwapCached:            0 kB
Active:           372392 kB
Inactive:          25240 kB
Active(anon):     352544 kB
Inactive(anon):     3152 kB
Active(file):      19848 kB
Inactive(file):    22088 kB
Unevictable:        1968 kB
Mlocked:            3816 kB
HighTotal:             0 kB
HighFree:              0 kB
LowTotal:         482068 kB
LowFree:            4992 kB
SwapTotal:             0 kB
SwapFree:              0 kB
Dirty:                 0 kB
Writeback:             0 kB
AnonPages:        353144 kB
Mapped:            50456 kB
Shmem:              3312 kB
Slab:              18248 kB
SReclaimable:       4748 kB
SUnreclaim:        13500 kB
KernelStack:        5392 kB
PageTables:         6644 kB
NFS_Unstable:          0 kB
Bounce:                0 kB
WritebackTmp:          0 kB
CommitLimit:      241032 kB
Committed_AS:    3786780 kB
VmallocTotal:     507904 kB
VmallocUsed:      114696 kB
VmallocChunk:     112576 kB
1557576485.000000
MemTotal:         482068 kB
MemFree:            7720 kB
Buffers:             488 kB
Cached:            43332 kB
SwapCached:            0 kB
Active:           372492 kB
Inactive:          22788 kB
Active(anon):     352932 kB
Inactive(anon):     3152 kB
Active(file):      19560 kB
Inactive(file):    19636 kB
Unevictable:        1968 kB
Mlocked:            3816 kB
HighTotal:             0 kB
HighFree:              0 kB
LowTotal:         482068 kB
LowFree:            7720 kB
SwapTotal:             0 kB
SwapFree:              0 kB
Dirty:                 0 kB
Writeback:             0 kB
AnonPages:        353528 kB
Mapped:            49240 kB
Shmem:              3312 kB
Slab:              18248 kB
SReclaimable:       4748 kB
SUnreclaim:        13500 kB
KernelStack:        5392 kB
PageTables:         6720 kB
NFS_Unstable:          0 kB
Bounce:                0 kB
WritebackTmp:          0 kB
CommitLimit:      241032 kB
Committed_AS:    3786844 kB
VmallocTotal:     507904 kB
VmallocUsed:      114696 kB
VmallocChunk:     112576 kB
1557576486.000000
MemTotal:         482068 kB
MemFree:           13968 kB
Buffers:             348 kB
Cached:            41056 kB
SwapCached:            0 kB
Active:           367328 kB
Inactive:          21460 kB
Active(anon):     348824 kB
Inactive(anon):     3152 kB
Active(file):      18504 kB
Inactive(file):    18308 kB
Unevictable:        1968 kB
Mlocked:            3816 kB
HighTotal:             0 kB
HighFree:              0 kB
LowTotal:         482068 kB
LowFree:           13968 kB
SwapTotal:             0 kB
SwapFree:              0 kB
Dirty:                 0 kB
Writeback:             0 kB
AnonPages:        349460 kB
Mapped:            47276 kB
Shmem:              3312 kB
Slab:              18248 kB
SReclaimable:       4748 kB
SUnreclaim:        13500 kB
KernelStack:        5392 kB
PageTables:         6340 kB
NFS_Unstable:          0 kB
Bounce:                0 kB
WritebackTmp:          0 kB
CommitLimit:      241032 kB
Committed_AS:    3638256 kB
VmallocTotal:     507904 kB
VmallocUsed:      112660 kB
VmallocChunk:     112576 kB
1557576487.000000
MemTotal:         482068 kB
MemFree:           13984 kB
Buffers:             348 kB
Cached:            41180 kB
SwapCached:            0 kB
Active:           367512 kB
Inactive:          21472 kB
Active(anon):     348872 kB
Inactive(anon):     3152 kB
Active(file):      18640 kB
Inactive(file):    18320 kB
Unevictable:        1968 kB
Mlocked:            3816 kB
HighTotal:             0 kB
HighFree:              0 kB
LowTotal:         482068 kB
LowFree:           13984 kB
SwapTotal:             0 kB
SwapFree:              0 kB
Dirty:                 0 kB
Writeback:             0 kB
AnonPages:        349432 kB
Mapped:            47288 kB
Shmem:              3312 kB
Slab:              18248 kB
SReclaimable:       4748 kB
SUnreclaim:        13500 kB
KernelStack:        5320 kB
PageTables:         6392 kB
NFS_Unstable:          0 kB
Bounce:                0 kB
WritebackTmp:          0 kB
CommitLimit:      241032 kB
Committed_AS:    3638256 kB
VmallocTotal:     507904 kB
VmallocUsed:      112652 kB
VmallocChunk:     112576 kB
1557576487.000000
MemTotal:         482068 kB
MemFree:           13836 kB
Buffers:             348 kB
Cached:            41204 kB
SwapCached:            0 kB
Active:           367608 kB
Inactive:          21496 kB
Active(anon):     348968 kB
Inactive(anon):     3152 kB
Active(file):      18640 kB
Inactive(file):    18344 kB
Unevictable:        1968 kB
Mlocked:            3816 kB
HighTotal:             0 kB
HighFree:              0 kB
LowTotal:         482068 kB
LowFree:           13836 kB
SwapTotal:             0 kB
SwapFree:              0 kB
Dirty:                 0 kB
Writeback:             0 kB
AnonPages:        349508 kB
Mapped:            47432 kB
Shmem:              3312 kB
Slab:              18240 kB
SReclaimable:       4748 kB
SUnreclaim:        13492 kB
KernelStack:        5320 kB
PageTables:         6380 kB
NFS_Unstable:          0 kB
Bounce:                0 kB
WritebackTmp:          0 kB
CommitLimit:      241032 kB
Committed_AS:    3638256 kB
VmallocTotal:     507904 kB
VmallocUsed:      112652 kB
VmallocChunk:     112576 kB
1557576488.000000
MemTotal:         482068 kB
MemFree:           13968 kB
Buffers:             348 kB
Cached:            41056 kB
SwapCached:            0 kB
Active:           367204 kB
Inactive:          21408 kB
Active(anon):     348624 kB
Inactive(anon):     3152 kB
Active(file):      18580 kB
Inactive(file):    18256 kB
Unevictable:        1968 kB
Mlocked:            3816 kB
HighTotal:             0 kB
HighFree:              0 kB
LowTotal:         482068 kB
LowFree:           13968 kB
SwapTotal:             0 kB
SwapFree:              0 kB
Dirty:                 0 kB
Writeback:             0 kB
AnonPages:        349204 kB
Mapped:            47324 kB
Shmem:              3312 kB
Slab:              18244 kB
SReclaimable:       4748 kB
SUnreclaim:        13496 kB
KernelStack:        5256 kB
PageTables:         6392 kB
NFS_Unstable:          0 kB
Bounce:                0 kB
WritebackTmp:          0 kB
CommitLimit:      241032 kB
Committed_AS:    3638260 kB
VmallocTotal:     507904 kB
VmallocUsed:      112660 kB
VmallocChunk:     112576 kB
1557576489.000000
MemTotal:         482068 kB
MemFree:           13892 kB
Buffers:             348 kB
Cached:            41292 kB
SwapCached:            0 kB
Active:           367440 kB
Inactive:          21584 kB
Active(anon):     348872 kB
Inactive(anon):     3152 kB
Active(file):      18568 kB
Inactive(file):    18432 kB
Unevictable:        1968 kB
Mlocked:            3816 kB
HighTotal:             0 kB
HighFree:              0 kB
LowTotal:         482068 kB
LowFree:           13892 kB
SwapTotal:             0 kB
SwapFree:              0 kB
Dirty:                 0 kB
Writeback:             0 kB
AnonPages:        349364 kB
Mapped:            47324 kB
Shmem:              3312 kB
Slab:              18244 kB
SReclaimable:       4748 kB
SUnreclaim:        13496 kB
KernelStack:        5320 kB
PageTables:         6368 kB
NFS_Unstable:          0 kB
Bounce:                0 kB
WritebackTmp:          0 kB
CommitLimit:      241032 kB
Committed_AS:    3638140 kB
VmallocTotal:     507904 kB
VmallocUsed:      112652 kB
VmallocChunk:     112576 kB
1557576490.000000
MemTotal:         482068 kB
MemFree:           13612 kB
Buffers:             348 kB
Cached:            41268 kB
SwapCached:            0 kB
Active:           367416 kB
Inactive:          21632 kB
Active(anon):     348848 kB
Inactive(anon):     3152 kB
Active(file):      18568 kB
Inactive(file):    18480 kB
Unevictable:        1968 kB
Mlocked:            3816 kB
HighTotal:             0 kB
HighFree:              0 kB
LowTotal:         482068 kB
LowFree:           13612 kB
SwapTotal:             0 kB
SwapFree:              0 kB
Dirty:                 0 kB
Writeback:             0 kB
AnonPages:        349372 kB
Mapped:            47332 kB
Shmem:              3312 kB
Slab:              18244 kB
SReclaimable:       4748 kB
SUnreclaim:        13496 kB
KernelStack:        5312 kB
PageTables:         6368 kB
NFS_Unstable:          0 kB
Bounce:                0 kB
WritebackTmp:          0 kB
CommitLimit:      241032 kB
Committed_AS:    3638260 kB
VmallocTotal:     507904 kB
VmallocUsed:      112660 kB
VmallocChunk:     112576 kB
1557576491.000000
MemTotal:         482068 kB
MemFree:           16916 kB
Buffers:             348 kB
Cached:            41344 kB
SwapCached:            0 kB
Active:           364588 kB
Inactive:          21840 kB
Active(anon):     346200 kB
Inactive(anon):     3152 kB
Active(file):      18388 kB
Inactive(file):    18688 kB
Unevictable:        1968 kB
Mlocked:            3816 kB
HighTotal:             0 kB
HighFree:              0 kB
LowTotal:         482068 kB
LowFree:           16916 kB
SwapTotal:             0 kB
SwapFree:              0 kB
Dirty:                 0 kB
Writeback:             0 kB
AnonPages:        346792 kB
Mapped:            47256 kB
Shmem:              3312 kB
Slab:              18248 kB
SReclaimable:       4748 kB
SUnreclaim:        13500 kB
KernelStack:        5312 kB
PageTables:         6216 kB
NFS_Unstable:          0 kB
Bounce:                0 kB
WritebackTmp:          0 kB
CommitLimit:      241032 kB
Committed_AS:    3526936 kB
VmallocTotal:     507904 kB
VmallocUsed:      110608 kB
VmallocChunk:     112576 kB
1557576492.000000
MemTotal:         482068 kB
MemFree:           16288 kB
Buffers:             348 kB
Cached:            41768 kB
SwapCached:            0 kB
Active:           364772 kB
Inactive:          22288 kB
Active(anon):     346380 kB
Inactive(anon):     3148 kB
Active(file):      18392 kB
Inactive(file):    19140 kB
Unevictable:        1968 kB
Mlocked:            3816 kB
HighTotal:             0 kB
HighFree:              0 kB
LowTotal:         482068 kB
LowFree:           16288 kB
SwapTotal:             0 kB
SwapFree:              0 kB
Dirty:                 0 kB
Writeback:             0 kB
AnonPages:        346904 kB
Mapped:            47388 kB
Shmem:              3312 kB
Slab:              18252 kB
SReclaimable:       4748 kB
SUnreclaim:        13504 kB
KernelStack:        5240 kB
PageTables:         6252 kB
NFS_Unstable:          0 kB
Bounce:                0 kB
WritebackTmp:          0 kB
CommitLimit:      241032 kB
Committed_AS:    3526888 kB
VmallocTotal:     507904 kB
VmallocUsed:      110608 kB
VmallocChunk:     112576 kB
1557576493.000000
MemTotal:         482068 kB
MemFree:           14040 kB
Buffers:             500 kB
Cached:            43324 kB
SwapCached:            0 kB
Active:           365380 kB
Inactive:          23952 kB
Active(anon):     346988 kB
Inactive(anon):     3148 kB
Active(file):      18392 kB
Inactive(file):    20804 kB
Unevictable:        1968 kB
Mlocked:            3816 kB
HighTotal:             0 kB
HighFree:              0 kB
LowTotal:         482068 kB
LowFree:           14040 kB
SwapTotal:             0 kB
SwapFree:              0 kB
Dirty:                 0 kB
Writeback:             0 kB
AnonPages:        347564 kB
Mapped:            47728 kB
Shmem:              3312 kB
Slab:              18204 kB
SReclaimable:       4748 kB
SUnreclaim:        13456 kB
KernelStack:        5248 kB
PageTables:         6252 kB
NFS_Unstable:          0 kB
Bounce:                0 kB
WritebackTmp:          0 kB
CommitLimit:      241032 kB
Committed_AS:    3526888 kB
VmallocTotal:     507904 kB
VmallocUsed:      110608 kB
VmallocChunk:     112576 kB
1557576494.000000
MemTotal:         482068 kB
MemFree:           14196 kB
Buffers:             500 kB
Cached:            43440 kB
SwapCached:            0 kB
Active:           364960 kB
Inactive:          24100 kB
Active(anon):     346540 kB
Inactive(anon):     3148 kB
Active(file):      18420 kB
Inactive(file):    20952 kB
Unevictable:        1968 kB
Mlocked:            3816 kB
HighTotal:             0 kB
HighFree:              0 kB
LowTotal:         482068 kB
LowFree:           14196 kB
SwapTotal:             0 kB
SwapFree:              0 kB
Dirty:                40 kB
Writeback:             0 kB
AnonPages:        347068 kB
Mapped:            47788 kB
Shmem:              3312 kB
Slab:              18244 kB
SReclaimable:       4748 kB
SUnreclaim:        13496 kB
KernelStack:        5248 kB
PageTables:         6176 kB
NFS_Unstable:          0 kB
Bounce:                0 kB
WritebackTmp:          0 kB
CommitLimit:      241032 kB
Committed_AS:    3526768 kB
VmallocTotal:     507904 kB
VmallocUsed:      110608 kB
VmallocChunk:     112576 kB
1557576495.000000
MemTotal:         482068 kB
MemFree:           14196 kB
Buffers:             500 kB
Cached:            43524 kB
SwapCached:            0 kB
Active:           364996 kB
Inactive:          24184 kB
Active(anon):     346576 kB
Inactive(anon):     3148 kB
Active(file):      18420 kB
Inactive(file):    21036 kB
Unevictable:        1968 kB
Mlocked:            3816 kB
HighTotal:             0 kB
HighFree:              0 kB
LowTotal:         482068 kB
LowFree:           14196 kB
SwapTotal:             0 kB
SwapFree:              0 kB
Dirty:                40 kB
Writeback:             0 kB
AnonPages:        347152 kB
Mapped:            47828 kB
Shmem:              3312 kB
Slab:              18244 kB
SReclaimable:       4744 kB
SUnreclaim:        13500 kB
KernelStack:        5248 kB
PageTables:         6176 kB
NFS_Unstable:          0 kB
Bounce:                0 kB
WritebackTmp:          0 kB
CommitLimit:      241032 kB
Committed_AS:    3526888 kB
VmallocTotal:     507904 kB
VmallocUsed:      110608 kB
VmallocChunk:     112576 kB
1557576495.000000
MemTotal:         482068 kB
MemFree:           13908 kB
Buffers:             500 kB
Cached:            43524 kB
SwapCached:            0 kB
Active:           365116 kB
Inactive:          24184 kB
Active(anon):     346696 kB
Inactive(anon):     3148 kB
Active(file):      18420 kB
Inactive(file):    21036 kB
Unevictable:        1968 kB
Mlocked:            3816 kB
HighTotal:             0 kB
HighFree:              0 kB
LowTotal:         482068 kB
LowFree:           13908 kB
SwapTotal:             0 kB
SwapFree:              0 kB
Dirty:                40 kB
Writeback:             0 kB
AnonPages:        347216 kB
Mapped:            47768 kB
Shmem:              3312 kB
Slab:              18224 kB
SReclaimable:       4744 kB
SUnreclaim:        13480 kB
KernelStack:        5248 kB
PageTables:         6240 kB
NFS_Unstable:          0 kB
Bounce:                0 kB
WritebackTmp:          0 kB
CommitLimit:      241032 kB
Committed_AS:    3526892 kB
VmallocTotal:     507904 kB
VmallocUsed:      110608 kB
VmallocChunk:     112576 kB
1557576496.000000
MemTotal:         482068 kB
MemFree:           13956 kB
Buffers:             500 kB
Cached:            43524 kB
SwapCached:            0 kB
Active:           365096 kB
Inactive:          24184 kB
Active(anon):     346676 kB
Inactive(anon):     3148 kB
Active(file):      18420 kB
Inactive(file):    21036 kB
Unevictable:        1968 kB
Mlocked:            3816 kB
HighTotal:             0 kB
HighFree:              0 kB
LowTotal:         482068 kB
LowFree:           13956 kB
SwapTotal:             0 kB
SwapFree:              0 kB
Dirty:                 0 kB
Writeback:             0 kB
AnonPages:        347196 kB
Mapped:            47844 kB
Shmem:              3312 kB
Slab:              18224 kB
SReclaimable:       4744 kB
SUnreclaim:        13480 kB
KernelStack:        5248 kB
PageTables:         6164 kB
NFS_Unstable:          0 kB
Bounce:                0 kB
WritebackTmp:          0 kB
CommitLimit:      241032 kB
Committed_AS:    3526892 kB
VmallocTotal:     507904 kB
VmallocUsed:      110608 kB
VmallocChunk:     112576 kB
1557576497.000000
MemTotal:         482068 kB
MemFree:           13536 kB
Buffers:             500 kB
Cached:            43556 kB
SwapCached:            0 kB
Active:           365288 kB
Inactive:          24216 kB
Active(anon):     346868 kB
Inactive(anon):     3148 kB
Active(file):      18420 kB
Inactive(file):    21068 kB
Unevictable:        1968 kB
Mlocked:            3816 kB
HighTotal:             0 kB
HighFree:              0 kB
LowTotal:         482068 kB
LowFree:           13536 kB
SwapTotal:             0 kB
SwapFree:              0 kB
Dirty:                 0 kB
Writeback:             0 kB
AnonPages:        347388 kB
Mapped:            47848 kB
Shmem:              3312 kB
Slab:              18228 kB
SReclaimable:       4744 kB
SUnreclaim:        13484 kB
KernelStack:        5248 kB
PageTables:         6164 kB
NFS_Unstable:          0 kB
Bounce:                0 kB
WritebackTmp:          0 kB
CommitLimit:      241032 kB
Committed_AS:    3526896 kB
VmallocTotal:     507904 kB
VmallocUsed:      110608 kB
VmallocChunk:     112576 kB
1557576498.000000
MemTotal:         482068 kB
MemFree:           14776 kB
Buffers:             508 kB
Cached:            43664 kB
SwapCached:            0 kB
Active:           363856 kB
Inactive:          24332 kB
Active(anon):     345436 kB
Inactive(anon):     3148 kB
Active(file):      18420 kB
Inactive(file):    21184 kB
Unevictable:        1968 kB
Mlocked:            3816 kB
HighTotal:             0 kB
HighFree:              0 kB
LowTotal:         482068 kB
LowFree:           14776 kB
SwapTotal:             0 kB
SwapFree:              0 kB
Dirty:                32 kB
Writeback:             0 kB
AnonPages:        346024 kB
Mapped:            47836 kB
Shmem:              3312 kB
Slab:              18228 kB
SReclaimable:       4744 kB
SUnreclaim:        13484 kB
KernelStack:        5248 kB
PageTables:         6176 kB
NFS_Unstable:          0 kB
Bounce:                0 kB
WritebackTmp:          0 kB
CommitLimit:      241032 kB
Committed_AS:    3526896 kB
VmallocTotal:     507904 kB
VmallocUsed:      110608 kB
VmallocChunk:     112576 kB
1557576499.000000
MemTotal:         482068 kB
MemFree:           14768 kB
Buffers:             508 kB
Cached:            43968 kB
SwapCached:            0 kB
Active:           363960 kB
Inactive:          24592 kB
Active(anon):     345540 kB
Inactive(anon):     3148 kB
Active(file):      18420 kB
Inactive(file):    21444 kB
Unevictable:        1968 kB
Mlocked:            3816 kB
HighTotal:             0 kB
HighFree:              0 kB
LowTotal:         482068 kB
LowFree:           14768 kB
SwapTotal:             0 kB
SwapFree:              0 kB
Dirty:                32 kB
Writeback:             0 kB
AnonPages:        346100 kB
Mapped:            47912 kB
Shmem:              3312 kB
Slab:              18228 kB
SReclaimable:       4744 kB
SUnreclaim:        13484 kB
KernelStack:        5248 kB
PageTables:         6252 kB
NFS_Unstable:          0 kB
Bounce:                0 kB
WritebackTmp:          0 kB
CommitLimit:      241032 kB
Committed_AS:    3526904 kB
VmallocTotal:     507904 kB
VmallocUsed:      110608 kB
VmallocChunk:     112576 kB
1557576500.000000
MemTotal:         482068 kB
MemFree:           14560 kB
Buffers:             508 kB
Cached:            43980 kB
SwapCached:            0 kB
Active:           364044 kB
Inactive:          24648 kB
Active(anon):     345624 kB
Inactive(anon):     3148 kB
Active(file):      18420 kB
Inactive(file):    21500 kB
Unevictable:        1968 kB
Mlocked:            3816 kB
HighTotal:             0 kB
HighFree:              0 kB
LowTotal:         482068 kB
LowFree:           14560 kB
SwapTotal:             0 kB
SwapFree:              0 kB
Dirty:                32 kB
Writeback:             0 kB
AnonPages:        346160 kB
Mapped:            47888 kB
Shmem:              3312 kB
Slab:              18188 kB
SReclaimable:       4744 kB
SUnreclaim:        13444 kB
KernelStack:        5248 kB
PageTables:         6240 kB
NFS_Unstable:          0 kB
Bounce:                0 kB
WritebackTmp:          0 kB
CommitLimit:      241032 kB
Committed_AS:    3526904 kB
VmallocTotal:     507904 kB
VmallocUsed:      110616 kB
VmallocChunk:     112576 kB
1557576501.000000
MemTotal:         482068 kB
MemFree:           13816 kB
Buffers:             508 kB
Cached:            43980 kB
SwapCached:            0 kB
Active:           364648 kB
Inactive:          24648 kB
Active(anon):     346228 kB
Inactive(anon):     3148 kB
Active(file):      18420 kB
Inactive(file):    21500 kB
Unevictable:        1968 kB
Mlocked:            3816 kB
HighTotal:             0 kB
HighFree:              0 kB
LowTotal:         482068 kB
LowFree:           13816 kB
SwapTotal:             0 kB
SwapFree:              0 kB
Dirty:                32 kB
Writeback:             0 kB
AnonPages:        346860 kB
Mapped:            47888 kB
Shmem:              3312 kB
Slab:              18280 kB
SReclaimable:       4744 kB
SUnreclaim:        13536 kB
KernelStack:        5240 kB
PageTables:         6164 kB
NFS_Unstable:          0 kB
Bounce:                0 kB
WritebackTmp:          0 kB
CommitLimit:      241032 kB
Committed_AS:    3526808 kB
VmallocTotal:     507904 kB
VmallocUsed:      110608 kB
VmallocChunk:     112576 kB
1557576502.000000
MemTotal:         482068 kB
MemFree:           13708 kB
Buffers:             508 kB
Cached:            44056 kB
SwapCached:            0 kB
Active:           364788 kB
Inactive:          24752 kB
Active(anon):     346368 kB
Inactive(anon):     3148 kB
Active(file):      18420 kB
Inactive(file):    21604 kB
Unevictable:        1968 kB
Mlocked:            3816 kB
HighTotal:             0 kB
HighFree:              0 kB
LowTotal:         482068 kB
LowFree:           13708 kB
SwapTotal:             0 kB
SwapFree:              0 kB
Dirty:                32 kB
Writeback:             0 kB
AnonPages:        346988 kB
Mapped:            47872 kB
Shmem:              3312 kB
Slab:              18236 kB
SReclaimable:       4744 kB
SUnreclaim:        13492 kB
KernelStack:        5248 kB
PageTables:         6180 kB
NFS_Unstable:          0 kB
Bounce:                0 kB
WritebackTmp:          0 kB
CommitLimit:      241032 kB
Committed_AS:    3526876 kB
VmallocTotal:     507904 kB
VmallocUsed:      110608 kB
VmallocChunk:     112576 kB
1557576503.000000
MemTotal:         482068 kB
MemFree:           13444 kB
Buffers:             508 kB
Cached:            44368 kB
SwapCached:            0 kB
Active:           364860 kB
Inactive:          25016 kB
Active(anon):     346440 kB
Inactive(anon):     3148 kB
Active(file):      18420 kB
Inactive(file):    21868 kB
Unevictable:        1968 kB
Mlocked:            3816 kB
HighTotal:             0 kB
HighFree:              0 kB
LowTotal:         482068 kB
LowFree:           13444 kB
SwapTotal:             0 kB
SwapFree:              0 kB
Dirty:                 0 kB
Writeback:             0 kB
AnonPages:        346992 kB
Mapped:            47884 kB
Shmem:              3312 kB
Slab:              18244 kB
SReclaimable:       4744 kB
SUnreclaim:        13500 kB
KernelStack:        5248 kB
PageTables:         6180 kB
NFS_Unstable:          0 kB
Bounce:                0 kB
WritebackTmp:          0 kB
CommitLimit:      241032 kB
Committed_AS:    3526912 kB
VmallocTotal:     507904 kB
VmallocUsed:      110608 kB
VmallocChunk:     112576 kB
1557576504.000000
MemTotal:         482068 kB
MemFree:            9856 kB
Buffers:             512 kB
Cached:            47940 kB
SwapCached:            0 kB
Active:           364896 kB
Inactive:          28628 kB
Active(anon):     346476 kB
Inactive(anon):     3148 kB
Active(file):      18420 kB
Inactive(file):    25480 kB
Unevictable:        1968 kB
Mlocked:            3816 kB
HighTotal:             0 kB
HighFree:              0 kB
LowTotal:         482068 kB
LowFree:            9856 kB
SwapTotal:             0 kB
SwapFree:              0 kB
Dirty:                 0 kB
Writeback:             0 kB
AnonPages:        347080 kB
Mapped:            48348 kB
Shmem:              3312 kB
Slab:              18232 kB
SReclaimable:       4744 kB
SUnreclaim:        13488 kB
KernelStack:        5248 kB
PageTables:         6100 kB
NFS_Unstable:          0 kB
Bounce:                0 kB
WritebackTmp:          0 kB
CommitLimit:      241032 kB
Committed_AS:    3526912 kB
VmallocTotal:     507904 kB
VmallocUsed:      110608 kB
VmallocChunk:     112576 kB
1557576504.000000
MemTotal:         482068 kB
MemFree:            9840 kB
Buffers:             512 kB
Cached:            47968 kB
SwapCached:            0 kB
Active:           364780 kB
Inactive:          28600 kB
Active(anon):     346320 kB
Inactive(anon):     3148 kB
Active(file):      18460 kB
Inactive(file):    25452 kB
Unevictable:        1968 kB
Mlocked:            3816 kB
HighTotal:             0 kB
HighFree:              0 kB
LowTotal:         482068 kB
LowFree:            9840 kB
SwapTotal:             0 kB
SwapFree:              0 kB
Dirty:                36 kB
Writeback:             0 kB
AnonPages:        346916 kB
Mapped:            48296 kB
Shmem:              3312 kB
Slab:              18228 kB
SReclaimable:       4744 kB
SUnreclaim:        13484 kB
KernelStack:        5248 kB
PageTables:         6240 kB
NFS_Unstable:          0 kB
Bounce:                0 kB
WritebackTmp:          0 kB
CommitLimit:      241032 kB
Committed_AS:    3526916 kB
VmallocTotal:     507904 kB
VmallocUsed:      110608 kB
VmallocChunk:     112576 kB
1557576505.000000
MemTotal:         482068 kB
MemFree:            9360 kB
Buffers:             512 kB
Cached:            48224 kB
SwapCached:            0 kB
Active:           365204 kB
Inactive:          28856 kB
Active(anon):     346744 kB
Inactive(anon):     3148 kB
Active(file):      18460 kB
Inactive(file):    25708 kB
Unevictable:        1968 kB
Mlocked:            3816 kB
HighTotal:             0 kB
HighFree:              0 kB
LowTotal:         482068 kB
LowFree:            9360 kB
SwapTotal:             0 kB
SwapFree:              0 kB
Dirty:                36 kB
Writeback:             0 kB
AnonPages:        347332 kB
Mapped:            48416 kB
Shmem:              3312 kB
Slab:              18244 kB
SReclaimable:       4744 kB
SUnreclaim:        13500 kB
KernelStack:        5248 kB
PageTables:         6176 kB
NFS_Unstable:          0 kB
Bounce:                0 kB
WritebackTmp:          0 kB
CommitLimit:      241032 kB
Committed_AS:    3527056 kB
VmallocTotal:     507904 kB
VmallocUsed:      110608 kB
VmallocChunk:     112576 kB
1557576506.000000
MemTotal:         482068 kB
MemFree:            3724 kB
Buffers:             384 kB
Cached:            51108 kB
SwapCached:            0 kB
Active:           369804 kB
Inactive:          29256 kB
Active(anon):     349180 kB
Inactive(anon):     3148 kB
Active(file):      20624 kB
Inactive(file):    26108 kB
Unevictable:        1968 kB
Mlocked:            3816 kB
HighTotal:             0 kB
HighFree:              0 kB
LowTotal:         482068 kB
LowFree:            3724 kB
SwapTotal:             0 kB
SwapFree:              0 kB
Dirty:                36 kB
Writeback:             0 kB
AnonPages:        349756 kB
Mapped:            49024 kB
Shmem:              3312 kB
Slab:              18228 kB
SReclaimable:       4744 kB
SUnreclaim:        13484 kB
KernelStack:        5320 kB
PageTables:         6476 kB
NFS_Unstable:          0 kB
Bounce:                0 kB
WritebackTmp:          0 kB
CommitLimit:      241032 kB
Committed_AS:    3672496 kB
VmallocTotal:     507904 kB
VmallocUsed:      112652 kB
VmallocChunk:     112576 kB
1557576507.000000
MemTotal:         482068 kB
MemFree:            4360 kB
Buffers:             252 kB
Cached:            48196 kB
SwapCached:            0 kB
Active:           373044 kB
Inactive:          25336 kB
Active(anon):     351344 kB
Inactive(anon):     3148 kB
Active(file):      21700 kB
Inactive(file):    22188 kB
Unevictable:        1968 kB
Mlocked:            3816 kB
HighTotal:             0 kB
HighFree:              0 kB
LowTotal:         482068 kB
LowFree:            4360 kB
SwapTotal:             0 kB
SwapFree:              0 kB
Dirty:                 0 kB
Writeback:             0 kB
AnonPages:        351888 kB
Mapped:            52124 kB
Shmem:              3312 kB
Slab:              18232 kB
SReclaimable:       4744 kB
SUnreclaim:        13488 kB
KernelStack:        5320 kB
PageTables:         6440 kB
NFS_Unstable:          0 kB
Bounce:                0 kB
WritebackTmp:          0 kB
CommitLimit:      241032 kB
Committed_AS:    3675696 kB
VmallocTotal:     507904 kB
VmallocUsed:      112652 kB
VmallocChunk:     112576 kB
1557576508.000000
MemTotal:         482068 kB
MemFree:            3864 kB
Buffers:             252 kB
Cached:            49040 kB
SwapCached:            0 kB
Active:           373272 kB
Inactive:          26172 kB
Active(anon):     351572 kB
Inactive(anon):     3148 kB
Active(file):      21700 kB
Inactive(file):    23024 kB
Unevictable:        1968 kB
Mlocked:            3816 kB
HighTotal:             0 kB
HighFree:              0 kB
LowTotal:         482068 kB
LowFree:            3864 kB
SwapTotal:             0 kB
SwapFree:              0 kB
Dirty:                 0 kB
Writeback:             0 kB
AnonPages:        352092 kB
Mapped:            52200 kB
Shmem:              3312 kB
Slab:              18220 kB
SReclaimable:       4744 kB
SUnreclaim:        13476 kB
KernelStack:        5320 kB
PageTables:         6428 kB
NFS_Unstable:          0 kB
Bounce:                0 kB
WritebackTmp:          0 kB
CommitLimit:      241032 kB
Committed_AS:    3675660 kB
VmallocTotal:     507904 kB
VmallocUsed:      112652 kB
VmallocChunk:     112576 kB
1557576509.000000
MemTotal:         482068 kB
MemFree:            4212 kB
Buffers:             252 kB
Cached:            48128 kB
SwapCached:            0 kB
Active:           373324 kB
Inactive:          25276 kB
Active(anon):     351624 kB
Inactive(anon):     3148 kB
Active(file):      21700 kB
Inactive(file):    22128 kB
Unevictable:        1968 kB
Mlocked:            3816 kB
HighTotal:             0 kB
HighFree:              0 kB
LowTotal:         482068 kB
LowFree:            4212 kB
SwapTotal:             0 kB
SwapFree:              0 kB
Dirty:                 0 kB
Writeback:             0 kB
AnonPages:        352168 kB
Mapped:            52124 kB
Shmem:              3312 kB
Slab:              18272 kB
SReclaimable:       4744 kB
SUnreclaim:        13528 kB
KernelStack:        5320 kB
PageTables:         6428 kB
NFS_Unstable:          0 kB
Bounce:                0 kB
WritebackTmp:          0 kB
CommitLimit:      241032 kB
Committed_AS:    3675664 kB
VmallocTotal:     507904 kB
VmallocUsed:      112652 kB
VmallocChunk:     112576 kB
1557576510.000000
MemTotal:         482068 kB
MemFree:            4204 kB
Buffers:             260 kB
Cached:            48144 kB
SwapCached:            0 kB
Active:           373460 kB
Inactive:          25284 kB
Active(anon):     351760 kB
Inactive(anon):     3148 kB
Active(file):      21700 kB
Inactive(file):    22136 kB
Unevictable:        1968 kB
Mlocked:            3816 kB
HighTotal:             0 kB
HighFree:              0 kB
LowTotal:         482068 kB
LowFree:            4204 kB
SwapTotal:             0 kB
SwapFree:              0 kB
Dirty:                 0 kB
Writeback:             0 kB
AnonPages:        352252 kB
Mapped:            52188 kB
Shmem:              3312 kB
Slab:              18240 kB
SReclaimable:       4744 kB
SUnreclaim:        13496 kB
KernelStack:        5320 kB
PageTables:         6504 kB
NFS_Unstable:          0 kB
Bounce:                0 kB
WritebackTmp:          0 kB
CommitLimit:      241032 kB
Committed_AS:    3675816 kB
VmallocTotal:     507904 kB
VmallocUsed:      112652 kB
VmallocChunk:     112576 kB
1557576511.000000
MemTotal:         482068 kB
MemFree:            4716 kB
Buffers:             260 kB
Cached:            47392 kB
SwapCached:            0 kB
Active:           373492 kB
Inactive:          24672 kB
Active(anon):     351944 kB
Inactive(anon):     3148 kB
Active(file):      21548 kB
Inactive(file):    21524 kB
Unevictable:        1968 kB
Mlocked:            3816 kB
HighTotal:             0 kB
HighFree:              0 kB
LowTotal:         482068 kB
LowFree:            4716 kB
SwapTotal:             0 kB
SwapFree:              0 kB
Dirty:                16 kB
Writeback:             0 kB
AnonPages:        352488 kB
Mapped:            52036 kB
Shmem:              3312 kB
Slab:              18236 kB
SReclaimable:       4744 kB
SUnreclaim:        13492 kB
KernelStack:        5312 kB
PageTables:         6508 kB
NFS_Unstable:          0 kB
Bounce:                0 kB
WritebackTmp:          0 kB
CommitLimit:      241032 kB
Committed_AS:    3675848 kB
VmallocTotal:     507904 kB
VmallocUsed:      112652 kB
VmallocChunk:     112576 kB
1557576512.000000
MemTotal:         482068 kB
MemFree:            4072 kB
Buffers:             260 kB
Cached:            48068 kB
SwapCached:            0 kB
Active:           373476 kB
Inactive:          25300 kB
Active(anon):     351928 kB
Inactive(anon):     3148 kB
Active(file):      21548 kB
Inactive(file):    22152 kB
Unevictable:        1968 kB
Mlocked:            3816 kB
HighTotal:             0 kB
HighFree:              0 kB
LowTotal:         482068 kB
LowFree:            4072 kB
SwapTotal:             0 kB
SwapFree:              0 kB
Dirty:                16 kB
Writeback:             0 kB
AnonPages:        352556 kB
Mapped:            52156 kB
Shmem:              3312 kB
Slab:              18248 kB
SReclaimable:       4744 kB
SUnreclaim:        13504 kB
KernelStack:        5320 kB
PageTables:         6524 kB
NFS_Unstable:          0 kB
Bounce:                0 kB
WritebackTmp:          0 kB
CommitLimit:      241032 kB
Committed_AS:    3675880 kB
VmallocTotal:     507904 kB
VmallocUsed:      112660 kB
VmallocChunk:     112576 kB
1557576513.000000
MemTotal:         482068 kB
MemFree:            4204 kB
Buffers:             260 kB
Cached:            47400 kB
SwapCached:            0 kB
Active:           373604 kB
Inactive:          24700 kB
Active(anon):     352056 kB
Inactive(anon):     3164 kB
Active(file):      21548 kB
Inactive(file):    21536 kB
Unevictable:        1968 kB
Mlocked:            3816 kB
HighTotal:             0 kB
HighFree:              0 kB
LowTotal:         482068 kB
LowFree:            4204 kB
SwapTotal:             0 kB
SwapFree:              0 kB
Dirty:                16 kB
Writeback:             0 kB
AnonPages:        352604 kB
Mapped:            52164 kB
Shmem:              3328 kB
Slab:              18236 kB
SReclaimable:       4744 kB
SUnreclaim:        13492 kB
KernelStack:        5320 kB
PageTables:         6448 kB
NFS_Unstable:          0 kB
Bounce:                0 kB
WritebackTmp:          0 kB
CommitLimit:      241032 kB
Committed_AS:    3675888 kB
VmallocTotal:     507904 kB
VmallocUsed:      112652 kB
VmallocChunk:     112576 kB
1557576514.000000
MemTotal:         482068 kB
MemFree:            4384 kB
Buffers:             260 kB
Cached:            47588 kB
SwapCached:            0 kB
Active:           373708 kB
Inactive:          24816 kB
Active(anon):     352132 kB
Inactive(anon):     3168 kB
Active(file):      21576 kB
Inactive(file):    21648 kB
Unevictable:        1968 kB
Mlocked:            3816 kB
HighTotal:             0 kB
HighFree:              0 kB
LowTotal:         482068 kB
LowFree:            4384 kB
SwapTotal:             0 kB
SwapFree:              0 kB
Dirty:                 0 kB
Writeback:             0 kB
AnonPages:        352680 kB
Mapped:            52108 kB
Shmem:              3332 kB
Slab:              18240 kB
SReclaimable:       4744 kB
SUnreclaim:        13496 kB
KernelStack:        5320 kB
PageTables:         6452 kB
NFS_Unstable:          0 kB
Bounce:                0 kB
WritebackTmp:          0 kB
CommitLimit:      241032 kB
Committed_AS:    3675892 kB
VmallocTotal:     507904 kB
VmallocUsed:      112652 kB
VmallocChunk:     112576 kB
1557576515.000000
MemTotal:         482068 kB
MemFree:            4276 kB
Buffers:             260 kB
Cached:            47612 kB
SwapCached:            0 kB
Active:           373872 kB
Inactive:          24832 kB
Active(anon):     352296 kB
Inactive(anon):     3164 kB
Active(file):      21576 kB
Inactive(file):    21668 kB
Unevictable:        1968 kB
Mlocked:            3816 kB
HighTotal:             0 kB
HighFree:              0 kB
LowTotal:         482068 kB
LowFree:            4276 kB
SwapTotal:             0 kB
SwapFree:              0 kB
Dirty:                 0 kB
Writeback:             0 kB
