MemTotal:         482068 kB
MemFree:          102276 kB
Buffers:             708 kB
Cached:            80224 kB
SwapCached:            0 kB
Active:           246000 kB
Inactive:          49908 kB
Active(anon):     215692 kB
Inactive(anon):      884 kB
Active(file):      30308 kB
Inactive(file):    49024 kB
Unevictable:        1256 kB
Mlocked:               0 kB
HighTotal:             0 kB
HighFree:              0 kB
LowTotal:         482068 kB
LowFree:          102276 kB
SwapTotal:             0 kB
SwapFree:              0 kB
Dirty:                 0 kB
Writeback:             0 kB
AnonPages:        216240 kB
Mapped:            31648 kB
Shmem:               344 kB
Slab:              21232 kB
SReclaimable:       5048 kB
SUnreclaim:        16184 kB
KernelStack:        5360 kB
PageTables:         6712 kB
NFS_Unstable:          0 kB
Bounce:                0 kB
WritebackTmp:          0 kB
CommitLimit:      241032 kB
Committed_AS:    3822140 kB
VmallocTotal:     507904 kB
VmallocUsed:      111392 kB
VmallocChunk:     112576 kB
1557581536.000000
MemTotal:         482068 kB
MemFree:           90368 kB
Buffers:             716 kB
Cached:            85564 kB
SwapCached:            0 kB
Active:           251784 kB
Inactive:          55224 kB
Active(anon):     221476 kB
Inactive(anon):      884 kB
Active(file):      30308 kB
Inactive(file):    54340 kB
Unevictable:        1256 kB
Mlocked:               0 kB
HighTotal:             0 kB
HighFree:              0 kB
LowTotal:         482068 kB
LowFree:           90368 kB
SwapTotal:             0 kB
SwapFree:              0 kB
Dirty:                 0 kB
Writeback:             0 kB
AnonPages:        222100 kB
Mapped:            40032 kB
Shmem:               344 kB
Slab:              21232 kB
SReclaimable:       5048 kB
SUnreclaim:        16184 kB
KernelStack:        5416 kB
PageTables:         6948 kB
NFS_Unstable:          0 kB
Bounce:                0 kB
WritebackTmp:          0 kB
CommitLimit:      241032 kB
Committed_AS:    3943348 kB
VmallocTotal:     507904 kB
VmallocUsed:      113436 kB
VmallocChunk:     112576 kB
1557581537.000000
MemTotal:         482068 kB
MemFree:           76648 kB
Buffers:             760 kB
Cached:            95000 kB
SwapCached:            0 kB
Active:           257428 kB
Inactive:          64556 kB
Active(anon):     226940 kB
Inactive(anon):      884 kB
Active(file):      30488 kB
Inactive(file):    63672 kB
Unevictable:        1256 kB
Mlocked:               0 kB
HighTotal:             0 kB
HighFree:              0 kB
LowTotal:         482068 kB
LowFree:           76648 kB
SwapTotal:             0 kB
SwapFree:              0 kB
Dirty:                76 kB
Writeback:             0 kB
AnonPages:        227504 kB
Mapped:            46092 kB
Shmem:               344 kB
Slab:              21244 kB
SReclaimable:       5048 kB
SUnreclaim:        16196 kB
KernelStack:        5488 kB
PageTables:         7088 kB
NFS_Unstable:          0 kB
Bounce:                0 kB
WritebackTmp:          0 kB
CommitLimit:      241032 kB
Committed_AS:    3948044 kB
VmallocTotal:     507904 kB
VmallocUsed:      111828 kB
VmallocChunk:     112576 kB
1557581538.000000
MemTotal:         482068 kB
MemFree:           62392 kB
Buffers:             780 kB
Cached:            99556 kB
SwapCached:            0 kB
Active:           265632 kB
Inactive:          69072 kB
Active(anon):     235096 kB
Inactive(anon):      884 kB
Active(file):      30536 kB
Inactive(file):    68188 kB
Unevictable:        1256 kB
Mlocked:               0 kB
HighTotal:             0 kB
HighFree:              0 kB
LowTotal:         482068 kB
LowFree:           62392 kB
SwapTotal:             0 kB
SwapFree:              0 kB
Dirty:                88 kB
Writeback:             0 kB
AnonPages:        235688 kB
Mapped:            53672 kB
Shmem:               344 kB
Slab:              21228 kB
SReclaimable:       5044 kB
SUnreclaim:        16184 kB
KernelStack:        5640 kB
PageTables:         7208 kB
NFS_Unstable:          0 kB
Bounce:                0 kB
WritebackTmp:          0 kB
CommitLimit:      241032 kB
Committed_AS:    3957268 kB
VmallocTotal:     507904 kB
VmallocUsed:      113436 kB
VmallocChunk:     112576 kB
1557581538.000000
MemTotal:         482068 kB
MemFree:           51712 kB
Buffers:             808 kB
Cached:           102720 kB
SwapCached:            0 kB
Active:           272808 kB
Inactive:          72244 kB
Active(anon):     242272 kB
Inactive(anon):      884 kB
Active(file):      30536 kB
Inactive(file):    71360 kB
Unevictable:        1256 kB
Mlocked:               0 kB
HighTotal:             0 kB
HighFree:              0 kB
LowTotal:         482068 kB
LowFree:           51712 kB
SwapTotal:             0 kB
SwapFree:              0 kB
Dirty:                88 kB
Writeback:             0 kB
AnonPages:        242908 kB
Mapped:            57320 kB
Shmem:               344 kB
Slab:              21228 kB
SReclaimable:       5044 kB
SUnreclaim:        16184 kB
KernelStack:        5640 kB
PageTables:         7208 kB
NFS_Unstable:          0 kB
Bounce:                0 kB
WritebackTmp:          0 kB
CommitLimit:      241032 kB
Committed_AS:    3965840 kB
VmallocTotal:     507904 kB
VmallocUsed:      113436 kB
VmallocChunk:     112576 kB
1557581539.000000
MemTotal:         482068 kB
MemFree:           46108 kB
Buffers:             828 kB
Cached:           104572 kB
SwapCached:            0 kB
Active:           276940 kB
Inactive:          74024 kB
Active(anon):     246388 kB
Inactive(anon):      884 kB
Active(file):      30552 kB
Inactive(file):    73140 kB
Unevictable:        1256 kB
Mlocked:               0 kB
HighTotal:             0 kB
HighFree:              0 kB
LowTotal:         482068 kB
LowFree:           46108 kB
SwapTotal:             0 kB
SwapFree:              0 kB
Dirty:                92 kB
Writeback:             0 kB
AnonPages:        246952 kB
Mapped:            60040 kB
Shmem:               344 kB
Slab:              21208 kB
SReclaimable:       5044 kB
SUnreclaim:        16164 kB
KernelStack:        5696 kB
PageTables:         7172 kB
NFS_Unstable:          0 kB
Bounce:                0 kB
WritebackTmp:          0 kB
CommitLimit:      241032 kB
Committed_AS:    3970068 kB
VmallocTotal:     507904 kB
VmallocUsed:      113512 kB
VmallocChunk:     112576 kB
1557581540.000000
MemTotal:         482068 kB
MemFree:           37604 kB
Buffers:             840 kB
Cached:           110444 kB
SwapCached:            0 kB
Active:           280676 kB
Inactive:          79312 kB
Active(anon):     249432 kB
Inactive(anon):      884 kB
Active(file):      31244 kB
Inactive(file):    78428 kB
Unevictable:        1256 kB
Mlocked:               0 kB
HighTotal:             0 kB
HighFree:              0 kB
LowTotal:         482068 kB
LowFree:           37604 kB
SwapTotal:             0 kB
SwapFree:              0 kB
Dirty:                 8 kB
Writeback:             0 kB
AnonPages:        250060 kB
Mapped:            60812 kB
Shmem:               344 kB
Slab:              21224 kB
SReclaimable:       5044 kB
SUnreclaim:        16180 kB
KernelStack:        5744 kB
PageTables:         7200 kB
NFS_Unstable:          0 kB
Bounce:                0 kB
WritebackTmp:          0 kB
CommitLimit:      241032 kB
Committed_AS:    3973164 kB
VmallocTotal:     507904 kB
VmallocUsed:      112776 kB
VmallocChunk:     112576 kB
1557581540.000000
MemTotal:         482068 kB
MemFree:           27816 kB
Buffers:             856 kB
Cached:           112860 kB
SwapCached:            0 kB
Active:           286240 kB
Inactive:          81756 kB
Active(anon):     254944 kB
Inactive(anon):      884 kB
Active(file):      31296 kB
Inactive(file):    80872 kB
Unevictable:        1256 kB
Mlocked:               0 kB
HighTotal:             0 kB
HighFree:              0 kB
LowTotal:         482068 kB
LowFree:           27816 kB
SwapTotal:             0 kB
SwapFree:              0 kB
Dirty:                84 kB
Writeback:             0 kB
AnonPages:        255456 kB
Mapped:            64916 kB
Shmem:               344 kB
Slab:              21536 kB
SReclaimable:       5252 kB
SUnreclaim:        16284 kB
KernelStack:        5744 kB
PageTables:         7200 kB
NFS_Unstable:          0 kB
Bounce:                0 kB
WritebackTmp:          0 kB
CommitLimit:      241032 kB
Committed_AS:    3979696 kB
VmallocTotal:     507904 kB
VmallocUsed:      114400 kB
VmallocChunk:     112576 kB
1557581541.000000
MemTotal:         482068 kB
MemFree:           17520 kB
Buffers:             876 kB
Cached:           115380 kB
SwapCached:            0 kB
Active:           292784 kB
Inactive:          83616 kB
Active(anon):     260932 kB
Inactive(anon):      892 kB
Active(file):      31852 kB
Inactive(file):    82724 kB
Unevictable:        1256 kB
Mlocked:               0 kB
HighTotal:             0 kB
HighFree:              0 kB
LowTotal:         482068 kB
LowFree:           17520 kB
SwapTotal:             0 kB
SwapFree:              0 kB
Dirty:               168 kB
Writeback:             0 kB
AnonPages:        261500 kB
Mapped:            68276 kB
Shmem:               352 kB
Slab:              21572 kB
SReclaimable:       5292 kB
SUnreclaim:        16280 kB
KernelStack:        5840 kB
PageTables:         7324 kB
NFS_Unstable:          0 kB
Bounce:                0 kB
WritebackTmp:          0 kB
CommitLimit:      241032 kB
Committed_AS:    3988480 kB
VmallocTotal:     507904 kB
VmallocUsed:      116024 kB
VmallocChunk:     112576 kB
1557581542.000000
MemTotal:         482068 kB
MemFree:            6500 kB
Buffers:             876 kB
Cached:           116204 kB
SwapCached:            0 kB
Active:           301804 kB
Inactive:          84324 kB
Active(anon):     269824 kB
Inactive(anon):      900 kB
Active(file):      31980 kB
Inactive(file):    83424 kB
Unevictable:        1256 kB
Mlocked:               0 kB
HighTotal:             0 kB
HighFree:              0 kB
LowTotal:         482068 kB
LowFree:            6500 kB
SwapTotal:             0 kB
SwapFree:              0 kB
Dirty:               176 kB
Writeback:             0 kB
AnonPages:        270408 kB
Mapped:            71188 kB
Shmem:               360 kB
Slab:              21536 kB
SReclaimable:       5296 kB
SUnreclaim:        16240 kB
KernelStack:        5872 kB
PageTables:         7364 kB
NFS_Unstable:          0 kB
Bounce:                0 kB
WritebackTmp:          0 kB
CommitLimit:      241032 kB
Committed_AS:    3996940 kB
VmallocTotal:     507904 kB
VmallocUsed:      117528 kB
VmallocChunk:     112576 kB
1557581542.000000
MemTotal:         482068 kB
MemFree:            4020 kB
Buffers:             872 kB
Cached:           116360 kB
SwapCached:            0 kB
Active:           304560 kB
Inactive:          83584 kB
Active(anon):     271644 kB
Inactive(anon):      900 kB
Active(file):      32916 kB
Inactive(file):    82684 kB
Unevictable:        1256 kB
Mlocked:               0 kB
HighTotal:             0 kB
HighFree:              0 kB
LowTotal:         482068 kB
LowFree:            4020 kB
SwapTotal:             0 kB
SwapFree:              0 kB
Dirty:               100 kB
Writeback:             0 kB
AnonPages:        272232 kB
Mapped:            72328 kB
Shmem:               360 kB
Slab:              21536 kB
SReclaimable:       5296 kB
SUnreclaim:        16240 kB
KernelStack:        5872 kB
PageTables:         7364 kB
NFS_Unstable:          0 kB
Bounce:                0 kB
WritebackTmp:          0 kB
CommitLimit:      241032 kB
Committed_AS:    3999096 kB
VmallocTotal:     507904 kB
VmallocUsed:      117528 kB
VmallocChunk:     112576 kB
1557581543.000000
MemTotal:         482068 kB
MemFree:            4004 kB
Buffers:             872 kB
Cached:           113120 kB
SwapCached:            0 kB
Active:           308124 kB
Inactive:          80184 kB
Active(anon):     275000 kB
Inactive(anon):      900 kB
Active(file):      33124 kB
Inactive(file):    79284 kB
Unevictable:        1256 kB
Mlocked:               0 kB
HighTotal:             0 kB
HighFree:              0 kB
LowTotal:         482068 kB
LowFree:            4004 kB
SwapTotal:             0 kB
SwapFree:              0 kB
Dirty:               136 kB
Writeback:             0 kB
AnonPages:        275612 kB
Mapped:            72944 kB
Shmem:               360 kB
Slab:              21432 kB
SReclaimable:       5184 kB
SUnreclaim:        16248 kB
KernelStack:        5904 kB
PageTables:         7308 kB
NFS_Unstable:          0 kB
Bounce:                0 kB
WritebackTmp:          0 kB
CommitLimit:      241032 kB
Committed_AS:    4001976 kB
VmallocTotal:     507904 kB
VmallocUsed:      117528 kB
VmallocChunk:     112576 kB
1557581544.000000
MemTotal:         482068 kB
MemFree:            4104 kB
Buffers:             716 kB
Cached:           109764 kB
SwapCached:            0 kB
Active:           316240 kB
Inactive:          72268 kB
Active(anon):     278876 kB
Inactive(anon):      900 kB
Active(file):      37364 kB
Inactive(file):    71368 kB
Unevictable:        1256 kB
Mlocked:               0 kB
HighTotal:             0 kB
HighFree:              0 kB
LowTotal:         482068 kB
LowFree:            4104 kB
SwapTotal:             0 kB
SwapFree:              0 kB
Dirty:               216 kB
Writeback:             0 kB
AnonPages:        279456 kB
Mapped:            73652 kB
Shmem:               360 kB
Slab:              21440 kB
SReclaimable:       5184 kB
SUnreclaim:        16256 kB
KernelStack:        5920 kB
PageTables:         7320 kB
NFS_Unstable:          0 kB
Bounce:                0 kB
WritebackTmp:          0 kB
CommitLimit:      241032 kB
Committed_AS:    4005188 kB
VmallocTotal:     507904 kB
VmallocUsed:      117528 kB
VmallocChunk:     112576 kB
1557581544.000000
MemTotal:         482068 kB
MemFree:           14096 kB
Buffers:             532 kB
Cached:            92156 kB
SwapCached:            0 kB
Active:           328300 kB
Inactive:          47268 kB
Active(anon):     283860 kB
Inactive(anon):     3604 kB
Active(file):      44440 kB
Inactive(file):    43664 kB
Unevictable:        1464 kB
Mlocked:            2888 kB
HighTotal:             0 kB
HighFree:              0 kB
LowTotal:         482068 kB
LowFree:           14096 kB
SwapTotal:             0 kB
SwapFree:              0 kB
Dirty:               800 kB
Writeback:             0 kB
AnonPages:        284488 kB
Mapped:            79712 kB
Shmem:              3248 kB
Slab:              21400 kB
SReclaimable:       5104 kB
SUnreclaim:        16296 kB
KernelStack:        6088 kB
PageTables:         7644 kB
NFS_Unstable:          0 kB
Bounce:                0 kB
WritebackTmp:          0 kB
CommitLimit:      241032 kB
Committed_AS:    4129980 kB
VmallocTotal:     507904 kB
VmallocUsed:      122036 kB
VmallocChunk:     112576 kB
1557581545.000000
MemTotal:         482068 kB
MemFree:            4668 kB
Buffers:             512 kB
Cached:            84708 kB
SwapCached:            0 kB
Active:           331720 kB
Inactive:          41624 kB
Active(anon):     289360 kB
Inactive(anon):     3280 kB
Active(file):      42360 kB
Inactive(file):    38344 kB
Unevictable:        2024 kB
Mlocked:            6176 kB
HighTotal:             0 kB
HighFree:              0 kB
LowTotal:         482068 kB
LowFree:            4668 kB
SwapTotal:             0 kB
SwapFree:              0 kB
Dirty:                 0 kB
Writeback:             0 kB
AnonPages:        290104 kB
Mapped:            88772 kB
Shmem:              3296 kB
Slab:              21456 kB
SReclaimable:       5112 kB
SUnreclaim:        16344 kB
KernelStack:        6136 kB
PageTables:         7688 kB
NFS_Unstable:          0 kB
Bounce:                0 kB
WritebackTmp:          0 kB
CommitLimit:      241032 kB
Committed_AS:    4136140 kB
VmallocTotal:     507904 kB
VmallocUsed:      132508 kB
VmallocChunk:     112576 kB
1557581546.000000
MemTotal:         482068 kB
MemFree:            4404 kB
Buffers:             480 kB
Cached:            82308 kB
SwapCached:            0 kB
Active:           333592 kB
Inactive:          39784 kB
Active(anon):     291804 kB
Inactive(anon):     3280 kB
Active(file):      41788 kB
Inactive(file):    36504 kB
Unevictable:        2024 kB
Mlocked:            6176 kB
HighTotal:             0 kB
HighFree:              0 kB
LowTotal:         482068 kB
LowFree:            4404 kB
SwapTotal:             0 kB
SwapFree:              0 kB
Dirty:                 0 kB
Writeback:             0 kB
AnonPages:        292536 kB
Mapped:            88012 kB
Shmem:              3296 kB
Slab:              21508 kB
SReclaimable:       5112 kB
SUnreclaim:        16396 kB
KernelStack:        6136 kB
PageTables:         7688 kB
NFS_Unstable:          0 kB
Bounce:                0 kB
WritebackTmp:          0 kB
CommitLimit:      241032 kB
Committed_AS:    4140308 kB
VmallocTotal:     507904 kB
VmallocUsed:      132508 kB
VmallocChunk:     112576 kB
1557581547.000000
MemTotal:         482068 kB
MemFree:            4776 kB
Buffers:             500 kB
Cached:            79644 kB
SwapCached:            0 kB
Active:           334068 kB
Inactive:          38440 kB
Active(anon):     293656 kB
Inactive(anon):     3280 kB
Active(file):      40412 kB
Inactive(file):    35160 kB
Unevictable:        2024 kB
Mlocked:            6176 kB
HighTotal:             0 kB
HighFree:              0 kB
LowTotal:         482068 kB
LowFree:            4776 kB
SwapTotal:             0 kB
SwapFree:              0 kB
Dirty:                76 kB
Writeback:             0 kB
AnonPages:        294456 kB
Mapped:            88032 kB
Shmem:              3296 kB
Slab:              21480 kB
SReclaimable:       5112 kB
SUnreclaim:        16368 kB
KernelStack:        6144 kB
PageTables:         7696 kB
NFS_Unstable:          0 kB
Bounce:                0 kB
WritebackTmp:          0 kB
CommitLimit:      241032 kB
Committed_AS:    4144084 kB
VmallocTotal:     507904 kB
VmallocUsed:      132508 kB
VmallocChunk:     112576 kB
1557581548.000000
MemTotal:         482068 kB
MemFree:            7248 kB
Buffers:             508 kB
Cached:            79952 kB
SwapCached:            0 kB
Active:           331264 kB
Inactive:          38784 kB
Active(anon):     290868 kB
Inactive(anon):     3304 kB
Active(file):      40396 kB
Inactive(file):    35480 kB
Unevictable:        2024 kB
Mlocked:            6176 kB
HighTotal:             0 kB
HighFree:              0 kB
LowTotal:         482068 kB
LowFree:            7248 kB
SwapTotal:             0 kB
SwapFree:              0 kB
Dirty:                92 kB
Writeback:             0 kB
AnonPages:        291624 kB
Mapped:            88160 kB
Shmem:              3332 kB
Slab:              21520 kB
SReclaimable:       5112 kB
SUnreclaim:        16408 kB
KernelStack:        6128 kB
PageTables:         7700 kB
NFS_Unstable:          0 kB
Bounce:                0 kB
WritebackTmp:          0 kB
CommitLimit:      241032 kB
Committed_AS:    4144488 kB
VmallocTotal:     507904 kB
VmallocUsed:      132508 kB
VmallocChunk:     112576 kB
1557581549.000000
MemTotal:         482068 kB
MemFree:            5504 kB
Buffers:             508 kB
Cached:            79612 kB
SwapCached:            0 kB
Active:           333244 kB
Inactive:          38852 kB
Active(anon):     293296 kB
Inactive(anon):     3292 kB
Active(file):      39948 kB
Inactive(file):    35560 kB
Unevictable:        2024 kB
Mlocked:            6176 kB
HighTotal:             0 kB
HighFree:              0 kB
LowTotal:         482068 kB
LowFree:            5504 kB
SwapTotal:             0 kB
SwapFree:              0 kB
Dirty:                92 kB
Writeback:             0 kB
AnonPages:        294084 kB
Mapped:            88120 kB
Shmem:              3344 kB
Slab:              21476 kB
SReclaimable:       5112 kB
SUnreclaim:        16364 kB
KernelStack:        6136 kB
PageTables:         7704 kB
NFS_Unstable:          0 kB
Bounce:                0 kB
WritebackTmp:          0 kB
CommitLimit:      241032 kB
Committed_AS:    4144668 kB
VmallocTotal:     507904 kB
VmallocUsed:      132508 kB
VmallocChunk:     112576 kB
1557581550.000000
MemTotal:         482068 kB
MemFree:            4420 kB
Buffers:             504 kB
Cached:            78372 kB
SwapCached:            0 kB
Active:           333708 kB
Inactive:          39220 kB
Active(anon):     295340 kB
Inactive(anon):     3288 kB
Active(file):      38368 kB
Inactive(file):    35932 kB
Unevictable:        2024 kB
Mlocked:            6176 kB
HighTotal:             0 kB
HighFree:              0 kB
LowTotal:         482068 kB
LowFree:            4420 kB
SwapTotal:             0 kB
SwapFree:              0 kB
Dirty:                16 kB
Writeback:            76 kB
AnonPages:        296052 kB
Mapped:            88088 kB
Shmem:              3344 kB
Slab:              21488 kB
SReclaimable:       5112 kB
SUnreclaim:        16376 kB
KernelStack:        6136 kB
PageTables:         7708 kB
NFS_Unstable:          0 kB
Bounce:                0 kB
WritebackTmp:          0 kB
CommitLimit:      241032 kB
Committed_AS:    4146120 kB
VmallocTotal:     507904 kB
VmallocUsed:      132508 kB
VmallocChunk:     112576 kB
1557581551.000000
MemTotal:         482068 kB
MemFree:            4396 kB
Buffers:             520 kB
Cached:            77604 kB
SwapCached:            0 kB
Active:           334016 kB
Inactive:          39324 kB
Active(anon):     296536 kB
Inactive(anon):     3304 kB
Active(file):      37480 kB
Inactive(file):    36020 kB
Unevictable:        2024 kB
Mlocked:            6176 kB
HighTotal:             0 kB
HighFree:              0 kB
LowTotal:         482068 kB
LowFree:            4396 kB
SwapTotal:             0 kB
SwapFree:              0 kB
Dirty:                56 kB
Writeback:             4 kB
AnonPages:        297268 kB
Mapped:            88116 kB
Shmem:              3368 kB
Slab:              21480 kB
SReclaimable:       5112 kB
SUnreclaim:        16368 kB
KernelStack:        6152 kB
PageTables:         7732 kB
NFS_Unstable:          0 kB
Bounce:                0 kB
WritebackTmp:          0 kB
CommitLimit:      241032 kB
Committed_AS:    4148176 kB
VmallocTotal:     507904 kB
VmallocUsed:      132508 kB
VmallocChunk:     112576 kB
1557581551.000000
MemTotal:         482068 kB
MemFree:            5148 kB
Buffers:             520 kB
Cached:            77008 kB
SwapCached:            0 kB
Active:           332904 kB
Inactive:          39536 kB
Active(anon):     296232 kB
Inactive(anon):     3304 kB
Active(file):      36672 kB
Inactive(file):    36232 kB
Unevictable:        2024 kB
Mlocked:            6176 kB
HighTotal:             0 kB
HighFree:              0 kB
LowTotal:         482068 kB
LowFree:            5148 kB
SwapTotal:             0 kB
SwapFree:              0 kB
Dirty:                60 kB
Writeback:             0 kB
AnonPages:        296988 kB
Mapped:            88100 kB
Shmem:              3368 kB
Slab:              21504 kB
SReclaimable:       5112 kB
SUnreclaim:        16392 kB
KernelStack:        6144 kB
PageTables:         7728 kB
NFS_Unstable:          0 kB
Bounce:                0 kB
WritebackTmp:          0 kB
CommitLimit:      241032 kB
Committed_AS:    4146488 kB
VmallocTotal:     507904 kB
VmallocUsed:      132508 kB
VmallocChunk:     112576 kB
1557581552.000000
MemTotal:         482068 kB
MemFree:            4604 kB
Buffers:             512 kB
Cached:            75164 kB
SwapCached:            0 kB
Active:           333856 kB
Inactive:          38864 kB
Active(anon):     298364 kB
Inactive(anon):     3304 kB
Active(file):      35492 kB
Inactive(file):    35560 kB
Unevictable:        2024 kB
Mlocked:            6176 kB
HighTotal:             0 kB
HighFree:              0 kB
LowTotal:         482068 kB
LowFree:            4604 kB
SwapTotal:             0 kB
SwapFree:              0 kB
Dirty:                60 kB
Writeback:             0 kB
AnonPages:        299072 kB
Mapped:            88016 kB
Shmem:              3368 kB
Slab:              21536 kB
SReclaimable:       5112 kB
SUnreclaim:        16424 kB
KernelStack:        6144 kB
PageTables:         7728 kB
NFS_Unstable:          0 kB
Bounce:                0 kB
WritebackTmp:          0 kB
CommitLimit:      241032 kB
Committed_AS:    4147648 kB
VmallocTotal:     507904 kB
VmallocUsed:      132508 kB
VmallocChunk:     112576 kB
1557581553.000000
MemTotal:         482068 kB
MemFree:            4040 kB
Buffers:             508 kB
Cached:            74788 kB
SwapCached:            0 kB
Active:           334620 kB
Inactive:          38956 kB
Active(anon):     299664 kB
Inactive(anon):     3304 kB
Active(file):      34956 kB
Inactive(file):    35652 kB
Unevictable:        2024 kB
Mlocked:            6176 kB
HighTotal:             0 kB
HighFree:              0 kB
LowTotal:         482068 kB
LowFree:            4040 kB
SwapTotal:             0 kB
SwapFree:              0 kB
Dirty:              1580 kB
Writeback:             0 kB
AnonPages:        300440 kB
Mapped:            88320 kB
Shmem:              3368 kB
Slab:              21536 kB
SReclaimable:       5112 kB
SUnreclaim:        16424 kB
KernelStack:        6144 kB
PageTables:         7728 kB
NFS_Unstable:          0 kB
Bounce:                0 kB
WritebackTmp:          0 kB
CommitLimit:      241032 kB
Committed_AS:    4147696 kB
VmallocTotal:     507904 kB
VmallocUsed:      132508 kB
VmallocChunk:     112576 kB
1557581554.000000
MemTotal:         482068 kB
MemFree:            4652 kB
Buffers:             508 kB
Cached:            71120 kB
SwapCached:            0 kB
Active:           335860 kB
Inactive:          36892 kB
Active(anon):     302392 kB
Inactive(anon):     3300 kB
Active(file):      33468 kB
Inactive(file):    33592 kB
Unevictable:        2024 kB
Mlocked:            6176 kB
HighTotal:             0 kB
HighFree:              0 kB
LowTotal:         482068 kB
LowFree:            4652 kB
SwapTotal:             0 kB
SwapFree:              0 kB
Dirty:              3032 kB
Writeback:             0 kB
AnonPages:        303024 kB
Mapped:            87108 kB
Shmem:              3368 kB
Slab:              21568 kB
SReclaimable:       5136 kB
SUnreclaim:        16432 kB
KernelStack:        6152 kB
PageTables:         7792 kB
NFS_Unstable:          0 kB
Bounce:                0 kB
WritebackTmp:          0 kB
CommitLimit:      241032 kB
Committed_AS:    4150920 kB
VmallocTotal:     507904 kB
VmallocUsed:      132508 kB
VmallocChunk:     112576 kB
1557581555.000000
MemTotal:         482068 kB
MemFree:            6240 kB
Buffers:             504 kB
Cached:            69112 kB
SwapCached:            0 kB
Active:           335172 kB
Inactive:          35780 kB
Active(anon):     302724 kB
Inactive(anon):     3296 kB
Active(file):      32448 kB
Inactive(file):    32484 kB
Unevictable:        2024 kB
Mlocked:            6176 kB
HighTotal:             0 kB
HighFree:              0 kB
LowTotal:         482068 kB
LowFree:            6240 kB
SwapTotal:             0 kB
SwapFree:              0 kB
Dirty:                40 kB
Writeback:          1368 kB
AnonPages:        303432 kB
Mapped:            85284 kB
Shmem:              3368 kB
Slab:              21544 kB
SReclaimable:       5148 kB
SUnreclaim:        16396 kB
KernelStack:        6144 kB
PageTables:         7796 kB
NFS_Unstable:          0 kB
Bounce:                0 kB
WritebackTmp:          0 kB
CommitLimit:      241032 kB
Committed_AS:    4150888 kB
VmallocTotal:     507904 kB
VmallocUsed:      132508 kB
VmallocChunk:     112576 kB
1557581556.000000
MemTotal:         482068 kB
MemFree:            5032 kB
Buffers:             504 kB
Cached:            67916 kB
SwapCached:            0 kB
Active:           336840 kB
Inactive:          35316 kB
Active(anon):     305056 kB
Inactive(anon):     3296 kB
Active(file):      31784 kB
Inactive(file):    32020 kB
Unevictable:        2024 kB
Mlocked:            6176 kB
HighTotal:             0 kB
HighFree:              0 kB
LowTotal:         482068 kB
LowFree:            5032 kB
SwapTotal:             0 kB
SwapFree:              0 kB
Dirty:                56 kB
Writeback:             0 kB
AnonPages:        305856 kB
Mapped:            83944 kB
Shmem:              3368 kB
Slab:              21568 kB
SReclaimable:       5152 kB
SUnreclaim:        16416 kB
KernelStack:        6144 kB
PageTables:         7724 kB
NFS_Unstable:          0 kB
Bounce:                0 kB
WritebackTmp:          0 kB
CommitLimit:      241032 kB
Committed_AS:    4153064 kB
VmallocTotal:     507904 kB
VmallocUsed:      132508 kB
VmallocChunk:     112576 kB
1557581557.000000
MemTotal:         482068 kB
MemFree:            5612 kB
Buffers:             524 kB
Cached:            66860 kB
SwapCached:            0 kB
Active:           336920 kB
Inactive:          34788 kB
Active(anon):     305668 kB
Inactive(anon):     3296 kB
Active(file):      31252 kB
Inactive(file):    31492 kB
Unevictable:        2024 kB
Mlocked:            6176 kB
HighTotal:             0 kB
HighFree:              0 kB
LowTotal:         482068 kB
LowFree:            5612 kB
SwapTotal:             0 kB
SwapFree:              0 kB
Dirty:                60 kB
Writeback:             0 kB
AnonPages:        306388 kB
Mapped:            82620 kB
Shmem:              3368 kB
Slab:              21524 kB
SReclaimable:       5152 kB
SUnreclaim:        16372 kB
KernelStack:        6160 kB
PageTables:         7736 kB
NFS_Unstable:          0 kB
Bounce:                0 kB
WritebackTmp:          0 kB
CommitLimit:      241032 kB
Committed_AS:    4153660 kB
VmallocTotal:     507904 kB
VmallocUsed:      132508 kB
VmallocChunk:     112576 kB
1557581557.000000
MemTotal:         482068 kB
MemFree:           11820 kB
Buffers:             524 kB
Cached:            66844 kB
SwapCached:            0 kB
Active:           330744 kB
Inactive:          34812 kB
Active(anon):     299516 kB
Inactive(anon):     3296 kB
Active(file):      31228 kB
Inactive(file):    31516 kB
Unevictable:        2024 kB
Mlocked:            6176 kB
HighTotal:             0 kB
HighFree:              0 kB
LowTotal:         482068 kB
LowFree:           11820 kB
SwapTotal:             0 kB
SwapFree:              0 kB
Dirty:                60 kB
Writeback:             0 kB
AnonPages:        300204 kB
Mapped:            82596 kB
Shmem:              3368 kB
Slab:              21544 kB
SReclaimable:       5152 kB
SUnreclaim:        16392 kB
KernelStack:        6160 kB
PageTables:         7736 kB
NFS_Unstable:          0 kB
Bounce:                0 kB
WritebackTmp:          0 kB
CommitLimit:      241032 kB
Committed_AS:    4151756 kB
VmallocTotal:     507904 kB
VmallocUsed:      132508 kB
VmallocChunk:     112576 kB
1557581558.000000
MemTotal:         482068 kB
MemFree:           11332 kB
Buffers:             380 kB
Cached:            65708 kB
SwapCached:            0 kB
Active:           332612 kB
Inactive:          34100 kB
Active(anon):     302012 kB
Inactive(anon):     3296 kB
Active(file):      30600 kB
Inactive(file):    30804 kB
Unevictable:        2024 kB
Mlocked:            6176 kB
HighTotal:             0 kB
HighFree:              0 kB
LowTotal:         482068 kB
LowFree:           11332 kB
SwapTotal:             0 kB
SwapFree:              0 kB
Dirty:                 0 kB
Writeback:             0 kB
AnonPages:        302768 kB
Mapped:            82372 kB
Shmem:              3368 kB
Slab:              21544 kB
SReclaimable:       5152 kB
SUnreclaim:        16392 kB
KernelStack:        6128 kB
PageTables:         7728 kB
NFS_Unstable:          0 kB
Bounce:                0 kB
WritebackTmp:          0 kB
CommitLimit:      241032 kB
Committed_AS:    4151976 kB
VmallocTotal:     507904 kB
VmallocUsed:      132508 kB
VmallocChunk:     112576 kB
1557581559.000000
MemTotal:         482068 kB
MemFree:           12324 kB
Buffers:             372 kB
Cached:            64108 kB
SwapCached:            0 kB
Active:           331620 kB
Inactive:          33308 kB
Active(anon):     301820 kB
Inactive(anon):     3296 kB
Active(file):      29800 kB
Inactive(file):    30012 kB
Unevictable:        2024 kB
Mlocked:            6176 kB
HighTotal:             0 kB
HighFree:              0 kB
LowTotal:         482068 kB
LowFree:           12324 kB
SwapTotal:             0 kB
SwapFree:              0 kB
Dirty:                 0 kB
Writeback:             0 kB
AnonPages:        302528 kB
Mapped:            81072 kB
Shmem:              3368 kB
Slab:              21552 kB
SReclaimable:       5152 kB
SUnreclaim:        16400 kB
KernelStack:        6152 kB
PageTables:         7800 kB
NFS_Unstable:          0 kB
Bounce:                0 kB
WritebackTmp:          0 kB
CommitLimit:      241032 kB
Committed_AS:    4152048 kB
VmallocTotal:     507904 kB
VmallocUsed:      132508 kB
VmallocChunk:     112576 kB
1557581560.000000
MemTotal:         482068 kB
MemFree:           12680 kB
Buffers:             368 kB
Cached:            63392 kB
SwapCached:            0 kB
Active:           331500 kB
Inactive:          32900 kB
Active(anon):     301964 kB
Inactive(anon):     3296 kB
Active(file):      29536 kB
Inactive(file):    29604 kB
Unevictable:        2024 kB
Mlocked:            6176 kB
HighTotal:             0 kB
HighFree:              0 kB
LowTotal:         482068 kB
LowFree:           12680 kB
SwapTotal:             0 kB
SwapFree:              0 kB
Dirty:                 0 kB
Writeback:             0 kB
AnonPages:        302716 kB
Mapped:            80820 kB
Shmem:              3368 kB
Slab:              21548 kB
SReclaimable:       5152 kB
SUnreclaim:        16396 kB
KernelStack:        6144 kB
PageTables:         7800 kB
NFS_Unstable:          0 kB
Bounce:                0 kB
WritebackTmp:          0 kB
CommitLimit:      241032 kB
Committed_AS:    4152132 kB
VmallocTotal:     507904 kB
VmallocUsed:      132508 kB
VmallocChunk:     112576 kB
1557581561.000000
MemTotal:         482068 kB
MemFree:           13316 kB
Buffers:             360 kB
Cached:            62660 kB
SwapCached:            0 kB
Active:           331272 kB
Inactive:          32536 kB
Active(anon):     302164 kB
Inactive(anon):     3296 kB
Active(file):      29108 kB
Inactive(file):    29240 kB
Unevictable:        2024 kB
Mlocked:            6176 kB
HighTotal:             0 kB
HighFree:              0 kB
LowTotal:         482068 kB
LowFree:           13316 kB
SwapTotal:             0 kB
SwapFree:              0 kB
Dirty:                 0 kB
Writeback:             0 kB
AnonPages:        302840 kB
Mapped:            80196 kB
Shmem:              3368 kB
Slab:              21556 kB
SReclaimable:       5152 kB
SUnreclaim:        16404 kB
KernelStack:        6144 kB
PageTables:         7724 kB
NFS_Unstable:          0 kB
Bounce:                0 kB
WritebackTmp:          0 kB
CommitLimit:      241032 kB
Committed_AS:    4152156 kB
VmallocTotal:     507904 kB
VmallocUsed:      132508 kB
VmallocChunk:     112576 kB
1557581561.000000
MemTotal:         482068 kB
MemFree:           13804 kB
Buffers:             368 kB
Cached:            62028 kB
SwapCached:            0 kB
Active:           331144 kB
Inactive:          32264 kB
Active(anon):     302260 kB
Inactive(anon):     3312 kB
Active(file):      28884 kB
Inactive(file):    28952 kB
Unevictable:        2024 kB
Mlocked:            6176 kB
HighTotal:             0 kB
HighFree:              0 kB
LowTotal:         482068 kB
LowFree:           13804 kB
SwapTotal:             0 kB
SwapFree:              0 kB
Dirty:                28 kB
Writeback:             0 kB
AnonPages:        302952 kB
Mapped:            80116 kB
Shmem:              3388 kB
Slab:              21544 kB
SReclaimable:       5152 kB
SUnreclaim:        16392 kB
KernelStack:        6152 kB
PageTables:         7736 kB
NFS_Unstable:          0 kB
Bounce:                0 kB
WritebackTmp:          0 kB
CommitLimit:      241032 kB
Committed_AS:    4152180 kB
VmallocTotal:     507904 kB
VmallocUsed:      132508 kB
VmallocChunk:     112576 kB
1557581562.000000
MemTotal:         482068 kB
MemFree:           15480 kB
Buffers:             360 kB
Cached:            59984 kB
SwapCached:            0 kB
Active:           330604 kB
Inactive:          31216 kB
Active(anon):     302832 kB
Inactive(anon):     3312 kB
Active(file):      27772 kB
Inactive(file):    27904 kB
Unevictable:        2024 kB
Mlocked:            6176 kB
HighTotal:             0 kB
HighFree:              0 kB
LowTotal:         482068 kB
LowFree:           15480 kB
SwapTotal:             0 kB
SwapFree:              0 kB
Dirty:                28 kB
Writeback:             0 kB
AnonPages:        303560 kB
Mapped:            77456 kB
Shmem:              3388 kB
Slab:              21544 kB
SReclaimable:       5152 kB
SUnreclaim:        16392 kB
KernelStack:        6152 kB
PageTables:         7736 kB
NFS_Unstable:          0 kB
Bounce:                0 kB
WritebackTmp:          0 kB
CommitLimit:      241032 kB
Committed_AS:    4152256 kB
VmallocTotal:     507904 kB
VmallocUsed:      132508 kB
VmallocChunk:     112576 kB
1557581563.000000
MemTotal:         482068 kB
MemFree:           14960 kB
Buffers:             360 kB
Cached:            60368 kB
SwapCached:            0 kB
Active:           330572 kB
Inactive:          31564 kB
Active(anon):     302760 kB
Inactive(anon):     3312 kB
Active(file):      27812 kB
Inactive(file):    28252 kB
Unevictable:        2024 kB
Mlocked:            6176 kB
HighTotal:             0 kB
HighFree:              0 kB
LowTotal:         482068 kB
LowFree:           14960 kB
SwapTotal:             0 kB
SwapFree:              0 kB
Dirty:                 0 kB
Writeback:             0 kB
AnonPages:        303508 kB
Mapped:            76988 kB
Shmem:              3388 kB
Slab:              21540 kB
SReclaimable:       5152 kB
SUnreclaim:        16388 kB
KernelStack:        6152 kB
PageTables:         7724 kB
NFS_Unstable:          0 kB
Bounce:                0 kB
WritebackTmp:          0 kB
CommitLimit:      241032 kB
Committed_AS:    4152312 kB
VmallocTotal:     507904 kB
VmallocUsed:      132508 kB
VmallocChunk:     112576 kB
1557581564.000000
MemTotal:         482068 kB
MemFree:           21392 kB
Buffers:             360 kB
Cached:            61464 kB
SwapCached:            0 kB
Active:           323628 kB
Inactive:          32608 kB
Active(anon):     295768 kB
Inactive(anon):     3312 kB
Active(file):      27860 kB
Inactive(file):    29296 kB
Unevictable:        2024 kB
Mlocked:            6176 kB
HighTotal:             0 kB
HighFree:              0 kB
LowTotal:         482068 kB
LowFree:           21392 kB
SwapTotal:             0 kB
SwapFree:              0 kB
Dirty:                 0 kB
Writeback:             0 kB
AnonPages:        296508 kB
Mapped:            77028 kB
Shmem:              3388 kB
Slab:              21568 kB
SReclaimable:       5152 kB
SUnreclaim:        16416 kB
KernelStack:        6152 kB
PageTables:         7800 kB
NFS_Unstable:          0 kB
Bounce:                0 kB
WritebackTmp:          0 kB
CommitLimit:      241032 kB
Committed_AS:    4151940 kB
VmallocTotal:     507904 kB
VmallocUsed:      132508 kB
VmallocChunk:     112576 kB
1557581565.000000
MemTotal:         482068 kB
MemFree:           21648 kB
Buffers:             360 kB
Cached:            60936 kB
SwapCached:            0 kB
Active:           323800 kB
Inactive:          31888 kB
Active(anon):     295836 kB
Inactive(anon):     3312 kB
Active(file):      27964 kB
Inactive(file):    28576 kB
Unevictable:        2024 kB
Mlocked:            6176 kB
HighTotal:             0 kB
HighFree:              0 kB
LowTotal:         482068 kB
LowFree:           21648 kB
SwapTotal:             0 kB
SwapFree:              0 kB
Dirty:                 0 kB
Writeback:             0 kB
AnonPages:        296576 kB
Mapped:            76260 kB
Shmem:              3388 kB
Slab:              21600 kB
SReclaimable:       5152 kB
SUnreclaim:        16448 kB
KernelStack:        6152 kB
PageTables:         7724 kB
NFS_Unstable:          0 kB
Bounce:                0 kB
WritebackTmp:          0 kB
CommitLimit:      241032 kB
Committed_AS:    4152012 kB
VmallocTotal:     507904 kB
VmallocUsed:      132508 kB
VmallocChunk:     112576 kB
1557581565.000000
MemTotal:         482068 kB
MemFree:           22104 kB
Buffers:             352 kB
Cached:            59580 kB
SwapCached:            0 kB
Active:           324016 kB
Inactive:          31076 kB
Active(anon):     296492 kB
Inactive(anon):     3312 kB
Active(file):      27524 kB
Inactive(file):    27764 kB
Unevictable:        2024 kB
Mlocked:            6176 kB
HighTotal:             0 kB
HighFree:              0 kB
LowTotal:         482068 kB
LowFree:           22104 kB
SwapTotal:             0 kB
SwapFree:              0 kB
Dirty:                 0 kB
Writeback:             0 kB
AnonPages:        297176 kB
Mapped:            75740 kB
Shmem:              3388 kB
Slab:              21592 kB
SReclaimable:       5152 kB
SUnreclaim:        16440 kB
KernelStack:        6160 kB
PageTables:         7736 kB
NFS_Unstable:          0 kB
Bounce:                0 kB
WritebackTmp:          0 kB
CommitLimit:      241032 kB
Committed_AS:    4152100 kB
VmallocTotal:     507904 kB
VmallocUsed:      132508 kB
VmallocChunk:     112576 kB
1557581566.000000
MemTotal:         482068 kB
MemFree:           22592 kB
Buffers:             268 kB
Cached:            57956 kB
SwapCached:            0 kB
Active:           324424 kB
Inactive:          30228 kB
Active(anon):     297768 kB
Inactive(anon):     3308 kB
Active(file):      26656 kB
Inactive(file):    26920 kB
Unevictable:        2024 kB
Mlocked:            6176 kB
HighTotal:             0 kB
HighFree:              0 kB
LowTotal:         482068 kB
LowFree:           22592 kB
SwapTotal:             0 kB
SwapFree:              0 kB
Dirty:                 0 kB
Writeback:             0 kB
AnonPages:        298412 kB
Mapped:            74204 kB
Shmem:              3388 kB
Slab:              21612 kB
SReclaimable:       5152 kB
SUnreclaim:        16460 kB
KernelStack:        6160 kB
PageTables:         7724 kB
NFS_Unstable:          0 kB
Bounce:                0 kB
WritebackTmp:          0 kB
CommitLimit:      241032 kB
Committed_AS:    4152264 kB
VmallocTotal:     507904 kB
VmallocUsed:      132508 kB
VmallocChunk:     112576 kB
1557581567.000000
MemTotal:         482068 kB
MemFree:           21468 kB
Buffers:             264 kB
Cached:            58872 kB
SwapCached:            0 kB
Active:           324464 kB
Inactive:          31224 kB
Active(anon):     297872 kB
Inactive(anon):     3308 kB
Active(file):      26592 kB
Inactive(file):    27916 kB
Unevictable:        2024 kB
Mlocked:            6176 kB
HighTotal:             0 kB
HighFree:              0 kB
LowTotal:         482068 kB
LowFree:           21468 kB
SwapTotal:             0 kB
SwapFree:              0 kB
Dirty:                 0 kB
Writeback:             0 kB
AnonPages:        298640 kB
Mapped:            72608 kB
Shmem:              3388 kB
Slab:              21664 kB
SReclaimable:       5152 kB
SUnreclaim:        16512 kB
KernelStack:        6160 kB
PageTables:         7724 kB
NFS_Unstable:          0 kB
Bounce:                0 kB
WritebackTmp:          0 kB
CommitLimit:      241032 kB
Committed_AS:    4152324 kB
VmallocTotal:     507904 kB
VmallocUsed:      132508 kB
VmallocChunk:     112576 kB
1557581568.000000
MemTotal:         482068 kB
MemFree:           20716 kB
Buffers:             212 kB
Cached:            59612 kB
SwapCached:            0 kB
Active:           324508 kB
Inactive:          32000 kB
Active(anon):     297976 kB
Inactive(anon):     3308 kB
Active(file):      26532 kB
Inactive(file):    28692 kB
Unevictable:        2024 kB
Mlocked:            6176 kB
HighTotal:             0 kB
HighFree:              0 kB
LowTotal:         482068 kB
LowFree:           20716 kB
SwapTotal:             0 kB
SwapFree:              0 kB
Dirty:                 0 kB
Writeback:             0 kB
AnonPages:        298660 kB
Mapped:            72012 kB
Shmem:              3388 kB
Slab:              21648 kB
SReclaimable:       5152 kB
SUnreclaim:        16496 kB
KernelStack:        6160 kB
PageTables:         7724 kB
NFS_Unstable:          0 kB
Bounce:                0 kB
WritebackTmp:          0 kB
CommitLimit:      241032 kB
Committed_AS:    4152340 kB
VmallocTotal:     507904 kB
VmallocUsed:      132508 kB
VmallocChunk:     112576 kB
1557581569.000000
MemTotal:         482068 kB
MemFree:           21204 kB
Buffers:             184 kB
Cached:            59060 kB
SwapCached:            0 kB
Active:           324572 kB
Inactive:          31424 kB
Active(anon):     298124 kB
Inactive(anon):     3308 kB
Active(file):      26448 kB
Inactive(file):    28116 kB
Unevictable:        2024 kB
Mlocked:            6176 kB
HighTotal:             0 kB
HighFree:              0 kB
LowTotal:         482068 kB
LowFree:           21204 kB
SwapTotal:             0 kB
SwapFree:              0 kB
Dirty:                 0 kB
Writeback:             0 kB
AnonPages:        298832 kB
Mapped:            71868 kB
Shmem:              3388 kB
Slab:              21700 kB
SReclaimable:       5152 kB
SUnreclaim:        16548 kB
KernelStack:        6160 kB
PageTables:         7800 kB
NFS_Unstable:          0 kB
Bounce:                0 kB
WritebackTmp:          0 kB
CommitLimit:      241032 kB
Committed_AS:    4152524 kB
VmallocTotal:     507904 kB
VmallocUsed:      132508 kB
VmallocChunk:     112576 kB
1557581569.000000
MemTotal:         482068 kB
MemFree:           21568 kB
Buffers:             184 kB
Cached:            58488 kB
SwapCached:            0 kB
Active:           324720 kB
Inactive:          30848 kB
Active(anon):     298244 kB
Inactive(anon):     3308 kB
Active(file):      26476 kB
Inactive(file):    27540 kB
Unevictable:        2024 kB
Mlocked:            6176 kB
HighTotal:             0 kB
HighFree:              0 kB
LowTotal:         482068 kB
LowFree:           21568 kB
SwapTotal:             0 kB
SwapFree:              0 kB
Dirty:                 0 kB
Writeback:             0 kB
AnonPages:        298944 kB
Mapped:            71160 kB
Shmem:              3388 kB
Slab:              21676 kB
SReclaimable:       5152 kB
SUnreclaim:        16524 kB
KernelStack:        6168 kB
PageTables:         7736 kB
NFS_Unstable:          0 kB
Bounce:                0 kB
WritebackTmp:          0 kB
CommitLimit:      241032 kB
Committed_AS:    4152544 kB
VmallocTotal:     507904 kB
VmallocUsed:      132508 kB
VmallocChunk:     112576 kB
1557581570.000000
MemTotal:         482068 kB
MemFree:           20052 kB
Buffers:             212 kB
Cached:            58636 kB
SwapCached:            0 kB
Active:           326272 kB
Inactive:          30984 kB
Active(anon):     299760 kB
Inactive(anon):     3304 kB
Active(file):      26512 kB
Inactive(file):    27680 kB
Unevictable:        2024 kB
Mlocked:            6176 kB
HighTotal:             0 kB
HighFree:              0 kB
LowTotal:         482068 kB
LowFree:           20052 kB
SwapTotal:             0 kB
SwapFree:              0 kB
Dirty:                32 kB
Writeback:             0 kB
AnonPages:        300456 kB
Mapped:            70496 kB
Shmem:              3392 kB
Slab:              21740 kB
SReclaimable:       5152 kB
SUnreclaim:        16588 kB
KernelStack:        6168 kB
PageTables:         7736 kB
NFS_Unstable:          0 kB
Bounce:                0 kB
WritebackTmp:          0 kB
CommitLimit:      241032 kB
Committed_AS:    4152608 kB
VmallocTotal:     507904 kB
VmallocUsed:      132508 kB
VmallocChunk:     112576 kB
1557581571.000000
MemTotal:         482068 kB
MemFree:           21360 kB
Buffers:             208 kB
Cached:            57500 kB
SwapCached:            0 kB
Active:           326324 kB
Inactive:          29828 kB
Active(anon):     299812 kB
Inactive(anon):     3304 kB
Active(file):      26512 kB
Inactive(file):    26524 kB
Unevictable:        2024 kB
Mlocked:            6176 kB
HighTotal:             0 kB
HighFree:              0 kB
LowTotal:         482068 kB
LowFree:           21360 kB
SwapTotal:             0 kB
SwapFree:              0 kB
Dirty:                32 kB
Writeback:             0 kB
AnonPages:        300532 kB
Mapped:            70040 kB
Shmem:              3392 kB
Slab:              21740 kB
SReclaimable:       5152 kB
SUnreclaim:        16588 kB
KernelStack:        6168 kB
PageTables:         7736 kB
NFS_Unstable:          0 kB
Bounce:                0 kB
WritebackTmp:          0 kB
CommitLimit:      241032 kB
Committed_AS:    4152548 kB
VmallocTotal:     507904 kB
VmallocUsed:      132508 kB
VmallocChunk:     112576 kB
1557581572.000000
MemTotal:         482068 kB
MemFree:           20756 kB
Buffers:             208 kB
Cached:            57688 kB
SwapCached:            0 kB
Active:           326356 kB
Inactive:          30112 kB
Active(anon):     299880 kB
Inactive(anon):     3304 kB
Active(file):      26476 kB
Inactive(file):    26808 kB
Unevictable:        2024 kB
Mlocked:            6176 kB
HighTotal:             0 kB
HighFree:              0 kB
LowTotal:         482068 kB
LowFree:           20756 kB
SwapTotal:             0 kB
SwapFree:              0 kB
Dirty:                32 kB
Writeback:             0 kB
AnonPages:        300560 kB
Mapped:            70040 kB
Shmem:              3392 kB
Slab:              21628 kB
SReclaimable:       5152 kB
SUnreclaim:        16476 kB
KernelStack:        6160 kB
PageTables:         7792 kB
NFS_Unstable:          0 kB
Bounce:                0 kB
WritebackTmp:          0 kB
CommitLimit:      241032 kB
Committed_AS:    4152668 kB
VmallocTotal:     507904 kB
VmallocUsed:      132508 kB
VmallocChunk:     112576 kB
1557581573.000000
MemTotal:         482068 kB
MemFree:           20624 kB
Buffers:             208 kB
Cached:            57696 kB
SwapCached:            0 kB
Active:           326388 kB
Inactive:          30112 kB
Active(anon):     299940 kB
Inactive(anon):     3304 kB
Active(file):      26448 kB
Inactive(file):    26808 kB
Unevictable:        2024 kB
Mlocked:            6176 kB
HighTotal:             0 kB
HighFree:              0 kB
LowTotal:         482068 kB
LowFree:           20624 kB
SwapTotal:             0 kB
SwapFree:              0 kB
Dirty:                32 kB
Writeback:             0 kB
AnonPages:        300620 kB
Mapped:            70040 kB
Shmem:              3392 kB
Slab:              21648 kB
SReclaimable:       5152 kB
SUnreclaim:        16496 kB
KernelStack:        6152 kB
PageTables:         7800 kB
NFS_Unstable:          0 kB
Bounce:                0 kB
WritebackTmp:          0 kB
CommitLimit:      241032 kB
Committed_AS:    4152696 kB
VmallocTotal:     507904 kB
VmallocUsed:      132508 kB
VmallocChunk:     112576 kB
1557581574.000000
MemTotal:         482068 kB
MemFree:           20508 kB
Buffers:             208 kB
Cached:            57696 kB
SwapCached:            0 kB
Active:           326876 kB
Inactive:          30112 kB
Active(anon):     300428 kB
Inactive(anon):     3304 kB
Active(file):      26448 kB
Inactive(file):    26808 kB
Unevictable:        2024 kB
Mlocked:            6176 kB
HighTotal:             0 kB
HighFree:              0 kB
LowTotal:         482068 kB
LowFree:           20508 kB
SwapTotal:             0 kB
SwapFree:              0 kB
Dirty:                 0 kB
Writeback:             0 kB
AnonPages:        301168 kB
Mapped:            70048 kB
Shmem:              3392 kB
Slab:              21668 kB
SReclaimable:       5152 kB
SUnreclaim:        16516 kB
KernelStack:        6160 kB
PageTables:         7740 kB
NFS_Unstable:          0 kB
Bounce:                0 kB
WritebackTmp:          0 kB
CommitLimit:      241032 kB
Committed_AS:    4152728 kB
VmallocTotal:     507904 kB
VmallocUsed:      132508 kB
VmallocChunk:     112576 kB
1557581574.000000
MemTotal:         482068 kB
MemFree:           16168 kB
Buffers:             208 kB
Cached:            60400 kB
SwapCached:            0 kB
Active:           328244 kB
Inactive:          32816 kB
Active(anon):     301796 kB
Inactive(anon):     3304 kB
Active(file):      26448 kB
Inactive(file):    29512 kB
Unevictable:        2024 kB
Mlocked:            6176 kB
HighTotal:             0 kB
HighFree:              0 kB
LowTotal:         482068 kB
LowFree:           16168 kB
SwapTotal:             0 kB
SwapFree:              0 kB
Dirty:                 0 kB
Writeback:             0 kB
AnonPages:        302524 kB
Mapped:            70788 kB
Shmem:              3392 kB
Slab:              21652 kB
SReclaimable:       5152 kB
SUnreclaim:        16500 kB
KernelStack:        6152 kB
PageTables:         7724 kB
NFS_Unstable:          0 kB
Bounce:                0 kB
WritebackTmp:          0 kB
CommitLimit:      241032 kB
Committed_AS:    4152744 kB
VmallocTotal:     507904 kB
VmallocUsed:      132508 kB
VmallocChunk:     112576 kB
1557581575.000000
MemTotal:         482068 kB
MemFree:           12424 kB
Buffers:             204 kB
Cached:            63672 kB
SwapCached:            0 kB
Active:           328556 kB
Inactive:          36084 kB
Active(anon):     302108 kB
Inactive(anon):     3304 kB
Active(file):      26448 kB
Inactive(file):    32780 kB
Unevictable:        2024 kB
Mlocked:            6176 kB
HighTotal:             0 kB
HighFree:              0 kB
LowTotal:         482068 kB
LowFree:           12424 kB
SwapTotal:             0 kB
SwapFree:              0 kB
Dirty:                 0 kB
Writeback:             0 kB
AnonPages:        302752 kB
Mapped:            71016 kB
Shmem:              3392 kB
Slab:              21704 kB
SReclaimable:       5152 kB
SUnreclaim:        16552 kB
KernelStack:        6152 kB
PageTables:         7724 kB
NFS_Unstable:          0 kB
Bounce:                0 kB
WritebackTmp:          0 kB
CommitLimit:      241032 kB
Committed_AS:    4152736 kB
VmallocTotal:     507904 kB
VmallocUsed:      132508 kB
VmallocChunk:     112576 kB
1557581576.000000
MemTotal:         482068 kB
MemFree:           12596 kB
Buffers:             212 kB
Cached:            63672 kB
SwapCached:            0 kB
Active:           328556 kB
Inactive:          36120 kB
Active(anon):     302136 kB
Inactive(anon):     3304 kB
Active(file):      26420 kB
Inactive(file):    32816 kB
Unevictable:        2024 kB
Mlocked:            6176 kB
HighTotal:             0 kB
HighFree:              0 kB
LowTotal:         482068 kB
LowFree:           12596 kB
SwapTotal:             0 kB
SwapFree:              0 kB
Dirty:                28 kB
Writeback:             0 kB
AnonPages:        302864 kB
Mapped:            71064 kB
Shmem:              3392 kB
Slab:              21652 kB
SReclaimable:       5152 kB
SUnreclaim:        16500 kB
KernelStack:        6152 kB
PageTables:         7724 kB
NFS_Unstable:          0 kB
Bounce:                0 kB
WritebackTmp:          0 kB
CommitLimit:      241032 kB
Committed_AS:    4152772 kB
VmallocTotal:     507904 kB
VmallocUsed:      132508 kB
VmallocChunk:     112576 kB
1557581577.000000
MemTotal:         482068 kB
MemFree:           12424 kB
Buffers:             212 kB
Cached:            63724 kB
SwapCached:            0 kB
Active:           328600 kB
Inactive:          36172 kB
Active(anon):     302180 kB
Inactive(anon):     3304 kB
Active(file):      26420 kB
Inactive(file):    32868 kB
Unevictable:        2024 kB
Mlocked:            6176 kB
HighTotal:             0 kB
HighFree:              0 kB
LowTotal:         482068 kB
LowFree:           12424 kB
SwapTotal:             0 kB
SwapFree:              0 kB
Dirty:                28 kB
Writeback:             0 kB
AnonPages:        302832 kB
Mapped:            71072 kB
Shmem:              3392 kB
Slab:              21652 kB
SReclaimable:       5152 kB
SUnreclaim:        16500 kB
KernelStack:        6144 kB
PageTables:         7724 kB
NFS_Unstable:          0 kB
Bounce:                0 kB
WritebackTmp:          0 kB
CommitLimit:      241032 kB
Committed_AS:    4152772 kB
VmallocTotal:     507904 kB
VmallocUsed:      132508 kB
VmallocChunk:     112576 kB
1557581578.000000
MemTotal:         482068 kB
MemFree:           11828 kB
Buffers:             212 kB
Cached:            63572 kB
SwapCached:            0 kB
Active:           329328 kB
Inactive:          35996 kB
Active(anon):     302908 kB
Inactive(anon):     3304 kB
Active(file):      26420 kB
Inactive(file):    32692 kB
Unevictable:        2024 kB
Mlocked:            6176 kB
HighTotal:             0 kB
HighFree:              0 kB
LowTotal:         482068 kB
LowFree:           11828 kB
SwapTotal:             0 kB
SwapFree:              0 kB
Dirty:                28 kB
Writeback:             0 kB
AnonPages:        303568 kB
Mapped:            71012 kB
Shmem:              3392 kB
Slab:              21700 kB
SReclaimable:       5152 kB
SUnreclaim:        16548 kB
KernelStack:        6144 kB
PageTables:         7724 kB
NFS_Unstable:          0 kB
Bounce:                0 kB
WritebackTmp:          0 kB
CommitLimit:      241032 kB
Committed_AS:    4152728 kB
VmallocTotal:     507904 kB
VmallocUsed:      132508 kB
VmallocChunk:     112576 kB
1557581578.000000
MemTotal:         482068 kB
MemFree:           11704 kB
Buffers:             212 kB
Cached:            63552 kB
SwapCached:            0 kB
Active:           329456 kB
Inactive:          36012 kB
Active(anon):     303048 kB
Inactive(anon):     3304 kB
Active(file):      26408 kB
Inactive(file):    32708 kB
Unevictable:        2024 kB
Mlocked:            6176 kB
HighTotal:             0 kB
HighFree:              0 kB
LowTotal:         482068 kB
LowFree:           11704 kB
SwapTotal:             0 kB
SwapFree:              0 kB
Dirty:                28 kB
Writeback:             0 kB
AnonPages:        303712 kB
Mapped:            71048 kB
Shmem:              3392 kB
Slab:              21644 kB
SReclaimable:       5152 kB
SUnreclaim:        16492 kB
KernelStack:        6152 kB
PageTables:         7740 kB
NFS_Unstable:          0 kB
Bounce:                0 kB
WritebackTmp:          0 kB
CommitLimit:      241032 kB
Committed_AS:    4153836 kB
VmallocTotal:     507904 kB
VmallocUsed:      132508 kB
VmallocChunk:     112576 kB
1557581579.000000
MemTotal:         482068 kB
MemFree:           12176 kB
Buffers:             200 kB
Cached:            63184 kB
SwapCached:            0 kB
Active:           329392 kB
Inactive:          35736 kB
Active(anon):     303048 kB
Inactive(anon):     3304 kB
Active(file):      26344 kB
Inactive(file):    32432 kB
Unevictable:        2024 kB
Mlocked:            6176 kB
HighTotal:             0 kB
HighFree:              0 kB
LowTotal:         482068 kB
LowFree:           12176 kB
SwapTotal:             0 kB
SwapFree:              0 kB
Dirty:                28 kB
Writeback:             0 kB
AnonPages:        303712 kB
Mapped:            69908 kB
Shmem:              3392 kB
Slab:              21696 kB
SReclaimable:       5152 kB
SUnreclaim:        16544 kB
KernelStack:        6152 kB
PageTables:         7816 kB
NFS_Unstable:          0 kB
Bounce:                0 kB
WritebackTmp:          0 kB
CommitLimit:      241032 kB
Committed_AS:    4153720 kB
VmallocTotal:     507904 kB
VmallocUsed:      132508 kB
VmallocChunk:     112576 kB
1557581580.000000
MemTotal:         482068 kB
MemFree:           13300 kB
Buffers:             200 kB
Cached:            61904 kB
SwapCached:            0 kB
Active:           329260 kB
Inactive:          34556 kB
Active(anon):     303040 kB
Inactive(anon):     3304 kB
Active(file):      26220 kB
Inactive(file):    31252 kB
Unevictable:        2024 kB
Mlocked:            6176 kB
HighTotal:             0 kB
HighFree:              0 kB
LowTotal:         482068 kB
LowFree:           13300 kB
SwapTotal:             0 kB
SwapFree:              0 kB
Dirty:                 0 kB
Writeback:             0 kB
AnonPages:        303704 kB
Mapped:            68688 kB
Shmem:              3392 kB
Slab:              21640 kB
SReclaimable:       5152 kB
SUnreclaim:        16488 kB
KernelStack:        6152 kB
PageTables:         7788 kB
NFS_Unstable:          0 kB
Bounce:                0 kB
WritebackTmp:          0 kB
CommitLimit:      241032 kB
Committed_AS:    4153860 kB
VmallocTotal:     507904 kB
VmallocUsed:      132508 kB
VmallocChunk:     112576 kB
1557581581.000000
MemTotal:         482068 kB
MemFree:           13424 kB
Buffers:             200 kB
Cached:            62012 kB
SwapCached:            0 kB
Active:           329040 kB
Inactive:          34652 kB
Active(anon):     302824 kB
Inactive(anon):     3304 kB
Active(file):      26216 kB
Inactive(file):    31348 kB
Unevictable:        2024 kB
Mlocked:            6176 kB
HighTotal:             0 kB
HighFree:              0 kB
LowTotal:         482068 kB
LowFree:           13424 kB
SwapTotal:             0 kB
SwapFree:              0 kB
Dirty:                 0 kB
Writeback:             0 kB
AnonPages:        303564 kB
Mapped:            68732 kB
Shmem:              3392 kB
Slab:              21648 kB
SReclaimable:       5152 kB
SUnreclaim:        16496 kB
KernelStack:        6144 kB
PageTables:         7728 kB
NFS_Unstable:          0 kB
Bounce:                0 kB
WritebackTmp:          0 kB
CommitLimit:      241032 kB
Committed_AS:    4153556 kB
VmallocTotal:     507904 kB
VmallocUsed:      132508 kB
VmallocChunk:     112576 kB
1557581582.000000
MemTotal:         482068 kB
MemFree:           13448 kB
Buffers:             200 kB
Cached:            61644 kB
SwapCached:            0 kB
Active:           329440 kB
Inactive:          34312 kB
Active(anon):     303224 kB
Inactive(anon):     3304 kB
Active(file):      26216 kB
Inactive(file):    31008 kB
Unevictable:        2024 kB
Mlocked:            6176 kB
HighTotal:             0 kB
HighFree:              0 kB
LowTotal:         482068 kB
LowFree:           13448 kB
SwapTotal:             0 kB
SwapFree:              0 kB
Dirty:                 0 kB
Writeback:             0 kB
AnonPages:        303868 kB
Mapped:            68440 kB
Shmem:              3392 kB
Slab:              21656 kB
SReclaimable:       5152 kB
SUnreclaim:        16504 kB
KernelStack:        6144 kB
PageTables:         7728 kB
NFS_Unstable:          0 kB
Bounce:                0 kB
WritebackTmp:          0 kB
CommitLimit:      241032 kB
Committed_AS:    4153576 kB
VmallocTotal:     507904 kB
VmallocUsed:      132508 kB
VmallocChunk:     112576 kB
1557581582.000000
MemTotal:         482068 kB
MemFree:           13548 kB
Buffers:             176 kB
Cached:            60584 kB
SwapCached:            0 kB
Active:           330236 kB
Inactive:          33288 kB
Active(anon):     304084 kB
Inactive(anon):     3304 kB
Active(file):      26152 kB
Inactive(file):    29984 kB
Unevictable:        2024 kB
Mlocked:            6176 kB
HighTotal:             0 kB
HighFree:              0 kB
LowTotal:         482068 kB
LowFree:           13548 kB
SwapTotal:             0 kB
SwapFree:              0 kB
Dirty:                 0 kB
Writeback:             0 kB
AnonPages:        304788 kB
Mapped:            67788 kB
Shmem:              3392 kB
Slab:              21656 kB
SReclaimable:       5152 kB
SUnreclaim:        16504 kB
KernelStack:        6152 kB
PageTables:         7744 kB
NFS_Unstable:          0 kB
Bounce:                0 kB
WritebackTmp:          0 kB
CommitLimit:      241032 kB
Committed_AS:    4154368 kB
VmallocTotal:     507904 kB
VmallocUsed:      132508 kB
VmallocChunk:     112576 kB
1557581583.000000
MemTotal:         482068 kB
MemFree:           14532 kB
Buffers:             172 kB
Cached:            59676 kB
SwapCached:            0 kB
Active:           330132 kB
Inactive:          32384 kB
Active(anon):     304032 kB
Inactive(anon):     3304 kB
Active(file):      26100 kB
Inactive(file):    29080 kB
Unevictable:        2024 kB
Mlocked:            6176 kB
HighTotal:             0 kB
HighFree:              0 kB
LowTotal:         482068 kB
LowFree:           14532 kB
SwapTotal:             0 kB
SwapFree:              0 kB
Dirty:                 0 kB
Writeback:             0 kB
AnonPages:        304788 kB
Mapped:            66800 kB
Shmem:              3392 kB
Slab:              21656 kB
SReclaimable:       5152 kB
SUnreclaim:        16504 kB
KernelStack:        6152 kB
PageTables:         7744 kB
NFS_Unstable:          0 kB
Bounce:                0 kB
WritebackTmp:          0 kB
CommitLimit:      241032 kB
Committed_AS:    4154396 kB
VmallocTotal:     507904 kB
VmallocUsed:      132508 kB
VmallocChunk:     112576 kB
1557581584.000000
MemTotal:         482068 kB
MemFree:           15168 kB
Buffers:             164 kB
Cached:            58944 kB
SwapCached:            0 kB
Active:           330240 kB
Inactive:          31736 kB
Active(anon):     304144 kB
Inactive(anon):     3304 kB
Active(file):      26096 kB
Inactive(file):    28432 kB
Unevictable:        2024 kB
Mlocked:            6176 kB
HighTotal:             0 kB
HighFree:              0 kB
LowTotal:         482068 kB
LowFree:           15168 kB
SwapTotal:             0 kB
SwapFree:              0 kB
Dirty:                 0 kB
Writeback:             0 kB
AnonPages:        304800 kB
Mapped:            65708 kB
Shmem:              3392 kB
Slab:              21672 kB
SReclaimable:       5152 kB
SUnreclaim:        16520 kB
KernelStack:        6152 kB
PageTables:         7800 kB
NFS_Unstable:          0 kB
Bounce:                0 kB
WritebackTmp:          0 kB
CommitLimit:      241032 kB
Committed_AS:    4154412 kB
VmallocTotal:     507904 kB
VmallocUsed:      132508 kB
VmallocChunk:     112576 kB
1557581585.000000
MemTotal:         482068 kB
MemFree:           15904 kB
Buffers:             160 kB
Cached:            58444 kB
SwapCached:            0 kB
Active:           330160 kB
Inactive:          31100 kB
Active(anon):     304100 kB
Inactive(anon):     3304 kB
Active(file):      26060 kB
Inactive(file):    27796 kB
Unevictable:        2024 kB
Mlocked:            6176 kB
HighTotal:             0 kB
HighFree:              0 kB
LowTotal:         482068 kB
LowFree:           15904 kB
SwapTotal:             0 kB
SwapFree:              0 kB
Dirty:                 0 kB
Writeback:             0 kB
AnonPages:        304828 kB
Mapped:            65312 kB
Shmem:              3392 kB
Slab:              21680 kB
SReclaimable:       5152 kB
SUnreclaim:        16528 kB
KernelStack:        6136 kB
PageTables:         7724 kB
NFS_Unstable:          0 kB
Bounce:                0 kB
WritebackTmp:          0 kB
CommitLimit:      241032 kB
Committed_AS:    4154424 kB
VmallocTotal:     507904 kB
VmallocUsed:      132508 kB
VmallocChunk:     112576 kB
1557581586.000000
MemTotal:         482068 kB
MemFree:           16304 kB
Buffers:             160 kB
Cached:            57060 kB
SwapCached:            0 kB
Active:           331384 kB
Inactive:          29736 kB
Active(anon):     305308 kB
Inactive(anon):     3304 kB
Active(file):      26076 kB
Inactive(file):    26432 kB
Unevictable:        2024 kB
Mlocked:            6176 kB
HighTotal:             0 kB
HighFree:              0 kB
LowTotal:         482068 kB
LowFree:           16304 kB
SwapTotal:             0 kB
SwapFree:              0 kB
Dirty:                 0 kB
Writeback:             0 kB
AnonPages:        306016 kB
Mapped:            64152 kB
Shmem:              3392 kB
Slab:              21668 kB
SReclaimable:       5152 kB
SUnreclaim:        16516 kB
KernelStack:        6136 kB
PageTables:         7724 kB
NFS_Unstable:          0 kB
Bounce:                0 kB
WritebackTmp:          0 kB
CommitLimit:      241032 kB
Committed_AS:    4154388 kB
VmallocTotal:     507904 kB
VmallocUsed:      132508 kB
VmallocChunk:     112576 kB
1557581586.000000
MemTotal:         482068 kB
MemFree:           35592 kB
Buffers:             184 kB
Cached:            58564 kB
SwapCached:            0 kB
Active:           311184 kB
Inactive:          31300 kB
Active(anon):     285052 kB
Inactive(anon):     3304 kB
Active(file):      26132 kB
Inactive(file):    27996 kB
Unevictable:        2024 kB
Mlocked:            6176 kB
HighTotal:             0 kB
HighFree:              0 kB
LowTotal:         482068 kB
LowFree:           35592 kB
SwapTotal:             0 kB
SwapFree:              0 kB
Dirty:                32 kB
Writeback:             0 kB
AnonPages:        285728 kB
Mapped:            63956 kB
Shmem:              3392 kB
Slab:              21588 kB
SReclaimable:       5104 kB
SUnreclaim:        16484 kB
KernelStack:        5728 kB
PageTables:         7348 kB
NFS_Unstable:          0 kB
Bounce:                0 kB
WritebackTmp:          0 kB
CommitLimit:      241032 kB
Committed_AS:    4015476 kB
VmallocTotal:     507904 kB
VmallocUsed:      130464 kB
VmallocChunk:     112576 kB
1557581587.000000
MemTotal:         482068 kB
MemFree:           35468 kB
Buffers:             184 kB
Cached:            59060 kB
SwapCached:            0 kB
Active:           311232 kB
Inactive:          31768 kB
Active(anon):     285100 kB
Inactive(anon):     3304 kB
Active(file):      26132 kB
Inactive(file):    28464 kB
Unevictable:        2024 kB
Mlocked:            6176 kB
HighTotal:             0 kB
HighFree:              0 kB
LowTotal:         482068 kB
LowFree:           35468 kB
SwapTotal:             0 kB
SwapFree:              0 kB
Dirty:                32 kB
Writeback:             0 kB
AnonPages:        285816 kB
Mapped:            63964 kB
Shmem:              3392 kB
Slab:              21588 kB
SReclaimable:       5104 kB
SUnreclaim:        16484 kB
KernelStack:        5728 kB
PageTables:         7352 kB
NFS_Unstable:          0 kB
Bounce:                0 kB
WritebackTmp:          0 kB
CommitLimit:      241032 kB
Committed_AS:    4015508 kB
VmallocTotal:     507904 kB
VmallocUsed:      130464 kB
VmallocChunk:     112576 kB
1557581588.000000
MemTotal:         482068 kB
MemFree:           35444 kB
Buffers:             308 kB
Cached:            59012 kB
SwapCached:            0 kB
Active:           311284 kB
Inactive:          31872 kB
Active(anon):     285152 kB
Inactive(anon):     3304 kB
Active(file):      26132 kB
Inactive(file):    28568 kB
Unevictable:        2024 kB
Mlocked:            6176 kB
HighTotal:             0 kB
HighFree:              0 kB
LowTotal:         482068 kB
LowFree:           35444 kB
SwapTotal:             0 kB
SwapFree:              0 kB
Dirty:                32 kB
Writeback:             0 kB
AnonPages:        285816 kB
Mapped:            64040 kB
Shmem:              3392 kB
Slab:              21588 kB
SReclaimable:       5104 kB
SUnreclaim:        16484 kB
KernelStack:        5728 kB
PageTables:         7352 kB
NFS_Unstable:          0 kB
Bounce:                0 kB
WritebackTmp:          0 kB
CommitLimit:      241032 kB
Committed_AS:    4015608 kB
VmallocTotal:     507904 kB
VmallocUsed:      130464 kB
VmallocChunk:     112576 kB
1557581589.000000
MemTotal:         482068 kB
MemFree:           35428 kB
Buffers:             308 kB
Cached:            59060 kB
SwapCached:            0 kB
Active:           311300 kB
Inactive:          31892 kB
Active(anon):     285168 kB
Inactive(anon):     3304 kB
Active(file):      26132 kB
Inactive(file):    28588 kB
Unevictable:        2024 kB
Mlocked:            6176 kB
HighTotal:             0 kB
HighFree:              0 kB
LowTotal:         482068 kB
LowFree:           35428 kB
SwapTotal:             0 kB
SwapFree:              0 kB
Dirty:                32 kB
Writeback:             0 kB
AnonPages:        285900 kB
Mapped:            63964 kB
Shmem:              3392 kB
Slab:              21572 kB
SReclaimable:       5104 kB
SUnreclaim:        16468 kB
KernelStack:        5728 kB
PageTables:         7340 kB
NFS_Unstable:          0 kB
Bounce:                0 kB
WritebackTmp:          0 kB
CommitLimit:      241032 kB
Committed_AS:    4015544 kB
VmallocTotal:     507904 kB
VmallocUsed:      130464 kB
VmallocChunk:     112576 kB
1557581590.000000
MemTotal:         482068 kB
MemFree:           34832 kB
Buffers:             308 kB
Cached:            59060 kB
SwapCached:            0 kB
Active:           312004 kB
Inactive:          31892 kB
Active(anon):     285872 kB
Inactive(anon):     3304 kB
Active(file):      26132 kB
Inactive(file):    28588 kB
Unevictable:        2024 kB
Mlocked:            6176 kB
HighTotal:             0 kB
HighFree:              0 kB
LowTotal:         482068 kB
LowFree:           34832 kB
SwapTotal:             0 kB
SwapFree:              0 kB
Dirty:                 0 kB
Writeback:             0 kB
AnonPages:        286684 kB
Mapped:            64040 kB
Shmem:              3392 kB
Slab:              21584 kB
SReclaimable:       5104 kB
SUnreclaim:        16480 kB
KernelStack:        5720 kB
PageTables:         7344 kB
NFS_Unstable:          0 kB
Bounce:                0 kB
WritebackTmp:          0 kB
CommitLimit:      241032 kB
Committed_AS:    4015628 kB
VmallocTotal:     507904 kB
VmallocUsed:      130464 kB
VmallocChunk:     112576 kB
1557581591.000000
MemTotal:         482068 kB
MemFree:           33360 kB
Buffers:             308 kB
Cached:            59120 kB
SwapCached:            0 kB
Active:           313184 kB
Inactive:          31952 kB
Active(anon):     287052 kB
Inactive(anon):     3304 kB
Active(file):      26132 kB
Inactive(file):    28648 kB
Unevictable:        2024 kB
Mlocked:            6176 kB
HighTotal:             0 kB
HighFree:              0 kB
LowTotal:         482068 kB
LowFree:           33360 kB
SwapTotal:             0 kB
SwapFree:              0 kB
Dirty:                 0 kB
Writeback:             0 kB
AnonPages:        287656 kB
Mapped:            64052 kB
Shmem:              3392 kB
Slab:              21592 kB
SReclaimable:       5104 kB
SUnreclaim:        16488 kB
KernelStack:        5728 kB
PageTables:         7344 kB
NFS_Unstable:          0 kB
Bounce:                0 kB
WritebackTmp:          0 kB
CommitLimit:      241032 kB
Committed_AS:    4015480 kB
VmallocTotal:     507904 kB
VmallocUsed:      130464 kB
VmallocChunk:     112576 kB
1557581591.000000
MemTotal:         482068 kB
MemFree:           33236 kB
Buffers:             316 kB
Cached:            59116 kB
SwapCached:            0 kB
Active:           313096 kB
Inactive:          31952 kB
Active(anon):     286964 kB
Inactive(anon):     3300 kB
Active(file):      26132 kB
Inactive(file):    28652 kB
Unevictable:        2024 kB
Mlocked:            6176 kB
HighTotal:             0 kB
HighFree:              0 kB
LowTotal:         482068 kB
LowFree:           33236 kB
SwapTotal:             0 kB
SwapFree:              0 kB
Dirty:                 0 kB
Writeback:             0 kB
AnonPages:        287756 kB
Mapped:            64088 kB
Shmem:              3392 kB
Slab:              21608 kB
SReclaimable:       5104 kB
SUnreclaim:        16504 kB
KernelStack:        5736 kB
PageTables:         7376 kB
NFS_Unstable:          0 kB
Bounce:                0 kB
WritebackTmp:          0 kB
CommitLimit:      241032 kB
Committed_AS:    4015700 kB
VmallocTotal:     507904 kB
VmallocUsed:      130464 kB
VmallocChunk:     112576 kB
1557581592.000000
MemTotal:         482068 kB
MemFree:           33344 kB
Buffers:             316 kB
Cached:            59648 kB
SwapCached:            0 kB
Active:           312784 kB
Inactive:          32472 kB
Active(anon):     286652 kB
Inactive(anon):     3300 kB
Active(file):      26132 kB
Inactive(file):    29172 kB
Unevictable:        2024 kB
Mlocked:            6176 kB
HighTotal:             0 kB
HighFree:              0 kB
LowTotal:         482068 kB
LowFree:           33344 kB
SwapTotal:             0 kB
SwapFree:              0 kB
Dirty:                 0 kB
Writeback:             0 kB
AnonPages:        287300 kB
Mapped:            64088 kB
Shmem:              3392 kB
Slab:              21608 kB
SReclaimable:       5104 kB
SUnreclaim:        16504 kB
KernelStack:        5736 kB
PageTables:         7376 kB
NFS_Unstable:          0 kB
Bounce:                0 kB
WritebackTmp:          0 kB
CommitLimit:      241032 kB
Committed_AS:    4015640 kB
VmallocTotal:     507904 kB
VmallocUsed:      130464 kB
VmallocChunk:     112576 kB
1557581593.000000
MemTotal:         482068 kB
MemFree:           33072 kB
Buffers:             316 kB
Cached:            59692 kB
SwapCached:            0 kB
Active:           312716 kB
Inactive:          32516 kB
Active(anon):     286584 kB
Inactive(anon):     3296 kB
Active(file):      26132 kB
Inactive(file):    29220 kB
Unevictable:        2024 kB
Mlocked:            6176 kB
HighTotal:             0 kB
HighFree:              0 kB
LowTotal:         482068 kB
LowFree:           33072 kB
SwapTotal:             0 kB
SwapFree:              0 kB
Dirty:                28 kB
Writeback:             0 kB
AnonPages:        287348 kB
Mapped:            64116 kB
Shmem:              3400 kB
Slab:              21588 kB
SReclaimable:       5104 kB
SUnreclaim:        16484 kB
KernelStack:        5720 kB
PageTables:         7344 kB
NFS_Unstable:          0 kB
Bounce:                0 kB
WritebackTmp:          0 kB
CommitLimit:      241032 kB
Committed_AS:    4015664 kB
VmallocTotal:     507904 kB
VmallocUsed:      130464 kB
VmallocChunk:     112576 kB
1557581594.000000
MemTotal:         482068 kB
MemFree:           32244 kB
Buffers:             316 kB
Cached:            59844 kB
SwapCached:            0 kB
Active:           313468 kB
Inactive:          32672 kB
Active(anon):     287336 kB
Inactive(anon):     3296 kB
Active(file):      26132 kB
Inactive(file):    29376 kB
Unevictable:        2024 kB
Mlocked:            6176 kB
HighTotal:             0 kB
HighFree:              0 kB
LowTotal:         482068 kB
LowFree:           32244 kB
SwapTotal:             0 kB
SwapFree:              0 kB
Dirty:                28 kB
Writeback:             0 kB
AnonPages:        287980 kB
Mapped:            64344 kB
Shmem:              3400 kB
Slab:              21564 kB
SReclaimable:       5104 kB
SUnreclaim:        16460 kB
KernelStack:        5720 kB
PageTables:         7344 kB
NFS_Unstable:          0 kB
Bounce:                0 kB
WritebackTmp:          0 kB
CommitLimit:      241032 kB
Committed_AS:    4015676 kB
VmallocTotal:     507904 kB
VmallocUsed:      130464 kB
VmallocChunk:     112576 kB
1557581595.000000
MemTotal:         482068 kB
MemFree:           31476 kB
Buffers:             316 kB
Cached:            59892 kB
SwapCached:            0 kB
Active:           314232 kB
Inactive:          32716 kB
Active(anon):     288100 kB
Inactive(anon):     3296 kB
Active(file):      26132 kB
Inactive(file):    29420 kB
Unevictable:        2024 kB
Mlocked:            6176 kB
HighTotal:             0 kB
HighFree:              0 kB
LowTotal:         482068 kB
LowFree:           31476 kB
SwapTotal:             0 kB
SwapFree:              0 kB
Dirty:                28 kB
Writeback:             0 kB
AnonPages:        288752 kB
Mapped:            64316 kB
Shmem:              3400 kB
Slab:              21560 kB
SReclaimable:       5104 kB
SUnreclaim:        16456 kB
KernelStack:        5728 kB
PageTables:         7432 kB
NFS_Unstable:          0 kB
Bounce:                0 kB
WritebackTmp:          0 kB
CommitLimit:      241032 kB
Committed_AS:    4015680 kB
VmallocTotal:     507904 kB
VmallocUsed:      130464 kB
VmallocChunk:     112576 kB
1557581595.000000
MemTotal:         482068 kB
MemFree:           31516 kB
Buffers:             316 kB
Cached:            59940 kB
SwapCached:            0 kB
Active:           314240 kB
Inactive:          32764 kB
Active(anon):     288108 kB
Inactive(anon):     3296 kB
Active(file):      26132 kB
Inactive(file):    29468 kB
Unevictable:        2024 kB
Mlocked:            6176 kB
HighTotal:             0 kB
HighFree:              0 kB
LowTotal:         482068 kB
LowFree:           31516 kB
SwapTotal:             0 kB
SwapFree:              0 kB
Dirty:                 0 kB
Writeback:             0 kB
AnonPages:        288744 kB
Mapped:            64324 kB
Shmem:              3400 kB
Slab:              21580 kB
SReclaimable:       5104 kB
SUnreclaim:        16476 kB
KernelStack:        5728 kB
PageTables:         7344 kB
NFS_Unstable:          0 kB
Bounce:                0 kB
WritebackTmp:          0 kB
CommitLimit:      241032 kB
Committed_AS:    4015732 kB
VmallocTotal:     507904 kB
VmallocUsed:      130464 kB
VmallocChunk:     112576 kB
1557581596.000000
MemTotal:         482068 kB
MemFree:           31476 kB
Buffers:             316 kB
Cached:            59940 kB
SwapCached:            0 kB
Active:           314240 kB
Inactive:          32764 kB
Active(anon):     288108 kB
Inactive(anon):     3296 kB
Active(file):      26132 kB
Inactive(file):    29468 kB
Unevictable:        2024 kB
Mlocked:            6176 kB
HighTotal:             0 kB
HighFree:              0 kB
LowTotal:         482068 kB
LowFree:           31476 kB
SwapTotal:             0 kB
SwapFree:              0 kB
Dirty:                 0 kB
Writeback:             0 kB
AnonPages:        288820 kB
Mapped:            64248 kB
Shmem:              3400 kB
Slab:              21580 kB
SReclaimable:       5104 kB
SUnreclaim:        16476 kB
KernelStack:        5728 kB
PageTables:         7344 kB
NFS_Unstable:          0 kB
Bounce:                0 kB
WritebackTmp:          0 kB
CommitLimit:      241032 kB
Committed_AS:    4015636 kB
VmallocTotal:     507904 kB
VmallocUsed:      130464 kB
VmallocChunk:     112576 kB
1557581597.000000
MemTotal:         482068 kB
MemFree:           31648 kB
Buffers:             316 kB
Cached:            59940 kB
SwapCached:            0 kB
Active:           314196 kB
Inactive:          32764 kB
Active(anon):     288064 kB
Inactive(anon):     3296 kB
Active(file):      26132 kB
Inactive(file):    29468 kB
Unevictable:        2024 kB
Mlocked:            6176 kB
HighTotal:             0 kB
HighFree:              0 kB
LowTotal:         482068 kB
LowFree:           31648 kB
SwapTotal:             0 kB
SwapFree:              0 kB
Dirty:                 0 kB
Writeback:             0 kB
AnonPages:        288752 kB
Mapped:            64324 kB
Shmem:              3400 kB
Slab:              21580 kB
SReclaimable:       5104 kB
SUnreclaim:        16476 kB
KernelStack:        5728 kB
PageTables:         7420 kB
NFS_Unstable:          0 kB
Bounce:                0 kB
WritebackTmp:          0 kB
CommitLimit:      241032 kB
Committed_AS:    4015676 kB
VmallocTotal:     507904 kB
VmallocUsed:      130464 kB
VmallocChunk:     112576 kB
1557581598.000000
MemTotal:         482068 kB
MemFree:           30756 kB
Buffers:             320 kB
Cached:            59872 kB
SwapCached:            0 kB
Active:           314652 kB
Inactive:          32716 kB
Active(anon):     288520 kB
Inactive(anon):     3296 kB
Active(file):      26132 kB
Inactive(file):    29420 kB
Unevictable:        2024 kB
Mlocked:            6176 kB
HighTotal:             0 kB
HighFree:              0 kB
LowTotal:         482068 kB
LowFree:           30756 kB
SwapTotal:             0 kB
SwapFree:              0 kB
Dirty:                 0 kB
Writeback:             0 kB
AnonPages:        289192 kB
Mapped:            64404 kB
Shmem:              3400 kB
Slab:              21552 kB
SReclaimable:       5104 kB
SUnreclaim:        16448 kB
KernelStack:        5720 kB
PageTables:         7344 kB
NFS_Unstable:          0 kB
Bounce:                0 kB
WritebackTmp:          0 kB
CommitLimit:      241032 kB
Committed_AS:    4015688 kB
VmallocTotal:     507904 kB
VmallocUsed:      130464 kB
VmallocChunk:     112576 kB
1557581599.000000
MemTotal:         482068 kB
MemFree:           30360 kB
Buffers:             344 kB
Cached:            59900 kB
SwapCached:            0 kB
Active:           315556 kB
Inactive:          32748 kB
Active(anon):     289420 kB
Inactive(anon):     3296 kB
Active(file):      26136 kB
Inactive(file):    29452 kB
Unevictable:        2024 kB
Mlocked:            6176 kB
HighTotal:             0 kB
HighFree:              0 kB
LowTotal:         482068 kB
LowFree:           30360 kB
SwapTotal:             0 kB
SwapFree:              0 kB
Dirty:                40 kB
Writeback:             0 kB
AnonPages:        290100 kB
Mapped:            64364 kB
Shmem:              3400 kB
Slab:              21552 kB
SReclaimable:       5104 kB
SUnreclaim:        16448 kB
KernelStack:        5720 kB
PageTables:         7344 kB
NFS_Unstable:          0 kB
Bounce:                0 kB
WritebackTmp:          0 kB
CommitLimit:      241032 kB
Committed_AS:    4015696 kB
VmallocTotal:     507904 kB
VmallocUsed:      130464 kB
VmallocChunk:     112576 kB
1557581599.000000
MemTotal:         482068 kB
MemFree:           30400 kB
Buffers:             344 kB
Cached:            59900 kB
SwapCached:            0 kB
Active:           315664 kB
Inactive:          32748 kB
Active(anon):     289528 kB
Inactive(anon):     3296 kB
Active(file):      26136 kB
Inactive(file):    29452 kB
Unevictable:        2024 kB
Mlocked:            6176 kB
HighTotal:             0 kB
HighFree:              0 kB
LowTotal:         482068 kB
LowFree:           30400 kB
SwapTotal:             0 kB
SwapFree:              0 kB
Dirty:                40 kB
Writeback:             0 kB
AnonPages:        290120 kB
Mapped:            64364 kB
Shmem:              3400 kB
Slab:              21544 kB
SReclaimable:       5104 kB
SUnreclaim:        16440 kB
KernelStack:        5728 kB
PageTables:         7344 kB
NFS_Unstable:          0 kB
Bounce:                0 kB
WritebackTmp:          0 kB
CommitLimit:      241032 kB
Committed_AS:    4015648 kB
VmallocTotal:     507904 kB
VmallocUsed:      130464 kB
VmallocChunk:     112576 kB
1557581600.000000
MemTotal:         482068 kB
MemFree:           30400 kB
Buffers:             344 kB
Cached:            59900 kB
SwapCached:            0 kB
Active:           315664 kB
Inactive:          32748 kB
Active(anon):     289528 kB
Inactive(anon):     3296 kB
Active(file):      26136 kB
Inactive(file):    29452 kB
Unevictable:        2024 kB
Mlocked:            6176 kB
HighTotal:             0 kB
HighFree:              0 kB
LowTotal:         482068 kB
LowFree:           30400 kB
SwapTotal:             0 kB
SwapFree:              0 kB
Dirty:                40 kB
Writeback:             0 kB
AnonPages:        290196 kB
Mapped:            64440 kB
Shmem:              3400 kB
Slab:              21544 kB
SReclaimable:       5104 kB
SUnreclaim:        16440 kB
KernelStack:        5728 kB
PageTables:         7344 kB
NFS_Unstable:          0 kB
Bounce:                0 kB
WritebackTmp:          0 kB
CommitLimit:      241032 kB
Committed_AS:    4015692 kB
VmallocTotal:     507904 kB
VmallocUsed:      130464 kB
VmallocChunk:     112576 kB
1557581601.000000
MemTotal:         482068 kB
MemFree:           30408 kB
Buffers:             344 kB
Cached:            59900 kB
SwapCached:            0 kB
Active:           315796 kB
Inactive:          32748 kB
Active(anon):     289660 kB
Inactive(anon):     3296 kB
Active(file):      26136 kB
Inactive(file):    29452 kB
Unevictable:        2024 kB
Mlocked:            6176 kB
HighTotal:             0 kB
HighFree:              0 kB
LowTotal:         482068 kB
LowFree:           30408 kB
SwapTotal:             0 kB
SwapFree:              0 kB
Dirty:                40 kB
Writeback:             0 kB
AnonPages:        290292 kB
Mapped:            64364 kB
Shmem:              3400 kB
Slab:              21548 kB
SReclaimable:       5104 kB
SUnreclaim:        16444 kB
KernelStack:        5728 kB
PageTables:         7420 kB
NFS_Unstable:          0 kB
Bounce:                0 kB
WritebackTmp:          0 kB
CommitLimit:      241032 kB
Committed_AS:    4015700 kB
VmallocTotal:     507904 kB
VmallocUsed:      130464 kB
VmallocChunk:     112576 kB
1557581602.000000
MemTotal:         482068 kB
MemFree:           29164 kB
Buffers:             344 kB
Cached:            59140 kB
SwapCached:            0 kB
Active:           317292 kB
Inactive:          31816 kB
Active(anon):     291104 kB
Inactive(anon):     3296 kB
Active(file):      26188 kB
Inactive(file):    28520 kB
Unevictable:        2024 kB
Mlocked:            6176 kB
HighTotal:             0 kB
HighFree:              0 kB
LowTotal:         482068 kB
LowFree:           29164 kB
SwapTotal:             0 kB
SwapFree:              0 kB
Dirty:                 0 kB
Writeback:             0 kB
AnonPages:        291844 kB
Mapped:            64136 kB
Shmem:              3400 kB
Slab:              21568 kB
SReclaimable:       5104 kB
SUnreclaim:        16464 kB
KernelStack:        5720 kB
PageTables:         7344 kB
NFS_Unstable:          0 kB
Bounce:                0 kB
WritebackTmp:          0 kB
CommitLimit:      241032 kB
Committed_AS:    4015700 kB
VmallocTotal:     507904 kB
VmallocUsed:      130464 kB
VmallocChunk:     112576 kB
1557581603.000000
MemTotal:         482068 kB
MemFree:           29148 kB
Buffers:             344 kB
Cached:            59212 kB
SwapCached:            0 kB
Active:           317448 kB
Inactive:          31908 kB
Active(anon):     291204 kB
Inactive(anon):     3296 kB
Active(file):      26244 kB
Inactive(file):    28612 kB
Unevictable:        2024 kB
Mlocked:            6176 kB
HighTotal:             0 kB
HighFree:              0 kB
LowTotal:         482068 kB
LowFree:           29148 kB
SwapTotal:             0 kB
SwapFree:              0 kB
Dirty:                 0 kB
Writeback:             0 kB
AnonPages:        291864 kB
Mapped:            64080 kB
Shmem:              3400 kB
Slab:              21552 kB
SReclaimable:       5104 kB
SUnreclaim:        16448 kB
KernelStack:        5720 kB
PageTables:         7420 kB
NFS_Unstable:          0 kB
Bounce:                0 kB
WritebackTmp:          0 kB
CommitLimit:      241032 kB
Committed_AS:    4015700 kB
VmallocTotal:     507904 kB
VmallocUsed:      130464 kB
VmallocChunk:     112576 kB
1557581604.000000
MemTotal:         482068 kB
MemFree:           29164 kB
Buffers:             352 kB
Cached:            59236 kB
SwapCached:            0 kB
Active:           317408 kB
Inactive:          31996 kB
Active(anon):     291180 kB
Inactive(anon):     3296 kB
Active(file):      26228 kB
Inactive(file):    28700 kB
Unevictable:        2024 kB
Mlocked:            6176 kB
HighTotal:             0 kB
HighFree:              0 kB
LowTotal:         482068 kB
LowFree:           29164 kB
SwapTotal:             0 kB
SwapFree:              0 kB
Dirty:                32 kB
Writeback:             0 kB
AnonPages:        291832 kB
Mapped:            64044 kB
Shmem:              3400 kB
Slab:              21572 kB
SReclaimable:       5104 kB
SUnreclaim:        16468 kB
KernelStack:        5736 kB
PageTables:         7368 kB
NFS_Unstable:          0 kB
Bounce:                0 kB
WritebackTmp:          0 kB
CommitLimit:      241032 kB
Committed_AS:    4015672 kB
VmallocTotal:     507904 kB
VmallocUsed:      130464 kB
VmallocChunk:     112576 kB
1557581604.000000
MemTotal:         482068 kB
MemFree:           29080 kB
Buffers:             352 kB
Cached:            59388 kB
SwapCached:            0 kB
Active:           317512 kB
Inactive:          32152 kB
Active(anon):     291284 kB
Inactive(anon):     3296 kB
Active(file):      26228 kB
Inactive(file):    28856 kB
Unevictable:        2024 kB
Mlocked:            6176 kB
HighTotal:             0 kB
HighFree:              0 kB
LowTotal:         482068 kB
LowFree:           29080 kB
SwapTotal:             0 kB
SwapFree:              0 kB
Dirty:                32 kB
Writeback:             0 kB
AnonPages:        291908 kB
Mapped:            64044 kB
Shmem:              3400 kB
Slab:              21624 kB
SReclaimable:       5104 kB
SUnreclaim:        16520 kB
KernelStack:        5736 kB
PageTables:         7292 kB
NFS_Unstable:          0 kB
Bounce:                0 kB
WritebackTmp:          0 kB
CommitLimit:      241032 kB
Committed_AS:    4015700 kB
VmallocTotal:     507904 kB
VmallocUsed:      130464 kB
VmallocChunk:     112576 kB
1557581605.000000
MemTotal:         482068 kB
MemFree:           24460 kB
Buffers:             492 kB
Cached:            63988 kB
SwapCached:            0 kB
Active:           317508 kB
Inactive:          36808 kB
Active(anon):     291280 kB
Inactive(anon):     3296 kB
Active(file):      26228 kB
Inactive(file):    33512 kB
Unevictable:        2024 kB
Mlocked:            6176 kB
HighTotal:             0 kB
HighFree:              0 kB
LowTotal:         482068 kB
LowFree:           24460 kB
SwapTotal:             0 kB
SwapFree:              0 kB
Dirty:                32 kB
Writeback:             0 kB
AnonPages:        291972 kB
Mapped:            64660 kB
Shmem:              3400 kB
Slab:              21572 kB
SReclaimable:       5104 kB
SUnreclaim:        16468 kB
KernelStack:        5728 kB
PageTables:         7344 kB
NFS_Unstable:          0 kB
Bounce:                0 kB
WritebackTmp:          0 kB
CommitLimit:      241032 kB
Committed_AS:    4015700 kB
VmallocTotal:     507904 kB
VmallocUsed:      130464 kB
VmallocChunk:     112576 kB
1557581606.000000
MemTotal:         482068 kB
MemFree:           23600 kB
Buffers:             492 kB
Cached:            63960 kB
SwapCached:            0 kB
Active:           318324 kB
Inactive:          36820 kB
Active(anon):     292052 kB
Inactive(anon):     3296 kB
Active(file):      26272 kB
Inactive(file):    33524 kB
Unevictable:        2024 kB
Mlocked:            6176 kB
HighTotal:             0 kB
HighFree:              0 kB
LowTotal:         482068 kB
LowFree:           23600 kB
SwapTotal:             0 kB
SwapFree:              0 kB
Dirty:                68 kB
Writeback:             0 kB
AnonPages:        292664 kB
Mapped:            64696 kB
Shmem:              3400 kB
Slab:              21564 kB
SReclaimable:       5104 kB
SUnreclaim:        16460 kB
KernelStack:        5720 kB
PageTables:         7420 kB
NFS_Unstable:          0 kB
Bounce:                0 kB
WritebackTmp:          0 kB
CommitLimit:      241032 kB
Committed_AS:    4015792 kB
VmallocTotal:     507904 kB
VmallocUsed:      130464 kB
VmallocChunk:     112576 kB
1557581607.000000
MemTotal:         482068 kB
MemFree:           23808 kB
Buffers:             492 kB
Cached:            63960 kB
SwapCached:            0 kB
Active:           317720 kB
Inactive:          36820 kB
Active(anon):     291448 kB
Inactive(anon):     3296 kB
Active(file):      26272 kB
Inactive(file):    33524 kB
Unevictable:        2024 kB
Mlocked:            6176 kB
HighTotal:             0 kB
HighFree:              0 kB
LowTotal:         482068 kB
LowFree:           23808 kB
SwapTotal:             0 kB
SwapFree:              0 kB
Dirty:                68 kB
Writeback:             0 kB
AnonPages:        292212 kB
Mapped:            64704 kB
Shmem:              3400 kB
Slab:              21556 kB
SReclaimable:       5104 kB
SUnreclaim:        16452 kB
KernelStack:        5720 kB
PageTables:         7344 kB
NFS_Unstable:          0 kB
Bounce:                0 kB
WritebackTmp:          0 kB
CommitLimit:      241032 kB
Committed_AS:    4015824 kB
VmallocTotal:     507904 kB
VmallocUsed:      130464 kB
VmallocChunk:     112576 kB
1557581607.000000
MemTotal:         482068 kB
MemFree:           23840 kB
Buffers:             492 kB
Cached:            64056 kB
SwapCached:            0 kB
Active:           317812 kB
Inactive:          36916 kB
Active(anon):     291540 kB
Inactive(anon):     3296 kB
Active(file):      26272 kB
Inactive(file):    33620 kB
Unevictable:        2024 kB
Mlocked:            6176 kB
HighTotal:             0 kB
HighFree:              0 kB
LowTotal:         482068 kB
LowFree:           23840 kB
SwapTotal:             0 kB
SwapFree:              0 kB
Dirty:                36 kB
Writeback:             0 kB
AnonPages:        292240 kB
Mapped:            64708 kB
Shmem:              3400 kB
Slab:              21588 kB
SReclaimable:       5104 kB
SUnreclaim:        16484 kB
KernelStack:        5728 kB
PageTables:         7356 kB
NFS_Unstable:          0 kB
Bounce:                0 kB
WritebackTmp:          0 kB
CommitLimit:      241032 kB
Committed_AS:    4015860 kB
VmallocTotal:     507904 kB
VmallocUsed:      130464 kB
VmallocChunk:     112576 kB
1557581608.000000
MemTotal:         482068 kB
MemFree:           23840 kB
Buffers:             492 kB
Cached:            64056 kB
SwapCached:            0 kB
Active:           317864 kB
Inactive:          36916 kB
Active(anon):     291592 kB
Inactive(anon):     3296 kB
Active(file):      26272 kB
Inactive(file):    33620 kB
Unevictable:        2024 kB
Mlocked:            6176 kB
HighTotal:             0 kB
HighFree:              0 kB
LowTotal:         482068 kB
LowFree:           23840 kB
SwapTotal:             0 kB
SwapFree:              0 kB
Dirty:                36 kB
Writeback:             0 kB
