MemTotal:        1899508 kB
MemFree:           40736 kB
Buffers:            3144 kB
Cached:           217552 kB
SwapCached:            0 kB
Active:          1546348 kB
Inactive:         126900 kB
Active(anon):    1454856 kB
Inactive(anon):     1612 kB
Active(file):      91492 kB
Inactive(file):   125288 kB
Unevictable:        1940 kB
Mlocked:               0 kB
HighTotal:       1158144 kB
HighFree:            472 kB
LowTotal:         741364 kB
LowFree:           40264 kB
SwapTotal:             0 kB
SwapFree:              0 kB
Dirty:                 0 kB
Writeback:             0 kB
AnonPages:       1454884 kB
Mapped:           129084 kB
Shmem:              1664 kB
Slab:              36436 kB
SReclaimable:      13556 kB
SUnreclaim:        22880 kB
KernelStack:        8576 kB
PageTables:        17836 kB
NFS_Unstable:          0 kB
Bounce:                0 kB
WritebackTmp:          0 kB
CommitLimit:      949752 kB
Committed_AS:   21843004 kB
VmallocTotal:     245760 kB
VmallocUsed:       61684 kB
VmallocChunk:      75648 kB
1557733676.440684
MemTotal:        1899508 kB
MemFree:           43244 kB
Buffers:            3064 kB
Cached:           213768 kB
SwapCached:            0 kB
Active:          1556572 kB
Inactive:         120808 kB
Active(anon):    1462788 kB
Inactive(anon):     1612 kB
Active(file):      93784 kB
Inactive(file):   119196 kB
Unevictable:        1940 kB
Mlocked:               0 kB
HighTotal:       1158144 kB
HighFree:           1808 kB
LowTotal:         741364 kB
LowFree:           41436 kB
SwapTotal:             0 kB
SwapFree:              0 kB
Dirty:                 0 kB
Writeback:             0 kB
AnonPages:       1462736 kB
Mapped:           132176 kB
Shmem:              1664 kB
Slab:              36432 kB
SReclaimable:      13556 kB
SUnreclaim:        22876 kB
KernelStack:        8640 kB
PageTables:        18036 kB
NFS_Unstable:          0 kB
Bounce:                0 kB
WritebackTmp:          0 kB
CommitLimit:      949752 kB
Committed_AS:   21866396 kB
VmallocTotal:     245760 kB
VmallocUsed:       61684 kB
VmallocChunk:      75648 kB
1557733677.397356
MemTotal:        1899508 kB
MemFree:           39980 kB
Buffers:            1696 kB
Cached:           184116 kB
SwapCached:            0 kB
Active:          1567772 kB
Inactive:          93400 kB
Active(anon):    1477508 kB
Inactive(anon):     1612 kB
Active(file):      90264 kB
Inactive(file):    91788 kB
Unevictable:        1940 kB
Mlocked:               0 kB
HighTotal:       1158144 kB
HighFree:            472 kB
LowTotal:         741364 kB
LowFree:           39508 kB
SwapTotal:             0 kB
SwapFree:              0 kB
Dirty:                 0 kB
Writeback:            16 kB
AnonPages:       1477568 kB
Mapped:           131964 kB
Shmem:              1664 kB
Slab:              36340 kB
SReclaimable:      13544 kB
SUnreclaim:        22796 kB
KernelStack:        8728 kB
PageTables:        17872 kB
NFS_Unstable:          0 kB
Bounce:                0 kB
WritebackTmp:          0 kB
CommitLimit:      949752 kB
Committed_AS:   21317708 kB
VmallocTotal:     245760 kB
VmallocUsed:       60904 kB
VmallocChunk:      75648 kB
1557733678.473193
MemTotal:        1899508 kB
MemFree:           40012 kB
Buffers:            1752 kB
Cached:           171672 kB
SwapCached:            0 kB
Active:          1565732 kB
Inactive:          86252 kB
Active(anon):    1480624 kB
Inactive(anon):     1616 kB
Active(file):      85108 kB
Inactive(file):    84636 kB
Unevictable:        1940 kB
Mlocked:               0 kB
HighTotal:       1158144 kB
HighFree:            760 kB
LowTotal:         741364 kB
LowFree:           39252 kB
SwapTotal:             0 kB
SwapFree:              0 kB
Dirty:                 0 kB
Writeback:             0 kB
AnonPages:       1480896 kB
Mapped:           125396 kB
Shmem:              1668 kB
Slab:              35980 kB
SReclaimable:      13204 kB
SUnreclaim:        22776 kB
KernelStack:        8776 kB
PageTables:        17952 kB
NFS_Unstable:          0 kB
Bounce:                0 kB
WritebackTmp:          0 kB
CommitLimit:      949752 kB
Committed_AS:   21317612 kB
VmallocTotal:     245760 kB
VmallocUsed:       60896 kB
VmallocChunk:      75648 kB
1557733679.395042
MemTotal:        1899508 kB
MemFree:           47388 kB
Buffers:            1832 kB
Cached:           192944 kB
SwapCached:            0 kB
Active:          1523136 kB
Inactive:         115140 kB
Active(anon):    1445848 kB
Inactive(anon):     1616 kB
Active(file):      77288 kB
Inactive(file):   113524 kB
Unevictable:        1940 kB
Mlocked:               0 kB
HighTotal:       1158144 kB
HighFree:           2908 kB
LowTotal:         741364 kB
LowFree:           44480 kB
SwapTotal:             0 kB
SwapFree:              0 kB
Dirty:               100 kB
Writeback:            16 kB
AnonPages:       1445832 kB
Mapped:           117044 kB
Shmem:              1668 kB
Slab:              35460 kB
SReclaimable:      13120 kB
SUnreclaim:        22340 kB
KernelStack:        8192 kB
PageTables:        15272 kB
NFS_Unstable:          0 kB
Bounce:                0 kB
WritebackTmp:          0 kB
CommitLimit:      949752 kB
Committed_AS:   17812632 kB
VmallocTotal:     245760 kB
VmallocUsed:       55628 kB
VmallocChunk:      75648 kB
1557733681.587674
MemTotal:        1899508 kB
MemFree:           41724 kB
Buffers:            1748 kB
Cached:           189052 kB
SwapCached:            0 kB
Active:          1545432 kB
Inactive:         104648 kB
Active(anon):    1461688 kB
Inactive(anon):     1624 kB
Active(file):      83744 kB
Inactive(file):   103024 kB
Unevictable:        1940 kB
Mlocked:               0 kB
HighTotal:       1158144 kB
HighFree:           1352 kB
LowTotal:         741364 kB
LowFree:           40372 kB
SwapTotal:             0 kB
SwapFree:              0 kB
Dirty:                 0 kB
Writeback:           128 kB
AnonPages:       1461932 kB
Mapped:           116856 kB
Shmem:              1676 kB
Slab:              35412 kB
SReclaimable:      13064 kB
SUnreclaim:        22348 kB
KernelStack:        7736 kB
PageTables:        15252 kB
NFS_Unstable:          0 kB
Bounce:                0 kB
WritebackTmp:          0 kB
CommitLimit:      949752 kB
Committed_AS:   17175644 kB
VmallocTotal:     245760 kB
VmallocUsed:       55628 kB
VmallocChunk:      75648 kB
1557733682.604277
MemTotal:        1899508 kB
MemFree:           41896 kB
Buffers:            1924 kB
Cached:           183364 kB
SwapCached:            0 kB
Active:          1551404 kB
Inactive:          98996 kB
Active(anon):    1467452 kB
Inactive(anon):     1620 kB
Active(file):      83952 kB
Inactive(file):    97376 kB
Unevictable:        1940 kB
Mlocked:               0 kB
HighTotal:       1158144 kB
HighFree:           1640 kB
LowTotal:         741364 kB
LowFree:           40256 kB
SwapTotal:             0 kB
SwapFree:              0 kB
Dirty:                 0 kB
Writeback:             0 kB
AnonPages:       1467440 kB
Mapped:           117328 kB
Shmem:              1672 kB
Slab:              35296 kB
SReclaimable:      13020 kB
SUnreclaim:        22276 kB
KernelStack:        7696 kB
PageTables:        15512 kB
NFS_Unstable:          0 kB
Bounce:                0 kB
WritebackTmp:          0 kB
CommitLimit:      949752 kB
Committed_AS:   20128556 kB
VmallocTotal:     245760 kB
VmallocUsed:       57668 kB
VmallocChunk:      75648 kB
1557733683.457457
MemTotal:        1899508 kB
MemFree:           48940 kB
Buffers:            1684 kB
Cached:           198972 kB
SwapCached:            0 kB
Active:          1524748 kB
Inactive:         113480 kB
Active(anon):    1440080 kB
Inactive(anon):     1620 kB
Active(file):      84668 kB
Inactive(file):   111860 kB
Unevictable:        1940 kB
Mlocked:               0 kB
HighTotal:       1158144 kB
HighFree:           3232 kB
LowTotal:         741364 kB
LowFree:           45708 kB
SwapTotal:             0 kB
SwapFree:              0 kB
Dirty:                 0 kB
Writeback:             8 kB
AnonPages:       1439736 kB
Mapped:           114260 kB
Shmem:              1672 kB
Slab:              35096 kB
SReclaimable:      12984 kB
SUnreclaim:        22112 kB
KernelStack:        7656 kB
PageTables:        14868 kB
NFS_Unstable:          0 kB
Bounce:                0 kB
WritebackTmp:          0 kB
CommitLimit:      949752 kB
Committed_AS:   17694060 kB
VmallocTotal:     245760 kB
VmallocUsed:       56836 kB
VmallocChunk:      75648 kB
1557733684.366804
MemTotal:        1899508 kB
MemFree:           53544 kB
Buffers:            1684 kB
Cached:           197304 kB
SwapCached:            0 kB
Active:          1523996 kB
Inactive:         111800 kB
Active(anon):    1438848 kB
Inactive(anon):     1624 kB
Active(file):      85148 kB
Inactive(file):   110176 kB
Unevictable:        1940 kB
Mlocked:               0 kB
HighTotal:       1158144 kB
HighFree:           5532 kB
LowTotal:         741364 kB
LowFree:           48012 kB
SwapTotal:             0 kB
SwapFree:              0 kB
Dirty:                60 kB
Writeback:             0 kB
AnonPages:       1438980 kB
Mapped:           114136 kB
Shmem:              1676 kB
Slab:              35076 kB
SReclaimable:      12960 kB
SUnreclaim:        22116 kB
KernelStack:        7528 kB
PageTables:        14772 kB
NFS_Unstable:          0 kB
Bounce:                0 kB
WritebackTmp:          0 kB
CommitLimit:      949752 kB
Committed_AS:   17694432 kB
VmallocTotal:     245760 kB
VmallocUsed:       56836 kB
VmallocChunk:      75648 kB
1557733685.229371
MemTotal:        1899508 kB
MemFree:           56752 kB
Buffers:            1684 kB
Cached:           204196 kB
SwapCached:            0 kB
Active:          1516732 kB
Inactive:         116832 kB
Active(anon):    1430132 kB
Inactive(anon):     1624 kB
Active(file):      86600 kB
Inactive(file):   115208 kB
Unevictable:        1940 kB
Mlocked:               0 kB
HighTotal:       1158144 kB
HighFree:           1788 kB
LowTotal:         741364 kB
LowFree:           54964 kB
SwapTotal:             0 kB
SwapFree:              0 kB
Dirty:                60 kB
Writeback:             0 kB
AnonPages:       1430140 kB
Mapped:           114168 kB
Shmem:              1676 kB
Slab:              35072 kB
SReclaimable:      12960 kB
SUnreclaim:        22112 kB
KernelStack:        7584 kB
PageTables:        14788 kB
NFS_Unstable:          0 kB
Bounce:                0 kB
WritebackTmp:          0 kB
CommitLimit:      949752 kB
Committed_AS:   17695140 kB
VmallocTotal:     245760 kB
VmallocUsed:       56816 kB
VmallocChunk:      75648 kB
1557733686.132399
MemTotal:        1899508 kB
MemFree:           47696 kB
Buffers:            1620 kB
Cached:           195564 kB
SwapCached:            0 kB
Active:          1525768 kB
Inactive:         108180 kB
Active(anon):    1438796 kB
Inactive(anon):     1632 kB
Active(file):      86972 kB
Inactive(file):   106548 kB
Unevictable:        1940 kB
Mlocked:               0 kB
HighTotal:       1158144 kB
HighFree:           1792 kB
LowTotal:         741364 kB
LowFree:           45904 kB
SwapTotal:             0 kB
SwapFree:              0 kB
Dirty:                 0 kB
Writeback:             0 kB
AnonPages:       1438748 kB
Mapped:           124236 kB
Shmem:              1684 kB
Slab:              35068 kB
SReclaimable:      12960 kB
SUnreclaim:        22108 kB
KernelStack:        7472 kB
PageTables:        14816 kB
NFS_Unstable:          0 kB
Bounce:                0 kB
WritebackTmp:          0 kB
CommitLimit:      949752 kB
Committed_AS:   17696288 kB
VmallocTotal:     245760 kB
VmallocUsed:       56912 kB
VmallocChunk:      75648 kB
1557733687.141274
MemTotal:        1899508 kB
MemFree:           40532 kB
Buffers:            1396 kB
Cached:           165180 kB
SwapCached:            0 kB
Active:          1541356 kB
Inactive:          84408 kB
Active(anon):    1461548 kB
Inactive(anon):     1632 kB
Active(file):      79808 kB
Inactive(file):    82776 kB
Unevictable:        1940 kB
Mlocked:               0 kB
HighTotal:       1158144 kB
HighFree:            636 kB
LowTotal:         741364 kB
LowFree:           39896 kB
SwapTotal:             0 kB
SwapFree:              0 kB
Dirty:                56 kB
Writeback:             0 kB
AnonPages:       1461460 kB
Mapped:           142132 kB
Shmem:              1684 kB
Slab:              35068 kB
SReclaimable:      12964 kB
SUnreclaim:        22104 kB
KernelStack:        7488 kB
PageTables:        15316 kB
NFS_Unstable:          0 kB
Bounce:                0 kB
WritebackTmp:          0 kB
CommitLimit:      949752 kB
Committed_AS:   18280040 kB
VmallocTotal:     245760 kB
VmallocUsed:       58112 kB
VmallocChunk:      75648 kB
1557733688.430325
MemTotal:        1899508 kB
MemFree:           42384 kB
Buffers:            1528 kB
Cached:           143156 kB
SwapCached:            0 kB
Active:          1538824 kB
Inactive:          69568 kB
Active(anon):    1465816 kB
Inactive(anon):     1636 kB
Active(file):      73008 kB
Inactive(file):    67932 kB
Unevictable:        1940 kB
Mlocked:               0 kB
HighTotal:       1158144 kB
HighFree:           1708 kB
LowTotal:         741364 kB
LowFree:           40676 kB
SwapTotal:             0 kB
SwapFree:              0 kB
Dirty:                 0 kB
Writeback:             0 kB
AnonPages:       1465924 kB
Mapped:           146048 kB
Shmem:              1684 kB
Slab:              34980 kB
SReclaimable:      12944 kB
SUnreclaim:        22036 kB
KernelStack:        7144 kB
PageTables:        13828 kB
NFS_Unstable:          0 kB
Bounce:                0 kB
WritebackTmp:          0 kB
CommitLimit:      949752 kB
Committed_AS:   16017480 kB
VmallocTotal:     245760 kB
VmallocUsed:       54056 kB
VmallocChunk:      75648 kB
1557733689.379742
MemTotal:        1899508 kB
MemFree:           45316 kB
Buffers:            1344 kB
Cached:           135196 kB
SwapCached:            0 kB
Active:          1537768 kB
Inactive:          68228 kB
Active(anon):    1471656 kB
Inactive(anon):     1640 kB
Active(file):      66112 kB
Inactive(file):    66588 kB
Unevictable:        1940 kB
Mlocked:               0 kB
HighTotal:       1158144 kB
HighFree:           1708 kB
LowTotal:         741364 kB
LowFree:           43608 kB
SwapTotal:             0 kB
SwapFree:              0 kB
Dirty:                48 kB
Writeback:             0 kB
AnonPages:       1471688 kB
Mapped:           140500 kB
Shmem:              1664 kB
Slab:              34932 kB
SReclaimable:      12920 kB
SUnreclaim:        22012 kB
KernelStack:        7256 kB
PageTables:        13800 kB
NFS_Unstable:          0 kB
Bounce:                0 kB
WritebackTmp:          0 kB
CommitLimit:      949752 kB
Committed_AS:   16020276 kB
VmallocTotal:     245760 kB
VmallocUsed:       54056 kB
VmallocChunk:      75648 kB
1557733690.440958
MemTotal:        1899508 kB
MemFree:           42336 kB
Buffers:            1384 kB
Cached:           140420 kB
SwapCached:            0 kB
Active:          1535792 kB
Inactive:          73220 kB
Active(anon):    1469184 kB
Inactive(anon):     1696 kB
Active(file):      66608 kB
Inactive(file):    71524 kB
Unevictable:        1940 kB
Mlocked:               0 kB
HighTotal:       1158144 kB
HighFree:           2232 kB
LowTotal:         741364 kB
LowFree:           40104 kB
SwapTotal:             0 kB
SwapFree:              0 kB
Dirty:                 0 kB
Writeback:             0 kB
AnonPages:       1469128 kB
Mapped:           139000 kB
Shmem:              1684 kB
Slab:              34760 kB
SReclaimable:      12840 kB
SUnreclaim:        21920 kB
KernelStack:        7136 kB
PageTables:        13556 kB
NFS_Unstable:          0 kB
Bounce:                0 kB
WritebackTmp:          0 kB
CommitLimit:      949752 kB
Committed_AS:   15452728 kB
VmallocTotal:     245760 kB
VmallocUsed:       53036 kB
VmallocChunk:      75648 kB
1557733691.365719
MemTotal:        1899508 kB
MemFree:           40376 kB
Buffers:            1356 kB
Cached:           140780 kB
SwapCached:            0 kB
Active:          1539356 kB
Inactive:          72428 kB
Active(anon):    1471972 kB
Inactive(anon):     1628 kB
Active(file):      67384 kB
Inactive(file):    70800 kB
Unevictable:        1940 kB
Mlocked:               0 kB
HighTotal:       1158144 kB
HighFree:            604 kB
LowTotal:         741364 kB
LowFree:           39772 kB
SwapTotal:             0 kB
SwapFree:              0 kB
Dirty:                72 kB
Writeback:             0 kB
AnonPages:       1472092 kB
Mapped:           139260 kB
Shmem:              1680 kB
Slab:              34716 kB
SReclaimable:      12832 kB
SUnreclaim:        21884 kB
KernelStack:        7248 kB
PageTables:        13920 kB
NFS_Unstable:          0 kB
Bounce:                0 kB
WritebackTmp:          0 kB
CommitLimit:      949752 kB
Committed_AS:   16680540 kB
VmallocTotal:     245760 kB
VmallocUsed:       54056 kB
VmallocChunk:      75648 kB
1557733692.248936
MemTotal:        1899508 kB
MemFree:           55168 kB
Buffers:             776 kB
Cached:           121364 kB
SwapCached:            0 kB
Active:          1490740 kB
Inactive:          61004 kB
Active(anon):    1431612 kB
Inactive(anon):     1628 kB
Active(file):      59128 kB
Inactive(file):    59376 kB
Unevictable:        1940 kB
Mlocked:               0 kB
HighTotal:       1158144 kB
HighFree:          14044 kB
LowTotal:         741364 kB
LowFree:           41124 kB
SwapTotal:             0 kB
SwapFree:              0 kB
Dirty:               148 kB
Writeback:             0 kB
AnonPages:       1431676 kB
Mapped:           130432 kB
Shmem:              1680 kB
Slab:              34284 kB
SReclaimable:      12808 kB
SUnreclaim:        21476 kB
KernelStack:        6272 kB
PageTables:        11804 kB
NFS_Unstable:          0 kB
Bounce:                0 kB
WritebackTmp:          0 kB
CommitLimit:      949752 kB
Committed_AS:   12439156 kB
VmallocTotal:     245760 kB
VmallocUsed:       52212 kB
VmallocChunk:      75648 kB
1557733693.352918
MemTotal:        1899508 kB
MemFree:           61164 kB
Buffers:             784 kB
Cached:           123256 kB
SwapCached:            0 kB
Active:          1488864 kB
Inactive:          60476 kB
Active(anon):    1427408 kB
Inactive(anon):     1624 kB
Active(file):      61456 kB
Inactive(file):    58852 kB
Unevictable:        1940 kB
Mlocked:               0 kB
HighTotal:       1158144 kB
HighFree:          16276 kB
LowTotal:         741364 kB
LowFree:           44888 kB
SwapTotal:             0 kB
SwapFree:              0 kB
Dirty:               152 kB
Writeback:             0 kB
AnonPages:       1427484 kB
Mapped:           127712 kB
Shmem:              1676 kB
Slab:              34104 kB
SReclaimable:      12720 kB
SUnreclaim:        21384 kB
KernelStack:        6104 kB
PageTables:        11472 kB
NFS_Unstable:          0 kB
Bounce:                0 kB
WritebackTmp:          0 kB
CommitLimit:      949752 kB
Committed_AS:   12405580 kB
VmallocTotal:     245760 kB
VmallocUsed:       49788 kB
VmallocChunk:      75648 kB
1557733694.105664
MemTotal:        1899508 kB
MemFree:           60580 kB
Buffers:             784 kB
Cached:           122204 kB
SwapCached:            0 kB
Active:          1492808 kB
Inactive:          58820 kB
Active(anon):    1430640 kB
Inactive(anon):     1624 kB
Active(file):      62168 kB
Inactive(file):    57196 kB
Unevictable:        1940 kB
Mlocked:               0 kB
HighTotal:       1158144 kB
HighFree:          14488 kB
LowTotal:         741364 kB
LowFree:           46092 kB
SwapTotal:             0 kB
SwapFree:              0 kB
Dirty:               152 kB
Writeback:             0 kB
AnonPages:       1430632 kB
Mapped:           127684 kB
Shmem:              1676 kB
Slab:              34092 kB
SReclaimable:      12712 kB
SUnreclaim:        21380 kB
KernelStack:        6008 kB
PageTables:        11188 kB
NFS_Unstable:          0 kB
Bounce:                0 kB
WritebackTmp:          0 kB
CommitLimit:      949752 kB
Committed_AS:   11846440 kB
VmallocTotal:     245760 kB
VmallocUsed:       48768 kB
VmallocChunk:      75648 kB
1557733694.988830
MemTotal:        1899508 kB
MemFree:           63180 kB
Buffers:             800 kB
Cached:           120640 kB
SwapCached:            0 kB
Active:          1492380 kB
Inactive:          57804 kB
Active(anon):    1430728 kB
Inactive(anon):     1624 kB
Active(file):      61652 kB
Inactive(file):    56180 kB
Unevictable:        1940 kB
Mlocked:               0 kB
HighTotal:       1158144 kB
HighFree:          16756 kB
LowTotal:         741364 kB
LowFree:           46424 kB
SwapTotal:             0 kB
SwapFree:              0 kB
Dirty:               152 kB
Writeback:             0 kB
AnonPages:       1430800 kB
Mapped:           127484 kB
Shmem:              1676 kB
Slab:              34092 kB
SReclaimable:      12712 kB
SUnreclaim:        21380 kB
KernelStack:        5992 kB
PageTables:        11168 kB
NFS_Unstable:          0 kB
Bounce:                0 kB
WritebackTmp:          0 kB
CommitLimit:      949752 kB
Committed_AS:   11846512 kB
VmallocTotal:     245760 kB
VmallocUsed:       48768 kB
VmallocChunk:      75648 kB
1557733695.930569
MemTotal:        1899508 kB
MemFree:           61836 kB
Buffers:             800 kB
Cached:           120688 kB
SwapCached:            0 kB
Active:          1493972 kB
Inactive:          57892 kB
Active(anon):    1432368 kB
Inactive(anon):     1624 kB
Active(file):      61604 kB
Inactive(file):    56268 kB
Unevictable:        1940 kB
Mlocked:               0 kB
HighTotal:       1158144 kB
HighFree:          15344 kB
LowTotal:         741364 kB
LowFree:           46492 kB
SwapTotal:             0 kB
SwapFree:              0 kB
Dirty:               160 kB
Writeback:             0 kB
AnonPages:       1432452 kB
Mapped:           127744 kB
Shmem:              1676 kB
Slab:              34080 kB
SReclaimable:      12704 kB
SUnreclaim:        21376 kB
KernelStack:        6168 kB
PageTables:        11520 kB
NFS_Unstable:          0 kB
Bounce:                0 kB
WritebackTmp:          0 kB
CommitLimit:      949752 kB
Committed_AS:   12414420 kB
VmallocTotal:     245760 kB
VmallocUsed:       49788 kB
VmallocChunk:      75648 kB
1557733696.886161
MemTotal:        1899508 kB
MemFree:           74008 kB
Buffers:             880 kB
Cached:           123588 kB
SwapCached:            0 kB
Active:          1487940 kB
Inactive:          59836 kB
Active(anon):    1425372 kB
Inactive(anon):     1656 kB
Active(file):      62568 kB
Inactive(file):    58180 kB
Unevictable:        1940 kB
Mlocked:               0 kB
HighTotal:       1158144 kB
HighFree:           7952 kB
LowTotal:         741364 kB
LowFree:           66056 kB
SwapTotal:             0 kB
SwapFree:              0 kB
Dirty:               160 kB
Writeback:             0 kB
AnonPages:       1425364 kB
Mapped:           113464 kB
Shmem:              1712 kB
Slab:              33980 kB
SReclaimable:      12704 kB
SUnreclaim:        21276 kB
KernelStack:        6232 kB
PageTables:        12196 kB
NFS_Unstable:          0 kB
Bounce:                0 kB
WritebackTmp:          0 kB
CommitLimit:      949752 kB
Committed_AS:   13037112 kB
VmallocTotal:     245760 kB
VmallocUsed:       53040 kB
VmallocChunk:      75648 kB
1557733698.091997
MemTotal:        1899508 kB
MemFree:           72512 kB
Buffers:             896 kB
Cached:           124168 kB
SwapCached:            0 kB
Active:          1488732 kB
Inactive:          60452 kB
Active(anon):    1426124 kB
Inactive(anon):     1660 kB
Active(file):      62608 kB
Inactive(file):    58792 kB
Unevictable:        1940 kB
Mlocked:               0 kB
HighTotal:       1158144 kB
HighFree:           6748 kB
LowTotal:         741364 kB
LowFree:           65764 kB
SwapTotal:             0 kB
SwapFree:              0 kB
Dirty:                 4 kB
Writeback:             0 kB
AnonPages:       1426080 kB
Mapped:           113424 kB
Shmem:              1724 kB
Slab:              33976 kB
SReclaimable:      12704 kB
SUnreclaim:        21272 kB
KernelStack:        6248 kB
PageTables:        12156 kB
NFS_Unstable:          0 kB
Bounce:                0 kB
WritebackTmp:          0 kB
CommitLimit:      949752 kB
Committed_AS:   13037996 kB
VmallocTotal:     245760 kB
VmallocUsed:       53040 kB
VmallocChunk:      75648 kB
1557733698.772824
MemTotal:        1899508 kB
MemFree:           70852 kB
Buffers:             896 kB
Cached:           124480 kB
SwapCached:            0 kB
Active:          1489668 kB
Inactive:          60704 kB
Active(anon):    1427060 kB
Inactive(anon):     1912 kB
Active(file):      62608 kB
Inactive(file):    58792 kB
Unevictable:        1940 kB
Mlocked:               0 kB
HighTotal:       1158144 kB
HighFree:           5316 kB
LowTotal:         741364 kB
LowFree:           65536 kB
SwapTotal:             0 kB
SwapFree:              0 kB
Dirty:                 4 kB
Writeback:             0 kB
AnonPages:       1427124 kB
Mapped:           113940 kB
Shmem:              2036 kB
Slab:              33972 kB
SReclaimable:      12704 kB
SUnreclaim:        21268 kB
KernelStack:        6304 kB
PageTables:        12168 kB
NFS_Unstable:          0 kB
Bounce:                0 kB
WritebackTmp:          0 kB
CommitLimit:      949752 kB
Committed_AS:   13044340 kB
VmallocTotal:     245760 kB
VmallocUsed:       53040 kB
VmallocChunk:      75648 kB
1557733699.918385
MemTotal:        1899508 kB
MemFree:           67800 kB
Buffers:             912 kB
Cached:           125332 kB
SwapCached:            0 kB
Active:          1491784 kB
Inactive:          61540 kB
Active(anon):    1429176 kB
Inactive(anon):     1904 kB
Active(file):      62608 kB
Inactive(file):    59636 kB
Unevictable:        1940 kB
Mlocked:               0 kB
HighTotal:       1158144 kB
HighFree:           2000 kB
LowTotal:         741364 kB
LowFree:           65800 kB
SwapTotal:             0 kB
SwapFree:              0 kB
Dirty:                44 kB
Writeback:             0 kB
AnonPages:       1429040 kB
Mapped:           113992 kB
Shmem:              2072 kB
Slab:              33972 kB
SReclaimable:      12704 kB
SUnreclaim:        21268 kB
KernelStack:        6264 kB
PageTables:        12160 kB
NFS_Unstable:          0 kB
Bounce:                0 kB
WritebackTmp:          0 kB
CommitLimit:      949752 kB
Committed_AS:   13040308 kB
VmallocTotal:     245760 kB
VmallocUsed:       53040 kB
VmallocChunk:      75648 kB
1557733700.960669
MemTotal:        1899508 kB
MemFree:           62100 kB
Buffers:             920 kB
Cached:           126600 kB
SwapCached:            0 kB
Active:          1495588 kB
Inactive:          62748 kB
Active(anon):    1432980 kB
Inactive(anon):     1992 kB
Active(file):      62608 kB
Inactive(file):    60756 kB
Unevictable:        1940 kB
Mlocked:               0 kB
HighTotal:       1158144 kB
HighFree:           1936 kB
LowTotal:         741364 kB
LowFree:           60164 kB
SwapTotal:             0 kB
SwapFree:              0 kB
Dirty:                44 kB
Writeback:             0 kB
AnonPages:       1432644 kB
Mapped:           115280 kB
Shmem:              2216 kB
Slab:              33976 kB
SReclaimable:      12704 kB
SUnreclaim:        21272 kB
KernelStack:        6320 kB
PageTables:        12176 kB
NFS_Unstable:          0 kB
Bounce:                0 kB
WritebackTmp:          0 kB
CommitLimit:      949752 kB
Committed_AS:   13040952 kB
VmallocTotal:     245760 kB
VmallocUsed:       53040 kB
VmallocChunk:      75648 kB
1557733701.915473
MemTotal:        1899508 kB
MemFree:           62420 kB
Buffers:             928 kB
Cached:           126924 kB
SwapCached:            0 kB
Active:          1498100 kB
Inactive:          62960 kB
Active(anon):    1435492 kB
Inactive(anon):     1964 kB
Active(file):      62608 kB
Inactive(file):    60996 kB
Unevictable:        1940 kB
Mlocked:               0 kB
HighTotal:       1158144 kB
HighFree:           1808 kB
LowTotal:         741364 kB
LowFree:           60612 kB
SwapTotal:             0 kB
SwapFree:              0 kB
Dirty:                44 kB
Writeback:             0 kB
AnonPages:       1435156 kB
Mapped:           113060 kB
Shmem:              2228 kB
Slab:              33976 kB
SReclaimable:      12704 kB
SUnreclaim:        21272 kB
KernelStack:        6264 kB
PageTables:        12192 kB
NFS_Unstable:          0 kB
Bounce:                0 kB
WritebackTmp:          0 kB
CommitLimit:      949752 kB
Committed_AS:   13041860 kB
VmallocTotal:     245760 kB
VmallocUsed:       53016 kB
VmallocChunk:      75648 kB
1557733702.957683
MemTotal:        1899508 kB
MemFree:           56936 kB
Buffers:             944 kB
Cached:           127140 kB
SwapCached:            0 kB
Active:          1503588 kB
Inactive:          63132 kB
Active(anon):    1440980 kB
Inactive(anon):     1976 kB
Active(file):      62608 kB
Inactive(file):    61156 kB
Unevictable:        1940 kB
Mlocked:               0 kB
HighTotal:       1158144 kB
HighFree:           1780 kB
LowTotal:         741364 kB
LowFree:           55156 kB
SwapTotal:             0 kB
SwapFree:              0 kB
Dirty:                44 kB
Writeback:             0 kB
AnonPages:       1440836 kB
Mapped:           113120 kB
Shmem:              2240 kB
Slab:              33976 kB
SReclaimable:      12704 kB
SUnreclaim:        21272 kB
KernelStack:        6304 kB
PageTables:        12192 kB
NFS_Unstable:          0 kB
Bounce:                0 kB
WritebackTmp:          0 kB
CommitLimit:      949752 kB
Committed_AS:   13041932 kB
VmallocTotal:     245760 kB
VmallocUsed:       53016 kB
VmallocChunk:      75648 kB
1557733703.969970
MemTotal:        1899508 kB
MemFree:           54184 kB
Buffers:             960 kB
Cached:           127148 kB
SwapCached:            0 kB
Active:          1504932 kB
Inactive:          63296 kB
Active(anon):    1442324 kB
Inactive(anon):     1976 kB
Active(file):      62608 kB
Inactive(file):    61320 kB
Unevictable:        1940 kB
Mlocked:               0 kB
HighTotal:       1158144 kB
HighFree:           1812 kB
LowTotal:         741364 kB
LowFree:           52372 kB
SwapTotal:             0 kB
SwapFree:              0 kB
Dirty:                44 kB
Writeback:             0 kB
AnonPages:       1442144 kB
Mapped:           113228 kB
Shmem:              2240 kB
Slab:              33976 kB
SReclaimable:      12704 kB
SUnreclaim:        21272 kB
KernelStack:        6304 kB
PageTables:        12196 kB
NFS_Unstable:          0 kB
Bounce:                0 kB
WritebackTmp:          0 kB
CommitLimit:      949752 kB
Committed_AS:   13042644 kB
VmallocTotal:     245760 kB
VmallocUsed:       53016 kB
VmallocChunk:      75648 kB
1557733705.013799
MemTotal:        1899508 kB
MemFree:           50444 kB
Buffers:             976 kB
Cached:           127676 kB
SwapCached:            0 kB
Active:          1508348 kB
Inactive:          63840 kB
Active(anon):    1445740 kB
Inactive(anon):     1976 kB
Active(file):      62608 kB
Inactive(file):    61864 kB
Unevictable:        1940 kB
Mlocked:               0 kB
HighTotal:       1158144 kB
HighFree:           2180 kB
LowTotal:         741364 kB
LowFree:           48264 kB
SwapTotal:             0 kB
SwapFree:              0 kB
Dirty:                44 kB
Writeback:             0 kB
AnonPages:       1445436 kB
Mapped:           113116 kB
Shmem:              2240 kB
Slab:              33992 kB
SReclaimable:      12704 kB
SUnreclaim:        21288 kB
KernelStack:        6272 kB
PageTables:        12188 kB
NFS_Unstable:          0 kB
Bounce:                0 kB
WritebackTmp:          0 kB
CommitLimit:      949752 kB
Committed_AS:   13052060 kB
VmallocTotal:     245760 kB
VmallocUsed:       53016 kB
VmallocChunk:      75648 kB
1557733706.200248
MemTotal:        1899508 kB
MemFree:           47496 kB
Buffers:             992 kB
Cached:           127864 kB
SwapCached:            0 kB
Active:          1511188 kB
Inactive:          64012 kB
Active(anon):    1448580 kB
Inactive(anon):     1976 kB
Active(file):      62608 kB
Inactive(file):    62036 kB
Unevictable:        1940 kB
Mlocked:               0 kB
HighTotal:       1158144 kB
HighFree:           1796 kB
LowTotal:         741364 kB
LowFree:           45700 kB
SwapTotal:             0 kB
SwapFree:              0 kB
Dirty:                44 kB
Writeback:             0 kB
AnonPages:       1448392 kB
Mapped:           113244 kB
Shmem:              2240 kB
Slab:              34088 kB
SReclaimable:      12704 kB
SUnreclaim:        21384 kB
KernelStack:        6320 kB
PageTables:        12188 kB
NFS_Unstable:          0 kB
Bounce:                0 kB
WritebackTmp:          0 kB
CommitLimit:      949752 kB
Committed_AS:   13052912 kB
VmallocTotal:     245760 kB
VmallocUsed:       53016 kB
VmallocChunk:      75648 kB
1557733707.249956
MemTotal:        1899508 kB
MemFree:           46492 kB
Buffers:             992 kB
Cached:           126028 kB
SwapCached:            0 kB
Active:          1514796 kB
Inactive:          61756 kB
Active(anon):    1451776 kB
Inactive(anon):     1976 kB
Active(file):      63020 kB
Inactive(file):    59780 kB
Unevictable:        1940 kB
Mlocked:               0 kB
HighTotal:       1158144 kB
HighFree:           2120 kB
LowTotal:         741364 kB
LowFree:           44372 kB
SwapTotal:             0 kB
SwapFree:              0 kB
Dirty:                44 kB
Writeback:             0 kB
AnonPages:       1451540 kB
Mapped:           111656 kB
Shmem:              2240 kB
Slab:              34088 kB
SReclaimable:      12704 kB
SUnreclaim:        21384 kB
KernelStack:        6176 kB
PageTables:        11828 kB
NFS_Unstable:          0 kB
Bounce:                0 kB
WritebackTmp:          0 kB
CommitLimit:      949752 kB
Committed_AS:   12488560 kB
VmallocTotal:     245760 kB
VmallocUsed:       51996 kB
VmallocChunk:      75648 kB
1557733708.208275
MemTotal:        1899508 kB
MemFree:           45216 kB
Buffers:            1008 kB
Cached:           124360 kB
SwapCached:            0 kB
Active:          1517596 kB
Inactive:          60628 kB
Active(anon):    1455068 kB
Inactive(anon):     1976 kB
Active(file):      62528 kB
Inactive(file):    58652 kB
Unevictable:        1940 kB
Mlocked:               0 kB
HighTotal:       1158144 kB
HighFree:           2564 kB
LowTotal:         741364 kB
LowFree:           42652 kB
SwapTotal:             0 kB
SwapFree:              0 kB
Dirty:                40 kB
Writeback:             0 kB
AnonPages:       1454784 kB
Mapped:           111756 kB
Shmem:              2240 kB
Slab:              34088 kB
SReclaimable:      12704 kB
SUnreclaim:        21384 kB
KernelStack:        6240 kB
PageTables:        11936 kB
NFS_Unstable:          0 kB
Bounce:                0 kB
WritebackTmp:          0 kB
CommitLimit:      949752 kB
Committed_AS:   12492564 kB
VmallocTotal:     245760 kB
VmallocUsed:       51996 kB
VmallocChunk:      75648 kB
1557733709.241842
MemTotal:        1899508 kB
MemFree:           47300 kB
Buffers:            1008 kB
Cached:           122948 kB
SwapCached:            0 kB
Active:          1517908 kB
Inactive:          59148 kB
Active(anon):    1455292 kB
Inactive(anon):     1976 kB
Active(file):      62616 kB
Inactive(file):    57172 kB
Unevictable:        1940 kB
Mlocked:               0 kB
HighTotal:       1158144 kB
HighFree:           3404 kB
LowTotal:         741364 kB
LowFree:           43896 kB
SwapTotal:             0 kB
SwapFree:              0 kB
Dirty:                40 kB
Writeback:             0 kB
AnonPages:       1455024 kB
Mapped:           111732 kB
Shmem:              2240 kB
Slab:              34088 kB
SReclaimable:      12704 kB
SUnreclaim:        21384 kB
KernelStack:        6168 kB
PageTables:        11832 kB
NFS_Unstable:          0 kB
Bounce:                0 kB
WritebackTmp:          0 kB
CommitLimit:      949752 kB
Committed_AS:   12492552 kB
VmallocTotal:     245760 kB
VmallocUsed:       51996 kB
VmallocChunk:      75648 kB
1557733710.183305
MemTotal:        1899508 kB
MemFree:           46860 kB
Buffers:            1008 kB
Cached:           121544 kB
SwapCached:            0 kB
Active:          1519100 kB
Inactive:          58200 kB
Active(anon):    1456992 kB
Inactive(anon):     1976 kB
Active(file):      62108 kB
Inactive(file):    56224 kB
Unevictable:        1940 kB
Mlocked:               0 kB
HighTotal:       1158144 kB
HighFree:           2780 kB
LowTotal:         741364 kB
LowFree:           44080 kB
SwapTotal:             0 kB
SwapFree:              0 kB
Dirty:                40 kB
Writeback:             0 kB
AnonPages:       1456844 kB
Mapped:           111488 kB
Shmem:              2240 kB
Slab:              34088 kB
SReclaimable:      12704 kB
SUnreclaim:        21384 kB
KernelStack:        6136 kB
PageTables:        12240 kB
NFS_Unstable:          0 kB
Bounce:                0 kB
WritebackTmp:          0 kB
CommitLimit:      949752 kB
Committed_AS:   13060136 kB
VmallocTotal:     245760 kB
VmallocUsed:       53016 kB
VmallocChunk:      75648 kB
1557733711.140145
MemTotal:        1899508 kB
MemFree:           49268 kB
Buffers:            1008 kB
Cached:           120132 kB
SwapCached:            0 kB
Active:          1517468 kB
Inactive:          57496 kB
Active(anon):    1456084 kB
Inactive(anon):     1976 kB
Active(file):      61384 kB
Inactive(file):    55520 kB
Unevictable:        1940 kB
Mlocked:               0 kB
HighTotal:       1158144 kB
HighFree:           3976 kB
LowTotal:         741364 kB
LowFree:           45292 kB
SwapTotal:             0 kB
SwapFree:              0 kB
Dirty:                40 kB
Writeback:             0 kB
AnonPages:       1455888 kB
Mapped:           111192 kB
Shmem:              2240 kB
Slab:              34088 kB
SReclaimable:      12704 kB
SUnreclaim:        21384 kB
KernelStack:        6136 kB
PageTables:        11852 kB
NFS_Unstable:          0 kB
Bounce:                0 kB
WritebackTmp:          0 kB
CommitLimit:      949752 kB
Committed_AS:   12493520 kB
VmallocTotal:     245760 kB
VmallocUsed:       51996 kB
VmallocChunk:      75648 kB
1557733712.125405
MemTotal:        1899508 kB
MemFree:           46568 kB
Buffers:            1024 kB
Cached:           119132 kB
SwapCached:            0 kB
Active:          1520068 kB
Inactive:          57108 kB
Active(anon):    1459256 kB
Inactive(anon):     2456 kB
Active(file):      60812 kB
Inactive(file):    54652 kB
Unevictable:        1940 kB
Mlocked:               0 kB
HighTotal:       1158144 kB
HighFree:           1880 kB
LowTotal:         741364 kB
LowFree:           44688 kB
SwapTotal:             0 kB
SwapFree:              0 kB
Dirty:                40 kB
Writeback:             0 kB
AnonPages:       1458736 kB
Mapped:           111556 kB
Shmem:              2816 kB
Slab:              34088 kB
SReclaimable:      12704 kB
SUnreclaim:        21384 kB
KernelStack:        6136 kB
PageTables:        11852 kB
NFS_Unstable:          0 kB
Bounce:                0 kB
WritebackTmp:          0 kB
CommitLimit:      949752 kB
Committed_AS:   12493576 kB
VmallocTotal:     245760 kB
VmallocUsed:       51996 kB
VmallocChunk:      75648 kB
1557733713.126724
MemTotal:        1899508 kB
MemFree:           47312 kB
Buffers:            1040 kB
Cached:           117396 kB
SwapCached:            0 kB
Active:          1521324 kB
Inactive:          56372 kB
Active(anon):    1461504 kB
Inactive(anon):     2456 kB
Active(file):      59820 kB
Inactive(file):    53916 kB
Unevictable:        1940 kB
Mlocked:               0 kB
HighTotal:       1158144 kB
HighFree:           3372 kB
LowTotal:         741364 kB
LowFree:           43940 kB
SwapTotal:             0 kB
SwapFree:              0 kB
Dirty:                36 kB
Writeback:             0 kB
AnonPages:       1461236 kB
Mapped:           111428 kB
Shmem:              2816 kB
Slab:              34088 kB
SReclaimable:      12704 kB
SUnreclaim:        21384 kB
KernelStack:        6176 kB
PageTables:        11864 kB
NFS_Unstable:          0 kB
Bounce:                0 kB
WritebackTmp:          0 kB
CommitLimit:      949752 kB
Committed_AS:   12495852 kB
VmallocTotal:     245760 kB
VmallocUsed:       51996 kB
VmallocChunk:      75648 kB
1557733714.066953
MemTotal:        1899508 kB
MemFree:           44832 kB
Buffers:            1040 kB
Cached:           117248 kB
SwapCached:            0 kB
Active:          1522928 kB
Inactive:          56416 kB
Active(anon):    1463356 kB
Inactive(anon):     2456 kB
Active(file):      59572 kB
Inactive(file):    53960 kB
Unevictable:        1940 kB
Mlocked:               0 kB
HighTotal:       1158144 kB
HighFree:           1772 kB
LowTotal:         741364 kB
LowFree:           43060 kB
SwapTotal:             0 kB
SwapFree:              0 kB
Dirty:                36 kB
Writeback:             0 kB
AnonPages:       1462956 kB
Mapped:           111552 kB
Shmem:              2816 kB
Slab:              34048 kB
SReclaimable:      12704 kB
SUnreclaim:        21344 kB
KernelStack:        6312 kB
PageTables:        12216 kB
NFS_Unstable:          0 kB
Bounce:                0 kB
WritebackTmp:          0 kB
CommitLimit:      949752 kB
Committed_AS:   13063248 kB
VmallocTotal:     245760 kB
VmallocUsed:       53016 kB
VmallocChunk:      75648 kB
1557733715.162074
MemTotal:        1899508 kB
MemFree:           44412 kB
Buffers:            1040 kB
Cached:           117496 kB
SwapCached:            0 kB
Active:          1522956 kB
Inactive:          56664 kB
Active(anon):    1463384 kB
Inactive(anon):     2456 kB
Active(file):      59572 kB
Inactive(file):    54208 kB
Unevictable:        1940 kB
Mlocked:               0 kB
HighTotal:       1158144 kB
HighFree:           1912 kB
LowTotal:         741364 kB
LowFree:           42500 kB
SwapTotal:             0 kB
SwapFree:              0 kB
Dirty:                36 kB
Writeback:             0 kB
AnonPages:       1463160 kB
Mapped:           111588 kB
Shmem:              2816 kB
Slab:              34048 kB
SReclaimable:      12704 kB
SUnreclaim:        21344 kB
KernelStack:        6216 kB
PageTables:        12216 kB
NFS_Unstable:          0 kB
Bounce:                0 kB
WritebackTmp:          0 kB
CommitLimit:      949752 kB
Committed_AS:   13064164 kB
VmallocTotal:     245760 kB
VmallocUsed:       53016 kB
VmallocChunk:      75648 kB
1557733716.069018
MemTotal:        1899508 kB
MemFree:           43568 kB
Buffers:            1040 kB
Cached:           115608 kB
SwapCached:            0 kB
Active:          1524892 kB
Inactive:          55468 kB
Active(anon):    1466008 kB
Inactive(anon):     2456 kB
Active(file):      58884 kB
Inactive(file):    53012 kB
Unevictable:        1940 kB
Mlocked:               0 kB
HighTotal:       1158144 kB
HighFree:           1836 kB
LowTotal:         741364 kB
LowFree:           41732 kB
SwapTotal:             0 kB
SwapFree:              0 kB
Dirty:                36 kB
Writeback:             0 kB
AnonPages:       1465580 kB
Mapped:           111340 kB
Shmem:              2816 kB
Slab:              34048 kB
SReclaimable:      12704 kB
SUnreclaim:        21344 kB
KernelStack:        6264 kB
PageTables:        11816 kB
NFS_Unstable:          0 kB
Bounce:                0 kB
WritebackTmp:          0 kB
CommitLimit:      949752 kB
Committed_AS:   12498796 kB
VmallocTotal:     245760 kB
VmallocUsed:       51996 kB
VmallocChunk:      75648 kB
1557733717.098838
MemTotal:        1899508 kB
MemFree:           43420 kB
Buffers:            1040 kB
Cached:           114580 kB
SwapCached:            0 kB
Active:          1524592 kB
Inactive:          54712 kB
Active(anon):    1466212 kB
Inactive(anon):     2456 kB
Active(file):      58380 kB
Inactive(file):    52256 kB
Unevictable:        1940 kB
Mlocked:               0 kB
HighTotal:       1158144 kB
HighFree:           1936 kB
LowTotal:         741364 kB
LowFree:           41484 kB
SwapTotal:             0 kB
SwapFree:              0 kB
Dirty:                36 kB
Writeback:             0 kB
AnonPages:       1465856 kB
Mapped:           111348 kB
Shmem:              2816 kB
Slab:              34048 kB
SReclaimable:      12704 kB
SUnreclaim:        21344 kB
KernelStack:        6136 kB
PageTables:        11868 kB
NFS_Unstable:          0 kB
Bounce:                0 kB
WritebackTmp:          0 kB
CommitLimit:      949752 kB
Committed_AS:   12499652 kB
VmallocTotal:     245760 kB
VmallocUsed:       51996 kB
VmallocChunk:      75648 kB
1557733718.057727
MemTotal:        1899508 kB
MemFree:           46064 kB
Buffers:            1048 kB
Cached:           113044 kB
SwapCached:            0 kB
Active:          1524024 kB
Inactive:          54176 kB
Active(anon):    1466568 kB
Inactive(anon):     2452 kB
Active(file):      57456 kB
Inactive(file):    51724 kB
Unevictable:        1940 kB
Mlocked:               0 kB
HighTotal:       1158144 kB
HighFree:           2740 kB
LowTotal:         741364 kB
LowFree:           43324 kB
SwapTotal:             0 kB
SwapFree:              0 kB
Dirty:                28 kB
Writeback:             0 kB
AnonPages:       1466180 kB
Mapped:           111184 kB
Shmem:              2816 kB
Slab:              34048 kB
SReclaimable:      12704 kB
SUnreclaim:        21344 kB
KernelStack:        6136 kB
PageTables:        12272 kB
NFS_Unstable:          0 kB
Bounce:                0 kB
WritebackTmp:          0 kB
CommitLimit:      949752 kB
Committed_AS:   13067116 kB
VmallocTotal:     245760 kB
VmallocUsed:       53016 kB
VmallocChunk:      75648 kB
1557733719.033735
MemTotal:        1899508 kB
MemFree:           47984 kB
Buffers:            1048 kB
Cached:           112848 kB
SwapCached:            0 kB
Active:          1522904 kB
Inactive:          54280 kB
Active(anon):    1465596 kB
Inactive(anon):     2448 kB
Active(file):      57308 kB
Inactive(file):    51832 kB
Unevictable:        1940 kB
Mlocked:               0 kB
HighTotal:       1158144 kB
HighFree:           3908 kB
LowTotal:         741364 kB
LowFree:           44076 kB
SwapTotal:             0 kB
SwapFree:              0 kB
Dirty:                28 kB
Writeback:             0 kB
AnonPages:       1465304 kB
Mapped:           110948 kB
Shmem:              2816 kB
Slab:              34048 kB
SReclaimable:      12704 kB
SUnreclaim:        21344 kB
KernelStack:        6136 kB
PageTables:        11860 kB
NFS_Unstable:          0 kB
Bounce:                0 kB
WritebackTmp:          0 kB
CommitLimit:      949752 kB
Committed_AS:   12500552 kB
VmallocTotal:     245760 kB
VmallocUsed:       51996 kB
VmallocChunk:      75648 kB
1557733720.032892
MemTotal:        1899508 kB
MemFree:           41216 kB
Buffers:            1064 kB
Cached:           117212 kB
SwapCached:            0 kB
Active:          1524948 kB
Inactive:          58728 kB
Active(anon):    1467872 kB
Inactive(anon):     2448 kB
Active(file):      57076 kB
Inactive(file):    56280 kB
Unevictable:        1940 kB
Mlocked:               0 kB
HighTotal:       1158144 kB
HighFree:           1332 kB
LowTotal:         741364 kB
LowFree:           39884 kB
SwapTotal:             0 kB
SwapFree:              0 kB
Dirty:                36 kB
Writeback:             0 kB
AnonPages:       1467568 kB
Mapped:           111376 kB
Shmem:              2816 kB
Slab:              34048 kB
SReclaimable:      12704 kB
SUnreclaim:        21344 kB
KernelStack:        6216 kB
PageTables:        11928 kB
NFS_Unstable:          0 kB
Bounce:                0 kB
WritebackTmp:          0 kB
CommitLimit:      949752 kB
Committed_AS:   12503764 kB
VmallocTotal:     245760 kB
VmallocUsed:       53016 kB
VmallocChunk:      75648 kB
1557733720.988492
MemTotal:        1899508 kB
MemFree:           43236 kB
Buffers:             820 kB
Cached:           125364 kB
SwapCached:            0 kB
Active:          1523972 kB
Inactive:          65240 kB
Active(anon):    1465752 kB
Inactive(anon):     2444 kB
Active(file):      58220 kB
Inactive(file):    62796 kB
Unevictable:        1940 kB
Mlocked:               0 kB
HighTotal:       1158144 kB
HighFree:           1712 kB
LowTotal:         741364 kB
LowFree:           41524 kB
SwapTotal:             0 kB
SwapFree:              0 kB
Dirty:                72 kB
Writeback:             0 kB
AnonPages:       1465284 kB
Mapped:           108096 kB
Shmem:              2812 kB
Slab:              33940 kB
SReclaimable:      12672 kB
SUnreclaim:        21268 kB
KernelStack:        6272 kB
PageTables:        11836 kB
NFS_Unstable:          0 kB
Bounce:                0 kB
WritebackTmp:          0 kB
CommitLimit:      949752 kB
Committed_AS:   13155308 kB
VmallocTotal:     245760 kB
VmallocUsed:       51808 kB
VmallocChunk:      75648 kB
1557733721.993329
MemTotal:        1899508 kB
MemFree:           40404 kB
Buffers:             500 kB
Cached:           120372 kB
SwapCached:            0 kB
Active:          1533400 kB
Inactive:          61176 kB
Active(anon):    1476220 kB
Inactive(anon):     2512 kB
Active(file):      57180 kB
Inactive(file):    58664 kB
Unevictable:        1940 kB
Mlocked:               0 kB
HighTotal:       1158144 kB
HighFree:            524 kB
LowTotal:         741364 kB
LowFree:           39880 kB
SwapTotal:             0 kB
SwapFree:              0 kB
Dirty:                 0 kB
Writeback:            28 kB
AnonPages:       1475684 kB
Mapped:           113188 kB
Shmem:              2880 kB
Slab:              33896 kB
SReclaimable:      12632 kB
SUnreclaim:        21264 kB
KernelStack:        6304 kB
PageTables:        12308 kB
NFS_Unstable:          0 kB
Bounce:                0 kB
WritebackTmp:          0 kB
CommitLimit:      949752 kB
Committed_AS:   13729712 kB
VmallocTotal:     245760 kB
VmallocUsed:       52828 kB
VmallocChunk:      75648 kB
1557733723.038939
MemTotal:        1899508 kB
MemFree:           40216 kB
Buffers:             404 kB
Cached:           111580 kB
SwapCached:            0 kB
Active:          1538932 kB
Inactive:          55736 kB
Active(anon):    1485204 kB
Inactive(anon):     2420 kB
Active(file):      53728 kB
Inactive(file):    53316 kB
Unevictable:        1940 kB
Mlocked:               0 kB
HighTotal:       1158144 kB
HighFree:            536 kB
LowTotal:         741364 kB
LowFree:           39680 kB
SwapTotal:             0 kB
SwapFree:              0 kB
Dirty:                 0 kB
Writeback:             0 kB
AnonPages:       1485008 kB
Mapped:           103860 kB
Shmem:              2812 kB
Slab:              33884 kB
SReclaimable:      12612 kB
SUnreclaim:        21272 kB
KernelStack:        6640 kB
PageTables:        12520 kB
NFS_Unstable:          0 kB
Bounce:                0 kB
WritebackTmp:          0 kB
CommitLimit:      949752 kB
Committed_AS:   13734108 kB
VmallocTotal:     245760 kB
VmallocUsed:       52828 kB
VmallocChunk:      75648 kB
1557733724.689925
MemTotal:        1899508 kB
MemFree:           40264 kB
Buffers:             624 kB
Cached:           106388 kB
SwapCached:            0 kB
Active:          1538696 kB
Inactive:          55540 kB
Active(anon):    1489652 kB
Inactive(anon):     2420 kB
Active(file):      49044 kB
Inactive(file):    53120 kB
Unevictable:        1940 kB
Mlocked:               0 kB
HighTotal:       1158144 kB
HighFree:            528 kB
LowTotal:         741364 kB
LowFree:           39736 kB
SwapTotal:             0 kB
SwapFree:              0 kB
Dirty:                 0 kB
Writeback:            16 kB
AnonPages:       1489292 kB
Mapped:            99712 kB
Shmem:              2812 kB
Slab:              33872 kB
SReclaimable:      12596 kB
SUnreclaim:        21276 kB
KernelStack:        6784 kB
PageTables:        12568 kB
NFS_Unstable:          0 kB
Bounce:                0 kB
WritebackTmp:          0 kB
CommitLimit:      949752 kB
Committed_AS:   13741864 kB
VmallocTotal:     245760 kB
VmallocUsed:       52828 kB
VmallocChunk:      75648 kB
1557733726.098152
MemTotal:        1899508 kB
MemFree:           41316 kB
Buffers:             888 kB
Cached:           104292 kB
SwapCached:            0 kB
Active:          1539880 kB
Inactive:          53072 kB
Active(anon):    1490236 kB
Inactive(anon):     2420 kB
Active(file):      49644 kB
Inactive(file):    50652 kB
Unevictable:        1940 kB
Mlocked:               0 kB
HighTotal:       1158144 kB
HighFree:           1192 kB
LowTotal:         741364 kB
LowFree:           40124 kB
SwapTotal:             0 kB
SwapFree:              0 kB
Dirty:                 0 kB
Writeback:            36 kB
AnonPages:       1489864 kB
Mapped:            99668 kB
Shmem:              2812 kB
Slab:              33856 kB
SReclaimable:      12588 kB
SUnreclaim:        21268 kB
KernelStack:        6952 kB
PageTables:        12968 kB
NFS_Unstable:          0 kB
Bounce:                0 kB
WritebackTmp:          0 kB
CommitLimit:      949752 kB
Committed_AS:   14959196 kB
VmallocTotal:     245760 kB
VmallocUsed:       53848 kB
VmallocChunk:      75648 kB
1557733727.658477
MemTotal:        1899508 kB
MemFree:           40108 kB
Buffers:             640 kB
Cached:           118204 kB
SwapCached:            0 kB
Active:          1533360 kB
Inactive:          61476 kB
Active(anon):    1478668 kB
Inactive(anon):     2420 kB
Active(file):      54692 kB
Inactive(file):    59056 kB
Unevictable:        1940 kB
Mlocked:               0 kB
HighTotal:       1158144 kB
HighFree:            520 kB
LowTotal:         741364 kB
LowFree:           39588 kB
SwapTotal:             0 kB
SwapFree:              0 kB
Dirty:                20 kB
Writeback:            56 kB
AnonPages:       1478412 kB
Mapped:            84356 kB
Shmem:              2792 kB
Slab:              34076 kB
SReclaimable:      12588 kB
SUnreclaim:        21488 kB
KernelStack:        6216 kB
PageTables:        12180 kB
NFS_Unstable:          0 kB
Bounce:                0 kB
WritebackTmp:          0 kB
CommitLimit:      949752 kB
Committed_AS:   13071764 kB
VmallocTotal:     245760 kB
VmallocUsed:       52828 kB
VmallocChunk:      75648 kB
1557733728.675438
MemTotal:        1899508 kB
MemFree:           39976 kB
Buffers:             452 kB
Cached:           111600 kB
SwapCached:            0 kB
Active:          1538380 kB
Inactive:          56452 kB
Active(anon):    1485300 kB
Inactive(anon):     2420 kB
Active(file):      53080 kB
Inactive(file):    54032 kB
Unevictable:        1940 kB
Mlocked:               0 kB
HighTotal:       1158144 kB
HighFree:            464 kB
LowTotal:         741364 kB
LowFree:           39512 kB
SwapTotal:             0 kB
SwapFree:              0 kB
Dirty:                 0 kB
Writeback:             4 kB
AnonPages:       1484916 kB
Mapped:            91392 kB
Shmem:              2812 kB
Slab:              34072 kB
SReclaimable:      12580 kB
SUnreclaim:        21492 kB
KernelStack:        6408 kB
PageTables:        12660 kB
NFS_Unstable:          0 kB
Bounce:                0 kB
WritebackTmp:          0 kB
CommitLimit:      949752 kB
Committed_AS:   14298404 kB
VmallocTotal:     245760 kB
VmallocUsed:       53848 kB
VmallocChunk:      75648 kB
1557733729.725461
MemTotal:        1899508 kB
MemFree:           39924 kB
Buffers:             544 kB
Cached:           106352 kB
SwapCached:            0 kB
Active:          1541260 kB
Inactive:          53528 kB
Active(anon):    1490556 kB
Inactive(anon):     2420 kB
Active(file):      50704 kB
Inactive(file):    51108 kB
Unevictable:        1940 kB
Mlocked:               0 kB
HighTotal:       1158144 kB
HighFree:            404 kB
LowTotal:         741364 kB
LowFree:           39520 kB
SwapTotal:             0 kB
SwapFree:              0 kB
Dirty:                 0 kB
Writeback:             0 kB
AnonPages:       1490220 kB
Mapped:            91576 kB
Shmem:              2816 kB
Slab:              34064 kB
SReclaimable:      12576 kB
SUnreclaim:        21488 kB
KernelStack:        6392 kB
PageTables:        12836 kB
NFS_Unstable:          0 kB
Bounce:                0 kB
WritebackTmp:          0 kB
CommitLimit:      949752 kB
Committed_AS:   14300600 kB
VmallocTotal:     245760 kB
VmallocUsed:       53848 kB
VmallocChunk:      75648 kB
1557733730.862848
MemTotal:        1899508 kB
MemFree:           40776 kB
Buffers:             632 kB
Cached:           120836 kB
SwapCached:            0 kB
Active:          1531728 kB
Inactive:          62252 kB
Active(anon):    1475228 kB
Inactive(anon):     2420 kB
Active(file):      56500 kB
Inactive(file):    59832 kB
Unevictable:        1940 kB
Mlocked:               0 kB
HighTotal:       1158144 kB
HighFree:            552 kB
LowTotal:         741364 kB
LowFree:           40224 kB
SwapTotal:             0 kB
SwapFree:              0 kB
Dirty:                 0 kB
Writeback:             0 kB
AnonPages:       1474976 kB
Mapped:            81124 kB
Shmem:              2812 kB
Slab:              34056 kB
SReclaimable:      12572 kB
SUnreclaim:        21484 kB
KernelStack:        6288 kB
PageTables:        11688 kB
NFS_Unstable:          0 kB
Bounce:                0 kB
WritebackTmp:          0 kB
CommitLimit:      949752 kB
Committed_AS:   12503948 kB
VmallocTotal:     245760 kB
VmallocUsed:       51808 kB
VmallocChunk:      75648 kB
1557733731.840716
MemTotal:        1899508 kB
MemFree:           39788 kB
Buffers:             656 kB
Cached:           117232 kB
SwapCached:            0 kB
Active:          1536416 kB
Inactive:          59476 kB
Active(anon):    1480336 kB
Inactive(anon):     2420 kB
Active(file):      56080 kB
Inactive(file):    57056 kB
Unevictable:        1940 kB
Mlocked:               0 kB
HighTotal:       1158144 kB
HighFree:            564 kB
LowTotal:         741364 kB
LowFree:           39224 kB
SwapTotal:             0 kB
SwapFree:              0 kB
Dirty:                48 kB
Writeback:             0 kB
AnonPages:       1479808 kB
Mapped:            92024 kB
Shmem:              2812 kB
Slab:              34056 kB
SReclaimable:      12572 kB
SUnreclaim:        21484 kB
KernelStack:        6256 kB
PageTables:        11812 kB
NFS_Unstable:          0 kB
Bounce:                0 kB
WritebackTmp:          0 kB
CommitLimit:      949752 kB
Committed_AS:   12504256 kB
VmallocTotal:     245760 kB
VmallocUsed:       51808 kB
VmallocChunk:      75648 kB
1557733732.871129
MemTotal:        1899508 kB
MemFree:           40324 kB
Buffers:            1024 kB
Cached:           115072 kB
SwapCached:            0 kB
Active:          1537328 kB
Inactive:          57964 kB
Active(anon):    1481708 kB
Inactive(anon):     2424 kB
Active(file):      55620 kB
Inactive(file):    55540 kB
Unevictable:        1940 kB
Mlocked:               0 kB
HighTotal:       1158144 kB
HighFree:            576 kB
LowTotal:         741364 kB
LowFree:           39748 kB
SwapTotal:             0 kB
SwapFree:              0 kB
Dirty:                72 kB
Writeback:             0 kB
AnonPages:       1481504 kB
Mapped:            93132 kB
Shmem:              2816 kB
Slab:              34048 kB
SReclaimable:      12564 kB
SUnreclaim:        21484 kB
KernelStack:        6320 kB
PageTables:        12624 kB
NFS_Unstable:          0 kB
Bounce:                0 kB
WritebackTmp:          0 kB
CommitLimit:      949752 kB
Committed_AS:   14302972 kB
VmallocTotal:     245760 kB
VmallocUsed:       53848 kB
VmallocChunk:      75648 kB
1557733733.884096
MemTotal:        1899508 kB
MemFree:           46808 kB
Buffers:             948 kB
Cached:           119504 kB
SwapCached:            0 kB
Active:          1528264 kB
Inactive:          61076 kB
Active(anon):    1471204 kB
Inactive(anon):     2420 kB
Active(file):      57060 kB
Inactive(file):    58656 kB
Unevictable:        1940 kB
Mlocked:               0 kB
HighTotal:       1158144 kB
HighFree:           3608 kB
LowTotal:         741364 kB
LowFree:           43200 kB
SwapTotal:             0 kB
SwapFree:              0 kB
Dirty:                 0 kB
Writeback:             0 kB
AnonPages:       1470856 kB
Mapped:            82244 kB
Shmem:              2812 kB
Slab:              34048 kB
SReclaimable:      12564 kB
SUnreclaim:        21484 kB
KernelStack:        6112 kB
PageTables:        11400 kB
NFS_Unstable:          0 kB
Bounce:                0 kB
WritebackTmp:          0 kB
CommitLimit:      949752 kB
Committed_AS:   11938840 kB
VmallocTotal:     245760 kB
VmallocUsed:       50788 kB
VmallocChunk:      75648 kB
1557733734.878106
MemTotal:        1899508 kB
MemFree:           47264 kB
Buffers:             944 kB
Cached:           118268 kB
SwapCached:            0 kB
Active:          1528220 kB
Inactive:          60012 kB
Active(anon):    1471436 kB
Inactive(anon):     2420 kB
Active(file):      56784 kB
Inactive(file):    57592 kB
Unevictable:        1940 kB
Mlocked:               0 kB
HighTotal:       1158144 kB
HighFree:           3636 kB
LowTotal:         741364 kB
LowFree:           43628 kB
SwapTotal:             0 kB
SwapFree:              0 kB
Dirty:                 0 kB
Writeback:             0 kB
AnonPages:       1471112 kB
Mapped:            82212 kB
Shmem:              2812 kB
Slab:              34048 kB
SReclaimable:      12564 kB
SUnreclaim:        21484 kB
KernelStack:        6128 kB
PageTables:        11400 kB
NFS_Unstable:          0 kB
Bounce:                0 kB
WritebackTmp:          0 kB
CommitLimit:      949752 kB
Committed_AS:   11939536 kB
VmallocTotal:     245760 kB
VmallocUsed:       50788 kB
VmallocChunk:      75648 kB
1557733735.900831
MemTotal:        1899508 kB
MemFree:           46488 kB
Buffers:             944 kB
Cached:           116956 kB
SwapCached:            0 kB
Active:          1529972 kB
Inactive:          58976 kB
Active(anon):    1473556 kB
Inactive(anon):     2420 kB
Active(file):      56416 kB
Inactive(file):    56556 kB
Unevictable:        1940 kB
Mlocked:               0 kB
HighTotal:       1158144 kB
HighFree:           2156 kB
LowTotal:         741364 kB
LowFree:           44332 kB
SwapTotal:             0 kB
SwapFree:              0 kB
Dirty:                 0 kB
Writeback:             0 kB
AnonPages:       1473088 kB
Mapped:            81936 kB
Shmem:              2812 kB
Slab:              34048 kB
SReclaimable:      12564 kB
SUnreclaim:        21484 kB
KernelStack:        6128 kB
PageTables:        11396 kB
NFS_Unstable:          0 kB
Bounce:                0 kB
WritebackTmp:          0 kB
CommitLimit:      949752 kB
Committed_AS:   11939452 kB
VmallocTotal:     245760 kB
VmallocUsed:       50788 kB
VmallocChunk:      75648 kB
1557733736.861677
MemTotal:        1899508 kB
MemFree:           63464 kB
Buffers:            1024 kB
Cached:           121188 kB
SwapCached:            0 kB
Active:          1508820 kB
Inactive:          63504 kB
Active(anon):    1452484 kB
Inactive(anon):     2420 kB
Active(file):      56336 kB
Inactive(file):    61084 kB
Unevictable:        1940 kB
Mlocked:               0 kB
HighTotal:       1158144 kB
HighFree:           6664 kB
LowTotal:         741364 kB
LowFree:           56800 kB
SwapTotal:             0 kB
SwapFree:              0 kB
Dirty:                48 kB
Writeback:             0 kB
AnonPages:       1452128 kB
Mapped:            82736 kB
Shmem:              2812 kB
Slab:              33984 kB
SReclaimable:      12564 kB
SUnreclaim:        21420 kB
KernelStack:        6096 kB
PageTables:        11356 kB
NFS_Unstable:          0 kB
Bounce:                0 kB
WritebackTmp:          0 kB
CommitLimit:      949752 kB
Committed_AS:   11939464 kB
VmallocTotal:     245760 kB
VmallocUsed:       50788 kB
VmallocChunk:      75648 kB
1557733737.890293
MemTotal:        1899508 kB
MemFree:           47476 kB
Buffers:            1256 kB
Cached:           134780 kB
SwapCached:            0 kB
Active:          1511468 kB
Inactive:          75168 kB
Active(anon):    1452928 kB
Inactive(anon):     2416 kB
Active(file):      58540 kB
Inactive(file):    72752 kB
Unevictable:        1940 kB
Mlocked:               0 kB
HighTotal:       1158144 kB
HighFree:           2128 kB
LowTotal:         741364 kB
LowFree:           45348 kB
SwapTotal:             0 kB
SwapFree:              0 kB
Dirty:               152 kB
Writeback:             0 kB
AnonPages:       1452784 kB
Mapped:            85652 kB
Shmem:              2808 kB
Slab:              33984 kB
SReclaimable:      12564 kB
SUnreclaim:        21420 kB
KernelStack:        6112 kB
PageTables:        11536 kB
NFS_Unstable:          0 kB
Bounce:                0 kB
WritebackTmp:          0 kB
CommitLimit:      949752 kB
Committed_AS:   13161268 kB
VmallocTotal:     245760 kB
VmallocUsed:       50788 kB
VmallocChunk:      75648 kB
1557733738.840727
MemTotal:        1899508 kB
MemFree:           44328 kB
Buffers:            1276 kB
Cached:           136648 kB
SwapCached:            0 kB
Active:          1515104 kB
Inactive:          76192 kB
Active(anon):    1455812 kB
Inactive(anon):     2556 kB
Active(file):      59292 kB
Inactive(file):    73636 kB
Unevictable:        1940 kB
Mlocked:               0 kB
HighTotal:       1158144 kB
HighFree:           1820 kB
LowTotal:         741364 kB
LowFree:           42508 kB
SwapTotal:             0 kB
SwapFree:              0 kB
Dirty:               356 kB
Writeback:             0 kB
AnonPages:       1455312 kB
Mapped:            87676 kB
Shmem:              3012 kB
Slab:              33976 kB
SReclaimable:      12564 kB
SUnreclaim:        21412 kB
KernelStack:        6096 kB
PageTables:        11712 kB
NFS_Unstable:          0 kB
Bounce:                0 kB
WritebackTmp:          0 kB
CommitLimit:      949752 kB
Committed_AS:   12509440 kB
VmallocTotal:     245760 kB
VmallocUsed:       51808 kB
VmallocChunk:      75648 kB
1557733739.796953
MemTotal:        1899508 kB
MemFree:           42712 kB
Buffers:            1076 kB
Cached:           136544 kB
SwapCached:            0 kB
Active:          1517888 kB
Inactive:          74932 kB
Active(anon):    1457440 kB
Inactive(anon):     2420 kB
Active(file):      60448 kB
Inactive(file):    72512 kB
Unevictable:        1940 kB
Mlocked:               0 kB
HighTotal:       1158144 kB
HighFree:           1776 kB
LowTotal:         741364 kB
LowFree:           40936 kB
SwapTotal:             0 kB
SwapFree:              0 kB
Dirty:               396 kB
Writeback:             0 kB
AnonPages:       1457160 kB
Mapped:            88500 kB
Shmem:              2812 kB
Slab:              34008 kB
SReclaimable:      12564 kB
SUnreclaim:        21444 kB
KernelStack:        6128 kB
PageTables:        11380 kB
NFS_Unstable:          0 kB
Bounce:                0 kB
WritebackTmp:          0 kB
CommitLimit:      949752 kB
Committed_AS:   11940240 kB
VmallocTotal:     245760 kB
VmallocUsed:       50788 kB
VmallocChunk:      75648 kB
1557733740.765561
MemTotal:        1899508 kB
MemFree:           46416 kB
Buffers:            1000 kB
Cached:           130044 kB
SwapCached:            0 kB
Active:          1520652 kB
Inactive:          67868 kB
Active(anon):    1459808 kB
Inactive(anon):     2420 kB
Active(file):      60844 kB
Inactive(file):    65448 kB
Unevictable:        1940 kB
Mlocked:               0 kB
HighTotal:       1158144 kB
HighFree:           3964 kB
LowTotal:         741364 kB
LowFree:           42452 kB
SwapTotal:             0 kB
SwapFree:              0 kB
Dirty:               264 kB
Writeback:             0 kB
AnonPages:       1459400 kB
Mapped:            88480 kB
Shmem:              2812 kB
Slab:              34008 kB
SReclaimable:      12564 kB
SUnreclaim:        21444 kB
KernelStack:        6152 kB
PageTables:        11420 kB
NFS_Unstable:          0 kB
Bounce:                0 kB
WritebackTmp:          0 kB
CommitLimit:      949752 kB
Committed_AS:   11936352 kB
VmallocTotal:     245760 kB
VmallocUsed:       50788 kB
VmallocChunk:      75648 kB
1557733741.719403
MemTotal:        1899508 kB
MemFree:           41000 kB
Buffers:            1008 kB
Cached:           130952 kB
SwapCached:            0 kB
Active:          1525516 kB
Inactive:          68688 kB
Active(anon):    1464608 kB
Inactive(anon):     2488 kB
Active(file):      60908 kB
Inactive(file):    66200 kB
Unevictable:        1940 kB
Mlocked:               0 kB
HighTotal:       1158144 kB
HighFree:            892 kB
LowTotal:         741364 kB
LowFree:           40108 kB
SwapTotal:             0 kB
SwapFree:              0 kB
Dirty:               220 kB
Writeback:             0 kB
AnonPages:       1464164 kB
Mapped:            90076 kB
Shmem:              2912 kB
Slab:              34008 kB
SReclaimable:      12564 kB
SUnreclaim:        21444 kB
KernelStack:        6152 kB
PageTables:        12132 kB
NFS_Unstable:          0 kB
Bounce:                0 kB
WritebackTmp:          0 kB
CommitLimit:      949752 kB
Committed_AS:   13073216 kB
VmallocTotal:     245760 kB
VmallocUsed:       52828 kB
VmallocChunk:      75648 kB
1557733742.753132
MemTotal:        1899508 kB
MemFree:           46204 kB
Buffers:             992 kB
Cached:           129160 kB
SwapCached:            0 kB
Active:          1521792 kB
Inactive:          66948 kB
Active(anon):    1460912 kB
Inactive(anon):     2420 kB
Active(file):      60880 kB
Inactive(file):    64528 kB
Unevictable:        1940 kB
Mlocked:               0 kB
HighTotal:       1158144 kB
HighFree:           3444 kB
LowTotal:         741364 kB
LowFree:           42760 kB
SwapTotal:             0 kB
SwapFree:              0 kB
Dirty:               232 kB
Writeback:             0 kB
AnonPages:       1460508 kB
Mapped:            88512 kB
Shmem:              2812 kB
Slab:              34008 kB
SReclaimable:      12564 kB
SUnreclaim:        21444 kB
KernelStack:        6072 kB
PageTables:        11396 kB
NFS_Unstable:          0 kB
Bounce:                0 kB
WritebackTmp:          0 kB
CommitLimit:      949752 kB
Committed_AS:   11937316 kB
VmallocTotal:     245760 kB
VmallocUsed:       50788 kB
VmallocChunk:      75648 kB
1557733743.734506
MemTotal:        1899508 kB
MemFree:           45912 kB
Buffers:             944 kB
Cached:           129624 kB
SwapCached:            0 kB
Active:          1521356 kB
Inactive:          67380 kB
Active(anon):    1460500 kB
Inactive(anon):     2420 kB
Active(file):      60856 kB
Inactive(file):    64960 kB
Unevictable:        1940 kB
Mlocked:               0 kB
HighTotal:       1158144 kB
HighFree:           1976 kB
LowTotal:         741364 kB
LowFree:           43936 kB
SwapTotal:             0 kB
SwapFree:              0 kB
Dirty:               232 kB
Writeback:             0 kB
AnonPages:       1460332 kB
Mapped:            89148 kB
Shmem:              2812 kB
Slab:              34004 kB
SReclaimable:      12564 kB
SUnreclaim:        21440 kB
KernelStack:        6168 kB
PageTables:        11724 kB
NFS_Unstable:          0 kB
Bounce:                0 kB
WritebackTmp:          0 kB
CommitLimit:      949752 kB
Committed_AS:   12504808 kB
VmallocTotal:     245760 kB
VmallocUsed:       51808 kB
VmallocChunk:      75648 kB
1557733744.821680
MemTotal:        1899508 kB
MemFree:           54720 kB
Buffers:             944 kB
Cached:           130656 kB
SwapCached:            0 kB
Active:          1511092 kB
Inactive:          68388 kB
Active(anon):    1450236 kB
Inactive(anon):     2396 kB
Active(file):      60856 kB
Inactive(file):    65992 kB
Unevictable:        1940 kB
Mlocked:               0 kB
HighTotal:       1158144 kB
HighFree:           5492 kB
LowTotal:         741364 kB
LowFree:           49228 kB
SwapTotal:             0 kB
SwapFree:              0 kB
Dirty:               232 kB
Writeback:             0 kB
AnonPages:       1449960 kB
Mapped:            89360 kB
Shmem:              2812 kB
Slab:              34004 kB
SReclaimable:      12564 kB
SUnreclaim:        21440 kB
KernelStack:        6200 kB
PageTables:        11748 kB
NFS_Unstable:          0 kB
Bounce:                0 kB
WritebackTmp:          0 kB
CommitLimit:      949752 kB
Committed_AS:   12504972 kB
VmallocTotal:     245760 kB
VmallocUsed:       51808 kB
VmallocChunk:      75648 kB
1557733745.965859
MemTotal:        1899508 kB
MemFree:           56844 kB
Buffers:             960 kB
Cached:           130824 kB
SwapCached:            0 kB
Active:          1510068 kB
Inactive:          68572 kB
Active(anon):    1449212 kB
Inactive(anon):     2396 kB
Active(file):      60856 kB
Inactive(file):    66176 kB
Unevictable:        1940 kB
Mlocked:               0 kB
HighTotal:       1158144 kB
HighFree:           6212 kB
LowTotal:         741364 kB
LowFree:           50632 kB
SwapTotal:             0 kB
SwapFree:              0 kB
Dirty:               244 kB
Writeback:             0 kB
AnonPages:       1448804 kB
Mapped:            89336 kB
Shmem:              2812 kB
Slab:              33972 kB
SReclaimable:      12564 kB
SUnreclaim:        21408 kB
KernelStack:        6136 kB
PageTables:        11824 kB
NFS_Unstable:          0 kB
Bounce:                0 kB
WritebackTmp:          0 kB
CommitLimit:      949752 kB
Committed_AS:   12504956 kB
VmallocTotal:     245760 kB
VmallocUsed:       51808 kB
VmallocChunk:      75648 kB
1557733747.064776
MemTotal:        1899508 kB
MemFree:           54392 kB
Buffers:             960 kB
Cached:           131176 kB
SwapCached:            0 kB
Active:          1512672 kB
Inactive:          68924 kB
Active(anon):    1451816 kB
Inactive(anon):     2396 kB
Active(file):      60856 kB
Inactive(file):    66528 kB
Unevictable:        1940 kB
Mlocked:               0 kB
HighTotal:       1158144 kB
HighFree:           3360 kB
LowTotal:         741364 kB
LowFree:           51032 kB
SwapTotal:             0 kB
SwapFree:              0 kB
Dirty:                 0 kB
Writeback:             0 kB
AnonPages:       1451460 kB
Mapped:            89396 kB
Shmem:              2812 kB
Slab:              33972 kB
SReclaimable:      12564 kB
SUnreclaim:        21408 kB
KernelStack:        6176 kB
PageTables:        11744 kB
NFS_Unstable:          0 kB
Bounce:                0 kB
WritebackTmp:          0 kB
CommitLimit:      949752 kB
Committed_AS:   12505736 kB
VmallocTotal:     245760 kB
VmallocUsed:       51808 kB
VmallocChunk:      75648 kB
1557733748.090645
MemTotal:        1899508 kB
MemFree:           50344 kB
Buffers:             960 kB
Cached:           131876 kB
SwapCached:            0 kB
Active:          1515120 kB
Inactive:          69604 kB
Active(anon):    1454264 kB
Inactive(anon):     2396 kB
Active(file):      60856 kB
Inactive(file):    67208 kB
Unevictable:        1940 kB
Mlocked:               0 kB
HighTotal:       1158144 kB
HighFree:           1712 kB
LowTotal:         741364 kB
LowFree:           48632 kB
SwapTotal:             0 kB
SwapFree:              0 kB
Dirty:                 0 kB
Writeback:             0 kB
AnonPages:       1453808 kB
Mapped:            90288 kB
Shmem:              2812 kB
Slab:              33968 kB
SReclaimable:      12564 kB
SUnreclaim:        21404 kB
KernelStack:        6088 kB
PageTables:        11760 kB
NFS_Unstable:          0 kB
Bounce:                0 kB
WritebackTmp:          0 kB
CommitLimit:      949752 kB
Committed_AS:   12506096 kB
VmallocTotal:     245760 kB
VmallocUsed:       51808 kB
VmallocChunk:      75648 kB
1557733749.137727
MemTotal:        1899508 kB
MemFree:           52004 kB
Buffers:             976 kB
Cached:           131932 kB
SwapCached:            0 kB
Active:          1513544 kB
Inactive:          69696 kB
Active(anon):    1452688 kB
Inactive(anon):     2396 kB
Active(file):      60856 kB
Inactive(file):    67300 kB
Unevictable:        1940 kB
Mlocked:               0 kB
HighTotal:       1158144 kB
HighFree:           1704 kB
LowTotal:         741364 kB
LowFree:           50300 kB
SwapTotal:             0 kB
SwapFree:              0 kB
Dirty:                 0 kB
Writeback:             0 kB
AnonPages:       1452200 kB
Mapped:            90348 kB
Shmem:              2812 kB
Slab:              33968 kB
SReclaimable:      12564 kB
SUnreclaim:        21404 kB
KernelStack:        6136 kB
PageTables:        11876 kB
NFS_Unstable:          0 kB
Bounce:                0 kB
WritebackTmp:          0 kB
CommitLimit:      949752 kB
Committed_AS:   12506808 kB
VmallocTotal:     245760 kB
VmallocUsed:       51808 kB
VmallocChunk:      75648 kB
1557733750.115326
MemTotal:        1899508 kB
MemFree:           50168 kB
Buffers:             976 kB
Cached:           131948 kB
SwapCached:            0 kB
Active:          1515256 kB
Inactive:          69712 kB
Active(anon):    1454400 kB
Inactive(anon):     2396 kB
Active(file):      60856 kB
Inactive(file):    67316 kB
Unevictable:        1940 kB
Mlocked:               0 kB
HighTotal:       1158144 kB
HighFree:           1720 kB
LowTotal:         741364 kB
LowFree:           48448 kB
SwapTotal:             0 kB
SwapFree:              0 kB
Dirty:                40 kB
Writeback:             0 kB
AnonPages:       1454056 kB
Mapped:            90360 kB
Shmem:              2812 kB
Slab:              33968 kB
SReclaimable:      12564 kB
SUnreclaim:        21404 kB
KernelStack:        6128 kB
PageTables:        11776 kB
NFS_Unstable:          0 kB
Bounce:                0 kB
WritebackTmp:          0 kB
CommitLimit:      949752 kB
Committed_AS:   12506828 kB
VmallocTotal:     245760 kB
VmallocUsed:       51808 kB
VmallocChunk:      75648 kB
1557733751.084049
MemTotal:        1899508 kB
MemFree:           49864 kB
Buffers:             976 kB
Cached:           132188 kB
SwapCached:            0 kB
Active:          1516040 kB
Inactive:          69952 kB
Active(anon):    1455184 kB
Inactive(anon):     2396 kB
Active(file):      60856 kB
Inactive(file):    67556 kB
Unevictable:        1940 kB
Mlocked:               0 kB
HighTotal:       1158144 kB
HighFree:           1820 kB
LowTotal:         741364 kB
LowFree:           48044 kB
SwapTotal:             0 kB
SwapFree:              0 kB
Dirty:                80 kB
Writeback:             0 kB
AnonPages:       1454824 kB
Mapped:            90388 kB
Shmem:              2812 kB
Slab:              33968 kB
SReclaimable:      12564 kB
SUnreclaim:        21404 kB
KernelStack:        6072 kB
PageTables:        11772 kB
NFS_Unstable:          0 kB
Bounce:                0 kB
WritebackTmp:          0 kB
CommitLimit:      949752 kB
Committed_AS:   12507540 kB
VmallocTotal:     245760 kB
VmallocUsed:       51808 kB
VmallocChunk:      75648 kB
1557733752.150056
MemTotal:        1899508 kB
MemFree:           47528 kB
Buffers:             992 kB
Cached:           132172 kB
SwapCached:            0 kB
Active:          1518208 kB
Inactive:          69952 kB
Active(anon):    1457352 kB
Inactive(anon):     2396 kB
Active(file):      60856 kB
Inactive(file):    67556 kB
Unevictable:        1940 kB
Mlocked:               0 kB
HighTotal:       1158144 kB
HighFree:           1684 kB
LowTotal:         741364 kB
LowFree:           45844 kB
SwapTotal:             0 kB
SwapFree:              0 kB
Dirty:                40 kB
Writeback:             0 kB
AnonPages:       1456980 kB
Mapped:            90392 kB
Shmem:              2812 kB
Slab:              33968 kB
SReclaimable:      12564 kB
SUnreclaim:        21404 kB
KernelStack:        6128 kB
PageTables:        11772 kB
NFS_Unstable:          0 kB
Bounce:                0 kB
WritebackTmp:          0 kB
CommitLimit:      949752 kB
Committed_AS:   12507620 kB
VmallocTotal:     245760 kB
VmallocUsed:       51808 kB
VmallocChunk:      75648 kB
1557733753.273545
MemTotal:        1899508 kB
MemFree:           44648 kB
Buffers:             992 kB
Cached:           131972 kB
SwapCached:            0 kB
Active:          1520164 kB
Inactive:          69680 kB
Active(anon):    1459240 kB
Inactive(anon):     2396 kB
Active(file):      60924 kB
Inactive(file):    67284 kB
Unevictable:        1940 kB
Mlocked:               0 kB
HighTotal:       1158144 kB
HighFree:           1740 kB
LowTotal:         741364 kB
LowFree:           42908 kB
SwapTotal:             0 kB
SwapFree:              0 kB
Dirty:                88 kB
Writeback:             0 kB
AnonPages:       1458920 kB
Mapped:            90404 kB
Shmem:              2812 kB
Slab:              33968 kB
SReclaimable:      12564 kB
SUnreclaim:        21404 kB
KernelStack:        6128 kB
PageTables:        11876 kB
NFS_Unstable:          0 kB
Bounce:                0 kB
WritebackTmp:          0 kB
CommitLimit:      949752 kB
Committed_AS:   12508368 kB
VmallocTotal:     245760 kB
VmallocUsed:       51808 kB
VmallocChunk:      75648 kB
1557733754.239412
MemTotal:        1899508 kB
MemFree:           49216 kB
Buffers:             960 kB
Cached:           130188 kB
SwapCached:            0 kB
Active:          1518748 kB
Inactive:          67736 kB
Active(anon):    1457692 kB
Inactive(anon):     2396 kB
Active(file):      61056 kB
Inactive(file):    65340 kB
Unevictable:        1940 kB
Mlocked:               0 kB
HighTotal:       1158144 kB
HighFree:           3740 kB
LowTotal:         741364 kB
LowFree:           45476 kB
SwapTotal:             0 kB
SwapFree:              0 kB
Dirty:                88 kB
Writeback:             0 kB
AnonPages:       1457396 kB
Mapped:            88796 kB
Shmem:              2812 kB
Slab:              33968 kB
SReclaimable:      12564 kB
SUnreclaim:        21404 kB
KernelStack:        6056 kB
PageTables:        11360 kB
NFS_Unstable:          0 kB
Bounce:                0 kB
WritebackTmp:          0 kB
CommitLimit:      949752 kB
Committed_AS:   11940720 kB
VmallocTotal:     245760 kB
VmallocUsed:       50788 kB
VmallocChunk:      75648 kB
1557733755.235192
MemTotal:        1899508 kB
MemFree:           49156 kB
Buffers:             956 kB
Cached:           128752 kB
SwapCached:            0 kB
Active:          1519000 kB
Inactive:          66844 kB
Active(anon):    1458524 kB
Inactive(anon):     2396 kB
Active(file):      60476 kB
Inactive(file):    64448 kB
Unevictable:        1940 kB
Mlocked:               0 kB
HighTotal:       1158144 kB
HighFree:           2684 kB
LowTotal:         741364 kB
LowFree:           46472 kB
SwapTotal:             0 kB
SwapFree:              0 kB
Dirty:                88 kB
Writeback:             0 kB
AnonPages:       1458268 kB
Mapped:            88904 kB
Shmem:              2812 kB
Slab:              33968 kB
SReclaimable:      12564 kB
SUnreclaim:        21404 kB
KernelStack:        5992 kB
PageTables:        11408 kB
NFS_Unstable:          0 kB
Bounce:                0 kB
WritebackTmp:          0 kB
CommitLimit:      949752 kB
Committed_AS:   11936904 kB
VmallocTotal:     245760 kB
VmallocUsed:       50788 kB
VmallocChunk:      75648 kB
1557733756.224859
MemTotal:        1899508 kB
MemFree:           49636 kB
Buffers:             972 kB
Cached:           128364 kB
SwapCached:            0 kB
Active:          1519388 kB
Inactive:          66456 kB
Active(anon):    1458864 kB
Inactive(anon):     2396 kB
Active(file):      60524 kB
Inactive(file):    64060 kB
Unevictable:        1940 kB
Mlocked:               0 kB
HighTotal:       1158144 kB
HighFree:           2972 kB
LowTotal:         741364 kB
LowFree:           46664 kB
SwapTotal:             0 kB
SwapFree:              0 kB
Dirty:                88 kB
Writeback:             0 kB
AnonPages:       1458588 kB
Mapped:            88808 kB
Shmem:              2812 kB
Slab:              33968 kB
SReclaimable:      12564 kB
SUnreclaim:        21404 kB
KernelStack:        6064 kB
PageTables:        11412 kB
NFS_Unstable:          0 kB
Bounce:                0 kB
WritebackTmp:          0 kB
CommitLimit:      949752 kB
Committed_AS:   11936952 kB
VmallocTotal:     245760 kB
VmallocUsed:       50788 kB
VmallocChunk:      75648 kB
1557733757.214356
MemTotal:        1899508 kB
MemFree:           48696 kB
Buffers:             972 kB
Cached:           128380 kB
SwapCached:            0 kB
Active:          1521228 kB
Inactive:          66472 kB
Active(anon):    1460704 kB
Inactive(anon):     2396 kB
Active(file):      60524 kB
Inactive(file):    64076 kB
Unevictable:        1940 kB
Mlocked:               0 kB
HighTotal:       1158144 kB
HighFree:           3008 kB
LowTotal:         741364 kB
LowFree:           45688 kB
SwapTotal:             0 kB
SwapFree:              0 kB
Dirty:                 0 kB
Writeback:             0 kB
AnonPages:       1460268 kB
Mapped:            88904 kB
Shmem:              2812 kB
Slab:              33968 kB
SReclaimable:      12564 kB
SUnreclaim:        21404 kB
KernelStack:        6048 kB
PageTables:        11404 kB
NFS_Unstable:          0 kB
Bounce:                0 kB
WritebackTmp:          0 kB
CommitLimit:      949752 kB
Committed_AS:   11937644 kB
VmallocTotal:     245760 kB
VmallocUsed:       50788 kB
VmallocChunk:      75648 kB
1557733758.238138
MemTotal:        1899508 kB
MemFree:           50396 kB
Buffers:             972 kB
Cached:           128380 kB
SwapCached:            0 kB
Active:          1519604 kB
Inactive:          66472 kB
Active(anon):    1459080 kB
Inactive(anon):     2396 kB
Active(file):      60524 kB
Inactive(file):    64076 kB
Unevictable:        1940 kB
Mlocked:               0 kB
HighTotal:       1158144 kB
HighFree:           2808 kB
LowTotal:         741364 kB
LowFree:           47588 kB
SwapTotal:             0 kB
SwapFree:              0 kB
Dirty:                 0 kB
Writeback:             0 kB
AnonPages:       1458704 kB
Mapped:            88860 kB
Shmem:              2812 kB
Slab:              33936 kB
SReclaimable:      12564 kB
SUnreclaim:        21372 kB
KernelStack:        5992 kB
PageTables:        11408 kB
NFS_Unstable:          0 kB
Bounce:                0 kB
WritebackTmp:          0 kB
CommitLimit:      949752 kB
Committed_AS:   11937704 kB
VmallocTotal:     245760 kB
VmallocUsed:       50788 kB
VmallocChunk:      75648 kB
1557733759.246360
MemTotal:        1899508 kB
MemFree:           46764 kB
Buffers:             972 kB
Cached:           128380 kB
SwapCached:            0 kB
Active:          1522260 kB
Inactive:          66472 kB
Active(anon):    1461736 kB
Inactive(anon):     2396 kB
Active(file):      60524 kB
Inactive(file):    64076 kB
Unevictable:        1940 kB
Mlocked:               0 kB
HighTotal:       1158144 kB
HighFree:           1752 kB
LowTotal:         741364 kB
LowFree:           45012 kB
SwapTotal:             0 kB
SwapFree:              0 kB
Dirty:                 0 kB
Writeback:             0 kB
AnonPages:       1461504 kB
Mapped:            88876 kB
Shmem:              2812 kB
Slab:              33936 kB
SReclaimable:      12564 kB
SUnreclaim:        21372 kB
KernelStack:        5992 kB
PageTables:        11404 kB
NFS_Unstable:          0 kB
Bounce:                0 kB
WritebackTmp:          0 kB
CommitLimit:      949752 kB
Committed_AS:   11938320 kB
VmallocTotal:     245760 kB
VmallocUsed:       50788 kB
VmallocChunk:      75648 kB
1557733760.292979
MemTotal:        1899508 kB
MemFree:           48496 kB
Buffers:             988 kB
Cached:           128364 kB
SwapCached:            0 kB
Active:          1520496 kB
Inactive:          66472 kB
Active(anon):    1459972 kB
Inactive(anon):     2396 kB
Active(file):      60524 kB
Inactive(file):    64076 kB
Unevictable:        1940 kB
Mlocked:               0 kB
HighTotal:       1158144 kB
HighFree:           1920 kB
LowTotal:         741364 kB
LowFree:           46576 kB
SwapTotal:             0 kB
SwapFree:              0 kB
Dirty:                 0 kB
Writeback:             0 kB
AnonPages:       1459672 kB
Mapped:            88880 kB
Shmem:              2812 kB
Slab:              33936 kB
SReclaimable:      12564 kB
SUnreclaim:        21372 kB
KernelStack:        6024 kB
PageTables:        11392 kB
NFS_Unstable:          0 kB
Bounce:                0 kB
WritebackTmp:          0 kB
CommitLimit:      949752 kB
Committed_AS:   11938448 kB
VmallocTotal:     245760 kB
VmallocUsed:       50788 kB
VmallocChunk:      75648 kB
1557733761.317652
MemTotal:        1899508 kB
MemFree:           40604 kB
Buffers:             988 kB
Cached:           131556 kB
SwapCached:            0 kB
Active:          1524428 kB
Inactive:          69728 kB
Active(anon):    1463904 kB
Inactive(anon):     2396 kB
Active(file):      60524 kB
Inactive(file):    67332 kB
Unevictable:        1940 kB
Mlocked:               0 kB
HighTotal:       1158144 kB
HighFree:            360 kB
LowTotal:         741364 kB
LowFree:           40244 kB
SwapTotal:             0 kB
SwapFree:              0 kB
Dirty:                36 kB
Writeback:             0 kB
AnonPages:       1463852 kB
Mapped:            92740 kB
Shmem:              2812 kB
Slab:              33936 kB
SReclaimable:      12564 kB
SUnreclaim:        21372 kB
KernelStack:        6032 kB
PageTables:        11688 kB
NFS_Unstable:          0 kB
Bounce:                0 kB
WritebackTmp:          0 kB
CommitLimit:      949752 kB
Committed_AS:   12506124 kB
VmallocTotal:     245760 kB
VmallocUsed:       51808 kB
VmallocChunk:      75648 kB
1557733762.225889
MemTotal:        1899508 kB
MemFree:           46464 kB
Buffers:             856 kB
Cached:           117364 kB
SwapCached:            0 kB
Active:          1529068 kB
Inactive:          59072 kB
Active(anon):    1472236 kB
Inactive(anon):     2396 kB
Active(file):      56832 kB
Inactive(file):    56676 kB
Unevictable:        1940 kB
Mlocked:               0 kB
HighTotal:       1158144 kB
HighFree:           1660 kB
LowTotal:         741364 kB
LowFree:           44804 kB
SwapTotal:             0 kB
SwapFree:              0 kB
Dirty:               100 kB
Writeback:             0 kB
AnonPages:       1471852 kB
Mapped:           102588 kB
Shmem:              2812 kB
Slab:              33928 kB
SReclaimable:      12556 kB
SUnreclaim:        21372 kB
KernelStack:        6200 kB
PageTables:        12356 kB
NFS_Unstable:          0 kB
Bounce:                0 kB
WritebackTmp:          0 kB
CommitLimit:      949752 kB
Committed_AS:   14234368 kB
VmallocTotal:     245760 kB
VmallocUsed:       52828 kB
VmallocChunk:      75648 kB
1557733763.183711
MemTotal:        1899508 kB
MemFree:           42872 kB
Buffers:             472 kB
Cached:           117316 kB
SwapCached:            0 kB
Active:          1530248 kB
Inactive:          60360 kB
Active(anon):    1475240 kB
Inactive(anon):     2400 kB
Active(file):      55008 kB
Inactive(file):    57960 kB
Unevictable:        1940 kB
Mlocked:               0 kB
HighTotal:       1158144 kB
HighFree:           1800 kB
LowTotal:         741364 kB
LowFree:           41072 kB
SwapTotal:             0 kB
SwapFree:              0 kB
Dirty:                 0 kB
Writeback:             0 kB
AnonPages:       1475076 kB
Mapped:           102728 kB
Shmem:              2816 kB
Slab:              33932 kB
SReclaimable:      12556 kB
SUnreclaim:        21376 kB
KernelStack:        6304 kB
PageTables:        12996 kB
NFS_Unstable:          0 kB
Bounce:                0 kB
WritebackTmp:          0 kB
CommitLimit:      949752 kB
Committed_AS:   14869524 kB
VmallocTotal:     245760 kB
VmallocUsed:       54868 kB
VmallocChunk:      75648 kB
1557733764.154221
MemTotal:        1899508 kB
MemFree:           40712 kB
Buffers:             456 kB
Cached:           119368 kB
SwapCached:            0 kB
Active:          1534652 kB
Inactive:          59476 kB
Active(anon):    1476516 kB
Inactive(anon):     2476 kB
Active(file):      58136 kB
Inactive(file):    57000 kB
Unevictable:        1940 kB
Mlocked:               0 kB
HighTotal:       1158144 kB
HighFree:            908 kB
LowTotal:         741364 kB
LowFree:           39804 kB
SwapTotal:             0 kB
SwapFree:              0 kB
Dirty:                 0 kB
Writeback:             0 kB
AnonPages:       1476260 kB
Mapped:            96292 kB
Shmem:              3028 kB
Slab:              33924 kB
SReclaimable:      12548 kB
SUnreclaim:        21376 kB
KernelStack:        6344 kB
PageTables:        12728 kB
NFS_Unstable:          0 kB
Bounce:                0 kB
WritebackTmp:          0 kB
CommitLimit:      949752 kB
Committed_AS:   13648324 kB
VmallocTotal:     245760 kB
VmallocUsed:       53848 kB
VmallocChunk:      75648 kB
1557733765.130748
MemTotal:        1899508 kB
MemFree:           42336 kB
Buffers:             456 kB
Cached:           115572 kB
SwapCached:            0 kB
Active:          1542120 kB
Inactive:          48940 kB
Active(anon):    1477548 kB
Inactive(anon):     2340 kB
Active(file):      64572 kB
Inactive(file):    46600 kB
Unevictable:        1940 kB
Mlocked:               0 kB
HighTotal:       1158144 kB
HighFree:           1676 kB
LowTotal:         741364 kB
LowFree:           40660 kB
SwapTotal:             0 kB
SwapFree:              0 kB
Dirty:                 0 kB
Writeback:             0 kB
AnonPages:       1477092 kB
Mapped:            98240 kB
Shmem:              2812 kB
Slab:              33956 kB
SReclaimable:      12548 kB
SUnreclaim:        21408 kB
KernelStack:        6376 kB
PageTables:        12596 kB
NFS_Unstable:          0 kB
Bounce:                0 kB
WritebackTmp:          0 kB
CommitLimit:      949752 kB
Committed_AS:   13646796 kB
VmallocTotal:     245760 kB
VmallocUsed:       53848 kB
VmallocChunk:      75648 kB
1557733766.121044
MemTotal:        1899508 kB
MemFree:           40760 kB
Buffers:             460 kB
Cached:           115684 kB
SwapCached:            0 kB
Active:          1543016 kB
Inactive:          49732 kB
Active(anon):    1479040 kB
Inactive(anon):     2340 kB
Active(file):      63976 kB
Inactive(file):    47392 kB
Unevictable:        1940 kB
Mlocked:               0 kB
HighTotal:       1158144 kB
HighFree:            476 kB
LowTotal:         741364 kB
LowFree:           40284 kB
SwapTotal:             0 kB
SwapFree:              0 kB
Dirty:                92 kB
Writeback:             4 kB
AnonPages:       1478880 kB
Mapped:            98568 kB
Shmem:              2812 kB
Slab:              33960 kB
SReclaimable:      12548 kB
SUnreclaim:        21412 kB
KernelStack:        6424 kB
PageTables:        12696 kB
NFS_Unstable:          0 kB
Bounce:                0 kB
WritebackTmp:          0 kB
CommitLimit:      949752 kB
Committed_AS:   13649416 kB
VmallocTotal:     245760 kB
VmallocUsed:       53848 kB
VmallocChunk:      75648 kB
1557733767.042103
MemTotal:        1899508 kB
MemFree:           50632 kB
Buffers:             460 kB
Cached:           114708 kB
SwapCached:            0 kB
Active:          1532404 kB
Inactive:          50684 kB
Active(anon):    1470380 kB
Inactive(anon):     2340 kB
Active(file):      62024 kB
Inactive(file):    48344 kB
Unevictable:        1940 kB
Mlocked:               0 kB
HighTotal:       1158144 kB
HighFree:           3640 kB
LowTotal:         741364 kB
LowFree:           46992 kB
SwapTotal:             0 kB
SwapFree:              0 kB
Dirty:               152 kB
Writeback:             0 kB
AnonPages:       1470168 kB
Mapped:            93448 kB
Shmem:              2812 kB
Slab:              33960 kB
SReclaimable:      12548 kB
SUnreclaim:        21412 kB
KernelStack:        6312 kB
PageTables:        12244 kB
NFS_Unstable:          0 kB
Bounce:                0 kB
WritebackTmp:          0 kB
CommitLimit:      949752 kB
Committed_AS:   13078936 kB
VmallocTotal:     245760 kB
VmallocUsed:       52828 kB
VmallocChunk:      75648 kB
1557733768.027614
MemTotal:        1899508 kB
MemFree:           46060 kB
Buffers:             468 kB
Cached:           113908 kB
SwapCached:            0 kB
Active:          1537688 kB
Inactive:          50376 kB
Active(anon):    1476148 kB
Inactive(anon):     2340 kB
Active(file):      61540 kB
Inactive(file):    48036 kB
Unevictable:        1940 kB
Mlocked:               0 kB
HighTotal:       1158144 kB
HighFree:           1776 kB
LowTotal:         741364 kB
LowFree:           44284 kB
SwapTotal:             0 kB
SwapFree:              0 kB
Dirty:               152 kB
Writeback:             0 kB
AnonPages:       1475572 kB
Mapped:            97780 kB
Shmem:              2812 kB
Slab:              33960 kB
SReclaimable:      12548 kB
SUnreclaim:        21412 kB
KernelStack:        6440 kB
PageTables:        12404 kB
NFS_Unstable:          0 kB
Bounce:                0 kB
WritebackTmp:          0 kB
CommitLimit:      949752 kB
Committed_AS:   14220104 kB
VmallocTotal:     245760 kB
VmallocUsed:       52828 kB
VmallocChunk:      75648 kB
1557733768.979927
MemTotal:        1899508 kB
MemFree:           46888 kB
Buffers:             492 kB
Cached:           112744 kB
SwapCached:            0 kB
Active:          1537048 kB
Inactive:          49616 kB
Active(anon):    1475980 kB
Inactive(anon):     2340 kB
Active(file):      61068 kB
Inactive(file):    47276 kB
Unevictable:        1940 kB
Mlocked:               0 kB
HighTotal:       1158144 kB
HighFree:           1800 kB
LowTotal:         741364 kB
LowFree:           45088 kB
SwapTotal:             0 kB
SwapFree:              0 kB
Dirty:               132 kB
Writeback:             0 kB
