MemTotal:         482068 kB
MemFree:          108172 kB
Buffers:             880 kB
Cached:            89072 kB
SwapCached:            0 kB
Active:           228820 kB
Inactive:          59652 kB
Active(anon):     199244 kB
Inactive(anon):      884 kB
Active(file):      29576 kB
Inactive(file):    58768 kB
Unevictable:        1256 kB
Mlocked:               0 kB
HighTotal:             0 kB
HighFree:              0 kB
LowTotal:         482068 kB
LowFree:          108172 kB
SwapTotal:             0 kB
SwapFree:              0 kB
Dirty:                16 kB
Writeback:             0 kB
AnonPages:        199884 kB
Mapped:            32608 kB
Shmem:               344 kB
Slab:              21304 kB
SReclaimable:       5088 kB
SUnreclaim:        16216 kB
KernelStack:        5016 kB
PageTables:         6496 kB
NFS_Unstable:          0 kB
Bounce:                0 kB
WritebackTmp:          0 kB
CommitLimit:      241032 kB
Committed_AS:    3786360 kB
VmallocTotal:     507904 kB
VmallocUsed:      113000 kB
VmallocChunk:     112576 kB
1557581755.000000
MemTotal:         482068 kB
MemFree:           90988 kB
Buffers:             900 kB
Cached:           100224 kB
SwapCached:            0 kB
Active:           237244 kB
Inactive:          70624 kB
Active(anon):     207564 kB
Inactive(anon):      884 kB
Active(file):      29680 kB
Inactive(file):    69740 kB
Unevictable:        1256 kB
Mlocked:               0 kB
HighTotal:             0 kB
HighFree:              0 kB
LowTotal:         482068 kB
LowFree:           90988 kB
SwapTotal:             0 kB
SwapFree:              0 kB
Dirty:                16 kB
Writeback:             0 kB
AnonPages:        208092 kB
Mapped:            42944 kB
Shmem:               344 kB
Slab:              21304 kB
SReclaimable:       5088 kB
SUnreclaim:        16216 kB
KernelStack:        5016 kB
PageTables:         6648 kB
NFS_Unstable:          0 kB
Bounce:                0 kB
WritebackTmp:          0 kB
CommitLimit:      241032 kB
Committed_AS:    3803016 kB
VmallocTotal:     507904 kB
VmallocUsed:      109784 kB
VmallocChunk:     112576 kB
1557581756.000000
MemTotal:         482068 kB
MemFree:           78948 kB
Buffers:             936 kB
Cached:           102768 kB
SwapCached:            0 kB
Active:           243616 kB
Inactive:          73660 kB
Active(anon):     214324 kB
Inactive(anon):      884 kB
Active(file):      29292 kB
Inactive(file):    72776 kB
Unevictable:        1256 kB
Mlocked:               0 kB
HighTotal:             0 kB
HighFree:              0 kB
LowTotal:         482068 kB
LowFree:           78948 kB
SwapTotal:             0 kB
SwapFree:              0 kB
Dirty:               124 kB
Writeback:             0 kB
AnonPages:        214840 kB
Mapped:            51196 kB
Shmem:               344 kB
Slab:              21272 kB
SReclaimable:       5088 kB
SUnreclaim:        16184 kB
KernelStack:        5208 kB
PageTables:         6784 kB
NFS_Unstable:          0 kB
Bounce:                0 kB
WritebackTmp:          0 kB
CommitLimit:      241032 kB
Committed_AS:    3811768 kB
VmallocTotal:     507904 kB
VmallocUsed:      113016 kB
VmallocChunk:     112576 kB
1557581757.000000
MemTotal:         482068 kB
MemFree:           72452 kB
Buffers:             952 kB
Cached:           105276 kB
SwapCached:            0 kB
Active:           250168 kB
Inactive:          76124 kB
Active(anon):     220860 kB
Inactive(anon):      884 kB
Active(file):      29308 kB
Inactive(file):    75240 kB
Unevictable:        1256 kB
Mlocked:               0 kB
HighTotal:             0 kB
HighFree:              0 kB
LowTotal:         482068 kB
LowFree:           72452 kB
SwapTotal:             0 kB
SwapFree:              0 kB
Dirty:               104 kB
Writeback:             0 kB
AnonPages:        221380 kB
Mapped:            52332 kB
Shmem:               344 kB
Slab:              21288 kB
SReclaimable:       5084 kB
SUnreclaim:        16204 kB
KernelStack:        5272 kB
PageTables:         6772 kB
NFS_Unstable:          0 kB
Bounce:                0 kB
WritebackTmp:          0 kB
CommitLimit:      241032 kB
Committed_AS:    3819284 kB
VmallocTotal:     507904 kB
VmallocUsed:      109980 kB
VmallocChunk:     112576 kB
1557581757.000000
MemTotal:         482068 kB
MemFree:           64120 kB
Buffers:            1000 kB
Cached:           106292 kB
SwapCached:            0 kB
Active:           255784 kB
Inactive:          77268 kB
Active(anon):     226476 kB
Inactive(anon):      884 kB
Active(file):      29308 kB
Inactive(file):    76384 kB
Unevictable:        1256 kB
Mlocked:               0 kB
HighTotal:             0 kB
HighFree:              0 kB
LowTotal:         482068 kB
LowFree:           64120 kB
SwapTotal:             0 kB
SwapFree:              0 kB
Dirty:               104 kB
Writeback:             0 kB
AnonPages:        227080 kB
Mapped:            56816 kB
Shmem:               344 kB
Slab:              21236 kB
SReclaimable:       5084 kB
SUnreclaim:        16152 kB
KernelStack:        5272 kB
PageTables:         6848 kB
NFS_Unstable:          0 kB
Bounce:                0 kB
WritebackTmp:          0 kB
CommitLimit:      241032 kB
Committed_AS:    3825272 kB
VmallocTotal:     507904 kB
VmallocUsed:      111604 kB
VmallocChunk:     112576 kB
1557581758.000000
MemTotal:         482068 kB
MemFree:           54284 kB
Buffers:            1016 kB
Cached:           112844 kB
SwapCached:            0 kB
Active:           259672 kB
Inactive:          83180 kB
Active(anon):     229740 kB
Inactive(anon):      884 kB
Active(file):      29932 kB
Inactive(file):    82296 kB
Unevictable:        1256 kB
Mlocked:               0 kB
HighTotal:             0 kB
HighFree:              0 kB
LowTotal:         482068 kB
LowFree:           54284 kB
SwapTotal:             0 kB
SwapFree:              0 kB
Dirty:                 0 kB
Writeback:             0 kB
AnonPages:        230360 kB
Mapped:            58792 kB
Shmem:               344 kB
Slab:              21272 kB
SReclaimable:       5084 kB
SUnreclaim:        16188 kB
KernelStack:        5296 kB
PageTables:         6876 kB
NFS_Unstable:          0 kB
Bounce:                0 kB
WritebackTmp:          0 kB
CommitLimit:      241032 kB
Committed_AS:    3829244 kB
VmallocTotal:     507904 kB
VmallocUsed:      111604 kB
VmallocChunk:     112576 kB
1557581759.000000
MemTotal:         482068 kB
MemFree:           47440 kB
Buffers:            1028 kB
Cached:           114052 kB
SwapCached:            0 kB
Active:           264596 kB
Inactive:          84400 kB
Active(anon):     234624 kB
Inactive(anon):      884 kB
Active(file):      29972 kB
Inactive(file):    83516 kB
Unevictable:        1256 kB
Mlocked:               0 kB
HighTotal:             0 kB
HighFree:              0 kB
LowTotal:         482068 kB
LowFree:           47440 kB
SwapTotal:             0 kB
SwapFree:              0 kB
Dirty:                76 kB
Writeback:             0 kB
AnonPages:        235172 kB
Mapped:            62012 kB
Shmem:               344 kB
Slab:              21288 kB
SReclaimable:       5084 kB
SUnreclaim:        16204 kB
KernelStack:        5400 kB
PageTables:         6840 kB
NFS_Unstable:          0 kB
Bounce:                0 kB
WritebackTmp:          0 kB
CommitLimit:      241032 kB
Committed_AS:    3834248 kB
VmallocTotal:     507904 kB
VmallocUsed:      112356 kB
VmallocChunk:     112576 kB
1557581759.000000
MemTotal:         482068 kB
MemFree:           34688 kB
Buffers:            1040 kB
Cached:           117004 kB
SwapCached:            0 kB
Active:           272396 kB
Inactive:          87156 kB
Active(anon):     242216 kB
Inactive(anon):      884 kB
Active(file):      30180 kB
Inactive(file):    86272 kB
Unevictable:        1256 kB
Mlocked:               0 kB
HighTotal:             0 kB
HighFree:              0 kB
LowTotal:         482068 kB
LowFree:           34688 kB
SwapTotal:             0 kB
SwapFree:              0 kB
Dirty:               152 kB
Writeback:             0 kB
AnonPages:        242848 kB
Mapped:            65888 kB
Shmem:               344 kB
Slab:              21548 kB
SReclaimable:       5292 kB
SUnreclaim:        16256 kB
KernelStack:        5400 kB
PageTables:         6916 kB
NFS_Unstable:          0 kB
Bounce:                0 kB
WritebackTmp:          0 kB
CommitLimit:      241032 kB
Committed_AS:    3844400 kB
VmallocTotal:     507904 kB
VmallocUsed:      113980 kB
VmallocChunk:     112576 kB
1557581760.000000
MemTotal:         482068 kB
MemFree:           23024 kB
Buffers:            1040 kB
Cached:           119380 kB
SwapCached:            0 kB
Active:           280300 kB
Inactive:          89472 kB
Active(anon):     250076 kB
Inactive(anon):      892 kB
Active(file):      30224 kB
Inactive(file):    88580 kB
Unevictable:        1256 kB
Mlocked:               0 kB
HighTotal:             0 kB
HighFree:              0 kB
LowTotal:         482068 kB
LowFree:           23024 kB
SwapTotal:             0 kB
SwapFree:              0 kB
Dirty:               188 kB
Writeback:             0 kB
AnonPages:        250640 kB
Mapped:            69200 kB
Shmem:               352 kB
Slab:              21620 kB
SReclaimable:       5336 kB
SUnreclaim:        16284 kB
KernelStack:        5472 kB
PageTables:         6956 kB
NFS_Unstable:          0 kB
Bounce:                0 kB
WritebackTmp:          0 kB
CommitLimit:      241032 kB
Committed_AS:    3852340 kB
VmallocTotal:     507904 kB
VmallocUsed:      115484 kB
VmallocChunk:     112576 kB
1557581761.000000
MemTotal:         482068 kB
MemFree:           18568 kB
Buffers:            1040 kB
Cached:           119824 kB
SwapCached:            0 kB
Active:           284364 kB
Inactive:          89860 kB
Active(anon):     254076 kB
Inactive(anon):      900 kB
Active(file):      30288 kB
Inactive(file):    88960 kB
Unevictable:        1256 kB
Mlocked:               0 kB
HighTotal:             0 kB
HighFree:              0 kB
LowTotal:         482068 kB
LowFree:           18568 kB
SwapTotal:             0 kB
SwapFree:              0 kB
Dirty:               136 kB
Writeback:            16 kB
AnonPages:        254680 kB
Mapped:            69664 kB
Shmem:               360 kB
Slab:              21600 kB
SReclaimable:       5336 kB
SUnreclaim:        16264 kB
KernelStack:        5488 kB
PageTables:         6928 kB
NFS_Unstable:          0 kB
Bounce:                0 kB
WritebackTmp:          0 kB
CommitLimit:      241032 kB
Committed_AS:    3856716 kB
VmallocTotal:     507904 kB
VmallocUsed:      115484 kB
VmallocChunk:     112576 kB
1557581761.000000
MemTotal:         482068 kB
MemFree:           14792 kB
Buffers:            1040 kB
Cached:           121648 kB
SwapCached:            0 kB
Active:           286340 kB
Inactive:          91576 kB
Active(anon):     256052 kB
Inactive(anon):      900 kB
Active(file):      30288 kB
Inactive(file):    90676 kB
Unevictable:        1256 kB
Mlocked:               0 kB
HighTotal:             0 kB
HighFree:              0 kB
LowTotal:         482068 kB
LowFree:           14792 kB
SwapTotal:             0 kB
SwapFree:              0 kB
Dirty:               136 kB
Writeback:            16 kB
AnonPages:        256656 kB
Mapped:            71032 kB
Shmem:               360 kB
Slab:              21600 kB
SReclaimable:       5336 kB
SUnreclaim:        16264 kB
KernelStack:        5488 kB
PageTables:         6928 kB
NFS_Unstable:          0 kB
Bounce:                0 kB
WritebackTmp:          0 kB
CommitLimit:      241032 kB
Committed_AS:    3858988 kB
VmallocTotal:     507904 kB
VmallocUsed:      115484 kB
VmallocChunk:     112576 kB
1557581762.000000
MemTotal:         482068 kB
MemFree:           10048 kB
Buffers:            1040 kB
Cached:           122100 kB
SwapCached:            0 kB
Active:           290080 kB
Inactive:          92008 kB
Active(anon):     259772 kB
Inactive(anon):      900 kB
Active(file):      30308 kB
Inactive(file):    91108 kB
Unevictable:        1256 kB
Mlocked:               0 kB
HighTotal:             0 kB
HighFree:              0 kB
LowTotal:         482068 kB
LowFree:           10048 kB
SwapTotal:             0 kB
SwapFree:              0 kB
Dirty:               212 kB
Writeback:             0 kB
AnonPages:        260332 kB
Mapped:            71856 kB
Shmem:               360 kB
Slab:              21592 kB
SReclaimable:       5336 kB
SUnreclaim:        16256 kB
KernelStack:        5528 kB
PageTables:         6932 kB
NFS_Unstable:          0 kB
Bounce:                0 kB
WritebackTmp:          0 kB
CommitLimit:      241032 kB
Committed_AS:    3861600 kB
VmallocTotal:     507904 kB
VmallocUsed:      115484 kB
VmallocChunk:     112576 kB
1557581763.000000
MemTotal:         482068 kB
MemFree:           18676 kB
Buffers:             928 kB
Cached:           107232 kB
SwapCached:            0 kB
Active:           303668 kB
Inactive:          69912 kB
Active(anon):     266212 kB
Inactive(anon):      972 kB
Active(file):      37456 kB
Inactive(file):    68940 kB
Unevictable:        1308 kB
Mlocked:              44 kB
HighTotal:             0 kB
HighFree:              0 kB
LowTotal:         482068 kB
LowFree:           18676 kB
SwapTotal:             0 kB
SwapFree:              0 kB
Dirty:               804 kB
Writeback:             0 kB
AnonPages:        266696 kB
Mapped:            72608 kB
Shmem:               404 kB
Slab:              21488 kB
SReclaimable:       5212 kB
SUnreclaim:        16276 kB
KernelStack:        5688 kB
PageTables:         7248 kB
NFS_Unstable:          0 kB
Bounce:                0 kB
WritebackTmp:          0 kB
CommitLimit:      241032 kB
Committed_AS:    3984672 kB
VmallocTotal:     507904 kB
VmallocUsed:      117528 kB
VmallocChunk:     112576 kB
1557581763.000000
MemTotal:         482068 kB
MemFree:            4292 kB
Buffers:             672 kB
Cached:           103144 kB
SwapCached:            0 kB
Active:           312224 kB
Inactive:          61804 kB
Active(anon):     271512 kB
Inactive(anon):     3280 kB
Active(file):      40712 kB
Inactive(file):    58524 kB
Unevictable:        2028 kB
Mlocked:            6176 kB
HighTotal:             0 kB
HighFree:              0 kB
LowTotal:         482068 kB
LowFree:            4292 kB
SwapTotal:             0 kB
SwapFree:              0 kB
Dirty:               672 kB
Writeback:            36 kB
AnonPages:        272300 kB
Mapped:            87900 kB
Shmem:              3296 kB
Slab:              21516 kB
SReclaimable:       5148 kB
SUnreclaim:        16368 kB
KernelStack:        5720 kB
PageTables:         7308 kB
NFS_Unstable:          0 kB
Bounce:                0 kB
WritebackTmp:          0 kB
CommitLimit:      241032 kB
Committed_AS:    3992752 kB
VmallocTotal:     507904 kB
VmallocUsed:      130464 kB
VmallocChunk:     112576 kB
1557581764.000000
MemTotal:         482068 kB
MemFree:            4416 kB
Buffers:             576 kB
Cached:           100352 kB
SwapCached:            0 kB
Active:           315836 kB
Inactive:          58004 kB
Active(anon):     274244 kB
Inactive(anon):     3280 kB
Active(file):      41592 kB
Inactive(file):    54724 kB
Unevictable:        2028 kB
Mlocked:            6176 kB
HighTotal:             0 kB
HighFree:              0 kB
LowTotal:         482068 kB
LowFree:            4416 kB
SwapTotal:             0 kB
SwapFree:              0 kB
Dirty:               672 kB
Writeback:             8 kB
AnonPages:        275032 kB
Mapped:            87768 kB
Shmem:              3296 kB
Slab:              21556 kB
SReclaimable:       5148 kB
SUnreclaim:        16408 kB
KernelStack:        5688 kB
PageTables:         7324 kB
NFS_Unstable:          0 kB
Bounce:                0 kB
WritebackTmp:          0 kB
CommitLimit:      241032 kB
Committed_AS:    3998048 kB
VmallocTotal:     507904 kB
VmallocUsed:      130464 kB
VmallocChunk:     112576 kB
1557581765.000000
MemTotal:         482068 kB
MemFree:            5564 kB
Buffers:             544 kB
Cached:            97372 kB
SwapCached:            0 kB
Active:           318068 kB
Inactive:          54688 kB
Active(anon):     276100 kB
Inactive(anon):     3280 kB
Active(file):      41968 kB
Inactive(file):    51408 kB
Unevictable:        2028 kB
Mlocked:            6176 kB
HighTotal:             0 kB
HighFree:              0 kB
LowTotal:         482068 kB
LowFree:            5564 kB
SwapTotal:             0 kB
SwapFree:              0 kB
Dirty:               748 kB
Writeback:             0 kB
AnonPages:        276912 kB
Mapped:            87880 kB
Shmem:              3296 kB
Slab:              21524 kB
SReclaimable:       5148 kB
SUnreclaim:        16376 kB
KernelStack:        5728 kB
PageTables:         7316 kB
NFS_Unstable:          0 kB
Bounce:                0 kB
WritebackTmp:          0 kB
CommitLimit:      241032 kB
Committed_AS:    4000204 kB
VmallocTotal:     507904 kB
VmallocUsed:      130464 kB
VmallocChunk:     112576 kB
1557581766.000000
MemTotal:         482068 kB
MemFree:            6168 kB
Buffers:             548 kB
Cached:            94092 kB
SwapCached:            0 kB
Active:           320140 kB
Inactive:          51532 kB
Active(anon):     278328 kB
Inactive(anon):     3304 kB
Active(file):      41812 kB
Inactive(file):    48228 kB
Unevictable:        2028 kB
Mlocked:            6176 kB
HighTotal:             0 kB
HighFree:              0 kB
LowTotal:         482068 kB
LowFree:            6168 kB
SwapTotal:             0 kB
SwapFree:              0 kB
Dirty:               748 kB
Writeback:             0 kB
AnonPages:        279136 kB
Mapped:            87296 kB
Shmem:              3324 kB
Slab:              21636 kB
SReclaimable:       5148 kB
SUnreclaim:        16488 kB
KernelStack:        5728 kB
PageTables:         7308 kB
NFS_Unstable:          0 kB
Bounce:                0 kB
WritebackTmp:          0 kB
CommitLimit:      241032 kB
Committed_AS:    4000384 kB
VmallocTotal:     507904 kB
VmallocUsed:      130464 kB
VmallocChunk:     112576 kB
1557581767.000000
MemTotal:         482068 kB
MemFree:            7284 kB
Buffers:             556 kB
Cached:            94400 kB
SwapCached:            0 kB
Active:           319308 kB
Inactive:          51868 kB
Active(anon):     277520 kB
Inactive(anon):     3304 kB
Active(file):      41788 kB
Inactive(file):    48564 kB
Unevictable:        2028 kB
Mlocked:            6176 kB
HighTotal:             0 kB
HighFree:              0 kB
LowTotal:         482068 kB
LowFree:            7284 kB
SwapTotal:             0 kB
SwapFree:              0 kB
Dirty:                68 kB
Writeback:            88 kB
AnonPages:        278284 kB
Mapped:            87332 kB
Shmem:              3324 kB
Slab:              21556 kB
SReclaimable:       5152 kB
SUnreclaim:        16404 kB
KernelStack:        5720 kB
PageTables:         7312 kB
NFS_Unstable:          0 kB
Bounce:                0 kB
WritebackTmp:          0 kB
CommitLimit:      241032 kB
Committed_AS:    4003636 kB
VmallocTotal:     507904 kB
VmallocUsed:      130464 kB
VmallocChunk:     112576 kB
1557581768.000000
MemTotal:         482068 kB
MemFree:            6160 kB
Buffers:             552 kB
Cached:            94028 kB
SwapCached:            0 kB
Active:           320916 kB
Inactive:          51480 kB
Active(anon):     279128 kB
Inactive(anon):     3296 kB
Active(file):      41788 kB
Inactive(file):    48184 kB
Unevictable:        2028 kB
Mlocked:            6176 kB
HighTotal:             0 kB
HighFree:              0 kB
LowTotal:         482068 kB
LowFree:            6160 kB
SwapTotal:             0 kB
SwapFree:              0 kB
Dirty:                68 kB
Writeback:             0 kB
AnonPages:        279756 kB
Mapped:            87408 kB
Shmem:              3368 kB
Slab:              21516 kB
SReclaimable:       5152 kB
SUnreclaim:        16364 kB
KernelStack:        5720 kB
PageTables:         7400 kB
NFS_Unstable:          0 kB
Bounce:                0 kB
WritebackTmp:          0 kB
CommitLimit:      241032 kB
Committed_AS:    4005856 kB
VmallocTotal:     507904 kB
VmallocUsed:      130464 kB
VmallocChunk:     112576 kB
1557581769.000000
MemTotal:         482068 kB
MemFree:            6516 kB
Buffers:             552 kB
Cached:            94136 kB
SwapCached:            0 kB
Active:           320024 kB
Inactive:          51572 kB
Active(anon):     278276 kB
Inactive(anon):     3300 kB
Active(file):      41748 kB
Inactive(file):    48272 kB
Unevictable:        2028 kB
Mlocked:            6176 kB
HighTotal:             0 kB
HighFree:              0 kB
LowTotal:         482068 kB
LowFree:            6516 kB
SwapTotal:             0 kB
SwapFree:              0 kB
Dirty:                76 kB
Writeback:             0 kB
AnonPages:        278948 kB
Mapped:            87436 kB
Shmem:              3388 kB
Slab:              21528 kB
SReclaimable:       5152 kB
SUnreclaim:        16376 kB
KernelStack:        5736 kB
PageTables:         7328 kB
NFS_Unstable:          0 kB
Bounce:                0 kB
WritebackTmp:          0 kB
CommitLimit:      241032 kB
Committed_AS:    4007244 kB
VmallocTotal:     507904 kB
VmallocUsed:      130464 kB
VmallocChunk:     112576 kB
1557581770.000000
MemTotal:         482068 kB
MemFree:            5804 kB
Buffers:             576 kB
Cached:            94140 kB
SwapCached:            0 kB
Active:           320640 kB
Inactive:          51632 kB
Active(anon):     278908 kB
Inactive(anon):     3292 kB
Active(file):      41732 kB
Inactive(file):    48340 kB
Unevictable:        2028 kB
Mlocked:            6176 kB
HighTotal:             0 kB
HighFree:              0 kB
LowTotal:         482068 kB
LowFree:            5804 kB
SwapTotal:             0 kB
SwapFree:              0 kB
Dirty:                84 kB
Writeback:             0 kB
AnonPages:        279604 kB
Mapped:            87440 kB
Shmem:              3388 kB
Slab:              21588 kB
SReclaimable:       5152 kB
SUnreclaim:        16436 kB
KernelStack:        5744 kB
PageTables:         7336 kB
NFS_Unstable:          0 kB
Bounce:                0 kB
WritebackTmp:          0 kB
CommitLimit:      241032 kB
Committed_AS:    4005500 kB
VmallocTotal:     507904 kB
VmallocUsed:      130464 kB
VmallocChunk:     112576 kB
1557581770.000000
MemTotal:         482068 kB
MemFree:            4564 kB
Buffers:             568 kB
Cached:            93048 kB
SwapCached:            0 kB
Active:           323364 kB
Inactive:          50480 kB
Active(anon):     281580 kB
Inactive(anon):     3292 kB
Active(file):      41784 kB
Inactive(file):    47188 kB
Unevictable:        2028 kB
Mlocked:            6176 kB
HighTotal:             0 kB
HighFree:              0 kB
LowTotal:         482068 kB
LowFree:            4564 kB
SwapTotal:             0 kB
SwapFree:              0 kB
Dirty:                84 kB
Writeback:             0 kB
AnonPages:        282340 kB
Mapped:            87124 kB
Shmem:              3388 kB
Slab:              21528 kB
SReclaimable:       5152 kB
SUnreclaim:        16376 kB
KernelStack:        5744 kB
PageTables:         7344 kB
NFS_Unstable:          0 kB
Bounce:                0 kB
WritebackTmp:          0 kB
CommitLimit:      241032 kB
Committed_AS:    4006684 kB
VmallocTotal:     507904 kB
VmallocUsed:      130464 kB
VmallocChunk:     112576 kB
1557581771.000000
MemTotal:         482068 kB
MemFree:            4664 kB
Buffers:             568 kB
Cached:            92008 kB
SwapCached:            0 kB
Active:           324196 kB
Inactive:          49532 kB
Active(anon):     282504 kB
Inactive(anon):     3292 kB
Active(file):      41692 kB
Inactive(file):    46240 kB
Unevictable:        2028 kB
Mlocked:            6176 kB
HighTotal:             0 kB
HighFree:              0 kB
LowTotal:         482068 kB
LowFree:            4664 kB
SwapTotal:             0 kB
SwapFree:              0 kB
Dirty:                84 kB
Writeback:             0 kB
AnonPages:        283164 kB
Mapped:            86860 kB
Shmem:              3388 kB
Slab:              21544 kB
SReclaimable:       5152 kB
SUnreclaim:        16392 kB
KernelStack:        5728 kB
PageTables:         7332 kB
NFS_Unstable:          0 kB
Bounce:                0 kB
WritebackTmp:          0 kB
CommitLimit:      241032 kB
Committed_AS:    4006800 kB
VmallocTotal:     507904 kB
VmallocUsed:      130464 kB
VmallocChunk:     112576 kB
1557581772.000000
MemTotal:         482068 kB
MemFree:            5028 kB
Buffers:             576 kB
Cached:            90068 kB
SwapCached:            0 kB
Active:           325656 kB
Inactive:          47456 kB
Active(anon):     283808 kB
Inactive(anon):     3292 kB
Active(file):      41848 kB
Inactive(file):    44164 kB
Unevictable:        2028 kB
Mlocked:            6176 kB
HighTotal:             0 kB
HighFree:              0 kB
LowTotal:         482068 kB
LowFree:            5028 kB
SwapTotal:             0 kB
SwapFree:              0 kB
Dirty:                84 kB
Writeback:             0 kB
AnonPages:        284524 kB
Mapped:            86656 kB
Shmem:              3388 kB
Slab:              21508 kB
SReclaimable:       5100 kB
SUnreclaim:        16408 kB
KernelStack:        5744 kB
PageTables:         7340 kB
NFS_Unstable:          0 kB
Bounce:                0 kB
WritebackTmp:          0 kB
CommitLimit:      241032 kB
Committed_AS:    4008892 kB
VmallocTotal:     507904 kB
VmallocUsed:      130464 kB
VmallocChunk:     112576 kB
1557581773.000000
MemTotal:         482068 kB
MemFree:            4656 kB
Buffers:             588 kB
Cached:            88052 kB
SwapCached:            0 kB
Active:           329716 kB
Inactive:          43792 kB
Active(anon):     286256 kB
Inactive(anon):     3292 kB
Active(file):      43460 kB
Inactive(file):    40500 kB
Unevictable:        2028 kB
Mlocked:            6176 kB
HighTotal:             0 kB
HighFree:              0 kB
LowTotal:         482068 kB
LowFree:            4656 kB
SwapTotal:             0 kB
SwapFree:              0 kB
Dirty:                16 kB
Writeback:             0 kB
AnonPages:        286944 kB
Mapped:            86372 kB
Shmem:              3388 kB
Slab:              21376 kB
SReclaimable:       5052 kB
SUnreclaim:        16324 kB
KernelStack:        5744 kB
PageTables:         7336 kB
NFS_Unstable:          0 kB
Bounce:                0 kB
WritebackTmp:          0 kB
CommitLimit:      241032 kB
Committed_AS:    4011056 kB
VmallocTotal:     507904 kB
VmallocUsed:      130464 kB
VmallocChunk:     112576 kB
1557581774.000000
MemTotal:         482068 kB
MemFree:            4300 kB
Buffers:             584 kB
Cached:            86828 kB
SwapCached:            0 kB
Active:           331500 kB
Inactive:          42332 kB
Active(anon):     287856 kB
Inactive(anon):     3292 kB
Active(file):      43644 kB
Inactive(file):    39040 kB
Unevictable:        2028 kB
Mlocked:            6176 kB
HighTotal:             0 kB
HighFree:              0 kB
LowTotal:         482068 kB
LowFree:            4300 kB
SwapTotal:             0 kB
SwapFree:              0 kB
Dirty:                36 kB
Writeback:             0 kB
AnonPages:        288572 kB
Mapped:            86216 kB
Shmem:              3388 kB
Slab:              21436 kB
SReclaimable:       5052 kB
SUnreclaim:        16384 kB
KernelStack:        5744 kB
PageTables:         7340 kB
NFS_Unstable:          0 kB
Bounce:                0 kB
WritebackTmp:          0 kB
CommitLimit:      241032 kB
Committed_AS:    4012112 kB
VmallocTotal:     507904 kB
VmallocUsed:      130464 kB
VmallocChunk:     112576 kB
1557581775.000000
MemTotal:         482068 kB
MemFree:            5392 kB
Buffers:             576 kB
Cached:            85748 kB
SwapCached:            0 kB
Active:           331436 kB
Inactive:          41372 kB
Active(anon):     287916 kB
Inactive(anon):     3292 kB
Active(file):      43520 kB
Inactive(file):    38080 kB
Unevictable:        2028 kB
Mlocked:            6176 kB
HighTotal:             0 kB
HighFree:              0 kB
LowTotal:         482068 kB
LowFree:            5392 kB
SwapTotal:             0 kB
SwapFree:              0 kB
Dirty:                36 kB
Writeback:             0 kB
AnonPages:        288532 kB
Mapped:            85684 kB
Shmem:              3388 kB
Slab:              21420 kB
SReclaimable:       5052 kB
SUnreclaim:        16368 kB
KernelStack:        5744 kB
PageTables:         7420 kB
NFS_Unstable:          0 kB
Bounce:                0 kB
WritebackTmp:          0 kB
CommitLimit:      241032 kB
Committed_AS:    4012700 kB
VmallocTotal:     507904 kB
VmallocUsed:      130464 kB
VmallocChunk:     112576 kB
1557581776.000000
MemTotal:         482068 kB
MemFree:           10724 kB
Buffers:             576 kB
Cached:            85800 kB
SwapCached:            0 kB
Active:           325880 kB
Inactive:          41504 kB
Active(anon):     282360 kB
Inactive(anon):     3292 kB
Active(file):      43520 kB
Inactive(file):    38212 kB
Unevictable:        2028 kB
Mlocked:            6176 kB
HighTotal:             0 kB
HighFree:              0 kB
LowTotal:         482068 kB
LowFree:           10724 kB
SwapTotal:             0 kB
SwapFree:              0 kB
Dirty:                 0 kB
Writeback:             8 kB
AnonPages:        283084 kB
Mapped:            85688 kB
Shmem:              3388 kB
Slab:              21448 kB
SReclaimable:       5052 kB
SUnreclaim:        16396 kB
KernelStack:        5752 kB
PageTables:         7344 kB
NFS_Unstable:          0 kB
Bounce:                0 kB
WritebackTmp:          0 kB
CommitLimit:      241032 kB
Committed_AS:    4010860 kB
VmallocTotal:     507904 kB
VmallocUsed:      130464 kB
VmallocChunk:     112576 kB
1557581776.000000
MemTotal:         482068 kB
MemFree:            9724 kB
Buffers:             576 kB
Cached:            85848 kB
SwapCached:            0 kB
Active:           326956 kB
Inactive:          41552 kB
Active(anon):     283436 kB
Inactive(anon):     3292 kB
Active(file):      43520 kB
Inactive(file):    38260 kB
Unevictable:        2028 kB
Mlocked:            6176 kB
HighTotal:             0 kB
HighFree:              0 kB
LowTotal:         482068 kB
LowFree:            9724 kB
SwapTotal:             0 kB
SwapFree:              0 kB
Dirty:                 0 kB
Writeback:             0 kB
AnonPages:        284116 kB
Mapped:            85676 kB
Shmem:              3388 kB
Slab:              21432 kB
SReclaimable:       5052 kB
SUnreclaim:        16380 kB
KernelStack:        5752 kB
PageTables:         7356 kB
NFS_Unstable:          0 kB
Bounce:                0 kB
WritebackTmp:          0 kB
CommitLimit:      241032 kB
Committed_AS:    4011140 kB
VmallocTotal:     507904 kB
VmallocUsed:      130464 kB
VmallocChunk:     112576 kB
1557581777.000000
MemTotal:         482068 kB
MemFree:            9120 kB
Buffers:             600 kB
Cached:            85520 kB
SwapCached:            0 kB
Active:           327760 kB
Inactive:          41336 kB
Active(anon):     284372 kB
Inactive(anon):     3292 kB
Active(file):      43388 kB
Inactive(file):    38044 kB
Unevictable:        2028 kB
Mlocked:            6176 kB
HighTotal:             0 kB
HighFree:              0 kB
LowTotal:         482068 kB
LowFree:            9120 kB
SwapTotal:             0 kB
SwapFree:              0 kB
Dirty:                 0 kB
Writeback:             0 kB
AnonPages:        285104 kB
Mapped:            85524 kB
Shmem:              3388 kB
Slab:              21432 kB
SReclaimable:       5052 kB
SUnreclaim:        16380 kB
KernelStack:        5752 kB
PageTables:         7356 kB
NFS_Unstable:          0 kB
Bounce:                0 kB
WritebackTmp:          0 kB
CommitLimit:      241032 kB
Committed_AS:    4011248 kB
VmallocTotal:     507904 kB
VmallocUsed:      130464 kB
VmallocChunk:     112576 kB
1557581778.000000
MemTotal:         482068 kB
MemFree:            9368 kB
Buffers:             600 kB
Cached:            85172 kB
SwapCached:            0 kB
Active:           327760 kB
Inactive:          41120 kB
Active(anon):     284484 kB
Inactive(anon):     3292 kB
Active(file):      43276 kB
Inactive(file):    37828 kB
Unevictable:        2028 kB
Mlocked:            6176 kB
HighTotal:             0 kB
HighFree:              0 kB
LowTotal:         482068 kB
LowFree:            9368 kB
SwapTotal:             0 kB
SwapFree:              0 kB
Dirty:                32 kB
Writeback:             0 kB
AnonPages:        285184 kB
Mapped:            85468 kB
Shmem:              3388 kB
Slab:              21436 kB
SReclaimable:       5052 kB
SUnreclaim:        16384 kB
KernelStack:        5760 kB
PageTables:         7344 kB
NFS_Unstable:          0 kB
Bounce:                0 kB
WritebackTmp:          0 kB
CommitLimit:      241032 kB
Committed_AS:    4011356 kB
VmallocTotal:     507904 kB
VmallocUsed:      130464 kB
VmallocChunk:     112576 kB
1557581779.000000
MemTotal:         482068 kB
MemFree:           10124 kB
Buffers:             596 kB
Cached:            84032 kB
SwapCached:            0 kB
Active:           327880 kB
Inactive:          40132 kB
Active(anon):     284736 kB
Inactive(anon):     3292 kB
Active(file):      43144 kB
Inactive(file):    36840 kB
Unevictable:        2028 kB
Mlocked:            6176 kB
HighTotal:             0 kB
HighFree:              0 kB
LowTotal:         482068 kB
LowFree:           10124 kB
SwapTotal:             0 kB
SwapFree:              0 kB
Dirty:                32 kB
Writeback:             0 kB
AnonPages:        285412 kB
Mapped:            85084 kB
Shmem:              3388 kB
Slab:              21412 kB
SReclaimable:       5052 kB
SUnreclaim:        16360 kB
KernelStack:        5744 kB
PageTables:         7420 kB
NFS_Unstable:          0 kB
Bounce:                0 kB
WritebackTmp:          0 kB
CommitLimit:      241032 kB
Committed_AS:    4011312 kB
VmallocTotal:     507904 kB
VmallocUsed:      130464 kB
VmallocChunk:     112576 kB
1557581780.000000
MemTotal:         482068 kB
MemFree:           10528 kB
Buffers:             588 kB
Cached:            83628 kB
SwapCached:            0 kB
Active:           327848 kB
Inactive:          39820 kB
Active(anon):     284752 kB
Inactive(anon):     3292 kB
Active(file):      43096 kB
Inactive(file):    36528 kB
Unevictable:        2028 kB
Mlocked:            6176 kB
HighTotal:             0 kB
HighFree:              0 kB
LowTotal:         482068 kB
LowFree:           10528 kB
SwapTotal:             0 kB
SwapFree:              0 kB
Dirty:                 0 kB
Writeback:             0 kB
AnonPages:        285460 kB
Mapped:            85000 kB
Shmem:              3388 kB
Slab:              21420 kB
SReclaimable:       5052 kB
SUnreclaim:        16368 kB
KernelStack:        5752 kB
PageTables:         7344 kB
NFS_Unstable:          0 kB
Bounce:                0 kB
WritebackTmp:          0 kB
CommitLimit:      241032 kB
Committed_AS:    4011368 kB
VmallocTotal:     507904 kB
VmallocUsed:      130464 kB
VmallocChunk:     112576 kB
1557581780.000000
MemTotal:         482068 kB
MemFree:           10992 kB
Buffers:             572 kB
Cached:            82612 kB
SwapCached:            0 kB
Active:           328044 kB
Inactive:          39188 kB
Active(anon):     285408 kB
Inactive(anon):     3296 kB
Active(file):      42636 kB
Inactive(file):    35892 kB
Unevictable:        2028 kB
Mlocked:            6176 kB
HighTotal:             0 kB
HighFree:              0 kB
LowTotal:         482068 kB
LowFree:           10992 kB
SwapTotal:             0 kB
SwapFree:              0 kB
Dirty:                 0 kB
Writeback:             0 kB
AnonPages:        286080 kB
Mapped:            84500 kB
Shmem:              3400 kB
Slab:              21504 kB
SReclaimable:       5052 kB
SUnreclaim:        16452 kB
KernelStack:        5752 kB
PageTables:         7360 kB
NFS_Unstable:          0 kB
Bounce:                0 kB
WritebackTmp:          0 kB
CommitLimit:      241032 kB
Committed_AS:    4011444 kB
VmallocTotal:     507904 kB
VmallocUsed:      130464 kB
VmallocChunk:     112576 kB
1557581781.000000
MemTotal:         482068 kB
MemFree:           11124 kB
Buffers:             572 kB
Cached:            82460 kB
SwapCached:            0 kB
Active:           327904 kB
Inactive:          39092 kB
Active(anon):     285304 kB
Inactive(anon):     3296 kB
Active(file):      42600 kB
Inactive(file):    35796 kB
Unevictable:        2028 kB
Mlocked:            6176 kB
HighTotal:             0 kB
HighFree:              0 kB
LowTotal:         482068 kB
LowFree:           11124 kB
SwapTotal:             0 kB
SwapFree:              0 kB
Dirty:                 0 kB
Writeback:             0 kB
AnonPages:        286080 kB
Mapped:            84348 kB
Shmem:              3400 kB
Slab:              21452 kB
SReclaimable:       5052 kB
SUnreclaim:        16400 kB
KernelStack:        5752 kB
PageTables:         7360 kB
NFS_Unstable:          0 kB
Bounce:                0 kB
WritebackTmp:          0 kB
CommitLimit:      241032 kB
Committed_AS:    4011412 kB
VmallocTotal:     507904 kB
VmallocUsed:      130464 kB
VmallocChunk:     112576 kB
1557581782.000000
MemTotal:         482068 kB
MemFree:           17480 kB
Buffers:             572 kB
Cached:            82696 kB
SwapCached:            0 kB
Active:           321356 kB
Inactive:          39288 kB
Active(anon):     278756 kB
Inactive(anon):     3296 kB
Active(file):      42600 kB
Inactive(file):    35992 kB
Unevictable:        2028 kB
Mlocked:            6176 kB
HighTotal:             0 kB
HighFree:              0 kB
LowTotal:         482068 kB
LowFree:           17480 kB
SwapTotal:             0 kB
SwapFree:              0 kB
Dirty:                 0 kB
Writeback:             0 kB
AnonPages:        279384 kB
Mapped:            84336 kB
Shmem:              3400 kB
Slab:              21492 kB
SReclaimable:       5052 kB
SUnreclaim:        16440 kB
KernelStack:        5752 kB
PageTables:         7420 kB
NFS_Unstable:          0 kB
Bounce:                0 kB
WritebackTmp:          0 kB
CommitLimit:      241032 kB
Committed_AS:    4011204 kB
VmallocTotal:     507904 kB
VmallocUsed:      130464 kB
VmallocChunk:     112576 kB
1557581783.000000
MemTotal:         482068 kB
MemFree:           17324 kB
Buffers:             580 kB
Cached:            82716 kB
SwapCached:            0 kB
Active:           321492 kB
Inactive:          39336 kB
Active(anon):     278892 kB
Inactive(anon):     3296 kB
Active(file):      42600 kB
Inactive(file):    36040 kB
Unevictable:        2028 kB
Mlocked:            6176 kB
HighTotal:             0 kB
HighFree:              0 kB
LowTotal:         482068 kB
LowFree:           17324 kB
SwapTotal:             0 kB
SwapFree:              0 kB
Dirty:                 0 kB
Writeback:             0 kB
AnonPages:        279516 kB
Mapped:            84364 kB
Shmem:              3400 kB
Slab:              21504 kB
SReclaimable:       5052 kB
SUnreclaim:        16452 kB
KernelStack:        5744 kB
PageTables:         7420 kB
NFS_Unstable:          0 kB
Bounce:                0 kB
WritebackTmp:          0 kB
CommitLimit:      241032 kB
Committed_AS:    4011280 kB
VmallocTotal:     507904 kB
VmallocUsed:      130464 kB
VmallocChunk:     112576 kB
1557581784.000000
MemTotal:         482068 kB
MemFree:           16604 kB
Buffers:             580 kB
Cached:            82768 kB
SwapCached:            0 kB
Active:           322096 kB
Inactive:          39388 kB
Active(anon):     279496 kB
Inactive(anon):     3296 kB
Active(file):      42600 kB
Inactive(file):    36092 kB
Unevictable:        2028 kB
Mlocked:            6176 kB
HighTotal:             0 kB
HighFree:              0 kB
LowTotal:         482068 kB
LowFree:           16604 kB
SwapTotal:             0 kB
SwapFree:              0 kB
Dirty:                28 kB
Writeback:             0 kB
AnonPages:        280180 kB
Mapped:            84364 kB
Shmem:              3400 kB
Slab:              21516 kB
SReclaimable:       5052 kB
SUnreclaim:        16464 kB
KernelStack:        5752 kB
PageTables:         7360 kB
NFS_Unstable:          0 kB
Bounce:                0 kB
WritebackTmp:          0 kB
CommitLimit:      241032 kB
Committed_AS:    4011412 kB
VmallocTotal:     507904 kB
VmallocUsed:      130464 kB
VmallocChunk:     112576 kB
1557581784.000000
MemTotal:         482068 kB
MemFree:           15736 kB
Buffers:             580 kB
Cached:            82772 kB
SwapCached:            0 kB
Active:           322928 kB
Inactive:          39392 kB
Active(anon):     280328 kB
Inactive(anon):     3296 kB
Active(file):      42600 kB
Inactive(file):    36096 kB
Unevictable:        2028 kB
Mlocked:            6176 kB
HighTotal:             0 kB
HighFree:              0 kB
LowTotal:         482068 kB
LowFree:           15736 kB
SwapTotal:             0 kB
SwapFree:              0 kB
Dirty:                28 kB
Writeback:             0 kB
AnonPages:        281020 kB
Mapped:            84372 kB
Shmem:              3400 kB
Slab:              21552 kB
SReclaimable:       5052 kB
SUnreclaim:        16500 kB
KernelStack:        5744 kB
PageTables:         7332 kB
NFS_Unstable:          0 kB
Bounce:                0 kB
WritebackTmp:          0 kB
CommitLimit:      241032 kB
Committed_AS:    4011544 kB
VmallocTotal:     507904 kB
VmallocUsed:      130464 kB
VmallocChunk:     112576 kB
1557581785.000000
MemTotal:         482068 kB
MemFree:           16448 kB
Buffers:             568 kB
Cached:            81340 kB
SwapCached:            0 kB
Active:           323212 kB
Inactive:          38400 kB
Active(anon):     281108 kB
Inactive(anon):     3296 kB
Active(file):      42104 kB
Inactive(file):    35104 kB
Unevictable:        2028 kB
Mlocked:            6176 kB
HighTotal:             0 kB
HighFree:              0 kB
LowTotal:         482068 kB
LowFree:           16448 kB
SwapTotal:             0 kB
SwapFree:              0 kB
Dirty:                28 kB
Writeback:             0 kB
AnonPages:        281780 kB
Mapped:            83004 kB
Shmem:              3400 kB
Slab:              21500 kB
SReclaimable:       5052 kB
SUnreclaim:        16448 kB
KernelStack:        5744 kB
PageTables:         7408 kB
NFS_Unstable:          0 kB
Bounce:                0 kB
WritebackTmp:          0 kB
CommitLimit:      241032 kB
Committed_AS:    4011656 kB
VmallocTotal:     507904 kB
VmallocUsed:      130464 kB
VmallocChunk:     112576 kB
1557581786.000000
MemTotal:         482068 kB
MemFree:           17076 kB
Buffers:             564 kB
Cached:            80676 kB
SwapCached:            0 kB
Active:           322956 kB
Inactive:          37936 kB
Active(anon):     281036 kB
Inactive(anon):     3304 kB
Active(file):      41920 kB
Inactive(file):    34632 kB
Unevictable:        2028 kB
Mlocked:            6176 kB
HighTotal:             0 kB
HighFree:              0 kB
LowTotal:         482068 kB
LowFree:           17076 kB
SwapTotal:             0 kB
SwapFree:              0 kB
Dirty:                28 kB
Writeback:             0 kB
AnonPages:        281732 kB
Mapped:            82288 kB
Shmem:              3408 kB
Slab:              21488 kB
SReclaimable:       5052 kB
SUnreclaim:        16436 kB
KernelStack:        5744 kB
PageTables:         7420 kB
NFS_Unstable:          0 kB
Bounce:                0 kB
WritebackTmp:          0 kB
CommitLimit:      241032 kB
Committed_AS:    4011584 kB
VmallocTotal:     507904 kB
VmallocUsed:      130464 kB
VmallocChunk:     112576 kB
1557581787.000000
MemTotal:         482068 kB
MemFree:           17464 kB
Buffers:             520 kB
Cached:            80384 kB
SwapCached:            0 kB
Active:           323048 kB
Inactive:          37712 kB
Active(anon):     281240 kB
Inactive(anon):     3304 kB
Active(file):      41808 kB
Inactive(file):    34408 kB
Unevictable:        2028 kB
Mlocked:            6176 kB
HighTotal:             0 kB
HighFree:              0 kB
LowTotal:         482068 kB
LowFree:           17464 kB
SwapTotal:             0 kB
SwapFree:              0 kB
Dirty:                 0 kB
Writeback:             0 kB
AnonPages:        281932 kB
Mapped:            82204 kB
Shmem:              3408 kB
Slab:              21492 kB
SReclaimable:       5052 kB
SUnreclaim:        16440 kB
KernelStack:        5744 kB
PageTables:         7344 kB
NFS_Unstable:          0 kB
Bounce:                0 kB
WritebackTmp:          0 kB
CommitLimit:      241032 kB
Committed_AS:    4011724 kB
VmallocTotal:     507904 kB
VmallocUsed:      130464 kB
VmallocChunk:     112576 kB
1557581788.000000
MemTotal:         482068 kB
MemFree:           18060 kB
Buffers:             520 kB
Cached:            79656 kB
SwapCached:            0 kB
Active:           322932 kB
Inactive:          37172 kB
Active(anon):     281320 kB
Inactive(anon):     3304 kB
Active(file):      41612 kB
Inactive(file):    33868 kB
Unevictable:        2028 kB
Mlocked:            6176 kB
HighTotal:             0 kB
HighFree:              0 kB
LowTotal:         482068 kB
LowFree:           18060 kB
SwapTotal:             0 kB
SwapFree:              0 kB
Dirty:                 0 kB
Writeback:             0 kB
AnonPages:        281960 kB
Mapped:            82024 kB
Shmem:              3408 kB
Slab:              21516 kB
SReclaimable:       5052 kB
SUnreclaim:        16464 kB
KernelStack:        5760 kB
PageTables:         7368 kB
NFS_Unstable:          0 kB
Bounce:                0 kB
WritebackTmp:          0 kB
CommitLimit:      241032 kB
Committed_AS:    4011768 kB
VmallocTotal:     507904 kB
VmallocUsed:      130464 kB
VmallocChunk:     112576 kB
1557581788.000000
MemTotal:         482068 kB
MemFree:           18192 kB
Buffers:             508 kB
Cached:            78244 kB
SwapCached:            0 kB
Active:           323976 kB
Inactive:          35896 kB
Active(anon):     282460 kB
Inactive(anon):     3304 kB
Active(file):      41516 kB
Inactive(file):    32592 kB
Unevictable:        2028 kB
Mlocked:            6176 kB
HighTotal:             0 kB
HighFree:              0 kB
LowTotal:         482068 kB
LowFree:           18192 kB
SwapTotal:             0 kB
SwapFree:              0 kB
Dirty:                 0 kB
Writeback:             0 kB
AnonPages:        283168 kB
Mapped:            81688 kB
Shmem:              3408 kB
Slab:              21524 kB
SReclaimable:       5052 kB
SUnreclaim:        16472 kB
KernelStack:        5752 kB
PageTables:         7356 kB
NFS_Unstable:          0 kB
Bounce:                0 kB
WritebackTmp:          0 kB
CommitLimit:      241032 kB
Committed_AS:    4011836 kB
VmallocTotal:     507904 kB
VmallocUsed:      130464 kB
VmallocChunk:     112576 kB
1557581789.000000
MemTotal:         482068 kB
MemFree:           18068 kB
Buffers:             504 kB
Cached:            77944 kB
SwapCached:            0 kB
Active:           324300 kB
Inactive:          35588 kB
Active(anon):     282824 kB
Inactive(anon):     3304 kB
Active(file):      41476 kB
Inactive(file):    32284 kB
Unevictable:        2028 kB
Mlocked:            6176 kB
HighTotal:             0 kB
HighFree:              0 kB
LowTotal:         482068 kB
LowFree:           18068 kB
SwapTotal:             0 kB
SwapFree:              0 kB
Dirty:                 0 kB
Writeback:             0 kB
AnonPages:        283472 kB
Mapped:            81612 kB
Shmem:              3408 kB
Slab:              21472 kB
SReclaimable:       5052 kB
SUnreclaim:        16420 kB
KernelStack:        5752 kB
PageTables:         7356 kB
NFS_Unstable:          0 kB
Bounce:                0 kB
WritebackTmp:          0 kB
CommitLimit:      241032 kB
Committed_AS:    4011748 kB
VmallocTotal:     507904 kB
VmallocUsed:      130464 kB
VmallocChunk:     112576 kB
1557581790.000000
MemTotal:         482068 kB
MemFree:           18184 kB
Buffers:             504 kB
Cached:            77972 kB
SwapCached:            0 kB
Active:           324328 kB
Inactive:          35624 kB
Active(anon):     282844 kB
Inactive(anon):     3296 kB
Active(file):      41484 kB
Inactive(file):    32328 kB
Unevictable:        2028 kB
Mlocked:            6176 kB
HighTotal:             0 kB
HighFree:              0 kB
LowTotal:         482068 kB
LowFree:           18184 kB
SwapTotal:             0 kB
SwapFree:              0 kB
Dirty:                 0 kB
Writeback:             0 kB
AnonPages:        283556 kB
Mapped:            81656 kB
Shmem:              3408 kB
Slab:              21548 kB
SReclaimable:       5052 kB
SUnreclaim:        16496 kB
KernelStack:        5752 kB
PageTables:         7420 kB
NFS_Unstable:          0 kB
Bounce:                0 kB
WritebackTmp:          0 kB
CommitLimit:      241032 kB
Committed_AS:    4011896 kB
VmallocTotal:     507904 kB
VmallocUsed:      130464 kB
VmallocChunk:     112576 kB
1557581791.000000
MemTotal:         482068 kB
MemFree:           18068 kB
Buffers:             504 kB
Cached:            78000 kB
SwapCached:            0 kB
Active:           324324 kB
Inactive:          35652 kB
Active(anon):     282840 kB
Inactive(anon):     3296 kB
Active(file):      41484 kB
Inactive(file):    32356 kB
Unevictable:        2028 kB
Mlocked:            6176 kB
HighTotal:             0 kB
HighFree:              0 kB
LowTotal:         482068 kB
LowFree:           18068 kB
SwapTotal:             0 kB
SwapFree:              0 kB
Dirty:                 0 kB
Writeback:             0 kB
AnonPages:        283608 kB
Mapped:            81592 kB
Shmem:              3408 kB
Slab:              21488 kB
SReclaimable:       5052 kB
SUnreclaim:        16436 kB
KernelStack:        5736 kB
PageTables:         7344 kB
NFS_Unstable:          0 kB
Bounce:                0 kB
WritebackTmp:          0 kB
CommitLimit:      241032 kB
Committed_AS:    4011956 kB
VmallocTotal:     507904 kB
VmallocUsed:      130464 kB
VmallocChunk:     112576 kB
1557581792.000000
MemTotal:         482068 kB
MemFree:           18448 kB
Buffers:             500 kB
Cached:            77504 kB
SwapCached:            0 kB
Active:           324400 kB
Inactive:          35192 kB
Active(anon):     282956 kB
Inactive(anon):     3296 kB
Active(file):      41444 kB
Inactive(file):    31896 kB
Unevictable:        2028 kB
Mlocked:            6176 kB
HighTotal:             0 kB
HighFree:              0 kB
LowTotal:         482068 kB
LowFree:           18448 kB
SwapTotal:             0 kB
SwapFree:              0 kB
Dirty:                 0 kB
Writeback:             0 kB
AnonPages:        283608 kB
Mapped:            81600 kB
Shmem:              3408 kB
Slab:              21508 kB
SReclaimable:       5052 kB
SUnreclaim:        16456 kB
KernelStack:        5744 kB
PageTables:         7352 kB
NFS_Unstable:          0 kB
Bounce:                0 kB
WritebackTmp:          0 kB
CommitLimit:      241032 kB
Committed_AS:    4011868 kB
VmallocTotal:     507904 kB
VmallocUsed:      130464 kB
VmallocChunk:     112576 kB
1557581792.000000
MemTotal:         482068 kB
MemFree:           16588 kB
Buffers:             524 kB
Cached:            77720 kB
SwapCached:            0 kB
Active:           326108 kB
Inactive:          35468 kB
Active(anon):     284672 kB
Inactive(anon):     3296 kB
Active(file):      41436 kB
Inactive(file):    32172 kB
Unevictable:        2028 kB
Mlocked:            6176 kB
HighTotal:             0 kB
HighFree:              0 kB
LowTotal:         482068 kB
LowFree:           16588 kB
SwapTotal:             0 kB
SwapFree:              0 kB
Dirty:                32 kB
Writeback:             0 kB
AnonPages:        285388 kB
Mapped:            81692 kB
Shmem:              3408 kB
Slab:              21500 kB
SReclaimable:       5052 kB
SUnreclaim:        16448 kB
KernelStack:        5744 kB
PageTables:         7356 kB
NFS_Unstable:          0 kB
Bounce:                0 kB
WritebackTmp:          0 kB
CommitLimit:      241032 kB
Committed_AS:    4011976 kB
VmallocTotal:     507904 kB
VmallocUsed:      130464 kB
VmallocChunk:     112576 kB
1557581793.000000
MemTotal:         482068 kB
MemFree:           16976 kB
Buffers:             524 kB
Cached:            77520 kB
SwapCached:            0 kB
Active:           326064 kB
Inactive:          35264 kB
Active(anon):     284652 kB
Inactive(anon):     3296 kB
Active(file):      41412 kB
Inactive(file):    31968 kB
Unevictable:        2028 kB
Mlocked:            6176 kB
HighTotal:             0 kB
HighFree:              0 kB
LowTotal:         482068 kB
LowFree:           16976 kB
SwapTotal:             0 kB
SwapFree:              0 kB
Dirty:                32 kB
Writeback:             0 kB
AnonPages:        285336 kB
Mapped:            81680 kB
Shmem:              3408 kB
Slab:              21496 kB
SReclaimable:       5052 kB
SUnreclaim:        16444 kB
KernelStack:        5744 kB
PageTables:         7344 kB
NFS_Unstable:          0 kB
Bounce:                0 kB
WritebackTmp:          0 kB
CommitLimit:      241032 kB
Committed_AS:    4011984 kB
VmallocTotal:     507904 kB
VmallocUsed:      130464 kB
VmallocChunk:     112576 kB
1557581794.000000
MemTotal:         482068 kB
MemFree:           16736 kB
Buffers:             524 kB
Cached:            77444 kB
SwapCached:            0 kB
Active:           326368 kB
Inactive:          35168 kB
Active(anon):     284964 kB
Inactive(anon):     3296 kB
Active(file):      41404 kB
Inactive(file):    31872 kB
Unevictable:        2028 kB
Mlocked:            6176 kB
HighTotal:             0 kB
HighFree:              0 kB
LowTotal:         482068 kB
LowFree:           16736 kB
SwapTotal:             0 kB
SwapFree:              0 kB
Dirty:                32 kB
Writeback:             0 kB
AnonPages:        285640 kB
Mapped:            81604 kB
Shmem:              3408 kB
Slab:              21496 kB
SReclaimable:       5052 kB
SUnreclaim:        16444 kB
KernelStack:        5744 kB
PageTables:         7344 kB
NFS_Unstable:          0 kB
Bounce:                0 kB
WritebackTmp:          0 kB
CommitLimit:      241032 kB
Committed_AS:    4011896 kB
VmallocTotal:     507904 kB
VmallocUsed:      130464 kB
VmallocChunk:     112576 kB
1557581795.000000
MemTotal:         482068 kB
MemFree:           16992 kB
Buffers:             524 kB
Cached:            76956 kB
SwapCached:            0 kB
Active:           326372 kB
Inactive:          34768 kB
Active(anon):     285040 kB
Inactive(anon):     3296 kB
Active(file):      41332 kB
Inactive(file):    31472 kB
Unevictable:        2028 kB
Mlocked:            6176 kB
HighTotal:             0 kB
HighFree:              0 kB
LowTotal:         482068 kB
LowFree:           16992 kB
SwapTotal:             0 kB
SwapFree:              0 kB
Dirty:                32 kB
Writeback:             0 kB
AnonPages:        285752 kB
Mapped:            81588 kB
Shmem:              3408 kB
Slab:              21492 kB
SReclaimable:       5052 kB
SUnreclaim:        16440 kB
KernelStack:        5736 kB
PageTables:         7420 kB
NFS_Unstable:          0 kB
Bounce:                0 kB
WritebackTmp:          0 kB
CommitLimit:      241032 kB
Committed_AS:    4011992 kB
VmallocTotal:     507904 kB
VmallocUsed:      130464 kB
VmallocChunk:     112576 kB
1557581796.000000
MemTotal:         482068 kB
MemFree:           16968 kB
Buffers:             524 kB
Cached:            76840 kB
SwapCached:            0 kB
Active:           326344 kB
Inactive:          34744 kB
Active(anon):     285092 kB
Inactive(anon):     3296 kB
Active(file):      41252 kB
Inactive(file):    31448 kB
Unevictable:        2028 kB
Mlocked:            6176 kB
HighTotal:             0 kB
HighFree:              0 kB
LowTotal:         482068 kB
LowFree:           16968 kB
SwapTotal:             0 kB
SwapFree:              0 kB
Dirty:                 0 kB
Writeback:             0 kB
AnonPages:        285800 kB
Mapped:            81564 kB
Shmem:              3408 kB
Slab:              21492 kB
SReclaimable:       5052 kB
SUnreclaim:        16440 kB
KernelStack:        5728 kB
PageTables:         7344 kB
NFS_Unstable:          0 kB
Bounce:                0 kB
WritebackTmp:          0 kB
CommitLimit:      241032 kB
Committed_AS:    4011872 kB
VmallocTotal:     507904 kB
VmallocUsed:      130464 kB
VmallocChunk:     112576 kB
1557581797.000000
MemTotal:         482068 kB
MemFree:           16472 kB
Buffers:             524 kB
Cached:            76628 kB
SwapCached:            0 kB
Active:           326872 kB
Inactive:          34812 kB
Active(anon):     285900 kB
Inactive(anon):     3296 kB
Active(file):      40972 kB
Inactive(file):    31516 kB
Unevictable:        2028 kB
Mlocked:            6176 kB
HighTotal:             0 kB
HighFree:              0 kB
LowTotal:         482068 kB
LowFree:           16472 kB
SwapTotal:             0 kB
SwapFree:              0 kB
Dirty:                 0 kB
Writeback:             0 kB
AnonPages:        286560 kB
Mapped:            81572 kB
Shmem:              3408 kB
Slab:              21516 kB
SReclaimable:       5052 kB
SUnreclaim:        16464 kB
KernelStack:        5744 kB
PageTables:         7356 kB
NFS_Unstable:          0 kB
Bounce:                0 kB
WritebackTmp:          0 kB
CommitLimit:      241032 kB
Committed_AS:    4012000 kB
VmallocTotal:     507904 kB
VmallocUsed:      130464 kB
VmallocChunk:     112576 kB
1557581797.000000
MemTotal:         482068 kB
MemFree:           16216 kB
Buffers:             532 kB
Cached:            76708 kB
SwapCached:            0 kB
Active:           327088 kB
Inactive:          34924 kB
Active(anon):     286148 kB
Inactive(anon):     3296 kB
Active(file):      40940 kB
Inactive(file):    31628 kB
Unevictable:        2028 kB
Mlocked:            6176 kB
HighTotal:             0 kB
HighFree:              0 kB
LowTotal:         482068 kB
LowFree:           16216 kB
SwapTotal:             0 kB
SwapFree:              0 kB
Dirty:                 0 kB
Writeback:             0 kB
AnonPages:        286856 kB
Mapped:            81608 kB
Shmem:              3408 kB
Slab:              21500 kB
SReclaimable:       5052 kB
SUnreclaim:        16448 kB
KernelStack:        5736 kB
PageTables:         7344 kB
NFS_Unstable:          0 kB
Bounce:                0 kB
WritebackTmp:          0 kB
CommitLimit:      241032 kB
Committed_AS:    4012004 kB
VmallocTotal:     507904 kB
VmallocUsed:      130464 kB
VmallocChunk:     112576 kB
1557581798.000000
MemTotal:         482068 kB
MemFree:           16216 kB
Buffers:             532 kB
Cached:            76480 kB
SwapCached:            0 kB
Active:           326856 kB
Inactive:          34912 kB
Active(anon):     286148 kB
Inactive(anon):     3296 kB
Active(file):      40708 kB
Inactive(file):    31616 kB
Unevictable:        2028 kB
Mlocked:            6176 kB
HighTotal:             0 kB
HighFree:              0 kB
LowTotal:         482068 kB
LowFree:           16216 kB
SwapTotal:             0 kB
SwapFree:              0 kB
Dirty:                 0 kB
Writeback:             0 kB
AnonPages:        286856 kB
Mapped:            81532 kB
Shmem:              3408 kB
Slab:              21500 kB
SReclaimable:       5052 kB
SUnreclaim:        16448 kB
KernelStack:        5736 kB
PageTables:         7344 kB
NFS_Unstable:          0 kB
Bounce:                0 kB
WritebackTmp:          0 kB
CommitLimit:      241032 kB
Committed_AS:    4011904 kB
VmallocTotal:     507904 kB
VmallocUsed:      130464 kB
VmallocChunk:     112576 kB
1557581799.000000
MemTotal:         482068 kB
MemFree:           16200 kB
Buffers:             532 kB
Cached:            76208 kB
SwapCached:            0 kB
Active:           327096 kB
Inactive:          34820 kB
Active(anon):     286616 kB
Inactive(anon):     3296 kB
Active(file):      40480 kB
Inactive(file):    31524 kB
Unevictable:        2028 kB
Mlocked:            6176 kB
HighTotal:             0 kB
HighFree:              0 kB
LowTotal:         482068 kB
LowFree:           16200 kB
SwapTotal:             0 kB
SwapFree:              0 kB
Dirty:                28 kB
Writeback:             0 kB
AnonPages:        287288 kB
Mapped:            81588 kB
Shmem:              3408 kB
Slab:              21500 kB
SReclaimable:       5052 kB
SUnreclaim:        16448 kB
KernelStack:        5736 kB
PageTables:         7344 kB
NFS_Unstable:          0 kB
Bounce:                0 kB
WritebackTmp:          0 kB
CommitLimit:      241032 kB
Committed_AS:    4012044 kB
VmallocTotal:     507904 kB
VmallocUsed:      130464 kB
VmallocChunk:     112576 kB
1557581800.000000
MemTotal:         482068 kB
MemFree:           15480 kB
Buffers:             532 kB
Cached:            76888 kB
SwapCached:            0 kB
Active:           326536 kB
Inactive:          36040 kB
Active(anon):     286640 kB
Inactive(anon):     3296 kB
Active(file):      39896 kB
Inactive(file):    32744 kB
Unevictable:        2028 kB
Mlocked:            6176 kB
HighTotal:             0 kB
HighFree:              0 kB
LowTotal:         482068 kB
LowFree:           15480 kB
SwapTotal:             0 kB
SwapFree:              0 kB
Dirty:                28 kB
Writeback:             0 kB
AnonPages:        287348 kB
Mapped:            81700 kB
Shmem:              3408 kB
Slab:              21508 kB
SReclaimable:       5052 kB
SUnreclaim:        16456 kB
KernelStack:        5728 kB
PageTables:         7420 kB
NFS_Unstable:          0 kB
Bounce:                0 kB
WritebackTmp:          0 kB
CommitLimit:      241032 kB
Committed_AS:    4012068 kB
VmallocTotal:     507904 kB
VmallocUsed:      130464 kB
VmallocChunk:     112576 kB
1557581801.000000
MemTotal:         482068 kB
MemFree:           15744 kB
Buffers:             532 kB
Cached:            76108 kB
SwapCached:            0 kB
Active:           326168 kB
Inactive:          36152 kB
Active(anon):     287076 kB
Inactive(anon):     3296 kB
Active(file):      39092 kB
Inactive(file):    32856 kB
Unevictable:        2028 kB
Mlocked:            6176 kB
HighTotal:             0 kB
HighFree:              0 kB
LowTotal:         482068 kB
LowFree:           15744 kB
SwapTotal:             0 kB
SwapFree:              0 kB
Dirty:                 0 kB
Writeback:            28 kB
AnonPages:        287784 kB
Mapped:            81512 kB
Shmem:              3408 kB
Slab:              21480 kB
SReclaimable:       5052 kB
SUnreclaim:        16428 kB
KernelStack:        5736 kB
PageTables:         7344 kB
NFS_Unstable:          0 kB
Bounce:                0 kB
WritebackTmp:          0 kB
CommitLimit:      241032 kB
Committed_AS:    4012856 kB
VmallocTotal:     507904 kB
VmallocUsed:      130464 kB
VmallocChunk:     112576 kB
1557581801.000000
MemTotal:         482068 kB
MemFree:           15472 kB
Buffers:             532 kB
Cached:            75796 kB
SwapCached:            0 kB
Active:           326416 kB
Inactive:          36216 kB
Active(anon):     287672 kB
Inactive(anon):     3296 kB
Active(file):      38744 kB
Inactive(file):    32920 kB
Unevictable:        2028 kB
Mlocked:            6176 kB
HighTotal:             0 kB
HighFree:              0 kB
LowTotal:         482068 kB
LowFree:           15472 kB
SwapTotal:             0 kB
SwapFree:              0 kB
Dirty:                 0 kB
Writeback:             0 kB
AnonPages:        288380 kB
Mapped:            81460 kB
Shmem:              3408 kB
Slab:              21516 kB
SReclaimable:       5052 kB
SUnreclaim:        16464 kB
KernelStack:        5744 kB
PageTables:         7368 kB
NFS_Unstable:          0 kB
Bounce:                0 kB
WritebackTmp:          0 kB
CommitLimit:      241032 kB
Committed_AS:    4012876 kB
VmallocTotal:     507904 kB
VmallocUsed:      130464 kB
VmallocChunk:     112576 kB
1557581802.000000
MemTotal:         482068 kB
MemFree:           15628 kB
Buffers:             532 kB
Cached:            75796 kB
SwapCached:            0 kB
Active:           326208 kB
Inactive:          36404 kB
Active(anon):     287724 kB
Inactive(anon):     3296 kB
Active(file):      38484 kB
Inactive(file):    33108 kB
Unevictable:        2028 kB
Mlocked:            6176 kB
HighTotal:             0 kB
HighFree:              0 kB
LowTotal:         482068 kB
LowFree:           15628 kB
SwapTotal:             0 kB
SwapFree:              0 kB
Dirty:                 0 kB
Writeback:             0 kB
AnonPages:        288456 kB
Mapped:            81384 kB
Shmem:              3408 kB
Slab:              21516 kB
SReclaimable:       5052 kB
SUnreclaim:        16464 kB
KernelStack:        5744 kB
PageTables:         7368 kB
NFS_Unstable:          0 kB
Bounce:                0 kB
WritebackTmp:          0 kB
CommitLimit:      241032 kB
Committed_AS:    4012820 kB
VmallocTotal:     507904 kB
VmallocUsed:      130464 kB
VmallocChunk:     112576 kB
1557581803.000000
MemTotal:         482068 kB
MemFree:           15728 kB
Buffers:             532 kB
Cached:            75444 kB
SwapCached:            0 kB
Active:           325684 kB
Inactive:          36628 kB
Active(anon):     287752 kB
Inactive(anon):     3296 kB
Active(file):      37932 kB
Inactive(file):    33332 kB
Unevictable:        2028 kB
Mlocked:            6176 kB
HighTotal:             0 kB
HighFree:              0 kB
LowTotal:         482068 kB
LowFree:           15728 kB
SwapTotal:             0 kB
SwapFree:              0 kB
Dirty:                 0 kB
Writeback:             0 kB
AnonPages:        288460 kB
Mapped:            81296 kB
Shmem:              3408 kB
Slab:              21508 kB
SReclaimable:       5052 kB
SUnreclaim:        16456 kB
KernelStack:        5720 kB
PageTables:         7344 kB
NFS_Unstable:          0 kB
Bounce:                0 kB
WritebackTmp:          0 kB
CommitLimit:      241032 kB
Committed_AS:    4012828 kB
VmallocTotal:     507904 kB
VmallocUsed:      130464 kB
VmallocChunk:     112576 kB
1557581804.000000
MemTotal:         482068 kB
MemFree:           16100 kB
Buffers:             532 kB
Cached:            75044 kB
SwapCached:            0 kB
Active:           325292 kB
Inactive:          36704 kB
Active(anon):     287776 kB
Inactive(anon):     3296 kB
Active(file):      37516 kB
Inactive(file):    33408 kB
Unevictable:        2028 kB
Mlocked:            6176 kB
HighTotal:             0 kB
HighFree:              0 kB
LowTotal:         482068 kB
LowFree:           16100 kB
SwapTotal:             0 kB
SwapFree:              0 kB
Dirty:                 0 kB
Writeback:             0 kB
AnonPages:        288488 kB
Mapped:            81368 kB
Shmem:              3408 kB
Slab:              21512 kB
SReclaimable:       5052 kB
SUnreclaim:        16460 kB
KernelStack:        5720 kB
PageTables:         7344 kB
NFS_Unstable:          0 kB
Bounce:                0 kB
WritebackTmp:          0 kB
CommitLimit:      241032 kB
Committed_AS:    4012948 kB
VmallocTotal:     507904 kB
VmallocUsed:      130464 kB
VmallocChunk:     112576 kB
1557581804.000000
MemTotal:         482068 kB
MemFree:           16108 kB
Buffers:             548 kB
Cached:            74400 kB
SwapCached:            0 kB
Active:           325084 kB
Inactive:          36856 kB
Active(anon):     288360 kB
Inactive(anon):     3296 kB
Active(file):      36724 kB
Inactive(file):    33560 kB
Unevictable:        2028 kB
Mlocked:            6176 kB
HighTotal:             0 kB
HighFree:              0 kB
LowTotal:         482068 kB
LowFree:           16108 kB
SwapTotal:             0 kB
SwapFree:              0 kB
Dirty:                 0 kB
Writeback:             0 kB
AnonPages:        289072 kB
Mapped:            81300 kB
Shmem:              3408 kB
Slab:              21572 kB
SReclaimable:       5052 kB
SUnreclaim:        16520 kB
KernelStack:        5736 kB
PageTables:         7360 kB
NFS_Unstable:          0 kB
Bounce:                0 kB
WritebackTmp:          0 kB
CommitLimit:      241032 kB
Committed_AS:    4012896 kB
VmallocTotal:     507904 kB
VmallocUsed:      130464 kB
VmallocChunk:     112576 kB
1557581805.000000
MemTotal:         482068 kB
MemFree:           15256 kB
Buffers:             556 kB
Cached:            74676 kB
SwapCached:            0 kB
Active:           325620 kB
Inactive:          37136 kB
Active(anon):     288892 kB
Inactive(anon):     3296 kB
Active(file):      36728 kB
Inactive(file):    33840 kB
Unevictable:        2028 kB
Mlocked:            6176 kB
HighTotal:             0 kB
HighFree:              0 kB
LowTotal:         482068 kB
LowFree:           15256 kB
SwapTotal:             0 kB
SwapFree:              0 kB
Dirty:                32 kB
Writeback:             0 kB
AnonPages:        289604 kB
Mapped:            81288 kB
Shmem:              3408 kB
Slab:              21552 kB
SReclaimable:       5052 kB
SUnreclaim:        16500 kB
KernelStack:        5728 kB
PageTables:         7356 kB
NFS_Unstable:          0 kB
Bounce:                0 kB
WritebackTmp:          0 kB
CommitLimit:      241032 kB
Committed_AS:    4015192 kB
VmallocTotal:     507904 kB
VmallocUsed:      130464 kB
VmallocChunk:     112576 kB
1557581806.000000
MemTotal:         482068 kB
MemFree:           15588 kB
Buffers:             556 kB
Cached:            74448 kB
SwapCached:            0 kB
Active:           325396 kB
Inactive:          37148 kB
Active(anon):     288944 kB
Inactive(anon):     3296 kB
Active(file):      36452 kB
Inactive(file):    33852 kB
Unevictable:        2028 kB
Mlocked:            6176 kB
HighTotal:             0 kB
HighFree:              0 kB
LowTotal:         482068 kB
LowFree:           15588 kB
SwapTotal:             0 kB
SwapFree:              0 kB
Dirty:                32 kB
Writeback:             0 kB
AnonPages:        289604 kB
Mapped:            81212 kB
Shmem:              3408 kB
Slab:              21552 kB
SReclaimable:       5052 kB
SUnreclaim:        16500 kB
KernelStack:        5728 kB
PageTables:         7356 kB
NFS_Unstable:          0 kB
Bounce:                0 kB
WritebackTmp:          0 kB
CommitLimit:      241032 kB
Committed_AS:    4015024 kB
VmallocTotal:     507904 kB
VmallocUsed:      130464 kB
VmallocChunk:     112576 kB
1557581807.000000
MemTotal:         482068 kB
MemFree:           15836 kB
Buffers:             668 kB
Cached:            73904 kB
SwapCached:            0 kB
Active:           324956 kB
Inactive:          37276 kB
Active(anon):     289056 kB
Inactive(anon):     3296 kB
Active(file):      35900 kB
Inactive(file):    33980 kB
Unevictable:        2028 kB
Mlocked:            6176 kB
HighTotal:             0 kB
HighFree:              0 kB
LowTotal:         482068 kB
LowFree:           15836 kB
SwapTotal:             0 kB
SwapFree:              0 kB
Dirty:                32 kB
Writeback:             0 kB
AnonPages:        289660 kB
Mapped:            81216 kB
Shmem:              3408 kB
Slab:              21540 kB
SReclaimable:       5052 kB
SUnreclaim:        16488 kB
KernelStack:        5728 kB
PageTables:         7420 kB
NFS_Unstable:          0 kB
Bounce:                0 kB
WritebackTmp:          0 kB
CommitLimit:      241032 kB
Committed_AS:    4015148 kB
VmallocTotal:     507904 kB
VmallocUsed:      130464 kB
VmallocChunk:     112576 kB
1557581808.000000
MemTotal:         482068 kB
MemFree:           16108 kB
Buffers:             668 kB
Cached:            73460 kB
SwapCached:            0 kB
Active:           324600 kB
Inactive:          37332 kB
Active(anon):     289216 kB
Inactive(anon):     3292 kB
Active(file):      35384 kB
Inactive(file):    34040 kB
Unevictable:        2028 kB
Mlocked:            6176 kB
HighTotal:             0 kB
HighFree:              0 kB
LowTotal:         482068 kB
LowFree:           16108 kB
SwapTotal:             0 kB
SwapFree:              0 kB
Dirty:                32 kB
Writeback:             0 kB
AnonPages:        289940 kB
Mapped:            81220 kB
Shmem:              3408 kB
Slab:              21556 kB
SReclaimable:       5052 kB
SUnreclaim:        16504 kB
KernelStack:        5720 kB
PageTables:         7420 kB
NFS_Unstable:          0 kB
Bounce:                0 kB
WritebackTmp:          0 kB
CommitLimit:      241032 kB
Committed_AS:    4015168 kB
VmallocTotal:     507904 kB
VmallocUsed:      130464 kB
VmallocChunk:     112576 kB
1557581809.000000
MemTotal:         482068 kB
MemFree:           15836 kB
Buffers:             664 kB
Cached:            72264 kB
SwapCached:            0 kB
Active:           324800 kB
Inactive:          37476 kB
Active(anon):     290712 kB
Inactive(anon):     3292 kB
Active(file):      34088 kB
Inactive(file):    34184 kB
Unevictable:        2028 kB
Mlocked:            6176 kB
HighTotal:             0 kB
HighFree:              0 kB
LowTotal:         482068 kB
LowFree:           15836 kB
SwapTotal:             0 kB
SwapFree:              0 kB
Dirty:                 0 kB
Writeback:             0 kB
AnonPages:        291448 kB
Mapped:            81056 kB
Shmem:              3408 kB
Slab:              21512 kB
SReclaimable:       5052 kB
SUnreclaim:        16460 kB
KernelStack:        5728 kB
PageTables:         7424 kB
NFS_Unstable:          0 kB
Bounce:                0 kB
WritebackTmp:          0 kB
CommitLimit:      241032 kB
Committed_AS:    4015236 kB
VmallocTotal:     507904 kB
VmallocUsed:      130464 kB
VmallocChunk:     112576 kB
1557581809.000000
MemTotal:         482068 kB
MemFree:           16324 kB
Buffers:             664 kB
Cached:            71692 kB
SwapCached:            0 kB
Active:           324588 kB
Inactive:          37196 kB
Active(anon):     290800 kB
Inactive(anon):     3296 kB
Active(file):      33788 kB
Inactive(file):    33900 kB
Unevictable:        2028 kB
Mlocked:            6176 kB
HighTotal:             0 kB
HighFree:              0 kB
LowTotal:         482068 kB
LowFree:           16324 kB
SwapTotal:             0 kB
SwapFree:              0 kB
Dirty:                 0 kB
Writeback:             0 kB
AnonPages:        291496 kB
Mapped:            80952 kB
Shmem:              3412 kB
Slab:              21540 kB
SReclaimable:       5052 kB
SUnreclaim:        16488 kB
KernelStack:        5736 kB
PageTables:         7360 kB
NFS_Unstable:          0 kB
Bounce:                0 kB
WritebackTmp:          0 kB
CommitLimit:      241032 kB
Committed_AS:    4015100 kB
VmallocTotal:     507904 kB
VmallocUsed:      130464 kB
VmallocChunk:     112576 kB
1557581810.000000
MemTotal:         482068 kB
MemFree:           16588 kB
Buffers:             664 kB
Cached:            71464 kB
SwapCached:            0 kB
Active:           324532 kB
Inactive:          37080 kB
Active(anon):     290800 kB
Inactive(anon):     3296 kB
Active(file):      33732 kB
Inactive(file):    33784 kB
Unevictable:        2028 kB
Mlocked:            6176 kB
HighTotal:             0 kB
HighFree:              0 kB
LowTotal:         482068 kB
LowFree:           16588 kB
SwapTotal:             0 kB
SwapFree:              0 kB
Dirty:                 0 kB
Writeback:             0 kB
AnonPages:        291496 kB
Mapped:            80876 kB
Shmem:              3412 kB
Slab:              21540 kB
SReclaimable:       5052 kB
SUnreclaim:        16488 kB
KernelStack:        5736 kB
PageTables:         7360 kB
NFS_Unstable:          0 kB
Bounce:                0 kB
WritebackTmp:          0 kB
CommitLimit:      241032 kB
Committed_AS:    4015244 kB
VmallocTotal:     507904 kB
VmallocUsed:      130464 kB
VmallocChunk:     112576 kB
1557581811.000000
MemTotal:         482068 kB
MemFree:           16380 kB
Buffers:             672 kB
Cached:            71480 kB
SwapCached:            0 kB
Active:           324628 kB
Inactive:          37052 kB
Active(anon):     290908 kB
Inactive(anon):     3296 kB
Active(file):      33720 kB
Inactive(file):    33756 kB
Unevictable:        2028 kB
Mlocked:            6176 kB
HighTotal:             0 kB
HighFree:              0 kB
LowTotal:         482068 kB
LowFree:           16380 kB
SwapTotal:             0 kB
SwapFree:              0 kB
Dirty:                28 kB
Writeback:             0 kB
AnonPages:        291636 kB
Mapped:            80852 kB
Shmem:              3412 kB
Slab:              21524 kB
SReclaimable:       5052 kB
SUnreclaim:        16472 kB
KernelStack:        5720 kB
PageTables:         7348 kB
NFS_Unstable:          0 kB
Bounce:                0 kB
WritebackTmp:          0 kB
CommitLimit:      241032 kB
Committed_AS:    4015268 kB
VmallocTotal:     507904 kB
VmallocUsed:      130464 kB
VmallocChunk:     112576 kB
1557581812.000000
MemTotal:         482068 kB
MemFree:           15604 kB
Buffers:             672 kB
Cached:            71492 kB
SwapCached:            0 kB
Active:           325280 kB
Inactive:          37204 kB
Active(anon):     291676 kB
Inactive(anon):     3300 kB
Active(file):      33604 kB
Inactive(file):    33904 kB
Unevictable:        2028 kB
Mlocked:            6176 kB
HighTotal:             0 kB
HighFree:              0 kB
LowTotal:         482068 kB
LowFree:           15604 kB
SwapTotal:             0 kB
SwapFree:              0 kB
Dirty:                28 kB
Writeback:             0 kB
AnonPages:        292308 kB
Mapped:            80864 kB
Shmem:              3420 kB
Slab:              21528 kB
SReclaimable:       5052 kB
SUnreclaim:        16476 kB
KernelStack:        5720 kB
PageTables:         7348 kB
NFS_Unstable:          0 kB
Bounce:                0 kB
WritebackTmp:          0 kB
CommitLimit:      241032 kB
Committed_AS:    4015168 kB
VmallocTotal:     507904 kB
VmallocUsed:      130464 kB
VmallocChunk:     112576 kB
1557581813.000000
MemTotal:         482068 kB
MemFree:           15720 kB
Buffers:             672 kB
Cached:            71028 kB
SwapCached:            0 kB
Active:           325564 kB
Inactive:          36888 kB
Active(anon):     292164 kB
Inactive(anon):     3296 kB
Active(file):      33400 kB
Inactive(file):    33592 kB
Unevictable:        2028 kB
Mlocked:            6176 kB
HighTotal:             0 kB
HighFree:              0 kB
LowTotal:         482068 kB
LowFree:           15720 kB
SwapTotal:             0 kB
SwapFree:              0 kB
Dirty:                28 kB
Writeback:             0 kB
AnonPages:        292812 kB
Mapped:            80844 kB
Shmem:              3420 kB
Slab:              21516 kB
SReclaimable:       5052 kB
SUnreclaim:        16464 kB
KernelStack:        5720 kB
PageTables:         7348 kB
NFS_Unstable:          0 kB
Bounce:                0 kB
WritebackTmp:          0 kB
CommitLimit:      241032 kB
Committed_AS:    4015168 kB
VmallocTotal:     507904 kB
VmallocUsed:      130464 kB
VmallocChunk:     112576 kB
1557581814.000000
MemTotal:         482068 kB
MemFree:           15364 kB
Buffers:             672 kB
Cached:            71012 kB
SwapCached:            0 kB
Active:           325800 kB
Inactive:          36904 kB
Active(anon):     292400 kB
Inactive(anon):     3296 kB
Active(file):      33400 kB
Inactive(file):    33608 kB
Unevictable:        2028 kB
Mlocked:            6176 kB
HighTotal:             0 kB
HighFree:              0 kB
LowTotal:         482068 kB
LowFree:           15364 kB
SwapTotal:             0 kB
SwapFree:              0 kB
Dirty:                28 kB
Writeback:             0 kB
AnonPages:        293116 kB
Mapped:            80856 kB
Shmem:              3420 kB
Slab:              21524 kB
SReclaimable:       5052 kB
SUnreclaim:        16472 kB
KernelStack:        5728 kB
PageTables:         7348 kB
NFS_Unstable:          0 kB
Bounce:                0 kB
WritebackTmp:          0 kB
CommitLimit:      241032 kB
Committed_AS:    4015292 kB
VmallocTotal:     507904 kB
VmallocUsed:      130464 kB
VmallocChunk:     112576 kB
1557581814.000000
MemTotal:         482068 kB
MemFree:           15572 kB
Buffers:             672 kB
Cached:            70776 kB
SwapCached:            0 kB
Active:           325728 kB
Inactive:          36792 kB
Active(anon):     292452 kB
Inactive(anon):     3296 kB
Active(file):      33276 kB
Inactive(file):    33496 kB
Unevictable:        2028 kB
Mlocked:            6176 kB
HighTotal:             0 kB
HighFree:              0 kB
LowTotal:         482068 kB
LowFree:           15572 kB
SwapTotal:             0 kB
SwapFree:              0 kB
Dirty:                 0 kB
Writeback:             0 kB
AnonPages:        293064 kB
Mapped:            80868 kB
Shmem:              3420 kB
Slab:              21532 kB
SReclaimable:       5052 kB
SUnreclaim:        16480 kB
KernelStack:        5728 kB
PageTables:         7364 kB
NFS_Unstable:          0 kB
Bounce:                0 kB
WritebackTmp:          0 kB
CommitLimit:      241032 kB
Committed_AS:    4015292 kB
VmallocTotal:     507904 kB
VmallocUsed:      130464 kB
VmallocChunk:     112576 kB
1557581815.000000
MemTotal:         482068 kB
MemFree:           15488 kB
Buffers:             672 kB
Cached:            70776 kB
SwapCached:            0 kB
Active:           325676 kB
Inactive:          36792 kB
Active(anon):     292400 kB
Inactive(anon):     3296 kB
Active(file):      33276 kB
Inactive(file):    33496 kB
Unevictable:        2028 kB
Mlocked:            6176 kB
HighTotal:             0 kB
HighFree:              0 kB
LowTotal:         482068 kB
LowFree:           15488 kB
SwapTotal:             0 kB
SwapFree:              0 kB
Dirty:                 0 kB
Writeback:             0 kB
AnonPages:        293064 kB
Mapped:            80792 kB
Shmem:              3420 kB
Slab:              21532 kB
SReclaimable:       5052 kB
SUnreclaim:        16480 kB
KernelStack:        5728 kB
PageTables:         7364 kB
NFS_Unstable:          0 kB
Bounce:                0 kB
WritebackTmp:          0 kB
CommitLimit:      241032 kB
Committed_AS:    4015288 kB
VmallocTotal:     507904 kB
VmallocUsed:      130464 kB
VmallocChunk:     112576 kB
1557581816.000000
MemTotal:         482068 kB
MemFree:           15736 kB
Buffers:             672 kB
Cached:            70700 kB
SwapCached:            0 kB
Active:           325708 kB
Inactive:          36736 kB
Active(anon):     292432 kB
Inactive(anon):     3296 kB
Active(file):      33276 kB
Inactive(file):    33440 kB
Unevictable:        2028 kB
Mlocked:            6176 kB
HighTotal:             0 kB
HighFree:              0 kB
LowTotal:         482068 kB
LowFree:           15736 kB
SwapTotal:             0 kB
SwapFree:              0 kB
Dirty:                 0 kB
Writeback:             0 kB
AnonPages:        293128 kB
Mapped:            80776 kB
Shmem:              3420 kB
Slab:              21536 kB
SReclaimable:       5052 kB
SUnreclaim:        16484 kB
KernelStack:        5728 kB
PageTables:         7424 kB
NFS_Unstable:          0 kB
Bounce:                0 kB
WritebackTmp:          0 kB
CommitLimit:      241032 kB
Committed_AS:    4015296 kB
VmallocTotal:     507904 kB
VmallocUsed:      130464 kB
VmallocChunk:     112576 kB
1557581817.000000
MemTotal:         482068 kB
MemFree:           14364 kB
Buffers:             672 kB
Cached:            69964 kB
SwapCached:            0 kB
Active:           327412 kB
Inactive:          36320 kB
Active(anon):     294488 kB
Inactive(anon):     3296 kB
Active(file):      32924 kB
Inactive(file):    33024 kB
Unevictable:        2028 kB
Mlocked:            6176 kB
HighTotal:             0 kB
HighFree:              0 kB
LowTotal:         482068 kB
LowFree:           14364 kB
SwapTotal:             0 kB
SwapFree:              0 kB
Dirty:                 4 kB
Writeback:             0 kB
AnonPages:        295236 kB
Mapped:            80688 kB
Shmem:              3420 kB
Slab:              21552 kB
SReclaimable:       5052 kB
SUnreclaim:        16500 kB
KernelStack:        5720 kB
PageTables:         7348 kB
NFS_Unstable:          0 kB
Bounce:                0 kB
WritebackTmp:          0 kB
CommitLimit:      241032 kB
Committed_AS:    4015296 kB
VmallocTotal:     507904 kB
VmallocUsed:      130464 kB
VmallocChunk:     112576 kB
1557581817.000000
MemTotal:         482068 kB
MemFree:           14488 kB
Buffers:             672 kB
Cached:            70052 kB
SwapCached:            0 kB
Active:           327188 kB
Inactive:          36372 kB
Active(anon):     294240 kB
Inactive(anon):     3296 kB
Active(file):      32948 kB
Inactive(file):    33076 kB
Unevictable:        2028 kB
Mlocked:            6176 kB
HighTotal:             0 kB
HighFree:              0 kB
LowTotal:         482068 kB
LowFree:           14488 kB
SwapTotal:             0 kB
SwapFree:              0 kB
Dirty:                 4 kB
Writeback:             0 kB
AnonPages:        294968 kB
Mapped:            80752 kB
Shmem:              3420 kB
Slab:              21524 kB
SReclaimable:       5052 kB
SUnreclaim:        16472 kB
KernelStack:        5728 kB
PageTables:         7360 kB
NFS_Unstable:          0 kB
Bounce:                0 kB
WritebackTmp:          0 kB
CommitLimit:      241032 kB
Committed_AS:    4015188 kB
VmallocTotal:     507904 kB
VmallocUsed:      130464 kB
VmallocChunk:     112576 kB
1557581818.000000
MemTotal:         482068 kB
MemFree:           14372 kB
Buffers:             672 kB
Cached:            70076 kB
SwapCached:            0 kB
Active:           327212 kB
Inactive:          36420 kB
Active(anon):     294264 kB
Inactive(anon):     3296 kB
Active(file):      32948 kB
Inactive(file):    33124 kB
Unevictable:        2028 kB
Mlocked:            6176 kB
HighTotal:             0 kB
HighFree:              0 kB
LowTotal:         482068 kB
LowFree:           14372 kB
SwapTotal:             0 kB
SwapFree:              0 kB
Dirty:                 4 kB
Writeback:             0 kB
AnonPages:        294912 kB
Mapped:            80680 kB
Shmem:              3420 kB
Slab:              21524 kB
SReclaimable:       5052 kB
SUnreclaim:        16472 kB
KernelStack:        5728 kB
PageTables:         7360 kB
NFS_Unstable:          0 kB
Bounce:                0 kB
WritebackTmp:          0 kB
CommitLimit:      241032 kB
Committed_AS:    4015328 kB
VmallocTotal:     507904 kB
VmallocUsed:      130464 kB
VmallocChunk:     112576 kB
1557581819.000000
MemTotal:         482068 kB
MemFree:           14448 kB
Buffers:             672 kB
Cached:            70532 kB
SwapCached:            0 kB
Active:           326796 kB
Inactive:          36784 kB
Active(anon):     293848 kB
Inactive(anon):     3296 kB
Active(file):      32948 kB
Inactive(file):    33488 kB
Unevictable:        2028 kB
Mlocked:            6176 kB
HighTotal:             0 kB
HighFree:              0 kB
LowTotal:         482068 kB
LowFree:           14448 kB
SwapTotal:             0 kB
SwapFree:              0 kB
Dirty:                 4 kB
Writeback:             0 kB
AnonPages:        294456 kB
Mapped:            80832 kB
Shmem:              3420 kB
Slab:              21524 kB
SReclaimable:       5052 kB
SUnreclaim:        16472 kB
KernelStack:        5728 kB
PageTables:         7436 kB
NFS_Unstable:          0 kB
Bounce:                0 kB
WritebackTmp:          0 kB
CommitLimit:      241032 kB
Committed_AS:    4015308 kB
VmallocTotal:     507904 kB
VmallocUsed:      130464 kB
VmallocChunk:     112576 kB
1557581820.000000
MemTotal:         482068 kB
MemFree:           14480 kB
Buffers:             672 kB
Cached:            70528 kB
SwapCached:            0 kB
Active:           326780 kB
Inactive:          36872 kB
Active(anon):     293832 kB
Inactive(anon):     3296 kB
Active(file):      32948 kB
Inactive(file):    33576 kB
Unevictable:        2028 kB
Mlocked:            6176 kB
HighTotal:             0 kB
HighFree:              0 kB
LowTotal:         482068 kB
LowFree:           14480 kB
SwapTotal:             0 kB
SwapFree:              0 kB
Dirty:                 0 kB
Writeback:             0 kB
AnonPages:        294528 kB
Mapped:            80808 kB
Shmem:              3420 kB
Slab:              21520 kB
SReclaimable:       5052 kB
SUnreclaim:        16468 kB
KernelStack:        5720 kB
PageTables:         7348 kB
NFS_Unstable:          0 kB
Bounce:                0 kB
WritebackTmp:          0 kB
CommitLimit:      241032 kB
Committed_AS:    4015308 kB
VmallocTotal:     507904 kB
VmallocUsed:      130464 kB
VmallocChunk:     112576 kB
1557581821.000000
MemTotal:         482068 kB
MemFree:           13480 kB
Buffers:             696 kB
Cached:            70200 kB
SwapCached:            0 kB
Active:           328356 kB
Inactive:          36600 kB
Active(anon):     295408 kB
Inactive(anon):     3296 kB
Active(file):      32948 kB
Inactive(file):    33304 kB
Unevictable:        2028 kB
Mlocked:            6176 kB
HighTotal:             0 kB
HighFree:              0 kB
LowTotal:         482068 kB
LowFree:           13480 kB
SwapTotal:             0 kB
SwapFree:              0 kB
Dirty:                 0 kB
Writeback:             0 kB
AnonPages:        296128 kB
Mapped:            80808 kB
Shmem:              3420 kB
Slab:              21560 kB
SReclaimable:       5052 kB
SUnreclaim:        16508 kB
KernelStack:        5720 kB
PageTables:         7348 kB
NFS_Unstable:          0 kB
Bounce:                0 kB
WritebackTmp:          0 kB
CommitLimit:      241032 kB
Committed_AS:    4016332 kB
VmallocTotal:     507904 kB
VmallocUsed:      130464 kB
VmallocChunk:     112576 kB
1557581821.000000
MemTotal:         482068 kB
MemFree:           13604 kB
Buffers:             696 kB
Cached:            69684 kB
SwapCached:            0 kB
Active:           328312 kB
Inactive:          36200 kB
Active(anon):     295512 kB
Inactive(anon):     3296 kB
Active(file):      32800 kB
Inactive(file):    32904 kB
Unevictable:        2028 kB
Mlocked:            6176 kB
HighTotal:             0 kB
HighFree:              0 kB
LowTotal:         482068 kB
LowFree:           13604 kB
SwapTotal:             0 kB
SwapFree:              0 kB
Dirty:                36 kB
Writeback:             0 kB
AnonPages:        296192 kB
Mapped:            80776 kB
Shmem:              3420 kB
Slab:              21536 kB
SReclaimable:       5052 kB
SUnreclaim:        16484 kB
KernelStack:        5736 kB
PageTables:         7356 kB
NFS_Unstable:          0 kB
Bounce:                0 kB
WritebackTmp:          0 kB
CommitLimit:      241032 kB
Committed_AS:    4016332 kB
VmallocTotal:     507904 kB
VmallocUsed:      130464 kB
VmallocChunk:     112576 kB
1557581822.000000
MemTotal:         482068 kB
MemFree:           13240 kB
Buffers:             696 kB
Cached:            70444 kB
SwapCached:            0 kB
Active:           328308 kB
Inactive:          36896 kB
Active(anon):     295496 kB
Inactive(anon):     3296 kB
Active(file):      32812 kB
Inactive(file):    33600 kB
Unevictable:        2028 kB
Mlocked:            6176 kB
HighTotal:             0 kB
HighFree:              0 kB
LowTotal:         482068 kB
LowFree:           13240 kB
SwapTotal:             0 kB
SwapFree:              0 kB
Dirty:                40 kB
Writeback:             0 kB
AnonPages:        296184 kB
Mapped:            80820 kB
Shmem:              3424 kB
Slab:              21520 kB
SReclaimable:       5052 kB
SUnreclaim:        16468 kB
KernelStack:        5728 kB
PageTables:         7412 kB
NFS_Unstable:          0 kB
Bounce:                0 kB
WritebackTmp:          0 kB
CommitLimit:      241032 kB
Committed_AS:    4016332 kB
VmallocTotal:     507904 kB
VmallocUsed:      130464 kB
VmallocChunk:     112576 kB
1557581823.000000
MemTotal:         482068 kB
MemFree:           12752 kB
Buffers:             696 kB
Cached:            70416 kB
SwapCached:            0 kB
Active:           328376 kB
Inactive:          36880 kB
Active(anon):     295524 kB
Inactive(anon):     3296 kB
Active(file):      32852 kB
Inactive(file):    33584 kB
Unevictable:        2028 kB
Mlocked:            6176 kB
HighTotal:             0 kB
HighFree:              0 kB
LowTotal:         482068 kB
LowFree:           12752 kB
SwapTotal:             0 kB
SwapFree:              0 kB
Dirty:                72 kB
Writeback:             0 kB
AnonPages:        296172 kB
Mapped:            80744 kB
Shmem:              3420 kB
Slab:              21576 kB
SReclaimable:       5052 kB
SUnreclaim:        16524 kB
KernelStack:        5728 kB
PageTables:         7436 kB
NFS_Unstable:          0 kB
Bounce:                0 kB
WritebackTmp:          0 kB
CommitLimit:      241032 kB
Committed_AS:    4016332 kB
VmallocTotal:     507904 kB
VmallocUsed:      130464 kB
VmallocChunk:     112576 kB
1557581824.000000
MemTotal:         482068 kB
MemFree:           12280 kB
Buffers:             696 kB
Cached:            70188 kB
SwapCached:            0 kB
Active:           329076 kB
Inactive:          36640 kB
Active(anon):     296224 kB
Inactive(anon):     3296 kB
Active(file):      32852 kB
Inactive(file):    33344 kB
Unevictable:        2028 kB
Mlocked:            6176 kB
HighTotal:             0 kB
HighFree:              0 kB
LowTotal:         482068 kB
LowFree:           12280 kB
SwapTotal:             0 kB
SwapFree:              0 kB
Dirty:                72 kB
Writeback:             0 kB
AnonPages:        296912 kB
Mapped:            80812 kB
Shmem:              3420 kB
Slab:              21524 kB
SReclaimable:       5052 kB
SUnreclaim:        16472 kB
KernelStack:        5720 kB
PageTables:         7348 kB
NFS_Unstable:          0 kB
Bounce:                0 kB
WritebackTmp:          0 kB
CommitLimit:      241032 kB
Committed_AS:    4016424 kB
VmallocTotal:     507904 kB
VmallocUsed:      130464 kB
VmallocChunk:     112576 kB
1557581825.000000
MemTotal:         482068 kB
MemFree:           12116 kB
Buffers:             696 kB
Cached:            70204 kB
SwapCached:            0 kB
Active:           329184 kB
Inactive:          36656 kB
Active(anon):     296332 kB
Inactive(anon):     3296 kB
Active(file):      32852 kB
Inactive(file):    33360 kB
Unevictable:        2028 kB
Mlocked:            6176 kB
HighTotal:             0 kB
HighFree:              0 kB
LowTotal:         482068 kB
LowFree:           12116 kB
SwapTotal:             0 kB
SwapFree:              0 kB
Dirty:                36 kB
Writeback:             0 kB
AnonPages:        297084 kB
Mapped:            80828 kB
Shmem:              3420 kB
Slab:              21532 kB
SReclaimable:       5052 kB
SUnreclaim:        16480 kB
KernelStack:        5720 kB
PageTables:         7424 kB
NFS_Unstable:          0 kB
Bounce:                0 kB
WritebackTmp:          0 kB
CommitLimit:      241032 kB
Committed_AS:    4016448 kB
VmallocTotal:     507904 kB
VmallocUsed:      130464 kB
VmallocChunk:     112576 kB
1557581825.000000
MemTotal:         482068 kB
MemFree:           12752 kB
Buffers:             696 kB
Cached:            70228 kB
SwapCached:            0 kB
Active:           328676 kB
Inactive:          36692 kB
Active(anon):     295824 kB
Inactive(anon):     3296 kB
Active(file):      32852 kB
Inactive(file):    33396 kB
Unevictable:        2028 kB
Mlocked:            6176 kB
HighTotal:             0 kB
HighFree:              0 kB
LowTotal:         482068 kB
LowFree:           12752 kB
SwapTotal:             0 kB
SwapFree:              0 kB
Dirty:                36 kB
Writeback:             0 kB
AnonPages:        296488 kB
Mapped:            80756 kB
Shmem:              3420 kB
Slab:              21560 kB
SReclaimable:       5052 kB
SUnreclaim:        16508 kB
KernelStack:        5728 kB
PageTables:         7360 kB
NFS_Unstable:          0 kB
Bounce:                0 kB
WritebackTmp:          0 kB
CommitLimit:      241032 kB
Committed_AS:    4016524 kB
VmallocTotal:     507904 kB
VmallocUsed:      130464 kB
VmallocChunk:     112576 kB
1557581826.000000
MemTotal:         482068 kB
MemFree:           12984 kB
Buffers:             688 kB
Cached:            69856 kB
SwapCached:            0 kB
Active:           328832 kB
Inactive:          36300 kB
Active(anon):     295980 kB
Inactive(anon):     3296 kB
Active(file):      32852 kB
Inactive(file):    33004 kB
Unevictable:        2028 kB
Mlocked:            6176 kB
HighTotal:             0 kB
HighFree:              0 kB
LowTotal:         482068 kB
LowFree:           12984 kB
SwapTotal:             0 kB
SwapFree:              0 kB
Dirty:                36 kB
Writeback:             0 kB
AnonPages:        296564 kB
Mapped:            80756 kB
Shmem:              3420 kB
Slab:              21560 kB
SReclaimable:       5052 kB
SUnreclaim:        16508 kB
KernelStack:        5728 kB
PageTables:         7360 kB
NFS_Unstable:          0 kB
Bounce:                0 kB
WritebackTmp:          0 kB
CommitLimit:      241032 kB
Committed_AS:    4016396 kB
VmallocTotal:     507904 kB
VmallocUsed:      130464 kB
VmallocChunk:     112576 kB
1557581827.000000
MemTotal:         482068 kB
MemFree:           13008 kB
Buffers:             696 kB
Cached:            69840 kB
SwapCached:            0 kB
Active:           328864 kB
Inactive:          36300 kB
Active(anon):     296012 kB
Inactive(anon):     3296 kB
Active(file):      32852 kB
Inactive(file):    33004 kB
Unevictable:        2028 kB
Mlocked:            6176 kB
HighTotal:             0 kB
HighFree:              0 kB
LowTotal:         482068 kB
LowFree:           13008 kB
SwapTotal:             0 kB
SwapFree:              0 kB
Dirty:                36 kB
Writeback:             0 kB
