MemTotal:        1899508 kB
MemFree:           53960 kB
Buffers:            1280 kB
Cached:           235096 kB
SwapCached:            0 kB
Active:          1445332 kB
Inactive:         164756 kB
Active(anon):    1375716 kB
Inactive(anon):     4160 kB
Active(file):      69616 kB
Inactive(file):   160596 kB
Unevictable:        1940 kB
Mlocked:               0 kB
HighTotal:       1158144 kB
HighFree:           1700 kB
LowTotal:         741364 kB
LowFree:           52260 kB
SwapTotal:             0 kB
SwapFree:              0 kB
Dirty:                 0 kB
Writeback:             0 kB
AnonPages:       1375728 kB
Mapped:           110716 kB
Shmem:              4220 kB
Slab:              33552 kB
SReclaimable:      11888 kB
SUnreclaim:        21664 kB
KernelStack:        6568 kB
PageTables:        13864 kB
NFS_Unstable:          0 kB
Bounce:                0 kB
WritebackTmp:          0 kB
CommitLimit:      949752 kB
Committed_AS:   17056752 kB
VmallocTotal:     245760 kB
VmallocUsed:       55220 kB
VmallocChunk:      75648 kB
1557737026.598210
MemTotal:        1899508 kB
MemFree:           54224 kB
Buffers:            1280 kB
Cached:           235096 kB
SwapCached:            0 kB
Active:          1445428 kB
Inactive:         164756 kB
Active(anon):    1375812 kB
Inactive(anon):     4160 kB
Active(file):      69616 kB
Inactive(file):   160596 kB
Unevictable:        1940 kB
Mlocked:               0 kB
HighTotal:       1158144 kB
HighFree:           1700 kB
LowTotal:         741364 kB
LowFree:           52524 kB
SwapTotal:             0 kB
SwapFree:              0 kB
Dirty:                 0 kB
Writeback:             0 kB
AnonPages:       1375740 kB
Mapped:           110728 kB
Shmem:              4220 kB
Slab:              33552 kB
SReclaimable:      11888 kB
SUnreclaim:        21664 kB
KernelStack:        6568 kB
PageTables:        13884 kB
NFS_Unstable:          0 kB
Bounce:                0 kB
WritebackTmp:          0 kB
CommitLimit:      949752 kB
Committed_AS:   17056884 kB
VmallocTotal:     245760 kB
VmallocUsed:       55220 kB
VmallocChunk:      75648 kB
1557737027.305954
MemTotal:        1899508 kB
MemFree:           44588 kB
Buffers:            1280 kB
Cached:           226172 kB
SwapCached:            0 kB
Active:          1448520 kB
Inactive:         154944 kB
Active(anon):    1378380 kB
Inactive(anon):     3908 kB
Active(file):      70140 kB
Inactive(file):   151036 kB
Unevictable:        1940 kB
Mlocked:               0 kB
HighTotal:       1158144 kB
HighFree:           4272 kB
LowTotal:         741364 kB
LowFree:           40316 kB
SwapTotal:             0 kB
SwapFree:              0 kB
Dirty:                 0 kB
Writeback:             0 kB
AnonPages:       1378236 kB
Mapped:           111788 kB
Shmem:              3972 kB
Slab:              33524 kB
SReclaimable:      11888 kB
SUnreclaim:        21636 kB
KernelStack:        6688 kB
PageTables:        13852 kB
NFS_Unstable:          0 kB
Bounce:                0 kB
WritebackTmp:          0 kB
CommitLimit:      949752 kB
Committed_AS:   17057724 kB
VmallocTotal:     245760 kB
VmallocUsed:       55324 kB
VmallocChunk:      75648 kB
1557737028.060508
MemTotal:        1899508 kB
MemFree:           53352 kB
Buffers:            1188 kB
Cached:           218944 kB
SwapCached:            0 kB
Active:          1449464 kB
Inactive:         147260 kB
Active(anon):    1378696 kB
Inactive(anon):     3924 kB
Active(file):      70768 kB
Inactive(file):   143336 kB
Unevictable:        1940 kB
Mlocked:               0 kB
HighTotal:       1158144 kB
HighFree:           6488 kB
LowTotal:         741364 kB
LowFree:           46864 kB
SwapTotal:             0 kB
SwapFree:              0 kB
Dirty:                52 kB
Writeback:             0 kB
AnonPages:       1378728 kB
Mapped:           114080 kB
Shmem:              3972 kB
Slab:              33488 kB
SReclaimable:      11888 kB
SUnreclaim:        21600 kB
KernelStack:        6608 kB
PageTables:        13820 kB
NFS_Unstable:          0 kB
Bounce:                0 kB
WritebackTmp:          0 kB
CommitLimit:      949752 kB
Committed_AS:   17054584 kB
VmallocTotal:     245760 kB
VmallocUsed:       55336 kB
VmallocChunk:      75648 kB
1557737028.766751
MemTotal:        1899508 kB
MemFree:           42208 kB
Buffers:            1188 kB
Cached:           226424 kB
SwapCached:            0 kB
Active:          1451972 kB
Inactive:         154608 kB
Active(anon):    1381136 kB
Inactive(anon):     3924 kB
Active(file):      70836 kB
Inactive(file):   150684 kB
Unevictable:        1940 kB
Mlocked:               0 kB
HighTotal:       1158144 kB
HighFree:           1768 kB
LowTotal:         741364 kB
LowFree:           40440 kB
SwapTotal:             0 kB
SwapFree:              0 kB
Dirty:                52 kB
Writeback:           100 kB
AnonPages:       1381088 kB
Mapped:           116896 kB
Shmem:              3972 kB
Slab:              33556 kB
SReclaimable:      11888 kB
SUnreclaim:        21668 kB
KernelStack:        6744 kB
PageTables:        14320 kB
NFS_Unstable:          0 kB
Bounce:                0 kB
WritebackTmp:          0 kB
CommitLimit:      949752 kB
Committed_AS:   17625396 kB
VmallocTotal:     245760 kB
VmallocUsed:       56356 kB
VmallocChunk:      75648 kB
1557737029.446808
MemTotal:        1899508 kB
MemFree:           40724 kB
Buffers:             760 kB
Cached:           227260 kB
SwapCached:            0 kB
Active:          1511620 kB
Inactive:         140652 kB
Active(anon):    1426852 kB
Inactive(anon):     3900 kB
Active(file):      84768 kB
Inactive(file):   136752 kB
Unevictable:        1940 kB
Mlocked:               0 kB
HighTotal:       1158144 kB
HighFree:            948 kB
LowTotal:         741364 kB
LowFree:           39776 kB
SwapTotal:             0 kB
SwapFree:              0 kB
Dirty:                 0 kB
Writeback:             0 kB
AnonPages:       1427072 kB
Mapped:           125496 kB
Shmem:              3964 kB
Slab:              33604 kB
SReclaimable:      11888 kB
SUnreclaim:        21716 kB
KernelStack:        6760 kB
PageTables:        14408 kB
NFS_Unstable:          0 kB
Bounce:                0 kB
WritebackTmp:          0 kB
CommitLimit:      949752 kB
Committed_AS:   17678952 kB
VmallocTotal:     245760 kB
VmallocUsed:       56228 kB
VmallocChunk:      75648 kB
1557737030.197193
MemTotal:        1899508 kB
MemFree:           41776 kB
Buffers:             928 kB
Cached:           217996 kB
SwapCached:            0 kB
Active:          1505256 kB
Inactive:         119380 kB
Active(anon):    1407992 kB
Inactive(anon):     3408 kB
Active(file):      97264 kB
Inactive(file):   115972 kB
Unevictable:        1940 kB
Mlocked:               0 kB
HighTotal:       1158144 kB
HighFree:           1492 kB
LowTotal:         741364 kB
LowFree:           40284 kB
SwapTotal:             0 kB
SwapFree:              0 kB
Dirty:                 0 kB
Writeback:            28 kB
AnonPages:       1407932 kB
Mapped:           141464 kB
Shmem:              3408 kB
Slab:              33512 kB
SReclaimable:      11888 kB
SUnreclaim:        21624 kB
KernelStack:        6840 kB
PageTables:        14568 kB
NFS_Unstable:          0 kB
Bounce:                0 kB
WritebackTmp:          0 kB
CommitLimit:      949752 kB
Committed_AS:   17668700 kB
VmallocTotal:     245760 kB
VmallocUsed:       56468 kB
VmallocChunk:      75648 kB
1557737031.201120
MemTotal:        1899508 kB
MemFree:           43248 kB
Buffers:             976 kB
Cached:           214516 kB
SwapCached:            0 kB
Active:          1516200 kB
Inactive:         112248 kB
Active(anon):    1414988 kB
Inactive(anon):     3404 kB
Active(file):     101212 kB
Inactive(file):   108844 kB
Unevictable:        1940 kB
Mlocked:               0 kB
HighTotal:       1158144 kB
HighFree:           1784 kB
LowTotal:         741364 kB
LowFree:           41464 kB
SwapTotal:             0 kB
SwapFree:              0 kB
Dirty:               116 kB
Writeback:             0 kB
AnonPages:       1415212 kB
Mapped:           147216 kB
Shmem:              3460 kB
Slab:              33444 kB
SReclaimable:      11888 kB
SUnreclaim:        21556 kB
KernelStack:        7128 kB
PageTables:        14820 kB
NFS_Unstable:          0 kB
Bounce:                0 kB
WritebackTmp:          0 kB
CommitLimit:      949752 kB
Committed_AS:   17676872 kB
VmallocTotal:     245760 kB
VmallocUsed:       56468 kB
VmallocChunk:      75648 kB
1557737032.148163
MemTotal:        1899508 kB
MemFree:           47900 kB
Buffers:             936 kB
Cached:           191216 kB
SwapCached:            0 kB
Active:          1536660 kB
Inactive:          94432 kB
Active(anon):    1440992 kB
Inactive(anon):     3404 kB
Active(file):      95668 kB
Inactive(file):    91028 kB
Unevictable:        1940 kB
Mlocked:               0 kB
HighTotal:       1158144 kB
HighFree:           2224 kB
LowTotal:         741364 kB
LowFree:           45676 kB
SwapTotal:             0 kB
SwapFree:              0 kB
Dirty:                40 kB
Writeback:           180 kB
AnonPages:       1441144 kB
Mapped:           148744 kB
Shmem:              3460 kB
Slab:              33456 kB
SReclaimable:      11888 kB
SUnreclaim:        21568 kB
KernelStack:        7192 kB
PageTables:        14876 kB
NFS_Unstable:          0 kB
Bounce:                0 kB
WritebackTmp:          0 kB
CommitLimit:      949752 kB
Committed_AS:   17717596 kB
VmallocTotal:     245760 kB
VmallocUsed:       56460 kB
VmallocChunk:      75648 kB
1557737033.235731
MemTotal:        1899508 kB
MemFree:           48904 kB
Buffers:             936 kB
Cached:           189964 kB
SwapCached:            0 kB
Active:          1535652 kB
Inactive:          94752 kB
Active(anon):    1441736 kB
Inactive(anon):     3412 kB
Active(file):      93916 kB
Inactive(file):    91340 kB
Unevictable:        1940 kB
Mlocked:               0 kB
HighTotal:       1158144 kB
HighFree:           2484 kB
LowTotal:         741364 kB
LowFree:           46420 kB
SwapTotal:             0 kB
SwapFree:              0 kB
Dirty:               292 kB
Writeback:             0 kB
AnonPages:       1441840 kB
Mapped:           148264 kB
Shmem:              3468 kB
Slab:              33352 kB
SReclaimable:      11888 kB
SUnreclaim:        21464 kB
KernelStack:        7128 kB
PageTables:        14872 kB
NFS_Unstable:          0 kB
Bounce:                0 kB
WritebackTmp:          0 kB
CommitLimit:      949752 kB
Committed_AS:   17718208 kB
VmallocTotal:     245760 kB
VmallocUsed:       56460 kB
VmallocChunk:      75648 kB
1557737034.074668
MemTotal:        1899508 kB
MemFree:           48884 kB
Buffers:             960 kB
Cached:           189664 kB
SwapCached:            0 kB
Active:          1535688 kB
Inactive:          94792 kB
Active(anon):    1441864 kB
Inactive(anon):     3412 kB
Active(file):      93824 kB
Inactive(file):    91380 kB
Unevictable:        1940 kB
Mlocked:               0 kB
HighTotal:       1158144 kB
HighFree:           2480 kB
LowTotal:         741364 kB
LowFree:           46404 kB
SwapTotal:             0 kB
SwapFree:              0 kB
Dirty:               356 kB
Writeback:            12 kB
AnonPages:       1441956 kB
Mapped:           148264 kB
Shmem:              3468 kB
Slab:              33344 kB
SReclaimable:      11888 kB
SUnreclaim:        21456 kB
KernelStack:        7120 kB
PageTables:        14900 kB
NFS_Unstable:          0 kB
Bounce:                0 kB
WritebackTmp:          0 kB
CommitLimit:      949752 kB
Committed_AS:   17718280 kB
VmallocTotal:     245760 kB
VmallocUsed:       56460 kB
VmallocChunk:      75648 kB
1557737034.936626
MemTotal:        1899508 kB
MemFree:           51184 kB
Buffers:             960 kB
Cached:           188504 kB
SwapCached:            0 kB
Active:          1534368 kB
Inactive:          94256 kB
Active(anon):    1441212 kB
Inactive(anon):     3412 kB
Active(file):      93156 kB
Inactive(file):    90844 kB
Unevictable:        1940 kB
Mlocked:               0 kB
HighTotal:       1158144 kB
HighFree:           3408 kB
LowTotal:         741364 kB
LowFree:           47776 kB
SwapTotal:             0 kB
SwapFree:              0 kB
Dirty:               360 kB
Writeback:             0 kB
AnonPages:       1441240 kB
Mapped:           147760 kB
Shmem:              3468 kB
Slab:              33316 kB
SReclaimable:      11888 kB
SUnreclaim:        21428 kB
KernelStack:        7136 kB
PageTables:        14880 kB
NFS_Unstable:          0 kB
Bounce:                0 kB
WritebackTmp:          0 kB
CommitLimit:      949752 kB
Committed_AS:   17719620 kB
VmallocTotal:     245760 kB
VmallocUsed:       56460 kB
VmallocChunk:      75648 kB
1557737035.834079
MemTotal:        1899508 kB
MemFree:           45240 kB
Buffers:             776 kB
Cached:           181424 kB
SwapCached:            0 kB
Active:          1525612 kB
Inactive:          91776 kB
Active(anon):    1437332 kB
Inactive(anon):     3420 kB
Active(file):      88280 kB
Inactive(file):    88356 kB
Unevictable:        1940 kB
Mlocked:               0 kB
HighTotal:       1158144 kB
HighFree:           4972 kB
LowTotal:         741364 kB
LowFree:           40268 kB
SwapTotal:             0 kB
SwapFree:              0 kB
Dirty:                 0 kB
Writeback:            36 kB
AnonPages:       1437220 kB
Mapped:           147244 kB
Shmem:              3476 kB
Slab:              33308 kB
SReclaimable:      11888 kB
SUnreclaim:        21420 kB
KernelStack:        7112 kB
PageTables:        14504 kB
NFS_Unstable:          0 kB
Bounce:                0 kB
WritebackTmp:          0 kB
CommitLimit:      949752 kB
Committed_AS:   17152816 kB
VmallocTotal:     245760 kB
VmallocUsed:       55536 kB
VmallocChunk:      75648 kB
1557737036.739144
MemTotal:        1899508 kB
MemFree:           44972 kB
Buffers:             952 kB
Cached:           180608 kB
SwapCached:            0 kB
Active:          1522804 kB
Inactive:          94824 kB
Active(anon):    1438028 kB
Inactive(anon):     3420 kB
Active(file):      84776 kB
Inactive(file):    91404 kB
Unevictable:        1940 kB
Mlocked:               0 kB
HighTotal:       1158144 kB
HighFree:           2684 kB
LowTotal:         741364 kB
LowFree:           42288 kB
SwapTotal:             0 kB
SwapFree:              0 kB
Dirty:              2304 kB
Writeback:             0 kB
AnonPages:       1437864 kB
Mapped:           140524 kB
Shmem:              3476 kB
Slab:              33364 kB
SReclaimable:      11956 kB
SUnreclaim:        21408 kB
KernelStack:        7168 kB
PageTables:        13960 kB
NFS_Unstable:          0 kB
Bounce:                0 kB
WritebackTmp:          0 kB
CommitLimit:      949752 kB
Committed_AS:   16581068 kB
VmallocTotal:     245760 kB
VmallocUsed:       54516 kB
VmallocChunk:      75648 kB
1557737037.818955
MemTotal:        1899508 kB
MemFree:           43548 kB
Buffers:             648 kB
Cached:           162544 kB
SwapCached:            0 kB
Active:          1526060 kB
Inactive:          79272 kB
Active(anon):    1444344 kB
Inactive(anon):     3420 kB
Active(file):      81716 kB
Inactive(file):    75852 kB
Unevictable:        1940 kB
Mlocked:               0 kB
HighTotal:       1158144 kB
HighFree:           2496 kB
LowTotal:         741364 kB
LowFree:           41052 kB
SwapTotal:             0 kB
SwapFree:              0 kB
Dirty:                 0 kB
Writeback:            72 kB
AnonPages:       1444532 kB
Mapped:           146396 kB
Shmem:              3476 kB
Slab:              33256 kB
SReclaimable:      11956 kB
SUnreclaim:        21300 kB
KernelStack:        7048 kB
PageTables:        13656 kB
NFS_Unstable:          0 kB
Bounce:                0 kB
WritebackTmp:          0 kB
CommitLimit:      949752 kB
Committed_AS:   16032480 kB
VmallocTotal:     245760 kB
VmallocUsed:       53700 kB
VmallocChunk:      75648 kB
1557737038.722801
MemTotal:        1899508 kB
MemFree:           70352 kB
Buffers:             680 kB
Cached:           134124 kB
SwapCached:            0 kB
Active:          1504992 kB
Inactive:          68108 kB
Active(anon):    1440284 kB
Inactive(anon):     3416 kB
Active(file):      64708 kB
Inactive(file):    64692 kB
Unevictable:        1940 kB
Mlocked:               0 kB
HighTotal:       1158144 kB
HighFree:          11284 kB
LowTotal:         741364 kB
LowFree:           59068 kB
SwapTotal:             0 kB
SwapFree:              0 kB
Dirty:               244 kB
Writeback:             0 kB
AnonPages:       1440208 kB
Mapped:           152184 kB
Shmem:              3472 kB
Slab:              33144 kB
SReclaimable:      11956 kB
SUnreclaim:        21188 kB
KernelStack:        6616 kB
PageTables:        12308 kB
NFS_Unstable:          0 kB
Bounce:                0 kB
WritebackTmp:          0 kB
CommitLimit:      949752 kB
Committed_AS:   13665624 kB
VmallocTotal:     245760 kB
VmallocUsed:       50644 kB
VmallocChunk:      75648 kB
1557737039.677279
MemTotal:        1899508 kB
MemFree:           80384 kB
Buffers:             680 kB
Cached:           136160 kB
SwapCached:            0 kB
Active:          1495604 kB
Inactive:          68236 kB
Active(anon):    1428996 kB
Inactive(anon):     3416 kB
Active(file):      66608 kB
Inactive(file):    64820 kB
Unevictable:        1940 kB
Mlocked:               0 kB
HighTotal:       1158144 kB
HighFree:          12716 kB
LowTotal:         741364 kB
LowFree:           67668 kB
SwapTotal:             0 kB
SwapFree:              0 kB
Dirty:               288 kB
Writeback:             0 kB
AnonPages:       1429088 kB
Mapped:           140436 kB
Shmem:              3472 kB
Slab:              33124 kB
SReclaimable:      11956 kB
SUnreclaim:        21168 kB
KernelStack:        6560 kB
PageTables:        11720 kB
NFS_Unstable:          0 kB
Bounce:                0 kB
WritebackTmp:          0 kB
CommitLimit:      949752 kB
Committed_AS:   12431136 kB
VmallocTotal:     245760 kB
VmallocUsed:       50644 kB
VmallocChunk:      75648 kB
1557737040.575999
MemTotal:        1899508 kB
MemFree:           66988 kB
Buffers:             680 kB
Cached:           144968 kB
SwapCached:            0 kB
Active:          1500108 kB
Inactive:          77436 kB
Active(anon):    1434140 kB
Inactive(anon):     3416 kB
Active(file):      65968 kB
Inactive(file):    74020 kB
Unevictable:        1940 kB
Mlocked:               0 kB
HighTotal:       1158144 kB
HighFree:           1764 kB
LowTotal:         741364 kB
LowFree:           65224 kB
SwapTotal:             0 kB
SwapFree:              0 kB
Dirty:               288 kB
Writeback:             0 kB
AnonPages:       1434136 kB
Mapped:           141580 kB
Shmem:              3472 kB
Slab:              33084 kB
SReclaimable:      11956 kB
SUnreclaim:        21128 kB
KernelStack:        6208 kB
PageTables:        12148 kB
NFS_Unstable:          0 kB
Bounce:                0 kB
WritebackTmp:          0 kB
CommitLimit:      949752 kB
Committed_AS:   13006576 kB
VmallocTotal:     245760 kB
VmallocUsed:       53068 kB
VmallocChunk:      75648 kB
1557737041.651595
MemTotal:        1899508 kB
MemFree:           65784 kB
Buffers:             612 kB
Cached:           104656 kB
SwapCached:            0 kB
Active:          1475824 kB
Inactive:          51348 kB
Active(anon):    1423880 kB
Inactive(anon):     3416 kB
Active(file):      51944 kB
Inactive(file):    47932 kB
Unevictable:        1940 kB
Mlocked:               0 kB
HighTotal:       1158144 kB
HighFree:          19784 kB
LowTotal:         741364 kB
LowFree:           46000 kB
SwapTotal:             0 kB
SwapFree:              0 kB
Dirty:                 4 kB
Writeback:             0 kB
AnonPages:       1423908 kB
Mapped:           127332 kB
Shmem:              3472 kB
Slab:              32992 kB
SReclaimable:      11956 kB
SUnreclaim:        21036 kB
KernelStack:        5936 kB
PageTables:        10916 kB
NFS_Unstable:          0 kB
Bounce:                0 kB
WritebackTmp:          0 kB
CommitLimit:      949752 kB
Committed_AS:   11298992 kB
VmallocTotal:     245760 kB
VmallocUsed:       47584 kB
VmallocChunk:      75648 kB
1557737042.606927
MemTotal:        1899508 kB
MemFree:           65756 kB
Buffers:             612 kB
Cached:           105392 kB
SwapCached:            0 kB
Active:          1478636 kB
Inactive:          50468 kB
Active(anon):    1425188 kB
Inactive(anon):     3416 kB
Active(file):      53448 kB
Inactive(file):    47052 kB
Unevictable:        1940 kB
Mlocked:               0 kB
HighTotal:       1158144 kB
HighFree:          19040 kB
LowTotal:         741364 kB
LowFree:           46716 kB
SwapTotal:             0 kB
SwapFree:              0 kB
Dirty:                 4 kB
Writeback:             0 kB
AnonPages:       1425208 kB
Mapped:           127336 kB
Shmem:              3472 kB
Slab:              32980 kB
SReclaimable:      11956 kB
SUnreclaim:        21024 kB
KernelStack:        5808 kB
PageTables:        10876 kB
NFS_Unstable:          0 kB
Bounce:                0 kB
WritebackTmp:          0 kB
CommitLimit:      949752 kB
Committed_AS:   11303664 kB
VmallocTotal:     245760 kB
VmallocUsed:       47584 kB
VmallocChunk:      75648 kB
1557737043.485455
MemTotal:        1899508 kB
MemFree:           68080 kB
Buffers:             608 kB
Cached:           104248 kB
SwapCached:            0 kB
Active:          1478188 kB
Inactive:          49832 kB
Active(anon):    1425336 kB
Inactive(anon):     3416 kB
Active(file):      52852 kB
Inactive(file):    46416 kB
Unevictable:        1940 kB
Mlocked:               0 kB
HighTotal:       1158144 kB
HighFree:          20852 kB
LowTotal:         741364 kB
LowFree:           47228 kB
SwapTotal:             0 kB
SwapFree:              0 kB
Dirty:                 4 kB
Writeback:             0 kB
AnonPages:       1425260 kB
Mapped:           127232 kB
Shmem:              3472 kB
Slab:              32980 kB
SReclaimable:      11956 kB
SUnreclaim:        21024 kB
KernelStack:        5880 kB
PageTables:        10952 kB
NFS_Unstable:          0 kB
Bounce:                0 kB
WritebackTmp:          0 kB
CommitLimit:      949752 kB
Committed_AS:   11303764 kB
VmallocTotal:     245760 kB
VmallocUsed:       47584 kB
VmallocChunk:      75648 kB
1557737044.326593
MemTotal:        1899508 kB
MemFree:           68852 kB
Buffers:             604 kB
Cached:           103996 kB
SwapCached:            0 kB
Active:          1478100 kB
Inactive:          49828 kB
Active(anon):    1425368 kB
Inactive(anon):     3416 kB
Active(file):      52732 kB
Inactive(file):    46412 kB
Unevictable:        1940 kB
Mlocked:               0 kB
HighTotal:       1158144 kB
HighFree:          21548 kB
LowTotal:         741364 kB
LowFree:           47304 kB
SwapTotal:             0 kB
SwapFree:              0 kB
Dirty:                 4 kB
Writeback:             0 kB
AnonPages:       1425448 kB
Mapped:           127120 kB
Shmem:              3472 kB
Slab:              32976 kB
SReclaimable:      11956 kB
SUnreclaim:        21020 kB
KernelStack:        5864 kB
PageTables:        10912 kB
NFS_Unstable:          0 kB
Bounce:                0 kB
WritebackTmp:          0 kB
CommitLimit:      949752 kB
Committed_AS:   11303808 kB
VmallocTotal:     245760 kB
VmallocUsed:       47584 kB
VmallocChunk:      75648 kB
1557737045.222970
MemTotal:        1899508 kB
MemFree:          105484 kB
Buffers:             604 kB
Cached:           103992 kB
SwapCached:            0 kB
Active:          1461608 kB
Inactive:          49936 kB
Active(anon):    1408968 kB
Inactive(anon):     3416 kB
Active(file):      52640 kB
Inactive(file):    46520 kB
Unevictable:        1940 kB
Mlocked:               0 kB
HighTotal:       1158144 kB
HighFree:          35204 kB
LowTotal:         741364 kB
LowFree:           70280 kB
SwapTotal:             0 kB
SwapFree:              0 kB
Dirty:                 4 kB
Writeback:             0 kB
AnonPages:       1409020 kB
Mapped:           107648 kB
Shmem:              3472 kB
Slab:              32976 kB
SReclaimable:      11956 kB
SUnreclaim:        21020 kB
KernelStack:        5848 kB
PageTables:        10896 kB
NFS_Unstable:          0 kB
Bounce:                0 kB
WritebackTmp:          0 kB
CommitLimit:      949752 kB
Committed_AS:   11304408 kB
VmallocTotal:     245760 kB
VmallocUsed:       47368 kB
VmallocChunk:      75648 kB
1557737046.145626
MemTotal:        1899508 kB
MemFree:          105864 kB
Buffers:             604 kB
Cached:           104100 kB
SwapCached:            0 kB
Active:          1461532 kB
Inactive:          50064 kB
Active(anon):    1408892 kB
Inactive(anon):     3416 kB
Active(file):      52640 kB
Inactive(file):    46648 kB
Unevictable:        1940 kB
Mlocked:               0 kB
HighTotal:       1158144 kB
HighFree:          35528 kB
LowTotal:         741364 kB
LowFree:           70336 kB
SwapTotal:             0 kB
SwapFree:              0 kB
Dirty:                 4 kB
Writeback:             0 kB
AnonPages:       1408900 kB
Mapped:           107640 kB
Shmem:              3472 kB
Slab:              32944 kB
SReclaimable:      11956 kB
SUnreclaim:        20988 kB
KernelStack:        5848 kB
PageTables:        10884 kB
NFS_Unstable:          0 kB
Bounce:                0 kB
WritebackTmp:          0 kB
CommitLimit:      949752 kB
Committed_AS:   11304392 kB
VmallocTotal:     245760 kB
VmallocUsed:       47368 kB
VmallocChunk:      75648 kB
1557737047.046743
MemTotal:        1899508 kB
MemFree:          104240 kB
Buffers:             700 kB
Cached:           104892 kB
SwapCached:            0 kB
Active:          1462484 kB
Inactive:          50828 kB
Active(anon):    1409784 kB
Inactive(anon):     3416 kB
Active(file):      52700 kB
Inactive(file):    47412 kB
Unevictable:        1940 kB
Mlocked:               0 kB
HighTotal:       1158144 kB
HighFree:          33984 kB
LowTotal:         741364 kB
LowFree:           70256 kB
SwapTotal:             0 kB
SwapFree:              0 kB
Dirty:                64 kB
Writeback:             0 kB
AnonPages:       1409848 kB
Mapped:           107692 kB
Shmem:              3472 kB
Slab:              32944 kB
SReclaimable:      11956 kB
SUnreclaim:        20988 kB
KernelStack:        5816 kB
PageTables:        10788 kB
NFS_Unstable:          0 kB
Bounce:                0 kB
WritebackTmp:          0 kB
CommitLimit:      949752 kB
Committed_AS:   11305056 kB
VmallocTotal:     245760 kB
VmallocUsed:       47368 kB
VmallocChunk:      75648 kB
1557737047.925502
MemTotal:        1899508 kB
MemFree:           98936 kB
Buffers:             704 kB
Cached:           109500 kB
SwapCached:            0 kB
Active:          1462848 kB
Inactive:          55436 kB
Active(anon):    1410132 kB
Inactive(anon):     3416 kB
Active(file):      52716 kB
Inactive(file):    52020 kB
Unevictable:        1940 kB
Mlocked:               0 kB
HighTotal:       1158144 kB
HighFree:          28944 kB
LowTotal:         741364 kB
LowFree:           69992 kB
SwapTotal:             0 kB
SwapFree:              0 kB
Dirty:                68 kB
Writeback:             0 kB
AnonPages:       1410140 kB
Mapped:           108168 kB
Shmem:              3472 kB
Slab:              32940 kB
SReclaimable:      11956 kB
SUnreclaim:        20984 kB
KernelStack:        5872 kB
PageTables:        10788 kB
NFS_Unstable:          0 kB
Bounce:                0 kB
WritebackTmp:          0 kB
CommitLimit:      949752 kB
Committed_AS:   11304440 kB
VmallocTotal:     245760 kB
VmallocUsed:       47368 kB
VmallocChunk:      75648 kB
1557737048.866280
MemTotal:        1899508 kB
MemFree:           99000 kB
Buffers:             824 kB
Cached:           109664 kB
SwapCached:            0 kB
Active:          1462888 kB
Inactive:          55752 kB
Active(anon):    1410152 kB
Inactive(anon):     3416 kB
Active(file):      52736 kB
Inactive(file):    52336 kB
Unevictable:        1940 kB
Mlocked:               0 kB
HighTotal:       1158144 kB
HighFree:          28664 kB
LowTotal:         741364 kB
LowFree:           70336 kB
SwapTotal:             0 kB
SwapFree:              0 kB
Dirty:                80 kB
Writeback:             0 kB
AnonPages:       1410156 kB
Mapped:           108220 kB
Shmem:              3472 kB
Slab:              32940 kB
SReclaimable:      11956 kB
SUnreclaim:        20984 kB
KernelStack:        5872 kB
PageTables:        10892 kB
NFS_Unstable:          0 kB
Bounce:                0 kB
WritebackTmp:          0 kB
CommitLimit:      949752 kB
Committed_AS:   11304476 kB
VmallocTotal:     245760 kB
VmallocUsed:       47368 kB
VmallocChunk:      75648 kB
1557737049.797166
MemTotal:        1899508 kB
MemFree:           98412 kB
Buffers:             824 kB
Cached:           109664 kB
SwapCached:            0 kB
Active:          1463340 kB
Inactive:          55752 kB
Active(anon):    1410604 kB
Inactive(anon):     3416 kB
Active(file):      52736 kB
Inactive(file):    52336 kB
Unevictable:        1940 kB
Mlocked:               0 kB
HighTotal:       1158144 kB
HighFree:          28216 kB
LowTotal:         741364 kB
LowFree:           70196 kB
SwapTotal:             0 kB
SwapFree:              0 kB
Dirty:                80 kB
Writeback:             0 kB
AnonPages:       1410624 kB
Mapped:           108220 kB
Shmem:              3472 kB
Slab:              32940 kB
SReclaimable:      11956 kB
SUnreclaim:        20984 kB
KernelStack:        5952 kB
PageTables:        10812 kB
NFS_Unstable:          0 kB
Bounce:                0 kB
WritebackTmp:          0 kB
CommitLimit:      949752 kB
Committed_AS:   11305084 kB
VmallocTotal:     245760 kB
VmallocUsed:       47368 kB
VmallocChunk:      75648 kB
1557737050.707757
MemTotal:        1899508 kB
MemFree:           98440 kB
Buffers:             824 kB
Cached:           109664 kB
SwapCached:            0 kB
Active:          1463304 kB
Inactive:          55752 kB
Active(anon):    1410568 kB
Inactive(anon):     3416 kB
Active(file):      52736 kB
Inactive(file):    52336 kB
Unevictable:        1940 kB
Mlocked:               0 kB
HighTotal:       1158144 kB
HighFree:          28320 kB
LowTotal:         741364 kB
LowFree:           70120 kB
SwapTotal:             0 kB
SwapFree:              0 kB
Dirty:                80 kB
Writeback:             0 kB
AnonPages:       1410628 kB
Mapped:           108268 kB
Shmem:              3472 kB
Slab:              32940 kB
SReclaimable:      11956 kB
SUnreclaim:        20984 kB
KernelStack:        5872 kB
PageTables:        10884 kB
NFS_Unstable:          0 kB
Bounce:                0 kB
WritebackTmp:          0 kB
CommitLimit:      949752 kB
Committed_AS:   11305124 kB
VmallocTotal:     245760 kB
VmallocUsed:       47368 kB
VmallocChunk:      75648 kB
1557737051.578734
MemTotal:        1899508 kB
MemFree:           98552 kB
Buffers:             828 kB
Cached:           109908 kB
SwapCached:            0 kB
Active:          1463088 kB
Inactive:          55920 kB
Active(anon):    1410352 kB
Inactive(anon):     3416 kB
Active(file):      52736 kB
Inactive(file):    52504 kB
Unevictable:        1940 kB
Mlocked:               0 kB
HighTotal:       1158144 kB
HighFree:          28192 kB
LowTotal:         741364 kB
LowFree:           70360 kB
SwapTotal:             0 kB
SwapFree:              0 kB
Dirty:                 0 kB
Writeback:             0 kB
AnonPages:       1410384 kB
Mapped:           108384 kB
Shmem:              3472 kB
Slab:              32940 kB
SReclaimable:      11956 kB
SUnreclaim:        20984 kB
KernelStack:        5824 kB
PageTables:        10892 kB
NFS_Unstable:          0 kB
Bounce:                0 kB
WritebackTmp:          0 kB
CommitLimit:      949752 kB
Committed_AS:   11300844 kB
VmallocTotal:     245760 kB
VmallocUsed:       47368 kB
VmallocChunk:      75648 kB
1557737052.481888
MemTotal:        1899508 kB
MemFree:           91696 kB
Buffers:             840 kB
Cached:           131360 kB
SwapCached:            0 kB
Active:          1447984 kB
Inactive:          77100 kB
Active(anon):    1395080 kB
Inactive(anon):     3416 kB
Active(file):      52904 kB
Inactive(file):    73684 kB
Unevictable:        1940 kB
Mlocked:               0 kB
HighTotal:       1158144 kB
HighFree:          15992 kB
LowTotal:         741364 kB
LowFree:           75704 kB
SwapTotal:             0 kB
SwapFree:              0 kB
Dirty:                 0 kB
Writeback:             0 kB
AnonPages:       1394896 kB
Mapped:           116372 kB
Shmem:              3472 kB
Slab:              32904 kB
SReclaimable:      11956 kB
SUnreclaim:        20948 kB
KernelStack:        6024 kB
PageTables:        11220 kB
NFS_Unstable:          0 kB
Bounce:                0 kB
WritebackTmp:          0 kB
CommitLimit:      949752 kB
Committed_AS:   11833636 kB
VmallocTotal:     245760 kB
VmallocUsed:       48388 kB
VmallocChunk:      75648 kB
1557737053.406726
MemTotal:        1899508 kB
MemFree:           61272 kB
Buffers:            1124 kB
Cached:           151464 kB
SwapCached:            0 kB
Active:          1456924 kB
Inactive:          97324 kB
Active(anon):    1403824 kB
Inactive(anon):     3416 kB
Active(file):      53100 kB
Inactive(file):    93908 kB
Unevictable:        1940 kB
Mlocked:               0 kB
HighTotal:       1158144 kB
HighFree:           1788 kB
LowTotal:         741364 kB
LowFree:           59484 kB
SwapTotal:             0 kB
SwapFree:              0 kB
Dirty:               164 kB
Writeback:             0 kB
AnonPages:       1403876 kB
Mapped:           122808 kB
Shmem:              3472 kB
Slab:              32900 kB
SReclaimable:      11956 kB
SUnreclaim:        20944 kB
KernelStack:        5928 kB
PageTables:        12044 kB
NFS_Unstable:          0 kB
Bounce:                0 kB
WritebackTmp:          0 kB
CommitLimit:      949752 kB
Committed_AS:   13630184 kB
VmallocTotal:     245760 kB
VmallocUsed:       50428 kB
VmallocChunk:      75648 kB
1557737054.274830
MemTotal:        1899508 kB
MemFree:           45488 kB
Buffers:            1012 kB
Cached:           168700 kB
SwapCached:            0 kB
Active:          1471276 kB
Inactive:         110192 kB
Active(anon):    1414252 kB
Inactive(anon):     3420 kB
Active(file):      57024 kB
Inactive(file):   106772 kB
Unevictable:        1940 kB
Mlocked:               0 kB
HighTotal:       1158144 kB
HighFree:           1712 kB
LowTotal:         741364 kB
LowFree:           43776 kB
SwapTotal:             0 kB
SwapFree:              0 kB
Dirty:                 0 kB
Writeback:             0 kB
AnonPages:       1414392 kB
Mapped:           128956 kB
Shmem:              3476 kB
Slab:              32892 kB
SReclaimable:      11956 kB
SUnreclaim:        20936 kB
KernelStack:        6320 kB
PageTables:        12872 kB
NFS_Unstable:          0 kB
Bounce:                0 kB
WritebackTmp:          0 kB
CommitLimit:      949752 kB
Committed_AS:   14114016 kB
VmallocTotal:     245760 kB
VmallocUsed:       52468 kB
VmallocChunk:      75648 kB
1557737055.186678
MemTotal:        1899508 kB
MemFree:           44536 kB
Buffers:            1016 kB
Cached:           173376 kB
SwapCached:            0 kB
Active:          1476080 kB
Inactive:         112320 kB
Active(anon):    1416176 kB
Inactive(anon):     3420 kB
Active(file):      59904 kB
Inactive(file):   108900 kB
Unevictable:        1940 kB
Mlocked:               0 kB
HighTotal:       1158144 kB
HighFree:           2008 kB
LowTotal:         741364 kB
LowFree:           42528 kB
SwapTotal:             0 kB
SwapFree:              0 kB
Dirty:               116 kB
Writeback:             0 kB
AnonPages:       1416280 kB
Mapped:           128776 kB
Shmem:              3476 kB
Slab:              32872 kB
SReclaimable:      11956 kB
SUnreclaim:        20916 kB
KernelStack:        6432 kB
PageTables:        12940 kB
NFS_Unstable:          0 kB
Bounce:                0 kB
WritebackTmp:          0 kB
CommitLimit:      949752 kB
Committed_AS:   14116340 kB
VmallocTotal:     245760 kB
VmallocUsed:       52468 kB
VmallocChunk:      75648 kB
1557737056.086583
MemTotal:        1899508 kB
MemFree:           49668 kB
Buffers:             984 kB
Cached:           170264 kB
SwapCached:            0 kB
Active:          1478484 kB
Inactive:         107484 kB
Active(anon):    1416848 kB
Inactive(anon):     3420 kB
Active(file):      61636 kB
Inactive(file):   104064 kB
Unevictable:        1940 kB
Mlocked:               0 kB
HighTotal:       1158144 kB
HighFree:           3448 kB
LowTotal:         741364 kB
LowFree:           46220 kB
SwapTotal:             0 kB
SwapFree:              0 kB
Dirty:               168 kB
Writeback:             0 kB
AnonPages:       1416968 kB
Mapped:           127452 kB
Shmem:              3476 kB
Slab:              32856 kB
SReclaimable:      11940 kB
SUnreclaim:        20916 kB
KernelStack:        6392 kB
PageTables:        12964 kB
NFS_Unstable:          0 kB
Bounce:                0 kB
WritebackTmp:          0 kB
CommitLimit:      949752 kB
Committed_AS:   14117748 kB
VmallocTotal:     245760 kB
VmallocUsed:       52468 kB
VmallocChunk:      75648 kB
1557737056.930375
MemTotal:        1899508 kB
MemFree:           52764 kB
Buffers:             984 kB
Cached:           168808 kB
SwapCached:            0 kB
Active:          1477716 kB
Inactive:         105644 kB
Active(anon):    1415652 kB
Inactive(anon):     3420 kB
Active(file):      62064 kB
Inactive(file):   102224 kB
Unevictable:        1940 kB
Mlocked:               0 kB
HighTotal:       1158144 kB
HighFree:           6040 kB
LowTotal:         741364 kB
LowFree:           46724 kB
SwapTotal:             0 kB
SwapFree:              0 kB
Dirty:               168 kB
Writeback:             0 kB
AnonPages:       1415672 kB
Mapped:           127304 kB
Shmem:              3476 kB
Slab:              32848 kB
SReclaimable:      11932 kB
SUnreclaim:        20916 kB
KernelStack:        6408 kB
PageTables:        12884 kB
NFS_Unstable:          0 kB
Bounce:                0 kB
WritebackTmp:          0 kB
CommitLimit:      949752 kB
Committed_AS:   14117788 kB
VmallocTotal:     245760 kB
VmallocUsed:       52468 kB
VmallocChunk:      75648 kB
1557737057.811161
MemTotal:        1899508 kB
MemFree:           53324 kB
Buffers:             984 kB
Cached:           169176 kB
SwapCached:            0 kB
Active:          1477116 kB
Inactive:         106040 kB
Active(anon):    1414996 kB
Inactive(anon):     3416 kB
Active(file):      62120 kB
Inactive(file):   102624 kB
Unevictable:        1940 kB
Mlocked:               0 kB
HighTotal:       1158144 kB
HighFree:           6324 kB
LowTotal:         741364 kB
LowFree:           47000 kB
SwapTotal:             0 kB
SwapFree:              0 kB
Dirty:               168 kB
Writeback:             0 kB
AnonPages:       1415032 kB
Mapped:           128112 kB
Shmem:              3472 kB
Slab:              32848 kB
SReclaimable:      11932 kB
SUnreclaim:        20916 kB
KernelStack:        6392 kB
PageTables:        12968 kB
NFS_Unstable:          0 kB
Bounce:                0 kB
WritebackTmp:          0 kB
CommitLimit:      949752 kB
Committed_AS:   14116508 kB
VmallocTotal:     245760 kB
VmallocUsed:       52468 kB
VmallocChunk:      75648 kB
1557737058.723046
MemTotal:        1899508 kB
MemFree:           55428 kB
Buffers:             984 kB
Cached:           169908 kB
SwapCached:            0 kB
Active:          1474000 kB
Inactive:         106692 kB
Active(anon):    1411880 kB
Inactive(anon):     3416 kB
Active(file):      62120 kB
Inactive(file):   103276 kB
Unevictable:        1940 kB
Mlocked:               0 kB
HighTotal:       1158144 kB
HighFree:           4492 kB
LowTotal:         741364 kB
LowFree:           50936 kB
SwapTotal:             0 kB
SwapFree:              0 kB
Dirty:               168 kB
Writeback:             0 kB
AnonPages:       1412084 kB
Mapped:           128184 kB
Shmem:              3472 kB
Slab:              32848 kB
SReclaimable:      11932 kB
SUnreclaim:        20916 kB
KernelStack:        6416 kB
PageTables:        13040 kB
NFS_Unstable:          0 kB
Bounce:                0 kB
WritebackTmp:          0 kB
CommitLimit:      949752 kB
Committed_AS:   14115788 kB
VmallocTotal:     245760 kB
VmallocUsed:       52468 kB
VmallocChunk:      75648 kB
1557737059.598100
MemTotal:        1899508 kB
MemFree:           53856 kB
Buffers:             992 kB
Cached:           171500 kB
SwapCached:            0 kB
Active:          1474328 kB
Inactive:         108356 kB
Active(anon):    1412208 kB
Inactive(anon):     3416 kB
Active(file):      62120 kB
Inactive(file):   104940 kB
Unevictable:        1940 kB
Mlocked:               0 kB
HighTotal:       1158144 kB
HighFree:           1804 kB
LowTotal:         741364 kB
LowFree:           52052 kB
SwapTotal:             0 kB
SwapFree:              0 kB
Dirty:                68 kB
Writeback:             0 kB
AnonPages:       1412240 kB
Mapped:           128572 kB
Shmem:              3472 kB
Slab:              32848 kB
SReclaimable:      11932 kB
SUnreclaim:        20916 kB
KernelStack:        6400 kB
PageTables:        13028 kB
NFS_Unstable:          0 kB
Bounce:                0 kB
WritebackTmp:          0 kB
CommitLimit:      949752 kB
Committed_AS:   14117224 kB
VmallocTotal:     245760 kB
VmallocUsed:       52468 kB
VmallocChunk:      75648 kB
1557737060.501234
MemTotal:        1899508 kB
MemFree:           53156 kB
Buffers:             992 kB
Cached:           172180 kB
SwapCached:            0 kB
Active:          1474264 kB
Inactive:         109024 kB
Active(anon):    1412144 kB
Inactive(anon):     3416 kB
Active(file):      62120 kB
Inactive(file):   105608 kB
Unevictable:        1940 kB
Mlocked:               0 kB
HighTotal:       1158144 kB
HighFree:           1812 kB
LowTotal:         741364 kB
LowFree:           51344 kB
SwapTotal:             0 kB
SwapFree:              0 kB
Dirty:                56 kB
Writeback:             0 kB
AnonPages:       1412308 kB
Mapped:           128560 kB
Shmem:              3472 kB
Slab:              32848 kB
SReclaimable:      11932 kB
SUnreclaim:        20916 kB
KernelStack:        6352 kB
PageTables:        12972 kB
NFS_Unstable:          0 kB
Bounce:                0 kB
WritebackTmp:          0 kB
CommitLimit:      949752 kB
Committed_AS:   14117316 kB
VmallocTotal:     245760 kB
VmallocUsed:       52468 kB
VmallocChunk:      75648 kB
1557737061.472841
MemTotal:        1899508 kB
MemFree:           52964 kB
Buffers:             992 kB
Cached:           172348 kB
SwapCached:            0 kB
Active:          1474332 kB
Inactive:         109188 kB
Active(anon):    1412212 kB
Inactive(anon):     3416 kB
Active(file):      62120 kB
Inactive(file):   105772 kB
Unevictable:        1940 kB
Mlocked:               0 kB
HighTotal:       1158144 kB
HighFree:           1744 kB
LowTotal:         741364 kB
LowFree:           51220 kB
SwapTotal:             0 kB
SwapFree:              0 kB
Dirty:                56 kB
Writeback:             0 kB
AnonPages:       1412372 kB
Mapped:           128480 kB
Shmem:              3472 kB
Slab:              32844 kB
SReclaimable:      11932 kB
SUnreclaim:        20912 kB
KernelStack:        6368 kB
PageTables:        13012 kB
NFS_Unstable:          0 kB
Bounce:                0 kB
WritebackTmp:          0 kB
CommitLimit:      949752 kB
Committed_AS:   14117344 kB
VmallocTotal:     245760 kB
VmallocUsed:       52468 kB
VmallocChunk:      75648 kB
1557737062.298574
MemTotal:        1899508 kB
MemFree:           50996 kB
Buffers:             992 kB
Cached:           172360 kB
SwapCached:            0 kB
Active:          1476400 kB
Inactive:         109232 kB
Active(anon):    1414280 kB
Inactive(anon):     3416 kB
Active(file):      62120 kB
Inactive(file):   105816 kB
Unevictable:        1940 kB
Mlocked:               0 kB
HighTotal:       1158144 kB
HighFree:           1740 kB
LowTotal:         741364 kB
LowFree:           49256 kB
SwapTotal:             0 kB
SwapFree:              0 kB
Dirty:                56 kB
Writeback:             0 kB
AnonPages:       1414408 kB
Mapped:           128644 kB
Shmem:              3472 kB
Slab:              32844 kB
SReclaimable:      11932 kB
SUnreclaim:        20912 kB
KernelStack:        6312 kB
PageTables:        13440 kB
NFS_Unstable:          0 kB
Bounce:                0 kB
WritebackTmp:          0 kB
CommitLimit:      949752 kB
Committed_AS:   14685492 kB
VmallocTotal:     245760 kB
VmallocUsed:       53488 kB
VmallocChunk:      75648 kB
1557737063.246110
MemTotal:        1899508 kB
MemFree:           51376 kB
Buffers:             992 kB
Cached:           172412 kB
SwapCached:            0 kB
Active:          1476524 kB
Inactive:         109284 kB
Active(anon):    1414404 kB
Inactive(anon):     3416 kB
Active(file):      62120 kB
Inactive(file):   105868 kB
Unevictable:        1940 kB
Mlocked:               0 kB
HighTotal:       1158144 kB
HighFree:           1784 kB
LowTotal:         741364 kB
LowFree:           49592 kB
SwapTotal:             0 kB
SwapFree:              0 kB
Dirty:                56 kB
Writeback:             0 kB
AnonPages:       1414296 kB
Mapped:           128584 kB
Shmem:              3472 kB
Slab:              32844 kB
SReclaimable:      11932 kB
SUnreclaim:        20912 kB
KernelStack:        6432 kB
PageTables:        13424 kB
NFS_Unstable:          0 kB
Bounce:                0 kB
WritebackTmp:          0 kB
CommitLimit:      949752 kB
Committed_AS:   14685552 kB
VmallocTotal:     245760 kB
VmallocUsed:       53488 kB
VmallocChunk:      75648 kB
1557737064.279405
MemTotal:        1899508 kB
MemFree:           50924 kB
Buffers:             992 kB
Cached:           172412 kB
SwapCached:            0 kB
Active:          1475860 kB
Inactive:         109284 kB
Active(anon):    1413740 kB
Inactive(anon):     3416 kB
Active(file):      62120 kB
Inactive(file):   105868 kB
Unevictable:        1940 kB
Mlocked:               0 kB
HighTotal:       1158144 kB
HighFree:           2008 kB
LowTotal:         741364 kB
LowFree:           48916 kB
SwapTotal:             0 kB
SwapFree:              0 kB
Dirty:                56 kB
Writeback:             0 kB
AnonPages:       1413876 kB
Mapped:           128600 kB
Shmem:              3472 kB
Slab:              32844 kB
SReclaimable:      11932 kB
SUnreclaim:        20912 kB
KernelStack:        6560 kB
PageTables:        13356 kB
NFS_Unstable:          0 kB
Bounce:                0 kB
WritebackTmp:          0 kB
CommitLimit:      949752 kB
Committed_AS:   14681472 kB
VmallocTotal:     245760 kB
VmallocUsed:       53488 kB
VmallocChunk:      75648 kB
1557737065.128461
MemTotal:        1899508 kB
MemFree:           51244 kB
Buffers:             992 kB
Cached:           172484 kB
SwapCached:            0 kB
Active:          1475988 kB
Inactive:         109356 kB
Active(anon):    1413868 kB
Inactive(anon):     3416 kB
Active(file):      62120 kB
Inactive(file):   105940 kB
Unevictable:        1940 kB
Mlocked:               0 kB
HighTotal:       1158144 kB
HighFree:           1772 kB
LowTotal:         741364 kB
LowFree:           49472 kB
SwapTotal:             0 kB
SwapFree:              0 kB
Dirty:                 0 kB
Writeback:            20 kB
AnonPages:       1413900 kB
Mapped:           128668 kB
Shmem:              3472 kB
Slab:              32844 kB
SReclaimable:      11932 kB
SUnreclaim:        20912 kB
KernelStack:        6408 kB
PageTables:        13408 kB
NFS_Unstable:          0 kB
Bounce:                0 kB
WritebackTmp:          0 kB
CommitLimit:      949752 kB
Committed_AS:   14681500 kB
VmallocTotal:     245760 kB
VmallocUsed:       53488 kB
VmallocChunk:      75648 kB
1557737066.045731
MemTotal:        1899508 kB
MemFree:           50712 kB
Buffers:             992 kB
Cached:           172664 kB
SwapCached:            0 kB
Active:          1476184 kB
Inactive:         109524 kB
Active(anon):    1414064 kB
Inactive(anon):     3416 kB
Active(file):      62120 kB
Inactive(file):   106108 kB
Unevictable:        1940 kB
Mlocked:               0 kB
HighTotal:       1158144 kB
HighFree:           1732 kB
LowTotal:         741364 kB
LowFree:           48980 kB
SwapTotal:             0 kB
SwapFree:              0 kB
Dirty:                 0 kB
Writeback:             0 kB
AnonPages:       1414064 kB
Mapped:           128588 kB
Shmem:              3472 kB
Slab:              32844 kB
SReclaimable:      11932 kB
SUnreclaim:        20912 kB
KernelStack:        6504 kB
PageTables:        13408 kB
NFS_Unstable:          0 kB
Bounce:                0 kB
WritebackTmp:          0 kB
CommitLimit:      949752 kB
Committed_AS:   14682452 kB
VmallocTotal:     245760 kB
VmallocUsed:       53488 kB
VmallocChunk:      75648 kB
1557737066.947226
MemTotal:        1899508 kB
MemFree:           50612 kB
Buffers:             992 kB
Cached:           172664 kB
SwapCached:            0 kB
Active:          1476132 kB
Inactive:         109536 kB
Active(anon):    1414012 kB
Inactive(anon):     3416 kB
Active(file):      62120 kB
Inactive(file):   106120 kB
Unevictable:        1940 kB
Mlocked:               0 kB
HighTotal:       1158144 kB
HighFree:           1660 kB
LowTotal:         741364 kB
LowFree:           48952 kB
SwapTotal:             0 kB
SwapFree:              0 kB
Dirty:                 0 kB
Writeback:             0 kB
AnonPages:       1413996 kB
Mapped:           128588 kB
Shmem:              3472 kB
Slab:              32844 kB
SReclaimable:      11932 kB
SUnreclaim:        20912 kB
KernelStack:        6440 kB
PageTables:        13408 kB
NFS_Unstable:          0 kB
Bounce:                0 kB
WritebackTmp:          0 kB
CommitLimit:      949752 kB
Committed_AS:   14682500 kB
VmallocTotal:     245760 kB
VmallocUsed:       53488 kB
VmallocChunk:      75648 kB
1557737067.871042
MemTotal:        1899508 kB
MemFree:           50596 kB
Buffers:             992 kB
Cached:           172664 kB
SwapCached:            0 kB
Active:          1476260 kB
Inactive:         109536 kB
Active(anon):    1414140 kB
Inactive(anon):     3416 kB
Active(file):      62120 kB
Inactive(file):   106120 kB
Unevictable:        1940 kB
Mlocked:               0 kB
HighTotal:       1158144 kB
HighFree:           1716 kB
LowTotal:         741364 kB
LowFree:           48880 kB
SwapTotal:             0 kB
SwapFree:              0 kB
Dirty:                 0 kB
Writeback:             0 kB
AnonPages:       1414144 kB
Mapped:           128612 kB
Shmem:              3472 kB
Slab:              32844 kB
SReclaimable:      11932 kB
SUnreclaim:        20912 kB
KernelStack:        6456 kB
PageTables:        13436 kB
NFS_Unstable:          0 kB
Bounce:                0 kB
WritebackTmp:          0 kB
CommitLimit:      949752 kB
Committed_AS:   14682764 kB
VmallocTotal:     245760 kB
VmallocUsed:       53488 kB
VmallocChunk:      75648 kB
1557737068.795985
MemTotal:        1899508 kB
MemFree:           50572 kB
Buffers:             992 kB
Cached:           172664 kB
SwapCached:            0 kB
Active:          1476284 kB
Inactive:         109536 kB
Active(anon):    1414164 kB
Inactive(anon):     3416 kB
Active(file):      62120 kB
Inactive(file):   106120 kB
Unevictable:        1940 kB
Mlocked:               0 kB
HighTotal:       1158144 kB
HighFree:           1720 kB
LowTotal:         741364 kB
LowFree:           48852 kB
SwapTotal:             0 kB
SwapFree:              0 kB
Dirty:                 0 kB
Writeback:             0 kB
AnonPages:       1414284 kB
Mapped:           128612 kB
Shmem:              3472 kB
Slab:              32844 kB
SReclaimable:      11932 kB
SUnreclaim:        20912 kB
KernelStack:        6464 kB
PageTables:        13436 kB
NFS_Unstable:          0 kB
Bounce:                0 kB
WritebackTmp:          0 kB
CommitLimit:      949752 kB
Committed_AS:   14683724 kB
VmallocTotal:     245760 kB
VmallocUsed:       53488 kB
VmallocChunk:      75648 kB
1557737069.610979
MemTotal:        1899508 kB
MemFree:           51416 kB
Buffers:             992 kB
Cached:           173144 kB
SwapCached:            0 kB
Active:          1474988 kB
Inactive:         110016 kB
Active(anon):    1412868 kB
Inactive(anon):     3416 kB
Active(file):      62120 kB
Inactive(file):   106600 kB
Unevictable:        1940 kB
Mlocked:               0 kB
HighTotal:       1158144 kB
HighFree:           1824 kB
LowTotal:         741364 kB
LowFree:           49592 kB
SwapTotal:             0 kB
SwapFree:              0 kB
Dirty:                 0 kB
Writeback:             0 kB
AnonPages:       1412916 kB
Mapped:           128676 kB
Shmem:              3472 kB
Slab:              32844 kB
SReclaimable:      11932 kB
SUnreclaim:        20912 kB
KernelStack:        6504 kB
PageTables:        13376 kB
NFS_Unstable:          0 kB
Bounce:                0 kB
WritebackTmp:          0 kB
CommitLimit:      949752 kB
Committed_AS:   14683764 kB
VmallocTotal:     245760 kB
VmallocUsed:       53488 kB
VmallocChunk:      75648 kB
1557737070.549727
MemTotal:        1899508 kB
MemFree:           50580 kB
Buffers:             992 kB
Cached:           173144 kB
SwapCached:            0 kB
Active:          1475552 kB
Inactive:         110016 kB
Active(anon):    1413432 kB
Inactive(anon):     3416 kB
Active(file):      62120 kB
Inactive(file):   106600 kB
Unevictable:        1940 kB
Mlocked:               0 kB
HighTotal:       1158144 kB
HighFree:           1796 kB
LowTotal:         741364 kB
LowFree:           48784 kB
SwapTotal:             0 kB
SwapFree:              0 kB
Dirty:                 0 kB
Writeback:             0 kB
AnonPages:       1413604 kB
Mapped:           128720 kB
Shmem:              3472 kB
Slab:              32844 kB
SReclaimable:      11932 kB
SUnreclaim:        20912 kB
KernelStack:        6424 kB
PageTables:        13448 kB
NFS_Unstable:          0 kB
Bounce:                0 kB
WritebackTmp:          0 kB
CommitLimit:      949752 kB
Committed_AS:   14684724 kB
VmallocTotal:     245760 kB
VmallocUsed:       53488 kB
VmallocChunk:      75648 kB
1557737071.472135
MemTotal:        1899508 kB
MemFree:           45696 kB
Buffers:            1008 kB
Cached:           177952 kB
SwapCached:            0 kB
Active:          1475756 kB
Inactive:         114740 kB
Active(anon):    1413636 kB
Inactive(anon):     3416 kB
Active(file):      62120 kB
Inactive(file):   111324 kB
Unevictable:        1940 kB
Mlocked:               0 kB
HighTotal:       1158144 kB
HighFree:           1732 kB
LowTotal:         741364 kB
LowFree:           43964 kB
SwapTotal:             0 kB
SwapFree:              0 kB
Dirty:               200 kB
Writeback:             0 kB
AnonPages:       1413604 kB
Mapped:           129152 kB
Shmem:              3472 kB
Slab:              32844 kB
SReclaimable:      11932 kB
SUnreclaim:        20912 kB
KernelStack:        6496 kB
PageTables:        13484 kB
NFS_Unstable:          0 kB
Bounce:                0 kB
WritebackTmp:          0 kB
CommitLimit:      949752 kB
Committed_AS:   14684804 kB
VmallocTotal:     245760 kB
VmallocUsed:       53488 kB
VmallocChunk:      75648 kB
1557737072.362922
MemTotal:        1899508 kB
MemFree:           45204 kB
Buffers:            1008 kB
Cached:           178040 kB
SwapCached:            0 kB
Active:          1476248 kB
Inactive:         114860 kB
Active(anon):    1414060 kB
Inactive(anon):     3416 kB
Active(file):      62188 kB
Inactive(file):   111444 kB
Unevictable:        1940 kB
Mlocked:               0 kB
HighTotal:       1158144 kB
HighFree:           1800 kB
LowTotal:         741364 kB
LowFree:           43404 kB
SwapTotal:             0 kB
SwapFree:              0 kB
Dirty:               204 kB
Writeback:             0 kB
AnonPages:       1414072 kB
Mapped:           129240 kB
Shmem:              3472 kB
Slab:              32844 kB
SReclaimable:      11932 kB
SUnreclaim:        20912 kB
KernelStack:        6464 kB
PageTables:        13428 kB
NFS_Unstable:          0 kB
Bounce:                0 kB
WritebackTmp:          0 kB
CommitLimit:      949752 kB
Committed_AS:   14685764 kB
VmallocTotal:     245760 kB
VmallocUsed:       53488 kB
VmallocChunk:      75648 kB
1557737073.210973
MemTotal:        1899508 kB
MemFree:           45200 kB
Buffers:            1008 kB
Cached:           178040 kB
SwapCached:            0 kB
Active:          1476248 kB
Inactive:         114860 kB
Active(anon):    1414060 kB
Inactive(anon):     3416 kB
Active(file):      62188 kB
Inactive(file):   111444 kB
Unevictable:        1940 kB
Mlocked:               0 kB
HighTotal:       1158144 kB
HighFree:           1800 kB
LowTotal:         741364 kB
LowFree:           43400 kB
SwapTotal:             0 kB
SwapFree:              0 kB
Dirty:               204 kB
Writeback:             0 kB
AnonPages:       1414072 kB
Mapped:           129048 kB
Shmem:              3472 kB
Slab:              32844 kB
SReclaimable:      11932 kB
SUnreclaim:        20912 kB
KernelStack:        6464 kB
PageTables:        13436 kB
NFS_Unstable:          0 kB
Bounce:                0 kB
WritebackTmp:          0 kB
CommitLimit:      949752 kB
Committed_AS:   14685804 kB
VmallocTotal:     245760 kB
VmallocUsed:       53488 kB
VmallocChunk:      75648 kB
1557737074.169843
MemTotal:        1899508 kB
MemFree:           45140 kB
Buffers:            1008 kB
Cached:           178040 kB
SwapCached:            0 kB
Active:          1476324 kB
Inactive:         114860 kB
Active(anon):    1414136 kB
Inactive(anon):     3416 kB
Active(file):      62188 kB
Inactive(file):   111444 kB
Unevictable:        1940 kB
Mlocked:               0 kB
HighTotal:       1158144 kB
HighFree:           1768 kB
LowTotal:         741364 kB
LowFree:           43372 kB
SwapTotal:             0 kB
SwapFree:              0 kB
Dirty:               204 kB
Writeback:             0 kB
AnonPages:       1414100 kB
Mapped:           129200 kB
Shmem:              3472 kB
Slab:              32844 kB
SReclaimable:      11932 kB
SUnreclaim:        20912 kB
KernelStack:        6456 kB
PageTables:        13432 kB
NFS_Unstable:          0 kB
Bounce:                0 kB
WritebackTmp:          0 kB
CommitLimit:      949752 kB
Committed_AS:   14685832 kB
VmallocTotal:     245760 kB
VmallocUsed:       53488 kB
VmallocChunk:      75648 kB
1557737075.122210
MemTotal:        1899508 kB
MemFree:           44872 kB
Buffers:            1008 kB
Cached:           178140 kB
SwapCached:            0 kB
Active:          1476276 kB
Inactive:         114928 kB
Active(anon):    1414088 kB
Inactive(anon):     3416 kB
Active(file):      62188 kB
Inactive(file):   111512 kB
Unevictable:        1940 kB
Mlocked:               0 kB
HighTotal:       1158144 kB
HighFree:           1740 kB
LowTotal:         741364 kB
LowFree:           43132 kB
SwapTotal:             0 kB
SwapFree:              0 kB
Dirty:               204 kB
Writeback:             0 kB
AnonPages:       1414116 kB
Mapped:           129108 kB
Shmem:              3472 kB
Slab:              32840 kB
SReclaimable:      11932 kB
SUnreclaim:        20908 kB
KernelStack:        6456 kB
PageTables:        13432 kB
NFS_Unstable:          0 kB
Bounce:                0 kB
WritebackTmp:          0 kB
CommitLimit:      949752 kB
Committed_AS:   14681592 kB
VmallocTotal:     245760 kB
VmallocUsed:       53488 kB
VmallocChunk:      75648 kB
1557737075.927064
MemTotal:        1899508 kB
MemFree:           44556 kB
Buffers:            1008 kB
Cached:           178444 kB
SwapCached:            0 kB
Active:          1476264 kB
Inactive:         115304 kB
Active(anon):    1414076 kB
Inactive(anon):     3416 kB
Active(file):      62188 kB
Inactive(file):   111888 kB
Unevictable:        1940 kB
Mlocked:               0 kB
HighTotal:       1158144 kB
HighFree:           1804 kB
LowTotal:         741364 kB
LowFree:           42752 kB
SwapTotal:             0 kB
SwapFree:              0 kB
Dirty:                 4 kB
Writeback:             0 kB
AnonPages:       1414068 kB
Mapped:           129116 kB
Shmem:              3472 kB
Slab:              32840 kB
SReclaimable:      11932 kB
SUnreclaim:        20908 kB
KernelStack:        6432 kB
PageTables:        13332 kB
NFS_Unstable:          0 kB
Bounce:                0 kB
WritebackTmp:          0 kB
CommitLimit:      949752 kB
Committed_AS:   14681512 kB
VmallocTotal:     245760 kB
VmallocUsed:       53488 kB
VmallocChunk:      75648 kB
1557737076.885202
MemTotal:        1899508 kB
MemFree:           44200 kB
Buffers:            1016 kB
Cached:           178500 kB
SwapCached:            0 kB
Active:          1476380 kB
Inactive:         115328 kB
Active(anon):    1414192 kB
Inactive(anon):     3416 kB
Active(file):      62188 kB
Inactive(file):   111912 kB
Unevictable:        1940 kB
Mlocked:               0 kB
HighTotal:       1158144 kB
HighFree:           1816 kB
LowTotal:         741364 kB
LowFree:           42384 kB
SwapTotal:             0 kB
SwapFree:              0 kB
Dirty:                 0 kB
Writeback:             0 kB
AnonPages:       1414140 kB
Mapped:           129176 kB
Shmem:              3472 kB
Slab:              32840 kB
SReclaimable:      11932 kB
SUnreclaim:        20908 kB
KernelStack:        6488 kB
PageTables:        13436 kB
NFS_Unstable:          0 kB
Bounce:                0 kB
WritebackTmp:          0 kB
CommitLimit:      949752 kB
Committed_AS:   14682484 kB
VmallocTotal:     245760 kB
VmallocUsed:       53488 kB
VmallocChunk:      75648 kB
1557737077.760549
MemTotal:        1899508 kB
MemFree:           44800 kB
Buffers:            1016 kB
Cached:           178568 kB
SwapCached:            0 kB
Active:          1476440 kB
Inactive:         115396 kB
Active(anon):    1414252 kB
Inactive(anon):     3416 kB
Active(file):      62188 kB
Inactive(file):   111980 kB
Unevictable:        1940 kB
Mlocked:               0 kB
HighTotal:       1158144 kB
HighFree:           1944 kB
LowTotal:         741364 kB
LowFree:           42856 kB
SwapTotal:             0 kB
SwapFree:              0 kB
Dirty:                40 kB
Writeback:             0 kB
AnonPages:       1414260 kB
Mapped:           129172 kB
Shmem:              3472 kB
Slab:              32840 kB
SReclaimable:      11932 kB
SUnreclaim:        20908 kB
KernelStack:        6488 kB
PageTables:        13472 kB
NFS_Unstable:          0 kB
Bounce:                0 kB
WritebackTmp:          0 kB
CommitLimit:      949752 kB
Committed_AS:   14682504 kB
VmallocTotal:     245760 kB
VmallocUsed:       53488 kB
VmallocChunk:      75648 kB
1557737078.643016
MemTotal:        1899508 kB
MemFree:           44600 kB
Buffers:            1016 kB
Cached:           178576 kB
SwapCached:            0 kB
Active:          1476424 kB
Inactive:         115404 kB
Active(anon):    1414236 kB
Inactive(anon):     3416 kB
Active(file):      62188 kB
Inactive(file):   111988 kB
Unevictable:        1940 kB
Mlocked:               0 kB
HighTotal:       1158144 kB
HighFree:           1680 kB
LowTotal:         741364 kB
LowFree:           42920 kB
SwapTotal:             0 kB
SwapFree:              0 kB
Dirty:                40 kB
Writeback:             0 kB
AnonPages:       1414140 kB
Mapped:           129200 kB
Shmem:              3472 kB
Slab:              32836 kB
SReclaimable:      11932 kB
SUnreclaim:        20904 kB
KernelStack:        6424 kB
PageTables:        13408 kB
NFS_Unstable:          0 kB
Bounce:                0 kB
WritebackTmp:          0 kB
CommitLimit:      949752 kB
Committed_AS:   14683452 kB
VmallocTotal:     245760 kB
VmallocUsed:       53488 kB
VmallocChunk:      75648 kB
1557737079.541541
MemTotal:        1899508 kB
MemFree:           45068 kB
Buffers:            1016 kB
Cached:           178576 kB
SwapCached:            0 kB
Active:          1475288 kB
Inactive:         115404 kB
Active(anon):    1413100 kB
Inactive(anon):     3416 kB
Active(file):      62188 kB
Inactive(file):   111988 kB
Unevictable:        1940 kB
Mlocked:               0 kB
HighTotal:       1158144 kB
HighFree:           1756 kB
LowTotal:         741364 kB
LowFree:           43312 kB
SwapTotal:             0 kB
SwapFree:              0 kB
Dirty:                40 kB
Writeback:             0 kB
AnonPages:       1413108 kB
Mapped:           129328 kB
Shmem:              3472 kB
Slab:              32836 kB
SReclaimable:      11932 kB
SUnreclaim:        20904 kB
KernelStack:        6392 kB
PageTables:        13448 kB
NFS_Unstable:          0 kB
Bounce:                0 kB
WritebackTmp:          0 kB
CommitLimit:      949752 kB
Committed_AS:   14683492 kB
VmallocTotal:     245760 kB
VmallocUsed:       53488 kB
VmallocChunk:      75648 kB
1557737080.385889
MemTotal:        1899508 kB
MemFree:           45696 kB
Buffers:            1020 kB
Cached:           178592 kB
SwapCached:            0 kB
Active:          1475328 kB
Inactive:         115408 kB
Active(anon):    1413140 kB
Inactive(anon):     3416 kB
Active(file):      62188 kB
Inactive(file):   111992 kB
Unevictable:        1940 kB
Mlocked:               0 kB
HighTotal:       1158144 kB
HighFree:           1880 kB
LowTotal:         741364 kB
LowFree:           43816 kB
SwapTotal:             0 kB
SwapFree:              0 kB
Dirty:                40 kB
Writeback:             0 kB
AnonPages:       1413052 kB
Mapped:           129136 kB
Shmem:              3472 kB
Slab:              32836 kB
SReclaimable:      11932 kB
SUnreclaim:        20904 kB
KernelStack:        6424 kB
PageTables:        13408 kB
NFS_Unstable:          0 kB
Bounce:                0 kB
WritebackTmp:          0 kB
CommitLimit:      949752 kB
Committed_AS:   14683532 kB
VmallocTotal:     245760 kB
VmallocUsed:       53488 kB
VmallocChunk:      75648 kB
1557737081.290900
MemTotal:        1899508 kB
MemFree:           40852 kB
Buffers:             488 kB
Cached:           165764 kB
SwapCached:            0 kB
Active:          1489072 kB
Inactive:          98180 kB
Active(anon):    1423352 kB
Inactive(anon):     3416 kB
Active(file):      65720 kB
Inactive(file):    94764 kB
Unevictable:        1940 kB
Mlocked:               0 kB
HighTotal:       1158144 kB
HighFree:            768 kB
LowTotal:         741364 kB
LowFree:           40084 kB
SwapTotal:             0 kB
SwapFree:              0 kB
Dirty:                40 kB
Writeback:             0 kB
AnonPages:       1423372 kB
Mapped:           142764 kB
Shmem:              3472 kB
Slab:              32836 kB
SReclaimable:      11932 kB
SUnreclaim:        20904 kB
KernelStack:        6416 kB
PageTables:        13016 kB
NFS_Unstable:          0 kB
Bounce:                0 kB
WritebackTmp:          0 kB
CommitLimit:      949752 kB
Committed_AS:   14117264 kB
VmallocTotal:     245760 kB
VmallocUsed:       52660 kB
VmallocChunk:      75648 kB
1557737082.272106
MemTotal:        1899508 kB
MemFree:           50392 kB
Buffers:             488 kB
Cached:           158252 kB
SwapCached:            0 kB
Active:          1490824 kB
Inactive:          89156 kB
Active(anon):    1423404 kB
Inactive(anon):     3416 kB
Active(file):      67420 kB
Inactive(file):    85740 kB
Unevictable:        1940 kB
Mlocked:               0 kB
HighTotal:       1158144 kB
HighFree:           4240 kB
LowTotal:         741364 kB
LowFree:           46152 kB
SwapTotal:             0 kB
SwapFree:              0 kB
Dirty:                 0 kB
Writeback:             0 kB
AnonPages:       1423360 kB
Mapped:           142716 kB
Shmem:              3472 kB
Slab:              32832 kB
SReclaimable:      11932 kB
SUnreclaim:        20900 kB
KernelStack:        6352 kB
PageTables:        13072 kB
NFS_Unstable:          0 kB
Bounce:                0 kB
WritebackTmp:          0 kB
CommitLimit:      949752 kB
Committed_AS:   14117376 kB
VmallocTotal:     245760 kB
VmallocUsed:       52660 kB
VmallocChunk:      75648 kB
1557737083.138365
MemTotal:        1899508 kB
MemFree:           57128 kB
Buffers:             408 kB
Cached:           115116 kB
SwapCached:            0 kB
Active:          1470164 kB
Inactive:          58020 kB
Active(anon):    1414680 kB
Inactive(anon):     4976 kB
Active(file):      55484 kB
Inactive(file):    53044 kB
Unevictable:        1940 kB
Mlocked:               0 kB
HighTotal:       1158144 kB
HighFree:          13332 kB
LowTotal:         741364 kB
LowFree:           43796 kB
SwapTotal:             0 kB
SwapFree:              0 kB
Dirty:                 0 kB
Writeback:             0 kB
AnonPages:       1414940 kB
Mapped:           131076 kB
Shmem:              5088 kB
Slab:              32828 kB
SReclaimable:      11932 kB
SUnreclaim:        20896 kB
KernelStack:        6216 kB
PageTables:        11452 kB
NFS_Unstable:          0 kB
Bounce:                0 kB
WritebackTmp:          0 kB
CommitLimit:      949752 kB
Committed_AS:   11873648 kB
VmallocTotal:     245760 kB
VmallocUsed:       51064 kB
VmallocChunk:      75648 kB
1557737084.389923
MemTotal:        1899508 kB
MemFree:           56756 kB
Buffers:             480 kB
Cached:           113004 kB
SwapCached:            0 kB
Active:          1471556 kB
Inactive:          57580 kB
Active(anon):    1417764 kB
Inactive(anon):     5072 kB
Active(file):      53792 kB
Inactive(file):    52508 kB
Unevictable:        1940 kB
Mlocked:               0 kB
HighTotal:       1158144 kB
HighFree:          11312 kB
LowTotal:         741364 kB
LowFree:           45444 kB
SwapTotal:             0 kB
SwapFree:              0 kB
Dirty:                 8 kB
Writeback:             0 kB
AnonPages:       1417776 kB
Mapped:           131052 kB
Shmem:              5140 kB
Slab:              32856 kB
SReclaimable:      11932 kB
SUnreclaim:        20924 kB
KernelStack:        5984 kB
PageTables:        11504 kB
NFS_Unstable:          0 kB
Bounce:                0 kB
WritebackTmp:          0 kB
CommitLimit:      949752 kB
Committed_AS:   11886260 kB
VmallocTotal:     245760 kB
VmallocUsed:       51064 kB
VmallocChunk:      75648 kB
1557737085.165461
MemTotal:        1899508 kB
MemFree:           55500 kB
Buffers:             644 kB
Cached:           111184 kB
SwapCached:            0 kB
Active:          1478464 kB
Inactive:          50248 kB
Active(anon):    1419064 kB
Inactive(anon):     5284 kB
Active(file):      59400 kB
Inactive(file):    44964 kB
Unevictable:        1940 kB
Mlocked:               0 kB
HighTotal:       1158144 kB
HighFree:           7772 kB
LowTotal:         741364 kB
LowFree:           47728 kB
SwapTotal:             0 kB
SwapFree:              0 kB
Dirty:                56 kB
Writeback:             0 kB
AnonPages:       1419012 kB
Mapped:           129828 kB
Shmem:              5400 kB
Slab:              32860 kB
SReclaimable:      11932 kB
SUnreclaim:        20928 kB
KernelStack:        6144 kB
PageTables:        11488 kB
NFS_Unstable:          0 kB
Bounce:                0 kB
WritebackTmp:          0 kB
CommitLimit:      949752 kB
Committed_AS:   11887312 kB
VmallocTotal:     245760 kB
VmallocUsed:       51064 kB
VmallocChunk:      75648 kB
1557737086.144619
MemTotal:        1899508 kB
MemFree:           58032 kB
Buffers:             656 kB
Cached:           110452 kB
SwapCached:            0 kB
Active:          1477116 kB
Inactive:          50948 kB
Active(anon):    1419048 kB
Inactive(anon):     5324 kB
Active(file):      58068 kB
Inactive(file):    45624 kB
Unevictable:        1940 kB
Mlocked:               0 kB
HighTotal:       1158144 kB
HighFree:           8784 kB
LowTotal:         741364 kB
LowFree:           49248 kB
SwapTotal:             0 kB
SwapFree:              0 kB
Dirty:                92 kB
Writeback:             0 kB
AnonPages:       1418932 kB
Mapped:           129660 kB
Shmem:              5420 kB
Slab:              32860 kB
SReclaimable:      11932 kB
SUnreclaim:        20928 kB
KernelStack:        5984 kB
PageTables:        11532 kB
NFS_Unstable:          0 kB
Bounce:                0 kB
WritebackTmp:          0 kB
CommitLimit:      949752 kB
Committed_AS:   11887432 kB
VmallocTotal:     245760 kB
VmallocUsed:       51064 kB
VmallocChunk:      75648 kB
1557737087.112044
MemTotal:        1899508 kB
MemFree:           47936 kB
Buffers:             704 kB
Cached:           102020 kB
SwapCached:            0 kB
Active:          1489004 kB
Inactive:          49520 kB
Active(anon):    1438480 kB
Inactive(anon):     5328 kB
Active(file):      50524 kB
Inactive(file):    44192 kB
Unevictable:        1940 kB
Mlocked:               0 kB
HighTotal:       1158144 kB
HighFree:           3076 kB
LowTotal:         741364 kB
LowFree:           44860 kB
SwapTotal:             0 kB
SwapFree:              0 kB
Dirty:                80 kB
Writeback:           108 kB
AnonPages:       1438384 kB
Mapped:           124208 kB
Shmem:              5512 kB
Slab:              32892 kB
SReclaimable:      11964 kB
SUnreclaim:        20928 kB
KernelStack:        5992 kB
PageTables:        11532 kB
NFS_Unstable:          0 kB
Bounce:                0 kB
WritebackTmp:          0 kB
CommitLimit:      949752 kB
Committed_AS:   11911948 kB
VmallocTotal:     245760 kB
VmallocUsed:       51064 kB
VmallocChunk:      75648 kB
1557737088.170474
MemTotal:        1899508 kB
MemFree:           66140 kB
Buffers:             704 kB
Cached:           101112 kB
SwapCached:            0 kB
Active:          1481888 kB
Inactive:          49236 kB
Active(anon):    1431712 kB
Inactive(anon):     5364 kB
Active(file):      50176 kB
Inactive(file):    43872 kB
Unevictable:        1940 kB
Mlocked:               0 kB
HighTotal:       1158144 kB
HighFree:           9812 kB
LowTotal:         741364 kB
LowFree:           56328 kB
SwapTotal:             0 kB
SwapFree:              0 kB
Dirty:                 0 kB
Writeback:             0 kB
AnonPages:       1431548 kB
Mapped:           113000 kB
Shmem:              5572 kB
Slab:              32904 kB
SReclaimable:      11984 kB
SUnreclaim:        20920 kB
KernelStack:        6056 kB
PageTables:        11596 kB
NFS_Unstable:          0 kB
Bounce:                0 kB
WritebackTmp:          0 kB
CommitLimit:      949752 kB
Committed_AS:   11911980 kB
VmallocTotal:     245760 kB
VmallocUsed:       50944 kB
VmallocChunk:      75648 kB
1557737089.107845
MemTotal:        1899508 kB
MemFree:           63476 kB
Buffers:             724 kB
Cached:           101140 kB
SwapCached:            0 kB
Active:          1484808 kB
Inactive:          49480 kB
Active(anon):    1434584 kB
Inactive(anon):     5400 kB
Active(file):      50224 kB
Inactive(file):    44080 kB
Unevictable:        1940 kB
Mlocked:               0 kB
HighTotal:       1158144 kB
HighFree:           7140 kB
LowTotal:         741364 kB
LowFree:           56336 kB
SwapTotal:             0 kB
SwapFree:              0 kB
Dirty:               100 kB
Writeback:             0 kB
AnonPages:       1434284 kB
Mapped:           113092 kB
Shmem:              5616 kB
Slab:              32904 kB
SReclaimable:      11984 kB
SUnreclaim:        20920 kB
KernelStack:        6056 kB
PageTables:        11680 kB
NFS_Unstable:          0 kB
Bounce:                0 kB
WritebackTmp:          0 kB
CommitLimit:      949752 kB
Committed_AS:   11912044 kB
VmallocTotal:     245760 kB
VmallocUsed:       50944 kB
VmallocChunk:      75648 kB
1557737090.083263
MemTotal:        1899508 kB
MemFree:           61480 kB
Buffers:             744 kB
Cached:           103124 kB
SwapCached:            0 kB
Active:          1484888 kB
Inactive:          51332 kB
Active(anon):    1434648 kB
Inactive(anon):     5400 kB
Active(file):      50240 kB
Inactive(file):    45932 kB
Unevictable:        1940 kB
Mlocked:               0 kB
HighTotal:       1158144 kB
HighFree:           5032 kB
LowTotal:         741364 kB
LowFree:           56448 kB
SwapTotal:             0 kB
SwapFree:              0 kB
Dirty:               104 kB
Writeback:             0 kB
AnonPages:       1434556 kB
Mapped:           113184 kB
Shmem:              5616 kB
Slab:              32904 kB
SReclaimable:      11984 kB
SUnreclaim:        20920 kB
KernelStack:        6056 kB
PageTables:        11576 kB
NFS_Unstable:          0 kB
Bounce:                0 kB
WritebackTmp:          0 kB
CommitLimit:      949752 kB
Committed_AS:   11912772 kB
VmallocTotal:     245760 kB
VmallocUsed:       50944 kB
VmallocChunk:      75648 kB
1557737091.069730
MemTotal:        1899508 kB
MemFree:           58568 kB
Buffers:             744 kB
Cached:           103384 kB
SwapCached:            0 kB
Active:          1488240 kB
Inactive:          51672 kB
Active(anon):    1437984 kB
Inactive(anon):     5400 kB
Active(file):      50256 kB
Inactive(file):    46272 kB
Unevictable:        1940 kB
Mlocked:               0 kB
HighTotal:       1158144 kB
HighFree:          10780 kB
LowTotal:         741364 kB
LowFree:           47788 kB
SwapTotal:             0 kB
SwapFree:              0 kB
Dirty:               112 kB
Writeback:             0 kB
AnonPages:       1437896 kB
Mapped:           113304 kB
Shmem:              5616 kB
Slab:              32936 kB
SReclaimable:      11984 kB
SUnreclaim:        20952 kB
KernelStack:        6072 kB
PageTables:        11588 kB
NFS_Unstable:          0 kB
Bounce:                0 kB
WritebackTmp:          0 kB
CommitLimit:      949752 kB
Committed_AS:   11924064 kB
VmallocTotal:     245760 kB
VmallocUsed:       50944 kB
VmallocChunk:      75648 kB
1557737092.019708
MemTotal:        1899508 kB
MemFree:           71204 kB
Buffers:             744 kB
Cached:           103496 kB
SwapCached:            0 kB
Active:          1483456 kB
Inactive:          51784 kB
Active(anon):    1433200 kB
Inactive(anon):     5400 kB
Active(file):      50256 kB
Inactive(file):    46384 kB
Unevictable:        1940 kB
Mlocked:               0 kB
HighTotal:       1158144 kB
HighFree:          11112 kB
LowTotal:         741364 kB
LowFree:           60092 kB
SwapTotal:             0 kB
SwapFree:              0 kB
Dirty:               112 kB
Writeback:             0 kB
AnonPages:       1432896 kB
Mapped:           104680 kB
Shmem:              5616 kB
Slab:              32936 kB
SReclaimable:      11984 kB
SUnreclaim:        20952 kB
KernelStack:        6064 kB
PageTables:        11612 kB
NFS_Unstable:          0 kB
Bounce:                0 kB
WritebackTmp:          0 kB
CommitLimit:      949752 kB
Committed_AS:   11924724 kB
VmallocTotal:     245760 kB
VmallocUsed:       50848 kB
VmallocChunk:      75648 kB
1557737093.039911
MemTotal:        1899508 kB
MemFree:           70996 kB
Buffers:             744 kB
Cached:           103688 kB
SwapCached:            0 kB
Active:          1483300 kB
Inactive:          52016 kB
Active(anon):    1433044 kB
Inactive(anon):     5400 kB
Active(file):      50256 kB
Inactive(file):    46616 kB
Unevictable:        1940 kB
Mlocked:               0 kB
HighTotal:       1158144 kB
HighFree:          10844 kB
LowTotal:         741364 kB
LowFree:           60152 kB
SwapTotal:             0 kB
SwapFree:              0 kB
Dirty:               112 kB
Writeback:             0 kB
AnonPages:       1432832 kB
Mapped:           104712 kB
Shmem:              5616 kB
Slab:              32936 kB
SReclaimable:      11984 kB
SUnreclaim:        20952 kB
KernelStack:        6048 kB
PageTables:        11620 kB
NFS_Unstable:          0 kB
Bounce:                0 kB
WritebackTmp:          0 kB
CommitLimit:      949752 kB
Committed_AS:   11924732 kB
VmallocTotal:     245760 kB
VmallocUsed:       50848 kB
VmallocChunk:      75648 kB
1557737094.044584
MemTotal:        1899508 kB
MemFree:           67476 kB
Buffers:             760 kB
Cached:           103904 kB
SwapCached:            0 kB
Active:          1487240 kB
Inactive:          52248 kB
Active(anon):    1436984 kB
Inactive(anon):     5400 kB
Active(file):      50256 kB
Inactive(file):    46848 kB
Unevictable:        1940 kB
Mlocked:               0 kB
HighTotal:       1158144 kB
HighFree:           6872 kB
LowTotal:         741364 kB
LowFree:           60604 kB
SwapTotal:             0 kB
SwapFree:              0 kB
Dirty:                12 kB
Writeback:             0 kB
AnonPages:       1436892 kB
Mapped:           104572 kB
Shmem:              5616 kB
Slab:              32968 kB
SReclaimable:      11984 kB
SUnreclaim:        20984 kB
KernelStack:        6088 kB
PageTables:        11620 kB
NFS_Unstable:          0 kB
Bounce:                0 kB
WritebackTmp:          0 kB
CommitLimit:      949752 kB
Committed_AS:   11925464 kB
VmallocTotal:     245760 kB
VmallocUsed:       50848 kB
VmallocChunk:      75648 kB
1557737095.006044
MemTotal:        1899508 kB
MemFree:           47888 kB
Buffers:             772 kB
Cached:           115264 kB
SwapCached:            0 kB
Active:          1501520 kB
Inactive:          54920 kB
Active(anon):    1442664 kB
Inactive(anon):     5400 kB
Active(file):      58856 kB
Inactive(file):    49520 kB
Unevictable:        1940 kB
Mlocked:               0 kB
HighTotal:       1158144 kB
HighFree:           3164 kB
LowTotal:         741364 kB
LowFree:           44724 kB
SwapTotal:             0 kB
SwapFree:              0 kB
Dirty:                44 kB
Writeback:             0 kB
AnonPages:       1442684 kB
Mapped:           107564 kB
Shmem:              5616 kB
Slab:              32964 kB
SReclaimable:      11984 kB
SUnreclaim:        20980 kB
KernelStack:        6136 kB
PageTables:        12000 kB
NFS_Unstable:          0 kB
Bounce:                0 kB
WritebackTmp:          0 kB
CommitLimit:      949752 kB
Committed_AS:   12493840 kB
VmallocTotal:     245760 kB
VmallocUsed:       51868 kB
VmallocChunk:      75648 kB
1557737095.973803
MemTotal:        1899508 kB
MemFree:           51588 kB
Buffers:             796 kB
Cached:           115012 kB
SwapCached:            0 kB
Active:          1501960 kB
Inactive:          52768 kB
Active(anon):    1441152 kB
Inactive(anon):     5400 kB
Active(file):      60808 kB
Inactive(file):    47368 kB
Unevictable:        1940 kB
Mlocked:               0 kB
HighTotal:       1158144 kB
HighFree:           2836 kB
LowTotal:         741364 kB
LowFree:           48752 kB
SwapTotal:             0 kB
SwapFree:              0 kB
Dirty:                60 kB
Writeback:             0 kB
AnonPages:       1440912 kB
Mapped:           101744 kB
Shmem:              5616 kB
Slab:              32952 kB
SReclaimable:      11984 kB
SUnreclaim:        20968 kB
KernelStack:        6072 kB
PageTables:        11588 kB
NFS_Unstable:          0 kB
Bounce:                0 kB
WritebackTmp:          0 kB
CommitLimit:      949752 kB
Committed_AS:   11924004 kB
VmallocTotal:     245760 kB
VmallocUsed:       50848 kB
VmallocChunk:      75648 kB
1557737096.840914
MemTotal:        1899508 kB
MemFree:           51468 kB
Buffers:             796 kB
Cached:           114716 kB
SwapCached:            0 kB
Active:          1503336 kB
Inactive:          52484 kB
Active(anon):    1442468 kB
Inactive(anon):     5400 kB
Active(file):      60868 kB
Inactive(file):    47084 kB
Unevictable:        1940 kB
Mlocked:               0 kB
HighTotal:       1158144 kB
HighFree:           7564 kB
LowTotal:         741364 kB
LowFree:           43904 kB
SwapTotal:             0 kB
SwapFree:              0 kB
Dirty:                60 kB
Writeback:             0 kB
AnonPages:       1442368 kB
Mapped:           101600 kB
Shmem:              5616 kB
Slab:              32952 kB
SReclaimable:      11984 kB
SUnreclaim:        20968 kB
KernelStack:        6040 kB
PageTables:        11608 kB
NFS_Unstable:          0 kB
Bounce:                0 kB
WritebackTmp:          0 kB
CommitLimit:      949752 kB
Committed_AS:   11940928 kB
VmallocTotal:     245760 kB
VmallocUsed:       50848 kB
VmallocChunk:      75648 kB
1557737097.832600
MemTotal:        1899508 kB
MemFree:           49668 kB
Buffers:             796 kB
Cached:           114772 kB
SwapCached:            0 kB
Active:          1504700 kB
Inactive:          52524 kB
Active(anon):    1443816 kB
Inactive(anon):     5400 kB
Active(file):      60884 kB
Inactive(file):    47124 kB
Unevictable:        1940 kB
Mlocked:               0 kB
HighTotal:       1158144 kB
HighFree:           5540 kB
LowTotal:         741364 kB
LowFree:           44128 kB
SwapTotal:             0 kB
SwapFree:              0 kB
Dirty:               100 kB
Writeback:             0 kB
AnonPages:       1443716 kB
Mapped:           101612 kB
Shmem:              5616 kB
Slab:              32952 kB
SReclaimable:      11984 kB
SUnreclaim:        20968 kB
KernelStack:        6040 kB
PageTables:        11612 kB
NFS_Unstable:          0 kB
Bounce:                0 kB
WritebackTmp:          0 kB
CommitLimit:      949752 kB
Committed_AS:   11941664 kB
VmallocTotal:     245760 kB
VmallocUsed:       50848 kB
VmallocChunk:      75648 kB
1557737098.797520
MemTotal:        1899508 kB
MemFree:           81812 kB
Buffers:             804 kB
Cached:           109316 kB
SwapCached:            0 kB
Active:          1478412 kB
Inactive:          46364 kB
Active(anon):    1417048 kB
Inactive(anon):     5736 kB
Active(file):      61364 kB
Inactive(file):    40628 kB
Unevictable:        1940 kB
Mlocked:               0 kB
HighTotal:       1158144 kB
HighFree:          19116 kB
LowTotal:         741364 kB
LowFree:           62696 kB
SwapTotal:             0 kB
SwapFree:              0 kB
Dirty:               652 kB
Writeback:             0 kB
AnonPages:       1416580 kB
Mapped:           102132 kB
Shmem:              6128 kB
Slab:              32996 kB
SReclaimable:      12016 kB
SUnreclaim:        20980 kB
KernelStack:        6088 kB
PageTables:        11616 kB
NFS_Unstable:          0 kB
Bounce:                0 kB
WritebackTmp:          0 kB
CommitLimit:      949752 kB
Committed_AS:   11947776 kB
VmallocTotal:     245760 kB
VmallocUsed:       50848 kB
VmallocChunk:      75648 kB
1557737099.743698
MemTotal:        1899508 kB
MemFree:           75540 kB
Buffers:             816 kB
Cached:           113236 kB
SwapCached:            0 kB
Active:          1480884 kB
Inactive:          50152 kB
Active(anon):    1419388 kB
Inactive(anon):     5708 kB
Active(file):      61496 kB
Inactive(file):    44444 kB
Unevictable:        1940 kB
Mlocked:               0 kB
HighTotal:       1158144 kB
HighFree:          12852 kB
LowTotal:         741364 kB
LowFree:           62688 kB
SwapTotal:             0 kB
SwapFree:              0 kB
Dirty:               220 kB
Writeback:             0 kB
AnonPages:       1418896 kB
Mapped:           102904 kB
Shmem:              6128 kB
Slab:              32988 kB
SReclaimable:      12016 kB
SUnreclaim:        20972 kB
KernelStack:        6040 kB
PageTables:        11628 kB
NFS_Unstable:          0 kB
Bounce:                0 kB
WritebackTmp:          0 kB
CommitLimit:      949752 kB
Committed_AS:   11948400 kB
VmallocTotal:     245760 kB
VmallocUsed:       50848 kB
VmallocChunk:      75648 kB
1557737100.846735
MemTotal:        1899508 kB
MemFree:           74872 kB
Buffers:             832 kB
Cached:           113200 kB
SwapCached:            0 kB
Active:          1481604 kB
Inactive:          50172 kB
Active(anon):    1420108 kB
Inactive(anon):     5708 kB
Active(file):      61496 kB
Inactive(file):    44464 kB
Unevictable:        1940 kB
Mlocked:               0 kB
HighTotal:       1158144 kB
HighFree:          11924 kB
LowTotal:         741364 kB
LowFree:           62948 kB
SwapTotal:             0 kB
SwapFree:              0 kB
Dirty:               252 kB
Writeback:             0 kB
AnonPages:       1419768 kB
Mapped:           102920 kB
Shmem:              6128 kB
Slab:              32984 kB
SReclaimable:      12016 kB
SUnreclaim:        20968 kB
KernelStack:        6088 kB
PageTables:        11616 kB
NFS_Unstable:          0 kB
Bounce:                0 kB
WritebackTmp:          0 kB
CommitLimit:      949752 kB
Committed_AS:   11948572 kB
VmallocTotal:     245760 kB
VmallocUsed:       50848 kB
VmallocChunk:      75648 kB
1557737101.810426
MemTotal:        1899508 kB
MemFree:           72992 kB
Buffers:             832 kB
Cached:           113520 kB
SwapCached:            0 kB
Active:          1483128 kB
Inactive:          50492 kB
Active(anon):    1421632 kB
Inactive(anon):     5708 kB
Active(file):      61496 kB
Inactive(file):    44784 kB
Unevictable:        1940 kB
Mlocked:               0 kB
HighTotal:       1158144 kB
HighFree:          10040 kB
LowTotal:         741364 kB
LowFree:           62952 kB
SwapTotal:             0 kB
SwapFree:              0 kB
Dirty:               252 kB
Writeback:             0 kB
AnonPages:       1421248 kB
Mapped:           103000 kB
Shmem:              6128 kB
Slab:              33012 kB
SReclaimable:      12016 kB
SUnreclaim:        20996 kB
KernelStack:        6088 kB
PageTables:        11624 kB
NFS_Unstable:          0 kB
Bounce:                0 kB
WritebackTmp:          0 kB
CommitLimit:      949752 kB
Committed_AS:   11945000 kB
VmallocTotal:     245760 kB
VmallocUsed:       50848 kB
VmallocChunk:      75648 kB
1557737102.767871
MemTotal:        1899508 kB
MemFree:           73876 kB
Buffers:             832 kB
Cached:           113520 kB
SwapCached:            0 kB
Active:          1482148 kB
Inactive:          50492 kB
Active(anon):    1420652 kB
Inactive(anon):     5708 kB
Active(file):      61496 kB
Inactive(file):    44784 kB
Unevictable:        1940 kB
Mlocked:               0 kB
HighTotal:       1158144 kB
HighFree:          10040 kB
LowTotal:         741364 kB
LowFree:           63836 kB
SwapTotal:             0 kB
SwapFree:              0 kB
Dirty:               252 kB
Writeback:             0 kB
AnonPages:       1420256 kB
Mapped:           103004 kB
Shmem:              6128 kB
Slab:              33012 kB
SReclaimable:      12016 kB
SUnreclaim:        20996 kB
KernelStack:        6040 kB
PageTables:        11616 kB
NFS_Unstable:          0 kB
Bounce:                0 kB
WritebackTmp:          0 kB
CommitLimit:      949752 kB
Committed_AS:   11944940 kB
VmallocTotal:     245760 kB
VmallocUsed:       50848 kB
VmallocChunk:      75648 kB
1557737103.893164
MemTotal:        1899508 kB
MemFree:           71988 kB
Buffers:             832 kB
Cached:           113520 kB
SwapCached:            0 kB
Active:          1484508 kB
Inactive:          50492 kB
Active(anon):    1423012 kB
Inactive(anon):     5708 kB
Active(file):      61496 kB
Inactive(file):    44784 kB
Unevictable:        1940 kB
Mlocked:               0 kB
HighTotal:       1158144 kB
HighFree:           7856 kB
LowTotal:         741364 kB
LowFree:           64132 kB
SwapTotal:             0 kB
SwapFree:              0 kB
Dirty:                28 kB
Writeback:             0 kB
AnonPages:       1422716 kB
Mapped:           103000 kB
Shmem:              6128 kB
Slab:              33012 kB
SReclaimable:      12016 kB
SUnreclaim:        20996 kB
KernelStack:        6040 kB
PageTables:        11624 kB
NFS_Unstable:          0 kB
Bounce:                0 kB
WritebackTmp:          0 kB
CommitLimit:      949752 kB
Committed_AS:   11945616 kB
VmallocTotal:     245760 kB
VmallocUsed:       50848 kB
VmallocChunk:      75648 kB
1557737105.027266
MemTotal:        1899508 kB
MemFree:           72496 kB
Buffers:             848 kB
Cached:           113644 kB
SwapCached:            0 kB
Active:          1482880 kB
Inactive:          50600 kB
Active(anon):    1421372 kB
Inactive(anon):     5688 kB
Active(file):      61508 kB
Inactive(file):    44912 kB
Unevictable:        1940 kB
Mlocked:               0 kB
HighTotal:       1158144 kB
HighFree:           8236 kB
LowTotal:         741364 kB
LowFree:           64260 kB
SwapTotal:             0 kB
SwapFree:              0 kB
Dirty:                52 kB
Writeback:             0 kB
AnonPages:       1420892 kB
Mapped:           103180 kB
Shmem:              6128 kB
Slab:              33024 kB
SReclaimable:      12020 kB
SUnreclaim:        21004 kB
KernelStack:        6168 kB
PageTables:        11976 kB
NFS_Unstable:          0 kB
Bounce:                0 kB
WritebackTmp:          0 kB
CommitLimit:      949752 kB
Committed_AS:   12513168 kB
VmallocTotal:     245760 kB
VmallocUsed:       51868 kB
VmallocChunk:      75648 kB
1557737105.999100
MemTotal:        1899508 kB
MemFree:           70412 kB
Buffers:             848 kB
Cached:           113644 kB
SwapCached:            0 kB
Active:          1484968 kB
Inactive:          50600 kB
Active(anon):    1423460 kB
Inactive(anon):     5688 kB
Active(file):      61508 kB
Inactive(file):    44912 kB
Unevictable:        1940 kB
Mlocked:               0 kB
HighTotal:       1158144 kB
HighFree:           6132 kB
LowTotal:         741364 kB
LowFree:           64280 kB
SwapTotal:             0 kB
SwapFree:              0 kB
Dirty:                52 kB
Writeback:             0 kB
AnonPages:       1423012 kB
Mapped:           103276 kB
Shmem:              6128 kB
Slab:              33020 kB
SReclaimable:      12020 kB
SUnreclaim:        21000 kB
KernelStack:        6120 kB
PageTables:        11964 kB
NFS_Unstable:          0 kB
Bounce:                0 kB
WritebackTmp:          0 kB
CommitLimit:      949752 kB
Committed_AS:   12514140 kB
VmallocTotal:     245760 kB
VmallocUsed:       51868 kB
VmallocChunk:      75648 kB
1557737107.187677
MemTotal:        1899508 kB
MemFree:           71232 kB
Buffers:             848 kB
Cached:           113644 kB
SwapCached:            0 kB
Active:          1483868 kB
Inactive:          50600 kB
Active(anon):    1422360 kB
Inactive(anon):     5688 kB
Active(file):      61508 kB
Inactive(file):    44912 kB
Unevictable:        1940 kB
Mlocked:               0 kB
HighTotal:       1158144 kB
HighFree:           6996 kB
LowTotal:         741364 kB
LowFree:           64236 kB
SwapTotal:             0 kB
SwapFree:              0 kB
Dirty:                52 kB
Writeback:             0 kB
AnonPages:       1421964 kB
Mapped:           103220 kB
Shmem:              6128 kB
Slab:              33020 kB
SReclaimable:      12020 kB
SUnreclaim:        21000 kB
KernelStack:        6104 kB
PageTables:        11952 kB
NFS_Unstable:          0 kB
Bounce:                0 kB
WritebackTmp:          0 kB
CommitLimit:      949752 kB
Committed_AS:   12514140 kB
VmallocTotal:     245760 kB
VmallocUsed:       51868 kB
VmallocChunk:      75648 kB
1557737108.155975
MemTotal:        1899508 kB
MemFree:           69752 kB
Buffers:             864 kB
Cached:           113824 kB
SwapCached:            0 kB
Active:          1485632 kB
Inactive:          50756 kB
Active(anon):    1424124 kB
Inactive(anon):     5688 kB
Active(file):      61508 kB
Inactive(file):    45068 kB
Unevictable:        1940 kB
Mlocked:               0 kB
HighTotal:       1158144 kB
HighFree:           4568 kB
LowTotal:         741364 kB
LowFree:           65184 kB
SwapTotal:             0 kB
SwapFree:              0 kB
Dirty:                52 kB
Writeback:             0 kB
AnonPages:       1423720 kB
Mapped:           103100 kB
Shmem:              6128 kB
Slab:              33020 kB
SReclaimable:      12020 kB
SUnreclaim:        21000 kB
KernelStack:        6104 kB
PageTables:        11960 kB
NFS_Unstable:          0 kB
Bounce:                0 kB
WritebackTmp:          0 kB
CommitLimit:      949752 kB
Committed_AS:   12514888 kB
VmallocTotal:     245760 kB
VmallocUsed:       51868 kB
VmallocChunk:      75648 kB
1557737109.161859
MemTotal:        1899508 kB
MemFree:           70428 kB
Buffers:             864 kB
Cached:           113900 kB
SwapCached:            0 kB
Active:          1486372 kB
Inactive:          50872 kB
Active(anon):    1424864 kB
Inactive(anon):     5688 kB
Active(file):      61508 kB
Inactive(file):    45184 kB
Unevictable:        1940 kB
Mlocked:               0 kB
HighTotal:       1158144 kB
HighFree:           4640 kB
LowTotal:         741364 kB
LowFree:           65788 kB
SwapTotal:             0 kB
SwapFree:              0 kB
Dirty:                52 kB
Writeback:             0 kB
AnonPages:       1424380 kB
Mapped:           103376 kB
Shmem:              6128 kB
Slab:              33024 kB
SReclaimable:      12020 kB
SUnreclaim:        21004 kB
KernelStack:        6120 kB
PageTables:        11988 kB
NFS_Unstable:          0 kB
Bounce:                0 kB
WritebackTmp:          0 kB
CommitLimit:      949752 kB
Committed_AS:   12514988 kB
VmallocTotal:     245760 kB
VmallocUsed:       51868 kB
VmallocChunk:      75648 kB
1557737110.161650
MemTotal:        1899508 kB
MemFree:           69220 kB
Buffers:             880 kB
Cached:           114008 kB
SwapCached:            0 kB
Active:          1486808 kB
Inactive:          50988 kB
Active(anon):    1425300 kB
Inactive(anon):     5688 kB
Active(file):      61508 kB
Inactive(file):    45300 kB
Unevictable:        1940 kB
Mlocked:               0 kB
HighTotal:       1158144 kB
HighFree:           3732 kB
LowTotal:         741364 kB
LowFree:           65488 kB
SwapTotal:             0 kB
SwapFree:              0 kB
Dirty:                36 kB
Writeback:             0 kB
