MemTotal:         482068 kB
MemFree:            4036 kB
Buffers:            1152 kB
Cached:            90980 kB
SwapCached:            0 kB
Active:           353268 kB
Inactive:          53912 kB
Active(anon):     315944 kB
Inactive(anon):      672 kB
Active(file):      37324 kB
Inactive(file):    53240 kB
Unevictable:        1256 kB
Mlocked:               0 kB
HighTotal:             0 kB
HighFree:              0 kB
LowTotal:         482068 kB
LowFree:            4036 kB
SwapTotal:             0 kB
SwapFree:              0 kB
Dirty:                 0 kB
Writeback:             0 kB
AnonPages:        316292 kB
Mapped:            58808 kB
Shmem:               344 kB
Slab:              18528 kB
SReclaimable:       4828 kB
SUnreclaim:        13700 kB
KernelStack:        4848 kB
PageTables:         6500 kB
NFS_Unstable:          0 kB
Bounce:                0 kB
WritebackTmp:          0 kB
CommitLimit:      241032 kB
Committed_AS:    3749716 kB
VmallocTotal:     507904 kB
VmallocUsed:      108776 kB
VmallocChunk:     112576 kB
1557577070.000000
MemTotal:         482068 kB
MemFree:            3772 kB
Buffers:            1024 kB
Cached:            89160 kB
SwapCached:            0 kB
Active:           363652 kB
Inactive:          46244 kB
Active(anon):     320768 kB
Inactive(anon):      672 kB
Active(file):      42884 kB
Inactive(file):    45572 kB
Unevictable:        1256 kB
Mlocked:               0 kB
HighTotal:             0 kB
HighFree:              0 kB
LowTotal:         482068 kB
LowFree:            3772 kB
SwapTotal:             0 kB
SwapFree:              0 kB
Dirty:                 0 kB
Writeback:             0 kB
AnonPages:        321092 kB
Mapped:            61912 kB
Shmem:               344 kB
Slab:              18544 kB
SReclaimable:       4828 kB
SUnreclaim:        13716 kB
KernelStack:        4928 kB
PageTables:         6564 kB
NFS_Unstable:          0 kB
Bounce:                0 kB
WritebackTmp:          0 kB
CommitLimit:      241032 kB
Committed_AS:    3755408 kB
VmallocTotal:     507904 kB
VmallocUsed:      105560 kB
VmallocChunk:     112576 kB
1557577071.000000
MemTotal:         482068 kB
MemFree:            3948 kB
Buffers:             360 kB
Cached:            85232 kB
SwapCached:            0 kB
Active:           365480 kB
Inactive:          42804 kB
Active(anon):     323672 kB
Inactive(anon):      672 kB
Active(file):      41808 kB
Inactive(file):    42132 kB
Unevictable:        1256 kB
Mlocked:               0 kB
HighTotal:             0 kB
HighFree:              0 kB
LowTotal:         482068 kB
LowFree:            3948 kB
SwapTotal:             0 kB
SwapFree:              0 kB
Dirty:                12 kB
Writeback:             0 kB
AnonPages:        324056 kB
Mapped:            66016 kB
Shmem:               344 kB
Slab:              18556 kB
SReclaimable:       4824 kB
SUnreclaim:        13732 kB
KernelStack:        4952 kB
PageTables:         6608 kB
NFS_Unstable:          0 kB
Bounce:                0 kB
WritebackTmp:          0 kB
CommitLimit:      241032 kB
Committed_AS:    3759584 kB
VmallocTotal:     507904 kB
VmallocUsed:      107364 kB
VmallocChunk:     112576 kB
1557577072.000000
MemTotal:         482068 kB
MemFree:            4116 kB
Buffers:             352 kB
Cached:            73028 kB
SwapCached:            0 kB
Active:           366976 kB
Inactive:          36592 kB
Active(anon):     331172 kB
Inactive(anon):      672 kB
Active(file):      35804 kB
Inactive(file):    35920 kB
Unevictable:        1256 kB
Mlocked:               0 kB
HighTotal:             0 kB
HighFree:              0 kB
LowTotal:         482068 kB
LowFree:            4116 kB
SwapTotal:             0 kB
SwapFree:              0 kB
Dirty:                 8 kB
Writeback:             0 kB
AnonPages:        331468 kB
Mapped:            70520 kB
Shmem:               344 kB
Slab:              18552 kB
SReclaimable:       4824 kB
SUnreclaim:        13728 kB
KernelStack:        5096 kB
PageTables:         6780 kB
NFS_Unstable:          0 kB
Bounce:                0 kB
WritebackTmp:          0 kB
CommitLimit:      241032 kB
Committed_AS:    3768160 kB
VmallocTotal:     507904 kB
VmallocUsed:      108988 kB
VmallocChunk:     112576 kB
1557577073.000000
MemTotal:         482068 kB
MemFree:            3984 kB
Buffers:             348 kB
Cached:            64984 kB
SwapCached:            0 kB
Active:           370452 kB
Inactive:          32656 kB
Active(anon):     338680 kB
Inactive(anon):      672 kB
Active(file):      31772 kB
Inactive(file):    31984 kB
Unevictable:        1256 kB
Mlocked:               0 kB
HighTotal:             0 kB
HighFree:              0 kB
LowTotal:         482068 kB
LowFree:            3984 kB
SwapTotal:             0 kB
SwapFree:              0 kB
Dirty:                 4 kB
Writeback:             0 kB
AnonPages:        339012 kB
Mapped:            68440 kB
Shmem:               344 kB
Slab:              18552 kB
SReclaimable:       4824 kB
SUnreclaim:        13728 kB
KernelStack:        5144 kB
PageTables:         6736 kB
NFS_Unstable:          0 kB
Bounce:                0 kB
WritebackTmp:          0 kB
CommitLimit:      241032 kB
Committed_AS:    3775296 kB
VmallocTotal:     507904 kB
VmallocUsed:      107380 kB
VmallocChunk:     112576 kB
1557577073.000000
MemTotal:         482068 kB
MemFree:            3728 kB
Buffers:             244 kB
Cached:            61428 kB
SwapCached:            0 kB
Active:           372300 kB
Inactive:          30756 kB
Active(anon):     342388 kB
Inactive(anon):      672 kB
Active(file):      29912 kB
Inactive(file):    30084 kB
Unevictable:        1256 kB
Mlocked:               0 kB
HighTotal:             0 kB
HighFree:              0 kB
LowTotal:         482068 kB
LowFree:            3728 kB
SwapTotal:             0 kB
SwapFree:              0 kB
Dirty:                52 kB
Writeback:             0 kB
AnonPages:        342728 kB
Mapped:            61440 kB
Shmem:               344 kB
Slab:              18552 kB
SReclaimable:       4824 kB
SUnreclaim:        13728 kB
KernelStack:        5152 kB
PageTables:         6816 kB
NFS_Unstable:          0 kB
Bounce:                0 kB
WritebackTmp:          0 kB
CommitLimit:      241032 kB
Committed_AS:    3779052 kB
VmallocTotal:     507904 kB
VmallocUsed:      107380 kB
VmallocChunk:     112576 kB
1557577074.000000
MemTotal:         482068 kB
MemFree:            3928 kB
Buffers:             160 kB
Cached:            58900 kB
SwapCached:            0 kB
Active:           373148 kB
Inactive:          29456 kB
Active(anon):     344508 kB
Inactive(anon):      672 kB
Active(file):      28640 kB
Inactive(file):    28784 kB
Unevictable:        1256 kB
Mlocked:               0 kB
HighTotal:             0 kB
HighFree:              0 kB
LowTotal:         482068 kB
LowFree:            3928 kB
SwapTotal:             0 kB
SwapFree:              0 kB
Dirty:                40 kB
Writeback:             8 kB
AnonPages:        344896 kB
Mapped:            52328 kB
Shmem:               344 kB
Slab:              18548 kB
SReclaimable:       4824 kB
SUnreclaim:        13724 kB
KernelStack:        5176 kB
PageTables:         6768 kB
NFS_Unstable:          0 kB
Bounce:                0 kB
WritebackTmp:          0 kB
CommitLimit:      241032 kB
Committed_AS:    3783068 kB
VmallocTotal:     507904 kB
VmallocUsed:      107380 kB
VmallocChunk:     112576 kB
1557577075.000000
MemTotal:         482068 kB
MemFree:            3764 kB
Buffers:             156 kB
Cached:            54572 kB
SwapCached:            0 kB
Active:           375060 kB
Inactive:          27492 kB
Active(anon):     348824 kB
Inactive(anon):      672 kB
Active(file):      26236 kB
Inactive(file):    26820 kB
Unevictable:        1256 kB
Mlocked:               0 kB
HighTotal:             0 kB
HighFree:              0 kB
LowTotal:         482068 kB
LowFree:            3764 kB
SwapTotal:             0 kB
SwapFree:              0 kB
Dirty:                40 kB
Writeback:             8 kB
AnonPages:        349152 kB
Mapped:            50504 kB
Shmem:               344 kB
Slab:              18548 kB
SReclaimable:       4824 kB
SUnreclaim:        13724 kB
KernelStack:        5176 kB
PageTables:         6768 kB
NFS_Unstable:          0 kB
Bounce:                0 kB
WritebackTmp:          0 kB
CommitLimit:      241032 kB
Committed_AS:    3786588 kB
VmallocTotal:     507904 kB
VmallocUsed:      108132 kB
VmallocChunk:     112576 kB
1557577076.000000
MemTotal:         482068 kB
MemFree:            3844 kB
Buffers:             540 kB
Cached:            46540 kB
SwapCached:            0 kB
Active:           376616 kB
Inactive:          23452 kB
Active(anon):     353920 kB
Inactive(anon):      672 kB
Active(file):      22696 kB
Inactive(file):    22780 kB
Unevictable:        1256 kB
Mlocked:               0 kB
HighTotal:             0 kB
HighFree:              0 kB
LowTotal:         482068 kB
LowFree:            3844 kB
SwapTotal:             0 kB
SwapFree:              0 kB
Dirty:                76 kB
Writeback:             0 kB
AnonPages:        354324 kB
Mapped:            48788 kB
Shmem:               344 kB
Slab:              18756 kB
SReclaimable:       4980 kB
SUnreclaim:        13776 kB
KernelStack:        5240 kB
PageTables:         6848 kB
NFS_Unstable:          0 kB
Bounce:                0 kB
WritebackTmp:          0 kB
CommitLimit:      241032 kB
Committed_AS:    3794808 kB
VmallocTotal:     507904 kB
VmallocUsed:      109764 kB
VmallocChunk:     112576 kB
1557577077.000000
MemTotal:         482068 kB
MemFree:           11328 kB
Buffers:             484 kB
Cached:            44564 kB
SwapCached:            0 kB
Active:           371392 kB
Inactive:          21904 kB
Active(anon):     349216 kB
Inactive(anon):      680 kB
Active(file):      22176 kB
Inactive(file):    21224 kB
Unevictable:        1256 kB
Mlocked:               0 kB
HighTotal:             0 kB
HighFree:              0 kB
LowTotal:         482068 kB
LowFree:           11328 kB
SwapTotal:             0 kB
SwapFree:              0 kB
Dirty:               172 kB
Writeback:             0 kB
AnonPages:        349528 kB
Mapped:            46544 kB
Shmem:               352 kB
Slab:              18756 kB
SReclaimable:       4976 kB
SUnreclaim:        13780 kB
KernelStack:        5184 kB
PageTables:         6280 kB
NFS_Unstable:          0 kB
Bounce:                0 kB
WritebackTmp:          0 kB
CommitLimit:      241032 kB
Committed_AS:    3570828 kB
VmallocTotal:     507904 kB
VmallocUsed:      105668 kB
VmallocChunk:     112576 kB
1557577078.000000
MemTotal:         482068 kB
MemFree:           21324 kB
Buffers:             252 kB
Cached:            43632 kB
SwapCached:            0 kB
Active:           360132 kB
Inactive:          20044 kB
Active(anon):     337196 kB
Inactive(anon):      680 kB
Active(file):      22936 kB
Inactive(file):    19364 kB
Unevictable:        1256 kB
Mlocked:               0 kB
HighTotal:             0 kB
HighFree:              0 kB
LowTotal:         482068 kB
LowFree:           21324 kB
SwapTotal:             0 kB
SwapFree:              0 kB
Dirty:                 0 kB
Writeback:            76 kB
AnonPages:        337540 kB
Mapped:            47060 kB
Shmem:               352 kB
Slab:              18712 kB
SReclaimable:       4936 kB
SUnreclaim:        13776 kB
KernelStack:        5048 kB
PageTables:         5812 kB
NFS_Unstable:          0 kB
Bounce:                0 kB
WritebackTmp:          0 kB
CommitLimit:      241032 kB
Committed_AS:    3387564 kB
VmallocTotal:     507904 kB
VmallocUsed:      105128 kB
VmallocChunk:     112576 kB
1557577079.000000
MemTotal:         482068 kB
MemFree:            3748 kB
Buffers:             256 kB
Cached:            59196 kB
SwapCached:            0 kB
Active:           362352 kB
Inactive:          35572 kB
Active(anon):     339416 kB
Inactive(anon):      688 kB
Active(file):      22936 kB
Inactive(file):    34884 kB
Unevictable:        1256 kB
Mlocked:               0 kB
HighTotal:             0 kB
HighFree:              0 kB
LowTotal:         482068 kB
LowFree:            3748 kB
SwapTotal:             0 kB
SwapFree:              0 kB
Dirty:                12 kB
Writeback:             0 kB
AnonPages:        339764 kB
Mapped:            50076 kB
Shmem:               360 kB
Slab:              18684 kB
SReclaimable:       4900 kB
SUnreclaim:        13784 kB
KernelStack:        4968 kB
PageTables:         5856 kB
NFS_Unstable:          0 kB
Bounce:                0 kB
WritebackTmp:          0 kB
CommitLimit:      241032 kB
Committed_AS:    3388964 kB
VmallocTotal:     507904 kB
VmallocUsed:      105128 kB
VmallocChunk:     112576 kB
1557577080.000000
MemTotal:         482068 kB
MemFree:            3980 kB
Buffers:             196 kB
Cached:            59364 kB
SwapCached:            0 kB
Active:           365320 kB
Inactive:          34172 kB
Active(anon):     340972 kB
Inactive(anon):      688 kB
Active(file):      24348 kB
Inactive(file):    33484 kB
Unevictable:        1256 kB
Mlocked:               0 kB
HighTotal:             0 kB
HighFree:              0 kB
LowTotal:         482068 kB
LowFree:            3980 kB
SwapTotal:             0 kB
SwapFree:              0 kB
Dirty:                60 kB
Writeback:             0 kB
AnonPages:        341288 kB
Mapped:            49684 kB
Shmem:               360 kB
Slab:              18680 kB
SReclaimable:       4892 kB
SUnreclaim:        13788 kB
KernelStack:        4984 kB
PageTables:         5940 kB
NFS_Unstable:          0 kB
Bounce:                0 kB
WritebackTmp:          0 kB
CommitLimit:      241032 kB
Committed_AS:    3390152 kB
VmallocTotal:     507904 kB
VmallocUsed:      105136 kB
VmallocChunk:     112576 kB
1557577081.000000
MemTotal:         482068 kB
MemFree:            3932 kB
Buffers:             168 kB
Cached:            58304 kB
SwapCached:            0 kB
Active:           371096 kB
Inactive:          29908 kB
Active(anon):     343544 kB
Inactive(anon):      688 kB
Active(file):      27552 kB
Inactive(file):    29220 kB
Unevictable:        1256 kB
Mlocked:               0 kB
HighTotal:             0 kB
HighFree:              0 kB
LowTotal:         482068 kB
LowFree:            3932 kB
SwapTotal:             0 kB
SwapFree:              0 kB
Dirty:                80 kB
Writeback:             0 kB
AnonPages:        343948 kB
Mapped:            51716 kB
Shmem:               360 kB
Slab:              18696 kB
SReclaimable:       4892 kB
SUnreclaim:        13804 kB
KernelStack:        5016 kB
PageTables:         5888 kB
NFS_Unstable:          0 kB
Bounce:                0 kB
WritebackTmp:          0 kB
CommitLimit:      241032 kB
Committed_AS:    3392964 kB
VmallocTotal:     507904 kB
VmallocUsed:      105128 kB
VmallocChunk:     112576 kB
1557577082.000000
MemTotal:         482068 kB
MemFree:            4128 kB
Buffers:             248 kB
Cached:            51028 kB
SwapCached:            0 kB
Active:           376712 kB
Inactive:          25528 kB
Active(anon):     351956 kB
Inactive(anon):      688 kB
Active(file):      24756 kB
Inactive(file):    24840 kB
Unevictable:        1256 kB
Mlocked:               0 kB
HighTotal:             0 kB
HighFree:              0 kB
LowTotal:         482068 kB
LowFree:            4128 kB
SwapTotal:             0 kB
SwapFree:              0 kB
Dirty:               616 kB
Writeback:             0 kB
AnonPages:        352356 kB
Mapped:            52916 kB
Shmem:               360 kB
Slab:              18708 kB
SReclaimable:       4892 kB
SUnreclaim:        13816 kB
KernelStack:        5168 kB
PageTables:         6352 kB
NFS_Unstable:          0 kB
Bounce:                0 kB
WritebackTmp:          0 kB
CommitLimit:      241032 kB
Committed_AS:    3626504 kB
VmallocTotal:     507904 kB
VmallocUsed:      109216 kB
VmallocChunk:     112576 kB
1557577083.000000
MemTotal:         482068 kB
MemFree:            3544 kB
Buffers:             256 kB
Cached:            46524 kB
SwapCached:            0 kB
Active:           373464 kB
Inactive:          25300 kB
Active(anon):     353528 kB
Inactive(anon):     3060 kB
Active(file):      19936 kB
Inactive(file):    22240 kB
Unevictable:        1964 kB
Mlocked:            3812 kB
HighTotal:             0 kB
HighFree:              0 kB
LowTotal:         482068 kB
LowFree:            3544 kB
SwapTotal:             0 kB
SwapFree:              0 kB
Dirty:               712 kB
Writeback:             0 kB
AnonPages:        354072 kB
Mapped:            51336 kB
Shmem:              3296 kB
Slab:              18748 kB
SReclaimable:       4892 kB
SUnreclaim:        13856 kB
KernelStack:        5248 kB
PageTables:         6412 kB
NFS_Unstable:          0 kB
Bounce:                0 kB
WritebackTmp:          0 kB
CommitLimit:      241032 kB
Committed_AS:    3675220 kB
VmallocTotal:     507904 kB
VmallocUsed:      112660 kB
VmallocChunk:     112576 kB
1557577084.000000
MemTotal:         482068 kB
MemFree:            4280 kB
Buffers:             196 kB
Cached:            44232 kB
SwapCached:            0 kB
Active:           374952 kB
Inactive:          22884 kB
Active(anon):     354924 kB
Inactive(anon):     3056 kB
Active(file):      20028 kB
Inactive(file):    19828 kB
Unevictable:        1964 kB
Mlocked:            3812 kB
HighTotal:             0 kB
HighFree:              0 kB
LowTotal:         482068 kB
LowFree:            4280 kB
SwapTotal:             0 kB
SwapFree:              0 kB
Dirty:                64 kB
Writeback:             0 kB
AnonPages:        355484 kB
Mapped:            50588 kB
Shmem:              3296 kB
Slab:              18804 kB
SReclaimable:       4892 kB
SUnreclaim:        13912 kB
KernelStack:        5280 kB
PageTables:         6432 kB
NFS_Unstable:          0 kB
Bounce:                0 kB
WritebackTmp:          0 kB
CommitLimit:      241032 kB
Committed_AS:    3678924 kB
VmallocTotal:     507904 kB
VmallocUsed:      112660 kB
VmallocChunk:     112576 kB
1557577086.000000
MemTotal:         482068 kB
MemFree:            4140 kB
Buffers:             188 kB
Cached:            42544 kB
SwapCached:            0 kB
Active:           375796 kB
Inactive:          21868 kB
Active(anon):     356472 kB
Inactive(anon):     3064 kB
Active(file):      19324 kB
Inactive(file):    18804 kB
Unevictable:        1964 kB
Mlocked:            3812 kB
HighTotal:             0 kB
HighFree:              0 kB
LowTotal:         482068 kB
LowFree:            4140 kB
SwapTotal:             0 kB
SwapFree:              0 kB
Dirty:                76 kB
Writeback:             0 kB
AnonPages:        356944 kB
Mapped:            49220 kB
Shmem:              3308 kB
Slab:              18772 kB
SReclaimable:       4892 kB
SUnreclaim:        13880 kB
KernelStack:        5296 kB
PageTables:         6516 kB
NFS_Unstable:          0 kB
Bounce:                0 kB
WritebackTmp:          0 kB
CommitLimit:      241032 kB
Committed_AS:    3679708 kB
VmallocTotal:     507904 kB
VmallocUsed:      112668 kB
VmallocChunk:     112576 kB
1557577087.000000
MemTotal:         482068 kB
MemFree:            4072 kB
Buffers:             180 kB
Cached:            44972 kB
SwapCached:            0 kB
Active:           373704 kB
Inactive:          24000 kB
Active(anon):     354172 kB
Inactive(anon):     3064 kB
Active(file):      19532 kB
Inactive(file):    20936 kB
Unevictable:        1964 kB
Mlocked:            3812 kB
HighTotal:             0 kB
HighFree:              0 kB
LowTotal:         482068 kB
LowFree:            4072 kB
SwapTotal:             0 kB
SwapFree:              0 kB
Dirty:                84 kB
Writeback:             0 kB
AnonPages:        354680 kB
Mapped:            48416 kB
Shmem:              3328 kB
Slab:              18720 kB
SReclaimable:       4892 kB
SUnreclaim:        13828 kB
KernelStack:        5240 kB
PageTables:         6208 kB
NFS_Unstable:          0 kB
Bounce:                0 kB
WritebackTmp:          0 kB
CommitLimit:      241032 kB
Committed_AS:    3531584 kB
VmallocTotal:     507904 kB
VmallocUsed:      110616 kB
VmallocChunk:     112576 kB
1557577088.000000
MemTotal:         482068 kB
MemFree:            8608 kB
Buffers:             312 kB
Cached:            41200 kB
SwapCached:            0 kB
Active:           371984 kB
Inactive:          21476 kB
Active(anon):     353524 kB
Inactive(anon):     3060 kB
Active(file):      18460 kB
Inactive(file):    18416 kB
Unevictable:        1964 kB
Mlocked:            3812 kB
HighTotal:             0 kB
HighFree:              0 kB
LowTotal:         482068 kB
LowFree:            8608 kB
SwapTotal:             0 kB
SwapFree:              0 kB
Dirty:                84 kB
Writeback:             0 kB
AnonPages:        352284 kB
Mapped:            48848 kB
Shmem:              3328 kB
Slab:              18724 kB
SReclaimable:       4892 kB
SUnreclaim:        13832 kB
KernelStack:        5248 kB
PageTables:         6220 kB
NFS_Unstable:          0 kB
Bounce:                0 kB
WritebackTmp:          0 kB
CommitLimit:      241032 kB
Committed_AS:    3533428 kB
VmallocTotal:     507904 kB
VmallocUsed:      110616 kB
VmallocChunk:     112576 kB
1557577089.000000
MemTotal:         482068 kB
MemFree:           10160 kB
Buffers:             404 kB
Cached:            47068 kB
SwapCached:            0 kB
Active:           364628 kB
Inactive:          27432 kB
Active(anon):     346168 kB
Inactive(anon):     3064 kB
Active(file):      18460 kB
Inactive(file):    24368 kB
Unevictable:        1964 kB
Mlocked:            3812 kB
HighTotal:             0 kB
HighFree:              0 kB
LowTotal:         482068 kB
LowFree:           10160 kB
SwapTotal:             0 kB
SwapFree:              0 kB
Dirty:                76 kB
Writeback:             0 kB
AnonPages:        346572 kB
Mapped:            50020 kB
Shmem:              3332 kB
Slab:              18696 kB
SReclaimable:       4888 kB
SUnreclaim:        13808 kB
KernelStack:        5128 kB
PageTables:         5948 kB
NFS_Unstable:          0 kB
Bounce:                0 kB
WritebackTmp:          0 kB
CommitLimit:      241032 kB
Committed_AS:    3412832 kB
VmallocTotal:     507904 kB
VmallocUsed:      108572 kB
VmallocChunk:     112576 kB
1557577091.000000
MemTotal:         482068 kB
MemFree:            4184 kB
Buffers:             184 kB
Cached:            52296 kB
SwapCached:            0 kB
Active:           368996 kB
Inactive:          29088 kB
Active(anon):     347244 kB
Inactive(anon):     3060 kB
Active(file):      21752 kB
Inactive(file):    26028 kB
Unevictable:        1964 kB
Mlocked:            3812 kB
HighTotal:             0 kB
HighFree:              0 kB
LowTotal:         482068 kB
LowFree:            4184 kB
SwapTotal:             0 kB
SwapFree:              0 kB
Dirty:                 0 kB
Writeback:             0 kB
AnonPages:        347784 kB
Mapped:            50964 kB
Shmem:              3328 kB
Slab:              18704 kB
SReclaimable:       4888 kB
SUnreclaim:        13816 kB
KernelStack:        5128 kB
PageTables:         5948 kB
NFS_Unstable:          0 kB
Bounce:                0 kB
WritebackTmp:          0 kB
CommitLimit:      241032 kB
Committed_AS:    3413884 kB
VmallocTotal:     507904 kB
VmallocUsed:      108572 kB
VmallocChunk:     112576 kB
1557577092.000000
MemTotal:         482068 kB
MemFree:            3856 kB
Buffers:             368 kB
Cached:            49788 kB
SwapCached:            0 kB
Active:           372280 kB
Inactive:          26060 kB
Active(anon):     349652 kB
Inactive(anon):     3056 kB
Active(file):      22628 kB
Inactive(file):    23004 kB
Unevictable:        1964 kB
Mlocked:            3812 kB
HighTotal:             0 kB
HighFree:              0 kB
LowTotal:         482068 kB
LowFree:            3856 kB
SwapTotal:             0 kB
SwapFree:              0 kB
Dirty:                60 kB
Writeback:             0 kB
AnonPages:        350156 kB
Mapped:            53444 kB
Shmem:              3324 kB
Slab:              18728 kB
SReclaimable:       4884 kB
SUnreclaim:        13844 kB
KernelStack:        5216 kB
PageTables:         6160 kB
NFS_Unstable:          0 kB
Bounce:                0 kB
WritebackTmp:          0 kB
CommitLimit:      241032 kB
Committed_AS:    3530272 kB
VmallocTotal:     507904 kB
VmallocUsed:      110616 kB
VmallocChunk:     112576 kB
1557577093.000000
MemTotal:         482068 kB
MemFree:            4320 kB
Buffers:             192 kB
Cached:            45860 kB
SwapCached:            0 kB
Active:           373612 kB
Inactive:          23836 kB
Active(anon):     352916 kB
Inactive(anon):     3060 kB
Active(file):      20696 kB
Inactive(file):    20776 kB
Unevictable:        1964 kB
Mlocked:            3812 kB
HighTotal:             0 kB
HighFree:              0 kB
LowTotal:         482068 kB
LowFree:            4320 kB
SwapTotal:             0 kB
SwapFree:              0 kB
Dirty:                32 kB
Writeback:             0 kB
AnonPages:        353356 kB
Mapped:            51736 kB
Shmem:              3328 kB
Slab:              18792 kB
SReclaimable:       4884 kB
SUnreclaim:        13908 kB
KernelStack:        5240 kB
PageTables:         6216 kB
NFS_Unstable:          0 kB
Bounce:                0 kB
WritebackTmp:          0 kB
CommitLimit:      241032 kB
Committed_AS:    3558512 kB
VmallocTotal:     507904 kB
VmallocUsed:      110624 kB
VmallocChunk:     112576 kB
1557577095.000000
MemTotal:         482068 kB
MemFree:            3576 kB
Buffers:             148 kB
Cached:            45740 kB
SwapCached:            0 kB
Active:           374408 kB
Inactive:          24420 kB
Active(anon):     354584 kB
Inactive(anon):     3060 kB
Active(file):      19824 kB
Inactive(file):    21360 kB
Unevictable:        1964 kB
Mlocked:            3812 kB
HighTotal:             0 kB
HighFree:              0 kB
LowTotal:         482068 kB
LowFree:            3576 kB
SwapTotal:             0 kB
SwapFree:              0 kB
Dirty:                20 kB
Writeback:             0 kB
AnonPages:        355008 kB
Mapped:            49224 kB
Shmem:              3328 kB
Slab:              18768 kB
SReclaimable:       4884 kB
SUnreclaim:        13884 kB
KernelStack:        5248 kB
PageTables:         6224 kB
NFS_Unstable:          0 kB
Bounce:                0 kB
WritebackTmp:          0 kB
CommitLimit:      241032 kB
Committed_AS:    3561288 kB
VmallocTotal:     507904 kB
VmallocUsed:      110624 kB
VmallocChunk:     112576 kB
1557577097.000000
MemTotal:         482068 kB
MemFree:            3948 kB
Buffers:             140 kB
Cached:            44648 kB
SwapCached:            0 kB
Active:           374472 kB
Inactive:          23356 kB
Active(anon):     354612 kB
Inactive(anon):     3060 kB
Active(file):      19860 kB
Inactive(file):    20296 kB
Unevictable:        1964 kB
Mlocked:            3812 kB
HighTotal:             0 kB
HighFree:              0 kB
LowTotal:         482068 kB
LowFree:            3948 kB
SwapTotal:             0 kB
SwapFree:              0 kB
Dirty:                 0 kB
Writeback:             0 kB
AnonPages:        354996 kB
Mapped:            49544 kB
Shmem:              3328 kB
Slab:              18816 kB
SReclaimable:       4884 kB
SUnreclaim:        13932 kB
KernelStack:        5256 kB
PageTables:         6296 kB
NFS_Unstable:          0 kB
Bounce:                0 kB
WritebackTmp:          0 kB
CommitLimit:      241032 kB
Committed_AS:    3561416 kB
VmallocTotal:     507904 kB
VmallocUsed:      110624 kB
VmallocChunk:     112576 kB
1557577097.000000
MemTotal:         482068 kB
MemFree:            3700 kB
Buffers:             248 kB
Cached:            44756 kB
SwapCached:            0 kB
Active:           374940 kB
Inactive:          23752 kB
Active(anon):     355160 kB
Inactive(anon):     3060 kB
Active(file):      19780 kB
Inactive(file):    20692 kB
Unevictable:        1964 kB
Mlocked:            3812 kB
HighTotal:             0 kB
HighFree:              0 kB
LowTotal:         482068 kB
LowFree:            3700 kB
SwapTotal:             0 kB
SwapFree:              0 kB
Dirty:                48 kB
Writeback:             0 kB
AnonPages:        355596 kB
Mapped:            49932 kB
Shmem:              3328 kB
Slab:              18776 kB
SReclaimable:       4884 kB
SUnreclaim:        13892 kB
KernelStack:        5264 kB
PageTables:         6168 kB
NFS_Unstable:          0 kB
Bounce:                0 kB
WritebackTmp:          0 kB
CommitLimit:      241032 kB
Committed_AS:    3561516 kB
VmallocTotal:     507904 kB
VmallocUsed:      110624 kB
VmallocChunk:     112576 kB
1557577098.000000
MemTotal:         482068 kB
MemFree:            4288 kB
Buffers:             248 kB
Cached:            43404 kB
SwapCached:            0 kB
Active:           375272 kB
Inactive:          22564 kB
Active(anon):     355772 kB
Inactive(anon):     3060 kB
Active(file):      19500 kB
Inactive(file):    19504 kB
Unevictable:        1964 kB
Mlocked:            3812 kB
HighTotal:             0 kB
HighFree:              0 kB
LowTotal:         482068 kB
LowFree:            4288 kB
SwapTotal:             0 kB
SwapFree:              0 kB
Dirty:                84 kB
Writeback:             0 kB
AnonPages:        356256 kB
Mapped:            49364 kB
Shmem:              3328 kB
Slab:              18824 kB
SReclaimable:       4884 kB
SUnreclaim:        13940 kB
KernelStack:        5256 kB
PageTables:         6220 kB
NFS_Unstable:          0 kB
Bounce:                0 kB
WritebackTmp:          0 kB
CommitLimit:      241032 kB
Committed_AS:    3561880 kB
VmallocTotal:     507904 kB
VmallocUsed:      110624 kB
VmallocChunk:     112576 kB
1557577099.000000
MemTotal:         482068 kB
MemFree:            4304 kB
Buffers:             160 kB
Cached:            43200 kB
SwapCached:            0 kB
Active:           375284 kB
Inactive:          22436 kB
Active(anon):     355944 kB
Inactive(anon):     3060 kB
Active(file):      19340 kB
Inactive(file):    19376 kB
Unevictable:        1964 kB
Mlocked:            3812 kB
HighTotal:             0 kB
HighFree:              0 kB
LowTotal:         482068 kB
LowFree:            4304 kB
SwapTotal:             0 kB
SwapFree:              0 kB
Dirty:                96 kB
Writeback:             0 kB
AnonPages:        356464 kB
Mapped:            49392 kB
Shmem:              3328 kB
Slab:              18820 kB
SReclaimable:       4884 kB
SUnreclaim:        13936 kB
KernelStack:        5296 kB
PageTables:         6236 kB
NFS_Unstable:          0 kB
Bounce:                0 kB
WritebackTmp:          0 kB
CommitLimit:      241032 kB
Committed_AS:    3562256 kB
VmallocTotal:     507904 kB
VmallocUsed:      110624 kB
VmallocChunk:     112576 kB
1557577100.000000
MemTotal:         482068 kB
MemFree:            4744 kB
Buffers:             160 kB
Cached:            44900 kB
SwapCached:            0 kB
Active:           373292 kB
Inactive:          24168 kB
Active(anon):     353944 kB
Inactive(anon):     3060 kB
Active(file):      19348 kB
Inactive(file):    21108 kB
Unevictable:        1964 kB
Mlocked:            3812 kB
HighTotal:             0 kB
HighFree:              0 kB
LowTotal:         482068 kB
LowFree:            4744 kB
SwapTotal:             0 kB
SwapFree:              0 kB
Dirty:                 0 kB
Writeback:            96 kB
AnonPages:        354376 kB
Mapped:            49604 kB
Shmem:              3328 kB
Slab:              18800 kB
SReclaimable:       4884 kB
SUnreclaim:        13916 kB
KernelStack:        5288 kB
PageTables:         6228 kB
NFS_Unstable:          0 kB
Bounce:                0 kB
WritebackTmp:          0 kB
CommitLimit:      241032 kB
Committed_AS:    3562252 kB
VmallocTotal:     507904 kB
VmallocUsed:      110624 kB
VmallocChunk:     112576 kB
1557577101.000000
MemTotal:         482068 kB
MemFree:            5380 kB
Buffers:             160 kB
Cached:            46360 kB
SwapCached:            0 kB
Active:           370960 kB
Inactive:          25600 kB
Active(anon):     351612 kB
Inactive(anon):     3060 kB
Active(file):      19348 kB
Inactive(file):    22540 kB
Unevictable:        1964 kB
Mlocked:            3812 kB
HighTotal:             0 kB
HighFree:              0 kB
LowTotal:         482068 kB
LowFree:            5380 kB
SwapTotal:             0 kB
SwapFree:              0 kB
Dirty:                 0 kB
Writeback:            48 kB
AnonPages:        352124 kB
Mapped:            49728 kB
Shmem:              3328 kB
Slab:              18796 kB
SReclaimable:       4884 kB
SUnreclaim:        13912 kB
KernelStack:        5256 kB
PageTables:         6244 kB
NFS_Unstable:          0 kB
Bounce:                0 kB
WritebackTmp:          0 kB
CommitLimit:      241032 kB
Committed_AS:    3561116 kB
VmallocTotal:     507904 kB
VmallocUsed:      110624 kB
VmallocChunk:     112576 kB
1557577102.000000
MemTotal:         482068 kB
MemFree:            4428 kB
Buffers:             156 kB
Cached:            47100 kB
SwapCached:            0 kB
Active:           371480 kB
Inactive:          26040 kB
Active(anon):     351768 kB
Inactive(anon):     3060 kB
Active(file):      19712 kB
Inactive(file):    22980 kB
Unevictable:        1964 kB
Mlocked:            3812 kB
HighTotal:             0 kB
HighFree:              0 kB
LowTotal:         482068 kB
LowFree:            4428 kB
SwapTotal:             0 kB
SwapFree:              0 kB
Dirty:                 0 kB
Writeback:             0 kB
AnonPages:        352328 kB
Mapped:            49444 kB
Shmem:              3328 kB
Slab:              18820 kB
SReclaimable:       4884 kB
SUnreclaim:        13936 kB
KernelStack:        5304 kB
PageTables:         6320 kB
NFS_Unstable:          0 kB
Bounce:                0 kB
WritebackTmp:          0 kB
CommitLimit:      241032 kB
Committed_AS:    3561280 kB
VmallocTotal:     507904 kB
VmallocUsed:      110624 kB
VmallocChunk:     112576 kB
1557577103.000000
MemTotal:         482068 kB
MemFree:            4016 kB
Buffers:             156 kB
Cached:            47184 kB
SwapCached:            0 kB
Active:           371860 kB
Inactive:          26152 kB
Active(anon):     352168 kB
Inactive(anon):     3060 kB
Active(file):      19692 kB
Inactive(file):    23092 kB
Unevictable:        1964 kB
Mlocked:            3812 kB
HighTotal:             0 kB
HighFree:              0 kB
LowTotal:         482068 kB
LowFree:            4016 kB
SwapTotal:             0 kB
SwapFree:              0 kB
Dirty:                 0 kB
Writeback:             0 kB
AnonPages:        352572 kB
Mapped:            49424 kB
Shmem:              3328 kB
Slab:              18812 kB
SReclaimable:       4884 kB
SUnreclaim:        13928 kB
KernelStack:        5288 kB
PageTables:         6228 kB
NFS_Unstable:          0 kB
Bounce:                0 kB
WritebackTmp:          0 kB
CommitLimit:      241032 kB
Committed_AS:    3561464 kB
VmallocTotal:     507904 kB
VmallocUsed:      110624 kB
VmallocChunk:     112576 kB
1557577104.000000
MemTotal:         482068 kB
MemFree:            4056 kB
Buffers:             164 kB
Cached:            47256 kB
SwapCached:            0 kB
Active:           371852 kB
Inactive:          26204 kB
Active(anon):     352160 kB
Inactive(anon):     3060 kB
Active(file):      19692 kB
Inactive(file):    23144 kB
Unevictable:        1964 kB
Mlocked:            3812 kB
HighTotal:             0 kB
HighFree:              0 kB
LowTotal:         482068 kB
LowFree:            4056 kB
SwapTotal:             0 kB
SwapFree:              0 kB
Dirty:                 4 kB
Writeback:             0 kB
AnonPages:        352600 kB
Mapped:            49376 kB
Shmem:              3328 kB
Slab:              18816 kB
SReclaimable:       4884 kB
SUnreclaim:        13932 kB
KernelStack:        5288 kB
PageTables:         6228 kB
NFS_Unstable:          0 kB
Bounce:                0 kB
WritebackTmp:          0 kB
CommitLimit:      241032 kB
Committed_AS:    3561336 kB
VmallocTotal:     507904 kB
VmallocUsed:      110624 kB
VmallocChunk:     112576 kB
1557577105.000000
MemTotal:         482068 kB
MemFree:            4328 kB
Buffers:             164 kB
Cached:            46344 kB
SwapCached:            0 kB
Active:           372596 kB
Inactive:          25148 kB
Active(anon):     352748 kB
Inactive(anon):     3060 kB
Active(file):      19848 kB
Inactive(file):    22088 kB
Unevictable:        1964 kB
Mlocked:            3812 kB
HighTotal:             0 kB
HighFree:              0 kB
LowTotal:         482068 kB
LowFree:            4328 kB
SwapTotal:             0 kB
SwapFree:              0 kB
Dirty:                 4 kB
Writeback:             0 kB
AnonPages:        353228 kB
Mapped:            49520 kB
Shmem:              3328 kB
Slab:              18868 kB
SReclaimable:       4884 kB
SUnreclaim:        13984 kB
KernelStack:        5296 kB
PageTables:         6240 kB
NFS_Unstable:          0 kB
Bounce:                0 kB
WritebackTmp:          0 kB
CommitLimit:      241032 kB
Committed_AS:    3561600 kB
VmallocTotal:     507904 kB
VmallocUsed:      110624 kB
VmallocChunk:     112576 kB
1557577106.000000
MemTotal:         482068 kB
MemFree:            3908 kB
Buffers:             168 kB
Cached:            46724 kB
SwapCached:            0 kB
Active:           372792 kB
Inactive:          25464 kB
Active(anon):     352912 kB
Inactive(anon):     3060 kB
Active(file):      19880 kB
Inactive(file):    22404 kB
Unevictable:        1964 kB
Mlocked:            3812 kB
HighTotal:             0 kB
HighFree:              0 kB
LowTotal:         482068 kB
LowFree:            3908 kB
SwapTotal:             0 kB
SwapFree:              0 kB
Dirty:                 4 kB
Writeback:             0 kB
AnonPages:        353428 kB
Mapped:            49580 kB
Shmem:              3328 kB
Slab:              18836 kB
SReclaimable:       4884 kB
SUnreclaim:        13952 kB
KernelStack:        5296 kB
PageTables:         6244 kB
NFS_Unstable:          0 kB
Bounce:                0 kB
WritebackTmp:          0 kB
CommitLimit:      241032 kB
Committed_AS:    3561660 kB
VmallocTotal:     507904 kB
VmallocUsed:      110624 kB
VmallocChunk:     112576 kB
1557577107.000000
MemTotal:         482068 kB
MemFree:            6984 kB
Buffers:             168 kB
Cached:            47124 kB
SwapCached:            0 kB
Active:           369052 kB
Inactive:          25868 kB
Active(anon):     349172 kB
Inactive(anon):     3060 kB
Active(file):      19880 kB
Inactive(file):    22808 kB
Unevictable:        1964 kB
Mlocked:            3812 kB
HighTotal:             0 kB
HighFree:              0 kB
LowTotal:         482068 kB
LowFree:            6984 kB
SwapTotal:             0 kB
SwapFree:              0 kB
Dirty:                 0 kB
Writeback:             4 kB
AnonPages:        349608 kB
Mapped:            49616 kB
Shmem:              3328 kB
Slab:              18828 kB
SReclaimable:       4884 kB
SUnreclaim:        13944 kB
KernelStack:        5296 kB
PageTables:         6316 kB
NFS_Unstable:          0 kB
Bounce:                0 kB
WritebackTmp:          0 kB
CommitLimit:      241032 kB
Committed_AS:    3561464 kB
VmallocTotal:     507904 kB
VmallocUsed:      110624 kB
VmallocChunk:     112576 kB
1557577108.000000
MemTotal:         482068 kB
MemFree:            6876 kB
Buffers:             168 kB
Cached:            47128 kB
SwapCached:            0 kB
Active:           369200 kB
Inactive:          25892 kB
Active(anon):     349320 kB
Inactive(anon):     3060 kB
Active(file):      19880 kB
Inactive(file):    22832 kB
Unevictable:        1964 kB
Mlocked:            3812 kB
HighTotal:             0 kB
HighFree:              0 kB
LowTotal:         482068 kB
LowFree:            6876 kB
SwapTotal:             0 kB
SwapFree:              0 kB
Dirty:                 0 kB
Writeback:             0 kB
AnonPages:        349884 kB
Mapped:            49584 kB
Shmem:              3328 kB
Slab:              18788 kB
SReclaimable:       4884 kB
SUnreclaim:        13904 kB
KernelStack:        5288 kB
PageTables:         6228 kB
NFS_Unstable:          0 kB
Bounce:                0 kB
WritebackTmp:          0 kB
CommitLimit:      241032 kB
Committed_AS:    3561544 kB
VmallocTotal:     507904 kB
VmallocUsed:      110624 kB
VmallocChunk:     112576 kB
1557577108.000000
MemTotal:         482068 kB
MemFree:            5900 kB
Buffers:             168 kB
Cached:            47220 kB
SwapCached:            0 kB
Active:           370152 kB
Inactive:          25984 kB
Active(anon):     350272 kB
Inactive(anon):     3060 kB
Active(file):      19880 kB
Inactive(file):    22924 kB
Unevictable:        1964 kB
Mlocked:            3812 kB
HighTotal:             0 kB
HighFree:              0 kB
LowTotal:         482068 kB
LowFree:            5900 kB
SwapTotal:             0 kB
SwapFree:              0 kB
Dirty:                 0 kB
Writeback:             0 kB
AnonPages:        350680 kB
Mapped:            49608 kB
Shmem:              3328 kB
Slab:              18820 kB
SReclaimable:       4884 kB
SUnreclaim:        13936 kB
KernelStack:        5288 kB
PageTables:         6228 kB
NFS_Unstable:          0 kB
Bounce:                0 kB
WritebackTmp:          0 kB
CommitLimit:      241032 kB
Committed_AS:    3561592 kB
VmallocTotal:     507904 kB
VmallocUsed:      110624 kB
VmallocChunk:     112576 kB
1557577109.000000
MemTotal:         482068 kB
MemFree:            5544 kB
Buffers:             168 kB
Cached:            47312 kB
SwapCached:            0 kB
Active:           370596 kB
Inactive:          26076 kB
Active(anon):     350716 kB
Inactive(anon):     3060 kB
Active(file):      19880 kB
Inactive(file):    23016 kB
Unevictable:        1964 kB
Mlocked:            3812 kB
HighTotal:             0 kB
HighFree:              0 kB
LowTotal:         482068 kB
LowFree:            5544 kB
SwapTotal:             0 kB
SwapFree:              0 kB
Dirty:                 0 kB
Writeback:             0 kB
AnonPages:        351204 kB
Mapped:            49612 kB
Shmem:              3328 kB
Slab:              18820 kB
SReclaimable:       4884 kB
SUnreclaim:        13936 kB
KernelStack:        5288 kB
PageTables:         6228 kB
NFS_Unstable:          0 kB
Bounce:                0 kB
WritebackTmp:          0 kB
CommitLimit:      241032 kB
Committed_AS:    3561764 kB
VmallocTotal:     507904 kB
VmallocUsed:      110632 kB
VmallocChunk:     112576 kB
1557577110.000000
MemTotal:         482068 kB
MemFree:            5272 kB
Buffers:             168 kB
Cached:            47312 kB
SwapCached:            0 kB
Active:           370772 kB
Inactive:          26076 kB
Active(anon):     350892 kB
Inactive(anon):     3060 kB
Active(file):      19880 kB
Inactive(file):    23016 kB
Unevictable:        1964 kB
Mlocked:            3812 kB
HighTotal:             0 kB
HighFree:              0 kB
LowTotal:         482068 kB
LowFree:            5272 kB
SwapTotal:             0 kB
SwapFree:              0 kB
Dirty:                 0 kB
Writeback:             0 kB
AnonPages:        351336 kB
Mapped:            49672 kB
Shmem:              3328 kB
Slab:              18828 kB
SReclaimable:       4884 kB
SUnreclaim:        13944 kB
KernelStack:        5288 kB
PageTables:         6240 kB
NFS_Unstable:          0 kB
Bounce:                0 kB
WritebackTmp:          0 kB
CommitLimit:      241032 kB
Committed_AS:    3561880 kB
VmallocTotal:     507904 kB
VmallocUsed:      110632 kB
VmallocChunk:     112576 kB
1557577111.000000
MemTotal:         482068 kB
MemFree:            4768 kB
Buffers:             168 kB
Cached:            47516 kB
SwapCached:            0 kB
Active:           370944 kB
Inactive:          26280 kB
Active(anon):     351064 kB
Inactive(anon):     3060 kB
Active(file):      19880 kB
Inactive(file):    23220 kB
Unevictable:        1964 kB
Mlocked:            3812 kB
HighTotal:             0 kB
HighFree:              0 kB
LowTotal:         482068 kB
LowFree:            4768 kB
SwapTotal:             0 kB
SwapFree:              0 kB
Dirty:                 0 kB
Writeback:             0 kB
AnonPages:        351492 kB
Mapped:            49660 kB
Shmem:              3328 kB
Slab:              18820 kB
SReclaimable:       4884 kB
SUnreclaim:        13936 kB
KernelStack:        5288 kB
PageTables:         6244 kB
NFS_Unstable:          0 kB
Bounce:                0 kB
WritebackTmp:          0 kB
CommitLimit:      241032 kB
Committed_AS:    3561924 kB
VmallocTotal:     507904 kB
VmallocUsed:      110624 kB
VmallocChunk:     112576 kB
1557577112.000000
MemTotal:         482068 kB
MemFree:            3992 kB
Buffers:             168 kB
Cached:            48048 kB
SwapCached:            0 kB
Active:           371256 kB
Inactive:          26800 kB
Active(anon):     351376 kB
Inactive(anon):     3060 kB
Active(file):      19880 kB
Inactive(file):    23740 kB
Unevictable:        1964 kB
Mlocked:            3812 kB
HighTotal:             0 kB
HighFree:              0 kB
LowTotal:         482068 kB
LowFree:            3992 kB
SwapTotal:             0 kB
SwapFree:              0 kB
Dirty:                 0 kB
Writeback:             0 kB
AnonPages:        351872 kB
Mapped:            49888 kB
Shmem:              3328 kB
Slab:              18820 kB
SReclaimable:       4884 kB
SUnreclaim:        13936 kB
KernelStack:        5288 kB
PageTables:         6244 kB
NFS_Unstable:          0 kB
Bounce:                0 kB
WritebackTmp:          0 kB
CommitLimit:      241032 kB
Committed_AS:    3562020 kB
VmallocTotal:     507904 kB
VmallocUsed:      110624 kB
VmallocChunk:     112576 kB
1557577113.000000
MemTotal:         482068 kB
MemFree:            4304 kB
Buffers:             168 kB
Cached:            47744 kB
SwapCached:            0 kB
Active:           371860 kB
Inactive:          25848 kB
Active(anon):     351356 kB
Inactive(anon):     3060 kB
Active(file):      20504 kB
Inactive(file):    22788 kB
Unevictable:        1964 kB
Mlocked:            3812 kB
HighTotal:             0 kB
HighFree:              0 kB
LowTotal:         482068 kB
LowFree:            4304 kB
SwapTotal:             0 kB
SwapFree:              0 kB
Dirty:                 0 kB
Writeback:             0 kB
AnonPages:        351824 kB
Mapped:            49808 kB
Shmem:              3328 kB
Slab:              18836 kB
SReclaimable:       4884 kB
SUnreclaim:        13952 kB
KernelStack:        5296 kB
PageTables:         6228 kB
NFS_Unstable:          0 kB
Bounce:                0 kB
WritebackTmp:          0 kB
CommitLimit:      241032 kB
Committed_AS:    3562036 kB
VmallocTotal:     507904 kB
VmallocUsed:      110624 kB
VmallocChunk:     112576 kB
1557577114.000000
MemTotal:         482068 kB
MemFree:            4148 kB
Buffers:             168 kB
Cached:            47712 kB
SwapCached:            0 kB
Active:           371928 kB
Inactive:          25840 kB
Active(anon):     351412 kB
Inactive(anon):     3060 kB
Active(file):      20516 kB
Inactive(file):    22780 kB
Unevictable:        1964 kB
Mlocked:            3812 kB
HighTotal:             0 kB
HighFree:              0 kB
LowTotal:         482068 kB
LowFree:            4148 kB
SwapTotal:             0 kB
SwapFree:              0 kB
Dirty:                 0 kB
Writeback:             0 kB
AnonPages:        351900 kB
Mapped:            49832 kB
Shmem:              3328 kB
Slab:              18876 kB
SReclaimable:       4884 kB
SUnreclaim:        13992 kB
KernelStack:        5272 kB
PageTables:         6228 kB
NFS_Unstable:          0 kB
Bounce:                0 kB
WritebackTmp:          0 kB
CommitLimit:      241032 kB
Committed_AS:    3561920 kB
VmallocTotal:     507904 kB
VmallocUsed:      110624 kB
VmallocChunk:     112576 kB
1557577115.000000
MemTotal:         482068 kB
MemFree:            4188 kB
Buffers:             168 kB
Cached:            47756 kB
SwapCached:            0 kB
Active:           372032 kB
Inactive:          25884 kB
Active(anon):     351516 kB
Inactive(anon):     3060 kB
Active(file):      20516 kB
Inactive(file):    22824 kB
Unevictable:        1964 kB
Mlocked:            3812 kB
HighTotal:             0 kB
HighFree:              0 kB
LowTotal:         482068 kB
LowFree:            4188 kB
SwapTotal:             0 kB
SwapFree:              0 kB
Dirty:                 0 kB
Writeback:             0 kB
AnonPages:        351980 kB
Mapped:            49820 kB
Shmem:              3328 kB
Slab:              18844 kB
SReclaimable:       4884 kB
SUnreclaim:        13960 kB
KernelStack:        5280 kB
PageTables:         6240 kB
NFS_Unstable:          0 kB
Bounce:                0 kB
WritebackTmp:          0 kB
CommitLimit:      241032 kB
Committed_AS:    3562040 kB
VmallocTotal:     507904 kB
VmallocUsed:      110624 kB
VmallocChunk:     112576 kB
1557577116.000000
MemTotal:         482068 kB
MemFree:            3768 kB
Buffers:             168 kB
Cached:            48124 kB
SwapCached:            0 kB
Active:           371960 kB
Inactive:          26252 kB
Active(anon):     351444 kB
Inactive(anon):     3060 kB
Active(file):      20516 kB
Inactive(file):    23192 kB
Unevictable:        1964 kB
Mlocked:            3812 kB
HighTotal:             0 kB
HighFree:              0 kB
LowTotal:         482068 kB
LowFree:            3768 kB
SwapTotal:             0 kB
SwapFree:              0 kB
Dirty:                 0 kB
Writeback:             0 kB
AnonPages:        351860 kB
Mapped:            49928 kB
Shmem:              3328 kB
Slab:              18836 kB
SReclaimable:       4884 kB
SUnreclaim:        13952 kB
KernelStack:        5264 kB
PageTables:         6304 kB
NFS_Unstable:          0 kB
Bounce:                0 kB
WritebackTmp:          0 kB
CommitLimit:      241032 kB
Committed_AS:    3562040 kB
VmallocTotal:     507904 kB
VmallocUsed:      110624 kB
VmallocChunk:     112576 kB
1557577116.000000
MemTotal:         482068 kB
MemFree:            4436 kB
Buffers:             168 kB
Cached:            47084 kB
SwapCached:            0 kB
Active:           372780 kB
Inactive:          25020 kB
Active(anon):     352040 kB
Inactive(anon):     3060 kB
Active(file):      20740 kB
Inactive(file):    21960 kB
Unevictable:        1964 kB
Mlocked:            3812 kB
HighTotal:             0 kB
HighFree:              0 kB
LowTotal:         482068 kB
LowFree:            4436 kB
SwapTotal:             0 kB
SwapFree:              0 kB
Dirty:                 0 kB
Writeback:             0 kB
AnonPages:        352480 kB
Mapped:            49768 kB
Shmem:              3328 kB
Slab:              18820 kB
SReclaimable:       4884 kB
SUnreclaim:        13936 kB
KernelStack:        5256 kB
PageTables:         6228 kB
NFS_Unstable:          0 kB
Bounce:                0 kB
WritebackTmp:          0 kB
CommitLimit:      241032 kB
Committed_AS:    3561928 kB
VmallocTotal:     507904 kB
VmallocUsed:      110624 kB
VmallocChunk:     112576 kB
1557577117.000000
MemTotal:         482068 kB
MemFree:            4272 kB
Buffers:             168 kB
Cached:            47128 kB
SwapCached:            0 kB
Active:           372660 kB
Inactive:          25032 kB
Active(anon):     351920 kB
Inactive(anon):     3060 kB
Active(file):      20740 kB
Inactive(file):    21972 kB
Unevictable:        1964 kB
Mlocked:            3812 kB
HighTotal:             0 kB
HighFree:              0 kB
LowTotal:         482068 kB
LowFree:            4272 kB
SwapTotal:             0 kB
SwapFree:              0 kB
Dirty:                 0 kB
Writeback:             0 kB
AnonPages:        352352 kB
Mapped:            49796 kB
Shmem:              3328 kB
Slab:              18820 kB
SReclaimable:       4884 kB
SUnreclaim:        13936 kB
KernelStack:        5264 kB
PageTables:         6240 kB
NFS_Unstable:          0 kB
Bounce:                0 kB
WritebackTmp:          0 kB
CommitLimit:      241032 kB
Committed_AS:    3562028 kB
VmallocTotal:     507904 kB
VmallocUsed:      110624 kB
VmallocChunk:     112576 kB
1557577118.000000
MemTotal:         482068 kB
MemFree:            4668 kB
Buffers:             168 kB
Cached:            47128 kB
SwapCached:            0 kB
Active:           372556 kB
Inactive:          25032 kB
Active(anon):     351816 kB
Inactive(anon):     3060 kB
Active(file):      20740 kB
Inactive(file):    21972 kB
Unevictable:        1964 kB
Mlocked:            3812 kB
HighTotal:             0 kB
HighFree:              0 kB
LowTotal:         482068 kB
LowFree:            4668 kB
SwapTotal:             0 kB
SwapFree:              0 kB
Dirty:                 0 kB
Writeback:             0 kB
AnonPages:        352276 kB
Mapped:            49796 kB
Shmem:              3328 kB
Slab:              18872 kB
SReclaimable:       4884 kB
SUnreclaim:        13988 kB
KernelStack:        5264 kB
PageTables:         6240 kB
NFS_Unstable:          0 kB
Bounce:                0 kB
WritebackTmp:          0 kB
CommitLimit:      241032 kB
Committed_AS:    3562036 kB
VmallocTotal:     507904 kB
VmallocUsed:      110624 kB
VmallocChunk:     112576 kB
1557577119.000000
MemTotal:         482068 kB
MemFree:            4560 kB
Buffers:             168 kB
Cached:            47128 kB
SwapCached:            0 kB
Active:           372496 kB
Inactive:          25032 kB
Active(anon):     351756 kB
Inactive(anon):     3060 kB
Active(file):      20740 kB
Inactive(file):    21972 kB
Unevictable:        1964 kB
Mlocked:            3812 kB
HighTotal:             0 kB
HighFree:              0 kB
LowTotal:         482068 kB
LowFree:            4560 kB
SwapTotal:             0 kB
SwapFree:              0 kB
Dirty:                 0 kB
Writeback:             0 kB
AnonPages:        352188 kB
Mapped:            49756 kB
Shmem:              3328 kB
Slab:              18832 kB
SReclaimable:       4884 kB
SUnreclaim:        13948 kB
KernelStack:        5256 kB
PageTables:         6228 kB
NFS_Unstable:          0 kB
Bounce:                0 kB
WritebackTmp:          0 kB
CommitLimit:      241032 kB
Committed_AS:    3562044 kB
VmallocTotal:     507904 kB
VmallocUsed:      110624 kB
VmallocChunk:     112576 kB
1557577120.000000
MemTotal:         482068 kB
MemFree:            4304 kB
Buffers:             168 kB
Cached:            47368 kB
SwapCached:            0 kB
Active:           372524 kB
Inactive:          25240 kB
Active(anon):     351784 kB
Inactive(anon):     3060 kB
Active(file):      20740 kB
Inactive(file):    22180 kB
Unevictable:        1964 kB
Mlocked:            3812 kB
HighTotal:             0 kB
HighFree:              0 kB
LowTotal:         482068 kB
LowFree:            4304 kB
SwapTotal:             0 kB
SwapFree:              0 kB
Dirty:                 0 kB
Writeback:             0 kB
AnonPages:        352220 kB
Mapped:            49832 kB
Shmem:              3328 kB
Slab:              18836 kB
SReclaimable:       4884 kB
SUnreclaim:        13952 kB
KernelStack:        5256 kB
PageTables:         6304 kB
NFS_Unstable:          0 kB
Bounce:                0 kB
WritebackTmp:          0 kB
CommitLimit:      241032 kB
Committed_AS:    3561928 kB
VmallocTotal:     507904 kB
VmallocUsed:      110624 kB
VmallocChunk:     112576 kB
1557577121.000000
MemTotal:         482068 kB
MemFree:            4180 kB
Buffers:             168 kB
Cached:            47360 kB
SwapCached:            0 kB
Active:           372552 kB
Inactive:          25264 kB
Active(anon):     351812 kB
Inactive(anon):     3060 kB
Active(file):      20740 kB
Inactive(file):    22204 kB
Unevictable:        1964 kB
Mlocked:            3812 kB
HighTotal:             0 kB
HighFree:              0 kB
LowTotal:         482068 kB
LowFree:            4180 kB
SwapTotal:             0 kB
SwapFree:              0 kB
Dirty:                 0 kB
Writeback:             0 kB
AnonPages:        352288 kB
Mapped:            49808 kB
Shmem:              3328 kB
Slab:              18836 kB
SReclaimable:       4884 kB
SUnreclaim:        13952 kB
KernelStack:        5256 kB
PageTables:         6228 kB
NFS_Unstable:          0 kB
Bounce:                0 kB
WritebackTmp:          0 kB
CommitLimit:      241032 kB
Committed_AS:    3562060 kB
VmallocTotal:     507904 kB
VmallocUsed:      110624 kB
VmallocChunk:     112576 kB
1557577122.000000
MemTotal:         482068 kB
MemFree:            4352 kB
Buffers:             168 kB
Cached:            47360 kB
SwapCached:            0 kB
Active:           372620 kB
Inactive:          25264 kB
Active(anon):     351880 kB
Inactive(anon):     3060 kB
Active(file):      20740 kB
Inactive(file):    22204 kB
Unevictable:        1964 kB
Mlocked:            3812 kB
HighTotal:             0 kB
HighFree:              0 kB
LowTotal:         482068 kB
LowFree:            4352 kB
SwapTotal:             0 kB
SwapFree:              0 kB
Dirty:                 0 kB
Writeback:             0 kB
AnonPages:        352296 kB
Mapped:            49788 kB
Shmem:              3328 kB
Slab:              18868 kB
SReclaimable:       4884 kB
SUnreclaim:        13984 kB
KernelStack:        5256 kB
PageTables:         6164 kB
NFS_Unstable:          0 kB
Bounce:                0 kB
WritebackTmp:          0 kB
CommitLimit:      241032 kB
Committed_AS:    3562060 kB
VmallocTotal:     507904 kB
VmallocUsed:      110624 kB
VmallocChunk:     112576 kB
1557577123.000000
MemTotal:         482068 kB
MemFree:            3948 kB
Buffers:             292 kB
Cached:            47496 kB
SwapCached:            0 kB
Active:           372660 kB
Inactive:          25524 kB
Active(anon):     351920 kB
Inactive(anon):     3060 kB
Active(file):      20740 kB
Inactive(file):    22464 kB
Unevictable:        1964 kB
Mlocked:            3812 kB
HighTotal:             0 kB
HighFree:              0 kB
LowTotal:         482068 kB
LowFree:            3948 kB
SwapTotal:             0 kB
SwapFree:              0 kB
Dirty:                 0 kB
Writeback:             0 kB
AnonPages:        352440 kB
Mapped:            49880 kB
Shmem:              3328 kB
Slab:              18816 kB
SReclaimable:       4884 kB
SUnreclaim:        13932 kB
KernelStack:        5256 kB
PageTables:         6240 kB
NFS_Unstable:          0 kB
Bounce:                0 kB
WritebackTmp:          0 kB
CommitLimit:      241032 kB
Committed_AS:    3562060 kB
VmallocTotal:     507904 kB
VmallocUsed:      110624 kB
VmallocChunk:     112576 kB
1557577123.000000
MemTotal:         482068 kB
MemFree:            3848 kB
Buffers:             292 kB
Cached:            47496 kB
SwapCached:            0 kB
Active:           372760 kB
Inactive:          25524 kB
Active(anon):     352020 kB
Inactive(anon):     3060 kB
Active(file):      20740 kB
Inactive(file):    22464 kB
Unevictable:        1964 kB
Mlocked:            3812 kB
HighTotal:             0 kB
HighFree:              0 kB
LowTotal:         482068 kB
LowFree:            3848 kB
SwapTotal:             0 kB
SwapFree:              0 kB
Dirty:                 0 kB
Writeback:             0 kB
AnonPages:        352464 kB
Mapped:            49900 kB
Shmem:              3328 kB
Slab:              18820 kB
SReclaimable:       4884 kB
SUnreclaim:        13936 kB
KernelStack:        5248 kB
PageTables:         6228 kB
NFS_Unstable:          0 kB
Bounce:                0 kB
WritebackTmp:          0 kB
CommitLimit:      241032 kB
Committed_AS:    3562060 kB
VmallocTotal:     507904 kB
VmallocUsed:      110624 kB
VmallocChunk:     112576 kB
1557577124.000000
MemTotal:         482068 kB
MemFree:            3940 kB
Buffers:             292 kB
Cached:            46624 kB
SwapCached:            0 kB
Active:           373980 kB
Inactive:          24320 kB
Active(anon):     352908 kB
Inactive(anon):     3060 kB
Active(file):      21072 kB
Inactive(file):    21260 kB
Unevictable:        1964 kB
Mlocked:            3812 kB
HighTotal:             0 kB
HighFree:              0 kB
LowTotal:         482068 kB
LowFree:            3940 kB
SwapTotal:             0 kB
SwapFree:              0 kB
Dirty:                 0 kB
Writeback:             0 kB
AnonPages:        353264 kB
Mapped:            49828 kB
Shmem:              3328 kB
Slab:              18828 kB
SReclaimable:       4884 kB
SUnreclaim:        13944 kB
KernelStack:        5256 kB
PageTables:         6228 kB
NFS_Unstable:          0 kB
Bounce:                0 kB
WritebackTmp:          0 kB
CommitLimit:      241032 kB
Committed_AS:    3562060 kB
VmallocTotal:     507904 kB
VmallocUsed:      110624 kB
VmallocChunk:     112576 kB
1557577125.000000
MemTotal:         482068 kB
MemFree:            3948 kB
Buffers:             292 kB
Cached:            46624 kB
SwapCached:            0 kB
Active:           373876 kB
Inactive:          24320 kB
Active(anon):     352804 kB
Inactive(anon):     3060 kB
Active(file):      21072 kB
Inactive(file):    21260 kB
Unevictable:        1964 kB
Mlocked:            3812 kB
HighTotal:             0 kB
HighFree:              0 kB
LowTotal:         482068 kB
LowFree:            3948 kB
SwapTotal:             0 kB
SwapFree:              0 kB
Dirty:                 0 kB
Writeback:             0 kB
AnonPages:        353260 kB
Mapped:            49804 kB
Shmem:              3328 kB
Slab:              18832 kB
SReclaimable:       4884 kB
SUnreclaim:        13948 kB
KernelStack:        5256 kB
PageTables:         6256 kB
NFS_Unstable:          0 kB
Bounce:                0 kB
WritebackTmp:          0 kB
CommitLimit:      241032 kB
Committed_AS:    3562060 kB
VmallocTotal:     507904 kB
VmallocUsed:      110624 kB
VmallocChunk:     112576 kB
1557577126.000000
MemTotal:         482068 kB
MemFree:            3700 kB
Buffers:             292 kB
Cached:            46692 kB
SwapCached:            0 kB
Active:           373956 kB
Inactive:          24388 kB
Active(anon):     352884 kB
Inactive(anon):     3060 kB
Active(file):      21072 kB
Inactive(file):    21328 kB
Unevictable:        1964 kB
Mlocked:            3812 kB
HighTotal:             0 kB
HighFree:              0 kB
LowTotal:         482068 kB
LowFree:            3700 kB
SwapTotal:             0 kB
SwapFree:              0 kB
Dirty:                 0 kB
Writeback:             0 kB
AnonPages:        353364 kB
Mapped:            49744 kB
Shmem:              3328 kB
Slab:              18836 kB
SReclaimable:       4884 kB
SUnreclaim:        13952 kB
KernelStack:        5256 kB
PageTables:         6240 kB
NFS_Unstable:          0 kB
Bounce:                0 kB
WritebackTmp:          0 kB
CommitLimit:      241032 kB
Committed_AS:    3562060 kB
VmallocTotal:     507904 kB
VmallocUsed:      110624 kB
VmallocChunk:     112576 kB
1557577127.000000
MemTotal:         482068 kB
MemFree:            3544 kB
Buffers:             292 kB
Cached:            46692 kB
SwapCached:            0 kB
Active:           374060 kB
Inactive:          24388 kB
Active(anon):     352988 kB
Inactive(anon):     3060 kB
Active(file):      21072 kB
Inactive(file):    21328 kB
Unevictable:        1964 kB
Mlocked:            3812 kB
HighTotal:             0 kB
HighFree:              0 kB
LowTotal:         482068 kB
LowFree:            3544 kB
SwapTotal:             0 kB
SwapFree:              0 kB
Dirty:                 0 kB
Writeback:             0 kB
AnonPages:        353440 kB
Mapped:            49820 kB
Shmem:              3328 kB
Slab:              18836 kB
SReclaimable:       4884 kB
SUnreclaim:        13952 kB
KernelStack:        5256 kB
PageTables:         6240 kB
NFS_Unstable:          0 kB
Bounce:                0 kB
WritebackTmp:          0 kB
CommitLimit:      241032 kB
Committed_AS:    3562832 kB
VmallocTotal:     507904 kB
VmallocUsed:      110632 kB
VmallocChunk:     112576 kB
1557577128.000000
MemTotal:         482068 kB
MemFree:            4560 kB
Buffers:             292 kB
Cached:            45476 kB
SwapCached:            0 kB
Active:           374108 kB
Inactive:          23184 kB
Active(anon):     353088 kB
Inactive(anon):     3060 kB
Active(file):      21020 kB
Inactive(file):    20124 kB
Unevictable:        1964 kB
Mlocked:            3812 kB
HighTotal:             0 kB
HighFree:              0 kB
LowTotal:         482068 kB
LowFree:            4560 kB
SwapTotal:             0 kB
SwapFree:              0 kB
Dirty:                 0 kB
Writeback:             0 kB
AnonPages:        353544 kB
Mapped:            49768 kB
Shmem:              3328 kB
Slab:              18828 kB
SReclaimable:       4884 kB
SUnreclaim:        13944 kB
KernelStack:        5256 kB
PageTables:         6304 kB
NFS_Unstable:          0 kB
Bounce:                0 kB
WritebackTmp:          0 kB
CommitLimit:      241032 kB
Committed_AS:    3562884 kB
VmallocTotal:     507904 kB
VmallocUsed:      110624 kB
VmallocChunk:     112576 kB
1557577129.000000
MemTotal:         482068 kB
MemFree:            5684 kB
Buffers:             292 kB
Cached:            45436 kB
SwapCached:            0 kB
Active:           373052 kB
Inactive:          23180 kB
Active(anon):     352028 kB
Inactive(anon):     3060 kB
Active(file):      21024 kB
Inactive(file):    20120 kB
Unevictable:        1964 kB
Mlocked:            3812 kB
HighTotal:             0 kB
HighFree:              0 kB
LowTotal:         482068 kB
LowFree:            5684 kB
SwapTotal:             0 kB
SwapFree:              0 kB
Dirty:                 0 kB
Writeback:             0 kB
AnonPages:        352448 kB
Mapped:            49804 kB
Shmem:              3328 kB
Slab:              18820 kB
SReclaimable:       4884 kB
SUnreclaim:        13936 kB
KernelStack:        5256 kB
PageTables:         6228 kB
NFS_Unstable:          0 kB
Bounce:                0 kB
WritebackTmp:          0 kB
CommitLimit:      241032 kB
Committed_AS:    3562892 kB
VmallocTotal:     507904 kB
VmallocUsed:      110624 kB
VmallocChunk:     112576 kB
1557577130.000000
MemTotal:         482068 kB
MemFree:            5732 kB
Buffers:             292 kB
Cached:            45436 kB
SwapCached:            0 kB
Active:           373012 kB
Inactive:          23180 kB
Active(anon):     351988 kB
Inactive(anon):     3060 kB
Active(file):      21024 kB
Inactive(file):    20120 kB
Unevictable:        1964 kB
Mlocked:            3812 kB
HighTotal:             0 kB
HighFree:              0 kB
LowTotal:         482068 kB
LowFree:            5732 kB
SwapTotal:             0 kB
SwapFree:              0 kB
Dirty:                 0 kB
Writeback:             0 kB
AnonPages:        352508 kB
Mapped:            49776 kB
Shmem:              3328 kB
Slab:              18832 kB
SReclaimable:       4884 kB
SUnreclaim:        13948 kB
KernelStack:        5256 kB
PageTables:         6240 kB
NFS_Unstable:          0 kB
Bounce:                0 kB
WritebackTmp:          0 kB
CommitLimit:      241032 kB
Committed_AS:    3562892 kB
VmallocTotal:     507904 kB
VmallocUsed:      110624 kB
VmallocChunk:     112576 kB
1557577131.000000
MemTotal:         482068 kB
MemFree:            5808 kB
Buffers:             292 kB
Cached:            45436 kB
SwapCached:            0 kB
Active:           373064 kB
Inactive:          23180 kB
Active(anon):     352040 kB
Inactive(anon):     3060 kB
Active(file):      21024 kB
Inactive(file):    20120 kB
Unevictable:        1964 kB
Mlocked:            3812 kB
HighTotal:             0 kB
HighFree:              0 kB
LowTotal:         482068 kB
LowFree:            5808 kB
SwapTotal:             0 kB
SwapFree:              0 kB
Dirty:                 0 kB
Writeback:             0 kB
AnonPages:        352480 kB
Mapped:            49784 kB
Shmem:              3328 kB
Slab:              18832 kB
SReclaimable:       4884 kB
SUnreclaim:        13948 kB
KernelStack:        5256 kB
PageTables:         6240 kB
NFS_Unstable:          0 kB
Bounce:                0 kB
WritebackTmp:          0 kB
CommitLimit:      241032 kB
Committed_AS:    3562796 kB
VmallocTotal:     507904 kB
VmallocUsed:      110632 kB
VmallocChunk:     112576 kB
1557577132.000000
MemTotal:         482068 kB
MemFree:            5752 kB
Buffers:             436 kB
Cached:            45600 kB
SwapCached:            0 kB
Active:           372820 kB
Inactive:          23392 kB
Active(anon):     351796 kB
Inactive(anon):     3064 kB
Active(file):      21024 kB
Inactive(file):    20328 kB
Unevictable:        1964 kB
Mlocked:            3812 kB
HighTotal:             0 kB
HighFree:              0 kB
LowTotal:         482068 kB
LowFree:            5752 kB
SwapTotal:             0 kB
SwapFree:              0 kB
Dirty:                 0 kB
Writeback:             0 kB
AnonPages:        352288 kB
Mapped:            49788 kB
Shmem:              3332 kB
Slab:              18820 kB
SReclaimable:       4884 kB
SUnreclaim:        13936 kB
KernelStack:        5256 kB
PageTables:         6240 kB
NFS_Unstable:          0 kB
Bounce:                0 kB
WritebackTmp:          0 kB
CommitLimit:      241032 kB
Committed_AS:    3562892 kB
VmallocTotal:     507904 kB
VmallocUsed:      110624 kB
VmallocChunk:     112576 kB
1557577132.000000
MemTotal:         482068 kB
MemFree:            5132 kB
Buffers:             436 kB
Cached:            45640 kB
SwapCached:            0 kB
Active:           373444 kB
Inactive:          23520 kB
Active(anon):     352412 kB
Inactive(anon):     3064 kB
Active(file):      21032 kB
Inactive(file):    20456 kB
Unevictable:        1964 kB
Mlocked:            3812 kB
HighTotal:             0 kB
HighFree:              0 kB
LowTotal:         482068 kB
LowFree:            5132 kB
SwapTotal:             0 kB
SwapFree:              0 kB
Dirty:                 4 kB
Writeback:             0 kB
AnonPages:        352900 kB
Mapped:            49872 kB
Shmem:              3332 kB
Slab:              18828 kB
SReclaimable:       4884 kB
SUnreclaim:        13944 kB
KernelStack:        5264 kB
PageTables:         6252 kB
NFS_Unstable:          0 kB
Bounce:                0 kB
WritebackTmp:          0 kB
CommitLimit:      241032 kB
Committed_AS:    3562900 kB
VmallocTotal:     507904 kB
VmallocUsed:      110624 kB
VmallocChunk:     112576 kB
1557577133.000000
MemTotal:         482068 kB
MemFree:            4940 kB
Buffers:             436 kB
Cached:            45640 kB
SwapCached:            0 kB
Active:           373512 kB
Inactive:          23516 kB
Active(anon):     352476 kB
Inactive(anon):     3064 kB
Active(file):      21036 kB
Inactive(file):    20452 kB
Unevictable:        1964 kB
Mlocked:            3812 kB
HighTotal:             0 kB
HighFree:              0 kB
LowTotal:         482068 kB
LowFree:            4940 kB
SwapTotal:             0 kB
SwapFree:              0 kB
Dirty:                 4 kB
Writeback:             0 kB
AnonPages:        352904 kB
Mapped:            49856 kB
Shmem:              3332 kB
Slab:              18840 kB
SReclaimable:       4884 kB
SUnreclaim:        13956 kB
KernelStack:        5256 kB
PageTables:         6240 kB
NFS_Unstable:          0 kB
Bounce:                0 kB
WritebackTmp:          0 kB
CommitLimit:      241032 kB
Committed_AS:    3562984 kB
VmallocTotal:     507904 kB
VmallocUsed:      110624 kB
VmallocChunk:     112576 kB
1557577134.000000
MemTotal:         482068 kB
MemFree:            4964 kB
Buffers:             436 kB
Cached:            45640 kB
SwapCached:            0 kB
Active:           373496 kB
Inactive:          23516 kB
Active(anon):     352460 kB
Inactive(anon):     3064 kB
Active(file):      21036 kB
Inactive(file):    20452 kB
Unevictable:        1964 kB
Mlocked:            3812 kB
HighTotal:             0 kB
HighFree:              0 kB
LowTotal:         482068 kB
LowFree:            4964 kB
SwapTotal:             0 kB
SwapFree:              0 kB
Dirty:                 4 kB
Writeback:             0 kB
AnonPages:        352920 kB
Mapped:            49836 kB
Shmem:              3332 kB
Slab:              18852 kB
SReclaimable:       4884 kB
SUnreclaim:        13968 kB
KernelStack:        5224 kB
PageTables:         6216 kB
NFS_Unstable:          0 kB
Bounce:                0 kB
WritebackTmp:          0 kB
CommitLimit:      241032 kB
Committed_AS:    3562780 kB
VmallocTotal:     507904 kB
VmallocUsed:      110624 kB
VmallocChunk:     112576 kB
1557577135.000000
MemTotal:         482068 kB
MemFree:            5048 kB
Buffers:             436 kB
Cached:            45640 kB
SwapCached:            0 kB
Active:           373604 kB
Inactive:          23516 kB
Active(anon):     352568 kB
Inactive(anon):     3064 kB
Active(file):      21036 kB
Inactive(file):    20452 kB
Unevictable:        1964 kB
Mlocked:            3812 kB
HighTotal:             0 kB
HighFree:              0 kB
LowTotal:         482068 kB
LowFree:            5048 kB
SwapTotal:             0 kB
SwapFree:              0 kB
Dirty:                 4 kB
Writeback:             0 kB
AnonPages:        352952 kB
Mapped:            49872 kB
Shmem:              3332 kB
Slab:              18856 kB
SReclaimable:       4884 kB
SUnreclaim:        13972 kB
KernelStack:        5264 kB
PageTables:         6304 kB
NFS_Unstable:          0 kB
Bounce:                0 kB
WritebackTmp:          0 kB
CommitLimit:      241032 kB
Committed_AS:    3562900 kB
VmallocTotal:     507904 kB
VmallocUsed:      110624 kB
VmallocChunk:     112576 kB
1557577136.000000
MemTotal:         482068 kB
MemFree:            4972 kB
Buffers:             436 kB
Cached:            45640 kB
SwapCached:            0 kB
Active:           373700 kB
Inactive:          23508 kB
Active(anon):     352656 kB
Inactive(anon):     3064 kB
Active(file):      21044 kB
Inactive(file):    20444 kB
Unevictable:        1964 kB
Mlocked:            3812 kB
HighTotal:             0 kB
HighFree:              0 kB
LowTotal:         482068 kB
LowFree:            4972 kB
SwapTotal:             0 kB
SwapFree:              0 kB
Dirty:                 0 kB
Writeback:             0 kB
AnonPages:        353092 kB
Mapped:            49872 kB
Shmem:              3332 kB
Slab:              18840 kB
SReclaimable:       4884 kB
SUnreclaim:        13956 kB
KernelStack:        5264 kB
PageTables:         6228 kB
NFS_Unstable:          0 kB
Bounce:                0 kB
WritebackTmp:          0 kB
CommitLimit:      241032 kB
Committed_AS:    3562984 kB
VmallocTotal:     507904 kB
VmallocUsed:      110624 kB
VmallocChunk:     112576 kB
1557577137.000000
MemTotal:         482068 kB
MemFree:            3848 kB
Buffers:             604 kB
Cached:            46288 kB
SwapCached:            0 kB
Active:           374196 kB
Inactive:          24196 kB
Active(anon):     353048 kB
Inactive(anon):     3064 kB
Active(file):      21148 kB
Inactive(file):    21132 kB
Unevictable:        1964 kB
Mlocked:            3812 kB
HighTotal:             0 kB
HighFree:              0 kB
LowTotal:         482068 kB
LowFree:            3848 kB
SwapTotal:             0 kB
SwapFree:              0 kB
Dirty:                 0 kB
Writeback:             0 kB
AnonPages:        353412 kB
Mapped:            49876 kB
Shmem:              3332 kB
Slab:              18836 kB
SReclaimable:       4884 kB
SUnreclaim:        13952 kB
KernelStack:        5256 kB
PageTables:         6228 kB
NFS_Unstable:          0 kB
Bounce:                0 kB
WritebackTmp:          0 kB
CommitLimit:      241032 kB
Committed_AS:    3562900 kB
VmallocTotal:     507904 kB
VmallocUsed:      110624 kB
VmallocChunk:     112576 kB
1557577138.000000
MemTotal:         482068 kB
MemFree:            3700 kB
Buffers:             604 kB
Cached:            46348 kB
SwapCached:            0 kB
Active:           374068 kB
Inactive:          24296 kB
Active(anon):     352908 kB
Inactive(anon):     3064 kB
Active(file):      21160 kB
Inactive(file):    21232 kB
Unevictable:        1964 kB
Mlocked:            3812 kB
HighTotal:             0 kB
HighFree:              0 kB
LowTotal:         482068 kB
LowFree:            3700 kB
SwapTotal:             0 kB
SwapFree:              0 kB
Dirty:                40 kB
Writeback:             0 kB
AnonPages:        353320 kB
Mapped:            49916 kB
Shmem:              3332 kB
Slab:              18836 kB
SReclaimable:       4884 kB
SUnreclaim:        13952 kB
KernelStack:        5248 kB
PageTables:         6228 kB
NFS_Unstable:          0 kB
Bounce:                0 kB
WritebackTmp:          0 kB
CommitLimit:      241032 kB
Committed_AS:    3562900 kB
VmallocTotal:     507904 kB
VmallocUsed:      110624 kB
VmallocChunk:     112576 kB
1557577139.000000
MemTotal:         482068 kB
MemFree:            4072 kB
Buffers:             604 kB
Cached:            46008 kB
SwapCached:            0 kB
Active:           374160 kB
Inactive:          23876 kB
Active(anon):     352948 kB
Inactive(anon):     3064 kB
Active(file):      21212 kB
Inactive(file):    20812 kB
Unevictable:        1964 kB
Mlocked:            3812 kB
HighTotal:             0 kB
HighFree:              0 kB
LowTotal:         482068 kB
LowFree:            4072 kB
SwapTotal:             0 kB
SwapFree:              0 kB
Dirty:                40 kB
Writeback:             0 kB
AnonPages:        353388 kB
Mapped:            49824 kB
Shmem:              3332 kB
Slab:              18860 kB
SReclaimable:       4884 kB
SUnreclaim:        13976 kB
KernelStack:        5256 kB
PageTables:         6240 kB
NFS_Unstable:          0 kB
Bounce:                0 kB
WritebackTmp:          0 kB
CommitLimit:      241032 kB
Committed_AS:    3562904 kB
VmallocTotal:     507904 kB
VmallocUsed:      110632 kB
VmallocChunk:     112576 kB
1557577140.000000
MemTotal:         482068 kB
MemFree:            4072 kB
Buffers:             604 kB
Cached:            46148 kB
SwapCached:            0 kB
Active:           373888 kB
Inactive:          23988 kB
Active(anon):     352648 kB
Inactive(anon):     3064 kB
Active(file):      21240 kB
Inactive(file):    20924 kB
Unevictable:        1964 kB
Mlocked:            3812 kB
HighTotal:             0 kB
HighFree:              0 kB
LowTotal:         482068 kB
LowFree:            4072 kB
SwapTotal:             0 kB
SwapFree:              0 kB
Dirty:                 0 kB
Writeback:            12 kB
AnonPages:        353036 kB
Mapped:            49816 kB
Shmem:              3332 kB
Slab:              18864 kB
SReclaimable:       4884 kB
SUnreclaim:        13980 kB
KernelStack:        5256 kB
PageTables:         6240 kB
NFS_Unstable:          0 kB
Bounce:                0 kB
WritebackTmp:          0 kB
CommitLimit:      241032 kB
Committed_AS:    3562904 kB
VmallocTotal:     507904 kB
VmallocUsed:      110624 kB
VmallocChunk:     112576 kB
1557577141.000000
MemTotal:         482068 kB
MemFree:            4320 kB
Buffers:             604 kB
Cached:            45312 kB
SwapCached:            0 kB
Active:           374736 kB
Inactive:          23008 kB
Active(anon):     353492 kB
Inactive(anon):     3064 kB
Active(file):      21244 kB
Inactive(file):    19944 kB
Unevictable:        1964 kB
Mlocked:            3812 kB
HighTotal:             0 kB
HighFree:              0 kB
LowTotal:         482068 kB
LowFree:            4320 kB
SwapTotal:             0 kB
SwapFree:              0 kB
Dirty:                 0 kB
Writeback:             0 kB
AnonPages:        354000 kB
Mapped:            49740 kB
Shmem:              3332 kB
Slab:              18844 kB
SReclaimable:       4884 kB
SUnreclaim:        13960 kB
KernelStack:        5256 kB
PageTables:         6240 kB
NFS_Unstable:          0 kB
Bounce:                0 kB
WritebackTmp:          0 kB
CommitLimit:      241032 kB
Committed_AS:    3562928 kB
VmallocTotal:     507904 kB
VmallocUsed:      110624 kB
VmallocChunk:     112576 kB
1557577142.000000
MemTotal:         482068 kB
MemFree:            4204 kB
Buffers:             604 kB
Cached:            45252 kB
SwapCached:            0 kB
Active:           374808 kB
Inactive:          23024 kB
Active(anon):     353500 kB
Inactive(anon):     3064 kB
Active(file):      21308 kB
Inactive(file):    19960 kB
Unevictable:        1964 kB
Mlocked:            3812 kB
HighTotal:             0 kB
HighFree:              0 kB
LowTotal:         482068 kB
LowFree:            4204 kB
SwapTotal:             0 kB
SwapFree:              0 kB
Dirty:                 0 kB
Writeback:             0 kB
AnonPages:        353996 kB
Mapped:            49748 kB
Shmem:              3332 kB
Slab:              18856 kB
SReclaimable:       4884 kB
SUnreclaim:        13972 kB
KernelStack:        5256 kB
PageTables:         6316 kB
NFS_Unstable:          0 kB
Bounce:                0 kB
WritebackTmp:          0 kB
CommitLimit:      241032 kB
Committed_AS:    3562928 kB
VmallocTotal:     507904 kB
VmallocUsed:      110624 kB
VmallocChunk:     112576 kB
1557577142.000000
MemTotal:         482068 kB
MemFree:            4056 kB
Buffers:             612 kB
Cached:            45244 kB
SwapCached:            0 kB
Active:           374864 kB
Inactive:          23008 kB
Active(anon):     353540 kB
Inactive(anon):     3064 kB
Active(file):      21324 kB
Inactive(file):    19944 kB
Unevictable:        1964 kB
Mlocked:            3812 kB
HighTotal:             0 kB
HighFree:              0 kB
LowTotal:         482068 kB
LowFree:            4056 kB
SwapTotal:             0 kB
SwapFree:              0 kB
Dirty:                 0 kB
Writeback:             0 kB
AnonPages:        354028 kB
Mapped:            49692 kB
Shmem:              3332 kB
Slab:              18856 kB
SReclaimable:       4884 kB
SUnreclaim:        13972 kB
KernelStack:        5248 kB
PageTables:         6228 kB
NFS_Unstable:          0 kB
Bounce:                0 kB
WritebackTmp:          0 kB
CommitLimit:      241032 kB
Committed_AS:    3562928 kB
VmallocTotal:     507904 kB
VmallocUsed:      110624 kB
VmallocChunk:     112576 kB
1557577143.000000
MemTotal:         482068 kB
MemFree:            4072 kB
Buffers:             612 kB
Cached:            45252 kB
SwapCached:            0 kB
Active:           375016 kB
Inactive:          23016 kB
Active(anon):     353692 kB
Inactive(anon):     3064 kB
Active(file):      21324 kB
Inactive(file):    19952 kB
Unevictable:        1964 kB
Mlocked:            3812 kB
HighTotal:             0 kB
HighFree:              0 kB
LowTotal:         482068 kB
LowFree:            4072 kB
SwapTotal:             0 kB
SwapFree:              0 kB
Dirty:                28 kB
Writeback:             0 kB
AnonPages:        354084 kB
Mapped:            49768 kB
Shmem:              3332 kB
Slab:              18868 kB
SReclaimable:       4884 kB
SUnreclaim:        13984 kB
KernelStack:        5256 kB
PageTables:         6228 kB
NFS_Unstable:          0 kB
Bounce:                0 kB
WritebackTmp:          0 kB
CommitLimit:      241032 kB
Committed_AS:    3562928 kB
VmallocTotal:     507904 kB
VmallocUsed:      110624 kB
VmallocChunk:     112576 kB
1557577144.000000
MemTotal:         482068 kB
MemFree:            3592 kB
Buffers:             612 kB
Cached:            45784 kB
SwapCached:            0 kB
Active:           375172 kB
Inactive:          23484 kB
Active(anon):     353848 kB
Inactive(anon):     3064 kB
Active(file):      21324 kB
Inactive(file):    20420 kB
Unevictable:        1964 kB
Mlocked:            3812 kB
HighTotal:             0 kB
HighFree:              0 kB
LowTotal:         482068 kB
LowFree:            3592 kB
SwapTotal:             0 kB
SwapFree:              0 kB
Dirty:                28 kB
Writeback:             0 kB
AnonPages:        354312 kB
Mapped:            50072 kB
Shmem:              3332 kB
Slab:              18868 kB
SReclaimable:       4884 kB
SUnreclaim:        13984 kB
KernelStack:        5256 kB
PageTables:         6228 kB
NFS_Unstable:          0 kB
Bounce:                0 kB
WritebackTmp:          0 kB
CommitLimit:      241032 kB
Committed_AS:    3562928 kB
VmallocTotal:     507904 kB
VmallocUsed:      110624 kB
VmallocChunk:     112576 kB
1557577145.000000
MemTotal:         482068 kB
MemFree:            4420 kB
Buffers:             612 kB
Cached:            44644 kB
SwapCached:            0 kB
Active:           374944 kB
Inactive:          22740 kB
Active(anon):     353980 kB
Inactive(anon):     3064 kB
Active(file):      20964 kB
Inactive(file):    19676 kB
Unevictable:        1964 kB
Mlocked:            3812 kB
HighTotal:             0 kB
HighFree:              0 kB
LowTotal:         482068 kB
LowFree:            4420 kB
SwapTotal:             0 kB
SwapFree:              0 kB
Dirty:                28 kB
Writeback:             0 kB
AnonPages:        354360 kB
Mapped:            50088 kB
Shmem:              3332 kB
Slab:              18856 kB
SReclaimable:       4884 kB
SUnreclaim:        13972 kB
KernelStack:        5256 kB
PageTables:         6228 kB
NFS_Unstable:          0 kB
Bounce:                0 kB
WritebackTmp:          0 kB
CommitLimit:      241032 kB
Committed_AS:    3562968 kB
VmallocTotal:     507904 kB
VmallocUsed:      110624 kB
VmallocChunk:     112576 kB
1557577146.000000
MemTotal:         482068 kB
MemFree:            4320 kB
Buffers:             612 kB
Cached:            44428 kB
SwapCached:            0 kB
Active:           374864 kB
Inactive:          22864 kB
Active(anon):     354200 kB
Inactive(anon):     3064 kB
Active(file):      20664 kB
Inactive(file):    19800 kB
Unevictable:        1964 kB
Mlocked:            3812 kB
HighTotal:             0 kB
HighFree:              0 kB
LowTotal:         482068 kB
LowFree:            4320 kB
SwapTotal:             0 kB
SwapFree:              0 kB
Dirty:                28 kB
Writeback:             0 kB
AnonPages:        354708 kB
Mapped:            50244 kB
Shmem:              3332 kB
Slab:              18892 kB
SReclaimable:       4884 kB
SUnreclaim:        14008 kB
KernelStack:        5248 kB
PageTables:         6228 kB
NFS_Unstable:          0 kB
Bounce:                0 kB
WritebackTmp:          0 kB
CommitLimit:      241032 kB
Committed_AS:    3563020 kB
VmallocTotal:     507904 kB
VmallocUsed:      110624 kB
VmallocChunk:     112576 kB
1557577147.000000
MemTotal:         482068 kB
MemFree:            4320 kB
Buffers:             612 kB
Cached:            44472 kB
SwapCached:            0 kB
Active:           374768 kB
Inactive:          22844 kB
Active(anon):     354052 kB
Inactive(anon):     3064 kB
Active(file):      20716 kB
Inactive(file):    19780 kB
Unevictable:        1964 kB
Mlocked:            3812 kB
HighTotal:             0 kB
HighFree:              0 kB
LowTotal:         482068 kB
LowFree:            4320 kB
SwapTotal:             0 kB
SwapFree:              0 kB
Dirty:                 0 kB
Writeback:             0 kB
AnonPages:        354524 kB
Mapped:            50224 kB
Shmem:              3332 kB
Slab:              18860 kB
SReclaimable:       4884 kB
SUnreclaim:        13976 kB
KernelStack:        5256 kB
PageTables:         6240 kB
NFS_Unstable:          0 kB
Bounce:                0 kB
WritebackTmp:          0 kB
CommitLimit:      241032 kB
Committed_AS:    3563052 kB
VmallocTotal:     507904 kB
VmallocUsed:      110624 kB
VmallocChunk:     112576 kB
1557577148.000000
MemTotal:         482068 kB
MemFree:            4140 kB
Buffers:             612 kB
Cached:            44472 kB
SwapCached:            0 kB
Active:           374884 kB
Inactive:          22840 kB
Active(anon):     354164 kB
Inactive(anon):     3064 kB
Active(file):      20720 kB
Inactive(file):    19776 kB
Unevictable:        1964 kB
Mlocked:            3812 kB
HighTotal:             0 kB
HighFree:              0 kB
LowTotal:         482068 kB
LowFree:            4140 kB
SwapTotal:             0 kB
SwapFree:              0 kB
Dirty:                 0 kB
Writeback:             0 kB
AnonPages:        354612 kB
Mapped:            50148 kB
Shmem:              3332 kB
Slab:              18868 kB
SReclaimable:       4884 kB
SUnreclaim:        13984 kB
KernelStack:        5256 kB
PageTables:         6240 kB
NFS_Unstable:          0 kB
Bounce:                0 kB
WritebackTmp:          0 kB
CommitLimit:      241032 kB
Committed_AS:    3563084 kB
VmallocTotal:     507904 kB
VmallocUsed:      110624 kB
VmallocChunk:     112576 kB
1557577149.000000
MemTotal:         482068 kB
MemFree:            4056 kB
Buffers:             612 kB
Cached:            44472 kB
SwapCached:            0 kB
Active:           374964 kB
Inactive:          22840 kB
Active(anon):     354244 kB
Inactive(anon):     3064 kB
Active(file):      20720 kB
Inactive(file):    19776 kB
Unevictable:        1964 kB
Mlocked:            3812 kB
HighTotal:             0 kB
HighFree:              0 kB
LowTotal:         482068 kB
LowFree:            4056 kB
SwapTotal:             0 kB
SwapFree:              0 kB
Dirty:                 0 kB
Writeback:             0 kB
AnonPages:        354656 kB
Mapped:            50244 kB
Shmem:              3332 kB
Slab:              18872 kB
SReclaimable:       4884 kB
SUnreclaim:        13988 kB
KernelStack:        5264 kB
PageTables:         6176 kB
NFS_Unstable:          0 kB
Bounce:                0 kB
WritebackTmp:          0 kB
CommitLimit:      241032 kB
Committed_AS:    3563196 kB
VmallocTotal:     507904 kB
VmallocUsed:      110624 kB
VmallocChunk:     112576 kB
1557577149.000000
MemTotal:         482068 kB
MemFree:            3948 kB
Buffers:             612 kB
Cached:            44480 kB
SwapCached:            0 kB
Active:           375000 kB
Inactive:          22848 kB
Active(anon):     354280 kB
Inactive(anon):     3064 kB
Active(file):      20720 kB
Inactive(file):    19784 kB
Unevictable:        1964 kB
Mlocked:            3812 kB
HighTotal:             0 kB
HighFree:              0 kB
LowTotal:         482068 kB
LowFree:            3948 kB
SwapTotal:             0 kB
SwapFree:              0 kB
Dirty:                 0 kB
Writeback:             0 kB
AnonPages:        354744 kB
Mapped:            50248 kB
Shmem:              3332 kB
Slab:              18860 kB
SReclaimable:       4884 kB
SUnreclaim:        13976 kB
KernelStack:        5256 kB
PageTables:         6304 kB
NFS_Unstable:          0 kB
Bounce:                0 kB
WritebackTmp:          0 kB
CommitLimit:      241032 kB
Committed_AS:    3563148 kB
VmallocTotal:     507904 kB
VmallocUsed:      110624 kB
VmallocChunk:     112576 kB
1557577150.000000
MemTotal:         482068 kB
MemFree:            3840 kB
Buffers:             612 kB
Cached:            44584 kB
SwapCached:            0 kB
Active:           375132 kB
Inactive:          22952 kB
Active(anon):     354412 kB
Inactive(anon):     3064 kB
Active(file):      20720 kB
Inactive(file):    19888 kB
Unevictable:        1964 kB
Mlocked:            3812 kB
HighTotal:             0 kB
HighFree:              0 kB
LowTotal:         482068 kB
LowFree:            3840 kB
SwapTotal:             0 kB
SwapFree:              0 kB
Dirty:                 0 kB
Writeback:             0 kB
AnonPages:        354900 kB
Mapped:            50252 kB
Shmem:              3332 kB
Slab:              18848 kB
SReclaimable:       4884 kB
SUnreclaim:        13964 kB
KernelStack:        5256 kB
PageTables:         6232 kB
NFS_Unstable:          0 kB
Bounce:                0 kB
WritebackTmp:          0 kB
CommitLimit:      241032 kB
Committed_AS:    3563184 kB
VmallocTotal:     507904 kB
VmallocUsed:      110624 kB
VmallocChunk:     112576 kB
1557577151.000000
MemTotal:         482068 kB
MemFree:            3768 kB
Buffers:             612 kB
Cached:            44584 kB
SwapCached:            0 kB
Active:           375288 kB
Inactive:          22952 kB
Active(anon):     354568 kB
Inactive(anon):     3064 kB
Active(file):      20720 kB
Inactive(file):    19888 kB
Unevictable:        1964 kB
Mlocked:            3812 kB
HighTotal:             0 kB
HighFree:              0 kB
LowTotal:         482068 kB
LowFree:            3768 kB
SwapTotal:             0 kB
SwapFree:              0 kB
Dirty:                 0 kB
Writeback:             0 kB
AnonPages:        355052 kB
Mapped:            50252 kB
Shmem:              3332 kB
Slab:              18848 kB
SReclaimable:       4884 kB
SUnreclaim:        13964 kB
KernelStack:        5256 kB
PageTables:         6232 kB
NFS_Unstable:          0 kB
Bounce:                0 kB
WritebackTmp:          0 kB
CommitLimit:      241032 kB
Committed_AS:    3563212 kB
VmallocTotal:     507904 kB
VmallocUsed:      110624 kB
VmallocChunk:     112576 kB
1557577152.000000
MemTotal:         482068 kB
MemFree:            3568 kB
Buffers:             612 kB
Cached:            44600 kB
SwapCached:            0 kB
Active:           375276 kB
Inactive:          22960 kB
Active(anon):     354556 kB
Inactive(anon):     3072 kB
Active(file):      20720 kB
Inactive(file):    19888 kB
Unevictable:        1964 kB
Mlocked:            3812 kB
HighTotal:             0 kB
HighFree:              0 kB
LowTotal:         482068 kB
LowFree:            3568 kB
SwapTotal:             0 kB
SwapFree:              0 kB
Dirty:                 0 kB
Writeback:             0 kB
AnonPages:        354984 kB
Mapped:            50268 kB
Shmem:              3348 kB
Slab:              18916 kB
SReclaimable:       4884 kB
SUnreclaim:        14032 kB
KernelStack:        5264 kB
PageTables:         6232 kB
NFS_Unstable:          0 kB
Bounce:                0 kB
WritebackTmp:          0 kB
CommitLimit:      241032 kB
Committed_AS:    3563244 kB
VmallocTotal:     507904 kB
VmallocUsed:      110624 kB
VmallocChunk:     112576 kB
1557577153.000000
MemTotal:         482068 kB
MemFree:            3716 kB
Buffers:             612 kB
Cached:            44600 kB
SwapCached:            0 kB
Active:           375328 kB
Inactive:          22960 kB
Active(anon):     354608 kB
Inactive(anon):     3072 kB
Active(file):      20720 kB
Inactive(file):    19888 kB
Unevictable:        1964 kB
Mlocked:            3812 kB
HighTotal:             0 kB
HighFree:              0 kB
LowTotal:         482068 kB
LowFree:            3716 kB
SwapTotal:             0 kB
SwapFree:              0 kB
Dirty:                 0 kB
Writeback:             0 kB
AnonPages:        355008 kB
Mapped:            50196 kB
Shmem:              3348 kB
Slab:              18864 kB
SReclaimable:       4884 kB
SUnreclaim:        13980 kB
KernelStack:        5264 kB
PageTables:         6256 kB
NFS_Unstable:          0 kB
Bounce:                0 kB
WritebackTmp:          0 kB
CommitLimit:      241032 kB
Committed_AS:    3563244 kB
VmallocTotal:     507904 kB
VmallocUsed:      110624 kB
VmallocChunk:     112576 kB
1557577154.000000
MemTotal:         482068 kB
MemFree:            3700 kB
Buffers:             612 kB
Cached:            44600 kB
SwapCached:            0 kB
Active:           375476 kB
Inactive:          22960 kB
Active(anon):     354756 kB
Inactive(anon):     3072 kB
Active(file):      20720 kB
Inactive(file):    19888 kB
Unevictable:        1964 kB
Mlocked:            3812 kB
HighTotal:             0 kB
HighFree:              0 kB
LowTotal:         482068 kB
LowFree:            3700 kB
SwapTotal:             0 kB
SwapFree:              0 kB
Dirty:                 0 kB
Writeback:             0 kB
AnonPages:        355240 kB
Mapped:            50252 kB
Shmem:              3348 kB
Slab:              18876 kB
SReclaimable:       4884 kB
SUnreclaim:        13992 kB
KernelStack:        5256 kB
PageTables:         6256 kB
NFS_Unstable:          0 kB
Bounce:                0 kB
WritebackTmp:          0 kB
CommitLimit:      241032 kB
Committed_AS:    3563244 kB
VmallocTotal:     507904 kB
VmallocUsed:      110632 kB
VmallocChunk:     112576 kB
1557577155.000000
MemTotal:         482068 kB
MemFree:            4924 kB
Buffers:             612 kB
Cached:            43668 kB
SwapCached:            0 kB
Active:           374612 kB
Inactive:          22272 kB
Active(anon):     354136 kB
Inactive(anon):     3072 kB
Active(file):      20476 kB
Inactive(file):    19200 kB
Unevictable:        1964 kB
Mlocked:            3812 kB
HighTotal:             0 kB
HighFree:              0 kB
LowTotal:         482068 kB
LowFree:            4924 kB
SwapTotal:             0 kB
SwapFree:              0 kB
Dirty:                 0 kB
Writeback:             0 kB
AnonPages:        354608 kB
Mapped:            50176 kB
Shmem:              3348 kB
Slab:              18892 kB
SReclaimable:       4884 kB
SUnreclaim:        14008 kB
KernelStack:        5256 kB
PageTables:         6244 kB
NFS_Unstable:          0 kB
Bounce:                0 kB
WritebackTmp:          0 kB
CommitLimit:      241032 kB
Committed_AS:    3563124 kB
VmallocTotal:     507904 kB
VmallocUsed:      110624 kB
VmallocChunk:     112576 kB
1557577156.000000
MemTotal:         482068 kB
MemFree:            4940 kB
Buffers:             612 kB
Cached:            43700 kB
SwapCached:            0 kB
Active:           374700 kB
Inactive:          22304 kB
Active(anon):     354224 kB
Inactive(anon):     3072 kB
Active(file):      20476 kB
Inactive(file):    19232 kB
Unevictable:        1964 kB
Mlocked:            3812 kB
HighTotal:             0 kB
HighFree:              0 kB
LowTotal:         482068 kB
LowFree:            4940 kB
SwapTotal:             0 kB
SwapFree:              0 kB
Dirty:                 0 kB
Writeback:             0 kB
