MemTotal:        1899508 kB
MemFree:           69184 kB
Buffers:            1680 kB
Cached:           246044 kB
SwapCached:            0 kB
Active:          1438416 kB
Inactive:         167128 kB
Active(anon):    1359820 kB
Inactive(anon):     3656 kB
Active(file):      78596 kB
Inactive(file):   163472 kB
Unevictable:        1940 kB
Mlocked:               0 kB
HighTotal:       1158144 kB
HighFree:          16096 kB
LowTotal:         741364 kB
LowFree:           53088 kB
SwapTotal:             0 kB
SwapFree:              0 kB
Dirty:                 0 kB
Writeback:             0 kB
AnonPages:       1359752 kB
Mapped:           124968 kB
Shmem:              3716 kB
Slab:              34144 kB
SReclaimable:      12372 kB
SUnreclaim:        21772 kB
KernelStack:        6648 kB
PageTables:        14264 kB
NFS_Unstable:          0 kB
Bounce:                0 kB
WritebackTmp:          0 kB
CommitLimit:      949752 kB
Committed_AS:   17589640 kB
VmallocTotal:     245760 kB
VmallocUsed:       56240 kB
VmallocChunk:      75648 kB
1557735216.375535
MemTotal:        1899508 kB
MemFree:           67408 kB
Buffers:            1680 kB
Cached:           246044 kB
SwapCached:            0 kB
Active:          1438964 kB
Inactive:         167128 kB
Active(anon):    1360368 kB
Inactive(anon):     3656 kB
Active(file):      78596 kB
Inactive(file):   163472 kB
Unevictable:        1940 kB
Mlocked:               0 kB
HighTotal:       1158144 kB
HighFree:          15124 kB
LowTotal:         741364 kB
LowFree:           52284 kB
SwapTotal:             0 kB
SwapFree:              0 kB
Dirty:                 0 kB
Writeback:             0 kB
AnonPages:       1360312 kB
Mapped:           124904 kB
Shmem:              3716 kB
Slab:              34144 kB
SReclaimable:      12372 kB
SUnreclaim:        21772 kB
KernelStack:        6784 kB
PageTables:        14364 kB
NFS_Unstable:          0 kB
Bounce:                0 kB
WritebackTmp:          0 kB
CommitLimit:      949752 kB
Committed_AS:   17590880 kB
VmallocTotal:     245760 kB
VmallocUsed:       56240 kB
VmallocChunk:      75648 kB
1557735217.035482
MemTotal:        1899508 kB
MemFree:           68424 kB
Buffers:            1680 kB
Cached:           246044 kB
SwapCached:            0 kB
Active:          1439160 kB
Inactive:         167128 kB
Active(anon):    1360564 kB
Inactive(anon):     3656 kB
Active(file):      78596 kB
Inactive(file):   163472 kB
Unevictable:        1940 kB
Mlocked:               0 kB
HighTotal:       1158144 kB
HighFree:          15352 kB
LowTotal:         741364 kB
LowFree:           53072 kB
SwapTotal:             0 kB
SwapFree:              0 kB
Dirty:                 0 kB
Writeback:             0 kB
AnonPages:       1360520 kB
Mapped:           124968 kB
Shmem:              3716 kB
Slab:              34148 kB
SReclaimable:      12372 kB
SUnreclaim:        21776 kB
KernelStack:        6648 kB
PageTables:        14264 kB
NFS_Unstable:          0 kB
Bounce:                0 kB
WritebackTmp:          0 kB
CommitLimit:      949752 kB
Committed_AS:   17590920 kB
VmallocTotal:     245760 kB
VmallocUsed:       56240 kB
VmallocChunk:      75648 kB
1557735217.885536
MemTotal:        1899508 kB
MemFree:           68404 kB
Buffers:            1680 kB
Cached:           246044 kB
SwapCached:            0 kB
Active:          1439136 kB
Inactive:         167128 kB
Active(anon):    1360540 kB
Inactive(anon):     3656 kB
Active(file):      78596 kB
Inactive(file):   163472 kB
Unevictable:        1940 kB
Mlocked:               0 kB
HighTotal:       1158144 kB
HighFree:          15316 kB
LowTotal:         741364 kB
LowFree:           53088 kB
SwapTotal:             0 kB
SwapFree:              0 kB
Dirty:                 0 kB
Writeback:             0 kB
AnonPages:       1360544 kB
Mapped:           124964 kB
Shmem:              3716 kB
Slab:              34144 kB
SReclaimable:      12372 kB
SUnreclaim:        21772 kB
KernelStack:        6664 kB
PageTables:        14276 kB
NFS_Unstable:          0 kB
Bounce:                0 kB
WritebackTmp:          0 kB
CommitLimit:      949752 kB
Committed_AS:   17590960 kB
VmallocTotal:     245760 kB
VmallocUsed:       56240 kB
VmallocChunk:      75648 kB
1557735218.640087
MemTotal:        1899508 kB
MemFree:           68300 kB
Buffers:            1680 kB
Cached:           246088 kB
SwapCached:            0 kB
Active:          1438532 kB
Inactive:         167172 kB
Active(anon):    1359936 kB
Inactive(anon):     3656 kB
Active(file):      78596 kB
Inactive(file):   163516 kB
Unevictable:        1940 kB
Mlocked:               0 kB
HighTotal:       1158144 kB
HighFree:          15696 kB
LowTotal:         741364 kB
LowFree:           52604 kB
SwapTotal:             0 kB
SwapFree:              0 kB
Dirty:                 0 kB
Writeback:             0 kB
AnonPages:       1359976 kB
Mapped:           124944 kB
Shmem:              3716 kB
Slab:              34144 kB
SReclaimable:      12372 kB
SUnreclaim:        21772 kB
KernelStack:        6744 kB
PageTables:        14324 kB
NFS_Unstable:          0 kB
Bounce:                0 kB
WritebackTmp:          0 kB
CommitLimit:      949752 kB
Committed_AS:   17587308 kB
VmallocTotal:     245760 kB
VmallocUsed:       56240 kB
VmallocChunk:      75648 kB
1557735219.355450
MemTotal:        1899508 kB
MemFree:           44340 kB
Buffers:            1692 kB
Cached:           247704 kB
SwapCached:            0 kB
Active:          1444788 kB
Inactive:         166036 kB
Active(anon):    1363644 kB
Inactive(anon):     3456 kB
Active(file):      81144 kB
Inactive(file):   162580 kB
Unevictable:        1940 kB
Mlocked:               0 kB
HighTotal:       1158144 kB
HighFree:           3404 kB
LowTotal:         741364 kB
LowFree:           40936 kB
SwapTotal:             0 kB
SwapFree:              0 kB
Dirty:                 0 kB
Writeback:             0 kB
AnonPages:       1363708 kB
Mapped:           120348 kB
Shmem:              3420 kB
Slab:              34144 kB
SReclaimable:      12372 kB
SUnreclaim:        21772 kB
KernelStack:        6880 kB
PageTables:        14324 kB
NFS_Unstable:          0 kB
Bounce:                0 kB
WritebackTmp:          0 kB
CommitLimit:      949752 kB
Committed_AS:   17587664 kB
VmallocTotal:     245760 kB
VmallocUsed:       56356 kB
VmallocChunk:      75648 kB
1557735220.166757
MemTotal:        1899508 kB
MemFree:           48972 kB
Buffers:            1644 kB
Cached:           245796 kB
SwapCached:            0 kB
Active:          1445320 kB
Inactive:         162616 kB
Active(anon):    1362508 kB
Inactive(anon):     3400 kB
Active(file):      82812 kB
Inactive(file):   159216 kB
Unevictable:        1940 kB
Mlocked:               0 kB
HighTotal:       1158144 kB
HighFree:           6672 kB
LowTotal:         741364 kB
LowFree:           42300 kB
SwapTotal:             0 kB
SwapFree:              0 kB
Dirty:               152 kB
Writeback:             0 kB
AnonPages:       1362496 kB
Mapped:           120876 kB
Shmem:              3456 kB
Slab:              34156 kB
SReclaimable:      12372 kB
SUnreclaim:        21784 kB
KernelStack:        6832 kB
PageTables:        14320 kB
NFS_Unstable:          0 kB
Bounce:                0 kB
WritebackTmp:          0 kB
CommitLimit:      949752 kB
Committed_AS:   17587212 kB
VmallocTotal:     245760 kB
VmallocUsed:       56356 kB
VmallocChunk:      75648 kB
1557735220.887335
MemTotal:        1899508 kB
MemFree:           66216 kB
Buffers:            1700 kB
Cached:           246700 kB
SwapCached:            0 kB
Active:          1453928 kB
Inactive:         158372 kB
Active(anon):    1366432 kB
Inactive(anon):     3400 kB
Active(file):      87496 kB
Inactive(file):   154972 kB
Unevictable:        1940 kB
Mlocked:               0 kB
HighTotal:       1158144 kB
HighFree:           7272 kB
LowTotal:         741364 kB
LowFree:           58944 kB
SwapTotal:             0 kB
SwapFree:              0 kB
Dirty:                16 kB
Writeback:             0 kB
AnonPages:       1366684 kB
Mapped:           124912 kB
Shmem:              3468 kB
Slab:              34244 kB
SReclaimable:      12372 kB
SUnreclaim:        21872 kB
KernelStack:        6944 kB
PageTables:        14772 kB
NFS_Unstable:          0 kB
Bounce:                0 kB
WritebackTmp:          0 kB
CommitLimit:      949752 kB
Committed_AS:   18157484 kB
VmallocTotal:     245760 kB
VmallocUsed:       57248 kB
VmallocChunk:      75648 kB
1557735221.583834
MemTotal:        1899508 kB
MemFree:           42800 kB
Buffers:            1476 kB
Cached:           238024 kB
SwapCached:            0 kB
Active:          1498620 kB
Inactive:         139560 kB
Active(anon):    1401204 kB
Inactive(anon):     3400 kB
Active(file):      97416 kB
Inactive(file):   136160 kB
Unevictable:        1940 kB
Mlocked:               0 kB
HighTotal:       1158144 kB
HighFree:           1768 kB
LowTotal:         741364 kB
LowFree:           41032 kB
SwapTotal:             0 kB
SwapFree:              0 kB
Dirty:               112 kB
Writeback:             0 kB
AnonPages:       1401468 kB
Mapped:           143492 kB
Shmem:              3452 kB
Slab:              34160 kB
SReclaimable:      12372 kB
SUnreclaim:        21788 kB
KernelStack:        7016 kB
PageTables:        15056 kB
NFS_Unstable:          0 kB
Bounce:                0 kB
WritebackTmp:          0 kB
CommitLimit:      949752 kB
Committed_AS:   18225532 kB
VmallocTotal:     245760 kB
VmallocUsed:       57416 kB
VmallocChunk:      75648 kB
1557735222.626666
MemTotal:        1899508 kB
MemFree:           41624 kB
Buffers:            1200 kB
Cached:           209080 kB
SwapCached:            0 kB
Active:          1509992 kB
Inactive:         110068 kB
Active(anon):    1411936 kB
Inactive(anon):     3404 kB
Active(file):      98056 kB
Inactive(file):   106664 kB
Unevictable:        1940 kB
Mlocked:               0 kB
HighTotal:       1158144 kB
HighFree:           1244 kB
LowTotal:         741364 kB
LowFree:           40380 kB
SwapTotal:             0 kB
SwapFree:              0 kB
Dirty:                16 kB
Writeback:             0 kB
AnonPages:       1411896 kB
Mapped:           147872 kB
Shmem:              3460 kB
Slab:              34012 kB
SReclaimable:      12372 kB
SUnreclaim:        21640 kB
KernelStack:        7184 kB
PageTables:        15124 kB
NFS_Unstable:          0 kB
Bounce:                0 kB
WritebackTmp:          0 kB
CommitLimit:      949752 kB
Committed_AS:   18238704 kB
VmallocTotal:     245760 kB
VmallocUsed:       57488 kB
VmallocChunk:      75648 kB
1557735223.535494
MemTotal:        1899508 kB
MemFree:           40352 kB
Buffers:             980 kB
Cached:           205468 kB
SwapCached:            0 kB
Active:          1525608 kB
Inactive:         104288 kB
Active(anon):    1425512 kB
Inactive(anon):     3412 kB
Active(file):     100096 kB
Inactive(file):   100876 kB
Unevictable:        1940 kB
Mlocked:               0 kB
HighTotal:       1158144 kB
HighFree:            576 kB
LowTotal:         741364 kB
LowFree:           39776 kB
SwapTotal:             0 kB
SwapFree:              0 kB
Dirty:                 0 kB
Writeback:             0 kB
AnonPages:       1425464 kB
Mapped:           153672 kB
Shmem:              3468 kB
Slab:              34004 kB
SReclaimable:      12372 kB
SUnreclaim:        21632 kB
KernelStack:        7224 kB
PageTables:        15192 kB
NFS_Unstable:          0 kB
Bounce:                0 kB
WritebackTmp:          0 kB
CommitLimit:      949752 kB
Committed_AS:   18257848 kB
VmallocTotal:     245760 kB
VmallocUsed:       57480 kB
VmallocChunk:      75648 kB
1557735224.390732
MemTotal:        1899508 kB
MemFree:           48788 kB
Buffers:            1052 kB
Cached:           190028 kB
SwapCached:            0 kB
Active:          1533016 kB
Inactive:          94768 kB
Active(anon):    1438764 kB
Inactive(anon):     3412 kB
Active(file):      94252 kB
Inactive(file):    91356 kB
Unevictable:        1940 kB
Mlocked:               0 kB
HighTotal:       1158144 kB
HighFree:           2448 kB
LowTotal:         741364 kB
LowFree:           46340 kB
SwapTotal:             0 kB
SwapFree:              0 kB
Dirty:               356 kB
Writeback:             0 kB
AnonPages:       1438832 kB
Mapped:           146736 kB
Shmem:              3468 kB
Slab:              33992 kB
SReclaimable:      12372 kB
SUnreclaim:        21620 kB
KernelStack:        7288 kB
PageTables:        14920 kB
NFS_Unstable:          0 kB
Bounce:                0 kB
WritebackTmp:          0 kB
CommitLimit:      949752 kB
Committed_AS:   17719200 kB
VmallocTotal:     245760 kB
VmallocUsed:       56460 kB
VmallocChunk:      75648 kB
1557735225.333653
MemTotal:        1899508 kB
MemFree:           51412 kB
Buffers:            1052 kB
Cached:           188420 kB
SwapCached:            0 kB
Active:          1532228 kB
Inactive:          94728 kB
Active(anon):    1439448 kB
Inactive(anon):     3412 kB
Active(file):      92780 kB
Inactive(file):    91316 kB
Unevictable:        1940 kB
Mlocked:               0 kB
HighTotal:       1158144 kB
HighFree:           3160 kB
LowTotal:         741364 kB
LowFree:           48252 kB
SwapTotal:             0 kB
SwapFree:              0 kB
Dirty:               356 kB
Writeback:             0 kB
AnonPages:       1439400 kB
Mapped:           145932 kB
Shmem:              3468 kB
Slab:              33992 kB
SReclaimable:      12372 kB
SUnreclaim:        21620 kB
KernelStack:        7272 kB
PageTables:        14900 kB
NFS_Unstable:          0 kB
Bounce:                0 kB
WritebackTmp:          0 kB
CommitLimit:      949752 kB
Committed_AS:   17720320 kB
VmallocTotal:     245760 kB
VmallocUsed:       56460 kB
VmallocChunk:      75648 kB
1557735226.152991
MemTotal:        1899508 kB
MemFree:           52896 kB
Buffers:            1052 kB
Cached:           187384 kB
SwapCached:            0 kB
Active:          1531948 kB
Inactive:          93840 kB
Active(anon):    1439368 kB
Inactive(anon):     3412 kB
Active(file):      92580 kB
Inactive(file):    90428 kB
Unevictable:        1940 kB
Mlocked:               0 kB
HighTotal:       1158144 kB
HighFree:           4480 kB
LowTotal:         741364 kB
LowFree:           48416 kB
SwapTotal:             0 kB
SwapFree:              0 kB
Dirty:               356 kB
Writeback:             0 kB
AnonPages:       1439524 kB
Mapped:           144988 kB
Shmem:              3468 kB
Slab:              33952 kB
SReclaimable:      12372 kB
SUnreclaim:        21580 kB
KernelStack:        7160 kB
PageTables:        14896 kB
NFS_Unstable:          0 kB
Bounce:                0 kB
WritebackTmp:          0 kB
CommitLimit:      949752 kB
Committed_AS:   17720348 kB
VmallocTotal:     245760 kB
VmallocUsed:       56460 kB
VmallocChunk:      75648 kB
1557735227.003096
MemTotal:        1899508 kB
MemFree:           57816 kB
Buffers:            1052 kB
Cached:           187784 kB
SwapCached:            0 kB
Active:          1525468 kB
Inactive:          94216 kB
Active(anon):    1432840 kB
Inactive(anon):     3412 kB
Active(file):      92628 kB
Inactive(file):    90804 kB
Unevictable:        1940 kB
Mlocked:               0 kB
HighTotal:       1158144 kB
HighFree:           7932 kB
LowTotal:         741364 kB
LowFree:           49884 kB
SwapTotal:             0 kB
SwapFree:              0 kB
Dirty:               360 kB
Writeback:             0 kB
AnonPages:       1432924 kB
Mapped:           145016 kB
Shmem:              3468 kB
Slab:              33952 kB
SReclaimable:      12372 kB
SUnreclaim:        21580 kB
KernelStack:        7304 kB
PageTables:        14948 kB
NFS_Unstable:          0 kB
Bounce:                0 kB
WritebackTmp:          0 kB
CommitLimit:      949752 kB
Committed_AS:   17716516 kB
VmallocTotal:     245760 kB
VmallocUsed:       56460 kB
VmallocChunk:      75648 kB
1557735227.939347
MemTotal:        1899508 kB
MemFree:           43900 kB
Buffers:             976 kB
Cached:           187296 kB
SwapCached:            0 kB
Active:          1527692 kB
Inactive:          93688 kB
Active(anon):    1435220 kB
Inactive(anon):     3412 kB
Active(file):      92472 kB
Inactive(file):    90276 kB
Unevictable:        1940 kB
Mlocked:               0 kB
HighTotal:       1158144 kB
HighFree:           1836 kB
LowTotal:         741364 kB
LowFree:           42064 kB
SwapTotal:             0 kB
SwapFree:              0 kB
Dirty:                 0 kB
Writeback:            28 kB
AnonPages:       1435184 kB
Mapped:           154300 kB
Shmem:              3468 kB
Slab:              33948 kB
SReclaimable:      12372 kB
SUnreclaim:        21576 kB
KernelStack:        7240 kB
PageTables:        15028 kB
NFS_Unstable:          0 kB
Bounce:                0 kB
WritebackTmp:          0 kB
CommitLimit:      949752 kB
Committed_AS:   17717728 kB
VmallocTotal:     245760 kB
VmallocUsed:       56556 kB
VmallocChunk:      75648 kB
1557735228.837415
MemTotal:        1899508 kB
MemFree:           52720 kB
Buffers:            1048 kB
Cached:           191436 kB
SwapCached:            0 kB
Active:          1509964 kB
Inactive:         104316 kB
Active(anon):    1424132 kB
Inactive(anon):     3420 kB
Active(file):      85832 kB
Inactive(file):   100896 kB
Unevictable:        1940 kB
Mlocked:               0 kB
HighTotal:       1158144 kB
HighFree:           2344 kB
LowTotal:         741364 kB
LowFree:           50376 kB
SwapTotal:             0 kB
SwapFree:              0 kB
Dirty:               732 kB
Writeback:           152 kB
AnonPages:       1423932 kB
Mapped:           151204 kB
Shmem:              3476 kB
Slab:              33920 kB
SReclaimable:      12372 kB
SUnreclaim:        21548 kB
KernelStack:        6840 kB
PageTables:        13924 kB
NFS_Unstable:          0 kB
Bounce:                0 kB
WritebackTmp:          0 kB
CommitLimit:      949752 kB
Committed_AS:   15921776 kB
VmallocTotal:     245760 kB
VmallocUsed:       54516 kB
VmallocChunk:      75648 kB
1557735229.997927
MemTotal:        1899508 kB
MemFree:           42468 kB
Buffers:             704 kB
Cached:           173804 kB
SwapCached:            0 kB
Active:          1528444 kB
Inactive:          85668 kB
Active(anon):    1441764 kB
Inactive(anon):     3420 kB
Active(file):      86680 kB
Inactive(file):    82248 kB
Unevictable:        1940 kB
Mlocked:               0 kB
HighTotal:       1158144 kB
HighFree:           2868 kB
LowTotal:         741364 kB
LowFree:           39600 kB
SwapTotal:             0 kB
SwapFree:              0 kB
Dirty:                 0 kB
Writeback:             0 kB
AnonPages:       1441972 kB
Mapped:           151628 kB
Shmem:              3472 kB
Slab:              33860 kB
SReclaimable:      12396 kB
SUnreclaim:        21464 kB
KernelStack:        6920 kB
PageTables:        14320 kB
NFS_Unstable:          0 kB
Bounce:                0 kB
WritebackTmp:          0 kB
CommitLimit:      949752 kB
Committed_AS:   17160152 kB
VmallocTotal:     245760 kB
VmallocUsed:       55716 kB
VmallocChunk:      75648 kB
1557735230.919225
MemTotal:        1899508 kB
MemFree:           47416 kB
Buffers:             816 kB
Cached:           137828 kB
SwapCached:            0 kB
Active:          1520040 kB
Inactive:          70772 kB
Active(anon):    1454356 kB
Inactive(anon):     3420 kB
Active(file):      65684 kB
Inactive(file):    67352 kB
Unevictable:        1940 kB
Mlocked:               0 kB
HighTotal:       1158144 kB
HighFree:           7000 kB
LowTotal:         741364 kB
LowFree:           40416 kB
SwapTotal:             0 kB
SwapFree:              0 kB
Dirty:                 0 kB
Writeback:             0 kB
AnonPages:       1454424 kB
Mapped:           166828 kB
Shmem:              3476 kB
Slab:              33880 kB
SReclaimable:      12400 kB
SUnreclaim:        21480 kB
KernelStack:        6824 kB
PageTables:        13272 kB
NFS_Unstable:          0 kB
Bounce:                0 kB
WritebackTmp:          0 kB
CommitLimit:      949752 kB
Committed_AS:   15476168 kB
VmallocTotal:     245760 kB
VmallocUsed:       52872 kB
VmallocChunk:      75648 kB
1557735231.943046
MemTotal:        1899508 kB
MemFree:           54632 kB
Buffers:             976 kB
Cached:           139636 kB
SwapCached:            0 kB
Active:          1514076 kB
Inactive:          70540 kB
Active(anon):    1445916 kB
Inactive(anon):     3420 kB
Active(file):      68160 kB
Inactive(file):    67120 kB
Unevictable:        1940 kB
Mlocked:               0 kB
HighTotal:       1158144 kB
HighFree:           8404 kB
LowTotal:         741364 kB
LowFree:           46228 kB
SwapTotal:             0 kB
SwapFree:              0 kB
Dirty:                48 kB
Writeback:             0 kB
AnonPages:       1445820 kB
Mapped:           161536 kB
Shmem:              3476 kB
Slab:              33772 kB
SReclaimable:      12400 kB
SUnreclaim:        21372 kB
KernelStack:        6376 kB
PageTables:        12772 kB
NFS_Unstable:          0 kB
Bounce:                0 kB
WritebackTmp:          0 kB
CommitLimit:      949752 kB
Committed_AS:   14251984 kB
VmallocTotal:     245760 kB
VmallocUsed:       51852 kB
VmallocChunk:      75648 kB
1557735232.906089
MemTotal:        1899508 kB
MemFree:           64684 kB
Buffers:             456 kB
Cached:           112352 kB
SwapCached:            0 kB
Active:          1479228 kB
Inactive:          55704 kB
Active(anon):    1424520 kB
Inactive(anon):     3420 kB
Active(file):      54708 kB
Inactive(file):    52284 kB
Unevictable:        1940 kB
Mlocked:               0 kB
HighTotal:       1158144 kB
HighFree:          23648 kB
LowTotal:         741364 kB
LowFree:           41036 kB
SwapTotal:             0 kB
SwapFree:              0 kB
Dirty:                 8 kB
Writeback:             0 kB
AnonPages:       1424680 kB
Mapped:           131780 kB
Shmem:              3476 kB
Slab:              33632 kB
SReclaimable:      12400 kB
SUnreclaim:        21232 kB
KernelStack:        6208 kB
PageTables:        11428 kB
NFS_Unstable:          0 kB
Bounce:                0 kB
WritebackTmp:          0 kB
CommitLimit:      949752 kB
Committed_AS:   11900244 kB
VmallocTotal:     245760 kB
VmallocUsed:       51028 kB
VmallocChunk:      75648 kB
1557735233.924908
MemTotal:        1899508 kB
MemFree:           66224 kB
Buffers:             592 kB
Cached:           106156 kB
SwapCached:            0 kB
Active:          1478228 kB
Inactive:          51748 kB
Active(anon):    1425160 kB
Inactive(anon):     3416 kB
Active(file):      53068 kB
Inactive(file):    48332 kB
Unevictable:        1940 kB
Mlocked:               0 kB
HighTotal:       1158144 kB
HighFree:          23276 kB
LowTotal:         741364 kB
LowFree:           42948 kB
SwapTotal:             0 kB
SwapFree:              0 kB
Dirty:                 0 kB
Writeback:             0 kB
AnonPages:       1425096 kB
Mapped:           126712 kB
Shmem:              3472 kB
Slab:              33496 kB
SReclaimable:      12376 kB
SUnreclaim:        21120 kB
KernelStack:        5992 kB
PageTables:        10908 kB
NFS_Unstable:          0 kB
Bounce:                0 kB
WritebackTmp:          0 kB
CommitLimit:      949752 kB
Committed_AS:   11304052 kB
VmallocTotal:     245760 kB
VmallocUsed:       47584 kB
VmallocChunk:      75648 kB
1557735234.700292
MemTotal:        1899508 kB
MemFree:           68136 kB
Buffers:             448 kB
Cached:           105980 kB
SwapCached:            0 kB
Active:          1478792 kB
Inactive:          50808 kB
Active(anon):    1425252 kB
Inactive(anon):     3416 kB
Active(file):      53540 kB
Inactive(file):    47392 kB
Unevictable:        1940 kB
Mlocked:               0 kB
HighTotal:       1158144 kB
HighFree:          24920 kB
LowTotal:         741364 kB
LowFree:           43216 kB
SwapTotal:             0 kB
SwapFree:              0 kB
Dirty:                64 kB
Writeback:             0 kB
AnonPages:       1425316 kB
Mapped:           126496 kB
Shmem:              3472 kB
Slab:              33456 kB
SReclaimable:      12376 kB
SUnreclaim:        21080 kB
KernelStack:        5880 kB
PageTables:        11016 kB
NFS_Unstable:          0 kB
Bounce:                0 kB
WritebackTmp:          0 kB
CommitLimit:      949752 kB
Committed_AS:   11304108 kB
VmallocTotal:     245760 kB
VmallocUsed:       47584 kB
VmallocChunk:      75648 kB
1557735235.588841
MemTotal:        1899508 kB
MemFree:           77904 kB
Buffers:             472 kB
Cached:            99320 kB
SwapCached:            0 kB
Active:          1459716 kB
Inactive:          50800 kB
Active(anon):    1412936 kB
Inactive(anon):     3436 kB
Active(file):      46780 kB
Inactive(file):    47364 kB
Unevictable:        1940 kB
Mlocked:               0 kB
HighTotal:       1158144 kB
HighFree:          27188 kB
LowTotal:         741364 kB
LowFree:           50716 kB
SwapTotal:             0 kB
SwapFree:              0 kB
Dirty:                 0 kB
Writeback:             0 kB
AnonPages:       1413008 kB
Mapped:           123584 kB
Shmem:              3508 kB
Slab:              33432 kB
SReclaimable:      12376 kB
SUnreclaim:        21056 kB
KernelStack:        5952 kB
PageTables:        10808 kB
NFS_Unstable:          0 kB
Bounce:                0 kB
WritebackTmp:          0 kB
CommitLimit:      949752 kB
Committed_AS:   11345336 kB
VmallocTotal:     245760 kB
VmallocUsed:       50008 kB
VmallocChunk:      75648 kB
1557735236.675563
MemTotal:        1899508 kB
MemFree:           71304 kB
Buffers:             492 kB
Cached:           100128 kB
SwapCached:            0 kB
Active:          1464340 kB
Inactive:          51720 kB
Active(anon):    1417448 kB
Inactive(anon):     3444 kB
Active(file):      46892 kB
Inactive(file):    48276 kB
Unevictable:        1940 kB
Mlocked:               0 kB
HighTotal:       1158144 kB
HighFree:          21360 kB
LowTotal:         741364 kB
LowFree:           49944 kB
SwapTotal:             0 kB
SwapFree:              0 kB
Dirty:                68 kB
Writeback:             0 kB
AnonPages:       1417524 kB
Mapped:           123744 kB
Shmem:              3512 kB
Slab:              33492 kB
SReclaimable:      12368 kB
SUnreclaim:        21124 kB
KernelStack:        5800 kB
PageTables:        10808 kB
NFS_Unstable:          0 kB
Bounce:                0 kB
WritebackTmp:          0 kB
CommitLimit:      949752 kB
Committed_AS:   11345544 kB
VmallocTotal:     245760 kB
VmallocUsed:       50008 kB
VmallocChunk:      75648 kB
1557735237.548848
MemTotal:        1899508 kB
MemFree:           67840 kB
Buffers:             508 kB
Cached:           101344 kB
SwapCached:            0 kB
Active:          1468328 kB
Inactive:          52800 kB
Active(anon):    1421380 kB
Inactive(anon):     3708 kB
Active(file):      46948 kB
Inactive(file):    49092 kB
Unevictable:        1940 kB
Mlocked:               0 kB
HighTotal:       1158144 kB
HighFree:          17180 kB
LowTotal:         741364 kB
LowFree:           50660 kB
SwapTotal:             0 kB
SwapFree:              0 kB
Dirty:                68 kB
Writeback:             0 kB
AnonPages:       1421228 kB
Mapped:           124148 kB
Shmem:              3832 kB
Slab:              33516 kB
SReclaimable:      12368 kB
SUnreclaim:        21148 kB
KernelStack:        5752 kB
PageTables:        10828 kB
NFS_Unstable:          0 kB
Bounce:                0 kB
WritebackTmp:          0 kB
CommitLimit:      949752 kB
Committed_AS:   11349600 kB
VmallocTotal:     245760 kB
VmallocUsed:       50008 kB
VmallocChunk:      75648 kB
1557735238.577007
MemTotal:        1899508 kB
MemFree:           62988 kB
Buffers:             524 kB
Cached:           101692 kB
SwapCached:            0 kB
Active:          1472532 kB
Inactive:          53068 kB
Active(anon):    1425576 kB
Inactive(anon):     3696 kB
Active(file):      46956 kB
Inactive(file):    49372 kB
Unevictable:        1940 kB
Mlocked:               0 kB
HighTotal:       1158144 kB
HighFree:          12424 kB
LowTotal:         741364 kB
LowFree:           50564 kB
SwapTotal:             0 kB
SwapFree:              0 kB
Dirty:                68 kB
Writeback:             0 kB
AnonPages:       1425452 kB
Mapped:           124208 kB
Shmem:              3868 kB
Slab:              33516 kB
SReclaimable:      12368 kB
SUnreclaim:        21148 kB
KernelStack:        5760 kB
PageTables:        10828 kB
NFS_Unstable:          0 kB
Bounce:                0 kB
WritebackTmp:          0 kB
CommitLimit:      949752 kB
Committed_AS:   11354068 kB
VmallocTotal:     245760 kB
VmallocUsed:       50008 kB
VmallocChunk:      75648 kB
1557735239.604390
MemTotal:        1899508 kB
MemFree:           52900 kB
Buffers:             628 kB
Cached:           106948 kB
SwapCached:            0 kB
Active:          1476996 kB
Inactive:          58516 kB
Active(anon):    1430040 kB
Inactive(anon):     3784 kB
Active(file):      46956 kB
Inactive(file):    54732 kB
Unevictable:        1940 kB
Mlocked:               0 kB
HighTotal:       1158144 kB
HighFree:           2840 kB
LowTotal:         741364 kB
LowFree:           50060 kB
SwapTotal:             0 kB
SwapFree:              0 kB
Dirty:                68 kB
Writeback:             0 kB
AnonPages:       1429864 kB
Mapped:           125788 kB
Shmem:              4012 kB
Slab:              33516 kB
SReclaimable:      12368 kB
SUnreclaim:        21148 kB
KernelStack:        5784 kB
PageTables:        10832 kB
NFS_Unstable:          0 kB
Bounce:                0 kB
WritebackTmp:          0 kB
CommitLimit:      949752 kB
Committed_AS:   11358852 kB
VmallocTotal:     245760 kB
VmallocUsed:       50008 kB
VmallocChunk:      75648 kB
1557735240.639528
MemTotal:        1899508 kB
MemFree:           75704 kB
Buffers:             644 kB
Cached:           116244 kB
SwapCached:            0 kB
Active:          1466932 kB
Inactive:          66896 kB
Active(anon):    1419588 kB
Inactive(anon):     3776 kB
Active(file):      47344 kB
Inactive(file):    63120 kB
Unevictable:        1940 kB
Mlocked:               0 kB
HighTotal:       1158144 kB
HighFree:           4364 kB
LowTotal:         741364 kB
LowFree:           71340 kB
SwapTotal:             0 kB
SwapFree:              0 kB
Dirty:                72 kB
Writeback:             0 kB
AnonPages:       1419512 kB
Mapped:           106724 kB
Shmem:              4024 kB
Slab:              33516 kB
SReclaimable:      12368 kB
SUnreclaim:        21148 kB
KernelStack:        5792 kB
PageTables:        11104 kB
NFS_Unstable:          0 kB
Bounce:                0 kB
WritebackTmp:          0 kB
CommitLimit:      949752 kB
Committed_AS:   11928580 kB
VmallocTotal:     245760 kB
VmallocUsed:       50788 kB
VmallocChunk:      75648 kB
1557735241.697027
MemTotal:        1899508 kB
MemFree:           39852 kB
Buffers:             792 kB
Cached:           144116 kB
SwapCached:            0 kB
Active:          1475464 kB
Inactive:          93932 kB
Active(anon):    1426848 kB
Inactive(anon):     3804 kB
Active(file):      48616 kB
Inactive(file):    90128 kB
Unevictable:        1940 kB
Mlocked:               0 kB
HighTotal:       1158144 kB
HighFree:            400 kB
LowTotal:         741364 kB
LowFree:           39452 kB
SwapTotal:             0 kB
SwapFree:              0 kB
Dirty:                 4 kB
Writeback:             0 kB
AnonPages:       1426852 kB
Mapped:           112908 kB
Shmem:              4008 kB
Slab:              33512 kB
SReclaimable:      12368 kB
SUnreclaim:        21144 kB
KernelStack:        5864 kB
PageTables:        11700 kB
NFS_Unstable:          0 kB
Bounce:                0 kB
WritebackTmp:          0 kB
CommitLimit:      949752 kB
Committed_AS:   12500408 kB
VmallocTotal:     245760 kB
VmallocUsed:       51808 kB
VmallocChunk:      75648 kB
1557735242.775921
MemTotal:        1899508 kB
MemFree:           40284 kB
Buffers:             416 kB
Cached:           140508 kB
SwapCached:            0 kB
Active:          1491396 kB
Inactive:          81776 kB
Active(anon):    1434864 kB
Inactive(anon):     3768 kB
Active(file):      56532 kB
Inactive(file):    78008 kB
Unevictable:        1940 kB
Mlocked:               0 kB
HighTotal:       1158144 kB
HighFree:            524 kB
LowTotal:         741364 kB
LowFree:           39760 kB
SwapTotal:             0 kB
SwapFree:              0 kB
Dirty:                 0 kB
Writeback:             0 kB
AnonPages:       1434480 kB
Mapped:           108792 kB
Shmem:              4028 kB
Slab:              33492 kB
SReclaimable:      12348 kB
SUnreclaim:        21144 kB
KernelStack:        5976 kB
PageTables:        11800 kB
NFS_Unstable:          0 kB
Bounce:                0 kB
WritebackTmp:          0 kB
CommitLimit:      949752 kB
Committed_AS:   12503076 kB
VmallocTotal:     245760 kB
VmallocUsed:       51808 kB
VmallocChunk:      75648 kB
1557735243.845143
MemTotal:        1899508 kB
MemFree:           40920 kB
Buffers:             416 kB
Cached:           132536 kB
SwapCached:            0 kB
Active:          1501668 kB
Inactive:          71072 kB
Active(anon):    1442432 kB
Inactive(anon):     3800 kB
Active(file):      59236 kB
Inactive(file):    67272 kB
Unevictable:        1940 kB
Mlocked:               0 kB
HighTotal:       1158144 kB
HighFree:            880 kB
LowTotal:         741364 kB
LowFree:           40040 kB
SwapTotal:             0 kB
SwapFree:              0 kB
Dirty:                88 kB
Writeback:             0 kB
AnonPages:       1442376 kB
Mapped:           113712 kB
Shmem:              4084 kB
Slab:              33488 kB
SReclaimable:      12348 kB
SUnreclaim:        21140 kB
KernelStack:        6000 kB
PageTables:        12188 kB
NFS_Unstable:          0 kB
Bounce:                0 kB
WritebackTmp:          0 kB
CommitLimit:      949752 kB
Committed_AS:   13728140 kB
VmallocTotal:     245760 kB
VmallocUsed:       51808 kB
VmallocChunk:      75648 kB
1557735244.824620
MemTotal:        1899508 kB
MemFree:           40900 kB
Buffers:             512 kB
Cached:           129204 kB
SwapCached:            0 kB
Active:          1507652 kB
Inactive:          65104 kB
Active(anon):    1446184 kB
Inactive(anon):     3784 kB
Active(file):      61468 kB
Inactive(file):    61320 kB
Unevictable:        1940 kB
Mlocked:               0 kB
HighTotal:       1158144 kB
HighFree:           1044 kB
LowTotal:         741364 kB
LowFree:           39856 kB
SwapTotal:             0 kB
SwapFree:              0 kB
Dirty:                 0 kB
Writeback:             0 kB
AnonPages:       1446116 kB
Mapped:           117412 kB
Shmem:              4056 kB
Slab:              33468 kB
SReclaimable:      12348 kB
SUnreclaim:        21120 kB
KernelStack:        6192 kB
PageTables:        12340 kB
NFS_Unstable:          0 kB
Bounce:                0 kB
WritebackTmp:          0 kB
CommitLimit:      949752 kB
Committed_AS:   13074724 kB
VmallocTotal:     245760 kB
VmallocUsed:       52828 kB
VmallocChunk:      75648 kB
1557735245.822128
MemTotal:        1899508 kB
MemFree:           40800 kB
Buffers:             676 kB
Cached:           122216 kB
SwapCached:            0 kB
Active:          1509508 kB
Inactive:          61776 kB
Active(anon):    1451060 kB
Inactive(anon):     3768 kB
Active(file):      58448 kB
Inactive(file):    58008 kB
Unevictable:        1940 kB
Mlocked:               0 kB
HighTotal:       1158144 kB
HighFree:            684 kB
LowTotal:         741364 kB
LowFree:           40116 kB
SwapTotal:             0 kB
SwapFree:              0 kB
Dirty:                 0 kB
Writeback:             0 kB
AnonPages:       1450720 kB
Mapped:           117668 kB
Shmem:              4036 kB
Slab:              33464 kB
SReclaimable:      12348 kB
SUnreclaim:        21116 kB
KernelStack:        6232 kB
PageTables:        12668 kB
NFS_Unstable:          0 kB
Bounce:                0 kB
WritebackTmp:          0 kB
CommitLimit:      949752 kB
Committed_AS:   14300284 kB
VmallocTotal:     245760 kB
VmallocUsed:       53848 kB
VmallocChunk:      75648 kB
1557735246.918497
MemTotal:        1899508 kB
MemFree:           41580 kB
Buffers:             544 kB
Cached:           116908 kB
SwapCached:            0 kB
Active:          1510824 kB
Inactive:          60224 kB
Active(anon):    1456020 kB
Inactive(anon):     3764 kB
Active(file):      54804 kB
Inactive(file):    56460 kB
Unevictable:        1940 kB
Mlocked:               0 kB
HighTotal:       1158144 kB
HighFree:           1412 kB
LowTotal:         741364 kB
LowFree:           40168 kB
SwapTotal:             0 kB
SwapFree:              0 kB
Dirty:                 0 kB
Writeback:             0 kB
AnonPages:       1455668 kB
Mapped:           104268 kB
Shmem:              4204 kB
Slab:              33464 kB
SReclaimable:      12348 kB
SUnreclaim:        21116 kB
KernelStack:        6304 kB
PageTables:        12192 kB
NFS_Unstable:          0 kB
Bounce:                0 kB
WritebackTmp:          0 kB
CommitLimit:      949752 kB
Committed_AS:   13082080 kB
VmallocTotal:     245760 kB
VmallocUsed:       52828 kB
VmallocChunk:      75648 kB
1557735248.019118
MemTotal:        1899508 kB
MemFree:           40628 kB
Buffers:             600 kB
Cached:           113092 kB
SwapCached:            0 kB
Active:          1515672 kB
Inactive:          57740 kB
Active(anon):    1462672 kB
Inactive(anon):     3772 kB
Active(file):      53000 kB
Inactive(file):    53968 kB
Unevictable:        1940 kB
Mlocked:               0 kB
HighTotal:       1158144 kB
HighFree:            656 kB
LowTotal:         741364 kB
LowFree:           39972 kB
SwapTotal:             0 kB
SwapFree:              0 kB
Dirty:                 0 kB
Writeback:             0 kB
AnonPages:       1462644 kB
Mapped:           101276 kB
Shmem:              4040 kB
Slab:              33464 kB
SReclaimable:      12340 kB
SUnreclaim:        21124 kB
KernelStack:        6248 kB
PageTables:        12356 kB
NFS_Unstable:          0 kB
Bounce:                0 kB
WritebackTmp:          0 kB
CommitLimit:      949752 kB
Committed_AS:   13087952 kB
VmallocTotal:     245760 kB
VmallocUsed:       52828 kB
VmallocChunk:      75648 kB
1557735249.057764
MemTotal:        1899508 kB
MemFree:           39908 kB
Buffers:             744 kB
Cached:           126992 kB
SwapCached:            0 kB
Active:          1508820 kB
Inactive:          65844 kB
Active(anon):    1449452 kB
Inactive(anon):     3768 kB
Active(file):      59368 kB
Inactive(file):    62076 kB
Unevictable:        1940 kB
Mlocked:               0 kB
HighTotal:       1158144 kB
HighFree:            480 kB
LowTotal:         741364 kB
LowFree:           39428 kB
SwapTotal:             0 kB
SwapFree:              0 kB
Dirty:               100 kB
Writeback:             0 kB
AnonPages:       1449372 kB
Mapped:            96952 kB
Shmem:              4036 kB
Slab:              33440 kB
SReclaimable:      12336 kB
SUnreclaim:        21104 kB
KernelStack:        6024 kB
PageTables:        11936 kB
NFS_Unstable:          0 kB
Bounce:                0 kB
WritebackTmp:          0 kB
CommitLimit:      949752 kB
Committed_AS:   12514320 kB
VmallocTotal:     245760 kB
VmallocUsed:       51808 kB
VmallocChunk:      75648 kB
1557735249.958307
MemTotal:        1899508 kB
MemFree:           41040 kB
Buffers:             840 kB
Cached:           123556 kB
SwapCached:            0 kB
Active:          1509600 kB
Inactive:          63736 kB
Active(anon):    1451212 kB
Inactive(anon):     3692 kB
Active(file):      58388 kB
Inactive(file):    60044 kB
Unevictable:        1940 kB
Mlocked:               0 kB
HighTotal:       1158144 kB
HighFree:           1028 kB
LowTotal:         741364 kB
LowFree:           40012 kB
SwapTotal:             0 kB
SwapFree:              0 kB
Dirty:                 0 kB
Writeback:             0 kB
AnonPages:       1450872 kB
Mapped:            99360 kB
Shmem:              4172 kB
Slab:              33440 kB
SReclaimable:      12336 kB
SUnreclaim:        21104 kB
KernelStack:        6160 kB
PageTables:        11876 kB
NFS_Unstable:          0 kB
Bounce:                0 kB
WritebackTmp:          0 kB
CommitLimit:      949752 kB
Committed_AS:   12514120 kB
VmallocTotal:     245760 kB
VmallocUsed:       51808 kB
VmallocChunk:      75648 kB
1557735250.973607
MemTotal:        1899508 kB
MemFree:           40828 kB
Buffers:             748 kB
Cached:           115348 kB
SwapCached:            0 kB
Active:          1515976 kB
Inactive:          56908 kB
Active(anon):    1459200 kB
Inactive(anon):     4268 kB
Active(file):      56776 kB
Inactive(file):    52640 kB
Unevictable:        1940 kB
Mlocked:               0 kB
HighTotal:       1158144 kB
HighFree:            956 kB
LowTotal:         741364 kB
LowFree:           39872 kB
SwapTotal:             0 kB
SwapFree:              0 kB
Dirty:                 0 kB
Writeback:           148 kB
AnonPages:       1459340 kB
Mapped:           100872 kB
Shmem:              4800 kB
Slab:              33436 kB
SReclaimable:      12336 kB
SUnreclaim:        21100 kB
KernelStack:        6240 kB
PageTables:        11948 kB
NFS_Unstable:          0 kB
Bounce:                0 kB
WritebackTmp:          0 kB
CommitLimit:      949752 kB
Committed_AS:   13173072 kB
VmallocTotal:     245760 kB
VmallocUsed:       51808 kB
VmallocChunk:      75648 kB
1557735252.016225
MemTotal:        1899508 kB
MemFree:           43240 kB
Buffers:             644 kB
Cached:           114480 kB
SwapCached:            0 kB
Active:          1511072 kB
Inactive:          58244 kB
Active(anon):    1457044 kB
Inactive(anon):     4252 kB
Active(file):      54028 kB
Inactive(file):    53992 kB
Unevictable:        1940 kB
Mlocked:               0 kB
HighTotal:       1158144 kB
HighFree:           2448 kB
LowTotal:         741364 kB
LowFree:           40792 kB
SwapTotal:             0 kB
SwapFree:              0 kB
Dirty:               140 kB
Writeback:             0 kB
AnonPages:       1457024 kB
Mapped:           102820 kB
Shmem:              4616 kB
Slab:              33432 kB
SReclaimable:      12336 kB
SUnreclaim:        21096 kB
KernelStack:        6184 kB
PageTables:        11924 kB
NFS_Unstable:          0 kB
Bounce:                0 kB
WritebackTmp:          0 kB
CommitLimit:      949752 kB
Committed_AS:   13174372 kB
VmallocTotal:     245760 kB
VmallocUsed:       51808 kB
VmallocChunk:      75648 kB
1557735253.008200
MemTotal:        1899508 kB
MemFree:           43304 kB
Buffers:             540 kB
Cached:           114264 kB
SwapCached:            0 kB
Active:          1512748 kB
Inactive:          56544 kB
Active(anon):    1457288 kB
Inactive(anon):     4248 kB
Active(file):      55460 kB
Inactive(file):    52296 kB
Unevictable:        1940 kB
Mlocked:               0 kB
HighTotal:       1158144 kB
HighFree:           2468 kB
LowTotal:         741364 kB
LowFree:           40836 kB
SwapTotal:             0 kB
SwapFree:              0 kB
Dirty:                 0 kB
Writeback:             0 kB
AnonPages:       1456976 kB
Mapped:            97792 kB
Shmem:              4612 kB
Slab:              33400 kB
SReclaimable:      12336 kB
SUnreclaim:        21064 kB
KernelStack:        6176 kB
PageTables:        12004 kB
NFS_Unstable:          0 kB
Bounce:                0 kB
WritebackTmp:          0 kB
CommitLimit:      949752 kB
Committed_AS:   12518812 kB
VmallocTotal:     245760 kB
VmallocUsed:       51808 kB
VmallocChunk:      75648 kB
1557735253.977710
MemTotal:        1899508 kB
MemFree:           40532 kB
Buffers:             540 kB
Cached:           115016 kB
SwapCached:            0 kB
Active:          1514216 kB
Inactive:          58600 kB
Active(anon):    1459908 kB
Inactive(anon):     4348 kB
Active(file):      54308 kB
Inactive(file):    54252 kB
Unevictable:        1940 kB
Mlocked:               0 kB
HighTotal:       1158144 kB
HighFree:            472 kB
LowTotal:         741364 kB
LowFree:           40060 kB
SwapTotal:             0 kB
SwapFree:              0 kB
Dirty:                48 kB
Writeback:             0 kB
AnonPages:       1459492 kB
Mapped:            97196 kB
Shmem:              4760 kB
Slab:              33396 kB
SReclaimable:      12328 kB
SUnreclaim:        21068 kB
KernelStack:        6016 kB
PageTables:        11872 kB
NFS_Unstable:          0 kB
Bounce:                0 kB
WritebackTmp:          0 kB
CommitLimit:      949752 kB
Committed_AS:   12521232 kB
VmallocTotal:     245760 kB
VmallocUsed:       51808 kB
VmallocChunk:      75648 kB
1557735254.995744
MemTotal:        1899508 kB
MemFree:           40724 kB
Buffers:             524 kB
Cached:           116380 kB
SwapCached:            0 kB
Active:          1514564 kB
Inactive:          60016 kB
Active(anon):    1460036 kB
Inactive(anon):     4328 kB
Active(file):      54528 kB
Inactive(file):    55688 kB
Unevictable:        1940 kB
Mlocked:               0 kB
HighTotal:       1158144 kB
HighFree:            880 kB
LowTotal:         741364 kB
LowFree:           39844 kB
SwapTotal:             0 kB
SwapFree:              0 kB
Dirty:                 0 kB
Writeback:             0 kB
AnonPages:       1459868 kB
Mapped:            95516 kB
Shmem:              4588 kB
Slab:              33396 kB
SReclaimable:      12328 kB
SUnreclaim:        21068 kB
KernelStack:        6232 kB
PageTables:        11852 kB
NFS_Unstable:          0 kB
Bounce:                0 kB
WritebackTmp:          0 kB
CommitLimit:      949752 kB
Committed_AS:   13177108 kB
VmallocTotal:     245760 kB
VmallocUsed:       51808 kB
VmallocChunk:      75648 kB
1557735255.962833
MemTotal:        1899508 kB
MemFree:           41372 kB
Buffers:             480 kB
Cached:           114088 kB
SwapCached:            0 kB
Active:          1516160 kB
Inactive:          58020 kB
Active(anon):    1462136 kB
Inactive(anon):     4248 kB
Active(file):      54024 kB
Inactive(file):    53772 kB
Unevictable:        1940 kB
Mlocked:               0 kB
HighTotal:       1158144 kB
HighFree:           1244 kB
LowTotal:         741364 kB
LowFree:           40128 kB
SwapTotal:             0 kB
SwapFree:              0 kB
Dirty:                 0 kB
Writeback:             0 kB
AnonPages:       1461944 kB
Mapped:            97148 kB
Shmem:              4612 kB
Slab:              33396 kB
SReclaimable:      12328 kB
SUnreclaim:        21068 kB
KernelStack:        6280 kB
PageTables:        12012 kB
NFS_Unstable:          0 kB
Bounce:                0 kB
WritebackTmp:          0 kB
CommitLimit:      949752 kB
Committed_AS:   12523632 kB
VmallocTotal:     245760 kB
VmallocUsed:       51808 kB
VmallocChunk:      75648 kB
1557735256.940073
MemTotal:        1899508 kB
MemFree:           42256 kB
Buffers:             748 kB
Cached:           113856 kB
SwapCached:            0 kB
Active:          1514028 kB
Inactive:          57932 kB
Active(anon):    1459892 kB
Inactive(anon):     4244 kB
Active(file):      54136 kB
Inactive(file):    53688 kB
Unevictable:        1940 kB
Mlocked:               0 kB
HighTotal:       1158144 kB
HighFree:           1820 kB
LowTotal:         741364 kB
LowFree:           40436 kB
SwapTotal:             0 kB
SwapFree:              0 kB
Dirty:                 0 kB
Writeback:             0 kB
AnonPages:       1459704 kB
Mapped:            96264 kB
Shmem:              4612 kB
Slab:              33388 kB
SReclaimable:      12320 kB
SUnreclaim:        21068 kB
KernelStack:        6048 kB
PageTables:        11592 kB
NFS_Unstable:          0 kB
Bounce:                0 kB
WritebackTmp:          0 kB
CommitLimit:      949752 kB
Committed_AS:   11956732 kB
VmallocTotal:     245760 kB
VmallocUsed:       50788 kB
VmallocChunk:      75648 kB
1557735257.938074
MemTotal:        1899508 kB
MemFree:           41768 kB
Buffers:             888 kB
Cached:           110876 kB
SwapCached:            0 kB
Active:          1516408 kB
Inactive:          55952 kB
Active(anon):    1462664 kB
Inactive(anon):     4296 kB
Active(file):      53744 kB
Inactive(file):    51656 kB
Unevictable:        1940 kB
Mlocked:               0 kB
HighTotal:       1158144 kB
HighFree:           1336 kB
LowTotal:         741364 kB
LowFree:           40432 kB
SwapTotal:             0 kB
SwapFree:              0 kB
Dirty:                96 kB
Writeback:             0 kB
AnonPages:       1462236 kB
Mapped:            97008 kB
Shmem:              4620 kB
Slab:              33388 kB
SReclaimable:      12320 kB
SUnreclaim:        21068 kB
KernelStack:        6192 kB
PageTables:        11516 kB
NFS_Unstable:          0 kB
Bounce:                0 kB
WritebackTmp:          0 kB
CommitLimit:      949752 kB
Committed_AS:   11961296 kB
VmallocTotal:     245760 kB
VmallocUsed:       51808 kB
VmallocChunk:      75648 kB
1557735258.939704
MemTotal:        1899508 kB
MemFree:           42716 kB
Buffers:             808 kB
Cached:           107612 kB
SwapCached:            0 kB
Active:          1517912 kB
Inactive:          53272 kB
Active(anon):    1465388 kB
Inactive(anon):     4240 kB
Active(file):      52524 kB
Inactive(file):    49032 kB
Unevictable:        1940 kB
Mlocked:               0 kB
HighTotal:       1158144 kB
HighFree:           2100 kB
LowTotal:         741364 kB
LowFree:           40616 kB
SwapTotal:             0 kB
SwapFree:              0 kB
Dirty:                 4 kB
Writeback:             0 kB
AnonPages:       1465092 kB
Mapped:            95700 kB
Shmem:              4612 kB
Slab:              33388 kB
SReclaimable:      12320 kB
SUnreclaim:        21068 kB
KernelStack:        6136 kB
PageTables:        11744 kB
NFS_Unstable:          0 kB
Bounce:                0 kB
WritebackTmp:          0 kB
CommitLimit:      949752 kB
Committed_AS:   11967064 kB
VmallocTotal:     245760 kB
VmallocUsed:       50788 kB
VmallocChunk:      75648 kB
1557735259.982092
MemTotal:        1899508 kB
MemFree:           44900 kB
Buffers:             808 kB
Cached:           106356 kB
SwapCached:            0 kB
Active:          1517836 kB
Inactive:          52392 kB
Active(anon):    1465664 kB
Inactive(anon):     4240 kB
Active(file):      52172 kB
Inactive(file):    48152 kB
Unevictable:        1940 kB
Mlocked:               0 kB
HighTotal:       1158144 kB
HighFree:           3036 kB
LowTotal:         741364 kB
LowFree:           41864 kB
SwapTotal:             0 kB
SwapFree:              0 kB
Dirty:                68 kB
Writeback:             0 kB
AnonPages:       1465384 kB
Mapped:            95532 kB
Shmem:              4612 kB
Slab:              33388 kB
SReclaimable:      12320 kB
SUnreclaim:        21068 kB
KernelStack:        6016 kB
PageTables:        11608 kB
NFS_Unstable:          0 kB
Bounce:                0 kB
WritebackTmp:          0 kB
CommitLimit:      949752 kB
Committed_AS:   11967320 kB
VmallocTotal:     245760 kB
VmallocUsed:       50788 kB
VmallocChunk:      75648 kB
1557735261.040238
MemTotal:        1899508 kB
MemFree:           45036 kB
Buffers:             808 kB
Cached:           105068 kB
SwapCached:            0 kB
Active:          1518348 kB
Inactive:          51408 kB
Active(anon):    1466328 kB
Inactive(anon):     4216 kB
Active(file):      52020 kB
Inactive(file):    47192 kB
Unevictable:        1940 kB
Mlocked:               0 kB
HighTotal:       1158144 kB
HighFree:           2608 kB
LowTotal:         741364 kB
LowFree:           42428 kB
SwapTotal:             0 kB
SwapFree:              0 kB
Dirty:                68 kB
Writeback:             0 kB
AnonPages:       1465804 kB
Mapped:            95532 kB
Shmem:              4612 kB
Slab:              33388 kB
SReclaimable:      12320 kB
SUnreclaim:        21068 kB
KernelStack:        6056 kB
PageTables:        11616 kB
NFS_Unstable:          0 kB
Bounce:                0 kB
WritebackTmp:          0 kB
CommitLimit:      949752 kB
Committed_AS:   11968044 kB
VmallocTotal:     245760 kB
VmallocUsed:       50788 kB
VmallocChunk:      75648 kB
1557735261.991952
MemTotal:        1899508 kB
MemFree:           42800 kB
Buffers:             792 kB
Cached:           107120 kB
SwapCached:            0 kB
Active:          1517492 kB
Inactive:          54624 kB
Active(anon):    1466484 kB
Inactive(anon):     4216 kB
Active(file):      51008 kB
Inactive(file):    50408 kB
Unevictable:        1940 kB
Mlocked:               0 kB
HighTotal:       1158144 kB
HighFree:           1644 kB
LowTotal:         741364 kB
LowFree:           41156 kB
SwapTotal:             0 kB
SwapFree:              0 kB
Dirty:                68 kB
Writeback:             0 kB
AnonPages:       1466004 kB
Mapped:            96832 kB
Shmem:              4612 kB
Slab:              33388 kB
SReclaimable:      12320 kB
SUnreclaim:        21068 kB
KernelStack:        6064 kB
PageTables:        11592 kB
NFS_Unstable:          0 kB
Bounce:                0 kB
WritebackTmp:          0 kB
CommitLimit:      949752 kB
Committed_AS:   11968236 kB
VmallocTotal:     245760 kB
VmallocUsed:       50788 kB
VmallocChunk:      75648 kB
1557735262.996843
MemTotal:        1899508 kB
MemFree:           39984 kB
Buffers:             428 kB
Cached:           100312 kB
SwapCached:            0 kB
Active:          1523716 kB
Inactive:          50776 kB
Active(anon):    1476028 kB
Inactive(anon):     4216 kB
Active(file):      47688 kB
Inactive(file):    46560 kB
Unevictable:        1940 kB
Mlocked:               0 kB
HighTotal:       1158144 kB
HighFree:            604 kB
LowTotal:         741364 kB
LowFree:           39380 kB
SwapTotal:             0 kB
SwapFree:              0 kB
Dirty:                 0 kB
Writeback:             0 kB
AnonPages:       1475816 kB
Mapped:           100700 kB
Shmem:              4612 kB
Slab:              33388 kB
SReclaimable:      12320 kB
SUnreclaim:        21068 kB
KernelStack:        6016 kB
PageTables:        12060 kB
NFS_Unstable:          0 kB
Bounce:                0 kB
WritebackTmp:          0 kB
CommitLimit:      949752 kB
Committed_AS:   13195664 kB
VmallocTotal:     245760 kB
VmallocUsed:       51808 kB
VmallocChunk:      75648 kB
1557735264.101156
MemTotal:        1899508 kB
MemFree:           40180 kB
Buffers:             388 kB
Cached:           104776 kB
SwapCached:            0 kB
Active:          1522040 kB
Inactive:          53388 kB
Active(anon):    1472984 kB
Inactive(anon):     4216 kB
Active(file):      49056 kB
Inactive(file):    49172 kB
Unevictable:        1940 kB
Mlocked:               0 kB
HighTotal:       1158144 kB
HighFree:            476 kB
LowTotal:         741364 kB
LowFree:           39704 kB
SwapTotal:             0 kB
SwapFree:              0 kB
Dirty:                 0 kB
Writeback:             0 kB
AnonPages:       1472656 kB
Mapped:            94860 kB
Shmem:              4612 kB
Slab:              33388 kB
SReclaimable:      12320 kB
SUnreclaim:        21068 kB
KernelStack:        6168 kB
PageTables:        12060 kB
NFS_Unstable:          0 kB
Bounce:                0 kB
WritebackTmp:          0 kB
CommitLimit:      949752 kB
Committed_AS:   12539348 kB
VmallocTotal:     245760 kB
VmallocUsed:       51808 kB
VmallocChunk:      75648 kB
1557735265.143045
MemTotal:        1899508 kB
MemFree:           41372 kB
Buffers:             392 kB
Cached:           104832 kB
SwapCached:            0 kB
Active:          1519936 kB
Inactive:          53856 kB
Active(anon):    1471112 kB
Inactive(anon):     4216 kB
Active(file):      48824 kB
Inactive(file):    49640 kB
Unevictable:        1940 kB
Mlocked:               0 kB
HighTotal:       1158144 kB
HighFree:           1200 kB
LowTotal:         741364 kB
LowFree:           40172 kB
SwapTotal:             0 kB
SwapFree:              0 kB
Dirty:                 0 kB
Writeback:             0 kB
AnonPages:       1470804 kB
Mapped:            91908 kB
Shmem:              4612 kB
Slab:              33380 kB
SReclaimable:      12312 kB
SUnreclaim:        21068 kB
KernelStack:        6112 kB
PageTables:        11700 kB
NFS_Unstable:          0 kB
Bounce:                0 kB
WritebackTmp:          0 kB
CommitLimit:      949752 kB
Committed_AS:   11968236 kB
VmallocTotal:     245760 kB
VmallocUsed:       50788 kB
VmallocChunk:      75648 kB
1557735266.192922
MemTotal:        1899508 kB
MemFree:           40956 kB
Buffers:             412 kB
Cached:           102892 kB
SwapCached:            0 kB
Active:          1522388 kB
Inactive:          53064 kB
Active(anon):    1474484 kB
Inactive(anon):     4216 kB
Active(file):      47904 kB
Inactive(file):    48848 kB
Unevictable:        1940 kB
Mlocked:               0 kB
HighTotal:       1158144 kB
HighFree:            680 kB
LowTotal:         741364 kB
LowFree:           40276 kB
SwapTotal:             0 kB
SwapFree:              0 kB
Dirty:                 0 kB
Writeback:             0 kB
AnonPages:       1474184 kB
Mapped:            91964 kB
Shmem:              4612 kB
Slab:              33380 kB
SReclaimable:      12312 kB
SUnreclaim:        21068 kB
KernelStack:        6040 kB
PageTables:        11644 kB
NFS_Unstable:          0 kB
Bounce:                0 kB
WritebackTmp:          0 kB
CommitLimit:      949752 kB
Committed_AS:   11968240 kB
VmallocTotal:     245760 kB
VmallocUsed:       50788 kB
VmallocChunk:      75648 kB
1557735267.257796
MemTotal:        1899508 kB
MemFree:           52448 kB
Buffers:             536 kB
Cached:            97544 kB
SwapCached:            0 kB
Active:          1516556 kB
Inactive:          47276 kB
Active(anon):    1468320 kB
Inactive(anon):     4216 kB
Active(file):      48236 kB
Inactive(file):    43060 kB
Unevictable:        1940 kB
Mlocked:               0 kB
HighTotal:       1158144 kB
HighFree:           2444 kB
LowTotal:         741364 kB
LowFree:           50004 kB
SwapTotal:             0 kB
SwapFree:              0 kB
Dirty:                 0 kB
Writeback:             0 kB
AnonPages:       1467984 kB
Mapped:            82908 kB
Shmem:              4612 kB
Slab:              33380 kB
SReclaimable:      12312 kB
SUnreclaim:        21068 kB
KernelStack:        6040 kB
PageTables:        10896 kB
NFS_Unstable:          0 kB
Bounce:                0 kB
WritebackTmp:          0 kB
CommitLimit:      949752 kB
Committed_AS:   11400844 kB
VmallocTotal:     245760 kB
VmallocUsed:       49768 kB
VmallocChunk:      75648 kB
1557735268.212444
MemTotal:        1899508 kB
MemFree:           77404 kB
Buffers:             536 kB
Cached:            97604 kB
SwapCached:            0 kB
Active:          1490304 kB
Inactive:          47424 kB
Active(anon):    1442004 kB
Inactive(anon):     4216 kB
Active(file):      48300 kB
Inactive(file):    43208 kB
Unevictable:        1940 kB
Mlocked:               0 kB
HighTotal:       1158144 kB
HighFree:          29352 kB
LowTotal:         741364 kB
LowFree:           48052 kB
SwapTotal:             0 kB
SwapFree:              0 kB
Dirty:                 0 kB
Writeback:             0 kB
AnonPages:       1441708 kB
Mapped:            82720 kB
Shmem:              4612 kB
Slab:              33396 kB
SReclaimable:      12348 kB
SUnreclaim:        21048 kB
KernelStack:        5760 kB
PageTables:        10916 kB
NFS_Unstable:          0 kB
Bounce:                0 kB
WritebackTmp:          0 kB
CommitLimit:      949752 kB
Committed_AS:   11412096 kB
VmallocTotal:     245760 kB
VmallocUsed:       49768 kB
VmallocChunk:      75648 kB
1557735269.254466
MemTotal:        1899508 kB
MemFree:           76760 kB
Buffers:             536 kB
Cached:            98060 kB
SwapCached:            0 kB
Active:          1490360 kB
Inactive:          47880 kB
Active(anon):    1442056 kB
Inactive(anon):     4216 kB
Active(file):      48304 kB
Inactive(file):    43664 kB
Unevictable:        1940 kB
Mlocked:               0 kB
HighTotal:       1158144 kB
HighFree:          28772 kB
LowTotal:         741364 kB
LowFree:           47988 kB
SwapTotal:             0 kB
SwapFree:              0 kB
Dirty:                 0 kB
Writeback:             0 kB
AnonPages:       1441816 kB
Mapped:            82804 kB
Shmem:              4612 kB
Slab:              33396 kB
SReclaimable:      12348 kB
SUnreclaim:        21048 kB
KernelStack:        5728 kB
PageTables:        10952 kB
NFS_Unstable:          0 kB
Bounce:                0 kB
WritebackTmp:          0 kB
CommitLimit:      949752 kB
Committed_AS:   11412816 kB
VmallocTotal:     245760 kB
VmallocUsed:       49768 kB
VmallocChunk:      75648 kB
1557735270.253804
MemTotal:        1899508 kB
MemFree:           76344 kB
Buffers:             536 kB
Cached:            98264 kB
SwapCached:            0 kB
Active:          1490496 kB
Inactive:          48120 kB
Active(anon):    1442192 kB
Inactive(anon):     4216 kB
Active(file):      48304 kB
Inactive(file):    43904 kB
Unevictable:        1940 kB
Mlocked:               0 kB
HighTotal:       1158144 kB
HighFree:          28180 kB
LowTotal:         741364 kB
LowFree:           48164 kB
SwapTotal:             0 kB
SwapFree:              0 kB
Dirty:                 0 kB
Writeback:             0 kB
AnonPages:       1441988 kB
Mapped:            82908 kB
Shmem:              4612 kB
Slab:              33396 kB
SReclaimable:      12348 kB
SUnreclaim:        21048 kB
KernelStack:        5776 kB
PageTables:        10852 kB
NFS_Unstable:          0 kB
Bounce:                0 kB
WritebackTmp:          0 kB
CommitLimit:      949752 kB
Committed_AS:   11412968 kB
VmallocTotal:     245760 kB
VmallocUsed:       49768 kB
VmallocChunk:      75648 kB
1557735271.291102
MemTotal:        1899508 kB
MemFree:           74208 kB
Buffers:             552 kB
Cached:            99004 kB
SwapCached:            0 kB
Active:          1492108 kB
Inactive:          48900 kB
Active(anon):    1443788 kB
Inactive(anon):     4216 kB
Active(file):      48320 kB
Inactive(file):    44684 kB
Unevictable:        1940 kB
Mlocked:               0 kB
HighTotal:       1158144 kB
HighFree:          26020 kB
LowTotal:         741364 kB
LowFree:           48188 kB
SwapTotal:             0 kB
SwapFree:              0 kB
Dirty:                84 kB
Writeback:             0 kB
AnonPages:       1443476 kB
Mapped:            82868 kB
Shmem:              4612 kB
Slab:              33400 kB
SReclaimable:      12352 kB
SUnreclaim:        21048 kB
KernelStack:        5768 kB
PageTables:        10956 kB
NFS_Unstable:          0 kB
Bounce:                0 kB
WritebackTmp:          0 kB
CommitLimit:      949752 kB
Committed_AS:   11413688 kB
VmallocTotal:     245760 kB
VmallocUsed:       49768 kB
VmallocChunk:      75648 kB
1557735272.341735
MemTotal:        1899508 kB
MemFree:           61348 kB
Buffers:             556 kB
Cached:           109808 kB
SwapCached:            0 kB
Active:          1493672 kB
Inactive:          59064 kB
Active(anon):    1444896 kB
Inactive(anon):     4216 kB
Active(file):      48776 kB
Inactive(file):    54848 kB
Unevictable:        1940 kB
Mlocked:               0 kB
HighTotal:       1158144 kB
HighFree:           5680 kB
LowTotal:         741364 kB
LowFree:           55668 kB
SwapTotal:             0 kB
SwapFree:              0 kB
Dirty:                84 kB
Writeback:             0 kB
AnonPages:       1444928 kB
Mapped:            85720 kB
Shmem:              4612 kB
Slab:              33400 kB
SReclaimable:      12352 kB
SUnreclaim:        21048 kB
KernelStack:        5840 kB
PageTables:        11348 kB
NFS_Unstable:          0 kB
Bounce:                0 kB
WritebackTmp:          0 kB
CommitLimit:      949752 kB
Committed_AS:   11983360 kB
VmallocTotal:     245760 kB
VmallocUsed:       50788 kB
VmallocChunk:      75648 kB
1557735273.394192
MemTotal:        1899508 kB
MemFree:           39996 kB
Buffers:             668 kB
Cached:           125128 kB
SwapCached:            0 kB
Active:          1502912 kB
Inactive:          72408 kB
Active(anon):    1452172 kB
Inactive(anon):     4220 kB
Active(file):      50740 kB
Inactive(file):    68188 kB
Unevictable:        1940 kB
Mlocked:               0 kB
HighTotal:       1158144 kB
HighFree:            428 kB
LowTotal:         741364 kB
LowFree:           39568 kB
SwapTotal:             0 kB
SwapFree:              0 kB
Dirty:                 0 kB
Writeback:            56 kB
AnonPages:       1451936 kB
Mapped:            89060 kB
Shmem:              4620 kB
Slab:              33400 kB
SReclaimable:      12352 kB
SUnreclaim:        21048 kB
KernelStack:        5848 kB
PageTables:        11888 kB
NFS_Unstable:          0 kB
Bounce:                0 kB
WritebackTmp:          0 kB
CommitLimit:      949752 kB
Committed_AS:   12553768 kB
VmallocTotal:     245760 kB
VmallocUsed:       51808 kB
VmallocChunk:      75648 kB
1557735274.320060
MemTotal:        1899508 kB
MemFree:           40328 kB
Buffers:             412 kB
Cached:           114648 kB
SwapCached:            0 kB
Active:          1515196 kB
Inactive:          59208 kB
Active(anon):    1461824 kB
Inactive(anon):     4212 kB
Active(file):      53372 kB
Inactive(file):    54996 kB
Unevictable:        1940 kB
Mlocked:               0 kB
HighTotal:       1158144 kB
HighFree:            316 kB
LowTotal:         741364 kB
LowFree:           40012 kB
SwapTotal:             0 kB
SwapFree:              0 kB
Dirty:               148 kB
Writeback:             0 kB
AnonPages:       1461532 kB
Mapped:            94292 kB
Shmem:              4608 kB
Slab:              33400 kB
SReclaimable:      12352 kB
SUnreclaim:        21048 kB
KernelStack:        5912 kB
PageTables:        11920 kB
NFS_Unstable:          0 kB
Bounce:                0 kB
WritebackTmp:          0 kB
CommitLimit:      949752 kB
Committed_AS:   12555080 kB
VmallocTotal:     245760 kB
VmallocUsed:       51808 kB
VmallocChunk:      75648 kB
1557735275.466164
MemTotal:        1899508 kB
MemFree:           39844 kB
Buffers:             536 kB
Cached:           109320 kB
SwapCached:            0 kB
Active:          1520352 kB
Inactive:          55252 kB
Active(anon):    1468196 kB
Inactive(anon):     4216 kB
Active(file):      52156 kB
Inactive(file):    51036 kB
Unevictable:        1940 kB
Mlocked:               0 kB
HighTotal:       1158144 kB
HighFree:            556 kB
LowTotal:         741364 kB
LowFree:           39288 kB
SwapTotal:             0 kB
SwapFree:              0 kB
Dirty:                 0 kB
Writeback:             0 kB
AnonPages:       1467920 kB
Mapped:            95832 kB
Shmem:              4612 kB
Slab:              33400 kB
SReclaimable:      12352 kB
SUnreclaim:        21048 kB
KernelStack:        5976 kB
PageTables:        11944 kB
NFS_Unstable:          0 kB
Bounce:                0 kB
WritebackTmp:          0 kB
CommitLimit:      949752 kB
Committed_AS:   12557524 kB
VmallocTotal:     245760 kB
VmallocUsed:       51808 kB
VmallocChunk:      75648 kB
1557735276.506393
MemTotal:        1899508 kB
MemFree:           40204 kB
Buffers:             496 kB
Cached:           103540 kB
SwapCached:            0 kB
Active:          1522132 kB
Inactive:          53532 kB
Active(anon):    1474096 kB
Inactive(anon):     4216 kB
Active(file):      48036 kB
Inactive(file):    49316 kB
Unevictable:        1940 kB
Mlocked:               0 kB
HighTotal:       1158144 kB
HighFree:            600 kB
LowTotal:         741364 kB
LowFree:           39604 kB
SwapTotal:             0 kB
SwapFree:              0 kB
Dirty:                 0 kB
Writeback:             0 kB
AnonPages:       1473464 kB
Mapped:            96048 kB
Shmem:              4612 kB
Slab:              33408 kB
SReclaimable:      12356 kB
SUnreclaim:        21052 kB
KernelStack:        6104 kB
PageTables:        12024 kB
NFS_Unstable:          0 kB
Bounce:                0 kB
WritebackTmp:          0 kB
CommitLimit:      949752 kB
Committed_AS:   12560700 kB
VmallocTotal:     245760 kB
VmallocUsed:       51808 kB
VmallocChunk:      75648 kB
1557735277.589847
MemTotal:        1899508 kB
MemFree:           46228 kB
Buffers:             348 kB
Cached:           109896 kB
SwapCached:            0 kB
Active:          1505724 kB
Inactive:          62896 kB
Active(anon):    1460844 kB
Inactive(anon):     4216 kB
Active(file):      44880 kB
Inactive(file):    58680 kB
Unevictable:        1940 kB
Mlocked:               0 kB
HighTotal:       1158144 kB
HighFree:           1812 kB
LowTotal:         741364 kB
LowFree:           44416 kB
SwapTotal:             0 kB
SwapFree:              0 kB
Dirty:                 0 kB
Writeback:             0 kB
AnonPages:       1460428 kB
Mapped:            95504 kB
Shmem:              4612 kB
Slab:              33412 kB
SReclaimable:      12356 kB
SUnreclaim:        21056 kB
KernelStack:        6112 kB
PageTables:        11284 kB
NFS_Unstable:          0 kB
Bounce:                0 kB
WritebackTmp:          0 kB
CommitLimit:      949752 kB
Committed_AS:   11973420 kB
VmallocTotal:     245760 kB
VmallocUsed:       50788 kB
VmallocChunk:      75648 kB
1557735278.837319
MemTotal:        1899508 kB
MemFree:           40940 kB
Buffers:             784 kB
Cached:           115044 kB
SwapCached:            0 kB
Active:          1513600 kB
Inactive:          61884 kB
Active(anon):    1462488 kB
Inactive(anon):     4216 kB
Active(file):      51112 kB
Inactive(file):    57668 kB
Unevictable:        1940 kB
Mlocked:               0 kB
HighTotal:       1158144 kB
HighFree:            848 kB
LowTotal:         741364 kB
LowFree:           40092 kB
SwapTotal:             0 kB
SwapFree:              0 kB
Dirty:                 0 kB
Writeback:           148 kB
AnonPages:       1461940 kB
Mapped:            98484 kB
Shmem:              4612 kB
Slab:              33320 kB
SReclaimable:      12344 kB
SUnreclaim:        20976 kB
KernelStack:        5896 kB
PageTables:        11496 kB
NFS_Unstable:          0 kB
Bounce:                0 kB
WritebackTmp:          0 kB
CommitLimit:      949752 kB
Committed_AS:   13195292 kB
VmallocTotal:     245760 kB
VmallocUsed:       51808 kB
VmallocChunk:      75648 kB
1557735280.057153
MemTotal:        1899508 kB
MemFree:           40196 kB
Buffers:             508 kB
Cached:           107916 kB
SwapCached:            0 kB
Active:          1518388 kB
Inactive:          55760 kB
Active(anon):    1467736 kB
Inactive(anon):     4216 kB
Active(file):      50652 kB
Inactive(file):    51544 kB
Unevictable:        1940 kB
Mlocked:               0 kB
HighTotal:       1158144 kB
HighFree:            500 kB
LowTotal:         741364 kB
LowFree:           39696 kB
SwapTotal:             0 kB
SwapFree:              0 kB
Dirty:                 0 kB
Writeback:          5604 kB
AnonPages:       1467552 kB
Mapped:           101288 kB
Shmem:              4612 kB
Slab:              33352 kB
SReclaimable:      12364 kB
SUnreclaim:        20988 kB
KernelStack:        6120 kB
PageTables:        12076 kB
NFS_Unstable:          0 kB
Bounce:                0 kB
WritebackTmp:          0 kB
CommitLimit:      949752 kB
Committed_AS:   13108560 kB
VmallocTotal:     245760 kB
VmallocUsed:       52828 kB
VmallocChunk:      75648 kB
1557735281.390479
MemTotal:        1899508 kB
MemFree:           45000 kB
Buffers:             668 kB
Cached:           116580 kB
SwapCached:            0 kB
Active:          1505616 kB
Inactive:          63896 kB
Active(anon):    1455100 kB
Inactive(anon):     4216 kB
Active(file):      50516 kB
Inactive(file):    59680 kB
Unevictable:        1940 kB
Mlocked:               0 kB
HighTotal:       1158144 kB
HighFree:           1752 kB
LowTotal:         741364 kB
LowFree:           43248 kB
SwapTotal:             0 kB
SwapFree:              0 kB
Dirty:               640 kB
Writeback:          3088 kB
AnonPages:       1454748 kB
Mapped:           100804 kB
Shmem:              4608 kB
Slab:              33364 kB
SReclaimable:      12364 kB
SUnreclaim:        21000 kB
KernelStack:        6104 kB
PageTables:        12164 kB
NFS_Unstable:          0 kB
Bounce:                0 kB
WritebackTmp:          0 kB
CommitLimit:      949752 kB
Committed_AS:   13115076 kB
VmallocTotal:     245760 kB
VmallocUsed:       52828 kB
VmallocChunk:      75648 kB
1557735282.737665
MemTotal:        1899508 kB
MemFree:           43788 kB
Buffers:             796 kB
Cached:           124192 kB
SwapCached:            0 kB
Active:          1507592 kB
Inactive:          63120 kB
Active(anon):    1448436 kB
Inactive(anon):     4192 kB
Active(file):      59156 kB
Inactive(file):    58928 kB
Unevictable:        1940 kB
Mlocked:               0 kB
HighTotal:       1158144 kB
HighFree:           3192 kB
LowTotal:         741364 kB
LowFree:           40596 kB
SwapTotal:             0 kB
SwapFree:              0 kB
Dirty:               204 kB
Writeback:             0 kB
AnonPages:       1448044 kB
Mapped:            96028 kB
Shmem:              4612 kB
Slab:              33352 kB
SReclaimable:      12368 kB
SUnreclaim:        20984 kB
KernelStack:        6040 kB
PageTables:        11804 kB
NFS_Unstable:          0 kB
Bounce:                0 kB
WritebackTmp:          0 kB
CommitLimit:      949752 kB
Committed_AS:   12548836 kB
VmallocTotal:     245760 kB
VmallocUsed:       51808 kB
VmallocChunk:      75648 kB
1557735284.161820
MemTotal:        1899508 kB
MemFree:           40532 kB
Buffers:             796 kB
Cached:           120132 kB
SwapCached:            0 kB
Active:          1510504 kB
Inactive:          62200 kB
Active(anon):    1454164 kB
Inactive(anon):     4212 kB
Active(file):      56340 kB
Inactive(file):    57988 kB
Unevictable:        1940 kB
Mlocked:               0 kB
HighTotal:       1158144 kB
HighFree:            764 kB
LowTotal:         741364 kB
LowFree:           39768 kB
SwapTotal:             0 kB
SwapFree:              0 kB
Dirty:               220 kB
Writeback:           112 kB
AnonPages:       1453716 kB
Mapped:           101008 kB
Shmem:              4632 kB
Slab:              33460 kB
SReclaimable:      12368 kB
SUnreclaim:        21092 kB
KernelStack:        6176 kB
PageTables:        12284 kB
NFS_Unstable:          0 kB
Bounce:                0 kB
WritebackTmp:          0 kB
CommitLimit:      949752 kB
Committed_AS:   13770212 kB
VmallocTotal:     245760 kB
VmallocUsed:       52828 kB
VmallocChunk:      75648 kB
1557735285.410793
MemTotal:        1899508 kB
MemFree:           40536 kB
Buffers:             812 kB
Cached:           121336 kB
SwapCached:            0 kB
Active:          1511000 kB
Inactive:          62360 kB
Active(anon):    1454068 kB
Inactive(anon):     4260 kB
Active(file):      56932 kB
Inactive(file):    58100 kB
Unevictable:        1940 kB
Mlocked:               0 kB
HighTotal:       1158144 kB
HighFree:           1312 kB
LowTotal:         741364 kB
LowFree:           39224 kB
SwapTotal:             0 kB
SwapFree:              0 kB
Dirty:               120 kB
Writeback:            92 kB
AnonPages:       1453468 kB
Mapped:           106336 kB
Shmem:              4716 kB
Slab:              33340 kB
SReclaimable:      12356 kB
SUnreclaim:        20984 kB
KernelStack:        6216 kB
PageTables:        12392 kB
NFS_Unstable:          0 kB
Bounce:                0 kB
WritebackTmp:          0 kB
CommitLimit:      949752 kB
Committed_AS:   13775816 kB
VmallocTotal:     245760 kB
VmallocUsed:       52828 kB
VmallocChunk:      75648 kB
1557735286.835344
MemTotal:        1899508 kB
MemFree:           40100 kB
Buffers:             644 kB
Cached:           121692 kB
SwapCached:            0 kB
Active:          1512636 kB
Inactive:          61996 kB
Active(anon):    1454724 kB
Inactive(anon):     4280 kB
Active(file):      57912 kB
Inactive(file):    57716 kB
Unevictable:        1940 kB
Mlocked:               0 kB
HighTotal:       1158144 kB
HighFree:            348 kB
LowTotal:         741364 kB
LowFree:           39752 kB
SwapTotal:             0 kB
SwapFree:              0 kB
Dirty:               104 kB
Writeback:             0 kB
AnonPages:       1454776 kB
Mapped:           100804 kB
Shmem:              4660 kB
Slab:              33332 kB
SReclaimable:      12356 kB
SUnreclaim:        20976 kB
KernelStack:        6192 kB
PageTables:        12288 kB
NFS_Unstable:          0 kB
Bounce:                0 kB
WritebackTmp:          0 kB
CommitLimit:      949752 kB
Committed_AS:   14429408 kB
VmallocTotal:     245760 kB
VmallocUsed:       52828 kB
VmallocChunk:      75648 kB
1557735287.894147
MemTotal:        1899508 kB
MemFree:           40928 kB
Buffers:             516 kB
Cached:           115344 kB
SwapCached:            0 kB
Active:          1515204 kB
Inactive:          58912 kB
Active(anon):    1460448 kB
Inactive(anon):     4192 kB
Active(file):      54756 kB
Inactive(file):    54720 kB
Unevictable:        1940 kB
Mlocked:               0 kB
HighTotal:       1158144 kB
HighFree:            856 kB
LowTotal:         741364 kB
LowFree:           40072 kB
SwapTotal:             0 kB
SwapFree:              0 kB
Dirty:                72 kB
Writeback:             0 kB
AnonPages:       1459980 kB
Mapped:           107564 kB
Shmem:              4612 kB
Slab:              33304 kB
SReclaimable:      12356 kB
SUnreclaim:        20948 kB
KernelStack:        6312 kB
PageTables:        12764 kB
NFS_Unstable:          0 kB
Bounce:                0 kB
WritebackTmp:          0 kB
CommitLimit:      949752 kB
Committed_AS:   14999124 kB
VmallocTotal:     245760 kB
VmallocUsed:       53848 kB
VmallocChunk:      75648 kB
1557735288.950610
MemTotal:        1899508 kB
MemFree:           44092 kB
Buffers:             636 kB
Cached:           116196 kB
SwapCached:            0 kB
Active:          1509796 kB
Inactive:          59136 kB
Active(anon):    1454752 kB
Inactive(anon):     4116 kB
Active(file):      55044 kB
Inactive(file):    55020 kB
Unevictable:        1940 kB
Mlocked:               0 kB
HighTotal:       1158144 kB
HighFree:           2644 kB
LowTotal:         741364 kB
LowFree:           41448 kB
SwapTotal:             0 kB
SwapFree:              0 kB
Dirty:                36 kB
Writeback:             0 kB
AnonPages:       1454536 kB
Mapped:            97220 kB
Shmem:              4600 kB
Slab:              33304 kB
SReclaimable:      12356 kB
SUnreclaim:        20948 kB
KernelStack:        6240 kB
PageTables:        11824 kB
NFS_Unstable:          0 kB
Bounce:                0 kB
WritebackTmp:          0 kB
CommitLimit:      949752 kB
Committed_AS:   13208944 kB
VmallocTotal:     245760 kB
VmallocUsed:       51808 kB
VmallocChunk:      75648 kB
1557735290.117782
MemTotal:        1899508 kB
MemFree:           44268 kB
Buffers:             636 kB
Cached:           113448 kB
SwapCached:            0 kB
Active:          1512152 kB
Inactive:          58400 kB
Active(anon):    1458928 kB
Inactive(anon):     4192 kB
Active(file):      53224 kB
Inactive(file):    54208 kB
Unevictable:        1940 kB
Mlocked:               0 kB
HighTotal:       1158144 kB
HighFree:           1860 kB
LowTotal:         741364 kB
LowFree:           42408 kB
SwapTotal:             0 kB
SwapFree:              0 kB
Dirty:                36 kB
Writeback:             4 kB
AnonPages:       1458624 kB
Mapped:            97440 kB
Shmem:              4612 kB
Slab:              33304 kB
SReclaimable:      12356 kB
SUnreclaim:        20948 kB
KernelStack:        6232 kB
PageTables:        11560 kB
NFS_Unstable:          0 kB
Bounce:                0 kB
WritebackTmp:          0 kB
CommitLimit:      949752 kB
Committed_AS:   11987268 kB
VmallocTotal:     245760 kB
VmallocUsed:       50788 kB
VmallocChunk:      75648 kB
1557735291.240484
MemTotal:        1899508 kB
MemFree:           47216 kB
Buffers:             652 kB
Cached:           111064 kB
SwapCached:            0 kB
Active:          1510876 kB
Inactive:          56848 kB
Active(anon):    1458360 kB
Inactive(anon):     4192 kB
Active(file):      52516 kB
Inactive(file):    52656 kB
Unevictable:        1940 kB
Mlocked:               0 kB
HighTotal:       1158144 kB
HighFree:           3332 kB
LowTotal:         741364 kB
LowFree:           43884 kB
SwapTotal:             0 kB
SwapFree:              0 kB
Dirty:               116 kB
Writeback:             0 kB
AnonPages:       1458060 kB
Mapped:            97600 kB
Shmem:              4612 kB
Slab:              33300 kB
SReclaimable:      12356 kB
SUnreclaim:        20944 kB
KernelStack:        6064 kB
PageTables:        11592 kB
NFS_Unstable:          0 kB
Bounce:                0 kB
WritebackTmp:          0 kB
CommitLimit:      949752 kB
Committed_AS:   11987324 kB
VmallocTotal:     245760 kB
VmallocUsed:       50788 kB
VmallocChunk:      75648 kB
1557735292.390537
MemTotal:        1899508 kB
MemFree:           45208 kB
Buffers:             652 kB
Cached:           109664 kB
SwapCached:            0 kB
Active:          1512840 kB
Inactive:          56180 kB
Active(anon):    1460932 kB
Inactive(anon):     4192 kB
Active(file):      51908 kB
Inactive(file):    51988 kB
Unevictable:        1940 kB
Mlocked:               0 kB
HighTotal:       1158144 kB
HighFree:           3368 kB
LowTotal:         741364 kB
LowFree:           41840 kB
SwapTotal:             0 kB
SwapFree:              0 kB
Dirty:               116 kB
Writeback:             0 kB
AnonPages:       1460652 kB
Mapped:            97556 kB
Shmem:              4612 kB
Slab:              33300 kB
SReclaimable:      12356 kB
SUnreclaim:        20944 kB
KernelStack:        6120 kB
PageTables:        11592 kB
NFS_Unstable:          0 kB
Bounce:                0 kB
WritebackTmp:          0 kB
CommitLimit:      949752 kB
Committed_AS:   11987988 kB
VmallocTotal:     245760 kB
VmallocUsed:       50788 kB
VmallocChunk:      75648 kB
1557735293.477784
MemTotal:        1899508 kB
MemFree:           48656 kB
Buffers:             652 kB
Cached:           107596 kB
SwapCached:            0 kB
Active:          1511196 kB
Inactive:          55124 kB
Active(anon):    1460376 kB
Inactive(anon):     4192 kB
Active(file):      50820 kB
Inactive(file):    50932 kB
Unevictable:        1940 kB
Mlocked:               0 kB
HighTotal:       1158144 kB
HighFree:           5228 kB
LowTotal:         741364 kB
LowFree:           43428 kB
SwapTotal:             0 kB
SwapFree:              0 kB
Dirty:                 0 kB
Writeback:             0 kB
AnonPages:       1460004 kB
Mapped:            97504 kB
Shmem:              4612 kB
Slab:              33300 kB
SReclaimable:      12356 kB
SUnreclaim:        20944 kB
KernelStack:        6128 kB
PageTables:        11580 kB
NFS_Unstable:          0 kB
Bounce:                0 kB
WritebackTmp:          0 kB
CommitLimit:      949752 kB
Committed_AS:   11988032 kB
VmallocTotal:     245760 kB
VmallocUsed:       50788 kB
VmallocChunk:      75648 kB
1557735294.515292
MemTotal:        1899508 kB
MemFree:           39972 kB
Buffers:             564 kB
Cached:           111880 kB
SwapCached:            0 kB
Active:          1515860 kB
Inactive:          58352 kB
Active(anon):    1464184 kB
Inactive(anon):     4192 kB
Active(file):      51676 kB
Inactive(file):    54160 kB
Unevictable:        1940 kB
Mlocked:               0 kB
HighTotal:       1158144 kB
HighFree:            512 kB
LowTotal:         741364 kB
LowFree:           39460 kB
SwapTotal:             0 kB
SwapFree:              0 kB
Dirty:                 0 kB
Writeback:             0 kB
AnonPages:       1463856 kB
Mapped:           102364 kB
Shmem:              4612 kB
Slab:              33300 kB
SReclaimable:      12356 kB
SUnreclaim:        20944 kB
KernelStack:        6216 kB
PageTables:        11984 kB
NFS_Unstable:          0 kB
Bounce:                0 kB
WritebackTmp:          0 kB
CommitLimit:      949752 kB
Committed_AS:   12551376 kB
VmallocTotal:     245760 kB
VmallocUsed:       51808 kB
VmallocChunk:      75648 kB
1557735295.637029
MemTotal:        1899508 kB
MemFree:           44048 kB
Buffers:             444 kB
Cached:           109880 kB
SwapCached:            0 kB
Active:          1517476 kB
Inactive:          54560 kB
Active(anon):    1463984 kB
Inactive(anon):     4240 kB
Active(file):      53492 kB
Inactive(file):    50320 kB
Unevictable:        1940 kB
Mlocked:               0 kB
HighTotal:       1158144 kB
HighFree:           2888 kB
LowTotal:         741364 kB
LowFree:           41160 kB
SwapTotal:             0 kB
SwapFree:              0 kB
Dirty:                 0 kB
Writeback:             0 kB
AnonPages:       1463724 kB
Mapped:            95524 kB
Shmem:              4600 kB
Slab:              33296 kB
SReclaimable:      12352 kB
SUnreclaim:        20944 kB
KernelStack:        6160 kB
PageTables:        11584 kB
NFS_Unstable:          0 kB
Bounce:                0 kB
WritebackTmp:          0 kB
CommitLimit:      949752 kB
Committed_AS:   11983896 kB
VmallocTotal:     245760 kB
VmallocUsed:       50788 kB
VmallocChunk:      75648 kB
1557735296.732931
MemTotal:        1899508 kB
MemFree:           45424 kB
Buffers:             440 kB
Cached:           109008 kB
SwapCached:            0 kB
Active:          1515264 kB
Inactive:          54100 kB
Active(anon):    1462332 kB
Inactive(anon):     4192 kB
Active(file):      52932 kB
Inactive(file):    49908 kB
Unevictable:        1940 kB
Mlocked:               0 kB
HighTotal:       1158144 kB
HighFree:           3876 kB
LowTotal:         741364 kB
LowFree:           41548 kB
SwapTotal:             0 kB
SwapFree:              0 kB
Dirty:                 0 kB
Writeback:             0 kB
AnonPages:       1461876 kB
Mapped:            95412 kB
Shmem:              4612 kB
Slab:              33296 kB
SReclaimable:      12352 kB
SUnreclaim:        20944 kB
KernelStack:        6096 kB
PageTables:        11620 kB
NFS_Unstable:          0 kB
Bounce:                0 kB
WritebackTmp:          0 kB
CommitLimit:      949752 kB
Committed_AS:   11984628 kB
VmallocTotal:     245760 kB
VmallocUsed:       50788 kB
VmallocChunk:      75648 kB
1557735297.805706
MemTotal:        1899508 kB
MemFree:           47288 kB
Buffers:             440 kB
Cached:           107368 kB
SwapCached:            0 kB
Active:          1514148 kB
Inactive:          53676 kB
Active(anon):    1462504 kB
Inactive(anon):     4192 kB
Active(file):      51644 kB
Inactive(file):    49484 kB
Unevictable:        1940 kB
Mlocked:               0 kB
HighTotal:       1158144 kB
HighFree:           5072 kB
LowTotal:         741364 kB
LowFree:           42216 kB
SwapTotal:             0 kB
SwapFree:              0 kB
Dirty:                 0 kB
Writeback:             0 kB
AnonPages:       1462252 kB
Mapped:            95312 kB
Shmem:              4612 kB
Slab:              33296 kB
SReclaimable:      12352 kB
SUnreclaim:        20944 kB
KernelStack:        6016 kB
PageTables:        11640 kB
NFS_Unstable:          0 kB
Bounce:                0 kB
WritebackTmp:          0 kB
CommitLimit:      949752 kB
Committed_AS:   11984668 kB
VmallocTotal:     245760 kB
VmallocUsed:       50788 kB
VmallocChunk:      75648 kB
1557735298.897449
MemTotal:        1899508 kB
MemFree:           43592 kB
Buffers:             456 kB
Cached:           106984 kB
SwapCached:            0 kB
Active:          1515968 kB
Inactive:          54092 kB
Active(anon):    1464992 kB
Inactive(anon):     4192 kB
Active(file):      50976 kB
Inactive(file):    49900 kB
Unevictable:        1940 kB
Mlocked:               0 kB
HighTotal:       1158144 kB
HighFree:           1724 kB
LowTotal:         741364 kB
LowFree:           41868 kB
SwapTotal:             0 kB
SwapFree:              0 kB
Dirty:                 0 kB
Writeback:             0 kB
AnonPages:       1464844 kB
Mapped:            95784 kB
Shmem:              4612 kB
Slab:              33296 kB
SReclaimable:      12352 kB
SUnreclaim:        20944 kB
KernelStack:        6016 kB
PageTables:        11644 kB
NFS_Unstable:          0 kB
Bounce:                0 kB
WritebackTmp:          0 kB
CommitLimit:      949752 kB
Committed_AS:   11985412 kB
VmallocTotal:     245760 kB
VmallocUsed:       50788 kB
VmallocChunk:      75648 kB
1557735300.032452
MemTotal:        1899508 kB
MemFree:           45672 kB
Buffers:             456 kB
Cached:           106952 kB
SwapCached:            0 kB
Active:          1515228 kB
Inactive:          53968 kB
Active(anon):    1464228 kB
Inactive(anon):     4192 kB
Active(file):      51000 kB
Inactive(file):    49776 kB
Unevictable:        1940 kB
Mlocked:               0 kB
HighTotal:       1158144 kB
HighFree:           3800 kB
LowTotal:         741364 kB
LowFree:           41872 kB
SwapTotal:             0 kB
SwapFree:              0 kB
Dirty:                56 kB
Writeback:             0 kB
AnonPages:       1463920 kB
Mapped:            97812 kB
Shmem:              4612 kB
Slab:              33296 kB
SReclaimable:      12352 kB
SUnreclaim:        20944 kB
KernelStack:        6112 kB
PageTables:        11608 kB
NFS_Unstable:          0 kB
Bounce:                0 kB
WritebackTmp:          0 kB
CommitLimit:      949752 kB
Committed_AS:   11985428 kB
VmallocTotal:     245760 kB
VmallocUsed:       50788 kB
VmallocChunk:      75648 kB
1557735301.129033
MemTotal:        1899508 kB
MemFree:           46424 kB
Buffers:             456 kB
Cached:           105440 kB
SwapCached:            0 kB
Active:          1515640 kB
Inactive:          52612 kB
Active(anon):    1464760 kB
Inactive(anon):     4192 kB
Active(file):      50880 kB
Inactive(file):    48420 kB
Unevictable:        1940 kB
Mlocked:               0 kB
HighTotal:       1158144 kB
HighFree:           4096 kB
LowTotal:         741364 kB
LowFree:           42328 kB
SwapTotal:             0 kB
SwapFree:              0 kB
Dirty:                56 kB
Writeback:             0 kB
AnonPages:       1464540 kB
Mapped:            97908 kB
Shmem:              4612 kB
Slab:              33296 kB
SReclaimable:      12352 kB
SUnreclaim:        20944 kB
KernelStack:        6000 kB
PageTables:        11720 kB
NFS_Unstable:          0 kB
Bounce:                0 kB
WritebackTmp:          0 kB
CommitLimit:      949752 kB
Committed_AS:   11986148 kB
VmallocTotal:     245760 kB
VmallocUsed:       50788 kB
VmallocChunk:      75648 kB
1557735302.175660
MemTotal:        1899508 kB
MemFree:           47184 kB
Buffers:             456 kB
Cached:           103900 kB
SwapCached:            0 kB
Active:          1516380 kB
Inactive:          51328 kB
Active(anon):    1465712 kB
Inactive(anon):     4192 kB
Active(file):      50668 kB
Inactive(file):    47136 kB
Unevictable:        1940 kB
Mlocked:               0 kB
HighTotal:       1158144 kB
HighFree:           3608 kB
LowTotal:         741364 kB
LowFree:           43576 kB
SwapTotal:             0 kB
SwapFree:              0 kB
Dirty:                56 kB
Writeback:             0 kB
AnonPages:       1465392 kB
Mapped:            97840 kB
Shmem:              4612 kB
Slab:              33296 kB
SReclaimable:      12352 kB
SUnreclaim:        20944 kB
KernelStack:        6016 kB
PageTables:        11640 kB
NFS_Unstable:          0 kB
Bounce:                0 kB
WritebackTmp:          0 kB
CommitLimit:      949752 kB
Committed_AS:   11986192 kB
VmallocTotal:     245760 kB
VmallocUsed:       50788 kB
VmallocChunk:      75648 kB
1557735303.331216
MemTotal:        1899508 kB
MemFree:           42088 kB
Buffers:             472 kB
Cached:           106752 kB
SwapCached:            0 kB
Active:          1517856 kB
Inactive:          54272 kB
Active(anon):    1467248 kB
Inactive(anon):     4136 kB
Active(file):      50608 kB
Inactive(file):    50136 kB
Unevictable:        1940 kB
Mlocked:               0 kB
HighTotal:       1158144 kB
HighFree:           1620 kB
LowTotal:         741364 kB
LowFree:           40468 kB
SwapTotal:             0 kB
SwapFree:              0 kB
Dirty:                56 kB
Writeback:             4 kB
AnonPages:       1466812 kB
Mapped:            98728 kB
Shmem:              4612 kB
Slab:              33296 kB
SReclaimable:      12352 kB
SUnreclaim:        20944 kB
KernelStack:        6088 kB
PageTables:        11676 kB
NFS_Unstable:          0 kB
Bounce:                0 kB
WritebackTmp:          0 kB
CommitLimit:      949752 kB
Committed_AS:   11986900 kB
VmallocTotal:     245760 kB
VmallocUsed:       50788 kB
VmallocChunk:      75648 kB
1557735304.334241
MemTotal:        1899508 kB
MemFree:           46284 kB
Buffers:             472 kB
Cached:           103460 kB
SwapCached:            0 kB
Active:          1518124 kB
Inactive:          50692 kB
Active(anon):    1467468 kB
Inactive(anon):     4136 kB
Active(file):      50656 kB
Inactive(file):    46556 kB
Unevictable:        1940 kB
Mlocked:               0 kB
HighTotal:       1158144 kB
HighFree:           3124 kB
LowTotal:         741364 kB
LowFree:           43160 kB
SwapTotal:             0 kB
SwapFree:              0 kB
Dirty:                60 kB
Writeback:             0 kB
AnonPages:       1467088 kB
Mapped:            98724 kB
Shmem:              4612 kB
Slab:              33296 kB
SReclaimable:      12352 kB
SUnreclaim:        20944 kB
KernelStack:        6088 kB
PageTables:        11596 kB
NFS_Unstable:          0 kB
Bounce:                0 kB
WritebackTmp:          0 kB
CommitLimit:      949752 kB
Committed_AS:   11986956 kB
VmallocTotal:     245760 kB
VmallocUsed:       50788 kB
VmallocChunk:      75648 kB
1557735305.444050
MemTotal:        1899508 kB
MemFree:           51108 kB
Buffers:             452 kB
Cached:            99936 kB
SwapCached:            0 kB
Active:          1515552 kB
Inactive:          48448 kB
Active(anon):    1466004 kB
Inactive(anon):     4136 kB
Active(file):      49548 kB
Inactive(file):    44312 kB
Unevictable:        1940 kB
Mlocked:               0 kB
HighTotal:       1158144 kB
HighFree:           4828 kB
LowTotal:         741364 kB
LowFree:           46280 kB
SwapTotal:             0 kB
SwapFree:              0 kB
Dirty:                 0 kB
Writeback:             0 kB
AnonPages:       1465688 kB
Mapped:            98776 kB
Shmem:              4612 kB
Slab:              33296 kB
SReclaimable:      12352 kB
SUnreclaim:        20944 kB
KernelStack:        6144 kB
PageTables:        11628 kB
NFS_Unstable:          0 kB
Bounce:                0 kB
WritebackTmp:          0 kB
CommitLimit:      949752 kB
Committed_AS:   11987664 kB
VmallocTotal:     245760 kB
VmallocUsed:       50788 kB
VmallocChunk:      75648 kB
1557735306.556156
MemTotal:        1899508 kB
MemFree:           48664 kB
Buffers:             452 kB
Cached:            99176 kB
SwapCached:            0 kB
Active:          1517840 kB
Inactive:          47804 kB
Active(anon):    1468500 kB
Inactive(anon):     4136 kB
Active(file):      49340 kB
Inactive(file):    43668 kB
Unevictable:        1940 kB
Mlocked:               0 kB
HighTotal:       1158144 kB
HighFree:           3228 kB
LowTotal:         741364 kB
LowFree:           45436 kB
SwapTotal:             0 kB
SwapFree:              0 kB
Dirty:                 0 kB
Writeback:             0 kB
AnonPages:       1467944 kB
Mapped:            98680 kB
Shmem:              4612 kB
Slab:              33296 kB
SReclaimable:      12352 kB
SUnreclaim:        20944 kB
KernelStack:        6128 kB
PageTables:        11628 kB
NFS_Unstable:          0 kB
Bounce:                0 kB
WritebackTmp:          0 kB
CommitLimit:      949752 kB
Committed_AS:   11987728 kB
VmallocTotal:     245760 kB
VmallocUsed:       50788 kB
VmallocChunk:      75648 kB
1557735307.667363
MemTotal:        1899508 kB
MemFree:           44932 kB
Buffers:             468 kB
Cached:            99320 kB
SwapCached:            0 kB
Active:          1519792 kB
Inactive:          48576 kB
Active(anon):    1471000 kB
Inactive(anon):     4136 kB
Active(file):      48792 kB
Inactive(file):    44440 kB
Unevictable:        1940 kB
Mlocked:               0 kB
HighTotal:       1158144 kB
HighFree:           2212 kB
LowTotal:         741364 kB
LowFree:           42720 kB
SwapTotal:             0 kB
SwapFree:              0 kB
Dirty:                 0 kB
Writeback:             0 kB
AnonPages:       1470640 kB
Mapped:            98816 kB
Shmem:              4612 kB
Slab:              33296 kB
SReclaimable:      12352 kB
SUnreclaim:        20944 kB
KernelStack:        6088 kB
PageTables:        11640 kB
NFS_Unstable:          0 kB
Bounce:                0 kB
WritebackTmp:          0 kB
CommitLimit:      949752 kB
Committed_AS:   11988420 kB
VmallocTotal:     245760 kB
VmallocUsed:       50788 kB
VmallocChunk:      75648 kB
1557735308.764910
MemTotal:        1899508 kB
MemFree:           47320 kB
Buffers:             468 kB
Cached:            98688 kB
SwapCached:            0 kB
Active:          1519084 kB
Inactive:          48808 kB
Active(anon):    1471112 kB
Inactive(anon):     4136 kB
Active(file):      47972 kB
Inactive(file):    44672 kB
Unevictable:        1940 kB
Mlocked:               0 kB
HighTotal:       1158144 kB
HighFree:           3092 kB
LowTotal:         741364 kB
LowFree:           44228 kB
SwapTotal:             0 kB
SwapFree:              0 kB
Dirty:                40 kB
Writeback:             0 kB
