MemTotal:         482068 kB
MemFree:            4004 kB
Buffers:             924 kB
Cached:            99068 kB
SwapCached:            0 kB
Active:           352420 kB
Inactive:          56196 kB
Active(anon):     309404 kB
Inactive(anon):      868 kB
Active(file):      43016 kB
Inactive(file):    55328 kB
Unevictable:        1256 kB
Mlocked:               0 kB
HighTotal:             0 kB
HighFree:              0 kB
LowTotal:         482068 kB
LowFree:            4004 kB
SwapTotal:             0 kB
SwapFree:              0 kB
Dirty:                 8 kB
Writeback:             0 kB
AnonPages:        309956 kB
Mapped:            57244 kB
Shmem:               344 kB
Slab:              17104 kB
SReclaimable:       4688 kB
SUnreclaim:        12416 kB
KernelStack:        4880 kB
PageTables:         6428 kB
NFS_Unstable:          0 kB
Bounce:                0 kB
WritebackTmp:          0 kB
CommitLimit:      241032 kB
Committed_AS:    3718168 kB
VmallocTotal:     507904 kB
VmallocUsed:      108728 kB
VmallocChunk:     112576 kB
1557575385.000000
MemTotal:         482068 kB
MemFree:            3668 kB
Buffers:             704 kB
Cached:            95476 kB
SwapCached:            0 kB
Active:           362192 kB
Inactive:          49260 kB
Active(anon):     316008 kB
Inactive(anon):      868 kB
Active(file):      46184 kB
Inactive(file):    48392 kB
Unevictable:        1256 kB
Mlocked:               0 kB
HighTotal:             0 kB
HighFree:              0 kB
LowTotal:         482068 kB
LowFree:            3668 kB
SwapTotal:             0 kB
SwapFree:              0 kB
Dirty:                 0 kB
Writeback:             0 kB
AnonPages:        316492 kB
Mapped:            61816 kB
Shmem:               344 kB
Slab:              17140 kB
SReclaimable:       4688 kB
SUnreclaim:        12452 kB
KernelStack:        4904 kB
PageTables:         6628 kB
NFS_Unstable:          0 kB
Bounce:                0 kB
WritebackTmp:          0 kB
CommitLimit:      241032 kB
Committed_AS:    3839556 kB
VmallocTotal:     507904 kB
VmallocUsed:      107556 kB
VmallocChunk:     112576 kB
1557575386.000000
MemTotal:         482068 kB
MemFree:            3636 kB
Buffers:             712 kB
Cached:            93432 kB
SwapCached:            0 kB
Active:           364460 kB
Inactive:          47440 kB
Active(anon):     318560 kB
Inactive(anon):      868 kB
Active(file):      45900 kB
Inactive(file):    46572 kB
Unevictable:        1256 kB
Mlocked:               0 kB
HighTotal:             0 kB
HighFree:              0 kB
LowTotal:         482068 kB
LowFree:            3636 kB
SwapTotal:             0 kB
SwapFree:              0 kB
Dirty:                 0 kB
Writeback:             0 kB
AnonPages:        319076 kB
Mapped:            64740 kB
Shmem:               344 kB
Slab:              17120 kB
SReclaimable:       4688 kB
SUnreclaim:        12432 kB
KernelStack:        4992 kB
PageTables:         6800 kB
NFS_Unstable:          0 kB
Bounce:                0 kB
WritebackTmp:          0 kB
CommitLimit:      241032 kB
Committed_AS:    3841388 kB
VmallocTotal:     507904 kB
VmallocUsed:      107564 kB
VmallocChunk:     112576 kB
1557575386.000000
MemTotal:         482068 kB
MemFree:            6748 kB
Buffers:             372 kB
Cached:            83700 kB
SwapCached:            0 kB
Active:           364828 kB
Inactive:          42176 kB
Active(anon):     323672 kB
Inactive(anon):      868 kB
Active(file):      41156 kB
Inactive(file):    41308 kB
Unevictable:        1256 kB
Mlocked:               0 kB
HighTotal:             0 kB
HighFree:              0 kB
LowTotal:         482068 kB
LowFree:            6748 kB
SwapTotal:             0 kB
SwapFree:              0 kB
Dirty:                36 kB
Writeback:             0 kB
AnonPages:        324260 kB
Mapped:            65920 kB
Shmem:               344 kB
Slab:              17112 kB
SReclaimable:       4688 kB
SUnreclaim:        12424 kB
KernelStack:        5136 kB
PageTables:         6828 kB
NFS_Unstable:          0 kB
Bounce:                0 kB
WritebackTmp:          0 kB
CommitLimit:      241032 kB
Committed_AS:    3848108 kB
VmallocTotal:     507904 kB
VmallocUsed:      109224 kB
VmallocChunk:     112576 kB
1557575387.000000
MemTotal:         482068 kB
MemFree:            4408 kB
Buffers:             280 kB
Cached:            76876 kB
SwapCached:            0 kB
Active:           366352 kB
Inactive:          38712 kB
Active(anon):     328768 kB
Inactive(anon):      868 kB
Active(file):      37584 kB
Inactive(file):    37844 kB
Unevictable:        1256 kB
Mlocked:               0 kB
HighTotal:             0 kB
HighFree:              0 kB
LowTotal:         482068 kB
LowFree:            4408 kB
SwapTotal:             0 kB
SwapFree:              0 kB
Dirty:                36 kB
Writeback:             0 kB
AnonPages:        329276 kB
Mapped:            71164 kB
Shmem:               344 kB
Slab:              17112 kB
SReclaimable:       4688 kB
SUnreclaim:        12424 kB
KernelStack:        5136 kB
PageTables:         6904 kB
NFS_Unstable:          0 kB
Bounce:                0 kB
WritebackTmp:          0 kB
CommitLimit:      241032 kB
Committed_AS:    3853704 kB
VmallocTotal:     507904 kB
VmallocUsed:      110984 kB
VmallocChunk:     112576 kB
1557575388.000000
MemTotal:         482068 kB
MemFree:            4392 kB
Buffers:             412 kB
Cached:            70548 kB
SwapCached:            0 kB
Active:           368492 kB
Inactive:          35620 kB
Active(anon):     333952 kB
Inactive(anon):      868 kB
Active(file):      34540 kB
Inactive(file):    34752 kB
Unevictable:        1256 kB
Mlocked:               0 kB
HighTotal:             0 kB
HighFree:              0 kB
LowTotal:         482068 kB
LowFree:            4392 kB
SwapTotal:             0 kB
SwapFree:              0 kB
Dirty:                 0 kB
Writeback:             8 kB
AnonPages:        334496 kB
Mapped:            69912 kB
Shmem:               344 kB
Slab:              17108 kB
SReclaimable:       4688 kB
SUnreclaim:        12420 kB
KernelStack:        5168 kB
PageTables:         6932 kB
NFS_Unstable:          0 kB
Bounce:                0 kB
WritebackTmp:          0 kB
CommitLimit:      241032 kB
Committed_AS:    3859404 kB
VmallocTotal:     507904 kB
VmallocUsed:      109376 kB
VmallocChunk:     112576 kB
1557575388.000000
MemTotal:         482068 kB
MemFree:            3904 kB
Buffers:             416 kB
Cached:            70520 kB
SwapCached:            0 kB
Active:           371040 kB
Inactive:          35688 kB
Active(anon):     336580 kB
Inactive(anon):      868 kB
Active(file):      34460 kB
Inactive(file):    34820 kB
Unevictable:        1256 kB
Mlocked:               0 kB
HighTotal:             0 kB
HighFree:              0 kB
LowTotal:         482068 kB
LowFree:            3904 kB
SwapTotal:             0 kB
SwapFree:              0 kB
Dirty:                76 kB
Writeback:             0 kB
AnonPages:        337124 kB
Mapped:            69916 kB
Shmem:               344 kB
Slab:              17128 kB
SReclaimable:       4688 kB
SUnreclaim:        12440 kB
KernelStack:        5176 kB
PageTables:         6868 kB
NFS_Unstable:          0 kB
Bounce:                0 kB
WritebackTmp:          0 kB
CommitLimit:      241032 kB
Committed_AS:    3862868 kB
VmallocTotal:     507904 kB
VmallocUsed:      109376 kB
VmallocChunk:     112576 kB
1557575389.000000
MemTotal:         482068 kB
MemFree:            4236 kB
Buffers:             316 kB
Cached:            69480 kB
SwapCached:            0 kB
Active:           373764 kB
Inactive:          35008 kB
Active(anon):     339700 kB
Inactive(anon):      868 kB
Active(file):      34064 kB
Inactive(file):    34140 kB
Unevictable:        1256 kB
Mlocked:               0 kB
HighTotal:             0 kB
HighFree:              0 kB
LowTotal:         482068 kB
LowFree:            4236 kB
SwapTotal:             0 kB
SwapFree:              0 kB
Dirty:                76 kB
Writeback:             0 kB
AnonPages:        340240 kB
Mapped:            64520 kB
Shmem:               344 kB
Slab:              17128 kB
SReclaimable:       4688 kB
SUnreclaim:        12440 kB
KernelStack:        5176 kB
PageTables:         6868 kB
NFS_Unstable:          0 kB
Bounce:                0 kB
WritebackTmp:          0 kB
CommitLimit:      241032 kB
Committed_AS:    3866828 kB
VmallocTotal:     507904 kB
VmallocUsed:      109376 kB
VmallocChunk:     112576 kB
1557575390.000000
MemTotal:         482068 kB
MemFree:            3852 kB
Buffers:             172 kB
Cached:            67908 kB
SwapCached:            0 kB
Active:           375092 kB
Inactive:          34176 kB
Active(anon):     341992 kB
Inactive(anon):      868 kB
Active(file):      33100 kB
Inactive(file):    33308 kB
Unevictable:        1256 kB
Mlocked:               0 kB
HighTotal:             0 kB
HighFree:              0 kB
LowTotal:         482068 kB
LowFree:            3852 kB
SwapTotal:             0 kB
SwapFree:              0 kB
Dirty:                76 kB
Writeback:             0 kB
AnonPages:        342600 kB
Mapped:            61148 kB
Shmem:               344 kB
Slab:              17116 kB
SReclaimable:       4688 kB
SUnreclaim:        12428 kB
KernelStack:        5224 kB
PageTables:         6952 kB
NFS_Unstable:          0 kB
Bounce:                0 kB
WritebackTmp:          0 kB
CommitLimit:      241032 kB
Committed_AS:    3868632 kB
VmallocTotal:     507904 kB
VmallocUsed:      109376 kB
VmallocChunk:     112576 kB
1557575391.000000
MemTotal:         482068 kB
MemFree:            3728 kB
Buffers:             424 kB
Cached:            63824 kB
SwapCached:            0 kB
Active:           375828 kB
Inactive:          32212 kB
Active(anon):     344528 kB
Inactive(anon):      876 kB
Active(file):      31300 kB
Inactive(file):    31336 kB
Unevictable:        1256 kB
Mlocked:               0 kB
HighTotal:             0 kB
HighFree:              0 kB
LowTotal:         482068 kB
LowFree:            3728 kB
SwapTotal:             0 kB
SwapFree:              0 kB
Dirty:               108 kB
Writeback:             0 kB
AnonPages:        345056 kB
Mapped:            61020 kB
Shmem:               352 kB
Slab:              17128 kB
SReclaimable:       4688 kB
SUnreclaim:        12440 kB
KernelStack:        5272 kB
PageTables:         6924 kB
NFS_Unstable:          0 kB
Bounce:                0 kB
WritebackTmp:          0 kB
CommitLimit:      241032 kB
Committed_AS:    3870596 kB
VmallocTotal:     507904 kB
VmallocUsed:      111752 kB
VmallocChunk:     112576 kB
1557575391.000000
MemTotal:         482068 kB
MemFree:            4168 kB
Buffers:             528 kB
Cached:            58780 kB
SwapCached:            0 kB
Active:           377772 kB
Inactive:          29536 kB
Active(anon):     348844 kB
Inactive(anon):      876 kB
Active(file):      28928 kB
Inactive(file):    28660 kB
Unevictable:        1256 kB
Mlocked:               0 kB
HighTotal:             0 kB
HighFree:              0 kB
LowTotal:         482068 kB
LowFree:            4168 kB
SwapTotal:             0 kB
SwapFree:              0 kB
Dirty:                32 kB
Writeback:             0 kB
AnonPages:        349464 kB
Mapped:            58816 kB
Shmem:               352 kB
Slab:              17232 kB
SReclaimable:       4792 kB
SUnreclaim:        12440 kB
KernelStack:        5272 kB
PageTables:         6924 kB
NFS_Unstable:          0 kB
Bounce:                0 kB
WritebackTmp:          0 kB
CommitLimit:      241032 kB
Committed_AS:    3878408 kB
VmallocTotal:     507904 kB
VmallocUsed:      111752 kB
VmallocChunk:     112576 kB
1557575392.000000
MemTotal:         482068 kB
MemFree:            3624 kB
Buffers:             596 kB
Cached:            54356 kB
SwapCached:            0 kB
Active:           379576 kB
Inactive:          27848 kB
Active(anon):     353220 kB
Inactive(anon):      876 kB
Active(file):      26356 kB
Inactive(file):    26972 kB
Unevictable:        1256 kB
Mlocked:               0 kB
HighTotal:             0 kB
HighFree:              0 kB
LowTotal:         482068 kB
LowFree:            3624 kB
SwapTotal:             0 kB
SwapFree:              0 kB
Dirty:               140 kB
Writeback:             0 kB
AnonPages:        353768 kB
Mapped:            54820 kB
Shmem:               352 kB
Slab:              17292 kB
SReclaimable:       4840 kB
SUnreclaim:        12452 kB
KernelStack:        5336 kB
PageTables:         6932 kB
NFS_Unstable:          0 kB
Bounce:                0 kB
WritebackTmp:          0 kB
CommitLimit:      241032 kB
Committed_AS:    3881976 kB
VmallocTotal:     507904 kB
VmallocUsed:      111752 kB
VmallocChunk:     112576 kB
1557575393.000000
MemTotal:         482068 kB
MemFree:           11176 kB
Buffers:             180 kB
Cached:            43716 kB
SwapCached:            0 kB
Active:           375400 kB
Inactive:          21588 kB
Active(anon):     353876 kB
Inactive(anon):      884 kB
Active(file):      21524 kB
Inactive(file):    20704 kB
Unevictable:        1256 kB
Mlocked:               0 kB
HighTotal:             0 kB
HighFree:              0 kB
LowTotal:         482068 kB
LowFree:           11176 kB
SwapTotal:             0 kB
SwapFree:              0 kB
Dirty:                 0 kB
Writeback:             0 kB
AnonPages:        353976 kB
Mapped:            49716 kB
Shmem:               360 kB
Slab:              17264 kB
SReclaimable:       4772 kB
SUnreclaim:        12492 kB
KernelStack:        5368 kB
PageTables:         6968 kB
NFS_Unstable:          0 kB
Bounce:                0 kB
WritebackTmp:          0 kB
CommitLimit:      241032 kB
Committed_AS:    3891084 kB
VmallocTotal:     507904 kB
VmallocUsed:      113256 kB
VmallocChunk:     112576 kB
1557575393.000000
MemTotal:         482068 kB
MemFree:           13040 kB
Buffers:             180 kB
Cached:            46908 kB
SwapCached:            0 kB
Active:           371136 kB
Inactive:          24708 kB
Active(anon):     349560 kB
Inactive(anon):      884 kB
Active(file):      21576 kB
Inactive(file):    23824 kB
Unevictable:        1256 kB
Mlocked:               0 kB
HighTotal:             0 kB
HighFree:              0 kB
LowTotal:         482068 kB
LowFree:           13040 kB
SwapTotal:             0 kB
SwapFree:              0 kB
Dirty:                 0 kB
Writeback:             0 kB
AnonPages:        350100 kB
Mapped:            50248 kB
Shmem:               360 kB
Slab:              17264 kB
SReclaimable:       4772 kB
SUnreclaim:        12492 kB
KernelStack:        5160 kB
PageTables:         6664 kB
NFS_Unstable:          0 kB
Bounce:                0 kB
WritebackTmp:          0 kB
CommitLimit:      241032 kB
Committed_AS:    3731924 kB
VmallocTotal:     507904 kB
VmallocUsed:      111220 kB
VmallocChunk:     112576 kB
1557575394.000000
MemTotal:         482068 kB
MemFree:            3552 kB
Buffers:             188 kB
Cached:            54536 kB
SwapCached:            0 kB
Active:           372820 kB
Inactive:          32336 kB
Active(anon):     351200 kB
Inactive(anon):      884 kB
Active(file):      21620 kB
Inactive(file):    31452 kB
Unevictable:        1256 kB
Mlocked:               0 kB
HighTotal:             0 kB
HighFree:              0 kB
LowTotal:         482068 kB
LowFree:            3552 kB
SwapTotal:             0 kB
SwapFree:              0 kB
Dirty:                32 kB
Writeback:             0 kB
AnonPages:        351684 kB
Mapped:            52288 kB
Shmem:               360 kB
Slab:              17228 kB
SReclaimable:       4768 kB
SUnreclaim:        12460 kB
KernelStack:        5160 kB
PageTables:         6620 kB
NFS_Unstable:          0 kB
Bounce:                0 kB
WritebackTmp:          0 kB
CommitLimit:      241032 kB
Committed_AS:    3733724 kB
VmallocTotal:     507904 kB
VmallocUsed:      111212 kB
VmallocChunk:     112576 kB
1557575395.000000
MemTotal:         482068 kB
MemFree:            3900 kB
Buffers:             180 kB
Cached:            51792 kB
SwapCached:            0 kB
Active:           377184 kB
Inactive:          27280 kB
Active(anon):     353264 kB
Inactive(anon):      884 kB
Active(file):      23920 kB
Inactive(file):    26396 kB
Unevictable:        1256 kB
Mlocked:               0 kB
HighTotal:             0 kB
HighFree:              0 kB
LowTotal:         482068 kB
LowFree:            3900 kB
SwapTotal:             0 kB
SwapFree:              0 kB
Dirty:                72 kB
Writeback:             0 kB
AnonPages:        353864 kB
Mapped:            51728 kB
Shmem:               360 kB
Slab:              17228 kB
SReclaimable:       4768 kB
SUnreclaim:        12460 kB
KernelStack:        5208 kB
PageTables:         6648 kB
NFS_Unstable:          0 kB
Bounce:                0 kB
WritebackTmp:          0 kB
CommitLimit:      241032 kB
Committed_AS:    3735808 kB
VmallocTotal:     507904 kB
VmallocUsed:      111212 kB
VmallocChunk:     112576 kB
1557575395.000000
MemTotal:         482068 kB
MemFree:            4180 kB
Buffers:             176 kB
Cached:            48908 kB
SwapCached:            0 kB
Active:           379448 kB
Inactive:          24320 kB
Active(anon):     355500 kB
Inactive(anon):      884 kB
Active(file):      23948 kB
Inactive(file):    23436 kB
Unevictable:        1256 kB
Mlocked:               0 kB
HighTotal:             0 kB
HighFree:              0 kB
LowTotal:         482068 kB
LowFree:            4180 kB
SwapTotal:             0 kB
SwapFree:              0 kB
Dirty:                72 kB
Writeback:             0 kB
AnonPages:        356144 kB
Mapped:            51424 kB
Shmem:               360 kB
Slab:              17228 kB
SReclaimable:       4768 kB
SUnreclaim:        12460 kB
KernelStack:        5208 kB
PageTables:         6648 kB
NFS_Unstable:          0 kB
Bounce:                0 kB
WritebackTmp:          0 kB
CommitLimit:      241032 kB
Committed_AS:    3737260 kB
VmallocTotal:     507904 kB
VmallocUsed:      111212 kB
VmallocChunk:     112576 kB
1557575396.000000
MemTotal:         482068 kB
MemFree:            4356 kB
Buffers:             328 kB
Cached:            51700 kB
SwapCached:            0 kB
Active:           373404 kB
Inactive:          29948 kB
Active(anon):     352204 kB
Inactive(anon):      884 kB
Active(file):      21200 kB
Inactive(file):    29064 kB
Unevictable:        1256 kB
Mlocked:               0 kB
HighTotal:             0 kB
HighFree:              0 kB
LowTotal:         482068 kB
LowFree:            4356 kB
SwapTotal:             0 kB
SwapFree:              0 kB
Dirty:                 8 kB
Writeback:           532 kB
AnonPages:        352680 kB
Mapped:            51588 kB
Shmem:               360 kB
Slab:              17332 kB
SReclaimable:       4768 kB
SUnreclaim:        12564 kB
KernelStack:        5320 kB
PageTables:         6688 kB
NFS_Unstable:          0 kB
Bounce:                0 kB
WritebackTmp:          0 kB
CommitLimit:      241032 kB
Committed_AS:    3841496 kB
VmallocTotal:     507904 kB
VmallocUsed:      113256 kB
VmallocChunk:     112576 kB
1557575397.000000
MemTotal:         482068 kB
MemFree:            3744 kB
Buffers:             180 kB
Cached:            44772 kB
SwapCached:            0 kB
Active:           377292 kB
Inactive:          23868 kB
Active(anon):     357224 kB
Inactive(anon):     3588 kB
Active(file):      20068 kB
Inactive(file):    20280 kB
Unevictable:        1412 kB
Mlocked:            2888 kB
HighTotal:             0 kB
HighFree:              0 kB
LowTotal:         482068 kB
LowFree:            3744 kB
SwapTotal:             0 kB
SwapFree:              0 kB
Dirty:                68 kB
Writeback:             8 kB
AnonPages:        357776 kB
Mapped:            51864 kB
Shmem:              3248 kB
Slab:              17184 kB
SReclaimable:       4764 kB
SUnreclaim:        12420 kB
KernelStack:        5288 kB
PageTables:         6860 kB
NFS_Unstable:          0 kB
Bounce:                0 kB
WritebackTmp:          0 kB
CommitLimit:      241032 kB
Committed_AS:    3897188 kB
VmallocTotal:     507904 kB
VmallocUsed:      115880 kB
VmallocChunk:     112576 kB
1557575398.000000
MemTotal:         482068 kB
MemFree:            4136 kB
Buffers:             164 kB
Cached:            44348 kB
SwapCached:            0 kB
Active:           375228 kB
Inactive:          24548 kB
Active(anon):     356844 kB
Inactive(anon):     3120 kB
Active(file):      18384 kB
Inactive(file):    21428 kB
Unevictable:        1928 kB
Mlocked:            3768 kB
HighTotal:             0 kB
HighFree:              0 kB
LowTotal:         482068 kB
LowFree:            4136 kB
SwapTotal:             0 kB
SwapFree:              0 kB
Dirty:                40 kB
Writeback:             0 kB
AnonPages:        357356 kB
Mapped:            48980 kB
Shmem:              3276 kB
Slab:              17188 kB
SReclaimable:       4764 kB
SUnreclaim:        12424 kB
KernelStack:        5336 kB
PageTables:         6636 kB
NFS_Unstable:          0 kB
Bounce:                0 kB
WritebackTmp:          0 kB
CommitLimit:      241032 kB
Committed_AS:    3790732 kB
VmallocTotal:     507904 kB
VmallocUsed:      114664 kB
VmallocChunk:     112576 kB
1557575399.000000
MemTotal:         482068 kB
MemFree:            4164 kB
Buffers:             152 kB
Cached:            46676 kB
SwapCached:            0 kB
Active:           374656 kB
Inactive:          24856 kB
Active(anon):     354092 kB
Inactive(anon):     3156 kB
Active(file):      20564 kB
Inactive(file):    21700 kB
Unevictable:        1948 kB
Mlocked:            3808 kB
HighTotal:             0 kB
HighFree:              0 kB
LowTotal:         482068 kB
LowFree:            4164 kB
SwapTotal:             0 kB
SwapFree:              0 kB
Dirty:                 0 kB
Writeback:             0 kB
AnonPages:        354700 kB
Mapped:            48284 kB
Shmem:              3296 kB
Slab:              17276 kB
SReclaimable:       4764 kB
SUnreclaim:        12512 kB
KernelStack:        5288 kB
PageTables:         6696 kB
NFS_Unstable:          0 kB
Bounce:                0 kB
WritebackTmp:          0 kB
CommitLimit:      241032 kB
Committed_AS:    3794428 kB
VmallocTotal:     507904 kB
VmallocUsed:      114656 kB
VmallocChunk:     112576 kB
1557575400.000000
MemTotal:         482068 kB
MemFree:            3928 kB
Buffers:             168 kB
Cached:            45192 kB
SwapCached:            0 kB
Active:           376428 kB
Inactive:          23584 kB
Active(anon):     356040 kB
Inactive(anon):     3156 kB
Active(file):      20388 kB
Inactive(file):    20428 kB
Unevictable:        1948 kB
Mlocked:            3808 kB
HighTotal:             0 kB
HighFree:              0 kB
LowTotal:         482068 kB
LowFree:            3928 kB
SwapTotal:             0 kB
SwapFree:              0 kB
Dirty:                 0 kB
Writeback:             0 kB
AnonPages:        356628 kB
Mapped:            49388 kB
Shmem:              3296 kB
Slab:              17276 kB
SReclaimable:       4764 kB
SUnreclaim:        12512 kB
KernelStack:        5304 kB
PageTables:         6624 kB
NFS_Unstable:          0 kB
Bounce:                0 kB
WritebackTmp:          0 kB
CommitLimit:      241032 kB
Committed_AS:    3794544 kB
VmallocTotal:     507904 kB
VmallocUsed:      114656 kB
VmallocChunk:     112576 kB
1557575400.000000
MemTotal:         482068 kB
MemFree:            4000 kB
Buffers:             416 kB
Cached:            43308 kB
SwapCached:            0 kB
Active:           376976 kB
Inactive:          22700 kB
Active(anon):     357400 kB
Inactive(anon):     3164 kB
Active(file):      19576 kB
Inactive(file):    19536 kB
Unevictable:        1948 kB
Mlocked:            3808 kB
HighTotal:             0 kB
HighFree:              0 kB
LowTotal:         482068 kB
LowFree:            4000 kB
SwapTotal:             0 kB
SwapFree:              0 kB
Dirty:                92 kB
Writeback:             0 kB
AnonPages:        357884 kB
Mapped:            48096 kB
Shmem:              3304 kB
Slab:              17272 kB
SReclaimable:       4764 kB
SUnreclaim:        12508 kB
KernelStack:        5320 kB
PageTables:         6636 kB
NFS_Unstable:          0 kB
Bounce:                0 kB
WritebackTmp:          0 kB
CommitLimit:      241032 kB
Committed_AS:    3794848 kB
VmallocTotal:     507904 kB
VmallocUsed:      114656 kB
VmallocChunk:     112576 kB
1557575401.000000
MemTotal:         482068 kB
MemFree:            7168 kB
Buffers:             188 kB
Cached:            41696 kB
SwapCached:            0 kB
Active:           374624 kB
Inactive:          22092 kB
Active(anon):     356312 kB
Inactive(anon):     3160 kB
Active(file):      18312 kB
Inactive(file):    18932 kB
Unevictable:        1948 kB
Mlocked:            3808 kB
HighTotal:             0 kB
HighFree:              0 kB
LowTotal:         482068 kB
LowFree:            7168 kB
SwapTotal:             0 kB
SwapFree:              0 kB
Dirty:                16 kB
Writeback:             0 kB
AnonPages:        356944 kB
Mapped:            48164 kB
Shmem:              3304 kB
Slab:              17264 kB
SReclaimable:       4764 kB
SUnreclaim:        12500 kB
KernelStack:        5336 kB
PageTables:         6424 kB
NFS_Unstable:          0 kB
Bounce:                0 kB
WritebackTmp:          0 kB
CommitLimit:      241032 kB
Committed_AS:    3681928 kB
VmallocTotal:     507904 kB
VmallocUsed:      112620 kB
VmallocChunk:     112576 kB
1557575402.000000
MemTotal:         482068 kB
MemFree:            3372 kB
Buffers:             172 kB
Cached:            43824 kB
SwapCached:            0 kB
Active:           378016 kB
Inactive:          22828 kB
Active(anon):     358256 kB
Inactive(anon):     3160 kB
Active(file):      19760 kB
Inactive(file):    19668 kB
Unevictable:        1948 kB
Mlocked:            3808 kB
HighTotal:             0 kB
HighFree:              0 kB
LowTotal:         482068 kB
LowFree:            3372 kB
SwapTotal:             0 kB
SwapFree:              0 kB
Dirty:                 0 kB
Writeback:             0 kB
AnonPages:        358892 kB
Mapped:            48172 kB
Shmem:              3304 kB
Slab:              17244 kB
SReclaimable:       4764 kB
SUnreclaim:        12480 kB
KernelStack:        5264 kB
PageTables:         6460 kB
NFS_Unstable:          0 kB
Bounce:                0 kB
WritebackTmp:          0 kB
CommitLimit:      241032 kB
Committed_AS:    3683256 kB
VmallocTotal:     507904 kB
VmallocUsed:      112612 kB
VmallocChunk:     112576 kB
1557575403.000000
MemTotal:         482068 kB
MemFree:            8140 kB
Buffers:             424 kB
Cached:            49056 kB
SwapCached:            0 kB
Active:           366448 kB
Inactive:          29700 kB
Active(anon):     348164 kB
Inactive(anon):     3164 kB
Active(file):      18284 kB
Inactive(file):    26536 kB
Unevictable:        1948 kB
Mlocked:            3808 kB
HighTotal:             0 kB
HighFree:              0 kB
LowTotal:         482068 kB
LowFree:            8140 kB
SwapTotal:             0 kB
SwapFree:              0 kB
Dirty:                 0 kB
Writeback:             0 kB
AnonPages:        348768 kB
Mapped:            48548 kB
Shmem:              3320 kB
Slab:              17240 kB
SReclaimable:       4752 kB
SUnreclaim:        12488 kB
KernelStack:        5232 kB
PageTables:         6384 kB
NFS_Unstable:          0 kB
Bounce:                0 kB
WritebackTmp:          0 kB
CommitLimit:      241032 kB
Committed_AS:    3668364 kB
VmallocTotal:     507904 kB
VmallocUsed:      112612 kB
VmallocChunk:     112576 kB
1557575404.000000
MemTotal:         482068 kB
MemFree:            4272 kB
Buffers:             436 kB
Cached:            49880 kB
SwapCached:            0 kB
Active:           369932 kB
Inactive:          29908 kB
Active(anon):     351076 kB
Inactive(anon):     3164 kB
Active(file):      18856 kB
Inactive(file):    26744 kB
Unevictable:        1948 kB
Mlocked:            3808 kB
HighTotal:             0 kB
HighFree:              0 kB
LowTotal:         482068 kB
LowFree:            4272 kB
SwapTotal:             0 kB
SwapFree:              0 kB
Dirty:                 0 kB
Writeback:             0 kB
AnonPages:        351580 kB
Mapped:            49460 kB
Shmem:              3320 kB
Slab:              17240 kB
SReclaimable:       4752 kB
SUnreclaim:        12488 kB
KernelStack:        5232 kB
PageTables:         6384 kB
NFS_Unstable:          0 kB
Bounce:                0 kB
WritebackTmp:          0 kB
CommitLimit:      241032 kB
Committed_AS:    3671848 kB
VmallocTotal:     507904 kB
VmallocUsed:      112612 kB
VmallocChunk:     112576 kB
1557575405.000000
MemTotal:         482068 kB
MemFree:            4180 kB
Buffers:             296 kB
Cached:            50668 kB
SwapCached:            0 kB
Active:           369600 kB
Inactive:          30160 kB
Active(anon):     350300 kB
Inactive(anon):     3164 kB
Active(file):      19300 kB
Inactive(file):    26996 kB
Unevictable:        1948 kB
Mlocked:            3808 kB
HighTotal:             0 kB
HighFree:              0 kB
LowTotal:         482068 kB
LowFree:            4180 kB
SwapTotal:             0 kB
SwapFree:              0 kB
Dirty:                 0 kB
Writeback:             0 kB
AnonPages:        350764 kB
Mapped:            49896 kB
Shmem:              3324 kB
Slab:              17232 kB
SReclaimable:       4752 kB
SUnreclaim:        12480 kB
KernelStack:        5232 kB
PageTables:         6468 kB
NFS_Unstable:          0 kB
Bounce:                0 kB
WritebackTmp:          0 kB
CommitLimit:      241032 kB
Committed_AS:    3672452 kB
VmallocTotal:     507904 kB
VmallocUsed:      112612 kB
VmallocChunk:     112576 kB
1557575406.000000
MemTotal:         482068 kB
MemFree:            3536 kB
Buffers:             280 kB
Cached:            50008 kB
SwapCached:            0 kB
Active:           372704 kB
Inactive:          27820 kB
Active(anon):     351712 kB
Inactive(anon):     3164 kB
Active(file):      20992 kB
Inactive(file):    24656 kB
Unevictable:        1948 kB
Mlocked:            3808 kB
HighTotal:             0 kB
HighFree:              0 kB
LowTotal:         482068 kB
LowFree:            3536 kB
SwapTotal:             0 kB
SwapFree:              0 kB
Dirty:                 0 kB
Writeback:             0 kB
AnonPages:        352176 kB
Mapped:            51268 kB
Shmem:              3324 kB
Slab:              17240 kB
SReclaimable:       4752 kB
SUnreclaim:        12488 kB
KernelStack:        5216 kB
PageTables:         6396 kB
NFS_Unstable:          0 kB
Bounce:                0 kB
WritebackTmp:          0 kB
CommitLimit:      241032 kB
Committed_AS:    3673124 kB
VmallocTotal:     507904 kB
VmallocUsed:      112612 kB
VmallocChunk:     112576 kB
1557575407.000000
MemTotal:         482068 kB
MemFree:            3900 kB
Buffers:             192 kB
Cached:            49760 kB
SwapCached:            0 kB
Active:           373520 kB
Inactive:          26580 kB
Active(anon):     351728 kB
Inactive(anon):     3164 kB
Active(file):      21792 kB
Inactive(file):    23416 kB
Unevictable:        1948 kB
Mlocked:            3808 kB
HighTotal:             0 kB
HighFree:              0 kB
LowTotal:         482068 kB
LowFree:            3900 kB
SwapTotal:             0 kB
SwapFree:              0 kB
Dirty:                56 kB
Writeback:             0 kB
AnonPages:        352200 kB
Mapped:            52024 kB
Shmem:              3324 kB
Slab:              17220 kB
SReclaimable:       4752 kB
SUnreclaim:        12468 kB
KernelStack:        5216 kB
PageTables:         6472 kB
NFS_Unstable:          0 kB
Bounce:                0 kB
WritebackTmp:          0 kB
CommitLimit:      241032 kB
Committed_AS:    3671456 kB
VmallocTotal:     507904 kB
VmallocUsed:      112612 kB
VmallocChunk:     112576 kB
1557575407.000000
MemTotal:         482068 kB
MemFree:            4264 kB
Buffers:             324 kB
Cached:            47904 kB
SwapCached:            0 kB
Active:           374700 kB
Inactive:          24964 kB
Active(anon):     352936 kB
Inactive(anon):     3164 kB
Active(file):      21764 kB
Inactive(file):    21800 kB
Unevictable:        1948 kB
Mlocked:            3808 kB
HighTotal:             0 kB
HighFree:              0 kB
LowTotal:         482068 kB
LowFree:            4264 kB
SwapTotal:             0 kB
SwapFree:              0 kB
Dirty:                56 kB
Writeback:             0 kB
AnonPages:        353484 kB
Mapped:            51796 kB
Shmem:              3328 kB
Slab:              17232 kB
SReclaimable:       4752 kB
SUnreclaim:        12480 kB
KernelStack:        5240 kB
PageTables:         6408 kB
NFS_Unstable:          0 kB
Bounce:                0 kB
WritebackTmp:          0 kB
CommitLimit:      241032 kB
Committed_AS:    3671728 kB
VmallocTotal:     507904 kB
VmallocUsed:      112612 kB
VmallocChunk:     112576 kB
1557575408.000000
MemTotal:         482068 kB
MemFree:            4008 kB
Buffers:             324 kB
Cached:            47908 kB
SwapCached:            0 kB
Active:           374924 kB
Inactive:          25072 kB
Active(anon):     353168 kB
Inactive(anon):     3168 kB
Active(file):      21756 kB
Inactive(file):    21904 kB
Unevictable:        1948 kB
Mlocked:            3808 kB
HighTotal:             0 kB
HighFree:              0 kB
LowTotal:         482068 kB
LowFree:            4008 kB
SwapTotal:             0 kB
SwapFree:              0 kB
Dirty:                56 kB
Writeback:             0 kB
AnonPages:        353684 kB
Mapped:            52156 kB
Shmem:              3328 kB
Slab:              17252 kB
SReclaimable:       4752 kB
SUnreclaim:        12500 kB
KernelStack:        5248 kB
PageTables:         6412 kB
NFS_Unstable:          0 kB
Bounce:                0 kB
WritebackTmp:          0 kB
CommitLimit:      241032 kB
Committed_AS:    3671984 kB
VmallocTotal:     507904 kB
VmallocUsed:      112612 kB
VmallocChunk:     112576 kB
1557575409.000000
MemTotal:         482068 kB
MemFree:            4108 kB
Buffers:             212 kB
Cached:            47488 kB
SwapCached:            0 kB
Active:           375116 kB
Inactive:          24648 kB
Active(anon):     353532 kB
Inactive(anon):     3168 kB
Active(file):      21584 kB
Inactive(file):    21480 kB
Unevictable:        1948 kB
Mlocked:            3808 kB
HighTotal:             0 kB
HighFree:              0 kB
LowTotal:         482068 kB
LowFree:            4108 kB
SwapTotal:             0 kB
SwapFree:              0 kB
Dirty:                56 kB
Writeback:             0 kB
AnonPages:        354064 kB
Mapped:            52080 kB
Shmem:              3328 kB
Slab:              17200 kB
SReclaimable:       4752 kB
SUnreclaim:        12448 kB
KernelStack:        5248 kB
PageTables:         6412 kB
NFS_Unstable:          0 kB
Bounce:                0 kB
WritebackTmp:          0 kB
CommitLimit:      241032 kB
Committed_AS:    3674136 kB
VmallocTotal:     507904 kB
VmallocUsed:      112628 kB
VmallocChunk:     112576 kB
1557575410.000000
MemTotal:         482068 kB
MemFree:            3604 kB
Buffers:             288 kB
Cached:            47652 kB
SwapCached:            0 kB
Active:           375132 kB
Inactive:          25124 kB
Active(anon):     353820 kB
Inactive(anon):     3168 kB
Active(file):      21312 kB
Inactive(file):    21956 kB
Unevictable:        1948 kB
Mlocked:            3808 kB
HighTotal:             0 kB
HighFree:              0 kB
LowTotal:         482068 kB
LowFree:            3604 kB
SwapTotal:             0 kB
SwapFree:              0 kB
Dirty:                 0 kB
Writeback:             0 kB
AnonPages:        354372 kB
Mapped:            52252 kB
Shmem:              3328 kB
Slab:              17284 kB
SReclaimable:       4752 kB
SUnreclaim:        12532 kB
KernelStack:        5272 kB
PageTables:         6492 kB
NFS_Unstable:          0 kB
Bounce:                0 kB
WritebackTmp:          0 kB
CommitLimit:      241032 kB
Committed_AS:    3672168 kB
VmallocTotal:     507904 kB
VmallocUsed:      112628 kB
VmallocChunk:     112576 kB
1557575411.000000
MemTotal:         482068 kB
MemFree:            4472 kB
Buffers:             268 kB
Cached:            46416 kB
SwapCached:            0 kB
Active:           375328 kB
Inactive:          23920 kB
Active(anon):     354120 kB
Inactive(anon):     3168 kB
Active(file):      21208 kB
Inactive(file):    20752 kB
Unevictable:        1948 kB
Mlocked:            3808 kB
HighTotal:             0 kB
HighFree:              0 kB
LowTotal:         482068 kB
LowFree:            4472 kB
SwapTotal:             0 kB
SwapFree:              0 kB
Dirty:                36 kB
Writeback:             0 kB
AnonPages:        354596 kB
Mapped:            52076 kB
Shmem:              3328 kB
Slab:              17300 kB
SReclaimable:       4752 kB
SUnreclaim:        12548 kB
KernelStack:        5272 kB
PageTables:         6492 kB
NFS_Unstable:          0 kB
Bounce:                0 kB
WritebackTmp:          0 kB
CommitLimit:      241032 kB
Committed_AS:    3672216 kB
VmallocTotal:     507904 kB
VmallocUsed:      112628 kB
VmallocChunk:     112576 kB
1557575412.000000
MemTotal:         482068 kB
MemFree:            4308 kB
Buffers:             264 kB
Cached:            46396 kB
SwapCached:            0 kB
Active:           375324 kB
Inactive:          24128 kB
Active(anon):     354168 kB
Inactive(anon):     3168 kB
Active(file):      21156 kB
Inactive(file):    20960 kB
Unevictable:        1948 kB
Mlocked:            3808 kB
HighTotal:             0 kB
HighFree:              0 kB
LowTotal:         482068 kB
LowFree:            4308 kB
SwapTotal:             0 kB
SwapFree:              0 kB
Dirty:                52 kB
Writeback:             0 kB
AnonPages:        354732 kB
Mapped:            52032 kB
Shmem:              3328 kB
Slab:              17288 kB
SReclaimable:       4752 kB
SUnreclaim:        12536 kB
KernelStack:        5320 kB
PageTables:         6456 kB
NFS_Unstable:          0 kB
Bounce:                0 kB
WritebackTmp:          0 kB
CommitLimit:      241032 kB
Committed_AS:    3672396 kB
VmallocTotal:     507904 kB
VmallocUsed:      112628 kB
VmallocChunk:     112576 kB
1557575412.000000
MemTotal:         482068 kB
MemFree:            6780 kB
Buffers:             272 kB
Cached:            49120 kB
SwapCached:            0 kB
Active:           370700 kB
Inactive:          26816 kB
Active(anon):     349580 kB
Inactive(anon):     3164 kB
Active(file):      21120 kB
Inactive(file):    23652 kB
Unevictable:        1948 kB
Mlocked:            3808 kB
HighTotal:             0 kB
HighFree:              0 kB
LowTotal:         482068 kB
LowFree:            6780 kB
SwapTotal:             0 kB
SwapFree:              0 kB
Dirty:                52 kB
Writeback:             0 kB
AnonPages:        350108 kB
Mapped:            52272 kB
Shmem:              3328 kB
Slab:              17328 kB
SReclaimable:       4752 kB
SUnreclaim:        12576 kB
KernelStack:        5320 kB
PageTables:         6440 kB
NFS_Unstable:          0 kB
Bounce:                0 kB
WritebackTmp:          0 kB
CommitLimit:      241032 kB
Committed_AS:    3670972 kB
VmallocTotal:     507904 kB
VmallocUsed:      112628 kB
VmallocChunk:     112576 kB
1557575413.000000
MemTotal:         482068 kB
MemFree:            3584 kB
Buffers:             272 kB
Cached:            50032 kB
SwapCached:            0 kB
Active:           372520 kB
Inactive:          27752 kB
Active(anon):     351400 kB
Inactive(anon):     3164 kB
Active(file):      21120 kB
Inactive(file):    24588 kB
Unevictable:        1948 kB
Mlocked:            3808 kB
HighTotal:             0 kB
HighFree:              0 kB
LowTotal:         482068 kB
LowFree:            3584 kB
SwapTotal:             0 kB
SwapFree:              0 kB
Dirty:                52 kB
Writeback:             0 kB
AnonPages:        352008 kB
Mapped:            52500 kB
Shmem:              3328 kB
Slab:              17328 kB
SReclaimable:       4752 kB
SUnreclaim:        12576 kB
KernelStack:        5320 kB
PageTables:         6592 kB
NFS_Unstable:          0 kB
Bounce:                0 kB
WritebackTmp:          0 kB
CommitLimit:      241032 kB
Committed_AS:    3777448 kB
VmallocTotal:     507904 kB
VmallocUsed:      114672 kB
VmallocChunk:     112576 kB
1557575414.000000
MemTotal:         482068 kB
MemFree:            4204 kB
Buffers:             292 kB
Cached:            47696 kB
SwapCached:            0 kB
Active:           374680 kB
Inactive:          24632 kB
Active(anon):     352836 kB
Inactive(anon):     3164 kB
Active(file):      21844 kB
Inactive(file):    21468 kB
Unevictable:        1948 kB
Mlocked:            3808 kB
HighTotal:             0 kB
HighFree:              0 kB
LowTotal:         482068 kB
LowFree:            4204 kB
SwapTotal:             0 kB
SwapFree:              0 kB
Dirty:                16 kB
Writeback:             0 kB
AnonPages:        353448 kB
Mapped:            52320 kB
Shmem:              3328 kB
Slab:              17316 kB
SReclaimable:       4752 kB
SUnreclaim:        12564 kB
KernelStack:        5392 kB
PageTables:         6616 kB
NFS_Unstable:          0 kB
Bounce:                0 kB
WritebackTmp:          0 kB
CommitLimit:      241032 kB
Committed_AS:    3784440 kB
VmallocTotal:     507904 kB
VmallocUsed:      114672 kB
VmallocChunk:     112576 kB
1557575415.000000
MemTotal:         482068 kB
MemFree:            3848 kB
Buffers:             292 kB
Cached:            48060 kB
SwapCached:            0 kB
Active:           374896 kB
Inactive:          25008 kB
Active(anon):     353040 kB
Inactive(anon):     3164 kB
Active(file):      21856 kB
Inactive(file):    21844 kB
Unevictable:        1948 kB
Mlocked:            3808 kB
HighTotal:             0 kB
HighFree:              0 kB
LowTotal:         482068 kB
LowFree:            3848 kB
SwapTotal:             0 kB
SwapFree:              0 kB
Dirty:                16 kB
Writeback:             0 kB
AnonPages:        353580 kB
Mapped:            52344 kB
Shmem:              3328 kB
Slab:              17320 kB
SReclaimable:       4752 kB
SUnreclaim:        12568 kB
KernelStack:        5384 kB
PageTables:         6636 kB
NFS_Unstable:          0 kB
Bounce:                0 kB
WritebackTmp:          0 kB
CommitLimit:      241032 kB
Committed_AS:    3784520 kB
VmallocTotal:     507904 kB
VmallocUsed:      114680 kB
VmallocChunk:     112576 kB
1557575416.000000
MemTotal:         482068 kB
MemFree:            4784 kB
Buffers:             292 kB
Cached:            46400 kB
SwapCached:            0 kB
Active:           374804 kB
Inactive:          23888 kB
Active(anon):     353444 kB
Inactive(anon):     3164 kB
Active(file):      21360 kB
Inactive(file):    20724 kB
Unevictable:        1948 kB
Mlocked:            3808 kB
HighTotal:             0 kB
HighFree:              0 kB
LowTotal:         482068 kB
LowFree:            4784 kB
SwapTotal:             0 kB
SwapFree:              0 kB
Dirty:                16 kB
Writeback:             0 kB
AnonPages:        353900 kB
Mapped:            52108 kB
Shmem:              3328 kB
Slab:              17348 kB
SReclaimable:       4752 kB
SUnreclaim:        12596 kB
KernelStack:        5392 kB
PageTables:         6648 kB
NFS_Unstable:          0 kB
Bounce:                0 kB
WritebackTmp:          0 kB
CommitLimit:      241032 kB
Committed_AS:    3784680 kB
VmallocTotal:     507904 kB
VmallocUsed:      114672 kB
VmallocChunk:     112576 kB
1557575416.000000
MemTotal:         482068 kB
MemFree:            5212 kB
Buffers:             292 kB
Cached:            46400 kB
SwapCached:            0 kB
Active:           374368 kB
Inactive:          23884 kB
Active(anon):     353008 kB
Inactive(anon):     3160 kB
Active(file):      21360 kB
Inactive(file):    20724 kB
Unevictable:        1948 kB
Mlocked:            3808 kB
HighTotal:             0 kB
HighFree:              0 kB
LowTotal:         482068 kB
LowFree:            5212 kB
SwapTotal:             0 kB
SwapFree:              0 kB
Dirty:                 0 kB
Writeback:            16 kB
AnonPages:        353572 kB
Mapped:            52012 kB
Shmem:              3328 kB
Slab:              17344 kB
SReclaimable:       4752 kB
SUnreclaim:        12592 kB
KernelStack:        5336 kB
PageTables:         6676 kB
NFS_Unstable:          0 kB
Bounce:                0 kB
WritebackTmp:          0 kB
CommitLimit:      241032 kB
Committed_AS:    3784708 kB
VmallocTotal:     507904 kB
VmallocUsed:      114672 kB
VmallocChunk:     112576 kB
1557575417.000000
MemTotal:         482068 kB
MemFree:            4220 kB
Buffers:             292 kB
Cached:            47380 kB
SwapCached:            0 kB
Active:           374492 kB
Inactive:          24760 kB
Active(anon):     353080 kB
Inactive(anon):     3160 kB
Active(file):      21412 kB
Inactive(file):    21600 kB
Unevictable:        1948 kB
Mlocked:            3808 kB
HighTotal:             0 kB
HighFree:              0 kB
LowTotal:         482068 kB
LowFree:            4220 kB
SwapTotal:             0 kB
SwapFree:              0 kB
Dirty:                 0 kB
Writeback:             0 kB
AnonPages:        353604 kB
Mapped:            52324 kB
Shmem:              3328 kB
Slab:              17332 kB
SReclaimable:       4752 kB
SUnreclaim:        12580 kB
KernelStack:        5392 kB
PageTables:         6712 kB
NFS_Unstable:          0 kB
Bounce:                0 kB
WritebackTmp:          0 kB
CommitLimit:      241032 kB
Committed_AS:    3784732 kB
VmallocTotal:     507904 kB
VmallocUsed:      114672 kB
VmallocChunk:     112576 kB
1557575418.000000
MemTotal:         482068 kB
MemFree:            3732 kB
Buffers:             292 kB
Cached:            47924 kB
SwapCached:            0 kB
Active:           374612 kB
Inactive:          25332 kB
Active(anon):     353164 kB
Inactive(anon):     3160 kB
Active(file):      21448 kB
Inactive(file):    22172 kB
Unevictable:        1948 kB
Mlocked:            3808 kB
HighTotal:             0 kB
HighFree:              0 kB
LowTotal:         482068 kB
LowFree:            3732 kB
SwapTotal:             0 kB
SwapFree:              0 kB
Dirty:                 0 kB
Writeback:             0 kB
AnonPages:        353788 kB
Mapped:            52320 kB
Shmem:              3328 kB
Slab:              17332 kB
SReclaimable:       4752 kB
SUnreclaim:        12580 kB
KernelStack:        5384 kB
PageTables:         6636 kB
NFS_Unstable:          0 kB
Bounce:                0 kB
WritebackTmp:          0 kB
CommitLimit:      241032 kB
Committed_AS:    3784792 kB
VmallocTotal:     507904 kB
VmallocUsed:      114672 kB
VmallocChunk:     112576 kB
1557575419.000000
MemTotal:         482068 kB
MemFree:            3840 kB
Buffers:             300 kB
Cached:            47928 kB
SwapCached:            0 kB
Active:           374384 kB
Inactive:          25356 kB
Active(anon):     352936 kB
Inactive(anon):     3160 kB
Active(file):      21448 kB
Inactive(file):    22196 kB
Unevictable:        1948 kB
Mlocked:            3808 kB
HighTotal:             0 kB
HighFree:              0 kB
LowTotal:         482068 kB
LowFree:            3840 kB
SwapTotal:             0 kB
SwapFree:              0 kB
Dirty:                 4 kB
Writeback:             0 kB
AnonPages:        353476 kB
Mapped:            52284 kB
Shmem:              3328 kB
Slab:              17388 kB
SReclaimable:       4752 kB
SUnreclaim:        12636 kB
KernelStack:        5392 kB
PageTables:         6636 kB
NFS_Unstable:          0 kB
Bounce:                0 kB
WritebackTmp:          0 kB
CommitLimit:      241032 kB
Committed_AS:    3784840 kB
VmallocTotal:     507904 kB
VmallocUsed:      114672 kB
VmallocChunk:     112576 kB
1557575419.000000
MemTotal:         482068 kB
MemFree:            5616 kB
Buffers:             300 kB
Cached:            48012 kB
SwapCached:            0 kB
Active:           372836 kB
Inactive:          25416 kB
Active(anon):     351388 kB
Inactive(anon):     3160 kB
Active(file):      21448 kB
Inactive(file):    22256 kB
Unevictable:        1948 kB
Mlocked:            3808 kB
HighTotal:             0 kB
HighFree:              0 kB
LowTotal:         482068 kB
LowFree:            5616 kB
SwapTotal:             0 kB
SwapFree:              0 kB
Dirty:                 4 kB
Writeback:             0 kB
AnonPages:        351856 kB
Mapped:            52308 kB
Shmem:              3328 kB
Slab:              17356 kB
SReclaimable:       4752 kB
SUnreclaim:        12604 kB
KernelStack:        5336 kB
PageTables:         6648 kB
NFS_Unstable:          0 kB
Bounce:                0 kB
WritebackTmp:          0 kB
CommitLimit:      241032 kB
Committed_AS:    3784812 kB
VmallocTotal:     507904 kB
VmallocUsed:      114672 kB
VmallocChunk:     112576 kB
1557575420.000000
MemTotal:         482068 kB
MemFree:            4856 kB
Buffers:             300 kB
Cached:            48172 kB
SwapCached:            0 kB
Active:           373100 kB
Inactive:          25656 kB
Active(anon):     351652 kB
Inactive(anon):     3160 kB
Active(file):      21448 kB
Inactive(file):    22496 kB
Unevictable:        1948 kB
Mlocked:            3808 kB
HighTotal:             0 kB
HighFree:              0 kB
LowTotal:         482068 kB
LowFree:            4856 kB
SwapTotal:             0 kB
SwapFree:              0 kB
Dirty:                 4 kB
Writeback:             0 kB
AnonPages:        352236 kB
Mapped:            52364 kB
Shmem:              3328 kB
Slab:              17364 kB
SReclaimable:       4752 kB
SUnreclaim:        12612 kB
KernelStack:        5392 kB
PageTables:         6712 kB
NFS_Unstable:          0 kB
Bounce:                0 kB
WritebackTmp:          0 kB
CommitLimit:      241032 kB
Committed_AS:    3784940 kB
VmallocTotal:     507904 kB
VmallocUsed:      114672 kB
VmallocChunk:     112576 kB
1557575421.000000
MemTotal:         482068 kB
MemFree:            4204 kB
Buffers:             304 kB
Cached:            48892 kB
SwapCached:            0 kB
Active:           373160 kB
Inactive:          26252 kB
Active(anon):     351712 kB
Inactive(anon):     3160 kB
Active(file):      21448 kB
Inactive(file):    23092 kB
Unevictable:        1948 kB
Mlocked:            3808 kB
HighTotal:             0 kB
HighFree:              0 kB
LowTotal:         482068 kB
LowFree:            4204 kB
SwapTotal:             0 kB
SwapFree:              0 kB
Dirty:                 4 kB
Writeback:             0 kB
AnonPages:        352312 kB
Mapped:            52392 kB
Shmem:              3328 kB
Slab:              17356 kB
SReclaimable:       4752 kB
SUnreclaim:        12604 kB
KernelStack:        5384 kB
PageTables:         6712 kB
NFS_Unstable:          0 kB
Bounce:                0 kB
WritebackTmp:          0 kB
CommitLimit:      241032 kB
Committed_AS:    3784880 kB
VmallocTotal:     507904 kB
VmallocUsed:      114672 kB
VmallocChunk:     112576 kB
1557575422.000000
MemTotal:         482068 kB
MemFree:            3716 kB
Buffers:             304 kB
Cached:            48904 kB
SwapCached:            0 kB
Active:           373396 kB
Inactive:          26336 kB
Active(anon):     351948 kB
Inactive(anon):     3160 kB
Active(file):      21448 kB
Inactive(file):    23176 kB
Unevictable:        1948 kB
Mlocked:            3808 kB
HighTotal:             0 kB
HighFree:              0 kB
LowTotal:         482068 kB
LowFree:            3716 kB
SwapTotal:             0 kB
SwapFree:              0 kB
Dirty:                 4 kB
Writeback:             0 kB
AnonPages:        352504 kB
Mapped:            52424 kB
Shmem:              3328 kB
Slab:              17392 kB
SReclaimable:       4752 kB
SUnreclaim:        12640 kB
KernelStack:        5384 kB
PageTables:         6636 kB
NFS_Unstable:          0 kB
Bounce:                0 kB
WritebackTmp:          0 kB
CommitLimit:      241032 kB
Committed_AS:    3785056 kB
VmallocTotal:     507904 kB
VmallocUsed:      114672 kB
VmallocChunk:     112576 kB
1557575422.000000
MemTotal:         482068 kB
MemFree:            4104 kB
Buffers:             304 kB
Cached:            48184 kB
SwapCached:            0 kB
Active:           373860 kB
Inactive:          25464 kB
Active(anon):     352256 kB
Inactive(anon):     3160 kB
Active(file):      21604 kB
Inactive(file):    22304 kB
Unevictable:        1948 kB
Mlocked:            3808 kB
HighTotal:             0 kB
HighFree:              0 kB
LowTotal:         482068 kB
LowFree:            4104 kB
SwapTotal:             0 kB
SwapFree:              0 kB
Dirty:                 0 kB
Writeback:             0 kB
AnonPages:        352816 kB
Mapped:            52328 kB
Shmem:              3328 kB
Slab:              17424 kB
SReclaimable:       4752 kB
SUnreclaim:        12672 kB
KernelStack:        5376 kB
PageTables:         6648 kB
NFS_Unstable:          0 kB
Bounce:                0 kB
WritebackTmp:          0 kB
CommitLimit:      241032 kB
Committed_AS:    3785124 kB
VmallocTotal:     507904 kB
VmallocUsed:      114672 kB
VmallocChunk:     112576 kB
1557575423.000000
MemTotal:         482068 kB
MemFree:            4856 kB
Buffers:             304 kB
Cached:            47196 kB
SwapCached:            0 kB
Active:           373680 kB
Inactive:          24584 kB
Active(anon):     352256 kB
Inactive(anon):     3160 kB
Active(file):      21424 kB
Inactive(file):    21424 kB
Unevictable:        1948 kB
Mlocked:            3808 kB
HighTotal:             0 kB
HighFree:              0 kB
LowTotal:         482068 kB
LowFree:            4856 kB
SwapTotal:             0 kB
SwapFree:              0 kB
Dirty:                 0 kB
Writeback:             0 kB
AnonPages:        352816 kB
Mapped:            51872 kB
Shmem:              3328 kB
Slab:              17424 kB
SReclaimable:       4752 kB
SUnreclaim:        12672 kB
KernelStack:        5376 kB
PageTables:         6648 kB
NFS_Unstable:          0 kB
Bounce:                0 kB
WritebackTmp:          0 kB
CommitLimit:      241032 kB
Committed_AS:    3785224 kB
VmallocTotal:     507904 kB
VmallocUsed:      114680 kB
VmallocChunk:     112576 kB
1557575424.000000
MemTotal:         482068 kB
MemFree:            4996 kB
Buffers:             304 kB
Cached:            47132 kB
SwapCached:            0 kB
Active:           373772 kB
Inactive:          24568 kB
Active(anon):     352328 kB
Inactive(anon):     3160 kB
Active(file):      21444 kB
Inactive(file):    21408 kB
Unevictable:        1948 kB
Mlocked:            3808 kB
HighTotal:             0 kB
HighFree:              0 kB
LowTotal:         482068 kB
LowFree:            4996 kB
SwapTotal:             0 kB
SwapFree:              0 kB
Dirty:                 0 kB
Writeback:             0 kB
AnonPages:        352848 kB
Mapped:            51996 kB
Shmem:              3328 kB
Slab:              17448 kB
SReclaimable:       4752 kB
SUnreclaim:        12696 kB
KernelStack:        5368 kB
PageTables:         6712 kB
NFS_Unstable:          0 kB
Bounce:                0 kB
WritebackTmp:          0 kB
CommitLimit:      241032 kB
Committed_AS:    3785256 kB
VmallocTotal:     507904 kB
VmallocUsed:      114672 kB
VmallocChunk:     112576 kB
1557575425.000000
MemTotal:         482068 kB
MemFree:            4972 kB
Buffers:             304 kB
Cached:            47132 kB
SwapCached:            0 kB
Active:           373888 kB
Inactive:          24568 kB
Active(anon):     352444 kB
Inactive(anon):     3160 kB
Active(file):      21444 kB
Inactive(file):    21408 kB
Unevictable:        1948 kB
Mlocked:            3808 kB
HighTotal:             0 kB
HighFree:              0 kB
LowTotal:         482068 kB
LowFree:            4972 kB
SwapTotal:             0 kB
SwapFree:              0 kB
Dirty:                 0 kB
Writeback:             0 kB
AnonPages:        352972 kB
Mapped:            51996 kB
Shmem:              3328 kB
Slab:              17412 kB
SReclaimable:       4752 kB
SUnreclaim:        12660 kB
KernelStack:        5368 kB
PageTables:         6712 kB
NFS_Unstable:          0 kB
Bounce:                0 kB
WritebackTmp:          0 kB
CommitLimit:      241032 kB
Committed_AS:    3785304 kB
VmallocTotal:     507904 kB
VmallocUsed:      114672 kB
VmallocChunk:     112576 kB
1557575426.000000
MemTotal:         482068 kB
MemFree:            5120 kB
Buffers:             304 kB
Cached:            47132 kB
SwapCached:            0 kB
Active:           373884 kB
Inactive:          24568 kB
Active(anon):     352440 kB
Inactive(anon):     3160 kB
Active(file):      21444 kB
Inactive(file):    21408 kB
Unevictable:        1948 kB
Mlocked:            3808 kB
HighTotal:             0 kB
HighFree:              0 kB
LowTotal:         482068 kB
LowFree:            5120 kB
SwapTotal:             0 kB
SwapFree:              0 kB
Dirty:                 0 kB
Writeback:             0 kB
AnonPages:        352968 kB
Mapped:            51944 kB
Shmem:              3328 kB
Slab:              17420 kB
SReclaimable:       4752 kB
SUnreclaim:        12668 kB
KernelStack:        5376 kB
PageTables:         6648 kB
NFS_Unstable:          0 kB
Bounce:                0 kB
WritebackTmp:          0 kB
CommitLimit:      241032 kB
Committed_AS:    3785336 kB
VmallocTotal:     507904 kB
VmallocUsed:      114672 kB
VmallocChunk:     112576 kB
1557575426.000000
MemTotal:         482068 kB
MemFree:            4608 kB
Buffers:             304 kB
Cached:            47132 kB
SwapCached:            0 kB
Active:           374248 kB
Inactive:          24568 kB
Active(anon):     352804 kB
Inactive(anon):     3160 kB
Active(file):      21444 kB
Inactive(file):    21408 kB
Unevictable:        1948 kB
Mlocked:            3808 kB
HighTotal:             0 kB
HighFree:              0 kB
LowTotal:         482068 kB
LowFree:            4608 kB
SwapTotal:             0 kB
SwapFree:              0 kB
Dirty:                 0 kB
Writeback:             0 kB
AnonPages:        353348 kB
Mapped:            51944 kB
Shmem:              3328 kB
Slab:              17420 kB
SReclaimable:       4752 kB
SUnreclaim:        12668 kB
KernelStack:        5376 kB
PageTables:         6648 kB
NFS_Unstable:          0 kB
Bounce:                0 kB
WritebackTmp:          0 kB
CommitLimit:      241032 kB
Committed_AS:    3785240 kB
VmallocTotal:     507904 kB
VmallocUsed:      114672 kB
VmallocChunk:     112576 kB
1557575427.000000
MemTotal:         482068 kB
MemFree:            4360 kB
Buffers:             304 kB
Cached:            47272 kB
SwapCached:            0 kB
Active:           374444 kB
Inactive:          24796 kB
Active(anon):     353144 kB
Inactive(anon):     3160 kB
Active(file):      21300 kB
Inactive(file):    21636 kB
Unevictable:        1948 kB
Mlocked:            3808 kB
HighTotal:             0 kB
HighFree:              0 kB
LowTotal:         482068 kB
LowFree:            4360 kB
SwapTotal:             0 kB
SwapFree:              0 kB
Dirty:                 0 kB
Writeback:             0 kB
AnonPages:        353708 kB
Mapped:            51984 kB
Shmem:              3328 kB
Slab:              17420 kB
SReclaimable:       4752 kB
SUnreclaim:        12668 kB
KernelStack:        5376 kB
PageTables:         6636 kB
NFS_Unstable:          0 kB
Bounce:                0 kB
WritebackTmp:          0 kB
CommitLimit:      241032 kB
Committed_AS:    3785392 kB
VmallocTotal:     507904 kB
VmallocUsed:      114672 kB
VmallocChunk:     112576 kB
1557575428.000000
MemTotal:         482068 kB
MemFree:            4220 kB
Buffers:             460 kB
Cached:            46724 kB
SwapCached:            0 kB
Active:           374444 kB
Inactive:          24520 kB
Active(anon):     353172 kB
Inactive(anon):     3160 kB
Active(file):      21272 kB
Inactive(file):    21360 kB
Unevictable:        1948 kB
Mlocked:            3808 kB
HighTotal:             0 kB
HighFree:              0 kB
LowTotal:         482068 kB
LowFree:            4220 kB
SwapTotal:             0 kB
SwapFree:              0 kB
Dirty:                32 kB
Writeback:             0 kB
AnonPages:        353644 kB
Mapped:            51772 kB
Shmem:              3328 kB
Slab:              17412 kB
SReclaimable:       4752 kB
SUnreclaim:        12660 kB
KernelStack:        5368 kB
PageTables:         6636 kB
NFS_Unstable:          0 kB
Bounce:                0 kB
WritebackTmp:          0 kB
CommitLimit:      241032 kB
Committed_AS:    3785392 kB
VmallocTotal:     507904 kB
VmallocUsed:      114680 kB
VmallocChunk:     112576 kB
1557575429.000000
MemTotal:         482068 kB
MemFree:            4608 kB
Buffers:             460 kB
Cached:            46700 kB
SwapCached:            0 kB
Active:           374380 kB
Inactive:          24520 kB
Active(anon):     353164 kB
Inactive(anon):     3160 kB
Active(file):      21216 kB
Inactive(file):    21360 kB
Unevictable:        1948 kB
Mlocked:            3808 kB
HighTotal:             0 kB
HighFree:              0 kB
LowTotal:         482068 kB
LowFree:            4608 kB
SwapTotal:             0 kB
SwapFree:              0 kB
Dirty:                32 kB
Writeback:             0 kB
AnonPages:        353640 kB
Mapped:            51776 kB
Shmem:              3328 kB
Slab:              17420 kB
SReclaimable:       4752 kB
SUnreclaim:        12668 kB
KernelStack:        5368 kB
PageTables:         6648 kB
NFS_Unstable:          0 kB
Bounce:                0 kB
WritebackTmp:          0 kB
CommitLimit:      241032 kB
Committed_AS:    3785392 kB
VmallocTotal:     507904 kB
VmallocUsed:      114672 kB
VmallocChunk:     112576 kB
1557575429.000000
MemTotal:         482068 kB
MemFree:            4508 kB
Buffers:             460 kB
Cached:            46700 kB
SwapCached:            0 kB
Active:           374328 kB
Inactive:          24520 kB
Active(anon):     353112 kB
Inactive(anon):     3160 kB
Active(file):      21216 kB
Inactive(file):    21360 kB
Unevictable:        1948 kB
Mlocked:            3808 kB
HighTotal:             0 kB
HighFree:              0 kB
LowTotal:         482068 kB
LowFree:            4508 kB
SwapTotal:             0 kB
SwapFree:              0 kB
Dirty:                32 kB
Writeback:             0 kB
AnonPages:        353716 kB
Mapped:            51776 kB
Shmem:              3328 kB
Slab:              17420 kB
SReclaimable:       4752 kB
SUnreclaim:        12668 kB
KernelStack:        5368 kB
PageTables:         6648 kB
NFS_Unstable:          0 kB
Bounce:                0 kB
WritebackTmp:          0 kB
CommitLimit:      241032 kB
Committed_AS:    3785392 kB
VmallocTotal:     507904 kB
VmallocUsed:      114672 kB
VmallocChunk:     112576 kB
1557575430.000000
MemTotal:         482068 kB
MemFree:            3988 kB
Buffers:             448 kB
Cached:            47320 kB
SwapCached:            0 kB
Active:           374728 kB
Inactive:          24976 kB
Active(anon):     353408 kB
Inactive(anon):     3160 kB
Active(file):      21320 kB
Inactive(file):    21816 kB
Unevictable:        1948 kB
Mlocked:            3808 kB
HighTotal:             0 kB
HighFree:              0 kB
LowTotal:         482068 kB
LowFree:            3988 kB
SwapTotal:             0 kB
SwapFree:              0 kB
Dirty:                32 kB
Writeback:             0 kB
AnonPages:        353940 kB
Mapped:            52288 kB
Shmem:              3328 kB
Slab:              17424 kB
SReclaimable:       4752 kB
SUnreclaim:        12672 kB
KernelStack:        5368 kB
PageTables:         6644 kB
NFS_Unstable:          0 kB
Bounce:                0 kB
WritebackTmp:          0 kB
CommitLimit:      241032 kB
Committed_AS:    3785280 kB
VmallocTotal:     507904 kB
VmallocUsed:      114672 kB
VmallocChunk:     112576 kB
1557575431.000000
MemTotal:         482068 kB
MemFree:            4508 kB
Buffers:             448 kB
Cached:            46536 kB
SwapCached:            0 kB
Active:           374312 kB
Inactive:          24344 kB
Active(anon):     353096 kB
Inactive(anon):     3160 kB
Active(file):      21216 kB
Inactive(file):    21184 kB
Unevictable:        1948 kB
Mlocked:            3808 kB
HighTotal:             0 kB
HighFree:              0 kB
LowTotal:         482068 kB
LowFree:            4508 kB
SwapTotal:             0 kB
SwapFree:              0 kB
Dirty:                 0 kB
Writeback:             0 kB
AnonPages:        353628 kB
Mapped:            52272 kB
Shmem:              3328 kB
Slab:              17388 kB
SReclaimable:       4752 kB
SUnreclaim:        12636 kB
KernelStack:        5360 kB
PageTables:         6636 kB
NFS_Unstable:          0 kB
Bounce:                0 kB
WritebackTmp:          0 kB
CommitLimit:      241032 kB
Committed_AS:    3785404 kB
VmallocTotal:     507904 kB
VmallocUsed:      114672 kB
VmallocChunk:     112576 kB
1557575432.000000
MemTotal:         482068 kB
MemFree:            4072 kB
Buffers:             448 kB
Cached:            46712 kB
SwapCached:            0 kB
Active:           374796 kB
Inactive:          24520 kB
Active(anon):     353580 kB
Inactive(anon):     3160 kB
Active(file):      21216 kB
Inactive(file):    21360 kB
Unevictable:        1948 kB
Mlocked:            3808 kB
HighTotal:             0 kB
HighFree:              0 kB
LowTotal:         482068 kB
LowFree:            4072 kB
SwapTotal:             0 kB
SwapFree:              0 kB
Dirty:                 0 kB
Writeback:             0 kB
AnonPages:        354080 kB
Mapped:            52232 kB
Shmem:              3328 kB
Slab:              17400 kB
SReclaimable:       4752 kB
SUnreclaim:        12648 kB
KernelStack:        5368 kB
PageTables:         6636 kB
NFS_Unstable:          0 kB
Bounce:                0 kB
WritebackTmp:          0 kB
CommitLimit:      241032 kB
Committed_AS:    3785408 kB
VmallocTotal:     507904 kB
VmallocUsed:      114672 kB
VmallocChunk:     112576 kB
1557575432.000000
MemTotal:         482068 kB
MemFree:            3764 kB
Buffers:             448 kB
Cached:            46940 kB
SwapCached:            0 kB
Active:           374848 kB
Inactive:          24780 kB
Active(anon):     353632 kB
Inactive(anon):     3160 kB
Active(file):      21216 kB
Inactive(file):    21620 kB
Unevictable:        1948 kB
Mlocked:            3808 kB
HighTotal:             0 kB
HighFree:              0 kB
LowTotal:         482068 kB
LowFree:            3764 kB
SwapTotal:             0 kB
SwapFree:              0 kB
Dirty:                 0 kB
Writeback:             0 kB
AnonPages:        354156 kB
Mapped:            52308 kB
Shmem:              3328 kB
Slab:              17400 kB
SReclaimable:       4752 kB
SUnreclaim:        12648 kB
KernelStack:        5368 kB
PageTables:         6636 kB
NFS_Unstable:          0 kB
Bounce:                0 kB
WritebackTmp:          0 kB
CommitLimit:      241032 kB
Committed_AS:    3785408 kB
VmallocTotal:     507904 kB
VmallocUsed:      114672 kB
VmallocChunk:     112576 kB
1557575433.000000
MemTotal:         482068 kB
MemFree:            4312 kB
Buffers:             328 kB
Cached:            46272 kB
SwapCached:            0 kB
Active:           374632 kB
Inactive:          24160 kB
Active(anon):     353660 kB
Inactive(anon):     3160 kB
Active(file):      20972 kB
Inactive(file):    21000 kB
Unevictable:        1948 kB
Mlocked:            3808 kB
HighTotal:             0 kB
HighFree:              0 kB
LowTotal:         482068 kB
LowFree:            4312 kB
SwapTotal:             0 kB
SwapFree:              0 kB
Dirty:                 0 kB
Writeback:             0 kB
AnonPages:        354180 kB
Mapped:            52200 kB
Shmem:              3328 kB
Slab:              17412 kB
SReclaimable:       4752 kB
SUnreclaim:        12660 kB
KernelStack:        5368 kB
PageTables:         6712 kB
NFS_Unstable:          0 kB
Bounce:                0 kB
WritebackTmp:          0 kB
CommitLimit:      241032 kB
Committed_AS:    3785408 kB
VmallocTotal:     507904 kB
VmallocUsed:      114672 kB
VmallocChunk:     112576 kB
1557575434.000000
MemTotal:         482068 kB
MemFree:            4460 kB
Buffers:             328 kB
Cached:            46260 kB
SwapCached:            0 kB
Active:           374644 kB
Inactive:          24184 kB
Active(anon):     353664 kB
Inactive(anon):     3160 kB
Active(file):      20980 kB
Inactive(file):    21024 kB
Unevictable:        1948 kB
Mlocked:            3808 kB
HighTotal:             0 kB
HighFree:              0 kB
LowTotal:         482068 kB
LowFree:            4460 kB
SwapTotal:             0 kB
SwapFree:              0 kB
Dirty:                28 kB
Writeback:             0 kB
AnonPages:        354172 kB
Mapped:            52192 kB
Shmem:              3328 kB
Slab:              17432 kB
SReclaimable:       4752 kB
SUnreclaim:        12680 kB
KernelStack:        5360 kB
PageTables:         6712 kB
NFS_Unstable:          0 kB
Bounce:                0 kB
WritebackTmp:          0 kB
CommitLimit:      241032 kB
Committed_AS:    3785408 kB
VmallocTotal:     507904 kB
VmallocUsed:      114672 kB
VmallocChunk:     112576 kB
1557575435.000000
MemTotal:         482068 kB
MemFree:            4460 kB
Buffers:             328 kB
Cached:            46488 kB
SwapCached:            0 kB
Active:           374628 kB
Inactive:          24392 kB
Active(anon):     353648 kB
Inactive(anon):     3160 kB
Active(file):      20980 kB
Inactive(file):    21232 kB
Unevictable:        1948 kB
Mlocked:            3808 kB
HighTotal:             0 kB
HighFree:              0 kB
LowTotal:         482068 kB
LowFree:            4460 kB
SwapTotal:             0 kB
SwapFree:              0 kB
Dirty:                28 kB
Writeback:             0 kB
AnonPages:        354204 kB
Mapped:            52192 kB
Shmem:              3328 kB
Slab:              17436 kB
SReclaimable:       4752 kB
SUnreclaim:        12684 kB
KernelStack:        5360 kB
PageTables:         6712 kB
NFS_Unstable:          0 kB
Bounce:                0 kB
WritebackTmp:          0 kB
CommitLimit:      241032 kB
Committed_AS:    3785320 kB
VmallocTotal:     507904 kB
VmallocUsed:      114672 kB
VmallocChunk:     112576 kB
1557575435.000000
MemTotal:         482068 kB
MemFree:            3896 kB
Buffers:             328 kB
Cached:            46708 kB
SwapCached:            0 kB
Active:           374996 kB
Inactive:          24632 kB
Active(anon):     354016 kB
Inactive(anon):     3160 kB
Active(file):      20980 kB
Inactive(file):    21472 kB
Unevictable:        1948 kB
Mlocked:            3808 kB
HighTotal:             0 kB
HighFree:              0 kB
LowTotal:         482068 kB
LowFree:            3896 kB
SwapTotal:             0 kB
SwapFree:              0 kB
Dirty:                28 kB
Writeback:             0 kB
AnonPages:        354568 kB
Mapped:            52264 kB
Shmem:              3328 kB
Slab:              17432 kB
SReclaimable:       4752 kB
SUnreclaim:        12680 kB
KernelStack:        5360 kB
PageTables:         6636 kB
NFS_Unstable:          0 kB
Bounce:                0 kB
WritebackTmp:          0 kB
CommitLimit:      241032 kB
Committed_AS:    3785412 kB
VmallocTotal:     507904 kB
VmallocUsed:      114672 kB
VmallocChunk:     112576 kB
1557575436.000000
MemTotal:         482068 kB
MemFree:            3880 kB
Buffers:             328 kB
Cached:            46708 kB
SwapCached:            0 kB
Active:           374684 kB
Inactive:          24632 kB
Active(anon):     353704 kB
Inactive(anon):     3160 kB
Active(file):      20980 kB
Inactive(file):    21472 kB
Unevictable:        1948 kB
Mlocked:            3808 kB
HighTotal:             0 kB
HighFree:              0 kB
LowTotal:         482068 kB
LowFree:            3880 kB
SwapTotal:             0 kB
SwapFree:              0 kB
Dirty:                28 kB
Writeback:             0 kB
AnonPages:        354188 kB
Mapped:            52264 kB
Shmem:              3328 kB
Slab:              17432 kB
SReclaimable:       4752 kB
SUnreclaim:        12680 kB
KernelStack:        5360 kB
PageTables:         6636 kB
NFS_Unstable:          0 kB
Bounce:                0 kB
WritebackTmp:          0 kB
CommitLimit:      241032 kB
Committed_AS:    3785412 kB
VmallocTotal:     507904 kB
VmallocUsed:      114672 kB
VmallocChunk:     112576 kB
1557575437.000000
MemTotal:         482068 kB
MemFree:            3872 kB
Buffers:             328 kB
Cached:            46708 kB
SwapCached:            0 kB
Active:           374740 kB
Inactive:          24632 kB
Active(anon):     353760 kB
Inactive(anon):     3160 kB
Active(file):      20980 kB
Inactive(file):    21472 kB
Unevictable:        1948 kB
Mlocked:            3808 kB
HighTotal:             0 kB
HighFree:              0 kB
LowTotal:         482068 kB
LowFree:            3872 kB
SwapTotal:             0 kB
SwapFree:              0 kB
Dirty:                 0 kB
Writeback:             0 kB
AnonPages:        354316 kB
Mapped:            52340 kB
Shmem:              3328 kB
Slab:              17488 kB
SReclaimable:       4752 kB
SUnreclaim:        12736 kB
KernelStack:        5352 kB
PageTables:         6636 kB
NFS_Unstable:          0 kB
Bounce:                0 kB
WritebackTmp:          0 kB
CommitLimit:      241032 kB
Committed_AS:    3785496 kB
VmallocTotal:     507904 kB
VmallocUsed:      114672 kB
VmallocChunk:     112576 kB
1557575438.000000
MemTotal:         482068 kB
MemFree:            3756 kB
Buffers:             452 kB
Cached:            46792 kB
SwapCached:            0 kB
Active:           374836 kB
Inactive:          24844 kB
Active(anon):     353856 kB
Inactive(anon):     3160 kB
Active(file):      20980 kB
Inactive(file):    21684 kB
Unevictable:        1948 kB
Mlocked:            3808 kB
HighTotal:             0 kB
HighFree:              0 kB
LowTotal:         482068 kB
LowFree:            3756 kB
SwapTotal:             0 kB
SwapFree:              0 kB
Dirty:                 0 kB
Writeback:             0 kB
AnonPages:        354400 kB
Mapped:            52352 kB
Shmem:              3328 kB
Slab:              17440 kB
SReclaimable:       4752 kB
SUnreclaim:        12688 kB
KernelStack:        5352 kB
PageTables:         6712 kB
NFS_Unstable:          0 kB
Bounce:                0 kB
WritebackTmp:          0 kB
CommitLimit:      241032 kB
Committed_AS:    3785412 kB
VmallocTotal:     507904 kB
VmallocUsed:      114672 kB
VmallocChunk:     112576 kB
1557575438.000000
MemTotal:         482068 kB
MemFree:            4292 kB
Buffers:             448 kB
Cached:            46072 kB
SwapCached:            0 kB
Active:           374912 kB
Inactive:          24128 kB
Active(anon):     353944 kB
Inactive(anon):     3160 kB
Active(file):      20968 kB
Inactive(file):    20968 kB
Unevictable:        1948 kB
Mlocked:            3808 kB
HighTotal:             0 kB
HighFree:              0 kB
LowTotal:         482068 kB
LowFree:            4292 kB
SwapTotal:             0 kB
SwapFree:              0 kB
Dirty:                 0 kB
Writeback:             0 kB
AnonPages:        354428 kB
Mapped:            52080 kB
Shmem:              3328 kB
Slab:              17448 kB
SReclaimable:       4752 kB
SUnreclaim:        12696 kB
KernelStack:        5360 kB
PageTables:         6648 kB
NFS_Unstable:          0 kB
Bounce:                0 kB
WritebackTmp:          0 kB
CommitLimit:      241032 kB
Committed_AS:    3785412 kB
VmallocTotal:     507904 kB
VmallocUsed:      114672 kB
VmallocChunk:     112576 kB
1557575439.000000
MemTotal:         482068 kB
MemFree:            3664 kB
Buffers:             448 kB
Cached:            46072 kB
SwapCached:            0 kB
Active:           375588 kB
Inactive:          24128 kB
Active(anon):     354620 kB
Inactive(anon):     3160 kB
Active(file):      20968 kB
Inactive(file):    20968 kB
Unevictable:        1948 kB
Mlocked:            3808 kB
HighTotal:             0 kB
HighFree:              0 kB
LowTotal:         482068 kB
LowFree:            3664 kB
SwapTotal:             0 kB
SwapFree:              0 kB
Dirty:                 0 kB
Writeback:             0 kB
AnonPages:        355188 kB
Mapped:            52156 kB
Shmem:              3328 kB
Slab:              17448 kB
SReclaimable:       4752 kB
SUnreclaim:        12696 kB
KernelStack:        5360 kB
PageTables:         6648 kB
NFS_Unstable:          0 kB
Bounce:                0 kB
WritebackTmp:          0 kB
CommitLimit:      241032 kB
Committed_AS:    3785324 kB
VmallocTotal:     507904 kB
VmallocUsed:      114672 kB
VmallocChunk:     112576 kB
1557575440.000000
MemTotal:         482068 kB
MemFree:            3772 kB
Buffers:             448 kB
Cached:            46072 kB
SwapCached:            0 kB
Active:           375588 kB
Inactive:          24128 kB
Active(anon):     354620 kB
Inactive(anon):     3160 kB
Active(file):      20968 kB
Inactive(file):    20968 kB
Unevictable:        1948 kB
Mlocked:            3808 kB
HighTotal:             0 kB
HighFree:              0 kB
LowTotal:         482068 kB
LowFree:            3772 kB
SwapTotal:             0 kB
SwapFree:              0 kB
Dirty:                 0 kB
Writeback:             0 kB
AnonPages:        355168 kB
Mapped:            52116 kB
Shmem:              3328 kB
Slab:              17468 kB
SReclaimable:       4752 kB
SUnreclaim:        12716 kB
KernelStack:        5368 kB
PageTables:         6660 kB
NFS_Unstable:          0 kB
Bounce:                0 kB
WritebackTmp:          0 kB
CommitLimit:      241032 kB
Committed_AS:    3785408 kB
VmallocTotal:     507904 kB
VmallocUsed:      114672 kB
VmallocChunk:     112576 kB
1557575441.000000
MemTotal:         482068 kB
MemFree:            4500 kB
Buffers:             444 kB
Cached:            45088 kB
SwapCached:            0 kB
Active:           375516 kB
Inactive:          23640 kB
Active(anon):     355072 kB
Inactive(anon):     3160 kB
Active(file):      20444 kB
Inactive(file):    20480 kB
Unevictable:        1948 kB
Mlocked:            3808 kB
HighTotal:             0 kB
HighFree:              0 kB
LowTotal:         482068 kB
LowFree:            4500 kB
SwapTotal:             0 kB
SwapFree:              0 kB
Dirty:                 0 kB
Writeback:             0 kB
AnonPages:        355684 kB
Mapped:            51736 kB
Shmem:              3328 kB
Slab:              17420 kB
SReclaimable:       4752 kB
SUnreclaim:        12668 kB
KernelStack:        5352 kB
PageTables:         6636 kB
NFS_Unstable:          0 kB
Bounce:                0 kB
WritebackTmp:          0 kB
CommitLimit:      241032 kB
Committed_AS:    3786092 kB
VmallocTotal:     507904 kB
VmallocUsed:      114672 kB
VmallocChunk:     112576 kB
1557575442.000000
MemTotal:         482068 kB
MemFree:            4220 kB
Buffers:             444 kB
Cached:            45172 kB
SwapCached:            0 kB
Active:           375556 kB
Inactive:          23684 kB
Active(anon):     355072 kB
Inactive(anon):     3160 kB
Active(file):      20484 kB
Inactive(file):    20524 kB
Unevictable:        1948 kB
Mlocked:            3808 kB
HighTotal:             0 kB
HighFree:              0 kB
LowTotal:         482068 kB
LowFree:            4220 kB
SwapTotal:             0 kB
SwapFree:              0 kB
Dirty:                 0 kB
Writeback:             0 kB
AnonPages:        355552 kB
Mapped:            51776 kB
Shmem:              3328 kB
Slab:              17436 kB
SReclaimable:       4752 kB
SUnreclaim:        12684 kB
KernelStack:        5360 kB
PageTables:         6660 kB
NFS_Unstable:          0 kB
Bounce:                0 kB
WritebackTmp:          0 kB
CommitLimit:      241032 kB
Committed_AS:    3786212 kB
VmallocTotal:     507904 kB
VmallocUsed:      114672 kB
VmallocChunk:     112576 kB
1557575442.000000
MemTotal:         482068 kB
MemFree:            4160 kB
Buffers:             444 kB
Cached:            45172 kB
SwapCached:            0 kB
Active:           375540 kB
Inactive:          23684 kB
Active(anon):     355056 kB
Inactive(anon):     3160 kB
Active(file):      20484 kB
Inactive(file):    20524 kB
Unevictable:        1948 kB
Mlocked:            3808 kB
HighTotal:             0 kB
HighFree:              0 kB
LowTotal:         482068 kB
LowFree:            4160 kB
SwapTotal:             0 kB
SwapFree:              0 kB
Dirty:                 0 kB
Writeback:             0 kB
AnonPages:        355656 kB
Mapped:            51792 kB
Shmem:              3328 kB
Slab:              17420 kB
SReclaimable:       4752 kB
SUnreclaim:        12668 kB
KernelStack:        5320 kB
PageTables:         6636 kB
NFS_Unstable:          0 kB
Bounce:                0 kB
WritebackTmp:          0 kB
CommitLimit:      241032 kB
Committed_AS:    3786212 kB
VmallocTotal:     507904 kB
VmallocUsed:      114672 kB
VmallocChunk:     112576 kB
1557575443.000000
MemTotal:         482068 kB
MemFree:            3600 kB
Buffers:             444 kB
Cached:            45164 kB
SwapCached:            0 kB
Active:           375860 kB
Inactive:          23700 kB
Active(anon):     355376 kB
Inactive(anon):     3160 kB
Active(file):      20484 kB
Inactive(file):    20540 kB
Unevictable:        1948 kB
Mlocked:            3808 kB
HighTotal:             0 kB
HighFree:              0 kB
LowTotal:         482068 kB
LowFree:            3600 kB
SwapTotal:             0 kB
SwapFree:              0 kB
Dirty:                 0 kB
Writeback:             0 kB
AnonPages:        355976 kB
Mapped:            51780 kB
Shmem:              3328 kB
Slab:              17448 kB
SReclaimable:       4752 kB
SUnreclaim:        12696 kB
KernelStack:        5360 kB
PageTables:         6712 kB
NFS_Unstable:          0 kB
Bounce:                0 kB
WritebackTmp:          0 kB
CommitLimit:      241032 kB
Committed_AS:    3786164 kB
VmallocTotal:     507904 kB
VmallocUsed:      114672 kB
VmallocChunk:     112576 kB
1557575444.000000
MemTotal:         482068 kB
MemFree:            4516 kB
Buffers:             444 kB
Cached:            44252 kB
SwapCached:            0 kB
Active:           375832 kB
Inactive:          22968 kB
Active(anon):     355504 kB
Inactive(anon):     3160 kB
Active(file):      20328 kB
Inactive(file):    19808 kB
Unevictable:        1948 kB
Mlocked:            3808 kB
HighTotal:             0 kB
HighFree:              0 kB
LowTotal:         482068 kB
LowFree:            4516 kB
SwapTotal:             0 kB
SwapFree:              0 kB
Dirty:                 0 kB
Writeback:             0 kB
AnonPages:        356052 kB
Mapped:            51552 kB
Shmem:              3328 kB
Slab:              17436 kB
SReclaimable:       4752 kB
SUnreclaim:        12684 kB
KernelStack:        5352 kB
PageTables:         6636 kB
NFS_Unstable:          0 kB
Bounce:                0 kB
WritebackTmp:          0 kB
CommitLimit:      241032 kB
Committed_AS:    3786288 kB
VmallocTotal:     507904 kB
VmallocUsed:      114672 kB
VmallocChunk:     112576 kB
1557575445.000000
MemTotal:         482068 kB
MemFree:            5244 kB
Buffers:             444 kB
Cached:            44236 kB
SwapCached:            0 kB
Active:           375468 kB
Inactive:          22968 kB
Active(anon):     355180 kB
Inactive(anon):     3160 kB
Active(file):      20288 kB
Inactive(file):    19808 kB
Unevictable:        1948 kB
Mlocked:            3808 kB
HighTotal:             0 kB
HighFree:              0 kB
LowTotal:         482068 kB
LowFree:            5244 kB
SwapTotal:             0 kB
SwapFree:              0 kB
Dirty:                 0 kB
Writeback:             0 kB
AnonPages:        355664 kB
Mapped:            51648 kB
Shmem:              3328 kB
Slab:              17444 kB
SReclaimable:       4752 kB
SUnreclaim:        12692 kB
KernelStack:        5352 kB
PageTables:         6636 kB
NFS_Unstable:          0 kB
Bounce:                0 kB
WritebackTmp:          0 kB
CommitLimit:      241032 kB
Committed_AS:    3786308 kB
VmallocTotal:     507904 kB
VmallocUsed:      114672 kB
VmallocChunk:     112576 kB
1557575445.000000
MemTotal:         482068 kB
MemFree:            5120 kB
Buffers:             444 kB
Cached:            44240 kB
SwapCached:            0 kB
Active:           375456 kB
Inactive:          22972 kB
Active(anon):     355168 kB
Inactive(anon):     3164 kB
Active(file):      20288 kB
Inactive(file):    19808 kB
Unevictable:        1948 kB
Mlocked:            3808 kB
HighTotal:             0 kB
HighFree:              0 kB
LowTotal:         482068 kB
LowFree:            5120 kB
SwapTotal:             0 kB
SwapFree:              0 kB
Dirty:                 0 kB
Writeback:             0 kB
AnonPages:        355744 kB
Mapped:            51612 kB
Shmem:              3332 kB
Slab:              17456 kB
SReclaimable:       4752 kB
SUnreclaim:        12704 kB
KernelStack:        5360 kB
PageTables:         6648 kB
NFS_Unstable:          0 kB
Bounce:                0 kB
WritebackTmp:          0 kB
CommitLimit:      241032 kB
Committed_AS:    3786332 kB
VmallocTotal:     507904 kB
VmallocUsed:      114672 kB
VmallocChunk:     112576 kB
1557575446.000000
MemTotal:         482068 kB
MemFree:            4484 kB
Buffers:             444 kB
Cached:            44240 kB
SwapCached:            0 kB
Active:           375924 kB
Inactive:          22972 kB
Active(anon):     355636 kB
Inactive(anon):     3164 kB
Active(file):      20288 kB
Inactive(file):    19808 kB
Unevictable:        1948 kB
Mlocked:            3808 kB
HighTotal:             0 kB
HighFree:              0 kB
LowTotal:         482068 kB
LowFree:            4484 kB
SwapTotal:             0 kB
SwapFree:              0 kB
Dirty:                 0 kB
Writeback:             0 kB
AnonPages:        356124 kB
Mapped:            51612 kB
Shmem:              3332 kB
Slab:              17456 kB
SReclaimable:       4752 kB
SUnreclaim:        12704 kB
KernelStack:        5360 kB
PageTables:         6648 kB
NFS_Unstable:          0 kB
Bounce:                0 kB
WritebackTmp:          0 kB
CommitLimit:      241032 kB
Committed_AS:    3786352 kB
VmallocTotal:     507904 kB
VmallocUsed:      114672 kB
VmallocChunk:     112576 kB
1557575447.000000
MemTotal:         482068 kB
MemFree:            3972 kB
Buffers:             584 kB
Cached:            44404 kB
SwapCached:            0 kB
Active:           376288 kB
Inactive:          23232 kB
Active(anon):     356000 kB
Inactive(anon):     3164 kB
Active(file):      20288 kB
Inactive(file):    20068 kB
Unevictable:        1948 kB
Mlocked:            3808 kB
HighTotal:             0 kB
HighFree:              0 kB
LowTotal:         482068 kB
LowFree:            3972 kB
SwapTotal:             0 kB
SwapFree:              0 kB
Dirty:                 0 kB
Writeback:             0 kB
AnonPages:        356540 kB
Mapped:            51660 kB
Shmem:              3332 kB
Slab:              17484 kB
SReclaimable:       4752 kB
SUnreclaim:        12732 kB
KernelStack:        5352 kB
PageTables:         6712 kB
NFS_Unstable:          0 kB
Bounce:                0 kB
WritebackTmp:          0 kB
CommitLimit:      241032 kB
Committed_AS:    3786384 kB
VmallocTotal:     507904 kB
VmallocUsed:      114672 kB
VmallocChunk:     112576 kB
1557575448.000000
MemTotal:         482068 kB
MemFree:            3748 kB
Buffers:             584 kB
Cached:            44428 kB
SwapCached:            0 kB
Active:           376216 kB
Inactive:          23292 kB
Active(anon):     355920 kB
Inactive(anon):     3164 kB
Active(file):      20296 kB
Inactive(file):    20128 kB
Unevictable:        1948 kB
Mlocked:            3808 kB
HighTotal:             0 kB
HighFree:              0 kB
LowTotal:         482068 kB
LowFree:            3748 kB
SwapTotal:             0 kB
SwapFree:              0 kB
Dirty:                 4 kB
Writeback:             0 kB
AnonPages:        356444 kB
Mapped:            51644 kB
Shmem:              3332 kB
Slab:              17432 kB
SReclaimable:       4752 kB
SUnreclaim:        12680 kB
KernelStack:        5352 kB
PageTables:         6636 kB
NFS_Unstable:          0 kB
Bounce:                0 kB
WritebackTmp:          0 kB
CommitLimit:      241032 kB
Committed_AS:    3786408 kB
VmallocTotal:     507904 kB
VmallocUsed:      114672 kB
VmallocChunk:     112576 kB
1557575448.000000
MemTotal:         482068 kB
MemFree:            4476 kB
Buffers:             584 kB
Cached:            43720 kB
SwapCached:            0 kB
Active:           375924 kB
Inactive:          22880 kB
Active(anon):     355956 kB
Inactive(anon):     3164 kB
Active(file):      19968 kB
Inactive(file):    19716 kB
Unevictable:        1948 kB
Mlocked:            3808 kB
HighTotal:             0 kB
HighFree:              0 kB
LowTotal:         482068 kB
LowFree:            4476 kB
SwapTotal:             0 kB
SwapFree:              0 kB
Dirty:                 4 kB
Writeback:             0 kB
AnonPages:        356500 kB
Mapped:            51168 kB
Shmem:              3332 kB
Slab:              17448 kB
SReclaimable:       4752 kB
SUnreclaim:        12696 kB
KernelStack:        5368 kB
PageTables:         6648 kB
NFS_Unstable:          0 kB
Bounce:                0 kB
WritebackTmp:          0 kB
CommitLimit:      241032 kB
Committed_AS:    3786424 kB
VmallocTotal:     507904 kB
VmallocUsed:      114672 kB
VmallocChunk:     112576 kB
1557575449.000000
MemTotal:         482068 kB
MemFree:            4376 kB
Buffers:             584 kB
Cached:            43720 kB
SwapCached:            0 kB
Active:           376132 kB
Inactive:          22932 kB
Active(anon):     356164 kB
Inactive(anon):     3164 kB
Active(file):      19968 kB
Inactive(file):    19768 kB
Unevictable:        1948 kB
Mlocked:            3808 kB
HighTotal:             0 kB
HighFree:              0 kB
LowTotal:         482068 kB
LowFree:            4376 kB
SwapTotal:             0 kB
SwapFree:              0 kB
Dirty:                 4 kB
Writeback:             0 kB
AnonPages:        356728 kB
Mapped:            51244 kB
Shmem:              3332 kB
Slab:              17448 kB
SReclaimable:       4752 kB
SUnreclaim:        12696 kB
KernelStack:        5368 kB
PageTables:         6648 kB
NFS_Unstable:          0 kB
Bounce:                0 kB
WritebackTmp:          0 kB
CommitLimit:      241032 kB
Committed_AS:    3786452 kB
VmallocTotal:     507904 kB
VmallocUsed:      114672 kB
VmallocChunk:     112576 kB
1557575450.000000
MemTotal:         482068 kB
MemFree:            4236 kB
Buffers:             584 kB
Cached:            43760 kB
SwapCached:            0 kB
Active:           376172 kB
Inactive:          22952 kB
Active(anon):     356204 kB
Inactive(anon):     3164 kB
Active(file):      19968 kB
Inactive(file):    19788 kB
Unevictable:        1948 kB
Mlocked:            3808 kB
HighTotal:             0 kB
HighFree:              0 kB
LowTotal:         482068 kB
LowFree:            4236 kB
SwapTotal:             0 kB
SwapFree:              0 kB
Dirty:                 4 kB
Writeback:             0 kB
AnonPages:        356772 kB
Mapped:            51240 kB
Shmem:              3332 kB
Slab:              17432 kB
SReclaimable:       4752 kB
SUnreclaim:        12680 kB
KernelStack:        5352 kB
PageTables:         6636 kB
NFS_Unstable:          0 kB
Bounce:                0 kB
WritebackTmp:          0 kB
CommitLimit:      241032 kB
Committed_AS:    3786388 kB
VmallocTotal:     507904 kB
VmallocUsed:      114672 kB
VmallocChunk:     112576 kB
1557575451.000000
MemTotal:         482068 kB
MemFree:            4144 kB
Buffers:             584 kB
Cached:            43760 kB
SwapCached:            0 kB
Active:           376220 kB
Inactive:          22952 kB
Active(anon):     356252 kB
Inactive(anon):     3164 kB
Active(file):      19968 kB
Inactive(file):    19788 kB
Unevictable:        1948 kB
Mlocked:            3808 kB
HighTotal:             0 kB
HighFree:              0 kB
LowTotal:         482068 kB
LowFree:            4144 kB
SwapTotal:             0 kB
SwapFree:              0 kB
Dirty:                 0 kB
Writeback:             0 kB
AnonPages:        356780 kB
Mapped:            51164 kB
Shmem:              3332 kB
Slab:              17452 kB
SReclaimable:       4752 kB
SUnreclaim:        12700 kB
KernelStack:        5352 kB
PageTables:         6636 kB
NFS_Unstable:          0 kB
Bounce:                0 kB
WritebackTmp:          0 kB
CommitLimit:      241032 kB
Committed_AS:    3786500 kB
VmallocTotal:     507904 kB
VmallocUsed:      114672 kB
VmallocChunk:     112576 kB
1557575451.000000
MemTotal:         482068 kB
MemFree:            3872 kB
Buffers:             584 kB
Cached:            43760 kB
SwapCached:            0 kB
Active:           376452 kB
Inactive:          22952 kB
Active(anon):     356484 kB
Inactive(anon):     3164 kB
Active(file):      19968 kB
Inactive(file):    19788 kB
Unevictable:        1948 kB
Mlocked:            3808 kB
HighTotal:             0 kB
HighFree:              0 kB
LowTotal:         482068 kB
LowFree:            3872 kB
SwapTotal:             0 kB
SwapFree:              0 kB
Dirty:                 0 kB
Writeback:             0 kB
AnonPages:        357032 kB
Mapped:            51164 kB
Shmem:              3332 kB
Slab:              17440 kB
SReclaimable:       4752 kB
SUnreclaim:        12688 kB
KernelStack:        5368 kB
PageTables:         6644 kB
NFS_Unstable:          0 kB
Bounce:                0 kB
WritebackTmp:          0 kB
CommitLimit:      241032 kB
Committed_AS:    3786516 kB
VmallocTotal:     507904 kB
VmallocUsed:      114672 kB
VmallocChunk:     112576 kB
1557575452.000000
MemTotal:         482068 kB
MemFree:            3732 kB
Buffers:             584 kB
Cached:            43760 kB
SwapCached:            0 kB
Active:           376556 kB
Inactive:          22952 kB
Active(anon):     356588 kB
Inactive(anon):     3164 kB
Active(file):      19968 kB
Inactive(file):    19788 kB
Unevictable:        1948 kB
Mlocked:            3808 kB
HighTotal:             0 kB
HighFree:              0 kB
LowTotal:         482068 kB
LowFree:            3732 kB
SwapTotal:             0 kB
SwapFree:              0 kB
Dirty:                 0 kB
Writeback:             0 kB
AnonPages:        357108 kB
Mapped:            51164 kB
Shmem:              3332 kB
Slab:              17440 kB
SReclaimable:       4752 kB
SUnreclaim:        12688 kB
KernelStack:        5368 kB
PageTables:         6644 kB
NFS_Unstable:          0 kB
Bounce:                0 kB
WritebackTmp:          0 kB
CommitLimit:      241032 kB
Committed_AS:    3786540 kB
VmallocTotal:     507904 kB
VmallocUsed:      114672 kB
VmallocChunk:     112576 kB
1557575453.000000
MemTotal:         482068 kB
MemFree:            3780 kB
Buffers:             592 kB
Cached:            43828 kB
SwapCached:            0 kB
Active:           376760 kB
Inactive:          23056 kB
Active(anon):     356792 kB
Inactive(anon):     3164 kB
Active(file):      19968 kB
Inactive(file):    19892 kB
Unevictable:        1948 kB
Mlocked:            3808 kB
HighTotal:             0 kB
HighFree:              0 kB
LowTotal:         482068 kB
LowFree:            3780 kB
SwapTotal:             0 kB
SwapFree:              0 kB
Dirty:                 0 kB
Writeback:             0 kB
AnonPages:        357296 kB
Mapped:            51316 kB
Shmem:              3332 kB
Slab:              17452 kB
SReclaimable:       4752 kB
SUnreclaim:        12700 kB
KernelStack:        5352 kB
PageTables:         6640 kB
NFS_Unstable:          0 kB
Bounce:                0 kB
WritebackTmp:          0 kB
CommitLimit:      241032 kB
Committed_AS:    3786460 kB
VmallocTotal:     507904 kB
VmallocUsed:      114672 kB
VmallocChunk:     112576 kB
1557575454.000000
MemTotal:         482068 kB
MemFree:            3756 kB
Buffers:             592 kB
Cached:            43900 kB
SwapCached:            0 kB
Active:           376580 kB
Inactive:          23100 kB
Active(anon):     356612 kB
Inactive(anon):     3164 kB
Active(file):      19968 kB
Inactive(file):    19936 kB
Unevictable:        1948 kB
Mlocked:            3808 kB
HighTotal:             0 kB
HighFree:              0 kB
LowTotal:         482068 kB
LowFree:            3756 kB
SwapTotal:             0 kB
SwapFree:              0 kB
Dirty:                16 kB
Writeback:             0 kB
AnonPages:        357156 kB
Mapped:            51408 kB
Shmem:              3332 kB
Slab:              17448 kB
SReclaimable:       4752 kB
SUnreclaim:        12696 kB
KernelStack:        5352 kB
PageTables:         6716 kB
NFS_Unstable:          0 kB
Bounce:                0 kB
WritebackTmp:          0 kB
CommitLimit:      241032 kB
Committed_AS:    3786560 kB
VmallocTotal:     507904 kB
VmallocUsed:      114672 kB
VmallocChunk:     112576 kB
1557575454.000000
MemTotal:         482068 kB
MemFree:            3632 kB
Buffers:             592 kB
Cached:            43748 kB
SwapCached:            0 kB
Active:           376704 kB
Inactive:          22968 kB
Active(anon):     356748 kB
Inactive(anon):     3164 kB
Active(file):      19956 kB
Inactive(file):    19804 kB
Unevictable:        1948 kB
Mlocked:            3808 kB
HighTotal:             0 kB
HighFree:              0 kB
LowTotal:         482068 kB
LowFree:            3632 kB
SwapTotal:             0 kB
SwapFree:              0 kB
Dirty:                16 kB
Writeback:             0 kB
