MemTotal:         482068 kB
MemFree:           84324 kB
Buffers:             792 kB
Cached:            83300 kB
SwapCached:            0 kB
Active:           259824 kB
Inactive:          47896 kB
Active(anon):     224432 kB
Inactive(anon):      884 kB
Active(file):      35392 kB
Inactive(file):    47012 kB
Unevictable:        1256 kB
Mlocked:               0 kB
HighTotal:             0 kB
HighFree:              0 kB
LowTotal:         482068 kB
LowFree:           84324 kB
SwapTotal:             0 kB
SwapFree:              0 kB
Dirty:                 0 kB
Writeback:             0 kB
AnonPages:        224984 kB
Mapped:            47808 kB
Shmem:               344 kB
Slab:              22084 kB
SReclaimable:       4980 kB
SUnreclaim:        17104 kB
KernelStack:        5336 kB
PageTables:         6924 kB
NFS_Unstable:          0 kB
Bounce:                0 kB
WritebackTmp:          0 kB
CommitLimit:      241032 kB
Committed_AS:    3867536 kB
VmallocTotal:     507904 kB
VmallocUsed:      109872 kB
VmallocChunk:     112576 kB
1557585537.000000
MemTotal:         482068 kB
MemFree:           66920 kB
Buffers:             832 kB
Cached:            88796 kB
SwapCached:            0 kB
Active:           270312 kB
Inactive:          53228 kB
Active(anon):     234680 kB
Inactive(anon):      884 kB
Active(file):      35632 kB
Inactive(file):    52344 kB
Unevictable:        1256 kB
Mlocked:               0 kB
HighTotal:             0 kB
HighFree:              0 kB
LowTotal:         482068 kB
LowFree:           66920 kB
SwapTotal:             0 kB
SwapFree:              0 kB
Dirty:                80 kB
Writeback:             0 kB
AnonPages:        235200 kB
Mapped:            57080 kB
Shmem:               344 kB
Slab:              22100 kB
SReclaimable:       4980 kB
SUnreclaim:        17120 kB
KernelStack:        5488 kB
PageTables:         7040 kB
NFS_Unstable:          0 kB
Bounce:                0 kB
WritebackTmp:          0 kB
CommitLimit:      241032 kB
Committed_AS:    3880108 kB
VmallocTotal:     507904 kB
VmallocUsed:      111480 kB
VmallocChunk:     112576 kB
1557585538.000000
MemTotal:         482068 kB
MemFree:           55728 kB
Buffers:             860 kB
Cached:            91096 kB
SwapCached:            0 kB
Active:           279496 kB
Inactive:          55376 kB
Active(anon):     243668 kB
Inactive(anon):      884 kB
Active(file):      35828 kB
Inactive(file):    54492 kB
Unevictable:        1256 kB
Mlocked:               0 kB
HighTotal:             0 kB
HighFree:              0 kB
LowTotal:         482068 kB
LowFree:           55728 kB
SwapTotal:             0 kB
SwapFree:              0 kB
Dirty:                88 kB
Writeback:             0 kB
AnonPages:        244276 kB
Mapped:            60360 kB
Shmem:               344 kB
Slab:              22116 kB
SReclaimable:       4980 kB
SUnreclaim:        17136 kB
KernelStack:        5576 kB
PageTables:         7028 kB
NFS_Unstable:          0 kB
Bounce:                0 kB
WritebackTmp:          0 kB
CommitLimit:      241032 kB
Committed_AS:    3889176 kB
VmallocTotal:     507904 kB
VmallocUsed:      111676 kB
VmallocChunk:     112576 kB
1557585539.000000
MemTotal:         482068 kB
MemFree:           44976 kB
Buffers:             908 kB
Cached:            98004 kB
SwapCached:            0 kB
Active:           283668 kB
Inactive:          61812 kB
Active(anon):     247240 kB
Inactive(anon):      884 kB
Active(file):      36428 kB
Inactive(file):    60928 kB
Unevictable:        1256 kB
Mlocked:               0 kB
HighTotal:             0 kB
HighFree:              0 kB
LowTotal:         482068 kB
LowFree:           44976 kB
SwapTotal:             0 kB
SwapFree:              0 kB
Dirty:                40 kB
Writeback:             0 kB
AnonPages:        247828 kB
Mapped:            63688 kB
Shmem:               344 kB
Slab:              22112 kB
SReclaimable:       4980 kB
SUnreclaim:        17132 kB
KernelStack:        5608 kB
PageTables:         7052 kB
NFS_Unstable:          0 kB
Bounce:                0 kB
WritebackTmp:          0 kB
CommitLimit:      241032 kB
Committed_AS:    3894332 kB
VmallocTotal:     507904 kB
VmallocUsed:      111692 kB
VmallocChunk:     112576 kB
1557585540.000000
MemTotal:         482068 kB
MemFree:           37248 kB
Buffers:             920 kB
Cached:            98884 kB
SwapCached:            0 kB
Active:           289408 kB
Inactive:          62500 kB
Active(anon):     252888 kB
Inactive(anon):      884 kB
Active(file):      36520 kB
Inactive(file):    61616 kB
Unevictable:        1256 kB
Mlocked:               0 kB
HighTotal:             0 kB
HighFree:              0 kB
LowTotal:         482068 kB
LowFree:           37248 kB
SwapTotal:             0 kB
SwapFree:              0 kB
Dirty:                84 kB
Writeback:             0 kB
AnonPages:        253500 kB
Mapped:            67148 kB
Shmem:               344 kB
Slab:              22116 kB
SReclaimable:       4980 kB
SUnreclaim:        17136 kB
KernelStack:        5688 kB
PageTables:         7076 kB
NFS_Unstable:          0 kB
Bounce:                0 kB
WritebackTmp:          0 kB
CommitLimit:      241032 kB
Committed_AS:    3899724 kB
VmallocTotal:     507904 kB
VmallocUsed:      112444 kB
VmallocChunk:     112576 kB
1557585540.000000
MemTotal:         482068 kB
MemFree:           24280 kB
Buffers:             940 kB
Cached:           101864 kB
SwapCached:            0 kB
Active:           298380 kB
Inactive:          64940 kB
Active(anon):     261320 kB
Inactive(anon):      892 kB
Active(file):      37060 kB
Inactive(file):    64048 kB
Unevictable:        1256 kB
Mlocked:               0 kB
HighTotal:             0 kB
HighFree:              0 kB
LowTotal:         482068 kB
LowFree:           24280 kB
SwapTotal:             0 kB
SwapFree:              0 kB
Dirty:               128 kB
Writeback:             0 kB
AnonPages:        261916 kB
Mapped:            71192 kB
Shmem:               352 kB
Slab:              22400 kB
SReclaimable:       5228 kB
SUnreclaim:        17172 kB
KernelStack:        5760 kB
PageTables:         7120 kB
NFS_Unstable:          0 kB
Bounce:                0 kB
WritebackTmp:          0 kB
CommitLimit:      241032 kB
Committed_AS:    3911344 kB
VmallocTotal:     507904 kB
VmallocUsed:      114068 kB
VmallocChunk:     112576 kB
1557585541.000000
MemTotal:         482068 kB
MemFree:           12228 kB
Buffers:             940 kB
Cached:           102568 kB
SwapCached:            0 kB
Active:           307836 kB
Inactive:          65652 kB
Active(anon):     270696 kB
Inactive(anon):      900 kB
Active(file):      37140 kB
Inactive(file):    64752 kB
Unevictable:        1256 kB
Mlocked:               0 kB
HighTotal:             0 kB
HighFree:              0 kB
LowTotal:         482068 kB
LowFree:           12228 kB
SwapTotal:             0 kB
SwapFree:              0 kB
Dirty:               128 kB
Writeback:             0 kB
AnonPages:        271232 kB
Mapped:            74528 kB
Shmem:               360 kB
Slab:              22396 kB
SReclaimable:       5228 kB
SUnreclaim:        17168 kB
KernelStack:        5776 kB
PageTables:         7140 kB
NFS_Unstable:          0 kB
Bounce:                0 kB
WritebackTmp:          0 kB
CommitLimit:      241032 kB
Committed_AS:    3920720 kB
VmallocTotal:     507904 kB
VmallocUsed:      115572 kB
VmallocChunk:     112576 kB
1557585542.000000
MemTotal:         482068 kB
MemFree:            4344 kB
Buffers:             944 kB
Cached:           106996 kB
SwapCached:            0 kB
Active:           311864 kB
Inactive:          69552 kB
Active(anon):     274260 kB
Inactive(anon):      900 kB
Active(file):      37604 kB
Inactive(file):    68652 kB
Unevictable:        1256 kB
Mlocked:               0 kB
HighTotal:             0 kB
HighFree:              0 kB
LowTotal:         482068 kB
LowFree:            4344 kB
SwapTotal:             0 kB
SwapFree:              0 kB
Dirty:               228 kB
Writeback:             0 kB
AnonPages:        274760 kB
Mapped:            76400 kB
Shmem:               360 kB
Slab:              22412 kB
SReclaimable:       5232 kB
SUnreclaim:        17180 kB
KernelStack:        5840 kB
PageTables:         7156 kB
NFS_Unstable:          0 kB
Bounce:                0 kB
WritebackTmp:          0 kB
CommitLimit:      241032 kB
Committed_AS:    3923796 kB
VmallocTotal:     507904 kB
VmallocUsed:      115572 kB
VmallocChunk:     112576 kB
1557585543.000000
MemTotal:         482068 kB
MemFree:            4220 kB
Buffers:             928 kB
Cached:           104752 kB
SwapCached:            0 kB
Active:           319156 kB
Inactive:          63848 kB
Active(anon):     278048 kB
Inactive(anon):      900 kB
Active(file):      41108 kB
Inactive(file):    62948 kB
Unevictable:        1256 kB
Mlocked:               0 kB
HighTotal:             0 kB
HighFree:              0 kB
LowTotal:         482068 kB
LowFree:            4220 kB
SwapTotal:             0 kB
SwapFree:              0 kB
Dirty:               856 kB
Writeback:             0 kB
AnonPages:        278700 kB
Mapped:            76508 kB
Shmem:               360 kB
Slab:              22340 kB
SReclaimable:       5164 kB
SUnreclaim:        17176 kB
KernelStack:        5864 kB
PageTables:         7192 kB
NFS_Unstable:          0 kB
Bounce:                0 kB
WritebackTmp:          0 kB
CommitLimit:      241032 kB
Committed_AS:    3927488 kB
VmallocTotal:     507904 kB
VmallocUsed:      115572 kB
VmallocChunk:     112576 kB
1557585544.000000
MemTotal:         482068 kB
MemFree:           19344 kB
Buffers:             624 kB
Cached:            86556 kB
SwapCached:            0 kB
Active:           327108 kB
Inactive:          43800 kB
Active(anon):     284436 kB
Inactive(anon):      972 kB
Active(file):      42672 kB
Inactive(file):    42828 kB
Unevictable:        1256 kB
Mlocked:              44 kB
HighTotal:             0 kB
HighFree:              0 kB
LowTotal:         482068 kB
LowFree:           19344 kB
SwapTotal:             0 kB
SwapFree:              0 kB
Dirty:               852 kB
Writeback:             0 kB
AnonPages:        285028 kB
Mapped:            74216 kB
Shmem:               404 kB
Slab:              22376 kB
SReclaimable:       5116 kB
SUnreclaim:        17260 kB
KernelStack:        5976 kB
PageTables:         7484 kB
NFS_Unstable:          0 kB
Bounce:                0 kB
WritebackTmp:          0 kB
CommitLimit:      241032 kB
Committed_AS:    4049616 kB
VmallocTotal:     507904 kB
VmallocUsed:      117616 kB
VmallocChunk:     112576 kB
1557585545.000000
MemTotal:         482068 kB
MemFree:            4292 kB
Buffers:             516 kB
Cached:            82240 kB
SwapCached:            0 kB
Active:           333720 kB
Inactive:          38676 kB
Active(anon):     290916 kB
Inactive(anon):     3280 kB
Active(file):      42804 kB
Inactive(file):    35396 kB
Unevictable:        2028 kB
Mlocked:            6176 kB
HighTotal:             0 kB
HighFree:              0 kB
LowTotal:         482068 kB
LowFree:            4292 kB
SwapTotal:             0 kB
SwapFree:              0 kB
Dirty:               652 kB
Writeback:             0 kB
AnonPages:        291660 kB
Mapped:            90324 kB
Shmem:              3296 kB
Slab:              22404 kB
SReclaimable:       5032 kB
SUnreclaim:        17372 kB
KernelStack:        6032 kB
PageTables:         7532 kB
NFS_Unstable:          0 kB
Bounce:                0 kB
WritebackTmp:          0 kB
CommitLimit:      241032 kB
Committed_AS:    4060240 kB
VmallocTotal:     507904 kB
VmallocUsed:      130552 kB
VmallocChunk:     112576 kB
1557585546.000000
MemTotal:         482068 kB
MemFree:            4252 kB
Buffers:             516 kB
Cached:            81196 kB
SwapCached:            0 kB
Active:           334620 kB
Inactive:          37928 kB
Active(anon):     292176 kB
Inactive(anon):     3280 kB
Active(file):      42444 kB
Inactive(file):    34648 kB
Unevictable:        2028 kB
Mlocked:            6176 kB
HighTotal:             0 kB
HighFree:              0 kB
LowTotal:         482068 kB
LowFree:            4252 kB
SwapTotal:             0 kB
SwapFree:              0 kB
Dirty:               652 kB
Writeback:             0 kB
AnonPages:        292984 kB
Mapped:            90292 kB
Shmem:              3296 kB
Slab:              22372 kB
SReclaimable:       5032 kB
SUnreclaim:        17340 kB
KernelStack:        6048 kB
PageTables:         7540 kB
NFS_Unstable:          0 kB
Bounce:                0 kB
WritebackTmp:          0 kB
CommitLimit:      241032 kB
Committed_AS:    4062556 kB
VmallocTotal:     507904 kB
VmallocUsed:      130552 kB
VmallocChunk:     112576 kB
1557585547.000000
MemTotal:         482068 kB
MemFree:            7840 kB
Buffers:             516 kB
Cached:            80072 kB
SwapCached:            0 kB
Active:           332372 kB
Inactive:          37000 kB
Active(anon):     290060 kB
Inactive(anon):     3304 kB
Active(file):      42312 kB
Inactive(file):    33696 kB
Unevictable:        2028 kB
Mlocked:            6176 kB
HighTotal:             0 kB
HighFree:              0 kB
LowTotal:         482068 kB
LowFree:            7840 kB
SwapTotal:             0 kB
SwapFree:              0 kB
Dirty:                44 kB
Writeback:             0 kB
AnonPages:        290952 kB
Mapped:            90364 kB
Shmem:              3324 kB
Slab:              22300 kB
SReclaimable:       5032 kB
SUnreclaim:        17268 kB
KernelStack:        6064 kB
PageTables:         7544 kB
NFS_Unstable:          0 kB
Bounce:                0 kB
WritebackTmp:          0 kB
CommitLimit:      241032 kB
Committed_AS:    4063808 kB
VmallocTotal:     507904 kB
VmallocUsed:      130552 kB
VmallocChunk:     112576 kB
1557585549.000000
MemTotal:         482068 kB
MemFree:            8196 kB
Buffers:             540 kB
Cached:            80276 kB
SwapCached:            0 kB
Active:           331264 kB
Inactive:          37168 kB
Active(anon):     288928 kB
Inactive(anon):     3288 kB
Active(file):      42336 kB
Inactive(file):    33880 kB
Unevictable:        2028 kB
Mlocked:            6176 kB
HighTotal:             0 kB
HighFree:              0 kB
LowTotal:         482068 kB
LowFree:            8196 kB
SwapTotal:             0 kB
SwapFree:              0 kB
Dirty:                76 kB
Writeback:             0 kB
AnonPages:        289672 kB
Mapped:            90388 kB
Shmem:              3324 kB
Slab:              22364 kB
SReclaimable:       5032 kB
SUnreclaim:        17332 kB
KernelStack:        6064 kB
PageTables:         7552 kB
NFS_Unstable:          0 kB
Bounce:                0 kB
WritebackTmp:          0 kB
CommitLimit:      241032 kB
Committed_AS:    4065208 kB
VmallocTotal:     507904 kB
VmallocUsed:      130552 kB
VmallocChunk:     112576 kB
1557585550.000000
MemTotal:         482068 kB
MemFree:            7296 kB
Buffers:             540 kB
Cached:            79836 kB
SwapCached:            0 kB
Active:           332424 kB
Inactive:          36908 kB
Active(anon):     290244 kB
Inactive(anon):     3288 kB
Active(file):      42180 kB
Inactive(file):    33620 kB
Unevictable:        2028 kB
Mlocked:            6176 kB
HighTotal:             0 kB
HighFree:              0 kB
LowTotal:         482068 kB
LowFree:            7296 kB
SwapTotal:             0 kB
SwapFree:              0 kB
Dirty:                64 kB
Writeback:             0 kB
AnonPages:        290916 kB
Mapped:            90408 kB
Shmem:              3324 kB
Slab:              22300 kB
SReclaimable:       5028 kB
SUnreclaim:        17272 kB
KernelStack:        6064 kB
PageTables:         7568 kB
NFS_Unstable:          0 kB
Bounce:                0 kB
WritebackTmp:          0 kB
CommitLimit:      241032 kB
Committed_AS:    4065888 kB
VmallocTotal:     507904 kB
VmallocUsed:      130552 kB
VmallocChunk:     112576 kB
1557585551.000000
MemTotal:         482068 kB
MemFree:            6616 kB
Buffers:             528 kB
Cached:            79296 kB
SwapCached:            0 kB
Active:           333536 kB
Inactive:          36528 kB
Active(anon):     291592 kB
Inactive(anon):     3284 kB
Active(file):      41944 kB
Inactive(file):    33244 kB
Unevictable:        2028 kB
Mlocked:            6176 kB
HighTotal:             0 kB
HighFree:              0 kB
LowTotal:         482068 kB
LowFree:            6616 kB
SwapTotal:             0 kB
SwapFree:              0 kB
Dirty:                76 kB
Writeback:             0 kB
AnonPages:        292340 kB
Mapped:            90152 kB
Shmem:              3324 kB
Slab:              22340 kB
SReclaimable:       5028 kB
SUnreclaim:        17312 kB
KernelStack:        6064 kB
PageTables:         7644 kB
NFS_Unstable:          0 kB
Bounce:                0 kB
WritebackTmp:          0 kB
CommitLimit:      241032 kB
Committed_AS:    4062752 kB
VmallocTotal:     507904 kB
VmallocUsed:      130552 kB
VmallocChunk:     112576 kB
1557585552.000000
MemTotal:         482068 kB
MemFree:            4508 kB
Buffers:             528 kB
Cached:            78828 kB
SwapCached:            0 kB
Active:           335772 kB
Inactive:          36328 kB
Active(anon):     294000 kB
Inactive(anon):     3284 kB
Active(file):      41772 kB
Inactive(file):    33044 kB
Unevictable:        2028 kB
Mlocked:            6176 kB
HighTotal:             0 kB
HighFree:              0 kB
LowTotal:         482068 kB
LowFree:            4508 kB
SwapTotal:             0 kB
SwapFree:              0 kB
Dirty:                 0 kB
Writeback:             0 kB
AnonPages:        294756 kB
Mapped:            90172 kB
Shmem:              3324 kB
Slab:              22332 kB
SReclaimable:       5028 kB
SUnreclaim:        17304 kB
KernelStack:        6064 kB
PageTables:         7568 kB
NFS_Unstable:          0 kB
Bounce:                0 kB
WritebackTmp:          0 kB
CommitLimit:      241032 kB
Committed_AS:    4064900 kB
VmallocTotal:     507904 kB
VmallocUsed:      130552 kB
VmallocChunk:     112576 kB
1557585553.000000
MemTotal:         482068 kB
MemFree:            4244 kB
Buffers:             544 kB
Cached:            76924 kB
SwapCached:            0 kB
Active:           335952 kB
Inactive:          36700 kB
Active(anon):     296448 kB
Inactive(anon):     3284 kB
Active(file):      39504 kB
Inactive(file):    33416 kB
Unevictable:        2028 kB
Mlocked:            6176 kB
HighTotal:             0 kB
HighFree:              0 kB
LowTotal:         482068 kB
LowFree:            4244 kB
SwapTotal:             0 kB
SwapFree:              0 kB
Dirty:                48 kB
Writeback:             0 kB
AnonPages:        297244 kB
Mapped:            90104 kB
Shmem:              3324 kB
Slab:              22344 kB
SReclaimable:       5028 kB
SUnreclaim:        17316 kB
KernelStack:        6064 kB
PageTables:         7568 kB
NFS_Unstable:          0 kB
Bounce:                0 kB
WritebackTmp:          0 kB
CommitLimit:      241032 kB
Committed_AS:    4066168 kB
VmallocTotal:     507904 kB
VmallocUsed:      130552 kB
VmallocChunk:     112576 kB
1557585554.000000
MemTotal:         482068 kB
MemFree:            4988 kB
Buffers:             544 kB
Cached:            73848 kB
SwapCached:            0 kB
Active:           334532 kB
Inactive:          36888 kB
Active(anon):     298332 kB
Inactive(anon):     3292 kB
Active(file):      36200 kB
Inactive(file):    33596 kB
Unevictable:        2028 kB
Mlocked:            6176 kB
HighTotal:             0 kB
HighFree:              0 kB
LowTotal:         482068 kB
LowFree:            4988 kB
SwapTotal:             0 kB
SwapFree:              0 kB
Dirty:                48 kB
Writeback:             0 kB
AnonPages:        299108 kB
Mapped:            90172 kB
Shmem:              3340 kB
Slab:              22400 kB
SReclaimable:       5028 kB
SUnreclaim:        17372 kB
KernelStack:        6072 kB
PageTables:         7568 kB
NFS_Unstable:          0 kB
Bounce:                0 kB
WritebackTmp:          0 kB
CommitLimit:      241032 kB
Committed_AS:    4068608 kB
VmallocTotal:     507904 kB
VmallocUsed:      130552 kB
VmallocChunk:     112576 kB
1557585555.000000
MemTotal:         482068 kB
MemFree:            4864 kB
Buffers:             568 kB
Cached:            72176 kB
SwapCached:            0 kB
Active:           334684 kB
Inactive:          36988 kB
Active(anon):     300220 kB
Inactive(anon):     3288 kB
Active(file):      34464 kB
Inactive(file):    33700 kB
Unevictable:        2028 kB
Mlocked:            6176 kB
HighTotal:             0 kB
HighFree:              0 kB
LowTotal:         482068 kB
LowFree:            4864 kB
SwapTotal:             0 kB
SwapFree:              0 kB
Dirty:                 0 kB
Writeback:            16 kB
AnonPages:        301008 kB
Mapped:            89452 kB
Shmem:              3340 kB
Slab:              22336 kB
SReclaimable:       5024 kB
SUnreclaim:        17312 kB
KernelStack:        6072 kB
PageTables:         7596 kB
NFS_Unstable:          0 kB
Bounce:                0 kB
WritebackTmp:          0 kB
CommitLimit:      241032 kB
Committed_AS:    4070396 kB
VmallocTotal:     507904 kB
VmallocUsed:      130552 kB
VmallocChunk:     112576 kB
1557585556.000000
MemTotal:         482068 kB
MemFree:            4384 kB
Buffers:             568 kB
Cached:            70072 kB
SwapCached:            0 kB
Active:           335864 kB
Inactive:          36312 kB
Active(anon):     302848 kB
Inactive(anon):     3288 kB
Active(file):      33016 kB
Inactive(file):    33024 kB
Unevictable:        2028 kB
Mlocked:            6176 kB
HighTotal:             0 kB
HighFree:              0 kB
LowTotal:         482068 kB
LowFree:            4384 kB
SwapTotal:             0 kB
SwapFree:              0 kB
Dirty:                 0 kB
Writeback:             0 kB
AnonPages:        303668 kB
Mapped:            89408 kB
Shmem:              3340 kB
Slab:              22344 kB
SReclaimable:       5024 kB
SUnreclaim:        17320 kB
KernelStack:        6064 kB
PageTables:         7588 kB
NFS_Unstable:          0 kB
Bounce:                0 kB
WritebackTmp:          0 kB
CommitLimit:      241032 kB
Committed_AS:    4072992 kB
VmallocTotal:     507904 kB
VmallocUsed:      130552 kB
VmallocChunk:     112576 kB
1557585558.000000
MemTotal:         482068 kB
MemFree:            7096 kB
Buffers:             568 kB
Cached:            69000 kB
SwapCached:            0 kB
Active:           334196 kB
Inactive:          35808 kB
Active(anon):     301744 kB
Inactive(anon):     3288 kB
Active(file):      32452 kB
Inactive(file):    32520 kB
Unevictable:        2028 kB
Mlocked:            6176 kB
HighTotal:             0 kB
HighFree:              0 kB
LowTotal:         482068 kB
LowFree:            7096 kB
SwapTotal:             0 kB
SwapFree:              0 kB
Dirty:                 0 kB
Writeback:             0 kB
AnonPages:        302508 kB
Mapped:            89100 kB
Shmem:              3340 kB
Slab:              22364 kB
SReclaimable:       5024 kB
SUnreclaim:        17340 kB
KernelStack:        6064 kB
PageTables:         7592 kB
NFS_Unstable:          0 kB
Bounce:                0 kB
WritebackTmp:          0 kB
CommitLimit:      241032 kB
Committed_AS:    4073976 kB
VmallocTotal:     507904 kB
VmallocUsed:      130552 kB
VmallocChunk:     112576 kB
1557585559.000000
MemTotal:         482068 kB
MemFree:            5136 kB
Buffers:             592 kB
Cached:            68008 kB
SwapCached:            0 kB
Active:           336016 kB
Inactive:          35312 kB
Active(anon):     304076 kB
Inactive(anon):     3288 kB
Active(file):      31940 kB
Inactive(file):    32024 kB
Unevictable:        2028 kB
Mlocked:            6176 kB
HighTotal:             0 kB
HighFree:              0 kB
LowTotal:         482068 kB
LowFree:            5136 kB
SwapTotal:             0 kB
SwapFree:              0 kB
Dirty:                28 kB
Writeback:             0 kB
AnonPages:        304792 kB
Mapped:            89108 kB
Shmem:              3340 kB
Slab:              22372 kB
SReclaimable:       5024 kB
SUnreclaim:        17348 kB
KernelStack:        6064 kB
PageTables:         7592 kB
NFS_Unstable:          0 kB
Bounce:                0 kB
WritebackTmp:          0 kB
CommitLimit:      241032 kB
Committed_AS:    4074464 kB
VmallocTotal:     507904 kB
VmallocUsed:      130552 kB
VmallocChunk:     112576 kB
1557585560.000000
MemTotal:         482068 kB
MemFree:            4368 kB
Buffers:             468 kB
Cached:            66244 kB
SwapCached:            0 kB
Active:           337820 kB
Inactive:          34448 kB
Active(anon):     306900 kB
Inactive(anon):     3288 kB
Active(file):      30920 kB
Inactive(file):    31160 kB
Unevictable:        2028 kB
Mlocked:            6176 kB
HighTotal:             0 kB
HighFree:              0 kB
LowTotal:         482068 kB
LowFree:            4368 kB
SwapTotal:             0 kB
SwapFree:              0 kB
Dirty:                28 kB
Writeback:             0 kB
AnonPages:        307584 kB
Mapped:            87920 kB
Shmem:              3344 kB
Slab:              22344 kB
SReclaimable:       5024 kB
SUnreclaim:        17320 kB
KernelStack:        6072 kB
PageTables:         7664 kB
NFS_Unstable:          0 kB
Bounce:                0 kB
WritebackTmp:          0 kB
CommitLimit:      241032 kB
Committed_AS:    4076564 kB
VmallocTotal:     507904 kB
VmallocUsed:      130552 kB
VmallocChunk:     112576 kB
1557585561.000000
MemTotal:         482068 kB
MemFree:            5088 kB
Buffers:             468 kB
Cached:            66284 kB
SwapCached:            0 kB
Active:           337028 kB
Inactive:          34504 kB
Active(anon):     306100 kB
Inactive(anon):     3288 kB
Active(file):      30928 kB
Inactive(file):    31216 kB
Unevictable:        2028 kB
Mlocked:            6176 kB
HighTotal:             0 kB
HighFree:              0 kB
LowTotal:         482068 kB
LowFree:            5088 kB
SwapTotal:             0 kB
SwapFree:              0 kB
Dirty:                28 kB
Writeback:             0 kB
AnonPages:        306800 kB
Mapped:            87904 kB
Shmem:              3352 kB
Slab:              22348 kB
SReclaimable:       5024 kB
SUnreclaim:        17324 kB
KernelStack:        6064 kB
PageTables:         7592 kB
NFS_Unstable:          0 kB
Bounce:                0 kB
WritebackTmp:          0 kB
CommitLimit:      241032 kB
Committed_AS:    4076624 kB
VmallocTotal:     507904 kB
VmallocUsed:      130552 kB
VmallocChunk:     112576 kB
1557585562.000000
MemTotal:         482068 kB
MemFree:            5236 kB
Buffers:             356 kB
Cached:            65284 kB
SwapCached:            0 kB
Active:           337448 kB
Inactive:          33876 kB
Active(anon):     307064 kB
Inactive(anon):     3304 kB
Active(file):      30384 kB
Inactive(file):    30572 kB
Unevictable:        2028 kB
Mlocked:            6176 kB
HighTotal:             0 kB
HighFree:              0 kB
LowTotal:         482068 kB
LowFree:            5236 kB
SwapTotal:             0 kB
SwapFree:              0 kB
Dirty:                 0 kB
Writeback:             0 kB
AnonPages:        307732 kB
Mapped:            86944 kB
Shmem:              3376 kB
Slab:              22340 kB
SReclaimable:       5024 kB
SUnreclaim:        17316 kB
KernelStack:        6064 kB
PageTables:         7592 kB
NFS_Unstable:          0 kB
Bounce:                0 kB
WritebackTmp:          0 kB
CommitLimit:      241032 kB
Committed_AS:    4077636 kB
VmallocTotal:     507904 kB
VmallocUsed:      130552 kB
VmallocChunk:     112576 kB
1557585563.000000
MemTotal:         482068 kB
MemFree:           11452 kB
Buffers:             356 kB
Cached:            65312 kB
SwapCached:            0 kB
Active:           331052 kB
Inactive:          33916 kB
Active(anon):     300652 kB
Inactive(anon):     3304 kB
Active(file):      30400 kB
Inactive(file):    30612 kB
Unevictable:        2028 kB
Mlocked:            6176 kB
HighTotal:             0 kB
HighFree:              0 kB
LowTotal:         482068 kB
LowFree:           11452 kB
SwapTotal:             0 kB
SwapFree:              0 kB
Dirty:                 0 kB
Writeback:             0 kB
AnonPages:        301400 kB
Mapped:            86944 kB
Shmem:              3376 kB
Slab:              22348 kB
SReclaimable:       5024 kB
SUnreclaim:        17324 kB
KernelStack:        6072 kB
PageTables:         7592 kB
NFS_Unstable:          0 kB
Bounce:                0 kB
WritebackTmp:          0 kB
CommitLimit:      241032 kB
Committed_AS:    4076644 kB
VmallocTotal:     507904 kB
VmallocUsed:      130552 kB
VmallocChunk:     112576 kB
1557585564.000000
MemTotal:         482068 kB
MemFree:           11552 kB
Buffers:             356 kB
Cached:            65332 kB
SwapCached:            0 kB
Active:           331080 kB
Inactive:          33960 kB
Active(anon):     300680 kB
Inactive(anon):     3304 kB
Active(file):      30400 kB
Inactive(file):    30656 kB
Unevictable:        2028 kB
Mlocked:            6176 kB
HighTotal:             0 kB
HighFree:              0 kB
LowTotal:         482068 kB
LowFree:           11552 kB
SwapTotal:             0 kB
SwapFree:              0 kB
Dirty:                 0 kB
Writeback:             0 kB
AnonPages:        301484 kB
Mapped:            86956 kB
Shmem:              3376 kB
Slab:              22348 kB
SReclaimable:       5024 kB
SUnreclaim:        17324 kB
KernelStack:        6064 kB
PageTables:         7596 kB
NFS_Unstable:          0 kB
Bounce:                0 kB
WritebackTmp:          0 kB
CommitLimit:      241032 kB
Committed_AS:    4076820 kB
VmallocTotal:     507904 kB
VmallocUsed:      130552 kB
VmallocChunk:     112576 kB
1557585565.000000
MemTotal:         482068 kB
MemFree:           11180 kB
Buffers:             364 kB
Cached:            65324 kB
SwapCached:            0 kB
Active:           331776 kB
Inactive:          33960 kB
Active(anon):     301376 kB
Inactive(anon):     3304 kB
Active(file):      30400 kB
Inactive(file):    30656 kB
Unevictable:        2028 kB
Mlocked:            6176 kB
HighTotal:             0 kB
HighFree:              0 kB
LowTotal:         482068 kB
LowFree:           11180 kB
SwapTotal:             0 kB
SwapFree:              0 kB
Dirty:                 0 kB
Writeback:             0 kB
AnonPages:        302100 kB
Mapped:            86956 kB
Shmem:              3376 kB
Slab:              22336 kB
SReclaimable:       5024 kB
SUnreclaim:        17312 kB
KernelStack:        6064 kB
PageTables:         7596 kB
NFS_Unstable:          0 kB
Bounce:                0 kB
WritebackTmp:          0 kB
CommitLimit:      241032 kB
Committed_AS:    4076752 kB
VmallocTotal:     507904 kB
VmallocUsed:      130552 kB
VmallocChunk:     112576 kB
1557585566.000000
MemTotal:         482068 kB
MemFree:           11096 kB
Buffers:             364 kB
Cached:            65336 kB
SwapCached:            0 kB
Active:           332052 kB
Inactive:          33968 kB
Active(anon):     301652 kB
Inactive(anon):     3304 kB
Active(file):      30400 kB
Inactive(file):    30664 kB
Unevictable:        2028 kB
Mlocked:            6176 kB
HighTotal:             0 kB
HighFree:              0 kB
LowTotal:         482068 kB
LowFree:           11096 kB
SwapTotal:             0 kB
SwapFree:              0 kB
Dirty:                28 kB
Writeback:             0 kB
AnonPages:        302348 kB
Mapped:            86960 kB
Shmem:              3380 kB
Slab:              22340 kB
SReclaimable:       5024 kB
SUnreclaim:        17316 kB
KernelStack:        6064 kB
PageTables:         7596 kB
NFS_Unstable:          0 kB
Bounce:                0 kB
WritebackTmp:          0 kB
CommitLimit:      241032 kB
Committed_AS:    4077056 kB
VmallocTotal:     507904 kB
VmallocUsed:      130552 kB
VmallocChunk:     112576 kB
1557585567.000000
MemTotal:         482068 kB
MemFree:            8212 kB
Buffers:             388 kB
Cached:            65988 kB
SwapCached:            0 kB
Active:           333876 kB
Inactive:          34552 kB
Active(anon):     303460 kB
Inactive(anon):     3308 kB
Active(file):      30416 kB
Inactive(file):    31244 kB
Unevictable:        2028 kB
Mlocked:            6176 kB
HighTotal:             0 kB
HighFree:              0 kB
LowTotal:         482068 kB
LowFree:            8212 kB
SwapTotal:             0 kB
SwapFree:              0 kB
Dirty:                28 kB
Writeback:             0 kB
AnonPages:        304284 kB
Mapped:            87072 kB
Shmem:              3388 kB
Slab:              22352 kB
SReclaimable:       5024 kB
SUnreclaim:        17328 kB
KernelStack:        6064 kB
PageTables:         7596 kB
NFS_Unstable:          0 kB
Bounce:                0 kB
WritebackTmp:          0 kB
CommitLimit:      241032 kB
Committed_AS:    4077024 kB
VmallocTotal:     507904 kB
VmallocUsed:      130552 kB
VmallocChunk:     112576 kB
1557585568.000000
MemTotal:         482068 kB
MemFree:            8056 kB
Buffers:             388 kB
Cached:            65960 kB
SwapCached:            0 kB
Active:           334032 kB
Inactive:          34596 kB
Active(anon):     303616 kB
Inactive(anon):     3308 kB
Active(file):      30416 kB
Inactive(file):    31288 kB
Unevictable:        2028 kB
Mlocked:            6176 kB
HighTotal:             0 kB
HighFree:              0 kB
LowTotal:         482068 kB
LowFree:            8056 kB
SwapTotal:             0 kB
SwapFree:              0 kB
Dirty:                28 kB
Writeback:             0 kB
AnonPages:        304384 kB
Mapped:            86972 kB
Shmem:              3388 kB
Slab:              22312 kB
SReclaimable:       5024 kB
SUnreclaim:        17288 kB
KernelStack:        6064 kB
PageTables:         7596 kB
NFS_Unstable:          0 kB
Bounce:                0 kB
WritebackTmp:          0 kB
CommitLimit:      241032 kB
Committed_AS:    4077064 kB
VmallocTotal:     507904 kB
VmallocUsed:      130552 kB
VmallocChunk:     112576 kB
1557585569.000000
MemTotal:         482068 kB
MemFree:            7932 kB
Buffers:             388 kB
Cached:            65960 kB
SwapCached:            0 kB
Active:           334276 kB
Inactive:          34596 kB
Active(anon):     303860 kB
Inactive(anon):     3308 kB
Active(file):      30416 kB
Inactive(file):    31288 kB
Unevictable:        2028 kB
Mlocked:            6176 kB
HighTotal:             0 kB
HighFree:              0 kB
LowTotal:         482068 kB
LowFree:            7932 kB
SwapTotal:             0 kB
SwapFree:              0 kB
Dirty:                 0 kB
Writeback:             0 kB
AnonPages:        304452 kB
Mapped:            87048 kB
Shmem:              3388 kB
Slab:              22300 kB
SReclaimable:       5024 kB
SUnreclaim:        17276 kB
KernelStack:        6064 kB
PageTables:         7596 kB
NFS_Unstable:          0 kB
Bounce:                0 kB
WritebackTmp:          0 kB
CommitLimit:      241032 kB
Committed_AS:    4077212 kB
VmallocTotal:     507904 kB
VmallocUsed:      130552 kB
VmallocChunk:     112576 kB
1557585570.000000
MemTotal:         482068 kB
MemFree:            8104 kB
Buffers:             384 kB
Cached:            65280 kB
SwapCached:            0 kB
Active:           334556 kB
Inactive:          33812 kB
Active(anon):     304140 kB
Inactive(anon):     3308 kB
Active(file):      30416 kB
Inactive(file):    30504 kB
Unevictable:        2028 kB
Mlocked:            6176 kB
HighTotal:             0 kB
HighFree:              0 kB
LowTotal:         482068 kB
LowFree:            8104 kB
SwapTotal:             0 kB
SwapFree:              0 kB
Dirty:                 0 kB
Writeback:             0 kB
AnonPages:        304832 kB
Mapped:            86240 kB
Shmem:              3388 kB
Slab:              22324 kB
SReclaimable:       5024 kB
SUnreclaim:        17300 kB
KernelStack:        6064 kB
PageTables:         7584 kB
NFS_Unstable:          0 kB
Bounce:                0 kB
WritebackTmp:          0 kB
CommitLimit:      241032 kB
Committed_AS:    4077292 kB
VmallocTotal:     507904 kB
VmallocUsed:      130552 kB
VmallocChunk:     112576 kB
1557585571.000000
MemTotal:         482068 kB
MemFree:            6996 kB
Buffers:             384 kB
Cached:            65436 kB
SwapCached:            0 kB
Active:           336020 kB
Inactive:          34032 kB
Active(anon):     305576 kB
Inactive(anon):     3304 kB
Active(file):      30444 kB
Inactive(file):    30728 kB
Unevictable:        2028 kB
Mlocked:            6176 kB
HighTotal:             0 kB
HighFree:              0 kB
LowTotal:         482068 kB
LowFree:            6996 kB
SwapTotal:             0 kB
SwapFree:              0 kB
Dirty:                 0 kB
Writeback:             0 kB
AnonPages:        306308 kB
Mapped:            86232 kB
Shmem:              3388 kB
Slab:              22340 kB
SReclaimable:       5024 kB
SUnreclaim:        17316 kB
KernelStack:        6064 kB
PageTables:         7600 kB
NFS_Unstable:          0 kB
Bounce:                0 kB
WritebackTmp:          0 kB
CommitLimit:      241032 kB
Committed_AS:    4077260 kB
VmallocTotal:     507904 kB
VmallocUsed:      130552 kB
VmallocChunk:     112576 kB
1557585571.000000
MemTotal:         482068 kB
MemFree:            8196 kB
Buffers:             392 kB
Cached:            65504 kB
SwapCached:            0 kB
Active:           334472 kB
Inactive:          34112 kB
Active(anon):     304028 kB
Inactive(anon):     3304 kB
Active(file):      30444 kB
Inactive(file):    30808 kB
Unevictable:        2028 kB
Mlocked:            6176 kB
HighTotal:             0 kB
HighFree:              0 kB
LowTotal:         482068 kB
LowFree:            8196 kB
SwapTotal:             0 kB
SwapFree:              0 kB
Dirty:                 0 kB
Writeback:             0 kB
AnonPages:        304668 kB
Mapped:            86272 kB
Shmem:              3388 kB
Slab:              22344 kB
SReclaimable:       5024 kB
SUnreclaim:        17320 kB
KernelStack:        6056 kB
PageTables:         7584 kB
NFS_Unstable:          0 kB
Bounce:                0 kB
WritebackTmp:          0 kB
CommitLimit:      241032 kB
Committed_AS:    4077368 kB
VmallocTotal:     507904 kB
VmallocUsed:      130552 kB
VmallocChunk:     112576 kB
1557585572.000000
MemTotal:         482068 kB
MemFree:            8336 kB
Buffers:             392 kB
Cached:            65512 kB
SwapCached:            0 kB
Active:           334456 kB
Inactive:          34120 kB
Active(anon):     304012 kB
Inactive(anon):     3304 kB
Active(file):      30444 kB
Inactive(file):    30816 kB
Unevictable:        2028 kB
Mlocked:            6176 kB
HighTotal:             0 kB
HighFree:              0 kB
LowTotal:         482068 kB
LowFree:            8336 kB
SwapTotal:             0 kB
SwapFree:              0 kB
Dirty:                28 kB
Writeback:             0 kB
AnonPages:        304676 kB
Mapped:            86196 kB
Shmem:              3388 kB
Slab:              22332 kB
SReclaimable:       5024 kB
SUnreclaim:        17308 kB
KernelStack:        6064 kB
PageTables:         7660 kB
NFS_Unstable:          0 kB
Bounce:                0 kB
WritebackTmp:          0 kB
CommitLimit:      241032 kB
Committed_AS:    4077448 kB
VmallocTotal:     507904 kB
VmallocUsed:      130552 kB
VmallocChunk:     112576 kB
1557585573.000000
MemTotal:         482068 kB
MemFree:            7492 kB
Buffers:             392 kB
Cached:            65232 kB
SwapCached:            0 kB
Active:           335104 kB
Inactive:          33832 kB
Active(anon):     304660 kB
Inactive(anon):     3304 kB
Active(file):      30444 kB
Inactive(file):    30528 kB
Unevictable:        2028 kB
Mlocked:            6176 kB
HighTotal:             0 kB
HighFree:              0 kB
LowTotal:         482068 kB
LowFree:            7492 kB
SwapTotal:             0 kB
SwapFree:              0 kB
Dirty:                28 kB
Writeback:             0 kB
AnonPages:        305324 kB
Mapped:            85808 kB
Shmem:              3388 kB
Slab:              22388 kB
SReclaimable:       5024 kB
SUnreclaim:        17364 kB
KernelStack:        6064 kB
PageTables:         7596 kB
NFS_Unstable:          0 kB
Bounce:                0 kB
WritebackTmp:          0 kB
CommitLimit:      241032 kB
Committed_AS:    4077440 kB
VmallocTotal:     507904 kB
VmallocUsed:      130552 kB
VmallocChunk:     112576 kB
1557585574.000000
MemTotal:         482068 kB
MemFree:            5872 kB
Buffers:             392 kB
Cached:            66508 kB
SwapCached:            0 kB
Active:           335576 kB
Inactive:          35148 kB
Active(anon):     305164 kB
Inactive(anon):     3304 kB
Active(file):      30412 kB
Inactive(file):    31844 kB
Unevictable:        2028 kB
Mlocked:            6176 kB
HighTotal:             0 kB
HighFree:              0 kB
LowTotal:         482068 kB
LowFree:            5872 kB
SwapTotal:             0 kB
SwapFree:              0 kB
Dirty:                 0 kB
Writeback:             0 kB
AnonPages:        305916 kB
Mapped:            85960 kB
Shmem:              3388 kB
Slab:              22364 kB
SReclaimable:       5024 kB
SUnreclaim:        17340 kB
KernelStack:        6048 kB
PageTables:         7600 kB
NFS_Unstable:          0 kB
Bounce:                0 kB
WritebackTmp:          0 kB
CommitLimit:      241032 kB
Committed_AS:    4077540 kB
VmallocTotal:     507904 kB
VmallocUsed:      130552 kB
VmallocChunk:     112576 kB
1557585575.000000
MemTotal:         482068 kB
MemFree:            5724 kB
Buffers:             392 kB
Cached:            66548 kB
SwapCached:            0 kB
Active:           335796 kB
Inactive:          35184 kB
Active(anon):     305384 kB
Inactive(anon):     3304 kB
Active(file):      30412 kB
Inactive(file):    31880 kB
Unevictable:        2028 kB
Mlocked:            6176 kB
HighTotal:             0 kB
HighFree:              0 kB
LowTotal:         482068 kB
LowFree:            5724 kB
SwapTotal:             0 kB
SwapFree:              0 kB
Dirty:                 0 kB
Writeback:             0 kB
AnonPages:        306096 kB
Mapped:            86000 kB
Shmem:              3392 kB
Slab:              22324 kB
SReclaimable:       5024 kB
SUnreclaim:        17300 kB
KernelStack:        6016 kB
PageTables:         7624 kB
NFS_Unstable:          0 kB
Bounce:                0 kB
WritebackTmp:          0 kB
CommitLimit:      241032 kB
Committed_AS:    4077464 kB
VmallocTotal:     507904 kB
VmallocUsed:      130552 kB
VmallocChunk:     112576 kB
1557585576.000000
MemTotal:         482068 kB
MemFree:            5872 kB
Buffers:             392 kB
Cached:            66544 kB
SwapCached:            0 kB
Active:           335780 kB
Inactive:          35164 kB
Active(anon):     305368 kB
Inactive(anon):     3304 kB
Active(file):      30412 kB
Inactive(file):    31860 kB
Unevictable:        2028 kB
Mlocked:            6176 kB
HighTotal:             0 kB
HighFree:              0 kB
LowTotal:         482068 kB
LowFree:            5872 kB
SwapTotal:             0 kB
SwapFree:              0 kB
Dirty:                 0 kB
Writeback:             0 kB
AnonPages:        306104 kB
Mapped:            85840 kB
Shmem:              3388 kB
Slab:              22412 kB
SReclaimable:       5024 kB
SUnreclaim:        17388 kB
KernelStack:        6048 kB
PageTables:         7660 kB
NFS_Unstable:          0 kB
Bounce:                0 kB
WritebackTmp:          0 kB
CommitLimit:      241032 kB
Committed_AS:    4077452 kB
VmallocTotal:     507904 kB
VmallocUsed:      130552 kB
VmallocChunk:     112576 kB
1557585577.000000
MemTotal:         482068 kB
MemFree:            5856 kB
Buffers:             392 kB
Cached:            66596 kB
SwapCached:            0 kB
Active:           335504 kB
Inactive:          35216 kB
Active(anon):     305096 kB
Inactive(anon):     3304 kB
Active(file):      30408 kB
Inactive(file):    31912 kB
Unevictable:        2028 kB
Mlocked:            6176 kB
HighTotal:             0 kB
HighFree:              0 kB
LowTotal:         482068 kB
LowFree:            5856 kB
SwapTotal:             0 kB
SwapFree:              0 kB
Dirty:                 0 kB
Writeback:             0 kB
AnonPages:        305764 kB
Mapped:            85892 kB
Shmem:              3388 kB
Slab:              22356 kB
SReclaimable:       5024 kB
SUnreclaim:        17332 kB
KernelStack:        6040 kB
PageTables:         7584 kB
NFS_Unstable:          0 kB
Bounce:                0 kB
WritebackTmp:          0 kB
CommitLimit:      241032 kB
Committed_AS:    4077384 kB
VmallocTotal:     507904 kB
VmallocUsed:      130552 kB
VmallocChunk:     112576 kB
1557585578.000000
MemTotal:         482068 kB
MemFree:            6600 kB
Buffers:             388 kB
Cached:            64960 kB
SwapCached:            0 kB
Active:           336120 kB
Inactive:          33720 kB
Active(anon):     305848 kB
Inactive(anon):     3304 kB
Active(file):      30272 kB
Inactive(file):    30416 kB
Unevictable:        2028 kB
Mlocked:            6176 kB
HighTotal:             0 kB
HighFree:              0 kB
LowTotal:         482068 kB
LowFree:            6600 kB
SwapTotal:             0 kB
SwapFree:              0 kB
Dirty:                 0 kB
Writeback:             0 kB
AnonPages:        306516 kB
Mapped:            84228 kB
Shmem:              3388 kB
Slab:              22352 kB
SReclaimable:       5024 kB
SUnreclaim:        17328 kB
KernelStack:        6040 kB
PageTables:         7584 kB
NFS_Unstable:          0 kB
Bounce:                0 kB
WritebackTmp:          0 kB
CommitLimit:      241032 kB
Committed_AS:    4077472 kB
VmallocTotal:     507904 kB
VmallocUsed:      130552 kB
VmallocChunk:     112576 kB
1557585579.000000
MemTotal:         482068 kB
MemFree:            6036 kB
Buffers:             388 kB
Cached:            65100 kB
SwapCached:            0 kB
Active:           336776 kB
Inactive:          33896 kB
Active(anon):     306496 kB
Inactive(anon):     3304 kB
Active(file):      30280 kB
Inactive(file):    30592 kB
Unevictable:        2028 kB
Mlocked:            6176 kB
HighTotal:             0 kB
HighFree:              0 kB
LowTotal:         482068 kB
LowFree:            6036 kB
SwapTotal:             0 kB
SwapFree:              0 kB
Dirty:                 0 kB
Writeback:             0 kB
AnonPages:        307192 kB
Mapped:            84204 kB
Shmem:              3388 kB
Slab:              22360 kB
SReclaimable:       5024 kB
SUnreclaim:        17336 kB
KernelStack:        6040 kB
PageTables:         7596 kB
NFS_Unstable:          0 kB
Bounce:                0 kB
WritebackTmp:          0 kB
CommitLimit:      241032 kB
Committed_AS:    4078404 kB
VmallocTotal:     507904 kB
VmallocUsed:      130552 kB
VmallocChunk:     112576 kB
1557585580.000000
MemTotal:         482068 kB
MemFree:            6244 kB
Buffers:             388 kB
Cached:            64908 kB
SwapCached:            0 kB
Active:           336584 kB
Inactive:          33940 kB
Active(anon):     306552 kB
Inactive(anon):     3304 kB
Active(file):      30032 kB
Inactive(file):    30636 kB
Unevictable:        2028 kB
Mlocked:            6176 kB
HighTotal:             0 kB
HighFree:              0 kB
LowTotal:         482068 kB
LowFree:            6244 kB
SwapTotal:             0 kB
SwapFree:              0 kB
Dirty:                 0 kB
Writeback:             0 kB
AnonPages:        307292 kB
Mapped:            83288 kB
Shmem:              3388 kB
Slab:              22372 kB
SReclaimable:       5024 kB
SUnreclaim:        17348 kB
KernelStack:        6040 kB
PageTables:         7596 kB
NFS_Unstable:          0 kB
Bounce:                0 kB
WritebackTmp:          0 kB
CommitLimit:      241032 kB
Committed_AS:    4078488 kB
VmallocTotal:     507904 kB
VmallocUsed:      130552 kB
VmallocChunk:     112576 kB
1557585581.000000
MemTotal:         482068 kB
MemFree:            6128 kB
Buffers:             388 kB
Cached:            65228 kB
SwapCached:            0 kB
Active:           336748 kB
Inactive:          34192 kB
Active(anon):     306688 kB
Inactive(anon):     3304 kB
Active(file):      30060 kB
Inactive(file):    30888 kB
Unevictable:        2028 kB
Mlocked:            6176 kB
HighTotal:             0 kB
HighFree:              0 kB
LowTotal:         482068 kB
LowFree:            6128 kB
SwapTotal:             0 kB
SwapFree:              0 kB
Dirty:                 0 kB
Writeback:             0 kB
AnonPages:        307376 kB
Mapped:            83432 kB
Shmem:              3388 kB
Slab:              22356 kB
SReclaimable:       5024 kB
SUnreclaim:        17332 kB
KernelStack:        6040 kB
PageTables:         7596 kB
NFS_Unstable:          0 kB
Bounce:                0 kB
WritebackTmp:          0 kB
CommitLimit:      241032 kB
Committed_AS:    4078488 kB
VmallocTotal:     507904 kB
VmallocUsed:      130552 kB
VmallocChunk:     112576 kB
1557585582.000000
MemTotal:         482068 kB
MemFree:            6476 kB
Buffers:             380 kB
Cached:            64024 kB
SwapCached:            0 kB
Active:           336752 kB
Inactive:          33232 kB
Active(anon):     306960 kB
Inactive(anon):     3304 kB
Active(file):      29792 kB
Inactive(file):    29928 kB
Unevictable:        2028 kB
Mlocked:            6176 kB
HighTotal:             0 kB
HighFree:              0 kB
LowTotal:         482068 kB
LowFree:            6476 kB
SwapTotal:             0 kB
SwapFree:              0 kB
Dirty:                 0 kB
Writeback:             0 kB
AnonPages:        307576 kB
Mapped:            82568 kB
Shmem:              3388 kB
Slab:              22340 kB
SReclaimable:       5024 kB
SUnreclaim:        17316 kB
KernelStack:        6040 kB
PageTables:         7584 kB
NFS_Unstable:          0 kB
Bounce:                0 kB
WritebackTmp:          0 kB
CommitLimit:      241032 kB
Committed_AS:    4078368 kB
VmallocTotal:     507904 kB
VmallocUsed:      130552 kB
VmallocChunk:     112576 kB
1557585583.000000
MemTotal:         482068 kB
MemFree:            6360 kB
Buffers:             388 kB
Cached:            63384 kB
SwapCached:            0 kB
Active:           337112 kB
Inactive:          33064 kB
Active(anon):     307768 kB
Inactive(anon):     3304 kB
Active(file):      29344 kB
Inactive(file):    29760 kB
Unevictable:        2028 kB
Mlocked:            6176 kB
HighTotal:             0 kB
HighFree:              0 kB
LowTotal:         482068 kB
LowFree:            6360 kB
SwapTotal:             0 kB
SwapFree:              0 kB
Dirty:                28 kB
Writeback:             0 kB
AnonPages:        308400 kB
Mapped:            82184 kB
Shmem:              3388 kB
Slab:              22356 kB
SReclaimable:       5024 kB
SUnreclaim:        17332 kB
KernelStack:        6048 kB
PageTables:         7592 kB
NFS_Unstable:          0 kB
Bounce:                0 kB
WritebackTmp:          0 kB
CommitLimit:      241032 kB
Committed_AS:    4079256 kB
VmallocTotal:     507904 kB
VmallocUsed:      130552 kB
VmallocChunk:     112576 kB
1557585583.000000
MemTotal:         482068 kB
MemFree:            6276 kB
Buffers:             388 kB
Cached:            63624 kB
SwapCached:            0 kB
Active:           337120 kB
Inactive:          33304 kB
Active(anon):     307752 kB
Inactive(anon):     3304 kB
Active(file):      29368 kB
Inactive(file):    30000 kB
Unevictable:        2028 kB
Mlocked:            6176 kB
HighTotal:             0 kB
HighFree:              0 kB
LowTotal:         482068 kB
LowFree:            6276 kB
SwapTotal:             0 kB
SwapFree:              0 kB
Dirty:                28 kB
Writeback:             0 kB
AnonPages:        308464 kB
Mapped:            82016 kB
Shmem:              3388 kB
Slab:              22348 kB
SReclaimable:       5024 kB
SUnreclaim:        17324 kB
KernelStack:        6040 kB
PageTables:         7584 kB
NFS_Unstable:          0 kB
Bounce:                0 kB
WritebackTmp:          0 kB
CommitLimit:      241032 kB
Committed_AS:    4079256 kB
VmallocTotal:     507904 kB
VmallocUsed:      130552 kB
VmallocChunk:     112576 kB
1557585584.000000
MemTotal:         482068 kB
MemFree:            6260 kB
Buffers:             388 kB
Cached:            63624 kB
SwapCached:            0 kB
Active:           337192 kB
Inactive:          33304 kB
Active(anon):     307824 kB
Inactive(anon):     3304 kB
Active(file):      29368 kB
Inactive(file):    30000 kB
Unevictable:        2028 kB
Mlocked:            6176 kB
HighTotal:             0 kB
HighFree:              0 kB
LowTotal:         482068 kB
LowFree:            6260 kB
SwapTotal:             0 kB
SwapFree:              0 kB
Dirty:                28 kB
Writeback:             0 kB
AnonPages:        308536 kB
Mapped:            82020 kB
Shmem:              3388 kB
Slab:              22352 kB
SReclaimable:       5024 kB
SUnreclaim:        17328 kB
KernelStack:        6032 kB
PageTables:         7584 kB
NFS_Unstable:          0 kB
Bounce:                0 kB
WritebackTmp:          0 kB
CommitLimit:      241032 kB
Committed_AS:    4079256 kB
VmallocTotal:     507904 kB
VmallocUsed:      130552 kB
VmallocChunk:     112576 kB
1557585585.000000
MemTotal:         482068 kB
MemFree:            5408 kB
Buffers:             388 kB
Cached:            63380 kB
SwapCached:            0 kB
Active:           338212 kB
Inactive:          32972 kB
Active(anon):     308756 kB
Inactive(anon):     3304 kB
Active(file):      29456 kB
Inactive(file):    29668 kB
Unevictable:        2028 kB
Mlocked:            6176 kB
HighTotal:             0 kB
HighFree:              0 kB
LowTotal:         482068 kB
LowFree:            5408 kB
SwapTotal:             0 kB
SwapFree:              0 kB
Dirty:                 0 kB
Writeback:             0 kB
AnonPages:        309416 kB
Mapped:            81548 kB
Shmem:              3388 kB
Slab:              22288 kB
SReclaimable:       5024 kB
SUnreclaim:        17264 kB
KernelStack:        6032 kB
PageTables:         7584 kB
NFS_Unstable:          0 kB
Bounce:                0 kB
WritebackTmp:          0 kB
CommitLimit:      241032 kB
Committed_AS:    4079312 kB
VmallocTotal:     507904 kB
VmallocUsed:      130552 kB
VmallocChunk:     112576 kB
1557585586.000000
MemTotal:         482068 kB
MemFree:            5408 kB
Buffers:             388 kB
Cached:            61864 kB
SwapCached:            0 kB
Active:           339100 kB
Inactive:          32168 kB
Active(anon):     310356 kB
Inactive(anon):     3304 kB
Active(file):      28744 kB
Inactive(file):    28864 kB
Unevictable:        2028 kB
Mlocked:            6176 kB
HighTotal:             0 kB
HighFree:              0 kB
LowTotal:         482068 kB
LowFree:            5408 kB
SwapTotal:             0 kB
SwapFree:              0 kB
Dirty:                 0 kB
Writeback:             0 kB
AnonPages:        311032 kB
Mapped:            80272 kB
Shmem:              3388 kB
Slab:              22352 kB
SReclaimable:       5024 kB
SUnreclaim:        17328 kB
KernelStack:        6032 kB
PageTables:         7600 kB
NFS_Unstable:          0 kB
Bounce:                0 kB
WritebackTmp:          0 kB
CommitLimit:      241032 kB
Committed_AS:    4081376 kB
VmallocTotal:     507904 kB
VmallocUsed:      130552 kB
VmallocChunk:     112576 kB
1557585587.000000
MemTotal:         482068 kB
MemFree:            4964 kB
Buffers:             512 kB
Cached:            62240 kB
SwapCached:            0 kB
Active:           339232 kB
Inactive:          32560 kB
Active(anon):     310428 kB
Inactive(anon):     3304 kB
Active(file):      28804 kB
Inactive(file):    29256 kB
Unevictable:        2028 kB
Mlocked:            6176 kB
HighTotal:             0 kB
HighFree:              0 kB
LowTotal:         482068 kB
LowFree:            4964 kB
SwapTotal:             0 kB
SwapFree:              0 kB
Dirty:                 0 kB
Writeback:             0 kB
AnonPages:        311072 kB
Mapped:            80152 kB
Shmem:              3388 kB
Slab:              22284 kB
SReclaimable:       5024 kB
SUnreclaim:        17260 kB
KernelStack:        6024 kB
PageTables:         7588 kB
NFS_Unstable:          0 kB
Bounce:                0 kB
WritebackTmp:          0 kB
CommitLimit:      241032 kB
Committed_AS:    4081440 kB
VmallocTotal:     507904 kB
VmallocUsed:      130552 kB
VmallocChunk:     112576 kB
1557585588.000000
MemTotal:         482068 kB
MemFree:            5716 kB
Buffers:             512 kB
Cached:            61344 kB
SwapCached:            0 kB
Active:           339016 kB
Inactive:          31968 kB
Active(anon):     310512 kB
Inactive(anon):     3304 kB
Active(file):      28504 kB
Inactive(file):    28664 kB
Unevictable:        2028 kB
Mlocked:            6176 kB
HighTotal:             0 kB
HighFree:              0 kB
LowTotal:         482068 kB
LowFree:            5716 kB
SwapTotal:             0 kB
SwapFree:              0 kB
Dirty:                24 kB
Writeback:             0 kB
AnonPages:        311120 kB
Mapped:            79264 kB
Shmem:              3388 kB
Slab:              22384 kB
SReclaimable:       5024 kB
SUnreclaim:        17360 kB
KernelStack:        6032 kB
PageTables:         7648 kB
NFS_Unstable:          0 kB
Bounce:                0 kB
WritebackTmp:          0 kB
CommitLimit:      241032 kB
Committed_AS:    4081440 kB
VmallocTotal:     507904 kB
VmallocUsed:      130552 kB
VmallocChunk:     112576 kB
1557585589.000000
MemTotal:         482068 kB
MemFree:            5336 kB
Buffers:             512 kB
Cached:            61376 kB
SwapCached:            0 kB
Active:           339684 kB
Inactive:          32072 kB
Active(anon):     311180 kB
Inactive(anon):     3304 kB
Active(file):      28504 kB
Inactive(file):    28768 kB
Unevictable:        2028 kB
Mlocked:            6176 kB
HighTotal:             0 kB
HighFree:              0 kB
LowTotal:         482068 kB
LowFree:            5336 kB
SwapTotal:             0 kB
SwapFree:              0 kB
Dirty:                24 kB
Writeback:             0 kB
AnonPages:        311872 kB
Mapped:            79256 kB
Shmem:              3388 kB
Slab:              22340 kB
SReclaimable:       5024 kB
SUnreclaim:        17316 kB
KernelStack:        6032 kB
PageTables:         7588 kB
NFS_Unstable:          0 kB
Bounce:                0 kB
WritebackTmp:          0 kB
CommitLimit:      241032 kB
Committed_AS:    4081320 kB
VmallocTotal:     507904 kB
VmallocUsed:      130552 kB
VmallocChunk:     112576 kB
1557585590.000000
MemTotal:         482068 kB
MemFree:            4880 kB
Buffers:             504 kB
Cached:            60900 kB
SwapCached:            0 kB
Active:           340324 kB
Inactive:          31640 kB
Active(anon):     311892 kB
Inactive(anon):     3304 kB
Active(file):      28432 kB
Inactive(file):    28336 kB
Unevictable:        2028 kB
Mlocked:            6176 kB
HighTotal:             0 kB
HighFree:              0 kB
LowTotal:         482068 kB
LowFree:            4880 kB
SwapTotal:             0 kB
SwapFree:              0 kB
Dirty:                24 kB
Writeback:             0 kB
AnonPages:        312576 kB
Mapped:            78736 kB
Shmem:              3388 kB
Slab:              22324 kB
SReclaimable:       5024 kB
SUnreclaim:        17300 kB
KernelStack:        6040 kB
PageTables:         7608 kB
NFS_Unstable:          0 kB
Bounce:                0 kB
WritebackTmp:          0 kB
CommitLimit:      241032 kB
Committed_AS:    4081324 kB
VmallocTotal:     507904 kB
VmallocUsed:      130552 kB
VmallocChunk:     112576 kB
1557585591.000000
MemTotal:         482068 kB
MemFree:            4988 kB
Buffers:             504 kB
Cached:            60768 kB
SwapCached:            0 kB
Active:           340112 kB
Inactive:          31688 kB
Active(anon):     311944 kB
Inactive(anon):     3300 kB
Active(file):      28168 kB
Inactive(file):    28388 kB
Unevictable:        2028 kB
Mlocked:            6176 kB
HighTotal:             0 kB
HighFree:              0 kB
LowTotal:         482068 kB
LowFree:            4988 kB
SwapTotal:             0 kB
SwapFree:              0 kB
Dirty:                 0 kB
Writeback:             8 kB
AnonPages:        312548 kB
Mapped:            78408 kB
Shmem:              3388 kB
Slab:              22332 kB
SReclaimable:       5020 kB
SUnreclaim:        17312 kB
KernelStack:        6024 kB
PageTables:         7588 kB
NFS_Unstable:          0 kB
Bounce:                0 kB
WritebackTmp:          0 kB
CommitLimit:      241032 kB
Committed_AS:    4081428 kB
VmallocTotal:     507904 kB
VmallocUsed:      130552 kB
VmallocChunk:     112576 kB
1557585592.000000
MemTotal:         482068 kB
MemFree:            4708 kB
Buffers:             504 kB
Cached:            60764 kB
SwapCached:            0 kB
Active:           340156 kB
Inactive:          31756 kB
Active(anon):     311988 kB
Inactive(anon):     3300 kB
Active(file):      28168 kB
Inactive(file):    28456 kB
Unevictable:        2028 kB
Mlocked:            6176 kB
HighTotal:             0 kB
HighFree:              0 kB
LowTotal:         482068 kB
LowFree:            4708 kB
SwapTotal:             0 kB
SwapFree:              0 kB
Dirty:                 0 kB
Writeback:             0 kB
AnonPages:        312672 kB
Mapped:            78424 kB
Shmem:              3388 kB
Slab:              22336 kB
SReclaimable:       5020 kB
SUnreclaim:        17316 kB
KernelStack:        6032 kB
PageTables:         7600 kB
NFS_Unstable:          0 kB
Bounce:                0 kB
WritebackTmp:          0 kB
CommitLimit:      241032 kB
Committed_AS:    4081348 kB
VmallocTotal:     507904 kB
VmallocUsed:      130552 kB
VmallocChunk:     112576 kB
1557585593.000000
MemTotal:         482068 kB
MemFree:            4948 kB
Buffers:             504 kB
Cached:            60800 kB
SwapCached:            0 kB
Active:           339912 kB
Inactive:          31764 kB
Active(anon):     311744 kB
Inactive(anon):     3296 kB
Active(file):      28168 kB
Inactive(file):    28468 kB
Unevictable:        2028 kB
Mlocked:            6176 kB
HighTotal:             0 kB
HighFree:              0 kB
LowTotal:         482068 kB
LowFree:            4948 kB
SwapTotal:             0 kB
SwapFree:              0 kB
Dirty:                 0 kB
Writeback:             0 kB
AnonPages:        312424 kB
Mapped:            78444 kB
Shmem:              3396 kB
Slab:              22336 kB
SReclaimable:       5020 kB
SUnreclaim:        17316 kB
KernelStack:        6032 kB
PageTables:         7604 kB
NFS_Unstable:          0 kB
Bounce:                0 kB
WritebackTmp:          0 kB
CommitLimit:      241032 kB
Committed_AS:    4081448 kB
VmallocTotal:     507904 kB
VmallocUsed:      130552 kB
VmallocChunk:     112576 kB
1557585594.000000
MemTotal:         482068 kB
MemFree:            6088 kB
Buffers:             504 kB
Cached:            59052 kB
SwapCached:            0 kB
Active:           339620 kB
Inactive:          30804 kB
Active(anon):     312296 kB
Inactive(anon):     3296 kB
Active(file):      27324 kB
Inactive(file):    27508 kB
Unevictable:        2028 kB
Mlocked:            6176 kB
HighTotal:             0 kB
HighFree:              0 kB
LowTotal:         482068 kB
LowFree:            6088 kB
SwapTotal:             0 kB
SwapFree:              0 kB
Dirty:                 0 kB
Writeback:             0 kB
AnonPages:        312980 kB
Mapped:            76620 kB
Shmem:              3396 kB
Slab:              22340 kB
SReclaimable:       5020 kB
SUnreclaim:        17320 kB
KernelStack:        6032 kB
PageTables:         7604 kB
NFS_Unstable:          0 kB
Bounce:                0 kB
WritebackTmp:          0 kB
CommitLimit:      241032 kB
Committed_AS:    4081396 kB
VmallocTotal:     507904 kB
VmallocUsed:      130552 kB
VmallocChunk:     112576 kB
1557585595.000000
MemTotal:         482068 kB
MemFree:            6420 kB
Buffers:             504 kB
Cached:            58092 kB
SwapCached:            0 kB
Active:           339692 kB
Inactive:          30308 kB
Active(anon):     312772 kB
Inactive(anon):     3292 kB
Active(file):      26920 kB
Inactive(file):    27016 kB
Unevictable:        2028 kB
Mlocked:            6176 kB
HighTotal:             0 kB
HighFree:              0 kB
LowTotal:         482068 kB
LowFree:            6420 kB
SwapTotal:             0 kB
SwapFree:              0 kB
Dirty:                 0 kB
Writeback:             0 kB
AnonPages:        313460 kB
Mapped:            75760 kB
Shmem:              3396 kB
Slab:              22348 kB
SReclaimable:       5020 kB
SUnreclaim:        17328 kB
KernelStack:        6032 kB
PageTables:         7608 kB
NFS_Unstable:          0 kB
Bounce:                0 kB
WritebackTmp:          0 kB
CommitLimit:      241032 kB
Committed_AS:    4083496 kB
VmallocTotal:     507904 kB
VmallocUsed:      130552 kB
VmallocChunk:     112576 kB
1557585596.000000
MemTotal:         482068 kB
MemFree:            6848 kB
Buffers:             504 kB
Cached:            57872 kB
SwapCached:            0 kB
Active:           339596 kB
Inactive:          30228 kB
Active(anon):     312792 kB
Inactive(anon):     3292 kB
Active(file):      26804 kB
Inactive(file):    26936 kB
Unevictable:        2028 kB
Mlocked:            6176 kB
HighTotal:             0 kB
HighFree:              0 kB
LowTotal:         482068 kB
LowFree:            6848 kB
SwapTotal:             0 kB
SwapFree:              0 kB
Dirty:                 0 kB
Writeback:             0 kB
AnonPages:        313508 kB
Mapped:            75408 kB
Shmem:              3396 kB
Slab:              22328 kB
SReclaimable:       5020 kB
SUnreclaim:        17308 kB
KernelStack:        6032 kB
PageTables:         7592 kB
NFS_Unstable:          0 kB
Bounce:                0 kB
WritebackTmp:          0 kB
CommitLimit:      241032 kB
Committed_AS:    4083400 kB
VmallocTotal:     507904 kB
VmallocUsed:      130552 kB
VmallocChunk:     112576 kB
1557585596.000000
MemTotal:         482068 kB
MemFree:            6784 kB
Buffers:             504 kB
Cached:            57928 kB
SwapCached:            0 kB
Active:           339712 kB
Inactive:          30252 kB
Active(anon):     312892 kB
Inactive(anon):     3292 kB
Active(file):      26820 kB
Inactive(file):    26960 kB
Unevictable:        2028 kB
Mlocked:            6176 kB
HighTotal:             0 kB
HighFree:              0 kB
LowTotal:         482068 kB
LowFree:            6784 kB
SwapTotal:             0 kB
SwapFree:              0 kB
Dirty:                 0 kB
Writeback:             0 kB
AnonPages:        313572 kB
Mapped:            75504 kB
Shmem:              3396 kB
Slab:              22344 kB
SReclaimable:       5020 kB
SUnreclaim:        17324 kB
KernelStack:        6032 kB
PageTables:         7604 kB
NFS_Unstable:          0 kB
Bounce:                0 kB
WritebackTmp:          0 kB
CommitLimit:      241032 kB
Committed_AS:    4083500 kB
VmallocTotal:     507904 kB
VmallocUsed:      130552 kB
VmallocChunk:     112576 kB
1557585597.000000
MemTotal:         482068 kB
MemFree:            7452 kB
Buffers:             520 kB
Cached:            56340 kB
SwapCached:            0 kB
Active:           339576 kB
Inactive:          29476 kB
Active(anon):     313568 kB
Inactive(anon):     3292 kB
Active(file):      26008 kB
Inactive(file):    26184 kB
Unevictable:        2028 kB
Mlocked:            6176 kB
HighTotal:             0 kB
HighFree:              0 kB
LowTotal:         482068 kB
LowFree:            7452 kB
SwapTotal:             0 kB
SwapFree:              0 kB
Dirty:                 4 kB
Writeback:             0 kB
AnonPages:        314280 kB
Mapped:            74164 kB
Shmem:              3396 kB
Slab:              22344 kB
SReclaimable:       5020 kB
SUnreclaim:        17324 kB
KernelStack:        6040 kB
PageTables:         7604 kB
NFS_Unstable:          0 kB
Bounce:                0 kB
WritebackTmp:          0 kB
CommitLimit:      241032 kB
Committed_AS:    4083500 kB
VmallocTotal:     507904 kB
VmallocUsed:      130552 kB
VmallocChunk:     112576 kB
1557585598.000000
MemTotal:         482068 kB
MemFree:           18868 kB
Buffers:             528 kB
Cached:            56440 kB
SwapCached:            0 kB
Active:           328760 kB
Inactive:          29600 kB
Active(anon):     302752 kB
Inactive(anon):     3292 kB
Active(file):      26008 kB
Inactive(file):    26308 kB
Unevictable:        2028 kB
Mlocked:            6176 kB
HighTotal:             0 kB
HighFree:              0 kB
LowTotal:         482068 kB
LowFree:           18868 kB
SwapTotal:             0 kB
SwapFree:              0 kB
Dirty:                36 kB
Writeback:             0 kB
AnonPages:        303332 kB
Mapped:            74196 kB
Shmem:              3396 kB
Slab:              22340 kB
SReclaimable:       5020 kB
SUnreclaim:        17320 kB
KernelStack:        5792 kB
PageTables:         7288 kB
NFS_Unstable:          0 kB
Bounce:                0 kB
WritebackTmp:          0 kB
CommitLimit:      241032 kB
Committed_AS:    3943704 kB
VmallocTotal:     507904 kB
VmallocUsed:      128508 kB
VmallocChunk:     112576 kB
1557585599.000000
MemTotal:         482068 kB
MemFree:           17728 kB
Buffers:             528 kB
Cached:            57960 kB
SwapCached:            0 kB
Active:           328828 kB
Inactive:          31116 kB
Active(anon):     302816 kB
Inactive(anon):     3292 kB
Active(file):      26012 kB
Inactive(file):    27824 kB
Unevictable:        2028 kB
Mlocked:            6176 kB
HighTotal:             0 kB
HighFree:              0 kB
LowTotal:         482068 kB
LowFree:           17728 kB
SwapTotal:             0 kB
SwapFree:              0 kB
Dirty:                36 kB
Writeback:             0 kB
AnonPages:        303484 kB
Mapped:            74480 kB
Shmem:              3396 kB
Slab:              22336 kB
SReclaimable:       5020 kB
SUnreclaim:        17316 kB
KernelStack:        5792 kB
PageTables:         7288 kB
NFS_Unstable:          0 kB
Bounce:                0 kB
WritebackTmp:          0 kB
CommitLimit:      241032 kB
Committed_AS:    3943644 kB
VmallocTotal:     507904 kB
VmallocUsed:      128508 kB
VmallocChunk:     112576 kB
1557585600.000000
MemTotal:         482068 kB
MemFree:           15264 kB
Buffers:             528 kB
Cached:            60036 kB
SwapCached:            0 kB
Active:           329208 kB
Inactive:          33192 kB
Active(anon):     303196 kB
Inactive(anon):     3292 kB
Active(file):      26012 kB
Inactive(file):    29900 kB
Unevictable:        2028 kB
Mlocked:            6176 kB
HighTotal:             0 kB
HighFree:              0 kB
LowTotal:         482068 kB
LowFree:           15264 kB
SwapTotal:             0 kB
SwapFree:              0 kB
Dirty:                 0 kB
Writeback:             0 kB
AnonPages:        303888 kB
Mapped:            74912 kB
Shmem:              3396 kB
Slab:              22320 kB
SReclaimable:       5020 kB
SUnreclaim:        17300 kB
KernelStack:        5800 kB
PageTables:         7276 kB
NFS_Unstable:          0 kB
Bounce:                0 kB
WritebackTmp:          0 kB
CommitLimit:      241032 kB
Committed_AS:    3943644 kB
VmallocTotal:     507904 kB
VmallocUsed:      128508 kB
VmallocChunk:     112576 kB
1557585601.000000
MemTotal:         482068 kB
MemFree:           13816 kB
Buffers:             528 kB
Cached:            60776 kB
SwapCached:            0 kB
Active:           329920 kB
Inactive:          33932 kB
Active(anon):     303908 kB
Inactive(anon):     3292 kB
Active(file):      26012 kB
Inactive(file):    30640 kB
Unevictable:        2028 kB
Mlocked:            6176 kB
HighTotal:             0 kB
HighFree:              0 kB
LowTotal:         482068 kB
LowFree:           13816 kB
SwapTotal:             0 kB
SwapFree:              0 kB
Dirty:                 0 kB
Writeback:             0 kB
AnonPages:        304600 kB
Mapped:            75044 kB
Shmem:              3396 kB
Slab:              22364 kB
SReclaimable:       5020 kB
SUnreclaim:        17344 kB
KernelStack:        5800 kB
PageTables:         7300 kB
NFS_Unstable:          0 kB
Bounce:                0 kB
WritebackTmp:          0 kB
CommitLimit:      241032 kB
Committed_AS:    3943644 kB
VmallocTotal:     507904 kB
VmallocUsed:      128508 kB
VmallocChunk:     112576 kB
1557585602.000000
MemTotal:         482068 kB
MemFree:           12312 kB
Buffers:             528 kB
Cached:            60896 kB
SwapCached:            0 kB
Active:           331096 kB
Inactive:          34052 kB
Active(anon):     305084 kB
Inactive(anon):     3292 kB
Active(file):      26012 kB
Inactive(file):    30760 kB
Unevictable:        2028 kB
Mlocked:            6176 kB
HighTotal:             0 kB
HighFree:              0 kB
LowTotal:         482068 kB
LowFree:           12312 kB
SwapTotal:             0 kB
SwapFree:              0 kB
Dirty:                 0 kB
Writeback:             0 kB
AnonPages:        305800 kB
Mapped:            75052 kB
Shmem:              3396 kB
Slab:              22316 kB
SReclaimable:       5020 kB
SUnreclaim:        17296 kB
KernelStack:        5792 kB
PageTables:         7276 kB
NFS_Unstable:          0 kB
Bounce:                0 kB
WritebackTmp:          0 kB
CommitLimit:      241032 kB
Committed_AS:    3944668 kB
VmallocTotal:     507904 kB
VmallocUsed:      128508 kB
VmallocChunk:     112576 kB
1557585603.000000
MemTotal:         482068 kB
MemFree:            8468 kB
Buffers:             536 kB
Cached:            64712 kB
SwapCached:            0 kB
Active:           331276 kB
Inactive:          37828 kB
Active(anon):     305216 kB
Inactive(anon):     3292 kB
Active(file):      26060 kB
Inactive(file):    34536 kB
Unevictable:        2028 kB
Mlocked:            6176 kB
HighTotal:             0 kB
HighFree:              0 kB
LowTotal:         482068 kB
LowFree:            8468 kB
SwapTotal:             0 kB
SwapFree:              0 kB
Dirty:                72 kB
Writeback:             0 kB
AnonPages:        305908 kB
Mapped:            75440 kB
Shmem:              3396 kB
Slab:              22332 kB
SReclaimable:       5020 kB
SUnreclaim:        17312 kB
KernelStack:        5792 kB
PageTables:         7276 kB
NFS_Unstable:          0 kB
Bounce:                0 kB
WritebackTmp:          0 kB
CommitLimit:      241032 kB
Committed_AS:    3944768 kB
VmallocTotal:     507904 kB
VmallocUsed:      128508 kB
VmallocChunk:     112576 kB
1557585604.000000
MemTotal:         482068 kB
MemFree:            8196 kB
Buffers:             536 kB
Cached:            64712 kB
SwapCached:            0 kB
Active:           331380 kB
Inactive:          37828 kB
Active(anon):     305320 kB
Inactive(anon):     3292 kB
Active(file):      26060 kB
Inactive(file):    34536 kB
Unevictable:        2028 kB
Mlocked:            6176 kB
HighTotal:             0 kB
HighFree:              0 kB
LowTotal:         482068 kB
LowFree:            8196 kB
SwapTotal:             0 kB
SwapFree:              0 kB
Dirty:                72 kB
Writeback:             0 kB
AnonPages:        305984 kB
Mapped:            75440 kB
Shmem:              3396 kB
Slab:              22332 kB
SReclaimable:       5020 kB
SUnreclaim:        17312 kB
KernelStack:        5792 kB
PageTables:         7276 kB
NFS_Unstable:          0 kB
Bounce:                0 kB
WritebackTmp:          0 kB
CommitLimit:      241032 kB
Committed_AS:    3944672 kB
VmallocTotal:     507904 kB
VmallocUsed:      128508 kB
VmallocChunk:     112576 kB
1557585605.000000
MemTotal:         482068 kB
MemFree:            7940 kB
Buffers:             536 kB
Cached:            64788 kB
SwapCached:            0 kB
Active:           331704 kB
Inactive:          37880 kB
Active(anon):     305644 kB
Inactive(anon):     3292 kB
Active(file):      26060 kB
Inactive(file):    34588 kB
Unevictable:        2028 kB
Mlocked:            6176 kB
HighTotal:             0 kB
HighFree:              0 kB
LowTotal:         482068 kB
LowFree:            7940 kB
SwapTotal:             0 kB
SwapFree:              0 kB
Dirty:                72 kB
Writeback:             0 kB
AnonPages:        306276 kB
Mapped:            75440 kB
Shmem:              3396 kB
Slab:              22328 kB
SReclaimable:       5020 kB
SUnreclaim:        17308 kB
KernelStack:        5792 kB
PageTables:         7276 kB
NFS_Unstable:          0 kB
Bounce:                0 kB
WritebackTmp:          0 kB
CommitLimit:      241032 kB
Committed_AS:    3944768 kB
VmallocTotal:     507904 kB
VmallocUsed:      128508 kB
VmallocChunk:     112576 kB
1557585606.000000
MemTotal:         482068 kB
MemFree:            7724 kB
Buffers:             536 kB
Cached:            65076 kB
SwapCached:            0 kB
Active:           331452 kB
Inactive:          38148 kB
Active(anon):     305392 kB
Inactive(anon):     3292 kB
Active(file):      26060 kB
Inactive(file):    34856 kB
Unevictable:        2028 kB
Mlocked:            6176 kB
HighTotal:             0 kB
HighFree:              0 kB
LowTotal:         482068 kB
LowFree:            7724 kB
SwapTotal:             0 kB
SwapFree:              0 kB
Dirty:                 0 kB
Writeback:             0 kB
AnonPages:        306044 kB
Mapped:            75496 kB
Shmem:              3396 kB
Slab:              22332 kB
SReclaimable:       5020 kB
SUnreclaim:        17312 kB
KernelStack:        5792 kB
PageTables:         7288 kB
NFS_Unstable:          0 kB
Bounce:                0 kB
WritebackTmp:          0 kB
CommitLimit:      241032 kB
Committed_AS:    3944848 kB
VmallocTotal:     507904 kB
VmallocUsed:      128508 kB
VmallocChunk:     112576 kB
1557585607.000000
MemTotal:         482068 kB
MemFree:            7816 kB
Buffers:             536 kB
Cached:            65172 kB
SwapCached:            0 kB
Active:           331296 kB
Inactive:          38288 kB
Active(anon):     305236 kB
Inactive(anon):     3292 kB
Active(file):      26060 kB
Inactive(file):    34996 kB
Unevictable:        2028 kB
Mlocked:            6176 kB
HighTotal:             0 kB
HighFree:              0 kB
LowTotal:         482068 kB
LowFree:            7816 kB
SwapTotal:             0 kB
SwapFree:              0 kB
Dirty:                 0 kB
Writeback:             0 kB
AnonPages:        305856 kB
Mapped:            75564 kB
Shmem:              3396 kB
Slab:              22336 kB
SReclaimable:       5020 kB
SUnreclaim:        17316 kB
KernelStack:        5792 kB
PageTables:         7288 kB
NFS_Unstable:          0 kB
Bounce:                0 kB
WritebackTmp:          0 kB
CommitLimit:      241032 kB
Committed_AS:    3944928 kB
VmallocTotal:     507904 kB
VmallocUsed:      128508 kB
VmallocChunk:     112576 kB
1557585608.000000
MemTotal:         482068 kB
MemFree:            8228 kB
Buffers:             536 kB
Cached:            65172 kB
SwapCached:            0 kB
Active:           330960 kB
Inactive:          38288 kB
Active(anon):     304900 kB
Inactive(anon):     3292 kB
Active(file):      26060 kB
Inactive(file):    34996 kB
Unevictable:        2028 kB
Mlocked:            6176 kB
HighTotal:             0 kB
HighFree:              0 kB
LowTotal:         482068 kB
LowFree:            8228 kB
SwapTotal:             0 kB
SwapFree:              0 kB
Dirty:                 0 kB
Writeback:             0 kB
AnonPages:        305628 kB
Mapped:            75488 kB
Shmem:              3396 kB
Slab:              22364 kB
SReclaimable:       5020 kB
SUnreclaim:        17344 kB
KernelStack:        5792 kB
PageTables:         7212 kB
NFS_Unstable:          0 kB
Bounce:                0 kB
WritebackTmp:          0 kB
CommitLimit:      241032 kB
Committed_AS:    3944960 kB
VmallocTotal:     507904 kB
VmallocUsed:      128508 kB
VmallocChunk:     112576 kB
1557585609.000000
MemTotal:         482068 kB
MemFree:            8072 kB
Buffers:             544 kB
Cached:            65164 kB
SwapCached:            0 kB
Active:           331068 kB
Inactive:          38288 kB
Active(anon):     305008 kB
Inactive(anon):     3292 kB
Active(file):      26060 kB
Inactive(file):    34996 kB
Unevictable:        2028 kB
Mlocked:            6176 kB
HighTotal:             0 kB
HighFree:              0 kB
LowTotal:         482068 kB
LowFree:            8072 kB
SwapTotal:             0 kB
SwapFree:              0 kB
Dirty:                 4 kB
Writeback:             0 kB
AnonPages:        305736 kB
Mapped:            75488 kB
Shmem:              3396 kB
Slab:              22344 kB
SReclaimable:       5020 kB
SUnreclaim:        17324 kB
KernelStack:        5792 kB
PageTables:         7288 kB
NFS_Unstable:          0 kB
Bounce:                0 kB
WritebackTmp:          0 kB
CommitLimit:      241032 kB
Committed_AS:    3944992 kB
VmallocTotal:     507904 kB
VmallocUsed:      128508 kB
VmallocChunk:     112576 kB
1557585609.000000
MemTotal:         482068 kB
MemFree:            7932 kB
Buffers:             544 kB
Cached:            65172 kB
SwapCached:            0 kB
Active:           331184 kB
Inactive:          38296 kB
Active(anon):     305124 kB
Inactive(anon):     3292 kB
Active(file):      26060 kB
Inactive(file):    35004 kB
Unevictable:        2028 kB
Mlocked:            6176 kB
HighTotal:             0 kB
HighFree:              0 kB
LowTotal:         482068 kB
LowFree:            7932 kB
SwapTotal:             0 kB
SwapFree:              0 kB
Dirty:                 4 kB
Writeback:             0 kB
AnonPages:        305764 kB
Mapped:            75436 kB
Shmem:              3396 kB
Slab:              22340 kB
SReclaimable:       5020 kB
SUnreclaim:        17320 kB
KernelStack:        5792 kB
PageTables:         7276 kB
NFS_Unstable:          0 kB
Bounce:                0 kB
WritebackTmp:          0 kB
CommitLimit:      241032 kB
Committed_AS:    3946056 kB
VmallocTotal:     507904 kB
VmallocUsed:      128508 kB
VmallocChunk:     112576 kB
1557585610.000000
MemTotal:         482068 kB
MemFree:            7576 kB
Buffers:             544 kB
Cached:            65172 kB
SwapCached:            0 kB
Active:           331620 kB
Inactive:          38296 kB
Active(anon):     305560 kB
Inactive(anon):     3292 kB
Active(file):      26060 kB
Inactive(file):    35004 kB
Unevictable:        2028 kB
Mlocked:            6176 kB
HighTotal:             0 kB
HighFree:              0 kB
LowTotal:         482068 kB
LowFree:            7576 kB
SwapTotal:             0 kB
SwapFree:              0 kB
Dirty:                 4 kB
Writeback:             0 kB
AnonPages:        306204 kB
Mapped:            75460 kB
Shmem:              3396 kB
Slab:              22352 kB
SReclaimable:       5020 kB
SUnreclaim:        17332 kB
KernelStack:        5800 kB
PageTables:         7284 kB
NFS_Unstable:          0 kB
Bounce:                0 kB
WritebackTmp:          0 kB
CommitLimit:      241032 kB
Committed_AS:    3945968 kB
VmallocTotal:     507904 kB
VmallocUsed:      128508 kB
VmallocChunk:     112576 kB
1557585611.000000
MemTotal:         482068 kB
MemFree:            8468 kB
Buffers:             544 kB
Cached:            65236 kB
SwapCached:            0 kB
Active:           330596 kB
Inactive:          38356 kB
Active(anon):     304536 kB
Inactive(anon):     3288 kB
Active(file):      26060 kB
Inactive(file):    35068 kB
Unevictable:        2028 kB
Mlocked:            6176 kB
HighTotal:             0 kB
HighFree:              0 kB
LowTotal:         482068 kB
LowFree:            8468 kB
SwapTotal:             0 kB
SwapFree:              0 kB
Dirty:                 0 kB
Writeback:             4 kB
AnonPages:        305172 kB
Mapped:            75516 kB
Shmem:              3396 kB
Slab:              22328 kB
SReclaimable:       5020 kB
SUnreclaim:        17308 kB
KernelStack:        5792 kB
PageTables:         7276 kB
NFS_Unstable:          0 kB
Bounce:                0 kB
WritebackTmp:          0 kB
CommitLimit:      241032 kB
Committed_AS:    3946020 kB
VmallocTotal:     507904 kB
VmallocUsed:      128508 kB
VmallocChunk:     112576 kB
1557585612.000000
MemTotal:         482068 kB
MemFree:            8460 kB
Buffers:             544 kB
Cached:            65236 kB
SwapCached:            0 kB
Active:           330856 kB
Inactive:          38356 kB
Active(anon):     304796 kB
Inactive(anon):     3288 kB
Active(file):      26060 kB
Inactive(file):    35068 kB
Unevictable:        2028 kB
Mlocked:            6176 kB
HighTotal:             0 kB
HighFree:              0 kB
LowTotal:         482068 kB
LowFree:            8460 kB
SwapTotal:             0 kB
SwapFree:              0 kB
Dirty:                 0 kB
Writeback:             4 kB
AnonPages:        305476 kB
Mapped:            75516 kB
Shmem:              3396 kB
Slab:              22328 kB
SReclaimable:       5020 kB
SUnreclaim:        17308 kB
KernelStack:        5792 kB
PageTables:         7352 kB
NFS_Unstable:          0 kB
Bounce:                0 kB
WritebackTmp:          0 kB
CommitLimit:      241032 kB
Committed_AS:    3946152 kB
VmallocTotal:     507904 kB
VmallocUsed:      128508 kB
VmallocChunk:     112576 kB
1557585613.000000
MemTotal:         482068 kB
MemFree:            8468 kB
Buffers:             544 kB
Cached:            65248 kB
SwapCached:            0 kB
Active:           330840 kB
Inactive:          38356 kB
Active(anon):     304780 kB
Inactive(anon):     3288 kB
Active(file):      26060 kB
Inactive(file):    35068 kB
Unevictable:        2028 kB
Mlocked:            6176 kB
HighTotal:             0 kB
HighFree:              0 kB
LowTotal:         482068 kB
LowFree:            8468 kB
SwapTotal:             0 kB
SwapFree:              0 kB
Dirty:                 0 kB
Writeback:             0 kB
AnonPages:        305404 kB
Mapped:            75452 kB
Shmem:              3408 kB
Slab:              22336 kB
SReclaimable:       5020 kB
SUnreclaim:        17316 kB
KernelStack:        5792 kB
PageTables:         7280 kB
NFS_Unstable:          0 kB
Bounce:                0 kB
WritebackTmp:          0 kB
CommitLimit:      241032 kB
Committed_AS:    3946252 kB
VmallocTotal:     507904 kB
VmallocUsed:      128508 kB
VmallocChunk:     112576 kB
1557585614.000000
MemTotal:         482068 kB
MemFree:            8056 kB
Buffers:             544 kB
Cached:            65248 kB
SwapCached:            0 kB
Active:           330936 kB
Inactive:          38356 kB
Active(anon):     304876 kB
Inactive(anon):     3288 kB
Active(file):      26060 kB
Inactive(file):    35068 kB
Unevictable:        2028 kB
Mlocked:            6176 kB
HighTotal:             0 kB
HighFree:              0 kB
LowTotal:         482068 kB
LowFree:            8056 kB
SwapTotal:             0 kB
SwapFree:              0 kB
Dirty:                 0 kB
Writeback:             0 kB
AnonPages:        305532 kB
Mapped:            75528 kB
Shmem:              3408 kB
Slab:              22328 kB
SReclaimable:       5020 kB
SUnreclaim:        17308 kB
KernelStack:        5784 kB
PageTables:         7280 kB
NFS_Unstable:          0 kB
Bounce:                0 kB
WritebackTmp:          0 kB
CommitLimit:      241032 kB
Committed_AS:    3946148 kB
VmallocTotal:     507904 kB
VmallocUsed:      128508 kB
VmallocChunk:     112576 kB
1557585615.000000
MemTotal:         482068 kB
MemFree:            8452 kB
Buffers:             544 kB
Cached:            65268 kB
SwapCached:            0 kB
Active:           330516 kB
Inactive:          38376 kB
Active(anon):     304456 kB
Inactive(anon):     3288 kB
Active(file):      26060 kB
Inactive(file):    35088 kB
Unevictable:        2028 kB
Mlocked:            6176 kB
HighTotal:             0 kB
HighFree:              0 kB
LowTotal:         482068 kB
LowFree:            8452 kB
SwapTotal:             0 kB
SwapFree:              0 kB
Dirty:                 0 kB
Writeback:             0 kB
AnonPages:        305120 kB
Mapped:            75540 kB
Shmem:              3408 kB
Slab:              22336 kB
SReclaimable:       5020 kB
SUnreclaim:        17316 kB
KernelStack:        5792 kB
PageTables:         7280 kB
NFS_Unstable:          0 kB
Bounce:                0 kB
WritebackTmp:          0 kB
CommitLimit:      241032 kB
Committed_AS:    3946204 kB
VmallocTotal:     507904 kB
VmallocUsed:      128508 kB
VmallocChunk:     112576 kB
1557585616.000000
MemTotal:         482068 kB
MemFree:            8328 kB
Buffers:             544 kB
Cached:            65352 kB
SwapCached:            0 kB
Active:           330676 kB
Inactive:          38460 kB
Active(anon):     304616 kB
Inactive(anon):     3288 kB
Active(file):      26060 kB
Inactive(file):    35172 kB
Unevictable:        2028 kB
Mlocked:            6176 kB
HighTotal:             0 kB
HighFree:              0 kB
LowTotal:         482068 kB
LowFree:            8328 kB
SwapTotal:             0 kB
SwapFree:              0 kB
Dirty:                 0 kB
Writeback:             0 kB
AnonPages:        305312 kB
Mapped:            75532 kB
Shmem:              3408 kB
Slab:              22360 kB
SReclaimable:       5020 kB
SUnreclaim:        17340 kB
KernelStack:        5792 kB
PageTables:         7292 kB
NFS_Unstable:          0 kB
Bounce:                0 kB
WritebackTmp:          0 kB
CommitLimit:      241032 kB
Committed_AS:    3946208 kB
VmallocTotal:     507904 kB
VmallocUsed:      128508 kB
VmallocChunk:     112576 kB
1557585617.000000
MemTotal:         482068 kB
MemFree:            8536 kB
Buffers:             544 kB
Cached:            65360 kB
SwapCached:            0 kB
Active:           330240 kB
Inactive:          38468 kB
Active(anon):     304180 kB
Inactive(anon):     3296 kB
Active(file):      26060 kB
Inactive(file):    35172 kB
Unevictable:        2028 kB
Mlocked:            6176 kB
HighTotal:             0 kB
HighFree:              0 kB
LowTotal:         482068 kB
LowFree:            8536 kB
SwapTotal:             0 kB
SwapFree:              0 kB
Dirty:                 0 kB
Writeback:             0 kB
AnonPages:        304832 kB
Mapped:            75540 kB
Shmem:              3416 kB
Slab:              22348 kB
SReclaimable:       5020 kB
SUnreclaim:        17328 kB
KernelStack:        5792 kB
PageTables:         7292 kB
NFS_Unstable:          0 kB
Bounce:                0 kB
WritebackTmp:          0 kB
CommitLimit:      241032 kB
Committed_AS:    3946208 kB
VmallocTotal:     507904 kB
VmallocUsed:      128508 kB
VmallocChunk:     112576 kB
1557585618.000000
MemTotal:         482068 kB
MemFree:            8948 kB
Buffers:             544 kB
Cached:            65360 kB
SwapCached:            0 kB
Active:           329760 kB
Inactive:          38468 kB
Active(anon):     303700 kB
Inactive(anon):     3296 kB
Active(file):      26060 kB
Inactive(file):    35172 kB
Unevictable:        2028 kB
Mlocked:            6176 kB
HighTotal:             0 kB
HighFree:              0 kB
LowTotal:         482068 kB
LowFree:            8948 kB
SwapTotal:             0 kB
SwapFree:              0 kB
Dirty:                 0 kB
Writeback:             0 kB
AnonPages:        304324 kB
Mapped:            75516 kB
Shmem:              3416 kB
Slab:              22344 kB
SReclaimable:       5020 kB
SUnreclaim:        17324 kB
KernelStack:        5792 kB
PageTables:         7288 kB
NFS_Unstable:          0 kB
Bounce:                0 kB
WritebackTmp:          0 kB
CommitLimit:      241032 kB
Committed_AS:    3946224 kB
VmallocTotal:     507904 kB
VmallocUsed:      128508 kB
VmallocChunk:     112576 kB
1557585619.000000
MemTotal:         482068 kB
MemFree:           16240 kB
Buffers:             544 kB
Cached:            65488 kB
SwapCached:            0 kB
Active:           322252 kB
Inactive:          38572 kB
Active(anon):     296192 kB
Inactive(anon):     3296 kB
Active(file):      26060 kB
Inactive(file):    35276 kB
Unevictable:        2028 kB
Mlocked:            6176 kB
HighTotal:             0 kB
HighFree:              0 kB
LowTotal:         482068 kB
LowFree:           16240 kB
SwapTotal:             0 kB
SwapFree:              0 kB
Dirty:                 0 kB
Writeback:             0 kB
AnonPages:        296960 kB
Mapped:            75576 kB
Shmem:              3416 kB
Slab:              22332 kB
SReclaimable:       5020 kB
SUnreclaim:        17312 kB
KernelStack:        5792 kB
PageTables:         7292 kB
NFS_Unstable:          0 kB
Bounce:                0 kB
WritebackTmp:          0 kB
CommitLimit:      241032 kB
Committed_AS:    3946112 kB
VmallocTotal:     507904 kB
VmallocUsed:      128508 kB
VmallocChunk:     112576 kB
1557585620.000000
MemTotal:         482068 kB
MemFree:           17488 kB
Buffers:             544 kB
Cached:            65700 kB
SwapCached:            0 kB
Active:           321176 kB
Inactive:          38808 kB
Active(anon):     295116 kB
Inactive(anon):     3296 kB
Active(file):      26060 kB
Inactive(file):    35512 kB
Unevictable:        2028 kB
Mlocked:            6176 kB
HighTotal:             0 kB
HighFree:              0 kB
LowTotal:         482068 kB
LowFree:           17488 kB
SwapTotal:             0 kB
SwapFree:              0 kB
Dirty:                 0 kB
Writeback:             0 kB
AnonPages:        295764 kB
Mapped:            75628 kB
Shmem:              3416 kB
Slab:              22316 kB
SReclaimable:       5020 kB
SUnreclaim:        17296 kB
KernelStack:        5792 kB
PageTables:         7356 kB
NFS_Unstable:          0 kB
Bounce:                0 kB
WritebackTmp:          0 kB
CommitLimit:      241032 kB
Committed_AS:    3943320 kB
VmallocTotal:     507904 kB
VmallocUsed:      128508 kB
VmallocChunk:     112576 kB
1557585620.000000
MemTotal:         482068 kB
MemFree:           16860 kB
Buffers:             544 kB
Cached:            65700 kB
SwapCached:            0 kB
Active:           321604 kB
Inactive:          38808 kB
Active(anon):     295544 kB
Inactive(anon):     3296 kB
Active(file):      26060 kB
Inactive(file):    35512 kB
Unevictable:        2028 kB
Mlocked:            6176 kB
HighTotal:             0 kB
HighFree:              0 kB
LowTotal:         482068 kB
LowFree:           16860 kB
SwapTotal:             0 kB
SwapFree:              0 kB
Dirty:                 0 kB
Writeback:             0 kB
AnonPages:        296168 kB
Mapped:            75552 kB
Shmem:              3416 kB
Slab:              22324 kB
SReclaimable:       5020 kB
SUnreclaim:        17304 kB
KernelStack:        5784 kB
PageTables:         7280 kB
NFS_Unstable:          0 kB
Bounce:                0 kB
WritebackTmp:          0 kB
CommitLimit:      241032 kB
Committed_AS:    3943428 kB
VmallocTotal:     507904 kB
VmallocUsed:      128508 kB
VmallocChunk:     112576 kB
1557585621.000000
MemTotal:         482068 kB
MemFree:           17604 kB
Buffers:             544 kB
Cached:            65700 kB
SwapCached:            0 kB
Active:           321124 kB
Inactive:          38808 kB
Active(anon):     295064 kB
Inactive(anon):     3296 kB
Active(file):      26060 kB
Inactive(file):    35512 kB
Unevictable:        2028 kB
Mlocked:            6176 kB
HighTotal:             0 kB
HighFree:              0 kB
LowTotal:         482068 kB
LowFree:           17604 kB
SwapTotal:             0 kB
SwapFree:              0 kB
Dirty:                 0 kB
Writeback:             0 kB
AnonPages:        295776 kB
Mapped:            75612 kB
Shmem:              3416 kB
Slab:              22328 kB
SReclaimable:       5020 kB
SUnreclaim:        17308 kB
KernelStack:        5792 kB
PageTables:         7292 kB
NFS_Unstable:          0 kB
Bounce:                0 kB
WritebackTmp:          0 kB
CommitLimit:      241032 kB
Committed_AS:    3943632 kB
VmallocTotal:     507904 kB
VmallocUsed:      128508 kB
VmallocChunk:     112576 kB
1557585622.000000
MemTotal:         482068 kB
MemFree:           17372 kB
Buffers:             544 kB
Cached:            65700 kB
SwapCached:            0 kB
Active:           321176 kB
Inactive:          38808 kB
Active(anon):     295116 kB
Inactive(anon):     3296 kB
Active(file):      26060 kB
Inactive(file):    35512 kB
Unevictable:        2028 kB
Mlocked:            6176 kB
HighTotal:             0 kB
HighFree:              0 kB
LowTotal:         482068 kB
LowFree:           17372 kB
SwapTotal:             0 kB
SwapFree:              0 kB
Dirty:                 0 kB
Writeback:             0 kB
AnonPages:        295776 kB
Mapped:            75612 kB
Shmem:              3416 kB
Slab:              22328 kB
SReclaimable:       5020 kB
SUnreclaim:        17308 kB
KernelStack:        5792 kB
PageTables:         7292 kB
NFS_Unstable:          0 kB
Bounce:                0 kB
WritebackTmp:          0 kB
CommitLimit:      241032 kB
Committed_AS:    3943632 kB
VmallocTotal:     507904 kB
VmallocUsed:      128508 kB
VmallocChunk:     112576 kB
1557585623.000000
MemTotal:         482068 kB
MemFree:           24284 kB
Buffers:             544 kB
Cached:            65700 kB
SwapCached:            0 kB
Active:           313956 kB
Inactive:          38808 kB
Active(anon):     287896 kB
Inactive(anon):     3296 kB
Active(file):      26060 kB
Inactive(file):    35512 kB
Unevictable:        2028 kB
Mlocked:            6176 kB
HighTotal:             0 kB
HighFree:              0 kB
LowTotal:         482068 kB
LowFree:           24284 kB
SwapTotal:             0 kB
SwapFree:              0 kB
Dirty:                 0 kB
Writeback:             0 kB
