MemTotal:         482068 kB
MemFree:           88636 kB
Buffers:            1300 kB
Cached:            91728 kB
SwapCached:            0 kB
Active:           250460 kB
Inactive:          61016 kB
Active(anon):     219164 kB
Inactive(anon):      884 kB
Active(file):      31296 kB
Inactive(file):    60132 kB
Unevictable:        1256 kB
Mlocked:               0 kB
HighTotal:             0 kB
HighFree:              0 kB
LowTotal:         482068 kB
LowFree:           88636 kB
SwapTotal:             0 kB
SwapFree:              0 kB
Dirty:                 0 kB
Writeback:             0 kB
AnonPages:        219712 kB
Mapped:            39884 kB
Shmem:               344 kB
Slab:              20944 kB
SReclaimable:       5032 kB
SUnreclaim:        15912 kB
KernelStack:        5352 kB
PageTables:         6708 kB
NFS_Unstable:          0 kB
Bounce:                0 kB
WritebackTmp:          0 kB
CommitLimit:      241032 kB
Committed_AS:    3821932 kB
VmallocTotal:     507904 kB
VmallocUsed:      111384 kB
VmallocChunk:     112576 kB
1557581359.000000
MemTotal:         482068 kB
MemFree:           88636 kB
Buffers:            1300 kB
Cached:            91728 kB
SwapCached:            0 kB
Active:           250460 kB
Inactive:          61016 kB
Active(anon):     219164 kB
Inactive(anon):      884 kB
Active(file):      31296 kB
Inactive(file):    60132 kB
Unevictable:        1256 kB
Mlocked:               0 kB
HighTotal:             0 kB
HighFree:              0 kB
LowTotal:         482068 kB
LowFree:           88636 kB
SwapTotal:             0 kB
SwapFree:              0 kB
Dirty:                 0 kB
Writeback:             0 kB
AnonPages:        219712 kB
Mapped:            39884 kB
Shmem:               344 kB
Slab:              20940 kB
SReclaimable:       5032 kB
SUnreclaim:        15908 kB
KernelStack:        5352 kB
PageTables:         6708 kB
NFS_Unstable:          0 kB
Bounce:                0 kB
WritebackTmp:          0 kB
CommitLimit:      241032 kB
Committed_AS:    3821932 kB
VmallocTotal:     507904 kB
VmallocUsed:      111384 kB
VmallocChunk:     112576 kB
1557581359.000000
MemTotal:         482068 kB
MemFree:           88528 kB
Buffers:            1300 kB
Cached:            91752 kB
SwapCached:            0 kB
Active:           250848 kB
Inactive:          61016 kB
Active(anon):     219552 kB
Inactive(anon):      884 kB
Active(file):      31296 kB
Inactive(file):    60132 kB
Unevictable:        1256 kB
Mlocked:               0 kB
HighTotal:             0 kB
HighFree:              0 kB
LowTotal:         482068 kB
LowFree:           88528 kB
SwapTotal:             0 kB
SwapFree:              0 kB
Dirty:                 0 kB
Writeback:             0 kB
AnonPages:        220092 kB
Mapped:            39944 kB
Shmem:               344 kB
Slab:              20956 kB
SReclaimable:       5032 kB
SUnreclaim:        15924 kB
KernelStack:        5360 kB
PageTables:         6720 kB
NFS_Unstable:          0 kB
Bounce:                0 kB
WritebackTmp:          0 kB
CommitLimit:      241032 kB
Committed_AS:    3821932 kB
VmallocTotal:     507904 kB
VmallocUsed:      111384 kB
VmallocChunk:     112576 kB
1557581360.000000
MemTotal:         482068 kB
MemFree:           83160 kB
Buffers:            1316 kB
Cached:            95060 kB
SwapCached:            0 kB
Active:           255020 kB
Inactive:          64348 kB
Active(anon):     223724 kB
Inactive(anon):      884 kB
Active(file):      31296 kB
Inactive(file):    63464 kB
Unevictable:        1256 kB
Mlocked:               0 kB
HighTotal:             0 kB
HighFree:              0 kB
LowTotal:         482068 kB
LowFree:           83160 kB
SwapTotal:             0 kB
SwapFree:              0 kB
Dirty:                 0 kB
Writeback:             0 kB
AnonPages:        224284 kB
Mapped:            40764 kB
Shmem:               344 kB
Slab:              20956 kB
SReclaimable:       5032 kB
SUnreclaim:        15924 kB
KernelStack:        5464 kB
PageTables:         6956 kB
NFS_Unstable:          0 kB
Bounce:                0 kB
WritebackTmp:          0 kB
CommitLimit:      241032 kB
Committed_AS:    3943292 kB
VmallocTotal:     507904 kB
VmallocUsed:      110212 kB
VmallocChunk:     112576 kB
1557581361.000000
MemTotal:         482068 kB
MemFree:           67116 kB
Buffers:            1340 kB
Cached:           104312 kB
SwapCached:            0 kB
Active:           261792 kB
Inactive:          73476 kB
Active(anon):     230404 kB
Inactive(anon):      884 kB
Active(file):      31388 kB
Inactive(file):    72592 kB
Unevictable:        1256 kB
Mlocked:               0 kB
HighTotal:             0 kB
HighFree:              0 kB
LowTotal:         482068 kB
LowFree:           67116 kB
SwapTotal:             0 kB
SwapFree:              0 kB
Dirty:                80 kB
Writeback:             0 kB
AnonPages:        231040 kB
Mapped:            49488 kB
Shmem:               344 kB
Slab:              20936 kB
SReclaimable:       5032 kB
SUnreclaim:        15904 kB
KernelStack:        5480 kB
PageTables:         7112 kB
NFS_Unstable:          0 kB
Bounce:                0 kB
WritebackTmp:          0 kB
CommitLimit:      241032 kB
Committed_AS:    3948636 kB
VmallocTotal:     507904 kB
VmallocUsed:      110120 kB
VmallocChunk:     112576 kB
1557581362.000000
MemTotal:         482068 kB
MemFree:           55448 kB
Buffers:            1432 kB
Cached:           106068 kB
SwapCached:            0 kB
Active:           269968 kB
Inactive:          75124 kB
Active(anon):     238328 kB
Inactive(anon):      884 kB
Active(file):      31640 kB
Inactive(file):    74240 kB
Unevictable:        1256 kB
Mlocked:               0 kB
HighTotal:             0 kB
HighFree:              0 kB
LowTotal:         482068 kB
LowFree:           55448 kB
SwapTotal:             0 kB
SwapFree:              0 kB
Dirty:                96 kB
Writeback:             0 kB
AnonPages:        238972 kB
Mapped:            56780 kB
Shmem:               344 kB
Slab:              20948 kB
SReclaimable:       5032 kB
SUnreclaim:        15916 kB
KernelStack:        5656 kB
PageTables:         7152 kB
NFS_Unstable:          0 kB
Bounce:                0 kB
WritebackTmp:          0 kB
CommitLimit:      241032 kB
Committed_AS:    3956712 kB
VmallocTotal:     507904 kB
VmallocUsed:      112016 kB
VmallocChunk:     112576 kB
1557581362.000000
MemTotal:         482068 kB
MemFree:           44676 kB
Buffers:            1460 kB
Cached:           108244 kB
SwapCached:            0 kB
Active:           277092 kB
Inactive:          77308 kB
Active(anon):     245452 kB
Inactive(anon):      884 kB
Active(file):      31640 kB
Inactive(file):    76424 kB
Unevictable:        1256 kB
Mlocked:               0 kB
HighTotal:             0 kB
HighFree:              0 kB
LowTotal:         482068 kB
LowFree:           44676 kB
SwapTotal:             0 kB
SwapFree:              0 kB
Dirty:                96 kB
Writeback:             0 kB
AnonPages:        246040 kB
Mapped:            61568 kB
Shmem:               344 kB
Slab:              20948 kB
SReclaimable:       5032 kB
SUnreclaim:        15916 kB
KernelStack:        5656 kB
PageTables:         7152 kB
NFS_Unstable:          0 kB
Bounce:                0 kB
WritebackTmp:          0 kB
CommitLimit:      241032 kB
Committed_AS:    3964468 kB
VmallocTotal:     507904 kB
VmallocUsed:      113640 kB
VmallocChunk:     112576 kB
1557581363.000000
MemTotal:         482068 kB
MemFree:           35808 kB
Buffers:            1480 kB
Cached:           112524 kB
SwapCached:            0 kB
Active:           281832 kB
Inactive:          81152 kB
Active(anon):     249756 kB
Inactive(anon):      884 kB
Active(file):      32076 kB
Inactive(file):    80268 kB
Unevictable:        1256 kB
Mlocked:               0 kB
HighTotal:             0 kB
HighFree:              0 kB
LowTotal:         482068 kB
LowFree:           35808 kB
SwapTotal:             0 kB
SwapFree:              0 kB
Dirty:                96 kB
Writeback:             0 kB
AnonPages:        250280 kB
Mapped:            64252 kB
Shmem:               344 kB
Slab:              20940 kB
SReclaimable:       5032 kB
SUnreclaim:        15908 kB
KernelStack:        5680 kB
PageTables:         7176 kB
NFS_Unstable:          0 kB
Bounce:                0 kB
WritebackTmp:          0 kB
CommitLimit:      241032 kB
Committed_AS:    3970484 kB
VmallocTotal:     507904 kB
VmallocUsed:      113640 kB
VmallocChunk:     112576 kB
1557581363.000000
MemTotal:         482068 kB
MemFree:           27940 kB
Buffers:            1508 kB
Cached:           115284 kB
SwapCached:            0 kB
Active:           286084 kB
Inactive:          83724 kB
Active(anon):     253732 kB
Inactive(anon):      884 kB
Active(file):      32352 kB
Inactive(file):    82840 kB
Unevictable:        1256 kB
Mlocked:               0 kB
HighTotal:             0 kB
HighFree:              0 kB
LowTotal:         482068 kB
LowFree:           27940 kB
SwapTotal:             0 kB
SwapFree:              0 kB
Dirty:                76 kB
Writeback:             0 kB
AnonPages:        254268 kB
Mapped:            67208 kB
Shmem:               344 kB
Slab:              20952 kB
SReclaimable:       5032 kB
SUnreclaim:        15920 kB
KernelStack:        5784 kB
PageTables:         7224 kB
NFS_Unstable:          0 kB
Bounce:                0 kB
WritebackTmp:          0 kB
CommitLimit:      241032 kB
Committed_AS:    3974280 kB
VmallocTotal:     507904 kB
VmallocUsed:      114392 kB
VmallocChunk:     112576 kB
1557581364.000000
MemTotal:         482068 kB
MemFree:           18600 kB
Buffers:            1520 kB
Cached:           116944 kB
SwapCached:            0 kB
Active:           291700 kB
Inactive:          85336 kB
Active(anon):     259244 kB
Inactive(anon):      884 kB
Active(file):      32456 kB
Inactive(file):    84452 kB
Unevictable:        1256 kB
Mlocked:               0 kB
HighTotal:             0 kB
HighFree:              0 kB
LowTotal:         482068 kB
LowFree:           18600 kB
SwapTotal:             0 kB
SwapFree:              0 kB
Dirty:                76 kB
Writeback:             0 kB
AnonPages:        259816 kB
Mapped:            70780 kB
Shmem:               344 kB
Slab:              21420 kB
SReclaimable:       5396 kB
SUnreclaim:        16024 kB
KernelStack:        5784 kB
PageTables:         7300 kB
NFS_Unstable:          0 kB
Bounce:                0 kB
WritebackTmp:          0 kB
CommitLimit:      241032 kB
Committed_AS:    3982580 kB
VmallocTotal:     507904 kB
VmallocUsed:      116016 kB
VmallocChunk:     112576 kB
1557581365.000000
MemTotal:         482068 kB
MemFree:           10996 kB
Buffers:            1528 kB
Cached:           118536 kB
SwapCached:            0 kB
Active:           297688 kB
Inactive:          86756 kB
Active(anon):     265076 kB
Inactive(anon):      892 kB
Active(file):      32612 kB
Inactive(file):    85864 kB
Unevictable:        1256 kB
Mlocked:               0 kB
HighTotal:             0 kB
HighFree:              0 kB
LowTotal:         482068 kB
LowFree:           10996 kB
SwapTotal:             0 kB
SwapFree:              0 kB
Dirty:               264 kB
Writeback:             0 kB
AnonPages:        265704 kB
Mapped:            72444 kB
Shmem:               352 kB
Slab:              21436 kB
SReclaimable:       5404 kB
SUnreclaim:        16032 kB
KernelStack:        5848 kB
PageTables:         7256 kB
NFS_Unstable:          0 kB
Bounce:                0 kB
WritebackTmp:          0 kB
CommitLimit:      241032 kB
Committed_AS:    3987824 kB
VmallocTotal:     507904 kB
VmallocUsed:      116016 kB
VmallocChunk:     112576 kB
1557581366.000000
MemTotal:         482068 kB
MemFree:            4276 kB
Buffers:            1528 kB
Cached:           116752 kB
SwapCached:            0 kB
Active:           308404 kB
Inactive:          81360 kB
Active(anon):     272204 kB
Inactive(anon):      900 kB
Active(file):      36200 kB
Inactive(file):    80460 kB
Unevictable:        1256 kB
Mlocked:               0 kB
HighTotal:             0 kB
HighFree:              0 kB
LowTotal:         482068 kB
LowFree:            4276 kB
SwapTotal:             0 kB
SwapFree:              0 kB
Dirty:                20 kB
Writeback:             0 kB
AnonPages:        272780 kB
Mapped:            75052 kB
Shmem:               360 kB
Slab:              21352 kB
SReclaimable:       5296 kB
SUnreclaim:        16056 kB
KernelStack:        5880 kB
PageTables:         7300 kB
NFS_Unstable:          0 kB
Bounce:                0 kB
WritebackTmp:          0 kB
CommitLimit:      241032 kB
Committed_AS:    3997308 kB
VmallocTotal:     507904 kB
VmallocUsed:      117520 kB
VmallocChunk:     112576 kB
1557581366.000000
MemTotal:         482068 kB
MemFree:            4508 kB
Buffers:            1316 kB
Cached:           114000 kB
SwapCached:            0 kB
Active:           314696 kB
Inactive:          74472 kB
Active(anon):     274596 kB
Inactive(anon):      900 kB
Active(file):      40100 kB
Inactive(file):    73572 kB
Unevictable:        1256 kB
Mlocked:               0 kB
HighTotal:             0 kB
HighFree:              0 kB
LowTotal:         482068 kB
LowFree:            4508 kB
SwapTotal:             0 kB
SwapFree:              0 kB
Dirty:                20 kB
Writeback:             0 kB
AnonPages:        275136 kB
Mapped:            75736 kB
Shmem:               360 kB
Slab:              21352 kB
SReclaimable:       5296 kB
SUnreclaim:        16056 kB
KernelStack:        5880 kB
PageTables:         7300 kB
NFS_Unstable:          0 kB
Bounce:                0 kB
WritebackTmp:          0 kB
CommitLimit:      241032 kB
Committed_AS:    3999272 kB
VmallocTotal:     507904 kB
VmallocUsed:      117520 kB
VmallocChunk:     112576 kB
1557581367.000000
MemTotal:         482068 kB
MemFree:            3740 kB
Buffers:            1240 kB
Cached:           110780 kB
SwapCached:            0 kB
Active:           320000 kB
Inactive:          69856 kB
Active(anon):     278584 kB
Inactive(anon):      900 kB
Active(file):      41416 kB
Inactive(file):    68956 kB
Unevictable:        1256 kB
Mlocked:               0 kB
HighTotal:             0 kB
HighFree:              0 kB
LowTotal:         482068 kB
LowFree:            3740 kB
SwapTotal:             0 kB
SwapFree:              0 kB
Dirty:                32 kB
Writeback:             0 kB
AnonPages:        279176 kB
Mapped:            76112 kB
Shmem:               360 kB
Slab:              21344 kB
SReclaimable:       5296 kB
SUnreclaim:        16048 kB
KernelStack:        5920 kB
PageTables:         7304 kB
NFS_Unstable:          0 kB
Bounce:                0 kB
WritebackTmp:          0 kB
CommitLimit:      241032 kB
Committed_AS:    4002212 kB
VmallocTotal:     507904 kB
VmallocUsed:      117520 kB
VmallocChunk:     112576 kB
1557581368.000000
MemTotal:         482068 kB
MemFree:            3944 kB
Buffers:             700 kB
Cached:           102588 kB
SwapCached:            0 kB
Active:           328364 kB
Inactive:          58288 kB
Active(anon):     284400 kB
Inactive(anon):     3604 kB
Active(file):      43964 kB
Inactive(file):    54684 kB
Unevictable:        1412 kB
Mlocked:            2964 kB
HighTotal:             0 kB
HighFree:              0 kB
LowTotal:         482068 kB
LowFree:            3944 kB
SwapTotal:             0 kB
SwapFree:              0 kB
Dirty:               124 kB
Writeback:             0 kB
AnonPages:        284932 kB
Mapped:            82436 kB
Shmem:              3324 kB
Slab:              21212 kB
SReclaimable:       5228 kB
SUnreclaim:        15984 kB
KernelStack:        6016 kB
PageTables:         7632 kB
NFS_Unstable:          0 kB
Bounce:                0 kB
WritebackTmp:          0 kB
CommitLimit:      241032 kB
Committed_AS:    4126968 kB
VmallocTotal:     507904 kB
VmallocUsed:      122028 kB
VmallocChunk:     112576 kB
1557581368.000000
MemTotal:         482068 kB
MemFree:            3652 kB
Buffers:             556 kB
Cached:            85812 kB
SwapCached:            0 kB
Active:           334016 kB
Inactive:          40868 kB
Active(anon):     289884 kB
Inactive(anon):     3284 kB
Active(file):      44132 kB
Inactive(file):    37584 kB
Unevictable:        2020 kB
Mlocked:            6172 kB
HighTotal:             0 kB
HighFree:              0 kB
LowTotal:         482068 kB
LowFree:            3652 kB
SwapTotal:             0 kB
SwapFree:              0 kB
Dirty:                 0 kB
Writeback:             0 kB
AnonPages:        290692 kB
Mapped:            93448 kB
Shmem:              3296 kB
Slab:              21148 kB
SReclaimable:       5076 kB
SUnreclaim:        16072 kB
KernelStack:        6112 kB
PageTables:         7688 kB
NFS_Unstable:          0 kB
Bounce:                0 kB
WritebackTmp:          0 kB
CommitLimit:      241032 kB
Committed_AS:    4133096 kB
VmallocTotal:     507904 kB
VmallocUsed:      132508 kB
VmallocChunk:     112576 kB
1557581369.000000
MemTotal:         482068 kB
MemFree:            3884 kB
Buffers:             500 kB
Cached:            83956 kB
SwapCached:            0 kB
Active:           332480 kB
Inactive:          42112 kB
Active(anon):     291460 kB
Inactive(anon):     3284 kB
Active(file):      41020 kB
Inactive(file):    38828 kB
Unevictable:        2020 kB
Mlocked:            6172 kB
HighTotal:             0 kB
HighFree:              0 kB
LowTotal:         482068 kB
LowFree:            3884 kB
SwapTotal:             0 kB
SwapFree:              0 kB
Dirty:                 0 kB
Writeback:             0 kB
AnonPages:        292184 kB
Mapped:            93652 kB
Shmem:              3296 kB
Slab:              21176 kB
SReclaimable:       5076 kB
SUnreclaim:        16100 kB
KernelStack:        6136 kB
PageTables:         7680 kB
NFS_Unstable:          0 kB
Bounce:                0 kB
WritebackTmp:          0 kB
CommitLimit:      241032 kB
Committed_AS:    4133948 kB
VmallocTotal:     507904 kB
VmallocUsed:      132508 kB
VmallocChunk:     112576 kB
1557581370.000000
MemTotal:         482068 kB
MemFree:            4892 kB
Buffers:             496 kB
Cached:            80692 kB
SwapCached:            0 kB
Active:           331988 kB
Inactive:          41652 kB
Active(anon):     293696 kB
Inactive(anon):     3284 kB
Active(file):      38292 kB
Inactive(file):    38368 kB
Unevictable:        2020 kB
Mlocked:            6172 kB
HighTotal:             0 kB
HighFree:              0 kB
LowTotal:         482068 kB
LowFree:            4892 kB
SwapTotal:             0 kB
SwapFree:              0 kB
Dirty:                 0 kB
Writeback:             0 kB
AnonPages:        294540 kB
Mapped:            93348 kB
Shmem:              3296 kB
Slab:              21228 kB
SReclaimable:       5076 kB
SUnreclaim:        16152 kB
KernelStack:        6136 kB
PageTables:         7756 kB
NFS_Unstable:          0 kB
Bounce:                0 kB
WritebackTmp:          0 kB
CommitLimit:      241032 kB
Committed_AS:    4138216 kB
VmallocTotal:     507904 kB
VmallocUsed:      132508 kB
VmallocChunk:     112576 kB
1557581371.000000
MemTotal:         482068 kB
MemFree:            4248 kB
Buffers:             524 kB
Cached:            79380 kB
SwapCached:            0 kB
Active:           333304 kB
Inactive:          40980 kB
Active(anon):     295676 kB
Inactive(anon):     3308 kB
Active(file):      37628 kB
Inactive(file):    37672 kB
Unevictable:        2020 kB
Mlocked:            6172 kB
HighTotal:             0 kB
HighFree:              0 kB
LowTotal:         482068 kB
LowFree:            4248 kB
SwapTotal:             0 kB
SwapFree:              0 kB
Dirty:               152 kB
Writeback:             0 kB
AnonPages:        296552 kB
Mapped:            92164 kB
Shmem:              3324 kB
Slab:              21208 kB
SReclaimable:       5076 kB
SUnreclaim:        16132 kB
KernelStack:        6144 kB
PageTables:         7692 kB
NFS_Unstable:          0 kB
Bounce:                0 kB
WritebackTmp:          0 kB
CommitLimit:      241032 kB
Committed_AS:    4140152 kB
VmallocTotal:     507904 kB
VmallocUsed:      132508 kB
VmallocChunk:     112576 kB
1557581372.000000
MemTotal:         482068 kB
MemFree:            6496 kB
Buffers:             524 kB
Cached:            79636 kB
SwapCached:            0 kB
Active:           330992 kB
Inactive:          41256 kB
Active(anon):     293360 kB
Inactive(anon):     3308 kB
Active(file):      37632 kB
Inactive(file):    37948 kB
Unevictable:        2020 kB
Mlocked:            6172 kB
HighTotal:             0 kB
HighFree:              0 kB
LowTotal:         482068 kB
LowFree:            6496 kB
SwapTotal:             0 kB
SwapFree:              0 kB
Dirty:               168 kB
Writeback:             0 kB
AnonPages:        294076 kB
Mapped:            92252 kB
Shmem:              3324 kB
Slab:              21224 kB
SReclaimable:       5076 kB
SUnreclaim:        16148 kB
KernelStack:        6136 kB
PageTables:         7696 kB
NFS_Unstable:          0 kB
Bounce:                0 kB
WritebackTmp:          0 kB
CommitLimit:      241032 kB
Committed_AS:    4143668 kB
VmallocTotal:     507904 kB
VmallocUsed:      132508 kB
VmallocChunk:     112576 kB
1557581373.000000
MemTotal:         482068 kB
MemFree:            4240 kB
Buffers:             524 kB
Cached:            79676 kB
SwapCached:            0 kB
Active:           333288 kB
Inactive:          41280 kB
Active(anon):     295656 kB
Inactive(anon):     3292 kB
Active(file):      37632 kB
Inactive(file):    37988 kB
Unevictable:        2020 kB
Mlocked:            6172 kB
HighTotal:             0 kB
HighFree:              0 kB
LowTotal:         482068 kB
LowFree:            4240 kB
SwapTotal:             0 kB
SwapFree:              0 kB
Dirty:               168 kB
Writeback:             0 kB
AnonPages:        296432 kB
Mapped:            92260 kB
Shmem:              3324 kB
Slab:              21260 kB
SReclaimable:       5076 kB
SUnreclaim:        16184 kB
KernelStack:        6136 kB
PageTables:         7780 kB
NFS_Unstable:          0 kB
Bounce:                0 kB
WritebackTmp:          0 kB
CommitLimit:      241032 kB
Committed_AS:    4143724 kB
VmallocTotal:     507904 kB
VmallocUsed:      132508 kB
VmallocChunk:     112576 kB
1557581374.000000
MemTotal:         482068 kB
MemFree:            5332 kB
Buffers:             524 kB
Cached:            79372 kB
SwapCached:            0 kB
Active:           332636 kB
Inactive:          40948 kB
Active(anon):     295004 kB
Inactive(anon):     3292 kB
Active(file):      37632 kB
Inactive(file):    37656 kB
Unevictable:        2020 kB
Mlocked:            6172 kB
HighTotal:             0 kB
HighFree:              0 kB
LowTotal:         482068 kB
LowFree:            5332 kB
SwapTotal:             0 kB
SwapFree:              0 kB
Dirty:                 0 kB
Writeback:            28 kB
AnonPages:        295840 kB
Mapped:            92132 kB
Shmem:              3324 kB
Slab:              21268 kB
SReclaimable:       5076 kB
SUnreclaim:        16192 kB
KernelStack:        6136 kB
PageTables:         7704 kB
NFS_Unstable:          0 kB
Bounce:                0 kB
WritebackTmp:          0 kB
CommitLimit:      241032 kB
Committed_AS:    4143904 kB
VmallocTotal:     507904 kB
VmallocUsed:      132508 kB
VmallocChunk:     112576 kB
1557581375.000000
MemTotal:         482068 kB
MemFree:            4636 kB
Buffers:             548 kB
Cached:            78872 kB
SwapCached:            0 kB
Active:           333412 kB
Inactive:          40820 kB
Active(anon):     296112 kB
Inactive(anon):     3288 kB
Active(file):      37300 kB
Inactive(file):    37532 kB
Unevictable:        2020 kB
Mlocked:            6172 kB
HighTotal:             0 kB
HighFree:              0 kB
LowTotal:         482068 kB
LowFree:            4636 kB
SwapTotal:             0 kB
SwapFree:              0 kB
Dirty:                60 kB
Writeback:             0 kB
AnonPages:        296944 kB
Mapped:            91924 kB
Shmem:              3324 kB
Slab:              21324 kB
SReclaimable:       5076 kB
SUnreclaim:        16248 kB
KernelStack:        6136 kB
PageTables:         7708 kB
NFS_Unstable:          0 kB
Bounce:                0 kB
WritebackTmp:          0 kB
CommitLimit:      241032 kB
Committed_AS:    4141828 kB
VmallocTotal:     507904 kB
VmallocUsed:      132508 kB
VmallocChunk:     112576 kB
1557581375.000000
MemTotal:         482068 kB
MemFree:            4652 kB
Buffers:             544 kB
Cached:            76388 kB
SwapCached:            0 kB
Active:           334020 kB
Inactive:          39596 kB
Active(anon):     298024 kB
Inactive(anon):     3288 kB
Active(file):      35996 kB
Inactive(file):    36308 kB
Unevictable:        2020 kB
Mlocked:            6172 kB
HighTotal:             0 kB
HighFree:              0 kB
LowTotal:         482068 kB
LowFree:            4652 kB
SwapTotal:             0 kB
SwapFree:              0 kB
Dirty:                60 kB
Writeback:             0 kB
AnonPages:        298760 kB
Mapped:            90332 kB
Shmem:              3324 kB
Slab:              21344 kB
SReclaimable:       5076 kB
SUnreclaim:        16268 kB
KernelStack:        6144 kB
PageTables:         7724 kB
NFS_Unstable:          0 kB
Bounce:                0 kB
WritebackTmp:          0 kB
CommitLimit:      241032 kB
Committed_AS:    4142972 kB
VmallocTotal:     507904 kB
VmallocUsed:      132508 kB
VmallocChunk:     112576 kB
1557581376.000000
MemTotal:         482068 kB
MemFree:            3520 kB
Buffers:             544 kB
Cached:            75032 kB
SwapCached:            0 kB
Active:           336468 kB
Inactive:          38896 kB
Active(anon):     301080 kB
Inactive(anon):     3288 kB
Active(file):      35388 kB
Inactive(file):    35608 kB
Unevictable:        2020 kB
Mlocked:            6172 kB
HighTotal:             0 kB
HighFree:              0 kB
LowTotal:         482068 kB
LowFree:            3520 kB
SwapTotal:             0 kB
SwapFree:              0 kB
Dirty:                 0 kB
Writeback:             0 kB
AnonPages:        301876 kB
Mapped:            88836 kB
Shmem:              3324 kB
Slab:              21332 kB
SReclaimable:       5076 kB
SUnreclaim:        16256 kB
KernelStack:        6144 kB
PageTables:         7724 kB
NFS_Unstable:          0 kB
Bounce:                0 kB
WritebackTmp:          0 kB
CommitLimit:      241032 kB
Committed_AS:    4145108 kB
VmallocTotal:     507904 kB
VmallocUsed:      132508 kB
VmallocChunk:     112576 kB
1557581377.000000
MemTotal:         482068 kB
MemFree:            5884 kB
Buffers:             568 kB
Cached:            71788 kB
SwapCached:            0 kB
Active:           335188 kB
Inactive:          37284 kB
Active(anon):     301408 kB
Inactive(anon):     3288 kB
Active(file):      33780 kB
Inactive(file):    33996 kB
Unevictable:        2020 kB
Mlocked:            6172 kB
HighTotal:             0 kB
HighFree:              0 kB
LowTotal:         482068 kB
LowFree:            5884 kB
SwapTotal:             0 kB
SwapFree:              0 kB
Dirty:                52 kB
Writeback:             0 kB
AnonPages:        302184 kB
Mapped:            86348 kB
Shmem:              3324 kB
Slab:              21288 kB
SReclaimable:       5076 kB
SUnreclaim:        16212 kB
KernelStack:        6136 kB
PageTables:         7716 kB
NFS_Unstable:          0 kB
Bounce:                0 kB
WritebackTmp:          0 kB
CommitLimit:      241032 kB
Committed_AS:    4146204 kB
VmallocTotal:     507904 kB
VmallocUsed:      132508 kB
VmallocChunk:     112576 kB
1557581378.000000
MemTotal:         482068 kB
MemFree:            4752 kB
Buffers:             564 kB
Cached:            71488 kB
SwapCached:            0 kB
Active:           336792 kB
Inactive:          37160 kB
Active(anon):     303124 kB
Inactive(anon):     3288 kB
Active(file):      33668 kB
Inactive(file):    33872 kB
Unevictable:        2020 kB
Mlocked:            6172 kB
HighTotal:             0 kB
HighFree:              0 kB
LowTotal:         482068 kB
LowFree:            4752 kB
SwapTotal:             0 kB
SwapFree:              0 kB
Dirty:                52 kB
Writeback:             0 kB
AnonPages:        303856 kB
Mapped:            85892 kB
Shmem:              3324 kB
Slab:              21288 kB
SReclaimable:       5076 kB
SUnreclaim:        16212 kB
KernelStack:        6136 kB
PageTables:         7716 kB
NFS_Unstable:          0 kB
Bounce:                0 kB
WritebackTmp:          0 kB
CommitLimit:      241032 kB
Committed_AS:    4146220 kB
VmallocTotal:     507904 kB
VmallocUsed:      132508 kB
VmallocChunk:     112576 kB
1557581379.000000
MemTotal:         482068 kB
MemFree:            4264 kB
Buffers:             564 kB
Cached:            70392 kB
SwapCached:            0 kB
Active:           337516 kB
Inactive:          36528 kB
Active(anon):     304436 kB
Inactive(anon):     3288 kB
Active(file):      33080 kB
Inactive(file):    33240 kB
Unevictable:        2020 kB
Mlocked:            6172 kB
HighTotal:             0 kB
HighFree:              0 kB
LowTotal:         482068 kB
LowFree:            4264 kB
SwapTotal:             0 kB
SwapFree:              0 kB
Dirty:                52 kB
Writeback:             0 kB
AnonPages:        305164 kB
Mapped:            84992 kB
Shmem:              3324 kB
Slab:              21336 kB
SReclaimable:       5076 kB
SUnreclaim:        16260 kB
KernelStack:        6144 kB
PageTables:         7792 kB
NFS_Unstable:          0 kB
Bounce:                0 kB
WritebackTmp:          0 kB
CommitLimit:      241032 kB
Committed_AS:    4148592 kB
VmallocTotal:     507904 kB
VmallocUsed:      132508 kB
VmallocChunk:     112576 kB
1557581380.000000
MemTotal:         482068 kB
MemFree:            5612 kB
Buffers:             476 kB
Cached:            67656 kB
SwapCached:            0 kB
Active:           337596 kB
Inactive:          35144 kB
Active(anon):     305952 kB
Inactive(anon):     3288 kB
Active(file):      31644 kB
Inactive(file):    31856 kB
Unevictable:        2020 kB
Mlocked:            6172 kB
HighTotal:             0 kB
HighFree:              0 kB
LowTotal:         482068 kB
LowFree:            5612 kB
SwapTotal:             0 kB
SwapFree:              0 kB
Dirty:                52 kB
Writeback:             0 kB
AnonPages:        306652 kB
Mapped:            83228 kB
Shmem:              3324 kB
Slab:              21312 kB
SReclaimable:       5076 kB
SUnreclaim:        16236 kB
KernelStack:        6136 kB
PageTables:         7720 kB
NFS_Unstable:          0 kB
Bounce:                0 kB
WritebackTmp:          0 kB
CommitLimit:      241032 kB
Committed_AS:    4150876 kB
VmallocTotal:     507904 kB
VmallocUsed:      132508 kB
VmallocChunk:     112576 kB
1557581381.000000
MemTotal:         482068 kB
MemFree:            4868 kB
Buffers:             484 kB
Cached:            67768 kB
SwapCached:            0 kB
Active:           338260 kB
Inactive:          35276 kB
Active(anon):     306588 kB
Inactive(anon):     3292 kB
Active(file):      31672 kB
Inactive(file):    31984 kB
Unevictable:        2020 kB
Mlocked:            6172 kB
HighTotal:             0 kB
HighFree:              0 kB
LowTotal:         482068 kB
LowFree:            4868 kB
SwapTotal:             0 kB
SwapFree:              0 kB
Dirty:                32 kB
Writeback:             0 kB
AnonPages:        307288 kB
Mapped:            83236 kB
Shmem:              3336 kB
Slab:              21296 kB
SReclaimable:       5076 kB
SUnreclaim:        16220 kB
KernelStack:        6136 kB
PageTables:         7800 kB
NFS_Unstable:          0 kB
Bounce:                0 kB
WritebackTmp:          0 kB
CommitLimit:      241032 kB
Committed_AS:    4152056 kB
VmallocTotal:     507904 kB
VmallocUsed:      132508 kB
VmallocChunk:     112576 kB
1557581382.000000
MemTotal:         482068 kB
MemFree:            6356 kB
Buffers:             484 kB
Cached:            67956 kB
SwapCached:            0 kB
Active:           336852 kB
Inactive:          35416 kB
Active(anon):     305180 kB
Inactive(anon):     3292 kB
Active(file):      31672 kB
Inactive(file):    32124 kB
Unevictable:        2020 kB
Mlocked:            6172 kB
HighTotal:             0 kB
HighFree:              0 kB
LowTotal:         482068 kB
LowFree:            6356 kB
SwapTotal:             0 kB
SwapFree:              0 kB
Dirty:                32 kB
Writeback:             0 kB
AnonPages:        305932 kB
Mapped:            83248 kB
Shmem:              3340 kB
Slab:              21280 kB
SReclaimable:       5076 kB
SUnreclaim:        16204 kB
KernelStack:        6152 kB
PageTables:         7736 kB
NFS_Unstable:          0 kB
Bounce:                0 kB
WritebackTmp:          0 kB
CommitLimit:      241032 kB
Committed_AS:    4151176 kB
VmallocTotal:     507904 kB
VmallocUsed:      132508 kB
VmallocChunk:     112576 kB
1557581382.000000
MemTotal:         482068 kB
MemFree:            5192 kB
Buffers:             484 kB
Cached:            67328 kB
SwapCached:            0 kB
Active:           338608 kB
Inactive:          35076 kB
Active(anon):     307200 kB
Inactive(anon):     3288 kB
Active(file):      31408 kB
Inactive(file):    31788 kB
Unevictable:        2020 kB
Mlocked:            6172 kB
HighTotal:             0 kB
HighFree:              0 kB
LowTotal:         482068 kB
LowFree:            5192 kB
SwapTotal:             0 kB
SwapFree:              0 kB
Dirty:                32 kB
Writeback:             0 kB
AnonPages:        307860 kB
Mapped:            82812 kB
Shmem:              3340 kB
Slab:              21288 kB
SReclaimable:       5076 kB
SUnreclaim:        16212 kB
KernelStack:        6144 kB
PageTables:         7740 kB
NFS_Unstable:          0 kB
Bounce:                0 kB
WritebackTmp:          0 kB
CommitLimit:      241032 kB
Committed_AS:    4152336 kB
VmallocTotal:     507904 kB
VmallocUsed:      132508 kB
VmallocChunk:     112576 kB
1557581383.000000
MemTotal:         482068 kB
MemFree:            5380 kB
Buffers:             484 kB
Cached:            67144 kB
SwapCached:            0 kB
Active:           338584 kB
Inactive:          34876 kB
Active(anon):     307140 kB
Inactive(anon):     3288 kB
Active(file):      31444 kB
Inactive(file):    31588 kB
Unevictable:        2020 kB
Mlocked:            6172 kB
HighTotal:             0 kB
HighFree:              0 kB
LowTotal:         482068 kB
LowFree:            5380 kB
SwapTotal:             0 kB
SwapFree:              0 kB
Dirty:                 0 kB
Writeback:             0 kB
AnonPages:        307876 kB
Mapped:            82544 kB
Shmem:              3340 kB
Slab:              21308 kB
SReclaimable:       5076 kB
SUnreclaim:        16232 kB
KernelStack:        6144 kB
PageTables:         7724 kB
NFS_Unstable:          0 kB
Bounce:                0 kB
WritebackTmp:          0 kB
CommitLimit:      241032 kB
Committed_AS:    4152388 kB
VmallocTotal:     507904 kB
VmallocUsed:      132508 kB
VmallocChunk:     112576 kB
1557581384.000000
MemTotal:         482068 kB
MemFree:            4852 kB
Buffers:             484 kB
Cached:            67524 kB
SwapCached:            0 kB
Active:           338688 kB
Inactive:          35188 kB
Active(anon):     307244 kB
Inactive(anon):     3288 kB
Active(file):      31444 kB
Inactive(file):    31900 kB
Unevictable:        2020 kB
Mlocked:            6172 kB
HighTotal:             0 kB
HighFree:              0 kB
LowTotal:         482068 kB
LowFree:            4852 kB
SwapTotal:             0 kB
SwapFree:              0 kB
Dirty:                 0 kB
Writeback:             0 kB
AnonPages:        307952 kB
Mapped:            82620 kB
Shmem:              3340 kB
Slab:              21308 kB
SReclaimable:       5076 kB
SUnreclaim:        16232 kB
KernelStack:        6144 kB
PageTables:         7800 kB
NFS_Unstable:          0 kB
Bounce:                0 kB
WritebackTmp:          0 kB
CommitLimit:      241032 kB
Committed_AS:    4152300 kB
VmallocTotal:     507904 kB
VmallocUsed:      132508 kB
VmallocChunk:     112576 kB
1557581385.000000
MemTotal:         482068 kB
MemFree:            5108 kB
Buffers:             480 kB
Cached:            67012 kB
SwapCached:            0 kB
Active:           338540 kB
Inactive:          34892 kB
Active(anon):     307276 kB
Inactive(anon):     3288 kB
Active(file):      31264 kB
Inactive(file):    31604 kB
Unevictable:        2020 kB
Mlocked:            6172 kB
HighTotal:             0 kB
HighFree:              0 kB
LowTotal:         482068 kB
LowFree:            5108 kB
SwapTotal:             0 kB
SwapFree:              0 kB
Dirty:                 0 kB
Writeback:             0 kB
AnonPages:        308060 kB
Mapped:            81804 kB
Shmem:              3340 kB
Slab:              21352 kB
SReclaimable:       5076 kB
SUnreclaim:        16276 kB
KernelStack:        6136 kB
PageTables:         7724 kB
NFS_Unstable:          0 kB
Bounce:                0 kB
WritebackTmp:          0 kB
CommitLimit:      241032 kB
Committed_AS:    4152432 kB
VmallocTotal:     507904 kB
VmallocUsed:      132508 kB
VmallocChunk:     112576 kB
1557581386.000000
MemTotal:         482068 kB
MemFree:            3760 kB
Buffers:             500 kB
Cached:            66296 kB
SwapCached:            0 kB
Active:           340384 kB
Inactive:          34668 kB
Active(anon):     309564 kB
Inactive(anon):     3308 kB
Active(file):      30820 kB
Inactive(file):    31360 kB
Unevictable:        2020 kB
Mlocked:            6172 kB
HighTotal:             0 kB
HighFree:              0 kB
LowTotal:         482068 kB
LowFree:            3760 kB
SwapTotal:             0 kB
SwapFree:              0 kB
Dirty:                 0 kB
Writeback:             0 kB
AnonPages:        310256 kB
Mapped:            81112 kB
Shmem:              3360 kB
Slab:              21316 kB
SReclaimable:       5076 kB
SUnreclaim:        16240 kB
KernelStack:        6136 kB
PageTables:         7800 kB
NFS_Unstable:          0 kB
Bounce:                0 kB
WritebackTmp:          0 kB
CommitLimit:      241032 kB
Committed_AS:    4152364 kB
VmallocTotal:     507904 kB
VmallocUsed:      132508 kB
VmallocChunk:     112576 kB
1557581387.000000
MemTotal:         482068 kB
MemFree:            4480 kB
Buffers:             508 kB
Cached:            66892 kB
SwapCached:            0 kB
Active:           338704 kB
Inactive:          35268 kB
Active(anon):     307880 kB
Inactive(anon):     3308 kB
Active(file):      30824 kB
Inactive(file):    31960 kB
Unevictable:        2020 kB
Mlocked:            6172 kB
HighTotal:             0 kB
HighFree:              0 kB
LowTotal:         482068 kB
LowFree:            4480 kB
SwapTotal:             0 kB
SwapFree:              0 kB
Dirty:                32 kB
Writeback:             0 kB
AnonPages:        308576 kB
Mapped:            81168 kB
Shmem:              3360 kB
Slab:              21332 kB
SReclaimable:       5076 kB
SUnreclaim:        16256 kB
KernelStack:        6144 kB
PageTables:         7744 kB
NFS_Unstable:          0 kB
Bounce:                0 kB
WritebackTmp:          0 kB
CommitLimit:      241032 kB
Committed_AS:    4152528 kB
VmallocTotal:     507904 kB
VmallocUsed:      132508 kB
VmallocChunk:     112576 kB
1557581387.000000
MemTotal:         482068 kB
MemFree:           10712 kB
Buffers:             508 kB
Cached:            66892 kB
SwapCached:            0 kB
Active:           332520 kB
Inactive:          35268 kB
Active(anon):     301696 kB
Inactive(anon):     3308 kB
Active(file):      30824 kB
Inactive(file):    31960 kB
Unevictable:        2020 kB
Mlocked:            6172 kB
HighTotal:             0 kB
HighFree:              0 kB
LowTotal:         482068 kB
LowFree:           10712 kB
SwapTotal:             0 kB
SwapFree:              0 kB
Dirty:                32 kB
Writeback:             0 kB
AnonPages:        302432 kB
Mapped:            81148 kB
Shmem:              3360 kB
Slab:              21316 kB
SReclaimable:       5076 kB
SUnreclaim:        16240 kB
KernelStack:        6144 kB
PageTables:         7724 kB
NFS_Unstable:          0 kB
Bounce:                0 kB
WritebackTmp:          0 kB
CommitLimit:      241032 kB
Committed_AS:    4152000 kB
VmallocTotal:     507904 kB
VmallocUsed:      132508 kB
VmallocChunk:     112576 kB
1557581388.000000
MemTotal:         482068 kB
MemFree:           10076 kB
Buffers:             508 kB
Cached:            67652 kB
SwapCached:            0 kB
Active:           332676 kB
Inactive:          36048 kB
Active(anon):     301852 kB
Inactive(anon):     3308 kB
Active(file):      30824 kB
Inactive(file):    32740 kB
Unevictable:        2020 kB
Mlocked:            6172 kB
HighTotal:             0 kB
HighFree:              0 kB
LowTotal:         482068 kB
LowFree:           10076 kB
SwapTotal:             0 kB
SwapFree:              0 kB
Dirty:                32 kB
Writeback:             0 kB
AnonPages:        302584 kB
Mapped:            81300 kB
Shmem:              3360 kB
Slab:              21316 kB
SReclaimable:       5076 kB
SUnreclaim:        16240 kB
KernelStack:        6144 kB
PageTables:         7800 kB
NFS_Unstable:          0 kB
Bounce:                0 kB
WritebackTmp:          0 kB
CommitLimit:      241032 kB
Committed_AS:    4152068 kB
VmallocTotal:     507904 kB
VmallocUsed:      132508 kB
VmallocChunk:     112576 kB
1557581389.000000
MemTotal:         482068 kB
MemFree:            9936 kB
Buffers:             508 kB
Cached:            67736 kB
SwapCached:            0 kB
Active:           332756 kB
Inactive:          36112 kB
Active(anon):     301932 kB
Inactive(anon):     3308 kB
Active(file):      30824 kB
Inactive(file):    32804 kB
Unevictable:        2020 kB
Mlocked:            6172 kB
HighTotal:             0 kB
HighFree:              0 kB
LowTotal:         482068 kB
LowFree:            9936 kB
SwapTotal:             0 kB
SwapFree:              0 kB
Dirty:                32 kB
Writeback:             0 kB
AnonPages:        302580 kB
Mapped:            81284 kB
Shmem:              3360 kB
Slab:              21324 kB
SReclaimable:       5076 kB
SUnreclaim:        16248 kB
KernelStack:        6136 kB
PageTables:         7800 kB
NFS_Unstable:          0 kB
Bounce:                0 kB
WritebackTmp:          0 kB
CommitLimit:      241032 kB
Committed_AS:    4152200 kB
VmallocTotal:     507904 kB
VmallocUsed:      132508 kB
VmallocChunk:     112576 kB
1557581390.000000
MemTotal:         482068 kB
MemFree:            9332 kB
Buffers:             496 kB
Cached:            67064 kB
SwapCached:            0 kB
Active:           333832 kB
Inactive:          35428 kB
Active(anon):     303008 kB
Inactive(anon):     3304 kB
Active(file):      30824 kB
Inactive(file):    32124 kB
Unevictable:        2020 kB
Mlocked:            6172 kB
HighTotal:             0 kB
HighFree:              0 kB
LowTotal:         482068 kB
LowFree:            9332 kB
SwapTotal:             0 kB
SwapFree:              0 kB
Dirty:                 0 kB
Writeback:             0 kB
AnonPages:        303784 kB
Mapped:            80828 kB
Shmem:              3360 kB
Slab:              21312 kB
SReclaimable:       5076 kB
SUnreclaim:        16236 kB
KernelStack:        6136 kB
PageTables:         7800 kB
NFS_Unstable:          0 kB
Bounce:                0 kB
WritebackTmp:          0 kB
CommitLimit:      241032 kB
Committed_AS:    4152368 kB
VmallocTotal:     507904 kB
VmallocUsed:      132508 kB
VmallocChunk:     112576 kB
1557581391.000000
MemTotal:         482068 kB
MemFree:            8868 kB
Buffers:             496 kB
Cached:            67116 kB
SwapCached:            0 kB
Active:           334124 kB
Inactive:          35548 kB
Active(anon):     303372 kB
Inactive(anon):     3304 kB
Active(file):      30752 kB
Inactive(file):    32244 kB
Unevictable:        2020 kB
Mlocked:            6172 kB
HighTotal:             0 kB
HighFree:              0 kB
LowTotal:         482068 kB
LowFree:            8868 kB
SwapTotal:             0 kB
SwapFree:              0 kB
Dirty:                 0 kB
Writeback:             0 kB
AnonPages:        304128 kB
Mapped:            80740 kB
Shmem:              3360 kB
Slab:              21336 kB
SReclaimable:       5076 kB
SUnreclaim:        16260 kB
KernelStack:        6144 kB
PageTables:         7740 kB
NFS_Unstable:          0 kB
Bounce:                0 kB
WritebackTmp:          0 kB
CommitLimit:      241032 kB
Committed_AS:    4152424 kB
VmallocTotal:     507904 kB
VmallocUsed:      132508 kB
VmallocChunk:     112576 kB
1557581391.000000
MemTotal:         482068 kB
MemFree:            6108 kB
Buffers:             504 kB
Cached:            70508 kB
SwapCached:            0 kB
Active:           333980 kB
Inactive:          38924 kB
Active(anon):     303228 kB
Inactive(anon):     3304 kB
Active(file):      30752 kB
Inactive(file):    35620 kB
Unevictable:        2020 kB
Mlocked:            6172 kB
HighTotal:             0 kB
HighFree:              0 kB
LowTotal:         482068 kB
LowFree:            6108 kB
SwapTotal:             0 kB
SwapFree:              0 kB
Dirty:                 0 kB
Writeback:             0 kB
AnonPages:        304016 kB
Mapped:            81276 kB
Shmem:              3360 kB
Slab:              21368 kB
SReclaimable:       5076 kB
SUnreclaim:        16292 kB
KernelStack:        6136 kB
PageTables:         7724 kB
NFS_Unstable:          0 kB
Bounce:                0 kB
WritebackTmp:          0 kB
CommitLimit:      241032 kB
Committed_AS:    4152456 kB
VmallocTotal:     507904 kB
VmallocUsed:      132508 kB
VmallocChunk:     112576 kB
1557581392.000000
MemTotal:         482068 kB
MemFree:            5480 kB
Buffers:             504 kB
Cached:            70584 kB
SwapCached:            0 kB
Active:           334188 kB
Inactive:          39080 kB
Active(anon):     303436 kB
Inactive(anon):     3304 kB
Active(file):      30752 kB
Inactive(file):    35776 kB
Unevictable:        2020 kB
Mlocked:            6172 kB
HighTotal:             0 kB
HighFree:              0 kB
LowTotal:         482068 kB
LowFree:            5480 kB
SwapTotal:             0 kB
SwapFree:              0 kB
Dirty:                 0 kB
Writeback:             0 kB
AnonPages:        304092 kB
Mapped:            81276 kB
Shmem:              3360 kB
Slab:              21368 kB
SReclaimable:       5076 kB
SUnreclaim:        16292 kB
KernelStack:        6136 kB
PageTables:         7724 kB
NFS_Unstable:          0 kB
Bounce:                0 kB
WritebackTmp:          0 kB
CommitLimit:      241032 kB
Committed_AS:    4152488 kB
VmallocTotal:     507904 kB
VmallocUsed:      132508 kB
VmallocChunk:     112576 kB
1557581393.000000
MemTotal:         482068 kB
MemFree:            5736 kB
Buffers:             504 kB
Cached:            70120 kB
SwapCached:            0 kB
Active:           334236 kB
Inactive:          38608 kB
Active(anon):     303484 kB
Inactive(anon):     3304 kB
Active(file):      30752 kB
Inactive(file):    35304 kB
Unevictable:        2020 kB
Mlocked:            6172 kB
HighTotal:             0 kB
HighFree:              0 kB
LowTotal:         482068 kB
LowFree:            5736 kB
SwapTotal:             0 kB
SwapFree:              0 kB
Dirty:                28 kB
Writeback:             0 kB
AnonPages:        304288 kB
Mapped:            80792 kB
Shmem:              3360 kB
Slab:              21452 kB
SReclaimable:       5076 kB
SUnreclaim:        16376 kB
KernelStack:        6144 kB
PageTables:         7800 kB
NFS_Unstable:          0 kB
Bounce:                0 kB
WritebackTmp:          0 kB
CommitLimit:      241032 kB
Committed_AS:    4152576 kB
VmallocTotal:     507904 kB
VmallocUsed:      132508 kB
VmallocChunk:     112576 kB
1557581394.000000
MemTotal:         482068 kB
MemFree:            5232 kB
Buffers:             504 kB
Cached:            69116 kB
SwapCached:            0 kB
Active:           335716 kB
Inactive:          37748 kB
Active(anon):     305044 kB
Inactive(anon):     3304 kB
Active(file):      30672 kB
Inactive(file):    34444 kB
Unevictable:        2020 kB
Mlocked:            6172 kB
HighTotal:             0 kB
HighFree:              0 kB
LowTotal:         482068 kB
LowFree:            5232 kB
SwapTotal:             0 kB
SwapFree:              0 kB
Dirty:                28 kB
Writeback:             0 kB
AnonPages:        305728 kB
Mapped:            79604 kB
Shmem:              3360 kB
Slab:              21472 kB
SReclaimable:       5076 kB
SUnreclaim:        16396 kB
KernelStack:        6136 kB
PageTables:         7724 kB
NFS_Unstable:          0 kB
Bounce:                0 kB
WritebackTmp:          0 kB
CommitLimit:      241032 kB
Committed_AS:    4152540 kB
VmallocTotal:     507904 kB
VmallocUsed:      132508 kB
VmallocChunk:     112576 kB
1557581395.000000
MemTotal:         482068 kB
MemFree:            4264 kB
Buffers:             504 kB
Cached:            70412 kB
SwapCached:            0 kB
Active:           335632 kB
Inactive:          39024 kB
Active(anon):     305008 kB
Inactive(anon):     3292 kB
Active(file):      30624 kB
Inactive(file):    35732 kB
Unevictable:        2020 kB
Mlocked:            6172 kB
HighTotal:             0 kB
HighFree:              0 kB
LowTotal:         482068 kB
LowFree:            4264 kB
SwapTotal:             0 kB
SwapFree:              0 kB
Dirty:                28 kB
Writeback:             0 kB
AnonPages:        305736 kB
Mapped:            78900 kB
Shmem:              3360 kB
Slab:              21432 kB
SReclaimable:       5076 kB
SUnreclaim:        16356 kB
KernelStack:        6136 kB
PageTables:         7800 kB
NFS_Unstable:          0 kB
Bounce:                0 kB
WritebackTmp:          0 kB
CommitLimit:      241032 kB
Committed_AS:    4152668 kB
VmallocTotal:     507904 kB
VmallocUsed:      132508 kB
VmallocChunk:     112576 kB
1557581396.000000
MemTotal:         482068 kB
MemFree:            3520 kB
Buffers:             504 kB
Cached:            71024 kB
SwapCached:            0 kB
Active:           335692 kB
Inactive:          39612 kB
Active(anon):     305100 kB
Inactive(anon):     3292 kB
Active(file):      30592 kB
Inactive(file):    36320 kB
Unevictable:        2020 kB
Mlocked:            6172 kB
HighTotal:             0 kB
HighFree:              0 kB
LowTotal:         482068 kB
LowFree:            3520 kB
SwapTotal:             0 kB
SwapFree:              0 kB
Dirty:                 0 kB
Writeback:             0 kB
AnonPages:        305788 kB
Mapped:            78940 kB
Shmem:              3360 kB
Slab:              21484 kB
SReclaimable:       5076 kB
SUnreclaim:        16408 kB
KernelStack:        6144 kB
PageTables:         7752 kB
NFS_Unstable:          0 kB
Bounce:                0 kB
WritebackTmp:          0 kB
CommitLimit:      241032 kB
Committed_AS:    4152708 kB
VmallocTotal:     507904 kB
VmallocUsed:      132508 kB
VmallocChunk:     112576 kB
1557581396.000000
MemTotal:         482068 kB
MemFree:            4396 kB
Buffers:             504 kB
Cached:            69580 kB
SwapCached:            0 kB
Active:           335732 kB
Inactive:          38172 kB
Active(anon):     305140 kB
Inactive(anon):     3292 kB
Active(file):      30592 kB
Inactive(file):    34880 kB
Unevictable:        2020 kB
Mlocked:            6172 kB
HighTotal:             0 kB
HighFree:              0 kB
LowTotal:         482068 kB
LowFree:            4396 kB
SwapTotal:             0 kB
SwapFree:              0 kB
Dirty:                 0 kB
Writeback:             0 kB
AnonPages:        305832 kB
Mapped:            77912 kB
Shmem:              3360 kB
Slab:              21428 kB
SReclaimable:       5076 kB
SUnreclaim:        16352 kB
KernelStack:        6136 kB
PageTables:         7700 kB
NFS_Unstable:          0 kB
Bounce:                0 kB
WritebackTmp:          0 kB
CommitLimit:      241032 kB
Committed_AS:    4152728 kB
VmallocTotal:     507904 kB
VmallocUsed:      132508 kB
VmallocChunk:     112576 kB
1557581397.000000
MemTotal:         482068 kB
MemFree:            4620 kB
Buffers:             504 kB
Cached:            69232 kB
SwapCached:            0 kB
Active:           336212 kB
Inactive:          37852 kB
Active(anon):     305664 kB
Inactive(anon):     3292 kB
Active(file):      30548 kB
Inactive(file):    34560 kB
Unevictable:        2020 kB
Mlocked:            6172 kB
HighTotal:             0 kB
HighFree:              0 kB
LowTotal:         482068 kB
LowFree:            4620 kB
SwapTotal:             0 kB
SwapFree:              0 kB
Dirty:                 0 kB
Writeback:             0 kB
AnonPages:        306344 kB
Mapped:            77868 kB
Shmem:              3360 kB
Slab:              21404 kB
SReclaimable:       5076 kB
SUnreclaim:        16328 kB
KernelStack:        6136 kB
PageTables:         7724 kB
NFS_Unstable:          0 kB
Bounce:                0 kB
WritebackTmp:          0 kB
CommitLimit:      241032 kB
Committed_AS:    4152768 kB
VmallocTotal:     507904 kB
VmallocUsed:      132508 kB
VmallocChunk:     112576 kB
1557581398.000000
MemTotal:         482068 kB
MemFree:            4016 kB
Buffers:             500 kB
Cached:            68588 kB
SwapCached:            0 kB
Active:           337600 kB
Inactive:          37156 kB
Active(anon):     307060 kB
Inactive(anon):     3292 kB
Active(file):      30540 kB
Inactive(file):    33864 kB
Unevictable:        2020 kB
Mlocked:            6172 kB
HighTotal:             0 kB
HighFree:              0 kB
LowTotal:         482068 kB
LowFree:            4016 kB
SwapTotal:             0 kB
SwapFree:              0 kB
Dirty:                 0 kB
Writeback:             0 kB
AnonPages:        307744 kB
Mapped:            77780 kB
Shmem:              3360 kB
Slab:              21360 kB
SReclaimable:       5076 kB
SUnreclaim:        16284 kB
KernelStack:        6136 kB
PageTables:         7724 kB
NFS_Unstable:          0 kB
Bounce:                0 kB
WritebackTmp:          0 kB
CommitLimit:      241032 kB
Committed_AS:    4152804 kB
VmallocTotal:     507904 kB
VmallocUsed:      132508 kB
VmallocChunk:     112576 kB
1557581399.000000
MemTotal:         482068 kB
MemFree:            4728 kB
Buffers:             436 kB
Cached:            68268 kB
SwapCached:            0 kB
Active:           337728 kB
Inactive:          36576 kB
Active(anon):     307008 kB
Inactive(anon):     3292 kB
Active(file):      30720 kB
Inactive(file):    33284 kB
Unevictable:        2020 kB
Mlocked:            6172 kB
HighTotal:             0 kB
HighFree:              0 kB
LowTotal:         482068 kB
LowFree:            4728 kB
SwapTotal:             0 kB
SwapFree:              0 kB
Dirty:                 0 kB
Writeback:             0 kB
AnonPages:        307704 kB
Mapped:            77460 kB
Shmem:              3360 kB
Slab:              21348 kB
SReclaimable:       5076 kB
SUnreclaim:        16272 kB
KernelStack:        6128 kB
PageTables:         7724 kB
NFS_Unstable:          0 kB
Bounce:                0 kB
WritebackTmp:          0 kB
CommitLimit:      241032 kB
Committed_AS:    4152816 kB
VmallocTotal:     507904 kB
VmallocUsed:      132508 kB
VmallocChunk:     112576 kB
1557581400.000000
MemTotal:         482068 kB
MemFree:            4240 kB
Buffers:             436 kB
Cached:            68724 kB
SwapCached:            0 kB
Active:           337572 kB
Inactive:          37096 kB
Active(anon):     306832 kB
Inactive(anon):     3292 kB
Active(file):      30740 kB
Inactive(file):    33804 kB
Unevictable:        2020 kB
Mlocked:            6172 kB
HighTotal:             0 kB
HighFree:              0 kB
LowTotal:         482068 kB
LowFree:            4240 kB
SwapTotal:             0 kB
SwapFree:              0 kB
Dirty:                 0 kB
Writeback:             0 kB
AnonPages:        307500 kB
Mapped:            77452 kB
Shmem:              3360 kB
Slab:              21356 kB
SReclaimable:       5076 kB
SUnreclaim:        16280 kB
KernelStack:        6128 kB
PageTables:         7724 kB
NFS_Unstable:          0 kB
Bounce:                0 kB
WritebackTmp:          0 kB
CommitLimit:      241032 kB
Committed_AS:    4152900 kB
VmallocTotal:     507904 kB
VmallocUsed:      132508 kB
VmallocChunk:     112576 kB
1557581400.000000
MemTotal:         482068 kB
MemFree:            4016 kB
Buffers:             436 kB
Cached:            68848 kB
SwapCached:            0 kB
Active:           337556 kB
Inactive:          37220 kB
Active(anon):     306816 kB
Inactive(anon):     3292 kB
Active(file):      30740 kB
Inactive(file):    33928 kB
Unevictable:        2020 kB
Mlocked:            6172 kB
HighTotal:             0 kB
HighFree:              0 kB
LowTotal:         482068 kB
LowFree:            4016 kB
SwapTotal:             0 kB
SwapFree:              0 kB
Dirty:                 0 kB
Writeback:             0 kB
AnonPages:        307564 kB
Mapped:            77444 kB
Shmem:              3360 kB
Slab:              21396 kB
SReclaimable:       5072 kB
SUnreclaim:        16324 kB
KernelStack:        6128 kB
PageTables:         7736 kB
NFS_Unstable:          0 kB
Bounce:                0 kB
WritebackTmp:          0 kB
CommitLimit:      241032 kB
Committed_AS:    4152720 kB
VmallocTotal:     507904 kB
VmallocUsed:      132508 kB
VmallocChunk:     112576 kB
1557581401.000000
MemTotal:         482068 kB
MemFree:            4116 kB
Buffers:             400 kB
Cached:            67744 kB
SwapCached:            0 kB
Active:           339244 kB
Inactive:          35000 kB
Active(anon):     307544 kB
Inactive(anon):     3292 kB
Active(file):      31700 kB
Inactive(file):    31708 kB
Unevictable:        2020 kB
Mlocked:            6172 kB
HighTotal:             0 kB
HighFree:              0 kB
LowTotal:         482068 kB
LowFree:            4116 kB
SwapTotal:             0 kB
SwapFree:              0 kB
Dirty:                 0 kB
Writeback:             0 kB
AnonPages:        308248 kB
Mapped:            77064 kB
Shmem:              3360 kB
Slab:              21396 kB
SReclaimable:       5072 kB
SUnreclaim:        16324 kB
KernelStack:        6128 kB
PageTables:         7736 kB
NFS_Unstable:          0 kB
Bounce:                0 kB
WritebackTmp:          0 kB
CommitLimit:      241032 kB
Committed_AS:    4152824 kB
VmallocTotal:     507904 kB
VmallocUsed:      132508 kB
VmallocChunk:     112576 kB
1557581402.000000
MemTotal:         482068 kB
MemFree:            4380 kB
Buffers:             424 kB
Cached:            66072 kB
SwapCached:            0 kB
Active:           339688 kB
Inactive:          34216 kB
Active(anon):     308800 kB
Inactive(anon):     3292 kB
Active(file):      30888 kB
Inactive(file):    30924 kB
Unevictable:        2020 kB
Mlocked:            6172 kB
HighTotal:             0 kB
HighFree:              0 kB
LowTotal:         482068 kB
LowFree:            4380 kB
SwapTotal:             0 kB
SwapFree:              0 kB
Dirty:                 0 kB
Writeback:             0 kB
AnonPages:        309516 kB
Mapped:            75968 kB
Shmem:              3360 kB
Slab:              21352 kB
SReclaimable:       5072 kB
SUnreclaim:        16280 kB
KernelStack:        6128 kB
PageTables:         7800 kB
NFS_Unstable:          0 kB
Bounce:                0 kB
WritebackTmp:          0 kB
CommitLimit:      241032 kB
Committed_AS:    4154884 kB
VmallocTotal:     507904 kB
VmallocUsed:      132508 kB
VmallocChunk:     112576 kB
1557581403.000000
MemTotal:         482068 kB
MemFree:            4472 kB
Buffers:             424 kB
Cached:            66036 kB
SwapCached:            0 kB
Active:           339844 kB
Inactive:          34240 kB
Active(anon):     308948 kB
Inactive(anon):     3292 kB
Active(file):      30896 kB
Inactive(file):    30948 kB
Unevictable:        2020 kB
Mlocked:            6172 kB
HighTotal:             0 kB
HighFree:              0 kB
LowTotal:         482068 kB
LowFree:            4472 kB
SwapTotal:             0 kB
SwapFree:              0 kB
Dirty:                32 kB
Writeback:             0 kB
AnonPages:        309640 kB
Mapped:            75984 kB
Shmem:              3360 kB
Slab:              21388 kB
SReclaimable:       5072 kB
SUnreclaim:        16316 kB
KernelStack:        6120 kB
PageTables:         7728 kB
NFS_Unstable:          0 kB
Bounce:                0 kB
WritebackTmp:          0 kB
CommitLimit:      241032 kB
Committed_AS:    4154884 kB
VmallocTotal:     507904 kB
VmallocUsed:      132508 kB
VmallocChunk:     112576 kB
1557581403.000000
MemTotal:         482068 kB
MemFree:            4528 kB
Buffers:             424 kB
Cached:            66036 kB
SwapCached:            0 kB
Active:           339748 kB
Inactive:          34240 kB
Active(anon):     308852 kB
Inactive(anon):     3292 kB
Active(file):      30896 kB
Inactive(file):    30948 kB
Unevictable:        2020 kB
Mlocked:            6172 kB
HighTotal:             0 kB
HighFree:              0 kB
LowTotal:         482068 kB
LowFree:            4528 kB
SwapTotal:             0 kB
SwapFree:              0 kB
Dirty:                32 kB
Writeback:             0 kB
AnonPages:        309520 kB
Mapped:            75984 kB
Shmem:              3360 kB
Slab:              21400 kB
SReclaimable:       5072 kB
SUnreclaim:        16328 kB
KernelStack:        6128 kB
PageTables:         7728 kB
NFS_Unstable:          0 kB
Bounce:                0 kB
WritebackTmp:          0 kB
CommitLimit:      241032 kB
Committed_AS:    4154784 kB
VmallocTotal:     507904 kB
VmallocUsed:      132508 kB
VmallocChunk:     112576 kB
1557581404.000000
MemTotal:         482068 kB
MemFree:            6256 kB
Buffers:             424 kB
Cached:            66036 kB
SwapCached:            0 kB
Active:           338032 kB
Inactive:          34240 kB
Active(anon):     307136 kB
Inactive(anon):     3292 kB
Active(file):      30896 kB
Inactive(file):    30948 kB
Unevictable:        2020 kB
Mlocked:            6172 kB
HighTotal:             0 kB
HighFree:              0 kB
LowTotal:         482068 kB
LowFree:            6256 kB
SwapTotal:             0 kB
SwapFree:              0 kB
Dirty:                32 kB
Writeback:             0 kB
AnonPages:        307848 kB
Mapped:            75984 kB
Shmem:              3360 kB
Slab:              21452 kB
SReclaimable:       5072 kB
SUnreclaim:        16380 kB
KernelStack:        6128 kB
PageTables:         7804 kB
NFS_Unstable:          0 kB
Bounce:                0 kB
WritebackTmp:          0 kB
CommitLimit:      241032 kB
Committed_AS:    4154864 kB
VmallocTotal:     507904 kB
VmallocUsed:      132508 kB
VmallocChunk:     112576 kB
1557581405.000000
MemTotal:         482068 kB
MemFree:            6000 kB
Buffers:             424 kB
Cached:            66036 kB
SwapCached:            0 kB
Active:           338452 kB
Inactive:          34240 kB
Active(anon):     307556 kB
Inactive(anon):     3292 kB
Active(file):      30896 kB
Inactive(file):    30948 kB
Unevictable:        2020 kB
Mlocked:            6172 kB
HighTotal:             0 kB
HighFree:              0 kB
LowTotal:         482068 kB
LowFree:            6000 kB
SwapTotal:             0 kB
SwapFree:              0 kB
Dirty:                32 kB
Writeback:             0 kB
AnonPages:        308188 kB
Mapped:            75984 kB
Shmem:              3360 kB
Slab:              21460 kB
SReclaimable:       5072 kB
SUnreclaim:        16388 kB
KernelStack:        6136 kB
PageTables:         7728 kB
NFS_Unstable:          0 kB
Bounce:                0 kB
WritebackTmp:          0 kB
CommitLimit:      241032 kB
Committed_AS:    4154864 kB
VmallocTotal:     507904 kB
VmallocUsed:      132508 kB
VmallocChunk:     112576 kB
1557581406.000000
MemTotal:         482068 kB
MemFree:            4976 kB
Buffers:             424 kB
Cached:            66036 kB
SwapCached:            0 kB
Active:           339300 kB
Inactive:          34240 kB
Active(anon):     308404 kB
Inactive(anon):     3292 kB
Active(file):      30896 kB
Inactive(file):    30948 kB
Unevictable:        2020 kB
Mlocked:            6172 kB
HighTotal:             0 kB
HighFree:              0 kB
LowTotal:         482068 kB
LowFree:            4976 kB
SwapTotal:             0 kB
SwapFree:              0 kB
Dirty:                 0 kB
Writeback:             0 kB
AnonPages:        309152 kB
Mapped:            75984 kB
Shmem:              3360 kB
Slab:              21400 kB
SReclaimable:       5072 kB
SUnreclaim:        16328 kB
KernelStack:        6120 kB
PageTables:         7728 kB
NFS_Unstable:          0 kB
Bounce:                0 kB
WritebackTmp:          0 kB
CommitLimit:      241032 kB
Committed_AS:    4155632 kB
VmallocTotal:     507904 kB
VmallocUsed:      132508 kB
VmallocChunk:     112576 kB
1557581407.000000
MemTotal:         482068 kB
MemFree:            4908 kB
Buffers:             424 kB
Cached:            66188 kB
SwapCached:            0 kB
Active:           339308 kB
Inactive:          34344 kB
Active(anon):     308412 kB
Inactive(anon):     3292 kB
Active(file):      30896 kB
Inactive(file):    31052 kB
Unevictable:        2020 kB
Mlocked:            6172 kB
HighTotal:             0 kB
HighFree:              0 kB
LowTotal:         482068 kB
LowFree:            4908 kB
SwapTotal:             0 kB
SwapFree:              0 kB
Dirty:                 0 kB
Writeback:             0 kB
AnonPages:        309208 kB
Mapped:            75908 kB
Shmem:              3360 kB
Slab:              21400 kB
SReclaimable:       5072 kB
SUnreclaim:        16328 kB
KernelStack:        6120 kB
PageTables:         7728 kB
NFS_Unstable:          0 kB
Bounce:                0 kB
WritebackTmp:          0 kB
CommitLimit:      241032 kB
Committed_AS:    4155620 kB
VmallocTotal:     507904 kB
VmallocUsed:      132508 kB
VmallocChunk:     112576 kB
1557581407.000000
MemTotal:         482068 kB
MemFree:            4644 kB
Buffers:             428 kB
Cached:            66236 kB
SwapCached:            0 kB
Active:           339312 kB
Inactive:          34444 kB
Active(anon):     308416 kB
Inactive(anon):     3292 kB
Active(file):      30896 kB
Inactive(file):    31152 kB
Unevictable:        2020 kB
Mlocked:            6172 kB
HighTotal:             0 kB
HighFree:              0 kB
LowTotal:         482068 kB
LowFree:            4644 kB
SwapTotal:             0 kB
SwapFree:              0 kB
Dirty:                 0 kB
Writeback:             0 kB
AnonPages:        309136 kB
Mapped:            75924 kB
Shmem:              3360 kB
Slab:              21388 kB
SReclaimable:       5072 kB
SUnreclaim:        16316 kB
KernelStack:        6120 kB
PageTables:         7728 kB
NFS_Unstable:          0 kB
Bounce:                0 kB
WritebackTmp:          0 kB
CommitLimit:      241032 kB
Committed_AS:    4155640 kB
VmallocTotal:     507904 kB
VmallocUsed:      132508 kB
VmallocChunk:     112576 kB
1557581408.000000
MemTotal:         482068 kB
MemFree:            4984 kB
Buffers:             420 kB
Cached:            65636 kB
SwapCached:            0 kB
Active:           339180 kB
Inactive:          34032 kB
Active(anon):     308520 kB
Inactive(anon):     3292 kB
Active(file):      30660 kB
Inactive(file):    30740 kB
Unevictable:        2020 kB
Mlocked:            6172 kB
HighTotal:             0 kB
HighFree:              0 kB
LowTotal:         482068 kB
LowFree:            4984 kB
SwapTotal:             0 kB
SwapFree:              0 kB
Dirty:                 0 kB
Writeback:             0 kB
AnonPages:        309212 kB
Mapped:            75468 kB
Shmem:              3360 kB
Slab:              21388 kB
SReclaimable:       5072 kB
SUnreclaim:        16316 kB
KernelStack:        6120 kB
PageTables:         7728 kB
NFS_Unstable:          0 kB
Bounce:                0 kB
WritebackTmp:          0 kB
CommitLimit:      241032 kB
Committed_AS:    4155632 kB
VmallocTotal:     507904 kB
VmallocUsed:      132508 kB
VmallocChunk:     112576 kB
1557581409.000000
MemTotal:         482068 kB
MemFree:            5288 kB
Buffers:             420 kB
Cached:            65672 kB
SwapCached:            0 kB
Active:           339148 kB
Inactive:          34108 kB
Active(anon):     308488 kB
Inactive(anon):     3292 kB
Active(file):      30660 kB
Inactive(file):    30816 kB
Unevictable:        2020 kB
Mlocked:            6172 kB
HighTotal:             0 kB
HighFree:              0 kB
LowTotal:         482068 kB
LowFree:            5288 kB
SwapTotal:             0 kB
SwapFree:              0 kB
Dirty:                28 kB
Writeback:             0 kB
AnonPages:        309232 kB
Mapped:            75524 kB
Shmem:              3360 kB
Slab:              21392 kB
SReclaimable:       5072 kB
SUnreclaim:        16320 kB
KernelStack:        6112 kB
PageTables:         7728 kB
NFS_Unstable:          0 kB
Bounce:                0 kB
WritebackTmp:          0 kB
CommitLimit:      241032 kB
Committed_AS:    4155640 kB
VmallocTotal:     507904 kB
VmallocUsed:      132508 kB
VmallocChunk:     112576 kB
1557581410.000000
MemTotal:         482068 kB
MemFree:            5016 kB
Buffers:             368 kB
Cached:            65148 kB
SwapCached:            0 kB
Active:           339796 kB
Inactive:          33784 kB
Active(anon):     309344 kB
Inactive(anon):     3292 kB
Active(file):      30452 kB
Inactive(file):    30492 kB
Unevictable:        2020 kB
Mlocked:            6172 kB
HighTotal:             0 kB
HighFree:              0 kB
LowTotal:         482068 kB
LowFree:            5016 kB
SwapTotal:             0 kB
SwapFree:              0 kB
Dirty:                28 kB
Writeback:             0 kB
AnonPages:        309960 kB
Mapped:            75384 kB
Shmem:              3360 kB
Slab:              21440 kB
SReclaimable:       5072 kB
SUnreclaim:        16368 kB
KernelStack:        6112 kB
PageTables:         7804 kB
NFS_Unstable:          0 kB
Bounce:                0 kB
WritebackTmp:          0 kB
CommitLimit:      241032 kB
Committed_AS:    4155684 kB
VmallocTotal:     507904 kB
VmallocUsed:      132508 kB
VmallocChunk:     112576 kB
1557581410.000000
MemTotal:         482068 kB
MemFree:            4956 kB
Buffers:             344 kB
Cached:            64540 kB
SwapCached:            0 kB
Active:           340004 kB
Inactive:          33532 kB
Active(anon):     309976 kB
Inactive(anon):     3292 kB
Active(file):      30028 kB
Inactive(file):    30240 kB
Unevictable:        2020 kB
Mlocked:            6172 kB
HighTotal:             0 kB
HighFree:              0 kB
LowTotal:         482068 kB
LowFree:            4956 kB
SwapTotal:             0 kB
SwapFree:              0 kB
Dirty:                28 kB
Writeback:             0 kB
AnonPages:        310712 kB
Mapped:            75260 kB
Shmem:              3360 kB
Slab:              21376 kB
SReclaimable:       5072 kB
SUnreclaim:        16304 kB
KernelStack:        6120 kB
PageTables:         7744 kB
NFS_Unstable:          0 kB
Bounce:                0 kB
WritebackTmp:          0 kB
CommitLimit:      241032 kB
Committed_AS:    4158668 kB
VmallocTotal:     507904 kB
VmallocUsed:      132508 kB
VmallocChunk:     112576 kB
1557581411.000000
MemTotal:         482068 kB
MemFree:            5016 kB
Buffers:             344 kB
Cached:            64540 kB
SwapCached:            0 kB
Active:           340056 kB
Inactive:          33532 kB
Active(anon):     310028 kB
Inactive(anon):     3292 kB
Active(file):      30028 kB
Inactive(file):    30240 kB
Unevictable:        2020 kB
Mlocked:            6172 kB
HighTotal:             0 kB
HighFree:              0 kB
LowTotal:         482068 kB
LowFree:            5016 kB
SwapTotal:             0 kB
SwapFree:              0 kB
Dirty:                28 kB
Writeback:             0 kB
AnonPages:        310712 kB
Mapped:            75260 kB
Shmem:              3360 kB
Slab:              21376 kB
SReclaimable:       5072 kB
SUnreclaim:        16304 kB
KernelStack:        6120 kB
PageTables:         7744 kB
NFS_Unstable:          0 kB
Bounce:                0 kB
WritebackTmp:          0 kB
CommitLimit:      241032 kB
Committed_AS:    4158752 kB
VmallocTotal:     507904 kB
VmallocUsed:      132508 kB
VmallocChunk:     112576 kB
1557581412.000000
MemTotal:         482068 kB
MemFree:            4868 kB
Buffers:             468 kB
Cached:            64568 kB
SwapCached:            0 kB
Active:           340040 kB
Inactive:          33688 kB
Active(anon):     310012 kB
Inactive(anon):     3292 kB
Active(file):      30028 kB
Inactive(file):    30396 kB
Unevictable:        2020 kB
Mlocked:            6172 kB
HighTotal:             0 kB
HighFree:              0 kB
LowTotal:         482068 kB
LowFree:            4868 kB
SwapTotal:             0 kB
SwapFree:              0 kB
Dirty:                 0 kB
Writeback:             0 kB
AnonPages:        310756 kB
Mapped:            75276 kB
Shmem:              3360 kB
Slab:              21372 kB
SReclaimable:       5072 kB
SUnreclaim:        16300 kB
KernelStack:        6120 kB
PageTables:         7732 kB
NFS_Unstable:          0 kB
Bounce:                0 kB
WritebackTmp:          0 kB
CommitLimit:      241032 kB
Committed_AS:    4158764 kB
VmallocTotal:     507904 kB
VmallocUsed:      132508 kB
VmallocChunk:     112576 kB
1557581413.000000
MemTotal:         482068 kB
MemFree:            5264 kB
Buffers:             464 kB
Cached:            63848 kB
SwapCached:            0 kB
Active:           339776 kB
Inactive:          33248 kB
Active(anon):     310012 kB
Inactive(anon):     3292 kB
Active(file):      29764 kB
Inactive(file):    29956 kB
Unevictable:        2020 kB
Mlocked:            6172 kB
HighTotal:             0 kB
HighFree:              0 kB
LowTotal:         482068 kB
LowFree:            5264 kB
SwapTotal:             0 kB
SwapFree:              0 kB
Dirty:                 0 kB
Writeback:             0 kB
AnonPages:        310808 kB
Mapped:            75148 kB
Shmem:              3360 kB
Slab:              21384 kB
SReclaimable:       5072 kB
SUnreclaim:        16312 kB
KernelStack:        6112 kB
PageTables:         7732 kB
NFS_Unstable:          0 kB
Bounce:                0 kB
WritebackTmp:          0 kB
CommitLimit:      241032 kB
Committed_AS:    4158764 kB
VmallocTotal:     507904 kB
VmallocUsed:      132508 kB
VmallocChunk:     112576 kB
1557581414.000000
MemTotal:         482068 kB
MemFree:            5512 kB
Buffers:             420 kB
Cached:            62420 kB
SwapCached:            0 kB
Active:           340176 kB
Inactive:          32444 kB
Active(anon):     311204 kB
Inactive(anon):     3292 kB
Active(file):      28972 kB
Inactive(file):    29152 kB
Unevictable:        2020 kB
Mlocked:            6172 kB
HighTotal:             0 kB
HighFree:              0 kB
LowTotal:         482068 kB
LowFree:            5512 kB
SwapTotal:             0 kB
SwapFree:              0 kB
Dirty:                 0 kB
Writeback:             0 kB
AnonPages:        311936 kB
Mapped:            74508 kB
Shmem:              3360 kB
Slab:              21380 kB
SReclaimable:       5072 kB
SUnreclaim:        16308 kB
KernelStack:        6112 kB
PageTables:         7732 kB
NFS_Unstable:          0 kB
Bounce:                0 kB
WritebackTmp:          0 kB
CommitLimit:      241032 kB
Committed_AS:    4158804 kB
VmallocTotal:     507904 kB
VmallocUsed:      132508 kB
VmallocChunk:     112576 kB
1557581414.000000
MemTotal:         482068 kB
MemFree:            5356 kB
Buffers:             420 kB
Cached:            62532 kB
SwapCached:            0 kB
Active:           340300 kB
Inactive:          32640 kB
Active(anon):     311316 kB
Inactive(anon):     3292 kB
Active(file):      28984 kB
Inactive(file):    29348 kB
Unevictable:        2020 kB
Mlocked:            6172 kB
HighTotal:             0 kB
HighFree:              0 kB
LowTotal:         482068 kB
LowFree:            5356 kB
SwapTotal:             0 kB
SwapFree:              0 kB
Dirty:                 0 kB
Writeback:             0 kB
AnonPages:        312060 kB
Mapped:            74588 kB
Shmem:              3360 kB
Slab:              21400 kB
SReclaimable:       5068 kB
SUnreclaim:        16332 kB
KernelStack:        6128 kB
PageTables:         7732 kB
NFS_Unstable:          0 kB
Bounce:                0 kB
WritebackTmp:          0 kB
CommitLimit:      241032 kB
Committed_AS:    4158808 kB
VmallocTotal:     507904 kB
VmallocUsed:      132508 kB
VmallocChunk:     112576 kB
1557581415.000000
MemTotal:         482068 kB
MemFree:            5488 kB
Buffers:             420 kB
Cached:            62608 kB
SwapCached:            0 kB
Active:           340300 kB
Inactive:          32692 kB
Active(anon):     311316 kB
Inactive(anon):     3292 kB
Active(file):      28984 kB
Inactive(file):    29400 kB
Unevictable:        2020 kB
Mlocked:            6172 kB
HighTotal:             0 kB
HighFree:              0 kB
LowTotal:         482068 kB
LowFree:            5488 kB
SwapTotal:             0 kB
SwapFree:              0 kB
Dirty:                 0 kB
Writeback:             0 kB
AnonPages:        311984 kB
Mapped:            74588 kB
Shmem:              3360 kB
Slab:              21400 kB
SReclaimable:       5068 kB
SUnreclaim:        16332 kB
KernelStack:        6128 kB
PageTables:         7732 kB
NFS_Unstable:          0 kB
Bounce:                0 kB
WritebackTmp:          0 kB
CommitLimit:      241032 kB
Committed_AS:    4158812 kB
VmallocTotal:     507904 kB
VmallocUsed:      132508 kB
VmallocChunk:     112576 kB
1557581416.000000
MemTotal:         482068 kB
MemFree:            5340 kB
Buffers:             420 kB
Cached:            62616 kB
SwapCached:            0 kB
Active:           340436 kB
Inactive:          32728 kB
Active(anon):     311452 kB
Inactive(anon):     3292 kB
Active(file):      28984 kB
Inactive(file):    29436 kB
Unevictable:        2020 kB
Mlocked:            6172 kB
HighTotal:             0 kB
HighFree:              0 kB
LowTotal:         482068 kB
LowFree:            5340 kB
SwapTotal:             0 kB
SwapFree:              0 kB
Dirty:                 0 kB
Writeback:             0 kB
AnonPages:        312096 kB
Mapped:            74600 kB
Shmem:              3360 kB
Slab:              21444 kB
SReclaimable:       5068 kB
SUnreclaim:        16376 kB
KernelStack:        6128 kB
PageTables:         7732 kB
NFS_Unstable:          0 kB
Bounce:                0 kB
WritebackTmp:          0 kB
CommitLimit:      241032 kB
Committed_AS:    4158828 kB
VmallocTotal:     507904 kB
VmallocUsed:      132508 kB
VmallocChunk:     112576 kB
1557581417.000000
MemTotal:         482068 kB
MemFree:            5340 kB
Buffers:             420 kB
Cached:            62624 kB
SwapCached:            0 kB
Active:           340468 kB
Inactive:          32732 kB
Active(anon):     311484 kB
Inactive(anon):     3296 kB
Active(file):      28984 kB
Inactive(file):    29436 kB
Unevictable:        2020 kB
Mlocked:            6172 kB
HighTotal:             0 kB
HighFree:              0 kB
LowTotal:         482068 kB
LowFree:            5340 kB
SwapTotal:             0 kB
SwapFree:              0 kB
Dirty:                 0 kB
Writeback:             0 kB
AnonPages:        312248 kB
Mapped:            74608 kB
Shmem:              3368 kB
Slab:              21448 kB
SReclaimable:       5068 kB
SUnreclaim:        16380 kB
KernelStack:        6120 kB
PageTables:         7732 kB
NFS_Unstable:          0 kB
Bounce:                0 kB
WritebackTmp:          0 kB
CommitLimit:      241032 kB
Committed_AS:    4158856 kB
VmallocTotal:     507904 kB
VmallocUsed:      132508 kB
VmallocChunk:     112576 kB
1557581418.000000
MemTotal:         482068 kB
MemFree:            4672 kB
Buffers:             420 kB
Cached:            61056 kB
SwapCached:            0 kB
Active:           342212 kB
Inactive:          31652 kB
Active(anon):     313784 kB
Inactive(anon):     3296 kB
Active(file):      28428 kB
Inactive(file):    28356 kB
Unevictable:        2020 kB
Mlocked:            6172 kB
HighTotal:             0 kB
HighFree:              0 kB
LowTotal:         482068 kB
LowFree:            4672 kB
SwapTotal:             0 kB
SwapFree:              0 kB
Dirty:                32 kB
Writeback:             0 kB
AnonPages:        314484 kB
Mapped:            73044 kB
Shmem:              3368 kB
Slab:              21464 kB
SReclaimable:       5068 kB
SUnreclaim:        16396 kB
KernelStack:        6120 kB
PageTables:         7732 kB
NFS_Unstable:          0 kB
Bounce:                0 kB
WritebackTmp:          0 kB
CommitLimit:      241032 kB
Committed_AS:    4158764 kB
VmallocTotal:     507904 kB
VmallocUsed:      132508 kB
VmallocChunk:     112576 kB
1557581419.000000
MemTotal:         482068 kB
MemFree:            5052 kB
Buffers:             420 kB
Cached:            61008 kB
SwapCached:            0 kB
Active:           341740 kB
Inactive:          31664 kB
Active(anon):     313304 kB
Inactive(anon):     3296 kB
Active(file):      28436 kB
Inactive(file):    28368 kB
Unevictable:        2020 kB
Mlocked:            6172 kB
HighTotal:             0 kB
HighFree:              0 kB
LowTotal:         482068 kB
LowFree:            5052 kB
SwapTotal:             0 kB
SwapFree:              0 kB
Dirty:                32 kB
Writeback:             0 kB
AnonPages:        313992 kB
Mapped:            73052 kB
Shmem:              3368 kB
Slab:              21488 kB
SReclaimable:       5068 kB
SUnreclaim:        16420 kB
KernelStack:        6136 kB
PageTables:         7764 kB
NFS_Unstable:          0 kB
Bounce:                0 kB
WritebackTmp:          0 kB
CommitLimit:      241032 kB
Committed_AS:    4158904 kB
VmallocTotal:     507904 kB
VmallocUsed:      132508 kB
VmallocChunk:     112576 kB
1557581419.000000
MemTotal:         482068 kB
MemFree:            5640 kB
Buffers:             416 kB
Cached:            60396 kB
SwapCached:            0 kB
Active:           341464 kB
Inactive:          31352 kB
Active(anon):     313328 kB
Inactive(anon):     3296 kB
Active(file):      28136 kB
Inactive(file):    28056 kB
Unevictable:        2020 kB
Mlocked:            6172 kB
HighTotal:             0 kB
HighFree:              0 kB
LowTotal:         482068 kB
LowFree:            5640 kB
SwapTotal:             0 kB
SwapFree:              0 kB
Dirty:                32 kB
Writeback:             0 kB
AnonPages:        314052 kB
Mapped:            72484 kB
Shmem:              3368 kB
Slab:              21372 kB
SReclaimable:       5068 kB
SUnreclaim:        16304 kB
KernelStack:        6112 kB
PageTables:         7768 kB
NFS_Unstable:          0 kB
Bounce:                0 kB
WritebackTmp:          0 kB
CommitLimit:      241032 kB
Committed_AS:    4158928 kB
VmallocTotal:     507904 kB
VmallocUsed:      132508 kB
VmallocChunk:     112576 kB
1557581420.000000
MemTotal:         482068 kB
MemFree:            5680 kB
Buffers:             416 kB
Cached:            60404 kB
SwapCached:            0 kB
Active:           341500 kB
Inactive:          31356 kB
Active(anon):     313364 kB
Inactive(anon):     3296 kB
Active(file):      28136 kB
Inactive(file):    28060 kB
Unevictable:        2020 kB
Mlocked:            6172 kB
HighTotal:             0 kB
HighFree:              0 kB
LowTotal:         482068 kB
LowFree:            5680 kB
SwapTotal:             0 kB
SwapFree:              0 kB
Dirty:                32 kB
Writeback:             0 kB
AnonPages:        314132 kB
Mapped:            72484 kB
Shmem:              3368 kB
Slab:              21432 kB
SReclaimable:       5068 kB
SUnreclaim:        16364 kB
KernelStack:        6128 kB
PageTables:         7748 kB
NFS_Unstable:          0 kB
Bounce:                0 kB
WritebackTmp:          0 kB
CommitLimit:      241032 kB
Committed_AS:    4158852 kB
VmallocTotal:     507904 kB
VmallocUsed:      132508 kB
VmallocChunk:     112576 kB
1557581421.000000
MemTotal:         482068 kB
MemFree:            5276 kB
Buffers:             416 kB
Cached:            60432 kB
SwapCached:            0 kB
Active:           342172 kB
Inactive:          31380 kB
Active(anon):     314032 kB
Inactive(anon):     3296 kB
Active(file):      28140 kB
Inactive(file):    28084 kB
Unevictable:        2020 kB
Mlocked:            6172 kB
HighTotal:             0 kB
HighFree:              0 kB
LowTotal:         482068 kB
LowFree:            5276 kB
SwapTotal:             0 kB
SwapFree:              0 kB
Dirty:                 0 kB
Writeback:             0 kB
AnonPages:        314688 kB
Mapped:            72500 kB
Shmem:              3368 kB
Slab:              21400 kB
SReclaimable:       5068 kB
SUnreclaim:        16332 kB
KernelStack:        6120 kB
PageTables:         7732 kB
NFS_Unstable:          0 kB
Bounce:                0 kB
WritebackTmp:          0 kB
CommitLimit:      241032 kB
Committed_AS:    4158972 kB
VmallocTotal:     507904 kB
VmallocUsed:      132508 kB
VmallocChunk:     112576 kB
1557581422.000000
MemTotal:         482068 kB
MemFree:            4664 kB
Buffers:             404 kB
Cached:            59872 kB
SwapCached:            0 kB
Active:           342964 kB
Inactive:          30980 kB
Active(anon):     315148 kB
Inactive(anon):     3296 kB
Active(file):      27816 kB
Inactive(file):    27684 kB
Unevictable:        2020 kB
Mlocked:            6172 kB
HighTotal:             0 kB
HighFree:              0 kB
LowTotal:         482068 kB
LowFree:            4664 kB
SwapTotal:             0 kB
SwapFree:              0 kB
Dirty:                 4 kB
Writeback:             0 kB
AnonPages:        315856 kB
Mapped:            71600 kB
Shmem:              3368 kB
Slab:              21432 kB
SReclaimable:       5068 kB
SUnreclaim:        16364 kB
KernelStack:        6120 kB
PageTables:         7732 kB
NFS_Unstable:          0 kB
Bounce:                0 kB
WritebackTmp:          0 kB
CommitLimit:      241032 kB
Committed_AS:    4158996 kB
VmallocTotal:     507904 kB
VmallocUsed:      132508 kB
VmallocChunk:     112576 kB
1557581422.000000
MemTotal:         482068 kB
MemFree:            3880 kB
Buffers:             404 kB
Cached:            60056 kB
SwapCached:            0 kB
Active:           343420 kB
Inactive:          31312 kB
Active(anon):     315600 kB
Inactive(anon):     3296 kB
Active(file):      27820 kB
Inactive(file):    28016 kB
Unevictable:        2020 kB
Mlocked:            6172 kB
HighTotal:             0 kB
HighFree:              0 kB
LowTotal:         482068 kB
LowFree:            3880 kB
SwapTotal:             0 kB
SwapFree:              0 kB
Dirty:                 4 kB
Writeback:             0 kB
AnonPages:        316288 kB
Mapped:            71648 kB
Shmem:              3368 kB
Slab:              21404 kB
SReclaimable:       5068 kB
SUnreclaim:        16336 kB
KernelStack:        6128 kB
PageTables:         7808 kB
NFS_Unstable:          0 kB
Bounce:                0 kB
WritebackTmp:          0 kB
CommitLimit:      241032 kB
Committed_AS:    4159036 kB
VmallocTotal:     507904 kB
VmallocUsed:      132508 kB
VmallocChunk:     112576 kB
1557581423.000000
MemTotal:         482068 kB
MemFree:            3936 kB
Buffers:             404 kB
Cached:            60132 kB
SwapCached:            0 kB
Active:           343420 kB
Inactive:          31364 kB
Active(anon):     315600 kB
Inactive(anon):     3296 kB
Active(file):      27820 kB
Inactive(file):    28068 kB
Unevictable:        2020 kB
Mlocked:            6172 kB
HighTotal:             0 kB
HighFree:              0 kB
LowTotal:         482068 kB
LowFree:            3936 kB
SwapTotal:             0 kB
SwapFree:              0 kB
Dirty:                 4 kB
Writeback:             0 kB
AnonPages:        316288 kB
Mapped:            71648 kB
Shmem:              3368 kB
Slab:              21404 kB
SReclaimable:       5068 kB
SUnreclaim:        16336 kB
KernelStack:        6128 kB
PageTables:         7732 kB
NFS_Unstable:          0 kB
Bounce:                0 kB
WritebackTmp:          0 kB
CommitLimit:      241032 kB
Committed_AS:    4158960 kB
VmallocTotal:     507904 kB
VmallocUsed:      132508 kB
VmallocChunk:     112576 kB
1557581424.000000
MemTotal:         482068 kB
MemFree:            4136 kB
Buffers:             412 kB
Cached:            60132 kB
SwapCached:            0 kB
Active:           343024 kB
Inactive:          31396 kB
Active(anon):     315204 kB
Inactive(anon):     3296 kB
Active(file):      27820 kB
Inactive(file):    28100 kB
Unevictable:        2020 kB
Mlocked:            6172 kB
HighTotal:             0 kB
HighFree:              0 kB
LowTotal:         482068 kB
LowFree:            4136 kB
SwapTotal:             0 kB
SwapFree:              0 kB
Dirty:                36 kB
Writeback:             0 kB
AnonPages:        315888 kB
Mapped:            71684 kB
Shmem:              3368 kB
Slab:              21392 kB
SReclaimable:       5068 kB
SUnreclaim:        16324 kB
KernelStack:        6128 kB
PageTables:         7744 kB
NFS_Unstable:          0 kB
Bounce:                0 kB
WritebackTmp:          0 kB
CommitLimit:      241032 kB
Committed_AS:    4158964 kB
VmallocTotal:     507904 kB
VmallocUsed:      132508 kB
VmallocChunk:     112576 kB
1557581425.000000
MemTotal:         482068 kB
MemFree:            4012 kB
Buffers:             412 kB
Cached:            60252 kB
SwapCached:            0 kB
Active:           343096 kB
Inactive:          31544 kB
Active(anon):     315276 kB
Inactive(anon):     3296 kB
Active(file):      27820 kB
Inactive(file):    28248 kB
Unevictable:        2020 kB
Mlocked:            6172 kB
HighTotal:             0 kB
HighFree:              0 kB
LowTotal:         482068 kB
LowFree:            4012 kB
SwapTotal:             0 kB
SwapFree:              0 kB
Dirty:                32 kB
Writeback:             0 kB
AnonPages:        315968 kB
Mapped:            71668 kB
Shmem:              3368 kB
Slab:              21388 kB
SReclaimable:       5068 kB
SUnreclaim:        16320 kB
KernelStack:        6120 kB
PageTables:         7736 kB
NFS_Unstable:          0 kB
Bounce:                0 kB
WritebackTmp:          0 kB
CommitLimit:      241032 kB
Committed_AS:    4159100 kB
VmallocTotal:     507904 kB
VmallocUsed:      132508 kB
VmallocChunk:     112576 kB
1557581426.000000
MemTotal:         482068 kB
MemFree:            4192 kB
Buffers:             404 kB
Cached:            58420 kB
SwapCached:            0 kB
Active:           344572 kB
Inactive:          30016 kB
Active(anon):     317092 kB
Inactive(anon):     3296 kB
Active(file):      27480 kB
Inactive(file):    26720 kB
Unevictable:        2020 kB
Mlocked:            6172 kB
HighTotal:             0 kB
HighFree:              0 kB
LowTotal:         482068 kB
LowFree:            4192 kB
SwapTotal:             0 kB
SwapFree:              0 kB
Dirty:                32 kB
Writeback:             0 kB
AnonPages:        317840 kB
Mapped:            70384 kB
Shmem:              3368 kB
Slab:              21440 kB
SReclaimable:       5068 kB
SUnreclaim:        16372 kB
KernelStack:        6120 kB
PageTables:         7736 kB
NFS_Unstable:          0 kB
Bounce:                0 kB
WritebackTmp:          0 kB
CommitLimit:      241032 kB
Committed_AS:    4160144 kB
VmallocTotal:     507904 kB
VmallocUsed:      132508 kB
VmallocChunk:     112576 kB
1557581427.000000
MemTotal:         482068 kB
MemFree:            4548 kB
Buffers:             404 kB
Cached:            58048 kB
SwapCached:            0 kB
Active:           344400 kB
Inactive:          29660 kB
Active(anon):     316936 kB
Inactive(anon):     3296 kB
Active(file):      27464 kB
Inactive(file):    26364 kB
Unevictable:        2020 kB
Mlocked:            6172 kB
HighTotal:             0 kB
HighFree:              0 kB
LowTotal:         482068 kB
LowFree:            4548 kB
SwapTotal:             0 kB
SwapFree:              0 kB
Dirty:                24 kB
Writeback:             0 kB
AnonPages:        317540 kB
Mapped:            70048 kB
Shmem:              3368 kB
Slab:              21416 kB
SReclaimable:       5068 kB
SUnreclaim:        16348 kB
KernelStack:        6136 kB
PageTables:         7752 kB
NFS_Unstable:          0 kB
Bounce:                0 kB
WritebackTmp:          0 kB
CommitLimit:      241032 kB
Committed_AS:    4160024 kB
VmallocTotal:     507904 kB
VmallocUsed:      132508 kB
VmallocChunk:     112576 kB
1557581427.000000
MemTotal:         482068 kB
MemFree:            4020 kB
Buffers:             404 kB
Cached:            58428 kB
SwapCached:            0 kB
Active:           344452 kB
Inactive:          30076 kB
Active(anon):     316988 kB
Inactive(anon):     3296 kB
Active(file):      27464 kB
Inactive(file):    26780 kB
Unevictable:        2020 kB
Mlocked:            6172 kB
HighTotal:             0 kB
HighFree:              0 kB
LowTotal:         482068 kB
LowFree:            4020 kB
SwapTotal:             0 kB
SwapFree:              0 kB
Dirty:                24 kB
Writeback:             0 kB
AnonPages:        317692 kB
Mapped:            70048 kB
Shmem:              3368 kB
Slab:              21416 kB
SReclaimable:       5068 kB
SUnreclaim:        16348 kB
KernelStack:        6136 kB
PageTables:         7752 kB
NFS_Unstable:          0 kB
Bounce:                0 kB
WritebackTmp:          0 kB
CommitLimit:      241032 kB
Committed_AS:    4160048 kB
VmallocTotal:     507904 kB
VmallocUsed:      132508 kB
VmallocChunk:     112576 kB
1557581428.000000
MemTotal:         482068 kB
MemFree:            4128 kB
Buffers:             492 kB
Cached:            58124 kB
SwapCached:            0 kB
Active:           343896 kB
Inactive:          30344 kB
Active(anon):     316996 kB
Inactive(anon):     3296 kB
Active(file):      26900 kB
Inactive(file):    27048 kB
Unevictable:        2020 kB
Mlocked:            6172 kB
HighTotal:             0 kB
HighFree:              0 kB
LowTotal:         482068 kB
LowFree:            4128 kB
SwapTotal:             0 kB
SwapFree:              0 kB
Dirty:                76 kB
Writeback:             0 kB
AnonPages:        317732 kB
Mapped:            68380 kB
Shmem:              3368 kB
Slab:              21408 kB
SReclaimable:       5068 kB
SUnreclaim:        16340 kB
KernelStack:        6136 kB
PageTables:         7748 kB
NFS_Unstable:          0 kB
Bounce:                0 kB
WritebackTmp:          0 kB
CommitLimit:      241032 kB
Committed_AS:    4160144 kB
VmallocTotal:     507904 kB
VmallocUsed:      132508 kB
VmallocChunk:     112576 kB
1557581429.000000
MemTotal:         482068 kB
MemFree:            4028 kB
Buffers:             492 kB
Cached:            58124 kB
SwapCached:            0 kB
Active:           344208 kB
Inactive:          30356 kB
Active(anon):     317276 kB
Inactive(anon):     3296 kB
Active(file):      26932 kB
Inactive(file):    27060 kB
Unevictable:        2020 kB
Mlocked:            6172 kB
HighTotal:             0 kB
HighFree:              0 kB
LowTotal:         482068 kB
LowFree:            4028 kB
SwapTotal:             0 kB
SwapFree:              0 kB
Dirty:                56 kB
Writeback:             0 kB
AnonPages:        318060 kB
Mapped:            68420 kB
Shmem:              3368 kB
Slab:              21404 kB
SReclaimable:       5068 kB
SUnreclaim:        16336 kB
KernelStack:        6120 kB
PageTables:         7740 kB
NFS_Unstable:          0 kB
Bounce:                0 kB
WritebackTmp:          0 kB
CommitLimit:      241032 kB
Committed_AS:    4160148 kB
VmallocTotal:     507904 kB
VmallocUsed:      132508 kB
VmallocChunk:     112576 kB
1557581430.000000
MemTotal:         482068 kB
MemFree:            3780 kB
Buffers:             500 kB
Cached:            58188 kB
SwapCached:            0 kB
Active:           344312 kB
Inactive:          30408 kB
Active(anon):     317380 kB
Inactive(anon):     3296 kB
Active(file):      26932 kB
Inactive(file):    27112 kB
Unevictable:        2020 kB
Mlocked:            6172 kB
HighTotal:             0 kB
HighFree:              0 kB
LowTotal:         482068 kB
LowFree:            3780 kB
SwapTotal:             0 kB
SwapFree:              0 kB
Dirty:                72 kB
Writeback:             0 kB
AnonPages:        318136 kB
Mapped:            68432 kB
Shmem:              3368 kB
Slab:              21412 kB
SReclaimable:       5068 kB
SUnreclaim:        16344 kB
KernelStack:        6120 kB
PageTables:         7740 kB
NFS_Unstable:          0 kB
Bounce:                0 kB
WritebackTmp:          0 kB
CommitLimit:      241032 kB
Committed_AS:    4160168 kB
VmallocTotal:     507904 kB
VmallocUsed:      132508 kB
VmallocChunk:     112576 kB
1557581430.000000
MemTotal:         482068 kB
MemFree:            3804 kB
Buffers:             500 kB
Cached:            58200 kB
SwapCached:            0 kB
Active:           344392 kB
Inactive:          30440 kB
Active(anon):     317460 kB
Inactive(anon):     3308 kB
Active(file):      26932 kB
Inactive(file):    27132 kB
Unevictable:        2020 kB
Mlocked:            6172 kB
HighTotal:             0 kB
HighFree:              0 kB
LowTotal:         482068 kB
LowFree:            3804 kB
SwapTotal:             0 kB
SwapFree:              0 kB
Dirty:                72 kB
Writeback:             0 kB
