MemTotal:        1899508 kB
MemFree:           64448 kB
Buffers:            1296 kB
Cached:           267292 kB
SwapCached:            0 kB
Active:          1491268 kB
Inactive:         157512 kB
Active(anon):    1383536 kB
Inactive(anon):     2100 kB
Active(file):     107732 kB
Inactive(file):   155412 kB
Unevictable:        1940 kB
Mlocked:               0 kB
HighTotal:       1158144 kB
HighFree:           1700 kB
LowTotal:         741364 kB
LowFree:           62748 kB
SwapTotal:             0 kB
SwapFree:              0 kB
Dirty:               112 kB
Writeback:             0 kB
AnonPages:       1382152 kB
Mapped:           151520 kB
Shmem:              3460 kB
Slab:              33732 kB
SReclaimable:      11968 kB
SUnreclaim:        21764 kB
KernelStack:        6624 kB
PageTables:        14568 kB
NFS_Unstable:          0 kB
Bounce:                0 kB
WritebackTmp:          0 kB
CommitLimit:      949752 kB
Committed_AS:   17616952 kB
VmallocTotal:     245760 kB
VmallocUsed:       56228 kB
VmallocChunk:      75648 kB
1557665939.559139
MemTotal:        1899508 kB
MemFree:           46312 kB
Buffers:            1304 kB
Cached:           279048 kB
SwapCached:            0 kB
Active:          1500940 kB
Inactive:         167704 kB
Active(anon):    1391608 kB
Inactive(anon):     2108 kB
Active(file):     109332 kB
Inactive(file):   165596 kB
Unevictable:        1940 kB
Mlocked:               0 kB
HighTotal:       1158144 kB
HighFree:           3448 kB
LowTotal:         741364 kB
LowFree:           42864 kB
SwapTotal:             0 kB
SwapFree:              0 kB
Dirty:               200 kB
Writeback:             4 kB
AnonPages:       1390300 kB
Mapped:           160024 kB
Shmem:              3468 kB
Slab:              33752 kB
SReclaimable:      11968 kB
SUnreclaim:        21784 kB
KernelStack:        6720 kB
PageTables:        14768 kB
NFS_Unstable:          0 kB
Bounce:                0 kB
WritebackTmp:          0 kB
CommitLimit:      949752 kB
Committed_AS:   17629796 kB
VmallocTotal:     245760 kB
VmallocUsed:       56228 kB
VmallocChunk:      75648 kB
1557665940.627519
MemTotal:        1899508 kB
MemFree:           45472 kB
Buffers:            1500 kB
Cached:           260792 kB
SwapCached:            0 kB
Active:          1515288 kB
Inactive:         148536 kB
Active(anon):    1404868 kB
Inactive(anon):     2104 kB
Active(file):     110420 kB
Inactive(file):   146432 kB
Unevictable:        1940 kB
Mlocked:               0 kB
HighTotal:       1158144 kB
HighFree:           2440 kB
LowTotal:         741364 kB
LowFree:           43032 kB
SwapTotal:             0 kB
SwapFree:              0 kB
Dirty:                 0 kB
Writeback:             0 kB
AnonPages:       1403524 kB
Mapped:           170064 kB
Shmem:              3464 kB
Slab:              33772 kB
SReclaimable:      11968 kB
SUnreclaim:        21804 kB
KernelStack:        6848 kB
PageTables:        14948 kB
NFS_Unstable:          0 kB
Bounce:                0 kB
WritebackTmp:          0 kB
CommitLimit:      949752 kB
Committed_AS:   17640552 kB
VmallocTotal:     245760 kB
VmallocUsed:       56424 kB
VmallocChunk:      75648 kB
1557665941.904844
MemTotal:        1899508 kB
MemFree:           46080 kB
Buffers:            1592 kB
Cached:           239812 kB
SwapCached:            0 kB
Active:          1518212 kB
Inactive:         127556 kB
Active(anon):    1407732 kB
Inactive(anon):     2104 kB
Active(file):     110480 kB
Inactive(file):   125452 kB
Unevictable:        1940 kB
Mlocked:               0 kB
HighTotal:       1158144 kB
HighFree:           2116 kB
LowTotal:         741364 kB
LowFree:           43964 kB
SwapTotal:             0 kB
SwapFree:              0 kB
Dirty:                96 kB
Writeback:             0 kB
AnonPages:       1406384 kB
Mapped:           167948 kB
Shmem:              3464 kB
Slab:              33852 kB
SReclaimable:      11968 kB
SUnreclaim:        21884 kB
KernelStack:        6920 kB
PageTables:        14964 kB
NFS_Unstable:          0 kB
Bounce:                0 kB
WritebackTmp:          0 kB
CommitLimit:      949752 kB
Committed_AS:   17645960 kB
VmallocTotal:     245760 kB
VmallocUsed:       56460 kB
VmallocChunk:      75648 kB
1557665942.902547
MemTotal:        1899508 kB
MemFree:           40596 kB
Buffers:            1596 kB
Cached:           240536 kB
SwapCached:            0 kB
Active:          1525108 kB
Inactive:         126200 kB
Active(anon):    1412536 kB
Inactive(anon):     2104 kB
Active(file):     112572 kB
Inactive(file):   124096 kB
Unevictable:        1940 kB
Mlocked:               0 kB
HighTotal:       1158144 kB
HighFree:            508 kB
LowTotal:         741364 kB
LowFree:           40088 kB
SwapTotal:             0 kB
SwapFree:              0 kB
Dirty:               220 kB
Writeback:             0 kB
AnonPages:       1411260 kB
Mapped:           172280 kB
Shmem:              3464 kB
Slab:              33856 kB
SReclaimable:      11968 kB
SUnreclaim:        21888 kB
KernelStack:        6920 kB
PageTables:        15024 kB
NFS_Unstable:          0 kB
Bounce:                0 kB
WritebackTmp:          0 kB
CommitLimit:      949752 kB
Committed_AS:   17655176 kB
VmallocTotal:     245760 kB
VmallocUsed:       56460 kB
VmallocChunk:      75648 kB
1557665944.080008
MemTotal:        1899508 kB
MemFree:           40892 kB
Buffers:            1140 kB
Cached:           219972 kB
SwapCached:            0 kB
Active:          1545396 kB
Inactive:         107836 kB
Active(anon):    1435432 kB
Inactive(anon):     2112 kB
Active(file):     109964 kB
Inactive(file):   105724 kB
Unevictable:        1940 kB
Mlocked:               0 kB
HighTotal:       1158144 kB
HighFree:            768 kB
LowTotal:         741364 kB
LowFree:           40124 kB
SwapTotal:             0 kB
SwapFree:              0 kB
Dirty:               108 kB
Writeback:             0 kB
AnonPages:       1434120 kB
Mapped:           173948 kB
Shmem:              3472 kB
Slab:              33864 kB
SReclaimable:      11968 kB
SUnreclaim:        21896 kB
KernelStack:        7000 kB
PageTables:        15104 kB
NFS_Unstable:          0 kB
Bounce:                0 kB
WritebackTmp:          0 kB
CommitLimit:      949752 kB
Committed_AS:   17678704 kB
VmallocTotal:     245760 kB
VmallocUsed:       56460 kB
VmallocChunk:      75648 kB
1557665945.316810
MemTotal:        1899508 kB
MemFree:           46740 kB
Buffers:            1140 kB
Cached:           207868 kB
SwapCached:            0 kB
Active:          1550300 kB
Inactive:          99324 kB
Active(anon):    1443944 kB
Inactive(anon):     2112 kB
Active(file):     106356 kB
Inactive(file):    97212 kB
Unevictable:        1940 kB
Mlocked:               0 kB
HighTotal:       1158144 kB
HighFree:           1752 kB
LowTotal:         741364 kB
LowFree:           44988 kB
SwapTotal:             0 kB
SwapFree:              0 kB
Dirty:                 0 kB
Writeback:             0 kB
AnonPages:       1442540 kB
Mapped:           172364 kB
Shmem:              3472 kB
Slab:              33868 kB
SReclaimable:      11968 kB
SUnreclaim:        21900 kB
KernelStack:        7000 kB
PageTables:        15100 kB
NFS_Unstable:          0 kB
Bounce:                0 kB
WritebackTmp:          0 kB
CommitLimit:      949752 kB
Committed_AS:   17695312 kB
VmallocTotal:     245760 kB
VmallocUsed:       56460 kB
VmallocChunk:      75648 kB
1557665946.399266
MemTotal:        1899508 kB
MemFree:           47332 kB
Buffers:            1140 kB
Cached:           205400 kB
SwapCached:            0 kB
Active:          1549632 kB
Inactive:          99044 kB
Active(anon):    1445460 kB
Inactive(anon):     2112 kB
Active(file):     104172 kB
Inactive(file):    96932 kB
Unevictable:        1940 kB
Mlocked:               0 kB
HighTotal:       1158144 kB
HighFree:           1904 kB
LowTotal:         741364 kB
LowFree:           45428 kB
SwapTotal:             0 kB
SwapFree:              0 kB
Dirty:               256 kB
Writeback:             0 kB
AnonPages:       1444068 kB
Mapped:           172184 kB
Shmem:              3472 kB
Slab:              33904 kB
SReclaimable:      11968 kB
SUnreclaim:        21936 kB
KernelStack:        7056 kB
PageTables:        15124 kB
NFS_Unstable:          0 kB
Bounce:                0 kB
WritebackTmp:          0 kB
CommitLimit:      949752 kB
Committed_AS:   17696068 kB
VmallocTotal:     245760 kB
VmallocUsed:       56460 kB
VmallocChunk:      75648 kB
1557665947.261272
MemTotal:        1899508 kB
MemFree:           46844 kB
Buffers:            1140 kB
Cached:           204488 kB
SwapCached:            0 kB
Active:          1548520 kB
Inactive:         101112 kB
Active(anon):    1447316 kB
Inactive(anon):     2112 kB
Active(file):     101204 kB
Inactive(file):    99000 kB
Unevictable:        1940 kB
Mlocked:               0 kB
HighTotal:       1158144 kB
HighFree:           1744 kB
LowTotal:         741364 kB
LowFree:           45100 kB
SwapTotal:             0 kB
SwapFree:              0 kB
Dirty:               288 kB
Writeback:             0 kB
AnonPages:       1446016 kB
Mapped:           170128 kB
Shmem:              3472 kB
Slab:              34032 kB
SReclaimable:      11968 kB
SUnreclaim:        22064 kB
KernelStack:        7120 kB
PageTables:        15108 kB
NFS_Unstable:          0 kB
Bounce:                0 kB
WritebackTmp:          0 kB
CommitLimit:      949752 kB
Committed_AS:   17696404 kB
VmallocTotal:     245760 kB
VmallocUsed:       56460 kB
VmallocChunk:      75648 kB
1557665948.163235
MemTotal:        1899508 kB
MemFree:           43112 kB
Buffers:            1140 kB
Cached:           207264 kB
SwapCached:            0 kB
Active:          1547596 kB
Inactive:         105660 kB
Active(anon):    1448212 kB
Inactive(anon):     2112 kB
Active(file):      99384 kB
Inactive(file):   103548 kB
Unevictable:        1940 kB
Mlocked:               0 kB
HighTotal:       1158144 kB
HighFree:           1796 kB
LowTotal:         741364 kB
LowFree:           41316 kB
SwapTotal:             0 kB
SwapFree:              0 kB
Dirty:               292 kB
Writeback:             0 kB
AnonPages:       1446876 kB
Mapped:           168280 kB
Shmem:              3472 kB
Slab:              34180 kB
SReclaimable:      11968 kB
SUnreclaim:        22212 kB
KernelStack:        7200 kB
PageTables:        15108 kB
NFS_Unstable:          0 kB
Bounce:                0 kB
WritebackTmp:          0 kB
CommitLimit:      949752 kB
Committed_AS:   17696652 kB
VmallocTotal:     245760 kB
VmallocUsed:       56460 kB
VmallocChunk:      75648 kB
1557665948.972615
MemTotal:        1899508 kB
MemFree:           41344 kB
Buffers:            1152 kB
Cached:           208712 kB
SwapCached:            0 kB
Active:          1549760 kB
Inactive:         105708 kB
Active(anon):    1448980 kB
Inactive(anon):     2120 kB
Active(file):     100780 kB
Inactive(file):   103588 kB
Unevictable:        1940 kB
Mlocked:               0 kB
HighTotal:       1158144 kB
HighFree:           1148 kB
LowTotal:         741364 kB
LowFree:           40196 kB
SwapTotal:             0 kB
SwapFree:              0 kB
Dirty:               344 kB
Writeback:             0 kB
AnonPages:       1447672 kB
Mapped:           166836 kB
Shmem:              3480 kB
Slab:              33996 kB
SReclaimable:      11968 kB
SUnreclaim:        22028 kB
KernelStack:        7080 kB
PageTables:        15120 kB
NFS_Unstable:          0 kB
Bounce:                0 kB
WritebackTmp:          0 kB
CommitLimit:      949752 kB
Committed_AS:   17696848 kB
VmallocTotal:     245760 kB
VmallocUsed:       56460 kB
VmallocChunk:      75648 kB
1557665950.003761
MemTotal:        1899508 kB
MemFree:           43088 kB
Buffers:            1144 kB
Cached:           206092 kB
SwapCached:            0 kB
Active:          1550680 kB
Inactive:         103076 kB
Active(anon):    1449868 kB
Inactive(anon):     2112 kB
Active(file):     100812 kB
Inactive(file):   100964 kB
Unevictable:        1940 kB
Mlocked:               0 kB
HighTotal:       1158144 kB
HighFree:           2056 kB
LowTotal:         741364 kB
LowFree:           41032 kB
SwapTotal:             0 kB
SwapFree:              0 kB
Dirty:               376 kB
Writeback:             0 kB
AnonPages:       1448572 kB
Mapped:           165316 kB
Shmem:              3472 kB
Slab:              33992 kB
SReclaimable:      11968 kB
SUnreclaim:        22024 kB
KernelStack:        7144 kB
PageTables:        15132 kB
NFS_Unstable:          0 kB
Bounce:                0 kB
WritebackTmp:          0 kB
CommitLimit:      949752 kB
Committed_AS:   17697008 kB
VmallocTotal:     245760 kB
VmallocUsed:       56460 kB
VmallocChunk:      75648 kB
1557665950.810112
MemTotal:        1899508 kB
MemFree:           58920 kB
Buffers:            1060 kB
Cached:           205572 kB
SwapCached:            0 kB
Active:          1535760 kB
Inactive:         102908 kB
Active(anon):    1435412 kB
Inactive(anon):     2112 kB
Active(file):     100348 kB
Inactive(file):   100796 kB
Unevictable:        1940 kB
Mlocked:               0 kB
HighTotal:       1158144 kB
HighFree:           6728 kB
LowTotal:         741364 kB
LowFree:           52192 kB
SwapTotal:             0 kB
SwapFree:              0 kB
Dirty:                68 kB
Writeback:           308 kB
AnonPages:       1434076 kB
Mapped:           164696 kB
Shmem:              3472 kB
Slab:              33988 kB
SReclaimable:      11968 kB
SUnreclaim:        22020 kB
KernelStack:        7080 kB
PageTables:        15136 kB
NFS_Unstable:          0 kB
Bounce:                0 kB
WritebackTmp:          0 kB
CommitLimit:      949752 kB
Committed_AS:   17696556 kB
VmallocTotal:     245760 kB
VmallocUsed:       56460 kB
VmallocChunk:      75648 kB
1557665951.914620
MemTotal:        1899508 kB
MemFree:           50260 kB
Buffers:             976 kB
Cached:           194624 kB
SwapCached:            0 kB
Active:          1536104 kB
Inactive:          96648 kB
Active(anon):    1440532 kB
Inactive(anon):     2120 kB
Active(file):      95572 kB
Inactive(file):    94528 kB
Unevictable:        1940 kB
Mlocked:               0 kB
HighTotal:       1158144 kB
HighFree:           7004 kB
LowTotal:         741364 kB
LowFree:           43256 kB
SwapTotal:             0 kB
SwapFree:              0 kB
Dirty:                 0 kB
Writeback:             0 kB
AnonPages:       1439208 kB
Mapped:           167312 kB
Shmem:              3480 kB
Slab:              33996 kB
SReclaimable:      11968 kB
SUnreclaim:        22028 kB
KernelStack:        7152 kB
PageTables:        15112 kB
NFS_Unstable:          0 kB
Bounce:                0 kB
WritebackTmp:          0 kB
CommitLimit:      949752 kB
Committed_AS:   17697548 kB
VmallocTotal:     245760 kB
VmallocUsed:       56556 kB
VmallocChunk:      75648 kB
1557665952.965157
MemTotal:        1899508 kB
MemFree:           47972 kB
Buffers:             980 kB
Cached:           196660 kB
SwapCached:            0 kB
Active:          1536700 kB
Inactive:          98636 kB
Active(anon):    1441016 kB
Inactive(anon):     2120 kB
Active(file):      95684 kB
Inactive(file):    96516 kB
Unevictable:        1940 kB
Mlocked:               0 kB
HighTotal:       1158144 kB
HighFree:           1816 kB
LowTotal:         741364 kB
LowFree:           46156 kB
SwapTotal:             0 kB
SwapFree:              0 kB
Dirty:                52 kB
Writeback:             0 kB
AnonPages:       1439740 kB
Mapped:           167816 kB
Shmem:              3480 kB
Slab:              33980 kB
SReclaimable:      11968 kB
SUnreclaim:        22012 kB
KernelStack:        7160 kB
PageTables:        15120 kB
NFS_Unstable:          0 kB
Bounce:                0 kB
WritebackTmp:          0 kB
CommitLimit:      949752 kB
Committed_AS:   17698832 kB
VmallocTotal:     245760 kB
VmallocUsed:       56556 kB
VmallocChunk:      75648 kB
1557665954.179809
MemTotal:        1899508 kB
MemFree:           70440 kB
Buffers:             832 kB
Cached:           183952 kB
SwapCached:            0 kB
Active:          1526596 kB
Inactive:          87424 kB
Active(anon):    1432540 kB
Inactive(anon):     2120 kB
Active(file):      94056 kB
Inactive(file):    85304 kB
Unevictable:        1940 kB
Mlocked:               0 kB
HighTotal:       1158144 kB
HighFree:          16960 kB
LowTotal:         741364 kB
LowFree:           53480 kB
SwapTotal:             0 kB
SwapFree:              0 kB
Dirty:              1540 kB
Writeback:             0 kB
AnonPages:       1431208 kB
Mapped:           158432 kB
Shmem:              3480 kB
Slab:              33996 kB
SReclaimable:      12004 kB
SUnreclaim:        21992 kB
KernelStack:        7208 kB
PageTables:        14664 kB
NFS_Unstable:          0 kB
Bounce:                0 kB
WritebackTmp:          0 kB
CommitLimit:      949752 kB
Committed_AS:   17130936 kB
VmallocTotal:     245760 kB
VmallocUsed:       56556 kB
VmallocChunk:      75648 kB
1557665955.350463
MemTotal:        1899508 kB
MemFree:           40980 kB
Buffers:             716 kB
Cached:           179948 kB
SwapCached:            0 kB
Active:          1551628 kB
Inactive:          89356 kB
Active(anon):    1463680 kB
Inactive(anon):     2120 kB
Active(file):      87948 kB
Inactive(file):    87236 kB
Unevictable:        1940 kB
Mlocked:               0 kB
HighTotal:       1158144 kB
HighFree:           1528 kB
LowTotal:         741364 kB
LowFree:           39452 kB
SwapTotal:             0 kB
SwapFree:              0 kB
Dirty:                 0 kB
Writeback:             0 kB
AnonPages:       1462364 kB
Mapped:           154364 kB
Shmem:              3480 kB
Slab:              35044 kB
SReclaimable:      12008 kB
SUnreclaim:        23036 kB
KernelStack:        7048 kB
PageTables:        14360 kB
NFS_Unstable:          0 kB
Bounce:                0 kB
WritebackTmp:          0 kB
CommitLimit:      949752 kB
Committed_AS:   16596600 kB
VmallocTotal:     245760 kB
VmallocUsed:       54552 kB
VmallocChunk:      75648 kB
1557665956.843264
MemTotal:        1899508 kB
MemFree:           48460 kB
Buffers:             692 kB
Cached:           148864 kB
SwapCached:            0 kB
Active:          1536832 kB
Inactive:          71492 kB
Active(anon):    1462124 kB
Inactive(anon):     2120 kB
Active(file):      74708 kB
Inactive(file):    69372 kB
Unevictable:        1940 kB
Mlocked:               0 kB
HighTotal:       1158144 kB
HighFree:           8524 kB
LowTotal:         741364 kB
LowFree:           39936 kB
SwapTotal:             0 kB
SwapFree:              0 kB
Dirty:                 0 kB
Writeback:             0 kB
AnonPages:       1460804 kB
Mapped:           170488 kB
Shmem:              3480 kB
Slab:              34148 kB
SReclaimable:      12008 kB
SUnreclaim:        22140 kB
KernelStack:        6976 kB
PageTables:        14464 kB
NFS_Unstable:          0 kB
Bounce:                0 kB
WritebackTmp:          0 kB
CommitLimit:      949752 kB
Committed_AS:   16602916 kB
VmallocTotal:     245760 kB
VmallocUsed:       54840 kB
VmallocChunk:      75648 kB
1557665957.558636
MemTotal:        1899508 kB
MemFree:           53472 kB
Buffers:             688 kB
Cached:           144544 kB
SwapCached:            0 kB
Active:          1528056 kB
Inactive:          69784 kB
Active(anon):    1455880 kB
Inactive(anon):     2120 kB
Active(file):      72176 kB
Inactive(file):    67664 kB
Unevictable:        1940 kB
Mlocked:               0 kB
HighTotal:       1158144 kB
HighFree:           7056 kB
LowTotal:         741364 kB
LowFree:           46416 kB
SwapTotal:             0 kB
SwapFree:              0 kB
Dirty:               104 kB
Writeback:             0 kB
AnonPages:       1454600 kB
Mapped:           173984 kB
Shmem:              3480 kB
Slab:              34088 kB
SReclaimable:      12008 kB
SUnreclaim:        22080 kB
KernelStack:        6784 kB
PageTables:        13552 kB
NFS_Unstable:          0 kB
Bounce:                0 kB
WritebackTmp:          0 kB
CommitLimit:      949752 kB
Committed_AS:   15468460 kB
VmallocTotal:     245760 kB
VmallocUsed:       52896 kB
VmallocChunk:      75648 kB
1557665958.302010
MemTotal:        1899508 kB
MemFree:           53360 kB
Buffers:             460 kB
Cached:           136016 kB
SwapCached:            0 kB
Active:          1502968 kB
Inactive:          69340 kB
Active(anon):    1439144 kB
Inactive(anon):     2120 kB
Active(file):      63824 kB
Inactive(file):    67220 kB
Unevictable:        1940 kB
Mlocked:               0 kB
HighTotal:       1158144 kB
HighFree:          10036 kB
LowTotal:         741364 kB
LowFree:           43324 kB
SwapTotal:             0 kB
SwapFree:              0 kB
Dirty:                24 kB
Writeback:             0 kB
AnonPages:       1437828 kB
Mapped:           159412 kB
Shmem:              3480 kB
Slab:              33996 kB
SReclaimable:      11992 kB
SUnreclaim:        22004 kB
KernelStack:        6672 kB
PageTables:        13592 kB
NFS_Unstable:          0 kB
Bounce:                0 kB
WritebackTmp:          0 kB
CommitLimit:      949752 kB
Committed_AS:   15491304 kB
VmallocTotal:     245760 kB
VmallocUsed:       55308 kB
VmallocChunk:      75648 kB
1557665958.932369
MemTotal:        1899508 kB
MemFree:           59884 kB
Buffers:             464 kB
Cached:           132292 kB
SwapCached:            0 kB
Active:          1497400 kB
Inactive:          63796 kB
Active(anon):    1431792 kB
Inactive(anon):     2164 kB
Active(file):      65608 kB
Inactive(file):    61632 kB
Unevictable:        1940 kB
Mlocked:               0 kB
HighTotal:       1158144 kB
HighFree:          13008 kB
LowTotal:         741364 kB
LowFree:           46876 kB
SwapTotal:             0 kB
SwapFree:              0 kB
Dirty:                24 kB
Writeback:             0 kB
AnonPages:       1430404 kB
Mapped:           149288 kB
Shmem:              3544 kB
Slab:              34100 kB
SReclaimable:      11992 kB
SUnreclaim:        22108 kB
KernelStack:        6168 kB
PageTables:        12968 kB
NFS_Unstable:          0 kB
Bounce:                0 kB
WritebackTmp:          0 kB
CommitLimit:      949752 kB
Committed_AS:   14247932 kB
VmallocTotal:     245760 kB
VmallocUsed:       54100 kB
VmallocChunk:      75648 kB
1557665959.548411
MemTotal:        1899508 kB
MemFree:           46784 kB
Buffers:             384 kB
Cached:           130812 kB
SwapCached:            0 kB
Active:          1499576 kB
Inactive:          62588 kB
Active(anon):    1434304 kB
Inactive(anon):     2152 kB
Active(file):      65272 kB
Inactive(file):    60436 kB
Unevictable:        1940 kB
Mlocked:               0 kB
HighTotal:       1158144 kB
HighFree:           5160 kB
LowTotal:         741364 kB
LowFree:           41624 kB
SwapTotal:             0 kB
SwapFree:              0 kB
Dirty:                68 kB
Writeback:             0 kB
AnonPages:       1432952 kB
Mapped:           145856 kB
Shmem:              3516 kB
Slab:              33984 kB
SReclaimable:      11988 kB
SUnreclaim:        21996 kB
KernelStack:        6104 kB
PageTables:        12444 kB
NFS_Unstable:          0 kB
Bounce:                0 kB
WritebackTmp:          0 kB
CommitLimit:      949752 kB
Committed_AS:   13019632 kB
VmallocTotal:     245760 kB
VmallocUsed:       53080 kB
VmallocChunk:      75648 kB
1557665960.285522
MemTotal:        1899508 kB
MemFree:           47820 kB
Buffers:             352 kB
Cached:           122592 kB
SwapCached:            0 kB
Active:          1496788 kB
Inactive:          59048 kB
Active(anon):    1436304 kB
Inactive(anon):     2152 kB
Active(file):      60484 kB
Inactive(file):    56896 kB
Unevictable:        1940 kB
Mlocked:               0 kB
HighTotal:       1158144 kB
HighFree:           7380 kB
LowTotal:         741364 kB
LowFree:           40440 kB
SwapTotal:             0 kB
SwapFree:              0 kB
Dirty:               108 kB
Writeback:             0 kB
AnonPages:       1434944 kB
Mapped:           143888 kB
Shmem:              3524 kB
Slab:              33980 kB
SReclaimable:      11984 kB
SUnreclaim:        21996 kB
KernelStack:        6112 kB
PageTables:        12444 kB
NFS_Unstable:          0 kB
Bounce:                0 kB
WritebackTmp:          0 kB
CommitLimit:      949752 kB
Committed_AS:   13038712 kB
VmallocTotal:     245760 kB
VmallocUsed:       53080 kB
VmallocChunk:      75648 kB
1557665960.975753
MemTotal:        1899508 kB
MemFree:           49380 kB
Buffers:             364 kB
Cached:           117672 kB
SwapCached:            0 kB
Active:          1496688 kB
Inactive:          57608 kB
Active(anon):    1439596 kB
Inactive(anon):     2328 kB
Active(file):      57092 kB
Inactive(file):    55280 kB
Unevictable:        1940 kB
Mlocked:               0 kB
HighTotal:       1158144 kB
HighFree:           6844 kB
LowTotal:         741364 kB
LowFree:           42536 kB
SwapTotal:             0 kB
SwapFree:              0 kB
Dirty:               152 kB
Writeback:             0 kB
AnonPages:       1438260 kB
Mapped:           142432 kB
Shmem:              3720 kB
Slab:              33948 kB
SReclaimable:      11984 kB
SUnreclaim:        21964 kB
KernelStack:        6120 kB
PageTables:        12484 kB
NFS_Unstable:          0 kB
Bounce:                0 kB
WritebackTmp:          0 kB
CommitLimit:      949752 kB
Committed_AS:   13041932 kB
VmallocTotal:     245760 kB
VmallocUsed:       53080 kB
VmallocChunk:      75648 kB
1557665961.745710
MemTotal:        1899508 kB
MemFree:           50060 kB
Buffers:             360 kB
Cached:           116396 kB
SwapCached:            0 kB
Active:          1496324 kB
Inactive:          57344 kB
Active(anon):    1440276 kB
Inactive(anon):     2416 kB
Active(file):      56048 kB
Inactive(file):    54928 kB
Unevictable:        1940 kB
Mlocked:               0 kB
HighTotal:       1158144 kB
HighFree:           4864 kB
LowTotal:         741364 kB
LowFree:           45196 kB
SwapTotal:             0 kB
SwapFree:              0 kB
Dirty:               152 kB
Writeback:             0 kB
AnonPages:       1438884 kB
Mapped:           142252 kB
Shmem:              3848 kB
Slab:              33948 kB
SReclaimable:      11984 kB
SUnreclaim:        21964 kB
KernelStack:        6120 kB
PageTables:        12484 kB
NFS_Unstable:          0 kB
Bounce:                0 kB
WritebackTmp:          0 kB
CommitLimit:      949752 kB
Committed_AS:   13042092 kB
VmallocTotal:     245760 kB
VmallocUsed:       53080 kB
VmallocChunk:      75648 kB
1557665962.390100
MemTotal:        1899508 kB
MemFree:           48256 kB
Buffers:             364 kB
Cached:           116028 kB
SwapCached:            0 kB
Active:          1497832 kB
Inactive:          57452 kB
Active(anon):    1442324 kB
Inactive(anon):     2384 kB
Active(file):      55508 kB
Inactive(file):    55068 kB
Unevictable:        1940 kB
Mlocked:               0 kB
HighTotal:       1158144 kB
HighFree:           3292 kB
LowTotal:         741364 kB
LowFree:           44964 kB
SwapTotal:             0 kB
SwapFree:              0 kB
Dirty:               152 kB
Writeback:             0 kB
AnonPages:       1440932 kB
Mapped:           142000 kB
Shmem:              3840 kB
Slab:              33948 kB
SReclaimable:      11984 kB
SUnreclaim:        21964 kB
KernelStack:        6136 kB
PageTables:        12504 kB
NFS_Unstable:          0 kB
Bounce:                0 kB
WritebackTmp:          0 kB
CommitLimit:      949752 kB
Committed_AS:   13046344 kB
VmallocTotal:     245760 kB
VmallocUsed:       53080 kB
VmallocChunk:      75648 kB
1557665962.997043
MemTotal:        1899508 kB
MemFree:           42636 kB
Buffers:             380 kB
Cached:           115208 kB
SwapCached:            0 kB
Active:          1504000 kB
Inactive:          57256 kB
Active(anon):    1449240 kB
Inactive(anon):     2464 kB
Active(file):      54760 kB
Inactive(file):    54792 kB
Unevictable:        1940 kB
Mlocked:               0 kB
HighTotal:       1158144 kB
HighFree:            852 kB
LowTotal:         741364 kB
LowFree:           41784 kB
SwapTotal:             0 kB
SwapFree:              0 kB
Dirty:               168 kB
Writeback:             0 kB
AnonPages:       1447736 kB
Mapped:           141956 kB
Shmem:              3992 kB
Slab:              33916 kB
SReclaimable:      11984 kB
SUnreclaim:        21932 kB
KernelStack:        6136 kB
PageTables:        12480 kB
NFS_Unstable:          0 kB
Bounce:                0 kB
WritebackTmp:          0 kB
CommitLimit:      949752 kB
Committed_AS:   13050552 kB
VmallocTotal:     245760 kB
VmallocUsed:       53080 kB
VmallocChunk:      75648 kB
1557665963.963531
MemTotal:        1899508 kB
MemFree:           40012 kB
Buffers:             488 kB
Cached:           117648 kB
SwapCached:            0 kB
Active:          1503600 kB
Inactive:          60328 kB
Active(anon):    1449360 kB
Inactive(anon):     2476 kB
Active(file):      54240 kB
Inactive(file):    57852 kB
Unevictable:        1940 kB
Mlocked:               0 kB
HighTotal:       1158144 kB
HighFree:            524 kB
LowTotal:         741364 kB
LowFree:           39488 kB
SwapTotal:             0 kB
SwapFree:              0 kB
Dirty:              1932 kB
Writeback:             0 kB
AnonPages:       1447848 kB
Mapped:           142692 kB
Shmem:              4024 kB
Slab:              33980 kB
SReclaimable:      11984 kB
SUnreclaim:        21996 kB
KernelStack:        6136 kB
PageTables:        12500 kB
NFS_Unstable:          0 kB
Bounce:                0 kB
WritebackTmp:          0 kB
CommitLimit:      949752 kB
Committed_AS:   13050636 kB
VmallocTotal:     245760 kB
VmallocUsed:       53080 kB
VmallocChunk:      75648 kB
1557665964.925819
MemTotal:        1899508 kB
MemFree:           84704 kB
Buffers:             696 kB
Cached:           121964 kB
SwapCached:            0 kB
Active:          1478876 kB
Inactive:          64280 kB
Active(anon):    1424000 kB
Inactive(anon):     2480 kB
Active(file):      54876 kB
Inactive(file):    61800 kB
Unevictable:        1940 kB
Mlocked:               0 kB
HighTotal:       1158144 kB
HighFree:          17520 kB
LowTotal:         741364 kB
LowFree:           67184 kB
SwapTotal:             0 kB
SwapFree:              0 kB
Dirty:               876 kB
Writeback:             0 kB
AnonPages:       1422476 kB
Mapped:           118452 kB
Shmem:              4044 kB
Slab:              33868 kB
SReclaimable:      11972 kB
SUnreclaim:        21896 kB
KernelStack:        5936 kB
PageTables:        11576 kB
NFS_Unstable:          0 kB
Bounce:                0 kB
WritebackTmp:          0 kB
CommitLimit:      949752 kB
Committed_AS:   11912628 kB
VmallocTotal:     245760 kB
VmallocUsed:       50788 kB
VmallocChunk:      75648 kB
1557665965.596031
MemTotal:        1899508 kB
MemFree:           79628 kB
Buffers:             716 kB
Cached:           123224 kB
SwapCached:            0 kB
Active:          1482244 kB
Inactive:          65512 kB
Active(anon):    1427368 kB
Inactive(anon):     2480 kB
Active(file):      54876 kB
Inactive(file):    63032 kB
Unevictable:        1940 kB
Mlocked:               0 kB
HighTotal:       1158144 kB
HighFree:          12764 kB
LowTotal:         741364 kB
LowFree:           66864 kB
SwapTotal:             0 kB
SwapFree:              0 kB
Dirty:               928 kB
Writeback:             0 kB
AnonPages:       1425828 kB
Mapped:           118644 kB
Shmem:              4044 kB
Slab:              33868 kB
SReclaimable:      11972 kB
SUnreclaim:        21896 kB
KernelStack:        5936 kB
PageTables:        11888 kB
NFS_Unstable:          0 kB
Bounce:                0 kB
WritebackTmp:          0 kB
CommitLimit:      949752 kB
Committed_AS:   13135128 kB
VmallocTotal:     245760 kB
VmallocUsed:       51808 kB
VmallocChunk:      75648 kB
1557665966.515066
MemTotal:        1899508 kB
MemFree:           71340 kB
Buffers:             716 kB
Cached:           126528 kB
SwapCached:            0 kB
Active:          1487408 kB
Inactive:          68840 kB
Active(anon):    1432532 kB
Inactive(anon):     2480 kB
Active(file):      54876 kB
Inactive(file):    66360 kB
Unevictable:        1940 kB
Mlocked:               0 kB
HighTotal:       1158144 kB
HighFree:           4436 kB
LowTotal:         741364 kB
LowFree:           66904 kB
SwapTotal:             0 kB
SwapFree:              0 kB
Dirty:               944 kB
Writeback:             0 kB
AnonPages:       1430992 kB
Mapped:           119172 kB
Shmem:              4044 kB
Slab:              33836 kB
SReclaimable:      11972 kB
SUnreclaim:        21864 kB
KernelStack:        5984 kB
PageTables:        11952 kB
NFS_Unstable:          0 kB
Bounce:                0 kB
WritebackTmp:          0 kB
CommitLimit:      949752 kB
Committed_AS:   13135128 kB
VmallocTotal:     245760 kB
VmallocUsed:       51808 kB
VmallocChunk:      75648 kB
1557665967.208164
MemTotal:        1899508 kB
MemFree:           64896 kB
Buffers:             732 kB
Cached:           130392 kB
SwapCached:            0 kB
Active:          1489912 kB
Inactive:          72612 kB
Active(anon):    1434988 kB
Inactive(anon):     2480 kB
Active(file):      54924 kB
Inactive(file):    70132 kB
Unevictable:        1940 kB
Mlocked:               0 kB
HighTotal:       1158144 kB
HighFree:           1732 kB
LowTotal:         741364 kB
LowFree:           63164 kB
SwapTotal:             0 kB
SwapFree:              0 kB
Dirty:               944 kB
Writeback:             0 kB
AnonPages:       1433412 kB
Mapped:           119892 kB
Shmem:              4044 kB
Slab:              33836 kB
SReclaimable:      11972 kB
SUnreclaim:        21864 kB
KernelStack:        6000 kB
PageTables:        11944 kB
NFS_Unstable:          0 kB
Bounce:                0 kB
WritebackTmp:          0 kB
CommitLimit:      949752 kB
Committed_AS:   12479780 kB
VmallocTotal:     245760 kB
VmallocUsed:       51808 kB
VmallocChunk:      75648 kB
1557665967.829261
MemTotal:        1899508 kB
MemFree:           60544 kB
Buffers:             748 kB
Cached:           132084 kB
SwapCached:            0 kB
Active:          1492384 kB
Inactive:          74376 kB
Active(anon):    1437432 kB
Inactive(anon):     2480 kB
Active(file):      54952 kB
Inactive(file):    71896 kB
Unevictable:        1940 kB
Mlocked:               0 kB
HighTotal:       1158144 kB
HighFree:           1772 kB
LowTotal:         741364 kB
LowFree:           58772 kB
SwapTotal:             0 kB
SwapFree:              0 kB
Dirty:               944 kB
Writeback:             0 kB
AnonPages:       1435888 kB
Mapped:           120396 kB
Shmem:              4044 kB
Slab:              33900 kB
SReclaimable:      11972 kB
SUnreclaim:        21928 kB
KernelStack:        6000 kB
PageTables:        11952 kB
NFS_Unstable:          0 kB
Bounce:                0 kB
WritebackTmp:          0 kB
CommitLimit:      949752 kB
Committed_AS:   12479896 kB
VmallocTotal:     245760 kB
VmallocUsed:       51808 kB
VmallocChunk:      75648 kB
1557665968.617061
MemTotal:        1899508 kB
MemFree:           53780 kB
Buffers:             748 kB
Cached:           133748 kB
SwapCached:            0 kB
Active:          1497668 kB
Inactive:          75996 kB
Active(anon):    1442716 kB
Inactive(anon):     2480 kB
Active(file):      54952 kB
Inactive(file):    73516 kB
Unevictable:        1940 kB
Mlocked:               0 kB
HighTotal:       1158144 kB
HighFree:           1772 kB
LowTotal:         741364 kB
LowFree:           52008 kB
SwapTotal:             0 kB
SwapFree:              0 kB
Dirty:               944 kB
Writeback:             0 kB
AnonPages:       1441128 kB
Mapped:           120888 kB
Shmem:              4044 kB
Slab:              33836 kB
SReclaimable:      11972 kB
SUnreclaim:        21864 kB
KernelStack:        6000 kB
PageTables:        11952 kB
NFS_Unstable:          0 kB
Bounce:                0 kB
WritebackTmp:          0 kB
CommitLimit:      949752 kB
Committed_AS:   12479884 kB
VmallocTotal:     245760 kB
VmallocUsed:       51808 kB
VmallocChunk:      75648 kB
1557665969.376941
MemTotal:        1899508 kB
MemFree:           49356 kB
Buffers:             764 kB
Cached:           135460 kB
SwapCached:            0 kB
Active:          1500404 kB
Inactive:          77704 kB
Active(anon):    1445408 kB
Inactive(anon):     2480 kB
Active(file):      54996 kB
Inactive(file):    75224 kB
Unevictable:        1940 kB
Mlocked:               0 kB
HighTotal:       1158144 kB
HighFree:           1808 kB
LowTotal:         741364 kB
LowFree:           47548 kB
SwapTotal:             0 kB
SwapFree:              0 kB
Dirty:               944 kB
Writeback:             0 kB
AnonPages:       1443860 kB
Mapped:           121364 kB
Shmem:              4044 kB
Slab:              33836 kB
SReclaimable:      11972 kB
SUnreclaim:        21864 kB
KernelStack:        5976 kB
PageTables:        11948 kB
NFS_Unstable:          0 kB
Bounce:                0 kB
WritebackTmp:          0 kB
CommitLimit:      949752 kB
Committed_AS:   12479908 kB
VmallocTotal:     245760 kB
VmallocUsed:       51808 kB
VmallocChunk:      75648 kB
1557665970.074470
MemTotal:        1899508 kB
MemFree:           45600 kB
Buffers:             780 kB
Cached:           136768 kB
SwapCached:            0 kB
Active:          1502864 kB
Inactive:          78996 kB
Active(anon):    1447816 kB
Inactive(anon):     2480 kB
Active(file):      55048 kB
Inactive(file):    76516 kB
Unevictable:        1940 kB
Mlocked:               0 kB
HighTotal:       1158144 kB
HighFree:           1808 kB
LowTotal:         741364 kB
LowFree:           43792 kB
SwapTotal:             0 kB
SwapFree:              0 kB
Dirty:                 0 kB
Writeback:             0 kB
AnonPages:       1446276 kB
Mapped:           122020 kB
Shmem:              4044 kB
Slab:              33900 kB
SReclaimable:      11972 kB
SUnreclaim:        21928 kB
KernelStack:        5960 kB
PageTables:        11948 kB
NFS_Unstable:          0 kB
Bounce:                0 kB
WritebackTmp:          0 kB
CommitLimit:      949752 kB
Committed_AS:   12483064 kB
VmallocTotal:     245760 kB
VmallocUsed:       51808 kB
VmallocChunk:      75648 kB
1557665970.996020
MemTotal:        1899508 kB
MemFree:           40820 kB
Buffers:             780 kB
Cached:           136408 kB
SwapCached:            0 kB
Active:          1507540 kB
Inactive:          78636 kB
Active(anon):    1452488 kB
Inactive(anon):     2480 kB
Active(file):      55052 kB
Inactive(file):    76156 kB
Unevictable:        1940 kB
Mlocked:               0 kB
HighTotal:       1158144 kB
HighFree:            668 kB
LowTotal:         741364 kB
LowFree:           40152 kB
SwapTotal:             0 kB
SwapFree:              0 kB
Dirty:                52 kB
Writeback:             0 kB
AnonPages:       1451000 kB
Mapped:           121264 kB
Shmem:              4044 kB
Slab:              33900 kB
SReclaimable:      11972 kB
SUnreclaim:        21928 kB
KernelStack:        5960 kB
PageTables:        11956 kB
NFS_Unstable:          0 kB
Bounce:                0 kB
WritebackTmp:          0 kB
CommitLimit:      949752 kB
Committed_AS:   12487276 kB
VmallocTotal:     245760 kB
VmallocUsed:       51808 kB
VmallocChunk:      75648 kB
1557665971.758585
MemTotal:        1899508 kB
MemFree:           40012 kB
Buffers:             768 kB
Cached:           133456 kB
SwapCached:            0 kB
Active:          1512736 kB
Inactive:          74712 kB
Active(anon):    1456836 kB
Inactive(anon):     2480 kB
Active(file):      55900 kB
Inactive(file):    72232 kB
Unevictable:        1940 kB
Mlocked:               0 kB
HighTotal:       1158144 kB
HighFree:            592 kB
LowTotal:         741364 kB
LowFree:           39420 kB
SwapTotal:             0 kB
SwapFree:              0 kB
Dirty:                52 kB
Writeback:             0 kB
AnonPages:       1455332 kB
Mapped:           119176 kB
Shmem:              4044 kB
Slab:              33936 kB
SReclaimable:      11972 kB
SUnreclaim:        21964 kB
KernelStack:        5960 kB
PageTables:        12008 kB
NFS_Unstable:          0 kB
Bounce:                0 kB
WritebackTmp:          0 kB
CommitLimit:      949752 kB
Committed_AS:   12490352 kB
VmallocTotal:     245760 kB
VmallocUsed:       51808 kB
VmallocChunk:      75648 kB
1557665972.582615
MemTotal:        1899508 kB
MemFree:           42124 kB
Buffers:             772 kB
Cached:           130096 kB
SwapCached:            0 kB
Active:          1513848 kB
Inactive:          71144 kB
Active(anon):    1457712 kB
Inactive(anon):     2480 kB
Active(file):      56136 kB
Inactive(file):    68664 kB
Unevictable:        1940 kB
Mlocked:               0 kB
HighTotal:       1158144 kB
HighFree:           1836 kB
LowTotal:         741364 kB
LowFree:           40288 kB
SwapTotal:             0 kB
SwapFree:              0 kB
Dirty:                40 kB
Writeback:             0 kB
AnonPages:       1456132 kB
Mapped:           117712 kB
Shmem:              4044 kB
Slab:              33936 kB
SReclaimable:      11972 kB
SUnreclaim:        21964 kB
KernelStack:        5976 kB
PageTables:        11992 kB
NFS_Unstable:          0 kB
Bounce:                0 kB
WritebackTmp:          0 kB
CommitLimit:      949752 kB
Committed_AS:   12493428 kB
VmallocTotal:     245760 kB
VmallocUsed:       51808 kB
VmallocChunk:      75648 kB
1557665973.397551
MemTotal:        1899508 kB
MemFree:           41364 kB
Buffers:             788 kB
Cached:           126036 kB
SwapCached:            0 kB
Active:          1519392 kB
Inactive:          66600 kB
Active(anon):    1462748 kB
Inactive(anon):     2480 kB
Active(file):      56644 kB
Inactive(file):    64120 kB
Unevictable:        1940 kB
Mlocked:               0 kB
HighTotal:       1158144 kB
HighFree:           1080 kB
LowTotal:         741364 kB
LowFree:           40284 kB
SwapTotal:             0 kB
SwapFree:              0 kB
Dirty:                40 kB
Writeback:             0 kB
AnonPages:       1461208 kB
Mapped:           116732 kB
Shmem:              4044 kB
Slab:              33936 kB
SReclaimable:      11972 kB
SUnreclaim:        21964 kB
KernelStack:        5960 kB
PageTables:        12040 kB
NFS_Unstable:          0 kB
Bounce:                0 kB
WritebackTmp:          0 kB
CommitLimit:      949752 kB
Committed_AS:   12499832 kB
VmallocTotal:     245760 kB
VmallocUsed:       51808 kB
VmallocChunk:      75648 kB
1557665974.292085
MemTotal:        1899508 kB
MemFree:           41344 kB
Buffers:             796 kB
Cached:           125300 kB
SwapCached:            0 kB
Active:          1520596 kB
Inactive:          65160 kB
Active(anon):    1463324 kB
Inactive(anon):     2852 kB
Active(file):      57272 kB
Inactive(file):    62308 kB
Unevictable:        1940 kB
Mlocked:               0 kB
HighTotal:       1158144 kB
HighFree:           1060 kB
LowTotal:         741364 kB
LowFree:           40284 kB
SwapTotal:             0 kB
SwapFree:              0 kB
Dirty:                28 kB
Writeback:             0 kB
AnonPages:       1461616 kB
Mapped:           116748 kB
Shmem:              4468 kB
Slab:              33904 kB
SReclaimable:      11972 kB
SUnreclaim:        21932 kB
KernelStack:        5976 kB
PageTables:        12004 kB
NFS_Unstable:          0 kB
Bounce:                0 kB
WritebackTmp:          0 kB
CommitLimit:      949752 kB
Committed_AS:   12499832 kB
VmallocTotal:     245760 kB
VmallocUsed:       51808 kB
VmallocChunk:      75648 kB
1557665975.173919
MemTotal:        1899508 kB
MemFree:           45132 kB
Buffers:             752 kB
Cached:           119112 kB
SwapCached:            0 kB
Active:          1521720 kB
Inactive:          60176 kB
Active(anon):    1465704 kB
Inactive(anon):     2936 kB
Active(file):      56016 kB
Inactive(file):    57240 kB
Unevictable:        1940 kB
Mlocked:               0 kB
HighTotal:       1158144 kB
HighFree:           3728 kB
LowTotal:         741364 kB
LowFree:           41404 kB
SwapTotal:             0 kB
SwapFree:              0 kB
Dirty:                28 kB
Writeback:             0 kB
AnonPages:       1464048 kB
Mapped:           115824 kB
Shmem:              4612 kB
Slab:              34144 kB
SReclaimable:      11956 kB
SUnreclaim:        22188 kB
KernelStack:        5976 kB
PageTables:        12028 kB
NFS_Unstable:          0 kB
Bounce:                0 kB
WritebackTmp:          0 kB
CommitLimit:      949752 kB
Committed_AS:   12505944 kB
VmallocTotal:     245760 kB
VmallocUsed:       51808 kB
VmallocChunk:      75648 kB
1557665975.987645
MemTotal:        1899508 kB
MemFree:           42384 kB
Buffers:             740 kB
Cached:           117396 kB
SwapCached:            0 kB
Active:          1525660 kB
Inactive:          58716 kB
Active(anon):    1469868 kB
Inactive(anon):     2936 kB
Active(file):      55792 kB
Inactive(file):    55780 kB
Unevictable:        1940 kB
Mlocked:               0 kB
HighTotal:       1158144 kB
HighFree:           2324 kB
LowTotal:         741364 kB
LowFree:           40060 kB
SwapTotal:             0 kB
SwapFree:              0 kB
Dirty:                28 kB
Writeback:             0 kB
AnonPages:       1468200 kB
Mapped:           115404 kB
Shmem:              4612 kB
Slab:              34140 kB
SReclaimable:      11952 kB
SUnreclaim:        22188 kB
KernelStack:        5976 kB
PageTables:        12036 kB
NFS_Unstable:          0 kB
Bounce:                0 kB
WritebackTmp:          0 kB
CommitLimit:      949752 kB
Committed_AS:   12505944 kB
VmallocTotal:     245760 kB
VmallocUsed:       51808 kB
VmallocChunk:      75648 kB
1557665976.695737
MemTotal:        1899508 kB
MemFree:           40348 kB
Buffers:             740 kB
Cached:           116688 kB
SwapCached:            0 kB
Active:          1529112 kB
Inactive:          58256 kB
Active(anon):    1473616 kB
Inactive(anon):     2936 kB
Active(file):      55496 kB
Inactive(file):    55320 kB
Unevictable:        1940 kB
Mlocked:               0 kB
HighTotal:       1158144 kB
HighFree:            828 kB
LowTotal:         741364 kB
LowFree:           39520 kB
SwapTotal:             0 kB
SwapFree:              0 kB
Dirty:                28 kB
Writeback:             0 kB
AnonPages:       1472000 kB
Mapped:           115132 kB
Shmem:              4612 kB
Slab:              33956 kB
SReclaimable:      11952 kB
SUnreclaim:        22004 kB
KernelStack:        5976 kB
PageTables:        12036 kB
NFS_Unstable:          0 kB
Bounce:                0 kB
WritebackTmp:          0 kB
CommitLimit:      949752 kB
Committed_AS:   12505948 kB
VmallocTotal:     245760 kB
VmallocUsed:       51808 kB
VmallocChunk:      75648 kB
1557665977.372552
MemTotal:        1899508 kB
MemFree:           41544 kB
Buffers:             740 kB
Cached:           114112 kB
SwapCached:            0 kB
Active:          1530112 kB
Inactive:          55652 kB
Active(anon):    1474672 kB
Inactive(anon):     2936 kB
Active(file):      55440 kB
Inactive(file):    52716 kB
Unevictable:        1940 kB
Mlocked:               0 kB
HighTotal:       1158144 kB
HighFree:           1104 kB
LowTotal:         741364 kB
LowFree:           40440 kB
SwapTotal:             0 kB
SwapFree:              0 kB
Dirty:                 0 kB
Writeback:             0 kB
AnonPages:       1473004 kB
Mapped:           113340 kB
Shmem:              4612 kB
Slab:              34272 kB
SReclaimable:      11948 kB
SUnreclaim:        22324 kB
KernelStack:        5968 kB
PageTables:        12020 kB
NFS_Unstable:          0 kB
Bounce:                0 kB
WritebackTmp:          0 kB
CommitLimit:      949752 kB
Committed_AS:   12511176 kB
VmallocTotal:     245760 kB
VmallocUsed:       51808 kB
VmallocChunk:      75648 kB
1557665978.274102
MemTotal:        1899508 kB
MemFree:           40568 kB
Buffers:             724 kB
Cached:           110500 kB
SwapCached:            0 kB
Active:          1534032 kB
Inactive:          53316 kB
Active(anon):    1479792 kB
Inactive(anon):     2936 kB
Active(file):      54240 kB
Inactive(file):    50380 kB
Unevictable:        1940 kB
Mlocked:               0 kB
HighTotal:       1158144 kB
HighFree:            568 kB
LowTotal:         741364 kB
LowFree:           40000 kB
SwapTotal:             0 kB
SwapFree:              0 kB
Dirty:                 0 kB
Writeback:             0 kB
AnonPages:       1478180 kB
Mapped:           111156 kB
Shmem:              4612 kB
Slab:              34048 kB
SReclaimable:      11948 kB
SUnreclaim:        22100 kB
KernelStack:        5968 kB
PageTables:        12052 kB
NFS_Unstable:          0 kB
Bounce:                0 kB
WritebackTmp:          0 kB
CommitLimit:      949752 kB
Committed_AS:   12520368 kB
VmallocTotal:     245760 kB
VmallocUsed:       51808 kB
VmallocChunk:      75648 kB
1557665978.992402
MemTotal:        1899508 kB
MemFree:           39832 kB
Buffers:             448 kB
Cached:           109088 kB
SwapCached:            0 kB
Active:          1532228 kB
Inactive:          55648 kB
Active(anon):    1482032 kB
Inactive(anon):     2936 kB
Active(file):      50196 kB
Inactive(file):    52712 kB
Unevictable:        1940 kB
Mlocked:               0 kB
HighTotal:       1158144 kB
HighFree:            516 kB
LowTotal:         741364 kB
LowFree:           39316 kB
SwapTotal:             0 kB
SwapFree:              0 kB
Dirty:                 0 kB
Writeback:             0 kB
AnonPages:       1480416 kB
Mapped:           114120 kB
Shmem:              4612 kB
Slab:              34048 kB
SReclaimable:      11948 kB
SUnreclaim:        22100 kB
KernelStack:        5960 kB
PageTables:        12060 kB
NFS_Unstable:          0 kB
Bounce:                0 kB
WritebackTmp:          0 kB
CommitLimit:      949752 kB
Committed_AS:   12523480 kB
VmallocTotal:     245760 kB
VmallocUsed:       51808 kB
VmallocChunk:      75648 kB
1557665979.680727
MemTotal:        1899508 kB
MemFree:           56972 kB
Buffers:             448 kB
Cached:           113532 kB
SwapCached:            0 kB
Active:          1510960 kB
Inactive:          59576 kB
Active(anon):    1460244 kB
Inactive(anon):     2936 kB
Active(file):      50716 kB
Inactive(file):    56640 kB
Unevictable:        1940 kB
Mlocked:               0 kB
HighTotal:       1158144 kB
HighFree:          10132 kB
LowTotal:         741364 kB
LowFree:           46840 kB
SwapTotal:             0 kB
SwapFree:              0 kB
Dirty:                 0 kB
Writeback:             0 kB
AnonPages:       1458624 kB
Mapped:           116380 kB
Shmem:              4612 kB
Slab:              34048 kB
SReclaimable:      11948 kB
SUnreclaim:        22100 kB
KernelStack:        5960 kB
PageTables:        12112 kB
NFS_Unstable:          0 kB
Bounce:                0 kB
WritebackTmp:          0 kB
CommitLimit:      949752 kB
Committed_AS:   12524084 kB
VmallocTotal:     245760 kB
VmallocUsed:       51808 kB
VmallocChunk:      75648 kB
1557665980.349139
MemTotal:        1899508 kB
MemFree:           54724 kB
Buffers:             448 kB
Cached:           115768 kB
SwapCached:            0 kB
Active:          1511496 kB
Inactive:          61408 kB
Active(anon):    1460352 kB
Inactive(anon):     2936 kB
Active(file):      51144 kB
Inactive(file):    58472 kB
Unevictable:        1940 kB
Mlocked:               0 kB
HighTotal:       1158144 kB
HighFree:           7744 kB
LowTotal:         741364 kB
LowFree:           46980 kB
SwapTotal:             0 kB
SwapFree:              0 kB
Dirty:                 0 kB
Writeback:             0 kB
AnonPages:       1458692 kB
Mapped:           116932 kB
Shmem:              4612 kB
Slab:              34056 kB
SReclaimable:      11948 kB
SUnreclaim:        22108 kB
KernelStack:        5992 kB
PageTables:        12092 kB
NFS_Unstable:          0 kB
Bounce:                0 kB
WritebackTmp:          0 kB
CommitLimit:      949752 kB
Committed_AS:   12520652 kB
VmallocTotal:     245760 kB
VmallocUsed:       51808 kB
VmallocChunk:      75648 kB
1557665980.948319
MemTotal:        1899508 kB
MemFree:           51904 kB
Buffers:             584 kB
Cached:           115488 kB
SwapCached:            0 kB
Active:          1514564 kB
Inactive:          61144 kB
Active(anon):    1463256 kB
Inactive(anon):     2932 kB
Active(file):      51308 kB
Inactive(file):    58212 kB
Unevictable:        1940 kB
Mlocked:               0 kB
HighTotal:       1158144 kB
HighFree:           4956 kB
LowTotal:         741364 kB
LowFree:           46948 kB
SwapTotal:             0 kB
SwapFree:              0 kB
Dirty:                40 kB
Writeback:             0 kB
AnonPages:       1461632 kB
Mapped:           116728 kB
Shmem:              4612 kB
Slab:              34056 kB
SReclaimable:      11948 kB
SUnreclaim:        22108 kB
KernelStack:        5976 kB
PageTables:        12088 kB
NFS_Unstable:          0 kB
Bounce:                0 kB
WritebackTmp:          0 kB
CommitLimit:      949752 kB
Committed_AS:   12520880 kB
VmallocTotal:     245760 kB
VmallocUsed:       51808 kB
VmallocChunk:      75648 kB
1557665981.655135
MemTotal:        1899508 kB
MemFree:           47924 kB
Buffers:             604 kB
Cached:           116312 kB
SwapCached:            0 kB
Active:          1517796 kB
Inactive:          61844 kB
Active(anon):    1466444 kB
Inactive(anon):     2932 kB
Active(file):      51352 kB
Inactive(file):    58912 kB
Unevictable:        1940 kB
Mlocked:               0 kB
HighTotal:       1158144 kB
HighFree:           1840 kB
LowTotal:         741364 kB
LowFree:           46084 kB
SwapTotal:             0 kB
SwapFree:              0 kB
Dirty:                40 kB
Writeback:             0 kB
AnonPages:       1464820 kB
Mapped:           116344 kB
Shmem:              4612 kB
Slab:              33992 kB
SReclaimable:      11948 kB
SUnreclaim:        22044 kB
KernelStack:        5976 kB
PageTables:        12088 kB
NFS_Unstable:          0 kB
Bounce:                0 kB
WritebackTmp:          0 kB
CommitLimit:      949752 kB
Committed_AS:   12523104 kB
VmallocTotal:     245760 kB
VmallocUsed:       51808 kB
VmallocChunk:      75648 kB
1557665982.488083
MemTotal:        1899508 kB
MemFree:           42244 kB
Buffers:             748 kB
Cached:           121068 kB
SwapCached:            0 kB
Active:          1518920 kB
Inactive:          66560 kB
Active(anon):    1467344 kB
Inactive(anon):     2932 kB
Active(file):      51576 kB
Inactive(file):    63628 kB
Unevictable:        1940 kB
Mlocked:               0 kB
HighTotal:       1158144 kB
HighFree:           1832 kB
LowTotal:         741364 kB
LowFree:           40412 kB
SwapTotal:             0 kB
SwapFree:              0 kB
Dirty:               104 kB
Writeback:             0 kB
AnonPages:       1465600 kB
Mapped:           117144 kB
Shmem:              4612 kB
Slab:              33960 kB
SReclaimable:      11948 kB
SUnreclaim:        22012 kB
KernelStack:        5992 kB
PageTables:        12140 kB
NFS_Unstable:          0 kB
Bounce:                0 kB
WritebackTmp:          0 kB
CommitLimit:      949752 kB
Committed_AS:   12523748 kB
VmallocTotal:     245760 kB
VmallocUsed:       51808 kB
VmallocChunk:      75648 kB
1557665983.139678
MemTotal:        1899508 kB
MemFree:           40112 kB
Buffers:             740 kB
Cached:           121532 kB
SwapCached:            0 kB
Active:          1521388 kB
Inactive:          66120 kB
Active(anon):    1468904 kB
Inactive(anon):     2932 kB
Active(file):      52484 kB
Inactive(file):    63188 kB
Unevictable:        1940 kB
Mlocked:               0 kB
HighTotal:       1158144 kB
HighFree:            712 kB
LowTotal:         741364 kB
LowFree:           39400 kB
SwapTotal:             0 kB
SwapFree:              0 kB
Dirty:               116 kB
Writeback:             0 kB
AnonPages:       1467176 kB
Mapped:           117044 kB
Shmem:              4612 kB
Slab:              33928 kB
SReclaimable:      11948 kB
SUnreclaim:        21980 kB
KernelStack:        6072 kB
PageTables:        12492 kB
NFS_Unstable:          0 kB
Bounce:                0 kB
WritebackTmp:          0 kB
CommitLimit:      949752 kB
Committed_AS:   13745004 kB
VmallocTotal:     245760 kB
VmallocUsed:       52828 kB
VmallocChunk:      75648 kB
1557665983.784475
MemTotal:        1899508 kB
MemFree:           41268 kB
Buffers:             816 kB
Cached:           117424 kB
SwapCached:            0 kB
Active:          1525628 kB
Inactive:          59864 kB
Active(anon):    1470832 kB
Inactive(anon):     2932 kB
Active(file):      54796 kB
Inactive(file):    56932 kB
Unevictable:        1940 kB
Mlocked:               0 kB
HighTotal:       1158144 kB
HighFree:            984 kB
LowTotal:         741364 kB
LowFree:           40284 kB
SwapTotal:             0 kB
SwapFree:              0 kB
Dirty:                12 kB
Writeback:             0 kB
AnonPages:       1469180 kB
Mapped:           114708 kB
Shmem:              4612 kB
Slab:              33928 kB
SReclaimable:      11948 kB
SUnreclaim:        21980 kB
KernelStack:        6072 kB
PageTables:        12544 kB
NFS_Unstable:          0 kB
Bounce:                0 kB
WritebackTmp:          0 kB
CommitLimit:      949752 kB
Committed_AS:   13092992 kB
VmallocTotal:     245760 kB
VmallocUsed:       52828 kB
VmallocChunk:      75648 kB
1557665984.503341
MemTotal:        1899508 kB
MemFree:           41188 kB
Buffers:             688 kB
Cached:           115184 kB
SwapCached:            0 kB
Active:          1528188 kB
Inactive:          57612 kB
Active(anon):    1473588 kB
Inactive(anon):     2936 kB
Active(file):      54600 kB
Inactive(file):    54676 kB
Unevictable:        1940 kB
Mlocked:               0 kB
HighTotal:       1158144 kB
HighFree:            968 kB
LowTotal:         741364 kB
LowFree:           40220 kB
SwapTotal:             0 kB
SwapFree:              0 kB
Dirty:                 0 kB
Writeback:             0 kB
AnonPages:       1471960 kB
Mapped:           111396 kB
Shmem:              4616 kB
Slab:              33920 kB
SReclaimable:      11948 kB
SUnreclaim:        21972 kB
KernelStack:        6080 kB
PageTables:        12520 kB
NFS_Unstable:          0 kB
Bounce:                0 kB
WritebackTmp:          0 kB
CommitLimit:      949752 kB
Committed_AS:   13093264 kB
VmallocTotal:     245760 kB
VmallocUsed:       52828 kB
VmallocChunk:      75648 kB
1557665985.194823
MemTotal:        1899508 kB
MemFree:           43044 kB
Buffers:             676 kB
Cached:           114268 kB
SwapCached:            0 kB
Active:          1526640 kB
Inactive:          57100 kB
Active(anon):    1472412 kB
Inactive(anon):     2936 kB
Active(file):      54228 kB
Inactive(file):    54164 kB
Unevictable:        1940 kB
Mlocked:               0 kB
HighTotal:       1158144 kB
HighFree:           2108 kB
LowTotal:         741364 kB
LowFree:           40936 kB
SwapTotal:             0 kB
SwapFree:              0 kB
Dirty:               104 kB
Writeback:             0 kB
AnonPages:       1469168 kB
Mapped:           111332 kB
Shmem:              4616 kB
Slab:              34168 kB
SReclaimable:      11940 kB
SUnreclaim:        22228 kB
KernelStack:        6008 kB
PageTables:        12528 kB
NFS_Unstable:          0 kB
Bounce:                0 kB
WritebackTmp:          0 kB
CommitLimit:      949752 kB
Committed_AS:   13093444 kB
VmallocTotal:     245760 kB
VmallocUsed:       52828 kB
VmallocChunk:      75648 kB
1557665986.016635
MemTotal:        1899508 kB
MemFree:           67000 kB
Buffers:             676 kB
Cached:           114968 kB
SwapCached:            0 kB
Active:          1505108 kB
Inactive:          56040 kB
Active(anon):    1449124 kB
Inactive(anon):     2932 kB
Active(file):      55984 kB
Inactive(file):    53108 kB
Unevictable:        1940 kB
Mlocked:               0 kB
HighTotal:       1158144 kB
HighFree:          13564 kB
LowTotal:         741364 kB
LowFree:           53436 kB
SwapTotal:             0 kB
SwapFree:              0 kB
Dirty:                 0 kB
Writeback:             0 kB
AnonPages:       1447440 kB
Mapped:           103716 kB
Shmem:              4612 kB
Slab:              34072 kB
SReclaimable:      11940 kB
SUnreclaim:        22132 kB
KernelStack:        5904 kB
PageTables:        11676 kB
NFS_Unstable:          0 kB
Bounce:                0 kB
WritebackTmp:          0 kB
CommitLimit:      949752 kB
Committed_AS:   11953184 kB
VmallocTotal:     245760 kB
VmallocUsed:       50788 kB
VmallocChunk:      75648 kB
1557665986.621999
MemTotal:        1899508 kB
MemFree:           64588 kB
Buffers:             676 kB
Cached:           116824 kB
SwapCached:            0 kB
Active:          1505636 kB
Inactive:          57844 kB
Active(anon):    1449652 kB
Inactive(anon):     2932 kB
Active(file):      55984 kB
Inactive(file):    54912 kB
Unevictable:        1940 kB
Mlocked:               0 kB
HighTotal:       1158144 kB
HighFree:          11112 kB
LowTotal:         741364 kB
LowFree:           53476 kB
SwapTotal:             0 kB
SwapFree:              0 kB
Dirty:                 0 kB
Writeback:             0 kB
AnonPages:       1448016 kB
Mapped:           103844 kB
Shmem:              4612 kB
Slab:              34072 kB
SReclaimable:      11940 kB
SUnreclaim:        22132 kB
KernelStack:        5904 kB
PageTables:        11676 kB
NFS_Unstable:          0 kB
Bounce:                0 kB
WritebackTmp:          0 kB
CommitLimit:      949752 kB
Committed_AS:   11953584 kB
VmallocTotal:     245760 kB
VmallocUsed:       50788 kB
VmallocChunk:      75648 kB
1557665987.269614
MemTotal:        1899508 kB
MemFree:           59828 kB
Buffers:             692 kB
Cached:           119036 kB
SwapCached:            0 kB
Active:          1507836 kB
Inactive:          60120 kB
Active(anon):    1451852 kB
Inactive(anon):     2932 kB
Active(file):      55984 kB
Inactive(file):    57188 kB
Unevictable:        1940 kB
Mlocked:               0 kB
HighTotal:       1158144 kB
HighFree:           6696 kB
LowTotal:         741364 kB
LowFree:           53132 kB
SwapTotal:             0 kB
SwapFree:              0 kB
Dirty:                64 kB
Writeback:             8 kB
AnonPages:       1450192 kB
Mapped:           106836 kB
Shmem:              4612 kB
Slab:              34072 kB
SReclaimable:      11940 kB
SUnreclaim:        22132 kB
KernelStack:        5968 kB
PageTables:        12056 kB
NFS_Unstable:          0 kB
Bounce:                0 kB
WritebackTmp:          0 kB
CommitLimit:      949752 kB
Committed_AS:   12521252 kB
VmallocTotal:     245760 kB
VmallocUsed:       51808 kB
VmallocChunk:      75648 kB
1557665987.888246
MemTotal:        1899508 kB
MemFree:           54680 kB
Buffers:             708 kB
Cached:           120224 kB
SwapCached:            0 kB
Active:          1511980 kB
Inactive:          61256 kB
Active(anon):    1455996 kB
Inactive(anon):     2932 kB
Active(file):      55984 kB
Inactive(file):    58324 kB
Unevictable:        1940 kB
Mlocked:               0 kB
HighTotal:       1158144 kB
HighFree:           1728 kB
LowTotal:         741364 kB
LowFree:           52952 kB
SwapTotal:             0 kB
SwapFree:              0 kB
Dirty:                64 kB
Writeback:             8 kB
AnonPages:       1454384 kB
Mapped:           108700 kB
Shmem:              4612 kB
Slab:              34072 kB
SReclaimable:      11940 kB
SUnreclaim:        22132 kB
KernelStack:        5968 kB
PageTables:        12108 kB
NFS_Unstable:          0 kB
Bounce:                0 kB
WritebackTmp:          0 kB
CommitLimit:      949752 kB
Committed_AS:   12522340 kB
VmallocTotal:     245760 kB
VmallocUsed:       51808 kB
VmallocChunk:      75648 kB
1557665988.533959
MemTotal:        1899508 kB
MemFree:           51416 kB
Buffers:             724 kB
Cached:           120328 kB
SwapCached:            0 kB
Active:          1514916 kB
Inactive:          61408 kB
Active(anon):    1458892 kB
Inactive(anon):     2936 kB
Active(file):      56024 kB
Inactive(file):    58472 kB
Unevictable:        1940 kB
Mlocked:               0 kB
HighTotal:       1158144 kB
HighFree:           1820 kB
LowTotal:         741364 kB
LowFree:           49596 kB
SwapTotal:             0 kB
SwapFree:              0 kB
Dirty:                76 kB
Writeback:             0 kB
AnonPages:       1457264 kB
Mapped:           109320 kB
Shmem:              4616 kB
Slab:              34104 kB
SReclaimable:      11940 kB
SUnreclaim:        22164 kB
KernelStack:        6032 kB
PageTables:        12120 kB
NFS_Unstable:          0 kB
Bounce:                0 kB
WritebackTmp:          0 kB
CommitLimit:      949752 kB
Committed_AS:   12524744 kB
VmallocTotal:     245760 kB
VmallocUsed:       51808 kB
VmallocChunk:      75648 kB
1557665989.600622
MemTotal:        1899508 kB
MemFree:           47792 kB
Buffers:             724 kB
Cached:           120588 kB
SwapCached:            0 kB
Active:          1518020 kB
Inactive:          61624 kB
Active(anon):    1461960 kB
Inactive(anon):     2936 kB
Active(file):      56060 kB
Inactive(file):    58688 kB
Unevictable:        1940 kB
Mlocked:               0 kB
HighTotal:       1158144 kB
HighFree:           1752 kB
LowTotal:         741364 kB
LowFree:           46040 kB
SwapTotal:             0 kB
SwapFree:              0 kB
Dirty:                76 kB
Writeback:             0 kB
AnonPages:       1460344 kB
Mapped:           110800 kB
Shmem:              4616 kB
Slab:              34104 kB
SReclaimable:      11940 kB
SUnreclaim:        22164 kB
KernelStack:        6104 kB
PageTables:        12484 kB
NFS_Unstable:          0 kB
Bounce:                0 kB
WritebackTmp:          0 kB
CommitLimit:      949752 kB
Committed_AS:   13093148 kB
VmallocTotal:     245760 kB
VmallocUsed:       52828 kB
VmallocChunk:      75648 kB
1557665990.253567
MemTotal:        1899508 kB
MemFree:           44528 kB
Buffers:             724 kB
Cached:           122360 kB
SwapCached:            0 kB
Active:          1519496 kB
Inactive:          63344 kB
Active(anon):    1463360 kB
Inactive(anon):     2936 kB
Active(file):      56136 kB
Inactive(file):    60408 kB
Unevictable:        1940 kB
Mlocked:               0 kB
HighTotal:       1158144 kB
HighFree:           1772 kB
LowTotal:         741364 kB
LowFree:           42756 kB
SwapTotal:             0 kB
SwapFree:              0 kB
Dirty:               112 kB
Writeback:             0 kB
AnonPages:       1461696 kB
Mapped:           111476 kB
Shmem:              4616 kB
Slab:              34104 kB
SReclaimable:      11940 kB
SUnreclaim:        22164 kB
KernelStack:        6104 kB
PageTables:        12552 kB
NFS_Unstable:          0 kB
Bounce:                0 kB
WritebackTmp:          0 kB
CommitLimit:      949752 kB
Committed_AS:   13094784 kB
VmallocTotal:     245760 kB
VmallocUsed:       52828 kB
VmallocChunk:      75648 kB
1557665991.005397
MemTotal:        1899508 kB
MemFree:           42924 kB
Buffers:             728 kB
Cached:           123200 kB
SwapCached:            0 kB
Active:          1520968 kB
Inactive:          63464 kB
Active(anon):    1464104 kB
Inactive(anon):     2936 kB
Active(file):      56864 kB
Inactive(file):    60528 kB
Unevictable:        1940 kB
Mlocked:               0 kB
HighTotal:       1158144 kB
HighFree:           1780 kB
LowTotal:         741364 kB
LowFree:           41144 kB
SwapTotal:             0 kB
SwapFree:              0 kB
Dirty:               116 kB
Writeback:             0 kB
AnonPages:       1462432 kB
Mapped:           111620 kB
Shmem:              4616 kB
Slab:              34104 kB
SReclaimable:      11940 kB
SUnreclaim:        22164 kB
KernelStack:        6088 kB
PageTables:        12520 kB
NFS_Unstable:          0 kB
Bounce:                0 kB
WritebackTmp:          0 kB
CommitLimit:      949752 kB
Committed_AS:   13095296 kB
VmallocTotal:     245760 kB
VmallocUsed:       52828 kB
VmallocChunk:      75648 kB
1557665991.697498
MemTotal:        1899508 kB
MemFree:           41084 kB
Buffers:             760 kB
Cached:           123264 kB
SwapCached:            0 kB
Active:          1524048 kB
Inactive:          61660 kB
Active(anon):    1465304 kB
Inactive(anon):     2936 kB
Active(file):      58744 kB
Inactive(file):    58724 kB
Unevictable:        1940 kB
Mlocked:               0 kB
HighTotal:       1158144 kB
HighFree:            948 kB
LowTotal:         741364 kB
LowFree:           40136 kB
SwapTotal:             0 kB
SwapFree:              0 kB
Dirty:               168 kB
Writeback:             0 kB
AnonPages:       1463676 kB
Mapped:           111812 kB
Shmem:              4616 kB
Slab:              34104 kB
SReclaimable:      11940 kB
SUnreclaim:        22164 kB
KernelStack:        6088 kB
PageTables:        12520 kB
NFS_Unstable:          0 kB
Bounce:                0 kB
WritebackTmp:          0 kB
CommitLimit:      949752 kB
Committed_AS:   13095812 kB
VmallocTotal:     245760 kB
VmallocUsed:       52828 kB
VmallocChunk:      75648 kB
1557665992.371958
MemTotal:        1899508 kB
MemFree:           47584 kB
Buffers:             728 kB
Cached:           114768 kB
SwapCached:            0 kB
Active:          1526024 kB
Inactive:          53540 kB
Active(anon):    1467692 kB
Inactive(anon):     2936 kB
Active(file):      58332 kB
Inactive(file):    50604 kB
Unevictable:        1940 kB
Mlocked:               0 kB
HighTotal:       1158144 kB
HighFree:           5820 kB
LowTotal:         741364 kB
LowFree:           41764 kB
SwapTotal:             0 kB
SwapFree:              0 kB
Dirty:                52 kB
Writeback:             0 kB
AnonPages:       1466116 kB
Mapped:           103936 kB
Shmem:              4616 kB
Slab:              34072 kB
SReclaimable:      11940 kB
SUnreclaim:        22132 kB
KernelStack:        6096 kB
PageTables:        12476 kB
NFS_Unstable:          0 kB
Bounce:                0 kB
WritebackTmp:          0 kB
CommitLimit:      949752 kB
Committed_AS:   13746836 kB
VmallocTotal:     245760 kB
VmallocUsed:       52828 kB
VmallocChunk:      75648 kB
1557665994.111971
MemTotal:        1899508 kB
MemFree:           49084 kB
Buffers:             732 kB
Cached:           120448 kB
SwapCached:            0 kB
Active:          1521948 kB
Inactive:          56904 kB
Active(anon):    1461300 kB
Inactive(anon):     2932 kB
Active(file):      60648 kB
Inactive(file):    53972 kB
Unevictable:        1940 kB
Mlocked:               0 kB
HighTotal:       1158144 kB
HighFree:           2768 kB
LowTotal:         741364 kB
LowFree:           46316 kB
SwapTotal:             0 kB
SwapFree:              0 kB
Dirty:                48 kB
Writeback:             0 kB
AnonPages:       1459648 kB
Mapped:           101004 kB
Shmem:              4612 kB
Slab:              33976 kB
SReclaimable:      11940 kB
SUnreclaim:        22036 kB
KernelStack:        5912 kB
PageTables:        11696 kB
NFS_Unstable:          0 kB
Bounce:                0 kB
WritebackTmp:          0 kB
CommitLimit:      949752 kB
Committed_AS:   11954704 kB
VmallocTotal:     245760 kB
VmallocUsed:       50788 kB
VmallocChunk:      75648 kB
1557665994.750353
MemTotal:        1899508 kB
MemFree:           47188 kB
Buffers:             732 kB
Cached:           119976 kB
SwapCached:            0 kB
Active:          1524100 kB
Inactive:          56504 kB
Active(anon):    1463580 kB
Inactive(anon):     2932 kB
Active(file):      60520 kB
Inactive(file):    53572 kB
Unevictable:        1940 kB
Mlocked:               0 kB
HighTotal:       1158144 kB
HighFree:           1804 kB
LowTotal:         741364 kB
LowFree:           45384 kB
SwapTotal:             0 kB
SwapFree:              0 kB
Dirty:                48 kB
Writeback:             0 kB
AnonPages:       1461940 kB
Mapped:           102932 kB
Shmem:              4612 kB
Slab:              33976 kB
SReclaimable:      11940 kB
SUnreclaim:        22036 kB
KernelStack:        5984 kB
PageTables:        12060 kB
NFS_Unstable:          0 kB
Bounce:                0 kB
WritebackTmp:          0 kB
CommitLimit:      949752 kB
Committed_AS:   12522972 kB
VmallocTotal:     245760 kB
VmallocUsed:       51808 kB
VmallocChunk:      75648 kB
1557665995.419368
MemTotal:        1899508 kB
MemFree:           46252 kB
Buffers:             740 kB
Cached:           119144 kB
SwapCached:            0 kB
Active:          1525016 kB
Inactive:          56600 kB
Active(anon):    1465404 kB
Inactive(anon):     2932 kB
Active(file):      59612 kB
Inactive(file):    53668 kB
Unevictable:        1940 kB
Mlocked:               0 kB
HighTotal:       1158144 kB
HighFree:           1812 kB
LowTotal:         741364 kB
LowFree:           44440 kB
SwapTotal:             0 kB
SwapFree:              0 kB
Dirty:                48 kB
Writeback:             0 kB
AnonPages:       1463780 kB
Mapped:           105332 kB
Shmem:              4612 kB
Slab:              33976 kB
SReclaimable:      11940 kB
SUnreclaim:        22036 kB
KernelStack:        5968 kB
PageTables:        12064 kB
NFS_Unstable:          0 kB
Bounce:                0 kB
WritebackTmp:          0 kB
CommitLimit:      949752 kB
Committed_AS:   12523436 kB
VmallocTotal:     245760 kB
VmallocUsed:       51808 kB
VmallocChunk:      75648 kB
1557665996.074832
MemTotal:        1899508 kB
MemFree:           45536 kB
Buffers:             740 kB
Cached:           117872 kB
SwapCached:            0 kB
Active:          1525988 kB
Inactive:          56496 kB
Active(anon):    1467524 kB
Inactive(anon):     2936 kB
Active(file):      58464 kB
Inactive(file):    53560 kB
Unevictable:        1940 kB
Mlocked:               0 kB
HighTotal:       1158144 kB
HighFree:           1836 kB
LowTotal:         741364 kB
LowFree:           43700 kB
SwapTotal:             0 kB
SwapFree:              0 kB
Dirty:                56 kB
Writeback:             0 kB
AnonPages:       1465900 kB
Mapped:           106276 kB
Shmem:              4616 kB
Slab:              33976 kB
SReclaimable:      11940 kB
SUnreclaim:        22036 kB
KernelStack:        6008 kB
PageTables:        12104 kB
NFS_Unstable:          0 kB
Bounce:                0 kB
WritebackTmp:          0 kB
CommitLimit:      949752 kB
Committed_AS:   12526080 kB
VmallocTotal:     245760 kB
VmallocUsed:       51808 kB
VmallocChunk:      75648 kB
1557665996.682078
MemTotal:        1899508 kB
MemFree:           45708 kB
Buffers:             620 kB
Cached:           115432 kB
SwapCached:            0 kB
Active:          1525248 kB
Inactive:          56320 kB
Active(anon):    1469172 kB
Inactive(anon):     2932 kB
Active(file):      56076 kB
Inactive(file):    53388 kB
Unevictable:        1940 kB
Mlocked:               0 kB
HighTotal:       1158144 kB
HighFree:           4300 kB
LowTotal:         741364 kB
LowFree:           41408 kB
SwapTotal:             0 kB
SwapFree:              0 kB
Dirty:                92 kB
Writeback:             0 kB
AnonPages:       1467536 kB
Mapped:           106684 kB
Shmem:              4612 kB
Slab:              34232 kB
SReclaimable:      11940 kB
SUnreclaim:        22292 kB
KernelStack:        6032 kB
PageTables:        12136 kB
NFS_Unstable:          0 kB
Bounce:                0 kB
WritebackTmp:          0 kB
CommitLimit:      949752 kB
Committed_AS:   12526584 kB
VmallocTotal:     245760 kB
VmallocUsed:       51808 kB
VmallocChunk:      75648 kB
1557665997.726294
MemTotal:        1899508 kB
MemFree:           43628 kB
Buffers:             612 kB
Cached:           114588 kB
SwapCached:            0 kB
Active:          1529216 kB
Inactive:          54180 kB
Active(anon):    1471888 kB
Inactive(anon):     2932 kB
Active(file):      57328 kB
Inactive(file):    51248 kB
Unevictable:        1940 kB
Mlocked:               0 kB
HighTotal:       1158144 kB
HighFree:           1852 kB
LowTotal:         741364 kB
LowFree:           41776 kB
SwapTotal:             0 kB
SwapFree:              0 kB
Dirty:                92 kB
Writeback:             0 kB
AnonPages:       1470260 kB
Mapped:           103016 kB
Shmem:              4612 kB
Slab:              34040 kB
SReclaimable:      11940 kB
SUnreclaim:        22100 kB
KernelStack:        6104 kB
PageTables:        12448 kB
NFS_Unstable:          0 kB
Bounce:                0 kB
WritebackTmp:          0 kB
CommitLimit:      949752 kB
Committed_AS:   13093492 kB
VmallocTotal:     245760 kB
VmallocUsed:       52828 kB
VmallocChunk:      75648 kB
1557665998.448929
MemTotal:        1899508 kB
MemFree:           52584 kB
Buffers:             612 kB
Cached:           113000 kB
SwapCached:            0 kB
Active:          1526400 kB
Inactive:          49084 kB
Active(anon):    1465532 kB
Inactive(anon):     2932 kB
Active(file):      60868 kB
Inactive(file):    46152 kB
Unevictable:        1940 kB
Mlocked:               0 kB
HighTotal:       1158144 kB
HighFree:           7356 kB
LowTotal:         741364 kB
LowFree:           45228 kB
SwapTotal:             0 kB
SwapFree:              0 kB
Dirty:                40 kB
Writeback:             0 kB
AnonPages:       1463816 kB
Mapped:            95928 kB
Shmem:              4612 kB
Slab:              34032 kB
SReclaimable:      11940 kB
SUnreclaim:        22092 kB
KernelStack:        5960 kB
PageTables:        11688 kB
NFS_Unstable:          0 kB
Bounce:                0 kB
WritebackTmp:          0 kB
CommitLimit:      949752 kB
Committed_AS:   11957176 kB
VmallocTotal:     245760 kB
VmallocUsed:       50788 kB
VmallocChunk:      75648 kB
1557665999.109699
MemTotal:        1899508 kB
MemFree:           52104 kB
Buffers:             612 kB
Cached:           112156 kB
SwapCached:            0 kB
Active:          1527088 kB
Inactive:          48552 kB
Active(anon):    1466648 kB
Inactive(anon):     2932 kB
Active(file):      60440 kB
Inactive(file):    45620 kB
Unevictable:        1940 kB
Mlocked:               0 kB
HighTotal:       1158144 kB
HighFree:           6856 kB
LowTotal:         741364 kB
LowFree:           45248 kB
SwapTotal:             0 kB
SwapFree:              0 kB
Dirty:                 0 kB
Writeback:             0 kB
AnonPages:       1464964 kB
Mapped:            95884 kB
Shmem:              4612 kB
Slab:              34032 kB
SReclaimable:      11940 kB
SUnreclaim:        22092 kB
KernelStack:        5992 kB
PageTables:        11968 kB
NFS_Unstable:          0 kB
Bounce:                0 kB
WritebackTmp:          0 kB
CommitLimit:      949752 kB
Committed_AS:   13179632 kB
VmallocTotal:     245760 kB
VmallocUsed:       51808 kB
VmallocChunk:      75648 kB
1557665999.836099
MemTotal:        1899508 kB
MemFree:           45572 kB
Buffers:             612 kB
Cached:           117188 kB
SwapCached:            0 kB
Active:          1527776 kB
Inactive:          54448 kB
Active(anon):    1468124 kB
Inactive(anon):     2932 kB
Active(file):      59652 kB
Inactive(file):    51516 kB
Unevictable:        1940 kB
Mlocked:               0 kB
HighTotal:       1158144 kB
HighFree:           1724 kB
LowTotal:         741364 kB
LowFree:           43848 kB
SwapTotal:             0 kB
SwapFree:              0 kB
Dirty:                 0 kB
Writeback:             0 kB
AnonPages:       1466472 kB
Mapped:           100960 kB
Shmem:              4612 kB
Slab:              34032 kB
SReclaimable:      11940 kB
SUnreclaim:        22092 kB
KernelStack:        5992 kB
PageTables:        12072 kB
NFS_Unstable:          0 kB
Bounce:                0 kB
WritebackTmp:          0 kB
CommitLimit:      949752 kB
Committed_AS:   12524624 kB
VmallocTotal:     245760 kB
VmallocUsed:       51808 kB
VmallocChunk:      75648 kB
1557666000.516619
MemTotal:        1899508 kB
MemFree:           42692 kB
Buffers:             640 kB
Cached:           115772 kB
SwapCached:            0 kB
Active:          1530468 kB
Inactive:          53988 kB
Active(anon):    1471700 kB
Inactive(anon):     2932 kB
Active(file):      58768 kB
Inactive(file):    51056 kB
Unevictable:        1940 kB
Mlocked:               0 kB
HighTotal:       1158144 kB
HighFree:           1992 kB
LowTotal:         741364 kB
LowFree:           40700 kB
SwapTotal:             0 kB
SwapFree:              0 kB
Dirty:                52 kB
Writeback:             0 kB
AnonPages:       1470008 kB
Mapped:           105932 kB
Shmem:              4612 kB
Slab:              34352 kB
SReclaimable:      11940 kB
SUnreclaim:        22412 kB
KernelStack:        5984 kB
PageTables:        12088 kB
NFS_Unstable:          0 kB
Bounce:                0 kB
WritebackTmp:          0 kB
CommitLimit:      949752 kB
Committed_AS:   12524668 kB
VmallocTotal:     245760 kB
VmallocUsed:       51808 kB
VmallocChunk:      75648 kB
1557666001.515340
MemTotal:        1899508 kB
MemFree:           43632 kB
Buffers:             752 kB
Cached:           110916 kB
SwapCached:            0 kB
Active:          1533160 kB
Inactive:          50828 kB
Active(anon):    1475992 kB
Inactive(anon):     2932 kB
Active(file):      57168 kB
Inactive(file):    47896 kB
Unevictable:        1940 kB
Mlocked:               0 kB
HighTotal:       1158144 kB
HighFree:           1852 kB
LowTotal:         741364 kB
LowFree:           41780 kB
SwapTotal:             0 kB
SwapFree:              0 kB
Dirty:                 4 kB
Writeback:             0 kB
AnonPages:       1474324 kB
Mapped:           105460 kB
Shmem:              4612 kB
Slab:              34096 kB
SReclaimable:      11940 kB
SUnreclaim:        22156 kB
KernelStack:        5984 kB
PageTables:        12080 kB
NFS_Unstable:          0 kB
Bounce:                0 kB
WritebackTmp:          0 kB
CommitLimit:      949752 kB
Committed_AS:   12525324 kB
VmallocTotal:     245760 kB
VmallocUsed:       51808 kB
VmallocChunk:      75648 kB
1557666002.168955
MemTotal:        1899508 kB
MemFree:           49948 kB
Buffers:             752 kB
Cached:           110012 kB
SwapCached:            0 kB
Active:          1530116 kB
Inactive:          48148 kB
Active(anon):    1471124 kB
Inactive(anon):     2932 kB
Active(file):      58992 kB
Inactive(file):    45216 kB
Unevictable:        1940 kB
Mlocked:               0 kB
HighTotal:       1158144 kB
HighFree:           6664 kB
LowTotal:         741364 kB
LowFree:           43284 kB
SwapTotal:             0 kB
SwapFree:              0 kB
Dirty:                 0 kB
Writeback:             0 kB
AnonPages:       1469480 kB
Mapped:           100756 kB
Shmem:              4612 kB
Slab:              34064 kB
SReclaimable:      11940 kB
SUnreclaim:        22124 kB
KernelStack:        5936 kB
PageTables:        11680 kB
NFS_Unstable:          0 kB
Bounce:                0 kB
WritebackTmp:          0 kB
CommitLimit:      949752 kB
Committed_AS:   11958024 kB
VmallocTotal:     245760 kB
VmallocUsed:       50788 kB
VmallocChunk:      75648 kB
1557666002.822258
MemTotal:        1899508 kB
MemFree:           50084 kB
Buffers:             752 kB
Cached:           109780 kB
SwapCached:            0 kB
Active:          1529880 kB
Inactive:          47960 kB
Active(anon):    1471000 kB
Inactive(anon):     2932 kB
Active(file):      58880 kB
Inactive(file):    45028 kB
Unevictable:        1940 kB
Mlocked:               0 kB
HighTotal:       1158144 kB
HighFree:           6692 kB
LowTotal:         741364 kB
LowFree:           43392 kB
SwapTotal:             0 kB
SwapFree:              0 kB
Dirty:                 0 kB
Writeback:             0 kB
AnonPages:       1469364 kB
Mapped:           100756 kB
Shmem:              4612 kB
Slab:              34064 kB
SReclaimable:      11940 kB
SUnreclaim:        22124 kB
KernelStack:        5936 kB
PageTables:        11680 kB
NFS_Unstable:          0 kB
Bounce:                0 kB
WritebackTmp:          0 kB
CommitLimit:      949752 kB
Committed_AS:   11958024 kB
VmallocTotal:     245760 kB
VmallocUsed:       50788 kB
VmallocChunk:      75648 kB
1557666003.524252
MemTotal:        1899508 kB
MemFree:           46884 kB
Buffers:             760 kB
Cached:           109788 kB
SwapCached:            0 kB
Active:          1532652 kB
Inactive:          48016 kB
Active(anon):    1473760 kB
Inactive(anon):     2932 kB
Active(file):      58892 kB
Inactive(file):    45084 kB
Unevictable:        1940 kB
Mlocked:               0 kB
HighTotal:       1158144 kB
HighFree:           3952 kB
LowTotal:         741364 kB
LowFree:           42932 kB
SwapTotal:             0 kB
SwapFree:              0 kB
Dirty:                52 kB
Writeback:             0 kB
AnonPages:       1472128 kB
Mapped:           104092 kB
Shmem:              4612 kB
Slab:              34064 kB
SReclaimable:      11940 kB
SUnreclaim:        22124 kB
KernelStack:        5992 kB
PageTables:        12096 kB
NFS_Unstable:          0 kB
Bounce:                0 kB
WritebackTmp:          0 kB
CommitLimit:      949752 kB
Committed_AS:   12525780 kB
VmallocTotal:     245760 kB
VmallocUsed:       51808 kB
VmallocChunk:      75648 kB
1557666004.175232
MemTotal:        1899508 kB
MemFree:           44932 kB
Buffers:             760 kB
Cached:           109992 kB
SwapCached:            0 kB
Active:          1534344 kB
Inactive:          48180 kB
Active(anon):    1475452 kB
Inactive(anon):     2932 kB
Active(file):      58892 kB
Inactive(file):    45248 kB
Unevictable:        1940 kB
Mlocked:               0 kB
HighTotal:       1158144 kB
HighFree:           2032 kB
LowTotal:         741364 kB
LowFree:           42900 kB
SwapTotal:             0 kB
SwapFree:              0 kB
Dirty:                44 kB
Writeback:             0 kB
AnonPages:       1473800 kB
Mapped:           105808 kB
Shmem:              4612 kB
Slab:              34064 kB
SReclaimable:      11940 kB
SUnreclaim:        22124 kB
KernelStack:        6024 kB
PageTables:        12124 kB
NFS_Unstable:          0 kB
Bounce:                0 kB
WritebackTmp:          0 kB
CommitLimit:      949752 kB
Committed_AS:   12528976 kB
VmallocTotal:     245760 kB
VmallocUsed:       51808 kB
VmallocChunk:      75648 kB
1557666004.807494
MemTotal:        1899508 kB
MemFree:           40736 kB
Buffers:             672 kB
Cached:           109668 kB
SwapCached:            0 kB
Active:          1538192 kB
Inactive:          47888 kB
Active(anon):    1479436 kB
Inactive(anon):     2932 kB
Active(file):      58756 kB
Inactive(file):    44956 kB
Unevictable:        1940 kB
Mlocked:               0 kB
HighTotal:       1158144 kB
HighFree:            620 kB
LowTotal:         741364 kB
LowFree:           40116 kB
SwapTotal:             0 kB
SwapFree:              0 kB
Dirty:                44 kB
Writeback:             0 kB
AnonPages:       1477816 kB
Mapped:           106208 kB
Shmem:              4612 kB
Slab:              34320 kB
SReclaimable:      11940 kB
SUnreclaim:        22380 kB
KernelStack:        6024 kB
PageTables:        12488 kB
NFS_Unstable:          0 kB
Bounce:                0 kB
WritebackTmp:          0 kB
CommitLimit:      949752 kB
Committed_AS:   13752292 kB
VmallocTotal:     245760 kB
VmallocUsed:       52828 kB
VmallocChunk:      75648 kB
1557666005.572429
MemTotal:        1899508 kB
MemFree:           42592 kB
Buffers:             660 kB
Cached:           108828 kB
SwapCached:            0 kB
Active:          1537664 kB
Inactive:          47096 kB
Active(anon):    1478976 kB
Inactive(anon):     2932 kB
Active(file):      58688 kB
Inactive(file):    44164 kB
Unevictable:        1940 kB
Mlocked:               0 kB
HighTotal:       1158144 kB
HighFree:           1812 kB
LowTotal:         741364 kB
LowFree:           40780 kB
SwapTotal:             0 kB
SwapFree:              0 kB
Dirty:                48 kB
Writeback:             0 kB
AnonPages:       1477340 kB
Mapped:           104680 kB
Shmem:              4612 kB
Slab:              34256 kB
SReclaimable:      11940 kB
SUnreclaim:        22316 kB
KernelStack:        6016 kB
PageTables:        12468 kB
NFS_Unstable:          0 kB
Bounce:                0 kB
WritebackTmp:          0 kB
CommitLimit:      949752 kB
Committed_AS:   13752292 kB
VmallocTotal:     245760 kB
VmallocUsed:       52828 kB
VmallocChunk:      75648 kB
1557666006.405832
MemTotal:        1899508 kB
MemFree:           46076 kB
Buffers:             604 kB
Cached:           108636 kB
SwapCached:            0 kB
Active:          1533656 kB
Inactive:          48016 kB
Active(anon):    1476128 kB
Inactive(anon):     2932 kB
Active(file):      57528 kB
Inactive(file):    45084 kB
Unevictable:        1940 kB
Mlocked:               0 kB
HighTotal:       1158144 kB
HighFree:           3796 kB
LowTotal:         741364 kB
LowFree:           42280 kB
SwapTotal:             0 kB
SwapFree:              0 kB
Dirty:                64 kB
Writeback:             0 kB
AnonPages:       1474492 kB
Mapped:           100708 kB
Shmem:              4612 kB
Slab:              34224 kB
SReclaimable:      11940 kB
SUnreclaim:        22284 kB
KernelStack:        5960 kB
PageTables:        11720 kB
NFS_Unstable:          0 kB
Bounce:                0 kB
WritebackTmp:          0 kB
CommitLimit:      949752 kB
Committed_AS:   11958300 kB
VmallocTotal:     245760 kB
VmallocUsed:       50788 kB
VmallocChunk:      75648 kB
1557666007.162597
MemTotal:        1899508 kB
MemFree:           45996 kB
Buffers:             604 kB
Cached:           106844 kB
SwapCached:            0 kB
Active:          1533380 kB
Inactive:          48188 kB
Active(anon):    1477804 kB
Inactive(anon):     2924 kB
Active(file):      55576 kB
Inactive(file):    45264 kB
Unevictable:        1940 kB
Mlocked:               0 kB
HighTotal:       1158144 kB
HighFree:           3276 kB
LowTotal:         741364 kB
LowFree:           42720 kB
SwapTotal:             0 kB
SwapFree:              0 kB
Dirty:                20 kB
Writeback:             0 kB
AnonPages:       1476128 kB
Mapped:           100768 kB
Shmem:              4612 kB
Slab:              34224 kB
SReclaimable:      11940 kB
SUnreclaim:        22284 kB
KernelStack:        5992 kB
PageTables:        12052 kB
NFS_Unstable:          0 kB
Bounce:                0 kB
WritebackTmp:          0 kB
CommitLimit:      949752 kB
Committed_AS:   13181264 kB
VmallocTotal:     245760 kB
VmallocUsed:       51808 kB
VmallocChunk:      75648 kB
1557666007.969346
MemTotal:        1899508 kB
MemFree:           45640 kB
Buffers:             604 kB
Cached:           105888 kB
SwapCached:            0 kB
Active:          1533044 kB
Inactive:          48524 kB
Active(anon):    1478748 kB
Inactive(anon):     2924 kB
Active(file):      54296 kB
Inactive(file):    45600 kB
Unevictable:        1940 kB
Mlocked:               0 kB
HighTotal:       1158144 kB
HighFree:           2556 kB
LowTotal:         741364 kB
LowFree:           43084 kB
SwapTotal:             0 kB
SwapFree:              0 kB
Dirty:                20 kB
Writeback:             0 kB
AnonPages:       1477124 kB
Mapped:           102784 kB
Shmem:              4612 kB
Slab:              34224 kB
SReclaimable:      11940 kB
SUnreclaim:        22284 kB
KernelStack:        5984 kB
PageTables:        12068 kB
NFS_Unstable:          0 kB
Bounce:                0 kB
WritebackTmp:          0 kB
CommitLimit:      949752 kB
Committed_AS:   12526144 kB
VmallocTotal:     245760 kB
VmallocUsed:       51808 kB
VmallocChunk:      75648 kB
1557666008.753422
MemTotal:        1899508 kB
MemFree:           42492 kB
Buffers:             604 kB
Cached:           104856 kB
SwapCached:            0 kB
Active:          1535084 kB
Inactive:          48856 kB
Active(anon):    1482144 kB
Inactive(anon):     2924 kB
Active(file):      52940 kB
Inactive(file):    45932 kB
Unevictable:        1940 kB
Mlocked:               0 kB
HighTotal:       1158144 kB
HighFree:           1880 kB
LowTotal:         741364 kB
LowFree:           40612 kB
SwapTotal:             0 kB
SwapFree:              0 kB
Dirty:                20 kB
Writeback:             0 kB
AnonPages:       1480484 kB
Mapped:           102824 kB
Shmem:              4612 kB
Slab:              35088 kB
SReclaimable:      11940 kB
SUnreclaim:        23148 kB
KernelStack:        6000 kB
PageTables:        12080 kB
NFS_Unstable:          0 kB
Bounce:                0 kB
WritebackTmp:          0 kB
CommitLimit:      949752 kB
Committed_AS:   12526400 kB
VmallocTotal:     245760 kB
VmallocUsed:       51808 kB
VmallocChunk:      75648 kB
1557666009.688396
MemTotal:        1899508 kB
MemFree:           44748 kB
Buffers:             620 kB
Cached:           103392 kB
SwapCached:            0 kB
Active:          1533480 kB
Inactive:          49120 kB
Active(anon):    1482260 kB
Inactive(anon):     2924 kB
Active(file):      51220 kB
Inactive(file):    46196 kB
Unevictable:        1940 kB
Mlocked:               0 kB
HighTotal:       1158144 kB
HighFree:           2524 kB
LowTotal:         741364 kB
LowFree:           42224 kB
SwapTotal:             0 kB
SwapFree:              0 kB
Dirty:                60 kB
Writeback:             0 kB
AnonPages:       1480588 kB
Mapped:           102828 kB
Shmem:              4612 kB
Slab:              34096 kB
SReclaimable:      11940 kB
SUnreclaim:        22156 kB
KernelStack:        6000 kB
PageTables:        12080 kB
NFS_Unstable:          0 kB
Bounce:                0 kB
WritebackTmp:          0 kB
CommitLimit:      949752 kB
Committed_AS:   12526400 kB
VmallocTotal:     245760 kB
VmallocUsed:       51808 kB
VmallocChunk:      75648 kB
1557666010.662602
MemTotal:        1899508 kB
MemFree:           45848 kB
Buffers:             580 kB
Cached:            99776 kB
SwapCached:            0 kB
Active:          1533008 kB
Inactive:          48636 kB
Active(anon):    1484936 kB
Inactive(anon):     2924 kB
Active(file):      48072 kB
Inactive(file):    45712 kB
Unevictable:        1940 kB
Mlocked:               0 kB
HighTotal:       1158144 kB
HighFree:           2988 kB
LowTotal:         741364 kB
LowFree:           42860 kB
SwapTotal:             0 kB
SwapFree:              0 kB
Dirty:                 8 kB
Writeback:             0 kB
AnonPages:       1483276 kB
Mapped:           100804 kB
Shmem:              4612 kB
Slab:              34096 kB
SReclaimable:      11940 kB
SUnreclaim:        22156 kB
KernelStack:        6000 kB
PageTables:        12080 kB
NFS_Unstable:          0 kB
Bounce:                0 kB
WritebackTmp:          0 kB
CommitLimit:      949752 kB
Committed_AS:   12526516 kB
VmallocTotal:     245760 kB
VmallocUsed:       51808 kB
VmallocChunk:      75648 kB
1557666011.379185
MemTotal:        1899508 kB
MemFree:           46280 kB
Buffers:             572 kB
Cached:            99060 kB
SwapCached:            0 kB
Active:          1532388 kB
Inactive:          48636 kB
Active(anon):    1485032 kB
Inactive(anon):     2924 kB
Active(file):      47356 kB
Inactive(file):    45712 kB
Unevictable:        1940 kB
Mlocked:               0 kB
HighTotal:       1158144 kB
HighFree:           3412 kB
LowTotal:         741364 kB
LowFree:           42868 kB
SwapTotal:             0 kB
SwapFree:              0 kB
Dirty:                 0 kB
Writeback:             0 kB
AnonPages:       1483388 kB
Mapped:           100356 kB
Shmem:              4612 kB
Slab:              34096 kB
SReclaimable:      11940 kB
SUnreclaim:        22156 kB
KernelStack:        6000 kB
PageTables:        12080 kB
NFS_Unstable:          0 kB
Bounce:                0 kB
WritebackTmp:          0 kB
CommitLimit:      949752 kB
Committed_AS:   12526492 kB
VmallocTotal:     245760 kB
VmallocUsed:       51808 kB
VmallocChunk:      75648 kB
1557666012.028268
MemTotal:        1899508 kB
MemFree:           45816 kB
Buffers:             572 kB
Cached:            97864 kB
SwapCached:            0 kB
Active:          1533232 kB
Inactive:          48372 kB
Active(anon):    1486856 kB
Inactive(anon):     2924 kB
Active(file):      46376 kB
Inactive(file):    45448 kB
Unevictable:        1940 kB
Mlocked:               0 kB
HighTotal:       1158144 kB
HighFree:           2456 kB
LowTotal:         741364 kB
LowFree:           43360 kB
SwapTotal:             0 kB
SwapFree:              0 kB
Dirty:                32 kB
Writeback:             0 kB
AnonPages:       1485200 kB
Mapped:           100496 kB
Shmem:              4612 kB
Slab:              34096 kB
SReclaimable:      11940 kB
SUnreclaim:        22156 kB
KernelStack:        6000 kB
PageTables:        12088 kB
NFS_Unstable:          0 kB
Bounce:                0 kB
WritebackTmp:          0 kB
CommitLimit:      949752 kB
Committed_AS:   12521876 kB
VmallocTotal:     245760 kB
VmallocUsed:       51808 kB
VmallocChunk:      75648 kB
1557666012.973099
MemTotal:        1899508 kB
MemFree:           45652 kB
Buffers:             572 kB
Cached:            96548 kB
SwapCached:            0 kB
Active:          1532620 kB
Inactive:          47876 kB
Active(anon):    1487012 kB
Inactive(anon):     2924 kB
Active(file):      45608 kB
Inactive(file):    44952 kB
Unevictable:        1940 kB
Mlocked:               0 kB
HighTotal:       1158144 kB
HighFree:           3056 kB
LowTotal:         741364 kB
LowFree:           42596 kB
SwapTotal:             0 kB
SwapFree:              0 kB
Dirty:                32 kB
Writeback:             0 kB
