MemTotal:        1899508 kB
MemFree:           49016 kB
Buffers:            1100 kB
Cached:           234744 kB
SwapCached:            0 kB
Active:          1465408 kB
Inactive:         155452 kB
Active(anon):    1388416 kB
Inactive(anon):     2604 kB
Active(file):      76992 kB
Inactive(file):   152848 kB
Unevictable:        1940 kB
Mlocked:               0 kB
HighTotal:       1158144 kB
HighFree:           3872 kB
LowTotal:         741364 kB
LowFree:           45144 kB
SwapTotal:             0 kB
SwapFree:              0 kB
Dirty:                 0 kB
Writeback:             0 kB
AnonPages:       1387080 kB
Mapped:           123860 kB
Shmem:              3972 kB
Slab:              34240 kB
SReclaimable:      12108 kB
SUnreclaim:        22132 kB
KernelStack:        6856 kB
PageTables:        14028 kB
NFS_Unstable:          0 kB
Bounce:                0 kB
WritebackTmp:          0 kB
CommitLimit:      949752 kB
Committed_AS:   17070432 kB
VmallocTotal:     245760 kB
VmallocUsed:       55368 kB
VmallocChunk:      75648 kB
1557682813.201012
MemTotal:        1899508 kB
MemFree:           45784 kB
Buffers:            1240 kB
Cached:           237972 kB
SwapCached:            0 kB
Active:          1471052 kB
Inactive:         156184 kB
Active(anon):    1391592 kB
Inactive(anon):     2604 kB
Active(file):      79460 kB
Inactive(file):   153580 kB
Unevictable:        1940 kB
Mlocked:               0 kB
HighTotal:       1158144 kB
HighFree:           1740 kB
LowTotal:         741364 kB
LowFree:           44044 kB
SwapTotal:             0 kB
SwapFree:              0 kB
Dirty:                 0 kB
Writeback:             0 kB
AnonPages:       1390500 kB
Mapped:           127464 kB
Shmem:              3960 kB
Slab:              34328 kB
SReclaimable:      12108 kB
SUnreclaim:        22220 kB
KernelStack:        6912 kB
PageTables:        14432 kB
NFS_Unstable:          0 kB
Bounce:                0 kB
WritebackTmp:          0 kB
CommitLimit:      949752 kB
Committed_AS:   17640488 kB
VmallocTotal:     245760 kB
VmallocUsed:       56388 kB
VmallocChunk:      75648 kB
1557682813.894819
MemTotal:        1899508 kB
MemFree:           40248 kB
Buffers:            1252 kB
Cached:           254640 kB
SwapCached:            0 kB
Active:          1482144 kB
Inactive:         169856 kB
Active(anon):    1399788 kB
Inactive(anon):     2608 kB
Active(file):      82356 kB
Inactive(file):   167248 kB
Unevictable:        1940 kB
Mlocked:               0 kB
HighTotal:       1158144 kB
HighFree:            472 kB
LowTotal:         741364 kB
LowFree:           39776 kB
SwapTotal:             0 kB
SwapFree:              0 kB
Dirty:               164 kB
Writeback:             0 kB
AnonPages:       1398816 kB
Mapped:           136832 kB
Shmem:              3976 kB
Slab:              34328 kB
SReclaimable:      12108 kB
SUnreclaim:        22220 kB
KernelStack:        6920 kB
PageTables:        14600 kB
NFS_Unstable:          0 kB
Bounce:                0 kB
WritebackTmp:          0 kB
CommitLimit:      949752 kB
Committed_AS:   17662484 kB
VmallocTotal:     245760 kB
VmallocUsed:       56260 kB
VmallocChunk:      75648 kB
1557682814.594253
MemTotal:        1899508 kB
MemFree:           40572 kB
Buffers:            1360 kB
Cached:           222952 kB
SwapCached:            0 kB
Active:          1507668 kB
Inactive:         129104 kB
Active(anon):    1415928 kB
Inactive(anon):     2604 kB
Active(file):      91740 kB
Inactive(file):   126500 kB
Unevictable:        1940 kB
Mlocked:               0 kB
HighTotal:       1158144 kB
HighFree:            372 kB
LowTotal:         741364 kB
LowFree:           40200 kB
SwapTotal:             0 kB
SwapFree:              0 kB
Dirty:                 0 kB
Writeback:             0 kB
AnonPages:       1414708 kB
Mapped:           146664 kB
Shmem:              3960 kB
Slab:              34344 kB
SReclaimable:      12108 kB
SUnreclaim:        22236 kB
KernelStack:        7016 kB
PageTables:        14792 kB
NFS_Unstable:          0 kB
Bounce:                0 kB
WritebackTmp:          0 kB
CommitLimit:      949752 kB
Committed_AS:   17681284 kB
VmallocTotal:     245760 kB
VmallocUsed:       56500 kB
VmallocChunk:      75648 kB
1557682815.339895
MemTotal:        1899508 kB
MemFree:           42216 kB
Buffers:            1252 kB
Cached:           222852 kB
SwapCached:            0 kB
Active:          1513256 kB
Inactive:         127136 kB
Active(anon):    1420196 kB
Inactive(anon):     2608 kB
Active(file):      93060 kB
Inactive(file):   124528 kB
Unevictable:        1940 kB
Mlocked:               0 kB
HighTotal:       1158144 kB
HighFree:           1404 kB
LowTotal:         741364 kB
LowFree:           40812 kB
SwapTotal:             0 kB
SwapFree:              0 kB
Dirty:                 0 kB
Writeback:             0 kB
AnonPages:       1418940 kB
Mapped:           150520 kB
Shmem:              3964 kB
Slab:              34364 kB
SReclaimable:      12108 kB
SUnreclaim:        22256 kB
KernelStack:        7160 kB
PageTables:        14836 kB
NFS_Unstable:          0 kB
Bounce:                0 kB
WritebackTmp:          0 kB
CommitLimit:      949752 kB
Committed_AS:   17682976 kB
VmallocTotal:     245760 kB
VmallocUsed:       56500 kB
VmallocChunk:      75648 kB
1557682816.021286
MemTotal:        1899508 kB
MemFree:           40796 kB
Buffers:            1176 kB
Cached:           219592 kB
SwapCached:            0 kB
Active:          1521472 kB
Inactive:         123136 kB
Active(anon):    1427372 kB
Inactive(anon):     2608 kB
Active(file):      94100 kB
Inactive(file):   120528 kB
Unevictable:        1940 kB
Mlocked:               0 kB
HighTotal:       1158144 kB
HighFree:            664 kB
LowTotal:         741364 kB
LowFree:           40132 kB
SwapTotal:             0 kB
SwapFree:              0 kB
Dirty:                 0 kB
Writeback:             0 kB
AnonPages:       1426160 kB
Mapped:           156624 kB
Shmem:              3964 kB
Slab:              34356 kB
SReclaimable:      12108 kB
SUnreclaim:        22248 kB
KernelStack:        7232 kB
PageTables:        14880 kB
NFS_Unstable:          0 kB
Bounce:                0 kB
WritebackTmp:          0 kB
CommitLimit:      949752 kB
Committed_AS:   17693328 kB
VmallocTotal:     245760 kB
VmallocUsed:       56492 kB
VmallocChunk:      75648 kB
1557682816.721389
MemTotal:        1899508 kB
MemFree:           51712 kB
Buffers:            1032 kB
Cached:           187404 kB
SwapCached:            0 kB
Active:          1547828 kB
Inactive:          89680 kB
Active(anon):    1452696 kB
Inactive(anon):     2608 kB
Active(file):      95132 kB
Inactive(file):    87072 kB
Unevictable:        1940 kB
Mlocked:               0 kB
HighTotal:       1158144 kB
HighFree:           3952 kB
LowTotal:         741364 kB
LowFree:           47760 kB
SwapTotal:             0 kB
SwapFree:              0 kB
Dirty:               344 kB
Writeback:             0 kB
AnonPages:       1451416 kB
Mapped:           150756 kB
Shmem:              3964 kB
Slab:              34356 kB
SReclaimable:      12108 kB
SUnreclaim:        22248 kB
KernelStack:        7232 kB
PageTables:        14584 kB
NFS_Unstable:          0 kB
Bounce:                0 kB
WritebackTmp:          0 kB
CommitLimit:      949752 kB
Committed_AS:   17163676 kB
VmallocTotal:     245760 kB
VmallocUsed:       55472 kB
VmallocChunk:      75648 kB
1557682817.453367
MemTotal:        1899508 kB
MemFree:           51820 kB
Buffers:            1060 kB
Cached:           189040 kB
SwapCached:            0 kB
Active:          1544940 kB
Inactive:          92128 kB
Active(anon):    1450348 kB
Inactive(anon):     2616 kB
Active(file):      94592 kB
Inactive(file):    89512 kB
Unevictable:        1940 kB
Mlocked:               0 kB
HighTotal:       1158144 kB
HighFree:           1752 kB
LowTotal:         741364 kB
LowFree:           50068 kB
SwapTotal:             0 kB
SwapFree:              0 kB
Dirty:               396 kB
Writeback:             0 kB
AnonPages:       1448852 kB
Mapped:           151320 kB
Shmem:              3972 kB
Slab:              34308 kB
SReclaimable:      12108 kB
SUnreclaim:        22200 kB
KernelStack:        7232 kB
PageTables:        14604 kB
NFS_Unstable:          0 kB
Bounce:                0 kB
WritebackTmp:          0 kB
CommitLimit:      949752 kB
Committed_AS:   17166200 kB
VmallocTotal:     245760 kB
VmallocUsed:       55472 kB
VmallocChunk:      75648 kB
1557682818.176302
MemTotal:        1899508 kB
MemFree:           52736 kB
Buffers:            1060 kB
Cached:           188620 kB
SwapCached:            0 kB
Active:          1543612 kB
Inactive:          92320 kB
Active(anon):    1449680 kB
Inactive(anon):     2616 kB
Active(file):      93932 kB
Inactive(file):    89704 kB
Unevictable:        1940 kB
Mlocked:               0 kB
HighTotal:       1158144 kB
HighFree:           2908 kB
LowTotal:         741364 kB
LowFree:           49828 kB
SwapTotal:             0 kB
SwapFree:              0 kB
Dirty:               380 kB
Writeback:             0 kB
AnonPages:       1448488 kB
Mapped:           151296 kB
Shmem:              3972 kB
Slab:              34284 kB
SReclaimable:      12108 kB
SUnreclaim:        22176 kB
KernelStack:        7232 kB
PageTables:        14620 kB
NFS_Unstable:          0 kB
Bounce:                0 kB
WritebackTmp:          0 kB
CommitLimit:      949752 kB
Committed_AS:   17166148 kB
VmallocTotal:     245760 kB
VmallocUsed:       55472 kB
VmallocChunk:      75648 kB
1557682818.852243
MemTotal:        1899508 kB
MemFree:           53308 kB
Buffers:            1060 kB
Cached:           188068 kB
SwapCached:            0 kB
Active:          1542912 kB
Inactive:          92804 kB
Active(anon):    1450052 kB
Inactive(anon):     2616 kB
Active(file):      92860 kB
Inactive(file):    90188 kB
Unevictable:        1940 kB
Mlocked:               0 kB
HighTotal:       1158144 kB
HighFree:           3412 kB
LowTotal:         741364 kB
LowFree:           49896 kB
SwapTotal:             0 kB
SwapFree:              0 kB
Dirty:               380 kB
Writeback:             0 kB
AnonPages:       1448856 kB
Mapped:           151112 kB
Shmem:              3972 kB
Slab:              34284 kB
SReclaimable:      12108 kB
SUnreclaim:        22176 kB
KernelStack:        7232 kB
PageTables:        14768 kB
NFS_Unstable:          0 kB
Bounce:                0 kB
WritebackTmp:          0 kB
CommitLimit:      949752 kB
Committed_AS:   17166172 kB
VmallocTotal:     245760 kB
VmallocUsed:       55472 kB
VmallocChunk:      75648 kB
1557682819.543110
MemTotal:        1899508 kB
MemFree:           59536 kB
Buffers:            1060 kB
Cached:           187600 kB
SwapCached:            0 kB
Active:          1536456 kB
Inactive:          93120 kB
Active(anon):    1444252 kB
Inactive(anon):     2616 kB
Active(file):      92204 kB
Inactive(file):    90504 kB
Unevictable:        1940 kB
Mlocked:               0 kB
HighTotal:       1158144 kB
HighFree:           4500 kB
LowTotal:         741364 kB
LowFree:           55036 kB
SwapTotal:             0 kB
SwapFree:              0 kB
Dirty:               384 kB
Writeback:             0 kB
AnonPages:       1442920 kB
Mapped:           151132 kB
Shmem:              3972 kB
Slab:              34280 kB
SReclaimable:      12108 kB
SUnreclaim:        22172 kB
KernelStack:        7248 kB
PageTables:        14636 kB
NFS_Unstable:          0 kB
Bounce:                0 kB
WritebackTmp:          0 kB
CommitLimit:      949752 kB
Committed_AS:   17166732 kB
VmallocTotal:     245760 kB
VmallocUsed:       55472 kB
VmallocChunk:      75648 kB
1557682820.240671
MemTotal:        1899508 kB
MemFree:           70432 kB
Buffers:            1060 kB
Cached:           187048 kB
SwapCached:            0 kB
Active:          1527828 kB
Inactive:          91468 kB
Active(anon):    1434556 kB
Inactive(anon):     2616 kB
Active(file):      93272 kB
Inactive(file):    88852 kB
Unevictable:        1940 kB
Mlocked:               0 kB
HighTotal:       1158144 kB
HighFree:           6716 kB
LowTotal:         741364 kB
LowFree:           63716 kB
SwapTotal:             0 kB
SwapFree:              0 kB
Dirty:               384 kB
Writeback:             0 kB
AnonPages:       1433352 kB
Mapped:           147188 kB
Shmem:              3972 kB
Slab:              34276 kB
SReclaimable:      12108 kB
SUnreclaim:        22168 kB
KernelStack:        7232 kB
PageTables:        14064 kB
NFS_Unstable:          0 kB
Bounce:                0 kB
WritebackTmp:          0 kB
CommitLimit:      949752 kB
Committed_AS:   15934132 kB
VmallocTotal:     245760 kB
VmallocUsed:       54452 kB
VmallocChunk:      75648 kB
1557682820.929239
MemTotal:        1899508 kB
MemFree:           77716 kB
Buffers:            1060 kB
Cached:           188532 kB
SwapCached:            0 kB
Active:          1519636 kB
Inactive:          92768 kB
Active(anon):    1426364 kB
Inactive(anon):     2616 kB
Active(file):      93272 kB
Inactive(file):    90152 kB
Unevictable:        1940 kB
Mlocked:               0 kB
HighTotal:       1158144 kB
HighFree:           8664 kB
LowTotal:         741364 kB
LowFree:           69052 kB
SwapTotal:             0 kB
SwapFree:              0 kB
Dirty:               384 kB
Writeback:             0 kB
AnonPages:       1425168 kB
Mapped:           147516 kB
Shmem:              3972 kB
Slab:              34276 kB
SReclaimable:      12108 kB
SUnreclaim:        22168 kB
KernelStack:        6888 kB
PageTables:        13996 kB
NFS_Unstable:          0 kB
Bounce:                0 kB
WritebackTmp:          0 kB
CommitLimit:      949752 kB
Committed_AS:   15933728 kB
VmallocTotal:     245760 kB
VmallocUsed:       54452 kB
VmallocChunk:      75648 kB
1557682821.624902
MemTotal:        1899508 kB
MemFree:           86100 kB
Buffers:            1060 kB
Cached:           191604 kB
SwapCached:            0 kB
Active:          1511144 kB
Inactive:          95128 kB
Active(anon):    1417356 kB
Inactive(anon):     2616 kB
Active(file):      93788 kB
Inactive(file):    92512 kB
Unevictable:        1940 kB
Mlocked:               0 kB
HighTotal:       1158144 kB
HighFree:           7068 kB
LowTotal:         741364 kB
LowFree:           79032 kB
SwapTotal:             0 kB
SwapFree:              0 kB
Dirty:               384 kB
Writeback:             0 kB
AnonPages:       1416136 kB
Mapped:           146800 kB
Shmem:              3972 kB
Slab:              34276 kB
SReclaimable:      12108 kB
SUnreclaim:        22168 kB
KernelStack:        6792 kB
PageTables:        14084 kB
NFS_Unstable:          0 kB
Bounce:                0 kB
WritebackTmp:          0 kB
CommitLimit:      949752 kB
Committed_AS:   15931892 kB
VmallocTotal:     245760 kB
VmallocUsed:       54452 kB
VmallocChunk:      75648 kB
1557682822.337547
MemTotal:        1899508 kB
MemFree:           41400 kB
Buffers:            1060 kB
Cached:           199016 kB
SwapCached:            0 kB
Active:          1529064 kB
Inactive:         102376 kB
Active(anon):    1434968 kB
Inactive(anon):     2624 kB
Active(file):      94096 kB
Inactive(file):    99752 kB
Unevictable:        1940 kB
Mlocked:               0 kB
HighTotal:       1158144 kB
HighFree:            764 kB
LowTotal:         741364 kB
LowFree:           40636 kB
SwapTotal:             0 kB
SwapFree:              0 kB
Dirty:                20 kB
Writeback:             0 kB
AnonPages:       1433884 kB
Mapped:           159424 kB
Shmem:              3980 kB
Slab:              34268 kB
SReclaimable:      12108 kB
SUnreclaim:        22160 kB
KernelStack:        6832 kB
PageTables:        14932 kB
NFS_Unstable:          0 kB
Bounce:                0 kB
WritebackTmp:          0 kB
CommitLimit:      949752 kB
Committed_AS:   17725928 kB
VmallocTotal:     245760 kB
VmallocUsed:       56588 kB
VmallocChunk:      75648 kB
1557682823.043837
MemTotal:        1899508 kB
MemFree:           39952 kB
Buffers:             960 kB
Cached:           197644 kB
SwapCached:            0 kB
Active:          1536856 kB
Inactive:          98936 kB
Active(anon):    1441100 kB
Inactive(anon):     2624 kB
Active(file):      95756 kB
Inactive(file):    96312 kB
Unevictable:        1940 kB
Mlocked:               0 kB
HighTotal:       1158144 kB
HighFree:            508 kB
LowTotal:         741364 kB
LowFree:           39444 kB
SwapTotal:             0 kB
SwapFree:              0 kB
Dirty:                 0 kB
Writeback:           544 kB
AnonPages:       1439996 kB
Mapped:           156236 kB
Shmem:              3980 kB
Slab:              34336 kB
SReclaimable:      12148 kB
SUnreclaim:        22188 kB
KernelStack:        7136 kB
PageTables:        15020 kB
NFS_Unstable:          0 kB
Bounce:                0 kB
WritebackTmp:          0 kB
CommitLimit:      949752 kB
Committed_AS:   17732236 kB
VmallocTotal:     245760 kB
VmallocUsed:       56588 kB
VmallocChunk:      75648 kB
1557682823.794648
MemTotal:        1899508 kB
MemFree:           39932 kB
Buffers:             872 kB
Cached:           173020 kB
SwapCached:            0 kB
Active:          1540072 kB
Inactive:          80052 kB
Active(anon):    1449812 kB
Inactive(anon):     2624 kB
Active(file):      90260 kB
Inactive(file):    77428 kB
Unevictable:        1940 kB
Mlocked:               0 kB
HighTotal:       1158144 kB
HighFree:            596 kB
LowTotal:         741364 kB
LowFree:           39336 kB
SwapTotal:             0 kB
SwapFree:              0 kB
Dirty:                 0 kB
Writeback:           100 kB
AnonPages:       1448608 kB
Mapped:           159644 kB
Shmem:              3980 kB
Slab:              34336 kB
SReclaimable:      12148 kB
SUnreclaim:        22188 kB
KernelStack:        7136 kB
PageTables:        13984 kB
NFS_Unstable:          0 kB
Bounce:                0 kB
WritebackTmp:          0 kB
CommitLimit:      949752 kB
Committed_AS:   16606236 kB
VmallocTotal:     245760 kB
VmallocUsed:       54728 kB
VmallocChunk:      75648 kB
1557682824.546360
MemTotal:        1899508 kB
MemFree:           40356 kB
Buffers:             868 kB
Cached:           153804 kB
SwapCached:            0 kB
Active:          1543048 kB
Inactive:          72648 kB
Active(anon):    1464096 kB
Inactive(anon):     2624 kB
Active(file):      78952 kB
Inactive(file):    70024 kB
Unevictable:        1940 kB
Mlocked:               0 kB
HighTotal:       1158144 kB
HighFree:            864 kB
LowTotal:         741364 kB
LowFree:           39492 kB
SwapTotal:             0 kB
SwapFree:              0 kB
Dirty:                 0 kB
Writeback:             0 kB
AnonPages:       1463020 kB
Mapped:           162504 kB
Shmem:              3980 kB
Slab:              34228 kB
SReclaimable:      12088 kB
SUnreclaim:        22140 kB
KernelStack:        6976 kB
PageTables:        13724 kB
NFS_Unstable:          0 kB
Bounce:                0 kB
WritebackTmp:          0 kB
CommitLimit:      949752 kB
Committed_AS:   16054956 kB
VmallocTotal:     245760 kB
VmallocUsed:       53804 kB
VmallocChunk:      75648 kB
1557682825.272228
MemTotal:        1899508 kB
MemFree:           48136 kB
Buffers:             868 kB
Cached:           149416 kB
SwapCached:            0 kB
Active:          1527100 kB
Inactive:          70316 kB
Active(anon):    1450660 kB
Inactive(anon):     2624 kB
Active(file):      76440 kB
Inactive(file):    67692 kB
Unevictable:        1940 kB
Mlocked:               0 kB
HighTotal:       1158144 kB
HighFree:           5644 kB
LowTotal:         741364 kB
LowFree:           42492 kB
SwapTotal:             0 kB
SwapFree:              0 kB
Dirty:                 0 kB
Writeback:             0 kB
AnonPages:       1449448 kB
Mapped:           164176 kB
Shmem:              3980 kB
Slab:              34084 kB
SReclaimable:      12088 kB
SUnreclaim:        21996 kB
KernelStack:        6440 kB
PageTables:        12656 kB
NFS_Unstable:          0 kB
Bounce:                0 kB
WritebackTmp:          0 kB
CommitLimit:      949752 kB
Committed_AS:   14847524 kB
VmallocTotal:     245760 kB
VmallocUsed:       50840 kB
VmallocChunk:      75648 kB
1557682825.968515
MemTotal:        1899508 kB
MemFree:           42460 kB
Buffers:             820 kB
Cached:           151284 kB
SwapCached:            0 kB
Active:          1528348 kB
Inactive:          74708 kB
Active(anon):    1454248 kB
Inactive(anon):     2624 kB
Active(file):      74100 kB
Inactive(file):    72084 kB
Unevictable:        1940 kB
Mlocked:               0 kB
HighTotal:       1158144 kB
HighFree:           1248 kB
LowTotal:         741364 kB
LowFree:           41212 kB
SwapTotal:             0 kB
SwapFree:              0 kB
Dirty:                68 kB
Writeback:             0 kB
AnonPages:       1452844 kB
Mapped:           164008 kB
Shmem:              3980 kB
Slab:              34052 kB
SReclaimable:      12088 kB
SUnreclaim:        21964 kB
KernelStack:        6544 kB
PageTables:        12856 kB
NFS_Unstable:          0 kB
Bounce:                0 kB
WritebackTmp:          0 kB
CommitLimit:      949752 kB
Committed_AS:   14254584 kB
VmallocTotal:     245760 kB
VmallocUsed:       51860 kB
VmallocChunk:      75648 kB
1557682826.677147
MemTotal:        1899508 kB
MemFree:           43456 kB
Buffers:             864 kB
Cached:           149856 kB
SwapCached:            0 kB
Active:          1526996 kB
Inactive:          75488 kB
Active(anon):    1455592 kB
Inactive(anon):     2624 kB
Active(file):      71404 kB
Inactive(file):    72864 kB
Unevictable:        1940 kB
Mlocked:               0 kB
HighTotal:       1158144 kB
HighFree:           1808 kB
LowTotal:         741364 kB
LowFree:           41648 kB
SwapTotal:             0 kB
SwapFree:              0 kB
Dirty:                68 kB
Writeback:             0 kB
AnonPages:       1454164 kB
Mapped:           160224 kB
Shmem:              3980 kB
Slab:              34052 kB
SReclaimable:      12088 kB
SUnreclaim:        21964 kB
KernelStack:        6536 kB
PageTables:        13048 kB
NFS_Unstable:          0 kB
Bounce:                0 kB
WritebackTmp:          0 kB
CommitLimit:      949752 kB
Committed_AS:   14261484 kB
VmallocTotal:     245760 kB
VmallocUsed:       54284 kB
VmallocChunk:      75648 kB
1557682827.512047
MemTotal:        1899508 kB
MemFree:           52312 kB
Buffers:             456 kB
Cached:           119872 kB
SwapCached:            0 kB
Active:          1492612 kB
Inactive:          59772 kB
Active(anon):    1434980 kB
Inactive(anon):     2624 kB
Active(file):      57632 kB
Inactive(file):    57148 kB
Unevictable:        1940 kB
Mlocked:               0 kB
HighTotal:       1158144 kB
HighFree:          10716 kB
LowTotal:         741364 kB
LowFree:           41596 kB
SwapTotal:             0 kB
SwapFree:              0 kB
Dirty:                 0 kB
Writeback:             0 kB
AnonPages:       1433700 kB
Mapped:           134980 kB
Shmem:              3980 kB
Slab:              34052 kB
SReclaimable:      12088 kB
SUnreclaim:        21964 kB
KernelStack:        6584 kB
PageTables:        12080 kB
NFS_Unstable:          0 kB
Bounce:                0 kB
WritebackTmp:          0 kB
CommitLimit:      949752 kB
Committed_AS:   12473860 kB
VmallocTotal:     245760 kB
VmallocUsed:       52056 kB
VmallocChunk:      75648 kB
1557682828.088642
MemTotal:        1899508 kB
MemFree:           54276 kB
Buffers:             444 kB
Cached:           119576 kB
SwapCached:            0 kB
Active:          1493460 kB
Inactive:          57620 kB
Active(anon):    1434356 kB
Inactive(anon):     2620 kB
Active(file):      59104 kB
Inactive(file):    55000 kB
Unevictable:        1940 kB
Mlocked:               0 kB
HighTotal:       1158144 kB
HighFree:          11128 kB
LowTotal:         741364 kB
LowFree:           43148 kB
SwapTotal:             0 kB
SwapFree:              0 kB
Dirty:                 0 kB
Writeback:             0 kB
AnonPages:       1432948 kB
Mapped:           133196 kB
Shmem:              3976 kB
Slab:              33980 kB
SReclaimable:      12088 kB
SUnreclaim:        21892 kB
KernelStack:        6152 kB
PageTables:        11492 kB
NFS_Unstable:          0 kB
Bounce:                0 kB
WritebackTmp:          0 kB
CommitLimit:      949752 kB
Committed_AS:   11880712 kB
VmallocTotal:     245760 kB
VmallocUsed:       48612 kB
VmallocChunk:      75648 kB
1557682828.819702
MemTotal:        1899508 kB
MemFree:           51792 kB
Buffers:             544 kB
Cached:           120280 kB
SwapCached:            0 kB
Active:          1494032 kB
Inactive:          58432 kB
Active(anon):    1434928 kB
Inactive(anon):     2620 kB
Active(file):      59104 kB
Inactive(file):    55812 kB
Unevictable:        1940 kB
Mlocked:               0 kB
HighTotal:       1158144 kB
HighFree:           9380 kB
LowTotal:         741364 kB
LowFree:           42412 kB
SwapTotal:             0 kB
SwapFree:              0 kB
Dirty:                60 kB
Writeback:             0 kB
AnonPages:       1433776 kB
Mapped:           133324 kB
Shmem:              3976 kB
Slab:              33980 kB
SReclaimable:      12088 kB
SUnreclaim:        21892 kB
KernelStack:        6144 kB
PageTables:        11840 kB
NFS_Unstable:          0 kB
Bounce:                0 kB
WritebackTmp:          0 kB
CommitLimit:      949752 kB
Committed_AS:   12448228 kB
VmallocTotal:     245760 kB
VmallocUsed:       49632 kB
VmallocChunk:      75648 kB
1557682829.566175
MemTotal:        1899508 kB
MemFree:           51616 kB
Buffers:             544 kB
Cached:           120420 kB
SwapCached:            0 kB
Active:          1493784 kB
Inactive:          58580 kB
Active(anon):    1434696 kB
Inactive(anon):     2620 kB
Active(file):      59088 kB
Inactive(file):    55960 kB
Unevictable:        1940 kB
Mlocked:               0 kB
HighTotal:       1158144 kB
HighFree:           9392 kB
LowTotal:         741364 kB
LowFree:           42224 kB
SwapTotal:             0 kB
SwapFree:              0 kB
Dirty:                60 kB
Writeback:             0 kB
AnonPages:       1433544 kB
Mapped:           133388 kB
Shmem:              3976 kB
Slab:              33980 kB
SReclaimable:      12088 kB
SUnreclaim:        21892 kB
KernelStack:        6248 kB
PageTables:        11860 kB
NFS_Unstable:          0 kB
Bounce:                0 kB
WritebackTmp:          0 kB
CommitLimit:      949752 kB
Committed_AS:   12448260 kB
VmallocTotal:     245760 kB
VmallocUsed:       49632 kB
VmallocChunk:      75648 kB
1557682830.299042
MemTotal:        1899508 kB
MemFree:           48752 kB
Buffers:             544 kB
Cached:           119736 kB
SwapCached:            0 kB
Active:          1505004 kB
Inactive:          54508 kB
Active(anon):    1442656 kB
Inactive(anon):     2620 kB
Active(file):      62348 kB
Inactive(file):    51888 kB
Unevictable:        1940 kB
Mlocked:               0 kB
HighTotal:       1158144 kB
HighFree:           3860 kB
LowTotal:         741364 kB
LowFree:           44892 kB
SwapTotal:             0 kB
SwapFree:              0 kB
Dirty:                60 kB
Writeback:             0 kB
AnonPages:       1441504 kB
Mapped:           134240 kB
Shmem:              3976 kB
Slab:              33980 kB
SReclaimable:      12088 kB
SUnreclaim:        21892 kB
KernelStack:        6216 kB
PageTables:        11840 kB
NFS_Unstable:          0 kB
Bounce:                0 kB
WritebackTmp:          0 kB
CommitLimit:      949752 kB
Committed_AS:   12461220 kB
VmallocTotal:     245760 kB
VmallocUsed:       52056 kB
VmallocChunk:      75648 kB
1557682831.163594
MemTotal:        1899508 kB
MemFree:           50528 kB
Buffers:             532 kB
Cached:           115040 kB
SwapCached:            0 kB
Active:          1496428 kB
Inactive:          53504 kB
Active(anon):    1437748 kB
Inactive(anon):     2652 kB
Active(file):      58680 kB
Inactive(file):    50852 kB
Unevictable:        1940 kB
Mlocked:               0 kB
HighTotal:       1158144 kB
HighFree:           5304 kB
LowTotal:         741364 kB
LowFree:           45224 kB
SwapTotal:             0 kB
SwapFree:              0 kB
Dirty:                64 kB
Writeback:             0 kB
AnonPages:       1436036 kB
Mapped:           133192 kB
Shmem:              4012 kB
Slab:              33996 kB
SReclaimable:      12088 kB
SUnreclaim:        21908 kB
KernelStack:        6200 kB
PageTables:        11664 kB
NFS_Unstable:          0 kB
Bounce:                0 kB
WritebackTmp:          0 kB
CommitLimit:      949752 kB
Committed_AS:   11934152 kB
VmallocTotal:     245760 kB
VmallocUsed:       51036 kB
VmallocChunk:      75648 kB
1557682831.744904
MemTotal:        1899508 kB
MemFree:           55768 kB
Buffers:             476 kB
Cached:           109160 kB
SwapCached:            0 kB
Active:          1494136 kB
Inactive:          49784 kB
Active(anon):    1437872 kB
Inactive(anon):     2652 kB
Active(file):      56264 kB
Inactive(file):    47132 kB
Unevictable:        1940 kB
Mlocked:               0 kB
HighTotal:       1158144 kB
HighFree:           7628 kB
LowTotal:         741364 kB
LowFree:           48140 kB
SwapTotal:             0 kB
SwapFree:              0 kB
Dirty:                64 kB
Writeback:             0 kB
AnonPages:       1436588 kB
Mapped:           131388 kB
Shmem:              4012 kB
Slab:              33996 kB
SReclaimable:      12088 kB
SUnreclaim:        21908 kB
KernelStack:        6200 kB
PageTables:        11664 kB
NFS_Unstable:          0 kB
Bounce:                0 kB
WritebackTmp:          0 kB
CommitLimit:      949752 kB
Committed_AS:   11934108 kB
VmallocTotal:     245760 kB
VmallocUsed:       51036 kB
VmallocChunk:      75648 kB
1557682832.319764
MemTotal:        1899508 kB
MemFree:           56536 kB
Buffers:             476 kB
Cached:           108772 kB
SwapCached:            0 kB
Active:          1493588 kB
Inactive:          49664 kB
Active(anon):    1437360 kB
Inactive(anon):     2648 kB
Active(file):      56228 kB
Inactive(file):    47016 kB
Unevictable:        1940 kB
Mlocked:               0 kB
HighTotal:       1158144 kB
HighFree:           8124 kB
LowTotal:         741364 kB
LowFree:           48412 kB
SwapTotal:             0 kB
SwapFree:              0 kB
Dirty:                64 kB
Writeback:             0 kB
AnonPages:       1436380 kB
Mapped:           131024 kB
Shmem:              4016 kB
Slab:              33980 kB
SReclaimable:      12080 kB
SUnreclaim:        21900 kB
KernelStack:        6136 kB
PageTables:        11668 kB
NFS_Unstable:          0 kB
Bounce:                0 kB
WritebackTmp:          0 kB
CommitLimit:      949752 kB
Committed_AS:   11934892 kB
VmallocTotal:     245760 kB
VmallocUsed:       51036 kB
VmallocChunk:      75648 kB
1557682832.889661
MemTotal:        1899508 kB
MemFree:           52420 kB
Buffers:             492 kB
Cached:           108572 kB
SwapCached:            0 kB
Active:          1498512 kB
Inactive:          49512 kB
Active(anon):    1442444 kB
Inactive(anon):     2772 kB
Active(file):      56068 kB
Inactive(file):    46740 kB
Unevictable:        1940 kB
Mlocked:               0 kB
HighTotal:       1158144 kB
HighFree:           4128 kB
LowTotal:         741364 kB
LowFree:           48292 kB
SwapTotal:             0 kB
SwapFree:              0 kB
Dirty:                64 kB
Writeback:             0 kB
AnonPages:       1440980 kB
Mapped:           131392 kB
Shmem:              4200 kB
Slab:              33980 kB
SReclaimable:      12080 kB
SUnreclaim:        21900 kB
KernelStack:        6136 kB
PageTables:        11668 kB
NFS_Unstable:          0 kB
Bounce:                0 kB
WritebackTmp:          0 kB
CommitLimit:      949752 kB
Committed_AS:   11944148 kB
VmallocTotal:     245760 kB
VmallocUsed:       51036 kB
VmallocChunk:      75648 kB
1557682833.452757
MemTotal:        1899508 kB
MemFree:           52932 kB
Buffers:             580 kB
Cached:           107980 kB
SwapCached:            0 kB
Active:          1498160 kB
Inactive:          49600 kB
Active(anon):    1442524 kB
Inactive(anon):     2896 kB
Active(file):      55636 kB
Inactive(file):    46704 kB
Unevictable:        1940 kB
Mlocked:               0 kB
HighTotal:       1158144 kB
HighFree:           4200 kB
LowTotal:         741364 kB
LowFree:           48732 kB
SwapTotal:             0 kB
SwapFree:              0 kB
Dirty:                64 kB
Writeback:             0 kB
AnonPages:       1441096 kB
Mapped:           131492 kB
Shmem:              4336 kB
Slab:              33980 kB
SReclaimable:      12080 kB
SUnreclaim:        21900 kB
KernelStack:        6136 kB
PageTables:        11680 kB
NFS_Unstable:          0 kB
Bounce:                0 kB
WritebackTmp:          0 kB
CommitLimit:      949752 kB
Committed_AS:   11944192 kB
VmallocTotal:     245760 kB
VmallocUsed:       51036 kB
VmallocChunk:      75648 kB
1557682834.022362
MemTotal:        1899508 kB
MemFree:           50460 kB
Buffers:             580 kB
Cached:           107552 kB
SwapCached:            0 kB
Active:          1501716 kB
Inactive:          49396 kB
Active(anon):    1446544 kB
Inactive(anon):     2928 kB
Active(file):      55172 kB
Inactive(file):    46468 kB
Unevictable:        1940 kB
Mlocked:               0 kB
HighTotal:       1158144 kB
HighFree:           1892 kB
LowTotal:         741364 kB
LowFree:           48568 kB
SwapTotal:             0 kB
SwapFree:              0 kB
Dirty:                68 kB
Writeback:             0 kB
AnonPages:       1445084 kB
Mapped:           131608 kB
Shmem:              4368 kB
Slab:              33980 kB
SReclaimable:      12080 kB
SUnreclaim:        21900 kB
KernelStack:        6120 kB
PageTables:        11644 kB
NFS_Unstable:          0 kB
Bounce:                0 kB
WritebackTmp:          0 kB
CommitLimit:      949752 kB
Committed_AS:   11944224 kB
VmallocTotal:     245760 kB
VmallocUsed:       51036 kB
VmallocChunk:      75648 kB
1557682834.590959
MemTotal:        1899508 kB
MemFree:           50196 kB
Buffers:             596 kB
Cached:           107108 kB
SwapCached:            0 kB
Active:          1501960 kB
Inactive:          49356 kB
Active(anon):    1447112 kB
Inactive(anon):     2932 kB
Active(file):      54848 kB
Inactive(file):    46424 kB
Unevictable:        1940 kB
Mlocked:               0 kB
HighTotal:       1158144 kB
HighFree:           1948 kB
LowTotal:         741364 kB
LowFree:           48248 kB
SwapTotal:             0 kB
SwapFree:              0 kB
Dirty:                56 kB
Writeback:             0 kB
AnonPages:       1445516 kB
Mapped:           131740 kB
Shmem:              4424 kB
Slab:              33980 kB
SReclaimable:      12080 kB
SUnreclaim:        21900 kB
KernelStack:        6152 kB
PageTables:        11716 kB
NFS_Unstable:          0 kB
Bounce:                0 kB
WritebackTmp:          0 kB
CommitLimit:      949752 kB
Committed_AS:   11944904 kB
VmallocTotal:     245760 kB
VmallocUsed:       51036 kB
VmallocChunk:      75648 kB
1557682835.172968
MemTotal:        1899508 kB
MemFree:           49492 kB
Buffers:             596 kB
Cached:           106912 kB
SwapCached:            0 kB
Active:          1503104 kB
Inactive:          49628 kB
Active(anon):    1448716 kB
Inactive(anon):     2988 kB
Active(file):      54388 kB
Inactive(file):    46640 kB
Unevictable:        1940 kB
Mlocked:               0 kB
HighTotal:       1158144 kB
HighFree:           1976 kB
LowTotal:         741364 kB
LowFree:           47516 kB
SwapTotal:             0 kB
SwapFree:              0 kB
Dirty:                56 kB
Writeback:             0 kB
AnonPages:       1447324 kB
Mapped:           131580 kB
Shmem:              4516 kB
Slab:              33980 kB
SReclaimable:      12080 kB
SUnreclaim:        21900 kB
KernelStack:        6152 kB
PageTables:        11700 kB
NFS_Unstable:          0 kB
Bounce:                0 kB
WritebackTmp:          0 kB
CommitLimit:      949752 kB
Committed_AS:   11949044 kB
VmallocTotal:     245760 kB
VmallocUsed:       51036 kB
VmallocChunk:      75648 kB
1557682835.738688
MemTotal:        1899508 kB
MemFree:           85200 kB
Buffers:             612 kB
Cached:           106712 kB
SwapCached:            0 kB
Active:          1486876 kB
Inactive:          49628 kB
Active(anon):    1432680 kB
Inactive(anon):     2988 kB
Active(file):      54196 kB
Inactive(file):    46640 kB
Unevictable:        1940 kB
Mlocked:               0 kB
HighTotal:       1158144 kB
HighFree:          13936 kB
LowTotal:         741364 kB
LowFree:           71264 kB
SwapTotal:             0 kB
SwapFree:              0 kB
Dirty:                56 kB
Writeback:             0 kB
AnonPages:       1431456 kB
Mapped:           112104 kB
Shmem:              4516 kB
Slab:              33980 kB
SReclaimable:      12080 kB
SUnreclaim:        21900 kB
KernelStack:        6152 kB
PageTables:        11700 kB
NFS_Unstable:          0 kB
Bounce:                0 kB
WritebackTmp:          0 kB
CommitLimit:      949752 kB
Committed_AS:   11949040 kB
VmallocTotal:     245760 kB
VmallocUsed:       50820 kB
VmallocChunk:      75648 kB
1557682836.308827
MemTotal:        1899508 kB
MemFree:           82408 kB
Buffers:             612 kB
Cached:           106736 kB
SwapCached:            0 kB
Active:          1489620 kB
Inactive:          49692 kB
Active(anon):    1435472 kB
Inactive(anon):     2972 kB
Active(file):      54148 kB
Inactive(file):    46720 kB
Unevictable:        1940 kB
Mlocked:               0 kB
HighTotal:       1158144 kB
HighFree:          11368 kB
LowTotal:         741364 kB
LowFree:           71040 kB
SwapTotal:             0 kB
SwapFree:              0 kB
Dirty:                56 kB
Writeback:             0 kB
AnonPages:       1433632 kB
Mapped:           112020 kB
Shmem:              4540 kB
Slab:              33980 kB
SReclaimable:      12080 kB
SUnreclaim:        21900 kB
KernelStack:        6136 kB
PageTables:        11652 kB
NFS_Unstable:          0 kB
Bounce:                0 kB
WritebackTmp:          0 kB
CommitLimit:      949752 kB
Committed_AS:   11949588 kB
VmallocTotal:     245760 kB
VmallocUsed:       50820 kB
VmallocChunk:      75648 kB
1557682836.881177
MemTotal:        1899508 kB
MemFree:           79740 kB
Buffers:             632 kB
Cached:           106900 kB
SwapCached:            0 kB
Active:          1491728 kB
Inactive:          49816 kB
Active(anon):    1437580 kB
Inactive(anon):     2972 kB
Active(file):      54148 kB
Inactive(file):    46844 kB
Unevictable:        1940 kB
Mlocked:               0 kB
HighTotal:       1158144 kB
HighFree:           8748 kB
LowTotal:         741364 kB
LowFree:           70992 kB
SwapTotal:             0 kB
SwapFree:              0 kB
Dirty:                56 kB
Writeback:             0 kB
AnonPages:       1436024 kB
Mapped:           112020 kB
Shmem:              4540 kB
Slab:              33980 kB
SReclaimable:      12080 kB
SUnreclaim:        21900 kB
KernelStack:        6136 kB
PageTables:        11652 kB
NFS_Unstable:          0 kB
Bounce:                0 kB
WritebackTmp:          0 kB
CommitLimit:      949752 kB
Committed_AS:   11949760 kB
VmallocTotal:     245760 kB
VmallocUsed:       50820 kB
VmallocChunk:      75648 kB
1557682837.447308
MemTotal:        1899508 kB
MemFree:           74956 kB
Buffers:             640 kB
Cached:           107024 kB
SwapCached:            0 kB
Active:          1496356 kB
Inactive:          50004 kB
Active(anon):    1442204 kB
Inactive(anon):     2972 kB
Active(file):      54152 kB
Inactive(file):    47032 kB
Unevictable:        1940 kB
Mlocked:               0 kB
HighTotal:       1158144 kB
HighFree:           3976 kB
LowTotal:         741364 kB
LowFree:           70980 kB
SwapTotal:             0 kB
SwapFree:              0 kB
Dirty:                60 kB
Writeback:             0 kB
AnonPages:       1440856 kB
Mapped:           112040 kB
Shmem:              4540 kB
Slab:              33948 kB
SReclaimable:      12080 kB
SUnreclaim:        21868 kB
KernelStack:        6144 kB
PageTables:        11660 kB
NFS_Unstable:          0 kB
Bounce:                0 kB
WritebackTmp:          0 kB
CommitLimit:      949752 kB
Committed_AS:   11949752 kB
VmallocTotal:     245760 kB
VmallocUsed:       50820 kB
VmallocChunk:      75648 kB
1557682838.038626
MemTotal:        1899508 kB
MemFree:           73192 kB
Buffers:             648 kB
Cached:           107092 kB
SwapCached:            0 kB
Active:          1497772 kB
Inactive:          50076 kB
Active(anon):    1443616 kB
Inactive(anon):     2972 kB
Active(file):      54156 kB
Inactive(file):    47104 kB
Unevictable:        1940 kB
Mlocked:               0 kB
HighTotal:       1158144 kB
HighFree:           2368 kB
LowTotal:         741364 kB
LowFree:           70824 kB
SwapTotal:             0 kB
SwapFree:              0 kB
Dirty:                60 kB
Writeback:             4 kB
AnonPages:       1442120 kB
Mapped:           111984 kB
Shmem:              4540 kB
Slab:              33916 kB
SReclaimable:      12080 kB
SUnreclaim:        21836 kB
KernelStack:        6176 kB
PageTables:        11696 kB
NFS_Unstable:          0 kB
Bounce:                0 kB
WritebackTmp:          0 kB
CommitLimit:      949752 kB
Committed_AS:   11949792 kB
VmallocTotal:     245760 kB
VmallocUsed:       50820 kB
VmallocChunk:      75648 kB
1557682838.603646
MemTotal:        1899508 kB
MemFree:           70224 kB
Buffers:             664 kB
Cached:           107080 kB
SwapCached:            0 kB
Active:          1501100 kB
Inactive:          50076 kB
Active(anon):    1446940 kB
Inactive(anon):     2972 kB
Active(file):      54160 kB
Inactive(file):    47104 kB
Unevictable:        1940 kB
Mlocked:               0 kB
HighTotal:       1158144 kB
HighFree:           1900 kB
LowTotal:         741364 kB
LowFree:           68324 kB
SwapTotal:             0 kB
SwapFree:              0 kB
Dirty:                60 kB
Writeback:             0 kB
AnonPages:       1445272 kB
Mapped:           112048 kB
Shmem:              4540 kB
Slab:              34044 kB
SReclaimable:      12080 kB
SUnreclaim:        21964 kB
KernelStack:        6144 kB
PageTables:        11660 kB
NFS_Unstable:          0 kB
Bounce:                0 kB
WritebackTmp:          0 kB
CommitLimit:      949752 kB
Committed_AS:   11945748 kB
VmallocTotal:     245760 kB
VmallocUsed:       50820 kB
VmallocChunk:      75648 kB
1557682839.170010
MemTotal:        1899508 kB
MemFree:           65644 kB
Buffers:             680 kB
Cached:           107104 kB
SwapCached:            0 kB
Active:          1505576 kB
Inactive:          50116 kB
Active(anon):    1451416 kB
Inactive(anon):     2972 kB
Active(file):      54160 kB
Inactive(file):    47144 kB
Unevictable:        1940 kB
Mlocked:               0 kB
HighTotal:       1158144 kB
HighFree:           1668 kB
LowTotal:         741364 kB
LowFree:           63976 kB
SwapTotal:             0 kB
SwapFree:              0 kB
Dirty:                 0 kB
Writeback:             0 kB
AnonPages:       1450064 kB
Mapped:           112064 kB
Shmem:              4540 kB
Slab:              34016 kB
SReclaimable:      12080 kB
SUnreclaim:        21936 kB
KernelStack:        6144 kB
PageTables:        11656 kB
NFS_Unstable:          0 kB
Bounce:                0 kB
WritebackTmp:          0 kB
CommitLimit:      949752 kB
Committed_AS:   11948980 kB
VmallocTotal:     245760 kB
VmallocUsed:       50820 kB
VmallocChunk:      75648 kB
1557682839.732694
MemTotal:        1899508 kB
MemFree:           60144 kB
Buffers:             696 kB
Cached:           107088 kB
SwapCached:            0 kB
Active:          1510976 kB
Inactive:          50116 kB
Active(anon):    1456816 kB
Inactive(anon):     2972 kB
Active(file):      54160 kB
Inactive(file):    47144 kB
Unevictable:        1940 kB
Mlocked:               0 kB
HighTotal:       1158144 kB
HighFree:           1668 kB
LowTotal:         741364 kB
LowFree:           58476 kB
SwapTotal:             0 kB
SwapFree:              0 kB
Dirty:                 0 kB
Writeback:             0 kB
AnonPages:       1455096 kB
Mapped:           112064 kB
Shmem:              4540 kB
Slab:              34016 kB
SReclaimable:      12080 kB
SUnreclaim:        21936 kB
KernelStack:        6144 kB
PageTables:        11656 kB
NFS_Unstable:          0 kB
Bounce:                0 kB
WritebackTmp:          0 kB
CommitLimit:      949752 kB
Committed_AS:   11955080 kB
VmallocTotal:     245760 kB
VmallocUsed:       50820 kB
VmallocChunk:      75648 kB
1557682840.301073
MemTotal:        1899508 kB
MemFree:           57336 kB
Buffers:             712 kB
Cached:           107104 kB
SwapCached:            0 kB
Active:          1513452 kB
Inactive:          50148 kB
Active(anon):    1459292 kB
Inactive(anon):     2972 kB
Active(file):      54160 kB
Inactive(file):    47176 kB
Unevictable:        1940 kB
Mlocked:               0 kB
HighTotal:       1158144 kB
HighFree:           1676 kB
LowTotal:         741364 kB
LowFree:           55660 kB
SwapTotal:             0 kB
SwapFree:              0 kB
Dirty:                40 kB
Writeback:             0 kB
AnonPages:       1457812 kB
Mapped:           112056 kB
Shmem:              4540 kB
Slab:              34048 kB
SReclaimable:      12080 kB
SUnreclaim:        21968 kB
KernelStack:        6144 kB
PageTables:        11684 kB
NFS_Unstable:          0 kB
Bounce:                0 kB
WritebackTmp:          0 kB
CommitLimit:      949752 kB
Committed_AS:   11961268 kB
VmallocTotal:     245760 kB
VmallocUsed:       50820 kB
VmallocChunk:      75648 kB
1557682840.868448
MemTotal:        1899508 kB
MemFree:           49792 kB
Buffers:             728 kB
Cached:           107236 kB
SwapCached:            0 kB
Active:          1520852 kB
Inactive:          50248 kB
Active(anon):    1466692 kB
Inactive(anon):     2972 kB
Active(file):      54160 kB
Inactive(file):    47276 kB
Unevictable:        1940 kB
Mlocked:               0 kB
HighTotal:       1158144 kB
HighFree:           1676 kB
LowTotal:         741364 kB
LowFree:           48116 kB
SwapTotal:             0 kB
SwapFree:              0 kB
Dirty:                40 kB
Writeback:             0 kB
AnonPages:       1465064 kB
Mapped:           111908 kB
Shmem:              4540 kB
Slab:              34176 kB
SReclaimable:      12080 kB
SUnreclaim:        22096 kB
KernelStack:        6144 kB
PageTables:        11832 kB
NFS_Unstable:          0 kB
Bounce:                0 kB
WritebackTmp:          0 kB
CommitLimit:      949752 kB
Committed_AS:   11964040 kB
VmallocTotal:     245760 kB
VmallocUsed:       50820 kB
VmallocChunk:      75648 kB
1557682841.428903
MemTotal:        1899508 kB
MemFree:           48676 kB
Buffers:             728 kB
Cached:           107252 kB
SwapCached:            0 kB
Active:          1521828 kB
Inactive:          50312 kB
Active(anon):    1467668 kB
Inactive(anon):     2972 kB
Active(file):      54160 kB
Inactive(file):    47340 kB
Unevictable:        1940 kB
Mlocked:               0 kB
HighTotal:       1158144 kB
HighFree:           1684 kB
LowTotal:         741364 kB
LowFree:           46992 kB
SwapTotal:             0 kB
SwapFree:              0 kB
Dirty:                40 kB
Writeback:             0 kB
AnonPages:       1466228 kB
Mapped:           112068 kB
Shmem:              4540 kB
Slab:              34048 kB
SReclaimable:      12080 kB
SUnreclaim:        21968 kB
KernelStack:        6144 kB
PageTables:        11992 kB
NFS_Unstable:          0 kB
Bounce:                0 kB
WritebackTmp:          0 kB
CommitLimit:      949752 kB
Committed_AS:   13186556 kB
VmallocTotal:     245760 kB
VmallocUsed:       51840 kB
VmallocChunk:      75648 kB
1557682842.010901
MemTotal:        1899508 kB
MemFree:           40020 kB
Buffers:             736 kB
Cached:           112156 kB
SwapCached:            0 kB
Active:          1526328 kB
Inactive:          56956 kB
Active(anon):    1473756 kB
Inactive(anon):     2972 kB
Active(file):      52572 kB
Inactive(file):    53984 kB
Unevictable:        1940 kB
Mlocked:               0 kB
HighTotal:       1158144 kB
HighFree:            496 kB
LowTotal:         741364 kB
LowFree:           39524 kB
SwapTotal:             0 kB
SwapFree:              0 kB
Dirty:                40 kB
Writeback:             0 kB
AnonPages:       1471936 kB
Mapped:           111212 kB
Shmem:              4540 kB
Slab:              33984 kB
SReclaimable:      12080 kB
SUnreclaim:        21904 kB
KernelStack:        6192 kB
PageTables:        12080 kB
NFS_Unstable:          0 kB
Bounce:                0 kB
WritebackTmp:          0 kB
CommitLimit:      949752 kB
Committed_AS:   12541020 kB
VmallocTotal:     245760 kB
VmallocUsed:       51840 kB
VmallocChunk:      75648 kB
1557682842.578904
MemTotal:        1899508 kB
MemFree:           43000 kB
Buffers:             536 kB
Cached:           107292 kB
SwapCached:            0 kB
Active:          1528740 kB
Inactive:          51908 kB
Active(anon):    1476424 kB
Inactive(anon):     2972 kB
Active(file):      52316 kB
Inactive(file):    48936 kB
Unevictable:        1940 kB
Mlocked:               0 kB
HighTotal:       1158144 kB
HighFree:           1744 kB
LowTotal:         741364 kB
LowFree:           41256 kB
SwapTotal:             0 kB
SwapFree:              0 kB
Dirty:                36 kB
Writeback:             0 kB
AnonPages:       1474872 kB
Mapped:           100260 kB
Shmem:              4540 kB
Slab:              33888 kB
SReclaimable:      12080 kB
SUnreclaim:        21808 kB
KernelStack:        6224 kB
PageTables:        11684 kB
NFS_Unstable:          0 kB
Bounce:                0 kB
WritebackTmp:          0 kB
CommitLimit:      949752 kB
Committed_AS:   11976496 kB
VmallocTotal:     245760 kB
VmallocUsed:       50820 kB
VmallocChunk:      75648 kB
1557682843.139311
MemTotal:        1899508 kB
MemFree:           43356 kB
Buffers:             300 kB
Cached:           105472 kB
SwapCached:            0 kB
Active:          1529344 kB
Inactive:          51592 kB
Active(anon):    1478820 kB
Inactive(anon):     2972 kB
Active(file):      50524 kB
Inactive(file):    48620 kB
Unevictable:        1940 kB
Mlocked:               0 kB
HighTotal:       1158144 kB
HighFree:           1760 kB
LowTotal:         741364 kB
LowFree:           41596 kB
SwapTotal:             0 kB
SwapFree:              0 kB
Dirty:                44 kB
Writeback:             0 kB
AnonPages:       1477380 kB
Mapped:            97820 kB
Shmem:              4540 kB
Slab:              34040 kB
SReclaimable:      12072 kB
SUnreclaim:        21968 kB
KernelStack:        6160 kB
PageTables:        11796 kB
NFS_Unstable:          0 kB
Bounce:                0 kB
WritebackTmp:          0 kB
CommitLimit:      949752 kB
Committed_AS:   11983612 kB
VmallocTotal:     245760 kB
VmallocUsed:       50820 kB
VmallocChunk:      75648 kB
1557682843.721036
MemTotal:        1899508 kB
MemFree:           40544 kB
Buffers:             316 kB
Cached:           103832 kB
SwapCached:            0 kB
Active:          1531952 kB
Inactive:          50244 kB
Active(anon):    1481584 kB
Inactive(anon):     2972 kB
Active(file):      50368 kB
Inactive(file):    47272 kB
Unevictable:        1940 kB
Mlocked:               0 kB
HighTotal:       1158144 kB
HighFree:            648 kB
LowTotal:         741364 kB
LowFree:           39896 kB
SwapTotal:             0 kB
SwapFree:              0 kB
Dirty:                44 kB
Writeback:             0 kB
AnonPages:       1479852 kB
Mapped:            97636 kB
Shmem:              4540 kB
Slab:              34040 kB
SReclaimable:      12072 kB
SUnreclaim:        21968 kB
KernelStack:        6160 kB
PageTables:        11796 kB
NFS_Unstable:          0 kB
Bounce:                0 kB
WritebackTmp:          0 kB
CommitLimit:      949752 kB
Committed_AS:   11983580 kB
VmallocTotal:     245760 kB
VmallocUsed:       50820 kB
VmallocChunk:      75648 kB
1557682844.298967
MemTotal:        1899508 kB
MemFree:           40668 kB
Buffers:             332 kB
Cached:            99804 kB
SwapCached:            0 kB
Active:          1534840 kB
Inactive:          47732 kB
Active(anon):    1486084 kB
Inactive(anon):     2972 kB
Active(file):      48756 kB
Inactive(file):    44760 kB
Unevictable:        1940 kB
Mlocked:               0 kB
HighTotal:       1158144 kB
HighFree:            680 kB
LowTotal:         741364 kB
LowFree:           39988 kB
SwapTotal:             0 kB
SwapFree:              0 kB
Dirty:                44 kB
Writeback:             0 kB
AnonPages:       1484692 kB
Mapped:            97336 kB
Shmem:              4540 kB
Slab:              34040 kB
SReclaimable:      12072 kB
SUnreclaim:        21968 kB
KernelStack:        6144 kB
PageTables:        11784 kB
NFS_Unstable:          0 kB
Bounce:                0 kB
WritebackTmp:          0 kB
CommitLimit:      949752 kB
Committed_AS:   11988708 kB
VmallocTotal:     245760 kB
VmallocUsed:       50820 kB
VmallocChunk:      75648 kB
1557682844.865005
MemTotal:        1899508 kB
MemFree:           67300 kB
Buffers:             352 kB
Cached:            97380 kB
SwapCached:            0 kB
Active:          1511292 kB
Inactive:          46360 kB
Active(anon):    1463716 kB
Inactive(anon):     2972 kB
Active(file):      47576 kB
Inactive(file):    43388 kB
Unevictable:        1940 kB
Mlocked:               0 kB
HighTotal:       1158144 kB
HighFree:          11620 kB
LowTotal:         741364 kB
LowFree:           55680 kB
SwapTotal:             0 kB
SwapFree:              0 kB
Dirty:                44 kB
Writeback:             0 kB
AnonPages:       1462400 kB
Mapped:            95640 kB
Shmem:              4540 kB
Slab:              34040 kB
SReclaimable:      12072 kB
SUnreclaim:        21968 kB
KernelStack:        6144 kB
PageTables:        11044 kB
NFS_Unstable:          0 kB
Bounce:                0 kB
WritebackTmp:          0 kB
CommitLimit:      949752 kB
Committed_AS:   11411640 kB
VmallocTotal:     245760 kB
VmallocUsed:       49800 kB
VmallocChunk:      75648 kB
1557682845.431972
MemTotal:        1899508 kB
MemFree:           66936 kB
Buffers:             352 kB
Cached:            97308 kB
SwapCached:            0 kB
Active:          1511248 kB
Inactive:          46500 kB
Active(anon):    1463596 kB
Inactive(anon):     2972 kB
Active(file):      47652 kB
Inactive(file):    43528 kB
Unevictable:        1940 kB
Mlocked:               0 kB
HighTotal:       1158144 kB
HighFree:          11384 kB
LowTotal:         741364 kB
LowFree:           55552 kB
SwapTotal:             0 kB
SwapFree:              0 kB
Dirty:                48 kB
Writeback:             0 kB
AnonPages:       1462088 kB
Mapped:            95688 kB
Shmem:              4540 kB
Slab:              33928 kB
SReclaimable:      12072 kB
SUnreclaim:        21856 kB
KernelStack:        5808 kB
PageTables:        11016 kB
NFS_Unstable:          0 kB
Bounce:                0 kB
WritebackTmp:          0 kB
CommitLimit:      949752 kB
Committed_AS:   11411648 kB
VmallocTotal:     245760 kB
VmallocUsed:       49800 kB
VmallocChunk:      75648 kB
1557682846.012471
MemTotal:        1899508 kB
MemFree:           65596 kB
Buffers:             352 kB
Cached:            98520 kB
SwapCached:            0 kB
Active:          1511848 kB
Inactive:          47436 kB
Active(anon):    1464196 kB
Inactive(anon):     3400 kB
Active(file):      47652 kB
Inactive(file):    44036 kB
Unevictable:        1940 kB
Mlocked:               0 kB
HighTotal:       1158144 kB
HighFree:          10028 kB
LowTotal:         741364 kB
LowFree:           55568 kB
SwapTotal:             0 kB
SwapFree:              0 kB
Dirty:                48 kB
Writeback:             0 kB
AnonPages:       1462664 kB
Mapped:            96300 kB
Shmem:              5124 kB
Slab:              33924 kB
SReclaimable:      12072 kB
SUnreclaim:        21852 kB
KernelStack:        5792 kB
PageTables:        11044 kB
NFS_Unstable:          0 kB
Bounce:                0 kB
WritebackTmp:          0 kB
CommitLimit:      949752 kB
Committed_AS:   11411628 kB
VmallocTotal:     245760 kB
VmallocUsed:       49800 kB
VmallocChunk:      75648 kB
1557682846.616643
MemTotal:        1899508 kB
MemFree:           64916 kB
Buffers:             352 kB
Cached:            98620 kB
SwapCached:            0 kB
Active:          1511936 kB
Inactive:          47656 kB
Active(anon):    1464284 kB
Inactive(anon):     3452 kB
Active(file):      47652 kB
Inactive(file):    44204 kB
Unevictable:        1940 kB
Mlocked:               0 kB
HighTotal:       1158144 kB
HighFree:           9364 kB
LowTotal:         741364 kB
LowFree:           55552 kB
SwapTotal:             0 kB
SwapFree:              0 kB
Dirty:                48 kB
Writeback:             0 kB
AnonPages:       1462948 kB
Mapped:            96304 kB
Shmem:              5116 kB
Slab:              33924 kB
SReclaimable:      12072 kB
SUnreclaim:        21852 kB
KernelStack:        5824 kB
PageTables:        11040 kB
NFS_Unstable:          0 kB
Bounce:                0 kB
WritebackTmp:          0 kB
CommitLimit:      949752 kB
Committed_AS:   11411596 kB
VmallocTotal:     245760 kB
VmallocUsed:       49800 kB
VmallocChunk:      75648 kB
1557682847.198582
MemTotal:        1899508 kB
MemFree:           66392 kB
Buffers:             352 kB
Cached:            98680 kB
SwapCached:            0 kB
Active:          1510596 kB
Inactive:          47776 kB
Active(anon):    1462944 kB
Inactive(anon):     3452 kB
Active(file):      47652 kB
Inactive(file):    44324 kB
Unevictable:        1940 kB
Mlocked:               0 kB
HighTotal:       1158144 kB
HighFree:          10260 kB
LowTotal:         741364 kB
LowFree:           56132 kB
SwapTotal:             0 kB
SwapFree:              0 kB
Dirty:                48 kB
Writeback:             0 kB
AnonPages:       1461328 kB
Mapped:            96324 kB
Shmem:              5116 kB
Slab:              33924 kB
SReclaimable:      12072 kB
SUnreclaim:        21852 kB
KernelStack:        5816 kB
PageTables:        11024 kB
NFS_Unstable:          0 kB
Bounce:                0 kB
WritebackTmp:          0 kB
CommitLimit:      949752 kB
Committed_AS:   11412252 kB
VmallocTotal:     245760 kB
VmallocUsed:       49800 kB
VmallocChunk:      75648 kB
1557682847.766299
MemTotal:        1899508 kB
MemFree:           85160 kB
Buffers:             352 kB
Cached:            98680 kB
SwapCached:            0 kB
Active:          1491048 kB
Inactive:          47776 kB
Active(anon):    1443396 kB
Inactive(anon):     3452 kB
Active(file):      47652 kB
Inactive(file):    44324 kB
Unevictable:        1940 kB
Mlocked:               0 kB
HighTotal:       1158144 kB
HighFree:          22632 kB
LowTotal:         741364 kB
LowFree:           62528 kB
SwapTotal:             0 kB
SwapFree:              0 kB
Dirty:                48 kB
Writeback:             0 kB
AnonPages:       1441676 kB
Mapped:            96472 kB
Shmem:              5116 kB
Slab:              33924 kB
SReclaimable:      12072 kB
SUnreclaim:        21852 kB
KernelStack:        5816 kB
PageTables:        11024 kB
NFS_Unstable:          0 kB
Bounce:                0 kB
WritebackTmp:          0 kB
CommitLimit:      949752 kB
Committed_AS:   11411852 kB
VmallocTotal:     245760 kB
VmallocUsed:       49800 kB
VmallocChunk:      75648 kB
1557682848.333036
MemTotal:        1899508 kB
MemFree:           82644 kB
Buffers:             368 kB
Cached:            98924 kB
SwapCached:            0 kB
Active:          1493164 kB
Inactive:          48036 kB
Active(anon):    1445512 kB
Inactive(anon):     3452 kB
Active(file):      47652 kB
Inactive(file):    44584 kB
Unevictable:        1940 kB
Mlocked:               0 kB
HighTotal:       1158144 kB
HighFree:          20240 kB
LowTotal:         741364 kB
LowFree:           62404 kB
SwapTotal:             0 kB
SwapFree:              0 kB
Dirty:                40 kB
Writeback:             0 kB
AnonPages:       1443892 kB
Mapped:            96324 kB
Shmem:              5116 kB
Slab:              33924 kB
SReclaimable:      12072 kB
SUnreclaim:        21852 kB
KernelStack:        5816 kB
PageTables:        11016 kB
NFS_Unstable:          0 kB
Bounce:                0 kB
WritebackTmp:          0 kB
CommitLimit:      949752 kB
Committed_AS:   11412020 kB
VmallocTotal:     245760 kB
VmallocUsed:       49800 kB
VmallocChunk:      75648 kB
1557682848.915571
MemTotal:        1899508 kB
MemFree:           81856 kB
Buffers:             368 kB
Cached:            98924 kB
SwapCached:            0 kB
Active:          1493660 kB
Inactive:          48036 kB
Active(anon):    1446008 kB
Inactive(anon):     3452 kB
Active(file):      47652 kB
Inactive(file):    44584 kB
Unevictable:        1940 kB
Mlocked:               0 kB
HighTotal:       1158144 kB
HighFree:          19436 kB
LowTotal:         741364 kB
LowFree:           62420 kB
SwapTotal:             0 kB
SwapFree:              0 kB
Dirty:                40 kB
Writeback:             0 kB
AnonPages:       1444444 kB
Mapped:            96324 kB
Shmem:              5116 kB
Slab:              33924 kB
SReclaimable:      12072 kB
SUnreclaim:        21852 kB
KernelStack:        5816 kB
PageTables:        11016 kB
NFS_Unstable:          0 kB
Bounce:                0 kB
WritebackTmp:          0 kB
CommitLimit:      949752 kB
Committed_AS:   11412576 kB
VmallocTotal:     245760 kB
VmallocUsed:       49800 kB
VmallocChunk:      75648 kB
1557682849.481416
MemTotal:        1899508 kB
MemFree:           82124 kB
Buffers:             368 kB
Cached:            99032 kB
SwapCached:            0 kB
Active:          1493816 kB
Inactive:          48144 kB
Active(anon):    1446164 kB
Inactive(anon):     3452 kB
Active(file):      47652 kB
Inactive(file):    44692 kB
Unevictable:        1940 kB
Mlocked:               0 kB
HighTotal:       1158144 kB
HighFree:          19440 kB
LowTotal:         741364 kB
LowFree:           62684 kB
SwapTotal:             0 kB
SwapFree:              0 kB
Dirty:                40 kB
Writeback:             0 kB
AnonPages:       1444536 kB
Mapped:            96344 kB
Shmem:              5116 kB
Slab:              33924 kB
SReclaimable:      12072 kB
SUnreclaim:        21852 kB
KernelStack:        5816 kB
PageTables:        11028 kB
NFS_Unstable:          0 kB
Bounce:                0 kB
WritebackTmp:          0 kB
CommitLimit:      949752 kB
Committed_AS:   11412692 kB
VmallocTotal:     245760 kB
VmallocUsed:       49800 kB
VmallocChunk:      75648 kB
1557682850.049269
MemTotal:        1899508 kB
MemFree:           81536 kB
Buffers:             368 kB
Cached:            99148 kB
SwapCached:            0 kB
Active:          1494172 kB
Inactive:          48260 kB
Active(anon):    1446520 kB
Inactive(anon):     3452 kB
Active(file):      47652 kB
Inactive(file):    44808 kB
Unevictable:        1940 kB
Mlocked:               0 kB
HighTotal:       1158144 kB
HighFree:          18892 kB
LowTotal:         741364 kB
LowFree:           62644 kB
SwapTotal:             0 kB
SwapFree:              0 kB
Dirty:                40 kB
Writeback:             0 kB
AnonPages:       1444840 kB
Mapped:            96356 kB
Shmem:              5116 kB
Slab:              33924 kB
SReclaimable:      12072 kB
SUnreclaim:        21852 kB
KernelStack:        5784 kB
PageTables:        10940 kB
NFS_Unstable:          0 kB
Bounce:                0 kB
WritebackTmp:          0 kB
CommitLimit:      949752 kB
Committed_AS:   11412720 kB
VmallocTotal:     245760 kB
VmallocUsed:       49800 kB
VmallocChunk:      75648 kB
1557682850.627726
MemTotal:        1899508 kB
MemFree:           81444 kB
Buffers:             368 kB
Cached:            99148 kB
SwapCached:            0 kB
Active:          1494296 kB
Inactive:          48260 kB
Active(anon):    1446644 kB
Inactive(anon):     3452 kB
Active(file):      47652 kB
Inactive(file):    44808 kB
Unevictable:        1940 kB
Mlocked:               0 kB
HighTotal:       1158144 kB
HighFree:          18760 kB
LowTotal:         741364 kB
LowFree:           62684 kB
SwapTotal:             0 kB
SwapFree:              0 kB
Dirty:                40 kB
Writeback:             0 kB
AnonPages:       1445260 kB
Mapped:            96364 kB
Shmem:              5116 kB
Slab:              33924 kB
SReclaimable:      12072 kB
SUnreclaim:        21852 kB
KernelStack:        5848 kB
PageTables:        11036 kB
NFS_Unstable:          0 kB
Bounce:                0 kB
WritebackTmp:          0 kB
CommitLimit:      949752 kB
Committed_AS:   11412772 kB
VmallocTotal:     245760 kB
VmallocUsed:       49800 kB
VmallocChunk:      75648 kB
1557682851.225794
MemTotal:        1899508 kB
MemFree:           80880 kB
Buffers:             368 kB
Cached:            99148 kB
SwapCached:            0 kB
Active:          1495196 kB
Inactive:          48260 kB
Active(anon):    1447544 kB
Inactive(anon):     3452 kB
Active(file):      47652 kB
Inactive(file):    44808 kB
Unevictable:        1940 kB
Mlocked:               0 kB
HighTotal:       1158144 kB
HighFree:          18120 kB
LowTotal:         741364 kB
LowFree:           62760 kB
SwapTotal:             0 kB
SwapFree:              0 kB
Dirty:                40 kB
Writeback:             0 kB
AnonPages:       1445732 kB
Mapped:            96360 kB
Shmem:              5116 kB
Slab:              33924 kB
SReclaimable:      12072 kB
SUnreclaim:        21852 kB
KernelStack:        5816 kB
PageTables:        11012 kB
NFS_Unstable:          0 kB
Bounce:                0 kB
WritebackTmp:          0 kB
CommitLimit:      949752 kB
Committed_AS:   11413508 kB
VmallocTotal:     245760 kB
VmallocUsed:       49800 kB
VmallocChunk:      75648 kB
1557682851.786236
MemTotal:        1899508 kB
MemFree:           75604 kB
Buffers:             368 kB
Cached:            99884 kB
SwapCached:            0 kB
Active:          1499288 kB
Inactive:          49004 kB
Active(anon):    1451636 kB
Inactive(anon):     3452 kB
Active(file):      47652 kB
Inactive(file):    45552 kB
Unevictable:        1940 kB
Mlocked:               0 kB
HighTotal:       1158144 kB
HighFree:          13168 kB
LowTotal:         741364 kB
LowFree:           62436 kB
SwapTotal:             0 kB
SwapFree:              0 kB
Dirty:                40 kB
Writeback:             0 kB
AnonPages:       1450332 kB
Mapped:            96544 kB
Shmem:              5116 kB
Slab:              33924 kB
SReclaimable:      12072 kB
SUnreclaim:        21852 kB
KernelStack:        5816 kB
PageTables:        11308 kB
NFS_Unstable:          0 kB
Bounce:                0 kB
WritebackTmp:          0 kB
CommitLimit:      949752 kB
Committed_AS:   11980964 kB
VmallocTotal:     245760 kB
VmallocUsed:       50820 kB
VmallocChunk:      75648 kB
1557682852.369221
MemTotal:        1899508 kB
MemFree:           72596 kB
Buffers:             384 kB
Cached:            99992 kB
SwapCached:            0 kB
Active:          1501812 kB
Inactive:          49108 kB
Active(anon):    1454152 kB
Inactive(anon):     3448 kB
Active(file):      47660 kB
Inactive(file):    45660 kB
Unevictable:        1940 kB
Mlocked:               0 kB
HighTotal:       1158144 kB
HighFree:          10288 kB
LowTotal:         741364 kB
LowFree:           62308 kB
SwapTotal:             0 kB
SwapFree:              0 kB
Dirty:                40 kB
Writeback:             0 kB
AnonPages:       1452700 kB
Mapped:            96540 kB
Shmem:              5116 kB
Slab:              33924 kB
SReclaimable:      12072 kB
SUnreclaim:        21852 kB
KernelStack:        5896 kB
PageTables:        11388 kB
NFS_Unstable:          0 kB
Bounce:                0 kB
WritebackTmp:          0 kB
CommitLimit:      949752 kB
Committed_AS:   11980960 kB
VmallocTotal:     245760 kB
VmallocUsed:       50820 kB
VmallocChunk:      75648 kB
1557682852.936129
MemTotal:        1899508 kB
MemFree:           72424 kB
Buffers:             384 kB
Cached:            99992 kB
SwapCached:            0 kB
Active:          1501812 kB
Inactive:          49108 kB
Active(anon):    1454152 kB
Inactive(anon):     3448 kB
Active(file):      47660 kB
Inactive(file):    45660 kB
Unevictable:        1940 kB
Mlocked:               0 kB
HighTotal:       1158144 kB
HighFree:          10180 kB
LowTotal:         741364 kB
LowFree:           62244 kB
SwapTotal:             0 kB
SwapFree:              0 kB
Dirty:                40 kB
Writeback:             0 kB
AnonPages:       1452516 kB
Mapped:            96392 kB
Shmem:              5116 kB
Slab:              33924 kB
SReclaimable:      12072 kB
SUnreclaim:        21852 kB
KernelStack:        5896 kB
PageTables:        11536 kB
NFS_Unstable:          0 kB
Bounce:                0 kB
WritebackTmp:          0 kB
CommitLimit:      949752 kB
Committed_AS:   11980964 kB
VmallocTotal:     245760 kB
VmallocUsed:       50820 kB
VmallocChunk:      75648 kB
1557682853.510245
MemTotal:        1899508 kB
MemFree:           72256 kB
Buffers:             384 kB
Cached:           100192 kB
SwapCached:            0 kB
Active:          1501876 kB
Inactive:          49244 kB
Active(anon):    1454216 kB
Inactive(anon):     3444 kB
Active(file):      47660 kB
Inactive(file):    45800 kB
Unevictable:        1940 kB
Mlocked:               0 kB
HighTotal:       1158144 kB
HighFree:           9804 kB
LowTotal:         741364 kB
LowFree:           62452 kB
SwapTotal:             0 kB
SwapFree:              0 kB
Dirty:                 0 kB
Writeback:             0 kB
AnonPages:       1452740 kB
Mapped:            96544 kB
Shmem:              5116 kB
Slab:              33920 kB
SReclaimable:      12072 kB
SUnreclaim:        21848 kB
KernelStack:        5912 kB
PageTables:        11392 kB
NFS_Unstable:          0 kB
Bounce:                0 kB
WritebackTmp:          0 kB
CommitLimit:      949752 kB
Committed_AS:   11976980 kB
VmallocTotal:     245760 kB
VmallocUsed:       50820 kB
VmallocChunk:      75648 kB
1557682854.108089
MemTotal:        1899508 kB
MemFree:           71884 kB
Buffers:             384 kB
Cached:           100284 kB
SwapCached:            0 kB
Active:          1502008 kB
Inactive:          49396 kB
Active(anon):    1454348 kB
Inactive(anon):     3444 kB
Active(file):      47660 kB
Inactive(file):    45952 kB
Unevictable:        1940 kB
Mlocked:               0 kB
HighTotal:       1158144 kB
HighFree:           9480 kB
LowTotal:         741364 kB
LowFree:           62404 kB
SwapTotal:             0 kB
SwapFree:              0 kB
Dirty:                 0 kB
Writeback:             0 kB
AnonPages:       1452596 kB
Mapped:            96584 kB
Shmem:              5116 kB
Slab:              33920 kB
SReclaimable:      12072 kB
SUnreclaim:        21848 kB
KernelStack:        5912 kB
PageTables:        11408 kB
NFS_Unstable:          0 kB
Bounce:                0 kB
WritebackTmp:          0 kB
CommitLimit:      949752 kB
Committed_AS:   11977016 kB
VmallocTotal:     245760 kB
VmallocUsed:       50820 kB
VmallocChunk:      75648 kB
1557682854.671457
MemTotal:        1899508 kB
MemFree:           70864 kB
Buffers:             384 kB
Cached:           101204 kB
SwapCached:            0 kB
Active:          1502008 kB
Inactive:          50388 kB
Active(anon):    1454348 kB
Inactive(anon):     3444 kB
Active(file):      47660 kB
Inactive(file):    46944 kB
Unevictable:        1940 kB
Mlocked:               0 kB
HighTotal:       1158144 kB
HighFree:           8412 kB
LowTotal:         741364 kB
LowFree:           62452 kB
SwapTotal:             0 kB
SwapFree:              0 kB
Dirty:                 0 kB
Writeback:             0 kB
AnonPages:       1452596 kB
Mapped:            96584 kB
Shmem:              5116 kB
Slab:              33920 kB
SReclaimable:      12072 kB
SUnreclaim:        21848 kB
KernelStack:        5912 kB
PageTables:        11408 kB
NFS_Unstable:          0 kB
Bounce:                0 kB
WritebackTmp:          0 kB
CommitLimit:      949752 kB
Committed_AS:   11977028 kB
VmallocTotal:     245760 kB
VmallocUsed:       50820 kB
VmallocChunk:      75648 kB
1557682855.251825
MemTotal:        1899508 kB
MemFree:           70804 kB
Buffers:             384 kB
Cached:           101368 kB
SwapCached:            0 kB
Active:          1502088 kB
Inactive:          50480 kB
Active(anon):    1454428 kB
Inactive(anon):     3444 kB
Active(file):      47660 kB
Inactive(file):    47036 kB
Unevictable:        1940 kB
Mlocked:               0 kB
HighTotal:       1158144 kB
HighFree:           8400 kB
LowTotal:         741364 kB
LowFree:           62404 kB
SwapTotal:             0 kB
SwapFree:              0 kB
Dirty:                 0 kB
Writeback:             0 kB
AnonPages:       1452784 kB
Mapped:            96708 kB
Shmem:              5116 kB
Slab:              33920 kB
SReclaimable:      12072 kB
SUnreclaim:        21848 kB
KernelStack:        5896 kB
PageTables:        11384 kB
NFS_Unstable:          0 kB
Bounce:                0 kB
WritebackTmp:          0 kB
CommitLimit:      949752 kB
Committed_AS:   11977656 kB
VmallocTotal:     245760 kB
VmallocUsed:       50820 kB
VmallocChunk:      75648 kB
1557682855.821209
MemTotal:        1899508 kB
MemFree:           70484 kB
Buffers:             384 kB
Cached:           101368 kB
SwapCached:            0 kB
Active:          1502460 kB
Inactive:          50480 kB
Active(anon):    1454800 kB
Inactive(anon):     3444 kB
Active(file):      47660 kB
Inactive(file):    47036 kB
Unevictable:        1940 kB
Mlocked:               0 kB
HighTotal:       1158144 kB
HighFree:           7956 kB
LowTotal:         741364 kB
LowFree:           62528 kB
SwapTotal:             0 kB
SwapFree:              0 kB
Dirty:                 0 kB
Writeback:             0 kB
AnonPages:       1453152 kB
Mapped:            96708 kB
Shmem:              5116 kB
Slab:              33920 kB
SReclaimable:      12072 kB
SUnreclaim:        21848 kB
KernelStack:        5896 kB
PageTables:        11532 kB
NFS_Unstable:          0 kB
Bounce:                0 kB
WritebackTmp:          0 kB
CommitLimit:      949752 kB
Committed_AS:   11977668 kB
VmallocTotal:     245760 kB
VmallocUsed:       50820 kB
VmallocChunk:      75648 kB
1557682856.406083
MemTotal:        1899508 kB
MemFree:           68056 kB
Buffers:             384 kB
Cached:           101584 kB
SwapCached:            0 kB
Active:          1504368 kB
Inactive:          50672 kB
Active(anon):    1456708 kB
Inactive(anon):     3420 kB
Active(file):      47660 kB
Inactive(file):    47252 kB
Unevictable:        1940 kB
Mlocked:               0 kB
HighTotal:       1158144 kB
HighFree:           5716 kB
LowTotal:         741364 kB
LowFree:           62340 kB
SwapTotal:             0 kB
SwapFree:              0 kB
Dirty:                 0 kB
Writeback:             0 kB
AnonPages:       1455140 kB
Mapped:            96744 kB
Shmem:              5116 kB
Slab:              33920 kB
SReclaimable:      12072 kB
SUnreclaim:        21848 kB
KernelStack:        5896 kB
PageTables:        11384 kB
NFS_Unstable:          0 kB
Bounce:                0 kB
WritebackTmp:          0 kB
CommitLimit:      949752 kB
Committed_AS:   11977664 kB
VmallocTotal:     245760 kB
VmallocUsed:       50820 kB
VmallocChunk:      75648 kB
1557682856.979799
MemTotal:        1899508 kB
MemFree:           65136 kB
Buffers:             400 kB
Cached:           102672 kB
SwapCached:            0 kB
Active:          1507004 kB
Inactive:          51664 kB
Active(anon):    1459344 kB
Inactive(anon):     3420 kB
Active(file):      47660 kB
Inactive(file):    48244 kB
Unevictable:        1940 kB
Mlocked:               0 kB
HighTotal:       1158144 kB
HighFree:           3132 kB
LowTotal:         741364 kB
LowFree:           62004 kB
SwapTotal:             0 kB
SwapFree:              0 kB
Dirty:                 0 kB
Writeback:             0 kB
AnonPages:       1457684 kB
Mapped:            97812 kB
Shmem:              5116 kB
Slab:              33920 kB
SReclaimable:      12072 kB
SUnreclaim:        21848 kB
KernelStack:        5896 kB
PageTables:        11384 kB
NFS_Unstable:          0 kB
Bounce:                0 kB
WritebackTmp:          0 kB
CommitLimit:      949752 kB
Committed_AS:   11977608 kB
VmallocTotal:     245760 kB
VmallocUsed:       50820 kB
VmallocChunk:      75648 kB
1557682857.559021
MemTotal:        1899508 kB
MemFree:           65052 kB
Buffers:             400 kB
Cached:           102816 kB
SwapCached:            0 kB
Active:          1507008 kB
Inactive:          51920 kB
Active(anon):    1459348 kB
Inactive(anon):     3420 kB
Active(file):      47660 kB
Inactive(file):    48500 kB
Unevictable:        1940 kB
Mlocked:               0 kB
HighTotal:       1158144 kB
HighFree:           3064 kB
LowTotal:         741364 kB
LowFree:           61988 kB
SwapTotal:             0 kB
SwapFree:              0 kB
Dirty:                40 kB
Writeback:             0 kB
AnonPages:       1457796 kB
Mapped:            98036 kB
Shmem:              5116 kB
Slab:              33856 kB
SReclaimable:      12072 kB
SUnreclaim:        21784 kB
KernelStack:        5896 kB
PageTables:        11400 kB
NFS_Unstable:          0 kB
Bounce:                0 kB
WritebackTmp:          0 kB
CommitLimit:      949752 kB
Committed_AS:   11978468 kB
VmallocTotal:     245760 kB
VmallocUsed:       50820 kB
VmallocChunk:      75648 kB
1557682858.127552
MemTotal:        1899508 kB
MemFree:           64704 kB
Buffers:             400 kB
Cached:           102816 kB
SwapCached:            0 kB
Active:          1507148 kB
Inactive:          51920 kB
Active(anon):    1459488 kB
Inactive(anon):     3420 kB
Active(file):      47660 kB
Inactive(file):    48500 kB
Unevictable:        1940 kB
Mlocked:               0 kB
HighTotal:       1158144 kB
HighFree:           2592 kB
LowTotal:         741364 kB
LowFree:           62112 kB
SwapTotal:             0 kB
SwapFree:              0 kB
Dirty:                40 kB
Writeback:             0 kB
AnonPages:       1457916 kB
Mapped:            98044 kB
Shmem:              5116 kB
Slab:              33856 kB
SReclaimable:      12072 kB
SUnreclaim:        21784 kB
KernelStack:        5912 kB
PageTables:        11416 kB
NFS_Unstable:          0 kB
Bounce:                0 kB
WritebackTmp:          0 kB
CommitLimit:      949752 kB
Committed_AS:   11978596 kB
VmallocTotal:     245760 kB
VmallocUsed:       50820 kB
VmallocChunk:      75648 kB
1557682858.695006
MemTotal:        1899508 kB
MemFree:           65832 kB
Buffers:             400 kB
Cached:           102816 kB
SwapCached:            0 kB
Active:          1506032 kB
Inactive:          51920 kB
Active(anon):    1458372 kB
Inactive(anon):     3420 kB
Active(file):      47660 kB
Inactive(file):    48500 kB
Unevictable:        1940 kB
Mlocked:               0 kB
HighTotal:       1158144 kB
HighFree:           3796 kB
LowTotal:         741364 kB
LowFree:           62036 kB
SwapTotal:             0 kB
SwapFree:              0 kB
Dirty:                40 kB
Writeback:             0 kB
AnonPages:       1456628 kB
Mapped:            98044 kB
Shmem:              5116 kB
Slab:              33856 kB
SReclaimable:      12072 kB
SUnreclaim:        21784 kB
KernelStack:        5912 kB
PageTables:        11416 kB
NFS_Unstable:          0 kB
Bounce:                0 kB
WritebackTmp:          0 kB
CommitLimit:      949752 kB
Committed_AS:   11978556 kB
VmallocTotal:     245760 kB
VmallocUsed:       50820 kB
VmallocChunk:      75648 kB
1557682859.301370
MemTotal:        1899508 kB
MemFree:           65660 kB
Buffers:             400 kB
Cached:           102816 kB
SwapCached:            0 kB
Active:          1506000 kB
Inactive:          51920 kB
Active(anon):    1458340 kB
Inactive(anon):     3420 kB
Active(file):      47660 kB
Inactive(file):    48500 kB
Unevictable:        1940 kB
Mlocked:               0 kB
HighTotal:       1158144 kB
HighFree:           3652 kB
LowTotal:         741364 kB
LowFree:           62008 kB
SwapTotal:             0 kB
SwapFree:              0 kB
Dirty:                40 kB
Writeback:             0 kB
AnonPages:       1456768 kB
Mapped:            97884 kB
Shmem:              5116 kB
Slab:              33856 kB
SReclaimable:      12072 kB
SUnreclaim:        21784 kB
KernelStack:        5888 kB
PageTables:        11412 kB
NFS_Unstable:          0 kB
Bounce:                0 kB
WritebackTmp:          0 kB
CommitLimit:      949752 kB
Committed_AS:   11978516 kB
VmallocTotal:     245760 kB
VmallocUsed:       50820 kB
VmallocChunk:      75648 kB
1557682859.873615
MemTotal:        1899508 kB
MemFree:           58668 kB
Buffers:             400 kB
Cached:           108140 kB
SwapCached:            0 kB
Active:          1508388 kB
Inactive:          57164 kB
Active(anon):    1460728 kB
Inactive(anon):     3420 kB
Active(file):      47660 kB
Inactive(file):    53744 kB
Unevictable:        1940 kB
Mlocked:               0 kB
HighTotal:       1158144 kB
HighFree:           1704 kB
LowTotal:         741364 kB
LowFree:           56964 kB
SwapTotal:             0 kB
SwapFree:              0 kB
Dirty:                40 kB
Writeback:             0 kB
AnonPages:       1458944 kB
Mapped:            99768 kB
Shmem:              5116 kB
Slab:              33856 kB
SReclaimable:      12072 kB
SUnreclaim:        21784 kB
KernelStack:        5888 kB
PageTables:        11412 kB
NFS_Unstable:          0 kB
Bounce:                0 kB
WritebackTmp:          0 kB
CommitLimit:      949752 kB
Committed_AS:   11979232 kB
VmallocTotal:     245760 kB
VmallocUsed:       50820 kB
VmallocChunk:      75648 kB
1557682860.439921
MemTotal:        1899508 kB
MemFree:           56152 kB
Buffers:             416 kB
Cached:           108404 kB
SwapCached:            0 kB
Active:          1510724 kB
Inactive:          57524 kB
Active(anon):    1463064 kB
Inactive(anon):     3420 kB
Active(file):      47660 kB
Inactive(file):    54104 kB
Unevictable:        1940 kB
Mlocked:               0 kB
HighTotal:       1158144 kB
HighFree:           1716 kB
LowTotal:         741364 kB
LowFree:           54436 kB
SwapTotal:             0 kB
SwapFree:              0 kB
Dirty:                40 kB
Writeback:             0 kB
AnonPages:       1461592 kB
Mapped:            99732 kB
Shmem:              5116 kB
Slab:              33888 kB
SReclaimable:      12072 kB
SUnreclaim:        21816 kB
KernelStack:        5888 kB
PageTables:        11404 kB
NFS_Unstable:          0 kB
Bounce:                0 kB
WritebackTmp:          0 kB
CommitLimit:      949752 kB
Committed_AS:   11979232 kB
VmallocTotal:     245760 kB
VmallocUsed:       50820 kB
VmallocChunk:      75648 kB
1557682861.002789
MemTotal:        1899508 kB
MemFree:           55812 kB
Buffers:             416 kB
Cached:           108420 kB
SwapCached:            0 kB
Active:          1510772 kB
Inactive:          57540 kB
Active(anon):    1463112 kB
Inactive(anon):     3420 kB
Active(file):      47660 kB
Inactive(file):    54120 kB
Unevictable:        1940 kB
Mlocked:               0 kB
HighTotal:       1158144 kB
HighFree:           1716 kB
LowTotal:         741364 kB
LowFree:           54096 kB
SwapTotal:             0 kB
SwapFree:              0 kB
Dirty:                40 kB
Writeback:             0 kB
AnonPages:       1461500 kB
Mapped:            99744 kB
Shmem:              5116 kB
Slab:              33888 kB
SReclaimable:      12072 kB
SUnreclaim:        21816 kB
KernelStack:        5864 kB
PageTables:        11552 kB
NFS_Unstable:          0 kB
Bounce:                0 kB
WritebackTmp:          0 kB
CommitLimit:      949752 kB
Committed_AS:   11979188 kB
VmallocTotal:     245760 kB
VmallocUsed:       50820 kB
VmallocChunk:      75648 kB
1557682861.568755
MemTotal:        1899508 kB
MemFree:           50416 kB
Buffers:             416 kB
Cached:           111824 kB
SwapCached:            0 kB
Active:          1512732 kB
Inactive:          60640 kB
Active(anon):    1465072 kB
Inactive(anon):     3420 kB
Active(file):      47660 kB
Inactive(file):    57220 kB
Unevictable:        1940 kB
Mlocked:               0 kB
HighTotal:       1158144 kB
HighFree:           1720 kB
LowTotal:         741364 kB
LowFree:           48696 kB
SwapTotal:             0 kB
SwapFree:              0 kB
Dirty:                40 kB
Writeback:             0 kB
AnonPages:       1463628 kB
Mapped:           100324 kB
Shmem:              5116 kB
Slab:              33888 kB
SReclaimable:      12072 kB
SUnreclaim:        21816 kB
KernelStack:        5880 kB
PageTables:        11564 kB
NFS_Unstable:          0 kB
Bounce:                0 kB
WritebackTmp:          0 kB
CommitLimit:      949752 kB
Committed_AS:   12547216 kB
VmallocTotal:     245760 kB
VmallocUsed:       51840 kB
VmallocChunk:      75648 kB
1557682862.134177
MemTotal:        1899508 kB
MemFree:           40824 kB
Buffers:             424 kB
Cached:           120788 kB
SwapCached:            0 kB
Active:          1519748 kB
Inactive:          65580 kB
Active(anon):    1468100 kB
Inactive(anon):     3420 kB
Active(file):      51648 kB
Inactive(file):    62160 kB
Unevictable:        1940 kB
Mlocked:               0 kB
HighTotal:       1158144 kB
HighFree:            948 kB
LowTotal:         741364 kB
LowFree:           39876 kB
SwapTotal:             0 kB
SwapFree:              0 kB
Dirty:                 0 kB
Writeback:             0 kB
AnonPages:       1466184 kB
Mapped:           100512 kB
Shmem:              5116 kB
Slab:              33888 kB
SReclaimable:      12072 kB
SUnreclaim:        21816 kB
KernelStack:        5984 kB
PageTables:        11792 kB
NFS_Unstable:          0 kB
Bounce:                0 kB
WritebackTmp:          0 kB
CommitLimit:      949752 kB
Committed_AS:   12549664 kB
VmallocTotal:     245760 kB
VmallocUsed:       51840 kB
VmallocChunk:      75648 kB
1557682862.704885
MemTotal:        1899508 kB
MemFree:           40400 kB
Buffers:             380 kB
Cached:           117472 kB
SwapCached:            0 kB
Active:          1523044 kB
Inactive:          62524 kB
Active(anon):    1471664 kB
Inactive(anon):     3420 kB
Active(file):      51380 kB
Inactive(file):    59104 kB
Unevictable:        1940 kB
Mlocked:               0 kB
HighTotal:       1158144 kB
HighFree:            684 kB
LowTotal:         741364 kB
LowFree:           39716 kB
SwapTotal:             0 kB
SwapFree:              0 kB
Dirty:                 0 kB
Writeback:             0 kB
AnonPages:       1469876 kB
Mapped:           103464 kB
Shmem:              5116 kB
Slab:              33888 kB
SReclaimable:      12072 kB
SUnreclaim:        21816 kB
KernelStack:        5984 kB
PageTables:        12236 kB
NFS_Unstable:          0 kB
Bounce:                0 kB
WritebackTmp:          0 kB
CommitLimit:      949752 kB
Committed_AS:   13119864 kB
VmallocTotal:     245760 kB
VmallocUsed:       52860 kB
VmallocChunk:      75648 kB
1557682863.271339
MemTotal:        1899508 kB
MemFree:           41104 kB
Buffers:             264 kB
Cached:           117548 kB
SwapCached:            0 kB
Active:          1521872 kB
Inactive:          62628 kB
Active(anon):    1470208 kB
Inactive(anon):     3420 kB
Active(file):      51664 kB
Inactive(file):    59208 kB
Unevictable:        1940 kB
Mlocked:               0 kB
HighTotal:       1158144 kB
HighFree:           1004 kB
LowTotal:         741364 kB
LowFree:           40100 kB
SwapTotal:             0 kB
SwapFree:              0 kB
Dirty:                 0 kB
Writeback:             0 kB
AnonPages:       1468888 kB
Mapped:           100272 kB
Shmem:              5116 kB
Slab:              33852 kB
SReclaimable:      12068 kB
SUnreclaim:        21784 kB
KernelStack:        5944 kB
PageTables:        11788 kB
NFS_Unstable:          0 kB
Bounce:                0 kB
WritebackTmp:          0 kB
CommitLimit:      949752 kB
Committed_AS:   12552840 kB
VmallocTotal:     245760 kB
VmallocUsed:       51840 kB
VmallocChunk:      75648 kB
1557682863.841200
MemTotal:        1899508 kB
MemFree:           40780 kB
Buffers:             260 kB
Cached:           111536 kB
SwapCached:            0 kB
Active:          1528472 kB
Inactive:          57788 kB
Active(anon):    1478056 kB
Inactive(anon):     3420 kB
Active(file):      50416 kB
Inactive(file):    54368 kB
Unevictable:        1940 kB
Mlocked:               0 kB
HighTotal:       1158144 kB
HighFree:            636 kB
LowTotal:         741364 kB
LowFree:           40144 kB
SwapTotal:             0 kB
SwapFree:              0 kB
Dirty:                 0 kB
Writeback:             0 kB
AnonPages:       1476160 kB
Mapped:           102676 kB
Shmem:              5116 kB
Slab:              33852 kB
SReclaimable:      12068 kB
SUnreclaim:        21784 kB
KernelStack:        5944 kB
PageTables:        12084 kB
NFS_Unstable:          0 kB
Bounce:                0 kB
WritebackTmp:          0 kB
CommitLimit:      949752 kB
Committed_AS:   12554084 kB
VmallocTotal:     245760 kB
VmallocUsed:       51840 kB
VmallocChunk:      75648 kB
1557682864.417472
MemTotal:        1899508 kB
MemFree:           41384 kB
Buffers:             336 kB
Cached:           103480 kB
SwapCached:            0 kB
Active:          1531352 kB
Inactive:          51856 kB
Active(anon):    1482952 kB
Inactive(anon):     3420 kB
Active(file):      48400 kB
Inactive(file):    48436 kB
Unevictable:        1940 kB
Mlocked:               0 kB
HighTotal:       1158144 kB
HighFree:           1100 kB
LowTotal:         741364 kB
LowFree:           40284 kB
SwapTotal:             0 kB
SwapFree:              0 kB
Dirty:                 0 kB
Writeback:             0 kB
AnonPages:       1478976 kB
Mapped:           100848 kB
Shmem:              5116 kB
Slab:              34012 kB
SReclaimable:      12068 kB
SUnreclaim:        21944 kB
KernelStack:        5976 kB
PageTables:        11984 kB
NFS_Unstable:          0 kB
Bounce:                0 kB
WritebackTmp:          0 kB
CommitLimit:      949752 kB
Committed_AS:   12554428 kB
VmallocTotal:     245760 kB
VmallocUsed:       51840 kB
VmallocChunk:      75648 kB
1557682864.990961
MemTotal:        1899508 kB
MemFree:           40132 kB
Buffers:             392 kB
Cached:           107852 kB
SwapCached:            0 kB
Active:          1532488 kB
Inactive:          53372 kB
Active(anon):    1481656 kB
Inactive(anon):     3420 kB
Active(file):      50832 kB
Inactive(file):    49952 kB
Unevictable:        1940 kB
Mlocked:               0 kB
HighTotal:       1158144 kB
HighFree:            460 kB
LowTotal:         741364 kB
LowFree:           39672 kB
SwapTotal:             0 kB
SwapFree:              0 kB
Dirty:                 0 kB
Writeback:             0 kB
AnonPages:       1479936 kB
Mapped:            99924 kB
Shmem:              5116 kB
Slab:              34012 kB
SReclaimable:      12068 kB
SUnreclaim:        21944 kB
KernelStack:        5976 kB
PageTables:        11984 kB
NFS_Unstable:          0 kB
Bounce:                0 kB
WritebackTmp:          0 kB
CommitLimit:      949752 kB
Committed_AS:   12556940 kB
VmallocTotal:     245760 kB
VmallocUsed:       51840 kB
VmallocChunk:      75648 kB
1557682865.558791
MemTotal:        1899508 kB
MemFree:           41076 kB
Buffers:             320 kB
Cached:           103244 kB
SwapCached:            0 kB
Active:          1531960 kB
Inactive:          51352 kB
Active(anon):    1483500 kB
Inactive(anon):     3420 kB
Active(file):      48460 kB
Inactive(file):    47932 kB
Unevictable:        1940 kB
Mlocked:               0 kB
HighTotal:       1158144 kB
HighFree:            892 kB
LowTotal:         741364 kB
LowFree:           40184 kB
SwapTotal:             0 kB
SwapFree:              0 kB
Dirty:                 0 kB
Writeback:             0 kB
AnonPages:       1482040 kB
Mapped:           100776 kB
Shmem:              5116 kB
Slab:              33916 kB
SReclaimable:      12068 kB
SUnreclaim:        21848 kB
KernelStack:        6024 kB
PageTables:        12016 kB
NFS_Unstable:          0 kB
Bounce:                0 kB
WritebackTmp:          0 kB
CommitLimit:      949752 kB
Committed_AS:   12555888 kB
VmallocTotal:     245760 kB
VmallocUsed:       51840 kB
VmallocChunk:      75648 kB
1557682866.157149
MemTotal:        1899508 kB
MemFree:           39912 kB
Buffers:             292 kB
Cached:           103744 kB
SwapCached:            0 kB
Active:          1535148 kB
Inactive:          51036 kB
Active(anon):    1486240 kB
Inactive(anon):     3420 kB
Active(file):      48908 kB
Inactive(file):    47616 kB
Unevictable:        1940 kB
Mlocked:               0 kB
HighTotal:       1158144 kB
HighFree:            484 kB
LowTotal:         741364 kB
LowFree:           39428 kB
SwapTotal:             0 kB
SwapFree:              0 kB
Dirty:                60 kB
Writeback:             0 kB
AnonPages:       1484672 kB
Mapped:           101976 kB
Shmem:              5116 kB
Slab:              33916 kB
SReclaimable:      12068 kB
SUnreclaim:        21848 kB
KernelStack:        6040 kB
PageTables:        12060 kB
NFS_Unstable:          0 kB
Bounce:                0 kB
WritebackTmp:          0 kB
CommitLimit:      949752 kB
Committed_AS:   12558408 kB
VmallocTotal:     245760 kB
VmallocUsed:       51840 kB
VmallocChunk:      75648 kB
1557682866.758502
MemTotal:        1899508 kB
MemFree:           40308 kB
Buffers:             300 kB
Cached:           100304 kB
SwapCached:            0 kB
Active:          1536116 kB
Inactive:          49904 kB
Active(anon):    1489180 kB
Inactive(anon):     3420 kB
Active(file):      46936 kB
Inactive(file):    46484 kB
Unevictable:        1940 kB
Mlocked:               0 kB
HighTotal:       1158144 kB
HighFree:            512 kB
LowTotal:         741364 kB
LowFree:           39796 kB
SwapTotal:             0 kB
SwapFree:              0 kB
Dirty:                60 kB
Writeback:             0 kB
AnonPages:       1487920 kB
Mapped:           100348 kB
Shmem:              5116 kB
Slab:              33916 kB
SReclaimable:      12068 kB
SUnreclaim:        21848 kB
KernelStack:        6040 kB
PageTables:        12060 kB
NFS_Unstable:          0 kB
Bounce:                0 kB
WritebackTmp:          0 kB
CommitLimit:      949752 kB
Committed_AS:   12560696 kB
VmallocTotal:     245760 kB
VmallocUsed:       51840 kB
VmallocChunk:      75648 kB
1557682867.344448
MemTotal:        1899508 kB
MemFree:           40972 kB
Buffers:             336 kB
Cached:           102292 kB
SwapCached:            0 kB
Active:          1534352 kB
Inactive:          51080 kB
Active(anon):    1486964 kB
Inactive(anon):     3412 kB
Active(file):      47388 kB
Inactive(file):    47668 kB
Unevictable:        1940 kB
Mlocked:               0 kB
HighTotal:       1158144 kB
HighFree:            724 kB
LowTotal:         741364 kB
LowFree:           40248 kB
SwapTotal:             0 kB
SwapFree:              0 kB
Dirty:                 0 kB
Writeback:             0 kB
AnonPages:       1485168 kB
Mapped:            98084 kB
Shmem:              5104 kB
Slab:              33912 kB
SReclaimable:      12064 kB
SUnreclaim:        21848 kB
KernelStack:        6088 kB
PageTables:        12064 kB
NFS_Unstable:          0 kB
Bounce:                0 kB
WritebackTmp:          0 kB
CommitLimit:      949752 kB
Committed_AS:   12560244 kB
VmallocTotal:     245760 kB
VmallocUsed:       51840 kB
VmallocChunk:      75648 kB
1557682867.925220
MemTotal:        1899508 kB
MemFree:           40524 kB
Buffers:             400 kB
Cached:            98312 kB
SwapCached:            0 kB
Active:          1534968 kB
Inactive:          49056 kB
Active(anon):    1489132 kB
Inactive(anon):     3412 kB
Active(file):      45836 kB
Inactive(file):    45644 kB
Unevictable:        1940 kB
Mlocked:               0 kB
HighTotal:       1158144 kB
HighFree:            388 kB
LowTotal:         741364 kB
LowFree:           40136 kB
SwapTotal:             0 kB
SwapFree:              0 kB
Dirty:                 0 kB
Writeback:             0 kB
AnonPages:       1487456 kB
Mapped:            96236 kB
Shmem:              5104 kB
Slab:              33912 kB
SReclaimable:      12064 kB
SUnreclaim:        21848 kB
KernelStack:        6088 kB
PageTables:        12064 kB
NFS_Unstable:          0 kB
Bounce:                0 kB
WritebackTmp:          0 kB
CommitLimit:      949752 kB
Committed_AS:   12560700 kB
VmallocTotal:     245760 kB
VmallocUsed:       51840 kB
VmallocChunk:      75648 kB
1557682868.500614
MemTotal:        1899508 kB
MemFree:           55688 kB
Buffers:             568 kB
Cached:            98636 kB
SwapCached:            0 kB
Active:          1519768 kB
Inactive:          50612 kB
Active(anon):    1474768 kB
Inactive(anon):     3424 kB
Active(file):      45000 kB
Inactive(file):    47188 kB
Unevictable:        1940 kB
Mlocked:               0 kB
HighTotal:       1158144 kB
HighFree:           8896 kB
LowTotal:         741364 kB
LowFree:           46792 kB
SwapTotal:             0 kB
SwapFree:              0 kB
Dirty:                 0 kB
Writeback:             0 kB
