MemTotal:        1899508 kB
MemFree:           67092 kB
Buffers:            1368 kB
Cached:           242476 kB
SwapCached:            0 kB
Active:          1425188 kB
Inactive:         175016 kB
Active(anon):    1359664 kB
Inactive(anon):     2352 kB
Active(file):      65524 kB
Inactive(file):   172664 kB
Unevictable:        1940 kB
Mlocked:               0 kB
HighTotal:       1158144 kB
HighFree:          18788 kB
LowTotal:         741364 kB
LowFree:           48304 kB
SwapTotal:             0 kB
SwapFree:              0 kB
Dirty:                 0 kB
Writeback:             0 kB
AnonPages:       1358396 kB
Mapped:           114140 kB
Shmem:              3716 kB
Slab:              34220 kB
SReclaimable:      12068 kB
SUnreclaim:        22152 kB
KernelStack:        6592 kB
PageTables:        13940 kB
NFS_Unstable:          0 kB
Bounce:                0 kB
WritebackTmp:          0 kB
CommitLimit:      949752 kB
Committed_AS:   17020880 kB
VmallocTotal:     245760 kB
VmallocUsed:       55220 kB
VmallocChunk:      75648 kB
1557663214.016638
MemTotal:        1899508 kB
MemFree:           67012 kB
Buffers:            1368 kB
Cached:           243588 kB
SwapCached:            0 kB
Active:          1424296 kB
Inactive:         176128 kB
Active(anon):    1358772 kB
Inactive(anon):     2352 kB
Active(file):      65524 kB
Inactive(file):   173776 kB
Unevictable:        1940 kB
Mlocked:               0 kB
HighTotal:       1158144 kB
HighFree:          18204 kB
LowTotal:         741364 kB
LowFree:           48808 kB
SwapTotal:             0 kB
SwapFree:              0 kB
Dirty:                 0 kB
Writeback:             0 kB
AnonPages:       1357408 kB
Mapped:           114284 kB
Shmem:              3716 kB
Slab:              34196 kB
SReclaimable:      12068 kB
SUnreclaim:        22128 kB
KernelStack:        6608 kB
PageTables:        13940 kB
NFS_Unstable:          0 kB
Bounce:                0 kB
WritebackTmp:          0 kB
CommitLimit:      949752 kB
Committed_AS:   17021824 kB
VmallocTotal:     245760 kB
VmallocUsed:       55220 kB
VmallocChunk:      75648 kB
1557663215.014498
MemTotal:        1899508 kB
MemFree:           57964 kB
Buffers:            1152 kB
Cached:           240468 kB
SwapCached:            0 kB
Active:          1427992 kB
Inactive:         171544 kB
Active(anon):    1361284 kB
Inactive(anon):     2148 kB
Active(file):      66708 kB
Inactive(file):   169396 kB
Unevictable:        1940 kB
Mlocked:               0 kB
HighTotal:       1158144 kB
HighFree:          15572 kB
LowTotal:         741364 kB
LowFree:           42392 kB
SwapTotal:             0 kB
SwapFree:              0 kB
Dirty:                 0 kB
Writeback:             0 kB
AnonPages:       1359912 kB
Mapped:           114004 kB
Shmem:              3516 kB
Slab:              34196 kB
SReclaimable:      12068 kB
SUnreclaim:        22128 kB
KernelStack:        6608 kB
PageTables:        13948 kB
NFS_Unstable:          0 kB
Bounce:                0 kB
WritebackTmp:          0 kB
CommitLimit:      949752 kB
Committed_AS:   17021624 kB
VmallocTotal:     245760 kB
VmallocUsed:       55292 kB
VmallocChunk:      75648 kB
1557663215.805358
MemTotal:        1899508 kB
MemFree:           64228 kB
Buffers:            1104 kB
Cached:           232244 kB
SwapCached:            0 kB
Active:          1433876 kB
Inactive:         158508 kB
Active(anon):    1362468 kB
Inactive(anon):     2096 kB
Active(file):      71408 kB
Inactive(file):   156412 kB
Unevictable:        1940 kB
Mlocked:               0 kB
HighTotal:       1158144 kB
HighFree:          18272 kB
LowTotal:         741364 kB
LowFree:           45956 kB
SwapTotal:             0 kB
SwapFree:              0 kB
Dirty:                52 kB
Writeback:             0 kB
AnonPages:       1361188 kB
Mapped:           115824 kB
Shmem:              3456 kB
Slab:              34152 kB
SReclaimable:      12068 kB
SUnreclaim:        22084 kB
KernelStack:        6608 kB
PageTables:        14276 kB
NFS_Unstable:          0 kB
Bounce:                0 kB
WritebackTmp:          0 kB
CommitLimit:      949752 kB
Committed_AS:   18246248 kB
VmallocTotal:     245760 kB
VmallocUsed:       56356 kB
VmallocChunk:      75648 kB
1557663216.666273
MemTotal:        1899508 kB
MemFree:           46332 kB
Buffers:            1108 kB
Cached:           262524 kB
SwapCached:            0 kB
Active:          1442200 kB
Inactive:         187216 kB
Active(anon):    1369328 kB
Inactive(anon):     2096 kB
Active(file):      72872 kB
Inactive(file):   185120 kB
Unevictable:        1940 kB
Mlocked:               0 kB
HighTotal:       1158144 kB
HighFree:           1744 kB
LowTotal:         741364 kB
LowFree:           44588 kB
SwapTotal:             0 kB
SwapFree:              0 kB
Dirty:                52 kB
Writeback:             0 kB
AnonPages:       1368060 kB
Mapped:           126172 kB
Shmem:              3456 kB
Slab:              34152 kB
SReclaimable:      12068 kB
SUnreclaim:        22084 kB
KernelStack:        6608 kB
PageTables:        14376 kB
NFS_Unstable:          0 kB
Bounce:                0 kB
WritebackTmp:          0 kB
CommitLimit:      949752 kB
Committed_AS:   17611488 kB
VmallocTotal:     245760 kB
VmallocUsed:       56228 kB
VmallocChunk:      75648 kB
1557663217.520220
MemTotal:        1899508 kB
MemFree:           54856 kB
Buffers:             920 kB
Cached:           251124 kB
SwapCached:            0 kB
Active:          1471912 kB
Inactive:         163820 kB
Active(anon):    1387020 kB
Inactive(anon):     2100 kB
Active(file):      84892 kB
Inactive(file):   161720 kB
Unevictable:        1940 kB
Mlocked:               0 kB
HighTotal:       1158144 kB
HighFree:           9056 kB
LowTotal:         741364 kB
LowFree:           45800 kB
SwapTotal:             0 kB
SwapFree:              0 kB
Dirty:                 0 kB
Writeback:             0 kB
AnonPages:       1385752 kB
Mapped:           143644 kB
Shmem:              3460 kB
Slab:              34172 kB
SReclaimable:      12068 kB
SUnreclaim:        22104 kB
KernelStack:        6832 kB
PageTables:        14708 kB
NFS_Unstable:          0 kB
Bounce:                0 kB
WritebackTmp:          0 kB
CommitLimit:      949752 kB
Committed_AS:   17630696 kB
VmallocTotal:     245760 kB
VmallocUsed:       56432 kB
VmallocChunk:      75648 kB
1557663218.595198
MemTotal:        1899508 kB
MemFree:           42120 kB
Buffers:            1096 kB
Cached:           232736 kB
SwapCached:            0 kB
Active:          1487092 kB
Inactive:         138564 kB
Active(anon):    1395496 kB
Inactive(anon):     2100 kB
Active(file):      91596 kB
Inactive(file):   136464 kB
Unevictable:        1940 kB
Mlocked:               0 kB
HighTotal:       1158144 kB
HighFree:           1724 kB
LowTotal:         741364 kB
LowFree:           40396 kB
SwapTotal:             0 kB
SwapFree:              0 kB
Dirty:                 0 kB
Writeback:             0 kB
AnonPages:       1394204 kB
Mapped:           149468 kB
Shmem:              3460 kB
Slab:              34172 kB
SReclaimable:      12068 kB
SUnreclaim:        22104 kB
KernelStack:        6832 kB
PageTables:        14808 kB
NFS_Unstable:          0 kB
Bounce:                0 kB
WritebackTmp:          0 kB
CommitLimit:      949752 kB
Committed_AS:   17636512 kB
VmallocTotal:     245760 kB
VmallocUsed:       56468 kB
VmallocChunk:      75648 kB
1557663219.523729
MemTotal:        1899508 kB
MemFree:           43292 kB
Buffers:            1184 kB
Cached:           234068 kB
SwapCached:            0 kB
Active:          1494920 kB
Inactive:         136796 kB
Active(anon):    1400088 kB
Inactive(anon):     2100 kB
Active(file):      94832 kB
Inactive(file):   134696 kB
Unevictable:        1940 kB
Mlocked:               0 kB
HighTotal:       1158144 kB
HighFree:           1772 kB
LowTotal:         741364 kB
LowFree:           41520 kB
SwapTotal:             0 kB
SwapFree:              0 kB
Dirty:               100 kB
Writeback:             0 kB
AnonPages:       1398904 kB
Mapped:           154076 kB
Shmem:              3460 kB
Slab:              34160 kB
SReclaimable:      12068 kB
SUnreclaim:        22092 kB
KernelStack:        6944 kB
PageTables:        14800 kB
NFS_Unstable:          0 kB
Bounce:                0 kB
WritebackTmp:          0 kB
CommitLimit:      949752 kB
Committed_AS:   17642344 kB
VmallocTotal:     245760 kB
VmallocUsed:       56460 kB
VmallocChunk:      75648 kB
1557663220.394163
MemTotal:        1899508 kB
MemFree:           46396 kB
Buffers:            1028 kB
Cached:           215444 kB
SwapCached:            0 kB
Active:          1524968 kB
Inactive:         112384 kB
Active(anon):    1424332 kB
Inactive(anon):     2108 kB
Active(file):     100636 kB
Inactive(file):   110276 kB
Unevictable:        1940 kB
Mlocked:               0 kB
HighTotal:       1158144 kB
HighFree:           1744 kB
LowTotal:         741364 kB
LowFree:           44652 kB
SwapTotal:             0 kB
SwapFree:              0 kB
Dirty:               312 kB
Writeback:             0 kB
AnonPages:       1422900 kB
Mapped:           159876 kB
Shmem:              3468 kB
Slab:              34168 kB
SReclaimable:      12068 kB
SUnreclaim:        22100 kB
KernelStack:        7048 kB
PageTables:        14928 kB
NFS_Unstable:          0 kB
Bounce:                0 kB
WritebackTmp:          0 kB
CommitLimit:      949752 kB
Committed_AS:   17684448 kB
VmallocTotal:     245760 kB
VmallocUsed:       56460 kB
VmallocChunk:      75648 kB
1557663221.540713
MemTotal:        1899508 kB
MemFree:           47104 kB
Buffers:            1048 kB
Cached:           210928 kB
SwapCached:            0 kB
Active:          1529612 kB
Inactive:         108228 kB
Active(anon):    1429180 kB
Inactive(anon):     2108 kB
Active(file):     100432 kB
Inactive(file):   106120 kB
Unevictable:        1940 kB
Mlocked:               0 kB
HighTotal:       1158144 kB
HighFree:           2996 kB
LowTotal:         741364 kB
LowFree:           44108 kB
SwapTotal:             0 kB
SwapFree:              0 kB
Dirty:               436 kB
Writeback:             0 kB
AnonPages:       1427956 kB
Mapped:           160068 kB
Shmem:              3468 kB
Slab:              34168 kB
SReclaimable:      12068 kB
SUnreclaim:        22100 kB
KernelStack:        7112 kB
PageTables:        14920 kB
NFS_Unstable:          0 kB
Bounce:                0 kB
WritebackTmp:          0 kB
CommitLimit:      949752 kB
Committed_AS:   17688156 kB
VmallocTotal:     245760 kB
VmallocUsed:       56460 kB
VmallocChunk:      75648 kB
1557663222.502596
MemTotal:        1899508 kB
MemFree:           50440 kB
Buffers:            1048 kB
Cached:           207720 kB
SwapCached:            0 kB
Active:          1529884 kB
Inactive:         104800 kB
Active(anon):    1429408 kB
Inactive(anon):     2108 kB
Active(file):     100476 kB
Inactive(file):   102692 kB
Unevictable:        1940 kB
Mlocked:               0 kB
HighTotal:       1158144 kB
HighFree:           4824 kB
LowTotal:         741364 kB
LowFree:           45616 kB
SwapTotal:             0 kB
SwapFree:              0 kB
Dirty:               380 kB
Writeback:             0 kB
AnonPages:       1428236 kB
Mapped:           158392 kB
Shmem:              3468 kB
Slab:              34176 kB
SReclaimable:      12068 kB
SUnreclaim:        22108 kB
KernelStack:        7104 kB
PageTables:        14928 kB
NFS_Unstable:          0 kB
Bounce:                0 kB
WritebackTmp:          0 kB
CommitLimit:      949752 kB
Committed_AS:   17688440 kB
VmallocTotal:     245760 kB
VmallocUsed:       56460 kB
VmallocChunk:      75648 kB
1557663223.382345
MemTotal:        1899508 kB
MemFree:           55140 kB
Buffers:            1132 kB
Cached:           207672 kB
SwapCached:            0 kB
Active:          1525704 kB
Inactive:         104840 kB
Active(anon):    1425252 kB
Inactive(anon):     2108 kB
Active(file):     100452 kB
Inactive(file):   102732 kB
Unevictable:        1940 kB
Mlocked:               0 kB
HighTotal:       1158144 kB
HighFree:           2792 kB
LowTotal:         741364 kB
LowFree:           52348 kB
SwapTotal:             0 kB
SwapFree:              0 kB
Dirty:               384 kB
Writeback:             0 kB
AnonPages:       1423936 kB
Mapped:           150664 kB
Shmem:              3468 kB
Slab:              34200 kB
SReclaimable:      12068 kB
SUnreclaim:        22132 kB
KernelStack:        7104 kB
PageTables:        14928 kB
NFS_Unstable:          0 kB
Bounce:                0 kB
WritebackTmp:          0 kB
CommitLimit:      949752 kB
Committed_AS:   17687304 kB
VmallocTotal:     245760 kB
VmallocUsed:       56460 kB
VmallocChunk:      75648 kB
1557663224.182104
MemTotal:        1899508 kB
MemFree:           55512 kB
Buffers:            1132 kB
Cached:           207636 kB
SwapCached:            0 kB
Active:          1525272 kB
Inactive:         104940 kB
Active(anon):    1424744 kB
Inactive(anon):     2108 kB
Active(file):     100528 kB
Inactive(file):   102832 kB
Unevictable:        1940 kB
Mlocked:               0 kB
HighTotal:       1158144 kB
HighFree:           3264 kB
LowTotal:         741364 kB
LowFree:           52248 kB
SwapTotal:             0 kB
SwapFree:              0 kB
Dirty:               396 kB
Writeback:             0 kB
AnonPages:       1423496 kB
Mapped:           150584 kB
Shmem:              3468 kB
Slab:              34176 kB
SReclaimable:      12068 kB
SUnreclaim:        22108 kB
KernelStack:        7104 kB
PageTables:        14904 kB
NFS_Unstable:          0 kB
Bounce:                0 kB
WritebackTmp:          0 kB
CommitLimit:      949752 kB
Committed_AS:   17688528 kB
VmallocTotal:     245760 kB
VmallocUsed:       56460 kB
VmallocChunk:      75648 kB
1557663225.110655
MemTotal:        1899508 kB
MemFree:           51144 kB
Buffers:            1132 kB
Cached:           212372 kB
SwapCached:            0 kB
Active:          1526028 kB
Inactive:         109292 kB
Active(anon):    1425248 kB
Inactive(anon):     2108 kB
Active(file):     100780 kB
Inactive(file):   107184 kB
Unevictable:        1940 kB
Mlocked:               0 kB
HighTotal:       1158144 kB
HighFree:           1776 kB
LowTotal:         741364 kB
LowFree:           49368 kB
SwapTotal:             0 kB
SwapFree:              0 kB
Dirty:               396 kB
Writeback:             0 kB
AnonPages:       1423904 kB
Mapped:           151132 kB
Shmem:              3468 kB
Slab:              34176 kB
SReclaimable:      12068 kB
SUnreclaim:        22108 kB
KernelStack:        7088 kB
PageTables:        14904 kB
NFS_Unstable:          0 kB
Bounce:                0 kB
WritebackTmp:          0 kB
CommitLimit:      949752 kB
Committed_AS:   17689216 kB
VmallocTotal:     245760 kB
VmallocUsed:       56460 kB
VmallocChunk:      75648 kB
1557663225.865848
MemTotal:        1899508 kB
MemFree:           42872 kB
Buffers:            1164 kB
Cached:           204764 kB
SwapCached:            0 kB
Active:          1531612 kB
Inactive:         101976 kB
Active(anon):    1431068 kB
Inactive(anon):     2116 kB
Active(file):     100544 kB
Inactive(file):    99860 kB
Unevictable:        1940 kB
Mlocked:               0 kB
HighTotal:       1158144 kB
HighFree:           1916 kB
LowTotal:         741364 kB
LowFree:           40956 kB
SwapTotal:             0 kB
SwapFree:              0 kB
Dirty:               100 kB
Writeback:             0 kB
AnonPages:       1429900 kB
Mapped:           158924 kB
Shmem:              3476 kB
Slab:              34192 kB
SReclaimable:      12068 kB
SUnreclaim:        22124 kB
KernelStack:        7216 kB
PageTables:        14968 kB
NFS_Unstable:          0 kB
Bounce:                0 kB
WritebackTmp:          0 kB
CommitLimit:      949752 kB
Committed_AS:   17693548 kB
VmallocTotal:     245760 kB
VmallocUsed:       56556 kB
VmallocChunk:      75648 kB
1557663226.892933
MemTotal:        1899508 kB
MemFree:           42956 kB
Buffers:            1068 kB
Cached:           200860 kB
SwapCached:            0 kB
Active:          1539864 kB
Inactive:          95980 kB
Active(anon):    1437300 kB
Inactive(anon):     2116 kB
Active(file):     102564 kB
Inactive(file):    93864 kB
Unevictable:        1940 kB
Mlocked:               0 kB
HighTotal:       1158144 kB
HighFree:           1172 kB
LowTotal:         741364 kB
LowFree:           41784 kB
SwapTotal:             0 kB
SwapFree:              0 kB
Dirty:               300 kB
Writeback:           544 kB
AnonPages:       1435964 kB
Mapped:           158592 kB
Shmem:              3476 kB
Slab:              34268 kB
SReclaimable:      12096 kB
SUnreclaim:        22172 kB
KernelStack:        7264 kB
PageTables:        14996 kB
NFS_Unstable:          0 kB
Bounce:                0 kB
WritebackTmp:          0 kB
CommitLimit:      949752 kB
Committed_AS:   17697108 kB
VmallocTotal:     245760 kB
VmallocUsed:       56556 kB
VmallocChunk:      75648 kB
1557663227.843647
MemTotal:        1899508 kB
MemFree:           51364 kB
Buffers:             936 kB
Cached:           176976 kB
SwapCached:            0 kB
Active:          1521040 kB
Inactive:          88528 kB
Active(anon):    1435004 kB
Inactive(anon):     2116 kB
Active(file):      86036 kB
Inactive(file):    86412 kB
Unevictable:        1940 kB
Mlocked:               0 kB
HighTotal:       1158144 kB
HighFree:           9804 kB
LowTotal:         741364 kB
LowFree:           41560 kB
SwapTotal:             0 kB
SwapFree:              0 kB
Dirty:                40 kB
Writeback:             0 kB
AnonPages:       1433760 kB
Mapped:           160168 kB
Shmem:              3476 kB
Slab:              34264 kB
SReclaimable:      12120 kB
SUnreclaim:        22144 kB
KernelStack:        7008 kB
PageTables:        13340 kB
NFS_Unstable:          0 kB
Bounce:                0 kB
WritebackTmp:          0 kB
CommitLimit:      949752 kB
Committed_AS:   15435388 kB
VmallocTotal:     245760 kB
VmallocUsed:       52656 kB
VmallocChunk:      75648 kB
1557663228.676201
MemTotal:        1899508 kB
MemFree:           56444 kB
Buffers:             792 kB
Cached:           149864 kB
SwapCached:            0 kB
Active:          1514688 kB
Inactive:          72732 kB
Active(anon):    1440116 kB
Inactive(anon):     2116 kB
Active(file):      74572 kB
Inactive(file):    70616 kB
Unevictable:        1940 kB
Mlocked:               0 kB
HighTotal:       1158144 kB
HighFree:          10760 kB
LowTotal:         741364 kB
LowFree:           45684 kB
SwapTotal:             0 kB
SwapFree:              0 kB
Dirty:                 0 kB
Writeback:             0 kB
AnonPages:       1438896 kB
Mapped:           168332 kB
Shmem:              3476 kB
Slab:              34204 kB
SReclaimable:      12120 kB
SUnreclaim:        22084 kB
KernelStack:        6384 kB
PageTables:        12844 kB
NFS_Unstable:          0 kB
Bounce:                0 kB
WritebackTmp:          0 kB
CommitLimit:      949752 kB
Committed_AS:   14220388 kB
VmallocTotal:     245760 kB
VmallocUsed:       51852 kB
VmallocChunk:      75648 kB
1557663229.578352
MemTotal:        1899508 kB
MemFree:           55692 kB
Buffers:             792 kB
Cached:           150608 kB
SwapCached:            0 kB
Active:          1515444 kB
Inactive:          73404 kB
Active(anon):    1440872 kB
Inactive(anon):     2116 kB
Active(file):      74572 kB
Inactive(file):    71288 kB
Unevictable:        1940 kB
Mlocked:               0 kB
HighTotal:       1158144 kB
HighFree:           9816 kB
LowTotal:         741364 kB
LowFree:           45876 kB
SwapTotal:             0 kB
SwapFree:              0 kB
Dirty:                 0 kB
Writeback:             0 kB
AnonPages:       1439640 kB
Mapped:           168456 kB
Shmem:              3476 kB
Slab:              34036 kB
SReclaimable:      12120 kB
SUnreclaim:        21916 kB
KernelStack:        6384 kB
PageTables:        12844 kB
NFS_Unstable:          0 kB
Bounce:                0 kB
WritebackTmp:          0 kB
CommitLimit:      949752 kB
Committed_AS:   14220580 kB
VmallocTotal:     245760 kB
VmallocUsed:       51852 kB
VmallocChunk:      75648 kB
1557663230.384604
MemTotal:        1899508 kB
MemFree:           45024 kB
Buffers:             468 kB
Cached:           134840 kB
SwapCached:            0 kB
Active:          1513064 kB
Inactive:          63572 kB
Active(anon):    1444696 kB
Inactive(anon):     2116 kB
Active(file):      68368 kB
Inactive(file):    61456 kB
Unevictable:        1940 kB
Mlocked:               0 kB
HighTotal:       1158144 kB
HighFree:           4876 kB
LowTotal:         741364 kB
LowFree:           40148 kB
SwapTotal:             0 kB
SwapFree:              0 kB
Dirty:                 0 kB
Writeback:             0 kB
AnonPages:       1443360 kB
Mapped:           163540 kB
Shmem:              3476 kB
Slab:              33920 kB
SReclaimable:      12072 kB
SUnreclaim:        21848 kB
KernelStack:        6408 kB
PageTables:        12896 kB
NFS_Unstable:          0 kB
Bounce:                0 kB
WritebackTmp:          0 kB
CommitLimit:      949752 kB
Committed_AS:   14258620 kB
VmallocTotal:     245760 kB
VmallocUsed:       54276 kB
VmallocChunk:      75648 kB
1557663231.589322
MemTotal:        1899508 kB
MemFree:           56740 kB
Buffers:             408 kB
Cached:           130940 kB
SwapCached:            0 kB
Active:          1485220 kB
Inactive:          62556 kB
Active(anon):    1419720 kB
Inactive(anon):     2116 kB
Active(file):      65500 kB
Inactive(file):    60440 kB
Unevictable:        1940 kB
Mlocked:               0 kB
HighTotal:       1158144 kB
HighFree:          13020 kB
LowTotal:         741364 kB
LowFree:           43720 kB
SwapTotal:             0 kB
SwapFree:              0 kB
Dirty:                 0 kB
Writeback:             0 kB
AnonPages:       1418476 kB
Mapped:           144440 kB
Shmem:              3476 kB
Slab:              33920 kB
SReclaimable:      12072 kB
SUnreclaim:        21848 kB
KernelStack:        6136 kB
PageTables:        11396 kB
NFS_Unstable:          0 kB
Bounce:                0 kB
WritebackTmp:          0 kB
CommitLimit:      949752 kB
Committed_AS:   11840284 kB
VmallocTotal:     245760 kB
VmallocUsed:       48604 kB
VmallocChunk:      75648 kB
1557663232.330933
MemTotal:        1899508 kB
MemFree:           52372 kB
Buffers:             520 kB
Cached:           131468 kB
SwapCached:            0 kB
Active:          1489244 kB
Inactive:          63216 kB
Active(anon):    1423876 kB
Inactive(anon):     2112 kB
Active(file):      65368 kB
Inactive(file):    61104 kB
Unevictable:        1940 kB
Mlocked:               0 kB
HighTotal:       1158144 kB
HighFree:           8880 kB
LowTotal:         741364 kB
LowFree:           43492 kB
SwapTotal:             0 kB
SwapFree:              0 kB
Dirty:                 0 kB
Writeback:             0 kB
AnonPages:       1422660 kB
Mapped:           144492 kB
Shmem:              3472 kB
Slab:              33856 kB
SReclaimable:      12072 kB
SUnreclaim:        21784 kB
KernelStack:        5984 kB
PageTables:        11776 kB
NFS_Unstable:          0 kB
Bounce:                0 kB
WritebackTmp:          0 kB
CommitLimit:      949752 kB
Committed_AS:   12408156 kB
VmallocTotal:     245760 kB
VmallocUsed:       49624 kB
VmallocChunk:      75648 kB
1557663233.302512
MemTotal:        1899508 kB
MemFree:           53204 kB
Buffers:             520 kB
Cached:           131636 kB
SwapCached:            0 kB
Active:          1488212 kB
Inactive:          63412 kB
Active(anon):    1422808 kB
Inactive(anon):     2112 kB
Active(file):      65404 kB
Inactive(file):    61300 kB
Unevictable:        1940 kB
Mlocked:               0 kB
HighTotal:       1158144 kB
HighFree:           9548 kB
LowTotal:         741364 kB
LowFree:           43656 kB
SwapTotal:             0 kB
SwapFree:              0 kB
Dirty:                52 kB
Writeback:             0 kB
AnonPages:       1421536 kB
Mapped:           144576 kB
Shmem:              3472 kB
Slab:              33856 kB
SReclaimable:      12072 kB
SUnreclaim:        21784 kB
KernelStack:        6064 kB
PageTables:        11732 kB
NFS_Unstable:          0 kB
Bounce:                0 kB
WritebackTmp:          0 kB
CommitLimit:      949752 kB
Committed_AS:   12408108 kB
VmallocTotal:     245760 kB
VmallocUsed:       49624 kB
VmallocChunk:      75648 kB
1557663234.086973
MemTotal:        1899508 kB
MemFree:           43408 kB
Buffers:             528 kB
Cached:           127844 kB
SwapCached:            0 kB
Active:          1495176 kB
Inactive:          60576 kB
Active(anon):    1430912 kB
Inactive(anon):     2112 kB
Active(file):      64264 kB
Inactive(file):    58464 kB
Unevictable:        1940 kB
Mlocked:               0 kB
HighTotal:       1158144 kB
HighFree:           2944 kB
LowTotal:         741364 kB
LowFree:           40464 kB
SwapTotal:             0 kB
SwapFree:              0 kB
Dirty:                72 kB
Writeback:             0 kB
AnonPages:       1429608 kB
Mapped:           144652 kB
Shmem:              3472 kB
Slab:              33856 kB
SReclaimable:      12072 kB
SUnreclaim:        21784 kB
KernelStack:        6064 kB
PageTables:        11940 kB
NFS_Unstable:          0 kB
Bounce:                0 kB
WritebackTmp:          0 kB
CommitLimit:      949752 kB
Committed_AS:   12452036 kB
VmallocTotal:     245760 kB
VmallocUsed:       52048 kB
VmallocChunk:      75648 kB
1557663235.254226
MemTotal:        1899508 kB
MemFree:           44476 kB
Buffers:             508 kB
Cached:           126916 kB
SwapCached:            0 kB
Active:          1494784 kB
Inactive:          60520 kB
Active(anon):    1431196 kB
Inactive(anon):     2148 kB
Active(file):      63588 kB
Inactive(file):    58372 kB
Unevictable:        1940 kB
Mlocked:               0 kB
HighTotal:       1158144 kB
HighFree:           3532 kB
LowTotal:         741364 kB
LowFree:           40944 kB
SwapTotal:             0 kB
SwapFree:              0 kB
Dirty:                72 kB
Writeback:             0 kB
AnonPages:       1429956 kB
Mapped:           144580 kB
Shmem:              3520 kB
Slab:              33912 kB
SReclaimable:      12072 kB
SUnreclaim:        21840 kB
KernelStack:        6096 kB
PageTables:        12024 kB
NFS_Unstable:          0 kB
Bounce:                0 kB
WritebackTmp:          0 kB
CommitLimit:      949752 kB
Committed_AS:   12464488 kB
VmallocTotal:     245760 kB
VmallocUsed:       52048 kB
VmallocChunk:      75648 kB
1557663235.906988
MemTotal:        1899508 kB
MemFree:           46112 kB
Buffers:             524 kB
Cached:           124860 kB
SwapCached:            0 kB
Active:          1494948 kB
Inactive:          58868 kB
Active(anon):    1431784 kB
Inactive(anon):     2148 kB
Active(file):      63164 kB
Inactive(file):    56720 kB
Unevictable:        1940 kB
Mlocked:               0 kB
HighTotal:       1158144 kB
HighFree:           4392 kB
LowTotal:         741364 kB
LowFree:           41720 kB
SwapTotal:             0 kB
SwapFree:              0 kB
Dirty:                72 kB
Writeback:             0 kB
AnonPages:       1430576 kB
Mapped:           143732 kB
Shmem:              3520 kB
Slab:              33912 kB
SReclaimable:      12072 kB
SUnreclaim:        21840 kB
KernelStack:        6096 kB
PageTables:        12024 kB
NFS_Unstable:          0 kB
Bounce:                0 kB
WritebackTmp:          0 kB
CommitLimit:      949752 kB
Committed_AS:   12464572 kB
VmallocTotal:     245760 kB
VmallocUsed:       52048 kB
VmallocChunk:      75648 kB
1557663236.527859
MemTotal:        1899508 kB
MemFree:           44112 kB
Buffers:             516 kB
Cached:           123636 kB
SwapCached:            0 kB
Active:          1497320 kB
Inactive:          58456 kB
Active(anon):    1435172 kB
Inactive(anon):     2316 kB
Active(file):      62148 kB
Inactive(file):    56140 kB
Unevictable:        1940 kB
Mlocked:               0 kB
HighTotal:       1158144 kB
HighFree:           1796 kB
LowTotal:         741364 kB
LowFree:           42316 kB
SwapTotal:             0 kB
SwapFree:              0 kB
Dirty:                72 kB
Writeback:             0 kB
AnonPages:       1433800 kB
Mapped:           143744 kB
Shmem:              3768 kB
Slab:              33912 kB
SReclaimable:      12072 kB
SUnreclaim:        21840 kB
KernelStack:        6096 kB
PageTables:        12324 kB
NFS_Unstable:          0 kB
Bounce:                0 kB
WritebackTmp:          0 kB
CommitLimit:      949752 kB
Committed_AS:   13700000 kB
VmallocTotal:     245760 kB
VmallocUsed:       53068 kB
VmallocChunk:      75648 kB
1557663237.362415
MemTotal:        1899508 kB
MemFree:           46872 kB
Buffers:             524 kB
Cached:           121992 kB
SwapCached:            0 kB
Active:          1495732 kB
Inactive:          57532 kB
Active(anon):    1434244 kB
Inactive(anon):     2372 kB
Active(file):      61488 kB
Inactive(file):    55160 kB
Unevictable:        1940 kB
Mlocked:               0 kB
HighTotal:       1158144 kB
HighFree:           3328 kB
LowTotal:         741364 kB
LowFree:           43544 kB
SwapTotal:             0 kB
SwapFree:              0 kB
Dirty:                 0 kB
Writeback:             0 kB
AnonPages:       1432864 kB
Mapped:           142688 kB
Shmem:              3832 kB
Slab:              33912 kB
SReclaimable:      12072 kB
SUnreclaim:        21840 kB
KernelStack:        6168 kB
PageTables:        11992 kB
NFS_Unstable:          0 kB
Bounce:                0 kB
WritebackTmp:          0 kB
CommitLimit:      949752 kB
Committed_AS:   12477624 kB
VmallocTotal:     245760 kB
VmallocUsed:       52048 kB
VmallocChunk:      75648 kB
1557663238.062554
MemTotal:        1899508 kB
MemFree:           43768 kB
Buffers:             516 kB
Cached:           121032 kB
SwapCached:            0 kB
Active:          1499564 kB
Inactive:          57180 kB
Active(anon):    1438772 kB
Inactive(anon):     2456 kB
Active(file):      60792 kB
Inactive(file):    54724 kB
Unevictable:        1940 kB
Mlocked:               0 kB
HighTotal:       1158144 kB
HighFree:           1728 kB
LowTotal:         741364 kB
LowFree:           42040 kB
SwapTotal:             0 kB
SwapFree:              0 kB
Dirty:                40 kB
Writeback:             0 kB
AnonPages:       1437244 kB
Mapped:           142188 kB
Shmem:              3960 kB
Slab:              33880 kB
SReclaimable:      12072 kB
SUnreclaim:        21808 kB
KernelStack:        6088 kB
PageTables:        12336 kB
NFS_Unstable:          0 kB
Bounce:                0 kB
WritebackTmp:          0 kB
CommitLimit:      949752 kB
Committed_AS:   13699984 kB
VmallocTotal:     245760 kB
VmallocUsed:       53068 kB
VmallocChunk:      75648 kB
1557663238.663962
MemTotal:        1899508 kB
MemFree:           45024 kB
Buffers:             516 kB
Cached:           120012 kB
SwapCached:            0 kB
Active:          1498428 kB
Inactive:          56888 kB
Active(anon):    1438360 kB
Inactive(anon):     2456 kB
Active(file):      60068 kB
Inactive(file):    54432 kB
Unevictable:        1940 kB
Mlocked:               0 kB
HighTotal:       1158144 kB
HighFree:           2052 kB
LowTotal:         741364 kB
LowFree:           42972 kB
SwapTotal:             0 kB
SwapFree:              0 kB
Dirty:                40 kB
Writeback:             0 kB
AnonPages:       1436940 kB
Mapped:           141568 kB
Shmem:              3960 kB
Slab:              33880 kB
SReclaimable:      12072 kB
SUnreclaim:        21808 kB
KernelStack:        6088 kB
PageTables:        12036 kB
NFS_Unstable:          0 kB
Bounce:                0 kB
WritebackTmp:          0 kB
CommitLimit:      949752 kB
Committed_AS:   12478316 kB
VmallocTotal:     245760 kB
VmallocUsed:       52048 kB
VmallocChunk:      75648 kB
1557663239.272878
MemTotal:        1899508 kB
MemFree:           82084 kB
Buffers:             532 kB
Cached:           119288 kB
SwapCached:            0 kB
Active:          1483280 kB
Inactive:          56768 kB
Active(anon):    1423840 kB
Inactive(anon):     2476 kB
Active(file):      59440 kB
Inactive(file):    54292 kB
Unevictable:        1940 kB
Mlocked:               0 kB
HighTotal:       1158144 kB
HighFree:          21756 kB
LowTotal:         741364 kB
LowFree:           60328 kB
SwapTotal:             0 kB
SwapFree:              0 kB
Dirty:                52 kB
Writeback:             0 kB
AnonPages:       1422444 kB
Mapped:           119332 kB
Shmem:              4020 kB
Slab:              33880 kB
SReclaimable:      12072 kB
SUnreclaim:        21808 kB
KernelStack:        6104 kB
PageTables:        12360 kB
NFS_Unstable:          0 kB
Bounce:                0 kB
WritebackTmp:          0 kB
CommitLimit:      949752 kB
Committed_AS:   13703044 kB
VmallocTotal:     245760 kB
VmallocUsed:       52828 kB
VmallocChunk:      75648 kB
1557663239.901288
MemTotal:        1899508 kB
MemFree:           79832 kB
Buffers:             540 kB
Cached:           120728 kB
SwapCached:            0 kB
Active:          1483856 kB
Inactive:          58328 kB
Active(anon):    1424372 kB
Inactive(anon):     2452 kB
Active(file):      59484 kB
Inactive(file):    55876 kB
Unevictable:        1940 kB
Mlocked:               0 kB
HighTotal:       1158144 kB
HighFree:          19496 kB
LowTotal:         741364 kB
LowFree:           60336 kB
SwapTotal:             0 kB
SwapFree:              0 kB
Dirty:                52 kB
Writeback:             0 kB
AnonPages:       1422932 kB
Mapped:           120116 kB
Shmem:              4024 kB
Slab:              33848 kB
SReclaimable:      12072 kB
SUnreclaim:        21776 kB
KernelStack:        6096 kB
PageTables:        12324 kB
NFS_Unstable:          0 kB
Bounce:                0 kB
WritebackTmp:          0 kB
CommitLimit:      949752 kB
Committed_AS:   13048016 kB
VmallocTotal:     245760 kB
VmallocUsed:       52828 kB
VmallocChunk:      75648 kB
1557663240.548393
MemTotal:        1899508 kB
MemFree:           76036 kB
Buffers:             548 kB
Cached:           120808 kB
SwapCached:            0 kB
Active:          1487684 kB
Inactive:          58360 kB
Active(anon):    1428200 kB
Inactive(anon):     2464 kB
Active(file):      59484 kB
Inactive(file):    55896 kB
Unevictable:        1940 kB
Mlocked:               0 kB
HighTotal:       1158144 kB
HighFree:          15816 kB
LowTotal:         741364 kB
LowFree:           60220 kB
SwapTotal:             0 kB
SwapFree:              0 kB
Dirty:                52 kB
Writeback:             0 kB
AnonPages:       1426788 kB
Mapped:           120060 kB
Shmem:              4036 kB
Slab:              33848 kB
SReclaimable:      12072 kB
SUnreclaim:        21776 kB
KernelStack:        6184 kB
PageTables:        12372 kB
NFS_Unstable:          0 kB
Bounce:                0 kB
WritebackTmp:          0 kB
CommitLimit:      949752 kB
Committed_AS:   13048032 kB
VmallocTotal:     245760 kB
VmallocUsed:       52828 kB
VmallocChunk:      75648 kB
1557663241.318014
MemTotal:        1899508 kB
MemFree:           69764 kB
Buffers:             564 kB
Cached:           122544 kB
SwapCached:            0 kB
Active:          1492000 kB
Inactive:          60056 kB
Active(anon):    1432516 kB
Inactive(anon):     2464 kB
Active(file):      59484 kB
Inactive(file):    57592 kB
Unevictable:        1940 kB
Mlocked:               0 kB
HighTotal:       1158144 kB
HighFree:           9584 kB
LowTotal:         741364 kB
LowFree:           60180 kB
SwapTotal:             0 kB
SwapFree:              0 kB
Dirty:                52 kB
Writeback:             0 kB
AnonPages:       1431036 kB
Mapped:           120172 kB
Shmem:              4036 kB
Slab:              33812 kB
SReclaimable:      12072 kB
SUnreclaim:        21740 kB
KernelStack:        6184 kB
PageTables:        12356 kB
NFS_Unstable:          0 kB
Bounce:                0 kB
WritebackTmp:          0 kB
CommitLimit:      949752 kB
Committed_AS:   13043928 kB
VmallocTotal:     245760 kB
VmallocUsed:       52828 kB
VmallocChunk:      75648 kB
1557663241.928702
MemTotal:        1899508 kB
MemFree:           67040 kB
Buffers:             580 kB
Cached:           122520 kB
SwapCached:            0 kB
Active:          1494756 kB
Inactive:          60120 kB
Active(anon):    1435268 kB
Inactive(anon):     2464 kB
Active(file):      59488 kB
Inactive(file):    57656 kB
Unevictable:        1940 kB
Mlocked:               0 kB
HighTotal:       1158144 kB
HighFree:           6736 kB
LowTotal:         741364 kB
LowFree:           60304 kB
SwapTotal:             0 kB
SwapFree:              0 kB
Dirty:                52 kB
Writeback:             8 kB
AnonPages:       1433804 kB
Mapped:           120204 kB
Shmem:              4036 kB
Slab:              33844 kB
SReclaimable:      12072 kB
SUnreclaim:        21772 kB
KernelStack:        6168 kB
PageTables:        12404 kB
NFS_Unstable:          0 kB
Bounce:                0 kB
WritebackTmp:          0 kB
CommitLimit:      949752 kB
Committed_AS:   13043920 kB
VmallocTotal:     245760 kB
VmallocUsed:       52828 kB
VmallocChunk:      75648 kB
1557663242.545593
MemTotal:        1899508 kB
MemFree:           64620 kB
Buffers:             600 kB
Cached:           122532 kB
SwapCached:            0 kB
Active:          1497064 kB
Inactive:          60136 kB
Active(anon):    1437580 kB
Inactive(anon):     2464 kB
Active(file):      59484 kB
Inactive(file):    57672 kB
Unevictable:        1940 kB
Mlocked:               0 kB
HighTotal:       1158144 kB
HighFree:           4376 kB
LowTotal:         741364 kB
LowFree:           60244 kB
SwapTotal:             0 kB
SwapFree:              0 kB
Dirty:                52 kB
Writeback:             0 kB
AnonPages:       1436052 kB
Mapped:           120184 kB
Shmem:              4036 kB
Slab:              33844 kB
SReclaimable:      12072 kB
SUnreclaim:        21772 kB
KernelStack:        6176 kB
PageTables:        12464 kB
NFS_Unstable:          0 kB
Bounce:                0 kB
WritebackTmp:          0 kB
CommitLimit:      949752 kB
Committed_AS:   13043940 kB
VmallocTotal:     245760 kB
VmallocUsed:       52828 kB
VmallocChunk:      75648 kB
1557663243.155103
MemTotal:        1899508 kB
MemFree:           59824 kB
Buffers:             616 kB
Cached:           122536 kB
SwapCached:            0 kB
Active:          1502232 kB
Inactive:          60156 kB
Active(anon):    1442748 kB
Inactive(anon):     2464 kB
Active(file):      59484 kB
Inactive(file):    57692 kB
Unevictable:        1940 kB
Mlocked:               0 kB
HighTotal:       1158144 kB
HighFree:           1700 kB
LowTotal:         741364 kB
LowFree:           58124 kB
SwapTotal:             0 kB
SwapFree:              0 kB
Dirty:                44 kB
Writeback:             0 kB
AnonPages:       1441136 kB
Mapped:           120184 kB
Shmem:              4036 kB
Slab:              33812 kB
SReclaimable:      12072 kB
SUnreclaim:        21740 kB
KernelStack:        6176 kB
PageTables:        12364 kB
NFS_Unstable:          0 kB
Bounce:                0 kB
WritebackTmp:          0 kB
CommitLimit:      949752 kB
Committed_AS:   13047824 kB
VmallocTotal:     245760 kB
VmallocUsed:       52828 kB
VmallocChunk:      75648 kB
1557663243.815296
MemTotal:        1899508 kB
MemFree:           54332 kB
Buffers:             616 kB
Cached:           122536 kB
SwapCached:            0 kB
Active:          1507536 kB
Inactive:          60156 kB
Active(anon):    1448052 kB
Inactive(anon):     2464 kB
Active(file):      59484 kB
Inactive(file):    57692 kB
Unevictable:        1940 kB
Mlocked:               0 kB
HighTotal:       1158144 kB
HighFree:           1700 kB
LowTotal:         741364 kB
LowFree:           52632 kB
SwapTotal:             0 kB
SwapFree:              0 kB
Dirty:                44 kB
Writeback:             0 kB
AnonPages:       1446436 kB
Mapped:           120184 kB
Shmem:              4036 kB
Slab:              33908 kB
SReclaimable:      12072 kB
SUnreclaim:        21836 kB
KernelStack:        6176 kB
PageTables:        12464 kB
NFS_Unstable:          0 kB
Bounce:                0 kB
WritebackTmp:          0 kB
CommitLimit:      949752 kB
Committed_AS:   13054112 kB
VmallocTotal:     245760 kB
VmallocUsed:       52828 kB
VmallocChunk:      75648 kB
1557663244.455308
MemTotal:        1899508 kB
MemFree:           49020 kB
Buffers:             632 kB
Cached:           123252 kB
SwapCached:            0 kB
Active:          1512252 kB
Inactive:          60868 kB
Active(anon):    1452768 kB
Inactive(anon):     2464 kB
Active(file):      59484 kB
Inactive(file):    58404 kB
Unevictable:        1940 kB
Mlocked:               0 kB
HighTotal:       1158144 kB
HighFree:           1832 kB
LowTotal:         741364 kB
LowFree:           47188 kB
SwapTotal:             0 kB
SwapFree:              0 kB
Dirty:                44 kB
Writeback:             0 kB
AnonPages:       1451208 kB
Mapped:           120856 kB
Shmem:              4036 kB
Slab:              34060 kB
SReclaimable:      12072 kB
SUnreclaim:        21988 kB
KernelStack:        6176 kB
PageTables:        12380 kB
NFS_Unstable:          0 kB
Bounce:                0 kB
WritebackTmp:          0 kB
CommitLimit:      949752 kB
Committed_AS:   13057164 kB
VmallocTotal:     245760 kB
VmallocUsed:       52828 kB
VmallocChunk:      75648 kB
1557663245.125093
MemTotal:        1899508 kB
MemFree:           44252 kB
Buffers:             664 kB
Cached:           123268 kB
SwapCached:            0 kB
Active:          1516416 kB
Inactive:          60936 kB
Active(anon):    1456932 kB
Inactive(anon):     2464 kB
Active(file):      59484 kB
Inactive(file):    58472 kB
Unevictable:        1940 kB
Mlocked:               0 kB
HighTotal:       1158144 kB
HighFree:           1780 kB
LowTotal:         741364 kB
LowFree:           42472 kB
SwapTotal:             0 kB
SwapFree:              0 kB
Dirty:                44 kB
Writeback:             0 kB
AnonPages:       1455444 kB
Mapped:           120856 kB
Shmem:              4036 kB
Slab:              34228 kB
SReclaimable:      12072 kB
SUnreclaim:        22156 kB
KernelStack:        6176 kB
PageTables:        12408 kB
NFS_Unstable:          0 kB
Bounce:                0 kB
WritebackTmp:          0 kB
CommitLimit:      949752 kB
Committed_AS:   13062288 kB
VmallocTotal:     245760 kB
VmallocUsed:       52828 kB
VmallocChunk:      75648 kB
1557663245.852338
MemTotal:        1899508 kB
MemFree:           42940 kB
Buffers:             672 kB
Cached:           122652 kB
SwapCached:            0 kB
Active:          1519068 kB
Inactive:          59956 kB
Active(anon):    1459268 kB
Inactive(anon):     2464 kB
Active(file):      59800 kB
Inactive(file):    57492 kB
Unevictable:        1940 kB
Mlocked:               0 kB
HighTotal:       1158144 kB
HighFree:           2440 kB
LowTotal:         741364 kB
LowFree:           40500 kB
SwapTotal:             0 kB
SwapFree:              0 kB
Dirty:                44 kB
Writeback:             0 kB
AnonPages:       1457764 kB
Mapped:           119480 kB
Shmem:              4036 kB
Slab:              33908 kB
SReclaimable:      12072 kB
SUnreclaim:        21836 kB
KernelStack:        6112 kB
PageTables:        12004 kB
NFS_Unstable:          0 kB
Bounce:                0 kB
WritebackTmp:          0 kB
CommitLimit:      949752 kB
Committed_AS:   12504904 kB
VmallocTotal:     245760 kB
VmallocUsed:       51808 kB
VmallocChunk:      75648 kB
1557663246.546503
MemTotal:        1899508 kB
MemFree:           41072 kB
Buffers:             688 kB
Cached:           119388 kB
SwapCached:            0 kB
Active:          1523648 kB
Inactive:          57748 kB
Active(anon):    1464988 kB
Inactive(anon):     2464 kB
Active(file):      58660 kB
Inactive(file):    55284 kB
Unevictable:        1940 kB
Mlocked:               0 kB
HighTotal:       1158144 kB
HighFree:           1296 kB
LowTotal:         741364 kB
LowFree:           39776 kB
SwapTotal:             0 kB
SwapFree:              0 kB
Dirty:                44 kB
Writeback:             0 kB
AnonPages:       1463504 kB
Mapped:           118936 kB
Shmem:              4036 kB
Slab:              34612 kB
SReclaimable:      12072 kB
SUnreclaim:        22540 kB
KernelStack:        6112 kB
PageTables:        12468 kB
NFS_Unstable:          0 kB
Bounce:                0 kB
WritebackTmp:          0 kB
CommitLimit:      949752 kB
Committed_AS:   13075108 kB
VmallocTotal:     245760 kB
VmallocUsed:       52828 kB
VmallocChunk:      75648 kB
1557663247.294163
MemTotal:        1899508 kB
MemFree:           42080 kB
Buffers:             700 kB
Cached:           115460 kB
SwapCached:            0 kB
Active:          1526360 kB
Inactive:          54652 kB
Active(anon):    1468384 kB
Inactive(anon):     2464 kB
Active(file):      57976 kB
Inactive(file):    52188 kB
Unevictable:        1940 kB
Mlocked:               0 kB
HighTotal:       1158144 kB
HighFree:           1816 kB
LowTotal:         741364 kB
LowFree:           40264 kB
SwapTotal:             0 kB
SwapFree:              0 kB
Dirty:                44 kB
Writeback:             0 kB
AnonPages:       1466860 kB
Mapped:           118720 kB
Shmem:              4036 kB
Slab:              33876 kB
SReclaimable:      12072 kB
SUnreclaim:        21804 kB
KernelStack:        6096 kB
PageTables:        12060 kB
NFS_Unstable:          0 kB
Bounce:                0 kB
WritebackTmp:          0 kB
CommitLimit:      949752 kB
Committed_AS:   12511048 kB
VmallocTotal:     245760 kB
VmallocUsed:       51808 kB
VmallocChunk:      75648 kB
1557663247.996263
MemTotal:        1899508 kB
MemFree:           40316 kB
Buffers:             668 kB
Cached:           116520 kB
SwapCached:            0 kB
Active:          1526668 kB
Inactive:          56264 kB
Active(anon):    1469300 kB
Inactive(anon):     2464 kB
Active(file):      57368 kB
Inactive(file):    53800 kB
Unevictable:        1940 kB
Mlocked:               0 kB
HighTotal:       1158144 kB
HighFree:            840 kB
LowTotal:         741364 kB
LowFree:           39476 kB
SwapTotal:             0 kB
SwapFree:              0 kB
Dirty:                32 kB
Writeback:             0 kB
AnonPages:       1467768 kB
Mapped:           118640 kB
Shmem:              4036 kB
Slab:              34372 kB
SReclaimable:      12072 kB
SUnreclaim:        22300 kB
KernelStack:        6064 kB
PageTables:        11980 kB
NFS_Unstable:          0 kB
Bounce:                0 kB
WritebackTmp:          0 kB
CommitLimit:      949752 kB
Committed_AS:   12513292 kB
VmallocTotal:     245760 kB
VmallocUsed:       51808 kB
VmallocChunk:      75648 kB
1557663248.642206
MemTotal:        1899508 kB
MemFree:           41092 kB
Buffers:             684 kB
Cached:           112896 kB
SwapCached:            0 kB
Active:          1527560 kB
Inactive:          54720 kB
Active(anon):    1472408 kB
Inactive(anon):     2464 kB
Active(file):      55152 kB
Inactive(file):    52256 kB
Unevictable:        1940 kB
Mlocked:               0 kB
HighTotal:       1158144 kB
HighFree:            852 kB
LowTotal:         741364 kB
LowFree:           40240 kB
SwapTotal:             0 kB
SwapFree:              0 kB
Dirty:                32 kB
Writeback:             0 kB
AnonPages:       1470880 kB
Mapped:           118516 kB
Shmem:              4036 kB
Slab:              33892 kB
SReclaimable:      12072 kB
SUnreclaim:        21820 kB
KernelStack:        6064 kB
PageTables:        11680 kB
NFS_Unstable:          0 kB
Bounce:                0 kB
WritebackTmp:          0 kB
CommitLimit:      949752 kB
Committed_AS:   11948228 kB
VmallocTotal:     245760 kB
VmallocUsed:       50788 kB
VmallocChunk:      75648 kB
1557663249.289407
MemTotal:        1899508 kB
MemFree:           43108 kB
Buffers:             692 kB
Cached:           108404 kB
SwapCached:            0 kB
Active:          1527384 kB
Inactive:          53396 kB
Active(anon):    1475156 kB
Inactive(anon):     2464 kB
Active(file):      52228 kB
Inactive(file):    50932 kB
Unevictable:        1940 kB
Mlocked:               0 kB
HighTotal:       1158144 kB
HighFree:           1892 kB
LowTotal:         741364 kB
LowFree:           41216 kB
SwapTotal:             0 kB
SwapFree:              0 kB
Dirty:                32 kB
Writeback:             0 kB
AnonPages:       1473680 kB
Mapped:           116216 kB
Shmem:              4036 kB
Slab:              34052 kB
SReclaimable:      12072 kB
SUnreclaim:        21980 kB
KernelStack:        6000 kB
PageTables:        11628 kB
NFS_Unstable:          0 kB
Bounce:                0 kB
WritebackTmp:          0 kB
CommitLimit:      949752 kB
Committed_AS:   11957368 kB
VmallocTotal:     245760 kB
VmallocUsed:       50788 kB
VmallocChunk:      75648 kB
1557663249.954773
MemTotal:        1899508 kB
MemFree:           42976 kB
Buffers:             692 kB
Cached:           107820 kB
SwapCached:            0 kB
Active:          1527516 kB
Inactive:          53524 kB
Active(anon):    1476084 kB
Inactive(anon):     2944 kB
Active(file):      51432 kB
Inactive(file):    50580 kB
Unevictable:        1940 kB
Mlocked:               0 kB
HighTotal:       1158144 kB
HighFree:           1844 kB
LowTotal:         741364 kB
LowFree:           41132 kB
SwapTotal:             0 kB
SwapFree:              0 kB
Dirty:                32 kB
Writeback:             0 kB
AnonPages:       1474340 kB
Mapped:           116120 kB
Shmem:              4612 kB
Slab:              33972 kB
SReclaimable:      12064 kB
SUnreclaim:        21908 kB
KernelStack:        5984 kB
PageTables:        11652 kB
NFS_Unstable:          0 kB
Bounce:                0 kB
WritebackTmp:          0 kB
CommitLimit:      949752 kB
Committed_AS:   11958036 kB
VmallocTotal:     245760 kB
VmallocUsed:       50788 kB
VmallocChunk:      75648 kB
1557663250.627517
MemTotal:        1899508 kB
MemFree:           43636 kB
Buffers:             684 kB
Cached:           107056 kB
SwapCached:            0 kB
Active:          1526892 kB
Inactive:          53228 kB
Active(anon):    1476028 kB
Inactive(anon):     2944 kB
Active(file):      50864 kB
Inactive(file):    50284 kB
Unevictable:        1940 kB
Mlocked:               0 kB
HighTotal:       1158144 kB
HighFree:           2072 kB
LowTotal:         741364 kB
LowFree:           41564 kB
SwapTotal:             0 kB
SwapFree:              0 kB
Dirty:                32 kB
Writeback:             0 kB
AnonPages:       1474336 kB
Mapped:           115624 kB
Shmem:              4612 kB
Slab:              33972 kB
SReclaimable:      12064 kB
SUnreclaim:        21908 kB
KernelStack:        5984 kB
PageTables:        11652 kB
NFS_Unstable:          0 kB
Bounce:                0 kB
WritebackTmp:          0 kB
CommitLimit:      949752 kB
Committed_AS:   11958092 kB
VmallocTotal:     245760 kB
VmallocUsed:       50788 kB
VmallocChunk:      75648 kB
1557663251.233421
MemTotal:        1899508 kB
MemFree:           63708 kB
Buffers:             684 kB
Cached:           107764 kB
SwapCached:            0 kB
Active:          1506036 kB
Inactive:          54024 kB
Active(anon):    1455248 kB
Inactive(anon):     2944 kB
Active(file):      50788 kB
Inactive(file):    51080 kB
Unevictable:        1940 kB
Mlocked:               0 kB
HighTotal:       1158144 kB
HighFree:          17144 kB
LowTotal:         741364 kB
LowFree:           46564 kB
SwapTotal:             0 kB
SwapFree:              0 kB
Dirty:                32 kB
Writeback:             0 kB
AnonPages:       1453744 kB
Mapped:           115568 kB
Shmem:              4612 kB
Slab:              33972 kB
SReclaimable:      12064 kB
SUnreclaim:        21908 kB
KernelStack:        5984 kB
PageTables:        11656 kB
NFS_Unstable:          0 kB
Bounce:                0 kB
WritebackTmp:          0 kB
CommitLimit:      949752 kB
Committed_AS:   11958124 kB
VmallocTotal:     245760 kB
VmallocUsed:       50788 kB
VmallocChunk:      75648 kB
1557663251.888603
MemTotal:        1899508 kB
MemFree:           60840 kB
Buffers:             700 kB
Cached:           107832 kB
SwapCached:            0 kB
Active:          1509084 kB
Inactive:          54136 kB
Active(anon):    1458296 kB
Inactive(anon):     2944 kB
Active(file):      50788 kB
Inactive(file):    51192 kB
Unevictable:        1940 kB
Mlocked:               0 kB
HighTotal:       1158144 kB
HighFree:          14212 kB
LowTotal:         741364 kB
LowFree:           46628 kB
SwapTotal:             0 kB
SwapFree:              0 kB
Dirty:                32 kB
Writeback:             0 kB
AnonPages:       1456724 kB
Mapped:           115644 kB
Shmem:              4612 kB
Slab:              33940 kB
SReclaimable:      12064 kB
SUnreclaim:        21876 kB
KernelStack:        5984 kB
PageTables:        11652 kB
NFS_Unstable:          0 kB
Bounce:                0 kB
WritebackTmp:          0 kB
CommitLimit:      949752 kB
Committed_AS:   11958880 kB
VmallocTotal:     245760 kB
VmallocUsed:       50788 kB
VmallocChunk:      75648 kB
1557663252.614330
MemTotal:        1899508 kB
MemFree:           58632 kB
Buffers:             700 kB
Cached:           107832 kB
SwapCached:            0 kB
Active:          1511268 kB
Inactive:          54136 kB
Active(anon):    1460480 kB
Inactive(anon):     2944 kB
Active(file):      50788 kB
Inactive(file):    51192 kB
Unevictable:        1940 kB
Mlocked:               0 kB
HighTotal:       1158144 kB
HighFree:          12048 kB
LowTotal:         741364 kB
LowFree:           46584 kB
SwapTotal:             0 kB
SwapFree:              0 kB
Dirty:                32 kB
Writeback:             0 kB
AnonPages:       1458832 kB
Mapped:           115644 kB
Shmem:              4612 kB
Slab:              33844 kB
SReclaimable:      12064 kB
SUnreclaim:        21780 kB
KernelStack:        5984 kB
PageTables:        11652 kB
NFS_Unstable:          0 kB
Bounce:                0 kB
WritebackTmp:          0 kB
CommitLimit:      949752 kB
Committed_AS:   11958940 kB
VmallocTotal:     245760 kB
VmallocUsed:       50788 kB
VmallocChunk:      75648 kB
1557663253.299001
MemTotal:        1899508 kB
MemFree:           58732 kB
Buffers:             700 kB
Cached:           107832 kB
SwapCached:            0 kB
Active:          1511448 kB
Inactive:          54136 kB
Active(anon):    1460660 kB
Inactive(anon):     2944 kB
Active(file):      50788 kB
Inactive(file):    51192 kB
Unevictable:        1940 kB
Mlocked:               0 kB
HighTotal:       1158144 kB
HighFree:          11820 kB
LowTotal:         741364 kB
LowFree:           46912 kB
SwapTotal:             0 kB
SwapFree:              0 kB
Dirty:                32 kB
Writeback:             0 kB
AnonPages:       1459108 kB
Mapped:           115644 kB
Shmem:              4612 kB
Slab:              33812 kB
SReclaimable:      12064 kB
SUnreclaim:        21748 kB
KernelStack:        5984 kB
PageTables:        11652 kB
NFS_Unstable:          0 kB
Bounce:                0 kB
WritebackTmp:          0 kB
CommitLimit:      949752 kB
Committed_AS:   11958960 kB
VmallocTotal:     245760 kB
VmallocUsed:       50788 kB
VmallocChunk:      75648 kB
1557663254.001330
MemTotal:        1899508 kB
MemFree:           58248 kB
Buffers:             700 kB
Cached:           108180 kB
SwapCached:            0 kB
Active:          1511520 kB
Inactive:          54484 kB
Active(anon):    1460732 kB
Inactive(anon):     2944 kB
Active(file):      50788 kB
Inactive(file):    51540 kB
Unevictable:        1940 kB
Mlocked:               0 kB
HighTotal:       1158144 kB
HighFree:          11244 kB
LowTotal:         741364 kB
LowFree:           47004 kB
SwapTotal:             0 kB
SwapFree:              0 kB
Dirty:                 0 kB
Writeback:             0 kB
AnonPages:       1458928 kB
Mapped:           115720 kB
Shmem:              4612 kB
Slab:              33812 kB
SReclaimable:      12064 kB
SUnreclaim:        21748 kB
KernelStack:        5984 kB
PageTables:        11652 kB
NFS_Unstable:          0 kB
Bounce:                0 kB
WritebackTmp:          0 kB
CommitLimit:      949752 kB
Committed_AS:   11954788 kB
VmallocTotal:     245760 kB
VmallocUsed:       50788 kB
VmallocChunk:      75648 kB
1557663254.626926
MemTotal:        1899508 kB
MemFree:           58304 kB
Buffers:             700 kB
Cached:           108304 kB
SwapCached:            0 kB
Active:          1511284 kB
Inactive:          54568 kB
Active(anon):    1460496 kB
Inactive(anon):     2944 kB
Active(file):      50788 kB
Inactive(file):    51624 kB
Unevictable:        1940 kB
Mlocked:               0 kB
HighTotal:       1158144 kB
HighFree:          11208 kB
LowTotal:         741364 kB
LowFree:           47096 kB
SwapTotal:             0 kB
SwapFree:              0 kB
Dirty:                 0 kB
Writeback:             0 kB
AnonPages:       1458804 kB
Mapped:           115720 kB
Shmem:              4612 kB
Slab:              33812 kB
SReclaimable:      12064 kB
SUnreclaim:        21748 kB
KernelStack:        5984 kB
PageTables:        11652 kB
NFS_Unstable:          0 kB
Bounce:                0 kB
WritebackTmp:          0 kB
CommitLimit:      949752 kB
Committed_AS:   11954776 kB
VmallocTotal:     245760 kB
VmallocUsed:       50788 kB
VmallocChunk:      75648 kB
1557663255.274591
MemTotal:        1899508 kB
MemFree:           57976 kB
Buffers:             700 kB
Cached:           108420 kB
SwapCached:            0 kB
Active:          1511496 kB
Inactive:          54684 kB
Active(anon):    1460708 kB
Inactive(anon):     2944 kB
Active(file):      50788 kB
Inactive(file):    51740 kB
Unevictable:        1940 kB
Mlocked:               0 kB
HighTotal:       1158144 kB
HighFree:          10848 kB
LowTotal:         741364 kB
LowFree:           47128 kB
SwapTotal:             0 kB
SwapFree:              0 kB
Dirty:                 0 kB
Writeback:             0 kB
AnonPages:       1459124 kB
Mapped:           115724 kB
Shmem:              4612 kB
Slab:              33812 kB
SReclaimable:      12064 kB
SUnreclaim:        21748 kB
KernelStack:        5984 kB
PageTables:        11656 kB
NFS_Unstable:          0 kB
Bounce:                0 kB
WritebackTmp:          0 kB
CommitLimit:      949752 kB
Committed_AS:   11954776 kB
VmallocTotal:     245760 kB
VmallocUsed:       50788 kB
VmallocChunk:      75648 kB
1557663255.888184
MemTotal:        1899508 kB
MemFree:           55172 kB
Buffers:             716 kB
Cached:           108416 kB
SwapCached:            0 kB
Active:          1513900 kB
Inactive:          54700 kB
Active(anon):    1463116 kB
Inactive(anon):     2944 kB
Active(file):      50784 kB
Inactive(file):    51756 kB
Unevictable:        1940 kB
Mlocked:               0 kB
HighTotal:       1158144 kB
HighFree:           8360 kB
LowTotal:         741364 kB
LowFree:           46812 kB
SwapTotal:             0 kB
SwapFree:              0 kB
Dirty:                36 kB
Writeback:             4 kB
AnonPages:       1461604 kB
Mapped:           115820 kB
Shmem:              4612 kB
Slab:              34004 kB
SReclaimable:      12064 kB
SUnreclaim:        21940 kB
KernelStack:        5984 kB
PageTables:        11640 kB
NFS_Unstable:          0 kB
Bounce:                0 kB
WritebackTmp:          0 kB
CommitLimit:      949752 kB
Committed_AS:   11954824 kB
VmallocTotal:     245760 kB
VmallocUsed:       50788 kB
VmallocChunk:      75648 kB
1557663256.552947
MemTotal:        1899508 kB
MemFree:           54340 kB
Buffers:             716 kB
Cached:           108416 kB
SwapCached:            0 kB
Active:          1514404 kB
Inactive:          54732 kB
Active(anon):    1463616 kB
Inactive(anon):     2940 kB
Active(file):      50788 kB
Inactive(file):    51792 kB
Unevictable:        1940 kB
Mlocked:               0 kB
HighTotal:       1158144 kB
HighFree:           7820 kB
LowTotal:         741364 kB
LowFree:           46520 kB
SwapTotal:             0 kB
SwapFree:              0 kB
Dirty:                36 kB
Writeback:             0 kB
AnonPages:       1462012 kB
Mapped:           115740 kB
Shmem:              4612 kB
Slab:              34324 kB
SReclaimable:      12064 kB
SUnreclaim:        22260 kB
KernelStack:        6000 kB
PageTables:        11676 kB
NFS_Unstable:          0 kB
Bounce:                0 kB
WritebackTmp:          0 kB
CommitLimit:      949752 kB
Committed_AS:   11955416 kB
VmallocTotal:     245760 kB
VmallocUsed:       50788 kB
VmallocChunk:      75648 kB
1557663257.205727
MemTotal:        1899508 kB
MemFree:           72516 kB
Buffers:             716 kB
Cached:           108416 kB
SwapCached:            0 kB
Active:          1496532 kB
Inactive:          54728 kB
Active(anon):    1445744 kB
Inactive(anon):     2936 kB
Active(file):      50788 kB
Inactive(file):    51792 kB
Unevictable:        1940 kB
Mlocked:               0 kB
HighTotal:       1158144 kB
HighFree:          14356 kB
LowTotal:         741364 kB
LowFree:           58160 kB
SwapTotal:             0 kB
SwapFree:              0 kB
Dirty:                36 kB
Writeback:             0 kB
AnonPages:       1444080 kB
Mapped:           115732 kB
Shmem:              4612 kB
Slab:              34196 kB
SReclaimable:      12064 kB
SUnreclaim:        22132 kB
KernelStack:        6000 kB
PageTables:        11664 kB
NFS_Unstable:          0 kB
Bounce:                0 kB
WritebackTmp:          0 kB
CommitLimit:      949752 kB
Committed_AS:   11955360 kB
VmallocTotal:     245760 kB
VmallocUsed:       50788 kB
VmallocChunk:      75648 kB
1557663257.899051
MemTotal:        1899508 kB
MemFree:           70628 kB
Buffers:             716 kB
Cached:           108416 kB
SwapCached:            0 kB
Active:          1497932 kB
Inactive:          54728 kB
Active(anon):    1447144 kB
Inactive(anon):     2936 kB
Active(file):      50788 kB
Inactive(file):    51792 kB
Unevictable:        1940 kB
Mlocked:               0 kB
HighTotal:       1158144 kB
HighFree:          13044 kB
LowTotal:         741364 kB
LowFree:           57584 kB
SwapTotal:             0 kB
SwapFree:              0 kB
Dirty:                36 kB
Writeback:             0 kB
AnonPages:       1445544 kB
Mapped:           115776 kB
Shmem:              4612 kB
Slab:              34196 kB
SReclaimable:      12064 kB
SUnreclaim:        22132 kB
KernelStack:        6064 kB
PageTables:        11996 kB
NFS_Unstable:          0 kB
Bounce:                0 kB
WritebackTmp:          0 kB
CommitLimit:      949752 kB
Committed_AS:   13177820 kB
VmallocTotal:     245760 kB
VmallocUsed:       51808 kB
VmallocChunk:      75648 kB
1557663258.589817
MemTotal:        1899508 kB
MemFree:           47164 kB
Buffers:             856 kB
Cached:           131060 kB
SwapCached:            0 kB
Active:          1499120 kB
Inactive:          77224 kB
Active(anon):    1448248 kB
Inactive(anon):     2936 kB
Active(file):      50872 kB
Inactive(file):    74288 kB
Unevictable:        1940 kB
Mlocked:               0 kB
HighTotal:       1158144 kB
HighFree:           1764 kB
LowTotal:         741364 kB
LowFree:           45400 kB
SwapTotal:             0 kB
SwapFree:              0 kB
Dirty:                36 kB
Writeback:             0 kB
AnonPages:       1446744 kB
Mapped:           123000 kB
Shmem:              4612 kB
Slab:              34196 kB
SReclaimable:      12064 kB
SUnreclaim:        22132 kB
KernelStack:        6064 kB
PageTables:        11996 kB
NFS_Unstable:          0 kB
Bounce:                0 kB
WritebackTmp:          0 kB
CommitLimit:      949752 kB
Committed_AS:   12523600 kB
VmallocTotal:     245760 kB
VmallocUsed:       51808 kB
VmallocChunk:      75648 kB
1557663259.308751
MemTotal:        1899508 kB
MemFree:           47200 kB
Buffers:             960 kB
Cached:           130552 kB
SwapCached:            0 kB
Active:          1501840 kB
Inactive:          74584 kB
Active(anon):    1448684 kB
Inactive(anon):     2936 kB
Active(file):      53156 kB
Inactive(file):    71648 kB
Unevictable:        1940 kB
Mlocked:               0 kB
HighTotal:       1158144 kB
HighFree:           1812 kB
LowTotal:         741364 kB
LowFree:           45388 kB
SwapTotal:             0 kB
SwapFree:              0 kB
Dirty:                36 kB
Writeback:             0 kB
AnonPages:       1447124 kB
Mapped:           120100 kB
Shmem:              4612 kB
Slab:              34196 kB
SReclaimable:      12064 kB
SUnreclaim:        22132 kB
KernelStack:        6056 kB
PageTables:        12076 kB
NFS_Unstable:          0 kB
Bounce:                0 kB
WritebackTmp:          0 kB
CommitLimit:      949752 kB
Committed_AS:   12524660 kB
VmallocTotal:     245760 kB
VmallocUsed:       51808 kB
VmallocChunk:      75648 kB
1557663259.964501
MemTotal:        1899508 kB
MemFree:           42332 kB
Buffers:             992 kB
Cached:           130076 kB
SwapCached:            0 kB
Active:          1507320 kB
Inactive:          73796 kB
Active(anon):    1453824 kB
Inactive(anon):     2912 kB
Active(file):      53496 kB
Inactive(file):    70884 kB
Unevictable:        1940 kB
Mlocked:               0 kB
HighTotal:       1158144 kB
HighFree:           1704 kB
LowTotal:         741364 kB
LowFree:           40628 kB
SwapTotal:             0 kB
SwapFree:              0 kB
Dirty:               100 kB
Writeback:             0 kB
AnonPages:       1452232 kB
Mapped:           118744 kB
Shmem:              4612 kB
Slab:              34420 kB
SReclaimable:      12064 kB
SUnreclaim:        22356 kB
KernelStack:        6160 kB
PageTables:        12452 kB
NFS_Unstable:          0 kB
Bounce:                0 kB
WritebackTmp:          0 kB
CommitLimit:      949752 kB
Committed_AS:   13093244 kB
VmallocTotal:     245760 kB
VmallocUsed:       52828 kB
VmallocChunk:      75648 kB
1557663260.674161
MemTotal:        1899508 kB
MemFree:           40640 kB
Buffers:             772 kB
Cached:           126388 kB
SwapCached:            0 kB
Active:          1515820 kB
Inactive:          68408 kB
Active(anon):    1460788 kB
Inactive(anon):     2912 kB
Active(file):      55032 kB
Inactive(file):    65496 kB
Unevictable:        1940 kB
Mlocked:               0 kB
HighTotal:       1158144 kB
HighFree:            408 kB
LowTotal:         741364 kB
LowFree:           40232 kB
SwapTotal:             0 kB
SwapFree:              0 kB
Dirty:                 0 kB
Writeback:             0 kB
AnonPages:       1459156 kB
Mapped:           116428 kB
Shmem:              4612 kB
Slab:              34036 kB
SReclaimable:      12064 kB
SUnreclaim:        21972 kB
KernelStack:        6160 kB
PageTables:        12452 kB
NFS_Unstable:          0 kB
Bounce:                0 kB
WritebackTmp:          0 kB
CommitLimit:      949752 kB
Committed_AS:   13096348 kB
VmallocTotal:     245760 kB
VmallocUsed:       52828 kB
VmallocChunk:      75648 kB
1557663261.299481
MemTotal:        1899508 kB
MemFree:           40104 kB
Buffers:             824 kB
Cached:           125112 kB
SwapCached:            0 kB
Active:          1517604 kB
Inactive:          66764 kB
Active(anon):    1462176 kB
Inactive(anon):     2916 kB
Active(file):      55428 kB
Inactive(file):    63848 kB
Unevictable:        1940 kB
Mlocked:               0 kB
HighTotal:       1158144 kB
HighFree:            524 kB
LowTotal:         741364 kB
LowFree:           39580 kB
SwapTotal:             0 kB
SwapFree:              0 kB
Dirty:               104 kB
Writeback:             0 kB
AnonPages:       1460716 kB
Mapped:           115452 kB
Shmem:              4616 kB
Slab:              33976 kB
SReclaimable:      12036 kB
SUnreclaim:        21940 kB
KernelStack:        6192 kB
PageTables:        12940 kB
NFS_Unstable:          0 kB
Bounce:                0 kB
WritebackTmp:          0 kB
CommitLimit:      949752 kB
Committed_AS:   14320936 kB
VmallocTotal:     245760 kB
VmallocUsed:       53848 kB
VmallocChunk:      75648 kB
1557663262.020297
MemTotal:        1899508 kB
MemFree:           40812 kB
Buffers:             736 kB
Cached:           123416 kB
SwapCached:            0 kB
Active:          1521732 kB
Inactive:          62316 kB
Active(anon):    1463616 kB
Inactive(anon):     2916 kB
Active(file):      58116 kB
Inactive(file):    59400 kB
Unevictable:        1940 kB
Mlocked:               0 kB
HighTotal:       1158144 kB
HighFree:            572 kB
LowTotal:         741364 kB
LowFree:           40240 kB
SwapTotal:             0 kB
SwapFree:              0 kB
Dirty:                 0 kB
Writeback:             0 kB
AnonPages:       1461928 kB
Mapped:           113332 kB
Shmem:              4616 kB
Slab:              33964 kB
SReclaimable:      12024 kB
SUnreclaim:        21940 kB
KernelStack:        6240 kB
PageTables:        12940 kB
NFS_Unstable:          0 kB
Bounce:                0 kB
WritebackTmp:          0 kB
CommitLimit:      949752 kB
Committed_AS:   13666916 kB
VmallocTotal:     245760 kB
VmallocUsed:       53848 kB
VmallocChunk:      75648 kB
1557663262.658284
MemTotal:        1899508 kB
MemFree:           47072 kB
Buffers:             604 kB
Cached:           114940 kB
SwapCached:            0 kB
Active:          1519340 kB
Inactive:          57392 kB
Active(anon):    1464948 kB
Inactive(anon):     2916 kB
Active(file):      54392 kB
Inactive(file):    54476 kB
Unevictable:        1940 kB
Mlocked:               0 kB
HighTotal:       1158144 kB
HighFree:           4344 kB
LowTotal:         741364 kB
LowFree:           42728 kB
SwapTotal:             0 kB
SwapFree:              0 kB
Dirty:                 0 kB
Writeback:             0 kB
AnonPages:       1463420 kB
Mapped:           115376 kB
Shmem:              4616 kB
Slab:              33964 kB
SReclaimable:      12024 kB
SUnreclaim:        21940 kB
KernelStack:        6240 kB
PageTables:        12940 kB
NFS_Unstable:          0 kB
Bounce:                0 kB
WritebackTmp:          0 kB
CommitLimit:      949752 kB
Committed_AS:   13668636 kB
VmallocTotal:     245760 kB
VmallocUsed:       53848 kB
VmallocChunk:      75648 kB
1557663263.325445
MemTotal:        1899508 kB
MemFree:           52324 kB
Buffers:             628 kB
Cached:           115588 kB
SwapCached:            0 kB
Active:          1515512 kB
Inactive:          57084 kB
Active(anon):    1460096 kB
Inactive(anon):     2916 kB
Active(file):      55416 kB
Inactive(file):    54168 kB
Unevictable:        1940 kB
Mlocked:               0 kB
HighTotal:       1158144 kB
HighFree:           3828 kB
LowTotal:         741364 kB
LowFree:           48496 kB
SwapTotal:             0 kB
SwapFree:              0 kB
Dirty:                32 kB
Writeback:             0 kB
AnonPages:       1458412 kB
Mapped:           109344 kB
Shmem:              4616 kB
Slab:              33964 kB
SReclaimable:      12024 kB
SUnreclaim:        21940 kB
KernelStack:        6208 kB
PageTables:        12460 kB
NFS_Unstable:          0 kB
Bounce:                0 kB
WritebackTmp:          0 kB
CommitLimit:      949752 kB
Committed_AS:   13096064 kB
VmallocTotal:     245760 kB
VmallocUsed:       52828 kB
VmallocChunk:      75648 kB
1557663264.001489
MemTotal:        1899508 kB
MemFree:           49648 kB
Buffers:             644 kB
Cached:           119052 kB
SwapCached:            0 kB
Active:          1514608 kB
Inactive:          60520 kB
Active(anon):    1459160 kB
Inactive(anon):     2912 kB
Active(file):      55448 kB
Inactive(file):    57608 kB
Unevictable:        1940 kB
Mlocked:               0 kB
HighTotal:       1158144 kB
HighFree:           1816 kB
LowTotal:         741364 kB
LowFree:           47832 kB
SwapTotal:             0 kB
SwapFree:              0 kB
Dirty:                88 kB
Writeback:             0 kB
AnonPages:       1457508 kB
Mapped:           111080 kB
Shmem:              4612 kB
Slab:              34664 kB
SReclaimable:      12024 kB
SUnreclaim:        22640 kB
KernelStack:        6088 kB
PageTables:        12196 kB
NFS_Unstable:          0 kB
Bounce:                0 kB
WritebackTmp:          0 kB
CommitLimit:      949752 kB
Committed_AS:   12529028 kB
VmallocTotal:     245760 kB
VmallocUsed:       51808 kB
VmallocChunk:      75648 kB
1557663264.820281
MemTotal:        1899508 kB
MemFree:           39920 kB
Buffers:             388 kB
Cached:           124856 kB
SwapCached:            0 kB
Active:          1520952 kB
Inactive:          64360 kB
Active(anon):    1463784 kB
Inactive(anon):     2912 kB
Active(file):      57168 kB
Inactive(file):    61448 kB
Unevictable:        1940 kB
Mlocked:               0 kB
HighTotal:       1158144 kB
HighFree:            416 kB
LowTotal:         741364 kB
LowFree:           39504 kB
SwapTotal:             0 kB
SwapFree:              0 kB
Dirty:                 0 kB
Writeback:             0 kB
AnonPages:       1462296 kB
Mapped:           112428 kB
Shmem:              4612 kB
Slab:              34184 kB
SReclaimable:      12024 kB
SUnreclaim:        22160 kB
KernelStack:        6224 kB
PageTables:        12596 kB
NFS_Unstable:          0 kB
Bounce:                0 kB
WritebackTmp:          0 kB
CommitLimit:      949752 kB
Committed_AS:   13096624 kB
VmallocTotal:     245760 kB
VmallocUsed:       52828 kB
VmallocChunk:      75648 kB
1557663265.483421
MemTotal:        1899508 kB
MemFree:           40204 kB
Buffers:             496 kB
Cached:           122404 kB
SwapCached:            0 kB
Active:          1523820 kB
Inactive:          61368 kB
Active(anon):    1465904 kB
Inactive(anon):     2980 kB
Active(file):      57916 kB
Inactive(file):    58388 kB
Unevictable:        1940 kB
Mlocked:               0 kB
HighTotal:       1158144 kB
HighFree:            492 kB
LowTotal:         741364 kB
LowFree:           39712 kB
SwapTotal:             0 kB
SwapFree:              0 kB
Dirty:                 0 kB
Writeback:             0 kB
AnonPages:       1464360 kB
Mapped:           108104 kB
Shmem:              4612 kB
Slab:              34084 kB
SReclaimable:      12024 kB
SUnreclaim:        22060 kB
KernelStack:        6184 kB
PageTables:        12524 kB
NFS_Unstable:          0 kB
Bounce:                0 kB
WritebackTmp:          0 kB
CommitLimit:      949752 kB
Committed_AS:   13097968 kB
VmallocTotal:     245760 kB
VmallocUsed:       52828 kB
VmallocChunk:      75648 kB
1557663266.110376
MemTotal:        1899508 kB
MemFree:           42088 kB
Buffers:             496 kB
Cached:           118240 kB
SwapCached:            0 kB
Active:          1523060 kB
Inactive:          59364 kB
Active(anon):    1467520 kB
Inactive(anon):     2912 kB
Active(file):      55540 kB
Inactive(file):    56452 kB
Unevictable:        1940 kB
Mlocked:               0 kB
HighTotal:       1158144 kB
HighFree:           1900 kB
LowTotal:         741364 kB
LowFree:           40188 kB
SwapTotal:             0 kB
SwapFree:              0 kB
Dirty:                 0 kB
Writeback:             0 kB
AnonPages:       1465920 kB
Mapped:           108512 kB
Shmem:              4612 kB
Slab:              34084 kB
SReclaimable:      12024 kB
SUnreclaim:        22060 kB
KernelStack:        6232 kB
PageTables:        12568 kB
NFS_Unstable:          0 kB
Bounce:                0 kB
WritebackTmp:          0 kB
CommitLimit:      949752 kB
Committed_AS:   13099000 kB
VmallocTotal:     245760 kB
VmallocUsed:       52828 kB
VmallocChunk:      75648 kB
1557663266.769531
MemTotal:        1899508 kB
MemFree:           45752 kB
Buffers:             504 kB
Cached:           125916 kB
SwapCached:            0 kB
Active:          1515436 kB
Inactive:          64944 kB
Active(anon):    1457588 kB
Inactive(anon):     2912 kB
Active(file):      57848 kB
Inactive(file):    62032 kB
Unevictable:        1940 kB
Mlocked:               0 kB
HighTotal:       1158144 kB
HighFree:           4236 kB
LowTotal:         741364 kB
LowFree:           41516 kB
SwapTotal:             0 kB
SwapFree:              0 kB
Dirty:                 0 kB
Writeback:             0 kB
AnonPages:       1456024 kB
Mapped:            94900 kB
Shmem:              4612 kB
Slab:              34084 kB
SReclaimable:      12024 kB
SUnreclaim:        22060 kB
KernelStack:        6232 kB
PageTables:        11668 kB
NFS_Unstable:          0 kB
Bounce:                0 kB
WritebackTmp:          0 kB
CommitLimit:      949752 kB
Committed_AS:   11958904 kB
VmallocTotal:     245760 kB
VmallocUsed:       50788 kB
VmallocChunk:      75648 kB
1557663267.402796
MemTotal:        1899508 kB
MemFree:           45156 kB
Buffers:             516 kB
Cached:           124340 kB
SwapCached:            0 kB
Active:          1517908 kB
Inactive:          63188 kB
Active(anon):    1459996 kB
Inactive(anon):     2912 kB
Active(file):      57912 kB
Inactive(file):    60276 kB
Unevictable:        1940 kB
Mlocked:               0 kB
HighTotal:       1158144 kB
HighFree:           2672 kB
LowTotal:         741364 kB
LowFree:           42484 kB
SwapTotal:             0 kB
SwapFree:              0 kB
Dirty:                60 kB
Writeback:             0 kB
AnonPages:       1458468 kB
Mapped:            94468 kB
Shmem:              4612 kB
Slab:              33796 kB
SReclaimable:      12024 kB
SUnreclaim:        21772 kB
KernelStack:        6000 kB
PageTables:        11656 kB
NFS_Unstable:          0 kB
Bounce:                0 kB
WritebackTmp:          0 kB
CommitLimit:      949752 kB
Committed_AS:   11958928 kB
VmallocTotal:     245760 kB
VmallocUsed:       50788 kB
VmallocChunk:      75648 kB
1557663268.180437
MemTotal:        1899508 kB
MemFree:           39848 kB
Buffers:             428 kB
Cached:           121720 kB
SwapCached:            0 kB
Active:          1525544 kB
Inactive:          60884 kB
Active(anon):    1467984 kB
Inactive(anon):     2912 kB
Active(file):      57560 kB
Inactive(file):    57972 kB
Unevictable:        1940 kB
Mlocked:               0 kB
HighTotal:       1158144 kB
HighFree:            760 kB
LowTotal:         741364 kB
LowFree:           39088 kB
SwapTotal:             0 kB
SwapFree:              0 kB
Dirty:                68 kB
Writeback:             0 kB
AnonPages:       1466324 kB
Mapped:            94188 kB
Shmem:              4612 kB
Slab:              33892 kB
SReclaimable:      12024 kB
SUnreclaim:        21868 kB
KernelStack:        6056 kB
PageTables:        12068 kB
NFS_Unstable:          0 kB
Bounce:                0 kB
WritebackTmp:          0 kB
CommitLimit:      949752 kB
Committed_AS:   12522028 kB
VmallocTotal:     245760 kB
VmallocUsed:       51808 kB
VmallocChunk:      75648 kB
1557663268.868878
MemTotal:        1899508 kB
MemFree:           46804 kB
Buffers:             412 kB
Cached:           119592 kB
SwapCached:            0 kB
Active:          1519568 kB
Inactive:          59588 kB
Active(anon):    1462760 kB
Inactive(anon):     2912 kB
Active(file):      56808 kB
Inactive(file):    56676 kB
Unevictable:        1940 kB
Mlocked:               0 kB
HighTotal:       1158144 kB
HighFree:           3084 kB
LowTotal:         741364 kB
LowFree:           43720 kB
SwapTotal:             0 kB
SwapFree:              0 kB
Dirty:                68 kB
Writeback:             0 kB
AnonPages:       1461096 kB
Mapped:            93440 kB
Shmem:              4612 kB
Slab:              33888 kB
SReclaimable:      12024 kB
SUnreclaim:        21864 kB
KernelStack:        6016 kB
PageTables:        11668 kB
NFS_Unstable:          0 kB
Bounce:                0 kB
WritebackTmp:          0 kB
CommitLimit:      949752 kB
Committed_AS:   11954848 kB
VmallocTotal:     245760 kB
VmallocUsed:       50788 kB
VmallocChunk:      75648 kB
1557663269.583351
MemTotal:        1899508 kB
MemFree:           47564 kB
Buffers:             412 kB
Cached:           118820 kB
SwapCached:            0 kB
Active:          1518908 kB
Inactive:          59152 kB
Active(anon):    1462676 kB
Inactive(anon):     2912 kB
Active(file):      56232 kB
Inactive(file):    56240 kB
Unevictable:        1940 kB
Mlocked:               0 kB
HighTotal:       1158144 kB
HighFree:           3396 kB
LowTotal:         741364 kB
LowFree:           44168 kB
SwapTotal:             0 kB
SwapFree:              0 kB
Dirty:                68 kB
Writeback:             0 kB
AnonPages:       1461096 kB
Mapped:            93192 kB
Shmem:              4612 kB
Slab:              33888 kB
SReclaimable:      12024 kB
SUnreclaim:        21864 kB
KernelStack:        6016 kB
PageTables:        11668 kB
NFS_Unstable:          0 kB
Bounce:                0 kB
WritebackTmp:          0 kB
CommitLimit:      949752 kB
Committed_AS:   11954864 kB
VmallocTotal:     245760 kB
VmallocUsed:       50788 kB
VmallocChunk:      75648 kB
1557663270.205836
MemTotal:        1899508 kB
MemFree:           50764 kB
Buffers:             412 kB
Cached:           117396 kB
SwapCached:            0 kB
Active:          1516576 kB
Inactive:          58384 kB
Active(anon):    1460792 kB
Inactive(anon):     2912 kB
Active(file):      55784 kB
Inactive(file):    55472 kB
Unevictable:        1940 kB
Mlocked:               0 kB
HighTotal:       1158144 kB
HighFree:           5456 kB
LowTotal:         741364 kB
LowFree:           45308 kB
SwapTotal:             0 kB
SwapFree:              0 kB
Dirty:                68 kB
Writeback:             0 kB
AnonPages:       1459156 kB
Mapped:            92904 kB
Shmem:              4612 kB
Slab:              33888 kB
SReclaimable:      12024 kB
SUnreclaim:        21864 kB
KernelStack:        6000 kB
PageTables:        11656 kB
NFS_Unstable:          0 kB
Bounce:                0 kB
WritebackTmp:          0 kB
CommitLimit:      949752 kB
Committed_AS:   11954864 kB
VmallocTotal:     245760 kB
VmallocUsed:       50788 kB
VmallocChunk:      75648 kB
1557663270.897377
MemTotal:        1899508 kB
MemFree:           52076 kB
Buffers:             412 kB
Cached:           115828 kB
SwapCached:            0 kB
Active:          1515744 kB
Inactive:          57828 kB
Active(anon):    1460876 kB
Inactive(anon):     2912 kB
Active(file):      54868 kB
Inactive(file):    54916 kB
Unevictable:        1940 kB
Mlocked:               0 kB
HighTotal:       1158144 kB
HighFree:           6148 kB
LowTotal:         741364 kB
LowFree:           45928 kB
SwapTotal:             0 kB
SwapFree:              0 kB
Dirty:                 0 kB
Writeback:             0 kB
AnonPages:       1459280 kB
Mapped:            92780 kB
Shmem:              4612 kB
Slab:              33888 kB
SReclaimable:      12024 kB
SUnreclaim:        21864 kB
KernelStack:        6000 kB
PageTables:        11656 kB
NFS_Unstable:          0 kB
Bounce:                0 kB
WritebackTmp:          0 kB
CommitLimit:      949752 kB
Committed_AS:   11955544 kB
VmallocTotal:     245760 kB
VmallocUsed:       50788 kB
VmallocChunk:      75648 kB
1557663271.526218
MemTotal:        1899508 kB
MemFree:           51700 kB
Buffers:             412 kB
Cached:           114924 kB
SwapCached:            0 kB
Active:          1516740 kB
Inactive:          57204 kB
Active(anon):    1462328 kB
Inactive(anon):     2912 kB
Active(file):      54412 kB
Inactive(file):    54292 kB
Unevictable:        1940 kB
Mlocked:               0 kB
HighTotal:       1158144 kB
HighFree:           5432 kB
LowTotal:         741364 kB
LowFree:           46268 kB
SwapTotal:             0 kB
SwapFree:              0 kB
Dirty:                 0 kB
Writeback:             0 kB
AnonPages:       1460736 kB
Mapped:            92632 kB
Shmem:              4612 kB
Slab:              33888 kB
SReclaimable:      12024 kB
SUnreclaim:        21864 kB
KernelStack:        6000 kB
PageTables:        11656 kB
NFS_Unstable:          0 kB
Bounce:                0 kB
WritebackTmp:          0 kB
CommitLimit:      949752 kB
Committed_AS:   11955536 kB
VmallocTotal:     245760 kB
VmallocUsed:       50788 kB
VmallocChunk:      75648 kB
1557663272.168111
MemTotal:        1899508 kB
MemFree:           49808 kB
Buffers:             412 kB
Cached:           113980 kB
SwapCached:            0 kB
Active:          1519320 kB
Inactive:          56736 kB
Active(anon):    1465212 kB
Inactive(anon):     2912 kB
Active(file):      54108 kB
Inactive(file):    53824 kB
Unevictable:        1940 kB
Mlocked:               0 kB
HighTotal:       1158144 kB
HighFree:           3264 kB
LowTotal:         741364 kB
LowFree:           46544 kB
SwapTotal:             0 kB
SwapFree:              0 kB
Dirty:                 0 kB
Writeback:             0 kB
AnonPages:       1463596 kB
Mapped:            92596 kB
Shmem:              4612 kB
Slab:              34016 kB
SReclaimable:      12024 kB
SUnreclaim:        21992 kB
KernelStack:        6016 kB
PageTables:        11676 kB
NFS_Unstable:          0 kB
Bounce:                0 kB
WritebackTmp:          0 kB
CommitLimit:      949752 kB
Committed_AS:   11955536 kB
VmallocTotal:     245760 kB
VmallocUsed:       50788 kB
VmallocChunk:      75648 kB
1557663272.819630
MemTotal:        1899508 kB
MemFree:           51568 kB
Buffers:             412 kB
Cached:           113360 kB
SwapCached:            0 kB
Active:          1517976 kB
Inactive:          56220 kB
Active(anon):    1464204 kB
Inactive(anon):     2912 kB
Active(file):      53772 kB
Inactive(file):    53308 kB
Unevictable:        1940 kB
Mlocked:               0 kB
HighTotal:       1158144 kB
HighFree:           5024 kB
LowTotal:         741364 kB
LowFree:           46544 kB
SwapTotal:             0 kB
SwapFree:              0 kB
Dirty:                 0 kB
Writeback:             0 kB
AnonPages:       1462604 kB
Mapped:            92596 kB
Shmem:              4612 kB
Slab:              34016 kB
SReclaimable:      12024 kB
SUnreclaim:        21992 kB
KernelStack:        6016 kB
PageTables:        11676 kB
NFS_Unstable:          0 kB
Bounce:                0 kB
WritebackTmp:          0 kB
CommitLimit:      949752 kB
Committed_AS:   11956192 kB
VmallocTotal:     245760 kB
VmallocUsed:       50788 kB
VmallocChunk:      75648 kB
1557663273.417901
MemTotal:        1899508 kB
MemFree:           53568 kB
Buffers:             412 kB
Cached:           112720 kB
SwapCached:            0 kB
Active:          1516308 kB
Inactive:          55772 kB
Active(anon):    1462608 kB
Inactive(anon):     2912 kB
Active(file):      53700 kB
Inactive(file):    52860 kB
Unevictable:        1940 kB
Mlocked:               0 kB
HighTotal:       1158144 kB
HighFree:           6468 kB
LowTotal:         741364 kB
LowFree:           47100 kB
SwapTotal:             0 kB
SwapFree:              0 kB
Dirty:                 0 kB
Writeback:             0 kB
AnonPages:       1461044 kB
Mapped:            92600 kB
Shmem:              4612 kB
Slab:              34016 kB
SReclaimable:      12024 kB
SUnreclaim:        21992 kB
KernelStack:        6000 kB
PageTables:        11656 kB
NFS_Unstable:          0 kB
Bounce:                0 kB
WritebackTmp:          0 kB
CommitLimit:      949752 kB
Committed_AS:   11956240 kB
VmallocTotal:     245760 kB
VmallocUsed:       50788 kB
VmallocChunk:      75648 kB
1557663274.123120
MemTotal:        1899508 kB
MemFree:           54276 kB
Buffers:             420 kB
Cached:           112140 kB
SwapCached:            0 kB
Active:          1516296 kB
Inactive:          55272 kB
Active(anon):    1462644 kB
Inactive(anon):     2912 kB
Active(file):      53652 kB
Inactive(file):    52360 kB
Unevictable:        1940 kB
Mlocked:               0 kB
HighTotal:       1158144 kB
HighFree:           7020 kB
LowTotal:         741364 kB
LowFree:           47256 kB
SwapTotal:             0 kB
SwapFree:              0 kB
Dirty:                 0 kB
Writeback:             0 kB
AnonPages:       1461060 kB
Mapped:            92604 kB
Shmem:              4612 kB
Slab:              34016 kB
SReclaimable:      12024 kB
SUnreclaim:        21992 kB
KernelStack:        6016 kB
PageTables:        11652 kB
NFS_Unstable:          0 kB
Bounce:                0 kB
WritebackTmp:          0 kB
CommitLimit:      949752 kB
Committed_AS:   11956256 kB
VmallocTotal:     245760 kB
VmallocUsed:       50788 kB
VmallocChunk:      75648 kB
1557663274.806678
MemTotal:        1899508 kB
MemFree:           53724 kB
Buffers:             420 kB
Cached:           112388 kB
SwapCached:            0 kB
Active:          1516632 kB
Inactive:          55524 kB
Active(anon):    1462980 kB
Inactive(anon):     2912 kB
Active(file):      53652 kB
Inactive(file):    52612 kB
Unevictable:        1940 kB
Mlocked:               0 kB
HighTotal:       1158144 kB
HighFree:           6468 kB
LowTotal:         741364 kB
LowFree:           47256 kB
SwapTotal:             0 kB
SwapFree:              0 kB
Dirty:                 0 kB
Writeback:             0 kB
AnonPages:       1461432 kB
Mapped:            92728 kB
Shmem:              4612 kB
Slab:              34016 kB
SReclaimable:      12024 kB
SUnreclaim:        21992 kB
KernelStack:        6016 kB
PageTables:        11652 kB
NFS_Unstable:          0 kB
Bounce:                0 kB
WritebackTmp:          0 kB
CommitLimit:      949752 kB
Committed_AS:   11956932 kB
VmallocTotal:     245760 kB
VmallocUsed:       50788 kB
VmallocChunk:      75648 kB
1557663275.472497
MemTotal:        1899508 kB
MemFree:           50104 kB
Buffers:             420 kB
Cached:           112536 kB
SwapCached:            0 kB
Active:          1519612 kB
Inactive:          55732 kB
Active(anon):    1465984 kB
Inactive(anon):     2912 kB
Active(file):      53628 kB
Inactive(file):    52820 kB
Unevictable:        1940 kB
Mlocked:               0 kB
HighTotal:       1158144 kB
HighFree:           3004 kB
LowTotal:         741364 kB
LowFree:           47100 kB
SwapTotal:             0 kB
SwapFree:              0 kB
Dirty:                28 kB
Writeback:             0 kB
AnonPages:       1464260 kB
Mapped:            92616 kB
Shmem:              4612 kB
Slab:              34016 kB
SReclaimable:      12024 kB
SUnreclaim:        21992 kB
KernelStack:        6000 kB
PageTables:        11652 kB
NFS_Unstable:          0 kB
Bounce:                0 kB
WritebackTmp:          0 kB
CommitLimit:      949752 kB
Committed_AS:   11956924 kB
VmallocTotal:     245760 kB
VmallocUsed:       50788 kB
VmallocChunk:      75648 kB
1557663276.132216
MemTotal:        1899508 kB
MemFree:           49620 kB
Buffers:             436 kB
Cached:           112584 kB
SwapCached:            0 kB
Active:          1519748 kB
Inactive:          55752 kB
Active(anon):    1466120 kB
Inactive(anon):     2912 kB
Active(file):      53628 kB
Inactive(file):    52840 kB
Unevictable:        1940 kB
Mlocked:               0 kB
HighTotal:       1158144 kB
HighFree:           3064 kB
LowTotal:         741364 kB
LowFree:           46556 kB
SwapTotal:             0 kB
SwapFree:              0 kB
Dirty:                36 kB
Writeback:             0 kB
AnonPages:       1464544 kB
Mapped:            92620 kB
Shmem:              4612 kB
Slab:              34496 kB
SReclaimable:      12024 kB
SUnreclaim:        22472 kB
KernelStack:        6016 kB
PageTables:        11664 kB
NFS_Unstable:          0 kB
Bounce:                0 kB
WritebackTmp:          0 kB
CommitLimit:      949752 kB
Committed_AS:   11956924 kB
VmallocTotal:     245760 kB
VmallocUsed:       50788 kB
VmallocChunk:      75648 kB
1557663276.897118
MemTotal:        1899508 kB
MemFree:           47280 kB
Buffers:             452 kB
Cached:           112120 kB
SwapCached:            0 kB
Active:          1522896 kB
Inactive:          55556 kB
Active(anon):    1469532 kB
Inactive(anon):     2912 kB
Active(file):      53364 kB
Inactive(file):    52644 kB
Unevictable:        1940 kB
Mlocked:               0 kB
HighTotal:       1158144 kB
HighFree:           2876 kB
LowTotal:         741364 kB
LowFree:           44404 kB
SwapTotal:             0 kB
SwapFree:              0 kB
Dirty:                36 kB
Writeback:             0 kB
AnonPages:       1467916 kB
Mapped:            92620 kB
Shmem:              4612 kB
Slab:              33920 kB
SReclaimable:      12024 kB
SUnreclaim:        21896 kB
KernelStack:        6016 kB
PageTables:        11664 kB
NFS_Unstable:          0 kB
Bounce:                0 kB
WritebackTmp:          0 kB
CommitLimit:      949752 kB
Committed_AS:   11957484 kB
VmallocTotal:     245760 kB
VmallocUsed:       50788 kB
VmallocChunk:      75648 kB
1557663277.501120
MemTotal:        1899508 kB
MemFree:           48168 kB
Buffers:             452 kB
Cached:           111068 kB
SwapCached:            0 kB
Active:          1522628 kB
Inactive:          54820 kB
Active(anon):    1469732 kB
Inactive(anon):     2912 kB
Active(file):      52896 kB
Inactive(file):    51908 kB
Unevictable:        1940 kB
Mlocked:               0 kB
HighTotal:       1158144 kB
HighFree:           3236 kB
LowTotal:         741364 kB
LowFree:           44932 kB
SwapTotal:             0 kB
SwapFree:              0 kB
Dirty:                36 kB
Writeback:             0 kB
AnonPages:       1468104 kB
Mapped:            92752 kB
Shmem:              4612 kB
Slab:              33984 kB
SReclaimable:      12024 kB
SUnreclaim:        21960 kB
KernelStack:        6000 kB
PageTables:        11648 kB
NFS_Unstable:          0 kB
Bounce:                0 kB
WritebackTmp:          0 kB
CommitLimit:      949752 kB
Committed_AS:   11957592 kB
VmallocTotal:     245760 kB
VmallocUsed:       50788 kB
VmallocChunk:      75648 kB
1557663278.160431
MemTotal:        1899508 kB
MemFree:           41352 kB
Buffers:             556 kB
Cached:           116024 kB
SwapCached:            0 kB
Active:          1524816 kB
Inactive:          60040 kB
Active(anon):    1471940 kB
Inactive(anon):     2912 kB
Active(file):      52876 kB
Inactive(file):    57128 kB
Unevictable:        1940 kB
Mlocked:               0 kB
HighTotal:       1158144 kB
HighFree:           1108 kB
LowTotal:         741364 kB
LowFree:           40244 kB
SwapTotal:             0 kB
SwapFree:              0 kB
Dirty:                36 kB
Writeback:             0 kB
AnonPages:       1470392 kB
Mapped:            95428 kB
Shmem:              4612 kB
Slab:              33984 kB
SReclaimable:      12024 kB
SUnreclaim:        21960 kB
KernelStack:        6080 kB
PageTables:        11992 kB
NFS_Unstable:          0 kB
Bounce:                0 kB
WritebackTmp:          0 kB
CommitLimit:      949752 kB
Committed_AS:   12524936 kB
VmallocTotal:     245760 kB
VmallocUsed:       51808 kB
VmallocChunk:      75648 kB
1557663278.828424
MemTotal:        1899508 kB
MemFree:           40348 kB
Buffers:             504 kB
Cached:           116152 kB
SwapCached:            0 kB
Active:          1526680 kB
Inactive:          59700 kB
Active(anon):    1473496 kB
Inactive(anon):     2912 kB
Active(file):      53184 kB
Inactive(file):    56788 kB
Unevictable:        1940 kB
Mlocked:               0 kB
HighTotal:       1158144 kB
HighFree:            532 kB
LowTotal:         741364 kB
LowFree:           39816 kB
SwapTotal:             0 kB
SwapFree:              0 kB
Dirty:                36 kB
Writeback:             0 kB
AnonPages:       1471912 kB
Mapped:            99000 kB
Shmem:              4612 kB
Slab:              33984 kB
SReclaimable:      12024 kB
SUnreclaim:        21960 kB
KernelStack:        6080 kB
PageTables:        12092 kB
NFS_Unstable:          0 kB
Bounce:                0 kB
WritebackTmp:          0 kB
CommitLimit:      949752 kB
Committed_AS:   12525640 kB
VmallocTotal:     245760 kB
VmallocUsed:       51808 kB
VmallocChunk:      75648 kB
1557663279.489703
MemTotal:        1899508 kB
MemFree:           42944 kB
Buffers:             500 kB
Cached:           114432 kB
SwapCached:            0 kB
Active:          1529368 kB
Inactive:          54396 kB
Active(anon):    1472536 kB
Inactive(anon):     2912 kB
Active(file):      56832 kB
Inactive(file):    51484 kB
Unevictable:        1940 kB
Mlocked:               0 kB
HighTotal:       1158144 kB
HighFree:           1748 kB
LowTotal:         741364 kB
LowFree:           41196 kB
SwapTotal:             0 kB
SwapFree:              0 kB
Dirty:                 0 kB
Writeback:             0 kB
AnonPages:       1470752 kB
Mapped:            94132 kB
Shmem:              4612 kB
Slab:              33984 kB
SReclaimable:      12024 kB
SUnreclaim:        21960 kB
KernelStack:        6112 kB
PageTables:        11684 kB
NFS_Unstable:          0 kB
Bounce:                0 kB
WritebackTmp:          0 kB
CommitLimit:      949752 kB
Committed_AS:   11958696 kB
VmallocTotal:     245760 kB
VmallocUsed:       50788 kB
VmallocChunk:      75648 kB
1557663280.139501
MemTotal:        1899508 kB
MemFree:           42268 kB
Buffers:             508 kB
Cached:           113472 kB
SwapCached:            0 kB
Active:          1529648 kB
Inactive:          54220 kB
Active(anon):    1473528 kB
Inactive(anon):     2912 kB
Active(file):      56120 kB
Inactive(file):    51308 kB
Unevictable:        1940 kB
Mlocked:               0 kB
HighTotal:       1158144 kB
HighFree:           1756 kB
LowTotal:         741364 kB
LowFree:           40512 kB
SwapTotal:             0 kB
SwapFree:              0 kB
Dirty:                36 kB
Writeback:             0 kB
