MemTotal:        1899508 kB
MemFree:           60076 kB
Buffers:            1256 kB
Cached:           235352 kB
SwapCached:            0 kB
Active:          1483032 kB
Inactive:         143464 kB
Active(anon):    1393256 kB
Inactive(anon):     2608 kB
Active(file):      89776 kB
Inactive(file):   140856 kB
Unevictable:        1940 kB
Mlocked:               0 kB
HighTotal:       1158144 kB
HighFree:           2780 kB
LowTotal:         741364 kB
LowFree:           57296 kB
SwapTotal:             0 kB
SwapFree:              0 kB
Dirty:               124 kB
Writeback:             0 kB
AnonPages:       1391932 kB
Mapped:           121876 kB
Shmem:              3968 kB
Slab:              34276 kB
SReclaimable:      11992 kB
SUnreclaim:        22284 kB
KernelStack:        6728 kB
PageTables:        14900 kB
NFS_Unstable:          0 kB
Bounce:                0 kB
WritebackTmp:          0 kB
CommitLimit:      949752 kB
Committed_AS:   18220520 kB
VmallocTotal:     245760 kB
VmallocUsed:       57416 kB
VmallocChunk:      75648 kB
1557663519.049020
MemTotal:        1899508 kB
MemFree:           47752 kB
Buffers:            1532 kB
Cached:           242812 kB
SwapCached:            0 kB
Active:          1500748 kB
Inactive:         144424 kB
Active(anon):    1404428 kB
Inactive(anon):     2608 kB
Active(file):      96320 kB
Inactive(file):   141816 kB
Unevictable:        1940 kB
Mlocked:               0 kB
HighTotal:       1158144 kB
HighFree:           2292 kB
LowTotal:         741364 kB
LowFree:           45460 kB
SwapTotal:             0 kB
SwapFree:              0 kB
Dirty:                16 kB
Writeback:             0 kB
AnonPages:       1403328 kB
Mapped:           133284 kB
Shmem:              3964 kB
Slab:              34284 kB
SReclaimable:      11992 kB
SUnreclaim:        22292 kB
KernelStack:        6840 kB
PageTables:        15116 kB
NFS_Unstable:          0 kB
Bounce:                0 kB
WritebackTmp:          0 kB
CommitLimit:      949752 kB
Committed_AS:   18229152 kB
VmallocTotal:     245760 kB
VmallocUsed:       57584 kB
VmallocChunk:      75648 kB
1557663519.901842
MemTotal:        1899508 kB
MemFree:           45216 kB
Buffers:            1452 kB
Cached:           212160 kB
SwapCached:            0 kB
Active:          1515896 kB
Inactive:         114204 kB
Active(anon):    1419904 kB
Inactive(anon):     2612 kB
Active(file):      95992 kB
Inactive(file):   111592 kB
Unevictable:        1940 kB
Mlocked:               0 kB
HighTotal:       1158144 kB
HighFree:           1752 kB
LowTotal:         741364 kB
LowFree:           43464 kB
SwapTotal:             0 kB
SwapFree:              0 kB
Dirty:                 0 kB
Writeback:             0 kB
AnonPages:       1418620 kB
Mapped:           143360 kB
Shmem:              3968 kB
Slab:              34296 kB
SReclaimable:      11992 kB
SUnreclaim:        22304 kB
KernelStack:        6968 kB
PageTables:        15284 kB
NFS_Unstable:          0 kB
Bounce:                0 kB
WritebackTmp:          0 kB
CommitLimit:      949752 kB
Committed_AS:   18244044 kB
VmallocTotal:     245760 kB
VmallocUsed:       57656 kB
VmallocChunk:      75648 kB
1557663520.848527
MemTotal:        1899508 kB
MemFree:           42924 kB
Buffers:            1440 kB
Cached:           212544 kB
SwapCached:            0 kB
Active:          1523932 kB
Inactive:         112744 kB
Active(anon):    1426388 kB
Inactive(anon):     2612 kB
Active(file):      97544 kB
Inactive(file):   110132 kB
Unevictable:        1940 kB
Mlocked:               0 kB
HighTotal:       1158144 kB
HighFree:           1716 kB
LowTotal:         741364 kB
LowFree:           41208 kB
SwapTotal:             0 kB
SwapFree:              0 kB
Dirty:                 0 kB
Writeback:             0 kB
AnonPages:       1425192 kB
Mapped:           147904 kB
Shmem:              3968 kB
Slab:              34304 kB
SReclaimable:      11992 kB
SUnreclaim:        22312 kB
KernelStack:        7056 kB
PageTables:        15320 kB
NFS_Unstable:          0 kB
Bounce:                0 kB
WritebackTmp:          0 kB
CommitLimit:      949752 kB
Committed_AS:   18253696 kB
VmallocTotal:     245760 kB
VmallocUsed:       57648 kB
VmallocChunk:      75648 kB
1557663521.677053
MemTotal:        1899508 kB
MemFree:           56052 kB
Buffers:            1264 kB
Cached:           188148 kB
SwapCached:            0 kB
Active:          1539292 kB
Inactive:          93976 kB
Active(anon):    1447188 kB
Inactive(anon):     2620 kB
Active(file):      92104 kB
Inactive(file):    91356 kB
Unevictable:        1940 kB
Mlocked:               0 kB
HighTotal:       1158144 kB
HighFree:           4672 kB
LowTotal:         741364 kB
LowFree:           51380 kB
SwapTotal:             0 kB
SwapFree:              0 kB
Dirty:               248 kB
Writeback:             0 kB
AnonPages:       1445852 kB
Mapped:           147480 kB
Shmem:              3976 kB
Slab:              34324 kB
SReclaimable:      11992 kB
SUnreclaim:        22332 kB
KernelStack:        7152 kB
PageTables:        15448 kB
NFS_Unstable:          0 kB
Bounce:                0 kB
WritebackTmp:          0 kB
CommitLimit:      949752 kB
Committed_AS:   18294236 kB
VmallocTotal:     245760 kB
VmallocUsed:       57648 kB
VmallocChunk:      75648 kB
1557663522.666369
MemTotal:        1899508 kB
MemFree:           49888 kB
Buffers:            1268 kB
Cached:           189888 kB
SwapCached:            0 kB
Active:          1544464 kB
Inactive:          95436 kB
Active(anon):    1452072 kB
Inactive(anon):     2620 kB
Active(file):      92392 kB
Inactive(file):    92816 kB
Unevictable:        1940 kB
Mlocked:               0 kB
HighTotal:       1158144 kB
HighFree:           1732 kB
LowTotal:         741364 kB
LowFree:           48156 kB
SwapTotal:             0 kB
SwapFree:              0 kB
Dirty:               300 kB
Writeback:             0 kB
AnonPages:       1450932 kB
Mapped:           147060 kB
Shmem:              3976 kB
Slab:              34324 kB
SReclaimable:      11992 kB
SUnreclaim:        22332 kB
KernelStack:        7152 kB
PageTables:        15448 kB
NFS_Unstable:          0 kB
Bounce:                0 kB
WritebackTmp:          0 kB
CommitLimit:      949752 kB
Committed_AS:   18296888 kB
VmallocTotal:     245760 kB
VmallocUsed:       57648 kB
VmallocChunk:      75648 kB
1557663523.451870
MemTotal:        1899508 kB
MemFree:           51668 kB
Buffers:            1268 kB
Cached:           188868 kB
SwapCached:            0 kB
Active:          1543464 kB
Inactive:          94856 kB
Active(anon):    1451552 kB
Inactive(anon):     2620 kB
Active(file):      91912 kB
Inactive(file):    92236 kB
Unevictable:        1940 kB
Mlocked:               0 kB
HighTotal:       1158144 kB
HighFree:           2212 kB
LowTotal:         741364 kB
LowFree:           49456 kB
SwapTotal:             0 kB
SwapFree:              0 kB
Dirty:               288 kB
Writeback:             0 kB
AnonPages:       1450288 kB
Mapped:           146280 kB
Shmem:              3976 kB
Slab:              34312 kB
SReclaimable:      11992 kB
SUnreclaim:        22320 kB
KernelStack:        7152 kB
PageTables:        15452 kB
NFS_Unstable:          0 kB
Bounce:                0 kB
WritebackTmp:          0 kB
CommitLimit:      949752 kB
Committed_AS:   18296856 kB
VmallocTotal:     245760 kB
VmallocUsed:       57648 kB
VmallocChunk:      75648 kB
1557663524.307580
MemTotal:        1899508 kB
MemFree:           53340 kB
Buffers:            1268 kB
Cached:           187724 kB
SwapCached:            0 kB
Active:          1541912 kB
Inactive:          94228 kB
Active(anon):    1450600 kB
Inactive(anon):     2620 kB
Active(file):      91312 kB
Inactive(file):    91608 kB
Unevictable:        1940 kB
Mlocked:               0 kB
HighTotal:       1158144 kB
HighFree:           3660 kB
LowTotal:         741364 kB
LowFree:           49680 kB
SwapTotal:             0 kB
SwapFree:              0 kB
Dirty:               292 kB
Writeback:             0 kB
AnonPages:       1449236 kB
Mapped:           145284 kB
Shmem:              3976 kB
Slab:              34324 kB
SReclaimable:      11992 kB
SUnreclaim:        22332 kB
KernelStack:        7152 kB
PageTables:        15456 kB
NFS_Unstable:          0 kB
Bounce:                0 kB
WritebackTmp:          0 kB
CommitLimit:      949752 kB
Committed_AS:   18296796 kB
VmallocTotal:     245760 kB
VmallocUsed:       57648 kB
VmallocChunk:      75648 kB
1557663525.116061
MemTotal:        1899508 kB
MemFree:           64572 kB
Buffers:            1268 kB
Cached:           186828 kB
SwapCached:            0 kB
Active:          1532432 kB
Inactive:          93888 kB
Active(anon):    1441480 kB
Inactive(anon):     2620 kB
Active(file):      90952 kB
Inactive(file):    91268 kB
Unevictable:        1940 kB
Mlocked:               0 kB
HighTotal:       1158144 kB
HighFree:           6192 kB
LowTotal:         741364 kB
LowFree:           58380 kB
SwapTotal:             0 kB
SwapFree:              0 kB
Dirty:               292 kB
Writeback:             0 kB
AnonPages:       1440140 kB
Mapped:           129888 kB
Shmem:              3976 kB
Slab:              34328 kB
SReclaimable:      11992 kB
SUnreclaim:        22336 kB
KernelStack:        7152 kB
PageTables:        14920 kB
NFS_Unstable:          0 kB
Bounce:                0 kB
WritebackTmp:          0 kB
CommitLimit:      949752 kB
Committed_AS:   17720400 kB
VmallocTotal:     245760 kB
VmallocUsed:       56628 kB
VmallocChunk:      75648 kB
1557663526.073867
MemTotal:        1899508 kB
MemFree:           40504 kB
Buffers:            1260 kB
Cached:           190016 kB
SwapCached:            0 kB
Active:          1535636 kB
Inactive:          95312 kB
Active(anon):    1443036 kB
Inactive(anon):     2628 kB
Active(file):      92600 kB
Inactive(file):    92684 kB
Unevictable:        1940 kB
Mlocked:               0 kB
HighTotal:       1158144 kB
HighFree:            404 kB
LowTotal:         741364 kB
LowFree:           40100 kB
SwapTotal:             0 kB
SwapFree:              0 kB
Dirty:                 0 kB
Writeback:             0 kB
AnonPages:       1441760 kB
Mapped:           141000 kB
Shmem:              3984 kB
Slab:              34308 kB
SReclaimable:      11992 kB
SUnreclaim:        22316 kB
KernelStack:        7000 kB
PageTables:        14896 kB
NFS_Unstable:          0 kB
Bounce:                0 kB
WritebackTmp:          0 kB
CommitLimit:      949752 kB
Committed_AS:   17722048 kB
VmallocTotal:     245760 kB
VmallocUsed:       56724 kB
VmallocChunk:      75648 kB
1557663526.874571
MemTotal:        1899508 kB
MemFree:           54248 kB
Buffers:            1376 kB
Cached:           191044 kB
SwapCached:            0 kB
Active:          1520512 kB
Inactive:         100488 kB
Active(anon):    1431888 kB
Inactive(anon):     2628 kB
Active(file):      88624 kB
Inactive(file):    97860 kB
Unevictable:        1940 kB
Mlocked:               0 kB
HighTotal:       1158144 kB
HighFree:           2100 kB
LowTotal:         741364 kB
LowFree:           52148 kB
SwapTotal:             0 kB
SwapFree:              0 kB
Dirty:              2296 kB
Writeback:             8 kB
AnonPages:       1430724 kB
Mapped:           138060 kB
Shmem:              3984 kB
Slab:              34192 kB
SReclaimable:      12044 kB
SUnreclaim:        22148 kB
KernelStack:        6384 kB
PageTables:        13592 kB
NFS_Unstable:          0 kB
Bounce:                0 kB
WritebackTmp:          0 kB
CommitLimit:      949752 kB
Committed_AS:   15360528 kB
VmallocTotal:     245760 kB
VmallocUsed:       53664 kB
VmallocChunk:      75648 kB
1557663527.963690
MemTotal:        1899508 kB
MemFree:           44628 kB
Buffers:            1340 kB
Cached:           178096 kB
SwapCached:            0 kB
Active:          1530100 kB
Inactive:          87120 kB
Active(anon):    1441324 kB
Inactive(anon):     2624 kB
Active(file):      88776 kB
Inactive(file):    84496 kB
Unevictable:        1940 kB
Mlocked:               0 kB
HighTotal:       1158144 kB
HighFree:           3496 kB
LowTotal:         741364 kB
LowFree:           41132 kB
SwapTotal:             0 kB
SwapFree:              0 kB
Dirty:                 0 kB
Writeback:             0 kB
AnonPages:       1440096 kB
Mapped:           148512 kB
Shmem:              3980 kB
Slab:              34192 kB
SReclaimable:      12048 kB
SUnreclaim:        22144 kB
KernelStack:        6448 kB
PageTables:        13168 kB
NFS_Unstable:          0 kB
Bounce:                0 kB
WritebackTmp:          0 kB
CommitLimit:      949752 kB
Committed_AS:   14805300 kB
VmallocTotal:     245760 kB
VmallocUsed:       52656 kB
VmallocChunk:      75648 kB
1557663528.852097
MemTotal:        1899508 kB
MemFree:           46096 kB
Buffers:            1116 kB
Cached:           148852 kB
SwapCached:            0 kB
Active:          1528532 kB
Inactive:          71668 kB
Active(anon):    1453492 kB
Inactive(anon):     2624 kB
Active(file):      75040 kB
Inactive(file):    69044 kB
Unevictable:        1940 kB
Mlocked:               0 kB
HighTotal:       1158144 kB
HighFree:           5752 kB
LowTotal:         741364 kB
LowFree:           40344 kB
SwapTotal:             0 kB
SwapFree:              0 kB
Dirty:                 0 kB
Writeback:             0 kB
AnonPages:       1452340 kB
Mapped:           158780 kB
Shmem:              3980 kB
Slab:              34104 kB
SReclaimable:      12048 kB
SUnreclaim:        22056 kB
KernelStack:        6288 kB
PageTables:        12416 kB
NFS_Unstable:          0 kB
Bounce:                0 kB
WritebackTmp:          0 kB
CommitLimit:      949752 kB
Committed_AS:   13684684 kB
VmallocTotal:     245760 kB
VmallocUsed:       50808 kB
VmallocChunk:      75648 kB
1557663529.659692
MemTotal:        1899508 kB
MemFree:           45984 kB
Buffers:            1112 kB
Cached:           149020 kB
SwapCached:            0 kB
Active:          1528228 kB
Inactive:          72708 kB
Active(anon):    1454248 kB
Inactive(anon):     2624 kB
Active(file):      73980 kB
Inactive(file):    70084 kB
Unevictable:        1940 kB
Mlocked:               0 kB
HighTotal:       1158144 kB
HighFree:           3904 kB
LowTotal:         741364 kB
LowFree:           42080 kB
SwapTotal:             0 kB
SwapFree:              0 kB
Dirty:                 0 kB
Writeback:             0 kB
AnonPages:       1452960 kB
Mapped:           158352 kB
Shmem:              3980 kB
Slab:              34104 kB
SReclaimable:      12048 kB
SUnreclaim:        22056 kB
KernelStack:        6288 kB
PageTables:        12416 kB
NFS_Unstable:          0 kB
Bounce:                0 kB
WritebackTmp:          0 kB
CommitLimit:      949752 kB
Committed_AS:   13685484 kB
VmallocTotal:     245760 kB
VmallocUsed:       50808 kB
VmallocChunk:      75648 kB
1557663530.519951
MemTotal:        1899508 kB
MemFree:           41596 kB
Buffers:            1060 kB
Cached:           147456 kB
SwapCached:            0 kB
Active:          1531856 kB
Inactive:          73120 kB
Active(anon):    1459920 kB
Inactive(anon):     2624 kB
Active(file):      71936 kB
Inactive(file):    70496 kB
Unevictable:        1940 kB
Mlocked:               0 kB
HighTotal:       1158144 kB
HighFree:           1392 kB
LowTotal:         741364 kB
LowFree:           40204 kB
SwapTotal:             0 kB
SwapFree:              0 kB
Dirty:                68 kB
Writeback:             0 kB
AnonPages:       1458808 kB
Mapped:           158832 kB
Shmem:              3980 kB
Slab:              34104 kB
SReclaimable:      12048 kB
SUnreclaim:        22056 kB
KernelStack:        6360 kB
PageTables:        13224 kB
NFS_Unstable:          0 kB
Bounce:                0 kB
WritebackTmp:          0 kB
CommitLimit:      949752 kB
Committed_AS:   15482864 kB
VmallocTotal:     245760 kB
VmallocUsed:       52848 kB
VmallocChunk:      75648 kB
1557663531.501970
MemTotal:        1899508 kB
MemFree:           45212 kB
Buffers:             440 kB
Cached:           124340 kB
SwapCached:            0 kB
Active:          1499596 kB
Inactive:          64164 kB
Active(anon):    1442436 kB
Inactive(anon):     2700 kB
Active(file):      57160 kB
Inactive(file):    61464 kB
Unevictable:        1940 kB
Mlocked:               0 kB
HighTotal:       1158144 kB
HighFree:           1756 kB
LowTotal:         741364 kB
LowFree:           43456 kB
SwapTotal:             0 kB
SwapFree:              0 kB
Dirty:               100 kB
Writeback:             0 kB
AnonPages:       1441144 kB
Mapped:           140948 kB
Shmem:              4092 kB
Slab:              34020 kB
SReclaimable:      12048 kB
SUnreclaim:        21972 kB
KernelStack:        6056 kB
PageTables:        12192 kB
NFS_Unstable:          0 kB
Bounce:                0 kB
WritebackTmp:          0 kB
CommitLimit:      949752 kB
Committed_AS:   13666388 kB
VmallocTotal:     245760 kB
VmallocUsed:       50620 kB
VmallocChunk:      75648 kB
1557663532.808230
MemTotal:        1899508 kB
MemFree:           49440 kB
Buffers:             416 kB
Cached:           128700 kB
SwapCached:            0 kB
Active:          1498184 kB
Inactive:          62948 kB
Active(anon):    1435312 kB
Inactive(anon):     2632 kB
Active(file):      62872 kB
Inactive(file):    60316 kB
Unevictable:        1940 kB
Mlocked:               0 kB
HighTotal:       1158144 kB
HighFree:           4924 kB
LowTotal:         741364 kB
LowFree:           44516 kB
SwapTotal:             0 kB
SwapFree:              0 kB
Dirty:                96 kB
Writeback:             8 kB
AnonPages:       1434040 kB
Mapped:           129180 kB
Shmem:              3992 kB
Slab:              34012 kB
SReclaimable:      12048 kB
SUnreclaim:        21964 kB
KernelStack:        6016 kB
PageTables:        11288 kB
NFS_Unstable:          0 kB
Bounce:                0 kB
WritebackTmp:          0 kB
CommitLimit:      949752 kB
Committed_AS:   11871224 kB
VmallocTotal:     245760 kB
VmallocUsed:       48580 kB
VmallocChunk:      75648 kB
1557663533.549018
MemTotal:        1899508 kB
MemFree:           44928 kB
Buffers:             520 kB
Cached:           116432 kB
SwapCached:            0 kB
Active:          1502000 kB
Inactive:          55764 kB
Active(anon):    1444092 kB
Inactive(anon):     2664 kB
Active(file):      57908 kB
Inactive(file):    53100 kB
Unevictable:        1940 kB
Mlocked:               0 kB
HighTotal:       1158144 kB
HighFree:           4556 kB
LowTotal:         741364 kB
LowFree:           40372 kB
SwapTotal:             0 kB
SwapFree:              0 kB
Dirty:                 0 kB
Writeback:             0 kB
AnonPages:       1442680 kB
Mapped:           124740 kB
Shmem:              4024 kB
Slab:              33972 kB
SReclaimable:      12048 kB
SUnreclaim:        21924 kB
KernelStack:        5936 kB
PageTables:        11604 kB
NFS_Unstable:          0 kB
Bounce:                0 kB
WritebackTmp:          0 kB
CommitLimit:      949752 kB
Committed_AS:   11927496 kB
VmallocTotal:     245760 kB
VmallocUsed:       51004 kB
VmallocChunk:      75648 kB
1557663534.640980
MemTotal:        1899508 kB
MemFree:           44032 kB
Buffers:             504 kB
Cached:           111244 kB
SwapCached:            0 kB
Active:          1505096 kB
Inactive:          53996 kB
Active(anon):    1450720 kB
Inactive(anon):     2664 kB
Active(file):      54376 kB
Inactive(file):    51332 kB
Unevictable:        1940 kB
Mlocked:               0 kB
HighTotal:       1158144 kB
HighFree:           2852 kB
LowTotal:         741364 kB
LowFree:           41180 kB
SwapTotal:             0 kB
SwapFree:              0 kB
Dirty:                 0 kB
Writeback:             0 kB
AnonPages:       1449368 kB
Mapped:           121528 kB
Shmem:              4024 kB
Slab:              33876 kB
SReclaimable:      12048 kB
SUnreclaim:        21828 kB
KernelStack:        5936 kB
PageTables:        11604 kB
NFS_Unstable:          0 kB
Bounce:                0 kB
WritebackTmp:          0 kB
CommitLimit:      949752 kB
Committed_AS:   11934720 kB
VmallocTotal:     245760 kB
VmallocUsed:       51004 kB
VmallocChunk:      75648 kB
1557663535.472789
MemTotal:        1899508 kB
MemFree:           45164 kB
Buffers:             504 kB
Cached:           106220 kB
SwapCached:            0 kB
Active:          1506200 kB
Inactive:          53136 kB
Active(anon):    1455944 kB
Inactive(anon):     2824 kB
Active(file):      50256 kB
Inactive(file):    50312 kB
Unevictable:        1940 kB
Mlocked:               0 kB
HighTotal:       1158144 kB
HighFree:           1780 kB
LowTotal:         741364 kB
LowFree:           43384 kB
SwapTotal:             0 kB
SwapFree:              0 kB
Dirty:                52 kB
Writeback:             0 kB
AnonPages:       1454664 kB
Mapped:           120148 kB
Shmem:              4272 kB
Slab:              33940 kB
SReclaimable:      12048 kB
SUnreclaim:        21892 kB
KernelStack:        5952 kB
PageTables:        11624 kB
NFS_Unstable:          0 kB
Bounce:                0 kB
WritebackTmp:          0 kB
CommitLimit:      949752 kB
Committed_AS:   11941492 kB
VmallocTotal:     245760 kB
VmallocUsed:       51004 kB
VmallocChunk:      75648 kB
1557663536.078321
MemTotal:        1899508 kB
MemFree:           40372 kB
Buffers:             520 kB
Cached:           105440 kB
SwapCached:            0 kB
Active:          1511052 kB
Inactive:          52748 kB
Active(anon):    1461264 kB
Inactive(anon):     2896 kB
Active(file):      49788 kB
Inactive(file):    49852 kB
Unevictable:        1940 kB
Mlocked:               0 kB
HighTotal:       1158144 kB
HighFree:            400 kB
LowTotal:         741364 kB
LowFree:           39972 kB
SwapTotal:             0 kB
SwapFree:              0 kB
Dirty:                52 kB
Writeback:             0 kB
AnonPages:       1459876 kB
Mapped:           119876 kB
Shmem:              4336 kB
Slab:              33972 kB
SReclaimable:      12048 kB
SUnreclaim:        21924 kB
KernelStack:        5952 kB
PageTables:        11620 kB
NFS_Unstable:          0 kB
Bounce:                0 kB
WritebackTmp:          0 kB
CommitLimit:      949752 kB
Committed_AS:   11945660 kB
VmallocTotal:     245760 kB
VmallocUsed:       51004 kB
VmallocChunk:      75648 kB
1557663536.677206
MemTotal:        1899508 kB
MemFree:           51008 kB
Buffers:             604 kB
Cached:            96304 kB
SwapCached:            0 kB
Active:          1504716 kB
Inactive:          48252 kB
Active(anon):    1459240 kB
Inactive(anon):     2896 kB
Active(file):      45476 kB
Inactive(file):    45356 kB
Unevictable:        1940 kB
Mlocked:               0 kB
HighTotal:       1158144 kB
HighFree:           4416 kB
LowTotal:         741364 kB
LowFree:           46592 kB
SwapTotal:             0 kB
SwapFree:              0 kB
Dirty:                52 kB
Writeback:             0 kB
AnonPages:       1457740 kB
Mapped:           117476 kB
Shmem:              4336 kB
Slab:              33972 kB
SReclaimable:      12048 kB
SUnreclaim:        21924 kB
KernelStack:        5952 kB
PageTables:        11620 kB
NFS_Unstable:          0 kB
Bounce:                0 kB
WritebackTmp:          0 kB
CommitLimit:      949752 kB
Committed_AS:   11947736 kB
VmallocTotal:     245760 kB
VmallocUsed:       51004 kB
VmallocChunk:      75648 kB
1557663537.284567
MemTotal:        1899508 kB
MemFree:           46116 kB
Buffers:             620 kB
Cached:            96868 kB
SwapCached:            0 kB
Active:          1509084 kB
Inactive:          48876 kB
Active(anon):    1463948 kB
Inactive(anon):     3020 kB
Active(file):      45136 kB
Inactive(file):    45856 kB
Unevictable:        1940 kB
Mlocked:               0 kB
HighTotal:       1158144 kB
HighFree:           1752 kB
LowTotal:         741364 kB
LowFree:           44364 kB
SwapTotal:             0 kB
SwapFree:              0 kB
Dirty:                36 kB
Writeback:             0 kB
AnonPages:       1462616 kB
Mapped:           117580 kB
Shmem:              4524 kB
Slab:              33996 kB
SReclaimable:      12040 kB
SUnreclaim:        21956 kB
KernelStack:        5960 kB
PageTables:        11660 kB
NFS_Unstable:          0 kB
Bounce:                0 kB
WritebackTmp:          0 kB
CommitLimit:      949752 kB
Committed_AS:   11954944 kB
VmallocTotal:     245760 kB
VmallocUsed:       51004 kB
VmallocChunk:      75648 kB
1557663537.900507
MemTotal:        1899508 kB
MemFree:           42228 kB
Buffers:             636 kB
Cached:            96252 kB
SwapCached:            0 kB
Active:          1513280 kB
Inactive:          48192 kB
Active(anon):    1468064 kB
Inactive(anon):     2976 kB
Active(file):      45216 kB
Inactive(file):    45216 kB
Unevictable:        1940 kB
Mlocked:               0 kB
HighTotal:       1158144 kB
HighFree:           1756 kB
LowTotal:         741364 kB
LowFree:           40472 kB
SwapTotal:             0 kB
SwapFree:              0 kB
Dirty:                52 kB
Writeback:             0 kB
AnonPages:       1466668 kB
Mapped:           117276 kB
Shmem:              4516 kB
Slab:              33960 kB
SReclaimable:      12040 kB
SUnreclaim:        21920 kB
KernelStack:        5944 kB
PageTables:        11652 kB
NFS_Unstable:          0 kB
Bounce:                0 kB
WritebackTmp:          0 kB
CommitLimit:      949752 kB
Committed_AS:   11960052 kB
VmallocTotal:     245760 kB
VmallocUsed:       51004 kB
VmallocChunk:      75648 kB
1557663538.593654
MemTotal:        1899508 kB
MemFree:           96712 kB
Buffers:             656 kB
Cached:            97620 kB
SwapCached:            0 kB
Active:          1478780 kB
Inactive:          49744 kB
Active(anon):    1433764 kB
Inactive(anon):     2976 kB
Active(file):      45016 kB
Inactive(file):    46768 kB
Unevictable:        1940 kB
Mlocked:               0 kB
HighTotal:       1158144 kB
HighFree:          25916 kB
LowTotal:         741364 kB
LowFree:           70796 kB
SwapTotal:             0 kB
SwapFree:              0 kB
Dirty:                52 kB
Writeback:             0 kB
AnonPages:       1432484 kB
Mapped:            96912 kB
Shmem:              4516 kB
Slab:              33756 kB
SReclaimable:      12040 kB
SUnreclaim:        21716 kB
KernelStack:        5808 kB
PageTables:        10852 kB
NFS_Unstable:          0 kB
Bounce:                0 kB
WritebackTmp:          0 kB
CommitLimit:      949752 kB
Committed_AS:   11379372 kB
VmallocTotal:     245760 kB
VmallocUsed:       49768 kB
VmallocChunk:      75648 kB
1557663539.263716
MemTotal:        1899508 kB
MemFree:           90900 kB
Buffers:             672 kB
Cached:            97708 kB
SwapCached:            0 kB
Active:          1484548 kB
Inactive:          49808 kB
Active(anon):    1439484 kB
Inactive(anon):     2972 kB
Active(file):      45064 kB
Inactive(file):    46836 kB
Unevictable:        1940 kB
Mlocked:               0 kB
HighTotal:       1158144 kB
HighFree:          20168 kB
LowTotal:         741364 kB
LowFree:           70732 kB
SwapTotal:             0 kB
SwapFree:              0 kB
Dirty:                52 kB
Writeback:             0 kB
AnonPages:       1438080 kB
Mapped:            96880 kB
Shmem:              4540 kB
Slab:              33708 kB
SReclaimable:      12040 kB
SUnreclaim:        21668 kB
KernelStack:        5672 kB
PageTables:        10872 kB
NFS_Unstable:          0 kB
Bounce:                0 kB
WritebackTmp:          0 kB
CommitLimit:      949752 kB
Committed_AS:   11379500 kB
VmallocTotal:     245760 kB
VmallocUsed:       49768 kB
VmallocChunk:      75648 kB
1557663539.915782
MemTotal:        1899508 kB
MemFree:           79244 kB
Buffers:             688 kB
Cached:           104636 kB
SwapCached:            0 kB
Active:          1489016 kB
Inactive:          56732 kB
Active(anon):    1443956 kB
Inactive(anon):     2972 kB
Active(file):      45060 kB
Inactive(file):    53760 kB
Unevictable:        1940 kB
Mlocked:               0 kB
HighTotal:       1158144 kB
HighFree:           8604 kB
LowTotal:         741364 kB
LowFree:           70640 kB
SwapTotal:             0 kB
SwapFree:              0 kB
Dirty:                56 kB
Writeback:             4 kB
AnonPages:       1442620 kB
Mapped:            98560 kB
Shmem:              4540 kB
Slab:              33708 kB
SReclaimable:      12040 kB
SUnreclaim:        21668 kB
KernelStack:        5608 kB
PageTables:        10872 kB
NFS_Unstable:          0 kB
Bounce:                0 kB
WritebackTmp:          0 kB
CommitLimit:      949752 kB
Committed_AS:   11380036 kB
VmallocTotal:     245760 kB
VmallocUsed:       49768 kB
VmallocChunk:      75648 kB
1557663540.550636
MemTotal:        1899508 kB
MemFree:           74960 kB
Buffers:             704 kB
Cached:           104656 kB
SwapCached:            0 kB
Active:          1493380 kB
Inactive:          56788 kB
Active(anon):    1448316 kB
Inactive(anon):     2972 kB
Active(file):      45064 kB
Inactive(file):    53816 kB
Unevictable:        1940 kB
Mlocked:               0 kB
HighTotal:       1158144 kB
HighFree:           4196 kB
LowTotal:         741364 kB
LowFree:           70764 kB
SwapTotal:             0 kB
SwapFree:              0 kB
Dirty:                56 kB
Writeback:             0 kB
AnonPages:       1446824 kB
Mapped:            98588 kB
Shmem:              4540 kB
Slab:              33676 kB
SReclaimable:      12040 kB
SUnreclaim:        21636 kB
KernelStack:        5688 kB
PageTables:        10880 kB
NFS_Unstable:          0 kB
Bounce:                0 kB
WritebackTmp:          0 kB
CommitLimit:      949752 kB
Committed_AS:   11380136 kB
VmallocTotal:     245760 kB
VmallocUsed:       49768 kB
VmallocChunk:      75648 kB
1557663541.165611
MemTotal:        1899508 kB
MemFree:           69504 kB
Buffers:             720 kB
Cached:           104656 kB
SwapCached:            0 kB
Active:          1498328 kB
Inactive:          56804 kB
Active(anon):    1453264 kB
Inactive(anon):     2972 kB
Active(file):      45064 kB
Inactive(file):    53832 kB
Unevictable:        1940 kB
Mlocked:               0 kB
HighTotal:       1158144 kB
HighFree:           1716 kB
LowTotal:         741364 kB
LowFree:           67788 kB
SwapTotal:             0 kB
SwapFree:              0 kB
Dirty:                56 kB
Writeback:             0 kB
AnonPages:       1451772 kB
Mapped:            98588 kB
Shmem:              4540 kB
Slab:              33900 kB
SReclaimable:      12040 kB
SUnreclaim:        21860 kB
KernelStack:        5688 kB
PageTables:        10892 kB
NFS_Unstable:          0 kB
Bounce:                0 kB
WritebackTmp:          0 kB
CommitLimit:      949752 kB
Committed_AS:   11383224 kB
VmallocTotal:     245760 kB
VmallocUsed:       49768 kB
VmallocChunk:      75648 kB
1557663541.927476
MemTotal:        1899508 kB
MemFree:           65800 kB
Buffers:             740 kB
Cached:           104912 kB
SwapCached:            0 kB
Active:          1502788 kB
Inactive:          57080 kB
Active(anon):    1457724 kB
Inactive(anon):     2972 kB
Active(file):      45064 kB
Inactive(file):    54108 kB
Unevictable:        1940 kB
Mlocked:               0 kB
HighTotal:       1158144 kB
HighFree:           1856 kB
LowTotal:         741364 kB
LowFree:           63944 kB
SwapTotal:             0 kB
SwapFree:              0 kB
Dirty:                44 kB
Writeback:             0 kB
AnonPages:       1456224 kB
Mapped:            98616 kB
Shmem:              4540 kB
Slab:              33932 kB
SReclaimable:      12040 kB
SUnreclaim:        21892 kB
KernelStack:        5672 kB
PageTables:        10888 kB
NFS_Unstable:          0 kB
Bounce:                0 kB
WritebackTmp:          0 kB
CommitLimit:      949752 kB
Committed_AS:   11386948 kB
VmallocTotal:     245760 kB
VmallocUsed:       49768 kB
VmallocChunk:      75648 kB
1557663542.601688
MemTotal:        1899508 kB
MemFree:           60936 kB
Buffers:             756 kB
Cached:           104896 kB
SwapCached:            0 kB
Active:          1506404 kB
Inactive:          57080 kB
Active(anon):    1461340 kB
Inactive(anon):     2972 kB
Active(file):      45064 kB
Inactive(file):    54108 kB
Unevictable:        1940 kB
Mlocked:               0 kB
HighTotal:       1158144 kB
HighFree:           2008 kB
LowTotal:         741364 kB
LowFree:           58928 kB
SwapTotal:             0 kB
SwapFree:              0 kB
Dirty:                44 kB
Writeback:             0 kB
AnonPages:       1459708 kB
Mapped:            98616 kB
Shmem:              4540 kB
Slab:              33932 kB
SReclaimable:      12040 kB
SUnreclaim:        21892 kB
KernelStack:        5672 kB
PageTables:        11188 kB
NFS_Unstable:          0 kB
Bounce:                0 kB
WritebackTmp:          0 kB
CommitLimit:      949752 kB
Committed_AS:   12615252 kB
VmallocTotal:     245760 kB
VmallocUsed:       49768 kB
VmallocChunk:      75648 kB
1557663543.230078
MemTotal:        1899508 kB
MemFree:           42592 kB
Buffers:             772 kB
Cached:           117604 kB
SwapCached:            0 kB
Active:          1512280 kB
Inactive:          69588 kB
Active(anon):    1467052 kB
Inactive(anon):     2972 kB
Active(file):      45228 kB
Inactive(file):    66616 kB
Unevictable:        1940 kB
Mlocked:               0 kB
HighTotal:       1158144 kB
HighFree:           1736 kB
LowTotal:         741364 kB
LowFree:           40856 kB
SwapTotal:             0 kB
SwapFree:              0 kB
Dirty:                48 kB
Writeback:             4 kB
AnonPages:       1465648 kB
Mapped:           101372 kB
Shmem:              4540 kB
Slab:              34124 kB
SReclaimable:      12040 kB
SUnreclaim:        22084 kB
KernelStack:        5752 kB
PageTables:        11304 kB
NFS_Unstable:          0 kB
Bounce:                0 kB
WritebackTmp:          0 kB
CommitLimit:      949752 kB
Committed_AS:   11964772 kB
VmallocTotal:     245760 kB
VmallocUsed:       50788 kB
VmallocChunk:      75648 kB
1557663543.827631
MemTotal:        1899508 kB
MemFree:           40716 kB
Buffers:             644 kB
Cached:           115348 kB
SwapCached:            0 kB
Active:          1518880 kB
Inactive:          66132 kB
Active(anon):    1472704 kB
Inactive(anon):     2972 kB
Active(file):      46176 kB
Inactive(file):    63160 kB
Unevictable:        1940 kB
Mlocked:               0 kB
HighTotal:       1158144 kB
HighFree:            724 kB
LowTotal:         741364 kB
LowFree:           39992 kB
SwapTotal:             0 kB
SwapFree:              0 kB
Dirty:                48 kB
Writeback:             4 kB
AnonPages:       1471268 kB
Mapped:           105640 kB
Shmem:              4540 kB
Slab:              34124 kB
SReclaimable:      12040 kB
SUnreclaim:        22084 kB
KernelStack:        5752 kB
PageTables:        11704 kB
NFS_Unstable:          0 kB
Bounce:                0 kB
WritebackTmp:          0 kB
CommitLimit:      949752 kB
Committed_AS:   13190352 kB
VmallocTotal:     245760 kB
VmallocUsed:       51808 kB
VmallocChunk:      75648 kB
1557663544.526266
MemTotal:        1899508 kB
MemFree:           41320 kB
Buffers:             328 kB
Cached:           115912 kB
SwapCached:            0 kB
Active:          1523160 kB
Inactive:          61000 kB
Active(anon):    1471688 kB
Inactive(anon):     2972 kB
Active(file):      51472 kB
Inactive(file):    58028 kB
Unevictable:        1940 kB
Mlocked:               0 kB
HighTotal:       1158144 kB
HighFree:           1056 kB
LowTotal:         741364 kB
LowFree:           40264 kB
SwapTotal:             0 kB
SwapFree:              0 kB
Dirty:                52 kB
Writeback:             0 kB
AnonPages:       1470088 kB
Mapped:            98308 kB
Shmem:              4540 kB
Slab:              34092 kB
SReclaimable:      12040 kB
SUnreclaim:        22052 kB
KernelStack:        5840 kB
PageTables:        11396 kB
NFS_Unstable:          0 kB
Bounce:                0 kB
WritebackTmp:          0 kB
CommitLimit:      949752 kB
Committed_AS:   11971592 kB
VmallocTotal:     245760 kB
VmallocUsed:       50788 kB
VmallocChunk:      75648 kB
1557663545.209240
MemTotal:        1899508 kB
MemFree:           41180 kB
Buffers:             184 kB
Cached:           111804 kB
SwapCached:            0 kB
Active:          1526916 kB
Inactive:          57428 kB
Active(anon):    1476132 kB
Inactive(anon):     2972 kB
Active(file):      50784 kB
Inactive(file):    54456 kB
Unevictable:        1940 kB
Mlocked:               0 kB
HighTotal:       1158144 kB
HighFree:            672 kB
LowTotal:         741364 kB
LowFree:           40508 kB
SwapTotal:             0 kB
SwapFree:              0 kB
Dirty:                 0 kB
Writeback:             0 kB
AnonPages:       1474500 kB
Mapped:           102732 kB
Shmem:              4540 kB
Slab:              34092 kB
SReclaimable:      12040 kB
SUnreclaim:        22052 kB
KernelStack:        5800 kB
PageTables:        11836 kB
NFS_Unstable:          0 kB
Bounce:                0 kB
WritebackTmp:          0 kB
CommitLimit:      949752 kB
Committed_AS:   12539984 kB
VmallocTotal:     245760 kB
VmallocUsed:       51808 kB
VmallocChunk:      75648 kB
1557663545.861939
MemTotal:        1899508 kB
MemFree:           39752 kB
Buffers:             188 kB
Cached:           110556 kB
SwapCached:            0 kB
Active:          1530408 kB
Inactive:          57104 kB
Active(anon):    1480292 kB
Inactive(anon):     2972 kB
Active(file):      50116 kB
Inactive(file):    54132 kB
Unevictable:        1940 kB
Mlocked:               0 kB
HighTotal:       1158144 kB
HighFree:            452 kB
LowTotal:         741364 kB
LowFree:           39300 kB
SwapTotal:             0 kB
SwapFree:              0 kB
Dirty:                 0 kB
Writeback:             0 kB
AnonPages:       1478728 kB
Mapped:           106852 kB
Shmem:              4540 kB
Slab:              34088 kB
SReclaimable:      12040 kB
SUnreclaim:        22048 kB
KernelStack:        5840 kB
PageTables:        11924 kB
NFS_Unstable:          0 kB
Bounce:                0 kB
WritebackTmp:          0 kB
CommitLimit:      949752 kB
Committed_AS:   12541596 kB
VmallocTotal:     245760 kB
VmallocUsed:       51808 kB
VmallocChunk:      75648 kB
1557663546.649626
MemTotal:        1899508 kB
MemFree:           40056 kB
Buffers:             308 kB
Cached:           126464 kB
SwapCached:            0 kB
Active:          1515696 kB
Inactive:          71352 kB
Active(anon):    1464096 kB
Inactive(anon):     2972 kB
Active(file):      51600 kB
Inactive(file):    68380 kB
Unevictable:        1940 kB
Mlocked:               0 kB
HighTotal:       1158144 kB
HighFree:            428 kB
LowTotal:         741364 kB
LowFree:           39628 kB
SwapTotal:             0 kB
SwapFree:              0 kB
Dirty:                 0 kB
Writeback:             0 kB
AnonPages:       1462624 kB
Mapped:           108620 kB
Shmem:              4540 kB
Slab:              34088 kB
SReclaimable:      12040 kB
SUnreclaim:        22048 kB
KernelStack:        5840 kB
PageTables:        12024 kB
NFS_Unstable:          0 kB
Bounce:                0 kB
WritebackTmp:          0 kB
CommitLimit:      949752 kB
Committed_AS:   12542780 kB
VmallocTotal:     245760 kB
VmallocUsed:       51808 kB
VmallocChunk:      75648 kB
1557663547.308134
MemTotal:        1899508 kB
MemFree:           40984 kB
Buffers:             364 kB
Cached:           124384 kB
SwapCached:            0 kB
Active:          1519544 kB
Inactive:          67440 kB
Active(anon):    1465796 kB
Inactive(anon):     2972 kB
Active(file):      53748 kB
Inactive(file):    64468 kB
Unevictable:        1940 kB
Mlocked:               0 kB
HighTotal:       1158144 kB
HighFree:            800 kB
LowTotal:         741364 kB
LowFree:           40184 kB
SwapTotal:             0 kB
SwapFree:              0 kB
Dirty:                56 kB
Writeback:             0 kB
AnonPages:       1464148 kB
Mapped:           108544 kB
Shmem:              4540 kB
Slab:              33892 kB
SReclaimable:      12040 kB
SUnreclaim:        21852 kB
KernelStack:        5840 kB
PageTables:        11972 kB
NFS_Unstable:          0 kB
Bounce:                0 kB
WritebackTmp:          0 kB
CommitLimit:      949752 kB
Committed_AS:   12543708 kB
VmallocTotal:     245760 kB
VmallocUsed:       51808 kB
VmallocChunk:      75648 kB
1557663547.980518
MemTotal:        1899508 kB
MemFree:           41084 kB
Buffers:             364 kB
Cached:           119724 kB
SwapCached:            0 kB
Active:          1525752 kB
Inactive:          59712 kB
Active(anon):    1468936 kB
Inactive(anon):     2972 kB
Active(file):      56816 kB
Inactive(file):    56740 kB
Unevictable:        1940 kB
Mlocked:               0 kB
HighTotal:       1158144 kB
HighFree:           1280 kB
LowTotal:         741364 kB
LowFree:           39804 kB
SwapTotal:             0 kB
SwapFree:              0 kB
Dirty:                 0 kB
Writeback:             0 kB
AnonPages:       1467512 kB
Mapped:           104856 kB
Shmem:              4540 kB
Slab:              33876 kB
SReclaimable:      12040 kB
SUnreclaim:        21836 kB
KernelStack:        5872 kB
PageTables:        12004 kB
NFS_Unstable:          0 kB
Bounce:                0 kB
WritebackTmp:          0 kB
CommitLimit:      949752 kB
Committed_AS:   12544080 kB
VmallocTotal:     245760 kB
VmallocUsed:       51808 kB
VmallocChunk:      75648 kB
1557663548.627524
MemTotal:        1899508 kB
MemFree:           39928 kB
Buffers:             372 kB
Cached:           119340 kB
SwapCached:            0 kB
Active:          1526140 kB
Inactive:          60976 kB
Active(anon):    1471152 kB
Inactive(anon):     2972 kB
Active(file):      54988 kB
Inactive(file):    58004 kB
Unevictable:        1940 kB
Mlocked:               0 kB
HighTotal:       1158144 kB
HighFree:            396 kB
LowTotal:         741364 kB
LowFree:           39532 kB
SwapTotal:             0 kB
SwapFree:              0 kB
Dirty:                 0 kB
Writeback:             0 kB
AnonPages:       1469704 kB
Mapped:           106844 kB
Shmem:              4540 kB
Slab:              33876 kB
SReclaimable:      12040 kB
SUnreclaim:        21836 kB
KernelStack:        5872 kB
PageTables:        12004 kB
NFS_Unstable:          0 kB
Bounce:                0 kB
WritebackTmp:          0 kB
CommitLimit:      949752 kB
Committed_AS:   12547112 kB
VmallocTotal:     245760 kB
VmallocUsed:       51808 kB
VmallocChunk:      75648 kB
1557663549.256761
MemTotal:        1899508 kB
MemFree:           39880 kB
Buffers:             324 kB
Cached:           116520 kB
SwapCached:            0 kB
Active:          1529420 kB
Inactive:          57520 kB
Active(anon):    1473880 kB
Inactive(anon):     3452 kB
Active(file):      55540 kB
Inactive(file):    54068 kB
Unevictable:        1940 kB
Mlocked:               0 kB
HighTotal:       1158144 kB
HighFree:            408 kB
LowTotal:         741364 kB
LowFree:           39472 kB
SwapTotal:             0 kB
SwapFree:              0 kB
Dirty:                 0 kB
Writeback:             0 kB
AnonPages:       1472404 kB
Mapped:           108048 kB
Shmem:              5116 kB
Slab:              33824 kB
SReclaimable:      12040 kB
SUnreclaim:        21784 kB
KernelStack:        5952 kB
PageTables:        11996 kB
NFS_Unstable:          0 kB
Bounce:                0 kB
WritebackTmp:          0 kB
CommitLimit:      949752 kB
Committed_AS:   12549300 kB
VmallocTotal:     245760 kB
VmallocUsed:       51808 kB
VmallocChunk:      75648 kB
1557663549.951283
MemTotal:        1899508 kB
MemFree:           44624 kB
Buffers:             336 kB
Cached:           110232 kB
SwapCached:            0 kB
Active:          1526132 kB
Inactive:          55936 kB
Active(anon):    1475060 kB
Inactive(anon):     3460 kB
Active(file):      51072 kB
Inactive(file):    52476 kB
Unevictable:        1940 kB
Mlocked:               0 kB
HighTotal:       1158144 kB
HighFree:           1804 kB
LowTotal:         741364 kB
LowFree:           42820 kB
SwapTotal:             0 kB
SwapFree:              0 kB
Dirty:                88 kB
Writeback:             0 kB
AnonPages:       1473432 kB
Mapped:           107888 kB
Shmem:              5124 kB
Slab:              33824 kB
SReclaimable:      12040 kB
SUnreclaim:        21784 kB
KernelStack:        5984 kB
PageTables:        12028 kB
NFS_Unstable:          0 kB
Bounce:                0 kB
WritebackTmp:          0 kB
CommitLimit:      949752 kB
Committed_AS:   12548256 kB
VmallocTotal:     245760 kB
VmallocUsed:       51808 kB
VmallocChunk:      75648 kB
1557663550.562975
MemTotal:        1899508 kB
MemFree:           40188 kB
Buffers:             576 kB
Cached:           110748 kB
SwapCached:            0 kB
Active:          1529992 kB
Inactive:          56180 kB
Active(anon):    1478456 kB
Inactive(anon):     3460 kB
Active(file):      51536 kB
Inactive(file):    52720 kB
Unevictable:        1940 kB
Mlocked:               0 kB
HighTotal:       1158144 kB
HighFree:            508 kB
LowTotal:         741364 kB
LowFree:           39680 kB
SwapTotal:             0 kB
SwapFree:              0 kB
Dirty:                 0 kB
Writeback:             0 kB
AnonPages:       1476892 kB
Mapped:           107196 kB
Shmem:              5124 kB
Slab:              33728 kB
SReclaimable:      12040 kB
SUnreclaim:        21688 kB
KernelStack:        5984 kB
PageTables:        12028 kB
NFS_Unstable:          0 kB
Bounce:                0 kB
WritebackTmp:          0 kB
CommitLimit:      949752 kB
Committed_AS:   12549816 kB
VmallocTotal:     245760 kB
VmallocUsed:       51808 kB
VmallocChunk:      75648 kB
1557663551.248260
MemTotal:        1899508 kB
MemFree:           40140 kB
Buffers:             724 kB
Cached:           109408 kB
SwapCached:            0 kB
Active:          1530744 kB
Inactive:          56032 kB
Active(anon):    1480416 kB
Inactive(anon):     3452 kB
Active(file):      50328 kB
Inactive(file):    52580 kB
Unevictable:        1940 kB
Mlocked:               0 kB
HighTotal:       1158144 kB
HighFree:            592 kB
LowTotal:         741364 kB
LowFree:           39548 kB
SwapTotal:             0 kB
SwapFree:              0 kB
Dirty:                44 kB
Writeback:             0 kB
AnonPages:       1478764 kB
Mapped:           103428 kB
Shmem:              5116 kB
Slab:              33988 kB
SReclaimable:      12040 kB
SUnreclaim:        21948 kB
KernelStack:        5984 kB
PageTables:        12080 kB
NFS_Unstable:          0 kB
Bounce:                0 kB
WritebackTmp:          0 kB
CommitLimit:      949752 kB
Committed_AS:   12552432 kB
VmallocTotal:     245760 kB
VmallocUsed:       51808 kB
VmallocChunk:      75648 kB
1557663552.097858
MemTotal:        1899508 kB
MemFree:           41100 kB
Buffers:             636 kB
Cached:           107028 kB
SwapCached:            0 kB
Active:          1530480 kB
Inactive:          53892 kB
Active(anon):    1480388 kB
Inactive(anon):     3456 kB
Active(file):      50092 kB
Inactive(file):    50436 kB
Unevictable:        1940 kB
Mlocked:               0 kB
HighTotal:       1158144 kB
HighFree:           1332 kB
LowTotal:         741364 kB
LowFree:           39768 kB
SwapTotal:             0 kB
SwapFree:              0 kB
Dirty:                 4 kB
Writeback:             0 kB
AnonPages:       1478716 kB
Mapped:           101768 kB
Shmem:              5120 kB
Slab:              33988 kB
SReclaimable:      12040 kB
SUnreclaim:        21948 kB
KernelStack:        6080 kB
PageTables:        12348 kB
NFS_Unstable:          0 kB
Bounce:                0 kB
WritebackTmp:          0 kB
CommitLimit:      949752 kB
Committed_AS:   14428412 kB
VmallocTotal:     245760 kB
VmallocUsed:       52828 kB
VmallocChunk:      75648 kB
1557663552.752742
MemTotal:        1899508 kB
MemFree:           40636 kB
Buffers:             292 kB
Cached:           105924 kB
SwapCached:            0 kB
Active:          1532696 kB
Inactive:          53324 kB
Active(anon):    1483468 kB
Inactive(anon):     3524 kB
Active(file):      49228 kB
Inactive(file):    49800 kB
Unevictable:        1940 kB
Mlocked:               0 kB
HighTotal:       1158144 kB
HighFree:            868 kB
LowTotal:         741364 kB
LowFree:           39768 kB
SwapTotal:             0 kB
SwapFree:              0 kB
Dirty:                 4 kB
Writeback:             0 kB
AnonPages:       1481732 kB
Mapped:           102964 kB
Shmem:              5120 kB
Slab:              33988 kB
SReclaimable:      12040 kB
SUnreclaim:        21948 kB
KernelStack:        6080 kB
PageTables:        12448 kB
NFS_Unstable:          0 kB
Bounce:                0 kB
WritebackTmp:          0 kB
CommitLimit:      949752 kB
Committed_AS:   13119544 kB
VmallocTotal:     245760 kB
VmallocUsed:       52828 kB
VmallocChunk:      75648 kB
1557663553.398617
MemTotal:        1899508 kB
MemFree:           43104 kB
Buffers:             380 kB
Cached:           104932 kB
SwapCached:            0 kB
Active:          1531076 kB
Inactive:          51636 kB
Active(anon):    1481180 kB
Inactive(anon):     3448 kB
Active(file):      49896 kB
Inactive(file):    48188 kB
Unevictable:        1940 kB
Mlocked:               0 kB
HighTotal:       1158144 kB
HighFree:           1740 kB
LowTotal:         741364 kB
LowFree:           41364 kB
SwapTotal:             0 kB
SwapFree:              0 kB
Dirty:                 0 kB
Writeback:             0 kB
AnonPages:       1479608 kB
Mapped:           102428 kB
Shmem:              5112 kB
Slab:              33984 kB
SReclaimable:      12040 kB
SUnreclaim:        21944 kB
KernelStack:        6112 kB
PageTables:        12028 kB
NFS_Unstable:          0 kB
Bounce:                0 kB
WritebackTmp:          0 kB
CommitLimit:      949752 kB
Committed_AS:   12550264 kB
VmallocTotal:     245760 kB
VmallocUsed:       51808 kB
VmallocChunk:      75648 kB
1557663553.996407
MemTotal:        1899508 kB
MemFree:           40140 kB
Buffers:             488 kB
Cached:           100960 kB
SwapCached:            0 kB
Active:          1535268 kB
Inactive:          51168 kB
Active(anon):    1488572 kB
Inactive(anon):     3452 kB
Active(file):      46696 kB
Inactive(file):    47716 kB
Unevictable:        1940 kB
Mlocked:               0 kB
HighTotal:       1158144 kB
HighFree:            404 kB
LowTotal:         741364 kB
LowFree:           39736 kB
SwapTotal:             0 kB
SwapFree:              0 kB
Dirty:                 0 kB
Writeback:             0 kB
AnonPages:       1487012 kB
Mapped:           103004 kB
Shmem:              5116 kB
Slab:              33984 kB
SReclaimable:      12040 kB
SUnreclaim:        21944 kB
KernelStack:        6152 kB
PageTables:        12440 kB
NFS_Unstable:          0 kB
Bounce:                0 kB
WritebackTmp:          0 kB
CommitLimit:      949752 kB
Committed_AS:   13119976 kB
VmallocTotal:     245760 kB
VmallocUsed:       52828 kB
VmallocChunk:      75648 kB
1557663554.738062
MemTotal:        1899508 kB
MemFree:           40512 kB
Buffers:             572 kB
Cached:            97668 kB
SwapCached:            0 kB
Active:          1537212 kB
Inactive:          49128 kB
Active(anon):    1491980 kB
Inactive(anon):     3452 kB
Active(file):      45232 kB
Inactive(file):    45676 kB
Unevictable:        1940 kB
Mlocked:               0 kB
HighTotal:       1158144 kB
HighFree:            568 kB
LowTotal:         741364 kB
LowFree:           39944 kB
SwapTotal:             0 kB
SwapFree:              0 kB
Dirty:                 0 kB
Writeback:             0 kB
AnonPages:       1490344 kB
Mapped:           101908 kB
Shmem:              5116 kB
Slab:              33984 kB
SReclaimable:      12040 kB
SUnreclaim:        21944 kB
KernelStack:        6152 kB
PageTables:        12540 kB
NFS_Unstable:          0 kB
Bounce:                0 kB
WritebackTmp:          0 kB
CommitLimit:      949752 kB
Committed_AS:   13120768 kB
VmallocTotal:     245760 kB
VmallocUsed:       52828 kB
VmallocChunk:      75648 kB
1557663555.367721
MemTotal:        1899508 kB
MemFree:           54560 kB
Buffers:             588 kB
Cached:            99132 kB
SwapCached:            0 kB
Active:          1524296 kB
Inactive:          48336 kB
Active(anon):    1476664 kB
Inactive(anon):     3448 kB
Active(file):      47632 kB
Inactive(file):    44888 kB
Unevictable:        1940 kB
Mlocked:               0 kB
HighTotal:       1158144 kB
HighFree:           6012 kB
LowTotal:         741364 kB
LowFree:           48548 kB
SwapTotal:             0 kB
SwapFree:              0 kB
Dirty:               100 kB
Writeback:             0 kB
AnonPages:       1475000 kB
Mapped:            85036 kB
Shmem:              5116 kB
Slab:              34048 kB
SReclaimable:      12040 kB
SUnreclaim:        22008 kB
KernelStack:        6008 kB
PageTables:        11672 kB
NFS_Unstable:          0 kB
Bounce:                0 kB
WritebackTmp:          0 kB
CommitLimit:      949752 kB
Committed_AS:   12538052 kB
VmallocTotal:     245760 kB
VmallocUsed:       51808 kB
VmallocChunk:      75648 kB
1557663556.182578
MemTotal:        1899508 kB
MemFree:           40152 kB
Buffers:             372 kB
Cached:           109604 kB
SwapCached:            0 kB
Active:          1527980 kB
Inactive:          57904 kB
Active(anon):    1479724 kB
Inactive(anon):     3444 kB
Active(file):      48256 kB
Inactive(file):    54460 kB
Unevictable:        1940 kB
Mlocked:               0 kB
HighTotal:       1158144 kB
HighFree:            472 kB
LowTotal:         741364 kB
LowFree:           39680 kB
SwapTotal:             0 kB
SwapFree:              0 kB
Dirty:                 0 kB
Writeback:             0 kB
AnonPages:       1478056 kB
Mapped:            91468 kB
Shmem:              5116 kB
Slab:              33968 kB
SReclaimable:      12040 kB
SUnreclaim:        21928 kB
KernelStack:        5944 kB
PageTables:        12128 kB
NFS_Unstable:          0 kB
Bounce:                0 kB
WritebackTmp:          0 kB
CommitLimit:      949752 kB
Committed_AS:   13109984 kB
VmallocTotal:     245760 kB
VmallocUsed:       52828 kB
VmallocChunk:      75648 kB
1557663556.916213
MemTotal:        1899508 kB
MemFree:           50300 kB
Buffers:             372 kB
Cached:           110840 kB
SwapCached:            0 kB
Active:          1520612 kB
Inactive:          56188 kB
Active(anon):    1469160 kB
Inactive(anon):     3448 kB
Active(file):      51452 kB
Inactive(file):    52740 kB
Unevictable:        1940 kB
Mlocked:               0 kB
HighTotal:       1158144 kB
HighFree:           4496 kB
LowTotal:         741364 kB
LowFree:           45804 kB
SwapTotal:             0 kB
SwapFree:              0 kB
Dirty:                 0 kB
Writeback:             0 kB
AnonPages:       1467628 kB
Mapped:            83672 kB
Shmem:              5164 kB
Slab:              33968 kB
SReclaimable:      12040 kB
SUnreclaim:        21928 kB
KernelStack:        5816 kB
PageTables:        11820 kB
NFS_Unstable:          0 kB
Bounce:                0 kB
WritebackTmp:          0 kB
CommitLimit:      949752 kB
Committed_AS:   12538568 kB
VmallocTotal:     245760 kB
VmallocUsed:       51808 kB
VmallocChunk:      75648 kB
1557663557.577127
MemTotal:        1899508 kB
MemFree:           41860 kB
Buffers:             372 kB
Cached:           116600 kB
SwapCached:            0 kB
Active:          1522696 kB
Inactive:          61788 kB
Active(anon):    1471392 kB
Inactive(anon):     3448 kB
Active(file):      51304 kB
Inactive(file):    58340 kB
Unevictable:        1940 kB
Mlocked:               0 kB
HighTotal:       1158144 kB
HighFree:           1268 kB
LowTotal:         741364 kB
LowFree:           40592 kB
SwapTotal:             0 kB
SwapFree:              0 kB
Dirty:                 0 kB
Writeback:             0 kB
AnonPages:       1469796 kB
Mapped:            87456 kB
Shmem:              5164 kB
Slab:              33968 kB
SReclaimable:      12040 kB
SUnreclaim:        21928 kB
KernelStack:        5816 kB
PageTables:        11820 kB
NFS_Unstable:          0 kB
Bounce:                0 kB
WritebackTmp:          0 kB
CommitLimit:      949752 kB
Committed_AS:   12539900 kB
VmallocTotal:     245760 kB
VmallocUsed:       51808 kB
VmallocChunk:      75648 kB
1557663558.207077
MemTotal:        1899508 kB
MemFree:           40152 kB
Buffers:             268 kB
Cached:           116452 kB
SwapCached:            0 kB
Active:          1527188 kB
Inactive:          60700 kB
Active(anon):    1474864 kB
Inactive(anon):     3444 kB
Active(file):      52324 kB
Inactive(file):    57256 kB
Unevictable:        1940 kB
Mlocked:               0 kB
HighTotal:       1158144 kB
HighFree:            464 kB
LowTotal:         741364 kB
LowFree:           39688 kB
SwapTotal:             0 kB
SwapFree:              0 kB
Dirty:                 0 kB
Writeback:             0 kB
AnonPages:       1473268 kB
Mapped:            90380 kB
Shmem:              5116 kB
Slab:              33968 kB
SReclaimable:      12040 kB
SUnreclaim:        21928 kB
KernelStack:        5856 kB
PageTables:        11896 kB
NFS_Unstable:          0 kB
Bounce:                0 kB
WritebackTmp:          0 kB
CommitLimit:      949752 kB
Committed_AS:   12541060 kB
VmallocTotal:     245760 kB
VmallocUsed:       51808 kB
VmallocChunk:      75648 kB
1557663558.846540
MemTotal:        1899508 kB
MemFree:           42528 kB
Buffers:             352 kB
Cached:           110628 kB
SwapCached:            0 kB
Active:          1529136 kB
Inactive:          55964 kB
Active(anon):    1477808 kB
Inactive(anon):     3420 kB
Active(file):      51328 kB
Inactive(file):    52544 kB
Unevictable:        1940 kB
Mlocked:               0 kB
HighTotal:       1158144 kB
HighFree:           1912 kB
LowTotal:         741364 kB
LowFree:           40616 kB
SwapTotal:             0 kB
SwapFree:              0 kB
Dirty:                 0 kB
Writeback:             0 kB
AnonPages:       1476140 kB
Mapped:            92072 kB
Shmem:              5116 kB
Slab:              34512 kB
SReclaimable:      12040 kB
SUnreclaim:        22472 kB
KernelStack:        5808 kB
PageTables:        11932 kB
NFS_Unstable:          0 kB
Bounce:                0 kB
WritebackTmp:          0 kB
CommitLimit:      949752 kB
Committed_AS:   12541828 kB
VmallocTotal:     245760 kB
VmallocUsed:       51808 kB
VmallocChunk:      75648 kB
1557663559.559265
MemTotal:        1899508 kB
MemFree:           40592 kB
Buffers:             396 kB
Cached:           109200 kB
SwapCached:            0 kB
Active:          1530876 kB
Inactive:          56248 kB
Active(anon):    1481196 kB
Inactive(anon):     3420 kB
Active(file):      49680 kB
Inactive(file):    52828 kB
Unevictable:        1940 kB
Mlocked:               0 kB
HighTotal:       1158144 kB
HighFree:            460 kB
LowTotal:         741364 kB
LowFree:           40132 kB
SwapTotal:             0 kB
SwapFree:              0 kB
Dirty:                 0 kB
Writeback:             0 kB
AnonPages:       1479740 kB
Mapped:            93744 kB
Shmem:              5116 kB
Slab:              33936 kB
SReclaimable:      12040 kB
SUnreclaim:        21896 kB
KernelStack:        5872 kB
PageTables:        12044 kB
NFS_Unstable:          0 kB
Bounce:                0 kB
WritebackTmp:          0 kB
CommitLimit:      949752 kB
Committed_AS:   12545840 kB
VmallocTotal:     245760 kB
VmallocUsed:       51808 kB
VmallocChunk:      75648 kB
1557663560.233862
MemTotal:        1899508 kB
MemFree:           42372 kB
Buffers:             392 kB
Cached:           104680 kB
SwapCached:            0 kB
Active:          1530600 kB
Inactive:          53352 kB
Active(anon):    1482748 kB
Inactive(anon):     3420 kB
Active(file):      47852 kB
Inactive(file):    49932 kB
Unevictable:        1940 kB
Mlocked:               0 kB
HighTotal:       1158144 kB
HighFree:           1816 kB
LowTotal:         741364 kB
LowFree:           40556 kB
SwapTotal:             0 kB
SwapFree:              0 kB
Dirty:                 0 kB
Writeback:             0 kB
AnonPages:       1481088 kB
Mapped:            95720 kB
Shmem:              5116 kB
Slab:              33872 kB
SReclaimable:      12040 kB
SUnreclaim:        21832 kB
KernelStack:        5888 kB
PageTables:        11988 kB
NFS_Unstable:          0 kB
Bounce:                0 kB
WritebackTmp:          0 kB
CommitLimit:      949752 kB
Committed_AS:   12549616 kB
VmallocTotal:     245760 kB
VmallocUsed:       51808 kB
VmallocChunk:      75648 kB
1557663560.864804
MemTotal:        1899508 kB
MemFree:           39856 kB
Buffers:             316 kB
Cached:           105252 kB
SwapCached:            0 kB
Active:          1534432 kB
Inactive:          53468 kB
Active(anon):    1486044 kB
Inactive(anon):     3420 kB
Active(file):      48388 kB
Inactive(file):    50048 kB
Unevictable:        1940 kB
Mlocked:               0 kB
HighTotal:       1158144 kB
HighFree:            508 kB
LowTotal:         741364 kB
LowFree:           39348 kB
SwapTotal:             0 kB
SwapFree:              0 kB
Dirty:                 0 kB
Writeback:             0 kB
AnonPages:       1484468 kB
Mapped:            97760 kB
Shmem:              5116 kB
Slab:              33872 kB
SReclaimable:      12040 kB
SUnreclaim:        21832 kB
KernelStack:        5992 kB
PageTables:        12036 kB
NFS_Unstable:          0 kB
Bounce:                0 kB
WritebackTmp:          0 kB
CommitLimit:      949752 kB
Committed_AS:   12549912 kB
VmallocTotal:     245760 kB
VmallocUsed:       51808 kB
VmallocChunk:      75648 kB
1557663561.566962
MemTotal:        1899508 kB
MemFree:           39900 kB
Buffers:             236 kB
Cached:           104012 kB
SwapCached:            0 kB
Active:          1535548 kB
Inactive:          51632 kB
Active(anon):    1486616 kB
Inactive(anon):     3420 kB
Active(file):      48932 kB
Inactive(file):    48212 kB
Unevictable:        1940 kB
Mlocked:               0 kB
HighTotal:       1158144 kB
HighFree:            408 kB
LowTotal:         741364 kB
LowFree:           39492 kB
SwapTotal:             0 kB
SwapFree:              0 kB
Dirty:                 0 kB
Writeback:             0 kB
AnonPages:       1484964 kB
Mapped:            96664 kB
Shmem:              5116 kB
Slab:              33872 kB
SReclaimable:      12040 kB
SUnreclaim:        21832 kB
KernelStack:        5992 kB
PageTables:        12036 kB
NFS_Unstable:          0 kB
Bounce:                0 kB
WritebackTmp:          0 kB
CommitLimit:      949752 kB
Committed_AS:   12551928 kB
VmallocTotal:     245760 kB
VmallocUsed:       51808 kB
VmallocChunk:      75648 kB
1557663562.290720
MemTotal:        1899508 kB
MemFree:           42552 kB
Buffers:             284 kB
Cached:            98580 kB
SwapCached:            0 kB
Active:          1535132 kB
Inactive:          49012 kB
Active(anon):    1488980 kB
Inactive(anon):     3420 kB
Active(file):      46152 kB
Inactive(file):    45592 kB
Unevictable:        1940 kB
Mlocked:               0 kB
HighTotal:       1158144 kB
HighFree:           1784 kB
LowTotal:         741364 kB
LowFree:           40768 kB
SwapTotal:             0 kB
SwapFree:              0 kB
Dirty:                 0 kB
Writeback:             0 kB
AnonPages:       1487208 kB
Mapped:            96800 kB
Shmem:              5116 kB
Slab:              33872 kB
SReclaimable:      12040 kB
SUnreclaim:        21832 kB
KernelStack:        5976 kB
PageTables:        12024 kB
NFS_Unstable:          0 kB
Bounce:                0 kB
WritebackTmp:          0 kB
CommitLimit:      949752 kB
Committed_AS:   12550796 kB
VmallocTotal:     245760 kB
VmallocUsed:       51808 kB
VmallocChunk:      75648 kB
1557663563.003620
MemTotal:        1899508 kB
MemFree:           51392 kB
Buffers:             556 kB
Cached:           103052 kB
SwapCached:            0 kB
Active:          1521788 kB
Inactive:          54396 kB
Active(anon):    1476452 kB
Inactive(anon):     3420 kB
Active(file):      45336 kB
Inactive(file):    50976 kB
Unevictable:        1940 kB
Mlocked:               0 kB
HighTotal:       1158144 kB
HighFree:           1808 kB
LowTotal:         741364 kB
LowFree:           49584 kB
SwapTotal:             0 kB
SwapFree:              0 kB
Dirty:                 0 kB
Writeback:             0 kB
AnonPages:       1474956 kB
Mapped:            97408 kB
Shmem:              5116 kB
Slab:              34024 kB
SReclaimable:      12040 kB
SUnreclaim:        21984 kB
KernelStack:        5944 kB
PageTables:        11480 kB
NFS_Unstable:          0 kB
Bounce:                0 kB
WritebackTmp:          0 kB
CommitLimit:      949752 kB
Committed_AS:   13167908 kB
VmallocTotal:     245760 kB
VmallocUsed:       51808 kB
VmallocChunk:      75648 kB
1557663564.035384
MemTotal:        1899508 kB
MemFree:           40784 kB
Buffers:             956 kB
Cached:           109864 kB
SwapCached:            0 kB
Active:          1527628 kB
Inactive:          58536 kB
Active(anon):    1479116 kB
Inactive(anon):     3420 kB
Active(file):      48512 kB
Inactive(file):    55116 kB
Unevictable:        1940 kB
Mlocked:               0 kB
HighTotal:       1158144 kB
HighFree:            616 kB
LowTotal:         741364 kB
LowFree:           40168 kB
SwapTotal:             0 kB
SwapFree:              0 kB
Dirty:                 0 kB
Writeback:             0 kB
AnonPages:       1477508 kB
Mapped:           100396 kB
Shmem:              5116 kB
Slab:              34000 kB
SReclaimable:      12040 kB
SUnreclaim:        21960 kB
KernelStack:        5856 kB
PageTables:        11560 kB
NFS_Unstable:          0 kB
Bounce:                0 kB
WritebackTmp:          0 kB
CommitLimit:      949752 kB
Committed_AS:   12519624 kB
VmallocTotal:     245760 kB
VmallocUsed:       51808 kB
VmallocChunk:      75648 kB
1557663564.746873
MemTotal:        1899508 kB
MemFree:           39944 kB
Buffers:             812 kB
Cached:           112972 kB
SwapCached:            0 kB
Active:          1529484 kB
Inactive:          58248 kB
Active(anon):    1477776 kB
Inactive(anon):     3440 kB
Active(file):      51708 kB
Inactive(file):    54808 kB
Unevictable:        1940 kB
Mlocked:               0 kB
HighTotal:       1158144 kB
HighFree:            428 kB
LowTotal:         741364 kB
LowFree:           39516 kB
SwapTotal:             0 kB
SwapFree:              0 kB
Dirty:                60 kB
Writeback:            20 kB
AnonPages:       1476220 kB
Mapped:           100820 kB
Shmem:              5140 kB
Slab:              33996 kB
SReclaimable:      12040 kB
SUnreclaim:        21956 kB
KernelStack:        5984 kB
PageTables:        11832 kB
NFS_Unstable:          0 kB
Bounce:                0 kB
WritebackTmp:          0 kB
CommitLimit:      949752 kB
Committed_AS:   14392100 kB
VmallocTotal:     245760 kB
VmallocUsed:       52828 kB
VmallocChunk:      75648 kB
1557663565.564905
MemTotal:        1899508 kB
MemFree:           40504 kB
Buffers:             684 kB
Cached:           109560 kB
SwapCached:            0 kB
Active:          1532124 kB
Inactive:          55048 kB
Active(anon):    1480656 kB
Inactive(anon):     3420 kB
Active(file):      51468 kB
Inactive(file):    51628 kB
Unevictable:        1940 kB
Mlocked:               0 kB
HighTotal:       1158144 kB
HighFree:            744 kB
LowTotal:         741364 kB
LowFree:           39760 kB
SwapTotal:             0 kB
SwapFree:              0 kB
Dirty:                 0 kB
Writeback:             0 kB
AnonPages:       1479004 kB
Mapped:           103528 kB
Shmem:              5116 kB
Slab:              33996 kB
SReclaimable:      12040 kB
SUnreclaim:        21956 kB
KernelStack:        5952 kB
PageTables:        11892 kB
NFS_Unstable:          0 kB
Bounce:                0 kB
WritebackTmp:          0 kB
CommitLimit:      949752 kB
Committed_AS:   13087068 kB
VmallocTotal:     245760 kB
VmallocUsed:       52828 kB
VmallocChunk:      75648 kB
1557663566.179159
MemTotal:        1899508 kB
MemFree:           40604 kB
Buffers:             380 kB
Cached:           109660 kB
SwapCached:            0 kB
Active:          1531824 kB
Inactive:          55296 kB
Active(anon):    1480792 kB
Inactive(anon):     3424 kB
Active(file):      51032 kB
Inactive(file):    51872 kB
Unevictable:        1940 kB
Mlocked:               0 kB
HighTotal:       1158144 kB
HighFree:            748 kB
LowTotal:         741364 kB
LowFree:           39856 kB
SwapTotal:             0 kB
SwapFree:              0 kB
Dirty:                 0 kB
Writeback:             0 kB
AnonPages:       1479108 kB
Mapped:           107608 kB
Shmem:              5120 kB
Slab:              33996 kB
SReclaimable:      12040 kB
SUnreclaim:        21956 kB
KernelStack:        5976 kB
PageTables:        11984 kB
NFS_Unstable:          0 kB
Bounce:                0 kB
WritebackTmp:          0 kB
CommitLimit:      949752 kB
Committed_AS:   13085248 kB
VmallocTotal:     245760 kB
VmallocUsed:       52828 kB
VmallocChunk:      75648 kB
1557663566.834457
MemTotal:        1899508 kB
MemFree:           40132 kB
Buffers:             340 kB
Cached:           105256 kB
SwapCached:            0 kB
Active:          1534752 kB
Inactive:          51588 kB
Active(anon):    1484280 kB
Inactive(anon):     3592 kB
Active(file):      50472 kB
Inactive(file):    47996 kB
Unevictable:        1940 kB
Mlocked:               0 kB
HighTotal:       1158144 kB
HighFree:            632 kB
LowTotal:         741364 kB
LowFree:           39500 kB
SwapTotal:             0 kB
SwapFree:              0 kB
Dirty:                 0 kB
Writeback:             0 kB
AnonPages:       1482664 kB
Mapped:           106924 kB
Shmem:              5288 kB
Slab:              33996 kB
SReclaimable:      12040 kB
SUnreclaim:        21956 kB
KernelStack:        5928 kB
PageTables:        11992 kB
NFS_Unstable:          0 kB
Bounce:                0 kB
WritebackTmp:          0 kB
CommitLimit:      949752 kB
Committed_AS:   13086964 kB
VmallocTotal:     245760 kB
VmallocUsed:       52828 kB
VmallocChunk:      75648 kB
1557663567.654770
MemTotal:        1899508 kB
MemFree:           41740 kB
Buffers:             308 kB
Cached:            99764 kB
SwapCached:            0 kB
Active:          1536412 kB
Inactive:          48572 kB
Active(anon):    1488504 kB
Inactive(anon):     3508 kB
Active(file):      47908 kB
Inactive(file):    45064 kB
Unevictable:        1940 kB
Mlocked:               0 kB
HighTotal:       1158144 kB
HighFree:           1580 kB
LowTotal:         741364 kB
LowFree:           40160 kB
SwapTotal:             0 kB
SwapFree:              0 kB
Dirty:                 0 kB
Writeback:             0 kB
AnonPages:       1486872 kB
Mapped:           104360 kB
Shmem:              5164 kB
Slab:              33996 kB
SReclaimable:      12040 kB
SUnreclaim:        21956 kB
KernelStack:        5928 kB
PageTables:        11692 kB
NFS_Unstable:          0 kB
Bounce:                0 kB
WritebackTmp:          0 kB
CommitLimit:      949752 kB
Committed_AS:   12526796 kB
VmallocTotal:     245760 kB
VmallocUsed:       52828 kB
VmallocChunk:      75648 kB
1557663568.357923
MemTotal:        1899508 kB
MemFree:           41944 kB
Buffers:             308 kB
Cached:           102812 kB
SwapCached:            0 kB
Active:          1534892 kB
Inactive:          50164 kB
Active(anon):    1485532 kB
Inactive(anon):     3420 kB
Active(file):      49360 kB
Inactive(file):    46744 kB
Unevictable:        1940 kB
Mlocked:               0 kB
HighTotal:       1158144 kB
HighFree:           1552 kB
LowTotal:         741364 kB
LowFree:           40392 kB
SwapTotal:             0 kB
SwapFree:              0 kB
Dirty:                 0 kB
Writeback:             0 kB
AnonPages:       1483760 kB
Mapped:           104716 kB
Shmem:              5116 kB
Slab:              33996 kB
SReclaimable:      12040 kB
SUnreclaim:        21956 kB
KernelStack:        5928 kB
PageTables:        11592 kB
NFS_Unstable:          0 kB
Bounce:                0 kB
WritebackTmp:          0 kB
CommitLimit:      949752 kB
Committed_AS:   12526776 kB
VmallocTotal:     245760 kB
VmallocUsed:       51808 kB
VmallocChunk:      75648 kB
1557663569.092902
MemTotal:        1899508 kB
MemFree:           40428 kB
Buffers:             456 kB
Cached:           104036 kB
SwapCached:            0 kB
Active:          1535112 kB
Inactive:          52548 kB
Active(anon):    1486948 kB
Inactive(anon):     3420 kB
Active(file):      48164 kB
Inactive(file):    49128 kB
Unevictable:        1940 kB
Mlocked:               0 kB
HighTotal:       1158144 kB
HighFree:            704 kB
LowTotal:         741364 kB
LowFree:           39724 kB
SwapTotal:             0 kB
SwapFree:              0 kB
Dirty:                 0 kB
Writeback:             0 kB
AnonPages:       1485232 kB
Mapped:           106284 kB
Shmem:              5116 kB
Slab:              33996 kB
SReclaimable:      12040 kB
SUnreclaim:        21956 kB
KernelStack:        5960 kB
PageTables:        11632 kB
NFS_Unstable:          0 kB
Bounce:                0 kB
WritebackTmp:          0 kB
CommitLimit:      949752 kB
Committed_AS:   12523628 kB
VmallocTotal:     245760 kB
VmallocUsed:       51808 kB
VmallocChunk:      75648 kB
1557663569.816596
MemTotal:        1899508 kB
MemFree:           39952 kB
Buffers:             416 kB
Cached:            97680 kB
SwapCached:            0 kB
Active:          1538140 kB
Inactive:          48504 kB
Active(anon):    1492428 kB
Inactive(anon):     3504 kB
Active(file):      45712 kB
Inactive(file):    45000 kB
Unevictable:        1940 kB
Mlocked:               0 kB
HighTotal:       1158144 kB
HighFree:            428 kB
LowTotal:         741364 kB
LowFree:           39524 kB
SwapTotal:             0 kB
SwapFree:              0 kB
Dirty:                 0 kB
Writeback:             0 kB
AnonPages:       1490900 kB
Mapped:           102176 kB
Shmem:              5240 kB
Slab:              33996 kB
SReclaimable:      12040 kB
SUnreclaim:        21956 kB
KernelStack:        5960 kB
PageTables:        12132 kB
NFS_Unstable:          0 kB
Bounce:                0 kB
WritebackTmp:          0 kB
CommitLimit:      949752 kB
Committed_AS:   13096492 kB
VmallocTotal:     245760 kB
VmallocUsed:       52828 kB
VmallocChunk:      75648 kB
1557663570.421470
MemTotal:        1899508 kB
MemFree:           56656 kB
Buffers:             416 kB
Cached:           102972 kB
SwapCached:            0 kB
Active:          1519996 kB
Inactive:          51116 kB
Active(anon):    1471616 kB
Inactive(anon):     3592 kB
Active(file):      48380 kB
Inactive(file):    47524 kB
Unevictable:        1940 kB
Mlocked:               0 kB
HighTotal:       1158144 kB
HighFree:           3936 kB
LowTotal:         741364 kB
LowFree:           52720 kB
SwapTotal:             0 kB
SwapFree:              0 kB
Dirty:                 0 kB
Writeback:             0 kB
AnonPages:       1470052 kB
Mapped:            82680 kB
Shmem:              5288 kB
Slab:              33996 kB
SReclaimable:      12040 kB
SUnreclaim:        21956 kB
KernelStack:        5568 kB
PageTables:        10960 kB
NFS_Unstable:          0 kB
Bounce:                0 kB
WritebackTmp:          0 kB
CommitLimit:      949752 kB
Committed_AS:   11944148 kB
VmallocTotal:     245760 kB
VmallocUsed:       50788 kB
VmallocChunk:      75648 kB
1557663571.082949
MemTotal:        1899508 kB
MemFree:           42788 kB
Buffers:             524 kB
Cached:           110868 kB
SwapCached:            0 kB
Active:          1526244 kB
Inactive:          59100 kB
Active(anon):    1477612 kB
Inactive(anon):     3420 kB
Active(file):      48632 kB
Inactive(file):    55680 kB
Unevictable:        1940 kB
Mlocked:               0 kB
HighTotal:       1158144 kB
HighFree:           1800 kB
LowTotal:         741364 kB
LowFree:           40988 kB
SwapTotal:             0 kB
SwapFree:              0 kB
Dirty:                 0 kB
Writeback:             0 kB
AnonPages:       1476064 kB
Mapped:            84824 kB
Shmem:              5116 kB
Slab:              33928 kB
SReclaimable:      12040 kB
SUnreclaim:        21888 kB
KernelStack:        5632 kB
PageTables:        10964 kB
NFS_Unstable:          0 kB
Bounce:                0 kB
WritebackTmp:          0 kB
CommitLimit:      949752 kB
Committed_AS:   11943660 kB
VmallocTotal:     245760 kB
VmallocUsed:       50788 kB
VmallocChunk:      75648 kB
1557663571.774401
MemTotal:        1899508 kB
MemFree:           39924 kB
Buffers:             524 kB
Cached:           113516 kB
SwapCached:            0 kB
Active:          1527872 kB
Inactive:          60532 kB
Active(anon):    1478376 kB
Inactive(anon):     3420 kB
Active(file):      49496 kB
Inactive(file):    57112 kB
Unevictable:        1940 kB
Mlocked:               0 kB
HighTotal:       1158144 kB
HighFree:            420 kB
LowTotal:         741364 kB
LowFree:           39504 kB
SwapTotal:             0 kB
SwapFree:              0 kB
Dirty:                 0 kB
Writeback:             0 kB
AnonPages:       1476628 kB
Mapped:            83900 kB
Shmem:              5116 kB
Slab:              33928 kB
SReclaimable:      12040 kB
SUnreclaim:        21888 kB
KernelStack:        5632 kB
PageTables:        10864 kB
NFS_Unstable:          0 kB
Bounce:                0 kB
WritebackTmp:          0 kB
CommitLimit:      949752 kB
Committed_AS:   11944476 kB
VmallocTotal:     245760 kB
VmallocUsed:       50788 kB
VmallocChunk:      75648 kB
1557663572.380665
MemTotal:        1899508 kB
MemFree:           39908 kB
Buffers:             344 kB
Cached:           110468 kB
SwapCached:            0 kB
Active:          1532736 kB
Inactive:          56044 kB
Active(anon):    1481724 kB
Inactive(anon):     3420 kB
Active(file):      51012 kB
Inactive(file):    52624 kB
Unevictable:        1940 kB
Mlocked:               0 kB
HighTotal:       1158144 kB
HighFree:            440 kB
LowTotal:         741364 kB
LowFree:           39468 kB
SwapTotal:             0 kB
SwapFree:              0 kB
Dirty:                 0 kB
Writeback:             0 kB
AnonPages:       1480060 kB
Mapped:            89604 kB
Shmem:              5116 kB
Slab:              33888 kB
SReclaimable:      12040 kB
SUnreclaim:        21848 kB
KernelStack:        5680 kB
PageTables:        11360 kB
NFS_Unstable:          0 kB
Bounce:                0 kB
WritebackTmp:          0 kB
CommitLimit:      949752 kB
Committed_AS:   12515200 kB
VmallocTotal:     245760 kB
VmallocUsed:       51808 kB
VmallocChunk:      75648 kB
1557663573.123520
MemTotal:        1899508 kB
MemFree:           46584 kB
Buffers:             228 kB
Cached:           113564 kB
SwapCached:            0 kB
Active:          1522988 kB
Inactive:          58396 kB
Active(anon):    1471300 kB
Inactive(anon):     3424 kB
Active(file):      51688 kB
Inactive(file):    54972 kB
Unevictable:        1940 kB
Mlocked:               0 kB
HighTotal:       1158144 kB
HighFree:           3696 kB
LowTotal:         741364 kB
LowFree:           42888 kB
SwapTotal:             0 kB
SwapFree:              0 kB
Dirty:                 0 kB
Writeback:             0 kB
AnonPages:       1469716 kB
Mapped:            84080 kB
Shmem:              5120 kB
Slab:              33888 kB
SReclaimable:      12040 kB
SUnreclaim:        21848 kB
KernelStack:        5712 kB
PageTables:        10952 kB
NFS_Unstable:          0 kB
Bounce:                0 kB
WritebackTmp:          0 kB
CommitLimit:      949752 kB
Committed_AS:   11944272 kB
VmallocTotal:     245760 kB
VmallocUsed:       50788 kB
VmallocChunk:      75648 kB
1557663573.778459
MemTotal:        1899508 kB
MemFree:           40024 kB
Buffers:             232 kB
Cached:           119192 kB
SwapCached:            0 kB
Active:          1524760 kB
Inactive:          63676 kB
Active(anon):    1472852 kB
Inactive(anon):     3424 kB
Active(file):      51908 kB
Inactive(file):    60252 kB
Unevictable:        1940 kB
Mlocked:               0 kB
HighTotal:       1158144 kB
HighFree:            560 kB
LowTotal:         741364 kB
LowFree:           39464 kB
SwapTotal:             0 kB
SwapFree:              0 kB
Dirty:                 0 kB
Writeback:             0 kB
AnonPages:       1471408 kB
Mapped:            88560 kB
Shmem:              5120 kB
Slab:              33888 kB
SReclaimable:      12040 kB
SUnreclaim:        21848 kB
KernelStack:        5712 kB
PageTables:        11052 kB
NFS_Unstable:          0 kB
Bounce:                0 kB
WritebackTmp:          0 kB
CommitLimit:      949752 kB
Committed_AS:   11946364 kB
VmallocTotal:     245760 kB
VmallocUsed:       50788 kB
VmallocChunk:      75648 kB
1557663574.457698
MemTotal:        1899508 kB
MemFree:           40420 kB
Buffers:             340 kB
Cached:           113640 kB
SwapCached:            0 kB
Active:          1531556 kB
Inactive:          57280 kB
Active(anon):    1478524 kB
Inactive(anon):     3420 kB
Active(file):      53032 kB
Inactive(file):    53860 kB
Unevictable:        1940 kB
Mlocked:               0 kB
HighTotal:       1158144 kB
HighFree:            620 kB
LowTotal:         741364 kB
LowFree:           39800 kB
SwapTotal:             0 kB
SwapFree:              0 kB
Dirty:                 0 kB
Writeback:             0 kB
AnonPages:       1476896 kB
Mapped:            92364 kB
Shmem:              5116 kB
Slab:              33876 kB
SReclaimable:      12040 kB
SUnreclaim:        21836 kB
KernelStack:        5616 kB
PageTables:        11156 kB
NFS_Unstable:          0 kB
Bounce:                0 kB
WritebackTmp:          0 kB
CommitLimit:      949752 kB
Committed_AS:   11946860 kB
VmallocTotal:     245760 kB
VmallocUsed:       50788 kB
VmallocChunk:      75648 kB
1557663575.265666
MemTotal:        1899508 kB
MemFree:           40808 kB
Buffers:             376 kB
Cached:           110576 kB
SwapCached:            0 kB
Active:          1529928 kB
Inactive:          56432 kB
Active(anon):    1479220 kB
Inactive(anon):     3420 kB
Active(file):      50708 kB
Inactive(file):    53012 kB
Unevictable:        1940 kB
Mlocked:               0 kB
HighTotal:       1158144 kB
HighFree:            620 kB
LowTotal:         741364 kB
LowFree:           40188 kB
SwapTotal:             0 kB
SwapFree:              0 kB
Dirty:                92 kB
Writeback:             0 kB
AnonPages:       1477520 kB
Mapped:            93600 kB
Shmem:              5116 kB
Slab:              34644 kB
SReclaimable:      12040 kB
SUnreclaim:        22604 kB
KernelStack:        5640 kB
PageTables:        11104 kB
NFS_Unstable:          0 kB
Bounce:                0 kB
WritebackTmp:          0 kB
CommitLimit:      949752 kB
Committed_AS:   11947140 kB
VmallocTotal:     245760 kB
VmallocUsed:       50788 kB
VmallocChunk:      75648 kB
1557663575.980493
MemTotal:        1899508 kB
MemFree:           41428 kB
Buffers:             392 kB
Cached:           102812 kB
SwapCached:            0 kB
Active:          1534828 kB
Inactive:          51516 kB
Active(anon):    1486868 kB
Inactive(anon):     3420 kB
Active(file):      47960 kB
Inactive(file):    48096 kB
Unevictable:        1940 kB
Mlocked:               0 kB
HighTotal:       1158144 kB
HighFree:           1244 kB
LowTotal:         741364 kB
LowFree:           40184 kB
SwapTotal:             0 kB
SwapFree:              0 kB
Dirty:                 0 kB
Writeback:             0 kB
AnonPages:       1485332 kB
Mapped:            94948 kB
Shmem:              5116 kB
Slab:              33972 kB
SReclaimable:      12040 kB
SUnreclaim:        21932 kB
KernelStack:        5656 kB
PageTables:        11136 kB
NFS_Unstable:          0 kB
Bounce:                0 kB
WritebackTmp:          0 kB
CommitLimit:      949752 kB
Committed_AS:   11954336 kB
VmallocTotal:     245760 kB
VmallocUsed:       50788 kB
VmallocChunk:      75648 kB
1557663576.601289
MemTotal:        1899508 kB
MemFree:           39980 kB
Buffers:             392 kB
Cached:           104560 kB
SwapCached:            0 kB
Active:          1535020 kB
Inactive:          52592 kB
Active(anon):    1486436 kB
Inactive(anon):     3420 kB
Active(file):      48584 kB
Inactive(file):    49172 kB
Unevictable:        1940 kB
Mlocked:               0 kB
HighTotal:       1158144 kB
HighFree:            764 kB
LowTotal:         741364 kB
LowFree:           39216 kB
SwapTotal:             0 kB
SwapFree:              0 kB
Dirty:                 0 kB
Writeback:             0 kB
AnonPages:       1484704 kB
Mapped:            95620 kB
Shmem:              5116 kB
Slab:              33972 kB
SReclaimable:      12040 kB
SUnreclaim:        21932 kB
KernelStack:        5656 kB
PageTables:        11136 kB
NFS_Unstable:          0 kB
Bounce:                0 kB
WritebackTmp:          0 kB
CommitLimit:      949752 kB
Committed_AS:   11956136 kB
VmallocTotal:     245760 kB
VmallocUsed:       50788 kB
VmallocChunk:      75648 kB
1557663577.364476
MemTotal:        1899508 kB
MemFree:           40560 kB
Buffers:             300 kB
Cached:           103132 kB
SwapCached:            0 kB
Active:          1537604 kB
Inactive:          50684 kB
Active(anon):    1488692 kB
Inactive(anon):     3420 kB
Active(file):      48912 kB
Inactive(file):    47264 kB
Unevictable:        1940 kB
Mlocked:               0 kB
HighTotal:       1158144 kB
HighFree:            752 kB
LowTotal:         741364 kB
LowFree:           39808 kB
SwapTotal:             0 kB
SwapFree:              0 kB
Dirty:                 0 kB
Writeback:             0 kB
AnonPages:       1487048 kB
Mapped:            95836 kB
Shmem:              5116 kB
Slab:              33972 kB
SReclaimable:      12040 kB
SUnreclaim:        21932 kB
KernelStack:        5736 kB
PageTables:        11176 kB
NFS_Unstable:          0 kB
Bounce:                0 kB
WritebackTmp:          0 kB
CommitLimit:      949752 kB
Committed_AS:   11959724 kB
VmallocTotal:     245760 kB
VmallocUsed:       50788 kB
VmallocChunk:      75648 kB
1557663578.048019
MemTotal:        1899508 kB
MemFree:           42396 kB
Buffers:             300 kB
Cached:            99060 kB
SwapCached:            0 kB
Active:          1535428 kB
Inactive:          49444 kB
Active(anon):    1489320 kB
Inactive(anon):     3420 kB
Active(file):      46108 kB
Inactive(file):    46024 kB
Unevictable:        1940 kB
Mlocked:               0 kB
HighTotal:       1158144 kB
HighFree:           1796 kB
LowTotal:         741364 kB
LowFree:           40600 kB
SwapTotal:             0 kB
SwapFree:              0 kB
Dirty:                 0 kB
Writeback:             0 kB
AnonPages:       1487664 kB
Mapped:            95656 kB
Shmem:              5120 kB
Slab:              33972 kB
SReclaimable:      12040 kB
SUnreclaim:        21932 kB
KernelStack:        5744 kB
PageTables:        11192 kB
NFS_Unstable:          0 kB
Bounce:                0 kB
WritebackTmp:          0 kB
CommitLimit:      949752 kB
Committed_AS:   11957508 kB
VmallocTotal:     245760 kB
VmallocUsed:       50788 kB
VmallocChunk:      75648 kB
1557663578.811610
MemTotal:        1899508 kB
MemFree:           40220 kB
Buffers:             312 kB
Cached:            98676 kB
SwapCached:            0 kB
Active:          1538576 kB
Inactive:          48952 kB
Active(anon):    1492172 kB
Inactive(anon):     3420 kB
Active(file):      46404 kB
Inactive(file):    45532 kB
Unevictable:        1940 kB
Mlocked:               0 kB
HighTotal:       1158144 kB
HighFree:            524 kB
LowTotal:         741364 kB
LowFree:           39696 kB
SwapTotal:             0 kB
SwapFree:              0 kB
Dirty:                 0 kB
Writeback:             0 kB
AnonPages:       1490600 kB
Mapped:            96728 kB
Shmem:              5120 kB
Slab:              33972 kB
SReclaimable:      12040 kB
SUnreclaim:        21932 kB
KernelStack:        5744 kB
PageTables:        11192 kB
NFS_Unstable:          0 kB
Bounce:                0 kB
WritebackTmp:          0 kB
CommitLimit:      949752 kB
Committed_AS:   11961268 kB
VmallocTotal:     245760 kB
VmallocUsed:       50788 kB
VmallocChunk:      75648 kB
1557663579.466662
MemTotal:        1899508 kB
MemFree:           43628 kB
Buffers:             468 kB
Cached:            98412 kB
SwapCached:            0 kB
Active:          1534036 kB
Inactive:          50204 kB
Active(anon):    1488752 kB
Inactive(anon):     3252 kB
Active(file):      45284 kB
Inactive(file):    46952 kB
Unevictable:        1940 kB
Mlocked:               0 kB
HighTotal:       1158144 kB
HighFree:           2536 kB
LowTotal:         741364 kB
LowFree:           41092 kB
SwapTotal:             0 kB
SwapFree:              0 kB
Dirty:                 0 kB
Writeback:             0 kB
AnonPages:       1487328 kB
Mapped:            95340 kB
Shmem:              4644 kB
Slab:              33780 kB
SReclaimable:      12040 kB
SUnreclaim:        21740 kB
KernelStack:        5744 kB
PageTables:        10684 kB
NFS_Unstable:          0 kB
Bounce:                0 kB
WritebackTmp:          0 kB
CommitLimit:      949752 kB
Committed_AS:   11368500 kB
VmallocTotal:     245760 kB
VmallocUsed:       49768 kB
VmallocChunk:      75648 kB
1557663580.287578
MemTotal:        1899508 kB
MemFree:           74792 kB
Buffers:             716 kB
Cached:           135432 kB
SwapCached:            0 kB
Active:          1477392 kB
Inactive:          86320 kB
Active(anon):    1431032 kB
Inactive(anon):     2620 kB
Active(file):      46360 kB
Inactive(file):    83700 kB
Unevictable:        1940 kB
Mlocked:               0 kB
HighTotal:       1158144 kB
HighFree:           8980 kB
LowTotal:         741364 kB
LowFree:           65812 kB
SwapTotal:             0 kB
SwapFree:              0 kB
Dirty:                 0 kB
Writeback:            36 kB
AnonPages:       1429724 kB
Mapped:           102992 kB
Shmem:              3976 kB
Slab:              33732 kB
SReclaimable:      12040 kB
SUnreclaim:        21692 kB
KernelStack:        5720 kB
PageTables:        11000 kB
NFS_Unstable:          0 kB
Bounce:                0 kB
WritebackTmp:          0 kB
CommitLimit:      949752 kB
Committed_AS:   11914140 kB
VmallocTotal:     245760 kB
VmallocUsed:       48364 kB
VmallocChunk:      75648 kB
1557663581.456942
MemTotal:        1899508 kB
MemFree:           50244 kB
Buffers:            1040 kB
Cached:           157424 kB
SwapCached:            0 kB
Active:          1480448 kB
Inactive:         108420 kB
Active(anon):    1433688 kB
Inactive(anon):     2620 kB
Active(file):      46760 kB
Inactive(file):   105800 kB
Unevictable:        1940 kB
Mlocked:               0 kB
HighTotal:       1158144 kB
HighFree:           1656 kB
LowTotal:         741364 kB
LowFree:           48588 kB
SwapTotal:             0 kB
SwapFree:              0 kB
Dirty:               104 kB
Writeback:             0 kB
AnonPages:       1432424 kB
Mapped:           107636 kB
Shmem:              3972 kB
Slab:              33736 kB
SReclaimable:      12040 kB
SUnreclaim:        21696 kB
KernelStack:        5760 kB
PageTables:        11004 kB
NFS_Unstable:          0 kB
Bounce:                0 kB
WritebackTmp:          0 kB
CommitLimit:      949752 kB
Committed_AS:   11916548 kB
VmallocTotal:     245760 kB
VmallocUsed:       48376 kB
VmallocChunk:      75648 kB
1557663582.173959
MemTotal:        1899508 kB
MemFree:           40704 kB
Buffers:            1004 kB
Cached:           171640 kB
SwapCached:            0 kB
Active:          1488872 kB
Inactive:         117236 kB
Active(anon):    1436960 kB
Inactive(anon):     2620 kB
Active(file):      51912 kB
Inactive(file):   114616 kB
Unevictable:        1940 kB
Mlocked:               0 kB
HighTotal:       1158144 kB
HighFree:            604 kB
LowTotal:         741364 kB
LowFree:           40100 kB
SwapTotal:             0 kB
SwapFree:              0 kB
Dirty:                 0 kB
Writeback:             0 kB
AnonPages:       1435728 kB
Mapped:           108820 kB
Shmem:              3976 kB
Slab:              33736 kB
SReclaimable:      12040 kB
SUnreclaim:        21696 kB
KernelStack:        5752 kB
PageTables:        11268 kB
NFS_Unstable:          0 kB
Bounce:                0 kB
WritebackTmp:          0 kB
CommitLimit:      949752 kB
Committed_AS:   13138584 kB
VmallocTotal:     245760 kB
VmallocUsed:       48364 kB
VmallocChunk:      75648 kB
1557663583.200906
MemTotal:        1899508 kB
MemFree:           41100 kB
Buffers:             892 kB
Cached:           171380 kB
SwapCached:            0 kB
Active:          1505292 kB
Inactive:         111176 kB
Active(anon):    1447728 kB
Inactive(anon):     2620 kB
Active(file):      57564 kB
Inactive(file):   108556 kB
Unevictable:        1940 kB
Mlocked:               0 kB
HighTotal:       1158144 kB
HighFree:           1036 kB
LowTotal:         741364 kB
LowFree:           40064 kB
SwapTotal:             0 kB
SwapFree:              0 kB
Dirty:               100 kB
Writeback:             0 kB
AnonPages:       1446532 kB
Mapped:           113820 kB
Shmem:              3976 kB
Slab:              33732 kB
SReclaimable:      12040 kB
SUnreclaim:        21692 kB
KernelStack:        5808 kB
PageTables:        11636 kB
NFS_Unstable:          0 kB
Bounce:                0 kB
WritebackTmp:          0 kB
CommitLimit:      949752 kB
Committed_AS:   12492488 kB
VmallocTotal:     245760 kB
VmallocUsed:       49384 kB
VmallocChunk:      75648 kB
1557663584.090284
MemTotal:        1899508 kB
MemFree:           42628 kB
Buffers:             516 kB
Cached:           171456 kB
SwapCached:            0 kB
Active:          1514880 kB
Inactive:         106680 kB
Active(anon):    1453072 kB
Inactive(anon):     2620 kB
Active(file):      61808 kB
Inactive(file):   104060 kB
Unevictable:        1940 kB
Mlocked:               0 kB
HighTotal:       1158144 kB
HighFree:           2348 kB
LowTotal:         741364 kB
LowFree:           40280 kB
SwapTotal:             0 kB
SwapFree:              0 kB
Dirty:                 0 kB
Writeback:             0 kB
AnonPages:       1451828 kB
Mapped:           117896 kB
Shmem:              3976 kB
Slab:              33732 kB
SReclaimable:      12040 kB
SUnreclaim:        21692 kB
KernelStack:        5832 kB
PageTables:        11776 kB
NFS_Unstable:          0 kB
Bounce:                0 kB
WritebackTmp:          0 kB
CommitLimit:      949752 kB
Committed_AS:   12493072 kB
VmallocTotal:     245760 kB
VmallocUsed:       49384 kB
VmallocChunk:      75648 kB
1557663585.182159
MemTotal:        1899508 kB
MemFree:           63472 kB
Buffers:             516 kB
Cached:           152736 kB
SwapCached:            0 kB
Active:          1518304 kB
Inactive:          85524 kB
Active(anon):    1454012 kB
Inactive(anon):     2620 kB
Active(file):      64292 kB
Inactive(file):    82904 kB
Unevictable:        1940 kB
Mlocked:               0 kB
HighTotal:       1158144 kB
HighFree:          15220 kB
LowTotal:         741364 kB
LowFree:           48252 kB
SwapTotal:             0 kB
SwapFree:              0 kB
Dirty:                52 kB
Writeback:             0 kB
AnonPages:       1452672 kB
Mapped:           118320 kB
Shmem:              3976 kB
Slab:              33732 kB
SReclaimable:      12040 kB
SUnreclaim:        21692 kB
KernelStack:        5888 kB
PageTables:        11720 kB
NFS_Unstable:          0 kB
Bounce:                0 kB
WritebackTmp:          0 kB
CommitLimit:      949752 kB
Committed_AS:   12489784 kB
VmallocTotal:     245760 kB
VmallocUsed:       49384 kB
VmallocChunk:      75648 kB
1557663585.876553
MemTotal:        1899508 kB
MemFree:           91504 kB
Buffers:             516 kB
Cached:           152220 kB
SwapCached:            0 kB
Active:          1504744 kB
Inactive:          85392 kB
Active(anon):    1440736 kB
Inactive(anon):     2620 kB
Active(file):      64008 kB
Inactive(file):    82772 kB
Unevictable:        1940 kB
Mlocked:               0 kB
HighTotal:       1158144 kB
HighFree:          22556 kB
LowTotal:         741364 kB
LowFree:           68948 kB
SwapTotal:             0 kB
SwapFree:              0 kB
Dirty:                52 kB
Writeback:             0 kB
AnonPages:       1439376 kB
Mapped:           104136 kB
Shmem:              3976 kB
Slab:              33732 kB
SReclaimable:      12040 kB
SUnreclaim:        21692 kB
KernelStack:        5904 kB
PageTables:        11704 kB
NFS_Unstable:          0 kB
Bounce:                0 kB
WritebackTmp:          0 kB
CommitLimit:      949752 kB
Committed_AS:   12489784 kB
VmallocTotal:     245760 kB
VmallocUsed:       49228 kB
VmallocChunk:      75648 kB
1557663586.727945
MemTotal:        1899508 kB
MemFree:           93904 kB
Buffers:             516 kB
Cached:           154576 kB
SwapCached:            0 kB
Active:          1500036 kB
Inactive:          87660 kB
Active(anon):    1436028 kB
Inactive(anon):     2620 kB
Active(file):      64008 kB
Inactive(file):    85040 kB
Unevictable:        1940 kB
Mlocked:               0 kB
HighTotal:       1158144 kB
HighFree:          18816 kB
LowTotal:         741364 kB
LowFree:           75088 kB
SwapTotal:             0 kB
SwapFree:              0 kB
Dirty:                52 kB
Writeback:             0 kB
