MemTotal:         482068 kB
MemFree:           58236 kB
Buffers:             700 kB
Cached:           105216 kB
SwapCached:            0 kB
Active:           275644 kB
Inactive:          63948 kB
Active(anon):     234424 kB
Inactive(anon):      884 kB
Active(file):      41220 kB
Inactive(file):    63064 kB
Unevictable:        1256 kB
Mlocked:               0 kB
HighTotal:             0 kB
HighFree:              0 kB
LowTotal:         482068 kB
LowFree:           58236 kB
SwapTotal:             0 kB
SwapFree:              0 kB
Dirty:                 0 kB
Writeback:             0 kB
AnonPages:        235040 kB
Mapped:            64536 kB
Shmem:               344 kB
Slab:              22196 kB
SReclaimable:       5020 kB
SUnreclaim:        17176 kB
KernelStack:        5432 kB
PageTables:         7120 kB
NFS_Unstable:          0 kB
Bounce:                0 kB
WritebackTmp:          0 kB
CommitLimit:      241032 kB
Committed_AS:    3989724 kB
VmallocTotal:     507904 kB
VmallocUsed:      111916 kB
VmallocChunk:     112576 kB
1557585900.000000
MemTotal:         482068 kB
MemFree:           43692 kB
Buffers:             924 kB
Cached:           110556 kB
SwapCached:            0 kB
Active:           282964 kB
Inactive:          69408 kB
Active(anon):     241688 kB
Inactive(anon):      884 kB
Active(file):      41276 kB
Inactive(file):    68524 kB
Unevictable:        1256 kB
Mlocked:               0 kB
HighTotal:             0 kB
HighFree:              0 kB
LowTotal:         482068 kB
LowFree:           43692 kB
SwapTotal:             0 kB
SwapFree:              0 kB
Dirty:               128 kB
Writeback:             0 kB
AnonPages:        242296 kB
Mapped:            71936 kB
Shmem:               344 kB
Slab:              22208 kB
SReclaimable:       5020 kB
SUnreclaim:        17188 kB
KernelStack:        5536 kB
PageTables:         7240 kB
NFS_Unstable:          0 kB
Bounce:                0 kB
WritebackTmp:          0 kB
CommitLimit:      241032 kB
Committed_AS:    3999760 kB
VmallocTotal:     507904 kB
VmallocUsed:      113524 kB
VmallocChunk:     112576 kB
1557585901.000000
MemTotal:         482068 kB
MemFree:           29740 kB
Buffers:             960 kB
Cached:           114288 kB
SwapCached:            0 kB
Active:           292956 kB
Inactive:          73120 kB
Active(anon):     251632 kB
Inactive(anon):      884 kB
Active(file):      41324 kB
Inactive(file):    72236 kB
Unevictable:        1256 kB
Mlocked:               0 kB
HighTotal:             0 kB
HighFree:              0 kB
LowTotal:         482068 kB
LowFree:           29740 kB
SwapTotal:             0 kB
SwapFree:              0 kB
Dirty:               168 kB
Writeback:             0 kB
AnonPages:        252224 kB
Mapped:            77580 kB
Shmem:               344 kB
Slab:              22216 kB
SReclaimable:       5020 kB
SUnreclaim:        17196 kB
KernelStack:        5656 kB
PageTables:         7240 kB
NFS_Unstable:          0 kB
Bounce:                0 kB
WritebackTmp:          0 kB
CommitLimit:      241032 kB
Committed_AS:    4010276 kB
VmallocTotal:     507904 kB
VmallocUsed:      113524 kB
VmallocChunk:     112576 kB
1557585902.000000
MemTotal:         482068 kB
MemFree:           19756 kB
Buffers:             984 kB
Cached:           119864 kB
SwapCached:            0 kB
Active:           297900 kB
Inactive:          78236 kB
Active(anon):     256144 kB
Inactive(anon):      884 kB
Active(file):      41756 kB
Inactive(file):    77352 kB
Unevictable:        1256 kB
Mlocked:               0 kB
HighTotal:             0 kB
HighFree:              0 kB
LowTotal:         482068 kB
LowFree:           19756 kB
SwapTotal:             0 kB
SwapFree:              0 kB
Dirty:               204 kB
Writeback:             0 kB
AnonPages:        256612 kB
Mapped:            80348 kB
Shmem:               344 kB
Slab:              22196 kB
SReclaimable:       5020 kB
SUnreclaim:        17176 kB
KernelStack:        5688 kB
PageTables:         7268 kB
NFS_Unstable:          0 kB
Bounce:                0 kB
WritebackTmp:          0 kB
CommitLimit:      241032 kB
Committed_AS:    4016656 kB
VmallocTotal:     507904 kB
VmallocUsed:      113524 kB
VmallocChunk:     112576 kB
1557585902.000000
MemTotal:         482068 kB
MemFree:           11408 kB
Buffers:             988 kB
Cached:           122628 kB
SwapCached:            0 kB
Active:           302800 kB
Inactive:          80848 kB
Active(anon):     260772 kB
Inactive(anon):      892 kB
Active(file):      42028 kB
Inactive(file):    79956 kB
Unevictable:        1256 kB
Mlocked:               0 kB
HighTotal:             0 kB
HighFree:              0 kB
LowTotal:         482068 kB
LowFree:           11408 kB
SwapTotal:             0 kB
SwapFree:              0 kB
Dirty:                 4 kB
Writeback:             0 kB
AnonPages:        261364 kB
Mapped:            83952 kB
Shmem:               352 kB
Slab:              22228 kB
SReclaimable:       5020 kB
SUnreclaim:        17208 kB
KernelStack:        5776 kB
PageTables:         7288 kB
NFS_Unstable:          0 kB
Bounce:                0 kB
WritebackTmp:          0 kB
CommitLimit:      241032 kB
Committed_AS:    4020652 kB
VmallocTotal:     507904 kB
VmallocUsed:      114204 kB
VmallocChunk:     112576 kB
1557585903.000000
MemTotal:         482068 kB
MemFree:            4184 kB
Buffers:             876 kB
Cached:           122052 kB
SwapCached:            0 kB
Active:           308648 kB
Inactive:          79628 kB
Active(anon):     266136 kB
Inactive(anon):      892 kB
Active(file):      42512 kB
Inactive(file):    78736 kB
Unevictable:        1256 kB
Mlocked:               0 kB
HighTotal:             0 kB
HighFree:              0 kB
LowTotal:         482068 kB
LowFree:            4184 kB
SwapTotal:             0 kB
SwapFree:              0 kB
Dirty:                84 kB
Writeback:             0 kB
AnonPages:        266716 kB
Mapped:            87636 kB
Shmem:               352 kB
Slab:              22300 kB
SReclaimable:       5084 kB
SUnreclaim:        17216 kB
KernelStack:        5800 kB
PageTables:         7312 kB
NFS_Unstable:          0 kB
Bounce:                0 kB
WritebackTmp:          0 kB
CommitLimit:      241032 kB
Committed_AS:    4028736 kB
VmallocTotal:     507904 kB
VmallocUsed:      116748 kB
VmallocChunk:     112576 kB
1557585904.000000
MemTotal:         482068 kB
MemFree:            4120 kB
Buffers:             852 kB
Cached:           116780 kB
SwapCached:            0 kB
Active:           318836 kB
Inactive:          70200 kB
Active(anon):     272172 kB
Inactive(anon):      892 kB
Active(file):      46664 kB
Inactive(file):    69308 kB
Unevictable:        1256 kB
Mlocked:               0 kB
HighTotal:             0 kB
HighFree:              0 kB
LowTotal:         482068 kB
LowFree:            4120 kB
SwapTotal:             0 kB
SwapFree:              0 kB
Dirty:               188 kB
Writeback:             0 kB
AnonPages:        272772 kB
Mapped:            85680 kB
Shmem:               352 kB
Slab:              22284 kB
SReclaimable:       5064 kB
SUnreclaim:        17220 kB
KernelStack:        5824 kB
PageTables:         7400 kB
NFS_Unstable:          0 kB
Bounce:                0 kB
WritebackTmp:          0 kB
CommitLimit:      241032 kB
Committed_AS:    4035336 kB
VmallocTotal:     507904 kB
VmallocUsed:      116884 kB
VmallocChunk:     112576 kB
1557585905.000000
MemTotal:         482068 kB
MemFree:            3764 kB
Buffers:             852 kB
Cached:           108896 kB
SwapCached:            0 kB
Active:           330072 kB
Inactive:          59380 kB
Active(anon):     280500 kB
Inactive(anon):      900 kB
Active(file):      49572 kB
Inactive(file):    58480 kB
Unevictable:        1256 kB
Mlocked:               0 kB
HighTotal:             0 kB
HighFree:              0 kB
LowTotal:         482068 kB
LowFree:            3764 kB
SwapTotal:             0 kB
SwapFree:              0 kB
Dirty:                44 kB
Writeback:             0 kB
AnonPages:        280992 kB
Mapped:            83048 kB
Shmem:               360 kB
Slab:              22280 kB
SReclaimable:       5024 kB
SUnreclaim:        17256 kB
KernelStack:        5856 kB
PageTables:         7368 kB
NFS_Unstable:          0 kB
Bounce:                0 kB
WritebackTmp:          0 kB
CommitLimit:      241032 kB
Committed_AS:    4043344 kB
VmallocTotal:     507904 kB
VmallocUsed:      117616 kB
VmallocChunk:     112576 kB
1557585906.000000
MemTotal:         482068 kB
MemFree:            3652 kB
Buffers:             832 kB
Cached:           105956 kB
SwapCached:            0 kB
Active:           334320 kB
Inactive:          55256 kB
Active(anon):     283524 kB
Inactive(anon):      900 kB
Active(file):      50796 kB
Inactive(file):    54356 kB
Unevictable:        1256 kB
Mlocked:               0 kB
HighTotal:             0 kB
HighFree:              0 kB
LowTotal:         482068 kB
LowFree:            3652 kB
SwapTotal:             0 kB
SwapFree:              0 kB
Dirty:                20 kB
Writeback:             0 kB
AnonPages:        284104 kB
Mapped:            80856 kB
Shmem:               360 kB
Slab:              22260 kB
SReclaimable:       5016 kB
SUnreclaim:        17244 kB
KernelStack:        5912 kB
PageTables:         7468 kB
NFS_Unstable:          0 kB
Bounce:                0 kB
WritebackTmp:          0 kB
CommitLimit:      241032 kB
Committed_AS:    4046620 kB
VmallocTotal:     507904 kB
VmallocUsed:      117616 kB
VmallocChunk:     112576 kB
1557585907.000000
MemTotal:         482068 kB
MemFree:            3728 kB
Buffers:             932 kB
Cached:            97052 kB
SwapCached:            0 kB
Active:           339100 kB
Inactive:          48952 kB
Active(anon):     290800 kB
Inactive(anon):      900 kB
Active(file):      48300 kB
Inactive(file):    48052 kB
Unevictable:        1256 kB
Mlocked:               0 kB
HighTotal:             0 kB
HighFree:              0 kB
LowTotal:         482068 kB
LowFree:            3728 kB
SwapTotal:             0 kB
SwapFree:              0 kB
Dirty:               648 kB
Writeback:             0 kB
AnonPages:        291332 kB
Mapped:            79364 kB
Shmem:               360 kB
Slab:              22232 kB
SReclaimable:       5012 kB
SUnreclaim:        17220 kB
KernelStack:        5952 kB
PageTables:         7568 kB
NFS_Unstable:          0 kB
Bounce:                0 kB
WritebackTmp:          0 kB
CommitLimit:      241032 kB
Committed_AS:    4157028 kB
VmallocTotal:     507904 kB
VmallocUsed:      119660 kB
VmallocChunk:     112576 kB
1557585908.000000
MemTotal:         482068 kB
MemFree:            3940 kB
Buffers:             460 kB
Cached:            75092 kB
SwapCached:            0 kB
Active:           334472 kB
Inactive:          39008 kB
Active(anon):     299132 kB
Inactive(anon):     3360 kB
Active(file):      35340 kB
Inactive(file):    35648 kB
Unevictable:        1980 kB
Mlocked:            6124 kB
HighTotal:             0 kB
HighFree:              0 kB
LowTotal:         482068 kB
LowFree:            3940 kB
SwapTotal:             0 kB
SwapFree:              0 kB
Dirty:                 0 kB
Writeback:            76 kB
AnonPages:        300008 kB
Mapped:            90568 kB
Shmem:              3292 kB
Slab:              22312 kB
SReclaimable:       5008 kB
SUnreclaim:        17304 kB
KernelStack:        6056 kB
PageTables:         7748 kB
NFS_Unstable:          0 kB
Bounce:                0 kB
WritebackTmp:          0 kB
CommitLimit:      241032 kB
Committed_AS:    4180588 kB
VmallocTotal:     507904 kB
VmallocUsed:      132596 kB
VmallocChunk:     112576 kB
1557585909.000000
MemTotal:         482068 kB
MemFree:            6328 kB
Buffers:             456 kB
Cached:            70956 kB
SwapCached:            0 kB
Active:           333504 kB
Inactive:          36792 kB
Active(anon):     300184 kB
Inactive(anon):     3284 kB
Active(file):      33320 kB
Inactive(file):    33508 kB
Unevictable:        2024 kB
Mlocked:            6172 kB
HighTotal:             0 kB
HighFree:              0 kB
LowTotal:         482068 kB
LowFree:            6328 kB
SwapTotal:             0 kB
SwapFree:              0 kB
Dirty:                 0 kB
Writeback:             0 kB
AnonPages:        300924 kB
Mapped:            88436 kB
Shmem:              3296 kB
Slab:              22336 kB
SReclaimable:       5008 kB
SUnreclaim:        17328 kB
KernelStack:        6128 kB
PageTables:         7828 kB
NFS_Unstable:          0 kB
Bounce:                0 kB
WritebackTmp:          0 kB
CommitLimit:      241032 kB
Committed_AS:    4181808 kB
VmallocTotal:     507904 kB
VmallocUsed:      132596 kB
VmallocChunk:     112576 kB
1557585910.000000
MemTotal:         482068 kB
MemFree:            9280 kB
Buffers:             556 kB
Cached:            70216 kB
SwapCached:            0 kB
Active:           330984 kB
Inactive:          36496 kB
Active(anon):     297980 kB
Inactive(anon):     3308 kB
Active(file):      33004 kB
Inactive(file):    33188 kB
Unevictable:        2024 kB
Mlocked:            6172 kB
HighTotal:             0 kB
HighFree:              0 kB
LowTotal:         482068 kB
LowFree:            9280 kB
SwapTotal:             0 kB
SwapFree:              0 kB
Dirty:               172 kB
Writeback:             0 kB
AnonPages:        298696 kB
Mapped:            86588 kB
Shmem:              3324 kB
Slab:              22340 kB
SReclaimable:       5008 kB
SUnreclaim:        17332 kB
KernelStack:        6128 kB
PageTables:         7772 kB
NFS_Unstable:          0 kB
Bounce:                0 kB
WritebackTmp:          0 kB
CommitLimit:      241032 kB
Committed_AS:    4184244 kB
VmallocTotal:     507904 kB
VmallocUsed:      132596 kB
VmallocChunk:     112576 kB
1557585911.000000
MemTotal:         482068 kB
MemFree:           10876 kB
Buffers:             556 kB
Cached:            70560 kB
SwapCached:            0 kB
Active:           329748 kB
Inactive:          36828 kB
Active(anon):     296744 kB
Inactive(anon):     3296 kB
Active(file):      33004 kB
Inactive(file):    33532 kB
Unevictable:        2024 kB
Mlocked:            6172 kB
HighTotal:             0 kB
HighFree:              0 kB
LowTotal:         482068 kB
LowFree:           10876 kB
SwapTotal:             0 kB
SwapFree:              0 kB
Dirty:               172 kB
Writeback:             0 kB
AnonPages:        297500 kB
Mapped:            86672 kB
Shmem:              3324 kB
Slab:              22320 kB
SReclaimable:       5008 kB
SUnreclaim:        17312 kB
KernelStack:        6136 kB
PageTables:         7780 kB
NFS_Unstable:          0 kB
Bounce:                0 kB
WritebackTmp:          0 kB
CommitLimit:      241032 kB
Committed_AS:    4185288 kB
VmallocTotal:     507904 kB
VmallocUsed:      132596 kB
VmallocChunk:     112576 kB
1557585912.000000
MemTotal:         482068 kB
MemFree:           10140 kB
Buffers:             556 kB
Cached:            70396 kB
SwapCached:            0 kB
Active:           330308 kB
Inactive:          36660 kB
Active(anon):     297304 kB
Inactive(anon):     3292 kB
Active(file):      33004 kB
Inactive(file):    33368 kB
Unevictable:        2024 kB
Mlocked:            6172 kB
HighTotal:             0 kB
HighFree:              0 kB
LowTotal:         482068 kB
LowFree:           10140 kB
SwapTotal:             0 kB
SwapFree:              0 kB
Dirty:               172 kB
Writeback:             0 kB
AnonPages:        298096 kB
Mapped:            86520 kB
Shmem:              3324 kB
Slab:              22320 kB
SReclaimable:       5008 kB
SUnreclaim:        17312 kB
KernelStack:        6136 kB
PageTables:         7768 kB
NFS_Unstable:          0 kB
Bounce:                0 kB
WritebackTmp:          0 kB
CommitLimit:      241032 kB
Committed_AS:    4187168 kB
VmallocTotal:     507904 kB
VmallocUsed:      132596 kB
VmallocChunk:     112576 kB
1557585913.000000
MemTotal:         482068 kB
MemFree:            8520 kB
Buffers:             556 kB
Cached:            70488 kB
SwapCached:            0 kB
Active:           331556 kB
Inactive:          36828 kB
Active(anon):     298736 kB
Inactive(anon):     3296 kB
Active(file):      32820 kB
Inactive(file):    33532 kB
Unevictable:        2024 kB
Mlocked:            6172 kB
HighTotal:             0 kB
HighFree:              0 kB
LowTotal:         482068 kB
LowFree:            8520 kB
SwapTotal:             0 kB
SwapFree:              0 kB
Dirty:                12 kB
Writeback:             0 kB
AnonPages:        299508 kB
Mapped:            86000 kB
Shmem:              3356 kB
Slab:              22364 kB
SReclaimable:       5008 kB
SUnreclaim:        17356 kB
KernelStack:        6128 kB
PageTables:         7768 kB
NFS_Unstable:          0 kB
Bounce:                0 kB
WritebackTmp:          0 kB
CommitLimit:      241032 kB
Committed_AS:    4187268 kB
VmallocTotal:     507904 kB
VmallocUsed:      132596 kB
VmallocChunk:     112576 kB
1557585914.000000
MemTotal:         482068 kB
MemFree:            7428 kB
Buffers:             556 kB
Cached:            69796 kB
SwapCached:            0 kB
Active:           333132 kB
Inactive:          36232 kB
Active(anon):     300332 kB
Inactive(anon):     3300 kB
Active(file):      32800 kB
Inactive(file):    32932 kB
Unevictable:        2024 kB
Mlocked:            6172 kB
HighTotal:             0 kB
HighFree:              0 kB
LowTotal:         482068 kB
LowFree:            7428 kB
SwapTotal:             0 kB
SwapFree:              0 kB
Dirty:                12 kB
Writeback:             0 kB
AnonPages:        301028 kB
Mapped:            85372 kB
Shmem:              3364 kB
Slab:              22316 kB
SReclaimable:       5008 kB
SUnreclaim:        17308 kB
KernelStack:        6128 kB
PageTables:         7780 kB
NFS_Unstable:          0 kB
Bounce:                0 kB
WritebackTmp:          0 kB
CommitLimit:      241032 kB
Committed_AS:    4188424 kB
VmallocTotal:     507904 kB
VmallocUsed:      132596 kB
VmallocChunk:     112576 kB
1557585915.000000
MemTotal:         482068 kB
MemFree:            6660 kB
Buffers:             580 kB
Cached:            68508 kB
SwapCached:            0 kB
Active:           334392 kB
Inactive:          35644 kB
Active(anon):     302272 kB
Inactive(anon):     3300 kB
Active(file):      32120 kB
Inactive(file):    32344 kB
Unevictable:        2024 kB
Mlocked:            6172 kB
HighTotal:             0 kB
HighFree:              0 kB
LowTotal:         482068 kB
LowFree:            6660 kB
SwapTotal:             0 kB
SwapFree:              0 kB
Dirty:                 0 kB
Writeback:             0 kB
AnonPages:        302972 kB
Mapped:            84380 kB
Shmem:              3364 kB
Slab:              22340 kB
SReclaimable:       5008 kB
SUnreclaim:        17332 kB
KernelStack:        6136 kB
PageTables:         7784 kB
NFS_Unstable:          0 kB
Bounce:                0 kB
WritebackTmp:          0 kB
CommitLimit:      241032 kB
Committed_AS:    4189556 kB
VmallocTotal:     507904 kB
VmallocUsed:      132596 kB
VmallocChunk:     112576 kB
1557585916.000000
MemTotal:         482068 kB
MemFree:            7740 kB
Buffers:             432 kB
Cached:            66016 kB
SwapCached:            0 kB
Active:           334732 kB
Inactive:          34292 kB
Active(anon):     303848 kB
Inactive(anon):     3296 kB
Active(file):      30884 kB
Inactive(file):    30996 kB
Unevictable:        2024 kB
Mlocked:            6172 kB
HighTotal:             0 kB
HighFree:              0 kB
LowTotal:         482068 kB
LowFree:            7740 kB
SwapTotal:             0 kB
SwapFree:              0 kB
Dirty:                 0 kB
Writeback:             0 kB
AnonPages:        304596 kB
Mapped:            82020 kB
Shmem:              3364 kB
Slab:              22316 kB
SReclaimable:       5008 kB
SUnreclaim:        17308 kB
KernelStack:        6136 kB
PageTables:         7780 kB
NFS_Unstable:          0 kB
Bounce:                0 kB
WritebackTmp:          0 kB
CommitLimit:      241032 kB
Committed_AS:    4190736 kB
VmallocTotal:     507904 kB
VmallocUsed:      132596 kB
VmallocChunk:     112576 kB
1557585917.000000
MemTotal:         482068 kB
MemFree:            6864 kB
Buffers:             372 kB
Cached:            64892 kB
SwapCached:            0 kB
Active:           336080 kB
Inactive:          33608 kB
Active(anon):     305848 kB
Inactive(anon):     3296 kB
Active(file):      30232 kB
Inactive(file):    30312 kB
Unevictable:        2024 kB
Mlocked:            6172 kB
HighTotal:             0 kB
HighFree:              0 kB
LowTotal:         482068 kB
LowFree:            6864 kB
SwapTotal:             0 kB
SwapFree:              0 kB
Dirty:                 0 kB
Writeback:             0 kB
AnonPages:        306532 kB
Mapped:            78988 kB
Shmem:              3364 kB
Slab:              22372 kB
SReclaimable:       5008 kB
SUnreclaim:        17364 kB
KernelStack:        6136 kB
PageTables:         7780 kB
NFS_Unstable:          0 kB
Bounce:                0 kB
WritebackTmp:          0 kB
CommitLimit:      241032 kB
Committed_AS:    4192424 kB
VmallocTotal:     507904 kB
VmallocUsed:      132596 kB
VmallocChunk:     112576 kB
1557585919.000000
MemTotal:         482068 kB
MemFree:            6484 kB
Buffers:             316 kB
Cached:            63284 kB
SwapCached:            0 kB
Active:           337148 kB
Inactive:          33108 kB
Active(anon):     307976 kB
Inactive(anon):     3292 kB
Active(file):      29172 kB
Inactive(file):    29816 kB
Unevictable:        2024 kB
Mlocked:            6172 kB
HighTotal:             0 kB
HighFree:              0 kB
LowTotal:         482068 kB
LowFree:            6484 kB
SwapTotal:             0 kB
SwapFree:              0 kB
Dirty:                76 kB
Writeback:             0 kB
AnonPages:        308656 kB
Mapped:            77504 kB
Shmem:              3376 kB
Slab:              22292 kB
SReclaimable:       5008 kB
SUnreclaim:        17284 kB
KernelStack:        6136 kB
PageTables:         7800 kB
NFS_Unstable:          0 kB
Bounce:                0 kB
WritebackTmp:          0 kB
CommitLimit:      241032 kB
Committed_AS:    4194724 kB
VmallocTotal:     507904 kB
VmallocUsed:      132596 kB
VmallocChunk:     112576 kB
1557585920.000000
MemTotal:         482068 kB
MemFree:           10068 kB
Buffers:             316 kB
Cached:            60996 kB
SwapCached:            0 kB
Active:           334980 kB
Inactive:          31628 kB
Active(anon):     306684 kB
Inactive(anon):     3292 kB
Active(file):      28296 kB
Inactive(file):    28336 kB
Unevictable:        2024 kB
Mlocked:            6172 kB
HighTotal:             0 kB
HighFree:              0 kB
LowTotal:         482068 kB
LowFree:           10068 kB
SwapTotal:             0 kB
SwapFree:              0 kB
Dirty:                 0 kB
Writeback:             0 kB
AnonPages:        307352 kB
Mapped:            76144 kB
Shmem:              3376 kB
Slab:              22344 kB
SReclaimable:       5008 kB
SUnreclaim:        17336 kB
KernelStack:        6136 kB
PageTables:         7876 kB
NFS_Unstable:          0 kB
Bounce:                0 kB
WritebackTmp:          0 kB
CommitLimit:      241032 kB
Committed_AS:    4194824 kB
VmallocTotal:     507904 kB
VmallocUsed:      132596 kB
VmallocChunk:     112576 kB
1557585921.000000
MemTotal:         482068 kB
MemFree:            9448 kB
Buffers:             316 kB
Cached:            60056 kB
SwapCached:            0 kB
Active:           336684 kB
Inactive:          31144 kB
Active(anon):     308784 kB
Inactive(anon):     3292 kB
Active(file):      27900 kB
Inactive(file):    27852 kB
Unevictable:        2024 kB
Mlocked:            6172 kB
HighTotal:             0 kB
HighFree:              0 kB
LowTotal:         482068 kB
LowFree:            9448 kB
SwapTotal:             0 kB
SwapFree:              0 kB
Dirty:                 0 kB
Writeback:             0 kB
AnonPages:        309568 kB
Mapped:            75756 kB
Shmem:              3376 kB
Slab:              22352 kB
SReclaimable:       5008 kB
SUnreclaim:        17344 kB
KernelStack:        6136 kB
PageTables:         7800 kB
NFS_Unstable:          0 kB
Bounce:                0 kB
WritebackTmp:          0 kB
CommitLimit:      241032 kB
Committed_AS:    4192860 kB
VmallocTotal:     507904 kB
VmallocUsed:      132596 kB
VmallocChunk:     112576 kB
1557585922.000000
MemTotal:         482068 kB
MemFree:            9952 kB
Buffers:             336 kB
Cached:            55332 kB
SwapCached:            0 kB
Active:           338352 kB
Inactive:          28432 kB
Active(anon):     312480 kB
Inactive(anon):     3292 kB
Active(file):      25872 kB
Inactive(file):    25140 kB
Unevictable:        2024 kB
Mlocked:            6172 kB
HighTotal:             0 kB
HighFree:              0 kB
LowTotal:         482068 kB
LowFree:            9952 kB
SwapTotal:             0 kB
SwapFree:              0 kB
Dirty:                 0 kB
Writeback:             0 kB
AnonPages:        313200 kB
Mapped:            71180 kB
Shmem:              3376 kB
Slab:              22316 kB
SReclaimable:       5008 kB
SUnreclaim:        17308 kB
KernelStack:        6136 kB
PageTables:         7804 kB
NFS_Unstable:          0 kB
Bounce:                0 kB
WritebackTmp:          0 kB
CommitLimit:      241032 kB
Committed_AS:    4195140 kB
VmallocTotal:     507904 kB
VmallocUsed:      132596 kB
VmallocChunk:     112576 kB
1557585923.000000
MemTotal:         482068 kB
MemFree:           10564 kB
Buffers:             332 kB
Cached:            54192 kB
SwapCached:            0 kB
Active:           338368 kB
Inactive:          27844 kB
Active(anon):     313024 kB
Inactive(anon):     3292 kB
Active(file):      25344 kB
Inactive(file):    24552 kB
Unevictable:        2024 kB
Mlocked:            6172 kB
HighTotal:             0 kB
HighFree:              0 kB
LowTotal:         482068 kB
LowFree:           10564 kB
SwapTotal:             0 kB
SwapFree:              0 kB
Dirty:                32 kB
Writeback:             0 kB
AnonPages:        313716 kB
Mapped:            70544 kB
Shmem:              3376 kB
Slab:              22396 kB
SReclaimable:       5008 kB
SUnreclaim:        17388 kB
KernelStack:        6144 kB
PageTables:         7808 kB
NFS_Unstable:          0 kB
Bounce:                0 kB
WritebackTmp:          0 kB
CommitLimit:      241032 kB
Committed_AS:    4196196 kB
VmallocTotal:     507904 kB
VmallocUsed:      132596 kB
VmallocChunk:     112576 kB
1557585924.000000
MemTotal:         482068 kB
MemFree:           10340 kB
Buffers:             332 kB
Cached:            52880 kB
SwapCached:            0 kB
Active:           339512 kB
Inactive:          27188 kB
Active(anon):     314828 kB
Inactive(anon):     3292 kB
Active(file):      24684 kB
Inactive(file):    23896 kB
Unevictable:        2024 kB
Mlocked:            6172 kB
HighTotal:             0 kB
HighFree:              0 kB
LowTotal:         482068 kB
LowFree:           10340 kB
SwapTotal:             0 kB
SwapFree:              0 kB
Dirty:                32 kB
Writeback:             0 kB
AnonPages:        315556 kB
Mapped:            68736 kB
Shmem:              3376 kB
Slab:              22340 kB
SReclaimable:       5008 kB
SUnreclaim:        17332 kB
KernelStack:        6120 kB
PageTables:         7800 kB
NFS_Unstable:          0 kB
Bounce:                0 kB
WritebackTmp:          0 kB
CommitLimit:      241032 kB
Committed_AS:    4198360 kB
VmallocTotal:     507904 kB
VmallocUsed:      132596 kB
VmallocChunk:     112576 kB
1557585925.000000
MemTotal:         482068 kB
MemFree:            8804 kB
Buffers:             352 kB
Cached:            52040 kB
SwapCached:            0 kB
Active:           341176 kB
Inactive:          26688 kB
Active(anon):     316820 kB
Inactive(anon):     3300 kB
Active(file):      24356 kB
Inactive(file):    23388 kB
Unevictable:        2024 kB
Mlocked:            6172 kB
HighTotal:             0 kB
HighFree:              0 kB
LowTotal:         482068 kB
LowFree:            8804 kB
SwapTotal:             0 kB
SwapFree:              0 kB
Dirty:                 0 kB
Writeback:             0 kB
AnonPages:        317488 kB
Mapped:            68024 kB
Shmem:              3392 kB
Slab:              22336 kB
SReclaimable:       5008 kB
SUnreclaim:        17328 kB
KernelStack:        6120 kB
PageTables:         7816 kB
NFS_Unstable:          0 kB
Bounce:                0 kB
WritebackTmp:          0 kB
CommitLimit:      241032 kB
Committed_AS:    4199432 kB
VmallocTotal:     507904 kB
VmallocUsed:      132596 kB
VmallocChunk:     112576 kB
1557585926.000000
MemTotal:         482068 kB
MemFree:            8944 kB
Buffers:             352 kB
Cached:            52116 kB
SwapCached:            0 kB
Active:           341228 kB
Inactive:          26740 kB
Active(anon):     316872 kB
Inactive(anon):     3300 kB
Active(file):      24356 kB
Inactive(file):    23440 kB
Unevictable:        2024 kB
Mlocked:            6172 kB
HighTotal:             0 kB
HighFree:              0 kB
LowTotal:         482068 kB
LowFree:            8944 kB
SwapTotal:             0 kB
SwapFree:              0 kB
Dirty:                 0 kB
Writeback:             0 kB
AnonPages:        317564 kB
Mapped:            67948 kB
Shmem:              3392 kB
Slab:              22336 kB
SReclaimable:       5008 kB
SUnreclaim:        17328 kB
KernelStack:        6120 kB
PageTables:         7816 kB
NFS_Unstable:          0 kB
Bounce:                0 kB
WritebackTmp:          0 kB
CommitLimit:      241032 kB
Committed_AS:    4199452 kB
VmallocTotal:     507904 kB
VmallocUsed:      132596 kB
VmallocChunk:     112576 kB
1557585927.000000
MemTotal:         482068 kB
MemFree:            8868 kB
Buffers:             284 kB
Cached:            52288 kB
SwapCached:            0 kB
Active:           341024 kB
Inactive:          27100 kB
Active(anon):     316976 kB
Inactive(anon):     3300 kB
Active(file):      24048 kB
Inactive(file):    23800 kB
Unevictable:        2024 kB
Mlocked:            6172 kB
HighTotal:             0 kB
HighFree:              0 kB
LowTotal:         482068 kB
LowFree:            8868 kB
SwapTotal:             0 kB
SwapFree:              0 kB
Dirty:                 0 kB
Writeback:             0 kB
AnonPages:        317704 kB
Mapped:            67748 kB
Shmem:              3392 kB
Slab:              22364 kB
SReclaimable:       5008 kB
SUnreclaim:        17356 kB
KernelStack:        6128 kB
PageTables:         7816 kB
NFS_Unstable:          0 kB
Bounce:                0 kB
WritebackTmp:          0 kB
CommitLimit:      241032 kB
Committed_AS:    4199508 kB
VmallocTotal:     507904 kB
VmallocUsed:      132596 kB
VmallocChunk:     112576 kB
1557585928.000000
MemTotal:         482068 kB
MemFree:            5148 kB
Buffers:             260 kB
Cached:            55344 kB
SwapCached:            0 kB
Active:           341644 kB
Inactive:          30180 kB
Active(anon):     317568 kB
Inactive(anon):     3300 kB
Active(file):      24076 kB
Inactive(file):    26880 kB
Unevictable:        2024 kB
Mlocked:            6172 kB
HighTotal:             0 kB
HighFree:              0 kB
LowTotal:         482068 kB
LowFree:            5148 kB
SwapTotal:             0 kB
SwapFree:              0 kB
Dirty:                 0 kB
Writeback:             0 kB
AnonPages:        318268 kB
Mapped:            68604 kB
Shmem:              3392 kB
Slab:              22360 kB
SReclaimable:       5008 kB
SUnreclaim:        17352 kB
KernelStack:        6120 kB
PageTables:         7804 kB
NFS_Unstable:          0 kB
Bounce:                0 kB
WritebackTmp:          0 kB
CommitLimit:      241032 kB
Committed_AS:    4199636 kB
VmallocTotal:     507904 kB
VmallocUsed:      132596 kB
VmallocChunk:     112576 kB
1557585929.000000
MemTotal:         482068 kB
MemFree:            5396 kB
Buffers:             236 kB
Cached:            54060 kB
SwapCached:            0 kB
Active:           342480 kB
Inactive:          28812 kB
Active(anon):     318420 kB
Inactive(anon):     3304 kB
Active(file):      24060 kB
Inactive(file):    25508 kB
Unevictable:        2024 kB
Mlocked:            6172 kB
HighTotal:             0 kB
HighFree:              0 kB
LowTotal:         482068 kB
LowFree:            5396 kB
SwapTotal:             0 kB
SwapFree:              0 kB
Dirty:                 0 kB
Writeback:             0 kB
AnonPages:        319044 kB
Mapped:            68028 kB
Shmem:              3400 kB
Slab:              22364 kB
SReclaimable:       5008 kB
SUnreclaim:        17356 kB
KernelStack:        6120 kB
PageTables:         7816 kB
NFS_Unstable:          0 kB
Bounce:                0 kB
WritebackTmp:          0 kB
CommitLimit:      241032 kB
Committed_AS:    4200640 kB
VmallocTotal:     507904 kB
VmallocUsed:      132596 kB
VmallocChunk:     112576 kB
1557585930.000000
MemTotal:         482068 kB
MemFree:            4636 kB
Buffers:             236 kB
Cached:            55200 kB
SwapCached:            0 kB
Active:           342532 kB
Inactive:          30056 kB
Active(anon):     318472 kB
Inactive(anon):     3304 kB
Active(file):      24060 kB
Inactive(file):    26752 kB
Unevictable:        2024 kB
Mlocked:            6172 kB
HighTotal:             0 kB
HighFree:              0 kB
LowTotal:         482068 kB
LowFree:            4636 kB
SwapTotal:             0 kB
SwapFree:              0 kB
Dirty:                 0 kB
Writeback:             0 kB
AnonPages:        319120 kB
Mapped:            66888 kB
Shmem:              3400 kB
Slab:              22364 kB
SReclaimable:       5008 kB
SUnreclaim:        17356 kB
KernelStack:        6120 kB
PageTables:         7816 kB
NFS_Unstable:          0 kB
Bounce:                0 kB
WritebackTmp:          0 kB
CommitLimit:      241032 kB
Committed_AS:    4200668 kB
VmallocTotal:     507904 kB
VmallocUsed:      132596 kB
VmallocChunk:     112576 kB
1557585931.000000
MemTotal:         482068 kB
MemFree:            4284 kB
Buffers:             244 kB
Cached:            54948 kB
SwapCached:            0 kB
Active:           343000 kB
Inactive:          29448 kB
Active(anon):     318636 kB
Inactive(anon):     3304 kB
Active(file):      24364 kB
Inactive(file):    26144 kB
Unevictable:        2024 kB
Mlocked:            6172 kB
HighTotal:             0 kB
HighFree:              0 kB
LowTotal:         482068 kB
LowFree:            4284 kB
SwapTotal:             0 kB
SwapFree:              0 kB
Dirty:                28 kB
Writeback:             0 kB
AnonPages:        319276 kB
Mapped:            66716 kB
Shmem:              3400 kB
Slab:              22344 kB
SReclaimable:       5008 kB
SUnreclaim:        17336 kB
KernelStack:        6128 kB
PageTables:         7804 kB
NFS_Unstable:          0 kB
Bounce:                0 kB
WritebackTmp:          0 kB
CommitLimit:      241032 kB
Committed_AS:    4200704 kB
VmallocTotal:     507904 kB
VmallocUsed:      132596 kB
VmallocChunk:     112576 kB
1557585932.000000
MemTotal:         482068 kB
MemFree:            4260 kB
Buffers:             244 kB
Cached:            55076 kB
SwapCached:            0 kB
Active:           343324 kB
Inactive:          29592 kB
Active(anon):     318968 kB
Inactive(anon):     3304 kB
Active(file):      24356 kB
Inactive(file):    26288 kB
Unevictable:        2024 kB
Mlocked:            6172 kB
HighTotal:             0 kB
HighFree:              0 kB
LowTotal:         482068 kB
LowFree:            4260 kB
SwapTotal:             0 kB
SwapFree:              0 kB
Dirty:                28 kB
Writeback:             0 kB
AnonPages:        319592 kB
Mapped:            66820 kB
Shmem:              3400 kB
Slab:              22348 kB
SReclaimable:       5008 kB
SUnreclaim:        17340 kB
KernelStack:        6120 kB
PageTables:         7836 kB
NFS_Unstable:          0 kB
Bounce:                0 kB
WritebackTmp:          0 kB
CommitLimit:      241032 kB
Committed_AS:    4200744 kB
VmallocTotal:     507904 kB
VmallocUsed:      132596 kB
VmallocChunk:     112576 kB
1557585933.000000
MemTotal:         482068 kB
MemFree:            5804 kB
Buffers:             248 kB
Cached:            53812 kB
SwapCached:            0 kB
Active:           342676 kB
Inactive:          28280 kB
Active(anon):     318264 kB
Inactive(anon):     3304 kB
Active(file):      24412 kB
Inactive(file):    24976 kB
Unevictable:        2024 kB
Mlocked:            6172 kB
HighTotal:             0 kB
HighFree:              0 kB
LowTotal:         482068 kB
LowFree:            5804 kB
SwapTotal:             0 kB
SwapFree:              0 kB
Dirty:                28 kB
Writeback:             0 kB
AnonPages:        318924 kB
Mapped:            65724 kB
Shmem:              3400 kB
Slab:              22392 kB
SReclaimable:       5008 kB
SUnreclaim:        17384 kB
KernelStack:        6120 kB
PageTables:         7820 kB
NFS_Unstable:          0 kB
Bounce:                0 kB
WritebackTmp:          0 kB
CommitLimit:      241032 kB
Committed_AS:    4200796 kB
VmallocTotal:     507904 kB
VmallocUsed:      132596 kB
VmallocChunk:     112576 kB
1557585934.000000
MemTotal:         482068 kB
MemFree:            4644 kB
Buffers:             248 kB
Cached:            54004 kB
SwapCached:            0 kB
Active:           343860 kB
Inactive:          28552 kB
Active(anon):     319544 kB
Inactive(anon):     3304 kB
Active(file):      24316 kB
Inactive(file):    25248 kB
Unevictable:        2024 kB
Mlocked:            6172 kB
HighTotal:             0 kB
HighFree:              0 kB
LowTotal:         482068 kB
LowFree:            4644 kB
SwapTotal:             0 kB
SwapFree:              0 kB
Dirty:                28 kB
Writeback:             0 kB
AnonPages:        320168 kB
Mapped:            65612 kB
Shmem:              3400 kB
Slab:              22380 kB
SReclaimable:       5008 kB
SUnreclaim:        17372 kB
KernelStack:        6120 kB
PageTables:         7740 kB
NFS_Unstable:          0 kB
Bounce:                0 kB
WritebackTmp:          0 kB
CommitLimit:      241032 kB
Committed_AS:    4201856 kB
VmallocTotal:     507904 kB
VmallocUsed:      132596 kB
VmallocChunk:     112576 kB
1557585935.000000
MemTotal:         482068 kB
MemFree:            5132 kB
Buffers:             248 kB
Cached:            53180 kB
SwapCached:            0 kB
Active:           344020 kB
Inactive:          27764 kB
Active(anon):     319704 kB
Inactive(anon):     3304 kB
Active(file):      24316 kB
Inactive(file):    24460 kB
Unevictable:        2024 kB
Mlocked:            6172 kB
HighTotal:             0 kB
HighFree:              0 kB
LowTotal:         482068 kB
LowFree:            5132 kB
SwapTotal:             0 kB
SwapFree:              0 kB
Dirty:                 0 kB
Writeback:             0 kB
AnonPages:        320356 kB
Mapped:            64944 kB
Shmem:              3400 kB
Slab:              22372 kB
SReclaimable:       5008 kB
SUnreclaim:        17364 kB
KernelStack:        6112 kB
PageTables:         7900 kB
NFS_Unstable:          0 kB
Bounce:                0 kB
WritebackTmp:          0 kB
CommitLimit:      241032 kB
Committed_AS:    4201888 kB
VmallocTotal:     507904 kB
VmallocUsed:      132596 kB
VmallocChunk:     112576 kB
1557585936.000000
MemTotal:         482068 kB
MemFree:            5024 kB
Buffers:             248 kB
Cached:            53340 kB
SwapCached:            0 kB
Active:           343968 kB
Inactive:          27932 kB
Active(anon):     319668 kB
Inactive(anon):     3304 kB
Active(file):      24300 kB
Inactive(file):    24628 kB
Unevictable:        2024 kB
Mlocked:            6172 kB
HighTotal:             0 kB
HighFree:              0 kB
LowTotal:         482068 kB
LowFree:            5024 kB
SwapTotal:             0 kB
SwapFree:              0 kB
Dirty:                 0 kB
Writeback:             0 kB
AnonPages:        320392 kB
Mapped:            64960 kB
Shmem:              3400 kB
Slab:              22372 kB
SReclaimable:       5008 kB
SUnreclaim:        17364 kB
KernelStack:        6112 kB
PageTables:         7824 kB
NFS_Unstable:          0 kB
Bounce:                0 kB
WritebackTmp:          0 kB
CommitLimit:      241032 kB
Committed_AS:    4202808 kB
VmallocTotal:     507904 kB
VmallocUsed:      132596 kB
VmallocChunk:     112576 kB
1557585937.000000
MemTotal:         482068 kB
MemFree:            4396 kB
Buffers:             248 kB
Cached:            54228 kB
SwapCached:            0 kB
Active:           344208 kB
Inactive:          28768 kB
Active(anon):     319908 kB
Inactive(anon):     3304 kB
Active(file):      24300 kB
Inactive(file):    25464 kB
Unevictable:        2024 kB
Mlocked:            6172 kB
HighTotal:             0 kB
HighFree:              0 kB
LowTotal:         482068 kB
LowFree:            4396 kB
SwapTotal:             0 kB
SwapFree:              0 kB
Dirty:                 0 kB
Writeback:             0 kB
AnonPages:        320628 kB
Mapped:            65068 kB
Shmem:              3400 kB
Slab:              22364 kB
SReclaimable:       5008 kB
SUnreclaim:        17356 kB
KernelStack:        6112 kB
PageTables:         7808 kB
NFS_Unstable:          0 kB
Bounce:                0 kB
WritebackTmp:          0 kB
CommitLimit:      241032 kB
Committed_AS:    4202712 kB
VmallocTotal:     507904 kB
VmallocUsed:      132596 kB
VmallocChunk:     112576 kB
1557585937.000000
MemTotal:         482068 kB
MemFree:            4604 kB
Buffers:             224 kB
Cached:            52136 kB
SwapCached:            0 kB
Active:           345008 kB
Inactive:          27220 kB
Active(anon):     321260 kB
Inactive(anon):     3304 kB
Active(file):      23748 kB
Inactive(file):    23916 kB
Unevictable:        2024 kB
Mlocked:            6172 kB
HighTotal:             0 kB
HighFree:              0 kB
LowTotal:         482068 kB
LowFree:            4604 kB
SwapTotal:             0 kB
SwapFree:              0 kB
Dirty:                 0 kB
Writeback:             0 kB
AnonPages:        321944 kB
Mapped:            63900 kB
Shmem:              3400 kB
Slab:              22376 kB
SReclaimable:       5008 kB
SUnreclaim:        17368 kB
KernelStack:        6120 kB
PageTables:         7816 kB
NFS_Unstable:          0 kB
Bounce:                0 kB
WritebackTmp:          0 kB
CommitLimit:      241032 kB
Committed_AS:    4203812 kB
VmallocTotal:     507904 kB
VmallocUsed:      132596 kB
VmallocChunk:     112576 kB
1557585938.000000
MemTotal:         482068 kB
MemFree:            5660 kB
Buffers:             224 kB
Cached:            50984 kB
SwapCached:            0 kB
Active:           344424 kB
Inactive:          26624 kB
Active(anon):     321220 kB
Inactive(anon):     3304 kB
Active(file):      23204 kB
Inactive(file):    23320 kB
Unevictable:        2024 kB
Mlocked:            6172 kB
HighTotal:             0 kB
HighFree:              0 kB
LowTotal:         482068 kB
LowFree:            5660 kB
SwapTotal:             0 kB
SwapFree:              0 kB
Dirty:                 0 kB
Writeback:             0 kB
AnonPages:        321984 kB
Mapped:            62804 kB
Shmem:              3400 kB
Slab:              22356 kB
SReclaimable:       5008 kB
SUnreclaim:        17348 kB
KernelStack:        6112 kB
PageTables:         7820 kB
NFS_Unstable:          0 kB
Bounce:                0 kB
WritebackTmp:          0 kB
CommitLimit:      241032 kB
Committed_AS:    4203812 kB
VmallocTotal:     507904 kB
VmallocUsed:      132596 kB
VmallocChunk:     112576 kB
1557585939.000000
MemTotal:         482068 kB
MemFree:            4828 kB
Buffers:             224 kB
Cached:            52380 kB
SwapCached:            0 kB
Active:           344520 kB
Inactive:          28008 kB
Active(anon):     321292 kB
Inactive(anon):     3304 kB
Active(file):      23228 kB
Inactive(file):    24704 kB
Unevictable:        2024 kB
Mlocked:            6172 kB
HighTotal:             0 kB
HighFree:              0 kB
LowTotal:         482068 kB
LowFree:            4828 kB
SwapTotal:             0 kB
SwapFree:              0 kB
Dirty:                 0 kB
Writeback:             0 kB
AnonPages:        322008 kB
Mapped:            62524 kB
Shmem:              3400 kB
Slab:              22344 kB
SReclaimable:       5008 kB
SUnreclaim:        17336 kB
KernelStack:        6104 kB
PageTables:         7820 kB
NFS_Unstable:          0 kB
Bounce:                0 kB
WritebackTmp:          0 kB
CommitLimit:      241032 kB
Committed_AS:    4203692 kB
VmallocTotal:     507904 kB
VmallocUsed:      132596 kB
VmallocChunk:     112576 kB
1557585940.000000
MemTotal:         482068 kB
MemFree:            5352 kB
Buffers:             224 kB
Cached:            52304 kB
SwapCached:            0 kB
Active:           344312 kB
Inactive:          27872 kB
Active(anon):     321084 kB
Inactive(anon):     3304 kB
Active(file):      23228 kB
Inactive(file):    24568 kB
Unevictable:        2024 kB
Mlocked:            6172 kB
HighTotal:             0 kB
HighFree:              0 kB
LowTotal:         482068 kB
LowFree:            5352 kB
SwapTotal:             0 kB
SwapFree:              0 kB
Dirty:                 0 kB
Writeback:             0 kB
AnonPages:        321780 kB
Mapped:            62448 kB
Shmem:              3400 kB
Slab:              22396 kB
SReclaimable:       5008 kB
SUnreclaim:        17388 kB
KernelStack:        6104 kB
PageTables:         7820 kB
NFS_Unstable:          0 kB
Bounce:                0 kB
WritebackTmp:          0 kB
CommitLimit:      241032 kB
Committed_AS:    4203812 kB
VmallocTotal:     507904 kB
VmallocUsed:      132596 kB
VmallocChunk:     112576 kB
1557585941.000000
MemTotal:         482068 kB
MemFree:            5164 kB
Buffers:             248 kB
Cached:            51908 kB
SwapCached:            0 kB
Active:           344652 kB
Inactive:          27588 kB
Active(anon):     321420 kB
Inactive(anon):     3304 kB
Active(file):      23232 kB
Inactive(file):    24284 kB
Unevictable:        2024 kB
Mlocked:            6172 kB
HighTotal:             0 kB
HighFree:              0 kB
LowTotal:         482068 kB
LowFree:            5164 kB
SwapTotal:             0 kB
SwapFree:              0 kB
Dirty:                24 kB
Writeback:             4 kB
AnonPages:        322192 kB
Mapped:            62572 kB
Shmem:              3400 kB
Slab:              22400 kB
SReclaimable:       5008 kB
SUnreclaim:        17392 kB
KernelStack:        6096 kB
PageTables:         7848 kB
NFS_Unstable:          0 kB
Bounce:                0 kB
WritebackTmp:          0 kB
CommitLimit:      241032 kB
Committed_AS:    4203904 kB
VmallocTotal:     507904 kB
VmallocUsed:      132596 kB
VmallocChunk:     112576 kB
1557585942.000000
MemTotal:         482068 kB
MemFree:            5048 kB
Buffers:             224 kB
Cached:            50120 kB
SwapCached:            0 kB
Active:           345812 kB
Inactive:          25948 kB
Active(anon):     322712 kB
Inactive(anon):     3304 kB
Active(file):      23100 kB
Inactive(file):    22644 kB
Unevictable:        2024 kB
Mlocked:            6172 kB
HighTotal:             0 kB
HighFree:              0 kB
LowTotal:         482068 kB
LowFree:            5048 kB
SwapTotal:             0 kB
SwapFree:              0 kB
Dirty:                32 kB
Writeback:             0 kB
AnonPages:        323404 kB
Mapped:            61996 kB
Shmem:              3400 kB
Slab:              22316 kB
SReclaimable:       5008 kB
SUnreclaim:        17308 kB
KernelStack:        6104 kB
PageTables:         7820 kB
NFS_Unstable:          0 kB
Bounce:                0 kB
WritebackTmp:          0 kB
CommitLimit:      241032 kB
Committed_AS:    4204908 kB
VmallocTotal:     507904 kB
VmallocUsed:      132596 kB
VmallocChunk:     112576 kB
1557585943.000000
MemTotal:         482068 kB
MemFree:            5412 kB
Buffers:             224 kB
Cached:            50236 kB
SwapCached:            0 kB
Active:           345364 kB
Inactive:          25976 kB
Active(anon):     322256 kB
Inactive(anon):     3304 kB
Active(file):      23108 kB
Inactive(file):    22672 kB
Unevictable:        2024 kB
Mlocked:            6172 kB
HighTotal:             0 kB
HighFree:              0 kB
LowTotal:         482068 kB
LowFree:            5412 kB
SwapTotal:             0 kB
SwapFree:              0 kB
Dirty:                32 kB
Writeback:             0 kB
AnonPages:        322988 kB
Mapped:            62012 kB
Shmem:              3400 kB
Slab:              22340 kB
SReclaimable:       5008 kB
SUnreclaim:        17332 kB
KernelStack:        6104 kB
PageTables:         7808 kB
NFS_Unstable:          0 kB
Bounce:                0 kB
WritebackTmp:          0 kB
CommitLimit:      241032 kB
Committed_AS:    4204908 kB
VmallocTotal:     507904 kB
VmallocUsed:      132596 kB
VmallocChunk:     112576 kB
1557585944.000000
MemTotal:         482068 kB
MemFree:            5544 kB
Buffers:             224 kB
Cached:            50420 kB
SwapCached:            0 kB
Active:           345292 kB
Inactive:          26184 kB
Active(anon):     322184 kB
Inactive(anon):     3304 kB
Active(file):      23108 kB
Inactive(file):    22880 kB
Unevictable:        2024 kB
Mlocked:            6172 kB
HighTotal:             0 kB
HighFree:              0 kB
LowTotal:         482068 kB
LowFree:            5544 kB
SwapTotal:             0 kB
SwapFree:              0 kB
Dirty:                32 kB
Writeback:             0 kB
AnonPages:        322896 kB
Mapped:            62012 kB
Shmem:              3400 kB
Slab:              22352 kB
SReclaimable:       5008 kB
SUnreclaim:        17344 kB
KernelStack:        6104 kB
PageTables:         7816 kB
NFS_Unstable:          0 kB
Bounce:                0 kB
WritebackTmp:          0 kB
CommitLimit:      241032 kB
Committed_AS:    4204908 kB
VmallocTotal:     507904 kB
VmallocUsed:      132596 kB
VmallocChunk:     112576 kB
1557585945.000000
MemTotal:         482068 kB
MemFree:            5412 kB
Buffers:             224 kB
Cached:            50516 kB
SwapCached:            0 kB
Active:           345248 kB
Inactive:          26280 kB
Active(anon):     322140 kB
Inactive(anon):     3304 kB
Active(file):      23108 kB
Inactive(file):    22976 kB
Unevictable:        2024 kB
Mlocked:            6172 kB
HighTotal:             0 kB
HighFree:              0 kB
LowTotal:         482068 kB
LowFree:            5412 kB
SwapTotal:             0 kB
SwapFree:              0 kB
Dirty:                 0 kB
Writeback:             0 kB
AnonPages:        322836 kB
Mapped:            62052 kB
Shmem:              3400 kB
Slab:              22360 kB
SReclaimable:       5008 kB
SUnreclaim:        17352 kB
KernelStack:        6104 kB
PageTables:         7820 kB
NFS_Unstable:          0 kB
Bounce:                0 kB
WritebackTmp:          0 kB
CommitLimit:      241032 kB
Committed_AS:    4204908 kB
VmallocTotal:     507904 kB
VmallocUsed:      132596 kB
VmallocChunk:     112576 kB
1557585946.000000
MemTotal:         482068 kB
MemFree:            5672 kB
Buffers:             224 kB
Cached:            49300 kB
SwapCached:            0 kB
Active:           345584 kB
Inactive:          25592 kB
Active(anon):     323116 kB
Inactive(anon):     3304 kB
Active(file):      22468 kB
Inactive(file):    22288 kB
Unevictable:        2024 kB
Mlocked:            6172 kB
HighTotal:             0 kB
HighFree:              0 kB
LowTotal:         482068 kB
LowFree:            5672 kB
SwapTotal:             0 kB
SwapFree:              0 kB
Dirty:                 0 kB
Writeback:             0 kB
AnonPages:        323872 kB
Mapped:            61672 kB
Shmem:              3400 kB
Slab:              22396 kB
SReclaimable:       5008 kB
SUnreclaim:        17388 kB
KernelStack:        6104 kB
PageTables:         7824 kB
NFS_Unstable:          0 kB
Bounce:                0 kB
WritebackTmp:          0 kB
CommitLimit:      241032 kB
Committed_AS:    4204812 kB
VmallocTotal:     507904 kB
VmallocUsed:      132596 kB
VmallocChunk:     112576 kB
1557585947.000000
MemTotal:         482068 kB
MemFree:            5396 kB
Buffers:             232 kB
Cached:            49864 kB
SwapCached:            0 kB
Active:           345576 kB
Inactive:          26312 kB
Active(anon):     323236 kB
Inactive(anon):     3304 kB
Active(file):      22340 kB
Inactive(file):    23008 kB
Unevictable:        2024 kB
Mlocked:            6172 kB
HighTotal:             0 kB
HighFree:              0 kB
LowTotal:         482068 kB
LowFree:            5396 kB
SwapTotal:             0 kB
SwapFree:              0 kB
Dirty:                28 kB
Writeback:             0 kB
AnonPages:        323964 kB
Mapped:            61488 kB
Shmem:              3400 kB
Slab:              22356 kB
SReclaimable:       5008 kB
SUnreclaim:        17348 kB
KernelStack:        6096 kB
PageTables:         7824 kB
NFS_Unstable:          0 kB
Bounce:                0 kB
WritebackTmp:          0 kB
CommitLimit:      241032 kB
Committed_AS:    4204908 kB
VmallocTotal:     507904 kB
VmallocUsed:      132596 kB
VmallocChunk:     112576 kB
1557585948.000000
MemTotal:         482068 kB
MemFree:            4884 kB
Buffers:             232 kB
Cached:            49892 kB
SwapCached:            0 kB
Active:           345876 kB
Inactive:          26368 kB
Active(anon):     323472 kB
Inactive(anon):     3304 kB
Active(file):      22404 kB
Inactive(file):    23064 kB
Unevictable:        2024 kB
Mlocked:            6172 kB
HighTotal:             0 kB
HighFree:              0 kB
LowTotal:         482068 kB
LowFree:            4884 kB
SwapTotal:             0 kB
SwapFree:              0 kB
Dirty:                28 kB
Writeback:             0 kB
AnonPages:        324192 kB
Mapped:            61528 kB
Shmem:              3400 kB
Slab:              22356 kB
SReclaimable:       5008 kB
SUnreclaim:        17348 kB
KernelStack:        6088 kB
PageTables:         7808 kB
NFS_Unstable:          0 kB
Bounce:                0 kB
WritebackTmp:          0 kB
CommitLimit:      241032 kB
Committed_AS:    4204912 kB
VmallocTotal:     507904 kB
VmallocUsed:      132596 kB
VmallocChunk:     112576 kB
1557585948.000000
MemTotal:         482068 kB
MemFree:            4148 kB
Buffers:             232 kB
Cached:            50520 kB
SwapCached:            0 kB
Active:           345964 kB
Inactive:          26996 kB
Active(anon):     323560 kB
Inactive(anon):     3304 kB
Active(file):      22404 kB
Inactive(file):    23692 kB
Unevictable:        2024 kB
Mlocked:            6172 kB
HighTotal:             0 kB
HighFree:              0 kB
LowTotal:         482068 kB
LowFree:            4148 kB
SwapTotal:             0 kB
SwapFree:              0 kB
Dirty:                28 kB
Writeback:             0 kB
AnonPages:        324188 kB
Mapped:            61480 kB
Shmem:              3400 kB
Slab:              22348 kB
SReclaimable:       5008 kB
SUnreclaim:        17340 kB
KernelStack:        6096 kB
PageTables:         7808 kB
NFS_Unstable:          0 kB
Bounce:                0 kB
WritebackTmp:          0 kB
CommitLimit:      241032 kB
Committed_AS:    4204900 kB
VmallocTotal:     507904 kB
VmallocUsed:      132596 kB
VmallocChunk:     112576 kB
1557585949.000000
MemTotal:         482068 kB
MemFree:            8556 kB
Buffers:             212 kB
Cached:            49076 kB
SwapCached:            0 kB
Active:           342160 kB
Inactive:          26600 kB
Active(anon):     320872 kB
Inactive(anon):     3304 kB
Active(file):      21288 kB
Inactive(file):    23296 kB
Unevictable:        2024 kB
Mlocked:            6172 kB
HighTotal:             0 kB
HighFree:              0 kB
LowTotal:         482068 kB
LowFree:            8556 kB
SwapTotal:             0 kB
SwapFree:              0 kB
Dirty:                 0 kB
Writeback:            28 kB
AnonPages:        321572 kB
Mapped:            60812 kB
Shmem:              3400 kB
Slab:              22332 kB
SReclaimable:       5008 kB
SUnreclaim:        17324 kB
KernelStack:        6096 kB
PageTables:         7656 kB
NFS_Unstable:          0 kB
Bounce:                0 kB
WritebackTmp:          0 kB
CommitLimit:      241032 kB
Committed_AS:    4092288 kB
VmallocTotal:     507904 kB
VmallocUsed:      130552 kB
VmallocChunk:     112576 kB
1557585950.000000
MemTotal:         482068 kB
MemFree:            7580 kB
Buffers:             336 kB
Cached:            49852 kB
SwapCached:            0 kB
Active:           342328 kB
Inactive:          27472 kB
Active(anon):     321012 kB
Inactive(anon):     3304 kB
Active(file):      21316 kB
Inactive(file):    24168 kB
Unevictable:        2024 kB
Mlocked:            6172 kB
HighTotal:             0 kB
HighFree:              0 kB
LowTotal:         482068 kB
LowFree:            7580 kB
SwapTotal:             0 kB
SwapFree:              0 kB
Dirty:                 0 kB
Writeback:             0 kB
AnonPages:        321656 kB
Mapped:            61028 kB
Shmem:              3400 kB
Slab:              22348 kB
SReclaimable:       5008 kB
SUnreclaim:        17340 kB
KernelStack:        5992 kB
PageTables:         7588 kB
NFS_Unstable:          0 kB
Bounce:                0 kB
WritebackTmp:          0 kB
CommitLimit:      241032 kB
Committed_AS:    4092296 kB
VmallocTotal:     507904 kB
VmallocUsed:      130552 kB
VmallocChunk:     112576 kB
1557585951.000000
MemTotal:         482068 kB
MemFree:            6944 kB
Buffers:             336 kB
Cached:            50196 kB
SwapCached:            0 kB
Active:           342608 kB
Inactive:          27864 kB
Active(anon):     321292 kB
Inactive(anon):     3304 kB
Active(file):      21316 kB
Inactive(file):    24560 kB
Unevictable:        2024 kB
Mlocked:            6172 kB
HighTotal:             0 kB
HighFree:              0 kB
LowTotal:         482068 kB
LowFree:            6944 kB
SwapTotal:             0 kB
SwapFree:              0 kB
Dirty:                 0 kB
Writeback:             0 kB
AnonPages:        321952 kB
Mapped:            61088 kB
Shmem:              3400 kB
Slab:              22340 kB
SReclaimable:       5008 kB
SUnreclaim:        17332 kB
KernelStack:        5992 kB
PageTables:         7600 kB
NFS_Unstable:          0 kB
Bounce:                0 kB
WritebackTmp:          0 kB
CommitLimit:      241032 kB
Committed_AS:    4092296 kB
VmallocTotal:     507904 kB
VmallocUsed:      130552 kB
VmallocChunk:     112576 kB
1557585952.000000
MemTotal:         482068 kB
MemFree:            6904 kB
Buffers:             336 kB
Cached:            50044 kB
SwapCached:            0 kB
Active:           342712 kB
Inactive:          27680 kB
Active(anon):     321396 kB
Inactive(anon):     3304 kB
Active(file):      21316 kB
Inactive(file):    24376 kB
Unevictable:        2024 kB
Mlocked:            6172 kB
HighTotal:             0 kB
HighFree:              0 kB
LowTotal:         482068 kB
LowFree:            6904 kB
SwapTotal:             0 kB
SwapFree:              0 kB
Dirty:                 0 kB
Writeback:             0 kB
AnonPages:        322028 kB
Mapped:            61088 kB
Shmem:              3400 kB
Slab:              22340 kB
SReclaimable:       5008 kB
SUnreclaim:        17332 kB
KernelStack:        5992 kB
PageTables:         7600 kB
NFS_Unstable:          0 kB
Bounce:                0 kB
WritebackTmp:          0 kB
CommitLimit:      241032 kB
Committed_AS:    4092288 kB
VmallocTotal:     507904 kB
VmallocUsed:      130552 kB
VmallocChunk:     112576 kB
1557585953.000000
MemTotal:         482068 kB
MemFree:            7060 kB
Buffers:             336 kB
Cached:            49780 kB
SwapCached:            0 kB
Active:           343312 kB
Inactive:          27448 kB
Active(anon):     321992 kB
Inactive(anon):     3300 kB
Active(file):      21320 kB
Inactive(file):    24148 kB
Unevictable:        2024 kB
Mlocked:            6172 kB
HighTotal:             0 kB
HighFree:              0 kB
LowTotal:         482068 kB
LowFree:            7060 kB
SwapTotal:             0 kB
SwapFree:              0 kB
Dirty:                 0 kB
Writeback:             0 kB
AnonPages:        322768 kB
Mapped:            61004 kB
Shmem:              3400 kB
Slab:              22340 kB
SReclaimable:       5008 kB
SUnreclaim:        17332 kB
KernelStack:        5992 kB
PageTables:         7588 kB
NFS_Unstable:          0 kB
Bounce:                0 kB
WritebackTmp:          0 kB
CommitLimit:      241032 kB
Committed_AS:    4092300 kB
VmallocTotal:     507904 kB
VmallocUsed:      130552 kB
VmallocChunk:     112576 kB
1557585954.000000
MemTotal:         482068 kB
MemFree:            6772 kB
Buffers:             336 kB
Cached:            49176 kB
SwapCached:            0 kB
Active:           343864 kB
Inactive:          26772 kB
Active(anon):     322524 kB
Inactive(anon):     3300 kB
Active(file):      21340 kB
Inactive(file):    23472 kB
Unevictable:        2024 kB
Mlocked:            6172 kB
HighTotal:             0 kB
HighFree:              0 kB
LowTotal:         482068 kB
LowFree:            6772 kB
SwapTotal:             0 kB
SwapFree:              0 kB
Dirty:                 0 kB
Writeback:             0 kB
AnonPages:        323256 kB
Mapped:            60892 kB
Shmem:              3400 kB
Slab:              22344 kB
SReclaimable:       5008 kB
SUnreclaim:        17336 kB
KernelStack:        5992 kB
PageTables:         7588 kB
NFS_Unstable:          0 kB
Bounce:                0 kB
WritebackTmp:          0 kB
CommitLimit:      241032 kB
Committed_AS:    4093324 kB
VmallocTotal:     507904 kB
VmallocUsed:      130552 kB
VmallocChunk:     112576 kB
1557585955.000000
MemTotal:         482068 kB
MemFree:            7184 kB
Buffers:             336 kB
Cached:            48648 kB
SwapCached:            0 kB
Active:           343884 kB
Inactive:          26284 kB
Active(anon):     322576 kB
Inactive(anon):     3296 kB
Active(file):      21308 kB
Inactive(file):    22988 kB
Unevictable:        2024 kB
Mlocked:            6172 kB
HighTotal:             0 kB
HighFree:              0 kB
LowTotal:         482068 kB
LowFree:            7184 kB
SwapTotal:             0 kB
SwapFree:              0 kB
Dirty:                 0 kB
Writeback:             0 kB
AnonPages:        323200 kB
Mapped:            60848 kB
Shmem:              3404 kB
Slab:              22372 kB
SReclaimable:       5008 kB
SUnreclaim:        17364 kB
KernelStack:        5992 kB
PageTables:         7600 kB
NFS_Unstable:          0 kB
Bounce:                0 kB
WritebackTmp:          0 kB
CommitLimit:      241032 kB
Committed_AS:    4093320 kB
VmallocTotal:     507904 kB
VmallocUsed:      130552 kB
VmallocChunk:     112576 kB
1557585956.000000
MemTotal:         482068 kB
MemFree:            7416 kB
Buffers:             336 kB
Cached:            48624 kB
SwapCached:            0 kB
Active:           343764 kB
Inactive:          26288 kB
Active(anon):     322460 kB
Inactive(anon):     3300 kB
Active(file):      21304 kB
Inactive(file):    22988 kB
Unevictable:        2024 kB
Mlocked:            6172 kB
HighTotal:             0 kB
HighFree:              0 kB
LowTotal:         482068 kB
LowFree:            7416 kB
SwapTotal:             0 kB
SwapFree:              0 kB
Dirty:                 0 kB
Writeback:             0 kB
AnonPages:        323040 kB
Mapped:            60860 kB
Shmem:              3412 kB
Slab:              22364 kB
SReclaimable:       5008 kB
SUnreclaim:        17356 kB
KernelStack:        5992 kB
PageTables:         7600 kB
NFS_Unstable:          0 kB
Bounce:                0 kB
WritebackTmp:          0 kB
CommitLimit:      241032 kB
Committed_AS:    4093324 kB
VmallocTotal:     507904 kB
VmallocUsed:      130552 kB
VmallocChunk:     112576 kB
1557585957.000000
MemTotal:         482068 kB
MemFree:            6648 kB
Buffers:             336 kB
Cached:            48708 kB
SwapCached:            0 kB
Active:           344368 kB
Inactive:          26348 kB
Active(anon):     323064 kB
Inactive(anon):     3300 kB
Active(file):      21304 kB
Inactive(file):    23048 kB
Unevictable:        2024 kB
Mlocked:            6172 kB
HighTotal:             0 kB
HighFree:              0 kB
LowTotal:         482068 kB
LowFree:            6648 kB
SwapTotal:             0 kB
SwapFree:              0 kB
Dirty:                 0 kB
Writeback:             0 kB
AnonPages:        323756 kB
Mapped:            60864 kB
Shmem:              3412 kB
Slab:              22368 kB
SReclaimable:       5008 kB
SUnreclaim:        17360 kB
KernelStack:        5992 kB
PageTables:         7604 kB
NFS_Unstable:          0 kB
Bounce:                0 kB
WritebackTmp:          0 kB
CommitLimit:      241032 kB
Committed_AS:    4093324 kB
VmallocTotal:     507904 kB
VmallocUsed:      130552 kB
VmallocChunk:     112576 kB
1557585958.000000
MemTotal:         482068 kB
MemFree:            5320 kB
Buffers:             360 kB
Cached:            48572 kB
SwapCached:            0 kB
Active:           345584 kB
Inactive:          26200 kB
Active(anon):     324280 kB
Inactive(anon):     3296 kB
Active(file):      21304 kB
Inactive(file):    22904 kB
Unevictable:        2024 kB
Mlocked:            6172 kB
HighTotal:             0 kB
HighFree:              0 kB
LowTotal:         482068 kB
LowFree:            5320 kB
SwapTotal:             0 kB
SwapFree:              0 kB
Dirty:                32 kB
Writeback:             0 kB
AnonPages:        324956 kB
Mapped:            60800 kB
Shmem:              3412 kB
Slab:              22344 kB
SReclaimable:       5008 kB
SUnreclaim:        17336 kB
KernelStack:        5992 kB
PageTables:         7604 kB
NFS_Unstable:          0 kB
Bounce:                0 kB
WritebackTmp:          0 kB
CommitLimit:      241032 kB
Committed_AS:    4095276 kB
VmallocTotal:     507904 kB
VmallocUsed:      130552 kB
VmallocChunk:     112576 kB
1557585959.000000
MemTotal:         482068 kB
MemFree:            5064 kB
Buffers:             360 kB
Cached:            49224 kB
SwapCached:            0 kB
Active:           345632 kB
Inactive:          26852 kB
Active(anon):     324332 kB
Inactive(anon):     3296 kB
Active(file):      21300 kB
Inactive(file):    23556 kB
Unevictable:        2024 kB
Mlocked:            6172 kB
HighTotal:             0 kB
HighFree:              0 kB
LowTotal:         482068 kB
LowFree:            5064 kB
SwapTotal:             0 kB
SwapFree:              0 kB
Dirty:                32 kB
Writeback:             0 kB
AnonPages:        324964 kB
Mapped:            60940 kB
Shmem:              3412 kB
Slab:              22340 kB
SReclaimable:       5008 kB
SUnreclaim:        17332 kB
KernelStack:        5992 kB
PageTables:         7604 kB
NFS_Unstable:          0 kB
Bounce:                0 kB
WritebackTmp:          0 kB
CommitLimit:      241032 kB
Committed_AS:    4095372 kB
VmallocTotal:     507904 kB
VmallocUsed:      130552 kB
VmallocChunk:     112576 kB
1557585960.000000
MemTotal:         482068 kB
MemFree:            5580 kB
Buffers:             352 kB
Cached:            50896 kB
SwapCached:            0 kB
Active:           343972 kB
Inactive:          28288 kB
Active(anon):     322384 kB
Inactive(anon):     3296 kB
Active(file):      21588 kB
Inactive(file):    24992 kB
Unevictable:        2024 kB
Mlocked:            6172 kB
HighTotal:             0 kB
HighFree:              0 kB
LowTotal:         482068 kB
LowFree:            5580 kB
SwapTotal:             0 kB
SwapFree:              0 kB
Dirty:                32 kB
Writeback:             0 kB
AnonPages:        322956 kB
Mapped:            61532 kB
Shmem:              3412 kB
Slab:              22332 kB
SReclaimable:       5008 kB
SUnreclaim:        17324 kB
KernelStack:        5904 kB
PageTables:         7396 kB
NFS_Unstable:          0 kB
Bounce:                0 kB
WritebackTmp:          0 kB
CommitLimit:      241032 kB
Committed_AS:    3986100 kB
VmallocTotal:     507904 kB
VmallocUsed:      128508 kB
VmallocChunk:     112576 kB
1557585960.000000
MemTotal:         482068 kB
MemFree:            4904 kB
Buffers:             772 kB
Cached:            51124 kB
SwapCached:            0 kB
Active:           343996 kB
Inactive:          28912 kB
Active(anon):     322384 kB
Inactive(anon):     3296 kB
Active(file):      21612 kB
Inactive(file):    25616 kB
Unevictable:        2024 kB
Mlocked:            6172 kB
HighTotal:             0 kB
HighFree:              0 kB
LowTotal:         482068 kB
LowFree:            4904 kB
SwapTotal:             0 kB
SwapFree:              0 kB
Dirty:                 4 kB
Writeback:             0 kB
AnonPages:        323048 kB
Mapped:            61612 kB
Shmem:              3412 kB
Slab:              22328 kB
SReclaimable:       5008 kB
SUnreclaim:        17320 kB
KernelStack:        5904 kB
PageTables:         7400 kB
NFS_Unstable:          0 kB
Bounce:                0 kB
WritebackTmp:          0 kB
CommitLimit:      241032 kB
Committed_AS:    3986156 kB
VmallocTotal:     507904 kB
VmallocUsed:      128508 kB
VmallocChunk:     112576 kB
1557585961.000000
MemTotal:         482068 kB
MemFree:            5068 kB
Buffers:             772 kB
Cached:            50092 kB
SwapCached:            0 kB
Active:           344744 kB
Inactive:          27844 kB
Active(anon):     323128 kB
Inactive(anon):     3296 kB
Active(file):      21616 kB
Inactive(file):    24548 kB
Unevictable:        2024 kB
Mlocked:            6172 kB
HighTotal:             0 kB
HighFree:              0 kB
LowTotal:         482068 kB
LowFree:            5068 kB
SwapTotal:             0 kB
SwapFree:              0 kB
Dirty:                 4 kB
Writeback:             0 kB
AnonPages:        323832 kB
Mapped:            61336 kB
Shmem:              3412 kB
Slab:              22364 kB
SReclaimable:       5008 kB
SUnreclaim:        17356 kB
KernelStack:        5904 kB
PageTables:         7396 kB
NFS_Unstable:          0 kB
Bounce:                0 kB
WritebackTmp:          0 kB
CommitLimit:      241032 kB
Committed_AS:    3986060 kB
VmallocTotal:     507904 kB
VmallocUsed:      128508 kB
VmallocChunk:     112576 kB
1557585962.000000
MemTotal:         482068 kB
MemFree:            4340 kB
Buffers:             768 kB
Cached:            49508 kB
SwapCached:            0 kB
Active:           346224 kB
Inactive:          27104 kB
Active(anon):     324424 kB
Inactive(anon):     3296 kB
Active(file):      21800 kB
Inactive(file):    23808 kB
Unevictable:        2024 kB
Mlocked:            6172 kB
HighTotal:             0 kB
HighFree:              0 kB
LowTotal:         482068 kB
LowFree:            4340 kB
SwapTotal:             0 kB
SwapFree:              0 kB
Dirty:                 4 kB
Writeback:             0 kB
AnonPages:        325100 kB
Mapped:            61408 kB
Shmem:              3412 kB
Slab:              22324 kB
SReclaimable:       5008 kB
SUnreclaim:        17316 kB
KernelStack:        5904 kB
PageTables:         7400 kB
NFS_Unstable:          0 kB
Bounce:                0 kB
WritebackTmp:          0 kB
CommitLimit:      241032 kB
Committed_AS:    3988204 kB
VmallocTotal:     507904 kB
VmallocUsed:      128508 kB
VmallocChunk:     112576 kB
1557585963.000000
MemTotal:         482068 kB
MemFree:            4688 kB
Buffers:             768 kB
Cached:            49508 kB
SwapCached:            0 kB
Active:           345700 kB
Inactive:          27104 kB
Active(anon):     323900 kB
Inactive(anon):     3296 kB
Active(file):      21800 kB
Inactive(file):    23808 kB
Unevictable:        2024 kB
Mlocked:            6172 kB
HighTotal:             0 kB
HighFree:              0 kB
LowTotal:         482068 kB
LowFree:            4688 kB
SwapTotal:             0 kB
SwapFree:              0 kB
Dirty:                 0 kB
Writeback:             0 kB
AnonPages:        324580 kB
Mapped:            61408 kB
Shmem:              3412 kB
Slab:              22340 kB
SReclaimable:       5008 kB
SUnreclaim:        17332 kB
KernelStack:        5872 kB
PageTables:         7436 kB
NFS_Unstable:          0 kB
Bounce:                0 kB
WritebackTmp:          0 kB
CommitLimit:      241032 kB
Committed_AS:    3988204 kB
VmallocTotal:     507904 kB
VmallocUsed:      128508 kB
VmallocChunk:     112576 kB
1557585964.000000
MemTotal:         482068 kB
MemFree:            4572 kB
Buffers:             768 kB
Cached:            49508 kB
SwapCached:            0 kB
Active:           345768 kB
Inactive:          27104 kB
Active(anon):     323968 kB
Inactive(anon):     3296 kB
Active(file):      21800 kB
Inactive(file):    23808 kB
Unevictable:        2024 kB
Mlocked:            6172 kB
HighTotal:             0 kB
HighFree:              0 kB
LowTotal:         482068 kB
LowFree:            4572 kB
SwapTotal:             0 kB
SwapFree:              0 kB
Dirty:                 0 kB
Writeback:             0 kB
AnonPages:        324692 kB
Mapped:            61412 kB
Shmem:              3412 kB
Slab:              22356 kB
SReclaimable:       5008 kB
SUnreclaim:        17348 kB
KernelStack:        5904 kB
PageTables:         7400 kB
NFS_Unstable:          0 kB
Bounce:                0 kB
WritebackTmp:          0 kB
CommitLimit:      241032 kB
Committed_AS:    3988204 kB
VmallocTotal:     507904 kB
VmallocUsed:      128508 kB
VmallocChunk:     112576 kB
1557585965.000000
MemTotal:         482068 kB
MemFree:            4208 kB
Buffers:             768 kB
Cached:            49660 kB
SwapCached:            0 kB
Active:           346360 kB
Inactive:          27232 kB
Active(anon):     324560 kB
Inactive(anon):     3296 kB
Active(file):      21800 kB
Inactive(file):    23936 kB
Unevictable:        2024 kB
Mlocked:            6172 kB
HighTotal:             0 kB
HighFree:              0 kB
LowTotal:         482068 kB
LowFree:            4208 kB
SwapTotal:             0 kB
SwapFree:              0 kB
Dirty:                 0 kB
Writeback:             0 kB
AnonPages:        325220 kB
Mapped:            61420 kB
Shmem:              3412 kB
Slab:              22344 kB
SReclaimable:       5008 kB
SUnreclaim:        17336 kB
KernelStack:        5904 kB
PageTables:         7400 kB
NFS_Unstable:          0 kB
Bounce:                0 kB
WritebackTmp:          0 kB
CommitLimit:      241032 kB
Committed_AS:    3988204 kB
VmallocTotal:     507904 kB
VmallocUsed:      128508 kB
VmallocChunk:     112576 kB
1557585966.000000
MemTotal:         482068 kB
MemFree:            4720 kB
Buffers:             776 kB
Cached:            47388 kB
SwapCached:            0 kB
Active:           347576 kB
Inactive:          25104 kB
Active(anon):     325936 kB
Inactive(anon):     3296 kB
Active(file):      21640 kB
Inactive(file):    21808 kB
Unevictable:        2024 kB
Mlocked:            6172 kB
HighTotal:             0 kB
HighFree:              0 kB
LowTotal:         482068 kB
LowFree:            4720 kB
SwapTotal:             0 kB
SwapFree:              0 kB
Dirty:                 0 kB
Writeback:             0 kB
AnonPages:        326620 kB
Mapped:            61068 kB
Shmem:              3412 kB
Slab:              22308 kB
SReclaimable:       5008 kB
SUnreclaim:        17300 kB
KernelStack:        5904 kB
PageTables:         7412 kB
NFS_Unstable:          0 kB
Bounce:                0 kB
WritebackTmp:          0 kB
CommitLimit:      241032 kB
Committed_AS:    3989232 kB
VmallocTotal:     507904 kB
VmallocUsed:      128508 kB
VmallocChunk:     112576 kB
1557585967.000000
MemTotal:         482068 kB
MemFree:            4736 kB
Buffers:             776 kB
Cached:            47488 kB
SwapCached:            0 kB
Active:           347596 kB
Inactive:          25224 kB
Active(anon):     325952 kB
Inactive(anon):     3296 kB
Active(file):      21644 kB
Inactive(file):    21928 kB
Unevictable:        2024 kB
Mlocked:            6172 kB
HighTotal:             0 kB
HighFree:              0 kB
LowTotal:         482068 kB
LowFree:            4736 kB
SwapTotal:             0 kB
SwapFree:              0 kB
Dirty:                36 kB
Writeback:             0 kB
AnonPages:        326572 kB
Mapped:            61160 kB
Shmem:              3412 kB
Slab:              22336 kB
SReclaimable:       5008 kB
SUnreclaim:        17328 kB
KernelStack:        5896 kB
PageTables:         7400 kB
NFS_Unstable:          0 kB
Bounce:                0 kB
WritebackTmp:          0 kB
CommitLimit:      241032 kB
Committed_AS:    3989184 kB
VmallocTotal:     507904 kB
VmallocUsed:      128508 kB
VmallocChunk:     112576 kB
1557585968.000000
MemTotal:         482068 kB
MemFree:            4232 kB
Buffers:             756 kB
Cached:            47716 kB
SwapCached:            0 kB
Active:           347892 kB
Inactive:          25236 kB
Active(anon):     326044 kB
Inactive(anon):     3296 kB
Active(file):      21848 kB
Inactive(file):    21940 kB
Unevictable:        2024 kB
Mlocked:            6172 kB
HighTotal:             0 kB
HighFree:              0 kB
LowTotal:         482068 kB
LowFree:            4232 kB
SwapTotal:             0 kB
SwapFree:              0 kB
Dirty:                36 kB
Writeback:             0 kB
AnonPages:        326772 kB
Mapped:            60008 kB
Shmem:              3412 kB
Slab:              22352 kB
SReclaimable:       5008 kB
SUnreclaim:        17344 kB
KernelStack:        5904 kB
PageTables:         7416 kB
NFS_Unstable:          0 kB
Bounce:                0 kB
WritebackTmp:          0 kB
CommitLimit:      241032 kB
Committed_AS:    3989164 kB
VmallocTotal:     507904 kB
VmallocUsed:      128508 kB
VmallocChunk:     112576 kB
1557585969.000000
MemTotal:         482068 kB
MemFree:            4316 kB
Buffers:             756 kB
Cached:            47724 kB
SwapCached:            0 kB
Active:           348052 kB
Inactive:          25240 kB
Active(anon):     326184 kB
Inactive(anon):     3296 kB
Active(file):      21868 kB
Inactive(file):    21944 kB
Unevictable:        2024 kB
Mlocked:            6172 kB
HighTotal:             0 kB
HighFree:              0 kB
LowTotal:         482068 kB
LowFree:            4316 kB
SwapTotal:             0 kB
SwapFree:              0 kB
Dirty:                72 kB
Writeback:             0 kB
AnonPages:        326832 kB
Mapped:            60048 kB
Shmem:              3412 kB
Slab:              22324 kB
SReclaimable:       5008 kB
SUnreclaim:        17316 kB
KernelStack:        5904 kB
PageTables:         7400 kB
NFS_Unstable:          0 kB
Bounce:                0 kB
WritebackTmp:          0 kB
CommitLimit:      241032 kB
Committed_AS:    3989244 kB
VmallocTotal:     507904 kB
VmallocUsed:      128508 kB
VmallocChunk:     112576 kB
1557585969.000000
MemTotal:         482068 kB
MemFree:            4604 kB
Buffers:             756 kB
Cached:            48040 kB
SwapCached:            0 kB
Active:           347488 kB
Inactive:          25552 kB
Active(anon):     325616 kB
Inactive(anon):     3296 kB
Active(file):      21872 kB
Inactive(file):    22256 kB
Unevictable:        2024 kB
Mlocked:            6172 kB
HighTotal:             0 kB
HighFree:              0 kB
LowTotal:         482068 kB
LowFree:            4604 kB
SwapTotal:             0 kB
SwapFree:              0 kB
Dirty:                36 kB
Writeback:             0 kB
AnonPages:        326292 kB
Mapped:            60112 kB
Shmem:              3412 kB
Slab:              22336 kB
SReclaimable:       5008 kB
SUnreclaim:        17328 kB
KernelStack:        5904 kB
PageTables:         7400 kB
NFS_Unstable:          0 kB
Bounce:                0 kB
WritebackTmp:          0 kB
CommitLimit:      241032 kB
Committed_AS:    3989272 kB
VmallocTotal:     507904 kB
VmallocUsed:      128508 kB
VmallocChunk:     112576 kB
1557585970.000000
MemTotal:         482068 kB
MemFree:            4440 kB
Buffers:             756 kB
Cached:            48168 kB
SwapCached:            0 kB
Active:           347588 kB
Inactive:          25680 kB
Active(anon):     325716 kB
Inactive(anon):     3296 kB
Active(file):      21872 kB
Inactive(file):    22384 kB
Unevictable:        2024 kB
Mlocked:            6172 kB
HighTotal:             0 kB
HighFree:              0 kB
LowTotal:         482068 kB
LowFree:            4440 kB
SwapTotal:             0 kB
SwapFree:              0 kB
Dirty:                36 kB
Writeback:             0 kB
AnonPages:        326416 kB
Mapped:            60124 kB
Shmem:              3412 kB
Slab:              22332 kB
SReclaimable:       5008 kB
SUnreclaim:        17324 kB
KernelStack:        5904 kB
PageTables:         7400 kB
NFS_Unstable:          0 kB
Bounce:                0 kB
WritebackTmp:          0 kB
CommitLimit:      241032 kB
Committed_AS:    3989312 kB
VmallocTotal:     507904 kB
VmallocUsed:      128508 kB
VmallocChunk:     112576 kB
1557585971.000000
MemTotal:         482068 kB
MemFree:            4008 kB
Buffers:             756 kB
Cached:            48752 kB
SwapCached:            0 kB
Active:           347400 kB
Inactive:          26244 kB
Active(anon):     325528 kB
Inactive(anon):     3296 kB
Active(file):      21872 kB
Inactive(file):    22948 kB
Unevictable:        2024 kB
Mlocked:            6172 kB
HighTotal:             0 kB
HighFree:              0 kB
LowTotal:         482068 kB
LowFree:            4008 kB
SwapTotal:             0 kB
SwapFree:              0 kB
Dirty:                36 kB
Writeback:             0 kB
AnonPages:        326164 kB
Mapped:            60200 kB
Shmem:              3416 kB
Slab:              22320 kB
SReclaimable:       5008 kB
SUnreclaim:        17312 kB
KernelStack:        5904 kB
PageTables:         7412 kB
NFS_Unstable:          0 kB
Bounce:                0 kB
WritebackTmp:          0 kB
CommitLimit:      241032 kB
Committed_AS:    3989336 kB
VmallocTotal:     507904 kB
VmallocUsed:      128508 kB
VmallocChunk:     112576 kB
1557585972.000000
MemTotal:         482068 kB
MemFree:            3960 kB
Buffers:             756 kB
Cached:            48768 kB
SwapCached:            0 kB
Active:           347428 kB
Inactive:          26280 kB
Active(anon):     325556 kB
Inactive(anon):     3296 kB
Active(file):      21872 kB
Inactive(file):    22984 kB
Unevictable:        2024 kB
Mlocked:            6172 kB
HighTotal:             0 kB
HighFree:              0 kB
LowTotal:         482068 kB
LowFree:            3960 kB
SwapTotal:             0 kB
SwapFree:              0 kB
Dirty:                36 kB
Writeback:             0 kB
AnonPages:        326208 kB
Mapped:            60188 kB
Shmem:              3412 kB
Slab:              22396 kB
SReclaimable:       5008 kB
SUnreclaim:        17388 kB
KernelStack:        5896 kB
PageTables:         7400 kB
NFS_Unstable:          0 kB
Bounce:                0 kB
WritebackTmp:          0 kB
CommitLimit:      241032 kB
Committed_AS:    3989328 kB
VmallocTotal:     507904 kB
VmallocUsed:      128508 kB
VmallocChunk:     112576 kB
1557585973.000000
MemTotal:         482068 kB
MemFree:            3720 kB
Buffers:             756 kB
Cached:            48768 kB
SwapCached:            0 kB
Active:           347800 kB
Inactive:          26280 kB
Active(anon):     325928 kB
Inactive(anon):     3296 kB
Active(file):      21872 kB
Inactive(file):    22984 kB
Unevictable:        2024 kB
Mlocked:            6172 kB
HighTotal:             0 kB
HighFree:              0 kB
LowTotal:         482068 kB
LowFree:            3720 kB
SwapTotal:             0 kB
SwapFree:              0 kB
Dirty:                 0 kB
Writeback:             0 kB
AnonPages:        326492 kB
Mapped:            60188 kB
Shmem:              3412 kB
Slab:              22340 kB
SReclaimable:       5008 kB
SUnreclaim:        17332 kB
KernelStack:        5904 kB
PageTables:         7400 kB
NFS_Unstable:          0 kB
Bounce:                0 kB
WritebackTmp:          0 kB
CommitLimit:      241032 kB
Committed_AS:    3989304 kB
VmallocTotal:     507904 kB
VmallocUsed:      128508 kB
VmallocChunk:     112576 kB
1557585974.000000
MemTotal:         482068 kB
MemFree:            3596 kB
Buffers:             764 kB
Cached:            48768 kB
SwapCached:            0 kB
Active:           347784 kB
Inactive:          26280 kB
Active(anon):     325912 kB
Inactive(anon):     3296 kB
Active(file):      21872 kB
Inactive(file):    22984 kB
Unevictable:        2024 kB
Mlocked:            6172 kB
HighTotal:             0 kB
HighFree:              0 kB
LowTotal:         482068 kB
LowFree:            3596 kB
SwapTotal:             0 kB
SwapFree:              0 kB
Dirty:                 0 kB
Writeback:             0 kB
AnonPages:        326620 kB
Mapped:            60172 kB
Shmem:              3412 kB
Slab:              22372 kB
SReclaimable:       5008 kB
SUnreclaim:        17364 kB
KernelStack:        5904 kB
PageTables:         7412 kB
NFS_Unstable:          0 kB
Bounce:                0 kB
WritebackTmp:          0 kB
CommitLimit:      241032 kB
Committed_AS:    3989428 kB
VmallocTotal:     507904 kB
VmallocUsed:      128508 kB
VmallocChunk:     112576 kB
1557585975.000000
MemTotal:         482068 kB
MemFree:            5464 kB
Buffers:             756 kB
Cached:            47480 kB
SwapCached:            0 kB
Active:           346916 kB
Inactive:          25260 kB
Active(anon):     325304 kB
Inactive(anon):     3296 kB
Active(file):      21612 kB
Inactive(file):    21964 kB
Unevictable:        2024 kB
Mlocked:            6172 kB
HighTotal:             0 kB
HighFree:              0 kB
LowTotal:         482068 kB
LowFree:            5464 kB
SwapTotal:             0 kB
SwapFree:              0 kB
Dirty:                 4 kB
Writeback:             0 kB
AnonPages:        326048 kB
Mapped:            60012 kB
Shmem:              3412 kB
Slab:              22372 kB
SReclaimable:       5008 kB
SUnreclaim:        17364 kB
KernelStack:        5904 kB
PageTables:         7416 kB
NFS_Unstable:          0 kB
Bounce:                0 kB
WritebackTmp:          0 kB
CommitLimit:      241032 kB
Committed_AS:    3989476 kB
VmallocTotal:     507904 kB
VmallocUsed:      128508 kB
VmallocChunk:     112576 kB
1557585976.000000
MemTotal:         482068 kB
MemFree:            5332 kB
Buffers:             756 kB
Cached:            47548 kB
SwapCached:            0 kB
Active:           347124 kB
Inactive:          25320 kB
Active(anon):     325512 kB
Inactive(anon):     3296 kB
Active(file):      21612 kB
Inactive(file):    22024 kB
Unevictable:        2024 kB
Mlocked:            6172 kB
HighTotal:             0 kB
HighFree:              0 kB
LowTotal:         482068 kB
LowFree:            5332 kB
SwapTotal:             0 kB
SwapFree:              0 kB
Dirty:                 4 kB
Writeback:             0 kB
AnonPages:        326188 kB
Mapped:            60120 kB
Shmem:              3412 kB
Slab:              22372 kB
SReclaimable:       5008 kB
SUnreclaim:        17364 kB
KernelStack:        5904 kB
PageTables:         7492 kB
NFS_Unstable:          0 kB
Bounce:                0 kB
WritebackTmp:          0 kB
CommitLimit:      241032 kB
Committed_AS:    3989388 kB
VmallocTotal:     507904 kB
VmallocUsed:      128508 kB
VmallocChunk:     112576 kB
1557585977.000000
MemTotal:         482068 kB
MemFree:            5216 kB
Buffers:             756 kB
Cached:            47604 kB
SwapCached:            0 kB
Active:           347332 kB
Inactive:          25376 kB
Active(anon):     325720 kB
Inactive(anon):     3352 kB
Active(file):      21612 kB
Inactive(file):    22024 kB
Unevictable:        2024 kB
Mlocked:            6172 kB
HighTotal:             0 kB
HighFree:              0 kB
LowTotal:         482068 kB
LowFree:            5216 kB
SwapTotal:             0 kB
SwapFree:              0 kB
Dirty:                 0 kB
Writeback:             0 kB
AnonPages:        326344 kB
Mapped:            60124 kB
Shmem:              3468 kB
Slab:              22348 kB
SReclaimable:       5008 kB
SUnreclaim:        17340 kB
KernelStack:        5904 kB
PageTables:         7404 kB
NFS_Unstable:          0 kB
Bounce:                0 kB
WritebackTmp:          0 kB
CommitLimit:      241032 kB
Committed_AS:    3989552 kB
VmallocTotal:     507904 kB
VmallocUsed:      128508 kB
VmallocChunk:     112576 kB
1557585977.000000
MemTotal:         482068 kB
MemFree:            4992 kB
Buffers:             756 kB
Cached:            47604 kB
SwapCached:            0 kB
Active:           347356 kB
Inactive:          25376 kB
Active(anon):     325744 kB
Inactive(anon):     3352 kB
Active(file):      21612 kB
Inactive(file):    22024 kB
Unevictable:        2024 kB
Mlocked:            6172 kB
HighTotal:             0 kB
HighFree:              0 kB
LowTotal:         482068 kB
LowFree:            4992 kB
SwapTotal:             0 kB
SwapFree:              0 kB
Dirty:                 0 kB
Writeback:             0 kB
AnonPages:        326444 kB
Mapped:            60128 kB
Shmem:              3468 kB
Slab:              22352 kB
SReclaimable:       5008 kB
SUnreclaim:        17344 kB
KernelStack:        5912 kB
PageTables:         7404 kB
NFS_Unstable:          0 kB
Bounce:                0 kB
WritebackTmp:          0 kB
CommitLimit:      241032 kB
Committed_AS:    3989596 kB
VmallocTotal:     507904 kB
VmallocUsed:      128508 kB
VmallocChunk:     112576 kB
1557585978.000000
MemTotal:         482068 kB
MemFree:            4960 kB
Buffers:             756 kB
Cached:            47604 kB
SwapCached:            0 kB
Active:           347056 kB
Inactive:          25376 kB
Active(anon):     325444 kB
Inactive(anon):     3352 kB
Active(file):      21612 kB
Inactive(file):    22024 kB
Unevictable:        2024 kB
Mlocked:            6172 kB
HighTotal:             0 kB
HighFree:              0 kB
LowTotal:         482068 kB
LowFree:            4960 kB
SwapTotal:             0 kB
SwapFree:              0 kB
Dirty:                 0 kB
Writeback:             0 kB
AnonPages:        326156 kB
Mapped:            60116 kB
Shmem:              3468 kB
Slab:              22376 kB
SReclaimable:       5008 kB
SUnreclaim:        17368 kB
KernelStack:        5904 kB
PageTables:         7420 kB
NFS_Unstable:          0 kB
Bounce:                0 kB
WritebackTmp:          0 kB
CommitLimit:      241032 kB
Committed_AS:    3989544 kB
VmallocTotal:     507904 kB
VmallocUsed:      128508 kB
VmallocChunk:     112576 kB
1557585979.000000
MemTotal:         482068 kB
MemFree:            4812 kB
Buffers:             756 kB
Cached:            47604 kB
SwapCached:            0 kB
Active:           347472 kB
Inactive:          25376 kB
Active(anon):     325860 kB
Inactive(anon):     3352 kB
Active(file):      21612 kB
Inactive(file):    22024 kB
Unevictable:        2024 kB
Mlocked:            6172 kB
HighTotal:             0 kB
HighFree:              0 kB
LowTotal:         482068 kB
LowFree:            4812 kB
SwapTotal:             0 kB
SwapFree:              0 kB
Dirty:                 0 kB
Writeback:             0 kB
AnonPages:        326460 kB
Mapped:            60116 kB
Shmem:              3468 kB
Slab:              22376 kB
SReclaimable:       5008 kB
SUnreclaim:        17368 kB
KernelStack:        5904 kB
PageTables:         7420 kB
NFS_Unstable:          0 kB
Bounce:                0 kB
WritebackTmp:          0 kB
CommitLimit:      241032 kB
Committed_AS:    3989552 kB
VmallocTotal:     507904 kB
VmallocUsed:      128508 kB
VmallocChunk:     112576 kB
1557585980.000000
MemTotal:         482068 kB
MemFree:            5992 kB
Buffers:             756 kB
Cached:            47720 kB
SwapCached:            0 kB
Active:           346392 kB
Inactive:          25464 kB
Active(anon):     324780 kB
Inactive(anon):     3348 kB
Active(file):      21612 kB
Inactive(file):    22116 kB
Unevictable:        2024 kB
Mlocked:            6172 kB
HighTotal:             0 kB
HighFree:              0 kB
LowTotal:         482068 kB
LowFree:            5992 kB
SwapTotal:             0 kB
SwapFree:              0 kB
Dirty:                 0 kB
Writeback:             0 kB
AnonPages:        325528 kB
Mapped:            60132 kB
Shmem:              3468 kB
Slab:              22352 kB
SReclaimable:       5008 kB
SUnreclaim:        17344 kB
KernelStack:        5912 kB
PageTables:         7404 kB
NFS_Unstable:          0 kB
Bounce:                0 kB
WritebackTmp:          0 kB
CommitLimit:      241032 kB
Committed_AS:    3989552 kB
VmallocTotal:     507904 kB
VmallocUsed:      128508 kB
VmallocChunk:     112576 kB
1557585981.000000
MemTotal:         482068 kB
MemFree:           11772 kB
Buffers:             756 kB
Cached:            48332 kB
SwapCached:            0 kB
Active:           339664 kB
Inactive:          26064 kB
Active(anon):     318052 kB
Inactive(anon):     3348 kB
Active(file):      21612 kB
Inactive(file):    22716 kB
Unevictable:        2024 kB
Mlocked:            6172 kB
HighTotal:             0 kB
HighFree:              0 kB
LowTotal:         482068 kB
LowFree:           11772 kB
SwapTotal:             0 kB
SwapFree:              0 kB
Dirty:                 0 kB
Writeback:             0 kB
AnonPages:        318676 kB
Mapped:            60224 kB
Shmem:              3468 kB
Slab:              22356 kB
SReclaimable:       5008 kB
SUnreclaim:        17348 kB
KernelStack:        5904 kB
PageTables:         7404 kB
NFS_Unstable:          0 kB
Bounce:                0 kB
WritebackTmp:          0 kB
CommitLimit:      241032 kB
Committed_AS:    3989592 kB
VmallocTotal:     507904 kB
VmallocUsed:      128508 kB
VmallocChunk:     112576 kB
1557585982.000000
MemTotal:         482068 kB
MemFree:           13424 kB
Buffers:             756 kB
Cached:            48340 kB
SwapCached:            0 kB
Active:           338004 kB
Inactive:          26108 kB
Active(anon):     316392 kB
Inactive(anon):     3348 kB
Active(file):      21612 kB
Inactive(file):    22760 kB
Unevictable:        2024 kB
Mlocked:            6172 kB
HighTotal:             0 kB
HighFree:              0 kB
LowTotal:         482068 kB
LowFree:           13424 kB
SwapTotal:             0 kB
SwapFree:              0 kB
Dirty:                 0 kB
Writeback:             0 kB
AnonPages:        317044 kB
Mapped:            60272 kB
Shmem:              3468 kB
Slab:              22360 kB
SReclaimable:       5008 kB
SUnreclaim:        17352 kB
KernelStack:        5904 kB
PageTables:         7412 kB
NFS_Unstable:          0 kB
Bounce:                0 kB
WritebackTmp:          0 kB
CommitLimit:      241032 kB
Committed_AS:    3986672 kB
VmallocTotal:     507904 kB
VmallocUsed:      128508 kB
VmallocChunk:     112576 kB
1557585983.000000
MemTotal:         482068 kB
MemFree:           13152 kB
Buffers:             756 kB
Cached:            48492 kB
SwapCached:            0 kB
Active:           337868 kB
Inactive:          26264 kB
Active(anon):     316256 kB
Inactive(anon):     3348 kB
Active(file):      21612 kB
Inactive(file):    22916 kB
Unevictable:        2024 kB
Mlocked:            6172 kB
HighTotal:             0 kB
HighFree:              0 kB
LowTotal:         482068 kB
LowFree:           13152 kB
SwapTotal:             0 kB
SwapFree:              0 kB
Dirty:                 0 kB
Writeback:             0 kB
AnonPages:        316948 kB
Mapped:            60204 kB
Shmem:              3468 kB
Slab:              22356 kB
SReclaimable:       5008 kB
SUnreclaim:        17348 kB
KernelStack:        5904 kB
PageTables:         7416 kB
NFS_Unstable:          0 kB
Bounce:                0 kB
WritebackTmp:          0 kB
CommitLimit:      241032 kB
Committed_AS:    3986600 kB
VmallocTotal:     507904 kB
VmallocUsed:      128508 kB
VmallocChunk:     112576 kB
1557585984.000000
MemTotal:         482068 kB
MemFree:           13516 kB
Buffers:             756 kB
Cached:            48520 kB
SwapCached:            0 kB
Active:           337916 kB
Inactive:          26288 kB
Active(anon):     316304 kB
Inactive(anon):     3348 kB
Active(file):      21612 kB
Inactive(file):    22940 kB
Unevictable:        2024 kB
Mlocked:            6172 kB
HighTotal:             0 kB
HighFree:              0 kB
LowTotal:         482068 kB
LowFree:           13516 kB
SwapTotal:             0 kB
SwapFree:              0 kB
Dirty:                 0 kB
Writeback:             0 kB
AnonPages:        316992 kB
Mapped:            60220 kB
Shmem:              3468 kB
Slab:              22356 kB
SReclaimable:       5008 kB
SUnreclaim:        17348 kB
KernelStack:        5904 kB
PageTables:         7416 kB
NFS_Unstable:          0 kB
Bounce:                0 kB
WritebackTmp:          0 kB
CommitLimit:      241032 kB
Committed_AS:    3986704 kB
VmallocTotal:     507904 kB
VmallocUsed:      128508 kB
VmallocChunk:     112576 kB
1557585985.000000
MemTotal:         482068 kB
MemFree:           13268 kB
Buffers:             756 kB
Cached:            48520 kB
SwapCached:            0 kB
Active:           337944 kB
Inactive:          26288 kB
Active(anon):     316332 kB
Inactive(anon):     3348 kB
Active(file):      21612 kB
Inactive(file):    22940 kB
Unevictable:        2024 kB
Mlocked:            6172 kB
HighTotal:             0 kB
HighFree:              0 kB
LowTotal:         482068 kB
LowFree:           13268 kB
SwapTotal:             0 kB
SwapFree:              0 kB
Dirty:                 0 kB
Writeback:             0 kB
