MemTotal:         482068 kB
MemFree:            4228 kB
Buffers:            1072 kB
Cached:            97508 kB
SwapCached:            0 kB
Active:           353660 kB
Inactive:          53588 kB
Active(anon):     309360 kB
Inactive(anon):      876 kB
Active(file):      44300 kB
Inactive(file):    52712 kB
Unevictable:        1256 kB
Mlocked:               0 kB
HighTotal:             0 kB
HighFree:              0 kB
LowTotal:         482068 kB
LowFree:            4228 kB
SwapTotal:             0 kB
SwapFree:              0 kB
Dirty:                 0 kB
Writeback:             0 kB
AnonPages:        309972 kB
Mapped:            59680 kB
Shmem:               344 kB
Slab:              17460 kB
SReclaimable:       4612 kB
SUnreclaim:        12848 kB
KernelStack:        4960 kB
PageTables:         6808 kB
NFS_Unstable:          0 kB
Bounce:                0 kB
WritebackTmp:          0 kB
CommitLimit:      241032 kB
Committed_AS:    3945404 kB
VmallocTotal:     507904 kB
VmallocUsed:      112840 kB
VmallocChunk:     112576 kB
1557576036.000000
MemTotal:         482068 kB
MemFree:            3932 kB
Buffers:             728 kB
Cached:            94340 kB
SwapCached:            0 kB
Active:           361552 kB
Inactive:          47912 kB
Active(anon):     315188 kB
Inactive(anon):      876 kB
Active(file):      46364 kB
Inactive(file):    47036 kB
Unevictable:        1256 kB
Mlocked:               0 kB
HighTotal:             0 kB
HighFree:              0 kB
LowTotal:         482068 kB
LowFree:            3932 kB
SwapTotal:             0 kB
SwapFree:              0 kB
Dirty:                 0 kB
Writeback:             0 kB
AnonPages:        315668 kB
Mapped:            64612 kB
Shmem:               344 kB
Slab:              17532 kB
SReclaimable:       4612 kB
SUnreclaim:        12920 kB
KernelStack:        5032 kB
PageTables:         7012 kB
NFS_Unstable:          0 kB
Bounce:                0 kB
WritebackTmp:          0 kB
CommitLimit:      241032 kB
Committed_AS:    3952284 kB
VmallocTotal:     507904 kB
VmallocUsed:      111292 kB
VmallocChunk:     112576 kB
1557576037.000000
MemTotal:         482068 kB
MemFree:            4324 kB
Buffers:             488 kB
Cached:            86580 kB
SwapCached:            0 kB
Active:           365052 kB
Inactive:          43420 kB
Active(anon):     322140 kB
Inactive(anon):      876 kB
Active(file):      42912 kB
Inactive(file):    42544 kB
Unevictable:        1256 kB
Mlocked:               0 kB
HighTotal:             0 kB
HighFree:              0 kB
LowTotal:         482068 kB
LowFree:            4324 kB
SwapTotal:             0 kB
SwapFree:              0 kB
Dirty:                68 kB
Writeback:             0 kB
AnonPages:        322724 kB
Mapped:            68632 kB
Shmem:               344 kB
Slab:              17536 kB
SReclaimable:       4612 kB
SUnreclaim:        12924 kB
KernelStack:        5192 kB
PageTables:         7040 kB
NFS_Unstable:          0 kB
Bounce:                0 kB
WritebackTmp:          0 kB
CommitLimit:      241032 kB
Committed_AS:    3959940 kB
VmallocTotal:     507904 kB
VmallocUsed:      111428 kB
VmallocChunk:     112576 kB
1557576038.000000
MemTotal:         482068 kB
MemFree:            6972 kB
Buffers:             488 kB
Cached:            71464 kB
SwapCached:            0 kB
Active:           366124 kB
Inactive:          36392 kB
Active(anon):     331256 kB
Inactive(anon):      876 kB
Active(file):      34868 kB
Inactive(file):    35516 kB
Unevictable:        1256 kB
Mlocked:               0 kB
HighTotal:             0 kB
HighFree:              0 kB
LowTotal:         482068 kB
LowFree:            6972 kB
SwapTotal:             0 kB
SwapFree:              0 kB
Dirty:                20 kB
Writeback:             0 kB
AnonPages:        331808 kB
Mapped:            70244 kB
Shmem:               344 kB
Slab:              17504 kB
SReclaimable:       4612 kB
SUnreclaim:        12892 kB
KernelStack:        5208 kB
PageTables:         7060 kB
NFS_Unstable:          0 kB
Bounce:                0 kB
WritebackTmp:          0 kB
CommitLimit:      241032 kB
Committed_AS:    3970456 kB
VmallocTotal:     507904 kB
VmallocUsed:      109820 kB
VmallocChunk:     112576 kB
1557576039.000000
MemTotal:         482068 kB
MemFree:            4120 kB
Buffers:             408 kB
Cached:            69688 kB
SwapCached:            0 kB
Active:           368092 kB
Inactive:          35240 kB
Active(anon):     334036 kB
Inactive(anon):      876 kB
Active(file):      34056 kB
Inactive(file):    34364 kB
Unevictable:        1256 kB
Mlocked:               0 kB
HighTotal:             0 kB
HighFree:              0 kB
LowTotal:         482068 kB
LowFree:            4120 kB
SwapTotal:             0 kB
SwapFree:              0 kB
Dirty:                80 kB
Writeback:             0 kB
AnonPages:        334544 kB
Mapped:            68984 kB
Shmem:               344 kB
Slab:              17468 kB
SReclaimable:       4612 kB
SUnreclaim:        12856 kB
KernelStack:        5256 kB
PageTables:         7088 kB
NFS_Unstable:          0 kB
Bounce:                0 kB
WritebackTmp:          0 kB
CommitLimit:      241032 kB
Committed_AS:    3974348 kB
VmallocTotal:     507904 kB
VmallocUsed:      111444 kB
VmallocChunk:     112576 kB
1557576040.000000
MemTotal:         482068 kB
MemFree:            4080 kB
Buffers:             304 kB
Cached:            67084 kB
SwapCached:            0 kB
Active:           369528 kB
Inactive:          33812 kB
Active(anon):     336808 kB
Inactive(anon):      876 kB
Active(file):      32720 kB
Inactive(file):    32936 kB
Unevictable:        1256 kB
Mlocked:               0 kB
HighTotal:             0 kB
HighFree:              0 kB
LowTotal:         482068 kB
LowFree:            4080 kB
SwapTotal:             0 kB
SwapFree:              0 kB
Dirty:                96 kB
Writeback:             0 kB
AnonPages:        337368 kB
Mapped:            62664 kB
Shmem:               344 kB
Slab:              17504 kB
SReclaimable:       4612 kB
SUnreclaim:        12892 kB
KernelStack:        5264 kB
PageTables:         7096 kB
NFS_Unstable:          0 kB
Bounce:                0 kB
WritebackTmp:          0 kB
CommitLimit:      241032 kB
Committed_AS:    3978076 kB
VmallocTotal:     507904 kB
VmallocUsed:      111444 kB
VmallocChunk:     112576 kB
1557576041.000000
MemTotal:         482068 kB
MemFree:            3908 kB
Buffers:             272 kB
Cached:            64648 kB
SwapCached:            0 kB
Active:           370768 kB
Inactive:          32736 kB
Active(anon):     339324 kB
Inactive(anon):      876 kB
Active(file):      31444 kB
Inactive(file):    31860 kB
Unevictable:        1256 kB
Mlocked:               0 kB
HighTotal:             0 kB
HighFree:              0 kB
LowTotal:         482068 kB
LowFree:            3908 kB
SwapTotal:             0 kB
SwapFree:              0 kB
Dirty:                92 kB
Writeback:             0 kB
AnonPages:        339900 kB
Mapped:            57308 kB
Shmem:               344 kB
Slab:              17480 kB
SReclaimable:       4612 kB
SUnreclaim:        12868 kB
KernelStack:        5320 kB
PageTables:         7176 kB
NFS_Unstable:          0 kB
Bounce:                0 kB
WritebackTmp:          0 kB
CommitLimit:      241032 kB
Committed_AS:    3980012 kB
VmallocTotal:     507904 kB
VmallocUsed:      111444 kB
VmallocChunk:     112576 kB
1557576041.000000
MemTotal:         482068 kB
MemFree:            3588 kB
Buffers:             536 kB
Cached:            59100 kB
SwapCached:            0 kB
Active:           371076 kB
Inactive:          30084 kB
Active(anon):     342340 kB
Inactive(anon):      884 kB
Active(file):      28736 kB
Inactive(file):    29200 kB
Unevictable:        1256 kB
Mlocked:               0 kB
HighTotal:             0 kB
HighFree:              0 kB
LowTotal:         482068 kB
LowFree:            3588 kB
SwapTotal:             0 kB
SwapFree:              0 kB
Dirty:                56 kB
Writeback:             0 kB
AnonPages:        342912 kB
Mapped:            56564 kB
Shmem:               352 kB
Slab:              17500 kB
SReclaimable:       4612 kB
SUnreclaim:        12888 kB
KernelStack:        5344 kB
PageTables:         7120 kB
NFS_Unstable:          0 kB
Bounce:                0 kB
WritebackTmp:          0 kB
CommitLimit:      241032 kB
Committed_AS:    3983580 kB
VmallocTotal:     507904 kB
VmallocUsed:      113820 kB
VmallocChunk:     112576 kB
1557576042.000000
MemTotal:         482068 kB
MemFree:            4244 kB
Buffers:             556 kB
Cached:            53616 kB
SwapCached:            0 kB
Active:           373064 kB
Inactive:          27312 kB
Active(anon):     346972 kB
Inactive(anon):      884 kB
Active(file):      26092 kB
Inactive(file):    26428 kB
Unevictable:        1256 kB
Mlocked:               0 kB
HighTotal:             0 kB
HighFree:              0 kB
LowTotal:         482068 kB
LowFree:            4244 kB
SwapTotal:             0 kB
SwapFree:              0 kB
Dirty:                88 kB
Writeback:             0 kB
AnonPages:        347540 kB
Mapped:            54484 kB
Shmem:               352 kB
Slab:              17860 kB
SReclaimable:       4912 kB
SUnreclaim:        12948 kB
KernelStack:        5416 kB
PageTables:         7176 kB
NFS_Unstable:          0 kB
Bounce:                0 kB
WritebackTmp:          0 kB
CommitLimit:      241032 kB
Committed_AS:    3990236 kB
VmallocTotal:     507904 kB
VmallocUsed:      113820 kB
VmallocChunk:     112576 kB
1557576043.000000
MemTotal:         482068 kB
MemFree:            3716 kB
Buffers:             356 kB
Cached:            48344 kB
SwapCached:            0 kB
Active:           375840 kB
Inactive:          24500 kB
Active(anon):     352484 kB
Inactive(anon):      884 kB
Active(file):      23356 kB
Inactive(file):    23616 kB
Unevictable:        1256 kB
Mlocked:               0 kB
HighTotal:             0 kB
HighFree:              0 kB
LowTotal:         482068 kB
LowFree:            3716 kB
SwapTotal:             0 kB
SwapFree:              0 kB
Dirty:               164 kB
Writeback:             0 kB
AnonPages:        353012 kB
Mapped:            50076 kB
Shmem:               352 kB
Slab:              17704 kB
SReclaimable:       4756 kB
SUnreclaim:        12948 kB
KernelStack:        5416 kB
PageTables:         7176 kB
NFS_Unstable:          0 kB
Bounce:                0 kB
WritebackTmp:          0 kB
CommitLimit:      241032 kB
Committed_AS:    3996548 kB
VmallocTotal:     507904 kB
VmallocUsed:      113820 kB
VmallocChunk:     112576 kB
1557576044.000000
MemTotal:         482068 kB
MemFree:           11212 kB
Buffers:             188 kB
Cached:            41528 kB
SwapCached:            0 kB
Active:           371428 kB
Inactive:          18680 kB
Active(anon):     349140 kB
Inactive(anon):      892 kB
Active(file):      22288 kB
Inactive(file):    17788 kB
Unevictable:        1256 kB
Mlocked:               0 kB
HighTotal:             0 kB
HighFree:              0 kB
LowTotal:         482068 kB
LowFree:           11212 kB
SwapTotal:             0 kB
SwapFree:              0 kB
Dirty:                20 kB
Writeback:             0 kB
AnonPages:        349804 kB
Mapped:            47512 kB
Shmem:               360 kB
Slab:              17664 kB
SReclaimable:       4704 kB
SUnreclaim:        12960 kB
KernelStack:        5344 kB
PageTables:         6640 kB
NFS_Unstable:          0 kB
Bounce:                0 kB
WritebackTmp:          0 kB
CommitLimit:      241032 kB
Committed_AS:    3773884 kB
VmallocTotal:     507904 kB
VmallocUsed:      111236 kB
VmallocChunk:     112576 kB
1557576045.000000
MemTotal:         482068 kB
MemFree:            4152 kB
Buffers:             192 kB
Cached:            46452 kB
SwapCached:            0 kB
Active:           374332 kB
Inactive:          22848 kB
Active(anon):     351284 kB
Inactive(anon):      892 kB
Active(file):      23048 kB
Inactive(file):    21956 kB
Unevictable:        1256 kB
Mlocked:               0 kB
HighTotal:             0 kB
HighFree:              0 kB
LowTotal:         482068 kB
LowFree:            4152 kB
SwapTotal:             0 kB
SwapFree:              0 kB
Dirty:                20 kB
Writeback:             0 kB
AnonPages:        351896 kB
Mapped:            48416 kB
Shmem:               360 kB
Slab:              17656 kB
SReclaimable:       4700 kB
SUnreclaim:        12956 kB
KernelStack:        5264 kB
PageTables:         6684 kB
NFS_Unstable:          0 kB
Bounce:                0 kB
WritebackTmp:          0 kB
CommitLimit:      241032 kB
Committed_AS:    3775648 kB
VmallocTotal:     507904 kB
VmallocUsed:      111236 kB
VmallocChunk:     112576 kB
1557576046.000000
MemTotal:         482068 kB
MemFree:           16656 kB
Buffers:             172 kB
Cached:            45520 kB
SwapCached:            0 kB
Active:           361268 kB
Inactive:          23180 kB
Active(anon):     339560 kB
Inactive(anon):      892 kB
Active(file):      21708 kB
Inactive(file):    22288 kB
Unevictable:        1256 kB
Mlocked:               0 kB
HighTotal:             0 kB
HighFree:              0 kB
LowTotal:         482068 kB
LowFree:           16656 kB
SwapTotal:             0 kB
SwapFree:              0 kB
Dirty:                60 kB
Writeback:             0 kB
AnonPages:        340108 kB
Mapped:            47304 kB
Shmem:               360 kB
Slab:              17668 kB
SReclaimable:       4700 kB
SUnreclaim:        12968 kB
KernelStack:        5320 kB
PageTables:         6340 kB
NFS_Unstable:          0 kB
Bounce:                0 kB
WritebackTmp:          0 kB
CommitLimit:      241032 kB
Committed_AS:    3616180 kB
VmallocTotal:     507904 kB
VmallocUsed:      111236 kB
VmallocChunk:     112576 kB
1557576047.000000
MemTotal:         482068 kB
MemFree:            4692 kB
Buffers:             324 kB
Cached:            55784 kB
SwapCached:            0 kB
Active:           366156 kB
Inactive:          32092 kB
Active(anon):     342904 kB
Inactive(anon):      892 kB
Active(file):      23252 kB
Inactive(file):    31200 kB
Unevictable:        1256 kB
Mlocked:               0 kB
HighTotal:             0 kB
HighFree:              0 kB
LowTotal:         482068 kB
LowFree:            4692 kB
SwapTotal:             0 kB
SwapFree:              0 kB
Dirty:               688 kB
Writeback:             0 kB
AnonPages:        343392 kB
Mapped:            50328 kB
Shmem:               360 kB
Slab:              17624 kB
SReclaimable:       4692 kB
SUnreclaim:        12932 kB
KernelStack:        5176 kB
PageTables:         6312 kB
NFS_Unstable:          0 kB
Bounce:                0 kB
WritebackTmp:          0 kB
CommitLimit:      241032 kB
Committed_AS:    3618984 kB
VmallocTotal:     507904 kB
VmallocUsed:      109200 kB
VmallocChunk:     112576 kB
1557576048.000000
MemTotal:         482068 kB
MemFree:            3320 kB
Buffers:             184 kB
Cached:            49180 kB
SwapCached:            0 kB
Active:           373768 kB
Inactive:          25908 kB
Active(anon):     351456 kB
Inactive(anon):     3544 kB
Active(file):      22312 kB
Inactive(file):    22364 kB
Unevictable:        1412 kB
Mlocked:            2964 kB
HighTotal:             0 kB
HighFree:              0 kB
LowTotal:         482068 kB
LowFree:            3320 kB
SwapTotal:             0 kB
SwapFree:              0 kB
Dirty:               560 kB
Writeback:            16 kB
AnonPages:        351920 kB
Mapped:            57096 kB
Shmem:              3324 kB
Slab:              17580 kB
SReclaimable:       4692 kB
SUnreclaim:        12888 kB
KernelStack:        5304 kB
PageTables:         6748 kB
NFS_Unstable:          0 kB
Bounce:                0 kB
WritebackTmp:          0 kB
CommitLimit:      241032 kB
Committed_AS:    3856672 kB
VmallocTotal:     507904 kB
VmallocUsed:      115904 kB
VmallocChunk:     112576 kB
1557576049.000000
MemTotal:         482068 kB
MemFree:            3644 kB
Buffers:             184 kB
Cached:            49040 kB
SwapCached:            0 kB
Active:           372616 kB
Inactive:          26764 kB
Active(anon):     351616 kB
Inactive(anon):     3148 kB
Active(file):      21000 kB
Inactive(file):    23616 kB
Unevictable:        1960 kB
Mlocked:            3816 kB
HighTotal:             0 kB
HighFree:              0 kB
LowTotal:         482068 kB
LowFree:            3644 kB
SwapTotal:             0 kB
SwapFree:              0 kB
Dirty:               612 kB
Writeback:             4 kB
AnonPages:        352152 kB
Mapped:            51136 kB
Shmem:              3296 kB
Slab:              17560 kB
SReclaimable:       4692 kB
SUnreclaim:        12868 kB
KernelStack:        5400 kB
PageTables:         6816 kB
NFS_Unstable:          0 kB
Bounce:                0 kB
WritebackTmp:          0 kB
CommitLimit:      241032 kB
Committed_AS:    3900816 kB
VmallocTotal:     507904 kB
VmallocUsed:      116724 kB
VmallocChunk:     112576 kB
1557576050.000000
MemTotal:         482068 kB
MemFree:            4272 kB
Buffers:             276 kB
Cached:            44600 kB
SwapCached:            0 kB
Active:           375204 kB
Inactive:          23104 kB
Active(anon):     354848 kB
Inactive(anon):     3148 kB
Active(file):      20356 kB
Inactive(file):    19956 kB
Unevictable:        1960 kB
Mlocked:            3816 kB
HighTotal:             0 kB
HighFree:              0 kB
LowTotal:         482068 kB
LowFree:            4272 kB
SwapTotal:             0 kB
SwapFree:              0 kB
Dirty:                76 kB
Writeback:             0 kB
AnonPages:        355392 kB
Mapped:            50740 kB
Shmem:              3296 kB
Slab:              17588 kB
SReclaimable:       4692 kB
SUnreclaim:        12896 kB
KernelStack:        5392 kB
PageTables:         6912 kB
NFS_Unstable:          0 kB
Bounce:                0 kB
WritebackTmp:          0 kB
CommitLimit:      241032 kB
Committed_AS:    3903652 kB
VmallocTotal:     507904 kB
VmallocUsed:      116724 kB
VmallocChunk:     112576 kB
1557576052.000000
MemTotal:         482068 kB
MemFree:            3976 kB
Buffers:             204 kB
Cached:            43192 kB
SwapCached:            0 kB
Active:           375772 kB
Inactive:          22860 kB
Active(anon):     356736 kB
Inactive(anon):     3152 kB
Active(file):      19036 kB
Inactive(file):    19708 kB
Unevictable:        1960 kB
Mlocked:            3816 kB
HighTotal:             0 kB
HighFree:              0 kB
LowTotal:         482068 kB
LowFree:            3976 kB
SwapTotal:             0 kB
SwapFree:              0 kB
Dirty:                88 kB
Writeback:             0 kB
AnonPages:        357288 kB
Mapped:            48856 kB
Shmem:              3304 kB
Slab:              17612 kB
SReclaimable:       4692 kB
SUnreclaim:        12920 kB
KernelStack:        5424 kB
PageTables:         6868 kB
NFS_Unstable:          0 kB
Bounce:                0 kB
WritebackTmp:          0 kB
CommitLimit:      241032 kB
Committed_AS:    3903976 kB
VmallocTotal:     507904 kB
VmallocUsed:      116724 kB
VmallocChunk:     112576 kB
1557576053.000000
MemTotal:         482068 kB
MemFree:            3724 kB
Buffers:             320 kB
Cached:            44576 kB
SwapCached:            0 kB
Active:           375452 kB
Inactive:          23412 kB
Active(anon):     355464 kB
Inactive(anon):     3152 kB
Active(file):      19988 kB
Inactive(file):    20260 kB
Unevictable:        1960 kB
Mlocked:            3816 kB
HighTotal:             0 kB
HighFree:              0 kB
LowTotal:         482068 kB
LowFree:            3724 kB
SwapTotal:             0 kB
SwapFree:              0 kB
Dirty:                88 kB
Writeback:             0 kB
AnonPages:        356020 kB
Mapped:            47520 kB
Shmem:              3308 kB
Slab:              17624 kB
SReclaimable:       4692 kB
SUnreclaim:        12932 kB
KernelStack:        5352 kB
PageTables:         6604 kB
NFS_Unstable:          0 kB
Bounce:                0 kB
WritebackTmp:          0 kB
CommitLimit:      241032 kB
Committed_AS:    3758616 kB
VmallocTotal:     507904 kB
VmallocUsed:      114688 kB
VmallocChunk:     112576 kB
1557576055.000000
MemTotal:         482068 kB
MemFree:            4220 kB
Buffers:             200 kB
Cached:            42368 kB
SwapCached:            0 kB
Active:           376568 kB
Inactive:          22068 kB
Active(anon):     357468 kB
Inactive(anon):     3152 kB
Active(file):      19100 kB
Inactive(file):    18916 kB
Unevictable:        1960 kB
Mlocked:            3816 kB
HighTotal:             0 kB
HighFree:              0 kB
LowTotal:         482068 kB
LowFree:            4220 kB
SwapTotal:             0 kB
SwapFree:              0 kB
Dirty:                84 kB
Writeback:             0 kB
AnonPages:        357992 kB
Mapped:            47896 kB
Shmem:              3312 kB
Slab:              17580 kB
SReclaimable:       4692 kB
SUnreclaim:        12888 kB
KernelStack:        5344 kB
PageTables:         6604 kB
NFS_Unstable:          0 kB
Bounce:                0 kB
WritebackTmp:          0 kB
CommitLimit:      241032 kB
Committed_AS:    3759132 kB
VmallocTotal:     507904 kB
VmallocUsed:      114680 kB
VmallocChunk:     112576 kB
1557576056.000000
MemTotal:         482068 kB
MemFree:            3608 kB
Buffers:             272 kB
Cached:            42948 kB
SwapCached:            0 kB
Active:           375860 kB
Inactive:          22924 kB
Active(anon):     356952 kB
Inactive(anon):     3152 kB
Active(file):      18908 kB
Inactive(file):    19772 kB
Unevictable:        1960 kB
Mlocked:            3816 kB
HighTotal:             0 kB
HighFree:              0 kB
LowTotal:         482068 kB
LowFree:            3608 kB
SwapTotal:             0 kB
SwapFree:              0 kB
Dirty:                 0 kB
Writeback:             0 kB
AnonPages:        357504 kB
Mapped:            48436 kB
Shmem:              3312 kB
Slab:              17628 kB
SReclaimable:       4692 kB
SUnreclaim:        12936 kB
KernelStack:        5352 kB
PageTables:         6620 kB
NFS_Unstable:          0 kB
Bounce:                0 kB
WritebackTmp:          0 kB
CommitLimit:      241032 kB
Committed_AS:    3760116 kB
VmallocTotal:     507904 kB
VmallocUsed:      114680 kB
VmallocChunk:     112576 kB
1557576057.000000
MemTotal:         482068 kB
MemFree:            3936 kB
Buffers:             320 kB
Cached:            45208 kB
SwapCached:            0 kB
Active:           373416 kB
Inactive:          25600 kB
Active(anon):     354920 kB
Inactive(anon):     3152 kB
Active(file):      18496 kB
Inactive(file):    22448 kB
Unevictable:        1960 kB
Mlocked:            3816 kB
HighTotal:             0 kB
HighFree:              0 kB
LowTotal:         482068 kB
LowFree:            3936 kB
SwapTotal:             0 kB
SwapFree:              0 kB
Dirty:                60 kB
Writeback:             0 kB
AnonPages:        355524 kB
Mapped:            49200 kB
Shmem:              3312 kB
Slab:              17596 kB
SReclaimable:       4692 kB
SUnreclaim:        12904 kB
KernelStack:        5280 kB
PageTables:         6432 kB
NFS_Unstable:          0 kB
Bounce:                0 kB
WritebackTmp:          0 kB
CommitLimit:      241032 kB
Committed_AS:    3648764 kB
VmallocTotal:     507904 kB
VmallocUsed:      112636 kB
VmallocChunk:     112576 kB
1557576058.000000
MemTotal:         482068 kB
MemFree:            3476 kB
Buffers:             340 kB
Cached:            43376 kB
SwapCached:            0 kB
Active:           375912 kB
Inactive:          23128 kB
Active(anon):     356888 kB
Inactive(anon):     3152 kB
Active(file):      19024 kB
Inactive(file):    19976 kB
Unevictable:        1960 kB
Mlocked:            3816 kB
HighTotal:             0 kB
HighFree:              0 kB
LowTotal:         482068 kB
LowFree:            3476 kB
SwapTotal:             0 kB
SwapFree:              0 kB
Dirty:                60 kB
Writeback:             0 kB
AnonPages:        357360 kB
Mapped:            48180 kB
Shmem:              3312 kB
Slab:              17640 kB
SReclaimable:       4692 kB
SUnreclaim:        12948 kB
KernelStack:        5352 kB
PageTables:         6688 kB
NFS_Unstable:          0 kB
Bounce:                0 kB
WritebackTmp:          0 kB
CommitLimit:      241032 kB
Committed_AS:    3765360 kB
VmallocTotal:     507904 kB
VmallocUsed:      114680 kB
VmallocChunk:     112576 kB
1557576060.000000
MemTotal:         482068 kB
MemFree:            3564 kB
Buffers:             192 kB
Cached:            44408 kB
SwapCached:            0 kB
Active:           376176 kB
Inactive:          23552 kB
Active(anon):     356636 kB
Inactive(anon):     3160 kB
Active(file):      19540 kB
Inactive(file):    20392 kB
Unevictable:        1960 kB
Mlocked:            3816 kB
HighTotal:             0 kB
HighFree:              0 kB
LowTotal:         482068 kB
LowFree:            3564 kB
SwapTotal:             0 kB
SwapFree:              0 kB
Dirty:                 0 kB
Writeback:             0 kB
AnonPages:        357252 kB
Mapped:            49688 kB
Shmem:              3324 kB
Slab:              17656 kB
SReclaimable:       4692 kB
SUnreclaim:        12964 kB
KernelStack:        5280 kB
PageTables:         6488 kB
NFS_Unstable:          0 kB
Bounce:                0 kB
WritebackTmp:          0 kB
CommitLimit:      241032 kB
Committed_AS:    3693960 kB
VmallocTotal:     507904 kB
VmallocUsed:      112636 kB
VmallocChunk:     112576 kB
1557576061.000000
MemTotal:         482068 kB
MemFree:            4052 kB
Buffers:             132 kB
Cached:            42644 kB
SwapCached:            0 kB
Active:           376556 kB
Inactive:          22328 kB
Active(anon):     357636 kB
Inactive(anon):     3152 kB
Active(file):      18920 kB
Inactive(file):    19176 kB
Unevictable:        1960 kB
Mlocked:            3816 kB
HighTotal:             0 kB
HighFree:              0 kB
LowTotal:         482068 kB
LowFree:            4052 kB
SwapTotal:             0 kB
SwapFree:              0 kB
Dirty:                 0 kB
Writeback:             0 kB
AnonPages:        358204 kB
Mapped:            47924 kB
Shmem:              3316 kB
Slab:              17680 kB
SReclaimable:       4692 kB
SUnreclaim:        12988 kB
KernelStack:        5288 kB
PageTables:         6472 kB
NFS_Unstable:          0 kB
Bounce:                0 kB
WritebackTmp:          0 kB
CommitLimit:      241032 kB
Committed_AS:    3686420 kB
VmallocTotal:     507904 kB
VmallocUsed:      112644 kB
VmallocChunk:     112576 kB
1557576063.000000
MemTotal:         482068 kB
MemFree:            3800 kB
Buffers:             148 kB
Cached:            55848 kB
SwapCached:            0 kB
Active:           364812 kB
Inactive:          35124 kB
Active(anon):     345440 kB
Inactive(anon):     3152 kB
Active(file):      19372 kB
Inactive(file):    31972 kB
Unevictable:        1960 kB
Mlocked:            3816 kB
HighTotal:             0 kB
HighFree:              0 kB
LowTotal:         482068 kB
LowFree:            3800 kB
SwapTotal:             0 kB
SwapFree:              0 kB
Dirty:                44 kB
Writeback:             0 kB
AnonPages:        345956 kB
Mapped:            49996 kB
Shmem:              3316 kB
Slab:              17688 kB
SReclaimable:       4692 kB
SUnreclaim:        12996 kB
KernelStack:        5288 kB
PageTables:         6256 kB
NFS_Unstable:          0 kB
Bounce:                0 kB
WritebackTmp:          0 kB
CommitLimit:      241032 kB
Committed_AS:    3564716 kB
VmallocTotal:     507904 kB
VmallocUsed:      110600 kB
VmallocChunk:     112576 kB
1557576064.000000
MemTotal:         482068 kB
MemFree:            4116 kB
Buffers:             244 kB
Cached:            55024 kB
SwapCached:            0 kB
Active:           367676 kB
Inactive:          31968 kB
Active(anon):     345888 kB
Inactive(anon):     3152 kB
Active(file):      21788 kB
Inactive(file):    28816 kB
Unevictable:        1960 kB
Mlocked:            3816 kB
HighTotal:             0 kB
HighFree:              0 kB
LowTotal:         482068 kB
LowFree:            4116 kB
SwapTotal:             0 kB
SwapFree:              0 kB
Dirty:                36 kB
Writeback:             0 kB
AnonPages:        346460 kB
Mapped:            52040 kB
Shmem:              3316 kB
Slab:              17728 kB
SReclaimable:       4688 kB
SUnreclaim:        13040 kB
KernelStack:        5200 kB
PageTables:         6232 kB
NFS_Unstable:          0 kB
Bounce:                0 kB
WritebackTmp:          0 kB
CommitLimit:      241032 kB
Committed_AS:    3564780 kB
VmallocTotal:     507904 kB
VmallocUsed:      110600 kB
VmallocChunk:     112576 kB
1557576065.000000
MemTotal:         482068 kB
MemFree:            4388 kB
Buffers:             244 kB
Cached:            53192 kB
SwapCached:            0 kB
Active:           368676 kB
Inactive:          29860 kB
Active(anon):     346652 kB
Inactive(anon):     3156 kB
Active(file):      22024 kB
Inactive(file):    26704 kB
Unevictable:        1960 kB
Mlocked:            3816 kB
HighTotal:             0 kB
HighFree:              0 kB
LowTotal:         482068 kB
LowFree:            4388 kB
SwapTotal:             0 kB
SwapFree:              0 kB
Dirty:                68 kB
Writeback:             0 kB
AnonPages:        347208 kB
Mapped:            53284 kB
Shmem:              3320 kB
Slab:              17696 kB
SReclaimable:       4688 kB
SUnreclaim:        13008 kB
KernelStack:        5200 kB
PageTables:         6304 kB
NFS_Unstable:          0 kB
Bounce:                0 kB
WritebackTmp:          0 kB
CommitLimit:      241032 kB
Committed_AS:    3565392 kB
VmallocTotal:     507904 kB
VmallocUsed:      110608 kB
VmallocChunk:     112576 kB
1557576066.000000
MemTotal:         482068 kB
MemFree:            6596 kB
Buffers:             244 kB
Cached:            56312 kB
SwapCached:            0 kB
Active:           363732 kB
Inactive:          33052 kB
Active(anon):     341672 kB
Inactive(anon):     3152 kB
Active(file):      22060 kB
Inactive(file):    29900 kB
Unevictable:        1960 kB
Mlocked:            3816 kB
HighTotal:             0 kB
HighFree:              0 kB
LowTotal:         482068 kB
LowFree:            6596 kB
SwapTotal:             0 kB
SwapFree:              0 kB
Dirty:                84 kB
Writeback:             0 kB
AnonPages:        342140 kB
Mapped:            53576 kB
Shmem:              3316 kB
Slab:              17756 kB
SReclaimable:       4688 kB
SUnreclaim:        13068 kB
KernelStack:        5240 kB
PageTables:         6240 kB
NFS_Unstable:          0 kB
Bounce:                0 kB
WritebackTmp:          0 kB
CommitLimit:      241032 kB
Committed_AS:    3564176 kB
VmallocTotal:     507904 kB
VmallocUsed:      110600 kB
VmallocChunk:     112576 kB
1557576067.000000
MemTotal:         482068 kB
MemFree:            5712 kB
Buffers:             244 kB
Cached:            56796 kB
SwapCached:            0 kB
Active:           364064 kB
Inactive:          33536 kB
Active(anon):     342004 kB
Inactive(anon):     3152 kB
Active(file):      22060 kB
Inactive(file):    30384 kB
Unevictable:        1960 kB
Mlocked:            3816 kB
HighTotal:             0 kB
HighFree:              0 kB
LowTotal:         482068 kB
LowFree:            5712 kB
SwapTotal:             0 kB
SwapFree:              0 kB
Dirty:                 0 kB
Writeback:             0 kB
AnonPages:        342544 kB
Mapped:            53656 kB
Shmem:              3316 kB
Slab:              17728 kB
SReclaimable:       4688 kB
SUnreclaim:        13040 kB
KernelStack:        5240 kB
PageTables:         6316 kB
NFS_Unstable:          0 kB
Bounce:                0 kB
WritebackTmp:          0 kB
CommitLimit:      241032 kB
Committed_AS:    3564324 kB
VmallocTotal:     507904 kB
VmallocUsed:      110600 kB
VmallocChunk:     112576 kB
1557576068.000000
MemTotal:         482068 kB
MemFree:            3604 kB
Buffers:             244 kB
Cached:            58516 kB
SwapCached:            0 kB
Active:           364432 kB
Inactive:          35220 kB
Active(anon):     342372 kB
Inactive(anon):     3152 kB
Active(file):      22060 kB
Inactive(file):    32068 kB
Unevictable:        1960 kB
Mlocked:            3816 kB
HighTotal:             0 kB
HighFree:              0 kB
LowTotal:         482068 kB
LowFree:            3604 kB
SwapTotal:             0 kB
SwapFree:              0 kB
Dirty:                 0 kB
Writeback:             0 kB
AnonPages:        342916 kB
Mapped:            54048 kB
Shmem:              3316 kB
Slab:              17780 kB
SReclaimable:       4688 kB
SUnreclaim:        13092 kB
KernelStack:        5240 kB
PageTables:         6164 kB
NFS_Unstable:          0 kB
Bounce:                0 kB
WritebackTmp:          0 kB
CommitLimit:      241032 kB
Committed_AS:    3564400 kB
VmallocTotal:     507904 kB
VmallocUsed:      110600 kB
VmallocChunk:     112576 kB
1557576069.000000
MemTotal:         482068 kB
MemFree:            4096 kB
Buffers:             416 kB
Cached:            54324 kB
SwapCached:            0 kB
Active:           369028 kB
Inactive:          29400 kB
Active(anon):     345200 kB
Inactive(anon):     3152 kB
Active(file):      23828 kB
Inactive(file):    26248 kB
Unevictable:        1960 kB
Mlocked:            3816 kB
HighTotal:             0 kB
HighFree:              0 kB
LowTotal:         482068 kB
LowFree:            4096 kB
SwapTotal:             0 kB
SwapFree:              0 kB
Dirty:                 0 kB
Writeback:             0 kB
AnonPages:        345768 kB
Mapped:            55264 kB
Shmem:              3316 kB
Slab:              17736 kB
SReclaimable:       4688 kB
SUnreclaim:        13048 kB
KernelStack:        5320 kB
PageTables:         6436 kB
NFS_Unstable:          0 kB
Bounce:                0 kB
WritebackTmp:          0 kB
CommitLimit:      241032 kB
Committed_AS:    3675948 kB
VmallocTotal:     507904 kB
VmallocUsed:      112644 kB
VmallocChunk:     112576 kB
1557576070.000000
MemTotal:         482068 kB
MemFree:            3632 kB
Buffers:             424 kB
Cached:            54796 kB
SwapCached:            0 kB
Active:           369388 kB
Inactive:          29932 kB
Active(anon):     345532 kB
Inactive(anon):     3156 kB
Active(file):      23856 kB
Inactive(file):    26776 kB
Unevictable:        1960 kB
Mlocked:            3816 kB
HighTotal:             0 kB
HighFree:              0 kB
LowTotal:         482068 kB
LowFree:            3632 kB
SwapTotal:             0 kB
SwapFree:              0 kB
Dirty:                32 kB
Writeback:             0 kB
AnonPages:        346040 kB
Mapped:            55460 kB
Shmem:              3320 kB
Slab:              17732 kB
SReclaimable:       4688 kB
SUnreclaim:        13044 kB
KernelStack:        5320 kB
PageTables:         6364 kB
NFS_Unstable:          0 kB
Bounce:                0 kB
WritebackTmp:          0 kB
CommitLimit:      241032 kB
Committed_AS:    3676056 kB
VmallocTotal:     507904 kB
VmallocUsed:      112644 kB
VmallocChunk:     112576 kB
1557576071.000000
MemTotal:         482068 kB
MemFree:            4104 kB
Buffers:             424 kB
Cached:            54020 kB
SwapCached:            0 kB
Active:           370012 kB
Inactive:          28860 kB
Active(anon):     345852 kB
Inactive(anon):     3156 kB
Active(file):      24160 kB
Inactive(file):    25704 kB
Unevictable:        1960 kB
Mlocked:            3816 kB
HighTotal:             0 kB
HighFree:              0 kB
LowTotal:         482068 kB
LowFree:            4104 kB
SwapTotal:             0 kB
SwapFree:              0 kB
Dirty:                60 kB
Writeback:             0 kB
AnonPages:        346420 kB
Mapped:            55556 kB
Shmem:              3324 kB
Slab:              17804 kB
SReclaimable:       4688 kB
SUnreclaim:        13116 kB
KernelStack:        5320 kB
PageTables:         6444 kB
NFS_Unstable:          0 kB
Bounce:                0 kB
WritebackTmp:          0 kB
CommitLimit:      241032 kB
Committed_AS:    3676136 kB
VmallocTotal:     507904 kB
VmallocUsed:      112644 kB
VmallocChunk:     112576 kB
1557576071.000000
MemTotal:         482068 kB
MemFree:            4252 kB
Buffers:             428 kB
Cached:            53628 kB
SwapCached:            0 kB
Active:           370332 kB
Inactive:          28244 kB
Active(anon):     346068 kB
Inactive(anon):     3156 kB
Active(file):      24264 kB
Inactive(file):    25088 kB
Unevictable:        1960 kB
Mlocked:            3816 kB
HighTotal:             0 kB
HighFree:              0 kB
LowTotal:         482068 kB
LowFree:            4252 kB
SwapTotal:             0 kB
SwapFree:              0 kB
Dirty:                60 kB
Writeback:             0 kB
AnonPages:        346580 kB
Mapped:            55612 kB
Shmem:              3320 kB
Slab:              17764 kB
SReclaimable:       4688 kB
SUnreclaim:        13076 kB
KernelStack:        5320 kB
PageTables:         6528 kB
NFS_Unstable:          0 kB
Bounce:                0 kB
WritebackTmp:          0 kB
CommitLimit:      241032 kB
Committed_AS:    3676192 kB
VmallocTotal:     507904 kB
VmallocUsed:      112644 kB
VmallocChunk:     112576 kB
1557576072.000000
MemTotal:         482068 kB
MemFree:            6996 kB
Buffers:             428 kB
Cached:            53920 kB
SwapCached:            0 kB
Active:           367104 kB
Inactive:          28644 kB
Active(anon):     342792 kB
Inactive(anon):     3156 kB
Active(file):      24312 kB
Inactive(file):    25488 kB
Unevictable:        1960 kB
Mlocked:            3816 kB
HighTotal:             0 kB
HighFree:              0 kB
LowTotal:         482068 kB
LowFree:            6996 kB
SwapTotal:             0 kB
SwapFree:              0 kB
Dirty:                28 kB
Writeback:             0 kB
AnonPages:        343276 kB
Mapped:            55588 kB
Shmem:              3320 kB
Slab:              17828 kB
SReclaimable:       4688 kB
SUnreclaim:        13140 kB
KernelStack:        5328 kB
PageTables:         6440 kB
NFS_Unstable:          0 kB
Bounce:                0 kB
WritebackTmp:          0 kB
CommitLimit:      241032 kB
Committed_AS:    3675888 kB
VmallocTotal:     507904 kB
VmallocUsed:      112644 kB
VmallocChunk:     112576 kB
1557576073.000000
MemTotal:         482068 kB
MemFree:            6756 kB
Buffers:             428 kB
Cached:            54244 kB
SwapCached:            0 kB
Active:           367324 kB
Inactive:          28912 kB
Active(anon):     343012 kB
Inactive(anon):     3152 kB
Active(file):      24312 kB
Inactive(file):    25760 kB
Unevictable:        1960 kB
Mlocked:            3816 kB
HighTotal:             0 kB
HighFree:              0 kB
LowTotal:         482068 kB
LowFree:            6756 kB
SwapTotal:             0 kB
SwapFree:              0 kB
Dirty:                28 kB
Writeback:             0 kB
AnonPages:        343592 kB
Mapped:            55656 kB
Shmem:              3320 kB
Slab:              17764 kB
SReclaimable:       4680 kB
SUnreclaim:        13084 kB
KernelStack:        5312 kB
PageTables:         6428 kB
NFS_Unstable:          0 kB
Bounce:                0 kB
WritebackTmp:          0 kB
CommitLimit:      241032 kB
Committed_AS:    3676264 kB
VmallocTotal:     507904 kB
VmallocUsed:      112644 kB
VmallocChunk:     112576 kB
1557576074.000000
MemTotal:         482068 kB
MemFree:            5872 kB
Buffers:             428 kB
Cached:            54260 kB
SwapCached:            0 kB
Active:           367764 kB
Inactive:          28952 kB
Active(anon):     343452 kB
Inactive(anon):     3152 kB
Active(file):      24312 kB
Inactive(file):    25800 kB
Unevictable:        1960 kB
Mlocked:            3816 kB
HighTotal:             0 kB
HighFree:              0 kB
LowTotal:         482068 kB
LowFree:            5872 kB
SwapTotal:             0 kB
SwapFree:              0 kB
Dirty:                28 kB
Writeback:             0 kB
AnonPages:        343988 kB
Mapped:            55700 kB
Shmem:              3320 kB
Slab:              17780 kB
SReclaimable:       4680 kB
SUnreclaim:        13100 kB
KernelStack:        5312 kB
PageTables:         6440 kB
NFS_Unstable:          0 kB
Bounce:                0 kB
WritebackTmp:          0 kB
CommitLimit:      241032 kB
Committed_AS:    3676340 kB
VmallocTotal:     507904 kB
VmallocUsed:      112644 kB
VmallocChunk:     112576 kB
1557576075.000000
MemTotal:         482068 kB
MemFree:            5788 kB
Buffers:             428 kB
Cached:            54260 kB
SwapCached:            0 kB
Active:           368164 kB
Inactive:          28952 kB
Active(anon):     343852 kB
Inactive(anon):     3152 kB
Active(file):      24312 kB
Inactive(file):    25800 kB
Unevictable:        1960 kB
Mlocked:            3816 kB
HighTotal:             0 kB
HighFree:              0 kB
LowTotal:         482068 kB
LowFree:            5788 kB
SwapTotal:             0 kB
SwapFree:              0 kB
Dirty:                 0 kB
Writeback:             0 kB
AnonPages:        344360 kB
Mapped:            55680 kB
Shmem:              3320 kB
Slab:              17752 kB
SReclaimable:       4680 kB
SUnreclaim:        13072 kB
KernelStack:        5304 kB
PageTables:         6428 kB
NFS_Unstable:          0 kB
Bounce:                0 kB
WritebackTmp:          0 kB
CommitLimit:      241032 kB
Committed_AS:    3676468 kB
VmallocTotal:     507904 kB
VmallocUsed:      112644 kB
VmallocChunk:     112576 kB
1557576076.000000
MemTotal:         482068 kB
MemFree:            5624 kB
Buffers:             428 kB
Cached:            54260 kB
SwapCached:            0 kB
Active:           368268 kB
Inactive:          28952 kB
Active(anon):     343956 kB
Inactive(anon):     3152 kB
Active(file):      24312 kB
Inactive(file):    25800 kB
Unevictable:        1960 kB
Mlocked:            3816 kB
HighTotal:             0 kB
HighFree:              0 kB
LowTotal:         482068 kB
LowFree:            5624 kB
SwapTotal:             0 kB
SwapFree:              0 kB
Dirty:                 0 kB
Writeback:             0 kB
AnonPages:        344512 kB
Mapped:            55680 kB
Shmem:              3320 kB
Slab:              17752 kB
SReclaimable:       4680 kB
SUnreclaim:        13072 kB
KernelStack:        5304 kB
PageTables:         6504 kB
NFS_Unstable:          0 kB
Bounce:                0 kB
WritebackTmp:          0 kB
CommitLimit:      241032 kB
Committed_AS:    3676508 kB
VmallocTotal:     507904 kB
VmallocUsed:      112644 kB
VmallocChunk:     112576 kB
1557576077.000000
MemTotal:         482068 kB
MemFree:            5384 kB
Buffers:             428 kB
Cached:            54260 kB
SwapCached:            0 kB
Active:           368716 kB
Inactive:          28952 kB
Active(anon):     344404 kB
Inactive(anon):     3152 kB
Active(file):      24312 kB
Inactive(file):    25800 kB
Unevictable:        1960 kB
Mlocked:            3816 kB
HighTotal:             0 kB
HighFree:              0 kB
LowTotal:         482068 kB
LowFree:            5384 kB
SwapTotal:             0 kB
SwapFree:              0 kB
Dirty:                 0 kB
Writeback:             0 kB
AnonPages:        344976 kB
Mapped:            55680 kB
Shmem:              3320 kB
Slab:              17744 kB
SReclaimable:       4680 kB
SUnreclaim:        13064 kB
KernelStack:        5304 kB
PageTables:         6428 kB
NFS_Unstable:          0 kB
Bounce:                0 kB
WritebackTmp:          0 kB
CommitLimit:      241032 kB
Committed_AS:    3676544 kB
VmallocTotal:     507904 kB
VmallocUsed:      112644 kB
VmallocChunk:     112576 kB
1557576078.000000
MemTotal:         482068 kB
MemFree:            3948 kB
Buffers:             436 kB
Cached:            54176 kB
SwapCached:            0 kB
Active:           370016 kB
Inactive:          28552 kB
Active(anon):     345496 kB
Inactive(anon):     3152 kB
Active(file):      24520 kB
Inactive(file):    25400 kB
Unevictable:        1960 kB
Mlocked:            3816 kB
HighTotal:             0 kB
HighFree:              0 kB
LowTotal:         482068 kB
LowFree:            3948 kB
SwapTotal:             0 kB
SwapFree:              0 kB
Dirty:                 0 kB
Writeback:             0 kB
AnonPages:        346028 kB
Mapped:            55652 kB
Shmem:              3320 kB
Slab:              17772 kB
SReclaimable:       4680 kB
SUnreclaim:        13092 kB
KernelStack:        5312 kB
PageTables:         6668 kB
NFS_Unstable:          0 kB
Bounce:                0 kB
WritebackTmp:          0 kB
CommitLimit:      241032 kB
Committed_AS:    3782928 kB
VmallocTotal:     507904 kB
VmallocUsed:      114688 kB
VmallocChunk:     112576 kB
1557576079.000000
MemTotal:         482068 kB
MemFree:            4452 kB
Buffers:             448 kB
Cached:            52580 kB
SwapCached:            0 kB
Active:           370980 kB
Inactive:          27080 kB
Active(anon):     346456 kB
Inactive(anon):     3152 kB
Active(file):      24524 kB
Inactive(file):    23928 kB
Unevictable:        1960 kB
Mlocked:            3816 kB
HighTotal:             0 kB
HighFree:              0 kB
LowTotal:         482068 kB
LowFree:            4452 kB
SwapTotal:             0 kB
SwapFree:              0 kB
Dirty:                12 kB
Writeback:             0 kB
AnonPages:        346988 kB
Mapped:            55972 kB
Shmem:              3320 kB
Slab:              17772 kB
SReclaimable:       4680 kB
SUnreclaim:        13092 kB
KernelStack:        5392 kB
PageTables:         6636 kB
NFS_Unstable:          0 kB
Bounce:                0 kB
WritebackTmp:          0 kB
CommitLimit:      241032 kB
Committed_AS:    3785888 kB
VmallocTotal:     507904 kB
VmallocUsed:      114688 kB
VmallocChunk:     112576 kB
1557576080.000000
MemTotal:         482068 kB
MemFree:            4436 kB
Buffers:             448 kB
Cached:            52580 kB
SwapCached:            0 kB
Active:           371040 kB
Inactive:          27080 kB
Active(anon):     346516 kB
Inactive(anon):     3152 kB
Active(file):      24524 kB
Inactive(file):    23928 kB
Unevictable:        1960 kB
Mlocked:            3816 kB
HighTotal:             0 kB
HighFree:              0 kB
LowTotal:         482068 kB
LowFree:            4436 kB
SwapTotal:             0 kB
SwapFree:              0 kB
Dirty:                12 kB
Writeback:             0 kB
AnonPages:        347028 kB
Mapped:            55972 kB
Shmem:              3320 kB
Slab:              17764 kB
SReclaimable:       4676 kB
SUnreclaim:        13088 kB
KernelStack:        5384 kB
PageTables:         6636 kB
NFS_Unstable:          0 kB
Bounce:                0 kB
WritebackTmp:          0 kB
CommitLimit:      241032 kB
Committed_AS:    3785892 kB
VmallocTotal:     507904 kB
VmallocUsed:      114688 kB
VmallocChunk:     112576 kB
1557576081.000000
MemTotal:         482068 kB
MemFree:            4460 kB
Buffers:             448 kB
Cached:            52580 kB
SwapCached:            0 kB
Active:           371072 kB
Inactive:          27080 kB
Active(anon):     346548 kB
Inactive(anon):     3152 kB
Active(file):      24524 kB
Inactive(file):    23928 kB
Unevictable:        1960 kB
Mlocked:            3816 kB
HighTotal:             0 kB
HighFree:              0 kB
LowTotal:         482068 kB
LowFree:            4460 kB
SwapTotal:             0 kB
SwapFree:              0 kB
Dirty:                12 kB
Writeback:             0 kB
AnonPages:        347016 kB
Mapped:            55924 kB
Shmem:              3320 kB
Slab:              17756 kB
SReclaimable:       4676 kB
SUnreclaim:        13080 kB
KernelStack:        5384 kB
PageTables:         6648 kB
NFS_Unstable:          0 kB
Bounce:                0 kB
WritebackTmp:          0 kB
CommitLimit:      241032 kB
Committed_AS:    3785892 kB
VmallocTotal:     507904 kB
VmallocUsed:      114688 kB
VmallocChunk:     112576 kB
1557576081.000000
MemTotal:         482068 kB
MemFree:            3792 kB
Buffers:             576 kB
Cached:            52616 kB
SwapCached:            0 kB
Active:           371496 kB
Inactive:          27216 kB
Active(anon):     346948 kB
Inactive(anon):     3148 kB
Active(file):      24548 kB
Inactive(file):    24068 kB
Unevictable:        1960 kB
Mlocked:            3816 kB
HighTotal:             0 kB
HighFree:              0 kB
LowTotal:         482068 kB
LowFree:            3792 kB
SwapTotal:             0 kB
SwapFree:              0 kB
Dirty:                 0 kB
Writeback:             0 kB
AnonPages:        347532 kB
Mapped:            55928 kB
Shmem:              3320 kB
Slab:              17748 kB
SReclaimable:       4676 kB
SUnreclaim:        13072 kB
KernelStack:        5384 kB
PageTables:         6628 kB
NFS_Unstable:          0 kB
Bounce:                0 kB
WritebackTmp:          0 kB
CommitLimit:      241032 kB
Committed_AS:    3786060 kB
VmallocTotal:     507904 kB
VmallocUsed:      114688 kB
VmallocChunk:     112576 kB
1557576082.000000
MemTotal:         482068 kB
MemFree:            4436 kB
Buffers:             576 kB
Cached:            51200 kB
SwapCached:            0 kB
Active:           371956 kB
Inactive:          26168 kB
Active(anon):     347772 kB
Inactive(anon):     3152 kB
Active(file):      24184 kB
Inactive(file):    23016 kB
Unevictable:        1960 kB
Mlocked:            3816 kB
HighTotal:             0 kB
HighFree:              0 kB
LowTotal:         482068 kB
LowFree:            4436 kB
SwapTotal:             0 kB
SwapFree:              0 kB
Dirty:                 0 kB
Writeback:             0 kB
AnonPages:        348328 kB
Mapped:            55992 kB
Shmem:              3320 kB
Slab:              17788 kB
SReclaimable:       4676 kB
SUnreclaim:        13112 kB
KernelStack:        5384 kB
PageTables:         6640 kB
NFS_Unstable:          0 kB
Bounce:                0 kB
WritebackTmp:          0 kB
CommitLimit:      241032 kB
Committed_AS:    3785944 kB
VmallocTotal:     507904 kB
VmallocUsed:      114688 kB
VmallocChunk:     112576 kB
1557576083.000000
MemTotal:         482068 kB
MemFree:            4808 kB
Buffers:             576 kB
Cached:            51220 kB
SwapCached:            0 kB
Active:           371548 kB
Inactive:          26188 kB
Active(anon):     347364 kB
Inactive(anon):     3152 kB
Active(file):      24184 kB
Inactive(file):    23036 kB
Unevictable:        1960 kB
Mlocked:            3816 kB
HighTotal:             0 kB
HighFree:              0 kB
LowTotal:         482068 kB
LowFree:            4808 kB
SwapTotal:             0 kB
SwapFree:              0 kB
Dirty:                 0 kB
Writeback:             0 kB
AnonPages:        347940 kB
Mapped:            56048 kB
Shmem:              3320 kB
Slab:              17768 kB
SReclaimable:       4676 kB
SUnreclaim:        13092 kB
KernelStack:        5384 kB
PageTables:         6640 kB
NFS_Unstable:          0 kB
Bounce:                0 kB
WritebackTmp:          0 kB
CommitLimit:      241032 kB
Committed_AS:    3785932 kB
VmallocTotal:     507904 kB
VmallocUsed:      114688 kB
VmallocChunk:     112576 kB
1557576084.000000
MemTotal:         482068 kB
MemFree:            4708 kB
Buffers:             576 kB
Cached:            51372 kB
SwapCached:            0 kB
Active:           371652 kB
Inactive:          26344 kB
Active(anon):     347468 kB
Inactive(anon):     3152 kB
Active(file):      24184 kB
Inactive(file):    23192 kB
Unevictable:        1960 kB
Mlocked:            3816 kB
HighTotal:             0 kB
HighFree:              0 kB
LowTotal:         482068 kB
LowFree:            4708 kB
SwapTotal:             0 kB
SwapFree:              0 kB
Dirty:                 0 kB
Writeback:             0 kB
AnonPages:        348016 kB
Mapped:            56048 kB
Shmem:              3320 kB
Slab:              17768 kB
SReclaimable:       4676 kB
SUnreclaim:        13092 kB
KernelStack:        5384 kB
PageTables:         6640 kB
NFS_Unstable:          0 kB
Bounce:                0 kB
WritebackTmp:          0 kB
CommitLimit:      241032 kB
Committed_AS:    3786064 kB
VmallocTotal:     507904 kB
VmallocUsed:      114688 kB
VmallocChunk:     112576 kB
1557576085.000000
MemTotal:         482068 kB
MemFree:            4388 kB
Buffers:             576 kB
Cached:            51408 kB
SwapCached:            0 kB
Active:           371728 kB
Inactive:          26376 kB
Active(anon):     347544 kB
Inactive(anon):     3152 kB
Active(file):      24184 kB
Inactive(file):    23224 kB
Unevictable:        1960 kB
Mlocked:            3816 kB
HighTotal:             0 kB
HighFree:              0 kB
LowTotal:         482068 kB
LowFree:            4388 kB
SwapTotal:             0 kB
SwapFree:              0 kB
Dirty:                 0 kB
Writeback:             0 kB
AnonPages:        348076 kB
Mapped:            56124 kB
Shmem:              3320 kB
Slab:              17756 kB
SReclaimable:       4676 kB
SUnreclaim:        13080 kB
KernelStack:        5376 kB
PageTables:         6628 kB
NFS_Unstable:          0 kB
Bounce:                0 kB
WritebackTmp:          0 kB
CommitLimit:      241032 kB
Committed_AS:    3786064 kB
VmallocTotal:     507904 kB
VmallocUsed:      114688 kB
VmallocChunk:     112576 kB
1557576086.000000
MemTotal:         482068 kB
MemFree:            4064 kB
Buffers:             576 kB
Cached:            51560 kB
SwapCached:            0 kB
Active:           371928 kB
Inactive:          26532 kB
Active(anon):     347744 kB
Inactive(anon):     3152 kB
Active(file):      24184 kB
Inactive(file):    23380 kB
Unevictable:        1960 kB
Mlocked:            3816 kB
HighTotal:             0 kB
HighFree:              0 kB
LowTotal:         482068 kB
LowFree:            4064 kB
SwapTotal:             0 kB
SwapFree:              0 kB
Dirty:                 0 kB
Writeback:             0 kB
AnonPages:        348356 kB
Mapped:            56124 kB
Shmem:              3320 kB
Slab:              17756 kB
SReclaimable:       4676 kB
SUnreclaim:        13080 kB
KernelStack:        5376 kB
PageTables:         6628 kB
NFS_Unstable:          0 kB
Bounce:                0 kB
WritebackTmp:          0 kB
CommitLimit:      241032 kB
Committed_AS:    3785952 kB
VmallocTotal:     507904 kB
VmallocUsed:      114688 kB
VmallocChunk:     112576 kB
1557576087.000000
MemTotal:         482068 kB
MemFree:            3840 kB
Buffers:             584 kB
Cached:            51844 kB
SwapCached:            0 kB
Active:           371984 kB
Inactive:          26820 kB
Active(anon):     347800 kB
Inactive(anon):     3152 kB
Active(file):      24184 kB
Inactive(file):    23668 kB
Unevictable:        1960 kB
Mlocked:            3816 kB
HighTotal:             0 kB
HighFree:              0 kB
LowTotal:         482068 kB
LowFree:            3840 kB
SwapTotal:             0 kB
SwapFree:              0 kB
Dirty:                 0 kB
Writeback:             0 kB
AnonPages:        348296 kB
Mapped:            56116 kB
Shmem:              3320 kB
Slab:              17768 kB
SReclaimable:       4676 kB
SUnreclaim:        13092 kB
KernelStack:        5376 kB
PageTables:         6712 kB
NFS_Unstable:          0 kB
Bounce:                0 kB
WritebackTmp:          0 kB
CommitLimit:      241032 kB
Committed_AS:    3786084 kB
VmallocTotal:     507904 kB
VmallocUsed:      114688 kB
VmallocChunk:     112576 kB
1557576088.000000
MemTotal:         482068 kB
MemFree:            4196 kB
Buffers:             840 kB
Cached:            51216 kB
SwapCached:            0 kB
Active:           371764 kB
Inactive:          26628 kB
Active(anon):     347840 kB
Inactive(anon):     3152 kB
Active(file):      23924 kB
Inactive(file):    23476 kB
Unevictable:        1960 kB
Mlocked:            3816 kB
HighTotal:             0 kB
HighFree:              0 kB
LowTotal:         482068 kB
LowFree:            4196 kB
SwapTotal:             0 kB
SwapFree:              0 kB
Dirty:                 4 kB
Writeback:             0 kB
AnonPages:        348384 kB
Mapped:            56116 kB
Shmem:              3320 kB
Slab:              17768 kB
SReclaimable:       4676 kB
SUnreclaim:        13092 kB
KernelStack:        5376 kB
PageTables:         6636 kB
NFS_Unstable:          0 kB
Bounce:                0 kB
WritebackTmp:          0 kB
CommitLimit:      241032 kB
Committed_AS:    3786084 kB
VmallocTotal:     507904 kB
VmallocUsed:      114688 kB
VmallocChunk:     112576 kB
1557576089.000000
MemTotal:         482068 kB
MemFree:            3776 kB
Buffers:             840 kB
Cached:            51288 kB
SwapCached:            0 kB
Active:           372012 kB
Inactive:          26740 kB
Active(anon):     348048 kB
Inactive(anon):     3152 kB
Active(file):      23964 kB
Inactive(file):    23588 kB
Unevictable:        1960 kB
Mlocked:            3816 kB
HighTotal:             0 kB
HighFree:              0 kB
LowTotal:         482068 kB
LowFree:            3776 kB
SwapTotal:             0 kB
SwapFree:              0 kB
Dirty:                 4 kB
Writeback:             0 kB
AnonPages:        348548 kB
Mapped:            56060 kB
Shmem:              3320 kB
Slab:              17780 kB
SReclaimable:       4676 kB
SUnreclaim:        13104 kB
KernelStack:        5384 kB
PageTables:         6636 kB
NFS_Unstable:          0 kB
Bounce:                0 kB
WritebackTmp:          0 kB
CommitLimit:      241032 kB
Committed_AS:    3786172 kB
VmallocTotal:     507904 kB
VmallocUsed:      114696 kB
VmallocChunk:     112576 kB
1557576089.000000
MemTotal:         482068 kB
MemFree:            3800 kB
Buffers:             840 kB
Cached:            51288 kB
SwapCached:            0 kB
Active:           371996 kB
Inactive:          26740 kB
Active(anon):     348032 kB
Inactive(anon):     3152 kB
Active(file):      23964 kB
Inactive(file):    23588 kB
Unevictable:        1960 kB
Mlocked:            3816 kB
HighTotal:             0 kB
HighFree:              0 kB
LowTotal:         482068 kB
LowFree:            3800 kB
SwapTotal:             0 kB
SwapFree:              0 kB
Dirty:                 4 kB
Writeback:             0 kB
AnonPages:        348612 kB
Mapped:            56092 kB
Shmem:              3320 kB
Slab:              17784 kB
SReclaimable:       4676 kB
SUnreclaim:        13108 kB
KernelStack:        5384 kB
PageTables:         6700 kB
NFS_Unstable:          0 kB
Bounce:                0 kB
WritebackTmp:          0 kB
CommitLimit:      241032 kB
Committed_AS:    3786172 kB
VmallocTotal:     507904 kB
VmallocUsed:      114688 kB
VmallocChunk:     112576 kB
1557576090.000000
MemTotal:         482068 kB
MemFree:            4312 kB
Buffers:             840 kB
Cached:            50172 kB
SwapCached:            0 kB
Active:           372320 kB
Inactive:          26052 kB
Active(anon):     348784 kB
Inactive(anon):     3152 kB
Active(file):      23536 kB
Inactive(file):    22900 kB
Unevictable:        1960 kB
Mlocked:            3816 kB
HighTotal:             0 kB
HighFree:              0 kB
LowTotal:         482068 kB
LowFree:            4312 kB
SwapTotal:             0 kB
SwapFree:              0 kB
Dirty:                 0 kB
Writeback:             0 kB
AnonPages:        349292 kB
Mapped:            55692 kB
Shmem:              3320 kB
Slab:              17768 kB
SReclaimable:       4676 kB
SUnreclaim:        13092 kB
KernelStack:        5384 kB
PageTables:         6632 kB
NFS_Unstable:          0 kB
Bounce:                0 kB
WritebackTmp:          0 kB
CommitLimit:      241032 kB
Committed_AS:    3786164 kB
VmallocTotal:     507904 kB
VmallocUsed:      114688 kB
VmallocChunk:     112576 kB
1557576091.000000
MemTotal:         482068 kB
MemFree:            4212 kB
Buffers:             840 kB
Cached:            50172 kB
SwapCached:            0 kB
Active:           372260 kB
Inactive:          26052 kB
Active(anon):     348724 kB
Inactive(anon):     3152 kB
Active(file):      23536 kB
Inactive(file):    22900 kB
Unevictable:        1960 kB
Mlocked:            3816 kB
HighTotal:             0 kB
HighFree:              0 kB
LowTotal:         482068 kB
LowFree:            4212 kB
SwapTotal:             0 kB
SwapFree:              0 kB
Dirty:                 0 kB
Writeback:             0 kB
AnonPages:        349288 kB
Mapped:            55648 kB
Shmem:              3320 kB
Slab:              17748 kB
SReclaimable:       4676 kB
SUnreclaim:        13072 kB
KernelStack:        5376 kB
PageTables:         6624 kB
NFS_Unstable:          0 kB
Bounce:                0 kB
WritebackTmp:          0 kB
CommitLimit:      241032 kB
Committed_AS:    3786256 kB
VmallocTotal:     507904 kB
VmallocUsed:      114688 kB
VmallocChunk:     112576 kB
1557576092.000000
MemTotal:         482068 kB
MemFree:            4412 kB
Buffers:             840 kB
Cached:            50172 kB
SwapCached:            0 kB
Active:           372208 kB
Inactive:          26052 kB
Active(anon):     348672 kB
Inactive(anon):     3152 kB
Active(file):      23536 kB
Inactive(file):    22900 kB
Unevictable:        1960 kB
Mlocked:            3816 kB
HighTotal:             0 kB
HighFree:              0 kB
LowTotal:         482068 kB
LowFree:            4412 kB
SwapTotal:             0 kB
SwapFree:              0 kB
Dirty:                 0 kB
Writeback:             0 kB
AnonPages:        349212 kB
Mapped:            55648 kB
Shmem:              3320 kB
Slab:              17800 kB
SReclaimable:       4676 kB
SUnreclaim:        13124 kB
KernelStack:        5376 kB
PageTables:         6624 kB
NFS_Unstable:          0 kB
Bounce:                0 kB
WritebackTmp:          0 kB
CommitLimit:      241032 kB
Committed_AS:    3786940 kB
VmallocTotal:     507904 kB
VmallocUsed:      114688 kB
VmallocChunk:     112576 kB
1557576093.000000
MemTotal:         482068 kB
MemFree:            4196 kB
Buffers:             840 kB
Cached:            50172 kB
SwapCached:            0 kB
Active:           372228 kB
Inactive:          26052 kB
Active(anon):     348692 kB
Inactive(anon):     3152 kB
Active(file):      23536 kB
Inactive(file):    22900 kB
Unevictable:        1960 kB
Mlocked:            3816 kB
HighTotal:             0 kB
HighFree:              0 kB
LowTotal:         482068 kB
LowFree:            4196 kB
SwapTotal:             0 kB
SwapFree:              0 kB
Dirty:                 0 kB
Writeback:             0 kB
AnonPages:        349228 kB
Mapped:            55652 kB
Shmem:              3320 kB
Slab:              17720 kB
SReclaimable:       4676 kB
SUnreclaim:        13044 kB
KernelStack:        5384 kB
PageTables:         6648 kB
NFS_Unstable:          0 kB
Bounce:                0 kB
WritebackTmp:          0 kB
CommitLimit:      241032 kB
Committed_AS:    3786820 kB
VmallocTotal:     507904 kB
VmallocUsed:      114688 kB
VmallocChunk:     112576 kB
1557576094.000000
MemTotal:         482068 kB
MemFree:            4008 kB
Buffers:             840 kB
Cached:            50172 kB
SwapCached:            0 kB
Active:           372464 kB
Inactive:          26052 kB
Active(anon):     348928 kB
Inactive(anon):     3152 kB
Active(file):      23536 kB
Inactive(file):    22900 kB
Unevictable:        1960 kB
Mlocked:            3816 kB
HighTotal:             0 kB
HighFree:              0 kB
LowTotal:         482068 kB
LowFree:            4008 kB
SwapTotal:             0 kB
SwapFree:              0 kB
Dirty:                 0 kB
Writeback:             0 kB
AnonPages:        349464 kB
Mapped:            55652 kB
Shmem:              3320 kB
Slab:              17748 kB
SReclaimable:       4676 kB
SUnreclaim:        13072 kB
KernelStack:        5376 kB
PageTables:         6624 kB
NFS_Unstable:          0 kB
Bounce:                0 kB
WritebackTmp:          0 kB
CommitLimit:      241032 kB
Committed_AS:    3787004 kB
VmallocTotal:     507904 kB
VmallocUsed:      114688 kB
VmallocChunk:     112576 kB
1557576095.000000
MemTotal:         482068 kB
MemFree:            3900 kB
Buffers:             840 kB
Cached:            50172 kB
SwapCached:            0 kB
Active:           372440 kB
Inactive:          26052 kB
Active(anon):     348904 kB
Inactive(anon):     3152 kB
Active(file):      23536 kB
Inactive(file):    22900 kB
Unevictable:        1960 kB
Mlocked:            3816 kB
HighTotal:             0 kB
HighFree:              0 kB
LowTotal:         482068 kB
LowFree:            3900 kB
SwapTotal:             0 kB
SwapFree:              0 kB
Dirty:                 0 kB
Writeback:             0 kB
AnonPages:        349468 kB
Mapped:            55624 kB
Shmem:              3320 kB
Slab:              17772 kB
SReclaimable:       4676 kB
SUnreclaim:        13096 kB
KernelStack:        5384 kB
PageTables:         6636 kB
NFS_Unstable:          0 kB
Bounce:                0 kB
WritebackTmp:          0 kB
CommitLimit:      241032 kB
Committed_AS:    3787004 kB
VmallocTotal:     507904 kB
VmallocUsed:      114688 kB
VmallocChunk:     112576 kB
1557576096.000000
MemTotal:         482068 kB
MemFree:            3768 kB
Buffers:             840 kB
Cached:            50172 kB
SwapCached:            0 kB
Active:           372496 kB
Inactive:          26052 kB
Active(anon):     348960 kB
Inactive(anon):     3152 kB
Active(file):      23536 kB
Inactive(file):    22900 kB
Unevictable:        1960 kB
Mlocked:            3816 kB
HighTotal:             0 kB
HighFree:              0 kB
LowTotal:         482068 kB
LowFree:            3768 kB
SwapTotal:             0 kB
SwapFree:              0 kB
Dirty:                 0 kB
Writeback:             0 kB
AnonPages:        349472 kB
Mapped:            55700 kB
Shmem:              3320 kB
Slab:              17764 kB
SReclaimable:       4676 kB
SUnreclaim:        13088 kB
KernelStack:        5384 kB
PageTables:         6636 kB
NFS_Unstable:          0 kB
Bounce:                0 kB
WritebackTmp:          0 kB
CommitLimit:      241032 kB
Committed_AS:    3787012 kB
VmallocTotal:     507904 kB
VmallocUsed:      114688 kB
VmallocChunk:     112576 kB
1557576097.000000
MemTotal:         482068 kB
MemFree:            3940 kB
Buffers:             840 kB
Cached:            50172 kB
SwapCached:            0 kB
Active:           372496 kB
Inactive:          26048 kB
Active(anon):     348960 kB
Inactive(anon):     3148 kB
Active(file):      23536 kB
Inactive(file):    22900 kB
Unevictable:        1960 kB
Mlocked:            3816 kB
HighTotal:             0 kB
HighFree:              0 kB
LowTotal:         482068 kB
LowFree:            3940 kB
SwapTotal:             0 kB
SwapFree:              0 kB
Dirty:                 0 kB
Writeback:             0 kB
AnonPages:        349480 kB
Mapped:            55652 kB
Shmem:              3320 kB
Slab:              17772 kB
SReclaimable:       4676 kB
SUnreclaim:        13096 kB
KernelStack:        5392 kB
PageTables:         6648 kB
NFS_Unstable:          0 kB
Bounce:                0 kB
WritebackTmp:          0 kB
CommitLimit:      241032 kB
Committed_AS:    3786916 kB
VmallocTotal:     507904 kB
VmallocUsed:      114688 kB
VmallocChunk:     112576 kB
1557576097.000000
MemTotal:         482068 kB
MemFree:            4172 kB
Buffers:             840 kB
Cached:            49344 kB
SwapCached:            0 kB
Active:           372312 kB
Inactive:          25832 kB
Active(anon):     349412 kB
Inactive(anon):     3148 kB
Active(file):      22900 kB
Inactive(file):    22684 kB
Unevictable:        1960 kB
Mlocked:            3816 kB
HighTotal:             0 kB
HighFree:              0 kB
LowTotal:         482068 kB
LowFree:            4172 kB
SwapTotal:             0 kB
SwapFree:              0 kB
Dirty:                 0 kB
Writeback:             0 kB
AnonPages:        349992 kB
Mapped:            55524 kB
Shmem:              3320 kB
Slab:              17752 kB
SReclaimable:       4676 kB
SUnreclaim:        13076 kB
KernelStack:        5376 kB
PageTables:         6624 kB
NFS_Unstable:          0 kB
Bounce:                0 kB
WritebackTmp:          0 kB
CommitLimit:      241032 kB
Committed_AS:    3787012 kB
VmallocTotal:     507904 kB
VmallocUsed:      114688 kB
VmallocChunk:     112576 kB
1557576098.000000
MemTotal:         482068 kB
MemFree:            3692 kB
Buffers:             844 kB
Cached:            49520 kB
SwapCached:            0 kB
Active:           372636 kB
Inactive:          26028 kB
Active(anon):     349728 kB
Inactive(anon):     3148 kB
Active(file):      22908 kB
Inactive(file):    22880 kB
Unevictable:        1960 kB
Mlocked:            3816 kB
HighTotal:             0 kB
HighFree:              0 kB
LowTotal:         482068 kB
LowFree:            3692 kB
SwapTotal:             0 kB
SwapFree:              0 kB
Dirty:                 4 kB
Writeback:             0 kB
AnonPages:        350276 kB
Mapped:            55552 kB
Shmem:              3320 kB
Slab:              17788 kB
SReclaimable:       4676 kB
SUnreclaim:        13112 kB
KernelStack:        5384 kB
PageTables:         6636 kB
NFS_Unstable:          0 kB
Bounce:                0 kB
WritebackTmp:          0 kB
CommitLimit:      241032 kB
Committed_AS:    3787080 kB
VmallocTotal:     507904 kB
VmallocUsed:      114688 kB
VmallocChunk:     112576 kB
1557576099.000000
MemTotal:         482068 kB
MemFree:            3708 kB
Buffers:             844 kB
Cached:            49520 kB
SwapCached:            0 kB
Active:           372740 kB
Inactive:          26028 kB
Active(anon):     349832 kB
Inactive(anon):     3148 kB
Active(file):      22908 kB
Inactive(file):    22880 kB
Unevictable:        1960 kB
Mlocked:            3816 kB
HighTotal:             0 kB
HighFree:              0 kB
LowTotal:         482068 kB
LowFree:            3708 kB
SwapTotal:             0 kB
SwapFree:              0 kB
Dirty:                 4 kB
Writeback:             0 kB
AnonPages:        350352 kB
Mapped:            55476 kB
Shmem:              3320 kB
Slab:              17736 kB
SReclaimable:       4676 kB
SUnreclaim:        13060 kB
KernelStack:        5384 kB
PageTables:         6712 kB
NFS_Unstable:          0 kB
Bounce:                0 kB
WritebackTmp:          0 kB
CommitLimit:      241032 kB
Committed_AS:    3787016 kB
VmallocTotal:     507904 kB
VmallocUsed:      114688 kB
VmallocChunk:     112576 kB
1557576100.000000
MemTotal:         482068 kB
MemFree:            3816 kB
Buffers:             844 kB
Cached:            49520 kB
SwapCached:            0 kB
Active:           372760 kB
Inactive:          26028 kB
Active(anon):     349852 kB
Inactive(anon):     3148 kB
Active(file):      22908 kB
Inactive(file):    22880 kB
Unevictable:        1960 kB
Mlocked:            3816 kB
HighTotal:             0 kB
HighFree:              0 kB
LowTotal:         482068 kB
LowFree:            3816 kB
SwapTotal:             0 kB
SwapFree:              0 kB
Dirty:                 4 kB
Writeback:             0 kB
AnonPages:        350356 kB
Mapped:            55508 kB
Shmem:              3320 kB
Slab:              17832 kB
SReclaimable:       4676 kB
SUnreclaim:        13156 kB
KernelStack:        5384 kB
PageTables:         6648 kB
NFS_Unstable:          0 kB
Bounce:                0 kB
WritebackTmp:          0 kB
CommitLimit:      241032 kB
Committed_AS:    3787004 kB
VmallocTotal:     507904 kB
VmallocUsed:      114688 kB
VmallocChunk:     112576 kB
1557576101.000000
MemTotal:         482068 kB
MemFree:            3676 kB
Buffers:             844 kB
Cached:            49520 kB
SwapCached:            0 kB
Active:           372820 kB
Inactive:          26028 kB
Active(anon):     349912 kB
Inactive(anon):     3148 kB
Active(file):      22908 kB
Inactive(file):    22880 kB
Unevictable:        1960 kB
Mlocked:            3816 kB
HighTotal:             0 kB
HighFree:              0 kB
LowTotal:         482068 kB
LowFree:            3676 kB
SwapTotal:             0 kB
SwapFree:              0 kB
Dirty:                 4 kB
Writeback:             0 kB
AnonPages:        350400 kB
Mapped:            55508 kB
Shmem:              3320 kB
Slab:              17772 kB
SReclaimable:       4676 kB
SUnreclaim:        13096 kB
KernelStack:        5376 kB
PageTables:         6700 kB
NFS_Unstable:          0 kB
Bounce:                0 kB
WritebackTmp:          0 kB
CommitLimit:      241032 kB
Committed_AS:    3787016 kB
VmallocTotal:     507904 kB
VmallocUsed:      114688 kB
VmallocChunk:     112576 kB
1557576102.000000
MemTotal:         482068 kB
MemFree:            3684 kB
Buffers:            1016 kB
Cached:            49196 kB
SwapCached:            0 kB
Active:           372776 kB
Inactive:          26068 kB
Active(anon):     350172 kB
Inactive(anon):     3148 kB
Active(file):      22604 kB
Inactive(file):    22920 kB
Unevictable:        1960 kB
Mlocked:            3816 kB
HighTotal:             0 kB
HighFree:              0 kB
LowTotal:         482068 kB
LowFree:            3684 kB
SwapTotal:             0 kB
SwapFree:              0 kB
Dirty:                 0 kB
Writeback:             0 kB
AnonPages:        350724 kB
Mapped:            55404 kB
Shmem:              3320 kB
Slab:              17852 kB
SReclaimable:       4676 kB
SUnreclaim:        13176 kB
KernelStack:        5384 kB
PageTables:         6712 kB
NFS_Unstable:          0 kB
Bounce:                0 kB
WritebackTmp:          0 kB
CommitLimit:      241032 kB
Committed_AS:    3787016 kB
VmallocTotal:     507904 kB
VmallocUsed:      114688 kB
VmallocChunk:     112576 kB
1557576103.000000
MemTotal:         482068 kB
MemFree:            4188 kB
Buffers:            1016 kB
Cached:            48524 kB
SwapCached:            0 kB
Active:           372928 kB
Inactive:          25568 kB
Active(anon):     350384 kB
Inactive(anon):     3148 kB
Active(file):      22544 kB
Inactive(file):    22420 kB
Unevictable:        1960 kB
Mlocked:            3816 kB
HighTotal:             0 kB
HighFree:              0 kB
LowTotal:         482068 kB
LowFree:            4188 kB
SwapTotal:             0 kB
SwapFree:              0 kB
Dirty:                36 kB
Writeback:             0 kB
AnonPages:        350864 kB
Mapped:            55016 kB
Shmem:              3320 kB
Slab:              17804 kB
SReclaimable:       4680 kB
SUnreclaim:        13124 kB
KernelStack:        5384 kB
PageTables:         6636 kB
NFS_Unstable:          0 kB
Bounce:                0 kB
WritebackTmp:          0 kB
CommitLimit:      241032 kB
Committed_AS:    3787020 kB
VmallocTotal:     507904 kB
VmallocUsed:      114688 kB
VmallocChunk:     112576 kB
1557576104.000000
MemTotal:         482068 kB
MemFree:            3940 kB
Buffers:            1016 kB
Cached:            48600 kB
SwapCached:            0 kB
Active:           372936 kB
Inactive:          25672 kB
Active(anon):     350392 kB
Inactive(anon):     3148 kB
Active(file):      22544 kB
Inactive(file):    22524 kB
Unevictable:        1960 kB
Mlocked:            3816 kB
HighTotal:             0 kB
HighFree:              0 kB
LowTotal:         482068 kB
LowFree:            3940 kB
SwapTotal:             0 kB
SwapFree:              0 kB
Dirty:                36 kB
Writeback:             0 kB
AnonPages:        350924 kB
Mapped:            54940 kB
Shmem:              3320 kB
Slab:              17796 kB
SReclaimable:       4680 kB
SUnreclaim:        13116 kB
KernelStack:        5384 kB
PageTables:         6636 kB
NFS_Unstable:          0 kB
Bounce:                0 kB
WritebackTmp:          0 kB
CommitLimit:      241032 kB
Committed_AS:    3786904 kB
VmallocTotal:     507904 kB
VmallocUsed:      114688 kB
VmallocChunk:     112576 kB
1557576105.000000
MemTotal:         482068 kB
MemFree:            3956 kB
Buffers:            1016 kB
Cached:            48644 kB
SwapCached:            0 kB
Active:           372972 kB
Inactive:          25684 kB
Active(anon):     350428 kB
Inactive(anon):     3148 kB
Active(file):      22544 kB
Inactive(file):    22536 kB
Unevictable:        1960 kB
Mlocked:            3816 kB
HighTotal:             0 kB
HighFree:              0 kB
LowTotal:         482068 kB
LowFree:            3956 kB
SwapTotal:             0 kB
SwapFree:              0 kB
Dirty:                36 kB
Writeback:             0 kB
AnonPages:        351012 kB
Mapped:            55024 kB
Shmem:              3324 kB
Slab:              17804 kB
SReclaimable:       4680 kB
SUnreclaim:        13124 kB
KernelStack:        5384 kB
PageTables:         6640 kB
NFS_Unstable:          0 kB
Bounce:                0 kB
WritebackTmp:          0 kB
CommitLimit:      241032 kB
Committed_AS:    3787024 kB
VmallocTotal:     507904 kB
VmallocUsed:      114688 kB
VmallocChunk:     112576 kB
1557576106.000000
MemTotal:         482068 kB
MemFree:            3692 kB
Buffers:            1016 kB
Cached:            48640 kB
SwapCached:            0 kB
Active:           373044 kB
Inactive:          25684 kB
Active(anon):     350500 kB
Inactive(anon):     3148 kB
Active(file):      22544 kB
Inactive(file):    22536 kB
Unevictable:        1960 kB
Mlocked:            3816 kB
HighTotal:             0 kB
HighFree:              0 kB
LowTotal:         482068 kB
LowFree:            3692 kB
SwapTotal:             0 kB
SwapFree:              0 kB
Dirty:                 0 kB
Writeback:             0 kB
AnonPages:        351056 kB
Mapped:            55048 kB
Shmem:              3320 kB
Slab:              17796 kB
SReclaimable:       4680 kB
SUnreclaim:        13116 kB
KernelStack:        5384 kB
PageTables:         6700 kB
NFS_Unstable:          0 kB
Bounce:                0 kB
WritebackTmp:          0 kB
CommitLimit:      241032 kB
Committed_AS:    3787040 kB
VmallocTotal:     507904 kB
VmallocUsed:      114688 kB
VmallocChunk:     112576 kB
1557576106.000000
MemTotal:         482068 kB
MemFree:            4468 kB
Buffers:            1012 kB
Cached:            47488 kB
SwapCached:            0 kB
Active:           372976 kB
Inactive:          24920 kB
Active(anon):     350824 kB
Inactive(anon):     3148 kB
Active(file):      22152 kB
Inactive(file):    21772 kB
Unevictable:        1960 kB
Mlocked:            3816 kB
HighTotal:             0 kB
HighFree:              0 kB
LowTotal:         482068 kB
LowFree:            4468 kB
SwapTotal:             0 kB
SwapFree:              0 kB
Dirty:                 0 kB
Writeback:             0 kB
AnonPages:        351332 kB
Mapped:            54636 kB
Shmem:              3320 kB
Slab:              17800 kB
SReclaimable:       4680 kB
SUnreclaim:        13120 kB
KernelStack:        5384 kB
PageTables:         6624 kB
NFS_Unstable:          0 kB
Bounce:                0 kB
WritebackTmp:          0 kB
CommitLimit:      241032 kB
Committed_AS:    3786956 kB
VmallocTotal:     507904 kB
VmallocUsed:      114688 kB
VmallocChunk:     112576 kB
1557576107.000000
MemTotal:         482068 kB
MemFree:            4576 kB
Buffers:            1016 kB
Cached:            47484 kB
SwapCached:            0 kB
Active:           373260 kB
Inactive:          24816 kB
Active(anon):     351004 kB
Inactive(anon):     3148 kB
Active(file):      22256 kB
Inactive(file):    21668 kB
Unevictable:        1960 kB
Mlocked:            3816 kB
HighTotal:             0 kB
HighFree:              0 kB
LowTotal:         482068 kB
LowFree:            4576 kB
SwapTotal:             0 kB
SwapFree:              0 kB
Dirty:                 0 kB
Writeback:             0 kB
AnonPages:        351548 kB
Mapped:            54632 kB
Shmem:              3320 kB
Slab:              17800 kB
SReclaimable:       4680 kB
SUnreclaim:        13120 kB
KernelStack:        5344 kB
PageTables:         6600 kB
NFS_Unstable:          0 kB
Bounce:                0 kB
WritebackTmp:          0 kB
CommitLimit:      241032 kB
Committed_AS:    3787052 kB
VmallocTotal:     507904 kB
VmallocUsed:      114688 kB
VmallocChunk:     112576 kB
1557576108.000000
MemTotal:         482068 kB
MemFree:            4436 kB
Buffers:            1020 kB
Cached:            47488 kB
SwapCached:            0 kB
Active:           373332 kB
Inactive:          24808 kB
Active(anon):     351060 kB
Inactive(anon):     3148 kB
Active(file):      22272 kB
Inactive(file):    21660 kB
Unevictable:        1960 kB
Mlocked:            3816 kB
HighTotal:             0 kB
HighFree:              0 kB
LowTotal:         482068 kB
LowFree:            4436 kB
SwapTotal:             0 kB
SwapFree:              0 kB
Dirty:                 0 kB
Writeback:             0 kB
AnonPages:        351564 kB
Mapped:            54640 kB
Shmem:              3320 kB
Slab:              17784 kB
SReclaimable:       4680 kB
SUnreclaim:        13104 kB
KernelStack:        5384 kB
PageTables:         6648 kB
NFS_Unstable:          0 kB
Bounce:                0 kB
WritebackTmp:          0 kB
CommitLimit:      241032 kB
Committed_AS:    3787052 kB
VmallocTotal:     507904 kB
VmallocUsed:      114688 kB
VmallocChunk:     112576 kB
1557576109.000000
MemTotal:         482068 kB
MemFree:            4576 kB
Buffers:            1020 kB
Cached:            47568 kB
SwapCached:            0 kB
Active:           373072 kB
Inactive:          24916 kB
Active(anon):     350800 kB
Inactive(anon):     3148 kB
Active(file):      22272 kB
Inactive(file):    21768 kB
Unevictable:        1960 kB
Mlocked:            3816 kB
HighTotal:             0 kB
HighFree:              0 kB
LowTotal:         482068 kB
LowFree:            4576 kB
SwapTotal:             0 kB
SwapFree:              0 kB
Dirty:                28 kB
Writeback:             0 kB
AnonPages:        351396 kB
Mapped:            54640 kB
Shmem:              3320 kB
Slab:              17796 kB
SReclaimable:       4680 kB
SUnreclaim:        13116 kB
KernelStack:        5384 kB
PageTables:         6724 kB
NFS_Unstable:          0 kB
Bounce:                0 kB
WritebackTmp:          0 kB
CommitLimit:      241032 kB
Committed_AS:    3787052 kB
VmallocTotal:     507904 kB
VmallocUsed:      114688 kB
VmallocChunk:     112576 kB
1557576110.000000
MemTotal:         482068 kB
MemFree:            3916 kB
Buffers:            1020 kB
Cached:            48296 kB
SwapCached:            0 kB
Active:           373344 kB
Inactive:          25556 kB
Active(anon):     351072 kB
Inactive(anon):     3148 kB
Active(file):      22272 kB
Inactive(file):    22408 kB
Unevictable:        1960 kB
Mlocked:            3816 kB
HighTotal:             0 kB
HighFree:              0 kB
LowTotal:         482068 kB
LowFree:            3916 kB
SwapTotal:             0 kB
SwapFree:              0 kB
Dirty:                28 kB
Writeback:             0 kB
AnonPages:        351604 kB
Mapped:            55024 kB
Shmem:              3320 kB
Slab:              17780 kB
SReclaimable:       4680 kB
SUnreclaim:        13100 kB
KernelStack:        5376 kB
PageTables:         6624 kB
NFS_Unstable:          0 kB
Bounce:                0 kB
WritebackTmp:          0 kB
CommitLimit:      241032 kB
Committed_AS:    3787060 kB
VmallocTotal:     507904 kB
VmallocUsed:      114688 kB
VmallocChunk:     112576 kB
1557576111.000000
MemTotal:         482068 kB
MemFree:            4404 kB
Buffers:            1020 kB
Cached:            47448 kB
SwapCached:            0 kB
Active:           373296 kB
Inactive:          24768 kB
Active(anon):     351128 kB
Inactive(anon):     3148 kB
Active(file):      22168 kB
Inactive(file):    21620 kB
Unevictable:        1960 kB
Mlocked:            3816 kB
HighTotal:             0 kB
HighFree:              0 kB
LowTotal:         482068 kB
LowFree:            4404 kB
SwapTotal:             0 kB
SwapFree:              0 kB
Dirty:                28 kB
Writeback:             0 kB
AnonPages:        351620 kB
Mapped:            54788 kB
Shmem:              3320 kB
Slab:              17788 kB
SReclaimable:       4680 kB
SUnreclaim:        13108 kB
KernelStack:        5384 kB
PageTables:         6632 kB
NFS_Unstable:          0 kB
Bounce:                0 kB
WritebackTmp:          0 kB
CommitLimit:      241032 kB
Committed_AS:    3787096 kB
VmallocTotal:     507904 kB
VmallocUsed:      114688 kB
VmallocChunk:     112576 kB
1557576112.000000
MemTotal:         482068 kB
MemFree:            4312 kB
Buffers:            1020 kB
Cached:            47428 kB
SwapCached:            0 kB
Active:           373484 kB
Inactive:          24804 kB
Active(anon):     351268 kB
Inactive(anon):     3148 kB
Active(file):      22216 kB
Inactive(file):    21656 kB
Unevictable:        1960 kB
Mlocked:            3816 kB
HighTotal:             0 kB
HighFree:              0 kB
LowTotal:         482068 kB
LowFree:            4312 kB
SwapTotal:             0 kB
SwapFree:              0 kB
Dirty:                 0 kB
Writeback:             0 kB
AnonPages:        351828 kB
Mapped:            54716 kB
Shmem:              3320 kB
Slab:              17792 kB
SReclaimable:       4680 kB
SUnreclaim:        13112 kB
KernelStack:        5384 kB
PageTables:         6640 kB
NFS_Unstable:          0 kB
Bounce:                0 kB
WritebackTmp:          0 kB
CommitLimit:      241032 kB
Committed_AS:    3787056 kB
VmallocTotal:     507904 kB
VmallocUsed:      114688 kB
VmallocChunk:     112576 kB
1557576113.000000
MemTotal:         482068 kB
MemFree:            4352 kB
Buffers:            1020 kB
Cached:            47428 kB
SwapCached:            0 kB
Active:           373488 kB
Inactive:          24804 kB
Active(anon):     351272 kB
Inactive(anon):     3148 kB
Active(file):      22216 kB
Inactive(file):    21656 kB
Unevictable:        1960 kB
Mlocked:            3816 kB
HighTotal:             0 kB
HighFree:              0 kB
LowTotal:         482068 kB
LowFree:            4352 kB
SwapTotal:             0 kB
SwapFree:              0 kB
Dirty:                 0 kB
Writeback:             0 kB
AnonPages:        351852 kB
Mapped:            54820 kB
Shmem:              3320 kB
Slab:              17784 kB
SReclaimable:       4680 kB
SUnreclaim:        13104 kB
KernelStack:        5376 kB
PageTables:         6700 kB
NFS_Unstable:          0 kB
Bounce:                0 kB
WritebackTmp:          0 kB
CommitLimit:      241032 kB
Committed_AS:    3787188 kB
VmallocTotal:     507904 kB
VmallocUsed:      114688 kB
VmallocChunk:     112576 kB
1557576113.000000
MemTotal:         482068 kB
MemFree:            4312 kB
Buffers:            1020 kB
Cached:            47428 kB
SwapCached:            0 kB
Active:           373528 kB
Inactive:          24804 kB
Active(anon):     351312 kB
Inactive(anon):     3148 kB
Active(file):      22216 kB
Inactive(file):    21656 kB
Unevictable:        1960 kB
Mlocked:            3816 kB
HighTotal:             0 kB
HighFree:              0 kB
LowTotal:         482068 kB
LowFree:            4312 kB
SwapTotal:             0 kB
SwapFree:              0 kB
Dirty:                 0 kB
Writeback:             0 kB
AnonPages:        351804 kB
Mapped:            54768 kB
Shmem:              3320 kB
Slab:              17804 kB
SReclaimable:       4680 kB
SUnreclaim:        13124 kB
KernelStack:        5384 kB
PageTables:         6636 kB
NFS_Unstable:          0 kB
Bounce:                0 kB
WritebackTmp:          0 kB
CommitLimit:      241032 kB
Committed_AS:    3787216 kB
VmallocTotal:     507904 kB
VmallocUsed:      114688 kB
VmallocChunk:     112576 kB
1557576114.000000
MemTotal:         482068 kB
MemFree:            3956 kB
Buffers:            1020 kB
Cached:            47428 kB
SwapCached:            0 kB
Active:           373796 kB
Inactive:          24804 kB
Active(anon):     351580 kB
Inactive(anon):     3148 kB
Active(file):      22216 kB
Inactive(file):    21656 kB
Unevictable:        1960 kB
Mlocked:            3816 kB
HighTotal:             0 kB
HighFree:              0 kB
LowTotal:         482068 kB
LowFree:            3956 kB
SwapTotal:             0 kB
SwapFree:              0 kB
Dirty:                 0 kB
Writeback:             0 kB
AnonPages:        352044 kB
Mapped:            54764 kB
Shmem:              3320 kB
Slab:              17796 kB
SReclaimable:       4680 kB
SUnreclaim:        13116 kB
KernelStack:        5384 kB
PageTables:         6644 kB
NFS_Unstable:          0 kB
Bounce:                0 kB
WritebackTmp:          0 kB
CommitLimit:      241032 kB
Committed_AS:    3787128 kB
VmallocTotal:     507904 kB
VmallocUsed:      114688 kB
VmallocChunk:     112576 kB
1557576115.000000
MemTotal:         482068 kB
MemFree:            4056 kB
Buffers:            1020 kB
Cached:            47428 kB
SwapCached:            0 kB
Active:           373716 kB
Inactive:          24804 kB
Active(anon):     351500 kB
Inactive(anon):     3148 kB
Active(file):      22216 kB
Inactive(file):    21656 kB
Unevictable:        1960 kB
Mlocked:            3816 kB
HighTotal:             0 kB
HighFree:              0 kB
LowTotal:         482068 kB
LowFree:            4056 kB
SwapTotal:             0 kB
SwapFree:              0 kB
Dirty:                 0 kB
Writeback:             0 kB
AnonPages:        352040 kB
Mapped:            54764 kB
Shmem:              3320 kB
Slab:              17760 kB
SReclaimable:       4680 kB
SUnreclaim:        13080 kB
KernelStack:        5360 kB
PageTables:         6632 kB
NFS_Unstable:          0 kB
Bounce:                0 kB
WritebackTmp:          0 kB
CommitLimit:      241032 kB
Committed_AS:    3787284 kB
VmallocTotal:     507904 kB
VmallocUsed:      114688 kB
VmallocChunk:     112576 kB
1557576116.000000
MemTotal:         482068 kB
MemFree:            3792 kB
Buffers:            1020 kB
Cached:            47504 kB
SwapCached:            0 kB
Active:           373844 kB
Inactive:          24856 kB
Active(anon):     351628 kB
Inactive(anon):     3148 kB
Active(file):      22216 kB
Inactive(file):    21708 kB
Unevictable:        1960 kB
Mlocked:            3816 kB
HighTotal:             0 kB
HighFree:              0 kB
LowTotal:         482068 kB
LowFree:            3792 kB
SwapTotal:             0 kB
SwapFree:              0 kB
Dirty:                 0 kB
Writeback:             0 kB
AnonPages:        352184 kB
Mapped:            54748 kB
Shmem:              3320 kB
Slab:              17772 kB
SReclaimable:       4680 kB
SUnreclaim:        13092 kB
KernelStack:        5384 kB
PageTables:         6628 kB
NFS_Unstable:          0 kB
Bounce:                0 kB
WritebackTmp:          0 kB
CommitLimit:      241032 kB
Committed_AS:    3787320 kB
VmallocTotal:     507904 kB
VmallocUsed:      114688 kB
VmallocChunk:     112576 kB
1557576117.000000
MemTotal:         482068 kB
MemFree:            3544 kB
Buffers:            1020 kB
Cached:            47512 kB
SwapCached:            0 kB
Active:           374008 kB
Inactive:          24888 kB
Active(anon):     351792 kB
Inactive(anon):     3148 kB
Active(file):      22216 kB
Inactive(file):    21740 kB
Unevictable:        1960 kB
Mlocked:            3816 kB
HighTotal:             0 kB
HighFree:              0 kB
LowTotal:         482068 kB
LowFree:            3544 kB
SwapTotal:             0 kB
SwapFree:              0 kB
Dirty:                 0 kB
Writeback:             0 kB
AnonPages:        352364 kB
Mapped:            54776 kB
Shmem:              3320 kB
Slab:              17836 kB
SReclaimable:       4680 kB
SUnreclaim:        13156 kB
KernelStack:        5384 kB
PageTables:         6640 kB
NFS_Unstable:          0 kB
Bounce:                0 kB
WritebackTmp:          0 kB
CommitLimit:      241032 kB
Committed_AS:    3787352 kB
VmallocTotal:     507904 kB
VmallocUsed:      114688 kB
VmallocChunk:     112576 kB
1557576118.000000
MemTotal:         482068 kB
MemFree:            3544 kB
Buffers:            1020 kB
Cached:            47524 kB
SwapCached:            0 kB
Active:           374168 kB
Inactive:          24900 kB
Active(anon):     351952 kB
Inactive(anon):     3160 kB
Active(file):      22216 kB
Inactive(file):    21740 kB
Unevictable:        1960 kB
Mlocked:            3816 kB
HighTotal:             0 kB
HighFree:              0 kB
LowTotal:         482068 kB
LowFree:            3544 kB
SwapTotal:             0 kB
SwapFree:              0 kB
Dirty:                 0 kB
Writeback:             0 kB
AnonPages:        352512 kB
Mapped:            54812 kB
Shmem:              3332 kB
Slab:              17800 kB
SReclaimable:       4680 kB
SUnreclaim:        13120 kB
KernelStack:        5384 kB
PageTables:         6716 kB
NFS_Unstable:          0 kB
Bounce:                0 kB
WritebackTmp:          0 kB
CommitLimit:      241032 kB
Committed_AS:    3787244 kB
VmallocTotal:     507904 kB
VmallocUsed:      114688 kB
VmallocChunk:     112576 kB
1557576119.000000
MemTotal:         482068 kB
MemFree:            3692 kB
Buffers:            1008 kB
Cached:            47428 kB
SwapCached:            0 kB
Active:           373564 kB
Inactive:          25420 kB
Active(anon):     351964 kB
Inactive(anon):     3160 kB
Active(file):      21600 kB
Inactive(file):    22260 kB
Unevictable:        1960 kB
Mlocked:            3816 kB
HighTotal:             0 kB
HighFree:              0 kB
LowTotal:         482068 kB
LowFree:            3692 kB
SwapTotal:             0 kB
SwapFree:              0 kB
Dirty:                 0 kB
Writeback:             0 kB
AnonPages:        352468 kB
Mapped:            54756 kB
Shmem:              3332 kB
Slab:              17760 kB
SReclaimable:       4680 kB
SUnreclaim:        13080 kB
KernelStack:        5384 kB
PageTables:         6640 kB
NFS_Unstable:          0 kB
Bounce:                0 kB
WritebackTmp:          0 kB
CommitLimit:      241032 kB
Committed_AS:    3787364 kB
VmallocTotal:     507904 kB
VmallocUsed:      114688 kB
VmallocChunk:     112576 kB
1557576120.000000
MemTotal:         482068 kB
MemFree:            4288 kB
Buffers:             796 kB
Cached:            46652 kB
SwapCached:            0 kB
Active:           373428 kB
Inactive:          24672 kB
Active(anon):     352080 kB
Inactive(anon):     3160 kB
Active(file):      21348 kB
Inactive(file):    21512 kB
Unevictable:        1960 kB
Mlocked:            3816 kB
HighTotal:             0 kB
HighFree:              0 kB
LowTotal:         482068 kB
LowFree:            4288 kB
SwapTotal:             0 kB
SwapFree:              0 kB
Dirty:                 0 kB
Writeback:             0 kB
AnonPages:        352612 kB
Mapped:            54332 kB
Shmem:              3332 kB
Slab:              17804 kB
SReclaimable:       4680 kB
SUnreclaim:        13124 kB
KernelStack:        5384 kB
PageTables:         6640 kB
NFS_Unstable:          0 kB
Bounce:                0 kB
WritebackTmp:          0 kB
CommitLimit:      241032 kB
Committed_AS:    3787244 kB
VmallocTotal:     507904 kB
VmallocUsed:      114688 kB
VmallocChunk:     112576 kB
1557576121.000000
MemTotal:         482068 kB
MemFree:            4264 kB
Buffers:             796 kB
Cached:            46656 kB
SwapCached:            0 kB
Active:           373444 kB
Inactive:          24644 kB
Active(anon):     352064 kB
Inactive(anon):     3164 kB
Active(file):      21380 kB
Inactive(file):    21480 kB
Unevictable:        1960 kB
Mlocked:            3816 kB
HighTotal:             0 kB
HighFree:              0 kB
LowTotal:         482068 kB
LowFree:            4264 kB
SwapTotal:             0 kB
SwapFree:              0 kB
Dirty:                 0 kB
Writeback:             0 kB
AnonPages:        352644 kB
Mapped:            54288 kB
Shmem:              3336 kB
Slab:              17804 kB
SReclaimable:       4680 kB
SUnreclaim:        13124 kB
KernelStack:        5384 kB
PageTables:         6704 kB
NFS_Unstable:          0 kB
Bounce:                0 kB
WritebackTmp:          0 kB
CommitLimit:      241032 kB
Committed_AS:    3787364 kB
VmallocTotal:     507904 kB
VmallocUsed:      114688 kB
VmallocChunk:     112576 kB
1557576121.000000
MemTotal:         482068 kB
MemFree:            4452 kB
Buffers:             796 kB
Cached:            46656 kB
SwapCached:            0 kB
Active:           373492 kB
Inactive:          24644 kB
Active(anon):     352112 kB
Inactive(anon):     3164 kB
Active(file):      21380 kB
Inactive(file):    21480 kB
Unevictable:        1960 kB
Mlocked:            3816 kB
HighTotal:             0 kB
HighFree:              0 kB
LowTotal:         482068 kB
LowFree:            4452 kB
SwapTotal:             0 kB
SwapFree:              0 kB
Dirty:                 0 kB
Writeback:             0 kB
AnonPages:        352632 kB
Mapped:            54256 kB
Shmem:              3336 kB
Slab:              17796 kB
SReclaimable:       4680 kB
SUnreclaim:        13116 kB
KernelStack:        5384 kB
PageTables:         6644 kB
NFS_Unstable:          0 kB
Bounce:                0 kB
WritebackTmp:          0 kB
CommitLimit:      241032 kB
Committed_AS:    3787364 kB
VmallocTotal:     507904 kB
VmallocUsed:      114688 kB
VmallocChunk:     112576 kB
1557576122.000000
MemTotal:         482068 kB
MemFree:            4328 kB
Buffers:             796 kB
Cached:            46656 kB
SwapCached:            0 kB
Active:           373504 kB
Inactive:          24644 kB
Active(anon):     352124 kB
Inactive(anon):     3164 kB
Active(file):      21380 kB
Inactive(file):    21480 kB
Unevictable:        1960 kB
Mlocked:            3816 kB
HighTotal:             0 kB
HighFree:              0 kB
LowTotal:         482068 kB
LowFree:            4328 kB
SwapTotal:             0 kB
SwapFree:              0 kB
Dirty:                 0 kB
Writeback:             0 kB
