MemTotal:        1899508 kB
MemFree:           42340 kB
Buffers:            2160 kB
Cached:           194392 kB
SwapCached:            0 kB
Active:          1561132 kB
Inactive:         103976 kB
Active(anon):    1470660 kB
Inactive(anon):     1616 kB
Active(file):      90472 kB
Inactive(file):   102360 kB
Unevictable:        1940 kB
Mlocked:               0 kB
HighTotal:       1158144 kB
HighFree:           2756 kB
LowTotal:         741364 kB
LowFree:           39584 kB
SwapTotal:             0 kB
SwapFree:              0 kB
Dirty:                 0 kB
Writeback:             0 kB
AnonPages:       1470928 kB
Mapped:           127984 kB
Shmem:              1668 kB
Slab:              35060 kB
SReclaimable:      13044 kB
SUnreclaim:        22016 kB
KernelStack:        8320 kB
PageTables:        17484 kB
NFS_Unstable:          0 kB
Bounce:                0 kB
WritebackTmp:          0 kB
CommitLimit:      949752 kB
Committed_AS:   21948072 kB
VmallocTotal:     245760 kB
VmallocUsed:       61000 kB
VmallocChunk:      75648 kB
1557736635.988550
MemTotal:        1899508 kB
MemFree:           57736 kB
Buffers:            1544 kB
Cached:           187968 kB
SwapCached:            0 kB
Active:          1547864 kB
Inactive:         100616 kB
Active(anon):    1461308 kB
Inactive(anon):     1616 kB
Active(file):      86556 kB
Inactive(file):    99000 kB
Unevictable:        1940 kB
Mlocked:               0 kB
HighTotal:       1158144 kB
HighFree:           2732 kB
LowTotal:         741364 kB
LowFree:           55004 kB
SwapTotal:             0 kB
SwapFree:              0 kB
Dirty:                 0 kB
Writeback:            56 kB
AnonPages:       1461260 kB
Mapped:           127356 kB
Shmem:              1668 kB
Slab:              35084 kB
SReclaimable:      12972 kB
SUnreclaim:        22112 kB
KernelStack:        8416 kB
PageTables:        16940 kB
NFS_Unstable:          0 kB
Bounce:                0 kB
WritebackTmp:          0 kB
CommitLimit:      949752 kB
Committed_AS:   21376336 kB
VmallocTotal:     245760 kB
VmallocUsed:       59644 kB
VmallocChunk:      75648 kB
1557736637.833622
MemTotal:        1899508 kB
MemFree:           41292 kB
Buffers:            2096 kB
Cached:           187600 kB
SwapCached:            0 kB
Active:          1548596 kB
Inactive:          96956 kB
Active(anon):    1458068 kB
Inactive(anon):     1612 kB
Active(file):      90528 kB
Inactive(file):    95344 kB
Unevictable:        1940 kB
Mlocked:               0 kB
HighTotal:       1158144 kB
HighFree:           1276 kB
LowTotal:         741364 kB
LowFree:           40016 kB
SwapTotal:             0 kB
SwapFree:              0 kB
Dirty:                52 kB
Writeback:             0 kB
AnonPages:       1458368 kB
Mapped:           124236 kB
Shmem:              1664 kB
Slab:              34960 kB
SReclaimable:      12956 kB
SUnreclaim:        22004 kB
KernelStack:        8128 kB
PageTables:        16776 kB
NFS_Unstable:          0 kB
Bounce:                0 kB
WritebackTmp:          0 kB
CommitLimit:      949752 kB
Committed_AS:   22030244 kB
VmallocTotal:     245760 kB
VmallocUsed:       59876 kB
VmallocChunk:      75648 kB
1557736638.998978
MemTotal:        1899508 kB
MemFree:           41100 kB
Buffers:            2388 kB
Cached:           189948 kB
SwapCached:            0 kB
Active:          1553220 kB
Inactive:          96184 kB
Active(anon):    1459448 kB
Inactive(anon):     1612 kB
Active(file):      93772 kB
Inactive(file):    94572 kB
Unevictable:        1940 kB
Mlocked:               0 kB
HighTotal:       1158144 kB
HighFree:           1100 kB
LowTotal:         741364 kB
LowFree:           40000 kB
SwapTotal:             0 kB
SwapFree:              0 kB
Dirty:                16 kB
Writeback:             0 kB
AnonPages:       1459432 kB
Mapped:           124520 kB
Shmem:              1664 kB
Slab:              34868 kB
SReclaimable:      12928 kB
SUnreclaim:        21940 kB
KernelStack:        7800 kB
PageTables:        15936 kB
NFS_Unstable:          0 kB
Bounce:                0 kB
WritebackTmp:          0 kB
CommitLimit:      949752 kB
Committed_AS:   19589648 kB
VmallocTotal:     245760 kB
VmallocUsed:       57668 kB
VmallocChunk:      75648 kB
1557736639.835140
MemTotal:        1899508 kB
MemFree:           47360 kB
Buffers:            2248 kB
Cached:           196816 kB
SwapCached:            0 kB
Active:          1537948 kB
Inactive:         104860 kB
Active(anon):    1446184 kB
Inactive(anon):     1616 kB
Active(file):      91764 kB
Inactive(file):   103244 kB
Unevictable:        1940 kB
Mlocked:               0 kB
HighTotal:       1158144 kB
HighFree:           1728 kB
LowTotal:         741364 kB
LowFree:           45632 kB
SwapTotal:             0 kB
SwapFree:              0 kB
Dirty:                48 kB
Writeback:             0 kB
AnonPages:       1446336 kB
Mapped:           117056 kB
Shmem:              1668 kB
Slab:              34836 kB
SReclaimable:      12924 kB
SUnreclaim:        21912 kB
KernelStack:        7784 kB
PageTables:        15264 kB
NFS_Unstable:          0 kB
Bounce:                0 kB
WritebackTmp:          0 kB
CommitLimit:      949752 kB
Committed_AS:   17697228 kB
VmallocTotal:     245760 kB
VmallocUsed:       56648 kB
VmallocChunk:      75648 kB
1557736640.890384
MemTotal:        1899508 kB
MemFree:           68020 kB
Buffers:            1908 kB
Cached:           185292 kB
SwapCached:            0 kB
Active:          1522008 kB
Inactive:          94084 kB
Active(anon):    1431096 kB
Inactive(anon):     1612 kB
Active(file):      90912 kB
Inactive(file):    92472 kB
Unevictable:        1940 kB
Mlocked:               0 kB
HighTotal:       1158144 kB
HighFree:           9488 kB
LowTotal:         741364 kB
LowFree:           58532 kB
SwapTotal:             0 kB
SwapFree:              0 kB
Dirty:                 0 kB
Writeback:             0 kB
AnonPages:       1431180 kB
Mapped:           120472 kB
Shmem:              1664 kB
Slab:              34756 kB
SReclaimable:      12880 kB
SUnreclaim:        21876 kB
KernelStack:        7632 kB
PageTables:        14360 kB
NFS_Unstable:          0 kB
Bounce:                0 kB
WritebackTmp:          0 kB
CommitLimit:      949752 kB
Committed_AS:   17096612 kB
VmallocTotal:     245760 kB
VmallocUsed:       55628 kB
VmallocChunk:      75648 kB
1557736641.892131
MemTotal:        1899508 kB
MemFree:           42916 kB
Buffers:            2032 kB
Cached:           189536 kB
SwapCached:            0 kB
Active:          1542112 kB
Inactive:          98284 kB
Active(anon):    1450908 kB
Inactive(anon):     1620 kB
Active(file):      91204 kB
Inactive(file):    96664 kB
Unevictable:        1940 kB
Mlocked:               0 kB
HighTotal:       1158144 kB
HighFree:           2188 kB
LowTotal:         741364 kB
LowFree:           40728 kB
SwapTotal:             0 kB
SwapFree:              0 kB
Dirty:               492 kB
Writeback:             0 kB
AnonPages:       1450724 kB
Mapped:           120076 kB
Shmem:              1672 kB
Slab:              34632 kB
SReclaimable:      12828 kB
SUnreclaim:        21804 kB
KernelStack:        7288 kB
PageTables:        14316 kB
NFS_Unstable:          0 kB
Bounce:                0 kB
WritebackTmp:          0 kB
CommitLimit:      949752 kB
Committed_AS:   17123368 kB
VmallocTotal:     245760 kB
VmallocUsed:       55628 kB
VmallocChunk:      75648 kB
1557736642.785693
MemTotal:        1899508 kB
MemFree:           48660 kB
Buffers:            2056 kB
Cached:           185804 kB
SwapCached:            0 kB
Active:          1540960 kB
Inactive:          94600 kB
Active(anon):    1449652 kB
Inactive(anon):     1620 kB
Active(file):      91308 kB
Inactive(file):    92980 kB
Unevictable:        1940 kB
Mlocked:               0 kB
HighTotal:       1158144 kB
HighFree:           4448 kB
LowTotal:         741364 kB
LowFree:           44212 kB
SwapTotal:             0 kB
SwapFree:              0 kB
Dirty:               596 kB
Writeback:             0 kB
AnonPages:       1449652 kB
Mapped:           120092 kB
Shmem:              1672 kB
Slab:              34632 kB
SReclaimable:      12828 kB
SUnreclaim:        21804 kB
KernelStack:        7264 kB
PageTables:        14352 kB
NFS_Unstable:          0 kB
Bounce:                0 kB
WritebackTmp:          0 kB
CommitLimit:      949752 kB
Committed_AS:   17123540 kB
VmallocTotal:     245760 kB
VmallocUsed:       55628 kB
VmallocChunk:      75648 kB
1557736643.565560
MemTotal:        1899508 kB
MemFree:           53204 kB
Buffers:            2056 kB
Cached:           184884 kB
SwapCached:            0 kB
Active:          1536792 kB
Inactive:          93700 kB
Active(anon):    1445756 kB
Inactive(anon):     1620 kB
Active(file):      91036 kB
Inactive(file):    92080 kB
Unevictable:        1940 kB
Mlocked:               0 kB
HighTotal:       1158144 kB
HighFree:           6220 kB
LowTotal:         741364 kB
LowFree:           46984 kB
SwapTotal:             0 kB
SwapFree:              0 kB
Dirty:               596 kB
Writeback:             0 kB
AnonPages:       1445836 kB
Mapped:           119944 kB
Shmem:              1672 kB
Slab:              34632 kB
SReclaimable:      12828 kB
SUnreclaim:        21804 kB
KernelStack:        7400 kB
PageTables:        14352 kB
NFS_Unstable:          0 kB
Bounce:                0 kB
WritebackTmp:          0 kB
CommitLimit:      949752 kB
Committed_AS:   17119104 kB
VmallocTotal:     245760 kB
VmallocUsed:       55628 kB
VmallocChunk:      75648 kB
1557736644.465669
MemTotal:        1899508 kB
MemFree:           51300 kB
Buffers:            2064 kB
Cached:           186744 kB
SwapCached:            0 kB
Active:          1537896 kB
Inactive:          94612 kB
Active(anon):    1445748 kB
Inactive(anon):     1620 kB
Active(file):      92148 kB
Inactive(file):    92992 kB
Unevictable:        1940 kB
Mlocked:               0 kB
HighTotal:       1158144 kB
HighFree:           3760 kB
LowTotal:         741364 kB
LowFree:           47540 kB
SwapTotal:             0 kB
SwapFree:              0 kB
Dirty:               600 kB
Writeback:             0 kB
AnonPages:       1445656 kB
Mapped:           119372 kB
Shmem:              1672 kB
Slab:              34616 kB
SReclaimable:      12828 kB
SUnreclaim:        21788 kB
KernelStack:        7272 kB
PageTables:        14460 kB
NFS_Unstable:          0 kB
Bounce:                0 kB
WritebackTmp:          0 kB
CommitLimit:      949752 kB
Committed_AS:   17119564 kB
VmallocTotal:     245760 kB
VmallocUsed:       55628 kB
VmallocChunk:      75648 kB
1557736645.343213
MemTotal:        1899508 kB
MemFree:           40036 kB
Buffers:            1436 kB
Cached:           172080 kB
SwapCached:            0 kB
Active:          1536888 kB
Inactive:          87444 kB
Active(anon):    1452904 kB
Inactive(anon):     1620 kB
Active(file):      83984 kB
Inactive(file):    85824 kB
Unevictable:        1940 kB
Mlocked:               0 kB
HighTotal:       1158144 kB
HighFree:            492 kB
LowTotal:         741364 kB
LowFree:           39544 kB
SwapTotal:             0 kB
SwapFree:              0 kB
Dirty:                 0 kB
Writeback:             0 kB
AnonPages:       1453196 kB
Mapped:           128988 kB
Shmem:              1672 kB
Slab:              34332 kB
SReclaimable:      12560 kB
SUnreclaim:        21772 kB
KernelStack:        7280 kB
PageTables:        14540 kB
NFS_Unstable:          0 kB
Bounce:                0 kB
WritebackTmp:          0 kB
CommitLimit:      949752 kB
Committed_AS:   17128408 kB
VmallocTotal:     245760 kB
VmallocUsed:       55724 kB
VmallocChunk:      75648 kB
1557736646.255485
MemTotal:        1899508 kB
MemFree:           43972 kB
Buffers:            1040 kB
Cached:           162092 kB
SwapCached:            0 kB
Active:          1538604 kB
Inactive:          81784 kB
Active(anon):    1459384 kB
Inactive(anon):     1628 kB
Active(file):      79220 kB
Inactive(file):    80156 kB
Unevictable:        1940 kB
Mlocked:               0 kB
HighTotal:       1158144 kB
HighFree:           1804 kB
LowTotal:         741364 kB
LowFree:           42168 kB
SwapTotal:             0 kB
SwapFree:              0 kB
Dirty:               248 kB
Writeback:           148 kB
AnonPages:       1459416 kB
Mapped:           122452 kB
Shmem:              1680 kB
Slab:              34292 kB
SReclaimable:      12520 kB
SUnreclaim:        21772 kB
KernelStack:        7328 kB
PageTables:        14312 kB
NFS_Unstable:          0 kB
Bounce:                0 kB
WritebackTmp:          0 kB
CommitLimit:      949752 kB
Committed_AS:   16564384 kB
VmallocTotal:     245760 kB
VmallocUsed:       54704 kB
VmallocChunk:      75648 kB
1557736647.759070
MemTotal:        1899508 kB
MemFree:           39984 kB
Buffers:             960 kB
Cached:           138316 kB
SwapCached:            0 kB
Active:          1536680 kB
Inactive:          70996 kB
Active(anon):    1470496 kB
Inactive(anon):     1620 kB
Active(file):      66184 kB
Inactive(file):    69376 kB
Unevictable:        1940 kB
Mlocked:               0 kB
HighTotal:       1158144 kB
HighFree:            396 kB
LowTotal:         741364 kB
LowFree:           39588 kB
SwapTotal:             0 kB
SwapFree:              0 kB
Dirty:                 4 kB
Writeback:            12 kB
AnonPages:       1470524 kB
Mapped:           127480 kB
Shmem:              1672 kB
Slab:              34152 kB
SReclaimable:      12440 kB
SUnreclaim:        21712 kB
KernelStack:        7200 kB
PageTables:        13872 kB
NFS_Unstable:          0 kB
Bounce:                0 kB
WritebackTmp:          0 kB
CommitLimit:      949752 kB
Committed_AS:   16012400 kB
VmallocTotal:     245760 kB
VmallocUsed:       53888 kB
VmallocChunk:      75648 kB
1557736648.647303
MemTotal:        1899508 kB
MemFree:           39928 kB
Buffers:            1020 kB
Cached:           155356 kB
SwapCached:            0 kB
Active:          1511732 kB
Inactive:          89392 kB
Active(anon):    1446956 kB
Inactive(anon):     1624 kB
Active(file):      64776 kB
Inactive(file):    87768 kB
Unevictable:        1940 kB
Mlocked:               0 kB
HighTotal:       1158144 kB
HighFree:            488 kB
LowTotal:         741364 kB
LowFree:           39440 kB
SwapTotal:             0 kB
SwapFree:              0 kB
Dirty:                 0 kB
Writeback:           100 kB
AnonPages:       1446992 kB
Mapped:           136824 kB
Shmem:              1676 kB
Slab:              33648 kB
SReclaimable:      12352 kB
SUnreclaim:        21296 kB
KernelStack:        6024 kB
PageTables:        12364 kB
NFS_Unstable:          0 kB
Bounce:                0 kB
WritebackTmp:          0 kB
CommitLimit:      949752 kB
Committed_AS:   14200272 kB
VmallocTotal:     245760 kB
VmallocUsed:       51852 kB
VmallocChunk:      75648 kB
1557736650.099139
MemTotal:        1899508 kB
MemFree:           52952 kB
Buffers:            1032 kB
Cached:           116912 kB
SwapCached:            0 kB
Active:          1504784 kB
Inactive:          55052 kB
Active(anon):    1444368 kB
Inactive(anon):     1624 kB
Active(file):      60416 kB
Inactive(file):    53428 kB
Unevictable:        1940 kB
Mlocked:               0 kB
HighTotal:       1158144 kB
HighFree:          10192 kB
LowTotal:         741364 kB
LowFree:           42760 kB
SwapTotal:             0 kB
SwapFree:              0 kB
Dirty:                 0 kB
Writeback:            24 kB
AnonPages:       1444452 kB
Mapped:           132820 kB
Shmem:              1676 kB
Slab:              33660 kB
SReclaimable:      12308 kB
SUnreclaim:        21352 kB
KernelStack:        6264 kB
PageTables:        12188 kB
NFS_Unstable:          0 kB
Bounce:                0 kB
WritebackTmp:          0 kB
CommitLimit:      949752 kB
Committed_AS:   13009208 kB
VmallocTotal:     245760 kB
VmallocUsed:       53256 kB
VmallocChunk:      75648 kB
1557736650.873740
MemTotal:        1899508 kB
MemFree:           58868 kB
Buffers:             772 kB
Cached:           132960 kB
SwapCached:            0 kB
Active:          1449888 kB
Inactive:          84864 kB
Active(anon):    1403204 kB
Inactive(anon):     1620 kB
Active(file):      46684 kB
Inactive(file):    83244 kB
Unevictable:        1940 kB
Mlocked:               0 kB
HighTotal:       1158144 kB
HighFree:           1712 kB
LowTotal:         741364 kB
LowFree:           57156 kB
SwapTotal:             0 kB
SwapFree:              0 kB
Dirty:               140 kB
Writeback:             0 kB
AnonPages:       1403144 kB
Mapped:           128952 kB
Shmem:              1672 kB
Slab:              33432 kB
SReclaimable:      12264 kB
SUnreclaim:        21168 kB
KernelStack:        5632 kB
PageTables:        11024 kB
NFS_Unstable:          0 kB
Bounce:                0 kB
WritebackTmp:          0 kB
CommitLimit:      949752 kB
Committed_AS:   12374352 kB
VmallocTotal:     245760 kB
VmallocUsed:       49624 kB
VmallocChunk:      75648 kB
1557736652.081996
MemTotal:        1899508 kB
MemFree:           41340 kB
Buffers:             892 kB
Cached:           155288 kB
SwapCached:            0 kB
Active:          1465892 kB
Inactive:         102256 kB
Active(anon):    1414344 kB
Inactive(anon):     1620 kB
Active(file):      51548 kB
Inactive(file):   100636 kB
Unevictable:        1940 kB
Mlocked:               0 kB
HighTotal:       1158144 kB
HighFree:           1180 kB
LowTotal:         741364 kB
LowFree:           40160 kB
SwapTotal:             0 kB
SwapFree:              0 kB
Dirty:                 8 kB
Writeback:            20 kB
AnonPages:       1414428 kB
Mapped:           132192 kB
Shmem:              1672 kB
Slab:              33432 kB
SReclaimable:      12264 kB
SUnreclaim:        21168 kB
KernelStack:        5760 kB
PageTables:        11300 kB
NFS_Unstable:          0 kB
Bounce:                0 kB
WritebackTmp:          0 kB
CommitLimit:      949752 kB
Committed_AS:   12387084 kB
VmallocTotal:     245760 kB
VmallocUsed:       49624 kB
VmallocChunk:      75648 kB
1557736652.951780
MemTotal:        1899508 kB
MemFree:           40428 kB
Buffers:             944 kB
Cached:           171664 kB
SwapCached:            0 kB
Active:          1483424 kB
Inactive:         105668 kB
Active(anon):    1418724 kB
Inactive(anon):     1620 kB
Active(file):      64700 kB
Inactive(file):   104048 kB
Unevictable:        1940 kB
Mlocked:               0 kB
HighTotal:       1158144 kB
HighFree:            448 kB
LowTotal:         741364 kB
LowFree:           39980 kB
SwapTotal:             0 kB
SwapFree:              0 kB
Dirty:                 0 kB
Writeback:             0 kB
AnonPages:       1418844 kB
Mapped:           138012 kB
Shmem:              1672 kB
Slab:              33264 kB
SReclaimable:      12164 kB
SUnreclaim:        21100 kB
KernelStack:        5792 kB
PageTables:        11344 kB
NFS_Unstable:          0 kB
Bounce:                0 kB
WritebackTmp:          0 kB
CommitLimit:      949752 kB
Committed_AS:   12390696 kB
VmallocTotal:     245760 kB
VmallocUsed:       49624 kB
VmallocChunk:      75648 kB
1557736653.929537
MemTotal:        1899508 kB
MemFree:           65548 kB
Buffers:            1176 kB
Cached:           185976 kB
SwapCached:            0 kB
Active:          1471268 kB
Inactive:         116256 kB
Active(anon):    1402856 kB
Inactive(anon):     1620 kB
Active(file):      68412 kB
Inactive(file):   114636 kB
Unevictable:        1940 kB
Mlocked:               0 kB
HighTotal:       1158144 kB
HighFree:           1988 kB
LowTotal:         741364 kB
LowFree:           63560 kB
SwapTotal:             0 kB
SwapFree:              0 kB
Dirty:               172 kB
Writeback:             0 kB
AnonPages:       1402940 kB
Mapped:           128672 kB
Shmem:              1668 kB
Slab:              33256 kB
SReclaimable:      12164 kB
SUnreclaim:        21092 kB
KernelStack:        5952 kB
PageTables:        11372 kB
NFS_Unstable:          0 kB
Bounce:                0 kB
WritebackTmp:          0 kB
CommitLimit:      949752 kB
Committed_AS:   12393408 kB
VmallocTotal:     245760 kB
VmallocUsed:       49408 kB
VmallocChunk:      75648 kB
1557736654.794789
MemTotal:        1899508 kB
MemFree:           51164 kB
Buffers:             680 kB
Cached:           153040 kB
SwapCached:            0 kB
Active:          1492868 kB
Inactive:          80260 kB
Active(anon):    1422008 kB
Inactive(anon):     1448 kB
Active(file):      70860 kB
Inactive(file):    78812 kB
Unevictable:        1940 kB
Mlocked:               0 kB
HighTotal:       1158144 kB
HighFree:           5084 kB
LowTotal:         741364 kB
LowFree:           46080 kB
SwapTotal:             0 kB
SwapFree:              0 kB
Dirty:                 4 kB
Writeback:            64 kB
AnonPages:       1422196 kB
Mapped:           167672 kB
Shmem:              1676 kB
Slab:              33248 kB
SReclaimable:      12164 kB
SUnreclaim:        21084 kB
KernelStack:        6072 kB
PageTables:        11464 kB
NFS_Unstable:          0 kB
Bounce:                0 kB
WritebackTmp:          0 kB
CommitLimit:      949752 kB
Committed_AS:   12396852 kB
VmallocTotal:     245760 kB
VmallocUsed:       49780 kB
VmallocChunk:      75648 kB
1557736655.777199
MemTotal:        1899508 kB
MemFree:           40300 kB
Buffers:            1408 kB
Cached:           157160 kB
SwapCached:            0 kB
Active:          1505096 kB
Inactive:          82324 kB
Active(anon):    1430944 kB
Inactive(anon):     1620 kB
Active(file):      74152 kB
Inactive(file):    80704 kB
Unevictable:        1940 kB
Mlocked:               0 kB
HighTotal:       1158144 kB
HighFree:            448 kB
LowTotal:         741364 kB
LowFree:           39852 kB
SwapTotal:             0 kB
SwapFree:              0 kB
Dirty:                 0 kB
Writeback:             0 kB
AnonPages:       1431124 kB
Mapped:           173808 kB
Shmem:              1672 kB
Slab:              33244 kB
SReclaimable:      12164 kB
SUnreclaim:        21080 kB
KernelStack:        6128 kB
PageTables:        12008 kB
NFS_Unstable:          0 kB
Bounce:                0 kB
WritebackTmp:          0 kB
CommitLimit:      949752 kB
Committed_AS:   12967596 kB
VmallocTotal:     245760 kB
VmallocUsed:       50800 kB
VmallocChunk:      75648 kB
1557736656.664029
MemTotal:        1899508 kB
MemFree:           41876 kB
Buffers:             952 kB
Cached:           150552 kB
SwapCached:            0 kB
Active:          1509004 kB
Inactive:          76484 kB
Active(anon):    1436312 kB
Inactive(anon):     1620 kB
Active(file):      72692 kB
Inactive(file):    74864 kB
Unevictable:        1940 kB
Mlocked:               0 kB
HighTotal:       1158144 kB
HighFree:           1588 kB
LowTotal:         741364 kB
LowFree:           40288 kB
SwapTotal:             0 kB
SwapFree:              0 kB
Dirty:                 0 kB
Writeback:             0 kB
AnonPages:       1436244 kB
Mapped:           166988 kB
Shmem:              1676 kB
Slab:              33236 kB
SReclaimable:      12164 kB
SUnreclaim:        21072 kB
KernelStack:        6152 kB
PageTables:        12092 kB
NFS_Unstable:          0 kB
Bounce:                0 kB
WritebackTmp:          0 kB
CommitLimit:      949752 kB
Committed_AS:   12966632 kB
VmallocTotal:     245760 kB
VmallocUsed:       50800 kB
VmallocChunk:      75648 kB
1557736657.709792
MemTotal:        1899508 kB
MemFree:           46360 kB
Buffers:            1192 kB
Cached:           155848 kB
SwapCached:            0 kB
Active:          1502024 kB
Inactive:          79236 kB
Active(anon):    1426332 kB
Inactive(anon):     1620 kB
Active(file):      75692 kB
Inactive(file):    77616 kB
Unevictable:        1940 kB
Mlocked:               0 kB
HighTotal:       1158144 kB
HighFree:           1748 kB
LowTotal:         741364 kB
LowFree:           44612 kB
SwapTotal:             0 kB
SwapFree:              0 kB
Dirty:               216 kB
Writeback:             0 kB
AnonPages:       1426540 kB
Mapped:           161144 kB
Shmem:              1668 kB
Slab:              33192 kB
SReclaimable:      12148 kB
SUnreclaim:        21044 kB
KernelStack:        6176 kB
PageTables:        12048 kB
NFS_Unstable:          0 kB
Bounce:                0 kB
WritebackTmp:          0 kB
CommitLimit:      949752 kB
Committed_AS:   13621200 kB
VmallocTotal:     245760 kB
VmallocUsed:       50800 kB
VmallocChunk:      75648 kB
1557736658.602045
MemTotal:        1899508 kB
MemFree:           40248 kB
Buffers:            1448 kB
Cached:           151960 kB
SwapCached:            0 kB
Active:          1510636 kB
Inactive:          76504 kB
Active(anon):    1435764 kB
Inactive(anon):     1620 kB
Active(file):      74872 kB
Inactive(file):    74884 kB
Unevictable:        1940 kB
Mlocked:               0 kB
HighTotal:       1158144 kB
HighFree:            408 kB
LowTotal:         741364 kB
LowFree:           39840 kB
SwapTotal:             0 kB
SwapFree:              0 kB
Dirty:                 0 kB
Writeback:             0 kB
AnonPages:       1435684 kB
Mapped:           168088 kB
Shmem:              1672 kB
Slab:              33184 kB
SReclaimable:      12148 kB
SUnreclaim:        21036 kB
KernelStack:        6296 kB
PageTables:        12956 kB
NFS_Unstable:          0 kB
Bounce:                0 kB
WritebackTmp:          0 kB
CommitLimit:      949752 kB
Committed_AS:   14761428 kB
VmallocTotal:     245760 kB
VmallocUsed:       52840 kB
VmallocChunk:      75648 kB
1557736659.649657
MemTotal:        1899508 kB
MemFree:           43044 kB
Buffers:            1652 kB
Cached:           151304 kB
SwapCached:            0 kB
Active:          1507672 kB
Inactive:          77920 kB
Active(anon):    1434700 kB
Inactive(anon):     1620 kB
Active(file):      72972 kB
Inactive(file):    76300 kB
Unevictable:        1940 kB
Mlocked:               0 kB
HighTotal:       1158144 kB
HighFree:           1780 kB
LowTotal:         741364 kB
LowFree:           41264 kB
SwapTotal:             0 kB
SwapFree:              0 kB
Dirty:               100 kB
Writeback:             0 kB
AnonPages:       1434668 kB
Mapped:           169660 kB
Shmem:              1672 kB
Slab:              33180 kB
SReclaimable:      12148 kB
SUnreclaim:        21032 kB
KernelStack:        6408 kB
PageTables:        12232 kB
NFS_Unstable:          0 kB
Bounce:                0 kB
WritebackTmp:          0 kB
CommitLimit:      949752 kB
Committed_AS:   13630452 kB
VmallocTotal:     245760 kB
VmallocUsed:       50800 kB
VmallocChunk:      75648 kB
1557736660.500006
MemTotal:        1899508 kB
MemFree:           41268 kB
Buffers:            1496 kB
Cached:           166516 kB
SwapCached:            0 kB
Active:          1502328 kB
Inactive:          91972 kB
Active(anon):    1428568 kB
Inactive(anon):     1624 kB
Active(file):      73760 kB
Inactive(file):    90348 kB
Unevictable:        1940 kB
Mlocked:               0 kB
HighTotal:       1158144 kB
HighFree:            696 kB
LowTotal:         741364 kB
LowFree:           40572 kB
SwapTotal:             0 kB
SwapFree:              0 kB
Dirty:                72 kB
Writeback:             0 kB
AnonPages:       1428572 kB
Mapped:           160436 kB
Shmem:              1676 kB
Slab:              33172 kB
SReclaimable:      12148 kB
SUnreclaim:        21024 kB
KernelStack:        6456 kB
PageTables:        12136 kB
NFS_Unstable:          0 kB
Bounce:                0 kB
WritebackTmp:          0 kB
CommitLimit:      949752 kB
Committed_AS:   13629772 kB
VmallocTotal:     245760 kB
VmallocUsed:       50716 kB
VmallocChunk:      75648 kB
1557736661.389324
MemTotal:        1899508 kB
MemFree:           40620 kB
Buffers:            1192 kB
Cached:           150484 kB
SwapCached:            0 kB
Active:          1508420 kB
Inactive:          75568 kB
Active(anon):    1434332 kB
Inactive(anon):     1620 kB
Active(file):      74088 kB
Inactive(file):    73948 kB
Unevictable:        1940 kB
Mlocked:               0 kB
HighTotal:       1158144 kB
HighFree:            716 kB
LowTotal:         741364 kB
LowFree:           39904 kB
SwapTotal:             0 kB
SwapFree:              0 kB
Dirty:                72 kB
Writeback:             0 kB
AnonPages:       1434160 kB
Mapped:           149764 kB
Shmem:              1672 kB
Slab:              33104 kB
SReclaimable:      12152 kB
SUnreclaim:        20952 kB
KernelStack:        6136 kB
PageTables:        11896 kB
NFS_Unstable:          0 kB
Bounce:                0 kB
WritebackTmp:          0 kB
CommitLimit:      949752 kB
Committed_AS:   13627628 kB
VmallocTotal:     245760 kB
VmallocUsed:       50836 kB
VmallocChunk:      75648 kB
1557736662.399116
MemTotal:        1899508 kB
MemFree:           41916 kB
Buffers:            1348 kB
Cached:           151488 kB
SwapCached:            0 kB
Active:          1505668 kB
Inactive:          77988 kB
Active(anon):    1433124 kB
Inactive(anon):     1628 kB
Active(file):      72544 kB
Inactive(file):    76360 kB
Unevictable:        1940 kB
Mlocked:               0 kB
HighTotal:       1158144 kB
HighFree:           1656 kB
LowTotal:         741364 kB
LowFree:           40260 kB
SwapTotal:             0 kB
SwapFree:              0 kB
Dirty:                76 kB
Writeback:             0 kB
AnonPages:       1433160 kB
Mapped:           156036 kB
Shmem:              1604 kB
Slab:              33100 kB
SReclaimable:      12140 kB
SUnreclaim:        20960 kB
KernelStack:        6176 kB
PageTables:        11624 kB
NFS_Unstable:          0 kB
Bounce:                0 kB
WritebackTmp:          0 kB
CommitLimit:      949752 kB
Committed_AS:   12407248 kB
VmallocTotal:     245760 kB
VmallocUsed:       49816 kB
VmallocChunk:      75648 kB
1557736663.335260
MemTotal:        1899508 kB
MemFree:           46216 kB
Buffers:             896 kB
Cached:           147700 kB
SwapCached:            0 kB
Active:          1505116 kB
Inactive:          74796 kB
Active(anon):    1433272 kB
Inactive(anon):     1620 kB
Active(file):      71844 kB
Inactive(file):    73176 kB
Unevictable:        1940 kB
Mlocked:               0 kB
HighTotal:       1158144 kB
HighFree:           1780 kB
LowTotal:         741364 kB
LowFree:           44436 kB
SwapTotal:             0 kB
SwapFree:              0 kB
Dirty:                 0 kB
Writeback:             0 kB
AnonPages:       1433292 kB
Mapped:           161836 kB
Shmem:              1672 kB
Slab:              33088 kB
SReclaimable:      12140 kB
SUnreclaim:        20948 kB
KernelStack:        6120 kB
PageTables:        11728 kB
NFS_Unstable:          0 kB
Bounce:                0 kB
WritebackTmp:          0 kB
CommitLimit:      949752 kB
Committed_AS:   13063000 kB
VmallocTotal:     245760 kB
VmallocUsed:       49816 kB
VmallocChunk:      75648 kB
1557736664.270595
MemTotal:        1899508 kB
MemFree:           40964 kB
Buffers:             756 kB
Cached:           149180 kB
SwapCached:            0 kB
Active:          1503508 kB
Inactive:          80216 kB
Active(anon):    1435820 kB
Inactive(anon):     2144 kB
Active(file):      67688 kB
Inactive(file):    78072 kB
Unevictable:        1940 kB
Mlocked:               0 kB
HighTotal:       1158144 kB
HighFree:            712 kB
LowTotal:         741364 kB
LowFree:           40252 kB
SwapTotal:             0 kB
SwapFree:              0 kB
Dirty:                44 kB
Writeback:             0 kB
AnonPages:       1436072 kB
Mapped:           162180 kB
Shmem:              1968 kB
Slab:              33076 kB
SReclaimable:      12132 kB
SUnreclaim:        20944 kB
KernelStack:        6288 kB
PageTables:        11840 kB
NFS_Unstable:          0 kB
Bounce:                0 kB
WritebackTmp:          0 kB
CommitLimit:      949752 kB
Committed_AS:   12410316 kB
VmallocTotal:     245760 kB
VmallocUsed:       49840 kB
VmallocChunk:      75648 kB
1557736665.337386
MemTotal:        1899508 kB
MemFree:           43148 kB
Buffers:             540 kB
Cached:           131912 kB
SwapCached:            0 kB
Active:          1502652 kB
Inactive:          67000 kB
Active(anon):    1439256 kB
Inactive(anon):     3240 kB
Active(file):      63396 kB
Inactive(file):    63760 kB
Unevictable:        1940 kB
Mlocked:               0 kB
HighTotal:       1158144 kB
HighFree:           3900 kB
LowTotal:         741364 kB
LowFree:           39248 kB
SwapTotal:             0 kB
SwapFree:              0 kB
Dirty:                 0 kB
Writeback:             0 kB
AnonPages:       1439116 kB
Mapped:           157124 kB
Shmem:              3292 kB
Slab:              33064 kB
SReclaimable:      12132 kB
SUnreclaim:        20932 kB
KernelStack:        6104 kB
PageTables:        11464 kB
NFS_Unstable:          0 kB
Bounce:                0 kB
WritebackTmp:          0 kB
CommitLimit:      949752 kB
Committed_AS:   11877688 kB
VmallocTotal:     245760 kB
VmallocUsed:       51292 kB
VmallocChunk:      75648 kB
1557736666.007467
MemTotal:        1899508 kB
MemFree:           67248 kB
Buffers:             484 kB
Cached:            98008 kB
SwapCached:            0 kB
Active:          1446472 kB
Inactive:          51808 kB
Active(anon):    1402092 kB
Inactive(anon):     3240 kB
Active(file):      44380 kB
Inactive(file):    48568 kB
Unevictable:        1940 kB
Mlocked:               0 kB
HighTotal:       1158144 kB
HighFree:          22412 kB
LowTotal:         741364 kB
LowFree:           44836 kB
SwapTotal:             0 kB
SwapFree:              0 kB
Dirty:                 0 kB
Writeback:             0 kB
AnonPages:       1402172 kB
Mapped:           128592 kB
Shmem:              3292 kB
Slab:              32968 kB
SReclaimable:      12128 kB
SUnreclaim:        20840 kB
KernelStack:        5768 kB
PageTables:         9900 kB
NFS_Unstable:          0 kB
Bounce:                0 kB
WritebackTmp:          0 kB
CommitLimit:      949752 kB
Committed_AS:   10732120 kB
VmallocTotal:     245760 kB
VmallocUsed:       49252 kB
VmallocChunk:      75648 kB
1557736667.075293
MemTotal:        1899508 kB
MemFree:           66372 kB
Buffers:             652 kB
Cached:            96828 kB
SwapCached:            0 kB
Active:          1450868 kB
Inactive:          49140 kB
Active(anon):    1404968 kB
Inactive(anon):     3276 kB
Active(file):      45900 kB
Inactive(file):    45864 kB
Unevictable:        1940 kB
Mlocked:               0 kB
HighTotal:       1158144 kB
HighFree:          19732 kB
LowTotal:         741364 kB
LowFree:           46640 kB
SwapTotal:             0 kB
SwapFree:              0 kB
Dirty:                 0 kB
Writeback:             0 kB
AnonPages:       1404948 kB
Mapped:           128744 kB
Shmem:              3524 kB
Slab:              32892 kB
SReclaimable:      12112 kB
SUnreclaim:        20780 kB
KernelStack:        5472 kB
PageTables:         9952 kB
NFS_Unstable:          0 kB
Bounce:                0 kB
WritebackTmp:          0 kB
CommitLimit:      949752 kB
Committed_AS:   10747596 kB
VmallocTotal:     245760 kB
VmallocUsed:       49252 kB
VmallocChunk:      75648 kB
1557736668.101713
MemTotal:        1899508 kB
MemFree:           62000 kB
Buffers:             660 kB
Cached:           101116 kB
SwapCached:            0 kB
Active:          1453540 kB
Inactive:          53348 kB
Active(anon):    1407204 kB
Inactive(anon):     3512 kB
Active(file):      46336 kB
Inactive(file):    49836 kB
Unevictable:        1940 kB
Mlocked:               0 kB
HighTotal:       1158144 kB
HighFree:          14208 kB
LowTotal:         741364 kB
LowFree:           47792 kB
SwapTotal:             0 kB
SwapFree:              0 kB
Dirty:                96 kB
Writeback:             0 kB
AnonPages:       1406984 kB
Mapped:           130208 kB
Shmem:              3652 kB
Slab:              32860 kB
SReclaimable:      12080 kB
SUnreclaim:        20780 kB
KernelStack:        5456 kB
PageTables:        10352 kB
NFS_Unstable:          0 kB
Bounce:                0 kB
WritebackTmp:          0 kB
CommitLimit:      949752 kB
Committed_AS:   11970668 kB
VmallocTotal:     245760 kB
VmallocUsed:       50272 kB
VmallocChunk:      75648 kB
1557736669.074807
MemTotal:        1899508 kB
MemFree:           50172 kB
Buffers:             660 kB
Cached:           115056 kB
SwapCached:            0 kB
Active:          1457116 kB
Inactive:          62376 kB
Active(anon):    1406080 kB
Inactive(anon):     3552 kB
Active(file):      51036 kB
Inactive(file):    58824 kB
Unevictable:        1940 kB
Mlocked:               0 kB
HighTotal:       1158144 kB
HighFree:           4004 kB
LowTotal:         741364 kB
LowFree:           46168 kB
SwapTotal:             0 kB
SwapFree:              0 kB
Dirty:                96 kB
Writeback:             0 kB
AnonPages:       1405992 kB
Mapped:           128248 kB
Shmem:              3844 kB
Slab:              32860 kB
SReclaimable:      12080 kB
SUnreclaim:        20780 kB
KernelStack:        5416 kB
PageTables:         9968 kB
NFS_Unstable:          0 kB
Bounce:                0 kB
WritebackTmp:          0 kB
CommitLimit:      949752 kB
Committed_AS:   10748312 kB
VmallocTotal:     245760 kB
VmallocUsed:       49252 kB
VmallocChunk:      75648 kB
1557736670.056953
MemTotal:        1899508 kB
MemFree:          104108 kB
Buffers:             660 kB
Cached:           114984 kB
SwapCached:            0 kB
Active:          1434996 kB
Inactive:          62084 kB
Active(anon):    1383600 kB
Inactive(anon):     3608 kB
Active(file):      51396 kB
Inactive(file):    58476 kB
Unevictable:        1940 kB
Mlocked:               0 kB
HighTotal:       1158144 kB
HighFree:          26792 kB
LowTotal:         741364 kB
LowFree:           77316 kB
SwapTotal:             0 kB
SwapFree:              0 kB
Dirty:                96 kB
Writeback:             0 kB
AnonPages:       1383384 kB
Mapped:            95304 kB
Shmem:              3832 kB
Slab:              32856 kB
SReclaimable:      12080 kB
SUnreclaim:        20776 kB
KernelStack:        5448 kB
PageTables:         9960 kB
NFS_Unstable:          0 kB
Bounce:                0 kB
WritebackTmp:          0 kB
CommitLimit:      949752 kB
Committed_AS:   10748304 kB
VmallocTotal:     245760 kB
VmallocUsed:       48892 kB
VmallocChunk:      75648 kB
1557736670.995657
MemTotal:        1899508 kB
MemFree:           88672 kB
Buffers:             800 kB
Cached:           126204 kB
SwapCached:            0 kB
Active:          1439264 kB
Inactive:          73080 kB
Active(anon):    1387784 kB
Inactive(anon):     3580 kB
Active(file):      51480 kB
Inactive(file):    69500 kB
Unevictable:        1940 kB
Mlocked:               0 kB
HighTotal:       1158144 kB
HighFree:          11188 kB
LowTotal:         741364 kB
LowFree:           77484 kB
SwapTotal:             0 kB
SwapFree:              0 kB
Dirty:                96 kB
Writeback:             0 kB
AnonPages:       1387704 kB
Mapped:            98836 kB
Shmem:              3844 kB
Slab:              32844 kB
SReclaimable:      12080 kB
SUnreclaim:        20764 kB
KernelStack:        5464 kB
PageTables:        10332 kB
NFS_Unstable:          0 kB
Bounce:                0 kB
WritebackTmp:          0 kB
CommitLimit:      949752 kB
Committed_AS:   11311804 kB
VmallocTotal:     245760 kB
VmallocUsed:       49912 kB
VmallocChunk:      75648 kB
1557736672.053257
MemTotal:        1899508 kB
MemFree:           44856 kB
Buffers:             820 kB
Cached:           160948 kB
SwapCached:            0 kB
Active:          1448452 kB
Inactive:         107360 kB
Active(anon):    1396360 kB
Inactive(anon):     3592 kB
Active(file):      52092 kB
Inactive(file):   103768 kB
Unevictable:        1940 kB
Mlocked:               0 kB
HighTotal:       1158144 kB
HighFree:           1712 kB
LowTotal:         741364 kB
LowFree:           43144 kB
SwapTotal:             0 kB
SwapFree:              0 kB
Dirty:                 0 kB
Writeback:             0 kB
AnonPages:       1396252 kB
Mapped:           114080 kB
Shmem:              3856 kB
Slab:              32844 kB
SReclaimable:      12080 kB
SUnreclaim:        20764 kB
KernelStack:        5656 kB
PageTables:        10948 kB
NFS_Unstable:          0 kB
Bounce:                0 kB
WritebackTmp:          0 kB
CommitLimit:      949752 kB
Committed_AS:   11884588 kB
VmallocTotal:     245760 kB
VmallocUsed:       50932 kB
VmallocChunk:      75648 kB
1557736673.037850
MemTotal:        1899508 kB
MemFree:           42060 kB
Buffers:             200 kB
Cached:           155620 kB
SwapCached:            0 kB
Active:          1465244 kB
Inactive:          93268 kB
Active(anon):    1405140 kB
Inactive(anon):     3592 kB
Active(file):      60104 kB
Inactive(file):    89676 kB
Unevictable:        1940 kB
Mlocked:               0 kB
HighTotal:       1158144 kB
HighFree:           1704 kB
LowTotal:         741364 kB
LowFree:           40356 kB
SwapTotal:             0 kB
SwapFree:              0 kB
Dirty:                 0 kB
Writeback:             0 kB
AnonPages:       1405028 kB
Mapped:           114264 kB
Shmem:              3856 kB
Slab:              32828 kB
SReclaimable:      12080 kB
SUnreclaim:        20748 kB
KernelStack:        5728 kB
PageTables:        11316 kB
NFS_Unstable:          0 kB
Bounce:                0 kB
WritebackTmp:          0 kB
CommitLimit:      949752 kB
Committed_AS:   12454572 kB
VmallocTotal:     245760 kB
VmallocUsed:       51952 kB
VmallocChunk:      75648 kB
1557736674.024914
MemTotal:        1899508 kB
MemFree:           40292 kB
Buffers:             636 kB
Cached:           150380 kB
SwapCached:            0 kB
Active:          1476984 kB
Inactive:          84628 kB
Active(anon):    1413328 kB
Inactive(anon):     3616 kB
Active(file):      63656 kB
Inactive(file):    81012 kB
Unevictable:        1940 kB
Mlocked:               0 kB
HighTotal:       1158144 kB
HighFree:            460 kB
LowTotal:         741364 kB
LowFree:           39832 kB
SwapTotal:             0 kB
SwapFree:              0 kB
Dirty:                 0 kB
Writeback:             0 kB
AnonPages:       1413164 kB
Mapped:           123468 kB
Shmem:              3880 kB
Slab:              32784 kB
SReclaimable:      12040 kB
SUnreclaim:        20744 kB
KernelStack:        5792 kB
PageTables:        11776 kB
NFS_Unstable:          0 kB
Bounce:                0 kB
WritebackTmp:          0 kB
CommitLimit:      949752 kB
Committed_AS:   13682316 kB
VmallocTotal:     245760 kB
VmallocUsed:       52972 kB
VmallocChunk:      75648 kB
1557736675.145991
MemTotal:        1899508 kB
MemFree:           44584 kB
Buffers:            1324 kB
Cached:           134940 kB
SwapCached:            0 kB
Active:          1485328 kB
Inactive:          71860 kB
Active(anon):    1423712 kB
Inactive(anon):     3640 kB
Active(file):      61616 kB
Inactive(file):    68220 kB
Unevictable:        1940 kB
Mlocked:               0 kB
HighTotal:       1158144 kB
HighFree:           1800 kB
LowTotal:         741364 kB
LowFree:           42784 kB
SwapTotal:             0 kB
SwapFree:              0 kB
Dirty:                 0 kB
Writeback:             0 kB
AnonPages:       1423420 kB
Mapped:           126484 kB
Shmem:              3908 kB
Slab:              32784 kB
SReclaimable:      12040 kB
SUnreclaim:        20744 kB
KernelStack:        6016 kB
PageTables:        12236 kB
NFS_Unstable:          0 kB
Bounce:                0 kB
WritebackTmp:          0 kB
CommitLimit:      949752 kB
Committed_AS:   14258552 kB
VmallocTotal:     245760 kB
VmallocUsed:       53968 kB
VmallocChunk:      75648 kB
1557736676.159317
MemTotal:        1899508 kB
MemFree:           44640 kB
Buffers:            1284 kB
Cached:           148220 kB
SwapCached:            0 kB
Active:          1480872 kB
Inactive:          78388 kB
Active(anon):    1412444 kB
Inactive(anon):     3592 kB
Active(file):      68428 kB
Inactive(file):    74796 kB
Unevictable:        1940 kB
Mlocked:               0 kB
HighTotal:       1158144 kB
HighFree:           2932 kB
LowTotal:         741364 kB
LowFree:           41708 kB
SwapTotal:             0 kB
SwapFree:              0 kB
Dirty:                 0 kB
Writeback:           148 kB
AnonPages:       1412064 kB
Mapped:           121812 kB
Shmem:              3844 kB
Slab:              32816 kB
SReclaimable:      12040 kB
SUnreclaim:        20776 kB
KernelStack:        6032 kB
PageTables:        11288 kB
NFS_Unstable:          0 kB
Bounce:                0 kB
WritebackTmp:          0 kB
CommitLimit:      949752 kB
Committed_AS:   11895984 kB
VmallocTotal:     245760 kB
VmallocUsed:       50908 kB
VmallocChunk:      75648 kB
1557736677.434260
MemTotal:        1899508 kB
MemFree:           41624 kB
Buffers:             468 kB
Cached:           144612 kB
SwapCached:            0 kB
Active:          1488280 kB
Inactive:          73200 kB
Active(anon):    1418440 kB
Inactive(anon):     3724 kB
Active(file):      69840 kB
Inactive(file):    69476 kB
Unevictable:        1940 kB
Mlocked:               0 kB
HighTotal:       1158144 kB
HighFree:           1400 kB
LowTotal:         741364 kB
LowFree:           40224 kB
SwapTotal:             0 kB
SwapFree:              0 kB
Dirty:                68 kB
Writeback:             0 kB
AnonPages:       1418432 kB
Mapped:           124808 kB
Shmem:              3716 kB
Slab:              32796 kB
SReclaimable:      12040 kB
SUnreclaim:        20756 kB
KernelStack:        5952 kB
PageTables:        11956 kB
NFS_Unstable:          0 kB
Bounce:                0 kB
WritebackTmp:          0 kB
CommitLimit:      949752 kB
Committed_AS:   13033324 kB
VmallocTotal:     245760 kB
VmallocUsed:       52948 kB
VmallocChunk:      75648 kB
1557736678.347435
MemTotal:        1899508 kB
MemFree:           46192 kB
Buffers:             732 kB
Cached:           140464 kB
SwapCached:            0 kB
Active:          1484092 kB
Inactive:          72288 kB
Active(anon):    1417904 kB
Inactive(anon):     3524 kB
Active(file):      66188 kB
Inactive(file):    68764 kB
Unevictable:        1940 kB
Mlocked:               0 kB
HighTotal:       1158144 kB
HighFree:           1640 kB
LowTotal:         741364 kB
LowFree:           44552 kB
SwapTotal:             0 kB
SwapFree:              0 kB
Dirty:                 0 kB
Writeback:             0 kB
AnonPages:       1417984 kB
Mapped:           122736 kB
Shmem:              3840 kB
Slab:              32788 kB
SReclaimable:      12040 kB
SUnreclaim:        20748 kB
KernelStack:        6024 kB
PageTables:        11504 kB
NFS_Unstable:          0 kB
Bounce:                0 kB
WritebackTmp:          0 kB
CommitLimit:      949752 kB
Committed_AS:   12467316 kB
VmallocTotal:     245760 kB
VmallocUsed:       51928 kB
VmallocChunk:      75648 kB
1557736679.363023
MemTotal:        1899508 kB
MemFree:           41948 kB
Buffers:            1088 kB
Cached:           140056 kB
SwapCached:            0 kB
Active:          1489284 kB
Inactive:          71500 kB
Active(anon):    1422316 kB
Inactive(anon):     3588 kB
Active(file):      66968 kB
Inactive(file):    67912 kB
Unevictable:        1940 kB
Mlocked:               0 kB
HighTotal:       1158144 kB
HighFree:           1776 kB
LowTotal:         741364 kB
LowFree:           40172 kB
SwapTotal:             0 kB
SwapFree:              0 kB
Dirty:                 0 kB
Writeback:             0 kB
AnonPages:       1422184 kB
Mapped:           125592 kB
Shmem:              3856 kB
Slab:              32788 kB
SReclaimable:      12040 kB
SUnreclaim:        20748 kB
KernelStack:        5960 kB
PageTables:        12064 kB
NFS_Unstable:          0 kB
Bounce:                0 kB
WritebackTmp:          0 kB
CommitLimit:      949752 kB
Committed_AS:   13041832 kB
VmallocTotal:     245760 kB
VmallocUsed:       52948 kB
VmallocChunk:      75648 kB
1557736680.357179
MemTotal:        1899508 kB
MemFree:           40980 kB
Buffers:            1072 kB
Cached:           134148 kB
SwapCached:            0 kB
Active:          1493796 kB
Inactive:          69292 kB
Active(anon):    1430772 kB
Inactive(anon):     3900 kB
Active(file):      63024 kB
Inactive(file):    65392 kB
Unevictable:        1940 kB
Mlocked:               0 kB
HighTotal:       1158144 kB
HighFree:           1212 kB
LowTotal:         741364 kB
LowFree:           39768 kB
SwapTotal:             0 kB
SwapFree:              0 kB
Dirty:                 8 kB
Writeback:             0 kB
AnonPages:       1430352 kB
Mapped:           126912 kB
Shmem:              4276 kB
Slab:              32984 kB
SReclaimable:      12040 kB
SUnreclaim:        20944 kB
KernelStack:        6064 kB
PageTables:        11996 kB
NFS_Unstable:          0 kB
Bounce:                0 kB
WritebackTmp:          0 kB
CommitLimit:      949752 kB
Committed_AS:   13045116 kB
VmallocTotal:     245760 kB
VmallocUsed:       52948 kB
VmallocChunk:      75648 kB
1557736681.441363
MemTotal:        1899508 kB
MemFree:           40532 kB
Buffers:             848 kB
Cached:           129744 kB
SwapCached:            0 kB
Active:          1496024 kB
Inactive:          66876 kB
Active(anon):    1434908 kB
Inactive(anon):     4072 kB
Active(file):      61116 kB
Inactive(file):    62804 kB
Unevictable:        1940 kB
Mlocked:               0 kB
HighTotal:       1158144 kB
HighFree:            712 kB
LowTotal:         741364 kB
LowFree:           39820 kB
SwapTotal:             0 kB
SwapFree:              0 kB
Dirty:                 0 kB
Writeback:           136 kB
AnonPages:       1434640 kB
Mapped:           127352 kB
Shmem:              4432 kB
Slab:              32988 kB
SReclaimable:      12040 kB
SUnreclaim:        20948 kB
KernelStack:        6320 kB
PageTables:        12872 kB
NFS_Unstable:          0 kB
Bounce:                0 kB
WritebackTmp:          0 kB
CommitLimit:      949752 kB
Committed_AS:   14836060 kB
VmallocTotal:     245760 kB
VmallocUsed:       54988 kB
VmallocChunk:      75648 kB
1557736682.549594
MemTotal:        1899508 kB
MemFree:           40008 kB
Buffers:             500 kB
Cached:           119788 kB
SwapCached:            0 kB
Active:          1501792 kB
Inactive:          61064 kB
Active(anon):    1444772 kB
Inactive(anon):     4068 kB
Active(file):      57020 kB
Inactive(file):    56996 kB
Unevictable:        1940 kB
Mlocked:               0 kB
HighTotal:       1158144 kB
HighFree:            416 kB
LowTotal:         741364 kB
LowFree:           39592 kB
SwapTotal:             0 kB
SwapFree:              0 kB
Dirty:                 0 kB
Writeback:             0 kB
AnonPages:       1444876 kB
Mapped:           126052 kB
Shmem:              4428 kB
Slab:              32992 kB
SReclaimable:      12040 kB
SUnreclaim:        20952 kB
KernelStack:        6424 kB
PageTables:        12952 kB
NFS_Unstable:          0 kB
Bounce:                0 kB
WritebackTmp:          0 kB
CommitLimit:      949752 kB
Committed_AS:   14842532 kB
VmallocTotal:     245760 kB
VmallocUsed:       54988 kB
VmallocChunk:      75648 kB
1557736683.662668
MemTotal:        1899508 kB
MemFree:           47748 kB
Buffers:             380 kB
Cached:           119968 kB
SwapCached:            0 kB
Active:          1494384 kB
Inactive:          60792 kB
Active(anon):    1437396 kB
Inactive(anon):     4076 kB
Active(file):      56988 kB
Inactive(file):    56716 kB
Unevictable:        1940 kB
Mlocked:               0 kB
HighTotal:       1158144 kB
HighFree:           4224 kB
LowTotal:         741364 kB
LowFree:           43524 kB
SwapTotal:             0 kB
SwapFree:              0 kB
Dirty:                 0 kB
Writeback:             0 kB
AnonPages:       1436932 kB
Mapped:           113296 kB
Shmem:              4432 kB
Slab:              32968 kB
SReclaimable:      12040 kB
SUnreclaim:        20928 kB
KernelStack:        6304 kB
PageTables:        11828 kB
NFS_Unstable:          0 kB
Bounce:                0 kB
WritebackTmp:          0 kB
CommitLimit:      949752 kB
Committed_AS:   12477932 kB
VmallocTotal:     245760 kB
VmallocUsed:       51928 kB
VmallocChunk:      75648 kB
1557736684.956907
MemTotal:        1899508 kB
MemFree:           39912 kB
Buffers:             640 kB
Cached:           121556 kB
SwapCached:            0 kB
Active:          1500520 kB
Inactive:          61824 kB
Active(anon):    1442936 kB
Inactive(anon):     4116 kB
Active(file):      57584 kB
Inactive(file):    57708 kB
Unevictable:        1940 kB
Mlocked:               0 kB
HighTotal:       1158144 kB
HighFree:            696 kB
LowTotal:         741364 kB
LowFree:           39216 kB
SwapTotal:             0 kB
SwapFree:              0 kB
Dirty:                 0 kB
Writeback:           152 kB
AnonPages:       1442492 kB
Mapped:           113912 kB
Shmem:              4416 kB
Slab:              32956 kB
SReclaimable:      12032 kB
SUnreclaim:        20924 kB
KernelStack:        6400 kB
PageTables:        12340 kB
NFS_Unstable:          0 kB
Bounce:                0 kB
WritebackTmp:          0 kB
CommitLimit:      949752 kB
Committed_AS:   13046824 kB
VmallocTotal:     245760 kB
VmallocUsed:       52948 kB
VmallocChunk:      75648 kB
1557736686.091670
MemTotal:        1899508 kB
MemFree:           40344 kB
Buffers:             380 kB
Cached:           120136 kB
SwapCached:            0 kB
Active:          1502016 kB
Inactive:          61328 kB
Active(anon):    1445152 kB
Inactive(anon):     4152 kB
Active(file):      56864 kB
Inactive(file):    57176 kB
Unevictable:        1940 kB
Mlocked:               0 kB
HighTotal:       1158144 kB
HighFree:            624 kB
LowTotal:         741364 kB
LowFree:           39720 kB
SwapTotal:             0 kB
SwapFree:              0 kB
Dirty:                 4 kB
Writeback:             0 kB
AnonPages:       1444912 kB
Mapped:           118372 kB
Shmem:              4552 kB
Slab:              32944 kB
SReclaimable:      12028 kB
SUnreclaim:        20916 kB
KernelStack:        6456 kB
PageTables:        12644 kB
NFS_Unstable:          0 kB
Bounce:                0 kB
WritebackTmp:          0 kB
CommitLimit:      949752 kB
Committed_AS:   13618328 kB
VmallocTotal:     245760 kB
VmallocUsed:       53968 kB
VmallocChunk:      75648 kB
1557736686.991933
MemTotal:        1899508 kB
MemFree:           40084 kB
Buffers:             232 kB
Cached:           121252 kB
SwapCached:            0 kB
Active:          1499752 kB
Inactive:          64408 kB
Active(anon):    1445384 kB
Inactive(anon):     4068 kB
Active(file):      54368 kB
Inactive(file):    60340 kB
Unevictable:        1940 kB
Mlocked:               0 kB
HighTotal:       1158144 kB
HighFree:            484 kB
LowTotal:         741364 kB
LowFree:           39600 kB
SwapTotal:             0 kB
SwapFree:              0 kB
Dirty:                 0 kB
Writeback:             0 kB
AnonPages:       1445112 kB
Mapped:           120060 kB
Shmem:              4432 kB
Slab:              32940 kB
SReclaimable:      12024 kB
SUnreclaim:        20916 kB
KernelStack:        6416 kB
PageTables:        12360 kB
NFS_Unstable:          0 kB
Bounce:                0 kB
WritebackTmp:          0 kB
CommitLimit:      949752 kB
Committed_AS:   13049608 kB
VmallocTotal:     245760 kB
VmallocUsed:       52948 kB
VmallocChunk:      75648 kB
1557736688.075868
MemTotal:        1899508 kB
MemFree:           42388 kB
Buffers:             604 kB
Cached:           113988 kB
SwapCached:            0 kB
Active:          1501916 kB
Inactive:          59420 kB
Active(anon):    1449512 kB
Inactive(anon):     4060 kB
Active(file):      52404 kB
Inactive(file):    55360 kB
Unevictable:        1940 kB
Mlocked:               0 kB
HighTotal:       1158144 kB
HighFree:           1744 kB
LowTotal:         741364 kB
LowFree:           40644 kB
SwapTotal:             0 kB
SwapFree:              0 kB
Dirty:                 0 kB
Writeback:            72 kB
AnonPages:       1449328 kB
Mapped:           112316 kB
Shmem:              4428 kB
Slab:              32936 kB
SReclaimable:      12016 kB
SUnreclaim:        20920 kB
KernelStack:        6416 kB
PageTables:        12528 kB
NFS_Unstable:          0 kB
Bounce:                0 kB
WritebackTmp:          0 kB
CommitLimit:      949752 kB
Committed_AS:   13053504 kB
VmallocTotal:     245760 kB
VmallocUsed:       52948 kB
VmallocChunk:      75648 kB
1557736689.209690
MemTotal:        1899508 kB
MemFree:           40280 kB
Buffers:             464 kB
Cached:           115612 kB
SwapCached:            0 kB
Active:          1505656 kB
Inactive:          58696 kB
Active(anon):    1450700 kB
Inactive(anon):     4064 kB
Active(file):      54956 kB
Inactive(file):    54632 kB
Unevictable:        1940 kB
Mlocked:               0 kB
HighTotal:       1158144 kB
HighFree:            392 kB
LowTotal:         741364 kB
LowFree:           39888 kB
SwapTotal:             0 kB
SwapFree:              0 kB
Dirty:                 0 kB
Writeback:             0 kB
AnonPages:       1450368 kB
Mapped:           112920 kB
Shmem:              4432 kB
Slab:              32928 kB
SReclaimable:      12012 kB
SUnreclaim:        20916 kB
KernelStack:        6280 kB
PageTables:        12436 kB
NFS_Unstable:          0 kB
Bounce:                0 kB
WritebackTmp:          0 kB
CommitLimit:      949752 kB
Committed_AS:   13056640 kB
VmallocTotal:     245760 kB
VmallocUsed:       52948 kB
VmallocChunk:      75648 kB
1557736690.310972
MemTotal:        1899508 kB
MemFree:           42724 kB
Buffers:             412 kB
Cached:           107152 kB
SwapCached:            0 kB
Active:          1506992 kB
Inactive:          52108 kB
Active(anon):    1454224 kB
Inactive(anon):     4228 kB
Active(file):      52768 kB
Inactive(file):    47880 kB
Unevictable:        1940 kB
Mlocked:               0 kB
HighTotal:       1158144 kB
HighFree:           2012 kB
LowTotal:         741364 kB
LowFree:           40712 kB
SwapTotal:             0 kB
SwapFree:              0 kB
Dirty:                 0 kB
Writeback:           100 kB
AnonPages:       1453940 kB
Mapped:           112916 kB
Shmem:              4480 kB
Slab:              32928 kB
SReclaimable:      12012 kB
SUnreclaim:        20916 kB
KernelStack:        6336 kB
PageTables:        12588 kB
NFS_Unstable:          0 kB
Bounce:                0 kB
WritebackTmp:          0 kB
CommitLimit:      949752 kB
Committed_AS:   13061652 kB
VmallocTotal:     245760 kB
VmallocUsed:       52948 kB
VmallocChunk:      75648 kB
1557736691.354222
MemTotal:        1899508 kB
MemFree:           40152 kB
Buffers:             372 kB
Cached:           104512 kB
SwapCached:            0 kB
Active:          1509676 kB
Inactive:          53508 kB
Active(anon):    1461056 kB
Inactive(anon):     3940 kB
Active(file):      48620 kB
Inactive(file):    49568 kB
Unevictable:        1940 kB
Mlocked:               0 kB
HighTotal:       1158144 kB
HighFree:            800 kB
LowTotal:         741364 kB
LowFree:           39352 kB
SwapTotal:             0 kB
SwapFree:              0 kB
Dirty:                 0 kB
Writeback:             4 kB
AnonPages:       1460612 kB
Mapped:           112540 kB
Shmem:              4284 kB
Slab:              32928 kB
SReclaimable:      12012 kB
SUnreclaim:        20916 kB
KernelStack:        6448 kB
PageTables:        12932 kB
NFS_Unstable:          0 kB
Bounce:                0 kB
WritebackTmp:          0 kB
CommitLimit:      949752 kB
Committed_AS:   13631032 kB
VmallocTotal:     245760 kB
VmallocUsed:       53968 kB
VmallocChunk:      75648 kB
1557736692.439897
MemTotal:        1899508 kB
MemFree:           39832 kB
Buffers:             348 kB
Cached:            99188 kB
SwapCached:            0 kB
Active:          1512736 kB
Inactive:          50788 kB
Active(anon):    1466332 kB
Inactive(anon):     4040 kB
Active(file):      46404 kB
Inactive(file):    46748 kB
Unevictable:        1940 kB
Mlocked:               0 kB
HighTotal:       1158144 kB
HighFree:            648 kB
LowTotal:         741364 kB
LowFree:           39184 kB
SwapTotal:             0 kB
SwapFree:              0 kB
Dirty:                 0 kB
Writeback:             0 kB
AnonPages:       1466012 kB
Mapped:           107404 kB
Shmem:              4432 kB
Slab:              32924 kB
SReclaimable:      12012 kB
SUnreclaim:        20912 kB
KernelStack:        6568 kB
PageTables:        13064 kB
NFS_Unstable:          0 kB
Bounce:                0 kB
WritebackTmp:          0 kB
CommitLimit:      949752 kB
Committed_AS:   13633496 kB
VmallocTotal:     245760 kB
VmallocUsed:       53968 kB
VmallocChunk:      75648 kB
1557736693.567870
MemTotal:        1899508 kB
MemFree:           40080 kB
Buffers:             536 kB
Cached:           120644 kB
SwapCached:            0 kB
Active:          1496012 kB
Inactive:          68096 kB
Active(anon):    1445640 kB
Inactive(anon):     4044 kB
Active(file):      50372 kB
Inactive(file):    64052 kB
Unevictable:        1940 kB
Mlocked:               0 kB
HighTotal:       1158144 kB
HighFree:            488 kB
LowTotal:         741364 kB
LowFree:           39592 kB
SwapTotal:             0 kB
SwapFree:              0 kB
Dirty:                 0 kB
Writeback:             0 kB
AnonPages:       1445380 kB
Mapped:           109280 kB
Shmem:              4436 kB
Slab:              32924 kB
SReclaimable:      12004 kB
SUnreclaim:        20920 kB
KernelStack:        6312 kB
PageTables:        12332 kB
NFS_Unstable:          0 kB
Bounce:                0 kB
WritebackTmp:          0 kB
CommitLimit:      949752 kB
Committed_AS:   13051472 kB
VmallocTotal:     245760 kB
VmallocUsed:       52948 kB
VmallocChunk:      75648 kB
1557736694.873587
MemTotal:        1899508 kB
MemFree:           40144 kB
Buffers:             700 kB
Cached:           113516 kB
SwapCached:            0 kB
Active:          1503364 kB
Inactive:          61160 kB
Active(anon):    1452884 kB
Inactive(anon):     4060 kB
Active(file):      50480 kB
Inactive(file):    57100 kB
Unevictable:        1940 kB
Mlocked:               0 kB
HighTotal:       1158144 kB
HighFree:            652 kB
LowTotal:         741364 kB
LowFree:           39492 kB
SwapTotal:             0 kB
SwapFree:              0 kB
Dirty:                 0 kB
Writeback:             0 kB
AnonPages:       1452756 kB
Mapped:           112976 kB
Shmem:              4392 kB
Slab:              32920 kB
SReclaimable:      11996 kB
SUnreclaim:        20924 kB
KernelStack:        6552 kB
PageTables:        12448 kB
NFS_Unstable:          0 kB
Bounce:                0 kB
WritebackTmp:          0 kB
CommitLimit:      949752 kB
Committed_AS:   13704952 kB
VmallocTotal:     245760 kB
VmallocUsed:       52948 kB
VmallocChunk:      75648 kB
1557736696.009298
MemTotal:        1899508 kB
MemFree:           40496 kB
Buffers:             484 kB
Cached:           126528 kB
SwapCached:            0 kB
Active:          1494048 kB
Inactive:          69188 kB
Active(anon):    1438716 kB
Inactive(anon):     4040 kB
Active(file):      55332 kB
Inactive(file):    65148 kB
Unevictable:        1940 kB
Mlocked:               0 kB
HighTotal:       1158144 kB
HighFree:            388 kB
LowTotal:         741364 kB
LowFree:           40108 kB
SwapTotal:             0 kB
SwapFree:              0 kB
Dirty:                56 kB
Writeback:             0 kB
AnonPages:       1438360 kB
Mapped:           101132 kB
Shmem:              4432 kB
Slab:              32932 kB
SReclaimable:      11996 kB
SUnreclaim:        20936 kB
KernelStack:        6168 kB
PageTables:        12244 kB
NFS_Unstable:          0 kB
Bounce:                0 kB
WritebackTmp:          0 kB
CommitLimit:      949752 kB
Committed_AS:   13697232 kB
VmallocTotal:     245760 kB
VmallocUsed:       52948 kB
VmallocChunk:      75648 kB
1557736697.044032
MemTotal:        1899508 kB
MemFree:           41580 kB
Buffers:             564 kB
Cached:           120912 kB
SwapCached:            0 kB
Active:          1499356 kB
Inactive:          62180 kB
Active(anon):    1442836 kB
Inactive(anon):     4044 kB
Active(file):      56520 kB
Inactive(file):    58136 kB
Unevictable:        1940 kB
Mlocked:               0 kB
HighTotal:       1158144 kB
HighFree:           1068 kB
LowTotal:         741364 kB
LowFree:           40512 kB
SwapTotal:             0 kB
SwapFree:              0 kB
Dirty:                 0 kB
Writeback:           148 kB
AnonPages:       1442516 kB
Mapped:           102856 kB
Shmem:              4436 kB
Slab:              32908 kB
SReclaimable:      11972 kB
SUnreclaim:        20936 kB
KernelStack:        6104 kB
PageTables:        12420 kB
NFS_Unstable:          0 kB
Bounce:                0 kB
WritebackTmp:          0 kB
CommitLimit:      949752 kB
Committed_AS:   13044880 kB
VmallocTotal:     245760 kB
VmallocUsed:       52948 kB
VmallocChunk:      75648 kB
1557736697.972408
MemTotal:        1899508 kB
MemFree:           40048 kB
Buffers:             480 kB
Cached:           114116 kB
SwapCached:            0 kB
Active:          1505672 kB
Inactive:          57980 kB
Active(anon):    1451532 kB
Inactive(anon):     4040 kB
Active(file):      54140 kB
Inactive(file):    53940 kB
Unevictable:        1940 kB
Mlocked:               0 kB
HighTotal:       1158144 kB
HighFree:            480 kB
LowTotal:         741364 kB
LowFree:           39568 kB
SwapTotal:             0 kB
SwapFree:              0 kB
Dirty:                 0 kB
Writeback:             0 kB
AnonPages:       1451280 kB
Mapped:           105972 kB
Shmem:              4432 kB
Slab:              32900 kB
SReclaimable:      11972 kB
SUnreclaim:        20928 kB
KernelStack:        6160 kB
PageTables:        12332 kB
NFS_Unstable:          0 kB
Bounce:                0 kB
WritebackTmp:          0 kB
CommitLimit:      949752 kB
Committed_AS:   13047696 kB
VmallocTotal:     245760 kB
VmallocUsed:       52948 kB
VmallocChunk:      75648 kB
1557736699.030783
MemTotal:        1899508 kB
MemFree:           40284 kB
Buffers:             628 kB
Cached:           111052 kB
SwapCached:            0 kB
Active:          1506396 kB
Inactive:          57480 kB
Active(anon):    1454700 kB
Inactive(anon):     4040 kB
Active(file):      51696 kB
Inactive(file):    53440 kB
Unevictable:        1940 kB
Mlocked:               0 kB
HighTotal:       1158144 kB
HighFree:            532 kB
LowTotal:         741364 kB
LowFree:           39752 kB
SwapTotal:             0 kB
SwapFree:              0 kB
Dirty:                 0 kB
Writeback:            52 kB
AnonPages:       1454600 kB
Mapped:           105240 kB
Shmem:              4432 kB
Slab:              32904 kB
SReclaimable:      11968 kB
SUnreclaim:        20936 kB
KernelStack:        6192 kB
PageTables:        12364 kB
NFS_Unstable:          0 kB
Bounce:                0 kB
WritebackTmp:          0 kB
CommitLimit:      949752 kB
Committed_AS:   13048764 kB
VmallocTotal:     245760 kB
VmallocUsed:       52948 kB
VmallocChunk:      75648 kB
1557736700.270009
MemTotal:        1899508 kB
MemFree:           40284 kB
Buffers:             412 kB
Cached:           130496 kB
SwapCached:            0 kB
Active:          1486116 kB
Inactive:          79012 kB
Active(anon):    1436752 kB
Inactive(anon):     4040 kB
Active(file):      49364 kB
Inactive(file):    74972 kB
Unevictable:        1940 kB
Mlocked:               0 kB
HighTotal:       1158144 kB
HighFree:            420 kB
LowTotal:         741364 kB
LowFree:           39864 kB
SwapTotal:             0 kB
SwapFree:              0 kB
Dirty:               100 kB
Writeback:             0 kB
AnonPages:       1436512 kB
Mapped:            98224 kB
Shmem:              4432 kB
Slab:              32900 kB
SReclaimable:      11960 kB
SUnreclaim:        20940 kB
KernelStack:        5968 kB
PageTables:        12044 kB
NFS_Unstable:          0 kB
Bounce:                0 kB
WritebackTmp:          0 kB
CommitLimit:      949752 kB
Committed_AS:   13689200 kB
VmallocTotal:     245760 kB
VmallocUsed:       52948 kB
VmallocChunk:      75648 kB
1557736701.400154
MemTotal:        1899508 kB
MemFree:           52004 kB
Buffers:             368 kB
Cached:           119728 kB
SwapCached:            0 kB
Active:          1488896 kB
Inactive:          62772 kB
Active(anon):    1434284 kB
Inactive(anon):     4044 kB
Active(file):      54612 kB
Inactive(file):    58728 kB
Unevictable:        1940 kB
Mlocked:               0 kB
HighTotal:       1158144 kB
HighFree:           6300 kB
LowTotal:         741364 kB
LowFree:           45704 kB
SwapTotal:             0 kB
SwapFree:              0 kB
Dirty:                 0 kB
Writeback:             0 kB
AnonPages:       1434100 kB
Mapped:            98892 kB
Shmem:              4436 kB
Slab:              32896 kB
SReclaimable:      11960 kB
SUnreclaim:        20936 kB
KernelStack:        5968 kB
PageTables:        11616 kB
NFS_Unstable:          0 kB
Bounce:                0 kB
WritebackTmp:          0 kB
CommitLimit:      949752 kB
Committed_AS:   12468684 kB
VmallocTotal:     245760 kB
VmallocUsed:       51928 kB
VmallocChunk:      75648 kB
1557736702.389560
MemTotal:        1899508 kB
MemFree:           42132 kB
Buffers:             580 kB
Cached:           123840 kB
SwapCached:            0 kB
Active:          1497728 kB
Inactive:          64216 kB
Active(anon):    1440664 kB
Inactive(anon):     4012 kB
Active(file):      57064 kB
Inactive(file):    60204 kB
Unevictable:        1940 kB
Mlocked:               0 kB
HighTotal:       1158144 kB
HighFree:           1440 kB
LowTotal:         741364 kB
LowFree:           40692 kB
SwapTotal:             0 kB
SwapFree:              0 kB
Dirty:                36 kB
Writeback:             0 kB
AnonPages:       1440372 kB
Mapped:           103700 kB
Shmem:              4404 kB
Slab:              32896 kB
SReclaimable:      11960 kB
SUnreclaim:        20936 kB
KernelStack:        6000 kB
PageTables:        11812 kB
NFS_Unstable:          0 kB
Bounce:                0 kB
WritebackTmp:          0 kB
CommitLimit:      949752 kB
Committed_AS:   12470440 kB
VmallocTotal:     245760 kB
VmallocUsed:       51928 kB
VmallocChunk:      75648 kB
1557736703.401155
MemTotal:        1899508 kB
MemFree:           41092 kB
Buffers:             528 kB
Cached:           121572 kB
SwapCached:            0 kB
Active:          1499064 kB
Inactive:          63412 kB
Active(anon):    1443280 kB
Inactive(anon):     4044 kB
Active(file):      55784 kB
Inactive(file):    59368 kB
Unevictable:        1940 kB
Mlocked:               0 kB
HighTotal:       1158144 kB
HighFree:            896 kB
LowTotal:         741364 kB
LowFree:           40196 kB
SwapTotal:             0 kB
SwapFree:              0 kB
Dirty:               180 kB
Writeback:            16 kB
AnonPages:       1443108 kB
Mapped:           107712 kB
Shmem:              4444 kB
Slab:              32888 kB
SReclaimable:      11956 kB
SUnreclaim:        20932 kB
KernelStack:        5984 kB
PageTables:        11744 kB
NFS_Unstable:          0 kB
Bounce:                0 kB
WritebackTmp:          0 kB
CommitLimit:      949752 kB
Committed_AS:   12472424 kB
VmallocTotal:     245760 kB
VmallocUsed:       51928 kB
VmallocChunk:      75648 kB
1557736704.427447
MemTotal:        1899508 kB
MemFree:           46188 kB
Buffers:             540 kB
Cached:           115544 kB
SwapCached:            0 kB
Active:          1499972 kB
Inactive:          56412 kB
Active(anon):    1443156 kB
Inactive(anon):     4088 kB
Active(file):      56816 kB
Inactive(file):    52324 kB
Unevictable:        1940 kB
Mlocked:               0 kB
HighTotal:       1158144 kB
HighFree:           2360 kB
LowTotal:         741364 kB
LowFree:           43828 kB
SwapTotal:             0 kB
SwapFree:              0 kB
Dirty:                24 kB
Writeback:             8 kB
AnonPages:       1442732 kB
Mapped:           109224 kB
Shmem:              4560 kB
Slab:              32888 kB
SReclaimable:      11956 kB
SUnreclaim:        20932 kB
KernelStack:        6208 kB
PageTables:        11948 kB
NFS_Unstable:          0 kB
Bounce:                0 kB
WritebackTmp:          0 kB
CommitLimit:      949752 kB
Committed_AS:   13698936 kB
VmallocTotal:     245760 kB
VmallocUsed:       52948 kB
VmallocChunk:      75648 kB
1557736705.492674
MemTotal:        1899508 kB
MemFree:           41160 kB
Buffers:             468 kB
Cached:           112424 kB
SwapCached:            0 kB
Active:          1506068 kB
Inactive:          58180 kB
Active(anon):    1453868 kB
Inactive(anon):     4040 kB
Active(file):      52200 kB
Inactive(file):    54140 kB
Unevictable:        1940 kB
Mlocked:               0 kB
HighTotal:       1158144 kB
HighFree:            492 kB
LowTotal:         741364 kB
LowFree:           40668 kB
SwapTotal:             0 kB
SwapFree:              0 kB
Dirty:                 0 kB
Writeback:            44 kB
AnonPages:       1453636 kB
Mapped:           112212 kB
Shmem:              4416 kB
Slab:              32884 kB
SReclaimable:      11960 kB
SUnreclaim:        20924 kB
KernelStack:        6104 kB
PageTables:        12168 kB
NFS_Unstable:          0 kB
Bounce:                0 kB
WritebackTmp:          0 kB
CommitLimit:      949752 kB
Committed_AS:   13046892 kB
VmallocTotal:     245760 kB
VmallocUsed:       52948 kB
VmallocChunk:      75648 kB
1557736706.437432
MemTotal:        1899508 kB
MemFree:           43028 kB
Buffers:             316 kB
Cached:           118512 kB
SwapCached:            0 kB
Active:          1499356 kB
Inactive:          62948 kB
Active(anon):    1445996 kB
Inactive(anon):     4040 kB
Active(file):      53360 kB
Inactive(file):    58908 kB
Unevictable:        1940 kB
Mlocked:               0 kB
HighTotal:       1158144 kB
HighFree:           1736 kB
LowTotal:         741364 kB
LowFree:           41292 kB
SwapTotal:             0 kB
SwapFree:              0 kB
Dirty:                 0 kB
Writeback:             0 kB
AnonPages:       1445672 kB
Mapped:           106248 kB
Shmem:              4432 kB
Slab:              32880 kB
SReclaimable:      11960 kB
SUnreclaim:        20920 kB
KernelStack:        6080 kB
PageTables:        11756 kB
NFS_Unstable:          0 kB
Bounce:                0 kB
WritebackTmp:          0 kB
CommitLimit:      949752 kB
Committed_AS:   13132660 kB
VmallocTotal:     245760 kB
VmallocUsed:       51928 kB
VmallocChunk:      75648 kB
1557736707.615420
MemTotal:        1899508 kB
MemFree:           39972 kB
Buffers:             820 kB
Cached:           121836 kB
SwapCached:            0 kB
Active:          1502260 kB
Inactive:          62740 kB
Active(anon):    1445128 kB
Inactive(anon):     4012 kB
Active(file):      57132 kB
Inactive(file):    58728 kB
Unevictable:        1940 kB
Mlocked:               0 kB
HighTotal:       1158144 kB
HighFree:            488 kB
LowTotal:         741364 kB
LowFree:           39484 kB
SwapTotal:             0 kB
SwapFree:              0 kB
Dirty:                 0 kB
Writeback:             0 kB
AnonPages:       1445216 kB
Mapped:           103060 kB
Shmem:              4404 kB
Slab:              32848 kB
SReclaimable:      11960 kB
SUnreclaim:        20888 kB
KernelStack:        6128 kB
PageTables:        11620 kB
NFS_Unstable:          0 kB
Bounce:                0 kB
WritebackTmp:          0 kB
CommitLimit:      949752 kB
Committed_AS:   12472976 kB
VmallocTotal:     245760 kB
VmallocUsed:       51928 kB
VmallocChunk:      75648 kB
1557736708.671125
MemTotal:        1899508 kB
MemFree:           44712 kB
Buffers:            1076 kB
Cached:           115040 kB
SwapCached:            0 kB
Active:          1501204 kB
Inactive:          58448 kB
Active(anon):    1445948 kB
Inactive(anon):     4020 kB
Active(file):      55256 kB
Inactive(file):    54428 kB
Unevictable:        1940 kB
Mlocked:               0 kB
HighTotal:       1158144 kB
HighFree:           1860 kB
LowTotal:         741364 kB
LowFree:           42852 kB
SwapTotal:             0 kB
SwapFree:              0 kB
Dirty:                84 kB
Writeback:             0 kB
AnonPages:       1445664 kB
Mapped:           105796 kB
Shmem:              4480 kB
Slab:              32884 kB
SReclaimable:      11960 kB
SUnreclaim:        20924 kB
KernelStack:        6112 kB
PageTables:        11656 kB
NFS_Unstable:          0 kB
Bounce:                0 kB
WritebackTmp:          0 kB
CommitLimit:      949752 kB
Committed_AS:   12473072 kB
VmallocTotal:     245760 kB
VmallocUsed:       51928 kB
VmallocChunk:      75648 kB
1557736709.669661
MemTotal:        1899508 kB
MemFree:           41464 kB
Buffers:            1028 kB
Cached:           116996 kB
SwapCached:            0 kB
Active:          1501908 kB
Inactive:          60224 kB
Active(anon):    1446700 kB
Inactive(anon):     4036 kB
Active(file):      55208 kB
Inactive(file):    56188 kB
Unevictable:        1940 kB
Mlocked:               0 kB
HighTotal:       1158144 kB
HighFree:           1204 kB
LowTotal:         741364 kB
LowFree:           40260 kB
SwapTotal:             0 kB
SwapFree:              0 kB
Dirty:                40 kB
Writeback:             8 kB
AnonPages:       1446424 kB
Mapped:           107572 kB
Shmem:              4420 kB
Slab:              32820 kB
SReclaimable:      11964 kB
SUnreclaim:        20856 kB
KernelStack:        6088 kB
PageTables:        11352 kB
NFS_Unstable:          0 kB
Bounce:                0 kB
WritebackTmp:          0 kB
CommitLimit:      949752 kB
Committed_AS:   11907392 kB
VmallocTotal:     245760 kB
VmallocUsed:       50908 kB
VmallocChunk:      75648 kB
1557736710.631715
MemTotal:        1899508 kB
MemFree:           42488 kB
Buffers:            1004 kB
Cached:           115020 kB
SwapCached:            0 kB
Active:          1502936 kB
Inactive:          58852 kB
Active(anon):    1448084 kB
Inactive(anon):     4040 kB
Active(file):      54852 kB
Inactive(file):    54812 kB
Unevictable:        1940 kB
Mlocked:               0 kB
HighTotal:       1158144 kB
HighFree:           2420 kB
LowTotal:         741364 kB
LowFree:           40068 kB
SwapTotal:             0 kB
SwapFree:              0 kB
Dirty:                36 kB
Writeback:             0 kB
AnonPages:       1447636 kB
Mapped:           108028 kB
Shmem:              4444 kB
Slab:              32820 kB
SReclaimable:      11964 kB
SUnreclaim:        20856 kB
KernelStack:        6144 kB
PageTables:        11448 kB
NFS_Unstable:          0 kB
Bounce:                0 kB
WritebackTmp:          0 kB
CommitLimit:      949752 kB
Committed_AS:   11908040 kB
VmallocTotal:     245760 kB
VmallocUsed:       50908 kB
VmallocChunk:      75648 kB
1557736711.599975
MemTotal:        1899508 kB
MemFree:           44720 kB
Buffers:             988 kB
Cached:           113764 kB
SwapCached:            0 kB
Active:          1501468 kB
Inactive:          58184 kB
Active(anon):    1447236 kB
Inactive(anon):     4040 kB
Active(file):      54232 kB
Inactive(file):    54144 kB
Unevictable:        1940 kB
Mlocked:               0 kB
HighTotal:       1158144 kB
HighFree:           3448 kB
LowTotal:         741364 kB
LowFree:           41272 kB
SwapTotal:             0 kB
SwapFree:              0 kB
Dirty:               104 kB
Writeback:             0 kB
AnonPages:       1446780 kB
Mapped:           108036 kB
Shmem:              4432 kB
Slab:              32816 kB
SReclaimable:      11964 kB
SUnreclaim:        20852 kB
KernelStack:        6016 kB
PageTables:        11372 kB
NFS_Unstable:          0 kB
Bounce:                0 kB
WritebackTmp:          0 kB
CommitLimit:      949752 kB
Committed_AS:   11908632 kB
VmallocTotal:     245760 kB
VmallocUsed:       50908 kB
VmallocChunk:      75648 kB
1557736712.570806
MemTotal:        1899508 kB
MemFree:           40320 kB
Buffers:            1012 kB
Cached:           116036 kB
SwapCached:            0 kB
Active:          1503940 kB
Inactive:          60784 kB
Active(anon):    1450084 kB
Inactive(anon):     4016 kB
Active(file):      53856 kB
Inactive(file):    56768 kB
Unevictable:        1940 kB
Mlocked:               0 kB
HighTotal:       1158144 kB
HighFree:            468 kB
LowTotal:         741364 kB
LowFree:           39852 kB
SwapTotal:             0 kB
SwapFree:              0 kB
Dirty:               104 kB
Writeback:             0 kB
AnonPages:       1449672 kB
Mapped:           108928 kB
Shmem:              4432 kB
Slab:              32816 kB
SReclaimable:      11964 kB
SUnreclaim:        20852 kB
KernelStack:        6040 kB
PageTables:        11736 kB
NFS_Unstable:          0 kB
Bounce:                0 kB
WritebackTmp:          0 kB
CommitLimit:      949752 kB
Committed_AS:   12482036 kB
VmallocTotal:     245760 kB
VmallocUsed:       51928 kB
VmallocChunk:      75648 kB
1557736713.534007
MemTotal:        1899508 kB
MemFree:           47668 kB
Buffers:            1008 kB
Cached:           111604 kB
SwapCached:            0 kB
Active:          1501520 kB
Inactive:          56248 kB
Active(anon):    1447516 kB
Inactive(anon):     4016 kB
Active(file):      54004 kB
Inactive(file):    52232 kB
Unevictable:        1940 kB
Mlocked:               0 kB
HighTotal:       1158144 kB
HighFree:           4368 kB
LowTotal:         741364 kB
LowFree:           43300 kB
SwapTotal:             0 kB
SwapFree:              0 kB
Dirty:               136 kB
Writeback:             0 kB
AnonPages:       1447084 kB
Mapped:           107436 kB
Shmem:              4432 kB
Slab:              32808 kB
SReclaimable:      11956 kB
SUnreclaim:        20852 kB
KernelStack:        5976 kB
PageTables:        11396 kB
NFS_Unstable:          0 kB
Bounce:                0 kB
WritebackTmp:          0 kB
CommitLimit:      949752 kB
Committed_AS:   11915552 kB
VmallocTotal:     245760 kB
VmallocUsed:       50908 kB
VmallocChunk:      75648 kB
1557736714.514441
MemTotal:        1899508 kB
MemFree:           48756 kB
Buffers:             804 kB
Cached:           112872 kB
SwapCached:            0 kB
Active:          1498652 kB
Inactive:          57464 kB
Active(anon):    1444844 kB
Inactive(anon):     4016 kB
Active(file):      53808 kB
Inactive(file):    53448 kB
Unevictable:        1940 kB
Mlocked:               0 kB
HighTotal:       1158144 kB
HighFree:           2264 kB
LowTotal:         741364 kB
LowFree:           46492 kB
SwapTotal:             0 kB
SwapFree:              0 kB
Dirty:               136 kB
Writeback:             0 kB
AnonPages:       1444432 kB
Mapped:           107260 kB
Shmem:              4432 kB
Slab:              32808 kB
SReclaimable:      11956 kB
SUnreclaim:        20852 kB
KernelStack:        5976 kB
PageTables:        11396 kB
NFS_Unstable:          0 kB
Bounce:                0 kB
WritebackTmp:          0 kB
CommitLimit:      949752 kB
Committed_AS:   11915264 kB
VmallocTotal:     245760 kB
VmallocUsed:       50908 kB
VmallocChunk:      75648 kB
1557736715.428615
MemTotal:        1899508 kB
MemFree:           49556 kB
Buffers:             820 kB
Cached:           111180 kB
SwapCached:            0 kB
Active:          1499048 kB
Inactive:          55568 kB
Active(anon):    1445056 kB
Inactive(anon):     4016 kB
Active(file):      53992 kB
Inactive(file):    51552 kB
Unevictable:        1940 kB
Mlocked:               0 kB
HighTotal:       1158144 kB
HighFree:           2816 kB
LowTotal:         741364 kB
LowFree:           46740 kB
SwapTotal:             0 kB
SwapFree:              0 kB
Dirty:                36 kB
Writeback:           100 kB
AnonPages:       1444920 kB
Mapped:           107308 kB
Shmem:              4432 kB
Slab:              32808 kB
SReclaimable:      11956 kB
SUnreclaim:        20852 kB
KernelStack:        6024 kB
PageTables:        11392 kB
NFS_Unstable:          0 kB
Bounce:                0 kB
WritebackTmp:          0 kB
CommitLimit:      949752 kB
Committed_AS:   11915408 kB
VmallocTotal:     245760 kB
VmallocUsed:       50908 kB
VmallocChunk:      75648 kB
1557736716.378304
MemTotal:        1899508 kB
MemFree:           51952 kB
Buffers:             820 kB
Cached:           110652 kB
SwapCached:            0 kB
Active:          1497760 kB
Inactive:          56048 kB
Active(anon):    1444744 kB
Inactive(anon):     4016 kB
Active(file):      53016 kB
Inactive(file):    52032 kB
Unevictable:        1940 kB
Mlocked:               0 kB
HighTotal:       1158144 kB
HighFree:           4352 kB
LowTotal:         741364 kB
LowFree:           47600 kB
SwapTotal:             0 kB
SwapFree:              0 kB
Dirty:                56 kB
Writeback:             0 kB
AnonPages:       1444448 kB
Mapped:           107208 kB
Shmem:              4432 kB
Slab:              32808 kB
SReclaimable:      11956 kB
SUnreclaim:        20852 kB
KernelStack:        5992 kB
PageTables:        11384 kB
NFS_Unstable:          0 kB
Bounce:                0 kB
WritebackTmp:          0 kB
CommitLimit:      949752 kB
Committed_AS:   11916188 kB
VmallocTotal:     245760 kB
VmallocUsed:       50908 kB
VmallocChunk:      75648 kB
1557736717.348509
MemTotal:        1899508 kB
MemFree:           49616 kB
Buffers:             820 kB
Cached:           109944 kB
SwapCached:            0 kB
Active:          1500124 kB
Inactive:          55768 kB
Active(anon):    1447556 kB
Inactive(anon):     4016 kB
Active(file):      52568 kB
Inactive(file):    51752 kB
Unevictable:        1940 kB
Mlocked:               0 kB
HighTotal:       1158144 kB
HighFree:           3560 kB
LowTotal:         741364 kB
LowFree:           46056 kB
SwapTotal:             0 kB
SwapFree:              0 kB
Dirty:                56 kB
Writeback:             0 kB
AnonPages:       1447140 kB
Mapped:           107140 kB
Shmem:              4432 kB
Slab:              32808 kB
SReclaimable:      11956 kB
SUnreclaim:        20852 kB
KernelStack:        5936 kB
PageTables:        11392 kB
NFS_Unstable:          0 kB
Bounce:                0 kB
WritebackTmp:          0 kB
CommitLimit:      949752 kB
Committed_AS:   11919372 kB
VmallocTotal:     245760 kB
VmallocUsed:       50908 kB
VmallocChunk:      75648 kB
1557736718.329860
MemTotal:        1899508 kB
MemFree:           49756 kB
Buffers:             820 kB
Cached:           107716 kB
SwapCached:            0 kB
Active:          1499732 kB
Inactive:          55508 kB
Active(anon):    1449176 kB
Inactive(anon):     4016 kB
Active(file):      50556 kB
Inactive(file):    51492 kB
Unevictable:        1940 kB
Mlocked:               0 kB
HighTotal:       1158144 kB
HighFree:           3588 kB
LowTotal:         741364 kB
LowFree:           46168 kB
SwapTotal:             0 kB
SwapFree:              0 kB
Dirty:                56 kB
Writeback:             0 kB
AnonPages:       1449000 kB
Mapped:           106800 kB
Shmem:              4432 kB
Slab:              32808 kB
SReclaimable:      11956 kB
SUnreclaim:        20852 kB
KernelStack:        5904 kB
PageTables:        11468 kB
NFS_Unstable:          0 kB
Bounce:                0 kB
WritebackTmp:          0 kB
CommitLimit:      949752 kB
Committed_AS:   11920124 kB
VmallocTotal:     245760 kB
VmallocUsed:       50908 kB
VmallocChunk:      75648 kB
1557736719.326660
MemTotal:        1899508 kB
MemFree:           75844 kB
Buffers:             836 kB
Cached:           107648 kB
SwapCached:            0 kB
Active:          1473276 kB
Inactive:          55544 kB
Active(anon):    1422720 kB
Inactive(anon):     4016 kB
Active(file):      50556 kB
Inactive(file):    51528 kB
Unevictable:        1940 kB
Mlocked:               0 kB
HighTotal:       1158144 kB
HighFree:          18588 kB
LowTotal:         741364 kB
LowFree:           57256 kB
SwapTotal:             0 kB
SwapFree:              0 kB
Dirty:                60 kB
Writeback:             0 kB
AnonPages:       1422488 kB
Mapped:           106780 kB
Shmem:              4432 kB
Slab:              32808 kB
SReclaimable:      11956 kB
SUnreclaim:        20852 kB
KernelStack:        5992 kB
PageTables:        11396 kB
NFS_Unstable:          0 kB
Bounce:                0 kB
WritebackTmp:          0 kB
CommitLimit:      949752 kB
Committed_AS:   11919676 kB
VmallocTotal:     245760 kB
VmallocUsed:       50908 kB
VmallocChunk:      75648 kB
1557736720.393963
MemTotal:        1899508 kB
MemFree:           74584 kB
Buffers:             836 kB
Cached:           108516 kB
SwapCached:            0 kB
Active:          1474912 kB
Inactive:          56436 kB
Active(anon):    1424356 kB
Inactive(anon):     4016 kB
Active(file):      50556 kB
Inactive(file):    52420 kB
Unevictable:        1940 kB
Mlocked:               0 kB
HighTotal:       1158144 kB
HighFree:          16764 kB
LowTotal:         741364 kB
LowFree:           57820 kB
SwapTotal:             0 kB
SwapFree:              0 kB
Dirty:                60 kB
Writeback:             0 kB
AnonPages:       1423928 kB
Mapped:           106924 kB
Shmem:              4432 kB
Slab:              32808 kB
SReclaimable:      11956 kB
SUnreclaim:        20852 kB
KernelStack:        5840 kB
PageTables:        11384 kB
NFS_Unstable:          0 kB
Bounce:                0 kB
WritebackTmp:          0 kB
CommitLimit:      949752 kB
Committed_AS:   11920528 kB
VmallocTotal:     245760 kB
VmallocUsed:       50908 kB
VmallocChunk:      75648 kB
1557736721.442577
MemTotal:        1899508 kB
MemFree:           72708 kB
Buffers:             836 kB
Cached:           109236 kB
SwapCached:            0 kB
Active:          1475272 kB
Inactive:          57156 kB
Active(anon):    1424716 kB
Inactive(anon):     4016 kB
Active(file):      50556 kB
Inactive(file):    53140 kB
Unevictable:        1940 kB
Mlocked:               0 kB
HighTotal:       1158144 kB
HighFree:          15224 kB
LowTotal:         741364 kB
LowFree:           57484 kB
SwapTotal:             0 kB
SwapFree:              0 kB
Dirty:                 0 kB
Writeback:             0 kB
AnonPages:       1424532 kB
Mapped:           106948 kB
Shmem:              4432 kB
Slab:              32808 kB
SReclaimable:      11956 kB
SUnreclaim:        20852 kB
KernelStack:        6000 kB
PageTables:        11412 kB
NFS_Unstable:          0 kB
Bounce:                0 kB
WritebackTmp:          0 kB
CommitLimit:      949752 kB
Committed_AS:   11920612 kB
VmallocTotal:     245760 kB
VmallocUsed:       50908 kB
VmallocChunk:      75648 kB
1557736722.520428
MemTotal:        1899508 kB
MemFree:           68168 kB
Buffers:             852 kB
Cached:           109840 kB
SwapCached:            0 kB
Active:          1478748 kB
Inactive:          57744 kB
Active(anon):    1428192 kB
Inactive(anon):     4016 kB
Active(file):      50556 kB
Inactive(file):    53728 kB
Unevictable:        1940 kB
Mlocked:               0 kB
HighTotal:       1158144 kB
HighFree:          10808 kB
LowTotal:         741364 kB
LowFree:           57360 kB
SwapTotal:             0 kB
SwapFree:              0 kB
Dirty:                 0 kB
Writeback:             0 kB
AnonPages:       1427904 kB
Mapped:           107172 kB
Shmem:              4432 kB
Slab:              32808 kB
SReclaimable:      11956 kB
SUnreclaim:        20852 kB
KernelStack:        6000 kB
PageTables:        11712 kB
NFS_Unstable:          0 kB
Bounce:                0 kB
WritebackTmp:          0 kB
CommitLimit:      949752 kB
Committed_AS:   12484084 kB
VmallocTotal:     245760 kB
VmallocUsed:       51928 kB
VmallocChunk:      75648 kB
1557736723.448597
MemTotal:        1899508 kB
MemFree:           66600 kB
Buffers:             852 kB
Cached:           109916 kB
SwapCached:            0 kB
Active:          1479744 kB
Inactive:          57848 kB
Active(anon):    1429184 kB
Inactive(anon):     4016 kB
Active(file):      50560 kB
Inactive(file):    53832 kB
Unevictable:        1940 kB
Mlocked:               0 kB
HighTotal:       1158144 kB
HighFree:           9476 kB
LowTotal:         741364 kB
LowFree:           57124 kB
SwapTotal:             0 kB
SwapFree:              0 kB
Dirty:                36 kB
Writeback:             0 kB
AnonPages:       1428796 kB
Mapped:           107200 kB
Shmem:              4432 kB
Slab:              32812 kB
SReclaimable:      11956 kB
SUnreclaim:        20856 kB
KernelStack:        6032 kB
PageTables:        11720 kB
NFS_Unstable:          0 kB
Bounce:                0 kB
WritebackTmp:          0 kB
CommitLimit:      949752 kB
Committed_AS:   12484180 kB
VmallocTotal:     245760 kB
VmallocUsed:       51928 kB
VmallocChunk:      75648 kB
1557736724.496046
MemTotal:        1899508 kB
MemFree:           66388 kB
Buffers:             852 kB
Cached:           109916 kB
SwapCached:            0 kB
Active:          1479876 kB
Inactive:          57848 kB
Active(anon):    1429316 kB
Inactive(anon):     4016 kB
Active(file):      50560 kB
Inactive(file):    53832 kB
Unevictable:        1940 kB
Mlocked:               0 kB
HighTotal:       1158144 kB
HighFree:           9216 kB
LowTotal:         741364 kB
LowFree:           57172 kB
SwapTotal:             0 kB
SwapFree:              0 kB
Dirty:                36 kB
Writeback:             0 kB
AnonPages:       1429096 kB
Mapped:           107164 kB
Shmem:              4432 kB
Slab:              32812 kB
SReclaimable:      11956 kB
SUnreclaim:        20856 kB
KernelStack:        6000 kB
PageTables:        11744 kB
NFS_Unstable:          0 kB
Bounce:                0 kB
WritebackTmp:          0 kB
CommitLimit:      949752 kB
Committed_AS:   12484892 kB
VmallocTotal:     245760 kB
VmallocUsed:       51928 kB
VmallocChunk:      75648 kB
1557736725.503637
MemTotal:        1899508 kB
MemFree:           67360 kB
Buffers:             852 kB
Cached:           109916 kB
SwapCached:            0 kB
Active:          1479636 kB
Inactive:          57848 kB
Active(anon):    1429076 kB
Inactive(anon):     4016 kB
Active(file):      50560 kB
Inactive(file):    53832 kB
Unevictable:        1940 kB
Mlocked:               0 kB
HighTotal:       1158144 kB
HighFree:           9788 kB
LowTotal:         741364 kB
LowFree:           57572 kB
SwapTotal:             0 kB
SwapFree:              0 kB
Dirty:                 0 kB
Writeback:             0 kB
AnonPages:       1428820 kB
Mapped:           107276 kB
Shmem:              4432 kB
Slab:              32812 kB
SReclaimable:      11956 kB
SUnreclaim:        20856 kB
KernelStack:        6120 kB
PageTables:        11752 kB
NFS_Unstable:          0 kB
Bounce:                0 kB
WritebackTmp:          0 kB
CommitLimit:      949752 kB
Committed_AS:   12484896 kB
VmallocTotal:     245760 kB
VmallocUsed:       51928 kB
VmallocChunk:      75648 kB
1557736726.507946
MemTotal:        1899508 kB
MemFree:           65748 kB
Buffers:             868 kB
Cached:           110356 kB
SwapCached:            0 kB
Active:          1480908 kB
Inactive:          58304 kB
Active(anon):    1430348 kB
Inactive(anon):     4016 kB
Active(file):      50560 kB
Inactive(file):    54288 kB
Unevictable:        1940 kB
Mlocked:               0 kB
HighTotal:       1158144 kB
HighFree:           7808 kB
LowTotal:         741364 kB
LowFree:           57940 kB
SwapTotal:             0 kB
SwapFree:              0 kB
Dirty:                40 kB
Writeback:             0 kB
AnonPages:       1430112 kB
Mapped:           107264 kB
Shmem:              4432 kB
Slab:              32812 kB
SReclaimable:      11956 kB
SUnreclaim:        20856 kB
KernelStack:        6080 kB
PageTables:        11752 kB
NFS_Unstable:          0 kB
Bounce:                0 kB
WritebackTmp:          0 kB
CommitLimit:      949752 kB
Committed_AS:   12485684 kB
VmallocTotal:     245760 kB
VmallocUsed:       51928 kB
VmallocChunk:      75648 kB
1557736727.613103
MemTotal:        1899508 kB
MemFree:           64588 kB
Buffers:             868 kB
Cached:           111324 kB
SwapCached:            0 kB
Active:          1480968 kB
Inactive:          59272 kB
Active(anon):    1430408 kB
Inactive(anon):     4016 kB
Active(file):      50560 kB
Inactive(file):    55256 kB
Unevictable:        1940 kB
Mlocked:               0 kB
HighTotal:       1158144 kB
HighFree:           6468 kB
LowTotal:         741364 kB
LowFree:           58120 kB
SwapTotal:             0 kB
SwapFree:              0 kB
Dirty:                40 kB
Writeback:             0 kB
AnonPages:       1430000 kB
Mapped:           108308 kB
Shmem:              4432 kB
Slab:              32812 kB
SReclaimable:      11956 kB
SUnreclaim:        20856 kB
KernelStack:        6112 kB
PageTables:        11776 kB
NFS_Unstable:          0 kB
Bounce:                0 kB
WritebackTmp:          0 kB
CommitLimit:      949752 kB
Committed_AS:   12485704 kB
VmallocTotal:     245760 kB
VmallocUsed:       51928 kB
VmallocChunk:      75648 kB
1557736728.568866
MemTotal:        1899508 kB
MemFree:           63664 kB
Buffers:             868 kB
Cached:           111868 kB
SwapCached:            0 kB
Active:          1481376 kB
Inactive:          59816 kB
Active(anon):    1430816 kB
Inactive(anon):     4016 kB
Active(file):      50560 kB
Inactive(file):    55800 kB
Unevictable:        1940 kB
Mlocked:               0 kB
HighTotal:       1158144 kB
HighFree:           5680 kB
LowTotal:         741364 kB
LowFree:           57984 kB
SwapTotal:             0 kB
SwapFree:              0 kB
Dirty:                40 kB
Writeback:             0 kB
