MemTotal:        1899508 kB
MemFree:           54736 kB
Buffers:            1936 kB
Cached:           265100 kB
SwapCached:            0 kB
Active:          1503616 kB
Inactive:         160016 kB
Active(anon):    1398596 kB
Inactive(anon):     3656 kB
Active(file):     105020 kB
Inactive(file):   156360 kB
Unevictable:        1940 kB
Mlocked:               0 kB
HighTotal:       1158144 kB
HighFree:           6768 kB
LowTotal:         741364 kB
LowFree:           47968 kB
SwapTotal:             0 kB
SwapFree:              0 kB
Dirty:               236 kB
Writeback:             0 kB
AnonPages:       1398500 kB
Mapped:           163948 kB
Shmem:              3716 kB
Slab:              34232 kB
SReclaimable:      12256 kB
SUnreclaim:        21976 kB
KernelStack:        7480 kB
PageTables:        15400 kB
NFS_Unstable:          0 kB
Bounce:                0 kB
WritebackTmp:          0 kB
CommitLimit:      949752 kB
Committed_AS:   18845804 kB
VmallocTotal:     245760 kB
VmallocUsed:       57260 kB
VmallocChunk:      75648 kB
1557733857.883952
MemTotal:        1899508 kB
MemFree:           56144 kB
Buffers:            1936 kB
Cached:           265100 kB
SwapCached:            0 kB
Active:          1503756 kB
Inactive:         159908 kB
Active(anon):    1398628 kB
Inactive(anon):     3656 kB
Active(file):     105128 kB
Inactive(file):   156252 kB
Unevictable:        1940 kB
Mlocked:               0 kB
HighTotal:       1158144 kB
HighFree:           7160 kB
LowTotal:         741364 kB
LowFree:           48984 kB
SwapTotal:             0 kB
SwapFree:              0 kB
Dirty:               236 kB
Writeback:             0 kB
AnonPages:       1398616 kB
Mapped:           163908 kB
Shmem:              3716 kB
Slab:              34224 kB
SReclaimable:      12256 kB
SUnreclaim:        21968 kB
KernelStack:        7424 kB
PageTables:        15412 kB
NFS_Unstable:          0 kB
Bounce:                0 kB
WritebackTmp:          0 kB
CommitLimit:      949752 kB
Committed_AS:   18845880 kB
VmallocTotal:     245760 kB
VmallocUsed:       57260 kB
VmallocChunk:      75648 kB
1557733858.689447
MemTotal:        1899508 kB
MemFree:           55368 kB
Buffers:            1936 kB
Cached:           265100 kB
SwapCached:            0 kB
Active:          1503748 kB
Inactive:         159908 kB
Active(anon):    1398620 kB
Inactive(anon):     3656 kB
Active(file):     105128 kB
Inactive(file):   156252 kB
Unevictable:        1940 kB
Mlocked:               0 kB
HighTotal:       1158144 kB
HighFree:           6828 kB
LowTotal:         741364 kB
LowFree:           48540 kB
SwapTotal:             0 kB
SwapFree:              0 kB
Dirty:               236 kB
Writeback:             0 kB
AnonPages:       1398608 kB
Mapped:           164004 kB
Shmem:              3716 kB
Slab:              34224 kB
SReclaimable:      12256 kB
SUnreclaim:        21968 kB
KernelStack:        7424 kB
PageTables:        15412 kB
NFS_Unstable:          0 kB
Bounce:                0 kB
WritebackTmp:          0 kB
CommitLimit:      949752 kB
Committed_AS:   18845908 kB
VmallocTotal:     245760 kB
VmallocUsed:       57260 kB
VmallocChunk:      75648 kB
1557733859.413188
MemTotal:        1899508 kB
MemFree:           54884 kB
Buffers:            1936 kB
Cached:           265224 kB
SwapCached:            0 kB
Active:          1503988 kB
Inactive:         160076 kB
Active(anon):    1398860 kB
Inactive(anon):     3656 kB
Active(file):     105128 kB
Inactive(file):   156420 kB
Unevictable:        1940 kB
Mlocked:               0 kB
HighTotal:       1158144 kB
HighFree:           6264 kB
LowTotal:         741364 kB
LowFree:           48620 kB
SwapTotal:             0 kB
SwapFree:              0 kB
Dirty:                36 kB
Writeback:           100 kB
AnonPages:       1398928 kB
Mapped:           164052 kB
Shmem:              3716 kB
Slab:              34224 kB
SReclaimable:      12256 kB
SUnreclaim:        21968 kB
KernelStack:        7480 kB
PageTables:        15312 kB
NFS_Unstable:          0 kB
Bounce:                0 kB
WritebackTmp:          0 kB
CommitLimit:      949752 kB
Committed_AS:   18847268 kB
VmallocTotal:     245760 kB
VmallocUsed:       57260 kB
VmallocChunk:      75648 kB
1557733860.116641
MemTotal:        1899508 kB
MemFree:           55020 kB
Buffers:            1936 kB
Cached:           265284 kB
SwapCached:            0 kB
Active:          1503452 kB
Inactive:         160088 kB
Active(anon):    1398320 kB
Inactive(anon):     3656 kB
Active(file):     105132 kB
Inactive(file):   156432 kB
Unevictable:        1940 kB
Mlocked:               0 kB
HighTotal:       1158144 kB
HighFree:           6572 kB
LowTotal:         741364 kB
LowFree:           48448 kB
SwapTotal:             0 kB
SwapFree:              0 kB
Dirty:                 0 kB
Writeback:             0 kB
AnonPages:       1398448 kB
Mapped:           163992 kB
Shmem:              3716 kB
Slab:              34224 kB
SReclaimable:      12256 kB
SUnreclaim:        21968 kB
KernelStack:        7472 kB
PageTables:        15412 kB
NFS_Unstable:          0 kB
Bounce:                0 kB
WritebackTmp:          0 kB
CommitLimit:      949752 kB
Committed_AS:   18847280 kB
VmallocTotal:     245760 kB
VmallocUsed:       57260 kB
VmallocChunk:      75648 kB
1557733860.860664
MemTotal:        1899508 kB
MemFree:           54540 kB
Buffers:            1936 kB
Cached:           265780 kB
SwapCached:            0 kB
Active:          1503468 kB
Inactive:         160508 kB
Active(anon):    1398336 kB
Inactive(anon):     3656 kB
Active(file):     105132 kB
Inactive(file):   156852 kB
Unevictable:        1940 kB
Mlocked:               0 kB
HighTotal:       1158144 kB
HighFree:           6068 kB
LowTotal:         741364 kB
LowFree:           48472 kB
SwapTotal:             0 kB
SwapFree:              0 kB
Dirty:                 0 kB
Writeback:             0 kB
AnonPages:       1398348 kB
Mapped:           164116 kB
Shmem:              3716 kB
Slab:              34224 kB
SReclaimable:      12256 kB
SUnreclaim:        21968 kB
KernelStack:        7472 kB
PageTables:        15412 kB
NFS_Unstable:          0 kB
Bounce:                0 kB
WritebackTmp:          0 kB
CommitLimit:      949752 kB
Committed_AS:   18847304 kB
VmallocTotal:     245760 kB
VmallocUsed:       57260 kB
VmallocChunk:      75648 kB
1557733861.558028
MemTotal:        1899508 kB
MemFree:           43972 kB
Buffers:            1752 kB
Cached:           252864 kB
SwapCached:            0 kB
Active:          1509996 kB
Inactive:         143392 kB
Active(anon):    1400932 kB
Inactive(anon):     3408 kB
Active(file):     109064 kB
Inactive(file):   139984 kB
Unevictable:        1940 kB
Mlocked:               0 kB
HighTotal:       1158144 kB
HighFree:           3516 kB
LowTotal:         741364 kB
LowFree:           40456 kB
SwapTotal:             0 kB
SwapFree:              0 kB
Dirty:                 0 kB
Writeback:             0 kB
AnonPages:       1400924 kB
Mapped:           159116 kB
Shmem:              3460 kB
Slab:              34228 kB
SReclaimable:      12256 kB
SUnreclaim:        21972 kB
KernelStack:        7440 kB
PageTables:        15300 kB
NFS_Unstable:          0 kB
Bounce:                0 kB
WritebackTmp:          0 kB
CommitLimit:      949752 kB
Committed_AS:   18848772 kB
VmallocTotal:     245760 kB
VmallocUsed:       57376 kB
VmallocChunk:      75648 kB
1557733862.217010
MemTotal:        1899508 kB
MemFree:           47208 kB
Buffers:            1752 kB
Cached:           250536 kB
SwapCached:            0 kB
Active:          1509348 kB
Inactive:         140360 kB
Active(anon):    1399808 kB
Inactive(anon):     3400 kB
Active(file):     109540 kB
Inactive(file):   136960 kB
Unevictable:        1940 kB
Mlocked:               0 kB
HighTotal:       1158144 kB
HighFree:           5664 kB
LowTotal:         741364 kB
LowFree:           41544 kB
SwapTotal:             0 kB
SwapFree:              0 kB
Dirty:                 0 kB
Writeback:             0 kB
AnonPages:       1399776 kB
Mapped:           159136 kB
Shmem:              3456 kB
Slab:              34220 kB
SReclaimable:      12256 kB
SUnreclaim:        21964 kB
KernelStack:        7440 kB
PageTables:        15376 kB
NFS_Unstable:          0 kB
Bounce:                0 kB
WritebackTmp:          0 kB
CommitLimit:      949752 kB
Committed_AS:   18848700 kB
VmallocTotal:     245760 kB
VmallocUsed:       57376 kB
VmallocChunk:      75648 kB
1557733862.924738
MemTotal:        1899508 kB
MemFree:           54940 kB
Buffers:            1924 kB
Cached:           252668 kB
SwapCached:            0 kB
Active:          1518660 kB
Inactive:         138320 kB
Active(anon):    1404632 kB
Inactive(anon):     3400 kB
Active(file):     114028 kB
Inactive(file):   134920 kB
Unevictable:        1940 kB
Mlocked:               0 kB
HighTotal:       1158144 kB
HighFree:           1732 kB
LowTotal:         741364 kB
LowFree:           53208 kB
SwapTotal:             0 kB
SwapFree:              0 kB
Dirty:                 0 kB
Writeback:            36 kB
AnonPages:       1404676 kB
Mapped:           163360 kB
Shmem:              3456 kB
Slab:              34344 kB
SReclaimable:      12256 kB
SUnreclaim:        22088 kB
KernelStack:        7616 kB
PageTables:        15704 kB
NFS_Unstable:          0 kB
Bounce:                0 kB
WritebackTmp:          0 kB
CommitLimit:      949752 kB
Committed_AS:   19421164 kB
VmallocTotal:     245760 kB
VmallocUsed:       58268 kB
VmallocChunk:      75648 kB
1557733863.678654
MemTotal:        1899508 kB
MemFree:           42168 kB
Buffers:            1992 kB
Cached:           248860 kB
SwapCached:            0 kB
Active:          1537648 kB
Inactive:         133756 kB
Active(anon):    1422704 kB
Inactive(anon):     3404 kB
Active(file):     114944 kB
Inactive(file):   130352 kB
Unevictable:        1940 kB
Mlocked:               0 kB
HighTotal:       1158144 kB
HighFree:           2464 kB
LowTotal:         741364 kB
LowFree:           39704 kB
SwapTotal:             0 kB
SwapFree:              0 kB
Dirty:                28 kB
Writeback:             0 kB
AnonPages:       1422804 kB
Mapped:           173588 kB
Shmem:              3460 kB
Slab:              34360 kB
SReclaimable:      12256 kB
SUnreclaim:        22104 kB
KernelStack:        7720 kB
PageTables:        16024 kB
NFS_Unstable:          0 kB
Bounce:                0 kB
WritebackTmp:          0 kB
CommitLimit:      949752 kB
Committed_AS:   19454420 kB
VmallocTotal:     245760 kB
VmallocUsed:       58472 kB
VmallocChunk:      75648 kB
1557733864.633947
MemTotal:        1899508 kB
MemFree:           46184 kB
Buffers:            1256 kB
Cached:           220316 kB
SwapCached:            0 kB
Active:          1538864 kB
Inactive:         113592 kB
Active(anon):    1433156 kB
Inactive(anon):     3404 kB
Active(file):     105708 kB
Inactive(file):   110188 kB
Unevictable:        1940 kB
Mlocked:               0 kB
HighTotal:       1158144 kB
HighFree:           1744 kB
LowTotal:         741364 kB
LowFree:           44440 kB
SwapTotal:             0 kB
SwapFree:              0 kB
Dirty:                44 kB
Writeback:           100 kB
AnonPages:       1433212 kB
Mapped:           166504 kB
Shmem:              3460 kB
Slab:              34360 kB
SReclaimable:      12256 kB
SUnreclaim:        22104 kB
KernelStack:        7744 kB
PageTables:        16172 kB
NFS_Unstable:          0 kB
Bounce:                0 kB
WritebackTmp:          0 kB
CommitLimit:      949752 kB
Committed_AS:   19464772 kB
VmallocTotal:     245760 kB
VmallocUsed:       58508 kB
VmallocChunk:      75648 kB
1557733865.581226
MemTotal:        1899508 kB
MemFree:           40732 kB
Buffers:            1276 kB
Cached:           214064 kB
SwapCached:            0 kB
Active:          1548724 kB
Inactive:         108284 kB
Active(anon):    1444116 kB
Inactive(anon):     3404 kB
Active(file):     104608 kB
Inactive(file):   104880 kB
Unevictable:        1940 kB
Mlocked:               0 kB
HighTotal:       1158144 kB
HighFree:            668 kB
LowTotal:         741364 kB
LowFree:           40064 kB
SwapTotal:             0 kB
SwapFree:              0 kB
Dirty:                 0 kB
Writeback:             0 kB
AnonPages:       1444272 kB
Mapped:           166400 kB
Shmem:              3460 kB
Slab:              34304 kB
SReclaimable:      12256 kB
SUnreclaim:        22048 kB
KernelStack:        7904 kB
PageTables:        16220 kB
NFS_Unstable:          0 kB
Bounce:                0 kB
WritebackTmp:          0 kB
CommitLimit:      949752 kB
Committed_AS:   19480676 kB
VmallocTotal:     245760 kB
VmallocUsed:       58500 kB
VmallocChunk:      75648 kB
1557733866.490546
MemTotal:        1899508 kB
MemFree:           41352 kB
Buffers:            1252 kB
Cached:           198520 kB
SwapCached:            0 kB
Active:          1556068 kB
Inactive:         100328 kB
Active(anon):    1458556 kB
Inactive(anon):     3412 kB
Active(file):      97512 kB
Inactive(file):    96916 kB
Unevictable:        1940 kB
Mlocked:               0 kB
HighTotal:       1158144 kB
HighFree:            932 kB
LowTotal:         741364 kB
LowFree:           40420 kB
SwapTotal:             0 kB
SwapFree:              0 kB
Dirty:                 0 kB
Writeback:            28 kB
AnonPages:       1458724 kB
Mapped:           160876 kB
Shmem:              3468 kB
Slab:              34300 kB
SReclaimable:      12256 kB
SUnreclaim:        22044 kB
KernelStack:        7936 kB
PageTables:        16420 kB
NFS_Unstable:          0 kB
Bounce:                0 kB
WritebackTmp:          0 kB
CommitLimit:      949752 kB
Committed_AS:   19506876 kB
VmallocTotal:     245760 kB
VmallocUsed:       58500 kB
VmallocChunk:      75648 kB
1557733867.373584
MemTotal:        1899508 kB
MemFree:           44648 kB
Buffers:            1240 kB
Cached:           196272 kB
SwapCached:            0 kB
Active:          1554688 kB
Inactive:          99288 kB
Active(anon):    1458620 kB
Inactive(anon):     3412 kB
Active(file):      96068 kB
Inactive(file):    95876 kB
Unevictable:        1940 kB
Mlocked:               0 kB
HighTotal:       1158144 kB
HighFree:           2860 kB
LowTotal:         741364 kB
LowFree:           41788 kB
SwapTotal:             0 kB
SwapFree:              0 kB
Dirty:               292 kB
Writeback:             0 kB
AnonPages:       1458612 kB
Mapped:           160032 kB
Shmem:              3468 kB
Slab:              34296 kB
SReclaimable:      12256 kB
SUnreclaim:        22040 kB
KernelStack:        7960 kB
PageTables:        16344 kB
NFS_Unstable:          0 kB
Bounce:                0 kB
WritebackTmp:          0 kB
CommitLimit:      949752 kB
Committed_AS:   19507056 kB
VmallocTotal:     245760 kB
VmallocUsed:       58500 kB
VmallocChunk:      75648 kB
1557733868.168521
MemTotal:        1899508 kB
MemFree:           46088 kB
Buffers:            1236 kB
Cached:           194464 kB
SwapCached:            0 kB
Active:          1554208 kB
Inactive:          98352 kB
Active(anon):    1459064 kB
Inactive(anon):     3412 kB
Active(file):      95144 kB
Inactive(file):    94940 kB
Unevictable:        1940 kB
Mlocked:               0 kB
HighTotal:       1158144 kB
HighFree:           3376 kB
LowTotal:         741364 kB
LowFree:           42712 kB
SwapTotal:             0 kB
SwapFree:              0 kB
Dirty:               292 kB
Writeback:             0 kB
AnonPages:       1459144 kB
Mapped:           159340 kB
Shmem:              3468 kB
Slab:              34296 kB
SReclaimable:      12256 kB
SUnreclaim:        22040 kB
KernelStack:        7960 kB
PageTables:        16348 kB
NFS_Unstable:          0 kB
Bounce:                0 kB
WritebackTmp:          0 kB
CommitLimit:      949752 kB
Committed_AS:   19508568 kB
VmallocTotal:     245760 kB
VmallocUsed:       58500 kB
VmallocChunk:      75648 kB
1557733869.033932
MemTotal:        1899508 kB
MemFree:           60720 kB
Buffers:            1080 kB
Cached:           182796 kB
SwapCached:            0 kB
Active:          1535492 kB
Inactive:          92524 kB
Active(anon):    1446308 kB
Inactive(anon):     3412 kB
Active(file):      89184 kB
Inactive(file):    89112 kB
Unevictable:        1940 kB
Mlocked:               0 kB
HighTotal:       1158144 kB
HighFree:           6580 kB
LowTotal:         741364 kB
LowFree:           54140 kB
SwapTotal:             0 kB
SwapFree:              0 kB
Dirty:                 0 kB
Writeback:             0 kB
AnonPages:       1446344 kB
Mapped:           147708 kB
Shmem:              3468 kB
Slab:              34292 kB
SReclaimable:      12256 kB
SUnreclaim:        22036 kB
KernelStack:        8032 kB
PageTables:        15864 kB
NFS_Unstable:          0 kB
Bounce:                0 kB
WritebackTmp:          0 kB
CommitLimit:      949752 kB
Committed_AS:   18937444 kB
VmallocTotal:     245760 kB
VmallocUsed:       57480 kB
VmallocChunk:      75648 kB
1557733870.049451
MemTotal:        1899508 kB
MemFree:           44444 kB
Buffers:            1080 kB
Cached:           189240 kB
SwapCached:            0 kB
Active:          1535700 kB
Inactive:          98740 kB
Active(anon):    1446244 kB
Inactive(anon):     3412 kB
Active(file):      89456 kB
Inactive(file):    95328 kB
Unevictable:        1940 kB
Mlocked:               0 kB
HighTotal:       1158144 kB
HighFree:           1792 kB
LowTotal:         741364 kB
LowFree:           42652 kB
SwapTotal:             0 kB
SwapFree:              0 kB
Dirty:                20 kB
Writeback:             0 kB
AnonPages:       1446052 kB
Mapped:           158808 kB
Shmem:              3468 kB
Slab:              34276 kB
SReclaimable:      12256 kB
SUnreclaim:        22020 kB
KernelStack:        7704 kB
PageTables:        15504 kB
NFS_Unstable:          0 kB
Bounce:                0 kB
WritebackTmp:          0 kB
CommitLimit:      949752 kB
Committed_AS:   18371920 kB
VmallocTotal:     245760 kB
VmallocUsed:       56556 kB
VmallocChunk:      75648 kB
1557733870.997578
MemTotal:        1899508 kB
MemFree:           40264 kB
Buffers:             920 kB
Cached:           189024 kB
SwapCached:            0 kB
Active:          1544296 kB
Inactive:          95396 kB
Active(anon):    1452280 kB
Inactive(anon):     3420 kB
Active(file):      92016 kB
Inactive(file):    91976 kB
Unevictable:        1940 kB
Mlocked:               0 kB
HighTotal:       1158144 kB
HighFree:            524 kB
LowTotal:         741364 kB
LowFree:           39740 kB
SwapTotal:             0 kB
SwapFree:              0 kB
Dirty:                 0 kB
Writeback:           552 kB
AnonPages:       1452404 kB
Mapped:           157496 kB
Shmem:              3476 kB
Slab:              34260 kB
SReclaimable:      12256 kB
SUnreclaim:        22004 kB
KernelStack:        7768 kB
PageTables:        15652 kB
NFS_Unstable:          0 kB
Bounce:                0 kB
WritebackTmp:          0 kB
CommitLimit:      949752 kB
Committed_AS:   18375208 kB
VmallocTotal:     245760 kB
VmallocUsed:       56556 kB
VmallocChunk:      75648 kB
1557733872.145364
MemTotal:        1899508 kB
MemFree:           40712 kB
Buffers:             824 kB
Cached:           167480 kB
SwapCached:            0 kB
Active:          1540652 kB
Inactive:          84504 kB
Active(anon):    1459132 kB
Inactive(anon):     3420 kB
Active(file):      81520 kB
Inactive(file):    81084 kB
Unevictable:        1940 kB
Mlocked:               0 kB
HighTotal:       1158144 kB
HighFree:           1476 kB
LowTotal:         741364 kB
LowFree:           39236 kB
SwapTotal:             0 kB
SwapFree:              0 kB
Dirty:                 0 kB
Writeback:          2808 kB
AnonPages:       1459232 kB
Mapped:           148396 kB
Shmem:              3476 kB
Slab:              34164 kB
SReclaimable:      12256 kB
SUnreclaim:        21908 kB
KernelStack:        7216 kB
PageTables:        14480 kB
NFS_Unstable:          0 kB
Bounce:                0 kB
WritebackTmp:          0 kB
CommitLimit:      949752 kB
Committed_AS:   16601816 kB
VmallocTotal:     245760 kB
VmallocUsed:       54708 kB
VmallocChunk:      75648 kB
1557733873.135304
MemTotal:        1899508 kB
MemFree:           60808 kB
Buffers:             812 kB
Cached:           148628 kB
SwapCached:            0 kB
Active:          1515672 kB
Inactive:          74068 kB
Active(anon):    1442388 kB
Inactive(anon):     3420 kB
Active(file):      73284 kB
Inactive(file):    70648 kB
Unevictable:        1940 kB
Mlocked:               0 kB
HighTotal:       1158144 kB
HighFree:          13956 kB
LowTotal:         741364 kB
LowFree:           46852 kB
SwapTotal:             0 kB
SwapFree:              0 kB
Dirty:                 0 kB
Writeback:             0 kB
AnonPages:       1442412 kB
Mapped:           159124 kB
Shmem:              3476 kB
Slab:              33968 kB
SReclaimable:      12252 kB
SUnreclaim:        21716 kB
KernelStack:        6824 kB
PageTables:        12948 kB
NFS_Unstable:          0 kB
Bounce:                0 kB
WritebackTmp:          0 kB
CommitLimit:      949752 kB
Committed_AS:   14889236 kB
VmallocTotal:     245760 kB
VmallocUsed:       51828 kB
VmallocChunk:      75648 kB
1557733874.076343
MemTotal:        1899508 kB
MemFree:           41060 kB
Buffers:             940 kB
Cached:           161296 kB
SwapCached:            0 kB
Active:          1523520 kB
Inactive:          84548 kB
Active(anon):    1448316 kB
Inactive(anon):     3420 kB
Active(file):      75204 kB
Inactive(file):    81128 kB
Unevictable:        1940 kB
Mlocked:               0 kB
HighTotal:       1158144 kB
HighFree:           1668 kB
LowTotal:         741364 kB
LowFree:           39392 kB
SwapTotal:             0 kB
SwapFree:              0 kB
Dirty:                48 kB
Writeback:             0 kB
AnonPages:       1448640 kB
Mapped:           161048 kB
Shmem:              3476 kB
Slab:              33956 kB
SReclaimable:      12252 kB
SUnreclaim:        21704 kB
KernelStack:        6888 kB
PageTables:        13244 kB
NFS_Unstable:          0 kB
Bounce:                0 kB
WritebackTmp:          0 kB
CommitLimit:      949752 kB
Committed_AS:   15458492 kB
VmallocTotal:     245760 kB
VmallocUsed:       52848 kB
VmallocChunk:      75648 kB
1557733875.005243
MemTotal:        1899508 kB
MemFree:           58424 kB
Buffers:             440 kB
Cached:           131408 kB
SwapCached:            0 kB
Active:          1484404 kB
Inactive:          65164 kB
Active(anon):    1419888 kB
Inactive(anon):     3420 kB
Active(file):      64516 kB
Inactive(file):    61744 kB
Unevictable:        1940 kB
Mlocked:               0 kB
HighTotal:       1158144 kB
HighFree:          16656 kB
LowTotal:         741364 kB
LowFree:           41768 kB
SwapTotal:             0 kB
SwapFree:              0 kB
Dirty:                 0 kB
Writeback:             0 kB
AnonPages:       1419868 kB
Mapped:           135532 kB
Shmem:              3476 kB
Slab:              33868 kB
SReclaimable:      12248 kB
SUnreclaim:        21620 kB
KernelStack:        6264 kB
PageTables:        11880 kB
NFS_Unstable:          0 kB
Bounce:                0 kB
WritebackTmp:          0 kB
CommitLimit:      949752 kB
Committed_AS:   12441276 kB
VmallocTotal:     245760 kB
VmallocUsed:       52024 kB
VmallocChunk:      75648 kB
1557733876.116970
MemTotal:        1899508 kB
MemFree:           69408 kB
Buffers:             580 kB
Cached:           125968 kB
SwapCached:            0 kB
Active:          1479988 kB
Inactive:          60820 kB
Active(anon):    1416252 kB
Inactive(anon):     3416 kB
Active(file):      63736 kB
Inactive(file):    57404 kB
Unevictable:        1940 kB
Mlocked:               0 kB
HighTotal:       1158144 kB
HighFree:          23044 kB
LowTotal:         741364 kB
LowFree:           46364 kB
SwapTotal:             0 kB
SwapFree:              0 kB
Dirty:               104 kB
Writeback:             0 kB
AnonPages:       1416232 kB
Mapped:           134188 kB
Shmem:              3472 kB
Slab:              33784 kB
SReclaimable:      12248 kB
SUnreclaim:        21536 kB
KernelStack:        6072 kB
PageTables:        11320 kB
NFS_Unstable:          0 kB
Bounce:                0 kB
WritebackTmp:          0 kB
CommitLimit:      949752 kB
Committed_AS:   11841948 kB
VmallocTotal:     245760 kB
VmallocUsed:       48580 kB
VmallocChunk:      75648 kB
1557733876.780734
MemTotal:        1899508 kB
MemFree:           62864 kB
Buffers:             580 kB
Cached:           126552 kB
SwapCached:            0 kB
Active:          1485484 kB
Inactive:          61472 kB
Active(anon):    1421820 kB
Inactive(anon):     3416 kB
Active(file):      63664 kB
Inactive(file):    58056 kB
Unevictable:        1940 kB
Mlocked:               0 kB
HighTotal:       1158144 kB
HighFree:          16732 kB
LowTotal:         741364 kB
LowFree:           46132 kB
SwapTotal:             0 kB
SwapFree:              0 kB
Dirty:                88 kB
Writeback:             0 kB
AnonPages:       1421784 kB
Mapped:           134560 kB
Shmem:              3472 kB
Slab:              33784 kB
SReclaimable:      12248 kB
SUnreclaim:        21536 kB
KernelStack:        6104 kB
PageTables:        11692 kB
NFS_Unstable:          0 kB
Bounce:                0 kB
WritebackTmp:          0 kB
CommitLimit:      949752 kB
Committed_AS:   12413836 kB
VmallocTotal:     245760 kB
VmallocUsed:       49600 kB
VmallocChunk:      75648 kB
1557733877.757863
MemTotal:        1899508 kB
MemFree:           62740 kB
Buffers:             584 kB
Cached:           126672 kB
SwapCached:            0 kB
Active:          1485484 kB
Inactive:          61556 kB
Active(anon):    1421820 kB
Inactive(anon):     3416 kB
Active(file):      63664 kB
Inactive(file):    58140 kB
Unevictable:        1940 kB
Mlocked:               0 kB
HighTotal:       1158144 kB
HighFree:          16560 kB
LowTotal:         741364 kB
LowFree:           46180 kB
SwapTotal:             0 kB
SwapFree:              0 kB
Dirty:                88 kB
Writeback:             0 kB
AnonPages:       1421968 kB
Mapped:           134516 kB
Shmem:              3472 kB
Slab:              33784 kB
SReclaimable:      12248 kB
SUnreclaim:        21536 kB
KernelStack:        6088 kB
PageTables:        11680 kB
NFS_Unstable:          0 kB
Bounce:                0 kB
WritebackTmp:          0 kB
CommitLimit:      949752 kB
Committed_AS:   12413892 kB
VmallocTotal:     245760 kB
VmallocUsed:       49600 kB
VmallocChunk:      75648 kB
1557733878.668138
MemTotal:        1899508 kB
MemFree:           62484 kB
Buffers:             600 kB
Cached:           126656 kB
SwapCached:            0 kB
Active:          1485680 kB
Inactive:          61556 kB
Active(anon):    1422016 kB
Inactive(anon):     3416 kB
Active(file):      63664 kB
Inactive(file):    58140 kB
Unevictable:        1940 kB
Mlocked:               0 kB
HighTotal:       1158144 kB
HighFree:          16304 kB
LowTotal:         741364 kB
LowFree:           46180 kB
SwapTotal:             0 kB
SwapFree:              0 kB
Dirty:                88 kB
Writeback:             0 kB
AnonPages:       1422140 kB
Mapped:           134484 kB
Shmem:              3472 kB
Slab:              33784 kB
SReclaimable:      12248 kB
SUnreclaim:        21536 kB
KernelStack:        6088 kB
PageTables:        11684 kB
NFS_Unstable:          0 kB
Bounce:                0 kB
WritebackTmp:          0 kB
CommitLimit:      949752 kB
Committed_AS:   12414600 kB
VmallocTotal:     245760 kB
VmallocUsed:       49600 kB
VmallocChunk:      75648 kB
1557733879.540880
MemTotal:        1899508 kB
MemFree:           94448 kB
Buffers:             600 kB
Cached:           126716 kB
SwapCached:            0 kB
Active:          1471240 kB
Inactive:          61644 kB
Active(anon):    1407564 kB
Inactive(anon):     3416 kB
Active(file):      63676 kB
Inactive(file):    58228 kB
Unevictable:        1940 kB
Mlocked:               0 kB
HighTotal:       1158144 kB
HighFree:          31500 kB
LowTotal:         741364 kB
LowFree:           62948 kB
SwapTotal:             0 kB
SwapFree:              0 kB
Dirty:               100 kB
Writeback:             0 kB
AnonPages:       1407564 kB
Mapped:           117172 kB
Shmem:              3472 kB
Slab:              33784 kB
SReclaimable:      12248 kB
SUnreclaim:        21536 kB
KernelStack:        6104 kB
PageTables:        11904 kB
NFS_Unstable:          0 kB
Bounce:                0 kB
WritebackTmp:          0 kB
CommitLimit:      949752 kB
Committed_AS:   13636848 kB
VmallocTotal:     245760 kB
VmallocUsed:       49408 kB
VmallocChunk:      75648 kB
1557733880.521986
MemTotal:        1899508 kB
MemFree:           78564 kB
Buffers:             616 kB
Cached:           128512 kB
SwapCached:            0 kB
Active:          1479440 kB
Inactive:          62388 kB
Active(anon):    1414760 kB
Inactive(anon):     3456 kB
Active(file):      64680 kB
Inactive(file):    58932 kB
Unevictable:        1940 kB
Mlocked:               0 kB
HighTotal:       1158144 kB
HighFree:          16932 kB
LowTotal:         741364 kB
LowFree:           61632 kB
SwapTotal:             0 kB
SwapFree:              0 kB
Dirty:                 0 kB
Writeback:             0 kB
AnonPages:       1414916 kB
Mapped:           118544 kB
Shmem:              3516 kB
Slab:              33780 kB
SReclaimable:      12248 kB
SUnreclaim:        21532 kB
KernelStack:        6320 kB
PageTables:        12320 kB
NFS_Unstable:          0 kB
Bounce:                0 kB
WritebackTmp:          0 kB
CommitLimit:      949752 kB
Committed_AS:   13022936 kB
VmallocTotal:     245760 kB
VmallocUsed:       52852 kB
VmallocChunk:      75648 kB
1557733881.703838
MemTotal:        1899508 kB
MemFree:           78040 kB
Buffers:             704 kB
Cached:           128896 kB
SwapCached:            0 kB
Active:          1479864 kB
Inactive:          62876 kB
Active(anon):    1415184 kB
Inactive(anon):     3540 kB
Active(file):      64680 kB
Inactive(file):    59336 kB
Unevictable:        1940 kB
Mlocked:               0 kB
HighTotal:       1158144 kB
HighFree:          16448 kB
LowTotal:         741364 kB
LowFree:           61592 kB
SwapTotal:             0 kB
SwapFree:              0 kB
Dirty:                 0 kB
Writeback:             0 kB
AnonPages:       1415252 kB
Mapped:           118640 kB
Shmem:              3640 kB
Slab:              33780 kB
SReclaimable:      12248 kB
SUnreclaim:        21532 kB
KernelStack:        6280 kB
PageTables:        12280 kB
NFS_Unstable:          0 kB
Bounce:                0 kB
WritebackTmp:          0 kB
CommitLimit:      949752 kB
Committed_AS:   13028996 kB
VmallocTotal:     245760 kB
VmallocUsed:       52852 kB
VmallocChunk:      75648 kB
1557733882.387891
MemTotal:        1899508 kB
MemFree:           72036 kB
Buffers:             704 kB
Cached:           129144 kB
SwapCached:            0 kB
Active:          1484984 kB
Inactive:          63120 kB
Active(anon):    1420292 kB
Inactive(anon):     3684 kB
Active(file):      64692 kB
Inactive(file):    59436 kB
Unevictable:        1940 kB
Mlocked:               0 kB
HighTotal:       1158144 kB
HighFree:          10904 kB
LowTotal:         741364 kB
LowFree:           61132 kB
SwapTotal:             0 kB
SwapFree:              0 kB
Dirty:                44 kB
Writeback:             0 kB
AnonPages:       1420224 kB
Mapped:           118996 kB
Shmem:              3780 kB
Slab:              33780 kB
SReclaimable:      12248 kB
SUnreclaim:        21532 kB
KernelStack:        6256 kB
PageTables:        12392 kB
NFS_Unstable:          0 kB
Bounce:                0 kB
WritebackTmp:          0 kB
CommitLimit:      949752 kB
Committed_AS:   13035964 kB
VmallocTotal:     245760 kB
VmallocUsed:       52852 kB
VmallocChunk:      75648 kB
1557733883.485565
MemTotal:        1899508 kB
MemFree:           69460 kB
Buffers:             720 kB
Cached:           129812 kB
SwapCached:            0 kB
Active:          1487108 kB
Inactive:          63588 kB
Active(anon):    1422416 kB
Inactive(anon):     3744 kB
Active(file):      64692 kB
Inactive(file):    59844 kB
Unevictable:        1940 kB
Mlocked:               0 kB
HighTotal:       1158144 kB
HighFree:           8448 kB
LowTotal:         741364 kB
LowFree:           61012 kB
SwapTotal:             0 kB
SwapFree:              0 kB
Dirty:                64 kB
Writeback:             0 kB
AnonPages:       1422104 kB
Mapped:           119216 kB
Shmem:              3956 kB
Slab:              33780 kB
SReclaimable:      12248 kB
SUnreclaim:        21532 kB
KernelStack:        6320 kB
PageTables:        12412 kB
NFS_Unstable:          0 kB
Bounce:                0 kB
WritebackTmp:          0 kB
CommitLimit:      949752 kB
Committed_AS:   13036104 kB
VmallocTotal:     245760 kB
VmallocUsed:       52852 kB
VmallocChunk:      75648 kB
1557733884.511631
MemTotal:        1899508 kB
MemFree:           68836 kB
Buffers:             736 kB
Cached:           130308 kB
SwapCached:            0 kB
Active:          1489716 kB
Inactive:          64092 kB
Active(anon):    1425024 kB
Inactive(anon):     3780 kB
Active(file):      64692 kB
Inactive(file):    60312 kB
Unevictable:        1940 kB
Mlocked:               0 kB
HighTotal:       1158144 kB
HighFree:           4300 kB
LowTotal:         741364 kB
LowFree:           64536 kB
SwapTotal:             0 kB
SwapFree:              0 kB
Dirty:                64 kB
Writeback:             0 kB
AnonPages:       1424808 kB
Mapped:           117012 kB
Shmem:              4020 kB
Slab:              33780 kB
SReclaimable:      12248 kB
SUnreclaim:        21532 kB
KernelStack:        6280 kB
PageTables:        12332 kB
NFS_Unstable:          0 kB
Bounce:                0 kB
WritebackTmp:          0 kB
CommitLimit:      949752 kB
Committed_AS:   13039304 kB
VmallocTotal:     245760 kB
VmallocUsed:       52828 kB
VmallocChunk:      75648 kB
1557733885.670888
MemTotal:        1899508 kB
MemFree:           63164 kB
Buffers:             752 kB
Cached:           130384 kB
SwapCached:            0 kB
Active:          1495780 kB
Inactive:          64236 kB
Active(anon):    1431088 kB
Inactive(anon):     3768 kB
Active(file):      64692 kB
Inactive(file):    60468 kB
Unevictable:        1940 kB
Mlocked:               0 kB
HighTotal:       1158144 kB
HighFree:           1736 kB
LowTotal:         741364 kB
LowFree:           61428 kB
SwapTotal:             0 kB
SwapFree:              0 kB
Dirty:                 0 kB
Writeback:             0 kB
AnonPages:       1430944 kB
Mapped:           117044 kB
Shmem:              4036 kB
Slab:              33776 kB
SReclaimable:      12248 kB
SUnreclaim:        21528 kB
KernelStack:        6272 kB
PageTables:        12324 kB
NFS_Unstable:          0 kB
Bounce:                0 kB
WritebackTmp:          0 kB
CommitLimit:      949752 kB
Committed_AS:   13041380 kB
VmallocTotal:     245760 kB
VmallocUsed:       52828 kB
VmallocChunk:      75648 kB
1557733886.801790
MemTotal:        1899508 kB
MemFree:           58080 kB
Buffers:             768 kB
Cached:           130700 kB
SwapCached:            0 kB
Active:          1500208 kB
Inactive:          64568 kB
Active(anon):    1435516 kB
Inactive(anon):     3768 kB
Active(file):      64692 kB
Inactive(file):    60800 kB
Unevictable:        1940 kB
Mlocked:               0 kB
HighTotal:       1158144 kB
HighFree:           1708 kB
LowTotal:         741364 kB
LowFree:           56372 kB
SwapTotal:             0 kB
SwapFree:              0 kB
Dirty:                40 kB
Writeback:             0 kB
AnonPages:       1435288 kB
Mapped:           117076 kB
Shmem:              4036 kB
Slab:              33840 kB
SReclaimable:      12248 kB
SUnreclaim:        21592 kB
KernelStack:        6312 kB
PageTables:        12416 kB
NFS_Unstable:          0 kB
Bounce:                0 kB
WritebackTmp:          0 kB
CommitLimit:      949752 kB
Committed_AS:   13044360 kB
VmallocTotal:     245760 kB
VmallocUsed:       52828 kB
VmallocChunk:      75648 kB
1557733887.774965
MemTotal:        1899508 kB
MemFree:           52408 kB
Buffers:             784 kB
Cached:           130700 kB
SwapCached:            0 kB
Active:          1505052 kB
Inactive:          64584 kB
Active(anon):    1440360 kB
Inactive(anon):     3768 kB
Active(file):      64692 kB
Inactive(file):    60816 kB
Unevictable:        1940 kB
Mlocked:               0 kB
HighTotal:       1158144 kB
HighFree:           1760 kB
LowTotal:         741364 kB
LowFree:           50648 kB
SwapTotal:             0 kB
SwapFree:              0 kB
Dirty:                40 kB
Writeback:             0 kB
AnonPages:       1439964 kB
Mapped:           117152 kB
Shmem:              4036 kB
Slab:              33840 kB
SReclaimable:      12248 kB
SUnreclaim:        21592 kB
KernelStack:        6312 kB
PageTables:        12328 kB
NFS_Unstable:          0 kB
Bounce:                0 kB
WritebackTmp:          0 kB
CommitLimit:      949752 kB
Committed_AS:   13053616 kB
VmallocTotal:     245760 kB
VmallocUsed:       52828 kB
VmallocChunk:      75648 kB
1557733888.769760
MemTotal:        1899508 kB
MemFree:           50384 kB
Buffers:             800 kB
Cached:           130700 kB
SwapCached:            0 kB
Active:          1507604 kB
Inactive:          64600 kB
Active(anon):    1442912 kB
Inactive(anon):     3768 kB
Active(file):      64692 kB
Inactive(file):    60832 kB
Unevictable:        1940 kB
Mlocked:               0 kB
HighTotal:       1158144 kB
HighFree:           1768 kB
LowTotal:         741364 kB
LowFree:           48616 kB
SwapTotal:             0 kB
SwapFree:              0 kB
Dirty:                40 kB
Writeback:             0 kB
AnonPages:       1442632 kB
Mapped:           117076 kB
Shmem:              4036 kB
Slab:              33872 kB
SReclaimable:      12248 kB
SUnreclaim:        21624 kB
KernelStack:        6328 kB
PageTables:        12352 kB
NFS_Unstable:          0 kB
Bounce:                0 kB
WritebackTmp:          0 kB
CommitLimit:      949752 kB
Committed_AS:   13057552 kB
VmallocTotal:     245760 kB
VmallocUsed:       52828 kB
VmallocChunk:      75648 kB
1557733889.841764
MemTotal:        1899508 kB
MemFree:           50300 kB
Buffers:             800 kB
Cached:           130700 kB
SwapCached:            0 kB
Active:          1507804 kB
Inactive:          64600 kB
Active(anon):    1443112 kB
Inactive(anon):     3768 kB
Active(file):      64692 kB
Inactive(file):    60832 kB
Unevictable:        1940 kB
Mlocked:               0 kB
HighTotal:       1158144 kB
HighFree:           1792 kB
LowTotal:         741364 kB
LowFree:           48508 kB
SwapTotal:             0 kB
SwapFree:              0 kB
Dirty:                40 kB
Writeback:             0 kB
AnonPages:       1442860 kB
Mapped:           117076 kB
Shmem:              4036 kB
Slab:              33872 kB
SReclaimable:      12248 kB
SUnreclaim:        21624 kB
KernelStack:        6264 kB
PageTables:        12352 kB
NFS_Unstable:          0 kB
Bounce:                0 kB
WritebackTmp:          0 kB
CommitLimit:      949752 kB
Committed_AS:   13057580 kB
VmallocTotal:     245760 kB
VmallocUsed:       52828 kB
VmallocChunk:      75648 kB
1557733890.917298
MemTotal:        1899508 kB
MemFree:           48388 kB
Buffers:             800 kB
Cached:           130700 kB
SwapCached:            0 kB
Active:          1510292 kB
Inactive:          64600 kB
Active(anon):    1445600 kB
Inactive(anon):     3768 kB
Active(file):      64692 kB
Inactive(file):    60832 kB
Unevictable:        1940 kB
Mlocked:               0 kB
HighTotal:       1158144 kB
HighFree:           1740 kB
LowTotal:         741364 kB
LowFree:           46648 kB
SwapTotal:             0 kB
SwapFree:              0 kB
Dirty:                 0 kB
Writeback:             0 kB
AnonPages:       1445272 kB
Mapped:           117052 kB
Shmem:              4036 kB
Slab:              33872 kB
SReclaimable:      12248 kB
SUnreclaim:        21624 kB
KernelStack:        6312 kB
PageTables:        12344 kB
NFS_Unstable:          0 kB
Bounce:                0 kB
WritebackTmp:          0 kB
CommitLimit:      949752 kB
Committed_AS:   13058408 kB
VmallocTotal:     245760 kB
VmallocUsed:       52828 kB
VmallocChunk:      75648 kB
1557733891.911665
MemTotal:        1899508 kB
MemFree:           47364 kB
Buffers:             816 kB
Cached:           131072 kB
SwapCached:            0 kB
Active:          1511448 kB
Inactive:          64952 kB
Active(anon):    1446756 kB
Inactive(anon):     3768 kB
Active(file):      64692 kB
Inactive(file):    61184 kB
Unevictable:        1940 kB
Mlocked:               0 kB
HighTotal:       1158144 kB
HighFree:           2260 kB
LowTotal:         741364 kB
LowFree:           45104 kB
SwapTotal:             0 kB
SwapFree:              0 kB
Dirty:                32 kB
Writeback:             0 kB
AnonPages:       1446684 kB
Mapped:           117200 kB
Shmem:              4036 kB
Slab:              33808 kB
SReclaimable:      12248 kB
SUnreclaim:        21560 kB
KernelStack:        6296 kB
PageTables:        12324 kB
NFS_Unstable:          0 kB
Bounce:                0 kB
WritebackTmp:          0 kB
CommitLimit:      949752 kB
Committed_AS:   13061608 kB
VmallocTotal:     245760 kB
VmallocUsed:       52828 kB
VmallocChunk:      75648 kB
1557733892.999207
MemTotal:        1899508 kB
MemFree:           45572 kB
Buffers:             816 kB
Cached:           131572 kB
SwapCached:            0 kB
Active:          1512016 kB
Inactive:          65488 kB
Active(anon):    1447324 kB
Inactive(anon):     3768 kB
Active(file):      64692 kB
Inactive(file):    61720 kB
Unevictable:        1940 kB
Mlocked:               0 kB
HighTotal:       1158144 kB
HighFree:           1704 kB
LowTotal:         741364 kB
LowFree:           43868 kB
SwapTotal:             0 kB
SwapFree:              0 kB
Dirty:                32 kB
Writeback:             0 kB
AnonPages:       1447120 kB
Mapped:           117140 kB
Shmem:              4036 kB
Slab:              33808 kB
SReclaimable:      12248 kB
SUnreclaim:        21560 kB
KernelStack:        6240 kB
PageTables:        12356 kB
NFS_Unstable:          0 kB
Bounce:                0 kB
WritebackTmp:          0 kB
CommitLimit:      949752 kB
Committed_AS:   13062396 kB
VmallocTotal:     245760 kB
VmallocUsed:       52828 kB
VmallocChunk:      75648 kB
1557733893.993812
MemTotal:        1899508 kB
MemFree:           46524 kB
Buffers:             816 kB
Cached:           131572 kB
SwapCached:            0 kB
Active:          1511916 kB
Inactive:          65488 kB
Active(anon):    1447224 kB
Inactive(anon):     3768 kB
Active(file):      64692 kB
Inactive(file):    61720 kB
Unevictable:        1940 kB
Mlocked:               0 kB
HighTotal:       1158144 kB
HighFree:           1872 kB
LowTotal:         741364 kB
LowFree:           44652 kB
SwapTotal:             0 kB
SwapFree:              0 kB
Dirty:                32 kB
Writeback:             0 kB
AnonPages:       1446908 kB
Mapped:           117144 kB
Shmem:              4036 kB
Slab:              33808 kB
SReclaimable:      12248 kB
SUnreclaim:        21560 kB
KernelStack:        6208 kB
PageTables:        12360 kB
NFS_Unstable:          0 kB
Bounce:                0 kB
WritebackTmp:          0 kB
CommitLimit:      949752 kB
Committed_AS:   13062492 kB
VmallocTotal:     245760 kB
VmallocUsed:       52828 kB
VmallocChunk:      75648 kB
1557733894.940752
MemTotal:        1899508 kB
MemFree:           44384 kB
Buffers:             816 kB
Cached:           131796 kB
SwapCached:            0 kB
Active:          1517236 kB
Inactive:          62224 kB
Active(anon):    1449164 kB
Inactive(anon):     4240 kB
Active(file):      68072 kB
Inactive(file):    57984 kB
Unevictable:        1940 kB
Mlocked:               0 kB
HighTotal:       1158144 kB
HighFree:           2892 kB
LowTotal:         741364 kB
LowFree:           41492 kB
SwapTotal:             0 kB
SwapFree:              0 kB
Dirty:                32 kB
Writeback:             0 kB
AnonPages:       1449168 kB
Mapped:           117468 kB
Shmem:              4608 kB
Slab:              33808 kB
SReclaimable:      12248 kB
SUnreclaim:        21560 kB
KernelStack:        6256 kB
PageTables:        11948 kB
NFS_Unstable:          0 kB
Bounce:                0 kB
WritebackTmp:          0 kB
CommitLimit:      949752 kB
Committed_AS:   12495772 kB
VmallocTotal:     245760 kB
VmallocUsed:       51808 kB
VmallocChunk:      75648 kB
1557733896.010680
MemTotal:        1899508 kB
MemFree:           42824 kB
Buffers:             832 kB
Cached:           129920 kB
SwapCached:            0 kB
Active:          1519108 kB
Inactive:          61188 kB
Active(anon):    1451980 kB
Inactive(anon):     4248 kB
Active(file):      67128 kB
Inactive(file):    56940 kB
Unevictable:        1940 kB
Mlocked:               0 kB
HighTotal:       1158144 kB
HighFree:           1768 kB
LowTotal:         741364 kB
LowFree:           41056 kB
SwapTotal:             0 kB
SwapFree:              0 kB
Dirty:                32 kB
Writeback:             0 kB
AnonPages:       1451752 kB
Mapped:           117560 kB
Shmem:              4612 kB
Slab:              33808 kB
SReclaimable:      12248 kB
SUnreclaim:        21560 kB
KernelStack:        6192 kB
PageTables:        11992 kB
NFS_Unstable:          0 kB
Bounce:                0 kB
WritebackTmp:          0 kB
CommitLimit:      949752 kB
Committed_AS:   12501964 kB
VmallocTotal:     245760 kB
VmallocUsed:       51808 kB
VmallocChunk:      75648 kB
1557733896.989188
MemTotal:        1899508 kB
MemFree:           44364 kB
Buffers:             824 kB
Cached:           128052 kB
SwapCached:            0 kB
Active:          1519580 kB
Inactive:          60460 kB
Active(anon):    1453556 kB
Inactive(anon):     4248 kB
Active(file):      66024 kB
Inactive(file):    56212 kB
Unevictable:        1940 kB
Mlocked:               0 kB
HighTotal:       1158144 kB
HighFree:           2348 kB
LowTotal:         741364 kB
LowFree:           42016 kB
SwapTotal:             0 kB
SwapFree:              0 kB
Dirty:                 0 kB
Writeback:             0 kB
AnonPages:       1453208 kB
Mapped:           117424 kB
Shmem:              4612 kB
Slab:              33808 kB
SReclaimable:      12248 kB
SUnreclaim:        21560 kB
KernelStack:        6136 kB
PageTables:        12300 kB
NFS_Unstable:          0 kB
Bounce:                0 kB
WritebackTmp:          0 kB
CommitLimit:      949752 kB
Committed_AS:   13725268 kB
VmallocTotal:     245760 kB
VmallocUsed:       52828 kB
VmallocChunk:      75648 kB
1557733897.993596
MemTotal:        1899508 kB
MemFree:           46900 kB
Buffers:             824 kB
Cached:           126244 kB
SwapCached:            0 kB
Active:          1518288 kB
Inactive:          58916 kB
Active(anon):    1452496 kB
Inactive(anon):     4248 kB
Active(file):      65792 kB
Inactive(file):    54668 kB
Unevictable:        1940 kB
Mlocked:               0 kB
HighTotal:       1158144 kB
HighFree:           4116 kB
LowTotal:         741364 kB
LowFree:           42784 kB
SwapTotal:             0 kB
SwapFree:              0 kB
Dirty:                 0 kB
Writeback:             0 kB
AnonPages:       1452304 kB
Mapped:           117428 kB
Shmem:              4612 kB
Slab:              33808 kB
SReclaimable:      12248 kB
SUnreclaim:        21560 kB
KernelStack:        6184 kB
PageTables:        12004 kB
NFS_Unstable:          0 kB
Bounce:                0 kB
WritebackTmp:          0 kB
CommitLimit:      949752 kB
Committed_AS:   12502764 kB
VmallocTotal:     245760 kB
VmallocUsed:       51808 kB
VmallocChunk:      75648 kB
1557733899.057802
MemTotal:        1899508 kB
MemFree:           43004 kB
Buffers:             728 kB
Cached:           125164 kB
SwapCached:            0 kB
Active:          1522216 kB
Inactive:          58096 kB
Active(anon):    1456792 kB
Inactive(anon):     4248 kB
Active(file):      65424 kB
Inactive(file):    53848 kB
Unevictable:        1940 kB
Mlocked:               0 kB
HighTotal:       1158144 kB
HighFree:           2316 kB
LowTotal:         741364 kB
LowFree:           40688 kB
SwapTotal:             0 kB
SwapFree:              0 kB
Dirty:                32 kB
Writeback:             0 kB
AnonPages:       1456336 kB
Mapped:           117484 kB
Shmem:              4612 kB
Slab:              33808 kB
SReclaimable:      12248 kB
SUnreclaim:        21560 kB
KernelStack:        6168 kB
PageTables:        12004 kB
NFS_Unstable:          0 kB
Bounce:                0 kB
WritebackTmp:          0 kB
CommitLimit:      949752 kB
Committed_AS:   12503048 kB
VmallocTotal:     245760 kB
VmallocUsed:       51808 kB
VmallocChunk:      75648 kB
1557733900.061072
MemTotal:        1899508 kB
MemFree:           45560 kB
Buffers:             716 kB
Cached:           123428 kB
SwapCached:            0 kB
Active:          1521872 kB
Inactive:          56852 kB
Active(anon):    1456992 kB
Inactive(anon):     4248 kB
Active(file):      64880 kB
Inactive(file):    52604 kB
Unevictable:        1940 kB
Mlocked:               0 kB
HighTotal:       1158144 kB
HighFree:           3416 kB
LowTotal:         741364 kB
LowFree:           42144 kB
SwapTotal:             0 kB
SwapFree:              0 kB
Dirty:                32 kB
Writeback:             0 kB
AnonPages:       1456680 kB
Mapped:           117384 kB
Shmem:              4612 kB
Slab:              33804 kB
SReclaimable:      12248 kB
SUnreclaim:        21556 kB
KernelStack:        6176 kB
PageTables:        11988 kB
NFS_Unstable:          0 kB
Bounce:                0 kB
WritebackTmp:          0 kB
CommitLimit:      949752 kB
Committed_AS:   12503128 kB
VmallocTotal:     245760 kB
VmallocUsed:       51808 kB
VmallocChunk:      75648 kB
1557733901.065683
MemTotal:        1899508 kB
MemFree:           42784 kB
Buffers:             716 kB
Cached:           123340 kB
SwapCached:            0 kB
Active:          1523684 kB
Inactive:          56836 kB
Active(anon):    1458772 kB
Inactive(anon):     4244 kB
Active(file):      64912 kB
Inactive(file):    52592 kB
Unevictable:        1940 kB
Mlocked:               0 kB
HighTotal:       1158144 kB
HighFree:           1736 kB
LowTotal:         741364 kB
LowFree:           41048 kB
SwapTotal:             0 kB
SwapFree:              0 kB
Dirty:                32 kB
Writeback:             0 kB
AnonPages:       1458448 kB
Mapped:           117632 kB
Shmem:              4612 kB
Slab:              33804 kB
SReclaimable:      12248 kB
SUnreclaim:        21556 kB
KernelStack:        6192 kB
PageTables:        12312 kB
NFS_Unstable:          0 kB
Bounce:                0 kB
WritebackTmp:          0 kB
CommitLimit:      949752 kB
Committed_AS:   13071372 kB
VmallocTotal:     245760 kB
VmallocUsed:       52828 kB
VmallocChunk:      75648 kB
1557733902.169102
MemTotal:        1899508 kB
MemFree:           43512 kB
Buffers:             716 kB
Cached:           123340 kB
SwapCached:            0 kB
Active:          1523896 kB
Inactive:          56832 kB
Active(anon):    1458984 kB
Inactive(anon):     4240 kB
Active(file):      64912 kB
Inactive(file):    52592 kB
Unevictable:        1940 kB
Mlocked:               0 kB
HighTotal:       1158144 kB
HighFree:           2084 kB
LowTotal:         741364 kB
LowFree:           41428 kB
SwapTotal:             0 kB
SwapFree:              0 kB
Dirty:                 0 kB
Writeback:             0 kB
AnonPages:       1458716 kB
Mapped:           117588 kB
Shmem:              4612 kB
Slab:              33804 kB
SReclaimable:      12248 kB
SUnreclaim:        21556 kB
KernelStack:        6280 kB
PageTables:        12360 kB
NFS_Unstable:          0 kB
Bounce:                0 kB
WritebackTmp:          0 kB
CommitLimit:      949752 kB
Committed_AS:   13071444 kB
VmallocTotal:     245760 kB
VmallocUsed:       52828 kB
VmallocChunk:      75648 kB
1557733903.243456
MemTotal:        1899508 kB
MemFree:           42440 kB
Buffers:             712 kB
Cached:           122648 kB
SwapCached:            0 kB
Active:          1524092 kB
Inactive:          56692 kB
Active(anon):    1459752 kB
Inactive(anon):     4240 kB
Active(file):      64340 kB
Inactive(file):    52452 kB
Unevictable:        1940 kB
Mlocked:               0 kB
HighTotal:       1158144 kB
HighFree:           2116 kB
LowTotal:         741364 kB
LowFree:           40324 kB
SwapTotal:             0 kB
SwapFree:              0 kB
Dirty:                 0 kB
Writeback:             0 kB
AnonPages:       1459376 kB
Mapped:           117432 kB
Shmem:              4612 kB
Slab:              33804 kB
SReclaimable:      12248 kB
SUnreclaim:        21556 kB
KernelStack:        6208 kB
PageTables:        12052 kB
NFS_Unstable:          0 kB
Bounce:                0 kB
WritebackTmp:          0 kB
CommitLimit:      949752 kB
Committed_AS:   12504900 kB
VmallocTotal:     245760 kB
VmallocUsed:       51808 kB
VmallocChunk:      75648 kB
1557733904.255059
MemTotal:        1899508 kB
MemFree:           44848 kB
Buffers:             736 kB
Cached:           121272 kB
SwapCached:            0 kB
Active:          1522036 kB
Inactive:          56436 kB
Active(anon):    1458728 kB
Inactive(anon):     4240 kB
Active(file):      63308 kB
Inactive(file):    52196 kB
Unevictable:        1940 kB
Mlocked:               0 kB
HighTotal:       1158144 kB
HighFree:           3420 kB
LowTotal:         741364 kB
LowFree:           41428 kB
SwapTotal:             0 kB
SwapFree:              0 kB
Dirty:                36 kB
Writeback:             0 kB
AnonPages:       1458540 kB
Mapped:           117168 kB
Shmem:              4612 kB
Slab:              33804 kB
SReclaimable:      12248 kB
SUnreclaim:        21556 kB
KernelStack:        6208 kB
PageTables:        12096 kB
NFS_Unstable:          0 kB
Bounce:                0 kB
WritebackTmp:          0 kB
CommitLimit:      949752 kB
Committed_AS:   12505436 kB
VmallocTotal:     245760 kB
VmallocUsed:       51808 kB
VmallocChunk:      75648 kB
1557733905.213261
MemTotal:        1899508 kB
MemFree:           43756 kB
Buffers:             736 kB
Cached:           120756 kB
SwapCached:            0 kB
Active:          1524452 kB
Inactive:          56240 kB
Active(anon):    1461544 kB
Inactive(anon):     4240 kB
Active(file):      62908 kB
Inactive(file):    52000 kB
Unevictable:        1940 kB
Mlocked:               0 kB
HighTotal:       1158144 kB
HighFree:           3548 kB
LowTotal:         741364 kB
LowFree:           40208 kB
SwapTotal:             0 kB
SwapFree:              0 kB
Dirty:                36 kB
Writeback:             0 kB
AnonPages:       1461208 kB
Mapped:           117328 kB
Shmem:              4612 kB
Slab:              33804 kB
SReclaimable:      12248 kB
SUnreclaim:        21556 kB
KernelStack:        6184 kB
PageTables:        12092 kB
NFS_Unstable:          0 kB
Bounce:                0 kB
WritebackTmp:          0 kB
CommitLimit:      949752 kB
Committed_AS:   13657832 kB
VmallocTotal:     245760 kB
VmallocUsed:       51808 kB
VmallocChunk:      75648 kB
1557733906.178951
MemTotal:        1899508 kB
MemFree:           44452 kB
Buffers:             736 kB
Cached:           120548 kB
SwapCached:            0 kB
Active:          1524352 kB
Inactive:          56152 kB
Active(anon):    1461556 kB
Inactive(anon):     4216 kB
Active(file):      62796 kB
Inactive(file):    51936 kB
Unevictable:        1940 kB
Mlocked:               0 kB
HighTotal:       1158144 kB
HighFree:           3600 kB
LowTotal:         741364 kB
LowFree:           40852 kB
SwapTotal:             0 kB
SwapFree:              0 kB
Dirty:                36 kB
Writeback:             0 kB
AnonPages:       1461296 kB
Mapped:           117312 kB
Shmem:              4612 kB
Slab:              33804 kB
SReclaimable:      12248 kB
SUnreclaim:        21556 kB
KernelStack:        6112 kB
PageTables:        12072 kB
NFS_Unstable:          0 kB
Bounce:                0 kB
WritebackTmp:          0 kB
CommitLimit:      949752 kB
Committed_AS:   12512432 kB
VmallocTotal:     245760 kB
VmallocUsed:       51808 kB
VmallocChunk:      75648 kB
1557733907.212154
MemTotal:        1899508 kB
MemFree:           40804 kB
Buffers:             752 kB
Cached:           119736 kB
SwapCached:            0 kB
Active:          1526616 kB
Inactive:          55640 kB
Active(anon):    1464260 kB
Inactive(anon):     4216 kB
Active(file):      62356 kB
Inactive(file):    51424 kB
Unevictable:        1940 kB
Mlocked:               0 kB
HighTotal:       1158144 kB
HighFree:           1212 kB
LowTotal:         741364 kB
LowFree:           39592 kB
SwapTotal:             0 kB
SwapFree:              0 kB
Dirty:                36 kB
Writeback:             0 kB
AnonPages:       1464024 kB
Mapped:           117228 kB
Shmem:              4612 kB
Slab:              33804 kB
SReclaimable:      12248 kB
SUnreclaim:        21556 kB
KernelStack:        6224 kB
PageTables:        11984 kB
NFS_Unstable:          0 kB
Bounce:                0 kB
WritebackTmp:          0 kB
CommitLimit:      949752 kB
Committed_AS:   12513056 kB
VmallocTotal:     245760 kB
VmallocUsed:       51808 kB
VmallocChunk:      75648 kB
1557733908.186396
MemTotal:        1899508 kB
MemFree:           42652 kB
Buffers:             752 kB
Cached:           117288 kB
SwapCached:            0 kB
Active:          1527916 kB
Inactive:          54644 kB
Active(anon):    1466908 kB
Inactive(anon):     4216 kB
Active(file):      61008 kB
Inactive(file):    50428 kB
Unevictable:        1940 kB
Mlocked:               0 kB
HighTotal:       1158144 kB
HighFree:           2244 kB
LowTotal:         741364 kB
LowFree:           40408 kB
SwapTotal:             0 kB
SwapFree:              0 kB
Dirty:                36 kB
Writeback:             0 kB
AnonPages:       1466444 kB
Mapped:           117216 kB
Shmem:              4612 kB
Slab:              33804 kB
SReclaimable:      12248 kB
SUnreclaim:        21556 kB
KernelStack:        6184 kB
PageTables:        12012 kB
NFS_Unstable:          0 kB
Bounce:                0 kB
WritebackTmp:          0 kB
CommitLimit:      949752 kB
Committed_AS:   12519680 kB
VmallocTotal:     245760 kB
VmallocUsed:       51808 kB
VmallocChunk:      75648 kB
1557733909.153457
MemTotal:        1899508 kB
MemFree:           41972 kB
Buffers:             752 kB
Cached:           115684 kB
SwapCached:            0 kB
Active:          1528928 kB
Inactive:          53576 kB
Active(anon):    1468500 kB
Inactive(anon):     4216 kB
Active(file):      60428 kB
Inactive(file):    49360 kB
Unevictable:        1940 kB
Mlocked:               0 kB
HighTotal:       1158144 kB
HighFree:           1700 kB
LowTotal:         741364 kB
LowFree:           40272 kB
SwapTotal:             0 kB
SwapFree:              0 kB
Dirty:                 0 kB
Writeback:             0 kB
AnonPages:       1468048 kB
Mapped:           117152 kB
Shmem:              4612 kB
Slab:              33836 kB
SReclaimable:      12248 kB
SUnreclaim:        21588 kB
KernelStack:        6136 kB
PageTables:        12348 kB
NFS_Unstable:          0 kB
Bounce:                0 kB
WritebackTmp:          0 kB
CommitLimit:      949752 kB
Committed_AS:   13087196 kB
VmallocTotal:     245760 kB
VmallocUsed:       52828 kB
VmallocChunk:      75648 kB
1557733910.100152
MemTotal:        1899508 kB
MemFree:           44780 kB
Buffers:             752 kB
Cached:           114360 kB
SwapCached:            0 kB
Active:          1527160 kB
Inactive:          52932 kB
Active(anon):    1467436 kB
Inactive(anon):     4216 kB
Active(file):      59724 kB
Inactive(file):    48716 kB
Unevictable:        1940 kB
Mlocked:               0 kB
HighTotal:       1158144 kB
HighFree:           3404 kB
LowTotal:         741364 kB
LowFree:           41376 kB
SwapTotal:             0 kB
SwapFree:              0 kB
Dirty:                 0 kB
Writeback:             0 kB
AnonPages:       1467084 kB
Mapped:           116984 kB
Shmem:              4612 kB
Slab:              33836 kB
SReclaimable:      12248 kB
SUnreclaim:        21588 kB
KernelStack:        6176 kB
PageTables:        12040 kB
NFS_Unstable:          0 kB
Bounce:                0 kB
WritebackTmp:          0 kB
CommitLimit:      949752 kB
Committed_AS:   12520560 kB
VmallocTotal:     245760 kB
VmallocUsed:       51808 kB
VmallocChunk:      75648 kB
1557733911.055823
MemTotal:        1899508 kB
MemFree:           45724 kB
Buffers:             768 kB
Cached:           115824 kB
SwapCached:            0 kB
Active:          1525200 kB
Inactive:          54800 kB
Active(anon):    1465960 kB
Inactive(anon):     4216 kB
Active(file):      59240 kB
Inactive(file):    50584 kB
Unevictable:        1940 kB
Mlocked:               0 kB
HighTotal:       1158144 kB
HighFree:           2080 kB
LowTotal:         741364 kB
LowFree:           43644 kB
SwapTotal:             0 kB
SwapFree:              0 kB
Dirty:                36 kB
Writeback:             0 kB
AnonPages:       1465608 kB
Mapped:           116852 kB
Shmem:              4612 kB
Slab:              33836 kB
SReclaimable:      12248 kB
SUnreclaim:        21588 kB
KernelStack:        6024 kB
PageTables:        11592 kB
NFS_Unstable:          0 kB
Bounce:                0 kB
WritebackTmp:          0 kB
CommitLimit:      949752 kB
Committed_AS:   11951060 kB
VmallocTotal:     245760 kB
VmallocUsed:       50788 kB
VmallocChunk:      75648 kB
1557733912.040375
MemTotal:        1899508 kB
MemFree:           40236 kB
Buffers:            1032 kB
Cached:           121220 kB
SwapCached:            0 kB
Active:          1523800 kB
Inactive:          61904 kB
Active(anon):    1466212 kB
Inactive(anon):     4216 kB
Active(file):      57588 kB
Inactive(file):    57688 kB
Unevictable:        1940 kB
Mlocked:               0 kB
HighTotal:       1158144 kB
HighFree:            460 kB
LowTotal:         741364 kB
LowFree:           39776 kB
SwapTotal:             0 kB
SwapFree:              0 kB
Dirty:                36 kB
Writeback:             0 kB
AnonPages:       1465784 kB
Mapped:           117248 kB
Shmem:              4612 kB
Slab:              33836 kB
SReclaimable:      12248 kB
SUnreclaim:        21588 kB
KernelStack:        6056 kB
PageTables:        11596 kB
NFS_Unstable:          0 kB
Bounce:                0 kB
WritebackTmp:          0 kB
CommitLimit:      949752 kB
Committed_AS:   11947248 kB
VmallocTotal:     245760 kB
VmallocUsed:       50788 kB
VmallocChunk:      75648 kB
1557733913.008547
MemTotal:        1899508 kB
MemFree:           60020 kB
Buffers:            1048 kB
Cached:           119388 kB
SwapCached:            0 kB
Active:          1505308 kB
Inactive:          60848 kB
Active(anon):    1448144 kB
Inactive(anon):     4216 kB
Active(file):      57164 kB
Inactive(file):    56632 kB
Unevictable:        1940 kB
Mlocked:               0 kB
HighTotal:       1158144 kB
HighFree:          13092 kB
LowTotal:         741364 kB
LowFree:           46928 kB
SwapTotal:             0 kB
SwapFree:              0 kB
Dirty:               316 kB
Writeback:             0 kB
AnonPages:       1447812 kB
Mapped:           117308 kB
Shmem:              4612 kB
Slab:              33856 kB
SReclaimable:      12248 kB
SUnreclaim:        21608 kB
KernelStack:        6008 kB
PageTables:        11572 kB
NFS_Unstable:          0 kB
Bounce:                0 kB
WritebackTmp:          0 kB
CommitLimit:      949752 kB
Committed_AS:   11947364 kB
VmallocTotal:     245760 kB
VmallocUsed:       50788 kB
VmallocChunk:      75648 kB
1557733914.091678
MemTotal:        1899508 kB
MemFree:           60744 kB
Buffers:            1052 kB
Cached:           118428 kB
SwapCached:            0 kB
Active:          1504744 kB
Inactive:          60792 kB
Active(anon):    1448432 kB
Inactive(anon):     4216 kB
Active(file):      56312 kB
Inactive(file):    56576 kB
Unevictable:        1940 kB
Mlocked:               0 kB
HighTotal:       1158144 kB
HighFree:          13312 kB
LowTotal:         741364 kB
LowFree:           47432 kB
SwapTotal:             0 kB
SwapFree:              0 kB
Dirty:               228 kB
Writeback:             0 kB
AnonPages:       1448120 kB
Mapped:           116684 kB
Shmem:              4612 kB
Slab:              33856 kB
SReclaimable:      12248 kB
SUnreclaim:        21608 kB
KernelStack:        6024 kB
PageTables:        11592 kB
NFS_Unstable:          0 kB
Bounce:                0 kB
WritebackTmp:          0 kB
CommitLimit:      949752 kB
Committed_AS:   11948028 kB
VmallocTotal:     245760 kB
VmallocUsed:       50788 kB
VmallocChunk:      75648 kB
1557733915.038248
MemTotal:        1899508 kB
MemFree:           57876 kB
Buffers:            1068 kB
Cached:           118416 kB
SwapCached:            0 kB
Active:          1507488 kB
Inactive:          60836 kB
Active(anon):    1451176 kB
Inactive(anon):     4216 kB
Active(file):      56312 kB
Inactive(file):    56620 kB
Unevictable:        1940 kB
Mlocked:               0 kB
HighTotal:       1158144 kB
HighFree:           9964 kB
LowTotal:         741364 kB
LowFree:           47912 kB
SwapTotal:             0 kB
SwapFree:              0 kB
Dirty:               228 kB
Writeback:             0 kB
AnonPages:       1450776 kB
Mapped:           116716 kB
Shmem:              4612 kB
Slab:              33856 kB
SReclaimable:      12248 kB
SUnreclaim:        21608 kB
KernelStack:        6056 kB
PageTables:        11596 kB
NFS_Unstable:          0 kB
Bounce:                0 kB
WritebackTmp:          0 kB
CommitLimit:      949752 kB
Committed_AS:   11948100 kB
VmallocTotal:     245760 kB
VmallocUsed:       50788 kB
VmallocChunk:      75648 kB
1557733916.097456
MemTotal:        1899508 kB
MemFree:           59088 kB
Buffers:            1068 kB
Cached:           118432 kB
SwapCached:            0 kB
Active:          1505696 kB
Inactive:          60852 kB
Active(anon):    1449384 kB
Inactive(anon):     4216 kB
Active(file):      56312 kB
Inactive(file):    56636 kB
Unevictable:        1940 kB
Mlocked:               0 kB
HighTotal:       1158144 kB
HighFree:          11220 kB
LowTotal:         741364 kB
LowFree:           47868 kB
SwapTotal:             0 kB
SwapFree:              0 kB
Dirty:               264 kB
Writeback:             0 kB
AnonPages:       1449180 kB
Mapped:           116700 kB
Shmem:              4612 kB
Slab:              33856 kB
SReclaimable:      12248 kB
SUnreclaim:        21608 kB
KernelStack:        6112 kB
PageTables:        11596 kB
NFS_Unstable:          0 kB
Bounce:                0 kB
WritebackTmp:          0 kB
CommitLimit:      949752 kB
Committed_AS:   11948872 kB
VmallocTotal:     245760 kB
VmallocUsed:       50788 kB
VmallocChunk:      75648 kB
1557733917.054127
MemTotal:        1899508 kB
MemFree:           60328 kB
Buffers:            1068 kB
Cached:           118800 kB
SwapCached:            0 kB
Active:          1504752 kB
Inactive:          61220 kB
Active(anon):    1448440 kB
Inactive(anon):     4216 kB
Active(file):      56312 kB
Inactive(file):    57004 kB
Unevictable:        1940 kB
Mlocked:               0 kB
HighTotal:       1158144 kB
HighFree:          11924 kB
LowTotal:         741364 kB
LowFree:           48404 kB
SwapTotal:             0 kB
SwapFree:              0 kB
Dirty:               264 kB
Writeback:             0 kB
AnonPages:       1448064 kB
Mapped:           116748 kB
Shmem:              4612 kB
Slab:              33848 kB
SReclaimable:      12248 kB
SUnreclaim:        21600 kB
KernelStack:        6072 kB
PageTables:        11592 kB
NFS_Unstable:          0 kB
Bounce:                0 kB
WritebackTmp:          0 kB
CommitLimit:      949752 kB
Committed_AS:   11949008 kB
VmallocTotal:     245760 kB
VmallocUsed:       50788 kB
VmallocChunk:      75648 kB
1557733918.141934
MemTotal:        1899508 kB
MemFree:           59992 kB
Buffers:            1068 kB
Cached:           118800 kB
SwapCached:            0 kB
Active:          1505300 kB
Inactive:          61220 kB
Active(anon):    1448988 kB
Inactive(anon):     4216 kB
Active(file):      56312 kB
Inactive(file):    57004 kB
Unevictable:        1940 kB
Mlocked:               0 kB
HighTotal:       1158144 kB
HighFree:          11556 kB
LowTotal:         741364 kB
LowFree:           48436 kB
SwapTotal:             0 kB
SwapFree:              0 kB
Dirty:               264 kB
Writeback:             0 kB
AnonPages:       1448600 kB
Mapped:           116824 kB
Shmem:              4612 kB
Slab:              33840 kB
SReclaimable:      12248 kB
SUnreclaim:        21592 kB
KernelStack:        6024 kB
PageTables:        11592 kB
NFS_Unstable:          0 kB
Bounce:                0 kB
WritebackTmp:          0 kB
CommitLimit:      949752 kB
Committed_AS:   11949736 kB
VmallocTotal:     245760 kB
VmallocUsed:       50788 kB
VmallocChunk:      75648 kB
1557733919.129927
MemTotal:        1899508 kB
MemFree:           56700 kB
Buffers:            1068 kB
Cached:           118984 kB
SwapCached:            0 kB
Active:          1507196 kB
Inactive:          61468 kB
Active(anon):    1450884 kB
Inactive(anon):     4216 kB
Active(file):      56312 kB
Inactive(file):    57252 kB
Unevictable:        1940 kB
Mlocked:               0 kB
HighTotal:       1158144 kB
HighFree:           8976 kB
LowTotal:         741364 kB
LowFree:           47724 kB
SwapTotal:             0 kB
SwapFree:              0 kB
Dirty:                 0 kB
Writeback:             0 kB
AnonPages:       1450572 kB
Mapped:           116964 kB
Shmem:              4612 kB
Slab:              33840 kB
SReclaimable:      12248 kB
SUnreclaim:        21592 kB
KernelStack:        6104 kB
PageTables:        11588 kB
NFS_Unstable:          0 kB
Bounce:                0 kB
WritebackTmp:          0 kB
CommitLimit:      949752 kB
Committed_AS:   11949840 kB
VmallocTotal:     245760 kB
VmallocUsed:       50788 kB
VmallocChunk:      75648 kB
1557733920.324642
MemTotal:        1899508 kB
MemFree:           54196 kB
Buffers:            1084 kB
Cached:           119100 kB
SwapCached:            0 kB
Active:          1510980 kB
Inactive:          61536 kB
Active(anon):    1454668 kB
Inactive(anon):     4216 kB
Active(file):      56312 kB
Inactive(file):    57320 kB
Unevictable:        1940 kB
Mlocked:               0 kB
HighTotal:       1158144 kB
HighFree:           5744 kB
LowTotal:         741364 kB
LowFree:           48452 kB
SwapTotal:             0 kB
SwapFree:              0 kB
Dirty:                32 kB
Writeback:             0 kB
AnonPages:       1454332 kB
Mapped:           116828 kB
Shmem:              4612 kB
Slab:              33840 kB
SReclaimable:      12248 kB
SUnreclaim:        21592 kB
KernelStack:        6120 kB
PageTables:        11940 kB
NFS_Unstable:          0 kB
Bounce:                0 kB
WritebackTmp:          0 kB
CommitLimit:      949752 kB
Committed_AS:   13173004 kB
VmallocTotal:     245760 kB
VmallocUsed:       51808 kB
VmallocChunk:      75648 kB
1557733921.244104
MemTotal:        1899508 kB
MemFree:           40244 kB
Buffers:             756 kB
Cached:           130296 kB
SwapCached:            0 kB
Active:          1519932 kB
Inactive:          66788 kB
Active(anon):    1458792 kB
Inactive(anon):     4216 kB
Active(file):      61140 kB
Inactive(file):    62572 kB
Unevictable:        1940 kB
Mlocked:               0 kB
HighTotal:       1158144 kB
HighFree:            708 kB
LowTotal:         741364 kB
LowFree:           39536 kB
SwapTotal:             0 kB
SwapFree:              0 kB
Dirty:                44 kB
Writeback:             0 kB
AnonPages:       1458716 kB
Mapped:           117080 kB
Shmem:              4612 kB
Slab:              33844 kB
SReclaimable:      12248 kB
SUnreclaim:        21596 kB
KernelStack:        6208 kB
PageTables:        12272 kB
NFS_Unstable:          0 kB
Bounce:                0 kB
WritebackTmp:          0 kB
CommitLimit:      949752 kB
Committed_AS:   13087652 kB
VmallocTotal:     245760 kB
VmallocUsed:       52828 kB
VmallocChunk:      75648 kB
1557733922.244303
MemTotal:        1899508 kB
MemFree:           40484 kB
Buffers:             512 kB
Cached:           122816 kB
SwapCached:            0 kB
Active:          1523656 kB
Inactive:          63732 kB
Active(anon):    1466572 kB
Inactive(anon):     4220 kB
Active(file):      57084 kB
Inactive(file):    59512 kB
Unevictable:        1940 kB
Mlocked:               0 kB
HighTotal:       1158144 kB
HighFree:            716 kB
LowTotal:         741364 kB
LowFree:           39768 kB
SwapTotal:             0 kB
SwapFree:              0 kB
Dirty:                60 kB
Writeback:             0 kB
AnonPages:       1466332 kB
Mapped:           112888 kB
Shmem:              4616 kB
Slab:              33796 kB
SReclaimable:      12220 kB
SUnreclaim:        21576 kB
KernelStack:        6256 kB
PageTables:        12804 kB
NFS_Unstable:          0 kB
Bounce:                0 kB
WritebackTmp:          0 kB
CommitLimit:      949752 kB
Committed_AS:   13659760 kB
VmallocTotal:     245760 kB
VmallocUsed:       53848 kB
VmallocChunk:      75648 kB
1557733923.226189
MemTotal:        1899508 kB
MemFree:           41336 kB
Buffers:             508 kB
Cached:           119632 kB
SwapCached:            0 kB
Active:          1523800 kB
Inactive:          61340 kB
Active(anon):    1467856 kB
Inactive(anon):     4220 kB
Active(file):      55944 kB
Inactive(file):    57120 kB
Unevictable:        1940 kB
Mlocked:               0 kB
HighTotal:       1158144 kB
HighFree:           1092 kB
LowTotal:         741364 kB
LowFree:           40244 kB
SwapTotal:             0 kB
SwapFree:              0 kB
Dirty:                 0 kB
Writeback:             0 kB
AnonPages:       1467640 kB
Mapped:           108376 kB
Shmem:              4616 kB
Slab:              33792 kB
SReclaimable:      12216 kB
SUnreclaim:        21576 kB
KernelStack:        6448 kB
PageTables:        12420 kB
NFS_Unstable:          0 kB
Bounce:                0 kB
WritebackTmp:          0 kB
CommitLimit:      949752 kB
Committed_AS:   13089124 kB
VmallocTotal:     245760 kB
VmallocUsed:       52828 kB
VmallocChunk:      75648 kB
1557733924.189309
MemTotal:        1899508 kB
MemFree:           49352 kB
Buffers:             624 kB
Cached:           124640 kB
SwapCached:            0 kB
Active:          1516560 kB
Inactive:          63816 kB
Active(anon):    1457592 kB
Inactive(anon):     4216 kB
Active(file):      58968 kB
Inactive(file):    59600 kB
Unevictable:        1940 kB
Mlocked:               0 kB
HighTotal:       1158144 kB
HighFree:           3540 kB
LowTotal:         741364 kB
LowFree:           45812 kB
SwapTotal:             0 kB
SwapFree:              0 kB
Dirty:                56 kB
Writeback:             0 kB
AnonPages:       1457216 kB
Mapped:            95332 kB
Shmem:              4612 kB
Slab:              33792 kB
SReclaimable:      12216 kB
SUnreclaim:        21576 kB
KernelStack:        6032 kB
PageTables:        11576 kB
NFS_Unstable:          0 kB
Bounce:                0 kB
WritebackTmp:          0 kB
CommitLimit:      949752 kB
Committed_AS:   11950220 kB
VmallocTotal:     245760 kB
VmallocUsed:       50788 kB
VmallocChunk:      75648 kB
1557733925.207766
MemTotal:        1899508 kB
MemFree:           50768 kB
Buffers:             624 kB
Cached:           122852 kB
SwapCached:            0 kB
Active:          1516224 kB
Inactive:          62516 kB
Active(anon):    1457768 kB
Inactive(anon):     4216 kB
Active(file):      58456 kB
Inactive(file):    58300 kB
Unevictable:        1940 kB
Mlocked:               0 kB
HighTotal:       1158144 kB
HighFree:           4500 kB
LowTotal:         741364 kB
LowFree:           46268 kB
SwapTotal:             0 kB
SwapFree:              0 kB
Dirty:                60 kB
Writeback:             0 kB
AnonPages:       1457452 kB
Mapped:            95172 kB
Shmem:              4612 kB
Slab:              33780 kB
SReclaimable:      12216 kB
SUnreclaim:        21564 kB
KernelStack:        6000 kB
PageTables:        11580 kB
NFS_Unstable:          0 kB
Bounce:                0 kB
WritebackTmp:          0 kB
CommitLimit:      949752 kB
Committed_AS:   11950268 kB
VmallocTotal:     245760 kB
VmallocUsed:       50788 kB
VmallocChunk:      75648 kB
1557733926.208278
MemTotal:        1899508 kB
MemFree:           55824 kB
Buffers:             624 kB
Cached:           121008 kB
SwapCached:            0 kB
Active:          1511808 kB
Inactive:          61344 kB
Active(anon):    1453892 kB
Inactive(anon):     4216 kB
Active(file):      57916 kB
Inactive(file):    57128 kB
Unevictable:        1940 kB
Mlocked:               0 kB
HighTotal:       1158144 kB
HighFree:           8860 kB
LowTotal:         741364 kB
LowFree:           46964 kB
SwapTotal:             0 kB
SwapFree:              0 kB
Dirty:                60 kB
Writeback:             0 kB
AnonPages:       1453508 kB
Mapped:            95220 kB
Shmem:              4612 kB
Slab:              33780 kB
SReclaimable:      12216 kB
SUnreclaim:        21564 kB
KernelStack:        5992 kB
PageTables:        11576 kB
NFS_Unstable:          0 kB
Bounce:                0 kB
WritebackTmp:          0 kB
CommitLimit:      949752 kB
Committed_AS:   11946356 kB
VmallocTotal:     245760 kB
VmallocUsed:       50788 kB
VmallocChunk:      75648 kB
1557733927.311991
MemTotal:        1899508 kB
MemFree:           55376 kB
Buffers:             624 kB
Cached:           119956 kB
SwapCached:            0 kB
Active:          1512684 kB
Inactive:          60724 kB
Active(anon):    1455308 kB
Inactive(anon):     4192 kB
Active(file):      57376 kB
Inactive(file):    56532 kB
Unevictable:        1940 kB
Mlocked:               0 kB
HighTotal:       1158144 kB
HighFree:           8616 kB
LowTotal:         741364 kB
LowFree:           46760 kB
SwapTotal:             0 kB
SwapFree:              0 kB
Dirty:                60 kB
Writeback:             0 kB
AnonPages:       1454888 kB
Mapped:            95212 kB
Shmem:              4612 kB
Slab:              33780 kB
SReclaimable:      12216 kB
SUnreclaim:        21564 kB
KernelStack:        5984 kB
PageTables:        11672 kB
NFS_Unstable:          0 kB
Bounce:                0 kB
WritebackTmp:          0 kB
CommitLimit:      949752 kB
Committed_AS:   11946396 kB
VmallocTotal:     245760 kB
VmallocUsed:       50788 kB
VmallocChunk:      75648 kB
1557733928.311238
MemTotal:        1899508 kB
MemFree:           57012 kB
Buffers:             624 kB
Cached:           118868 kB
SwapCached:            0 kB
Active:          1511612 kB
Inactive:          60384 kB
Active(anon):    1454920 kB
Inactive(anon):     4192 kB
Active(file):      56692 kB
Inactive(file):    56192 kB
Unevictable:        1940 kB
Mlocked:               0 kB
HighTotal:       1158144 kB
HighFree:           9936 kB
LowTotal:         741364 kB
LowFree:           47076 kB
SwapTotal:             0 kB
SwapFree:              0 kB
Dirty:                60 kB
Writeback:             0 kB
AnonPages:       1454500 kB
Mapped:            94524 kB
Shmem:              4612 kB
Slab:              33780 kB
SReclaimable:      12216 kB
SUnreclaim:        21564 kB
KernelStack:        6040 kB
PageTables:        11580 kB
NFS_Unstable:          0 kB
Bounce:                0 kB
WritebackTmp:          0 kB
CommitLimit:      949752 kB
Committed_AS:   11947092 kB
VmallocTotal:     245760 kB
VmallocUsed:       50788 kB
VmallocChunk:      75648 kB
1557733929.248659
MemTotal:        1899508 kB
MemFree:           56216 kB
Buffers:             648 kB
Cached:           119580 kB
SwapCached:            0 kB
Active:          1511104 kB
Inactive:          61348 kB
Active(anon):    1454660 kB
Inactive(anon):     4192 kB
Active(file):      56444 kB
Inactive(file):    57156 kB
Unevictable:        1940 kB
Mlocked:               0 kB
HighTotal:       1158144 kB
HighFree:           9344 kB
LowTotal:         741364 kB
LowFree:           46872 kB
SwapTotal:             0 kB
SwapFree:              0 kB
Dirty:                56 kB
Writeback:             0 kB
AnonPages:       1454328 kB
Mapped:            94524 kB
Shmem:              4612 kB
Slab:              33780 kB
SReclaimable:      12216 kB
SUnreclaim:        21564 kB
KernelStack:        5984 kB
PageTables:        11580 kB
NFS_Unstable:          0 kB
Bounce:                0 kB
WritebackTmp:          0 kB
CommitLimit:      949752 kB
Committed_AS:   11947108 kB
VmallocTotal:     245760 kB
VmallocUsed:       50788 kB
VmallocChunk:      75648 kB
1557733930.221336
MemTotal:        1899508 kB
MemFree:           54592 kB
Buffers:             648 kB
Cached:           118444 kB
SwapCached:            0 kB
Active:          1513172 kB
Inactive:          60220 kB
Active(anon):    1456708 kB
Inactive(anon):     4192 kB
Active(file):      56464 kB
Inactive(file):    56028 kB
Unevictable:        1940 kB
Mlocked:               0 kB
HighTotal:       1158144 kB
HighFree:           8248 kB
LowTotal:         741364 kB
LowFree:           46344 kB
SwapTotal:             0 kB
SwapFree:              0 kB
Dirty:                64 kB
Writeback:             0 kB
AnonPages:       1456236 kB
Mapped:            94728 kB
Shmem:              4612 kB
Slab:              33772 kB
SReclaimable:      12216 kB
SUnreclaim:        21556 kB
KernelStack:        6160 kB
PageTables:        11588 kB
NFS_Unstable:          0 kB
Bounce:                0 kB
WritebackTmp:          0 kB
CommitLimit:      949752 kB
Committed_AS:   11947948 kB
VmallocTotal:     245760 kB
VmallocUsed:       50788 kB
VmallocChunk:      75648 kB
1557733931.334205
MemTotal:        1899508 kB
MemFree:           54764 kB
Buffers:             648 kB
Cached:           117440 kB
SwapCached:            0 kB
Active:          1513944 kB
Inactive:          59612 kB
Active(anon):    1457792 kB
Inactive(anon):     4192 kB
Active(file):      56152 kB
Inactive(file):    55420 kB
Unevictable:        1940 kB
Mlocked:               0 kB
HighTotal:       1158144 kB
HighFree:           7876 kB
LowTotal:         741364 kB
LowFree:           46888 kB
SwapTotal:             0 kB
SwapFree:              0 kB
Dirty:                64 kB
Writeback:             0 kB
AnonPages:       1457480 kB
Mapped:            94452 kB
Shmem:              4612 kB
Slab:              33804 kB
SReclaimable:      12216 kB
SUnreclaim:        21588 kB
KernelStack:        6056 kB
PageTables:        11560 kB
NFS_Unstable:          0 kB
Bounce:                0 kB
WritebackTmp:          0 kB
CommitLimit:      949752 kB
Committed_AS:   11947908 kB
VmallocTotal:     245760 kB
VmallocUsed:       50788 kB
VmallocChunk:      75648 kB
1557733932.297610
MemTotal:        1899508 kB
MemFree:           51012 kB
Buffers:             664 kB
Cached:           117228 kB
SwapCached:            0 kB
Active:          1518384 kB
Inactive:          59428 kB
Active(anon):    1462280 kB
Inactive(anon):     4192 kB
Active(file):      56104 kB
Inactive(file):    55236 kB
Unevictable:        1940 kB
Mlocked:               0 kB
HighTotal:       1158144 kB
HighFree:           4112 kB
LowTotal:         741364 kB
LowFree:           46900 kB
SwapTotal:             0 kB
SwapFree:              0 kB
Dirty:               100 kB
Writeback:             0 kB
AnonPages:       1461924 kB
Mapped:            94604 kB
Shmem:              4612 kB
Slab:              33804 kB
SReclaimable:      12216 kB
SUnreclaim:        21588 kB
KernelStack:        6040 kB
PageTables:        11692 kB
NFS_Unstable:          0 kB
Bounce:                0 kB
WritebackTmp:          0 kB
CommitLimit:      949752 kB
Committed_AS:   11951040 kB
VmallocTotal:     245760 kB
VmallocUsed:       50788 kB
VmallocChunk:      75648 kB
1557733933.330848
MemTotal:        1899508 kB
MemFree:           55468 kB
Buffers:             664 kB
Cached:           116424 kB
SwapCached:            0 kB
Active:          1514592 kB
Inactive:          59104 kB
Active(anon):    1458992 kB
Inactive(anon):     4192 kB
Active(file):      55600 kB
Inactive(file):    54912 kB
Unevictable:        1940 kB
Mlocked:               0 kB
HighTotal:       1158144 kB
HighFree:           8108 kB
LowTotal:         741364 kB
LowFree:           47360 kB
SwapTotal:             0 kB
SwapFree:              0 kB
Dirty:               100 kB
Writeback:             0 kB
AnonPages:       1458660 kB
Mapped:            94472 kB
Shmem:              4612 kB
Slab:              33804 kB
SReclaimable:      12216 kB
SUnreclaim:        21588 kB
KernelStack:        6040 kB
PageTables:        11588 kB
NFS_Unstable:          0 kB
Bounce:                0 kB
WritebackTmp:          0 kB
CommitLimit:      949752 kB
Committed_AS:   11951764 kB
VmallocTotal:     245760 kB
VmallocUsed:       50788 kB
VmallocChunk:      75648 kB
1557733934.329055
MemTotal:        1899508 kB
MemFree:           56972 kB
Buffers:             664 kB
Cached:           114712 kB
SwapCached:            0 kB
Active:          1513668 kB
Inactive:          58280 kB
Active(anon):    1458976 kB
Inactive(anon):     4192 kB
Active(file):      54692 kB
Inactive(file):    54088 kB
Unevictable:        1940 kB
Mlocked:               0 kB
HighTotal:       1158144 kB
HighFree:           9796 kB
LowTotal:         741364 kB
LowFree:           47176 kB
SwapTotal:             0 kB
SwapFree:              0 kB
Dirty:                36 kB
Writeback:             0 kB
AnonPages:       1458724 kB
Mapped:            94216 kB
Shmem:              4612 kB
Slab:              33804 kB
SReclaimable:      12216 kB
SUnreclaim:        21588 kB
KernelStack:        5984 kB
PageTables:        11596 kB
NFS_Unstable:          0 kB
Bounce:                0 kB
WritebackTmp:          0 kB
CommitLimit:      949752 kB
Committed_AS:   11951816 kB
VmallocTotal:     245760 kB
VmallocUsed:       50788 kB
VmallocChunk:      75648 kB
1557733935.327967
MemTotal:        1899508 kB
MemFree:           54220 kB
Buffers:             664 kB
Cached:           114020 kB
SwapCached:            0 kB
Active:          1516296 kB
Inactive:          57884 kB
Active(anon):    1461900 kB
Inactive(anon):     4192 kB
Active(file):      54396 kB
Inactive(file):    53692 kB
Unevictable:        1940 kB
Mlocked:               0 kB
HighTotal:       1158144 kB
HighFree:           7200 kB
LowTotal:         741364 kB
LowFree:           47020 kB
SwapTotal:             0 kB
SwapFree:              0 kB
Dirty:                36 kB
Writeback:             0 kB
AnonPages:       1461520 kB
Mapped:            94184 kB
Shmem:              4612 kB
Slab:              33804 kB
SReclaimable:      12216 kB
SUnreclaim:        21588 kB
KernelStack:        5984 kB
PageTables:        11592 kB
NFS_Unstable:          0 kB
Bounce:                0 kB
WritebackTmp:          0 kB
CommitLimit:      949752 kB
Committed_AS:   11952572 kB
VmallocTotal:     245760 kB
VmallocUsed:       50788 kB
VmallocChunk:      75648 kB
1557733936.318216
MemTotal:        1899508 kB
MemFree:           54088 kB
Buffers:             680 kB
Cached:           113176 kB
SwapCached:            0 kB
Active:          1517376 kB
Inactive:          57424 kB
Active(anon):    1463504 kB
Inactive(anon):     4192 kB
Active(file):      53872 kB
Inactive(file):    53232 kB
Unevictable:        1940 kB
Mlocked:               0 kB
HighTotal:       1158144 kB
HighFree:           6304 kB
LowTotal:         741364 kB
LowFree:           47784 kB
SwapTotal:             0 kB
SwapFree:              0 kB
Dirty:                72 kB
Writeback:             0 kB
AnonPages:       1463100 kB
Mapped:            94244 kB
Shmem:              4612 kB
Slab:              33804 kB
SReclaimable:      12216 kB
SUnreclaim:        21588 kB
KernelStack:        6032 kB
PageTables:        11588 kB
NFS_Unstable:          0 kB
Bounce:                0 kB
WritebackTmp:          0 kB
CommitLimit:      949752 kB
Committed_AS:   11955936 kB
VmallocTotal:     245760 kB
VmallocUsed:       50788 kB
VmallocChunk:      75648 kB
1557733937.264230
MemTotal:        1899508 kB
MemFree:           56896 kB
Buffers:             680 kB
Cached:           113052 kB
SwapCached:            0 kB
Active:          1514716 kB
Inactive:          57560 kB
Active(anon):    1460904 kB
Inactive(anon):     4192 kB
Active(file):      53812 kB
Inactive(file):    53368 kB
Unevictable:        1940 kB
Mlocked:               0 kB
HighTotal:       1158144 kB
HighFree:           8796 kB
LowTotal:         741364 kB
LowFree:           48100 kB
SwapTotal:             0 kB
SwapFree:              0 kB
Dirty:                72 kB
Writeback:             0 kB
AnonPages:       1460604 kB
Mapped:            94360 kB
Shmem:              4612 kB
Slab:              33772 kB
SReclaimable:      12216 kB
SUnreclaim:        21556 kB
KernelStack:        5984 kB
PageTables:        11596 kB
NFS_Unstable:          0 kB
Bounce:                0 kB
WritebackTmp:          0 kB
CommitLimit:      949752 kB
Committed_AS:   11956552 kB
VmallocTotal:     245760 kB
VmallocUsed:       50788 kB
VmallocChunk:      75648 kB
1557733938.216000
MemTotal:        1899508 kB
MemFree:           56900 kB
Buffers:             680 kB
Cached:           113332 kB
SwapCached:            0 kB
Active:          1514120 kB
Inactive:          57840 kB
Active(anon):    1460308 kB
Inactive(anon):     4192 kB
Active(file):      53812 kB
Inactive(file):    53648 kB
Unevictable:        1940 kB
Mlocked:               0 kB
HighTotal:       1158144 kB
HighFree:           8396 kB
LowTotal:         741364 kB
LowFree:           48504 kB
SwapTotal:             0 kB
SwapFree:              0 kB
Dirty:                72 kB
Writeback:             0 kB
AnonPages:       1459980 kB
Mapped:            94308 kB
Shmem:              4612 kB
Slab:              33740 kB
SReclaimable:      12216 kB
SUnreclaim:        21524 kB
KernelStack:        6064 kB
PageTables:        11600 kB
NFS_Unstable:          0 kB
Bounce:                0 kB
WritebackTmp:          0 kB
CommitLimit:      949752 kB
Committed_AS:   11956692 kB
VmallocTotal:     245760 kB
VmallocUsed:       50788 kB
VmallocChunk:      75648 kB
1557733939.191508
MemTotal:        1899508 kB
MemFree:           54812 kB
Buffers:             680 kB
Cached:           113332 kB
SwapCached:            0 kB
Active:          1516584 kB
Inactive:          57840 kB
Active(anon):    1462772 kB
Inactive(anon):     4192 kB
Active(file):      53812 kB
Inactive(file):    53648 kB
Unevictable:        1940 kB
Mlocked:               0 kB
HighTotal:       1158144 kB
HighFree:           6096 kB
LowTotal:         741364 kB
LowFree:           48716 kB
SwapTotal:             0 kB
SwapFree:              0 kB
Dirty:                 0 kB
Writeback:             0 kB
AnonPages:       1462424 kB
Mapped:            94320 kB
Shmem:              4612 kB
Slab:              33740 kB
SReclaimable:      12216 kB
SUnreclaim:        21524 kB
KernelStack:        6040 kB
PageTables:        11616 kB
NFS_Unstable:          0 kB
Bounce:                0 kB
WritebackTmp:          0 kB
CommitLimit:      949752 kB
Committed_AS:   11957412 kB
VmallocTotal:     245760 kB
VmallocUsed:       50788 kB
VmallocChunk:      75648 kB
1557733940.145923
MemTotal:        1899508 kB
MemFree:           52920 kB
Buffers:             696 kB
Cached:           113440 kB
SwapCached:            0 kB
Active:          1517508 kB
Inactive:          57924 kB
Active(anon):    1463696 kB
Inactive(anon):     4192 kB
Active(file):      53812 kB
Inactive(file):    53732 kB
Unevictable:        1940 kB
Mlocked:               0 kB
HighTotal:       1158144 kB
HighFree:           4424 kB
LowTotal:         741364 kB
LowFree:           48496 kB
SwapTotal:             0 kB
SwapFree:              0 kB
Dirty:                 0 kB
Writeback:             0 kB
AnonPages:       1463400 kB
Mapped:            94496 kB
Shmem:              4612 kB
Slab:              33804 kB
SReclaimable:      12216 kB
SUnreclaim:        21588 kB
KernelStack:        6048 kB
PageTables:        11908 kB
NFS_Unstable:          0 kB
Bounce:                0 kB
WritebackTmp:          0 kB
CommitLimit:      949752 kB
Committed_AS:   13180160 kB
VmallocTotal:     245760 kB
VmallocUsed:       51808 kB
VmallocChunk:      75648 kB
1557733941.253686
MemTotal:        1899508 kB
MemFree:           41856 kB
Buffers:             528 kB
Cached:           117040 kB
SwapCached:            0 kB
Active:          1524036 kB
Inactive:          61628 kB
Active(anon):    1470276 kB
Inactive(anon):     4192 kB
Active(file):      53760 kB
Inactive(file):    57436 kB
Unevictable:        1940 kB
Mlocked:               0 kB
HighTotal:       1158144 kB
HighFree:           1616 kB
LowTotal:         741364 kB
LowFree:           40240 kB
SwapTotal:             0 kB
SwapFree:              0 kB
Dirty:                44 kB
Writeback:             0 kB
AnonPages:       1470420 kB
Mapped:           101360 kB
Shmem:              4612 kB
Slab:              33804 kB
SReclaimable:      12216 kB
SUnreclaim:        21588 kB
KernelStack:        6104 kB
PageTables:        12432 kB
NFS_Unstable:          0 kB
Bounce:                0 kB
WritebackTmp:          0 kB
CommitLimit:      949752 kB
Committed_AS:   13093992 kB
VmallocTotal:     245760 kB
VmallocUsed:       52828 kB
VmallocChunk:      75648 kB
1557733942.197913
MemTotal:        1899508 kB
MemFree:           48104 kB
Buffers:             552 kB
Cached:           119808 kB
SwapCached:            0 kB
Active:          1519544 kB
Inactive:          61388 kB
Active(anon):    1462944 kB
Inactive(anon):     4192 kB
Active(file):      56600 kB
Inactive(file):    57196 kB
Unevictable:        1940 kB
Mlocked:               0 kB
HighTotal:       1158144 kB
HighFree:           4284 kB
LowTotal:         741364 kB
LowFree:           43820 kB
SwapTotal:             0 kB
SwapFree:              0 kB
Dirty:                 0 kB
Writeback:             0 kB
AnonPages:       1462536 kB
Mapped:            94116 kB
Shmem:              4612 kB
Slab:              33840 kB
SReclaimable:      12216 kB
SUnreclaim:        21624 kB
KernelStack:        6048 kB
PageTables:        11612 kB
NFS_Unstable:          0 kB
Bounce:                0 kB
WritebackTmp:          0 kB
CommitLimit:      949752 kB
Committed_AS:   11953488 kB
VmallocTotal:     245760 kB
VmallocUsed:       50788 kB
VmallocChunk:      75648 kB
1557733943.187207
MemTotal:        1899508 kB
MemFree:           44944 kB
Buffers:             556 kB
Cached:           114168 kB
SwapCached:            0 kB
Active:          1528232 kB
Inactive:          54116 kB
Active(anon):    1469976 kB
Inactive(anon):     4192 kB
Active(file):      58256 kB
Inactive(file):    49924 kB
Unevictable:        1940 kB
Mlocked:               0 kB
HighTotal:       1158144 kB
HighFree:           3740 kB
LowTotal:         741364 kB
LowFree:           41204 kB
SwapTotal:             0 kB
SwapFree:              0 kB
Dirty:                 0 kB
Writeback:             0 kB
AnonPages:       1469824 kB
Mapped:            95592 kB
Shmem:              4612 kB
Slab:              33840 kB
SReclaimable:      12216 kB
SUnreclaim:        21624 kB
KernelStack:        6112 kB
PageTables:        11988 kB
NFS_Unstable:          0 kB
Bounce:                0 kB
WritebackTmp:          0 kB
CommitLimit:      949752 kB
Committed_AS:   12523600 kB
VmallocTotal:     245760 kB
VmallocUsed:       51808 kB
VmallocChunk:      75648 kB
1557733944.125456
MemTotal:        1899508 kB
MemFree:           49848 kB
Buffers:             568 kB
Cached:           115464 kB
SwapCached:            0 kB
Active:          1526460 kB
Inactive:          52512 kB
Active(anon):    1465424 kB
Inactive(anon):     4192 kB
Active(file):      61036 kB
Inactive(file):    48320 kB
Unevictable:        1940 kB
Mlocked:               0 kB
HighTotal:       1158144 kB
HighFree:           4452 kB
LowTotal:         741364 kB
LowFree:           45396 kB
SwapTotal:             0 kB
SwapFree:              0 kB
Dirty:               100 kB
Writeback:             0 kB
AnonPages:       1464968 kB
Mapped:            93416 kB
Shmem:              4612 kB
Slab:              33872 kB
SReclaimable:      12216 kB
SUnreclaim:        21656 kB
KernelStack:        6112 kB
PageTables:        11744 kB
NFS_Unstable:          0 kB
Bounce:                0 kB
WritebackTmp:          0 kB
CommitLimit:      949752 kB
Committed_AS:   11954508 kB
VmallocTotal:     245760 kB
VmallocUsed:       50788 kB
VmallocChunk:      75648 kB
1557733945.139059
MemTotal:        1899508 kB
MemFree:           48716 kB
Buffers:             568 kB
Cached:           113984 kB
SwapCached:            0 kB
Active:          1527828 kB
Inactive:          52124 kB
Active(anon):    1467740 kB
Inactive(anon):     4192 kB
Active(file):      60088 kB
Inactive(file):    47932 kB
Unevictable:        1940 kB
Mlocked:               0 kB
HighTotal:       1158144 kB
HighFree:           3916 kB
LowTotal:         741364 kB
LowFree:           44800 kB
SwapTotal:             0 kB
SwapFree:              0 kB
Dirty:               112 kB
Writeback:             0 kB
