MemTotal:         482068 kB
MemFree:            4416 kB
Buffers:             484 kB
Cached:            69536 kB
SwapCached:            0 kB
Active:           365364 kB
Inactive:          35000 kB
Active(anon):     331272 kB
Inactive(anon):      760 kB
Active(file):      34092 kB
Inactive(file):    34240 kB
Unevictable:        1256 kB
Mlocked:               0 kB
HighTotal:             0 kB
HighFree:              0 kB
LowTotal:         482068 kB
LowFree:            4416 kB
SwapTotal:             0 kB
SwapFree:              0 kB
Dirty:                 0 kB
Writeback:             0 kB
AnonPages:        331764 kB
Mapped:            56736 kB
Shmem:               344 kB
Slab:              16144 kB
SReclaimable:       4712 kB
SUnreclaim:        11432 kB
KernelStack:        5192 kB
PageTables:         7328 kB
NFS_Unstable:          0 kB
Bounce:                0 kB
WritebackTmp:          0 kB
CommitLimit:      241032 kB
Committed_AS:    4175736 kB
VmallocTotal:     507904 kB
VmallocUsed:      116872 kB
VmallocChunk:     112576 kB
1557574024.000000
MemTotal:         482068 kB
MemFree:            4152 kB
Buffers:             328 kB
Cached:            69176 kB
SwapCached:            0 kB
Active:           369484 kB
Inactive:          34836 kB
Active(anon):     335732 kB
Inactive(anon):      760 kB
Active(file):      33752 kB
Inactive(file):    34076 kB
Unevictable:        1256 kB
Mlocked:               0 kB
HighTotal:             0 kB
HighFree:              0 kB
LowTotal:         482068 kB
LowFree:            4152 kB
SwapTotal:             0 kB
SwapFree:              0 kB
Dirty:                 0 kB
Writeback:             0 kB
AnonPages:        336240 kB
Mapped:            47632 kB
Shmem:               344 kB
Slab:              16172 kB
SReclaimable:       4712 kB
SUnreclaim:        11460 kB
KernelStack:        5288 kB
PageTables:         7384 kB
NFS_Unstable:          0 kB
Bounce:                0 kB
WritebackTmp:          0 kB
CommitLimit:      241032 kB
Committed_AS:    4181000 kB
VmallocTotal:     507904 kB
VmallocUsed:      113656 kB
VmallocChunk:     112576 kB
1557574025.000000
MemTotal:         482068 kB
MemFree:            3592 kB
Buffers:             344 kB
Cached:            65536 kB
SwapCached:            0 kB
Active:           370616 kB
Inactive:          33300 kB
Active(anon):     338912 kB
Inactive(anon):      760 kB
Active(file):      31704 kB
Inactive(file):    32540 kB
Unevictable:        1256 kB
Mlocked:               0 kB
HighTotal:             0 kB
HighFree:              0 kB
LowTotal:         482068 kB
LowFree:            3592 kB
SwapTotal:             0 kB
SwapFree:              0 kB
Dirty:                76 kB
Writeback:             4 kB
AnonPages:        339296 kB
Mapped:            51032 kB
Shmem:               344 kB
Slab:              16180 kB
SReclaimable:       4704 kB
SUnreclaim:        11476 kB
KernelStack:        5336 kB
PageTables:         7436 kB
NFS_Unstable:          0 kB
Bounce:                0 kB
WritebackTmp:          0 kB
CommitLimit:      241032 kB
Committed_AS:    4185992 kB
VmallocTotal:     507904 kB
VmallocUsed:      115188 kB
VmallocChunk:     112576 kB
1557574025.000000
MemTotal:         482068 kB
MemFree:            3900 kB
Buffers:             236 kB
Cached:            62832 kB
SwapCached:            0 kB
Active:           373804 kB
Inactive:          31544 kB
Active(anon):     343176 kB
Inactive(anon):      760 kB
Active(file):      30628 kB
Inactive(file):    30784 kB
Unevictable:        1256 kB
Mlocked:               0 kB
HighTotal:             0 kB
HighFree:              0 kB
LowTotal:         482068 kB
LowFree:            3900 kB
SwapTotal:             0 kB
SwapFree:              0 kB
Dirty:                76 kB
Writeback:             4 kB
AnonPages:        343628 kB
Mapped:            52324 kB
Shmem:               344 kB
Slab:              16232 kB
SReclaimable:       4704 kB
SUnreclaim:        11528 kB
KernelStack:        5440 kB
PageTables:         7512 kB
NFS_Unstable:          0 kB
Bounce:                0 kB
WritebackTmp:          0 kB
CommitLimit:      241032 kB
Committed_AS:    4189644 kB
VmallocTotal:     507904 kB
VmallocUsed:      115460 kB
VmallocChunk:     112576 kB
1557574026.000000
MemTotal:         482068 kB
MemFree:            3512 kB
Buffers:             332 kB
Cached:            56380 kB
SwapCached:            0 kB
Active:           374688 kB
Inactive:          28304 kB
Active(anon):     347224 kB
Inactive(anon):      760 kB
Active(file):      27464 kB
Inactive(file):    27544 kB
Unevictable:        1256 kB
Mlocked:               0 kB
HighTotal:             0 kB
HighFree:              0 kB
LowTotal:         482068 kB
LowFree:            3512 kB
SwapTotal:             0 kB
SwapFree:              0 kB
Dirty:                12 kB
Writeback:            80 kB
AnonPages:        347680 kB
Mapped:            53896 kB
Shmem:               344 kB
Slab:              16192 kB
SReclaimable:       4680 kB
SUnreclaim:        11512 kB
KernelStack:        5432 kB
PageTables:         7572 kB
NFS_Unstable:          0 kB
Bounce:                0 kB
WritebackTmp:          0 kB
CommitLimit:      241032 kB
Committed_AS:    4195416 kB
VmallocTotal:     507904 kB
VmallocUsed:      117092 kB
VmallocChunk:     112576 kB
1557574027.000000
MemTotal:         482068 kB
MemFree:            8652 kB
Buffers:             492 kB
Cached:            53136 kB
SwapCached:            0 kB
Active:           372624 kB
Inactive:          27080 kB
Active(anon):     347016 kB
Inactive(anon):      760 kB
Active(file):      25608 kB
Inactive(file):    26320 kB
Unevictable:        1256 kB
Mlocked:               0 kB
HighTotal:             0 kB
HighFree:              0 kB
LowTotal:         482068 kB
LowFree:            8652 kB
SwapTotal:             0 kB
SwapFree:              0 kB
Dirty:                 0 kB
Writeback:             0 kB
AnonPages:        347468 kB
Mapped:            50936 kB
Shmem:               344 kB
Slab:              16188 kB
SReclaimable:       4676 kB
SUnreclaim:        11512 kB
KernelStack:        5456 kB
PageTables:         7304 kB
NFS_Unstable:          0 kB
Bounce:                0 kB
WritebackTmp:          0 kB
CommitLimit:      241032 kB
Committed_AS:    4084132 kB
VmallocTotal:     507904 kB
VmallocUsed:      113432 kB
VmallocChunk:     112576 kB
1557574027.000000
MemTotal:         482068 kB
MemFree:            3584 kB
Buffers:             372 kB
Cached:            55156 kB
SwapCached:            0 kB
Active:           376636 kB
Inactive:          27640 kB
Active(anon):     349824 kB
Inactive(anon):      760 kB
Active(file):      26812 kB
Inactive(file):    26880 kB
Unevictable:        1256 kB
Mlocked:               0 kB
HighTotal:             0 kB
HighFree:              0 kB
LowTotal:         482068 kB
LowFree:            3584 kB
SwapTotal:             0 kB
SwapFree:              0 kB
Dirty:                 0 kB
Writeback:             0 kB
AnonPages:        350280 kB
Mapped:            52380 kB
Shmem:               344 kB
Slab:              16240 kB
SReclaimable:       4676 kB
SUnreclaim:        11564 kB
KernelStack:        5456 kB
PageTables:         7304 kB
NFS_Unstable:          0 kB
Bounce:                0 kB
WritebackTmp:          0 kB
CommitLimit:      241032 kB
Committed_AS:    4088060 kB
VmallocTotal:     507904 kB
VmallocUsed:      113432 kB
VmallocChunk:     112576 kB
1557574028.000000
MemTotal:         482068 kB
MemFree:            4164 kB
Buffers:             200 kB
Cached:            54516 kB
SwapCached:            0 kB
Active:           376688 kB
Inactive:          27344 kB
Active(anon):     350232 kB
Inactive(anon):      760 kB
Active(file):      26456 kB
Inactive(file):    26584 kB
Unevictable:        1256 kB
Mlocked:               0 kB
HighTotal:             0 kB
HighFree:              0 kB
LowTotal:         482068 kB
LowFree:            4164 kB
SwapTotal:             0 kB
SwapFree:              0 kB
Dirty:                48 kB
Writeback:             0 kB
AnonPages:        350652 kB
Mapped:            50804 kB
Shmem:               344 kB
Slab:              16176 kB
SReclaimable:       4676 kB
SUnreclaim:        11500 kB
KernelStack:        5368 kB
PageTables:         7316 kB
NFS_Unstable:          0 kB
Bounce:                0 kB
WritebackTmp:          0 kB
CommitLimit:      241032 kB
Committed_AS:    4091220 kB
VmallocTotal:     507904 kB
VmallocUsed:      113432 kB
VmallocChunk:     112576 kB
1557574029.000000
MemTotal:         482068 kB
MemFree:            3708 kB
Buffers:             184 kB
Cached:            55188 kB
SwapCached:            0 kB
Active:           376380 kB
Inactive:          27692 kB
Active(anon):     349564 kB
Inactive(anon):      760 kB
Active(file):      26816 kB
Inactive(file):    26932 kB
Unevictable:        1256 kB
Mlocked:               0 kB
HighTotal:             0 kB
HighFree:              0 kB
LowTotal:         482068 kB
LowFree:            3708 kB
SwapTotal:             0 kB
SwapFree:              0 kB
Dirty:                48 kB
Writeback:             0 kB
AnonPages:        349940 kB
Mapped:            49868 kB
Shmem:               344 kB
Slab:              16172 kB
SReclaimable:       4672 kB
SUnreclaim:        11500 kB
KernelStack:        5360 kB
PageTables:         7120 kB
NFS_Unstable:          0 kB
Bounce:                0 kB
WritebackTmp:          0 kB
CommitLimit:      241032 kB
Committed_AS:    3983004 kB
VmallocTotal:     507904 kB
VmallocUsed:      112140 kB
VmallocChunk:     112576 kB
1557574029.000000
MemTotal:         482068 kB
MemFree:            4152 kB
Buffers:             424 kB
Cached:            53396 kB
SwapCached:            0 kB
Active:           377432 kB
Inactive:          26668 kB
Active(anon):     351096 kB
Inactive(anon):      768 kB
Active(file):      26336 kB
Inactive(file):    25900 kB
Unevictable:        1256 kB
Mlocked:               0 kB
HighTotal:             0 kB
HighFree:              0 kB
LowTotal:         482068 kB
LowFree:            4152 kB
SwapTotal:             0 kB
SwapFree:              0 kB
Dirty:                28 kB
Writeback:             0 kB
AnonPages:        351556 kB
Mapped:            49892 kB
Shmem:               352 kB
Slab:              16180 kB
SReclaimable:       4672 kB
SUnreclaim:        11508 kB
KernelStack:        5352 kB
PageTables:         7120 kB
NFS_Unstable:          0 kB
Bounce:                0 kB
WritebackTmp:          0 kB
CommitLimit:      241032 kB
Committed_AS:    3984140 kB
VmallocTotal:     507904 kB
VmallocUsed:      113764 kB
VmallocChunk:     112576 kB
1557574030.000000
MemTotal:         482068 kB
MemFree:            4056 kB
Buffers:             556 kB
Cached:            50376 kB
SwapCached:            0 kB
Active:           380320 kB
Inactive:          25496 kB
Active(anon):     355880 kB
Inactive(anon):      768 kB
Active(file):      24440 kB
Inactive(file):    24728 kB
Unevictable:        1256 kB
Mlocked:               0 kB
HighTotal:             0 kB
HighFree:              0 kB
LowTotal:         482068 kB
LowFree:            4056 kB
SwapTotal:             0 kB
SwapFree:              0 kB
Dirty:               104 kB
Writeback:             0 kB
AnonPages:        356344 kB
Mapped:            49512 kB
Shmem:               352 kB
Slab:              16492 kB
SReclaimable:       4932 kB
SUnreclaim:        11560 kB
KernelStack:        5352 kB
PageTables:         7196 kB
NFS_Unstable:          0 kB
Bounce:                0 kB
WritebackTmp:          0 kB
CommitLimit:      241032 kB
Committed_AS:    3990916 kB
VmallocTotal:     507904 kB
VmallocUsed:      113764 kB
VmallocChunk:     112576 kB
1557574031.000000
MemTotal:         482068 kB
MemFree:            3412 kB
Buffers:             508 kB
Cached:            47568 kB
SwapCached:            0 kB
Active:           382908 kB
Inactive:          24272 kB
Active(anon):     360044 kB
Inactive(anon):      768 kB
Active(file):      22864 kB
Inactive(file):    23504 kB
Unevictable:        1256 kB
Mlocked:               0 kB
HighTotal:             0 kB
HighFree:              0 kB
LowTotal:         482068 kB
LowFree:            3412 kB
SwapTotal:             0 kB
SwapFree:              0 kB
Dirty:               148 kB
Writeback:             0 kB
AnonPages:        360432 kB
Mapped:            49232 kB
Shmem:               352 kB
Slab:              16336 kB
SReclaimable:       4808 kB
SUnreclaim:        11528 kB
KernelStack:        5416 kB
PageTables:         7236 kB
NFS_Unstable:          0 kB
Bounce:                0 kB
WritebackTmp:          0 kB
CommitLimit:      241032 kB
Committed_AS:    3995912 kB
VmallocTotal:     507904 kB
VmallocUsed:      113764 kB
VmallocChunk:     112576 kB
1557574032.000000
MemTotal:         482068 kB
MemFree:            3552 kB
Buffers:             260 kB
Cached:            44412 kB
SwapCached:            0 kB
Active:           385268 kB
Inactive:          21760 kB
Active(anon):     363292 kB
Inactive(anon):      768 kB
Active(file):      21976 kB
Inactive(file):    20992 kB
Unevictable:        1256 kB
Mlocked:               0 kB
HighTotal:             0 kB
HighFree:              0 kB
LowTotal:         482068 kB
LowFree:            3552 kB
SwapTotal:             0 kB
SwapFree:              0 kB
Dirty:               196 kB
Writeback:             0 kB
AnonPages:        363652 kB
Mapped:            47004 kB
Shmem:               352 kB
Slab:              16276 kB
SReclaimable:       4760 kB
SUnreclaim:        11516 kB
KernelStack:        5448 kB
PageTables:         7188 kB
NFS_Unstable:          0 kB
Bounce:                0 kB
WritebackTmp:          0 kB
CommitLimit:      241032 kB
Committed_AS:    4000264 kB
VmallocTotal:     507904 kB
VmallocUsed:      114516 kB
VmallocChunk:     112576 kB
1557574032.000000
MemTotal:         482068 kB
MemFree:           14952 kB
Buffers:             192 kB
Cached:            44252 kB
SwapCached:            0 kB
Active:           373572 kB
Inactive:          21276 kB
Active(anon):     351280 kB
Inactive(anon):      768 kB
Active(file):      22292 kB
Inactive(file):    20508 kB
Unevictable:        1256 kB
Mlocked:               0 kB
HighTotal:             0 kB
HighFree:              0 kB
LowTotal:         482068 kB
LowFree:           14952 kB
SwapTotal:             0 kB
SwapFree:              0 kB
Dirty:               196 kB
Writeback:             0 kB
AnonPages:        351720 kB
Mapped:            46852 kB
Shmem:               352 kB
Slab:              16276 kB
SReclaimable:       4760 kB
SUnreclaim:        11516 kB
KernelStack:        5240 kB
PageTables:         6732 kB
NFS_Unstable:          0 kB
Bounce:                0 kB
WritebackTmp:          0 kB
CommitLimit:      241032 kB
Committed_AS:    3732352 kB
VmallocTotal:     507904 kB
VmallocUsed:      111180 kB
VmallocChunk:     112576 kB
1557574033.000000
MemTotal:         482068 kB
MemFree:           12100 kB
Buffers:             192 kB
Cached:            45756 kB
SwapCached:            0 kB
Active:           374904 kB
Inactive:          22772 kB
Active(anon):     352584 kB
Inactive(anon):      776 kB
Active(file):      22320 kB
Inactive(file):    21996 kB
Unevictable:        1256 kB
Mlocked:               0 kB
HighTotal:             0 kB
HighFree:              0 kB
LowTotal:         482068 kB
LowFree:           12100 kB
SwapTotal:             0 kB
SwapFree:              0 kB
Dirty:                40 kB
Writeback:             0 kB
AnonPages:        352996 kB
Mapped:            47432 kB
Shmem:               360 kB
Slab:              16288 kB
SReclaimable:       4760 kB
SUnreclaim:        11528 kB
KernelStack:        5192 kB
PageTables:         6728 kB
NFS_Unstable:          0 kB
Bounce:                0 kB
WritebackTmp:          0 kB
CommitLimit:      241032 kB
Committed_AS:    3733964 kB
VmallocTotal:     507904 kB
VmallocUsed:      111180 kB
VmallocChunk:     112576 kB
1557574034.000000
MemTotal:         482068 kB
MemFree:            4032 kB
Buffers:             200 kB
Cached:            52532 kB
SwapCached:            0 kB
Active:           377116 kB
Inactive:          28676 kB
Active(anon):     353884 kB
Inactive(anon):      776 kB
Active(file):      23232 kB
Inactive(file):    27900 kB
Unevictable:        1256 kB
Mlocked:               0 kB
HighTotal:             0 kB
HighFree:              0 kB
LowTotal:         482068 kB
LowFree:            4032 kB
SwapTotal:             0 kB
SwapFree:              0 kB
Dirty:                80 kB
Writeback:             0 kB
AnonPages:        354260 kB
Mapped:            49328 kB
Shmem:               360 kB
Slab:              16296 kB
SReclaimable:       4760 kB
SUnreclaim:        11536 kB
KernelStack:        5224 kB
PageTables:         6660 kB
NFS_Unstable:          0 kB
Bounce:                0 kB
WritebackTmp:          0 kB
CommitLimit:      241032 kB
Committed_AS:    3734816 kB
VmallocTotal:     507904 kB
VmallocUsed:      111180 kB
VmallocChunk:     112576 kB
1557574034.000000
MemTotal:         482068 kB
MemFree:            3520 kB
Buffers:             168 kB
Cached:            49752 kB
SwapCached:            0 kB
Active:           380820 kB
Inactive:          24784 kB
Active(anon):     356588 kB
Inactive(anon):      776 kB
Active(file):      24232 kB
Inactive(file):    24008 kB
Unevictable:        1256 kB
Mlocked:               0 kB
HighTotal:             0 kB
HighFree:              0 kB
LowTotal:         482068 kB
LowFree:            3520 kB
SwapTotal:             0 kB
SwapFree:              0 kB
Dirty:                80 kB
Writeback:             0 kB
AnonPages:        356996 kB
Mapped:            48948 kB
Shmem:               360 kB
Slab:              16296 kB
SReclaimable:       4760 kB
SUnreclaim:        11536 kB
KernelStack:        5224 kB
PageTables:         6660 kB
NFS_Unstable:          0 kB
Bounce:                0 kB
WritebackTmp:          0 kB
CommitLimit:      241032 kB
Committed_AS:    3737848 kB
VmallocTotal:     507904 kB
VmallocUsed:      111180 kB
VmallocChunk:     112576 kB
1557574035.000000
MemTotal:         482068 kB
MemFree:            3892 kB
Buffers:             368 kB
Cached:            46848 kB
SwapCached:            0 kB
Active:           381636 kB
Inactive:          23580 kB
Active(anon):     358928 kB
Inactive(anon):      776 kB
Active(file):      22708 kB
Inactive(file):    22804 kB
Unevictable:        1256 kB
Mlocked:               0 kB
HighTotal:             0 kB
HighFree:              0 kB
LowTotal:         482068 kB
LowFree:            3892 kB
SwapTotal:             0 kB
SwapFree:              0 kB
Dirty:               692 kB
Writeback:             0 kB
AnonPages:        359372 kB
Mapped:            51032 kB
Shmem:               360 kB
Slab:              16296 kB
SReclaimable:       4760 kB
SUnreclaim:        11536 kB
KernelStack:        5240 kB
PageTables:         6672 kB
NFS_Unstable:          0 kB
Bounce:                0 kB
WritebackTmp:          0 kB
CommitLimit:      241032 kB
Committed_AS:    3740252 kB
VmallocTotal:     507904 kB
VmallocUsed:      111180 kB
VmallocChunk:     112576 kB
1557574036.000000
MemTotal:         482068 kB
MemFree:            3556 kB
Buffers:             172 kB
Cached:            47532 kB
SwapCached:            0 kB
Active:           381600 kB
Inactive:          24076 kB
Active(anon):     358916 kB
Inactive(anon):      776 kB
Active(file):      22684 kB
Inactive(file):    23300 kB
Unevictable:        1256 kB
Mlocked:               0 kB
HighTotal:             0 kB
HighFree:              0 kB
LowTotal:         482068 kB
LowFree:            3556 kB
SwapTotal:             0 kB
SwapFree:              0 kB
Dirty:               600 kB
Writeback:             0 kB
AnonPages:        359384 kB
Mapped:            50212 kB
Shmem:               360 kB
Slab:              16320 kB
SReclaimable:       4756 kB
SUnreclaim:        11564 kB
KernelStack:        5304 kB
PageTables:         6728 kB
NFS_Unstable:          0 kB
Bounce:                0 kB
WritebackTmp:          0 kB
CommitLimit:      241032 kB
Committed_AS:    3852988 kB
VmallocTotal:     507904 kB
VmallocUsed:      113232 kB
VmallocChunk:     112576 kB
1557574037.000000
MemTotal:         482068 kB
MemFree:            3608 kB
Buffers:             304 kB
Cached:            42592 kB
SwapCached:            0 kB
Active:           378788 kB
Inactive:          22936 kB
Active(anon):     359840 kB
Inactive(anon):     3500 kB
Active(file):      18948 kB
Inactive(file):    19436 kB
Unevictable:        1464 kB
Mlocked:            2932 kB
HighTotal:             0 kB
HighFree:              0 kB
LowTotal:         482068 kB
LowFree:            3608 kB
SwapTotal:             0 kB
SwapFree:              0 kB
Dirty:               536 kB
Writeback:             0 kB
AnonPages:        360260 kB
Mapped:            49016 kB
Shmem:              3292 kB
Slab:              16248 kB
SReclaimable:       4756 kB
SUnreclaim:        11492 kB
KernelStack:        5368 kB
PageTables:         6856 kB
NFS_Unstable:          0 kB
Bounce:                0 kB
WritebackTmp:          0 kB
CommitLimit:      241032 kB
Committed_AS:    3900776 kB
VmallocTotal:     507904 kB
VmallocUsed:      116676 kB
VmallocChunk:     112576 kB
1557574038.000000
MemTotal:         482068 kB
MemFree:            3592 kB
Buffers:             192 kB
Cached:            42176 kB
SwapCached:            0 kB
Active:           378864 kB
Inactive:          21992 kB
Active(anon):     360032 kB
Inactive(anon):     3032 kB
Active(file):      18832 kB
Inactive(file):    18960 kB
Unevictable:        1960 kB
Mlocked:            3808 kB
HighTotal:             0 kB
HighFree:              0 kB
LowTotal:         482068 kB
LowFree:            3592 kB
SwapTotal:             0 kB
SwapFree:              0 kB
Dirty:               480 kB
Writeback:             0 kB
AnonPages:        360504 kB
Mapped:            48608 kB
Shmem:              3296 kB
Slab:              16308 kB
SReclaimable:       4756 kB
SUnreclaim:        11552 kB
KernelStack:        5392 kB
PageTables:         6920 kB
NFS_Unstable:          0 kB
Bounce:                0 kB
WritebackTmp:          0 kB
CommitLimit:      241032 kB
Committed_AS:    3902372 kB
VmallocTotal:     507904 kB
VmallocUsed:      116668 kB
VmallocChunk:     112576 kB
1557574039.000000
MemTotal:         482068 kB
MemFree:            4160 kB
Buffers:             436 kB
Cached:            43724 kB
SwapCached:            0 kB
Active:           376900 kB
Inactive:          23716 kB
Active(anon):     358048 kB
Inactive(anon):     3032 kB
Active(file):      18852 kB
Inactive(file):    20684 kB
Unevictable:        1960 kB
Mlocked:            3808 kB
HighTotal:             0 kB
HighFree:              0 kB
LowTotal:         482068 kB
LowFree:            4160 kB
SwapTotal:             0 kB
SwapFree:              0 kB
Dirty:                20 kB
Writeback:           380 kB
AnonPages:        358460 kB
Mapped:            48684 kB
Shmem:              3296 kB
Slab:              16384 kB
SReclaimable:       4752 kB
SUnreclaim:        11632 kB
KernelStack:        5336 kB
PageTables:         6656 kB
NFS_Unstable:          0 kB
Bounce:                0 kB
WritebackTmp:          0 kB
CommitLimit:      241032 kB
Committed_AS:    3793332 kB
VmallocTotal:     507904 kB
VmallocUsed:      114632 kB
VmallocChunk:     112576 kB
1557574039.000000
MemTotal:         482068 kB
MemFree:            3804 kB
Buffers:             292 kB
Cached:            43016 kB
SwapCached:            0 kB
Active:           378352 kB
Inactive:          22672 kB
Active(anon):     359216 kB
Inactive(anon):     3040 kB
Active(file):      19136 kB
Inactive(file):    19632 kB
Unevictable:        1960 kB
Mlocked:            3808 kB
HighTotal:             0 kB
HighFree:              0 kB
LowTotal:         482068 kB
LowFree:            3804 kB
SwapTotal:             0 kB
SwapFree:              0 kB
Dirty:                 0 kB
Writeback:             0 kB
AnonPages:        359660 kB
Mapped:            48300 kB
Shmem:              3304 kB
Slab:              16336 kB
SReclaimable:       4752 kB
SUnreclaim:        11584 kB
KernelStack:        5336 kB
PageTables:         6660 kB
NFS_Unstable:          0 kB
Bounce:                0 kB
WritebackTmp:          0 kB
CommitLimit:      241032 kB
Committed_AS:    3793748 kB
VmallocTotal:     507904 kB
VmallocUsed:      114624 kB
VmallocChunk:     112576 kB
1557574040.000000
MemTotal:         482068 kB
MemFree:            4124 kB
Buffers:             388 kB
Cached:            43640 kB
SwapCached:            0 kB
Active:           377328 kB
Inactive:          23336 kB
Active(anon):     358208 kB
Inactive(anon):     3044 kB
Active(file):      19120 kB
Inactive(file):    20292 kB
Unevictable:        1960 kB
Mlocked:            3808 kB
HighTotal:             0 kB
HighFree:              0 kB
LowTotal:         482068 kB
LowFree:            4124 kB
SwapTotal:             0 kB
SwapFree:              0 kB
Dirty:                 0 kB
Writeback:             0 kB
AnonPages:        358620 kB
Mapped:            48068 kB
Shmem:              3312 kB
Slab:              16384 kB
SReclaimable:       4752 kB
SUnreclaim:        11632 kB
KernelStack:        5304 kB
PageTables:         6516 kB
NFS_Unstable:          0 kB
Bounce:                0 kB
WritebackTmp:          0 kB
CommitLimit:      241032 kB
Committed_AS:    3684328 kB
VmallocTotal:     507904 kB
VmallocUsed:      112580 kB
VmallocChunk:     112576 kB
1557574041.000000
MemTotal:         482068 kB
MemFree:            3744 kB
Buffers:             184 kB
Cached:            42188 kB
SwapCached:            0 kB
Active:           379396 kB
Inactive:          21948 kB
Active(anon):     360564 kB
Inactive(anon):     3036 kB
Active(file):      18832 kB
Inactive(file):    18912 kB
Unevictable:        1960 kB
Mlocked:            3808 kB
HighTotal:             0 kB
HighFree:              0 kB
LowTotal:         482068 kB
LowFree:            3744 kB
SwapTotal:             0 kB
SwapFree:              0 kB
Dirty:                40 kB
Writeback:             0 kB
AnonPages:        361136 kB
Mapped:            48724 kB
Shmem:              3312 kB
Slab:              16356 kB
SReclaimable:       4752 kB
SUnreclaim:        11604 kB
KernelStack:        5280 kB
PageTables:         6496 kB
NFS_Unstable:          0 kB
Bounce:                0 kB
WritebackTmp:          0 kB
CommitLimit:      241032 kB
Committed_AS:    3685984 kB
VmallocTotal:     507904 kB
VmallocUsed:      112580 kB
VmallocChunk:     112576 kB
1557574042.000000
MemTotal:         482068 kB
MemFree:            4088 kB
Buffers:             448 kB
Cached:            41620 kB
SwapCached:            0 kB
Active:           379376 kB
Inactive:          21812 kB
Active(anon):     360668 kB
Inactive(anon):     3036 kB
Active(file):      18708 kB
Inactive(file):    18776 kB
Unevictable:        1960 kB
Mlocked:            3808 kB
HighTotal:             0 kB
HighFree:              0 kB
LowTotal:         482068 kB
LowFree:            4088 kB
SwapTotal:             0 kB
SwapFree:              0 kB
Dirty:                40 kB
Writeback:             0 kB
AnonPages:        361060 kB
Mapped:            47660 kB
Shmem:              3312 kB
Slab:              16356 kB
SReclaimable:       4752 kB
SUnreclaim:        11604 kB
KernelStack:        5176 kB
PageTables:         6344 kB
NFS_Unstable:          0 kB
Bounce:                0 kB
WritebackTmp:          0 kB
CommitLimit:      241032 kB
Committed_AS:    3574544 kB
VmallocTotal:     507904 kB
VmallocUsed:      110536 kB
VmallocChunk:     112576 kB
1557574043.000000
MemTotal:         482068 kB
MemFree:           15540 kB
Buffers:             724 kB
Cached:            45028 kB
SwapCached:            0 kB
Active:           364508 kB
Inactive:          25752 kB
Active(anon):     346140 kB
Inactive(anon):     3036 kB
Active(file):      18368 kB
Inactive(file):    22716 kB
Unevictable:        1960 kB
Mlocked:            3808 kB
HighTotal:             0 kB
HighFree:              0 kB
LowTotal:         482068 kB
LowFree:           15540 kB
SwapTotal:             0 kB
SwapFree:              0 kB
Dirty:                24 kB
Writeback:             0 kB
AnonPages:        346564 kB
Mapped:            48536 kB
Shmem:              3320 kB
Slab:              16344 kB
SReclaimable:       4752 kB
SUnreclaim:        11592 kB
KernelStack:        5192 kB
PageTables:         6052 kB
NFS_Unstable:          0 kB
Bounce:                0 kB
WritebackTmp:          0 kB
CommitLimit:      241032 kB
Committed_AS:    3448480 kB
VmallocTotal:     507904 kB
VmallocUsed:      108492 kB
VmallocChunk:     112576 kB
1557574044.000000
MemTotal:         482068 kB
MemFree:            3524 kB
Buffers:             564 kB
Cached:            53344 kB
SwapCached:            0 kB
Active:           370016 kB
Inactive:          32104 kB
Active(anon):     349824 kB
Inactive(anon):     3040 kB
Active(file):      20192 kB
Inactive(file):    29064 kB
Unevictable:        1960 kB
Mlocked:            3808 kB
HighTotal:             0 kB
HighFree:              0 kB
LowTotal:         482068 kB
LowFree:            3524 kB
SwapTotal:             0 kB
SwapFree:              0 kB
Dirty:              1792 kB
Writeback:             0 kB
AnonPages:        350204 kB
Mapped:            52212 kB
Shmem:              3324 kB
Slab:              16332 kB
SReclaimable:       4752 kB
SUnreclaim:        11580 kB
KernelStack:        5136 kB
PageTables:         6252 kB
NFS_Unstable:          0 kB
Bounce:                0 kB
WritebackTmp:          0 kB
CommitLimit:      241032 kB
Committed_AS:    3558096 kB
VmallocTotal:     507904 kB
VmallocUsed:      110544 kB
VmallocChunk:     112576 kB
1557574045.000000
MemTotal:         482068 kB
MemFree:            4152 kB
Buffers:             560 kB
Cached:            50980 kB
SwapCached:            0 kB
Active:           373920 kB
Inactive:          27180 kB
Active(anon):     351208 kB
Inactive(anon):     3040 kB
Active(file):      22712 kB
Inactive(file):    24140 kB
Unevictable:        1960 kB
Mlocked:            3808 kB
HighTotal:             0 kB
HighFree:              0 kB
LowTotal:         482068 kB
LowFree:            4152 kB
SwapTotal:             0 kB
SwapFree:              0 kB
Dirty:               428 kB
Writeback:           436 kB
AnonPages:        351668 kB
Mapped:            54456 kB
Shmem:              3324 kB
Slab:              16320 kB
SReclaimable:       4764 kB
SUnreclaim:        11556 kB
KernelStack:        5144 kB
PageTables:         6192 kB
NFS_Unstable:          0 kB
Bounce:                0 kB
WritebackTmp:          0 kB
CommitLimit:      241032 kB
Committed_AS:    3560872 kB
VmallocTotal:     507904 kB
VmallocUsed:      110536 kB
VmallocChunk:     112576 kB
1557574046.000000
MemTotal:         482068 kB
MemFree:            4260 kB
Buffers:             336 kB
Cached:            50448 kB
SwapCached:            0 kB
Active:           374856 kB
Inactive:          26416 kB
Active(anon):     352048 kB
Inactive(anon):     3040 kB
Active(file):      22808 kB
Inactive(file):    23376 kB
Unevictable:        1960 kB
Mlocked:            3808 kB
HighTotal:             0 kB
HighFree:              0 kB
LowTotal:         482068 kB
LowFree:            4260 kB
SwapTotal:             0 kB
SwapFree:              0 kB
Dirty:               428 kB
Writeback:             0 kB
AnonPages:        352564 kB
Mapped:            54392 kB
Shmem:              3324 kB
Slab:              16292 kB
SReclaimable:       4764 kB
SUnreclaim:        11528 kB
KernelStack:        5144 kB
PageTables:         6268 kB
NFS_Unstable:          0 kB
Bounce:                0 kB
WritebackTmp:          0 kB
CommitLimit:      241032 kB
Committed_AS:    3561300 kB
VmallocTotal:     507904 kB
VmallocUsed:      110536 kB
VmallocChunk:     112576 kB
1557574047.000000
MemTotal:         482068 kB
MemFree:            3508 kB
Buffers:             444 kB
Cached:            51180 kB
SwapCached:            0 kB
Active:           375128 kB
Inactive:          26900 kB
Active(anon):     351952 kB
Inactive(anon):     3048 kB
Active(file):      23176 kB
Inactive(file):    23852 kB
Unevictable:        1960 kB
Mlocked:            3808 kB
HighTotal:             0 kB
HighFree:              0 kB
LowTotal:         482068 kB
LowFree:            3508 kB
SwapTotal:             0 kB
SwapFree:              0 kB
Dirty:               428 kB
Writeback:             0 kB
AnonPages:        352344 kB
Mapped:            53236 kB
Shmem:              3336 kB
Slab:              16304 kB
SReclaimable:       4764 kB
SUnreclaim:        11540 kB
KernelStack:        5160 kB
PageTables:         6212 kB
NFS_Unstable:          0 kB
Bounce:                0 kB
WritebackTmp:          0 kB
CommitLimit:      241032 kB
Committed_AS:    3559640 kB
VmallocTotal:     507904 kB
VmallocUsed:      110536 kB
VmallocChunk:     112576 kB
1557574047.000000
MemTotal:         482068 kB
MemFree:            3964 kB
Buffers:             444 kB
Cached:            51156 kB
SwapCached:            0 kB
Active:           374772 kB
Inactive:          27000 kB
Active(anon):     351696 kB
Inactive(anon):     3044 kB
Active(file):      23076 kB
Inactive(file):    23956 kB
Unevictable:        1960 kB
Mlocked:            3808 kB
HighTotal:             0 kB
HighFree:              0 kB
LowTotal:         482068 kB
LowFree:            3964 kB
SwapTotal:             0 kB
SwapFree:              0 kB
Dirty:                 0 kB
Writeback:             0 kB
AnonPages:        352124 kB
Mapped:            53668 kB
Shmem:              3328 kB
Slab:              16312 kB
SReclaimable:       4764 kB
SUnreclaim:        11548 kB
KernelStack:        5176 kB
PageTables:         6216 kB
NFS_Unstable:          0 kB
Bounce:                0 kB
WritebackTmp:          0 kB
CommitLimit:      241032 kB
Committed_AS:    3559668 kB
VmallocTotal:     507904 kB
VmallocUsed:      110536 kB
VmallocChunk:     112576 kB
1557574048.000000
MemTotal:         482068 kB
MemFree:            4296 kB
Buffers:             612 kB
Cached:            49744 kB
SwapCached:            0 kB
Active:           375240 kB
Inactive:          26028 kB
Active(anon):     352476 kB
Inactive(anon):     3044 kB
Active(file):      22764 kB
Inactive(file):    22984 kB
Unevictable:        1960 kB
Mlocked:            3808 kB
HighTotal:             0 kB
HighFree:              0 kB
LowTotal:         482068 kB
LowFree:            4296 kB
SwapTotal:             0 kB
SwapFree:              0 kB
Dirty:                80 kB
Writeback:             0 kB
AnonPages:        352872 kB
Mapped:            53832 kB
Shmem:              3328 kB
Slab:              16272 kB
SReclaimable:       4764 kB
SUnreclaim:        11508 kB
KernelStack:        5160 kB
PageTables:         6232 kB
NFS_Unstable:          0 kB
Bounce:                0 kB
WritebackTmp:          0 kB
CommitLimit:      241032 kB
Committed_AS:    3560908 kB
VmallocTotal:     507904 kB
VmallocUsed:      110536 kB
VmallocChunk:     112576 kB
1557574049.000000
MemTotal:         482068 kB
MemFree:            3760 kB
Buffers:             600 kB
Cached:            49380 kB
SwapCached:            0 kB
Active:           375676 kB
Inactive:          26012 kB
Active(anon):     353256 kB
Inactive(anon):     3044 kB
Active(file):      22420 kB
Inactive(file):    22968 kB
Unevictable:        1960 kB
Mlocked:            3808 kB
HighTotal:             0 kB
HighFree:              0 kB
LowTotal:         482068 kB
LowFree:            3760 kB
SwapTotal:             0 kB
SwapFree:              0 kB
Dirty:                80 kB
Writeback:             0 kB
AnonPages:        353716 kB
Mapped:            54848 kB
Shmem:              3328 kB
Slab:              16324 kB
SReclaimable:       4764 kB
SUnreclaim:        11560 kB
KernelStack:        5232 kB
PageTables:         6324 kB
NFS_Unstable:          0 kB
Bounce:                0 kB
WritebackTmp:          0 kB
CommitLimit:      241032 kB
Committed_AS:    3564040 kB
VmallocTotal:     507904 kB
VmallocUsed:      110544 kB
VmallocChunk:     112576 kB
1557574050.000000
MemTotal:         482068 kB
MemFree:            4116 kB
Buffers:             248 kB
Cached:            48484 kB
SwapCached:            0 kB
Active:           375928 kB
Inactive:          25104 kB
Active(anon):     353876 kB
Inactive(anon):     3048 kB
Active(file):      22052 kB
Inactive(file):    22056 kB
Unevictable:        1960 kB
Mlocked:            3808 kB
HighTotal:             0 kB
HighFree:              0 kB
LowTotal:         482068 kB
LowFree:            4116 kB
SwapTotal:             0 kB
SwapFree:              0 kB
Dirty:               112 kB
Writeback:             0 kB
AnonPages:        354264 kB
Mapped:            54556 kB
Shmem:              3332 kB
Slab:              16376 kB
SReclaimable:       4764 kB
SUnreclaim:        11612 kB
KernelStack:        5224 kB
PageTables:         6268 kB
NFS_Unstable:          0 kB
Bounce:                0 kB
WritebackTmp:          0 kB
CommitLimit:      241032 kB
Committed_AS:    3563604 kB
VmallocTotal:     507904 kB
VmallocUsed:      110544 kB
VmallocChunk:     112576 kB
1557574051.000000
MemTotal:         482068 kB
MemFree:            4256 kB
Buffers:             240 kB
Cached:            48144 kB
SwapCached:            0 kB
Active:           376172 kB
Inactive:          24960 kB
Active(anon):     354312 kB
Inactive(anon):     3044 kB
Active(file):      21860 kB
Inactive(file):    21916 kB
Unevictable:        1960 kB
Mlocked:            3808 kB
HighTotal:             0 kB
HighFree:              0 kB
LowTotal:         482068 kB
LowFree:            4256 kB
SwapTotal:             0 kB
SwapFree:              0 kB
Dirty:               112 kB
Writeback:             0 kB
AnonPages:        354784 kB
Mapped:            54756 kB
Shmem:              3328 kB
Slab:              16380 kB
SReclaimable:       4764 kB
SUnreclaim:        11616 kB
KernelStack:        5224 kB
PageTables:         6348 kB
NFS_Unstable:          0 kB
Bounce:                0 kB
WritebackTmp:          0 kB
CommitLimit:      241032 kB
Committed_AS:    3694756 kB
VmallocTotal:     507904 kB
VmallocUsed:      110544 kB
VmallocChunk:     112576 kB
1557574051.000000
MemTotal:         482068 kB
MemFree:            3820 kB
Buffers:             180 kB
Cached:            48152 kB
SwapCached:            0 kB
Active:           376128 kB
Inactive:          25404 kB
Active(anon):     354804 kB
Inactive(anon):     3044 kB
Active(file):      21324 kB
Inactive(file):    22360 kB
Unevictable:        1960 kB
Mlocked:            3808 kB
HighTotal:             0 kB
HighFree:              0 kB
LowTotal:         482068 kB
LowFree:            3820 kB
SwapTotal:             0 kB
SwapFree:              0 kB
Dirty:                92 kB
Writeback:             0 kB
AnonPages:        355168 kB
Mapped:            53988 kB
Shmem:              3328 kB
Slab:              16376 kB
SReclaimable:       4764 kB
SUnreclaim:        11612 kB
KernelStack:        5304 kB
PageTables:         6388 kB
NFS_Unstable:          0 kB
Bounce:                0 kB
WritebackTmp:          0 kB
CommitLimit:      241032 kB
Committed_AS:    3859156 kB
VmallocTotal:     507904 kB
VmallocUsed:      110544 kB
VmallocChunk:     112576 kB
1557574052.000000
MemTotal:         482068 kB
MemFree:            7052 kB
Buffers:             168 kB
Cached:            48628 kB
SwapCached:            0 kB
Active:           372792 kB
Inactive:          25280 kB
Active(anon):     350880 kB
Inactive(anon):     3048 kB
Active(file):      21912 kB
Inactive(file):    22232 kB
Unevictable:        1960 kB
Mlocked:            3808 kB
HighTotal:             0 kB
HighFree:              0 kB
LowTotal:         482068 kB
LowFree:            7052 kB
SwapTotal:             0 kB
SwapFree:              0 kB
Dirty:                88 kB
Writeback:             4 kB
AnonPages:        351360 kB
Mapped:            54312 kB
Shmem:              3332 kB
Slab:              16424 kB
SReclaimable:       4764 kB
SUnreclaim:        11660 kB
KernelStack:        5304 kB
PageTables:         6420 kB
NFS_Unstable:          0 kB
Bounce:                0 kB
WritebackTmp:          0 kB
CommitLimit:      241032 kB
Committed_AS:    3857980 kB
VmallocTotal:     507904 kB
VmallocUsed:      110544 kB
VmallocChunk:     112576 kB
1557574053.000000
MemTotal:         482068 kB
MemFree:            4172 kB
Buffers:             528 kB
Cached:            47116 kB
SwapCached:            0 kB
Active:           375564 kB
Inactive:          24628 kB
Active(anon):     354144 kB
Inactive(anon):     3040 kB
Active(file):      21420 kB
Inactive(file):    21588 kB
Unevictable:        1960 kB
Mlocked:            3808 kB
HighTotal:             0 kB
HighFree:              0 kB
LowTotal:         482068 kB
LowFree:            4172 kB
SwapTotal:             0 kB
SwapFree:              0 kB
Dirty:                12 kB
Writeback:             0 kB
AnonPages:        354604 kB
Mapped:            55588 kB
Shmem:              3328 kB
Slab:              16352 kB
SReclaimable:       4764 kB
SUnreclaim:        11588 kB
KernelStack:        5328 kB
PageTables:         6620 kB
NFS_Unstable:          0 kB
Bounce:                0 kB
WritebackTmp:          0 kB
CommitLimit:      241032 kB
Committed_AS:    3965844 kB
VmallocTotal:     507904 kB
VmallocUsed:      114632 kB
VmallocChunk:     112576 kB
1557574054.000000
MemTotal:         482068 kB
MemFree:            5980 kB
Buffers:             688 kB
Cached:            45448 kB
SwapCached:            0 kB
Active:           375912 kB
Inactive:          22992 kB
Active(anon):     354376 kB
Inactive(anon):     3040 kB
Active(file):      21536 kB
Inactive(file):    19952 kB
Unevictable:        1960 kB
Mlocked:            3808 kB
HighTotal:             0 kB
HighFree:              0 kB
LowTotal:         482068 kB
LowFree:            5980 kB
SwapTotal:             0 kB
SwapFree:              0 kB
Dirty:                 0 kB
Writeback:             0 kB
AnonPages:        354756 kB
Mapped:            53116 kB
Shmem:              3328 kB
Slab:              16392 kB
SReclaimable:       4764 kB
SUnreclaim:        11628 kB
KernelStack:        5504 kB
PageTables:         6600 kB
NFS_Unstable:          0 kB
Bounce:                0 kB
WritebackTmp:          0 kB
CommitLimit:      241032 kB
Committed_AS:    3967028 kB
VmallocTotal:     507904 kB
VmallocUsed:      114632 kB
VmallocChunk:     112576 kB
1557574055.000000
MemTotal:         482068 kB
MemFree:            5096 kB
Buffers:             820 kB
Cached:            48448 kB
SwapCached:            0 kB
Active:           374024 kB
Inactive:          25872 kB
Active(anon):     352284 kB
Inactive(anon):     3040 kB
Active(file):      21740 kB
Inactive(file):    22832 kB
Unevictable:        1960 kB
Mlocked:            3808 kB
HighTotal:             0 kB
HighFree:              0 kB
LowTotal:         482068 kB
LowFree:            5096 kB
SwapTotal:             0 kB
SwapFree:              0 kB
Dirty:                20 kB
Writeback:             0 kB
AnonPages:        352720 kB
Mapped:            50468 kB
Shmem:              3328 kB
Slab:              16400 kB
SReclaimable:       4764 kB
SUnreclaim:        11636 kB
KernelStack:        5336 kB
PageTables:         6548 kB
NFS_Unstable:          0 kB
Bounce:                0 kB
WritebackTmp:          0 kB
CommitLimit:      241032 kB
Committed_AS:    3671824 kB
VmallocTotal:     507904 kB
VmallocUsed:      112588 kB
VmallocChunk:     112576 kB
1557574055.000000
MemTotal:         482068 kB
MemFree:            4212 kB
Buffers:             428 kB
Cached:            46240 kB
SwapCached:            0 kB
Active:           377592 kB
Inactive:          23040 kB
Active(anon):     355580 kB
Inactive(anon):     3036 kB
Active(file):      22012 kB
Inactive(file):    20004 kB
Unevictable:        1960 kB
Mlocked:            3808 kB
HighTotal:             0 kB
HighFree:              0 kB
LowTotal:         482068 kB
LowFree:            4212 kB
SwapTotal:             0 kB
SwapFree:              0 kB
Dirty:                20 kB
Writeback:             0 kB
AnonPages:        356080 kB
Mapped:            51864 kB
Shmem:              3328 kB
Slab:              16452 kB
SReclaimable:       4764 kB
SUnreclaim:        11688 kB
KernelStack:        5400 kB
PageTables:         6588 kB
NFS_Unstable:          0 kB
Bounce:                0 kB
WritebackTmp:          0 kB
CommitLimit:      241032 kB
Committed_AS:    3967928 kB
VmallocTotal:     507904 kB
VmallocUsed:      114632 kB
VmallocChunk:     112576 kB
1557574056.000000
MemTotal:         482068 kB
MemFree:           17896 kB
Buffers:             164 kB
Cached:            35316 kB
SwapCached:            0 kB
Active:           365924 kB
Inactive:          20724 kB
Active(anon):     352716 kB
Inactive(anon):     3036 kB
Active(file):      13208 kB
Inactive(file):    17688 kB
Unevictable:        1960 kB
Mlocked:            3808 kB
HighTotal:             0 kB
HighFree:              0 kB
LowTotal:         482068 kB
LowFree:           17896 kB
SwapTotal:             0 kB
SwapFree:              0 kB
Dirty:                 0 kB
Writeback:             0 kB
AnonPages:        353100 kB
Mapped:            46636 kB
Shmem:              3328 kB
Slab:              16400 kB
SReclaimable:       4760 kB
SUnreclaim:        11640 kB
KernelStack:        5448 kB
PageTables:         6576 kB
NFS_Unstable:          0 kB
Bounce:                0 kB
WritebackTmp:          0 kB
CommitLimit:      241032 kB
Committed_AS:    3927908 kB
VmallocTotal:     507904 kB
VmallocUsed:      114632 kB
VmallocChunk:     112576 kB
1557574057.000000
MemTotal:         482068 kB
MemFree:            7068 kB
Buffers:             296 kB
Cached:            49320 kB
SwapCached:            0 kB
Active:           363792 kB
Inactive:          33620 kB
Active(anon):     349440 kB
Inactive(anon):     3036 kB
Active(file):      14352 kB
Inactive(file):    30584 kB
Unevictable:        1960 kB
Mlocked:            3808 kB
HighTotal:             0 kB
HighFree:              0 kB
LowTotal:         482068 kB
LowFree:            7068 kB
SwapTotal:             0 kB
SwapFree:              0 kB
Dirty:                 0 kB
Writeback:             0 kB
AnonPages:        349832 kB
Mapped:            46256 kB
Shmem:              3328 kB
Slab:              16400 kB
SReclaimable:       4760 kB
SUnreclaim:        11640 kB
KernelStack:        5448 kB
PageTables:         6424 kB
NFS_Unstable:          0 kB
Bounce:                0 kB
WritebackTmp:          0 kB
CommitLimit:      241032 kB
Committed_AS:    3630780 kB
VmallocTotal:     507904 kB
VmallocUsed:      112896 kB
VmallocChunk:     112576 kB
1557574058.000000
MemTotal:         482068 kB
MemFree:            5992 kB
Buffers:             296 kB
Cached:            50188 kB
SwapCached:            0 kB
Active:           364184 kB
Inactive:          34480 kB
Active(anon):     349784 kB
Inactive(anon):     3036 kB
Active(file):      14400 kB
Inactive(file):    31444 kB
Unevictable:        1960 kB
Mlocked:            3808 kB
HighTotal:             0 kB
HighFree:              0 kB
LowTotal:         482068 kB
LowFree:            5992 kB
SwapTotal:             0 kB
SwapFree:              0 kB
Dirty:                 0 kB
Writeback:             0 kB
AnonPages:        350184 kB
Mapped:            46604 kB
Shmem:              3328 kB
Slab:              16444 kB
SReclaimable:       4760 kB
SUnreclaim:        11684 kB
KernelStack:        5328 kB
PageTables:         6456 kB
NFS_Unstable:          0 kB
Bounce:                0 kB
WritebackTmp:          0 kB
CommitLimit:      241032 kB
Committed_AS:    3630892 kB
VmallocTotal:     507904 kB
VmallocUsed:      112896 kB
VmallocChunk:     112576 kB
1557574059.000000
MemTotal:         482068 kB
MemFree:            7508 kB
Buffers:             296 kB
Cached:            51036 kB
SwapCached:            0 kB
Active:           361388 kB
Inactive:          35328 kB
Active(anon):     346988 kB
Inactive(anon):     3036 kB
Active(file):      14400 kB
Inactive(file):    32292 kB
Unevictable:        1960 kB
Mlocked:            3808 kB
HighTotal:             0 kB
HighFree:              0 kB
LowTotal:         482068 kB
LowFree:            7508 kB
SwapTotal:             0 kB
SwapFree:              0 kB
Dirty:                 0 kB
Writeback:             0 kB
AnonPages:        347456 kB
Mapped:            46804 kB
Shmem:              3328 kB
Slab:              16392 kB
SReclaimable:       4760 kB
SUnreclaim:        11632 kB
KernelStack:        5328 kB
PageTables:         6456 kB
NFS_Unstable:          0 kB
Bounce:                0 kB
WritebackTmp:          0 kB
CommitLimit:      241032 kB
Committed_AS:    3630988 kB
VmallocTotal:     507904 kB
VmallocUsed:      112896 kB
VmallocChunk:     112576 kB
1557574060.000000
MemTotal:         482068 kB
MemFree:            6688 kB
Buffers:             308 kB
Cached:            52452 kB
SwapCached:            0 kB
Active:           361456 kB
Inactive:          36808 kB
Active(anon):     347052 kB
Inactive(anon):     3036 kB
Active(file):      14404 kB
Inactive(file):    33772 kB
Unevictable:        1960 kB
Mlocked:            3808 kB
HighTotal:             0 kB
HighFree:              0 kB
LowTotal:         482068 kB
LowFree:            6688 kB
SwapTotal:             0 kB
SwapFree:              0 kB
Dirty:                 0 kB
Writeback:             0 kB
AnonPages:        347488 kB
Mapped:            46568 kB
Shmem:              3328 kB
Slab:              16380 kB
SReclaimable:       4760 kB
SUnreclaim:        11620 kB
KernelStack:        5336 kB
PageTables:         6392 kB
NFS_Unstable:          0 kB
Bounce:                0 kB
WritebackTmp:          0 kB
CommitLimit:      241032 kB
Committed_AS:    3630820 kB
VmallocTotal:     507904 kB
VmallocUsed:      112588 kB
VmallocChunk:     112576 kB
1557574060.000000
MemTotal:         482068 kB
MemFree:            6804 kB
Buffers:             308 kB
Cached:            52604 kB
SwapCached:            0 kB
Active:           361092 kB
Inactive:          37016 kB
Active(anon):     346688 kB
Inactive(anon):     3036 kB
Active(file):      14404 kB
Inactive(file):    33980 kB
Unevictable:        1960 kB
Mlocked:            3808 kB
HighTotal:             0 kB
HighFree:              0 kB
LowTotal:         482068 kB
LowFree:            6804 kB
SwapTotal:             0 kB
SwapFree:              0 kB
Dirty:                 0 kB
Writeback:             0 kB
AnonPages:        347108 kB
Mapped:            46568 kB
Shmem:              3328 kB
Slab:              16432 kB
SReclaimable:       4760 kB
SUnreclaim:        11672 kB
KernelStack:        5336 kB
PageTables:         6392 kB
NFS_Unstable:          0 kB
Bounce:                0 kB
WritebackTmp:          0 kB
CommitLimit:      241032 kB
Committed_AS:    3630872 kB
VmallocTotal:     507904 kB
VmallocUsed:      112588 kB
VmallocChunk:     112576 kB
1557574061.000000
MemTotal:         482068 kB
MemFree:            4248 kB
Buffers:             308 kB
Cached:            54456 kB
SwapCached:            0 kB
Active:           362568 kB
Inactive:          38108 kB
Active(anon):     347488 kB
Inactive(anon):     3036 kB
Active(file):      15080 kB
Inactive(file):    35072 kB
Unevictable:        1960 kB
Mlocked:            3808 kB
HighTotal:             0 kB
HighFree:              0 kB
LowTotal:         482068 kB
LowFree:            4248 kB
SwapTotal:             0 kB
SwapFree:              0 kB
Dirty:                28 kB
Writeback:             0 kB
AnonPages:        347928 kB
Mapped:            46696 kB
Shmem:              3328 kB
Slab:              16400 kB
SReclaimable:       4760 kB
SUnreclaim:        11640 kB
KernelStack:        5344 kB
PageTables:         6380 kB
NFS_Unstable:          0 kB
Bounce:                0 kB
WritebackTmp:          0 kB
CommitLimit:      241032 kB
Committed_AS:    3630876 kB
VmallocTotal:     507904 kB
VmallocUsed:      112596 kB
VmallocChunk:     112576 kB
1557574062.000000
MemTotal:         482068 kB
MemFree:            3488 kB
Buffers:             308 kB
Cached:            55080 kB
SwapCached:            0 kB
Active:           363108 kB
Inactive:          38444 kB
Active(anon):     347812 kB
Inactive(anon):     3036 kB
Active(file):      15296 kB
Inactive(file):    35408 kB
Unevictable:        1960 kB
Mlocked:            3808 kB
HighTotal:             0 kB
HighFree:              0 kB
LowTotal:         482068 kB
LowFree:            3488 kB
SwapTotal:             0 kB
SwapFree:              0 kB
Dirty:                24 kB
Writeback:             0 kB
AnonPages:        348212 kB
Mapped:            46828 kB
Shmem:              3328 kB
Slab:              16404 kB
SReclaimable:       4760 kB
SUnreclaim:        11644 kB
KernelStack:        5320 kB
PageTables:         6456 kB
NFS_Unstable:          0 kB
Bounce:                0 kB
WritebackTmp:          0 kB
CommitLimit:      241032 kB
Committed_AS:    3631040 kB
VmallocTotal:     507904 kB
VmallocUsed:      112588 kB
VmallocChunk:     112576 kB
1557574063.000000
MemTotal:         482068 kB
MemFree:            4124 kB
Buffers:             300 kB
Cached:            54100 kB
SwapCached:            0 kB
Active:           364108 kB
Inactive:          36860 kB
Active(anon):     348116 kB
Inactive(anon):     3036 kB
Active(file):      15992 kB
Inactive(file):    33824 kB
Unevictable:        1960 kB
Mlocked:            3808 kB
HighTotal:             0 kB
HighFree:              0 kB
LowTotal:         482068 kB
LowFree:            4124 kB
SwapTotal:             0 kB
SwapFree:              0 kB
Dirty:                24 kB
Writeback:             0 kB
AnonPages:        348476 kB
Mapped:            46624 kB
Shmem:              3328 kB
Slab:              16412 kB
SReclaimable:       4760 kB
SUnreclaim:        11652 kB
KernelStack:        5328 kB
PageTables:         6380 kB
NFS_Unstable:          0 kB
Bounce:                0 kB
WritebackTmp:          0 kB
CommitLimit:      241032 kB
Committed_AS:    3631080 kB
VmallocTotal:     507904 kB
VmallocUsed:      112588 kB
VmallocChunk:     112576 kB
1557574063.000000
MemTotal:         482068 kB
MemFree:            4160 kB
Buffers:             272 kB
Cached:            52984 kB
SwapCached:            0 kB
Active:           367436 kB
Inactive:          33328 kB
Active(anon):     349140 kB
Inactive(anon):     3036 kB
Active(file):      18296 kB
Inactive(file):    30292 kB
Unevictable:        1960 kB
Mlocked:            3808 kB
HighTotal:             0 kB
HighFree:              0 kB
LowTotal:         482068 kB
LowFree:            4160 kB
SwapTotal:             0 kB
SwapFree:              0 kB
Dirty:                 0 kB
Writeback:             0 kB
AnonPages:        349568 kB
Mapped:            46268 kB
Shmem:              3328 kB
Slab:              16416 kB
SReclaimable:       4760 kB
SUnreclaim:        11656 kB
KernelStack:        5400 kB
PageTables:         6576 kB
NFS_Unstable:          0 kB
Bounce:                0 kB
WritebackTmp:          0 kB
CommitLimit:      241032 kB
Committed_AS:    3737648 kB
VmallocTotal:     507904 kB
VmallocUsed:      114632 kB
VmallocChunk:     112576 kB
1557574064.000000
MemTotal:         482068 kB
MemFree:            4128 kB
Buffers:             404 kB
Cached:            51484 kB
SwapCached:            0 kB
Active:           370088 kB
Inactive:          30400 kB
Active(anon):     350232 kB
Inactive(anon):     3036 kB
Active(file):      19856 kB
Inactive(file):    27364 kB
Unevictable:        1960 kB
Mlocked:            3808 kB
HighTotal:             0 kB
HighFree:              0 kB
LowTotal:         482068 kB
LowFree:            4128 kB
SwapTotal:             0 kB
SwapFree:              0 kB
Dirty:                 0 kB
Writeback:             0 kB
AnonPages:        350708 kB
Mapped:            47332 kB
Shmem:              3328 kB
Slab:              16416 kB
SReclaimable:       4760 kB
SUnreclaim:        11656 kB
KernelStack:        5400 kB
PageTables:         6652 kB
NFS_Unstable:          0 kB
Bounce:                0 kB
WritebackTmp:          0 kB
CommitLimit:      241032 kB
Committed_AS:    3744580 kB
VmallocTotal:     507904 kB
VmallocUsed:      114632 kB
VmallocChunk:     112576 kB
1557574065.000000
MemTotal:         482068 kB
MemFree:            3772 kB
Buffers:             404 kB
Cached:            51680 kB
SwapCached:            0 kB
Active:           370280 kB
Inactive:          30588 kB
Active(anon):     350380 kB
Inactive(anon):     3036 kB
Active(file):      19900 kB
Inactive(file):    27552 kB
Unevictable:        1960 kB
Mlocked:            3808 kB
HighTotal:             0 kB
HighFree:              0 kB
LowTotal:         482068 kB
LowFree:            3772 kB
SwapTotal:             0 kB
SwapFree:              0 kB
Dirty:                 0 kB
Writeback:             0 kB
AnonPages:        350736 kB
Mapped:            47332 kB
Shmem:              3328 kB
Slab:              16432 kB
SReclaimable:       4764 kB
SUnreclaim:        11668 kB
KernelStack:        5392 kB
PageTables:         6588 kB
NFS_Unstable:          0 kB
Bounce:                0 kB
WritebackTmp:          0 kB
CommitLimit:      241032 kB
Committed_AS:    3744520 kB
VmallocTotal:     507904 kB
VmallocUsed:      114632 kB
VmallocChunk:     112576 kB
1557574066.000000
MemTotal:         482068 kB
MemFree:            4036 kB
Buffers:             404 kB
Cached:            51656 kB
SwapCached:            0 kB
Active:           369976 kB
Inactive:          30612 kB
Active(anon):     350076 kB
Inactive(anon):     3036 kB
Active(file):      19900 kB
Inactive(file):    27576 kB
Unevictable:        1960 kB
Mlocked:            3808 kB
HighTotal:             0 kB
HighFree:              0 kB
LowTotal:         482068 kB
LowFree:            4036 kB
SwapTotal:             0 kB
SwapFree:              0 kB
Dirty:                 0 kB
Writeback:             0 kB
AnonPages:        350516 kB
Mapped:            47340 kB
Shmem:              3328 kB
Slab:              16428 kB
SReclaimable:       4764 kB
SUnreclaim:        11664 kB
KernelStack:        5392 kB
PageTables:         6588 kB
NFS_Unstable:          0 kB
Bounce:                0 kB
WritebackTmp:          0 kB
CommitLimit:      241032 kB
Committed_AS:    3744676 kB
VmallocTotal:     507904 kB
VmallocUsed:      114632 kB
VmallocChunk:     112576 kB
1557574067.000000
MemTotal:         482068 kB
MemFree:            4276 kB
Buffers:             404 kB
Cached:            50556 kB
SwapCached:            0 kB
Active:           371028 kB
Inactive:          29312 kB
Active(anon):     350964 kB
Inactive(anon):     3036 kB
Active(file):      20064 kB
Inactive(file):    26276 kB
Unevictable:        1960 kB
Mlocked:            3808 kB
HighTotal:             0 kB
HighFree:              0 kB
LowTotal:         482068 kB
LowFree:            4276 kB
SwapTotal:             0 kB
SwapFree:              0 kB
Dirty:                 0 kB
Writeback:             0 kB
AnonPages:        351436 kB
Mapped:            47456 kB
Shmem:              3328 kB
Slab:              16436 kB
SReclaimable:       4764 kB
SUnreclaim:        11672 kB
KernelStack:        5392 kB
PageTables:         6588 kB
NFS_Unstable:          0 kB
Bounce:                0 kB
WritebackTmp:          0 kB
CommitLimit:      241032 kB
Committed_AS:    3744736 kB
VmallocTotal:     507904 kB
VmallocUsed:      114632 kB
VmallocChunk:     112576 kB
1557574067.000000
MemTotal:         482068 kB
MemFree:            4276 kB
Buffers:             404 kB
Cached:            50548 kB
SwapCached:            0 kB
Active:           371144 kB
Inactive:          29320 kB
Active(anon):     351060 kB
Inactive(anon):     3036 kB
Active(file):      20084 kB
Inactive(file):    26284 kB
Unevictable:        1960 kB
Mlocked:            3808 kB
HighTotal:             0 kB
HighFree:              0 kB
LowTotal:         482068 kB
LowFree:            4276 kB
SwapTotal:             0 kB
SwapFree:              0 kB
Dirty:                 0 kB
Writeback:             0 kB
AnonPages:        351460 kB
Mapped:            47492 kB
Shmem:              3328 kB
Slab:              16424 kB
SReclaimable:       4764 kB
SUnreclaim:        11660 kB
KernelStack:        5392 kB
PageTables:         6600 kB
NFS_Unstable:          0 kB
Bounce:                0 kB
WritebackTmp:          0 kB
CommitLimit:      241032 kB
Committed_AS:    3744736 kB
VmallocTotal:     507904 kB
VmallocUsed:      114632 kB
VmallocChunk:     112576 kB
1557574068.000000
MemTotal:         482068 kB
MemFree:            4260 kB
Buffers:             404 kB
Cached:            50548 kB
SwapCached:            0 kB
Active:           371144 kB
Inactive:          29320 kB
Active(anon):     351060 kB
Inactive(anon):     3036 kB
Active(file):      20084 kB
Inactive(file):    26284 kB
Unevictable:        1960 kB
Mlocked:            3808 kB
HighTotal:             0 kB
HighFree:              0 kB
LowTotal:         482068 kB
LowFree:            4260 kB
SwapTotal:             0 kB
SwapFree:              0 kB
Dirty:                 0 kB
Writeback:             0 kB
AnonPages:        351460 kB
Mapped:            47492 kB
Shmem:              3328 kB
Slab:              16424 kB
SReclaimable:       4764 kB
SUnreclaim:        11660 kB
KernelStack:        5392 kB
PageTables:         6600 kB
NFS_Unstable:          0 kB
Bounce:                0 kB
WritebackTmp:          0 kB
CommitLimit:      241032 kB
Committed_AS:    3744736 kB
VmallocTotal:     507904 kB
VmallocUsed:      114632 kB
VmallocChunk:     112576 kB
1557574069.000000
MemTotal:         482068 kB
MemFree:            3780 kB
Buffers:             404 kB
Cached:            51232 kB
SwapCached:            0 kB
Active:           371100 kB
Inactive:          30048 kB
Active(anon):     351016 kB
Inactive(anon):     3036 kB
Active(file):      20084 kB
Inactive(file):    27012 kB
Unevictable:        1960 kB
Mlocked:            3808 kB
HighTotal:             0 kB
HighFree:              0 kB
LowTotal:         482068 kB
LowFree:            3780 kB
SwapTotal:             0 kB
SwapFree:              0 kB
Dirty:                 0 kB
Writeback:             0 kB
AnonPages:        351440 kB
Mapped:            47532 kB
Shmem:              3328 kB
Slab:              16416 kB
SReclaimable:       4764 kB
SUnreclaim:        11652 kB
KernelStack:        5392 kB
PageTables:         6664 kB
NFS_Unstable:          0 kB
Bounce:                0 kB
WritebackTmp:          0 kB
CommitLimit:      241032 kB
Committed_AS:    3744736 kB
VmallocTotal:     507904 kB
VmallocUsed:      114632 kB
VmallocChunk:     112576 kB
1557574070.000000
MemTotal:         482068 kB
MemFree:            3548 kB
Buffers:             412 kB
Cached:            51280 kB
SwapCached:            0 kB
Active:           371172 kB
Inactive:          30060 kB
Active(anon):     351088 kB
Inactive(anon):     3036 kB
Active(file):      20084 kB
Inactive(file):    27024 kB
Unevictable:        1960 kB
Mlocked:            3808 kB
HighTotal:             0 kB
HighFree:              0 kB
LowTotal:         482068 kB
LowFree:            3548 kB
SwapTotal:             0 kB
SwapFree:              0 kB
Dirty:                 0 kB
Writeback:             0 kB
AnonPages:        351504 kB
Mapped:            47536 kB
Shmem:              3328 kB
Slab:              16428 kB
SReclaimable:       4764 kB
SUnreclaim:        11664 kB
KernelStack:        5384 kB
PageTables:         6588 kB
NFS_Unstable:          0 kB
Bounce:                0 kB
WritebackTmp:          0 kB
CommitLimit:      241032 kB
Committed_AS:    3744740 kB
VmallocTotal:     507904 kB
VmallocUsed:      114632 kB
VmallocChunk:     112576 kB
1557574070.000000
MemTotal:         482068 kB
MemFree:            4548 kB
Buffers:             412 kB
Cached:            49992 kB
SwapCached:            0 kB
Active:           371668 kB
Inactive:          28420 kB
Active(anon):     351248 kB
Inactive(anon):     3036 kB
Active(file):      20420 kB
Inactive(file):    25384 kB
Unevictable:        1960 kB
Mlocked:            3808 kB
HighTotal:             0 kB
HighFree:              0 kB
LowTotal:         482068 kB
LowFree:            4548 kB
SwapTotal:             0 kB
SwapFree:              0 kB
Dirty:                 4 kB
Writeback:             0 kB
AnonPages:        351680 kB
Mapped:            47576 kB
Shmem:              3328 kB
Slab:              16428 kB
SReclaimable:       4764 kB
SUnreclaim:        11664 kB
KernelStack:        5392 kB
PageTables:         6588 kB
NFS_Unstable:          0 kB
Bounce:                0 kB
WritebackTmp:          0 kB
CommitLimit:      241032 kB
Committed_AS:    3744748 kB
VmallocTotal:     507904 kB
VmallocUsed:      114632 kB
VmallocChunk:     112576 kB
1557574071.000000
MemTotal:         482068 kB
MemFree:            3872 kB
Buffers:             412 kB
Cached:            50676 kB
SwapCached:            0 kB
Active:           371720 kB
Inactive:          29096 kB
Active(anon):     351300 kB
Inactive(anon):     3036 kB
Active(file):      20420 kB
Inactive(file):    26060 kB
Unevictable:        1960 kB
Mlocked:            3808 kB
HighTotal:             0 kB
HighFree:              0 kB
LowTotal:         482068 kB
LowFree:            3872 kB
SwapTotal:             0 kB
SwapFree:              0 kB
Dirty:                 4 kB
Writeback:             0 kB
AnonPages:        351680 kB
Mapped:            47652 kB
Shmem:              3328 kB
Slab:              16428 kB
SReclaimable:       4764 kB
SUnreclaim:        11664 kB
KernelStack:        5392 kB
PageTables:         6588 kB
NFS_Unstable:          0 kB
Bounce:                0 kB
WritebackTmp:          0 kB
CommitLimit:      241032 kB
Committed_AS:    3744740 kB
VmallocTotal:     507904 kB
VmallocUsed:      114632 kB
VmallocChunk:     112576 kB
1557574072.000000
MemTotal:         482068 kB
MemFree:            3888 kB
Buffers:             412 kB
Cached:            50696 kB
SwapCached:            0 kB
Active:           371760 kB
Inactive:          29140 kB
Active(anon):     351340 kB
Inactive(anon):     3036 kB
Active(file):      20420 kB
Inactive(file):    26104 kB
Unevictable:        1960 kB
Mlocked:            3808 kB
HighTotal:             0 kB
HighFree:              0 kB
LowTotal:         482068 kB
LowFree:            3888 kB
SwapTotal:             0 kB
SwapFree:              0 kB
Dirty:                 4 kB
Writeback:             0 kB
AnonPages:        351684 kB
Mapped:            47684 kB
Shmem:              3328 kB
Slab:              16420 kB
SReclaimable:       4764 kB
SUnreclaim:        11656 kB
KernelStack:        5384 kB
PageTables:         6664 kB
NFS_Unstable:          0 kB
Bounce:                0 kB
WritebackTmp:          0 kB
CommitLimit:      241032 kB
Committed_AS:    3744740 kB
VmallocTotal:     507904 kB
VmallocUsed:      114632 kB
VmallocChunk:     112576 kB
1557574073.000000
MemTotal:         482068 kB
MemFree:            3748 kB
Buffers:             412 kB
Cached:            50696 kB
SwapCached:            0 kB
Active:           371844 kB
Inactive:          29140 kB
Active(anon):     351424 kB
Inactive(anon):     3036 kB
Active(file):      20420 kB
Inactive(file):    26104 kB
Unevictable:        1960 kB
Mlocked:            3808 kB
HighTotal:             0 kB
HighFree:              0 kB
LowTotal:         482068 kB
LowFree:            3748 kB
SwapTotal:             0 kB
SwapFree:              0 kB
Dirty:                 4 kB
Writeback:             0 kB
AnonPages:        351780 kB
Mapped:            47684 kB
Shmem:              3328 kB
Slab:              16428 kB
SReclaimable:       4760 kB
SUnreclaim:        11668 kB
KernelStack:        5384 kB
PageTables:         6664 kB
NFS_Unstable:          0 kB
Bounce:                0 kB
WritebackTmp:          0 kB
CommitLimit:      241032 kB
Committed_AS:    3744740 kB
VmallocTotal:     507904 kB
VmallocUsed:      114640 kB
VmallocChunk:     112576 kB
1557574074.000000
MemTotal:         482068 kB
MemFree:            4296 kB
Buffers:             296 kB
Cached:            48132 kB
SwapCached:            0 kB
Active:           374940 kB
Inactive:          24908 kB
Active(anon):     352972 kB
Inactive(anon):     3036 kB
Active(file):      21968 kB
Inactive(file):    21872 kB
Unevictable:        1960 kB
Mlocked:            3808 kB
HighTotal:             0 kB
HighFree:              0 kB
LowTotal:         482068 kB
LowFree:            4296 kB
SwapTotal:             0 kB
SwapFree:              0 kB
Dirty:                 0 kB
Writeback:             0 kB
AnonPages:        353376 kB
Mapped:            49520 kB
Shmem:              3328 kB
Slab:              16380 kB
SReclaimable:       4760 kB
SUnreclaim:        11620 kB
KernelStack:        5464 kB
PageTables:         6880 kB
NFS_Unstable:          0 kB
Bounce:                0 kB
WritebackTmp:          0 kB
CommitLimit:      241032 kB
Committed_AS:    3862964 kB
VmallocTotal:     507904 kB
VmallocUsed:      116684 kB
VmallocChunk:     112576 kB
1557574074.000000
MemTotal:         482068 kB
MemFree:            4036 kB
Buffers:             308 kB
Cached:            49412 kB
SwapCached:            0 kB
Active:           374052 kB
Inactive:          26552 kB
Active(anon):     352452 kB
Inactive(anon):     3036 kB
Active(file):      21600 kB
Inactive(file):    23516 kB
Unevictable:        1960 kB
Mlocked:            3808 kB
HighTotal:             0 kB
HighFree:              0 kB
LowTotal:         482068 kB
LowFree:            4036 kB
SwapTotal:             0 kB
SwapFree:              0 kB
Dirty:                 0 kB
Writeback:             0 kB
AnonPages:        352844 kB
Mapped:            50356 kB
Shmem:              3328 kB
Slab:              16432 kB
SReclaimable:       4760 kB
SUnreclaim:        11672 kB
KernelStack:        5464 kB
PageTables:         6652 kB
NFS_Unstable:          0 kB
Bounce:                0 kB
WritebackTmp:          0 kB
CommitLimit:      241032 kB
Committed_AS:    3779776 kB
VmallocTotal:     507904 kB
VmallocUsed:      114632 kB
VmallocChunk:     112576 kB
1557574075.000000
MemTotal:         482068 kB
MemFree:            4244 kB
Buffers:             308 kB
Cached:            48212 kB
SwapCached:            0 kB
Active:           375512 kB
Inactive:          25024 kB
Active(anon):     353548 kB
Inactive(anon):     3036 kB
Active(file):      21964 kB
Inactive(file):    21988 kB
Unevictable:        1960 kB
Mlocked:            3808 kB
HighTotal:             0 kB
HighFree:              0 kB
LowTotal:         482068 kB
LowFree:            4244 kB
SwapTotal:             0 kB
SwapFree:              0 kB
Dirty:                 0 kB
Writeback:             0 kB
AnonPages:        353956 kB
Mapped:            50984 kB
Shmem:              3328 kB
Slab:              16428 kB
SReclaimable:       4760 kB
SUnreclaim:        11668 kB
KernelStack:        5368 kB
PageTables:         6696 kB
NFS_Unstable:          0 kB
Bounce:                0 kB
WritebackTmp:          0 kB
CommitLimit:      241032 kB
Committed_AS:    3782444 kB
VmallocTotal:     507904 kB
VmallocUsed:      114632 kB
VmallocChunk:     112576 kB
1557574076.000000
MemTotal:         482068 kB
MemFree:            4168 kB
Buffers:             308 kB
Cached:            48316 kB
SwapCached:            0 kB
Active:           375252 kB
Inactive:          25144 kB
Active(anon):     353292 kB
Inactive(anon):     3036 kB
Active(file):      21960 kB
Inactive(file):    22108 kB
Unevictable:        1960 kB
Mlocked:            3808 kB
HighTotal:             0 kB
HighFree:              0 kB
LowTotal:         482068 kB
LowFree:            4168 kB
SwapTotal:             0 kB
SwapFree:              0 kB
Dirty:                 0 kB
Writeback:             0 kB
AnonPages:        353644 kB
Mapped:            50960 kB
Shmem:              3328 kB
Slab:              16428 kB
SReclaimable:       4760 kB
SUnreclaim:        11668 kB
KernelStack:        5360 kB
PageTables:         6708 kB
NFS_Unstable:          0 kB
Bounce:                0 kB
WritebackTmp:          0 kB
CommitLimit:      241032 kB
Committed_AS:    3782324 kB
VmallocTotal:     507904 kB
VmallocUsed:      114632 kB
VmallocChunk:     112576 kB
1557574077.000000
MemTotal:         482068 kB
MemFree:            4400 kB
Buffers:             584 kB
Cached:            47492 kB
SwapCached:            0 kB
Active:           375284 kB
Inactive:          24648 kB
Active(anon):     353388 kB
Inactive(anon):     3036 kB
Active(file):      21896 kB
Inactive(file):    21612 kB
Unevictable:        1960 kB
Mlocked:            3808 kB
HighTotal:             0 kB
HighFree:              0 kB
LowTotal:         482068 kB
LowFree:            4400 kB
SwapTotal:             0 kB
SwapFree:              0 kB
Dirty:                 0 kB
Writeback:             0 kB
AnonPages:        353720 kB
Mapped:            50916 kB
Shmem:              3328 kB
Slab:              16420 kB
SReclaimable:       4760 kB
SUnreclaim:        11660 kB
KernelStack:        5360 kB
PageTables:         6708 kB
NFS_Unstable:          0 kB
Bounce:                0 kB
WritebackTmp:          0 kB
CommitLimit:      241032 kB
Committed_AS:    3782444 kB
VmallocTotal:     507904 kB
VmallocUsed:      114632 kB
VmallocChunk:     112576 kB
1557574077.000000
MemTotal:         482068 kB
MemFree:            4664 kB
Buffers:             584 kB
Cached:            47560 kB
SwapCached:            0 kB
Active:           375328 kB
Inactive:          24648 kB
Active(anon):     353380 kB
Inactive(anon):     3036 kB
Active(file):      21948 kB
Inactive(file):    21612 kB
Unevictable:        1960 kB
Mlocked:            3808 kB
HighTotal:             0 kB
HighFree:              0 kB
LowTotal:         482068 kB
LowFree:            4664 kB
SwapTotal:             0 kB
SwapFree:              0 kB
Dirty:                 0 kB
Writeback:             0 kB
AnonPages:        353800 kB
Mapped:            50892 kB
Shmem:              3328 kB
Slab:              16452 kB
SReclaimable:       4756 kB
SUnreclaim:        11696 kB
KernelStack:        5368 kB
PageTables:         6632 kB
NFS_Unstable:          0 kB
Bounce:                0 kB
WritebackTmp:          0 kB
CommitLimit:      241032 kB
Committed_AS:    3782324 kB
VmallocTotal:     507904 kB
VmallocUsed:      114640 kB
VmallocChunk:     112576 kB
1557574078.000000
MemTotal:         482068 kB
MemFree:            4192 kB
Buffers:             584 kB
Cached:            47560 kB
SwapCached:            0 kB
Active:           376004 kB
Inactive:          24648 kB
Active(anon):     354056 kB
Inactive(anon):     3036 kB
Active(file):      21948 kB
Inactive(file):    21612 kB
Unevictable:        1960 kB
Mlocked:            3808 kB
HighTotal:             0 kB
HighFree:              0 kB
LowTotal:         482068 kB
LowFree:            4192 kB
SwapTotal:             0 kB
SwapFree:              0 kB
Dirty:                 0 kB
Writeback:             0 kB
AnonPages:        354408 kB
Mapped:            50892 kB
Shmem:              3328 kB
Slab:              16452 kB
SReclaimable:       4756 kB
SUnreclaim:        11696 kB
KernelStack:        5368 kB
PageTables:         6632 kB
NFS_Unstable:          0 kB
Bounce:                0 kB
WritebackTmp:          0 kB
CommitLimit:      241032 kB
Committed_AS:    3782348 kB
VmallocTotal:     507904 kB
VmallocUsed:      114632 kB
VmallocChunk:     112576 kB
1557574079.000000
MemTotal:         482068 kB
MemFree:            4316 kB
Buffers:             584 kB
Cached:            47692 kB
SwapCached:            0 kB
Active:           375492 kB
Inactive:          24904 kB
Active(anon):     353696 kB
Inactive(anon):     3036 kB
Active(file):      21796 kB
Inactive(file):    21868 kB
Unevictable:        1960 kB
Mlocked:            3808 kB
HighTotal:             0 kB
HighFree:              0 kB
LowTotal:         482068 kB
LowFree:            4316 kB
SwapTotal:             0 kB
SwapFree:              0 kB
Dirty:                 0 kB
Writeback:             0 kB
AnonPages:        354140 kB
Mapped:            51280 kB
Shmem:              3328 kB
Slab:              16472 kB
SReclaimable:       4756 kB
SUnreclaim:        11716 kB
KernelStack:        5360 kB
PageTables:         6632 kB
NFS_Unstable:          0 kB
Bounce:                0 kB
WritebackTmp:          0 kB
CommitLimit:      241032 kB
Committed_AS:    3782444 kB
VmallocTotal:     507904 kB
VmallocUsed:      114632 kB
VmallocChunk:     112576 kB
1557574080.000000
MemTotal:         482068 kB
MemFree:            4384 kB
Buffers:             592 kB
Cached:            47688 kB
SwapCached:            0 kB
Active:           375236 kB
Inactive:          24932 kB
Active(anon):     353440 kB
Inactive(anon):     3036 kB
Active(file):      21796 kB
Inactive(file):    21896 kB
Unevictable:        1960 kB
Mlocked:            3808 kB
HighTotal:             0 kB
HighFree:              0 kB
LowTotal:         482068 kB
LowFree:            4384 kB
SwapTotal:             0 kB
SwapFree:              0 kB
Dirty:               152 kB
Writeback:             0 kB
AnonPages:        353860 kB
Mapped:            51296 kB
Shmem:              3328 kB
Slab:              16468 kB
SReclaimable:       4760 kB
SUnreclaim:        11708 kB
KernelStack:        5360 kB
PageTables:         6708 kB
NFS_Unstable:          0 kB
Bounce:                0 kB
WritebackTmp:          0 kB
CommitLimit:      241032 kB
Committed_AS:    3782428 kB
VmallocTotal:     507904 kB
VmallocUsed:      114632 kB
VmallocChunk:     112576 kB
1557574080.000000
MemTotal:         482068 kB
MemFree:            4068 kB
Buffers:             592 kB
Cached:            47768 kB
SwapCached:            0 kB
Active:           375716 kB
Inactive:          24984 kB
Active(anon):     353912 kB
Inactive(anon):     3036 kB
Active(file):      21804 kB
Inactive(file):    21948 kB
Unevictable:        1960 kB
Mlocked:            3808 kB
HighTotal:             0 kB
HighFree:              0 kB
LowTotal:         482068 kB
LowFree:            4068 kB
SwapTotal:             0 kB
SwapFree:              0 kB
Dirty:               132 kB
Writeback:             0 kB
AnonPages:        354284 kB
Mapped:            51296 kB
Shmem:              3328 kB
Slab:              16484 kB
SReclaimable:       4760 kB
SUnreclaim:        11724 kB
KernelStack:        5360 kB
PageTables:         6632 kB
NFS_Unstable:          0 kB
Bounce:                0 kB
WritebackTmp:          0 kB
CommitLimit:      241032 kB
Committed_AS:    3783208 kB
VmallocTotal:     507904 kB
VmallocUsed:      114632 kB
VmallocChunk:     112576 kB
1557574081.000000
MemTotal:         482068 kB
MemFree:            3896 kB
Buffers:             592 kB
Cached:            47844 kB
SwapCached:            0 kB
Active:           375716 kB
Inactive:          25088 kB
Active(anon):     353912 kB
Inactive(anon):     3036 kB
Active(file):      21804 kB
Inactive(file):    22052 kB
Unevictable:        1960 kB
Mlocked:            3808 kB
HighTotal:             0 kB
HighFree:              0 kB
LowTotal:         482068 kB
LowFree:            3896 kB
SwapTotal:             0 kB
SwapFree:              0 kB
Dirty:               132 kB
Writeback:             0 kB
AnonPages:        354284 kB
Mapped:            51296 kB
Shmem:              3328 kB
Slab:              16484 kB
SReclaimable:       4760 kB
SUnreclaim:        11724 kB
KernelStack:        5360 kB
PageTables:         6708 kB
NFS_Unstable:          0 kB
Bounce:                0 kB
WritebackTmp:          0 kB
CommitLimit:      241032 kB
Committed_AS:    3783236 kB
VmallocTotal:     507904 kB
VmallocUsed:      114632 kB
VmallocChunk:     112576 kB
1557574082.000000
MemTotal:         482068 kB
MemFree:            3680 kB
Buffers:             588 kB
Cached:            47292 kB
SwapCached:            0 kB
Active:           376128 kB
Inactive:          24564 kB
Active(anon):     354388 kB
Inactive(anon):     3036 kB
Active(file):      21740 kB
Inactive(file):    21528 kB
Unevictable:        1960 kB
Mlocked:            3808 kB
HighTotal:             0 kB
HighFree:              0 kB
LowTotal:         482068 kB
LowFree:            3680 kB
SwapTotal:             0 kB
SwapFree:              0 kB
Dirty:               132 kB
Writeback:             0 kB
AnonPages:        354836 kB
Mapped:            51308 kB
Shmem:              3328 kB
Slab:              16496 kB
SReclaimable:       4760 kB
SUnreclaim:        11736 kB
KernelStack:        5368 kB
PageTables:         6708 kB
NFS_Unstable:          0 kB
Bounce:                0 kB
WritebackTmp:          0 kB
CommitLimit:      241032 kB
Committed_AS:    3783296 kB
VmallocTotal:     507904 kB
VmallocUsed:      114632 kB
VmallocChunk:     112576 kB
1557574083.000000
MemTotal:         482068 kB
MemFree:            3672 kB
Buffers:             588 kB
Cached:            47268 kB
SwapCached:            0 kB
Active:           376208 kB
Inactive:          24572 kB
Active(anon):     354472 kB
Inactive(anon):     3036 kB
Active(file):      21736 kB
Inactive(file):    21536 kB
Unevictable:        1960 kB
Mlocked:            3808 kB
HighTotal:             0 kB
HighFree:              0 kB
LowTotal:         482068 kB
LowFree:            3672 kB
SwapTotal:             0 kB
SwapFree:              0 kB
Dirty:                 0 kB
Writeback:             0 kB
AnonPages:        354856 kB
Mapped:            51292 kB
Shmem:              3328 kB
Slab:              16492 kB
SReclaimable:       4760 kB
SUnreclaim:        11732 kB
KernelStack:        5360 kB
PageTables:         6632 kB
NFS_Unstable:          0 kB
Bounce:                0 kB
WritebackTmp:          0 kB
CommitLimit:      241032 kB
Committed_AS:    3783336 kB
VmallocTotal:     507904 kB
VmallocUsed:      114632 kB
VmallocChunk:     112576 kB
1557574084.000000
MemTotal:         482068 kB
MemFree:            3764 kB
Buffers:             588 kB
Cached:            47268 kB
SwapCached:            0 kB
Active:           376228 kB
Inactive:          24572 kB
Active(anon):     354492 kB
Inactive(anon):     3036 kB
Active(file):      21736 kB
Inactive(file):    21536 kB
Unevictable:        1960 kB
Mlocked:            3808 kB
HighTotal:             0 kB
HighFree:              0 kB
LowTotal:         482068 kB
LowFree:            3764 kB
SwapTotal:             0 kB
SwapFree:              0 kB
Dirty:                 0 kB
Writeback:             0 kB
AnonPages:        354952 kB
Mapped:            51292 kB
Shmem:              3328 kB
Slab:              16492 kB
SReclaimable:       4760 kB
SUnreclaim:        11732 kB
KernelStack:        5368 kB
PageTables:         6632 kB
NFS_Unstable:          0 kB
Bounce:                0 kB
WritebackTmp:          0 kB
CommitLimit:      241032 kB
Committed_AS:    3783360 kB
VmallocTotal:     507904 kB
VmallocUsed:      114632 kB
VmallocChunk:     112576 kB
1557574084.000000
MemTotal:         482068 kB
MemFree:            3704 kB
Buffers:             588 kB
Cached:            47344 kB
SwapCached:            0 kB
Active:           376324 kB
Inactive:          24644 kB
Active(anon):     354588 kB
Inactive(anon):     3032 kB
Active(file):      21736 kB
Inactive(file):    21612 kB
Unevictable:        1960 kB
Mlocked:            3808 kB
HighTotal:             0 kB
HighFree:              0 kB
LowTotal:         482068 kB
LowFree:            3704 kB
SwapTotal:             0 kB
SwapFree:              0 kB
Dirty:                 0 kB
Writeback:             0 kB
AnonPages:        354992 kB
Mapped:            51296 kB
Shmem:              3328 kB
Slab:              16488 kB
SReclaimable:       4760 kB
SUnreclaim:        11728 kB
KernelStack:        5360 kB
PageTables:         6632 kB
NFS_Unstable:          0 kB
Bounce:                0 kB
WritebackTmp:          0 kB
CommitLimit:      241032 kB
Committed_AS:    3783264 kB
VmallocTotal:     507904 kB
VmallocUsed:      114632 kB
VmallocChunk:     112576 kB
1557574085.000000
MemTotal:         482068 kB
MemFree:            3556 kB
Buffers:             592 kB
Cached:            47872 kB
SwapCached:            0 kB
Active:           375960 kB
Inactive:          25164 kB
Active(anon):     354224 kB
Inactive(anon):     3032 kB
Active(file):      21736 kB
Inactive(file):    22132 kB
Unevictable:        1960 kB
Mlocked:            3808 kB
HighTotal:             0 kB
HighFree:              0 kB
LowTotal:         482068 kB
LowFree:            3556 kB
SwapTotal:             0 kB
SwapFree:              0 kB
Dirty:                 0 kB
Writeback:             0 kB
AnonPages:        354688 kB
Mapped:            51372 kB
Shmem:              3328 kB
Slab:              16488 kB
SReclaimable:       4760 kB
SUnreclaim:        11728 kB
KernelStack:        5360 kB
PageTables:         6632 kB
NFS_Unstable:          0 kB
Bounce:                0 kB
WritebackTmp:          0 kB
CommitLimit:      241032 kB
Committed_AS:    3783416 kB
VmallocTotal:     507904 kB
VmallocUsed:      114632 kB
VmallocChunk:     112576 kB
1557574086.000000
MemTotal:         482068 kB
MemFree:            4400 kB
Buffers:             544 kB
Cached:            46416 kB
SwapCached:            0 kB
Active:           376100 kB
Inactive:          23860 kB
Active(anon):     354600 kB
Inactive(anon):     3032 kB
Active(file):      21500 kB
Inactive(file):    20828 kB
Unevictable:        1960 kB
Mlocked:            3808 kB
HighTotal:             0 kB
HighFree:              0 kB
LowTotal:         482068 kB
LowFree:            4400 kB
SwapTotal:             0 kB
SwapFree:              0 kB
Dirty:                 4 kB
Writeback:             0 kB
AnonPages:        355072 kB
Mapped:            50868 kB
Shmem:              3328 kB
Slab:              16528 kB
SReclaimable:       4760 kB
SUnreclaim:        11768 kB
KernelStack:        5360 kB
PageTables:         6632 kB
NFS_Unstable:          0 kB
Bounce:                0 kB
WritebackTmp:          0 kB
CommitLimit:      241032 kB
Committed_AS:    3783440 kB
VmallocTotal:     507904 kB
VmallocUsed:      114632 kB
VmallocChunk:     112576 kB
1557574087.000000
MemTotal:         482068 kB
MemFree:            4136 kB
Buffers:             628 kB
Cached:            46388 kB
SwapCached:            0 kB
Active:           376580 kB
Inactive:          23868 kB
Active(anon):     354984 kB
Inactive(anon):     3032 kB
Active(file):      21596 kB
Inactive(file):    20836 kB
Unevictable:        1960 kB
Mlocked:            3808 kB
HighTotal:             0 kB
HighFree:              0 kB
LowTotal:         482068 kB
LowFree:            4136 kB
SwapTotal:             0 kB
SwapFree:              0 kB
Dirty:                40 kB
Writeback:             0 kB
AnonPages:        355364 kB
Mapped:            50888 kB
Shmem:              3328 kB
Slab:              16484 kB
SReclaimable:       4760 kB
SUnreclaim:        11724 kB
KernelStack:        5360 kB
PageTables:         6708 kB
NFS_Unstable:          0 kB
Bounce:                0 kB
WritebackTmp:          0 kB
CommitLimit:      241032 kB
Committed_AS:    3783460 kB
VmallocTotal:     507904 kB
VmallocUsed:      114632 kB
VmallocChunk:     112576 kB
1557574087.000000
MemTotal:         482068 kB
MemFree:            4192 kB
Buffers:             628 kB
Cached:            46388 kB
SwapCached:            0 kB
Active:           376576 kB
Inactive:          23860 kB
Active(anon):     354972 kB
Inactive(anon):     3032 kB
Active(file):      21604 kB
Inactive(file):    20828 kB
Unevictable:        1960 kB
Mlocked:            3808 kB
HighTotal:             0 kB
HighFree:              0 kB
LowTotal:         482068 kB
LowFree:            4192 kB
SwapTotal:             0 kB
SwapFree:              0 kB
Dirty:                40 kB
Writeback:             0 kB
AnonPages:        355408 kB
Mapped:            50888 kB
Shmem:              3328 kB
Slab:              16492 kB
SReclaimable:       4760 kB
SUnreclaim:        11732 kB
KernelStack:        5368 kB
PageTables:         6632 kB
NFS_Unstable:          0 kB
Bounce:                0 kB
WritebackTmp:          0 kB
CommitLimit:      241032 kB
Committed_AS:    3783488 kB
VmallocTotal:     507904 kB
VmallocUsed:      114632 kB
VmallocChunk:     112576 kB
1557574088.000000
MemTotal:         482068 kB
MemFree:            4176 kB
Buffers:             628 kB
Cached:            46388 kB
SwapCached:            0 kB
Active:           376628 kB
Inactive:          23860 kB
Active(anon):     355024 kB
Inactive(anon):     3032 kB
Active(file):      21604 kB
Inactive(file):    20828 kB
Unevictable:        1960 kB
Mlocked:            3808 kB
HighTotal:             0 kB
HighFree:              0 kB
LowTotal:         482068 kB
LowFree:            4176 kB
SwapTotal:             0 kB
SwapFree:              0 kB
Dirty:                40 kB
Writeback:             0 kB
AnonPages:        355484 kB
Mapped:            50888 kB
Shmem:              3328 kB
Slab:              16492 kB
SReclaimable:       4760 kB
SUnreclaim:        11732 kB
KernelStack:        5368 kB
PageTables:         6632 kB
NFS_Unstable:          0 kB
Bounce:                0 kB
WritebackTmp:          0 kB
CommitLimit:      241032 kB
Committed_AS:    3783500 kB
VmallocTotal:     507904 kB
VmallocUsed:      114632 kB
VmallocChunk:     112576 kB
1557574089.000000
MemTotal:         482068 kB
MemFree:            4192 kB
Buffers:             628 kB
Cached:            46388 kB
SwapCached:            0 kB
Active:           376716 kB
Inactive:          23860 kB
Active(anon):     355112 kB
Inactive(anon):     3032 kB
Active(file):      21604 kB
Inactive(file):    20828 kB
Unevictable:        1960 kB
Mlocked:            3808 kB
HighTotal:             0 kB
HighFree:              0 kB
LowTotal:         482068 kB
LowFree:            4192 kB
SwapTotal:             0 kB
SwapFree:              0 kB
Dirty:                36 kB
Writeback:             0 kB
AnonPages:        355544 kB
Mapped:            50888 kB
Shmem:              3328 kB
Slab:              16492 kB
SReclaimable:       4760 kB
SUnreclaim:        11732 kB
KernelStack:        5360 kB
PageTables:         6636 kB
NFS_Unstable:          0 kB
Bounce:                0 kB
WritebackTmp:          0 kB
CommitLimit:      241032 kB
Committed_AS:    3783400 kB
VmallocTotal:     507904 kB
VmallocUsed:      114632 kB
VmallocChunk:     112576 kB
1557574090.000000
MemTotal:         482068 kB
MemFree:            4036 kB
Buffers:             628 kB
Cached:            46476 kB
SwapCached:            0 kB
Active:           376988 kB
Inactive:          23948 kB
Active(anon):     355384 kB
Inactive(anon):     3032 kB
Active(file):      21604 kB
Inactive(file):    20916 kB
Unevictable:        1960 kB
Mlocked:            3808 kB
HighTotal:             0 kB
HighFree:              0 kB
LowTotal:         482068 kB
LowFree:            4036 kB
SwapTotal:             0 kB
SwapFree:              0 kB
Dirty:                36 kB
Writeback:             0 kB
AnonPages:        355836 kB
Mapped:            50904 kB
Shmem:              3328 kB
Slab:              16496 kB
SReclaimable:       4760 kB
SUnreclaim:        11736 kB
KernelStack:        5360 kB
PageTables:         6636 kB
NFS_Unstable:          0 kB
Bounce:                0 kB
WritebackTmp:          0 kB
CommitLimit:      241032 kB
Committed_AS:    3783544 kB
VmallocTotal:     507904 kB
VmallocUsed:      114632 kB
VmallocChunk:     112576 kB
1557574090.000000
MemTotal:         482068 kB
MemFree:            3648 kB
Buffers:             628 kB
Cached:            46476 kB
SwapCached:            0 kB
Active:           377128 kB
Inactive:          23948 kB
Active(anon):     355524 kB
Inactive(anon):     3032 kB
Active(file):      21604 kB
Inactive(file):    20916 kB
Unevictable:        1960 kB
Mlocked:            3808 kB
HighTotal:             0 kB
HighFree:              0 kB
LowTotal:         482068 kB
LowFree:            3648 kB
SwapTotal:             0 kB
SwapFree:              0 kB
Dirty:                36 kB
Writeback:             0 kB
AnonPages:        355904 kB
Mapped:            50904 kB
Shmem:              3328 kB
Slab:              16488 kB
SReclaimable:       4760 kB
SUnreclaim:        11728 kB
KernelStack:        5360 kB
PageTables:         6636 kB
NFS_Unstable:          0 kB
Bounce:                0 kB
WritebackTmp:          0 kB
CommitLimit:      241032 kB
Committed_AS:    3783564 kB
VmallocTotal:     507904 kB
VmallocUsed:      114632 kB
VmallocChunk:     112576 kB
1557574091.000000
MemTotal:         482068 kB
MemFree:            4284 kB
Buffers:             588 kB
Cached:            45908 kB
SwapCached:            0 kB
Active:           376816 kB
Inactive:          23560 kB
Active(anon):     355368 kB
Inactive(anon):     3032 kB
Active(file):      21448 kB
Inactive(file):    20528 kB
Unevictable:        1960 kB
Mlocked:            3808 kB
HighTotal:             0 kB
HighFree:              0 kB
LowTotal:         482068 kB
LowFree:            4284 kB
SwapTotal:             0 kB
SwapFree:              0 kB
Dirty:                36 kB
Writeback:             0 kB
AnonPages:        355752 kB
Mapped:            51208 kB
Shmem:              3328 kB
Slab:              16488 kB
SReclaimable:       4760 kB
SUnreclaim:        11728 kB
KernelStack:        5360 kB
PageTables:         6712 kB
NFS_Unstable:          0 kB
Bounce:                0 kB
WritebackTmp:          0 kB
CommitLimit:      241032 kB
Committed_AS:    3783584 kB
VmallocTotal:     507904 kB
VmallocUsed:      114632 kB
VmallocChunk:     112576 kB
1557574092.000000
MemTotal:         482068 kB
MemFree:            4276 kB
Buffers:             600 kB
Cached:            45836 kB
SwapCached:            0 kB
Active:           376484 kB
Inactive:          23764 kB
Active(anon):     355412 kB
Inactive(anon):     3032 kB
Active(file):      21072 kB
Inactive(file):    20732 kB
Unevictable:        1960 kB
Mlocked:            3808 kB
HighTotal:             0 kB
HighFree:              0 kB
LowTotal:         482068 kB
LowFree:            4276 kB
SwapTotal:             0 kB
SwapFree:              0 kB
Dirty:               108 kB
Writeback:             0 kB
AnonPages:        355900 kB
Mapped:            51380 kB
Shmem:              3328 kB
Slab:              16500 kB
SReclaimable:       4760 kB
SUnreclaim:        11740 kB
KernelStack:        5368 kB
PageTables:         6636 kB
NFS_Unstable:          0 kB
Bounce:                0 kB
WritebackTmp:          0 kB
CommitLimit:      241032 kB
Committed_AS:    3783788 kB
VmallocTotal:     507904 kB
VmallocUsed:      114632 kB
VmallocChunk:     112576 kB
1557574093.000000
MemTotal:         482068 kB
MemFree:            4276 kB
Buffers:             600 kB
Cached:            45836 kB
SwapCached:            0 kB
Active:           376496 kB
Inactive:          23792 kB
Active(anon):     355404 kB
Inactive(anon):     3032 kB
Active(file):      21092 kB
Inactive(file):    20760 kB
Unevictable:        1960 kB
Mlocked:            3808 kB
HighTotal:             0 kB
HighFree:              0 kB
LowTotal:         482068 kB
LowFree:            4276 kB
SwapTotal:             0 kB
SwapFree:              0 kB
Dirty:               120 kB
Writeback:             0 kB
AnonPages:        355784 kB
Mapped:            51368 kB
Shmem:              3328 kB
Slab:              16508 kB
SReclaimable:       4760 kB
SUnreclaim:        11748 kB
KernelStack:        5352 kB
PageTables:         6636 kB
NFS_Unstable:          0 kB
Bounce:                0 kB
WritebackTmp:          0 kB
CommitLimit:      241032 kB
Committed_AS:    3783668 kB
VmallocTotal:     507904 kB
VmallocUsed:      114632 kB
VmallocChunk:     112576 kB
1557574094.000000
MemTotal:         482068 kB
MemFree:            4276 kB
Buffers:             600 kB
Cached:            45836 kB
SwapCached:            0 kB
Active:           376556 kB
Inactive:          23792 kB
Active(anon):     355464 kB
Inactive(anon):     3032 kB
Active(file):      21092 kB
Inactive(file):    20760 kB
Unevictable:        1960 kB
Mlocked:            3808 kB
HighTotal:             0 kB
HighFree:              0 kB
LowTotal:         482068 kB
LowFree:            4276 kB
SwapTotal:             0 kB
SwapFree:              0 kB
Dirty:               120 kB
Writeback:             0 kB
AnonPages:        355868 kB
Mapped:            51368 kB
Shmem:              3328 kB
Slab:              16472 kB
SReclaimable:       4760 kB
SUnreclaim:        11712 kB
KernelStack:        5360 kB
PageTables:         6712 kB
NFS_Unstable:          0 kB
Bounce:                0 kB
WritebackTmp:          0 kB
CommitLimit:      241032 kB
Committed_AS:    3783788 kB
VmallocTotal:     507904 kB
VmallocUsed:      114632 kB
VmallocChunk:     112576 kB
1557574094.000000
MemTotal:         482068 kB
MemFree:            3828 kB
Buffers:             600 kB
Cached:            45964 kB
SwapCached:            0 kB
Active:           376976 kB
Inactive:          23920 kB
Active(anon):     355884 kB
Inactive(anon):     3032 kB
Active(file):      21092 kB
Inactive(file):    20888 kB
Unevictable:        1960 kB
Mlocked:            3808 kB
HighTotal:             0 kB
HighFree:              0 kB
LowTotal:         482068 kB
LowFree:            3828 kB
SwapTotal:             0 kB
SwapFree:              0 kB
Dirty:                44 kB
Writeback:             0 kB
