MemTotal:        1899508 kB
MemFree:           44836 kB
Buffers:            1908 kB
Cached:           243392 kB
SwapCached:            0 kB
Active:          1502396 kB
Inactive:         133380 kB
Active(anon):    1392672 kB
Inactive(anon):     3964 kB
Active(file):     109724 kB
Inactive(file):   129416 kB
Unevictable:        1940 kB
Mlocked:               0 kB
HighTotal:       1158144 kB
HighFree:           3132 kB
LowTotal:         741364 kB
LowFree:           41704 kB
SwapTotal:             0 kB
SwapFree:              0 kB
Dirty:                52 kB
Writeback:             0 kB
AnonPages:       1392732 kB
Mapped:           136184 kB
Shmem:              4024 kB
Slab:              33680 kB
SReclaimable:      12160 kB
SUnreclaim:        21520 kB
KernelStack:        6976 kB
PageTables:        14896 kB
NFS_Unstable:          0 kB
Bounce:                0 kB
WritebackTmp:          0 kB
CommitLimit:      949752 kB
Committed_AS:   18207412 kB
VmallocTotal:     245760 kB
VmallocUsed:       57564 kB
VmallocChunk:      75648 kB
1557661445.513160
MemTotal:        1899508 kB
MemFree:           64200 kB
Buffers:            1948 kB
Cached:           245512 kB
SwapCached:            0 kB
Active:          1507956 kB
Inactive:         133144 kB
Active(anon):    1396012 kB
Inactive(anon):     3912 kB
Active(file):     111944 kB
Inactive(file):   129232 kB
Unevictable:        1940 kB
Mlocked:               0 kB
HighTotal:       1158144 kB
HighFree:           2788 kB
LowTotal:         741364 kB
LowFree:           61412 kB
SwapTotal:             0 kB
SwapFree:              0 kB
Dirty:               120 kB
Writeback:             0 kB
AnonPages:       1395968 kB
Mapped:           140012 kB
Shmem:              3964 kB
Slab:              33748 kB
SReclaimable:      12160 kB
SUnreclaim:        21588 kB
KernelStack:        6992 kB
PageTables:        15264 kB
NFS_Unstable:          0 kB
Bounce:                0 kB
WritebackTmp:          0 kB
CommitLimit:      949752 kB
Committed_AS:   18776248 kB
VmallocTotal:     245760 kB
VmallocUsed:       58456 kB
VmallocChunk:      75648 kB
1557661446.238743
MemTotal:        1899508 kB
MemFree:           39876 kB
Buffers:            2044 kB
Cached:           260140 kB
SwapCached:            0 kB
Active:          1524544 kB
Inactive:         145388 kB
Active(anon):    1409936 kB
Inactive(anon):     3912 kB
Active(file):     114608 kB
Inactive(file):   141476 kB
Unevictable:        1940 kB
Mlocked:               0 kB
HighTotal:       1158144 kB
HighFree:            444 kB
LowTotal:         741364 kB
LowFree:           39432 kB
SwapTotal:             0 kB
SwapFree:              0 kB
Dirty:                 0 kB
Writeback:           100 kB
AnonPages:       1409924 kB
Mapped:           152012 kB
Shmem:              3964 kB
Slab:              33800 kB
SReclaimable:      12160 kB
SUnreclaim:        21640 kB
KernelStack:        7048 kB
PageTables:        15648 kB
NFS_Unstable:          0 kB
Bounce:                0 kB
WritebackTmp:          0 kB
CommitLimit:      949752 kB
Committed_AS:   18807076 kB
VmallocTotal:     245760 kB
VmallocUsed:       58624 kB
VmallocChunk:      75648 kB
1557661447.025595
MemTotal:        1899508 kB
MemFree:           48124 kB
Buffers:            1136 kB
Cached:           216840 kB
SwapCached:            0 kB
Active:          1531292 kB
Inactive:         108644 kB
Active(anon):    1424164 kB
Inactive(anon):     3916 kB
Active(file):     107128 kB
Inactive(file):   104728 kB
Unevictable:        1940 kB
Mlocked:               0 kB
HighTotal:       1158144 kB
HighFree:           2184 kB
LowTotal:         741364 kB
LowFree:           45940 kB
SwapTotal:             0 kB
SwapFree:              0 kB
Dirty:                 0 kB
Writeback:             0 kB
AnonPages:       1424168 kB
Mapped:           160304 kB
Shmem:              3968 kB
Slab:              33824 kB
SReclaimable:      12160 kB
SUnreclaim:        21664 kB
KernelStack:        7256 kB
PageTables:        15732 kB
NFS_Unstable:          0 kB
Bounce:                0 kB
WritebackTmp:          0 kB
CommitLimit:      949752 kB
Committed_AS:   18823208 kB
VmallocTotal:     245760 kB
VmallocUsed:       58696 kB
VmallocChunk:      75648 kB
1557661447.748450
MemTotal:        1899508 kB
MemFree:           46872 kB
Buffers:            1200 kB
Cached:           217868 kB
SwapCached:            0 kB
Active:          1531168 kB
Inactive:         111724 kB
Active(anon):    1426296 kB
Inactive(anon):     3916 kB
Active(file):     104872 kB
Inactive(file):   107808 kB
Unevictable:        1940 kB
Mlocked:               0 kB
HighTotal:       1158144 kB
HighFree:           1732 kB
LowTotal:         741364 kB
LowFree:           45140 kB
SwapTotal:             0 kB
SwapFree:              0 kB
Dirty:               100 kB
Writeback:             0 kB
AnonPages:       1426312 kB
Mapped:           162568 kB
Shmem:              3968 kB
Slab:              33824 kB
SReclaimable:      12160 kB
SUnreclaim:        21664 kB
KernelStack:        7256 kB
PageTables:        15832 kB
NFS_Unstable:          0 kB
Bounce:                0 kB
WritebackTmp:          0 kB
CommitLimit:      949752 kB
Committed_AS:   18824996 kB
VmallocTotal:     245760 kB
VmallocUsed:       58696 kB
VmallocChunk:      75648 kB
1557661448.430660
MemTotal:        1899508 kB
MemFree:           40404 kB
Buffers:            1244 kB
Cached:           212316 kB
SwapCached:            0 kB
Active:          1541172 kB
Inactive:         107656 kB
Active(anon):    1437436 kB
Inactive(anon):     3916 kB
Active(file):     103736 kB
Inactive(file):   103740 kB
Unevictable:        1940 kB
Mlocked:               0 kB
HighTotal:       1158144 kB
HighFree:            488 kB
LowTotal:         741364 kB
LowFree:           39916 kB
SwapTotal:             0 kB
SwapFree:              0 kB
Dirty:                24 kB
Writeback:           100 kB
AnonPages:       1437432 kB
Mapped:           166500 kB
Shmem:              3968 kB
Slab:              33836 kB
SReclaimable:      12160 kB
SUnreclaim:        21676 kB
KernelStack:        7352 kB
PageTables:        15740 kB
NFS_Unstable:          0 kB
Bounce:                0 kB
WritebackTmp:          0 kB
CommitLimit:      949752 kB
Committed_AS:   18837464 kB
VmallocTotal:     245760 kB
VmallocUsed:       58688 kB
VmallocChunk:      75648 kB
1557661449.193740
MemTotal:        1899508 kB
MemFree:           48048 kB
Buffers:            1452 kB
Cached:           185992 kB
SwapCached:            0 kB
Active:          1551452 kB
Inactive:          93464 kB
Active(anon):    1459536 kB
Inactive(anon):     3924 kB
Active(file):      91916 kB
Inactive(file):    89540 kB
Unevictable:        1940 kB
Mlocked:               0 kB
HighTotal:       1158144 kB
HighFree:           3460 kB
LowTotal:         741364 kB
LowFree:           44588 kB
SwapTotal:             0 kB
SwapFree:              0 kB
Dirty:                 0 kB
Writeback:            40 kB
AnonPages:       1459596 kB
Mapped:           158176 kB
Shmem:              3976 kB
Slab:              33984 kB
SReclaimable:      12160 kB
SUnreclaim:        21824 kB
KernelStack:        7464 kB
PageTables:        15940 kB
NFS_Unstable:          0 kB
Bounce:                0 kB
WritebackTmp:          0 kB
CommitLimit:      949752 kB
Committed_AS:   18874476 kB
VmallocTotal:     245760 kB
VmallocUsed:       58688 kB
VmallocChunk:      75648 kB
1557661449.881279
MemTotal:        1899508 kB
MemFree:           41576 kB
Buffers:            1444 kB
Cached:           192144 kB
SwapCached:            0 kB
Active:          1551928 kB
Inactive:         100296 kB
Active(anon):    1460780 kB
Inactive(anon):     3924 kB
Active(file):      91148 kB
Inactive(file):    96372 kB
Unevictable:        1940 kB
Mlocked:               0 kB
HighTotal:       1158144 kB
HighFree:           1300 kB
LowTotal:         741364 kB
LowFree:           40276 kB
SwapTotal:             0 kB
SwapFree:              0 kB
Dirty:               288 kB
Writeback:             0 kB
AnonPages:       1461020 kB
Mapped:           158584 kB
Shmem:              3976 kB
Slab:              33948 kB
SReclaimable:      12160 kB
SUnreclaim:        21788 kB
KernelStack:        7480 kB
PageTables:        15980 kB
NFS_Unstable:          0 kB
Bounce:                0 kB
WritebackTmp:          0 kB
CommitLimit:      949752 kB
Committed_AS:   18874160 kB
VmallocTotal:     245760 kB
VmallocUsed:       58688 kB
VmallocChunk:      75648 kB
1557661450.636383
MemTotal:        1899508 kB
MemFree:           41988 kB
Buffers:            1372 kB
Cached:           190720 kB
SwapCached:            0 kB
Active:          1553548 kB
Inactive:          98492 kB
Active(anon):    1462152 kB
Inactive(anon):     3924 kB
Active(file):      91396 kB
Inactive(file):    94568 kB
Unevictable:        1940 kB
Mlocked:               0 kB
HighTotal:       1158144 kB
HighFree:           1788 kB
LowTotal:         741364 kB
LowFree:           40200 kB
SwapTotal:             0 kB
SwapFree:              0 kB
Dirty:                 0 kB
Writeback:             0 kB
AnonPages:       1462192 kB
Mapped:           158660 kB
Shmem:              3976 kB
Slab:              33948 kB
SReclaimable:      12160 kB
SUnreclaim:        21788 kB
KernelStack:        7480 kB
PageTables:        16180 kB
NFS_Unstable:          0 kB
Bounce:                0 kB
WritebackTmp:          0 kB
CommitLimit:      949752 kB
Committed_AS:   21256452 kB
VmallocTotal:     245760 kB
VmallocUsed:       58688 kB
VmallocChunk:      75648 kB
1557661451.316241
MemTotal:        1899508 kB
MemFree:           44880 kB
Buffers:            1372 kB
Cached:           186692 kB
SwapCached:            0 kB
Active:          1555944 kB
Inactive:          88988 kB
Active(anon):    1459076 kB
Inactive(anon):     3924 kB
Active(file):      96868 kB
Inactive(file):    85064 kB
Unevictable:        1940 kB
Mlocked:               0 kB
HighTotal:       1158144 kB
HighFree:           2856 kB
LowTotal:         741364 kB
LowFree:           42024 kB
SwapTotal:             0 kB
SwapFree:              0 kB
Dirty:                 0 kB
Writeback:             0 kB
AnonPages:       1458812 kB
Mapped:           149516 kB
Shmem:              3976 kB
Slab:              33968 kB
SReclaimable:      12160 kB
SUnreclaim:        21808 kB
KernelStack:        7456 kB
PageTables:        15864 kB
NFS_Unstable:          0 kB
Bounce:                0 kB
WritebackTmp:          0 kB
CommitLimit:      949752 kB
Committed_AS:   18869476 kB
VmallocTotal:     245760 kB
VmallocUsed:       58688 kB
VmallocChunk:      75648 kB
1557661452.030949
MemTotal:        1899508 kB
MemFree:           52824 kB
Buffers:            1372 kB
Cached:           186344 kB
SwapCached:            0 kB
Active:          1546924 kB
Inactive:          89480 kB
Active(anon):    1450788 kB
Inactive(anon):     3924 kB
Active(file):      96136 kB
Inactive(file):    85556 kB
Unevictable:        1940 kB
Mlocked:               0 kB
HighTotal:       1158144 kB
HighFree:           6512 kB
LowTotal:         741364 kB
LowFree:           46312 kB
SwapTotal:             0 kB
SwapFree:              0 kB
Dirty:                 4 kB
Writeback:             0 kB
AnonPages:       1450868 kB
Mapped:           149360 kB
Shmem:              3976 kB
Slab:              33956 kB
SReclaimable:      12160 kB
SUnreclaim:        21796 kB
KernelStack:        7480 kB
PageTables:        15964 kB
NFS_Unstable:          0 kB
Bounce:                0 kB
WritebackTmp:          0 kB
CommitLimit:      949752 kB
Committed_AS:   18870196 kB
VmallocTotal:     245760 kB
VmallocUsed:       58688 kB
VmallocChunk:      75648 kB
1557661452.724156
MemTotal:        1899508 kB
MemFree:           53820 kB
Buffers:            1372 kB
Cached:           185476 kB
SwapCached:            0 kB
Active:          1546676 kB
Inactive:          88796 kB
Active(anon):    1450788 kB
Inactive(anon):     3924 kB
Active(file):      95888 kB
Inactive(file):    84872 kB
Unevictable:        1940 kB
Mlocked:               0 kB
HighTotal:       1158144 kB
HighFree:           7384 kB
LowTotal:         741364 kB
LowFree:           46436 kB
SwapTotal:             0 kB
SwapFree:              0 kB
Dirty:                 4 kB
Writeback:             0 kB
AnonPages:       1450744 kB
Mapped:           148616 kB
Shmem:              3976 kB
Slab:              33956 kB
SReclaimable:      12160 kB
SUnreclaim:        21796 kB
KernelStack:        7480 kB
PageTables:        15964 kB
NFS_Unstable:          0 kB
Bounce:                0 kB
WritebackTmp:          0 kB
CommitLimit:      949752 kB
Committed_AS:   18870196 kB
VmallocTotal:     245760 kB
VmallocUsed:       59892 kB
VmallocChunk:      75648 kB
1557661453.418016
MemTotal:        1899508 kB
MemFree:           54156 kB
Buffers:            1372 kB
Cached:           185404 kB
SwapCached:            0 kB
Active:          1546800 kB
Inactive:          88876 kB
Active(anon):    1450892 kB
Inactive(anon):     3924 kB
Active(file):      95908 kB
Inactive(file):    84952 kB
Unevictable:        1940 kB
Mlocked:               0 kB
HighTotal:       1158144 kB
HighFree:           7656 kB
LowTotal:         741364 kB
LowFree:           46500 kB
SwapTotal:             0 kB
SwapFree:              0 kB
Dirty:                 4 kB
Writeback:             0 kB
AnonPages:       1450884 kB
Mapped:           148592 kB
Shmem:              3976 kB
Slab:              33956 kB
SReclaimable:      12160 kB
SUnreclaim:        21796 kB
KernelStack:        7456 kB
PageTables:        15920 kB
NFS_Unstable:          0 kB
Bounce:                0 kB
WritebackTmp:          0 kB
CommitLimit:      949752 kB
Committed_AS:   18870248 kB
VmallocTotal:     245760 kB
VmallocUsed:       58688 kB
VmallocChunk:      75648 kB
1557661454.124588
MemTotal:        1899508 kB
MemFree:           62788 kB
Buffers:            1372 kB
Cached:           187388 kB
SwapCached:            0 kB
Active:          1536960 kB
Inactive:          90388 kB
Active(anon):    1440716 kB
Inactive(anon):     3924 kB
Active(file):      96244 kB
Inactive(file):    86464 kB
Unevictable:        1940 kB
Mlocked:               0 kB
HighTotal:       1158144 kB
HighFree:           9528 kB
LowTotal:         741364 kB
LowFree:           53260 kB
SwapTotal:             0 kB
SwapFree:              0 kB
Dirty:                 4 kB
Writeback:             0 kB
AnonPages:       1440764 kB
Mapped:           148816 kB
Shmem:              3976 kB
Slab:              33960 kB
SReclaimable:      12160 kB
SUnreclaim:        21800 kB
KernelStack:        7440 kB
PageTables:        15920 kB
NFS_Unstable:          0 kB
Bounce:                0 kB
WritebackTmp:          0 kB
CommitLimit:      949752 kB
Committed_AS:   18872012 kB
VmallocTotal:     245760 kB
VmallocUsed:       58688 kB
VmallocChunk:      75648 kB
1557661454.903874
MemTotal:        1899508 kB
MemFree:           46648 kB
Buffers:            1512 kB
Cached:           186152 kB
SwapCached:            0 kB
Active:          1535080 kB
Inactive:          95156 kB
Active(anon):    1444612 kB
Inactive(anon):     3932 kB
Active(file):      90468 kB
Inactive(file):    91224 kB
Unevictable:        1940 kB
Mlocked:               0 kB
HighTotal:       1158144 kB
HighFree:           6092 kB
LowTotal:         741364 kB
LowFree:           40556 kB
SwapTotal:             0 kB
SwapFree:              0 kB
Dirty:                60 kB
Writeback:             0 kB
AnonPages:       1444652 kB
Mapped:           151148 kB
Shmem:              3984 kB
Slab:              33968 kB
SReclaimable:      12160 kB
SUnreclaim:        21808 kB
KernelStack:        7448 kB
PageTables:        15468 kB
NFS_Unstable:          0 kB
Bounce:                0 kB
WritebackTmp:          0 kB
CommitLimit:      949752 kB
Committed_AS:   18303412 kB
VmallocTotal:     245760 kB
VmallocUsed:       57744 kB
VmallocChunk:      75648 kB
1557661455.612530
MemTotal:        1899508 kB
MemFree:           41944 kB
Buffers:            1308 kB
Cached:           188020 kB
SwapCached:            0 kB
Active:          1539944 kB
Inactive:          96616 kB
Active(anon):    1449352 kB
Inactive(anon):     3932 kB
Active(file):      90592 kB
Inactive(file):    92684 kB
Unevictable:        1940 kB
Mlocked:               0 kB
HighTotal:       1158144 kB
HighFree:           1556 kB
LowTotal:         741364 kB
LowFree:           40388 kB
SwapTotal:             0 kB
SwapFree:              0 kB
Dirty:               184 kB
Writeback:             0 kB
AnonPages:       1449428 kB
Mapped:           148108 kB
Shmem:              3984 kB
Slab:              33968 kB
SReclaimable:      12160 kB
SUnreclaim:        21808 kB
KernelStack:        7448 kB
PageTables:        15468 kB
NFS_Unstable:          0 kB
Bounce:                0 kB
WritebackTmp:          0 kB
CommitLimit:      949752 kB
Committed_AS:   18304768 kB
VmallocTotal:     245760 kB
VmallocUsed:       57744 kB
VmallocChunk:      75648 kB
1557661456.287744
MemTotal:        1899508 kB
MemFree:           40212 kB
Buffers:            1276 kB
Cached:           176336 kB
SwapCached:            0 kB
Active:          1549108 kB
Inactive:          89672 kB
Active(anon):    1463300 kB
Inactive(anon):     3932 kB
Active(file):      85808 kB
Inactive(file):    85740 kB
Unevictable:        1940 kB
Mlocked:               0 kB
HighTotal:       1158144 kB
HighFree:            444 kB
LowTotal:         741364 kB
LowFree:           39768 kB
SwapTotal:             0 kB
SwapFree:              0 kB
Dirty:              1896 kB
Writeback:          1920 kB
AnonPages:       1463496 kB
Mapped:           137956 kB
Shmem:              3984 kB
Slab:              33956 kB
SReclaimable:      12160 kB
SUnreclaim:        21796 kB
KernelStack:        7352 kB
PageTables:        15232 kB
NFS_Unstable:          0 kB
Bounce:                0 kB
WritebackTmp:          0 kB
CommitLimit:      949752 kB
Committed_AS:   17755664 kB
VmallocTotal:     245760 kB
VmallocUsed:       56724 kB
VmallocChunk:      75648 kB
1557661457.022341
MemTotal:        1899508 kB
MemFree:           59700 kB
Buffers:            1124 kB
Cached:           151520 kB
SwapCached:            0 kB
Active:          1527868 kB
Inactive:          75664 kB
Active(anon):    1453092 kB
Inactive(anon):     3932 kB
Active(file):      74776 kB
Inactive(file):    71732 kB
Unevictable:        1940 kB
Mlocked:               0 kB
HighTotal:       1158144 kB
HighFree:           8276 kB
LowTotal:         741364 kB
LowFree:           51424 kB
SwapTotal:             0 kB
SwapFree:              0 kB
Dirty:               648 kB
Writeback:             0 kB
AnonPages:       1453240 kB
Mapped:           144380 kB
Shmem:              3984 kB
Slab:              33900 kB
SReclaimable:      12144 kB
SUnreclaim:        21756 kB
KernelStack:        7240 kB
PageTables:        14392 kB
NFS_Unstable:          0 kB
Bounce:                0 kB
WritebackTmp:          0 kB
CommitLimit:      949752 kB
Committed_AS:   16619432 kB
VmallocTotal:     245760 kB
VmallocUsed:       54864 kB
VmallocChunk:      75648 kB
1557661457.762571
MemTotal:        1899508 kB
MemFree:           48368 kB
Buffers:            1100 kB
Cached:           150676 kB
SwapCached:            0 kB
Active:          1524452 kB
Inactive:          76208 kB
Active(anon):    1451236 kB
Inactive(anon):     3932 kB
Active(file):      73216 kB
Inactive(file):    72276 kB
Unevictable:        1940 kB
Mlocked:               0 kB
HighTotal:       1158144 kB
HighFree:           8392 kB
LowTotal:         741364 kB
LowFree:           39976 kB
SwapTotal:             0 kB
SwapFree:              0 kB
Dirty:                48 kB
Writeback:             0 kB
AnonPages:       1451136 kB
Mapped:           158772 kB
Shmem:              3984 kB
Slab:              33760 kB
SReclaimable:      12144 kB
SUnreclaim:        21616 kB
KernelStack:        6560 kB
PageTables:        13092 kB
NFS_Unstable:          0 kB
Bounce:                0 kB
WritebackTmp:          0 kB
CommitLimit:      949752 kB
Committed_AS:   16641656 kB
VmallocTotal:     245760 kB
VmallocUsed:       51828 kB
VmallocChunk:      75648 kB
1557661458.453558
MemTotal:        1899508 kB
MemFree:           40340 kB
Buffers:            1112 kB
Cached:           151464 kB
SwapCached:            0 kB
Active:          1524168 kB
Inactive:          78888 kB
Active(anon):    1452672 kB
Inactive(anon):     3928 kB
Active(file):      71496 kB
Inactive(file):    74960 kB
Unevictable:        1940 kB
Mlocked:               0 kB
HighTotal:       1158144 kB
HighFree:           1028 kB
LowTotal:         741364 kB
LowFree:           39312 kB
SwapTotal:             0 kB
SwapFree:              0 kB
Dirty:                 0 kB
Writeback:             0 kB
AnonPages:       1452580 kB
Mapped:           160320 kB
Shmem:              3980 kB
Slab:              33720 kB
SReclaimable:      12120 kB
SUnreclaim:        21600 kB
KernelStack:        6400 kB
PageTables:        13136 kB
NFS_Unstable:          0 kB
Bounce:                0 kB
WritebackTmp:          0 kB
CommitLimit:      949752 kB
Committed_AS:   16643676 kB
VmallocTotal:     245760 kB
VmallocUsed:       53036 kB
VmallocChunk:      75648 kB
1557661459.216770
MemTotal:        1899508 kB
MemFree:           69508 kB
Buffers:             840 kB
Cached:           132020 kB
SwapCached:            0 kB
Active:          1501920 kB
Inactive:          66392 kB
Active(anon):    1437560 kB
Inactive(anon):     3932 kB
Active(file):      64360 kB
Inactive(file):    62460 kB
Unevictable:        1940 kB
Mlocked:               0 kB
HighTotal:       1158144 kB
HighFree:          13996 kB
LowTotal:         741364 kB
LowFree:           55512 kB
SwapTotal:             0 kB
SwapFree:              0 kB
Dirty:                 0 kB
Writeback:             0 kB
AnonPages:       1437488 kB
Mapped:           139460 kB
Shmem:              3984 kB
Slab:              33572 kB
SReclaimable:      12072 kB
SUnreclaim:        21500 kB
KernelStack:        6472 kB
PageTables:        12376 kB
NFS_Unstable:          0 kB
Bounce:                0 kB
WritebackTmp:          0 kB
CommitLimit:      949752 kB
Committed_AS:   13042768 kB
VmallocTotal:     245760 kB
VmallocUsed:       54252 kB
VmallocChunk:      75648 kB
1557661460.120759
MemTotal:        1899508 kB
MemFree:           69584 kB
Buffers:             672 kB
Cached:           110592 kB
SwapCached:            0 kB
Active:          1480364 kB
Inactive:          54032 kB
Active(anon):    1425108 kB
Inactive(anon):     3924 kB
Active(file):      55256 kB
Inactive(file):    50108 kB
Unevictable:        1940 kB
Mlocked:               0 kB
HighTotal:       1158144 kB
HighFree:          23820 kB
LowTotal:         741364 kB
LowFree:           45764 kB
SwapTotal:             0 kB
SwapFree:              0 kB
Dirty:                 0 kB
Writeback:             0 kB
AnonPages:       1425144 kB
Mapped:           129192 kB
Shmem:              3976 kB
Slab:              33528 kB
SReclaimable:      12072 kB
SUnreclaim:        21456 kB
KernelStack:        6016 kB
PageTables:        11004 kB
NFS_Unstable:          0 kB
Bounce:                0 kB
WritebackTmp:          0 kB
CommitLimit:      949752 kB
Committed_AS:   11306928 kB
VmallocTotal:     245760 kB
VmallocUsed:       47560 kB
VmallocChunk:      75648 kB
1557661460.680523
MemTotal:        1899508 kB
MemFree:           67056 kB
Buffers:             688 kB
Cached:           111192 kB
SwapCached:            0 kB
Active:          1485396 kB
Inactive:          52508 kB
Active(anon):    1427996 kB
Inactive(anon):     3924 kB
Active(file):      57400 kB
Inactive(file):    48584 kB
Unevictable:        1940 kB
Mlocked:               0 kB
HighTotal:       1158144 kB
HighFree:          20272 kB
LowTotal:         741364 kB
LowFree:           46784 kB
SwapTotal:             0 kB
SwapFree:              0 kB
Dirty:                 0 kB
Writeback:             0 kB
AnonPages:       1428020 kB
Mapped:           129092 kB
Shmem:              3976 kB
Slab:              33528 kB
SReclaimable:      12072 kB
SUnreclaim:        21456 kB
KernelStack:        6016 kB
PageTables:        11004 kB
NFS_Unstable:          0 kB
Bounce:                0 kB
WritebackTmp:          0 kB
CommitLimit:      949752 kB
Committed_AS:   11310608 kB
VmallocTotal:     245760 kB
VmallocUsed:       47560 kB
VmallocChunk:      75648 kB
1557661461.353439
MemTotal:        1899508 kB
MemFree:           58732 kB
Buffers:             640 kB
Cached:           109848 kB
SwapCached:            0 kB
Active:          1492968 kB
Inactive:          51272 kB
Active(anon):    1435984 kB
Inactive(anon):     3924 kB
Active(file):      56984 kB
Inactive(file):    47348 kB
Unevictable:        1940 kB
Mlocked:               0 kB
HighTotal:       1158144 kB
HighFree:          13984 kB
LowTotal:         741364 kB
LowFree:           44748 kB
SwapTotal:             0 kB
SwapFree:              0 kB
Dirty:                40 kB
Writeback:             0 kB
AnonPages:       1435776 kB
Mapped:           130644 kB
Shmem:              3976 kB
Slab:              33528 kB
SReclaimable:      12072 kB
SUnreclaim:        21456 kB
KernelStack:        5896 kB
PageTables:        11556 kB
NFS_Unstable:          0 kB
Bounce:                0 kB
WritebackTmp:          0 kB
CommitLimit:      949752 kB
Committed_AS:   11921104 kB
VmallocTotal:     245760 kB
VmallocUsed:       51004 kB
VmallocChunk:      75648 kB
1557661462.224889
MemTotal:        1899508 kB
MemFree:           54448 kB
Buffers:             656 kB
Cached:           109888 kB
SwapCached:            0 kB
Active:          1497312 kB
Inactive:          51848 kB
Active(anon):    1440660 kB
Inactive(anon):     3960 kB
Active(file):      56652 kB
Inactive(file):    47888 kB
Unevictable:        1940 kB
Mlocked:               0 kB
HighTotal:       1158144 kB
HighFree:           9816 kB
LowTotal:         741364 kB
LowFree:           44632 kB
SwapTotal:             0 kB
SwapFree:              0 kB
Dirty:                60 kB
Writeback:             0 kB
AnonPages:       1440792 kB
Mapped:           130676 kB
Shmem:              4024 kB
Slab:              33440 kB
SReclaimable:      12072 kB
SUnreclaim:        21368 kB
KernelStack:        6024 kB
PageTables:        11608 kB
NFS_Unstable:          0 kB
Bounce:                0 kB
WritebackTmp:          0 kB
CommitLimit:      949752 kB
Committed_AS:   11936360 kB
VmallocTotal:     245760 kB
VmallocUsed:       51004 kB
VmallocChunk:      75648 kB
1557661462.802332
MemTotal:        1899508 kB
MemFree:           51316 kB
Buffers:             656 kB
Cached:           108520 kB
SwapCached:            0 kB
Active:          1501832 kB
Inactive:          50456 kB
Active(anon):    1445196 kB
Inactive(anon):     3960 kB
Active(file):      56636 kB
Inactive(file):    46496 kB
Unevictable:        1940 kB
Mlocked:               0 kB
HighTotal:       1158144 kB
HighFree:           6064 kB
LowTotal:         741364 kB
LowFree:           45252 kB
SwapTotal:             0 kB
SwapFree:              0 kB
Dirty:                60 kB
Writeback:             0 kB
AnonPages:       1445132 kB
Mapped:           130676 kB
Shmem:              4024 kB
Slab:              33440 kB
SReclaimable:      12072 kB
SUnreclaim:        21368 kB
KernelStack:        6024 kB
PageTables:        11608 kB
NFS_Unstable:          0 kB
Bounce:                0 kB
WritebackTmp:          0 kB
CommitLimit:      949752 kB
Committed_AS:   11937116 kB
VmallocTotal:     245760 kB
VmallocUsed:       51004 kB
VmallocChunk:      75648 kB
1557661463.370574
MemTotal:        1899508 kB
MemFree:           47496 kB
Buffers:             672 kB
Cached:           107824 kB
SwapCached:            0 kB
Active:          1506148 kB
Inactive:          49836 kB
Active(anon):    1449584 kB
Inactive(anon):     4128 kB
Active(file):      56564 kB
Inactive(file):    45708 kB
Unevictable:        1940 kB
Mlocked:               0 kB
HighTotal:       1158144 kB
HighFree:           2000 kB
LowTotal:         741364 kB
LowFree:           45496 kB
SwapTotal:             0 kB
SwapFree:              0 kB
Dirty:                60 kB
Writeback:             0 kB
AnonPages:       1449576 kB
Mapped:           130460 kB
Shmem:              4272 kB
Slab:              33440 kB
SReclaimable:      12072 kB
SUnreclaim:        21368 kB
KernelStack:        6024 kB
PageTables:        11604 kB
NFS_Unstable:          0 kB
Bounce:                0 kB
WritebackTmp:          0 kB
CommitLimit:      949752 kB
Committed_AS:   11945260 kB
VmallocTotal:     245760 kB
VmallocUsed:       51004 kB
VmallocChunk:      75648 kB
1557661463.936656
MemTotal:        1899508 kB
MemFree:           45720 kB
Buffers:             704 kB
Cached:           105972 kB
SwapCached:            0 kB
Active:          1510132 kB
Inactive:          48520 kB
Active(anon):    1454088 kB
Inactive(anon):     4140 kB
Active(file):      56044 kB
Inactive(file):    44380 kB
Unevictable:        1940 kB
Mlocked:               0 kB
HighTotal:       1158144 kB
HighFree:           1896 kB
LowTotal:         741364 kB
LowFree:           43824 kB
SwapTotal:             0 kB
SwapFree:              0 kB
Dirty:                60 kB
Writeback:             0 kB
AnonPages:       1454024 kB
Mapped:           129496 kB
Shmem:              4292 kB
Slab:              33408 kB
SReclaimable:      12072 kB
SUnreclaim:        21336 kB
KernelStack:        6072 kB
PageTables:        11588 kB
NFS_Unstable:          0 kB
Bounce:                0 kB
WritebackTmp:          0 kB
CommitLimit:      949752 kB
Committed_AS:   11949472 kB
VmallocTotal:     245760 kB
VmallocUsed:       51004 kB
VmallocChunk:      75648 kB
1557661464.512805
MemTotal:        1899508 kB
MemFree:           41336 kB
Buffers:             720 kB
Cached:           105348 kB
SwapCached:            0 kB
Active:          1514448 kB
Inactive:          48200 kB
Active(anon):    1458812 kB
Inactive(anon):     4196 kB
Active(file):      55636 kB
Inactive(file):    44004 kB
Unevictable:        1940 kB
Mlocked:               0 kB
HighTotal:       1158144 kB
HighFree:           1372 kB
LowTotal:         741364 kB
LowFree:           39964 kB
SwapTotal:             0 kB
SwapFree:              0 kB
Dirty:                60 kB
Writeback:             0 kB
AnonPages:       1458724 kB
Mapped:           128932 kB
Shmem:              4336 kB
Slab:              33440 kB
SReclaimable:      12072 kB
SUnreclaim:        21368 kB
KernelStack:        6032 kB
PageTables:        11716 kB
NFS_Unstable:          0 kB
Bounce:                0 kB
WritebackTmp:          0 kB
CommitLimit:      949752 kB
Committed_AS:   11956628 kB
VmallocTotal:     245760 kB
VmallocUsed:       51004 kB
VmallocChunk:      75648 kB
1557661465.103630
MemTotal:        1899508 kB
MemFree:           41920 kB
Buffers:             728 kB
Cached:           101316 kB
SwapCached:            0 kB
Active:          1514980 kB
Inactive:          47876 kB
Active(anon):    1463096 kB
Inactive(anon):     4268 kB
Active(file):      51884 kB
Inactive(file):    43608 kB
Unevictable:        1940 kB
Mlocked:               0 kB
HighTotal:       1158144 kB
HighFree:           1796 kB
LowTotal:         741364 kB
LowFree:           40124 kB
SwapTotal:             0 kB
SwapFree:              0 kB
Dirty:                 0 kB
Writeback:             0 kB
AnonPages:       1463004 kB
Mapped:           126508 kB
Shmem:              4464 kB
Slab:              33408 kB
SReclaimable:      12072 kB
SUnreclaim:        21336 kB
KernelStack:        6032 kB
PageTables:        11652 kB
NFS_Unstable:          0 kB
Bounce:                0 kB
WritebackTmp:          0 kB
CommitLimit:      949752 kB
Committed_AS:   11966444 kB
VmallocTotal:     245760 kB
VmallocUsed:       51004 kB
VmallocChunk:      75648 kB
1557661465.665571
MemTotal:        1899508 kB
MemFree:           41120 kB
Buffers:             740 kB
Cached:            97476 kB
SwapCached:            0 kB
Active:          1517600 kB
Inactive:          46068 kB
Active(anon):    1467696 kB
Inactive(anon):     4268 kB
Active(file):      49904 kB
Inactive(file):    41800 kB
Unevictable:        1940 kB
Mlocked:               0 kB
HighTotal:       1158144 kB
HighFree:            832 kB
LowTotal:         741364 kB
LowFree:           40288 kB
SwapTotal:             0 kB
SwapFree:              0 kB
Dirty:                 0 kB
Writeback:             0 kB
AnonPages:       1467552 kB
Mapped:           125564 kB
Shmem:              4464 kB
Slab:              33408 kB
SReclaimable:      12072 kB
SUnreclaim:        21336 kB
KernelStack:        6032 kB
PageTables:        11652 kB
NFS_Unstable:          0 kB
Bounce:                0 kB
WritebackTmp:          0 kB
CommitLimit:      949752 kB
Committed_AS:   11969616 kB
VmallocTotal:     245760 kB
VmallocUsed:       51004 kB
VmallocChunk:      75648 kB
1557661466.236745
MemTotal:        1899508 kB
MemFree:           97244 kB
Buffers:             832 kB
Cached:            99520 kB
SwapCached:            0 kB
Active:          1480132 kB
Inactive:          49140 kB
Active(anon):    1431188 kB
Inactive(anon):     4284 kB
Active(file):      48944 kB
Inactive(file):    44856 kB
Unevictable:        1940 kB
Mlocked:               0 kB
HighTotal:       1158144 kB
HighFree:          14564 kB
LowTotal:         741364 kB
LowFree:           82680 kB
SwapTotal:             0 kB
SwapFree:              0 kB
Dirty:                36 kB
Writeback:             0 kB
AnonPages:       1430916 kB
Mapped:           104424 kB
Shmem:              4520 kB
Slab:              33268 kB
SReclaimable:      12072 kB
SUnreclaim:        21196 kB
KernelStack:        5696 kB
PageTables:        10880 kB
NFS_Unstable:          0 kB
Bounce:                0 kB
WritebackTmp:          0 kB
CommitLimit:      949752 kB
Committed_AS:   11386032 kB
VmallocTotal:     245760 kB
VmallocUsed:       49768 kB
VmallocChunk:      75648 kB
1557661466.799043
MemTotal:        1899508 kB
MemFree:           91856 kB
Buffers:             848 kB
Cached:            99628 kB
SwapCached:            0 kB
Active:          1484752 kB
Inactive:          49308 kB
Active(anon):    1435808 kB
Inactive(anon):     4284 kB
Active(file):      48944 kB
Inactive(file):    45024 kB
Unevictable:        1940 kB
Mlocked:               0 kB
HighTotal:       1158144 kB
HighFree:           8972 kB
LowTotal:         741364 kB
LowFree:           82884 kB
SwapTotal:             0 kB
SwapFree:              0 kB
Dirty:                36 kB
Writeback:             0 kB
AnonPages:       1435628 kB
Mapped:           104324 kB
Shmem:              4520 kB
Slab:              33268 kB
SReclaimable:      12072 kB
SUnreclaim:        21196 kB
KernelStack:        5696 kB
PageTables:        10880 kB
NFS_Unstable:          0 kB
Bounce:                0 kB
WritebackTmp:          0 kB
CommitLimit:      949752 kB
Committed_AS:   11386036 kB
VmallocTotal:     245760 kB
VmallocUsed:       49768 kB
VmallocChunk:      75648 kB
1557661467.376172
MemTotal:        1899508 kB
MemFree:           87184 kB
Buffers:             864 kB
Cached:            99780 kB
SwapCached:            0 kB
Active:          1489480 kB
Inactive:          49472 kB
Active(anon):    1440524 kB
Inactive(anon):     4276 kB
Active(file):      48956 kB
Inactive(file):    45196 kB
Unevictable:        1940 kB
Mlocked:               0 kB
HighTotal:       1158144 kB
HighFree:           4616 kB
LowTotal:         741364 kB
LowFree:           82568 kB
SwapTotal:             0 kB
SwapFree:              0 kB
Dirty:                56 kB
Writeback:             0 kB
AnonPages:       1440452 kB
Mapped:           104344 kB
Shmem:              4540 kB
Slab:              33676 kB
SReclaimable:      12064 kB
SUnreclaim:        21612 kB
KernelStack:        5688 kB
PageTables:        10840 kB
NFS_Unstable:          0 kB
Bounce:                0 kB
WritebackTmp:          0 kB
CommitLimit:      949752 kB
Committed_AS:   11386668 kB
VmallocTotal:     245760 kB
VmallocUsed:       49768 kB
VmallocChunk:      75648 kB
1557661467.941057
MemTotal:        1899508 kB
MemFree:           82200 kB
Buffers:             880 kB
Cached:            99780 kB
SwapCached:            0 kB
Active:          1494136 kB
Inactive:          49488 kB
Active(anon):    1445180 kB
Inactive(anon):     4276 kB
Active(file):      48956 kB
Inactive(file):    45212 kB
Unevictable:        1940 kB
Mlocked:               0 kB
HighTotal:       1158144 kB
HighFree:           1956 kB
LowTotal:         741364 kB
LowFree:           80244 kB
SwapTotal:             0 kB
SwapFree:              0 kB
Dirty:                56 kB
Writeback:             4 kB
AnonPages:       1444972 kB
Mapped:           104348 kB
Shmem:              4540 kB
Slab:              33676 kB
SReclaimable:      12064 kB
SUnreclaim:        21612 kB
KernelStack:        5688 kB
PageTables:        10844 kB
NFS_Unstable:          0 kB
Bounce:                0 kB
WritebackTmp:          0 kB
CommitLimit:      949752 kB
Committed_AS:   11386596 kB
VmallocTotal:     245760 kB
VmallocUsed:       49768 kB
VmallocChunk:      75648 kB
1557661468.513611
MemTotal:        1899508 kB
MemFree:           78424 kB
Buffers:             896 kB
Cached:            99764 kB
SwapCached:            0 kB
Active:          1498416 kB
Inactive:          49500 kB
Active(anon):    1449460 kB
Inactive(anon):     4276 kB
Active(file):      48956 kB
Inactive(file):    45224 kB
Unevictable:        1940 kB
Mlocked:               0 kB
HighTotal:       1158144 kB
HighFree:           1760 kB
LowTotal:         741364 kB
LowFree:           76664 kB
SwapTotal:             0 kB
SwapFree:              0 kB
Dirty:                56 kB
Writeback:             0 kB
AnonPages:       1449416 kB
Mapped:           104348 kB
Shmem:              4540 kB
Slab:              33708 kB
SReclaimable:      12064 kB
SUnreclaim:        21644 kB
KernelStack:        5688 kB
PageTables:        10848 kB
NFS_Unstable:          0 kB
Bounce:                0 kB
WritebackTmp:          0 kB
CommitLimit:      949752 kB
Committed_AS:   11389744 kB
VmallocTotal:     245760 kB
VmallocUsed:       49768 kB
VmallocChunk:      75648 kB
1557661469.083063
MemTotal:        1899508 kB
MemFree:           73768 kB
Buffers:             912 kB
Cached:           100464 kB
SwapCached:            0 kB
Active:          1501636 kB
Inactive:          50216 kB
Active(anon):    1452680 kB
Inactive(anon):     4276 kB
Active(file):      48956 kB
Inactive(file):    45940 kB
Unevictable:        1940 kB
Mlocked:               0 kB
HighTotal:       1158144 kB
HighFree:           1724 kB
LowTotal:         741364 kB
LowFree:           72044 kB
SwapTotal:             0 kB
SwapFree:              0 kB
Dirty:                56 kB
Writeback:             0 kB
AnonPages:       1452392 kB
Mapped:           104388 kB
Shmem:              4540 kB
Slab:              33708 kB
SReclaimable:      12064 kB
SUnreclaim:        21644 kB
KernelStack:        5704 kB
PageTables:        10880 kB
NFS_Unstable:          0 kB
Bounce:                0 kB
WritebackTmp:          0 kB
CommitLimit:      949752 kB
Committed_AS:   11396476 kB
VmallocTotal:     245760 kB
VmallocUsed:       49768 kB
VmallocChunk:      75648 kB
1557661469.645498
MemTotal:        1899508 kB
MemFree:           69988 kB
Buffers:             928 kB
Cached:           100448 kB
SwapCached:            0 kB
Active:          1505648 kB
Inactive:          50216 kB
Active(anon):    1456692 kB
Inactive(anon):     4276 kB
Active(file):      48956 kB
Inactive(file):    45940 kB
Unevictable:        1940 kB
Mlocked:               0 kB
HighTotal:       1158144 kB
HighFree:           1724 kB
LowTotal:         741364 kB
LowFree:           68264 kB
SwapTotal:             0 kB
SwapFree:              0 kB
Dirty:                56 kB
Writeback:             0 kB
AnonPages:       1456692 kB
Mapped:           104288 kB
Shmem:              4540 kB
Slab:              33708 kB
SReclaimable:      12064 kB
SUnreclaim:        21644 kB
KernelStack:        5704 kB
PageTables:        10880 kB
NFS_Unstable:          0 kB
Bounce:                0 kB
WritebackTmp:          0 kB
CommitLimit:      949752 kB
Committed_AS:   11400612 kB
VmallocTotal:     245760 kB
VmallocUsed:       49768 kB
VmallocChunk:      75648 kB
1557661470.215298
MemTotal:        1899508 kB
MemFree:           67872 kB
Buffers:             928 kB
Cached:           100464 kB
SwapCached:            0 kB
Active:          1507828 kB
Inactive:          50232 kB
Active(anon):    1458872 kB
Inactive(anon):     4276 kB
Active(file):      48956 kB
Inactive(file):    45956 kB
Unevictable:        1940 kB
Mlocked:               0 kB
HighTotal:       1158144 kB
HighFree:           1748 kB
LowTotal:         741364 kB
LowFree:           66124 kB
SwapTotal:             0 kB
SwapFree:              0 kB
Dirty:                56 kB
Writeback:             0 kB
AnonPages:       1458712 kB
Mapped:           104288 kB
Shmem:              4540 kB
Slab:              33708 kB
SReclaimable:      12064 kB
SUnreclaim:        21644 kB
KernelStack:        5688 kB
PageTables:        10872 kB
NFS_Unstable:          0 kB
Bounce:                0 kB
WritebackTmp:          0 kB
CommitLimit:      949752 kB
Committed_AS:   11400628 kB
VmallocTotal:     245760 kB
VmallocUsed:       49768 kB
VmallocChunk:      75648 kB
1557661470.785877
MemTotal:        1899508 kB
MemFree:           59708 kB
Buffers:             948 kB
Cached:           104444 kB
SwapCached:            0 kB
Active:          1511840 kB
Inactive:          54108 kB
Active(anon):    1462816 kB
Inactive(anon):     4276 kB
Active(file):      49024 kB
Inactive(file):    49832 kB
Unevictable:        1940 kB
Mlocked:               0 kB
HighTotal:       1158144 kB
HighFree:           1748 kB
LowTotal:         741364 kB
LowFree:           57960 kB
SwapTotal:             0 kB
SwapFree:              0 kB
Dirty:                56 kB
Writeback:             0 kB
AnonPages:       1462612 kB
Mapped:           105088 kB
Shmem:              4540 kB
Slab:              33708 kB
SReclaimable:      12064 kB
SUnreclaim:        21644 kB
KernelStack:        5688 kB
PageTables:        11272 kB
NFS_Unstable:          0 kB
Bounce:                0 kB
WritebackTmp:          0 kB
CommitLimit:      949752 kB
Committed_AS:   11969896 kB
VmallocTotal:     245760 kB
VmallocUsed:       50788 kB
VmallocChunk:      75648 kB
1557661471.357392
MemTotal:        1899508 kB
MemFree:           39996 kB
Buffers:             672 kB
Cached:           122764 kB
SwapCached:            0 kB
Active:          1517204 kB
Inactive:          69604 kB
Active(anon):    1465992 kB
Inactive(anon):     4276 kB
Active(file):      51212 kB
Inactive(file):    65328 kB
Unevictable:        1940 kB
Mlocked:               0 kB
HighTotal:       1158144 kB
HighFree:            464 kB
LowTotal:         741364 kB
LowFree:           39532 kB
SwapTotal:             0 kB
SwapFree:              0 kB
Dirty:                 0 kB
Writeback:             0 kB
AnonPages:       1465736 kB
Mapped:           111684 kB
Shmem:              4540 kB
Slab:              33704 kB
SReclaimable:      12064 kB
SUnreclaim:        21640 kB
KernelStack:        5744 kB
PageTables:        11748 kB
NFS_Unstable:          0 kB
Bounce:                0 kB
WritebackTmp:          0 kB
CommitLimit:      949752 kB
Committed_AS:   12535712 kB
VmallocTotal:     245760 kB
VmallocUsed:       51808 kB
VmallocChunk:      75648 kB
1557661471.928228
MemTotal:        1899508 kB
MemFree:           40588 kB
Buffers:             220 kB
Cached:           118784 kB
SwapCached:            0 kB
Active:          1523584 kB
Inactive:          63492 kB
Active(anon):    1470224 kB
Inactive(anon):     4276 kB
Active(file):      53360 kB
Inactive(file):    59216 kB
Unevictable:        1940 kB
Mlocked:               0 kB
HighTotal:       1158144 kB
HighFree:            616 kB
LowTotal:         741364 kB
LowFree:           39972 kB
SwapTotal:             0 kB
SwapFree:              0 kB
Dirty:                 0 kB
Writeback:             0 kB
AnonPages:       1470104 kB
Mapped:           108928 kB
Shmem:              4540 kB
Slab:              33688 kB
SReclaimable:      12048 kB
SUnreclaim:        21640 kB
KernelStack:        5776 kB
PageTables:        12112 kB
NFS_Unstable:          0 kB
Bounce:                0 kB
WritebackTmp:          0 kB
CommitLimit:      949752 kB
Committed_AS:   13761424 kB
VmallocTotal:     245760 kB
VmallocUsed:       52828 kB
VmallocChunk:      75648 kB
1557661472.506838
MemTotal:        1899508 kB
MemFree:           39940 kB
Buffers:             356 kB
Cached:           117776 kB
SwapCached:            0 kB
Active:          1526120 kB
Inactive:          62028 kB
Active(anon):    1472416 kB
Inactive(anon):     4276 kB
Active(file):      53704 kB
Inactive(file):    57752 kB
Unevictable:        1940 kB
Mlocked:               0 kB
HighTotal:       1158144 kB
HighFree:            516 kB
LowTotal:         741364 kB
LowFree:           39424 kB
SwapTotal:             0 kB
SwapFree:              0 kB
Dirty:                 0 kB
Writeback:             0 kB
AnonPages:       1472248 kB
Mapped:           111528 kB
Shmem:              4540 kB
Slab:              33668 kB
SReclaimable:      12028 kB
SUnreclaim:        21640 kB
KernelStack:        5912 kB
PageTables:        12248 kB
NFS_Unstable:          0 kB
Bounce:                0 kB
WritebackTmp:          0 kB
CommitLimit:      949752 kB
Committed_AS:   13106596 kB
VmallocTotal:     245760 kB
VmallocUsed:       52828 kB
VmallocChunk:      75648 kB
1557661473.080637
MemTotal:        1899508 kB
MemFree:           39980 kB
Buffers:             372 kB
Cached:           117672 kB
SwapCached:            0 kB
Active:          1524360 kB
Inactive:          61808 kB
Active(anon):    1470728 kB
Inactive(anon):     4276 kB
Active(file):      53632 kB
Inactive(file):    57532 kB
Unevictable:        1940 kB
Mlocked:               0 kB
HighTotal:       1158144 kB
HighFree:            452 kB
LowTotal:         741364 kB
LowFree:           39528 kB
SwapTotal:             0 kB
SwapFree:              0 kB
Dirty:                 0 kB
Writeback:             0 kB
AnonPages:       1470524 kB
Mapped:           109564 kB
Shmem:              4540 kB
Slab:              33668 kB
SReclaimable:      12028 kB
SUnreclaim:        21640 kB
KernelStack:        5848 kB
PageTables:        11856 kB
NFS_Unstable:          0 kB
Bounce:                0 kB
WritebackTmp:          0 kB
CommitLimit:      949752 kB
Committed_AS:   12538860 kB
VmallocTotal:     245760 kB
VmallocUsed:       51808 kB
VmallocChunk:      75648 kB
1557661473.660673
MemTotal:        1899508 kB
MemFree:           40440 kB
Buffers:             364 kB
Cached:           116136 kB
SwapCached:            0 kB
Active:          1528000 kB
Inactive:          60380 kB
Active(anon):    1474364 kB
Inactive(anon):     4276 kB
Active(file):      53636 kB
Inactive(file):    56104 kB
Unevictable:        1940 kB
Mlocked:               0 kB
HighTotal:       1158144 kB
HighFree:            636 kB
LowTotal:         741364 kB
LowFree:           39804 kB
SwapTotal:             0 kB
SwapFree:              0 kB
Dirty:                 0 kB
Writeback:             0 kB
AnonPages:       1474360 kB
Mapped:           106508 kB
Shmem:              4540 kB
Slab:              33668 kB
SReclaimable:      12028 kB
SUnreclaim:        21640 kB
KernelStack:        5848 kB
PageTables:        11756 kB
NFS_Unstable:          0 kB
Bounce:                0 kB
WritebackTmp:          0 kB
CommitLimit:      949752 kB
Committed_AS:   12540392 kB
VmallocTotal:     245760 kB
VmallocUsed:       51808 kB
VmallocChunk:      75648 kB
1557661474.252933
MemTotal:        1899508 kB
MemFree:           40384 kB
Buffers:             356 kB
Cached:           113420 kB
SwapCached:            0 kB
Active:          1529092 kB
Inactive:          58072 kB
Active(anon):    1475600 kB
Inactive(anon):     4276 kB
Active(file):      53492 kB
Inactive(file):    53796 kB
Unevictable:        1940 kB
Mlocked:               0 kB
HighTotal:       1158144 kB
HighFree:            616 kB
LowTotal:         741364 kB
LowFree:           39768 kB
SwapTotal:             0 kB
SwapFree:              0 kB
Dirty:                 0 kB
Writeback:             0 kB
AnonPages:       1475340 kB
Mapped:           104248 kB
Shmem:              4540 kB
Slab:              33660 kB
SReclaimable:      12020 kB
SUnreclaim:        21640 kB
KernelStack:        5848 kB
PageTables:        11892 kB
NFS_Unstable:          0 kB
Bounce:                0 kB
WritebackTmp:          0 kB
CommitLimit:      949752 kB
Committed_AS:   12543852 kB
VmallocTotal:     245760 kB
VmallocUsed:       51808 kB
VmallocChunk:      75648 kB
1557661474.886491
MemTotal:        1899508 kB
MemFree:           54768 kB
Buffers:             400 kB
Cached:           117076 kB
SwapCached:            0 kB
Active:          1509180 kB
Inactive:          62940 kB
Active(anon):    1457112 kB
Inactive(anon):     4276 kB
Active(file):      52068 kB
Inactive(file):    58664 kB
Unevictable:        1940 kB
Mlocked:               0 kB
HighTotal:       1158144 kB
HighFree:           7600 kB
LowTotal:         741364 kB
LowFree:           47168 kB
SwapTotal:             0 kB
SwapFree:              0 kB
Dirty:                 0 kB
Writeback:             0 kB
AnonPages:       1457048 kB
Mapped:           105640 kB
Shmem:              4540 kB
Slab:              33660 kB
SReclaimable:      12020 kB
SUnreclaim:        21640 kB
KernelStack:        5848 kB
PageTables:        11992 kB
NFS_Unstable:          0 kB
Bounce:                0 kB
WritebackTmp:          0 kB
CommitLimit:      949752 kB
Committed_AS:   12543976 kB
VmallocTotal:     245760 kB
VmallocUsed:       51808 kB
VmallocChunk:      75648 kB
1557661475.475230
MemTotal:        1899508 kB
MemFree:           40548 kB
Buffers:             408 kB
Cached:           128700 kB
SwapCached:            0 kB
Active:          1514108 kB
Inactive:          74212 kB
Active(anon):    1461864 kB
Inactive(anon):     4276 kB
Active(file):      52244 kB
Inactive(file):    69936 kB
Unevictable:        1940 kB
Mlocked:               0 kB
HighTotal:       1158144 kB
HighFree:            804 kB
LowTotal:         741364 kB
LowFree:           39744 kB
SwapTotal:             0 kB
SwapFree:              0 kB
Dirty:               112 kB
Writeback:             0 kB
AnonPages:       1461716 kB
Mapped:           106176 kB
Shmem:              4544 kB
Slab:              33660 kB
SReclaimable:      12020 kB
SUnreclaim:        21640 kB
KernelStack:        5872 kB
PageTables:        11964 kB
NFS_Unstable:          0 kB
Bounce:                0 kB
WritebackTmp:          0 kB
CommitLimit:      949752 kB
Committed_AS:   12546196 kB
VmallocTotal:     245760 kB
VmallocUsed:       51808 kB
VmallocChunk:      75648 kB
1557661476.093414
MemTotal:        1899508 kB
MemFree:           40528 kB
Buffers:             308 kB
Cached:           127408 kB
SwapCached:            0 kB
Active:          1518364 kB
Inactive:          69924 kB
Active(anon):    1462996 kB
Inactive(anon):     4272 kB
Active(file):      55368 kB
Inactive(file):    65652 kB
Unevictable:        1940 kB
Mlocked:               0 kB
HighTotal:       1158144 kB
HighFree:            540 kB
LowTotal:         741364 kB
LowFree:           39988 kB
SwapTotal:             0 kB
SwapFree:              0 kB
Dirty:                 0 kB
Writeback:             0 kB
AnonPages:       1462920 kB
Mapped:           104464 kB
Shmem:              4528 kB
Slab:              33636 kB
SReclaimable:      12020 kB
SUnreclaim:        21616 kB
KernelStack:        5928 kB
PageTables:        11932 kB
NFS_Unstable:          0 kB
Bounce:                0 kB
WritebackTmp:          0 kB
CommitLimit:      949752 kB
Committed_AS:   12547548 kB
VmallocTotal:     245760 kB
VmallocUsed:       51808 kB
VmallocChunk:      75648 kB
1557661476.668147
MemTotal:        1899508 kB
MemFree:           43096 kB
Buffers:             332 kB
Cached:           122356 kB
SwapCached:            0 kB
Active:          1521000 kB
Inactive:          62732 kB
Active(anon):    1463924 kB
Inactive(anon):     4508 kB
Active(file):      57076 kB
Inactive(file):    58224 kB
Unevictable:        1940 kB
Mlocked:               0 kB
HighTotal:       1158144 kB
HighFree:           2364 kB
LowTotal:         741364 kB
LowFree:           40732 kB
SwapTotal:             0 kB
SwapFree:              0 kB
Dirty:                 0 kB
Writeback:             0 kB
AnonPages:       1463592 kB
Mapped:           102612 kB
Shmem:              4876 kB
Slab:              33636 kB
SReclaimable:      12020 kB
SUnreclaim:        21616 kB
KernelStack:        5928 kB
PageTables:        12032 kB
NFS_Unstable:          0 kB
Bounce:                0 kB
WritebackTmp:          0 kB
CommitLimit:      949752 kB
Committed_AS:   12549752 kB
VmallocTotal:     245760 kB
VmallocUsed:       51808 kB
VmallocChunk:      75648 kB
1557661477.269727
MemTotal:        1899508 kB
MemFree:           49344 kB
Buffers:             288 kB
Cached:           115644 kB
SwapCached:            0 kB
Active:          1517660 kB
Inactive:          60552 kB
Active(anon):    1464692 kB
Inactive(anon):     4752 kB
Active(file):      52968 kB
Inactive(file):    55800 kB
Unevictable:        1940 kB
Mlocked:               0 kB
HighTotal:       1158144 kB
HighFree:           3336 kB
LowTotal:         741364 kB
LowFree:           46008 kB
SwapTotal:             0 kB
SwapFree:              0 kB
Dirty:                 0 kB
Writeback:             0 kB
AnonPages:       1464412 kB
Mapped:           102864 kB
Shmem:              5112 kB
Slab:              33568 kB
SReclaimable:      12016 kB
SUnreclaim:        21552 kB
KernelStack:        5960 kB
PageTables:        11956 kB
NFS_Unstable:          0 kB
Bounce:                0 kB
WritebackTmp:          0 kB
CommitLimit:      949752 kB
Committed_AS:   12549296 kB
VmallocTotal:     245760 kB
VmallocUsed:       51808 kB
VmallocChunk:      75648 kB
1557661477.846695
MemTotal:        1899508 kB
MemFree:           40296 kB
Buffers:             408 kB
Cached:           123084 kB
SwapCached:            0 kB
Active:          1519436 kB
Inactive:          67832 kB
Active(anon):    1466232 kB
Inactive(anon):     4752 kB
Active(file):      53204 kB
Inactive(file):    63080 kB
Unevictable:        1940 kB
Mlocked:               0 kB
HighTotal:       1158144 kB
HighFree:            452 kB
LowTotal:         741364 kB
LowFree:           39844 kB
SwapTotal:             0 kB
SwapFree:              0 kB
Dirty:               100 kB
Writeback:             0 kB
AnonPages:       1465908 kB
Mapped:           104928 kB
Shmem:              5112 kB
Slab:              33568 kB
SReclaimable:      12016 kB
SUnreclaim:        21552 kB
KernelStack:        5960 kB
PageTables:        11956 kB
NFS_Unstable:          0 kB
Bounce:                0 kB
WritebackTmp:          0 kB
CommitLimit:      949752 kB
Committed_AS:   12550816 kB
VmallocTotal:     245760 kB
VmallocUsed:       51808 kB
VmallocChunk:      75648 kB
1557661478.415141
MemTotal:        1899508 kB
MemFree:           39828 kB
Buffers:             696 kB
Cached:           120112 kB
SwapCached:            0 kB
Active:          1525060 kB
Inactive:          62728 kB
Active(anon):    1469636 kB
Inactive(anon):     4756 kB
Active(file):      55424 kB
Inactive(file):    57972 kB
Unevictable:        1940 kB
Mlocked:               0 kB
HighTotal:       1158144 kB
HighFree:            392 kB
LowTotal:         741364 kB
LowFree:           39436 kB
SwapTotal:             0 kB
SwapFree:              0 kB
Dirty:                 0 kB
Writeback:             0 kB
AnonPages:       1469324 kB
Mapped:           106124 kB
Shmem:              5116 kB
Slab:              33528 kB
SReclaimable:      12008 kB
SUnreclaim:        21520 kB
KernelStack:        6032 kB
PageTables:        11996 kB
NFS_Unstable:          0 kB
Bounce:                0 kB
WritebackTmp:          0 kB
CommitLimit:      949752 kB
Committed_AS:   12552060 kB
VmallocTotal:     245760 kB
VmallocUsed:       51808 kB
VmallocChunk:      75648 kB
1557661478.998756
MemTotal:        1899508 kB
MemFree:           43320 kB
Buffers:             760 kB
Cached:           119424 kB
SwapCached:            0 kB
Active:          1522556 kB
Inactive:          61140 kB
Active(anon):    1465908 kB
Inactive(anon):     4756 kB
Active(file):      56648 kB
Inactive(file):    56384 kB
Unevictable:        1940 kB
Mlocked:               0 kB
HighTotal:       1158144 kB
HighFree:           2184 kB
LowTotal:         741364 kB
LowFree:           41136 kB
SwapTotal:             0 kB
SwapFree:              0 kB
Dirty:                36 kB
Writeback:             0 kB
AnonPages:       1465676 kB
Mapped:           105048 kB
Shmem:              5112 kB
Slab:              33272 kB
SReclaimable:      12008 kB
SUnreclaim:        21264 kB
KernelStack:        6096 kB
PageTables:        11628 kB
NFS_Unstable:          0 kB
Bounce:                0 kB
WritebackTmp:          0 kB
CommitLimit:      949752 kB
Committed_AS:   11985692 kB
VmallocTotal:     245760 kB
VmallocUsed:       50788 kB
VmallocChunk:      75648 kB
1557661479.569419
MemTotal:        1899508 kB
MemFree:           47560 kB
Buffers:             708 kB
Cached:           109384 kB
SwapCached:            0 kB
Active:          1522576 kB
Inactive:          56476 kB
Active(anon):    1471232 kB
Inactive(anon):     4756 kB
Active(file):      51344 kB
Inactive(file):    51720 kB
Unevictable:        1940 kB
Mlocked:               0 kB
HighTotal:       1158144 kB
HighFree:           2640 kB
LowTotal:         741364 kB
LowFree:           44920 kB
SwapTotal:             0 kB
SwapFree:              0 kB
Dirty:                36 kB
Writeback:             0 kB
AnonPages:       1470944 kB
Mapped:           105444 kB
Shmem:              5112 kB
Slab:              33272 kB
SReclaimable:      12008 kB
SUnreclaim:        21264 kB
KernelStack:        6096 kB
PageTables:        12128 kB
NFS_Unstable:          0 kB
Bounce:                0 kB
WritebackTmp:          0 kB
CommitLimit:      949752 kB
Committed_AS:   12553484 kB
VmallocTotal:     245760 kB
VmallocUsed:       51808 kB
VmallocChunk:      75648 kB
1557661480.146391
MemTotal:        1899508 kB
MemFree:           40144 kB
Buffers:             592 kB
Cached:           115048 kB
SwapCached:            0 kB
Active:          1529008 kB
Inactive:          59492 kB
Active(anon):    1475060 kB
Inactive(anon):     4860 kB
Active(file):      53948 kB
Inactive(file):    54632 kB
Unevictable:        1940 kB
Mlocked:               0 kB
HighTotal:       1158144 kB
HighFree:            432 kB
LowTotal:         741364 kB
LowFree:           39712 kB
SwapTotal:             0 kB
SwapFree:              0 kB
Dirty:                 0 kB
Writeback:             0 kB
AnonPages:       1474756 kB
Mapped:           107376 kB
Shmem:              5188 kB
Slab:              33240 kB
SReclaimable:      12004 kB
SUnreclaim:        21236 kB
KernelStack:        6104 kB
PageTables:        12392 kB
NFS_Unstable:          0 kB
Bounce:                0 kB
WritebackTmp:          0 kB
CommitLimit:      949752 kB
Committed_AS:   13126388 kB
VmallocTotal:     245760 kB
VmallocUsed:       52828 kB
VmallocChunk:      75648 kB
1557661480.733977
MemTotal:        1899508 kB
MemFree:           40368 kB
Buffers:             332 kB
Cached:           107892 kB
SwapCached:            0 kB
Active:          1531148 kB
Inactive:          56396 kB
Active(anon):    1481560 kB
Inactive(anon):     4708 kB
Active(file):      49588 kB
Inactive(file):    51688 kB
Unevictable:        1940 kB
Mlocked:               0 kB
HighTotal:       1158144 kB
HighFree:            400 kB
LowTotal:         741364 kB
LowFree:           39968 kB
SwapTotal:             0 kB
SwapFree:              0 kB
Dirty:                 0 kB
Writeback:             0 kB
AnonPages:       1481424 kB
Mapped:           107900 kB
Shmem:              5064 kB
Slab:              33240 kB
SReclaimable:      12004 kB
SUnreclaim:        21236 kB
KernelStack:        6104 kB
PageTables:        12692 kB
NFS_Unstable:          0 kB
Bounce:                0 kB
WritebackTmp:          0 kB
CommitLimit:      949752 kB
Committed_AS:   14350128 kB
VmallocTotal:     245760 kB
VmallocUsed:       53848 kB
VmallocChunk:      75648 kB
1557661481.337326
MemTotal:        1899508 kB
MemFree:           39900 kB
Buffers:             384 kB
Cached:           109596 kB
SwapCached:            0 kB
Active:          1530548 kB
Inactive:          57196 kB
Active(anon):    1480268 kB
Inactive(anon):     4756 kB
Active(file):      50280 kB
Inactive(file):    52440 kB
Unevictable:        1940 kB
Mlocked:               0 kB
HighTotal:       1158144 kB
HighFree:            552 kB
LowTotal:         741364 kB
LowFree:           39348 kB
SwapTotal:             0 kB
SwapFree:              0 kB
Dirty:                 4 kB
Writeback:             0 kB
AnonPages:       1479952 kB
Mapped:           104988 kB
Shmem:              5116 kB
Slab:              33240 kB
SReclaimable:      12004 kB
SUnreclaim:        21236 kB
KernelStack:        6224 kB
PageTables:        12468 kB
NFS_Unstable:          0 kB
Bounce:                0 kB
WritebackTmp:          0 kB
CommitLimit:      949752 kB
Committed_AS:   13129688 kB
VmallocTotal:     245760 kB
VmallocUsed:       52828 kB
VmallocChunk:      75648 kB
1557661481.916597
MemTotal:        1899508 kB
MemFree:           40700 kB
Buffers:             372 kB
Cached:           106604 kB
SwapCached:            0 kB
Active:          1533084 kB
Inactive:          54676 kB
Active(anon):    1483288 kB
Inactive(anon):     4768 kB
Active(file):      49796 kB
Inactive(file):    49908 kB
Unevictable:        1940 kB
Mlocked:               0 kB
HighTotal:       1158144 kB
HighFree:            772 kB
LowTotal:         741364 kB
LowFree:           39928 kB
SwapTotal:             0 kB
SwapFree:              0 kB
Dirty:                 0 kB
Writeback:             4 kB
AnonPages:       1483124 kB
Mapped:           102880 kB
Shmem:              5124 kB
Slab:              33232 kB
SReclaimable:      11996 kB
SUnreclaim:        21236 kB
KernelStack:        6136 kB
PageTables:        12476 kB
NFS_Unstable:          0 kB
Bounce:                0 kB
WritebackTmp:          0 kB
CommitLimit:      949752 kB
Committed_AS:   13128504 kB
VmallocTotal:     245760 kB
VmallocUsed:       52828 kB
VmallocChunk:      75648 kB
1557661482.521616
MemTotal:        1899508 kB
MemFree:           52844 kB
Buffers:             532 kB
Cached:           106748 kB
SwapCached:            0 kB
Active:          1522520 kB
Inactive:          52484 kB
Active(anon):    1469992 kB
Inactive(anon):     4756 kB
Active(file):      52528 kB
Inactive(file):    47728 kB
Unevictable:        1940 kB
Mlocked:               0 kB
HighTotal:       1158144 kB
HighFree:           6616 kB
LowTotal:         741364 kB
LowFree:           46228 kB
SwapTotal:             0 kB
SwapFree:              0 kB
Dirty:                 0 kB
Writeback:             0 kB
AnonPages:       1469636 kB
Mapped:            94820 kB
Shmem:              5116 kB
Slab:              33224 kB
SReclaimable:      11988 kB
SUnreclaim:        21236 kB
KernelStack:        6176 kB
PageTables:        11660 kB
NFS_Unstable:          0 kB
Bounce:                0 kB
WritebackTmp:          0 kB
CommitLimit:      949752 kB
Committed_AS:   11989692 kB
VmallocTotal:     245760 kB
VmallocUsed:       50788 kB
VmallocChunk:      75648 kB
1557661483.097964
MemTotal:        1899508 kB
MemFree:           42144 kB
Buffers:             700 kB
Cached:           112456 kB
SwapCached:            0 kB
Active:          1528284 kB
Inactive:          58404 kB
Active(anon):    1475788 kB
Inactive(anon):     4752 kB
Active(file):      52496 kB
Inactive(file):    53652 kB
Unevictable:        1940 kB
Mlocked:               0 kB
HighTotal:       1158144 kB
HighFree:           1776 kB
LowTotal:         741364 kB
LowFree:           40368 kB
SwapTotal:             0 kB
SwapFree:              0 kB
Dirty:                84 kB
Writeback:             0 kB
AnonPages:       1475480 kB
Mapped:            96780 kB
Shmem:              5116 kB
Slab:              33224 kB
SReclaimable:      11988 kB
SUnreclaim:        21236 kB
KernelStack:        6064 kB
PageTables:        12000 kB
NFS_Unstable:          0 kB
Bounce:                0 kB
WritebackTmp:          0 kB
CommitLimit:      949752 kB
Committed_AS:   12557276 kB
VmallocTotal:     245760 kB
VmallocUsed:       51808 kB
VmallocChunk:      75648 kB
1557661483.668087
MemTotal:        1899508 kB
MemFree:           45456 kB
Buffers:             704 kB
Cached:           111804 kB
SwapCached:            0 kB
Active:          1525548 kB
Inactive:          57160 kB
Active(anon):    1472500 kB
Inactive(anon):     4752 kB
Active(file):      53048 kB
Inactive(file):    52408 kB
Unevictable:        1940 kB
Mlocked:               0 kB
HighTotal:       1158144 kB
HighFree:           4020 kB
LowTotal:         741364 kB
LowFree:           41436 kB
SwapTotal:             0 kB
SwapFree:              0 kB
Dirty:                84 kB
Writeback:             0 kB
AnonPages:       1472148 kB
Mapped:            95536 kB
Shmem:              5116 kB
Slab:              33224 kB
SReclaimable:      11988 kB
SUnreclaim:        21236 kB
KernelStack:        6064 kB
PageTables:        11600 kB
NFS_Unstable:          0 kB
Bounce:                0 kB
WritebackTmp:          0 kB
CommitLimit:      949752 kB
Committed_AS:   11989812 kB
VmallocTotal:     245760 kB
VmallocUsed:       50788 kB
VmallocChunk:      75648 kB
1557661484.233690
MemTotal:        1899508 kB
MemFree:           43100 kB
Buffers:             704 kB
Cached:           113728 kB
SwapCached:            0 kB
Active:          1526432 kB
Inactive:          58692 kB
Active(anon):    1473064 kB
Inactive(anon):     4752 kB
Active(file):      53368 kB
Inactive(file):    53940 kB
Unevictable:        1940 kB
Mlocked:               0 kB
HighTotal:       1158144 kB
HighFree:           2736 kB
LowTotal:         741364 kB
LowFree:           40364 kB
SwapTotal:             0 kB
SwapFree:              0 kB
Dirty:               108 kB
Writeback:             0 kB
AnonPages:       1472860 kB
Mapped:            95644 kB
Shmem:              5164 kB
Slab:              33320 kB
SReclaimable:      11988 kB
SUnreclaim:        21332 kB
KernelStack:        6048 kB
PageTables:        11800 kB
NFS_Unstable:          0 kB
Bounce:                0 kB
WritebackTmp:          0 kB
CommitLimit:      949752 kB
Committed_AS:   13212728 kB
VmallocTotal:     245760 kB
VmallocUsed:       50788 kB
VmallocChunk:      75648 kB
1557661484.812300
MemTotal:        1899508 kB
MemFree:           43036 kB
Buffers:             796 kB
Cached:           111396 kB
SwapCached:            0 kB
Active:          1528272 kB
Inactive:          56040 kB
Active(anon):    1474776 kB
Inactive(anon):     4820 kB
Active(file):      53496 kB
Inactive(file):    51220 kB
Unevictable:        1940 kB
Mlocked:               0 kB
HighTotal:       1158144 kB
HighFree:           1804 kB
LowTotal:         741364 kB
LowFree:           41232 kB
SwapTotal:             0 kB
SwapFree:              0 kB
Dirty:               232 kB
Writeback:             0 kB
AnonPages:       1474596 kB
Mapped:            96516 kB
Shmem:              5264 kB
Slab:              33320 kB
SReclaimable:      11988 kB
SUnreclaim:        21332 kB
KernelStack:        5912 kB
PageTables:        11900 kB
NFS_Unstable:          0 kB
Bounce:                0 kB
WritebackTmp:          0 kB
CommitLimit:      949752 kB
Committed_AS:   12557692 kB
VmallocTotal:     245760 kB
VmallocUsed:       51808 kB
VmallocChunk:      75648 kB
1557661485.422925
MemTotal:        1899508 kB
MemFree:           40948 kB
Buffers:             824 kB
Cached:           116504 kB
SwapCached:            0 kB
Active:          1526296 kB
Inactive:          61508 kB
Active(anon):    1472884 kB
Inactive(anon):     4748 kB
Active(file):      53412 kB
Inactive(file):    56760 kB
Unevictable:        1940 kB
Mlocked:               0 kB
HighTotal:       1158144 kB
HighFree:            756 kB
LowTotal:         741364 kB
LowFree:           40192 kB
SwapTotal:             0 kB
SwapFree:              0 kB
Dirty:               216 kB
Writeback:             0 kB
AnonPages:       1472556 kB
Mapped:            96692 kB
Shmem:              5116 kB
Slab:              33320 kB
SReclaimable:      11988 kB
SUnreclaim:        21332 kB
KernelStack:        6080 kB
PageTables:        11604 kB
NFS_Unstable:          0 kB
Bounce:                0 kB
WritebackTmp:          0 kB
CommitLimit:      949752 kB
Committed_AS:   11989052 kB
VmallocTotal:     245760 kB
VmallocUsed:       50788 kB
VmallocChunk:      75648 kB
1557661486.002743
MemTotal:        1899508 kB
MemFree:           42836 kB
Buffers:             892 kB
Cached:           110552 kB
SwapCached:            0 kB
Active:          1529900 kB
Inactive:          55460 kB
Active(anon):    1476284 kB
Inactive(anon):     4836 kB
Active(file):      53616 kB
Inactive(file):    50624 kB
Unevictable:        1940 kB
Mlocked:               0 kB
HighTotal:       1158144 kB
HighFree:           1868 kB
LowTotal:         741364 kB
LowFree:           40968 kB
SwapTotal:             0 kB
SwapFree:              0 kB
Dirty:                28 kB
Writeback:             0 kB
AnonPages:       1476256 kB
Mapped:            96632 kB
Shmem:              5164 kB
Slab:              33312 kB
SReclaimable:      11980 kB
SUnreclaim:        21332 kB
KernelStack:        6112 kB
PageTables:        11836 kB
NFS_Unstable:          0 kB
Bounce:                0 kB
WritebackTmp:          0 kB
CommitLimit:      949752 kB
Committed_AS:   13215312 kB
VmallocTotal:     245760 kB
VmallocUsed:       50788 kB
VmallocChunk:      75648 kB
1557661486.630549
MemTotal:        1899508 kB
MemFree:           41632 kB
Buffers:             892 kB
Cached:           106616 kB
SwapCached:            0 kB
Active:          1532496 kB
Inactive:          53776 kB
Active(anon):    1481336 kB
Inactive(anon):     4920 kB
Active(file):      51160 kB
Inactive(file):    48856 kB
Unevictable:        1940 kB
Mlocked:               0 kB
HighTotal:       1158144 kB
HighFree:           1148 kB
LowTotal:         741364 kB
LowFree:           40484 kB
SwapTotal:             0 kB
SwapFree:              0 kB
Dirty:                28 kB
Writeback:             0 kB
AnonPages:       1480912 kB
Mapped:            97204 kB
Shmem:              5288 kB
Slab:              33312 kB
SReclaimable:      11980 kB
SUnreclaim:        21332 kB
KernelStack:        5976 kB
PageTables:        12036 kB
NFS_Unstable:          0 kB
Bounce:                0 kB
WritebackTmp:          0 kB
CommitLimit:      949752 kB
Committed_AS:   12559044 kB
VmallocTotal:     245760 kB
VmallocUsed:       51808 kB
VmallocChunk:      75648 kB
1557661487.222737
MemTotal:        1899508 kB
MemFree:           40276 kB
Buffers:             660 kB
Cached:           108116 kB
SwapCached:            0 kB
Active:          1531564 kB
Inactive:          55952 kB
Active(anon):    1480956 kB
Inactive(anon):     4792 kB
Active(file):      50608 kB
Inactive(file):    51160 kB
Unevictable:        1940 kB
Mlocked:               0 kB
HighTotal:       1158144 kB
HighFree:            584 kB
LowTotal:         741364 kB
LowFree:           39692 kB
SwapTotal:             0 kB
SwapFree:              0 kB
Dirty:                 0 kB
Writeback:             0 kB
AnonPages:       1480888 kB
Mapped:            97304 kB
Shmem:              5216 kB
Slab:              33316 kB
SReclaimable:      11980 kB
SUnreclaim:        21336 kB
KernelStack:        6040 kB
PageTables:        12052 kB
NFS_Unstable:          0 kB
Bounce:                0 kB
WritebackTmp:          0 kB
CommitLimit:      949752 kB
Committed_AS:   12559048 kB
VmallocTotal:     245760 kB
VmallocUsed:       51808 kB
VmallocChunk:      75648 kB
1557661487.817473
MemTotal:        1899508 kB
MemFree:           40960 kB
Buffers:             536 kB
Cached:           107492 kB
SwapCached:            0 kB
Active:          1531836 kB
Inactive:          54808 kB
Active(anon):    1481140 kB
Inactive(anon):     4892 kB
Active(file):      50696 kB
Inactive(file):    49916 kB
Unevictable:        1940 kB
Mlocked:               0 kB
HighTotal:       1158144 kB
HighFree:            576 kB
LowTotal:         741364 kB
LowFree:           40384 kB
SwapTotal:             0 kB
SwapFree:              0 kB
Dirty:               100 kB
Writeback:             0 kB
AnonPages:       1480912 kB
Mapped:            97552 kB
Shmem:              5364 kB
Slab:              33316 kB
SReclaimable:      11980 kB
SUnreclaim:        21336 kB
KernelStack:        6040 kB
PageTables:        11952 kB
NFS_Unstable:          0 kB
Bounce:                0 kB
WritebackTmp:          0 kB
CommitLimit:      949752 kB
Committed_AS:   12559260 kB
VmallocTotal:     245760 kB
VmallocUsed:       51808 kB
VmallocChunk:      75648 kB
1557661488.386063
MemTotal:        1899508 kB
MemFree:           41252 kB
Buffers:             524 kB
Cached:           103812 kB
SwapCached:            0 kB
Active:          1532664 kB
Inactive:          53620 kB
Active(anon):    1484528 kB
Inactive(anon):     4724 kB
Active(file):      48136 kB
Inactive(file):    48896 kB
Unevictable:        1940 kB
Mlocked:               0 kB
HighTotal:       1158144 kB
HighFree:           1040 kB
LowTotal:         741364 kB
LowFree:           40212 kB
SwapTotal:             0 kB
SwapFree:              0 kB
Dirty:                 0 kB
Writeback:             0 kB
AnonPages:       1484292 kB
Mapped:            99280 kB
Shmem:              5116 kB
Slab:              33304 kB
SReclaimable:      11976 kB
SUnreclaim:        21328 kB
KernelStack:        6112 kB
PageTables:        12012 kB
NFS_Unstable:          0 kB
Bounce:                0 kB
WritebackTmp:          0 kB
CommitLimit:      949752 kB
Committed_AS:   12561248 kB
VmallocTotal:     245760 kB
VmallocUsed:       51808 kB
VmallocChunk:      75648 kB
1557661488.964604
MemTotal:        1899508 kB
MemFree:           42272 kB
Buffers:             512 kB
Cached:           102728 kB
SwapCached:            0 kB
Active:          1532388 kB
Inactive:          52988 kB
Active(anon):    1484504 kB
Inactive(anon):     4824 kB
Active(file):      47884 kB
Inactive(file):    48164 kB
Unevictable:        1940 kB
Mlocked:               0 kB
HighTotal:       1158144 kB
HighFree:           1692 kB
LowTotal:         741364 kB
LowFree:           40580 kB
SwapTotal:             0 kB
SwapFree:              0 kB
Dirty:                72 kB
Writeback:             0 kB
AnonPages:       1484264 kB
Mapped:            99388 kB
Shmem:              5252 kB
Slab:              33304 kB
SReclaimable:      11976 kB
SUnreclaim:        21328 kB
KernelStack:        5976 kB
PageTables:        12020 kB
NFS_Unstable:          0 kB
Bounce:                0 kB
WritebackTmp:          0 kB
CommitLimit:      949752 kB
Committed_AS:   12563852 kB
VmallocTotal:     245760 kB
VmallocUsed:       51808 kB
VmallocChunk:      75648 kB
1557661489.535083
MemTotal:        1899508 kB
MemFree:           42344 kB
Buffers:             512 kB
Cached:           102404 kB
SwapCached:            0 kB
Active:          1534400 kB
Inactive:          51064 kB
Active(anon):    1484960 kB
Inactive(anon):     4760 kB
Active(file):      49440 kB
Inactive(file):    46304 kB
Unevictable:        1940 kB
Mlocked:               0 kB
HighTotal:       1158144 kB
HighFree:           1656 kB
LowTotal:         741364 kB
LowFree:           40688 kB
SwapTotal:             0 kB
SwapFree:              0 kB
Dirty:                 0 kB
Writeback:             0 kB
AnonPages:       1484584 kB
Mapped:            99536 kB
Shmem:              5164 kB
Slab:              33312 kB
SReclaimable:      11976 kB
SUnreclaim:        21336 kB
KernelStack:        6096 kB
PageTables:        12048 kB
NFS_Unstable:          0 kB
Bounce:                0 kB
WritebackTmp:          0 kB
CommitLimit:      949752 kB
Committed_AS:   12560720 kB
VmallocTotal:     245760 kB
VmallocUsed:       51808 kB
VmallocChunk:      75648 kB
1557661490.114321
MemTotal:        1899508 kB
MemFree:           40968 kB
Buffers:             548 kB
Cached:           103484 kB
SwapCached:            0 kB
Active:          1536472 kB
Inactive:          51124 kB
Active(anon):    1485936 kB
Inactive(anon):     4808 kB
Active(file):      50536 kB
Inactive(file):    46316 kB
Unevictable:        1940 kB
Mlocked:               0 kB
HighTotal:       1158144 kB
HighFree:            836 kB
LowTotal:         741364 kB
LowFree:           40132 kB
SwapTotal:             0 kB
SwapFree:              0 kB
Dirty:                96 kB
Writeback:             0 kB
AnonPages:       1485616 kB
Mapped:            99444 kB
Shmem:              5240 kB
Slab:              33308 kB
SReclaimable:      11972 kB
SUnreclaim:        21336 kB
KernelStack:        6080 kB
PageTables:        12016 kB
NFS_Unstable:          0 kB
Bounce:                0 kB
WritebackTmp:          0 kB
CommitLimit:      949752 kB
Committed_AS:   12562704 kB
VmallocTotal:     245760 kB
VmallocUsed:       51808 kB
VmallocChunk:      75648 kB
1557661490.683912
MemTotal:        1899508 kB
MemFree:           40564 kB
Buffers:             528 kB
Cached:           100636 kB
SwapCached:            0 kB
Active:          1538284 kB
Inactive:          49188 kB
Active(anon):    1488984 kB
Inactive(anon):     4808 kB
Active(file):      49300 kB
Inactive(file):    44380 kB
Unevictable:        1940 kB
Mlocked:               0 kB
HighTotal:       1158144 kB
HighFree:            616 kB
LowTotal:         741364 kB
LowFree:           39948 kB
SwapTotal:             0 kB
SwapFree:              0 kB
Dirty:                 0 kB
Writeback:             0 kB
AnonPages:       1488732 kB
Mapped:            99992 kB
Shmem:              5240 kB
Slab:              33308 kB
SReclaimable:      11972 kB
SUnreclaim:        21336 kB
KernelStack:        6080 kB
PageTables:        12716 kB
NFS_Unstable:          0 kB
Bounce:                0 kB
WritebackTmp:          0 kB
CommitLimit:      949752 kB
Committed_AS:   15007940 kB
VmallocTotal:     245760 kB
VmallocUsed:       53848 kB
VmallocChunk:      75648 kB
1557661491.291619
MemTotal:        1899508 kB
MemFree:           41096 kB
Buffers:             428 kB
Cached:           101012 kB
SwapCached:            0 kB
Active:          1534504 kB
Inactive:          51836 kB
Active(anon):    1487440 kB
Inactive(anon):     4724 kB
Active(file):      47064 kB
Inactive(file):    47112 kB
Unevictable:        1940 kB
Mlocked:               0 kB
HighTotal:       1158144 kB
HighFree:            844 kB
LowTotal:         741364 kB
LowFree:           40252 kB
SwapTotal:             0 kB
SwapFree:              0 kB
Dirty:                 0 kB
Writeback:             0 kB
AnonPages:       1487176 kB
Mapped:            99368 kB
Shmem:              5116 kB
Slab:              33304 kB
SReclaimable:      11968 kB
SUnreclaim:        21336 kB
KernelStack:        6144 kB
PageTables:        12420 kB
NFS_Unstable:          0 kB
Bounce:                0 kB
WritebackTmp:          0 kB
CommitLimit:      949752 kB
Committed_AS:   13784784 kB
VmallocTotal:     245760 kB
VmallocUsed:       52828 kB
VmallocChunk:      75648 kB
1557661491.876424
MemTotal:        1899508 kB
MemFree:           39976 kB
Buffers:             396 kB
Cached:           101268 kB
SwapCached:            0 kB
Active:          1536136 kB
Inactive:          52660 kB
Active(anon):    1489704 kB
Inactive(anon):     4724 kB
Active(file):      46432 kB
Inactive(file):    47936 kB
Unevictable:        1940 kB
Mlocked:               0 kB
HighTotal:       1158144 kB
HighFree:            460 kB
LowTotal:         741364 kB
LowFree:           39516 kB
SwapTotal:             0 kB
SwapFree:              0 kB
Dirty:                 0 kB
Writeback:            28 kB
AnonPages:       1489468 kB
Mapped:            99024 kB
Shmem:              5116 kB
Slab:              33304 kB
SReclaimable:      11968 kB
SUnreclaim:        21336 kB
KernelStack:        6144 kB
PageTables:        12496 kB
NFS_Unstable:          0 kB
Bounce:                0 kB
WritebackTmp:          0 kB
CommitLimit:      949752 kB
Committed_AS:   13785392 kB
VmallocTotal:     245760 kB
VmallocUsed:       52828 kB
VmallocChunk:      75648 kB
1557661492.554027
MemTotal:        1899508 kB
MemFree:           55264 kB
Buffers:             384 kB
Cached:           104348 kB
SwapCached:            0 kB
Active:          1518024 kB
Inactive:          54860 kB
Active(anon):    1470548 kB
Inactive(anon):     4724 kB
Active(file):      47476 kB
Inactive(file):    50136 kB
Unevictable:        1940 kB
Mlocked:               0 kB
HighTotal:       1158144 kB
HighFree:           4284 kB
LowTotal:         741364 kB
LowFree:           50980 kB
SwapTotal:             0 kB
SwapFree:              0 kB
Dirty:                 0 kB
Writeback:             0 kB
AnonPages:       1470136 kB
Mapped:            88128 kB
Shmem:              5116 kB
Slab:              33304 kB
SReclaimable:      11968 kB
SUnreclaim:        21336 kB
KernelStack:        6160 kB
PageTables:        12080 kB
NFS_Unstable:          0 kB
Bounce:                0 kB
WritebackTmp:          0 kB
CommitLimit:      949752 kB
Committed_AS:   13768572 kB
VmallocTotal:     245760 kB
VmallocUsed:       52828 kB
VmallocChunk:      75648 kB
1557661493.127780
MemTotal:        1899508 kB
MemFree:           40512 kB
Buffers:             392 kB
Cached:           119356 kB
SwapCached:            0 kB
Active:          1524896 kB
Inactive:          62800 kB
Active(anon):    1470472 kB
Inactive(anon):     4724 kB
Active(file):      54424 kB
Inactive(file):    58076 kB
Unevictable:        1940 kB
Mlocked:               0 kB
HighTotal:       1158144 kB
HighFree:            400 kB
LowTotal:         741364 kB
LowFree:           40112 kB
SwapTotal:             0 kB
SwapFree:              0 kB
Dirty:                 0 kB
Writeback:             0 kB
AnonPages:       1470232 kB
Mapped:            84948 kB
Shmem:              5116 kB
Slab:              33304 kB
SReclaimable:      11968 kB
SUnreclaim:        21336 kB
KernelStack:        5992 kB
PageTables:        11952 kB
NFS_Unstable:          0 kB
Bounce:                0 kB
WritebackTmp:          0 kB
CommitLimit:      949752 kB
Committed_AS:   13769024 kB
VmallocTotal:     245760 kB
VmallocUsed:       52828 kB
VmallocChunk:      75648 kB
1557661493.703354
MemTotal:        1899508 kB
MemFree:           40068 kB
Buffers:             264 kB
Cached:           120964 kB
SwapCached:            0 kB
Active:          1527668 kB
Inactive:          61800 kB
Active(anon):    1470752 kB
Inactive(anon):     4724 kB
Active(file):      56916 kB
Inactive(file):    57076 kB
Unevictable:        1940 kB
Mlocked:               0 kB
HighTotal:       1158144 kB
HighFree:            512 kB
LowTotal:         741364 kB
LowFree:           39556 kB
SwapTotal:             0 kB
SwapFree:              0 kB
Dirty:                 0 kB
Writeback:             0 kB
AnonPages:       1470452 kB
Mapped:            86540 kB
Shmem:              5116 kB
Slab:              33304 kB
SReclaimable:      11968 kB
SUnreclaim:        21336 kB
KernelStack:        5992 kB
PageTables:        11652 kB
NFS_Unstable:          0 kB
Bounce:                0 kB
WritebackTmp:          0 kB
CommitLimit:      949752 kB
Committed_AS:   12550868 kB
VmallocTotal:     245760 kB
VmallocUsed:       51808 kB
VmallocChunk:      75648 kB
1557661494.285893
MemTotal:        1899508 kB
MemFree:           41732 kB
Buffers:             260 kB
Cached:           115972 kB
SwapCached:            0 kB
Active:          1527064 kB
Inactive:          59512 kB
Active(anon):    1472796 kB
Inactive(anon):     4788 kB
Active(file):      54268 kB
Inactive(file):    54724 kB
Unevictable:        1940 kB
Mlocked:               0 kB
HighTotal:       1158144 kB
HighFree:           1520 kB
LowTotal:         741364 kB
LowFree:           40212 kB
SwapTotal:             0 kB
SwapFree:              0 kB
Dirty:                 0 kB
Writeback:             0 kB
AnonPages:       1472284 kB
Mapped:            87312 kB
Shmem:              5164 kB
Slab:              33296 kB
SReclaimable:      11968 kB
SUnreclaim:        21328 kB
KernelStack:        5928 kB
PageTables:        12172 kB
NFS_Unstable:          0 kB
Bounce:                0 kB
WritebackTmp:          0 kB
CommitLimit:      949752 kB
Committed_AS:   13118492 kB
VmallocTotal:     245760 kB
VmallocUsed:       52828 kB
VmallocChunk:      75648 kB
1557661494.861347
MemTotal:        1899508 kB
MemFree:           42964 kB
Buffers:             264 kB
Cached:           113356 kB
SwapCached:            0 kB
Active:          1527656 kB
Inactive:          57908 kB
Active(anon):    1474552 kB
Inactive(anon):     4788 kB
Active(file):      53104 kB
Inactive(file):    53120 kB
Unevictable:        1940 kB
Mlocked:               0 kB
HighTotal:       1158144 kB
HighFree:           2228 kB
LowTotal:         741364 kB
LowFree:           40736 kB
SwapTotal:             0 kB
SwapFree:              0 kB
Dirty:                 0 kB
Writeback:             0 kB
AnonPages:       1474448 kB
Mapped:            87436 kB
Shmem:              5164 kB
Slab:              33296 kB
SReclaimable:      11968 kB
SUnreclaim:        21328 kB
KernelStack:        5928 kB
PageTables:        11872 kB
NFS_Unstable:          0 kB
Bounce:                0 kB
WritebackTmp:          0 kB
CommitLimit:      949752 kB
Committed_AS:   12551360 kB
VmallocTotal:     245760 kB
VmallocUsed:       51808 kB
VmallocChunk:      75648 kB
1557661495.443607
MemTotal:        1899508 kB
MemFree:           39840 kB
Buffers:             368 kB
Cached:           111800 kB
SwapCached:            0 kB
Active:          1529736 kB
Inactive:          59332 kB
Active(anon):    1479396 kB
Inactive(anon):     4728 kB
Active(file):      50340 kB
Inactive(file):    54604 kB
Unevictable:        1940 kB
Mlocked:               0 kB
HighTotal:       1158144 kB
HighFree:            392 kB
LowTotal:         741364 kB
LowFree:           39448 kB
SwapTotal:             0 kB
SwapFree:              0 kB
Dirty:                 0 kB
Writeback:             0 kB
AnonPages:       1479120 kB
Mapped:            90260 kB
Shmem:              5120 kB
Slab:              33296 kB
SReclaimable:      11968 kB
SUnreclaim:        21328 kB
KernelStack:        5856 kB
PageTables:        11852 kB
NFS_Unstable:          0 kB
Bounce:                0 kB
WritebackTmp:          0 kB
CommitLimit:      949752 kB
Committed_AS:   12552940 kB
VmallocTotal:     245760 kB
VmallocUsed:       51808 kB
VmallocChunk:      75648 kB
1557661496.070790
MemTotal:        1899508 kB
MemFree:           40100 kB
Buffers:             364 kB
Cached:           108028 kB
SwapCached:            0 kB
Active:          1534384 kB
Inactive:          55108 kB
Active(anon):    1483676 kB
Inactive(anon):     4724 kB
Active(file):      50708 kB
Inactive(file):    50384 kB
Unevictable:        1940 kB
Mlocked:               0 kB
HighTotal:       1158144 kB
HighFree:            484 kB
LowTotal:         741364 kB
LowFree:           39616 kB
SwapTotal:             0 kB
SwapFree:              0 kB
Dirty:                 0 kB
Writeback:             0 kB
AnonPages:       1483496 kB
Mapped:            90848 kB
Shmem:              5120 kB
Slab:              33296 kB
SReclaimable:      11968 kB
SUnreclaim:        21328 kB
KernelStack:        5856 kB
PageTables:        11896 kB
NFS_Unstable:          0 kB
Bounce:                0 kB
WritebackTmp:          0 kB
CommitLimit:      949752 kB
Committed_AS:   12556544 kB
VmallocTotal:     245760 kB
VmallocUsed:       51808 kB
VmallocChunk:      75648 kB
1557661496.662968
MemTotal:        1899508 kB
MemFree:           41220 kB
Buffers:             308 kB
Cached:           106020 kB
SwapCached:            0 kB
Active:          1532324 kB
Inactive:          54860 kB
Active(anon):    1483316 kB
Inactive(anon):     4724 kB
Active(file):      49008 kB
Inactive(file):    50136 kB
Unevictable:        1940 kB
Mlocked:               0 kB
HighTotal:       1158144 kB
HighFree:           1176 kB
LowTotal:         741364 kB
LowFree:           40044 kB
SwapTotal:             0 kB
SwapFree:              0 kB
Dirty:                 0 kB
Writeback:             0 kB
AnonPages:       1483068 kB
Mapped:            90844 kB
Shmem:              5120 kB
Slab:              33296 kB
SReclaimable:      11968 kB
SUnreclaim:        21328 kB
KernelStack:        5856 kB
PageTables:        11896 kB
NFS_Unstable:          0 kB
Bounce:                0 kB
WritebackTmp:          0 kB
CommitLimit:      949752 kB
Committed_AS:   12559876 kB
VmallocTotal:     245760 kB
VmallocUsed:       51808 kB
VmallocChunk:      75648 kB
1557661497.238183
MemTotal:        1899508 kB
MemFree:           40048 kB
Buffers:             196 kB
Cached:           106760 kB
SwapCached:            0 kB
Active:          1534104 kB
Inactive:          55072 kB
Active(anon):    1484864 kB
Inactive(anon):     4724 kB
Active(file):      49240 kB
Inactive(file):    50348 kB
Unevictable:        1940 kB
Mlocked:               0 kB
HighTotal:       1158144 kB
HighFree:            400 kB
LowTotal:         741364 kB
LowFree:           39648 kB
SwapTotal:             0 kB
SwapFree:              0 kB
Dirty:                 0 kB
Writeback:             0 kB
AnonPages:       1484712 kB
Mapped:            91900 kB
Shmem:              5116 kB
Slab:              33296 kB
SReclaimable:      11968 kB
SUnreclaim:        21328 kB
KernelStack:        5896 kB
PageTables:        11968 kB
NFS_Unstable:          0 kB
Bounce:                0 kB
WritebackTmp:          0 kB
CommitLimit:      949752 kB
Committed_AS:   12561032 kB
VmallocTotal:     245760 kB
VmallocUsed:       51808 kB
VmallocChunk:      75648 kB
1557661497.848324
MemTotal:        1899508 kB
MemFree:           40484 kB
Buffers:             160 kB
Cached:           103484 kB
SwapCached:            0 kB
Active:          1535488 kB
Inactive:          53144 kB
Active(anon):    1487516 kB
Inactive(anon):     4724 kB
Active(file):      47972 kB
Inactive(file):    48420 kB
Unevictable:        1940 kB
Mlocked:               0 kB
HighTotal:       1158144 kB
HighFree:            500 kB
LowTotal:         741364 kB
LowFree:           39984 kB
SwapTotal:             0 kB
SwapFree:              0 kB
Dirty:                 0 kB
Writeback:             0 kB
AnonPages:       1487400 kB
Mapped:            92596 kB
Shmem:              5116 kB
Slab:              33296 kB
SReclaimable:      11968 kB
SUnreclaim:        21328 kB
KernelStack:        5896 kB
PageTables:        11968 kB
NFS_Unstable:          0 kB
Bounce:                0 kB
WritebackTmp:          0 kB
CommitLimit:      949752 kB
Committed_AS:   12563808 kB
VmallocTotal:     245760 kB
VmallocUsed:       51808 kB
VmallocChunk:      75648 kB
1557661498.433890
MemTotal:        1899508 kB
MemFree:           40688 kB
Buffers:             248 kB
Cached:           100664 kB
SwapCached:            0 kB
Active:          1537772 kB
Inactive:          51280 kB
Active(anon):    1490580 kB
Inactive(anon):     4724 kB
Active(file):      47192 kB
Inactive(file):    46556 kB
Unevictable:        1940 kB
Mlocked:               0 kB
HighTotal:       1158144 kB
HighFree:            668 kB
LowTotal:         741364 kB
LowFree:           40020 kB
SwapTotal:             0 kB
SwapFree:              0 kB
Dirty:                 0 kB
Writeback:             0 kB
AnonPages:       1490180 kB
Mapped:            93336 kB
Shmem:              5116 kB
Slab:              33296 kB
SReclaimable:      11968 kB
SUnreclaim:        21328 kB
KernelStack:        5976 kB
PageTables:        12016 kB
NFS_Unstable:          0 kB
Bounce:                0 kB
WritebackTmp:          0 kB
CommitLimit:      949752 kB
Committed_AS:   12563220 kB
VmallocTotal:     245760 kB
VmallocUsed:       51808 kB
VmallocChunk:      75648 kB
1557661499.012773
MemTotal:        1899508 kB
MemFree:           40040 kB
Buffers:             248 kB
Cached:            98100 kB
SwapCached:            0 kB
Active:          1537880 kB
Inactive:          49308 kB
Active(anon):    1491364 kB
Inactive(anon):     4724 kB
Active(file):      46516 kB
Inactive(file):    44584 kB
Unevictable:        1940 kB
Mlocked:               0 kB
HighTotal:       1158144 kB
HighFree:            480 kB
LowTotal:         741364 kB
LowFree:           39560 kB
SwapTotal:             0 kB
SwapFree:              0 kB
Dirty:                 0 kB
Writeback:             0 kB
AnonPages:       1491128 kB
Mapped:            93880 kB
Shmem:              5116 kB
Slab:              33300 kB
SReclaimable:      11968 kB
SUnreclaim:        21332 kB
KernelStack:        5960 kB
PageTables:        12008 kB
NFS_Unstable:          0 kB
Bounce:                0 kB
WritebackTmp:          0 kB
CommitLimit:      949752 kB
Committed_AS:   12564664 kB
VmallocTotal:     245760 kB
VmallocUsed:       51808 kB
VmallocChunk:      75648 kB
1557661499.611111
MemTotal:        1899508 kB
MemFree:           46548 kB
Buffers:             436 kB
Cached:           107128 kB
SwapCached:            0 kB
Active:          1523916 kB
Inactive:          58444 kB
Active(anon):    1477500 kB
Inactive(anon):     4724 kB
Active(file):      46416 kB
Inactive(file):    53720 kB
Unevictable:        1940 kB
Mlocked:               0 kB
HighTotal:       1158144 kB
HighFree:           1768 kB
LowTotal:         741364 kB
LowFree:           44780 kB
SwapTotal:             0 kB
SwapFree:              0 kB
Dirty:               100 kB
Writeback:             0 kB
AnonPages:       1477216 kB
Mapped:            95172 kB
Shmem:              5116 kB
Slab:              33300 kB
SReclaimable:      11968 kB
SUnreclaim:        21332 kB
KernelStack:        5960 kB
PageTables:        11208 kB
NFS_Unstable:          0 kB
Bounce:                0 kB
WritebackTmp:          0 kB
CommitLimit:      949752 kB
Committed_AS:   11958352 kB
VmallocTotal:     245760 kB
VmallocUsed:       50788 kB
VmallocChunk:      75648 kB
1557661500.200519
MemTotal:        1899508 kB
MemFree:           41604 kB
Buffers:             600 kB
Cached:           112132 kB
SwapCached:            0 kB
Active:          1526800 kB
Inactive:          61304 kB
Active(anon):    1478032 kB
Inactive(anon):     4724 kB
Active(file):      48768 kB
Inactive(file):    56580 kB
Unevictable:        1940 kB
Mlocked:               0 kB
HighTotal:       1158144 kB
HighFree:           1444 kB
LowTotal:         741364 kB
LowFree:           40160 kB
SwapTotal:             0 kB
SwapFree:              0 kB
Dirty:                92 kB
Writeback:             0 kB
AnonPages:       1477852 kB
Mapped:            97380 kB
Shmem:              5116 kB
Slab:              33280 kB
SReclaimable:      11968 kB
SUnreclaim:        21312 kB
KernelStack:        5760 kB
PageTables:        11176 kB
NFS_Unstable:          0 kB
Bounce:                0 kB
WritebackTmp:          0 kB
CommitLimit:      949752 kB
Committed_AS:   11955304 kB
VmallocTotal:     245760 kB
VmallocUsed:       50788 kB
VmallocChunk:      75648 kB
1557661500.776830
MemTotal:        1899508 kB
MemFree:           40628 kB
Buffers:             448 kB
Cached:           111708 kB
SwapCached:            0 kB
Active:          1532364 kB
Inactive:          57276 kB
Active(anon):    1479972 kB
Inactive(anon):     4724 kB
Active(file):      52392 kB
Inactive(file):    52552 kB
Unevictable:        1940 kB
Mlocked:               0 kB
HighTotal:       1158144 kB
HighFree:            552 kB
LowTotal:         741364 kB
LowFree:           40076 kB
SwapTotal:             0 kB
SwapFree:              0 kB
Dirty:                 0 kB
Writeback:           100 kB
AnonPages:       1479916 kB
Mapped:            98204 kB
Shmem:              5116 kB
Slab:              33280 kB
SReclaimable:      11968 kB
SUnreclaim:        21312 kB
KernelStack:        5760 kB
PageTables:        11576 kB
NFS_Unstable:          0 kB
Bounce:                0 kB
WritebackTmp:          0 kB
CommitLimit:      949752 kB
Committed_AS:   13177988 kB
VmallocTotal:     245760 kB
VmallocUsed:       51808 kB
VmallocChunk:      75648 kB
1557661501.432242
MemTotal:        1899508 kB
MemFree:           47452 kB
Buffers:             396 kB
Cached:           104012 kB
SwapCached:            0 kB
Active:          1527284 kB
Inactive:          53652 kB
Active(anon):    1479184 kB
Inactive(anon):     4724 kB
Active(file):      48100 kB
Inactive(file):    48928 kB
Unevictable:        1940 kB
Mlocked:               0 kB
HighTotal:       1158144 kB
HighFree:           2080 kB
LowTotal:         741364 kB
LowFree:           45372 kB
SwapTotal:             0 kB
SwapFree:              0 kB
Dirty:                 0 kB
Writeback:             0 kB
