MemTotal:         482068 kB
MemFree:          101576 kB
Buffers:             896 kB
Cached:            74028 kB
SwapCached:            0 kB
Active:           247480 kB
Inactive:          48704 kB
Active(anon):     222008 kB
Inactive(anon):      884 kB
Active(file):      25472 kB
Inactive(file):    47820 kB
Unevictable:        1256 kB
Mlocked:               0 kB
HighTotal:             0 kB
HighFree:              0 kB
LowTotal:         482068 kB
LowFree:          101576 kB
SwapTotal:             0 kB
SwapFree:              0 kB
Dirty:                 0 kB
Writeback:             0 kB
AnonPages:        222612 kB
Mapped:            37144 kB
Shmem:               344 kB
Slab:              21968 kB
SReclaimable:       5032 kB
SUnreclaim:        16936 kB
KernelStack:        5240 kB
PageTables:         6824 kB
NFS_Unstable:          0 kB
Bounce:                0 kB
WritebackTmp:          0 kB
CommitLimit:      241032 kB
Committed_AS:    3858920 kB
VmallocTotal:     507904 kB
VmallocUsed:      111480 kB
VmallocChunk:     112576 kB
1557585201.000000
MemTotal:         482068 kB
MemFree:           80640 kB
Buffers:             908 kB
Cached:            89728 kB
SwapCached:            0 kB
Active:           254300 kB
Inactive:          64104 kB
Active(anon):     228588 kB
Inactive(anon):      884 kB
Active(file):      25712 kB
Inactive(file):    63220 kB
Unevictable:        1256 kB
Mlocked:               0 kB
HighTotal:             0 kB
HighFree:              0 kB
LowTotal:         482068 kB
LowFree:           80640 kB
SwapTotal:             0 kB
SwapFree:              0 kB
Dirty:                16 kB
Writeback:             0 kB
AnonPages:        229192 kB
Mapped:            44500 kB
Shmem:               344 kB
Slab:              21948 kB
SReclaimable:       5032 kB
SUnreclaim:        16916 kB
KernelStack:        5320 kB
PageTables:         6936 kB
NFS_Unstable:          0 kB
Bounce:                0 kB
WritebackTmp:          0 kB
CommitLimit:      241032 kB
Committed_AS:    3862404 kB
VmallocTotal:     507904 kB
VmallocUsed:      109872 kB
VmallocChunk:     112576 kB
1557585202.000000
MemTotal:         482068 kB
MemFree:           67144 kB
Buffers:             956 kB
Cached:            93344 kB
SwapCached:            0 kB
Active:           261084 kB
Inactive:          67784 kB
Active(anon):     235292 kB
Inactive(anon):      884 kB
Active(file):      25792 kB
Inactive(file):    66900 kB
Unevictable:        1256 kB
Mlocked:               0 kB
HighTotal:             0 kB
HighFree:              0 kB
LowTotal:         482068 kB
LowFree:           67144 kB
SwapTotal:             0 kB
SwapFree:              0 kB
Dirty:               100 kB
Writeback:             0 kB
AnonPages:        235880 kB
Mapped:            53288 kB
Shmem:               344 kB
Slab:              21936 kB
SReclaimable:       5032 kB
SUnreclaim:        16904 kB
KernelStack:        5464 kB
PageTables:         7008 kB
NFS_Unstable:          0 kB
Bounce:                0 kB
WritebackTmp:          0 kB
CommitLimit:      241032 kB
Committed_AS:    3872808 kB
VmallocTotal:     507904 kB
VmallocUsed:      113300 kB
VmallocChunk:     112576 kB
1557585202.000000
MemTotal:         482068 kB
MemFree:           56456 kB
Buffers:            1012 kB
Cached:            96080 kB
SwapCached:            0 kB
Active:           270092 kB
Inactive:          70564 kB
Active(anon):     244264 kB
Inactive(anon):      884 kB
Active(file):      25828 kB
Inactive(file):    69680 kB
Unevictable:        1256 kB
Mlocked:               0 kB
HighTotal:             0 kB
HighFree:              0 kB
LowTotal:         482068 kB
LowFree:           56456 kB
SwapTotal:             0 kB
SwapFree:              0 kB
Dirty:               100 kB
Writeback:             0 kB
AnonPages:        244860 kB
Mapped:            55076 kB
Shmem:               344 kB
Slab:              21952 kB
SReclaimable:       5032 kB
SUnreclaim:        16920 kB
KernelStack:        5512 kB
PageTables:         6976 kB
NFS_Unstable:          0 kB
Bounce:                0 kB
WritebackTmp:          0 kB
CommitLimit:      241032 kB
Committed_AS:    3881732 kB
VmallocTotal:     507904 kB
VmallocUsed:      111692 kB
VmallocChunk:     112576 kB
1557585203.000000
MemTotal:         482068 kB
MemFree:           44248 kB
Buffers:            1168 kB
Cached:           104544 kB
SwapCached:            0 kB
Active:           274380 kB
Inactive:          78460 kB
Active(anon):     247912 kB
Inactive(anon):      884 kB
Active(file):      26468 kB
Inactive(file):    77576 kB
Unevictable:        1256 kB
Mlocked:               0 kB
HighTotal:             0 kB
HighFree:              0 kB
LowTotal:         482068 kB
LowFree:           44248 kB
SwapTotal:             0 kB
SwapFree:              0 kB
Dirty:                56 kB
Writeback:             0 kB
AnonPages:        248456 kB
Mapped:            57948 kB
Shmem:               344 kB
Slab:              21928 kB
SReclaimable:       5032 kB
SUnreclaim:        16896 kB
KernelStack:        5552 kB
PageTables:         6992 kB
NFS_Unstable:          0 kB
Bounce:                0 kB
WritebackTmp:          0 kB
CommitLimit:      241032 kB
Committed_AS:    3886732 kB
VmallocTotal:     507904 kB
VmallocUsed:      111692 kB
VmallocChunk:     112576 kB
1557585204.000000
MemTotal:         482068 kB
MemFree:           33536 kB
Buffers:            1184 kB
Cached:           106388 kB
SwapCached:            0 kB
Active:           280428 kB
Inactive:          80296 kB
Active(anon):     253856 kB
Inactive(anon):      892 kB
Active(file):      26572 kB
Inactive(file):    79404 kB
Unevictable:        1256 kB
Mlocked:               0 kB
HighTotal:             0 kB
HighFree:              0 kB
LowTotal:         482068 kB
LowFree:           33536 kB
SwapTotal:             0 kB
SwapFree:              0 kB
Dirty:               104 kB
Writeback:             0 kB
AnonPages:        254520 kB
Mapped:            63744 kB
Shmem:               352 kB
Slab:              22200 kB
SReclaimable:       5188 kB
SUnreclaim:        17012 kB
KernelStack:        5624 kB
PageTables:         7024 kB
NFS_Unstable:          0 kB
Bounce:                0 kB
WritebackTmp:          0 kB
CommitLimit:      241032 kB
Committed_AS:    3892128 kB
VmallocTotal:     507904 kB
VmallocUsed:      114068 kB
VmallocChunk:     112576 kB
1557585205.000000
MemTotal:         482068 kB
MemFree:           23884 kB
Buffers:            1232 kB
Cached:           109228 kB
SwapCached:            0 kB
Active:           288280 kB
Inactive:          82428 kB
Active(anon):     261032 kB
Inactive(anon):      892 kB
Active(file):      27248 kB
Inactive(file):    81536 kB
Unevictable:        1256 kB
Mlocked:               0 kB
HighTotal:             0 kB
HighFree:              0 kB
LowTotal:         482068 kB
LowFree:           23884 kB
SwapTotal:             0 kB
SwapFree:              0 kB
Dirty:               256 kB
Writeback:             0 kB
AnonPages:        261664 kB
Mapped:            65568 kB
Shmem:               352 kB
Slab:              22148 kB
SReclaimable:       5188 kB
SUnreclaim:        16960 kB
KernelStack:        5728 kB
PageTables:         7100 kB
NFS_Unstable:          0 kB
Bounce:                0 kB
WritebackTmp:          0 kB
CommitLimit:      241032 kB
Committed_AS:    3903708 kB
VmallocTotal:     507904 kB
VmallocUsed:      114068 kB
VmallocChunk:     112576 kB
1557585206.000000
MemTotal:         482068 kB
MemFree:           11492 kB
Buffers:            1232 kB
Cached:           110808 kB
SwapCached:            0 kB
Active:           297688 kB
Inactive:          83988 kB
Active(anon):     270404 kB
Inactive(anon):      892 kB
Active(file):      27284 kB
Inactive(file):    83096 kB
Unevictable:        1256 kB
Mlocked:               0 kB
HighTotal:             0 kB
HighFree:              0 kB
LowTotal:         482068 kB
LowFree:           11492 kB
SwapTotal:             0 kB
SwapFree:              0 kB
Dirty:               140 kB
Writeback:             0 kB
AnonPages:        271000 kB
Mapped:            68776 kB
Shmem:               352 kB
Slab:              22136 kB
SReclaimable:       5208 kB
SUnreclaim:        16928 kB
KernelStack:        5712 kB
PageTables:         7072 kB
NFS_Unstable:          0 kB
Bounce:                0 kB
WritebackTmp:          0 kB
CommitLimit:      241032 kB
Committed_AS:    3913112 kB
VmallocTotal:     507904 kB
VmallocUsed:      115572 kB
VmallocChunk:     112576 kB
1557585207.000000
MemTotal:         482068 kB
MemFree:            4104 kB
Buffers:            1112 kB
Cached:           114676 kB
SwapCached:            0 kB
Active:           304292 kB
Inactive:          84664 kB
Active(anon):     273884 kB
Inactive(anon):      900 kB
Active(file):      30408 kB
Inactive(file):    83764 kB
Unevictable:        1256 kB
Mlocked:               0 kB
HighTotal:             0 kB
HighFree:              0 kB
LowTotal:         482068 kB
LowFree:            4104 kB
SwapTotal:             0 kB
SwapFree:              0 kB
Dirty:               180 kB
Writeback:             0 kB
AnonPages:        274408 kB
Mapped:            70476 kB
Shmem:               360 kB
Slab:              22084 kB
SReclaimable:       5156 kB
SUnreclaim:        16928 kB
KernelStack:        5728 kB
PageTables:         7180 kB
NFS_Unstable:          0 kB
Bounce:                0 kB
WritebackTmp:          0 kB
CommitLimit:      241032 kB
Committed_AS:    3916372 kB
VmallocTotal:     507904 kB
VmallocUsed:      115572 kB
VmallocChunk:     112576 kB
1557585208.000000
MemTotal:         482068 kB
MemFree:            4260 kB
Buffers:             836 kB
Cached:           110904 kB
SwapCached:            0 kB
Active:           312780 kB
Inactive:          76224 kB
Active(anon):     278056 kB
Inactive(anon):      900 kB
Active(file):      34724 kB
Inactive(file):    75324 kB
Unevictable:        1256 kB
Mlocked:               0 kB
HighTotal:             0 kB
HighFree:              0 kB
LowTotal:         482068 kB
LowFree:            4260 kB
SwapTotal:             0 kB
SwapFree:              0 kB
Dirty:               272 kB
Writeback:             0 kB
AnonPages:        278728 kB
Mapped:            70932 kB
Shmem:               360 kB
Slab:              22080 kB
SReclaimable:       5136 kB
SUnreclaim:        16944 kB
KernelStack:        5800 kB
PageTables:         7124 kB
NFS_Unstable:          0 kB
Bounce:                0 kB
WritebackTmp:          0 kB
CommitLimit:      241032 kB
Committed_AS:    3919672 kB
VmallocTotal:     507904 kB
VmallocUsed:      115572 kB
VmallocChunk:     112576 kB
1557585209.000000
MemTotal:         482068 kB
MemFree:            4400 kB
Buffers:             740 kB
Cached:            88288 kB
SwapCached:            0 kB
Active:           329576 kB
Inactive:          45052 kB
Active(anon):     286984 kB
Inactive(anon):     3292 kB
Active(file):      42592 kB
Inactive(file):    41760 kB
Unevictable:        1984 kB
Mlocked:            6156 kB
HighTotal:             0 kB
HighFree:              0 kB
LowTotal:         482068 kB
LowFree:            4400 kB
SwapTotal:             0 kB
SwapFree:              0 kB
Dirty:               472 kB
Writeback:             0 kB
AnonPages:        287804 kB
Mapped:            87728 kB
Shmem:              3324 kB
Slab:              22172 kB
SReclaimable:       5072 kB
SUnreclaim:        17100 kB
KernelStack:        5912 kB
PageTables:         7516 kB
NFS_Unstable:          0 kB
Bounce:                0 kB
WritebackTmp:          0 kB
CommitLimit:      241032 kB
Committed_AS:    4048448 kB
VmallocTotal:     507904 kB
VmallocUsed:      130552 kB
VmallocChunk:     112576 kB
1557585210.000000
MemTotal:         482068 kB
MemFree:            3780 kB
Buffers:             660 kB
Cached:            83208 kB
SwapCached:            0 kB
Active:           332624 kB
Inactive:          42120 kB
Active(anon):     292160 kB
Inactive(anon):     3280 kB
Active(file):      40464 kB
Inactive(file):    38840 kB
Unevictable:        2028 kB
Mlocked:            6176 kB
HighTotal:             0 kB
HighFree:              0 kB
LowTotal:         482068 kB
LowFree:            3780 kB
SwapTotal:             0 kB
SwapFree:              0 kB
Dirty:               604 kB
Writeback:             0 kB
AnonPages:        292984 kB
Mapped:            87744 kB
Shmem:              3296 kB
Slab:              22148 kB
SReclaimable:       5012 kB
SUnreclaim:        17136 kB
KernelStack:        5984 kB
PageTables:         7516 kB
NFS_Unstable:          0 kB
Bounce:                0 kB
WritebackTmp:          0 kB
CommitLimit:      241032 kB
Committed_AS:    4053940 kB
VmallocTotal:     507904 kB
VmallocUsed:      130552 kB
VmallocChunk:     112576 kB
1557585211.000000
MemTotal:         482068 kB
MemFree:            5284 kB
Buffers:             608 kB
Cached:            80060 kB
SwapCached:            0 kB
Active:           332888 kB
Inactive:          39796 kB
Active(anon):     293316 kB
Inactive(anon):     3304 kB
Active(file):      39572 kB
Inactive(file):    36492 kB
Unevictable:        2028 kB
Mlocked:            6176 kB
HighTotal:             0 kB
HighFree:              0 kB
LowTotal:         482068 kB
LowFree:            5284 kB
SwapTotal:             0 kB
SwapFree:              0 kB
Dirty:                72 kB
Writeback:             0 kB
AnonPages:        294044 kB
Mapped:            88216 kB
Shmem:              3324 kB
Slab:              22148 kB
SReclaimable:       5012 kB
SUnreclaim:        17136 kB
KernelStack:        5992 kB
PageTables:         7524 kB
NFS_Unstable:          0 kB
Bounce:                0 kB
WritebackTmp:          0 kB
CommitLimit:      241032 kB
Committed_AS:    4057344 kB
VmallocTotal:     507904 kB
VmallocUsed:      130552 kB
VmallocChunk:     112576 kB
1557585213.000000
MemTotal:         482068 kB
MemFree:            5408 kB
Buffers:             608 kB
Cached:            80072 kB
SwapCached:            0 kB
Active:           332920 kB
Inactive:          39828 kB
Active(anon):     293348 kB
Inactive(anon):     3304 kB
Active(file):      39572 kB
Inactive(file):    36524 kB
Unevictable:        2028 kB
Mlocked:            6176 kB
HighTotal:             0 kB
HighFree:              0 kB
LowTotal:         482068 kB
LowFree:            5408 kB
SwapTotal:             0 kB
SwapFree:              0 kB
Dirty:                84 kB
Writeback:             0 kB
AnonPages:        294100 kB
Mapped:            88208 kB
Shmem:              3328 kB
Slab:              22136 kB
SReclaimable:       5012 kB
SUnreclaim:        17124 kB
KernelStack:        5992 kB
PageTables:         7528 kB
NFS_Unstable:          0 kB
Bounce:                0 kB
WritebackTmp:          0 kB
CommitLimit:      241032 kB
Committed_AS:    4059908 kB
VmallocTotal:     507904 kB
VmallocUsed:      130552 kB
VmallocChunk:     112576 kB
1557585214.000000
MemTotal:         482068 kB
MemFree:            4484 kB
Buffers:             628 kB
Cached:            78156 kB
SwapCached:            0 kB
Active:           335120 kB
Inactive:          38284 kB
Active(anon):     295924 kB
Inactive(anon):     3292 kB
Active(file):      39196 kB
Inactive(file):    34992 kB
Unevictable:        2028 kB
Mlocked:            6176 kB
HighTotal:             0 kB
HighFree:              0 kB
LowTotal:         482068 kB
LowFree:            4484 kB
SwapTotal:             0 kB
SwapFree:              0 kB
Dirty:                96 kB
Writeback:             0 kB
AnonPages:        296572 kB
Mapped:            88232 kB
Shmem:              3348 kB
Slab:              22148 kB
SReclaimable:       5012 kB
SUnreclaim:        17136 kB
KernelStack:        6000 kB
PageTables:         7596 kB
NFS_Unstable:          0 kB
Bounce:                0 kB
WritebackTmp:          0 kB
CommitLimit:      241032 kB
Committed_AS:    4061304 kB
VmallocTotal:     507904 kB
VmallocUsed:      130552 kB
VmallocChunk:     112576 kB
1557585215.000000
MemTotal:         482068 kB
MemFree:            4136 kB
Buffers:             628 kB
Cached:            78700 kB
SwapCached:            0 kB
Active:           335036 kB
Inactive:          38852 kB
Active(anon):     295848 kB
Inactive(anon):     3296 kB
Active(file):      39188 kB
Inactive(file):    35556 kB
Unevictable:        2028 kB
Mlocked:            6176 kB
HighTotal:             0 kB
HighFree:              0 kB
LowTotal:         482068 kB
LowFree:            4136 kB
SwapTotal:             0 kB
SwapFree:              0 kB
Dirty:                 8 kB
Writeback:             0 kB
AnonPages:        296588 kB
Mapped:            88368 kB
Shmem:              3356 kB
Slab:              22172 kB
SReclaimable:       5012 kB
SUnreclaim:        17160 kB
KernelStack:        6000 kB
PageTables:         7612 kB
NFS_Unstable:          0 kB
Bounce:                0 kB
WritebackTmp:          0 kB
CommitLimit:      241032 kB
Committed_AS:    4061168 kB
VmallocTotal:     507904 kB
VmallocUsed:      130552 kB
VmallocChunk:     112576 kB
1557585217.000000
MemTotal:         482068 kB
MemFree:            3912 kB
Buffers:             652 kB
Cached:            77184 kB
SwapCached:            0 kB
Active:           335188 kB
Inactive:          38748 kB
Active(anon):     297440 kB
Inactive(anon):     3296 kB
Active(file):      37748 kB
Inactive(file):    35452 kB
Unevictable:        2028 kB
Mlocked:            6176 kB
HighTotal:             0 kB
HighFree:              0 kB
LowTotal:         482068 kB
LowFree:            3912 kB
SwapTotal:             0 kB
SwapFree:              0 kB
Dirty:                84 kB
Writeback:             0 kB
AnonPages:        298200 kB
Mapped:            88300 kB
Shmem:              3356 kB
Slab:              22196 kB
SReclaimable:       5012 kB
SUnreclaim:        17184 kB
KernelStack:        6000 kB
PageTables:         7540 kB
NFS_Unstable:          0 kB
Bounce:                0 kB
WritebackTmp:          0 kB
CommitLimit:      241032 kB
Committed_AS:    4062360 kB
VmallocTotal:     507904 kB
VmallocUsed:      130552 kB
VmallocChunk:     112576 kB
1557585218.000000
MemTotal:         482068 kB
MemFree:            4856 kB
Buffers:             652 kB
Cached:            73628 kB
SwapCached:            0 kB
Active:           334952 kB
Inactive:          38192 kB
Active(anon):     300160 kB
Inactive(anon):     3300 kB
Active(file):      34792 kB
Inactive(file):    34892 kB
Unevictable:        2028 kB
Mlocked:            6176 kB
HighTotal:             0 kB
HighFree:              0 kB
LowTotal:         482068 kB
LowFree:            4856 kB
SwapTotal:             0 kB
SwapFree:              0 kB
Dirty:                48 kB
Writeback:             0 kB
AnonPages:        300896 kB
Mapped:            87620 kB
Shmem:              3364 kB
Slab:              22172 kB
SReclaimable:       5012 kB
SUnreclaim:        17160 kB
KernelStack:        5992 kB
PageTables:         7532 kB
NFS_Unstable:          0 kB
Bounce:                0 kB
WritebackTmp:          0 kB
CommitLimit:      241032 kB
Committed_AS:    4064564 kB
VmallocTotal:     507904 kB
VmallocUsed:      130552 kB
VmallocChunk:     112576 kB
1557585219.000000
MemTotal:         482068 kB
MemFree:            5716 kB
Buffers:             652 kB
Cached:            72720 kB
SwapCached:            0 kB
Active:           334428 kB
Inactive:          37668 kB
Active(anon):     300048 kB
Inactive(anon):     3300 kB
Active(file):      34380 kB
Inactive(file):    34368 kB
Unevictable:        2028 kB
Mlocked:            6176 kB
HighTotal:             0 kB
HighFree:              0 kB
LowTotal:         482068 kB
LowFree:            5716 kB
SwapTotal:             0 kB
SwapFree:              0 kB
Dirty:                48 kB
Writeback:             0 kB
AnonPages:        300892 kB
Mapped:            87596 kB
Shmem:              3368 kB
Slab:              22168 kB
SReclaimable:       5012 kB
SUnreclaim:        17156 kB
KernelStack:        6000 kB
PageTables:         7540 kB
NFS_Unstable:          0 kB
Bounce:                0 kB
WritebackTmp:          0 kB
CommitLimit:      241032 kB
Committed_AS:    4064688 kB
VmallocTotal:     507904 kB
VmallocUsed:      130552 kB
VmallocChunk:     112576 kB
1557585220.000000
MemTotal:         482068 kB
MemFree:            4584 kB
Buffers:             676 kB
Cached:            70948 kB
SwapCached:            0 kB
Active:           336352 kB
Inactive:          36800 kB
Active(anon):     302852 kB
Inactive(anon):     3300 kB
Active(file):      33500 kB
Inactive(file):    33500 kB
Unevictable:        2028 kB
Mlocked:            6176 kB
HighTotal:             0 kB
HighFree:              0 kB
LowTotal:         482068 kB
LowFree:            4584 kB
SwapTotal:             0 kB
SwapFree:              0 kB
Dirty:                60 kB
Writeback:             0 kB
AnonPages:        303596 kB
Mapped:            87344 kB
Shmem:              3368 kB
Slab:              22164 kB
SReclaimable:       5012 kB
SUnreclaim:        17152 kB
KernelStack:        6008 kB
PageTables:         7552 kB
NFS_Unstable:          0 kB
Bounce:                0 kB
WritebackTmp:          0 kB
CommitLimit:      241032 kB
Committed_AS:    4067948 kB
VmallocTotal:     507904 kB
VmallocUsed:      130552 kB
VmallocChunk:     112576 kB
1557585221.000000
MemTotal:         482068 kB
MemFree:            4948 kB
Buffers:             676 kB
Cached:            69972 kB
SwapCached:            0 kB
Active:           337328 kB
Inactive:          36296 kB
Active(anon):     304300 kB
Inactive(anon):     3300 kB
Active(file):      33028 kB
Inactive(file):    32996 kB
Unevictable:        2028 kB
Mlocked:            6176 kB
HighTotal:             0 kB
HighFree:              0 kB
LowTotal:         482068 kB
LowFree:            4948 kB
SwapTotal:             0 kB
SwapFree:              0 kB
Dirty:                 0 kB
Writeback:             0 kB
AnonPages:        305072 kB
Mapped:            86512 kB
Shmem:              3368 kB
Slab:              22224 kB
SReclaimable:       5012 kB
SUnreclaim:        17212 kB
KernelStack:        6016 kB
PageTables:         7552 kB
NFS_Unstable:          0 kB
Bounce:                0 kB
WritebackTmp:          0 kB
CommitLimit:      241032 kB
Committed_AS:    4069112 kB
VmallocTotal:     507904 kB
VmallocUsed:      130552 kB
VmallocChunk:     112576 kB
1557585222.000000
MemTotal:         482068 kB
MemFree:            5344 kB
Buffers:             572 kB
Cached:            67756 kB
SwapCached:            0 kB
Active:           337200 kB
Inactive:          35240 kB
Active(anon):     305436 kB
Inactive(anon):     3300 kB
Active(file):      31764 kB
Inactive(file):    31940 kB
Unevictable:        2028 kB
Mlocked:            6176 kB
HighTotal:             0 kB
HighFree:              0 kB
LowTotal:         482068 kB
LowFree:            5344 kB
SwapTotal:             0 kB
SwapFree:              0 kB
Dirty:                 0 kB
Writeback:             0 kB
AnonPages:        306188 kB
Mapped:            85660 kB
Shmem:              3368 kB
Slab:              22200 kB
SReclaimable:       5012 kB
SUnreclaim:        17188 kB
KernelStack:        6008 kB
PageTables:         7616 kB
NFS_Unstable:          0 kB
Bounce:                0 kB
WritebackTmp:          0 kB
CommitLimit:      241032 kB
Committed_AS:    4070644 kB
VmallocTotal:     507904 kB
VmallocUsed:      130552 kB
VmallocChunk:     112576 kB
1557585223.000000
MemTotal:         482068 kB
MemFree:            7264 kB
Buffers:             596 kB
Cached:            67828 kB
SwapCached:            0 kB
Active:           335296 kB
Inactive:          35356 kB
Active(anon):     303532 kB
Inactive(anon):     3296 kB
Active(file):      31764 kB
Inactive(file):    32060 kB
Unevictable:        2028 kB
Mlocked:            6176 kB
HighTotal:             0 kB
HighFree:              0 kB
LowTotal:         482068 kB
LowFree:            7264 kB
SwapTotal:             0 kB
SwapFree:              0 kB
Dirty:                28 kB
Writeback:             0 kB
AnonPages:        304244 kB
Mapped:            85728 kB
Shmem:              3368 kB
Slab:              22176 kB
SReclaimable:       5012 kB
SUnreclaim:        17164 kB
KernelStack:        6008 kB
PageTables:         7556 kB
NFS_Unstable:          0 kB
Bounce:                0 kB
WritebackTmp:          0 kB
CommitLimit:      241032 kB
Committed_AS:    4070160 kB
VmallocTotal:     507904 kB
VmallocUsed:      130552 kB
VmallocChunk:     112576 kB
1557585225.000000
MemTotal:         482068 kB
MemFree:            7008 kB
Buffers:             596 kB
Cached:            67860 kB
SwapCached:            0 kB
Active:           335832 kB
Inactive:          35364 kB
Active(anon):     304068 kB
Inactive(anon):     3296 kB
Active(file):      31764 kB
Inactive(file):    32068 kB
Unevictable:        2028 kB
Mlocked:            6176 kB
HighTotal:             0 kB
HighFree:              0 kB
LowTotal:         482068 kB
LowFree:            7008 kB
SwapTotal:             0 kB
SwapFree:              0 kB
Dirty:                28 kB
Writeback:             0 kB
AnonPages:        304744 kB
Mapped:            85660 kB
Shmem:              3368 kB
Slab:              22188 kB
SReclaimable:       5012 kB
SUnreclaim:        17176 kB
KernelStack:        6008 kB
PageTables:         7628 kB
NFS_Unstable:          0 kB
Bounce:                0 kB
WritebackTmp:          0 kB
CommitLimit:      241032 kB
Committed_AS:    4070188 kB
VmallocTotal:     507904 kB
VmallocUsed:      130552 kB
VmallocChunk:     112576 kB
1557585226.000000
MemTotal:         482068 kB
MemFree:            6916 kB
Buffers:             596 kB
Cached:            67860 kB
SwapCached:            0 kB
Active:           335892 kB
Inactive:          35364 kB
Active(anon):     304128 kB
Inactive(anon):     3296 kB
Active(file):      31764 kB
Inactive(file):    32068 kB
Unevictable:        2028 kB
Mlocked:            6176 kB
HighTotal:             0 kB
HighFree:              0 kB
LowTotal:         482068 kB
LowFree:            6916 kB
SwapTotal:             0 kB
SwapFree:              0 kB
Dirty:                28 kB
Writeback:             0 kB
AnonPages:        304904 kB
Mapped:            85736 kB
Shmem:              3368 kB
Slab:              22172 kB
SReclaimable:       5012 kB
SUnreclaim:        17160 kB
KernelStack:        6008 kB
PageTables:         7552 kB
NFS_Unstable:          0 kB
Bounce:                0 kB
WritebackTmp:          0 kB
CommitLimit:      241032 kB
Committed_AS:    4070344 kB
VmallocTotal:     507904 kB
VmallocUsed:      130552 kB
VmallocChunk:     112576 kB
1557585227.000000
MemTotal:         482068 kB
MemFree:            5180 kB
Buffers:             572 kB
Cached:            67668 kB
SwapCached:            0 kB
Active:           337540 kB
Inactive:          35160 kB
Active(anon):     305776 kB
Inactive(anon):     3304 kB
Active(file):      31764 kB
Inactive(file):    31856 kB
Unevictable:        2028 kB
Mlocked:            6176 kB
HighTotal:             0 kB
HighFree:              0 kB
LowTotal:         482068 kB
LowFree:            5180 kB
SwapTotal:             0 kB
SwapFree:              0 kB
Dirty:                28 kB
Writeback:             0 kB
AnonPages:        306552 kB
Mapped:            85444 kB
Shmem:              3380 kB
Slab:              22160 kB
SReclaimable:       5012 kB
SUnreclaim:        17148 kB
KernelStack:        6008 kB
PageTables:         7552 kB
NFS_Unstable:          0 kB
Bounce:                0 kB
WritebackTmp:          0 kB
CommitLimit:      241032 kB
Committed_AS:    4070488 kB
VmallocTotal:     507904 kB
VmallocUsed:      130552 kB
VmallocChunk:     112576 kB
1557585228.000000
MemTotal:         482068 kB
MemFree:            5344 kB
Buffers:             572 kB
Cached:            67636 kB
SwapCached:            0 kB
Active:           337724 kB
Inactive:          35112 kB
Active(anon):     305960 kB
Inactive(anon):     3304 kB
Active(file):      31764 kB
Inactive(file):    31808 kB
Unevictable:        2028 kB
Mlocked:            6176 kB
HighTotal:             0 kB
HighFree:              0 kB
LowTotal:         482068 kB
LowFree:            5344 kB
SwapTotal:             0 kB
SwapFree:              0 kB
Dirty:                 0 kB
Writeback:             0 kB
AnonPages:        306656 kB
Mapped:            85480 kB
Shmem:              3380 kB
Slab:              22180 kB
SReclaimable:       5012 kB
SUnreclaim:        17168 kB
KernelStack:        6000 kB
PageTables:         7540 kB
NFS_Unstable:          0 kB
Bounce:                0 kB
WritebackTmp:          0 kB
CommitLimit:      241032 kB
Committed_AS:    4070692 kB
VmallocTotal:     507904 kB
VmallocUsed:      130552 kB
VmallocChunk:     112576 kB
1557585228.000000
MemTotal:         482068 kB
MemFree:           13388 kB
Buffers:             572 kB
Cached:            67636 kB
SwapCached:            0 kB
Active:           329480 kB
Inactive:          35112 kB
Active(anon):     297716 kB
Inactive(anon):     3304 kB
Active(file):      31764 kB
Inactive(file):    31808 kB
Unevictable:        2028 kB
Mlocked:            6176 kB
HighTotal:             0 kB
HighFree:              0 kB
LowTotal:         482068 kB
LowFree:           13388 kB
SwapTotal:             0 kB
SwapFree:              0 kB
Dirty:                 0 kB
Writeback:             0 kB
AnonPages:        298444 kB
Mapped:            85480 kB
Shmem:              3380 kB
Slab:              22208 kB
SReclaimable:       5012 kB
SUnreclaim:        17196 kB
KernelStack:        6008 kB
PageTables:         7564 kB
NFS_Unstable:          0 kB
Bounce:                0 kB
WritebackTmp:          0 kB
CommitLimit:      241032 kB
Committed_AS:    4070004 kB
VmallocTotal:     507904 kB
VmallocUsed:      130552 kB
VmallocChunk:     112576 kB
1557585229.000000
MemTotal:         482068 kB
MemFree:           12892 kB
Buffers:             580 kB
Cached:            67636 kB
SwapCached:            0 kB
Active:           329792 kB
Inactive:          35120 kB
Active(anon):     298028 kB
Inactive(anon):     3304 kB
Active(file):      31764 kB
Inactive(file):    31816 kB
Unevictable:        2028 kB
Mlocked:            6176 kB
HighTotal:             0 kB
HighFree:              0 kB
LowTotal:         482068 kB
LowFree:           12892 kB
SwapTotal:             0 kB
SwapFree:              0 kB
Dirty:                28 kB
Writeback:             0 kB
AnonPages:        298696 kB
Mapped:            85480 kB
Shmem:              3380 kB
Slab:              22212 kB
SReclaimable:       5012 kB
SUnreclaim:        17200 kB
KernelStack:        6008 kB
PageTables:         7540 kB
NFS_Unstable:          0 kB
Bounce:                0 kB
WritebackTmp:          0 kB
CommitLimit:      241032 kB
Committed_AS:    4070068 kB
VmallocTotal:     507904 kB
VmallocUsed:      130552 kB
VmallocChunk:     112576 kB
1557585230.000000
MemTotal:         482068 kB
MemFree:           11132 kB
Buffers:             580 kB
Cached:            67636 kB
SwapCached:            0 kB
Active:           331416 kB
Inactive:          35116 kB
Active(anon):     299652 kB
Inactive(anon):     3300 kB
Active(file):      31764 kB
Inactive(file):    31816 kB
Unevictable:        2028 kB
Mlocked:            6176 kB
HighTotal:             0 kB
HighFree:              0 kB
LowTotal:         482068 kB
LowFree:           11132 kB
SwapTotal:             0 kB
SwapFree:              0 kB
Dirty:                28 kB
Writeback:             0 kB
AnonPages:        300396 kB
Mapped:            85468 kB
Shmem:              3380 kB
Slab:              22220 kB
SReclaimable:       5012 kB
SUnreclaim:        17208 kB
KernelStack:        6016 kB
PageTables:         7628 kB
NFS_Unstable:          0 kB
Bounce:                0 kB
WritebackTmp:          0 kB
CommitLimit:      241032 kB
Committed_AS:    4070336 kB
VmallocTotal:     507904 kB
VmallocUsed:      130552 kB
VmallocChunk:     112576 kB
1557585232.000000
MemTotal:         482068 kB
MemFree:           11280 kB
Buffers:             580 kB
Cached:            67300 kB
SwapCached:            0 kB
Active:           331416 kB
Inactive:          35012 kB
Active(anon):     299892 kB
Inactive(anon):     3292 kB
Active(file):      31524 kB
Inactive(file):    31720 kB
Unevictable:        2028 kB
Mlocked:            6176 kB
HighTotal:             0 kB
HighFree:              0 kB
LowTotal:         482068 kB
LowFree:           11280 kB
SwapTotal:             0 kB
SwapFree:              0 kB
Dirty:                28 kB
Writeback:             0 kB
AnonPages:        300528 kB
Mapped:            85108 kB
Shmem:              3380 kB
Slab:              22184 kB
SReclaimable:       5012 kB
SUnreclaim:        17172 kB
KernelStack:        6016 kB
PageTables:         7548 kB
NFS_Unstable:          0 kB
Bounce:                0 kB
WritebackTmp:          0 kB
CommitLimit:      241032 kB
Committed_AS:    4070404 kB
VmallocTotal:     507904 kB
VmallocUsed:      130552 kB
VmallocChunk:     112576 kB
1557585232.000000
MemTotal:         482068 kB
MemFree:           11264 kB
Buffers:             580 kB
Cached:            67300 kB
SwapCached:            0 kB
Active:           331480 kB
Inactive:          35012 kB
Active(anon):     299956 kB
Inactive(anon):     3292 kB
Active(file):      31524 kB
Inactive(file):    31720 kB
Unevictable:        2028 kB
Mlocked:            6176 kB
HighTotal:             0 kB
HighFree:              0 kB
LowTotal:         482068 kB
LowFree:           11264 kB
SwapTotal:             0 kB
SwapFree:              0 kB
Dirty:                28 kB
Writeback:             0 kB
AnonPages:        300704 kB
Mapped:            85108 kB
Shmem:              3380 kB
Slab:              22180 kB
SReclaimable:       5012 kB
SUnreclaim:        17168 kB
KernelStack:        6008 kB
PageTables:         7568 kB
NFS_Unstable:          0 kB
Bounce:                0 kB
WritebackTmp:          0 kB
CommitLimit:      241032 kB
Committed_AS:    4070348 kB
VmallocTotal:     507904 kB
VmallocUsed:      130552 kB
VmallocChunk:     112576 kB
1557585233.000000
MemTotal:         482068 kB
MemFree:           11372 kB
Buffers:             580 kB
Cached:            67072 kB
SwapCached:            0 kB
Active:           331572 kB
Inactive:          34860 kB
Active(anon):     300112 kB
Inactive(anon):     3292 kB
Active(file):      31460 kB
Inactive(file):    31568 kB
Unevictable:        2028 kB
Mlocked:            6176 kB
HighTotal:             0 kB
HighFree:              0 kB
LowTotal:         482068 kB
LowFree:           11372 kB
SwapTotal:             0 kB
SwapFree:              0 kB
Dirty:                28 kB
Writeback:             0 kB
AnonPages:        300780 kB
Mapped:            84880 kB
Shmem:              3380 kB
Slab:              22180 kB
SReclaimable:       5012 kB
SUnreclaim:        17168 kB
KernelStack:        6008 kB
PageTables:         7568 kB
NFS_Unstable:          0 kB
Bounce:                0 kB
WritebackTmp:          0 kB
CommitLimit:      241032 kB
Committed_AS:    4070480 kB
VmallocTotal:     507904 kB
VmallocUsed:      130552 kB
VmallocChunk:     112576 kB
1557585234.000000
MemTotal:         482068 kB
MemFree:           10528 kB
Buffers:             552 kB
Cached:            66840 kB
SwapCached:            0 kB
Active:           332752 kB
Inactive:          34772 kB
Active(anon):     301464 kB
Inactive(anon):     3292 kB
Active(file):      31288 kB
Inactive(file):    31480 kB
Unevictable:        2028 kB
Mlocked:            6176 kB
HighTotal:             0 kB
HighFree:              0 kB
LowTotal:         482068 kB
LowFree:           10528 kB
SwapTotal:             0 kB
SwapFree:              0 kB
Dirty:                 0 kB
Writeback:             0 kB
AnonPages:        302160 kB
Mapped:            84692 kB
Shmem:              3380 kB
Slab:              22160 kB
SReclaimable:       5012 kB
SUnreclaim:        17148 kB
KernelStack:        6008 kB
PageTables:         7560 kB
NFS_Unstable:          0 kB
Bounce:                0 kB
WritebackTmp:          0 kB
CommitLimit:      241032 kB
Committed_AS:    4070588 kB
VmallocTotal:     507904 kB
VmallocUsed:      130552 kB
VmallocChunk:     112576 kB
1557585235.000000
MemTotal:         482068 kB
MemFree:            9404 kB
Buffers:             552 kB
Cached:            66864 kB
SwapCached:            0 kB
Active:           333752 kB
Inactive:          34784 kB
Active(anon):     302464 kB
Inactive(anon):     3304 kB
Active(file):      31288 kB
Inactive(file):    31480 kB
Unevictable:        2028 kB
Mlocked:            6176 kB
HighTotal:             0 kB
HighFree:              0 kB
LowTotal:         482068 kB
LowFree:            9404 kB
SwapTotal:             0 kB
SwapFree:              0 kB
Dirty:                 0 kB
Writeback:             0 kB
AnonPages:        303204 kB
Mapped:            84700 kB
Shmem:              3392 kB
Slab:              22164 kB
SReclaimable:       5012 kB
SUnreclaim:        17152 kB
KernelStack:        6008 kB
PageTables:         7624 kB
NFS_Unstable:          0 kB
Bounce:                0 kB
WritebackTmp:          0 kB
CommitLimit:      241032 kB
Committed_AS:    4070536 kB
VmallocTotal:     507904 kB
VmallocUsed:      130552 kB
VmallocChunk:     112576 kB
1557585236.000000
MemTotal:         482068 kB
MemFree:            9404 kB
Buffers:             552 kB
Cached:            66876 kB
SwapCached:            0 kB
Active:           333916 kB
Inactive:          34796 kB
Active(anon):     302628 kB
Inactive(anon):     3308 kB
Active(file):      31288 kB
Inactive(file):    31488 kB
Unevictable:        2028 kB
Mlocked:            6176 kB
HighTotal:             0 kB
HighFree:              0 kB
LowTotal:         482068 kB
LowFree:            9404 kB
SwapTotal:             0 kB
SwapFree:              0 kB
Dirty:                 0 kB
Writeback:             0 kB
AnonPages:        303256 kB
Mapped:            84688 kB
Shmem:              3396 kB
Slab:              22164 kB
SReclaimable:       5012 kB
SUnreclaim:        17152 kB
KernelStack:        6008 kB
PageTables:         7544 kB
NFS_Unstable:          0 kB
Bounce:                0 kB
WritebackTmp:          0 kB
CommitLimit:      241032 kB
Committed_AS:    4070856 kB
VmallocTotal:     507904 kB
VmallocUsed:      130552 kB
VmallocChunk:     112576 kB
1557585237.000000
MemTotal:         482068 kB
MemFree:            9536 kB
Buffers:             552 kB
Cached:            66420 kB
SwapCached:            0 kB
Active:           333800 kB
Inactive:          34568 kB
Active(anon):     302756 kB
Inactive(anon):     3304 kB
Active(file):      31044 kB
Inactive(file):    31264 kB
Unevictable:        2028 kB
Mlocked:            6176 kB
HighTotal:             0 kB
HighFree:              0 kB
LowTotal:         482068 kB
LowFree:            9536 kB
SwapTotal:             0 kB
SwapFree:              0 kB
Dirty:                 0 kB
Writeback:             0 kB
AnonPages:        303464 kB
Mapped:            84584 kB
Shmem:              3396 kB
Slab:              22236 kB
SReclaimable:       5012 kB
SUnreclaim:        17224 kB
KernelStack:        6008 kB
PageTables:         7560 kB
NFS_Unstable:          0 kB
Bounce:                0 kB
WritebackTmp:          0 kB
CommitLimit:      241032 kB
Committed_AS:    4070964 kB
VmallocTotal:     507904 kB
VmallocUsed:      130552 kB
VmallocChunk:     112576 kB
1557585238.000000
MemTotal:         482068 kB
MemFree:            9156 kB
Buffers:             552 kB
Cached:            66420 kB
SwapCached:            0 kB
Active:           334328 kB
Inactive:          34572 kB
Active(anon):     303280 kB
Inactive(anon):     3308 kB
Active(file):      31048 kB
Inactive(file):    31264 kB
Unevictable:        2028 kB
Mlocked:            6176 kB
HighTotal:             0 kB
HighFree:              0 kB
LowTotal:         482068 kB
LowFree:            9156 kB
SwapTotal:             0 kB
SwapFree:              0 kB
Dirty:                 0 kB
Writeback:             0 kB
AnonPages:        303944 kB
Mapped:            84576 kB
Shmem:              3404 kB
Slab:              22196 kB
SReclaimable:       5012 kB
SUnreclaim:        17184 kB
KernelStack:        6008 kB
PageTables:         7556 kB
NFS_Unstable:          0 kB
Bounce:                0 kB
WritebackTmp:          0 kB
CommitLimit:      241032 kB
Committed_AS:    4071096 kB
VmallocTotal:     507904 kB
VmallocUsed:      130552 kB
VmallocChunk:     112576 kB
1557585239.000000
MemTotal:         482068 kB
MemFree:            8304 kB
Buffers:             576 kB
Cached:            66812 kB
SwapCached:            0 kB
Active:           334696 kB
Inactive:          34968 kB
Active(anon):     303648 kB
Inactive(anon):     3304 kB
Active(file):      31048 kB
Inactive(file):    31664 kB
Unevictable:        2028 kB
Mlocked:            6176 kB
HighTotal:             0 kB
HighFree:              0 kB
LowTotal:         482068 kB
LowFree:            8304 kB
SwapTotal:             0 kB
SwapFree:              0 kB
Dirty:                28 kB
Writeback:             0 kB
AnonPages:        304340 kB
Mapped:            84580 kB
Shmem:              3404 kB
Slab:              22172 kB
SReclaimable:       5012 kB
SUnreclaim:        17160 kB
KernelStack:        6008 kB
PageTables:         7556 kB
NFS_Unstable:          0 kB
Bounce:                0 kB
WritebackTmp:          0 kB
CommitLimit:      241032 kB
Committed_AS:    4071120 kB
VmallocTotal:     507904 kB
VmallocUsed:      130552 kB
VmallocChunk:     112576 kB
1557585240.000000
MemTotal:         482068 kB
MemFree:            7924 kB
Buffers:             576 kB
Cached:            66824 kB
SwapCached:            0 kB
Active:           335164 kB
Inactive:          34996 kB
Active(anon):     304116 kB
Inactive(anon):     3304 kB
Active(file):      31048 kB
Inactive(file):    31692 kB
Unevictable:        2028 kB
Mlocked:            6176 kB
HighTotal:             0 kB
HighFree:              0 kB
LowTotal:         482068 kB
LowFree:            7924 kB
SwapTotal:             0 kB
SwapFree:              0 kB
Dirty:                28 kB
Writeback:             0 kB
AnonPages:        304788 kB
Mapped:            84680 kB
Shmem:              3404 kB
Slab:              22188 kB
SReclaimable:       5012 kB
SUnreclaim:        17176 kB
KernelStack:        6000 kB
PageTables:         7560 kB
NFS_Unstable:          0 kB
Bounce:                0 kB
WritebackTmp:          0 kB
CommitLimit:      241032 kB
Committed_AS:    4071128 kB
VmallocTotal:     507904 kB
VmallocUsed:      130552 kB
VmallocChunk:     112576 kB
1557585240.000000
MemTotal:         482068 kB
MemFree:            8088 kB
Buffers:             576 kB
Cached:            66832 kB
SwapCached:            0 kB
Active:           335104 kB
Inactive:          35004 kB
Active(anon):     304056 kB
Inactive(anon):     3304 kB
Active(file):      31048 kB
Inactive(file):    31700 kB
Unevictable:        2028 kB
Mlocked:            6176 kB
HighTotal:             0 kB
HighFree:              0 kB
LowTotal:         482068 kB
LowFree:            8088 kB
SwapTotal:             0 kB
SwapFree:              0 kB
Dirty:                28 kB
Writeback:             0 kB
AnonPages:        304752 kB
Mapped:            84636 kB
Shmem:              3404 kB
Slab:              22184 kB
SReclaimable:       5012 kB
SUnreclaim:        17172 kB
KernelStack:        5992 kB
PageTables:         7544 kB
NFS_Unstable:          0 kB
Bounce:                0 kB
WritebackTmp:          0 kB
CommitLimit:      241032 kB
Committed_AS:    4071140 kB
VmallocTotal:     507904 kB
VmallocUsed:      130552 kB
VmallocChunk:     112576 kB
1557585241.000000
MemTotal:         482068 kB
MemFree:            7964 kB
Buffers:             576 kB
Cached:            66832 kB
SwapCached:            0 kB
Active:           335180 kB
Inactive:          35004 kB
Active(anon):     304132 kB
Inactive(anon):     3304 kB
Active(file):      31048 kB
Inactive(file):    31700 kB
Unevictable:        2028 kB
Mlocked:            6176 kB
HighTotal:             0 kB
HighFree:              0 kB
LowTotal:         482068 kB
LowFree:            7964 kB
SwapTotal:             0 kB
SwapFree:              0 kB
Dirty:                 0 kB
Writeback:             0 kB
AnonPages:        304776 kB
Mapped:            84636 kB
Shmem:              3404 kB
Slab:              22176 kB
SReclaimable:       5012 kB
SUnreclaim:        17164 kB
KernelStack:        5992 kB
PageTables:         7544 kB
NFS_Unstable:          0 kB
Bounce:                0 kB
WritebackTmp:          0 kB
CommitLimit:      241032 kB
Committed_AS:    4071020 kB
VmallocTotal:     507904 kB
VmallocUsed:      130552 kB
VmallocChunk:     112576 kB
1557585242.000000
MemTotal:         482068 kB
MemFree:            7436 kB
Buffers:             576 kB
Cached:            66632 kB
SwapCached:            0 kB
Active:           335976 kB
Inactive:          34776 kB
Active(anon):     304900 kB
Inactive(anon):     3304 kB
Active(file):      31076 kB
Inactive(file):    31472 kB
Unevictable:        2028 kB
Mlocked:            6176 kB
HighTotal:             0 kB
HighFree:              0 kB
LowTotal:         482068 kB
LowFree:            7436 kB
SwapTotal:             0 kB
SwapFree:              0 kB
Dirty:                 0 kB
Writeback:             0 kB
AnonPages:        305520 kB
Mapped:            84576 kB
Shmem:              3404 kB
Slab:              22132 kB
SReclaimable:       5012 kB
SUnreclaim:        17120 kB
KernelStack:        5992 kB
PageTables:         7556 kB
NFS_Unstable:          0 kB
Bounce:                0 kB
WritebackTmp:          0 kB
CommitLimit:      241032 kB
Committed_AS:    4071148 kB
VmallocTotal:     507904 kB
VmallocUsed:      130552 kB
VmallocChunk:     112576 kB
1557585243.000000
MemTotal:         482068 kB
MemFree:            7576 kB
Buffers:             584 kB
Cached:            66216 kB
SwapCached:            0 kB
Active:           335924 kB
Inactive:          34456 kB
Active(anon):     304944 kB
Inactive(anon):     3312 kB
Active(file):      30980 kB
Inactive(file):    31144 kB
Unevictable:        2028 kB
Mlocked:            6176 kB
HighTotal:             0 kB
HighFree:              0 kB
LowTotal:         482068 kB
LowFree:            7576 kB
SwapTotal:             0 kB
SwapFree:              0 kB
Dirty:                 0 kB
Writeback:             0 kB
AnonPages:        305708 kB
Mapped:            84436 kB
Shmem:              3412 kB
Slab:              22164 kB
SReclaimable:       5012 kB
SUnreclaim:        17152 kB
KernelStack:        5992 kB
PageTables:         7560 kB
NFS_Unstable:          0 kB
Bounce:                0 kB
WritebackTmp:          0 kB
CommitLimit:      241032 kB
Committed_AS:    4071156 kB
VmallocTotal:     507904 kB
VmallocUsed:      130552 kB
VmallocChunk:     112576 kB
1557585244.000000
MemTotal:         482068 kB
MemFree:            7700 kB
Buffers:             584 kB
Cached:            65988 kB
SwapCached:            0 kB
Active:           335852 kB
Inactive:          34340 kB
Active(anon):     304996 kB
Inactive(anon):     3312 kB
Active(file):      30856 kB
Inactive(file):    31028 kB
Unevictable:        2028 kB
Mlocked:            6176 kB
HighTotal:             0 kB
HighFree:              0 kB
LowTotal:         482068 kB
LowFree:            7700 kB
SwapTotal:             0 kB
SwapFree:              0 kB
Dirty:                 0 kB
Writeback:             0 kB
AnonPages:        305632 kB
Mapped:            84360 kB
Shmem:              3412 kB
Slab:              22164 kB
SReclaimable:       5012 kB
SUnreclaim:        17152 kB
KernelStack:        5992 kB
PageTables:         7560 kB
NFS_Unstable:          0 kB
Bounce:                0 kB
WritebackTmp:          0 kB
CommitLimit:      241032 kB
Committed_AS:    4071136 kB
VmallocTotal:     507904 kB
VmallocUsed:      130552 kB
VmallocChunk:     112576 kB
1557585245.000000
MemTotal:         482068 kB
MemFree:            7668 kB
Buffers:             584 kB
Cached:            65612 kB
SwapCached:            0 kB
Active:           336112 kB
Inactive:          34140 kB
Active(anon):     305404 kB
Inactive(anon):     3312 kB
Active(file):      30708 kB
Inactive(file):    30828 kB
Unevictable:        2028 kB
Mlocked:            6176 kB
HighTotal:             0 kB
HighFree:              0 kB
LowTotal:         482068 kB
LowFree:            7668 kB
SwapTotal:             0 kB
SwapFree:              0 kB
Dirty:                28 kB
Writeback:             0 kB
AnonPages:        306088 kB
Mapped:            83976 kB
Shmem:              3412 kB
Slab:              22216 kB
SReclaimable:       5012 kB
SUnreclaim:        17204 kB
KernelStack:        5992 kB
PageTables:         7544 kB
NFS_Unstable:          0 kB
Bounce:                0 kB
WritebackTmp:          0 kB
CommitLimit:      241032 kB
Committed_AS:    4071136 kB
VmallocTotal:     507904 kB
VmallocUsed:      130552 kB
VmallocChunk:     112576 kB
1557585246.000000
MemTotal:         482068 kB
MemFree:            7608 kB
Buffers:             584 kB
Cached:            65624 kB
SwapCached:            0 kB
Active:           336204 kB
Inactive:          34144 kB
Active(anon):     305496 kB
Inactive(anon):     3312 kB
Active(file):      30708 kB
Inactive(file):    30832 kB
Unevictable:        2028 kB
Mlocked:            6176 kB
HighTotal:             0 kB
HighFree:              0 kB
LowTotal:         482068 kB
LowFree:            7608 kB
SwapTotal:             0 kB
SwapFree:              0 kB
Dirty:                28 kB
Writeback:             0 kB
AnonPages:        306136 kB
Mapped:            83996 kB
Shmem:              3412 kB
Slab:              22180 kB
SReclaimable:       5012 kB
SUnreclaim:        17168 kB
KernelStack:        5992 kB
PageTables:         7560 kB
NFS_Unstable:          0 kB
Bounce:                0 kB
WritebackTmp:          0 kB
CommitLimit:      241032 kB
Committed_AS:    4071140 kB
VmallocTotal:     507904 kB
VmallocUsed:      130552 kB
VmallocChunk:     112576 kB
1557585247.000000
MemTotal:         482068 kB
MemFree:            6792 kB
Buffers:             584 kB
Cached:            65244 kB
SwapCached:            0 kB
Active:           337168 kB
Inactive:          33952 kB
Active(anon):     306688 kB
Inactive(anon):     3312 kB
Active(file):      30480 kB
Inactive(file):    30640 kB
Unevictable:        2028 kB
Mlocked:            6176 kB
HighTotal:             0 kB
HighFree:              0 kB
LowTotal:         482068 kB
LowFree:            6792 kB
SwapTotal:             0 kB
SwapFree:              0 kB
Dirty:                28 kB
Writeback:             0 kB
AnonPages:        307364 kB
Mapped:            83692 kB
Shmem:              3412 kB
Slab:              22188 kB
SReclaimable:       5012 kB
SUnreclaim:        17176 kB
KernelStack:        5992 kB
PageTables:         7556 kB
NFS_Unstable:          0 kB
Bounce:                0 kB
WritebackTmp:          0 kB
CommitLimit:      241032 kB
Committed_AS:    4071140 kB
VmallocTotal:     507904 kB
VmallocUsed:      130552 kB
VmallocChunk:     112576 kB
1557585248.000000
MemTotal:         482068 kB
MemFree:            7088 kB
Buffers:             584 kB
Cached:            65200 kB
SwapCached:            0 kB
Active:           337128 kB
Inactive:          33916 kB
Active(anon):     306648 kB
Inactive(anon):     3312 kB
Active(file):      30480 kB
Inactive(file):    30604 kB
Unevictable:        2028 kB
Mlocked:            6176 kB
HighTotal:             0 kB
HighFree:              0 kB
LowTotal:         482068 kB
LowFree:            7088 kB
SwapTotal:             0 kB
SwapFree:              0 kB
Dirty:                 0 kB
Writeback:             0 kB
AnonPages:        307360 kB
Mapped:            83480 kB
Shmem:              3412 kB
Slab:              22192 kB
SReclaimable:       5012 kB
SUnreclaim:        17180 kB
KernelStack:        5992 kB
PageTables:         7556 kB
NFS_Unstable:          0 kB
Bounce:                0 kB
WritebackTmp:          0 kB
CommitLimit:      241032 kB
Committed_AS:    4071912 kB
VmallocTotal:     507904 kB
VmallocUsed:      130552 kB
VmallocChunk:     112576 kB
1557585249.000000
MemTotal:         482068 kB
MemFree:            6816 kB
Buffers:             584 kB
Cached:            65280 kB
SwapCached:            0 kB
Active:           337212 kB
Inactive:          34028 kB
Active(anon):     306756 kB
Inactive(anon):     3312 kB
Active(file):      30456 kB
Inactive(file):    30716 kB
Unevictable:        2028 kB
Mlocked:            6176 kB
HighTotal:             0 kB
HighFree:              0 kB
LowTotal:         482068 kB
LowFree:            6816 kB
SwapTotal:             0 kB
SwapFree:              0 kB
Dirty:                 0 kB
Writeback:             0 kB
AnonPages:        307444 kB
Mapped:            83548 kB
Shmem:              3412 kB
Slab:              22200 kB
SReclaimable:       5012 kB
SUnreclaim:        17188 kB
KernelStack:        5984 kB
PageTables:         7556 kB
NFS_Unstable:          0 kB
Bounce:                0 kB
WritebackTmp:          0 kB
CommitLimit:      241032 kB
Committed_AS:    4071912 kB
VmallocTotal:     507904 kB
VmallocUsed:      130552 kB
VmallocChunk:     112576 kB
1557585250.000000
MemTotal:         482068 kB
MemFree:            6072 kB
Buffers:             584 kB
Cached:            65964 kB
SwapCached:            0 kB
Active:           337336 kB
Inactive:          34736 kB
Active(anon):     306880 kB
Inactive(anon):     3312 kB
Active(file):      30456 kB
Inactive(file):    31424 kB
Unevictable:        2028 kB
Mlocked:            6176 kB
HighTotal:             0 kB
HighFree:              0 kB
LowTotal:         482068 kB
LowFree:            6072 kB
SwapTotal:             0 kB
SwapFree:              0 kB
Dirty:                 0 kB
Writeback:             0 kB
AnonPages:        307500 kB
Mapped:            83740 kB
Shmem:              3412 kB
Slab:              22212 kB
SReclaimable:       5012 kB
SUnreclaim:        17200 kB
KernelStack:        5984 kB
PageTables:         7560 kB
NFS_Unstable:          0 kB
Bounce:                0 kB
WritebackTmp:          0 kB
CommitLimit:      241032 kB
Committed_AS:    4071964 kB
VmallocTotal:     507904 kB
VmallocUsed:      130552 kB
VmallocChunk:     112576 kB
1557585251.000000
MemTotal:         482068 kB
MemFree:            4576 kB
Buffers:             608 kB
Cached:            65876 kB
SwapCached:            0 kB
Active:           338676 kB
Inactive:          34612 kB
Active(anon):     308168 kB
Inactive(anon):     3312 kB
Active(file):      30508 kB
Inactive(file):    31300 kB
Unevictable:        2028 kB
Mlocked:            6176 kB
HighTotal:             0 kB
HighFree:              0 kB
LowTotal:         482068 kB
LowFree:            4576 kB
SwapTotal:             0 kB
SwapFree:              0 kB
Dirty:                 0 kB
Writeback:             0 kB
AnonPages:        308852 kB
Mapped:            83520 kB
Shmem:              3412 kB
Slab:              22192 kB
SReclaimable:       5012 kB
SUnreclaim:        17180 kB
KernelStack:        5984 kB
PageTables:         7556 kB
NFS_Unstable:          0 kB
Bounce:                0 kB
WritebackTmp:          0 kB
CommitLimit:      241032 kB
Committed_AS:    4074024 kB
VmallocTotal:     507904 kB
VmallocUsed:      130552 kB
VmallocChunk:     112576 kB
1557585252.000000
MemTotal:         482068 kB
MemFree:            4532 kB
Buffers:             728 kB
Cached:            65856 kB
SwapCached:            0 kB
Active:           338716 kB
Inactive:          34740 kB
Active(anon):     308200 kB
Inactive(anon):     3312 kB
Active(file):      30516 kB
Inactive(file):    31428 kB
Unevictable:        2028 kB
Mlocked:            6176 kB
HighTotal:             0 kB
HighFree:              0 kB
LowTotal:         482068 kB
LowFree:            4532 kB
SwapTotal:             0 kB
SwapFree:              0 kB
Dirty:                28 kB
Writeback:             0 kB
AnonPages:        308920 kB
Mapped:            83540 kB
Shmem:              3412 kB
Slab:              22192 kB
SReclaimable:       5012 kB
SUnreclaim:        17180 kB
KernelStack:        5984 kB
PageTables:         7556 kB
NFS_Unstable:          0 kB
Bounce:                0 kB
WritebackTmp:          0 kB
CommitLimit:      241032 kB
Committed_AS:    4074024 kB
VmallocTotal:     507904 kB
VmallocUsed:      130552 kB
VmallocChunk:     112576 kB
1557585253.000000
MemTotal:         482068 kB
MemFree:            4452 kB
Buffers:             728 kB
Cached:            65900 kB
SwapCached:            0 kB
Active:           338860 kB
Inactive:          34752 kB
Active(anon):     308340 kB
Inactive(anon):     3312 kB
Active(file):      30520 kB
Inactive(file):    31440 kB
Unevictable:        2028 kB
Mlocked:            6176 kB
HighTotal:             0 kB
HighFree:              0 kB
LowTotal:         482068 kB
LowFree:            4452 kB
SwapTotal:             0 kB
SwapFree:              0 kB
Dirty:                28 kB
Writeback:             0 kB
AnonPages:        308936 kB
Mapped:            83540 kB
Shmem:              3412 kB
Slab:              22148 kB
SReclaimable:       5012 kB
SUnreclaim:        17136 kB
KernelStack:        5984 kB
PageTables:         7564 kB
NFS_Unstable:          0 kB
Bounce:                0 kB
WritebackTmp:          0 kB
CommitLimit:      241032 kB
Committed_AS:    4074024 kB
VmallocTotal:     507904 kB
VmallocUsed:      130552 kB
VmallocChunk:     112576 kB
1557585254.000000
MemTotal:         482068 kB
MemFree:            4484 kB
Buffers:             728 kB
Cached:            65900 kB
SwapCached:            0 kB
Active:           338868 kB
Inactive:          34748 kB
Active(anon):     308348 kB
Inactive(anon):     3308 kB
Active(file):      30520 kB
Inactive(file):    31440 kB
Unevictable:        2028 kB
Mlocked:            6176 kB
HighTotal:             0 kB
HighFree:              0 kB
LowTotal:         482068 kB
LowFree:            4484 kB
SwapTotal:             0 kB
SwapFree:              0 kB
Dirty:                28 kB
Writeback:             0 kB
AnonPages:        309064 kB
Mapped:            83568 kB
Shmem:              3412 kB
Slab:              22180 kB
SReclaimable:       5012 kB
SUnreclaim:        17168 kB
KernelStack:        5984 kB
PageTables:         7548 kB
NFS_Unstable:          0 kB
Bounce:                0 kB
WritebackTmp:          0 kB
CommitLimit:      241032 kB
Committed_AS:    4074024 kB
VmallocTotal:     507904 kB
VmallocUsed:      130552 kB
VmallocChunk:     112576 kB
1557585254.000000
MemTotal:         482068 kB
MemFree:            4260 kB
Buffers:             728 kB
Cached:            64380 kB
SwapCached:            0 kB
Active:           339808 kB
Inactive:          33604 kB
Active(anon):     309672 kB
Inactive(anon):     3308 kB
Active(file):      30136 kB
Inactive(file):    30296 kB
Unevictable:        2028 kB
Mlocked:            6176 kB
HighTotal:             0 kB
HighFree:              0 kB
LowTotal:         482068 kB
LowFree:            4260 kB
SwapTotal:             0 kB
SwapFree:              0 kB
Dirty:                 0 kB
Writeback:             0 kB
AnonPages:        310420 kB
Mapped:            82432 kB
Shmem:              3412 kB
Slab:              22160 kB
SReclaimable:       5012 kB
SUnreclaim:        17148 kB
KernelStack:        5984 kB
PageTables:         7572 kB
NFS_Unstable:          0 kB
Bounce:                0 kB
WritebackTmp:          0 kB
CommitLimit:      241032 kB
Committed_AS:    4074032 kB
VmallocTotal:     507904 kB
VmallocUsed:      130552 kB
VmallocChunk:     112576 kB
1557585256.000000
MemTotal:         482068 kB
MemFree:            4584 kB
Buffers:             728 kB
Cached:            64176 kB
SwapCached:            0 kB
Active:           339980 kB
Inactive:          33512 kB
Active(anon):     309956 kB
Inactive(anon):     3304 kB
Active(file):      30024 kB
Inactive(file):    30208 kB
Unevictable:        2028 kB
Mlocked:            6176 kB
HighTotal:             0 kB
HighFree:              0 kB
LowTotal:         482068 kB
LowFree:            4584 kB
SwapTotal:             0 kB
SwapFree:              0 kB
Dirty:                 0 kB
Writeback:             0 kB
AnonPages:        310600 kB
Mapped:            82392 kB
Shmem:              3416 kB
Slab:              22180 kB
SReclaimable:       5012 kB
SUnreclaim:        17168 kB
KernelStack:        5992 kB
PageTables:         7572 kB
NFS_Unstable:          0 kB
Bounce:                0 kB
WritebackTmp:          0 kB
CommitLimit:      241032 kB
Committed_AS:    4074028 kB
VmallocTotal:     507904 kB
VmallocUsed:      130552 kB
VmallocChunk:     112576 kB
1557585256.000000
MemTotal:         482068 kB
MemFree:            4584 kB
Buffers:             736 kB
Cached:            63932 kB
SwapCached:            0 kB
Active:           339880 kB
Inactive:          33396 kB
Active(anon):     309988 kB
Inactive(anon):     3304 kB
Active(file):      29892 kB
Inactive(file):    30092 kB
Unevictable:        2028 kB
Mlocked:            6176 kB
HighTotal:             0 kB
HighFree:              0 kB
LowTotal:         482068 kB
LowFree:            4584 kB
SwapTotal:             0 kB
SwapFree:              0 kB
Dirty:                 0 kB
Writeback:             0 kB
AnonPages:        310624 kB
Mapped:            82328 kB
Shmem:              3424 kB
Slab:              22204 kB
SReclaimable:       5012 kB
SUnreclaim:        17192 kB
KernelStack:        5992 kB
PageTables:         7560 kB
NFS_Unstable:          0 kB
Bounce:                0 kB
WritebackTmp:          0 kB
CommitLimit:      241032 kB
Committed_AS:    4074028 kB
VmallocTotal:     507904 kB
VmallocUsed:      130552 kB
VmallocChunk:     112576 kB
1557585257.000000
MemTotal:         482068 kB
MemFree:            4988 kB
Buffers:             736 kB
Cached:            64032 kB
SwapCached:            0 kB
Active:           339592 kB
Inactive:          33500 kB
Active(anon):     309700 kB
Inactive(anon):     3304 kB
Active(file):      29892 kB
Inactive(file):    30196 kB
Unevictable:        2028 kB
Mlocked:            6176 kB
HighTotal:             0 kB
HighFree:              0 kB
LowTotal:         482068 kB
LowFree:            4988 kB
SwapTotal:             0 kB
SwapFree:              0 kB
Dirty:                 0 kB
Writeback:             0 kB
AnonPages:        310340 kB
Mapped:            82360 kB
Shmem:              3424 kB
Slab:              22212 kB
SReclaimable:       5012 kB
SUnreclaim:        17200 kB
KernelStack:        5992 kB
PageTables:         7528 kB
NFS_Unstable:          0 kB
Bounce:                0 kB
WritebackTmp:          0 kB
CommitLimit:      241032 kB
Committed_AS:    4074028 kB
VmallocTotal:     507904 kB
VmallocUsed:      130552 kB
VmallocChunk:     112576 kB
1557585258.000000
MemTotal:         482068 kB
MemFree:            4732 kB
Buffers:             736 kB
Cached:            63504 kB
SwapCached:            0 kB
Active:           340184 kB
Inactive:          33112 kB
Active(anon):     310412 kB
Inactive(anon):     3304 kB
Active(file):      29772 kB
Inactive(file):    29808 kB
Unevictable:        2028 kB
Mlocked:            6176 kB
HighTotal:             0 kB
HighFree:              0 kB
LowTotal:         482068 kB
LowFree:            4732 kB
SwapTotal:             0 kB
SwapFree:              0 kB
Dirty:                28 kB
Writeback:             0 kB
AnonPages:        311140 kB
Mapped:            81900 kB
Shmem:              3424 kB
Slab:              22204 kB
SReclaimable:       5012 kB
SUnreclaim:        17192 kB
KernelStack:        5992 kB
PageTables:         7548 kB
NFS_Unstable:          0 kB
Bounce:                0 kB
WritebackTmp:          0 kB
CommitLimit:      241032 kB
Committed_AS:    4074028 kB
VmallocTotal:     507904 kB
VmallocUsed:      130552 kB
VmallocChunk:     112576 kB
1557585259.000000
MemTotal:         482068 kB
MemFree:            5020 kB
Buffers:             736 kB
Cached:            63016 kB
SwapCached:            0 kB
Active:           340168 kB
Inactive:          32892 kB
Active(anon):     310712 kB
Inactive(anon):     3304 kB
Active(file):      29456 kB
Inactive(file):    29588 kB
Unevictable:        2028 kB
Mlocked:            6176 kB
HighTotal:             0 kB
HighFree:              0 kB
LowTotal:         482068 kB
LowFree:            5020 kB
SwapTotal:             0 kB
SwapFree:              0 kB
Dirty:                28 kB
Writeback:             0 kB
AnonPages:        311380 kB
Mapped:            81456 kB
Shmem:              3424 kB
Slab:              22224 kB
SReclaimable:       5012 kB
SUnreclaim:        17212 kB
KernelStack:        5984 kB
PageTables:         7624 kB
NFS_Unstable:          0 kB
Bounce:                0 kB
WritebackTmp:          0 kB
CommitLimit:      241032 kB
Committed_AS:    4076080 kB
VmallocTotal:     507904 kB
VmallocUsed:      130552 kB
VmallocChunk:     112576 kB
1557585260.000000
MemTotal:         482068 kB
MemFree:            5452 kB
Buffers:             736 kB
Cached:            62392 kB
SwapCached:            0 kB
Active:           339848 kB
Inactive:          32680 kB
Active(anon):     310788 kB
Inactive(anon):     3304 kB
Active(file):      29060 kB
Inactive(file):    29376 kB
Unevictable:        2028 kB
Mlocked:            6176 kB
HighTotal:             0 kB
HighFree:              0 kB
LowTotal:         482068 kB
LowFree:            5452 kB
SwapTotal:             0 kB
SwapFree:              0 kB
Dirty:                28 kB
Writeback:             0 kB
AnonPages:        311496 kB
Mapped:            80704 kB
Shmem:              3424 kB
Slab:              22192 kB
SReclaimable:       5012 kB
SUnreclaim:        17180 kB
KernelStack:        5984 kB
PageTables:         7552 kB
NFS_Unstable:          0 kB
Bounce:                0 kB
WritebackTmp:          0 kB
CommitLimit:      241032 kB
Committed_AS:    4076072 kB
VmallocTotal:     507904 kB
VmallocUsed:      130552 kB
VmallocChunk:     112576 kB
1557585261.000000
MemTotal:         482068 kB
MemFree:            6080 kB
Buffers:             736 kB
Cached:            61756 kB
SwapCached:            0 kB
Active:           339676 kB
Inactive:          32244 kB
Active(anon):     310892 kB
Inactive(anon):     3304 kB
Active(file):      28784 kB
Inactive(file):    28940 kB
Unevictable:        2028 kB
Mlocked:            6176 kB
HighTotal:             0 kB
HighFree:              0 kB
LowTotal:         482068 kB
LowFree:            6080 kB
SwapTotal:             0 kB
SwapFree:              0 kB
Dirty:                 0 kB
Writeback:             0 kB
AnonPages:        311516 kB
Mapped:            79796 kB
Shmem:              3424 kB
Slab:              22208 kB
SReclaimable:       5012 kB
SUnreclaim:        17196 kB
KernelStack:        5976 kB
PageTables:         7552 kB
NFS_Unstable:          0 kB
Bounce:                0 kB
WritebackTmp:          0 kB
CommitLimit:      241032 kB
Committed_AS:    4075984 kB
VmallocTotal:     507904 kB
VmallocUsed:      130552 kB
VmallocChunk:     112576 kB
1557585262.000000
MemTotal:         482068 kB
MemFree:            6096 kB
Buffers:             736 kB
Cached:            61332 kB
SwapCached:            0 kB
Active:           340152 kB
Inactive:          32036 kB
Active(anon):     311592 kB
Inactive(anon):     3304 kB
Active(file):      28560 kB
Inactive(file):    28732 kB
Unevictable:        2028 kB
Mlocked:            6176 kB
HighTotal:             0 kB
HighFree:              0 kB
LowTotal:         482068 kB
LowFree:            6096 kB
SwapTotal:             0 kB
SwapFree:              0 kB
Dirty:                 4 kB
Writeback:             0 kB
AnonPages:        312300 kB
Mapped:            78704 kB
Shmem:              3424 kB
Slab:              22212 kB
SReclaimable:       5012 kB
SUnreclaim:        17200 kB
KernelStack:        5992 kB
PageTables:         7552 kB
NFS_Unstable:          0 kB
Bounce:                0 kB
WritebackTmp:          0 kB
CommitLimit:      241032 kB
Committed_AS:    4076084 kB
VmallocTotal:     507904 kB
VmallocUsed:      130552 kB
VmallocChunk:     112576 kB
1557585263.000000
MemTotal:         482068 kB
MemFree:            4532 kB
Buffers:             736 kB
Cached:            61404 kB
SwapCached:            0 kB
Active:           341004 kB
Inactive:          32432 kB
Active(anon):     312764 kB
Inactive(anon):     3304 kB
Active(file):      28240 kB
Inactive(file):    29128 kB
Unevictable:        2028 kB
Mlocked:            6176 kB
HighTotal:             0 kB
HighFree:              0 kB
LowTotal:         482068 kB
LowFree:            4532 kB
SwapTotal:             0 kB
SwapFree:              0 kB
Dirty:                 0 kB
Writeback:             0 kB
AnonPages:        313424 kB
Mapped:            78200 kB
Shmem:              3424 kB
Slab:              22200 kB
SReclaimable:       5012 kB
SUnreclaim:        17188 kB
KernelStack:        5992 kB
PageTables:         7576 kB
NFS_Unstable:          0 kB
Bounce:                0 kB
WritebackTmp:          0 kB
CommitLimit:      241032 kB
Committed_AS:    4077016 kB
VmallocTotal:     507904 kB
VmallocUsed:      130552 kB
VmallocChunk:     112576 kB
1557585264.000000
MemTotal:         482068 kB
MemFree:            4104 kB
Buffers:             736 kB
Cached:            61532 kB
SwapCached:            0 kB
Active:           341092 kB
Inactive:          32652 kB
Active(anon):     312852 kB
Inactive(anon):     3304 kB
Active(file):      28240 kB
Inactive(file):    29348 kB
Unevictable:        2028 kB
Mlocked:            6176 kB
HighTotal:             0 kB
HighFree:              0 kB
LowTotal:         482068 kB
LowFree:            4104 kB
SwapTotal:             0 kB
SwapFree:              0 kB
Dirty:                 0 kB
Writeback:             0 kB
AnonPages:        313556 kB
Mapped:            78192 kB
Shmem:              3424 kB
Slab:              22224 kB
SReclaimable:       5012 kB
SUnreclaim:        17212 kB
KernelStack:        5984 kB
PageTables:         7628 kB
NFS_Unstable:          0 kB
Bounce:                0 kB
WritebackTmp:          0 kB
CommitLimit:      241032 kB
Committed_AS:    4077112 kB
VmallocTotal:     507904 kB
VmallocUsed:      130552 kB
VmallocChunk:     112576 kB
1557585265.000000
MemTotal:         482068 kB
MemFree:            4376 kB
Buffers:             736 kB
Cached:            61548 kB
SwapCached:            0 kB
Active:           340956 kB
Inactive:          32664 kB
Active(anon):     312712 kB
Inactive(anon):     3304 kB
Active(file):      28244 kB
Inactive(file):    29360 kB
Unevictable:        2028 kB
Mlocked:            6176 kB
HighTotal:             0 kB
HighFree:              0 kB
LowTotal:         482068 kB
LowFree:            4376 kB
SwapTotal:             0 kB
SwapFree:              0 kB
Dirty:                 0 kB
Writeback:             0 kB
AnonPages:        313368 kB
Mapped:            78312 kB
Shmem:              3424 kB
Slab:              22176 kB
SReclaimable:       5012 kB
SUnreclaim:        17164 kB
KernelStack:        5984 kB
PageTables:         7560 kB
NFS_Unstable:          0 kB
Bounce:                0 kB
WritebackTmp:          0 kB
CommitLimit:      241032 kB
Committed_AS:    4077120 kB
VmallocTotal:     507904 kB
VmallocUsed:      130552 kB
VmallocChunk:     112576 kB
1557585266.000000
MemTotal:         482068 kB
MemFree:            3964 kB
Buffers:             736 kB
Cached:            61568 kB
SwapCached:            0 kB
Active:           341572 kB
Inactive:          32680 kB
Active(anon):     313328 kB
Inactive(anon):     3304 kB
Active(file):      28244 kB
Inactive(file):    29376 kB
Unevictable:        2028 kB
Mlocked:            6176 kB
HighTotal:             0 kB
HighFree:              0 kB
LowTotal:         482068 kB
LowFree:            3964 kB
SwapTotal:             0 kB
SwapFree:              0 kB
Dirty:                 0 kB
Writeback:             0 kB
AnonPages:        314012 kB
Mapped:            78260 kB
Shmem:              3424 kB
Slab:              22236 kB
SReclaimable:       5012 kB
SUnreclaim:        17224 kB
KernelStack:        5984 kB
PageTables:         7564 kB
NFS_Unstable:          0 kB
Bounce:                0 kB
WritebackTmp:          0 kB
CommitLimit:      241032 kB
Committed_AS:    4077120 kB
VmallocTotal:     507904 kB
VmallocUsed:      130552 kB
VmallocChunk:     112576 kB
1557585267.000000
MemTotal:         482068 kB
MemFree:            4616 kB
Buffers:             760 kB
Cached:            59424 kB
SwapCached:            0 kB
Active:           341940 kB
Inactive:          31460 kB
Active(anon):     314656 kB
Inactive(anon):     3304 kB
Active(file):      27284 kB
Inactive(file):    28156 kB
Unevictable:        2028 kB
Mlocked:            6176 kB
HighTotal:             0 kB
HighFree:              0 kB
LowTotal:         482068 kB
LowFree:            4616 kB
SwapTotal:             0 kB
SwapFree:              0 kB
Dirty:                32 kB
Writeback:             0 kB
AnonPages:        315332 kB
Mapped:            75268 kB
Shmem:              3424 kB
Slab:              22248 kB
SReclaimable:       5012 kB
SUnreclaim:        17236 kB
KernelStack:        5984 kB
PageTables:         7644 kB
NFS_Unstable:          0 kB
Bounce:                0 kB
WritebackTmp:          0 kB
CommitLimit:      241032 kB
Committed_AS:    4078144 kB
VmallocTotal:     507904 kB
VmallocUsed:      130552 kB
VmallocChunk:     112576 kB
1557585268.000000
MemTotal:         482068 kB
MemFree:            4112 kB
Buffers:             596 kB
Cached:            59888 kB
SwapCached:            0 kB
Active:           342656 kB
Inactive:          31212 kB
Active(anon):     314832 kB
Inactive(anon):     3304 kB
Active(file):      27824 kB
Inactive(file):    27908 kB
Unevictable:        2028 kB
Mlocked:            6176 kB
HighTotal:             0 kB
HighFree:              0 kB
LowTotal:         482068 kB
LowFree:            4112 kB
SwapTotal:             0 kB
SwapFree:              0 kB
Dirty:                32 kB
Writeback:             0 kB
AnonPages:        315460 kB
Mapped:            75080 kB
Shmem:              3428 kB
Slab:              22216 kB
SReclaimable:       5012 kB
SUnreclaim:        17204 kB
KernelStack:        5984 kB
PageTables:         7568 kB
NFS_Unstable:          0 kB
Bounce:                0 kB
WritebackTmp:          0 kB
CommitLimit:      241032 kB
Committed_AS:    4078156 kB
VmallocTotal:     507904 kB
VmallocUsed:      130552 kB
VmallocChunk:     112576 kB
1557585269.000000
MemTotal:         482068 kB
MemFree:            4004 kB
Buffers:             596 kB
Cached:            60024 kB
SwapCached:            0 kB
Active:           342736 kB
Inactive:          31344 kB
Active(anon):     314844 kB
Inactive(anon):     3304 kB
Active(file):      27892 kB
Inactive(file):    28040 kB
Unevictable:        2028 kB
Mlocked:            6176 kB
HighTotal:             0 kB
HighFree:              0 kB
LowTotal:         482068 kB
LowFree:            4004 kB
SwapTotal:             0 kB
SwapFree:              0 kB
Dirty:                68 kB
Writeback:             0 kB
AnonPages:        315472 kB
Mapped:            75116 kB
Shmem:              3424 kB
Slab:              22200 kB
SReclaimable:       5012 kB
SUnreclaim:        17188 kB
KernelStack:        5976 kB
PageTables:         7556 kB
NFS_Unstable:          0 kB
Bounce:                0 kB
WritebackTmp:          0 kB
CommitLimit:      241032 kB
Committed_AS:    4078156 kB
VmallocTotal:     507904 kB
VmallocUsed:      130552 kB
VmallocChunk:     112576 kB
1557585269.000000
MemTotal:         482068 kB
MemFree:            3624 kB
Buffers:             596 kB
Cached:            60124 kB
SwapCached:            0 kB
Active:           343044 kB
Inactive:          31328 kB
Active(anon):     315152 kB
Inactive(anon):     3304 kB
Active(file):      27892 kB
Inactive(file):    28024 kB
Unevictable:        2028 kB
Mlocked:            6176 kB
HighTotal:             0 kB
HighFree:              0 kB
LowTotal:         482068 kB
LowFree:            3624 kB
SwapTotal:             0 kB
SwapFree:              0 kB
Dirty:                36 kB
Writeback:             0 kB
AnonPages:        315744 kB
Mapped:            74992 kB
Shmem:              3424 kB
Slab:              22196 kB
SReclaimable:       5012 kB
SUnreclaim:        17184 kB
KernelStack:        5984 kB
PageTables:         7556 kB
NFS_Unstable:          0 kB
Bounce:                0 kB
WritebackTmp:          0 kB
CommitLimit:      241032 kB
Committed_AS:    4078156 kB
VmallocTotal:     507904 kB
VmallocUsed:      130552 kB
VmallocChunk:     112576 kB
1557585270.000000
MemTotal:         482068 kB
MemFree:            4452 kB
Buffers:             580 kB
Cached:            59560 kB
SwapCached:            0 kB
Active:           342524 kB
Inactive:          31052 kB
Active(anon):     314812 kB
Inactive(anon):     3304 kB
Active(file):      27712 kB
Inactive(file):    27748 kB
Unevictable:        2028 kB
Mlocked:            6176 kB
HighTotal:             0 kB
HighFree:              0 kB
LowTotal:         482068 kB
LowFree:            4452 kB
SwapTotal:             0 kB
SwapFree:              0 kB
Dirty:                36 kB
Writeback:             0 kB
AnonPages:        315440 kB
Mapped:            74652 kB
Shmem:              3424 kB
Slab:              22204 kB
SReclaimable:       5012 kB
SUnreclaim:        17192 kB
KernelStack:        5992 kB
PageTables:         7568 kB
NFS_Unstable:          0 kB
Bounce:                0 kB
WritebackTmp:          0 kB
CommitLimit:      241032 kB
Committed_AS:    4078264 kB
VmallocTotal:     507904 kB
VmallocUsed:      130552 kB
VmallocChunk:     112576 kB
1557585271.000000
MemTotal:         482068 kB
MemFree:            4500 kB
Buffers:             588 kB
Cached:            59804 kB
SwapCached:            0 kB
Active:           342628 kB
Inactive:          31304 kB
Active(anon):     314916 kB
Inactive(anon):     3304 kB
Active(file):      27712 kB
Inactive(file):    28000 kB
Unevictable:        2028 kB
Mlocked:            6176 kB
HighTotal:             0 kB
HighFree:              0 kB
LowTotal:         482068 kB
LowFree:            4500 kB
SwapTotal:             0 kB
SwapFree:              0 kB
Dirty:                68 kB
Writeback:             0 kB
AnonPages:        315632 kB
Mapped:            74700 kB
Shmem:              3424 kB
Slab:              22200 kB
SReclaimable:       5012 kB
SUnreclaim:        17188 kB
KernelStack:        5984 kB
PageTables:         7568 kB
NFS_Unstable:          0 kB
Bounce:                0 kB
WritebackTmp:          0 kB
CommitLimit:      241032 kB
Committed_AS:    4078292 kB
VmallocTotal:     507904 kB
VmallocUsed:      130552 kB
VmallocChunk:     112576 kB
1557585272.000000
MemTotal:         482068 kB
MemFree:            4420 kB
Buffers:             580 kB
Cached:            59736 kB
SwapCached:            0 kB
Active:           342680 kB
Inactive:          31256 kB
Active(anon):     314968 kB
Inactive(anon):     3304 kB
Active(file):      27712 kB
Inactive(file):    27952 kB
Unevictable:        2028 kB
Mlocked:            6176 kB
HighTotal:             0 kB
HighFree:              0 kB
LowTotal:         482068 kB
LowFree:            4420 kB
SwapTotal:             0 kB
SwapFree:              0 kB
Dirty:                68 kB
Writeback:             0 kB
AnonPages:        315632 kB
Mapped:            74548 kB
Shmem:              3424 kB
Slab:              22200 kB
SReclaimable:       5012 kB
SUnreclaim:        17188 kB
KernelStack:        5984 kB
PageTables:         7568 kB
NFS_Unstable:          0 kB
Bounce:                0 kB
WritebackTmp:          0 kB
CommitLimit:      241032 kB
Committed_AS:    4078276 kB
VmallocTotal:     507904 kB
VmallocUsed:      130552 kB
VmallocChunk:     112576 kB
1557585273.000000
MemTotal:         482068 kB
MemFree:            4016 kB
Buffers:             580 kB
Cached:            59760 kB
SwapCached:            0 kB
Active:           342740 kB
Inactive:          31256 kB
Active(anon):     315032 kB
Inactive(anon):     3304 kB
Active(file):      27708 kB
Inactive(file):    27952 kB
Unevictable:        2028 kB
Mlocked:            6176 kB
HighTotal:             0 kB
HighFree:              0 kB
LowTotal:         482068 kB
LowFree:            4016 kB
SwapTotal:             0 kB
SwapFree:              0 kB
Dirty:                32 kB
Writeback:             0 kB
AnonPages:        315656 kB
Mapped:            74588 kB
Shmem:              3424 kB
Slab:              22180 kB
SReclaimable:       5012 kB
SUnreclaim:        17168 kB
KernelStack:        5984 kB
PageTables:         7632 kB
NFS_Unstable:          0 kB
Bounce:                0 kB
WritebackTmp:          0 kB
CommitLimit:      241032 kB
Committed_AS:    4078352 kB
VmallocTotal:     507904 kB
VmallocUsed:      130552 kB
VmallocChunk:     112576 kB
1557585274.000000
MemTotal:         482068 kB
MemFree:            3768 kB
Buffers:             580 kB
Cached:            59836 kB
SwapCached:            0 kB
Active:           342864 kB
Inactive:          31308 kB
Active(anon):     315156 kB
Inactive(anon):     3304 kB
Active(file):      27708 kB
Inactive(file):    28004 kB
Unevictable:        2028 kB
Mlocked:            6176 kB
HighTotal:             0 kB
HighFree:              0 kB
LowTotal:         482068 kB
LowFree:            3768 kB
SwapTotal:             0 kB
SwapFree:              0 kB
Dirty:                32 kB
Writeback:             0 kB
AnonPages:        315824 kB
Mapped:            74588 kB
Shmem:              3424 kB
Slab:              22204 kB
SReclaimable:       5012 kB
SUnreclaim:        17192 kB
KernelStack:        5984 kB
PageTables:         7580 kB
NFS_Unstable:          0 kB
Bounce:                0 kB
WritebackTmp:          0 kB
CommitLimit:      241032 kB
Committed_AS:    4078408 kB
VmallocTotal:     507904 kB
VmallocUsed:      130552 kB
VmallocChunk:     112576 kB
1557585275.000000
MemTotal:         482068 kB
MemFree:            4256 kB
Buffers:             580 kB
Cached:            58924 kB
SwapCached:            0 kB
Active:           342992 kB
Inactive:          30724 kB
Active(anon):     315612 kB
Inactive(anon):     3304 kB
Active(file):      27380 kB
Inactive(file):    27420 kB
Unevictable:        2028 kB
Mlocked:            6176 kB
HighTotal:             0 kB
HighFree:              0 kB
LowTotal:         482068 kB
LowFree:            4256 kB
SwapTotal:             0 kB
SwapFree:              0 kB
Dirty:                32 kB
Writeback:             0 kB
AnonPages:        316244 kB
Mapped:            74272 kB
Shmem:              3424 kB
Slab:              22208 kB
SReclaimable:       5012 kB
SUnreclaim:        17196 kB
KernelStack:        5992 kB
PageTables:         7580 kB
NFS_Unstable:          0 kB
Bounce:                0 kB
WritebackTmp:          0 kB
CommitLimit:      241032 kB
Committed_AS:    4078460 kB
VmallocTotal:     507904 kB
VmallocUsed:      130552 kB
VmallocChunk:     112576 kB
1557585276.000000
MemTotal:         482068 kB
MemFree:            5528 kB
Buffers:             580 kB
Cached:            58528 kB
SwapCached:            0 kB
Active:           341792 kB
Inactive:          30524 kB
Active(anon):     314580 kB
Inactive(anon):     3304 kB
Active(file):      27212 kB
Inactive(file):    27220 kB
Unevictable:        2028 kB
Mlocked:            6176 kB
HighTotal:             0 kB
HighFree:              0 kB
LowTotal:         482068 kB
LowFree:            5528 kB
SwapTotal:             0 kB
SwapFree:              0 kB
Dirty:                 0 kB
Writeback:             0 kB
AnonPages:        315268 kB
Mapped:            73840 kB
Shmem:              3424 kB
Slab:              22224 kB
SReclaimable:       5012 kB
SUnreclaim:        17212 kB
KernelStack:        5992 kB
PageTables:         7572 kB
NFS_Unstable:          0 kB
Bounce:                0 kB
WritebackTmp:          0 kB
CommitLimit:      241032 kB
Committed_AS:    4078404 kB
VmallocTotal:     507904 kB
VmallocUsed:      130552 kB
VmallocChunk:     112576 kB
1557585277.000000
MemTotal:         482068 kB
MemFree:            5496 kB
Buffers:             580 kB
Cached:            58524 kB
SwapCached:            0 kB
Active:           341788 kB
Inactive:          30528 kB
Active(anon):     314588 kB
Inactive(anon):     3304 kB
Active(file):      27200 kB
Inactive(file):    27224 kB
Unevictable:        2028 kB
Mlocked:            6176 kB
HighTotal:             0 kB
HighFree:              0 kB
LowTotal:         482068 kB
LowFree:            5496 kB
SwapTotal:             0 kB
SwapFree:              0 kB
Dirty:                 0 kB
Writeback:             0 kB
AnonPages:        315268 kB
Mapped:            73856 kB
Shmem:              3424 kB
Slab:              22244 kB
SReclaimable:       5012 kB
SUnreclaim:        17232 kB
KernelStack:        5992 kB
PageTables:         7560 kB
NFS_Unstable:          0 kB
Bounce:                0 kB
WritebackTmp:          0 kB
CommitLimit:      241032 kB
Committed_AS:    4078528 kB
VmallocTotal:     507904 kB
VmallocUsed:      130552 kB
VmallocChunk:     112576 kB
1557585277.000000
MemTotal:         482068 kB
MemFree:            6020 kB
Buffers:             556 kB
Cached:            58228 kB
SwapCached:            0 kB
Active:           341832 kB
Inactive:          30436 kB
Active(anon):     314868 kB
Inactive(anon):     3344 kB
Active(file):      26964 kB
Inactive(file):    27092 kB
Unevictable:        2028 kB
Mlocked:            6176 kB
HighTotal:             0 kB
HighFree:              0 kB
LowTotal:         482068 kB
LowFree:            6020 kB
SwapTotal:             0 kB
SwapFree:              0 kB
Dirty:                 0 kB
Writeback:             0 kB
AnonPages:        315560 kB
Mapped:            73584 kB
Shmem:              3472 kB
Slab:              22232 kB
SReclaimable:       5012 kB
SUnreclaim:        17220 kB
KernelStack:        5992 kB
PageTables:         7560 kB
NFS_Unstable:          0 kB
Bounce:                0 kB
WritebackTmp:          0 kB
CommitLimit:      241032 kB
Committed_AS:    4078560 kB
VmallocTotal:     507904 kB
VmallocUsed:      130552 kB
VmallocChunk:     112576 kB
1557585278.000000
MemTotal:         482068 kB
MemFree:            5780 kB
Buffers:             548 kB
Cached:            57976 kB
SwapCached:            0 kB
Active:           341680 kB
Inactive:          30396 kB
Active(anon):     314960 kB
Inactive(anon):     3344 kB
Active(file):      26720 kB
Inactive(file):    27052 kB
Unevictable:        2028 kB
Mlocked:            6176 kB
HighTotal:             0 kB
HighFree:              0 kB
LowTotal:         482068 kB
LowFree:            5780 kB
SwapTotal:             0 kB
SwapFree:              0 kB
Dirty:                 0 kB
Writeback:             0 kB
AnonPages:        315576 kB
Mapped:            73304 kB
Shmem:              3472 kB
Slab:              22232 kB
SReclaimable:       5012 kB
SUnreclaim:        17220 kB
KernelStack:        5992 kB
PageTables:         7560 kB
NFS_Unstable:          0 kB
Bounce:                0 kB
WritebackTmp:          0 kB
CommitLimit:      241032 kB
Committed_AS:    4079620 kB
VmallocTotal:     507904 kB
VmallocUsed:      130552 kB
VmallocChunk:     112576 kB
1557585279.000000
MemTotal:         482068 kB
MemFree:            6528 kB
Buffers:             524 kB
Cached:            57696 kB
SwapCached:            0 kB
Active:           341612 kB
Inactive:          30180 kB
Active(anon):     315012 kB
Inactive(anon):     3344 kB
Active(file):      26600 kB
Inactive(file):    26836 kB
Unevictable:        2028 kB
Mlocked:            6176 kB
HighTotal:             0 kB
HighFree:              0 kB
LowTotal:         482068 kB
LowFree:            6528 kB
SwapTotal:             0 kB
SwapFree:              0 kB
Dirty:                 0 kB
Writeback:             0 kB
AnonPages:        315728 kB
Mapped:            72848 kB
Shmem:              3472 kB
Slab:              22232 kB
SReclaimable:       5012 kB
SUnreclaim:        17220 kB
KernelStack:        5992 kB
PageTables:         7560 kB
NFS_Unstable:          0 kB
Bounce:                0 kB
WritebackTmp:          0 kB
CommitLimit:      241032 kB
Committed_AS:    4079556 kB
VmallocTotal:     507904 kB
VmallocUsed:      130552 kB
VmallocChunk:     112576 kB
1557585280.000000
MemTotal:         482068 kB
MemFree:            7140 kB
Buffers:             524 kB
Cached:            57664 kB
SwapCached:            0 kB
Active:           340516 kB
Inactive:          30204 kB
Active(anon):     313916 kB
Inactive(anon):     3344 kB
Active(file):      26600 kB
Inactive(file):    26860 kB
Unevictable:        2028 kB
Mlocked:            6176 kB
HighTotal:             0 kB
HighFree:              0 kB
LowTotal:         482068 kB
LowFree:            7140 kB
SwapTotal:             0 kB
SwapFree:              0 kB
Dirty:                 0 kB
Writeback:             0 kB
AnonPages:        314640 kB
Mapped:            72864 kB
Shmem:              3472 kB
Slab:              22236 kB
SReclaimable:       5012 kB
SUnreclaim:        17224 kB
KernelStack:        5992 kB
PageTables:         7560 kB
NFS_Unstable:          0 kB
Bounce:                0 kB
WritebackTmp:          0 kB
CommitLimit:      241032 kB
Committed_AS:    4079600 kB
VmallocTotal:     507904 kB
VmallocUsed:      130552 kB
VmallocChunk:     112576 kB
1557585281.000000
MemTotal:         482068 kB
MemFree:            6876 kB
Buffers:             524 kB
Cached:            57772 kB
SwapCached:            0 kB
Active:           340756 kB
Inactive:          30284 kB
Active(anon):     314156 kB
Inactive(anon):     3340 kB
Active(file):      26600 kB
Inactive(file):    26944 kB
Unevictable:        2028 kB
Mlocked:            6176 kB
HighTotal:             0 kB
HighFree:              0 kB
LowTotal:         482068 kB
LowFree:            6876 kB
SwapTotal:             0 kB
SwapFree:              0 kB
Dirty:                 0 kB
Writeback:             0 kB
AnonPages:        314788 kB
Mapped:            72956 kB
Shmem:              3472 kB
Slab:              22268 kB
SReclaimable:       5012 kB
SUnreclaim:        17256 kB
KernelStack:        5984 kB
PageTables:         7560 kB
NFS_Unstable:          0 kB
Bounce:                0 kB
WritebackTmp:          0 kB
CommitLimit:      241032 kB
Committed_AS:    4079628 kB
VmallocTotal:     507904 kB
VmallocUsed:      130552 kB
VmallocChunk:     112576 kB
1557585282.000000
MemTotal:         482068 kB
MemFree:            6916 kB
Buffers:             524 kB
Cached:            57344 kB
SwapCached:            0 kB
Active:           340784 kB
Inactive:          29888 kB
Active(anon):     314240 kB
Inactive(anon):     3340 kB
Active(file):      26544 kB
Inactive(file):    26548 kB
Unevictable:        2028 kB
Mlocked:            6176 kB
HighTotal:             0 kB
HighFree:              0 kB
LowTotal:         482068 kB
LowFree:            6916 kB
SwapTotal:             0 kB
SwapFree:              0 kB
Dirty:                 0 kB
Writeback:             0 kB
AnonPages:        314916 kB
Mapped:            72648 kB
Shmem:              3472 kB
Slab:              22220 kB
SReclaimable:       5012 kB
SUnreclaim:        17208 kB
KernelStack:        5992 kB
PageTables:         7576 kB
NFS_Unstable:          0 kB
Bounce:                0 kB
WritebackTmp:          0 kB
CommitLimit:      241032 kB
Committed_AS:    4079628 kB
VmallocTotal:     507904 kB
VmallocUsed:      130552 kB
VmallocChunk:     112576 kB
1557585283.000000
MemTotal:         482068 kB
MemFree:            6908 kB
Buffers:             524 kB
Cached:            57396 kB
SwapCached:            0 kB
Active:           340936 kB
Inactive:          29920 kB
Active(anon):     314392 kB
Inactive(anon):     3340 kB
Active(file):      26544 kB
Inactive(file):    26580 kB
Unevictable:        2028 kB
Mlocked:            6176 kB
HighTotal:             0 kB
HighFree:              0 kB
LowTotal:         482068 kB
LowFree:            6908 kB
SwapTotal:             0 kB
SwapFree:              0 kB
Dirty:                 0 kB
Writeback:             0 kB
AnonPages:        315056 kB
Mapped:            72480 kB
Shmem:              3472 kB
Slab:              22208 kB
SReclaimable:       5012 kB
SUnreclaim:        17196 kB
KernelStack:        5992 kB
PageTables:         7572 kB
NFS_Unstable:          0 kB
Bounce:                0 kB
WritebackTmp:          0 kB
CommitLimit:      241032 kB
Committed_AS:    4079628 kB
VmallocTotal:     507904 kB
VmallocUsed:      130552 kB
VmallocChunk:     112576 kB
1557585284.000000
MemTotal:         482068 kB
MemFree:           13108 kB
Buffers:             524 kB
Cached:            57252 kB
SwapCached:            0 kB
Active:           334612 kB
Inactive:          29964 kB
Active(anon):     308220 kB
Inactive(anon):     3340 kB
Active(file):      26392 kB
Inactive(file):    26624 kB
Unevictable:        2028 kB
Mlocked:            6176 kB
HighTotal:             0 kB
HighFree:              0 kB
LowTotal:         482068 kB
LowFree:           13108 kB
SwapTotal:             0 kB
SwapFree:              0 kB
Dirty:                 0 kB
Writeback:             0 kB
AnonPages:        308860 kB
Mapped:            72412 kB
Shmem:              3472 kB
Slab:              22232 kB
SReclaimable:       5012 kB
SUnreclaim:        17220 kB
KernelStack:        5992 kB
PageTables:         7572 kB
NFS_Unstable:          0 kB
Bounce:                0 kB
WritebackTmp:          0 kB
CommitLimit:      241032 kB
Committed_AS:    4079836 kB
VmallocTotal:     507904 kB
VmallocUsed:      130552 kB
VmallocChunk:     112576 kB
1557585285.000000
MemTotal:         482068 kB
MemFree:           13860 kB
Buffers:             524 kB
Cached:            57324 kB
SwapCached:            0 kB
Active:           333820 kB
Inactive:          30064 kB
Active(anon):     307428 kB
Inactive(anon):     3344 kB
Active(file):      26392 kB
Inactive(file):    26720 kB
Unevictable:        2028 kB
Mlocked:            6176 kB
HighTotal:             0 kB
HighFree:              0 kB
LowTotal:         482068 kB
LowFree:           13860 kB
SwapTotal:             0 kB
SwapFree:              0 kB
Dirty:                 0 kB
Writeback:             0 kB
AnonPages:        307980 kB
Mapped:            72432 kB
Shmem:              3480 kB
Slab:              22268 kB
SReclaimable:       5012 kB
SUnreclaim:        17256 kB
KernelStack:        5992 kB
PageTables:         7568 kB
NFS_Unstable:          0 kB
Bounce:                0 kB
WritebackTmp:          0 kB
CommitLimit:      241032 kB
Committed_AS:    4077152 kB
VmallocTotal:     507904 kB
VmallocUsed:      130552 kB
VmallocChunk:     112576 kB
1557585286.000000
MemTotal:         482068 kB
MemFree:           14952 kB
Buffers:             524 kB
Cached:            57328 kB
SwapCached:            0 kB
Active:           332776 kB
Inactive:          30064 kB
Active(anon):     306384 kB
Inactive(anon):     3344 kB
Active(file):      26392 kB
Inactive(file):    26720 kB
Unevictable:        2028 kB
Mlocked:            6176 kB
HighTotal:             0 kB
HighFree:              0 kB
LowTotal:         482068 kB
LowFree:           14952 kB
SwapTotal:             0 kB
SwapFree:              0 kB
Dirty:                 0 kB
Writeback:             0 kB
AnonPages:        307044 kB
Mapped:            72436 kB
Shmem:              3484 kB
Slab:              22256 kB
SReclaimable:       5012 kB
SUnreclaim:        17244 kB
KernelStack:        5992 kB
PageTables:         7576 kB
NFS_Unstable:          0 kB
Bounce:                0 kB
WritebackTmp:          0 kB
CommitLimit:      241032 kB
Committed_AS:    4077224 kB
VmallocTotal:     507904 kB
VmallocUsed:      130552 kB
VmallocChunk:     112576 kB
1557585287.000000
MemTotal:         482068 kB
MemFree:           14836 kB
Buffers:             524 kB
Cached:            57404 kB
SwapCached:            0 kB
Active:           332860 kB
Inactive:          30116 kB
Active(anon):     306468 kB
Inactive(anon):     3344 kB
Active(file):      26392 kB
Inactive(file):    26772 kB
Unevictable:        2028 kB
Mlocked:            6176 kB
HighTotal:             0 kB
HighFree:              0 kB
LowTotal:         482068 kB
LowFree:           14836 kB
SwapTotal:             0 kB
SwapFree:              0 kB
Dirty:                 0 kB
Writeback:             0 kB
AnonPages:        307024 kB
Mapped:            72436 kB
Shmem:              3484 kB
Slab:              22232 kB
SReclaimable:       5012 kB
SUnreclaim:        17220 kB
KernelStack:        5992 kB
PageTables:         7572 kB
NFS_Unstable:          0 kB
Bounce:                0 kB
WritebackTmp:          0 kB
CommitLimit:      241032 kB
Committed_AS:    4077112 kB
VmallocTotal:     507904 kB
VmallocUsed:      130552 kB
VmallocChunk:     112576 kB
1557585288.000000
MemTotal:         482068 kB
MemFree:           14712 kB
Buffers:             524 kB
Cached:            57424 kB
SwapCached:            0 kB
Active:           332988 kB
Inactive:          30156 kB
Active(anon):     306596 kB
Inactive(anon):     3360 kB
Active(file):      26392 kB
Inactive(file):    26796 kB
Unevictable:        2028 kB
Mlocked:            6176 kB
HighTotal:             0 kB
HighFree:              0 kB
LowTotal:         482068 kB
LowFree:           14712 kB
SwapTotal:             0 kB
SwapFree:              0 kB
Dirty:                 0 kB
Writeback:             0 kB
