MemTotal:        1899508 kB
MemFree:           67624 kB
Buffers:            1248 kB
Cached:           263712 kB
SwapCached:            0 kB
Active:          1436788 kB
Inactive:         184696 kB
Active(anon):    1359836 kB
Inactive(anon):     2360 kB
Active(file):      76952 kB
Inactive(file):   182336 kB
Unevictable:        1940 kB
Mlocked:               0 kB
HighTotal:       1158144 kB
HighFree:           9548 kB
LowTotal:         741364 kB
LowFree:           58076 kB
SwapTotal:             0 kB
SwapFree:              0 kB
Dirty:                 0 kB
Writeback:             0 kB
AnonPages:       1358540 kB
Mapped:           124268 kB
Shmem:              3716 kB
Slab:              33696 kB
SReclaimable:      12000 kB
SUnreclaim:        21696 kB
KernelStack:        6672 kB
PageTables:        13840 kB
NFS_Unstable:          0 kB
Bounce:                0 kB
WritebackTmp:          0 kB
CommitLimit:      949752 kB
Committed_AS:   17023912 kB
VmallocTotal:     245760 kB
VmallocUsed:       55220 kB
VmallocChunk:      75648 kB
1557661741.064847
MemTotal:        1899508 kB
MemFree:           67400 kB
Buffers:            1248 kB
Cached:           263712 kB
SwapCached:            0 kB
Active:          1436876 kB
Inactive:         184712 kB
Active(anon):    1359924 kB
Inactive(anon):     2360 kB
Active(file):      76952 kB
Inactive(file):   182352 kB
Unevictable:        1940 kB
Mlocked:               0 kB
HighTotal:       1158144 kB
HighFree:           9456 kB
LowTotal:         741364 kB
LowFree:           57944 kB
SwapTotal:             0 kB
SwapFree:              0 kB
Dirty:                 0 kB
Writeback:             0 kB
AnonPages:       1358620 kB
Mapped:           124252 kB
Shmem:              3716 kB
Slab:              33692 kB
SReclaimable:      12000 kB
SUnreclaim:        21692 kB
KernelStack:        6720 kB
PageTables:        13888 kB
NFS_Unstable:          0 kB
Bounce:                0 kB
WritebackTmp:          0 kB
CommitLimit:      949752 kB
Committed_AS:   17024192 kB
VmallocTotal:     245760 kB
VmallocUsed:       55220 kB
VmallocChunk:      75648 kB
1557661741.759241
MemTotal:        1899508 kB
MemFree:           67844 kB
Buffers:            1248 kB
Cached:           263712 kB
SwapCached:            0 kB
Active:          1436708 kB
Inactive:         184712 kB
Active(anon):    1359756 kB
Inactive(anon):     2360 kB
Active(file):      76952 kB
Inactive(file):   182352 kB
Unevictable:        1940 kB
Mlocked:               0 kB
HighTotal:       1158144 kB
HighFree:           9828 kB
LowTotal:         741364 kB
LowFree:           58016 kB
SwapTotal:             0 kB
SwapFree:              0 kB
Dirty:                 0 kB
Writeback:             0 kB
AnonPages:       1358496 kB
Mapped:           124252 kB
Shmem:              3716 kB
Slab:              33692 kB
SReclaimable:      12000 kB
SUnreclaim:        21692 kB
KernelStack:        6720 kB
PageTables:        13888 kB
NFS_Unstable:          0 kB
Bounce:                0 kB
WritebackTmp:          0 kB
CommitLimit:      949752 kB
Committed_AS:   17024192 kB
VmallocTotal:     245760 kB
VmallocUsed:       55220 kB
VmallocChunk:      75648 kB
1557661742.461564
MemTotal:        1899508 kB
MemFree:           67460 kB
Buffers:            1248 kB
Cached:           263712 kB
SwapCached:            0 kB
Active:          1436872 kB
Inactive:         184712 kB
Active(anon):    1359920 kB
Inactive(anon):     2360 kB
Active(file):      76952 kB
Inactive(file):   182352 kB
Unevictable:        1940 kB
Mlocked:               0 kB
HighTotal:       1158144 kB
HighFree:           9252 kB
LowTotal:         741364 kB
LowFree:           58208 kB
SwapTotal:             0 kB
SwapFree:              0 kB
Dirty:                 0 kB
Writeback:             0 kB
AnonPages:       1358572 kB
Mapped:           124268 kB
Shmem:              3716 kB
Slab:              33692 kB
SReclaimable:      12000 kB
SUnreclaim:        21692 kB
KernelStack:        6688 kB
PageTables:        13860 kB
NFS_Unstable:          0 kB
Bounce:                0 kB
WritebackTmp:          0 kB
CommitLimit:      949752 kB
Committed_AS:   17024308 kB
VmallocTotal:     245760 kB
VmallocUsed:       55220 kB
VmallocChunk:      75648 kB
1557661743.155459
MemTotal:        1899508 kB
MemFree:           67520 kB
Buffers:            1248 kB
Cached:           263828 kB
SwapCached:            0 kB
Active:          1436956 kB
Inactive:         184824 kB
Active(anon):    1360004 kB
Inactive(anon):     2360 kB
Active(file):      76952 kB
Inactive(file):   182464 kB
Unevictable:        1940 kB
Mlocked:               0 kB
HighTotal:       1158144 kB
HighFree:           9428 kB
LowTotal:         741364 kB
LowFree:           58092 kB
SwapTotal:             0 kB
SwapFree:              0 kB
Dirty:                 0 kB
Writeback:             0 kB
AnonPages:       1358648 kB
Mapped:           124268 kB
Shmem:              3716 kB
Slab:              33692 kB
SReclaimable:      12000 kB
SUnreclaim:        21692 kB
KernelStack:        6656 kB
PageTables:        13920 kB
NFS_Unstable:          0 kB
Bounce:                0 kB
WritebackTmp:          0 kB
CommitLimit:      949752 kB
Committed_AS:   17025352 kB
VmallocTotal:     245760 kB
VmallocUsed:       55220 kB
VmallocChunk:      75648 kB
1557661743.862252
MemTotal:        1899508 kB
MemFree:           67204 kB
Buffers:            1248 kB
Cached:           263828 kB
SwapCached:            0 kB
Active:          1436968 kB
Inactive:         184828 kB
Active(anon):    1360016 kB
Inactive(anon):     2360 kB
Active(file):      76952 kB
Inactive(file):   182468 kB
Unevictable:        1940 kB
Mlocked:               0 kB
HighTotal:       1158144 kB
HighFree:           9088 kB
LowTotal:         741364 kB
LowFree:           58116 kB
SwapTotal:             0 kB
SwapFree:              0 kB
Dirty:                 0 kB
Writeback:             0 kB
AnonPages:       1358628 kB
Mapped:           124260 kB
Shmem:              3716 kB
Slab:              33692 kB
SReclaimable:      12000 kB
SUnreclaim:        21692 kB
KernelStack:        6688 kB
PageTables:        13856 kB
NFS_Unstable:          0 kB
Bounce:                0 kB
WritebackTmp:          0 kB
CommitLimit:      949752 kB
Committed_AS:   17025352 kB
VmallocTotal:     245760 kB
VmallocUsed:       55220 kB
VmallocChunk:      75648 kB
1557661744.592506
MemTotal:        1899508 kB
MemFree:           67272 kB
Buffers:            1248 kB
Cached:           264076 kB
SwapCached:            0 kB
Active:          1437052 kB
Inactive:         185080 kB
Active(anon):    1360100 kB
Inactive(anon):     2360 kB
Active(file):      76952 kB
Inactive(file):   182720 kB
Unevictable:        1940 kB
Mlocked:               0 kB
HighTotal:       1158144 kB
HighFree:           9140 kB
LowTotal:         741364 kB
LowFree:           58132 kB
SwapTotal:             0 kB
SwapFree:              0 kB
Dirty:                 0 kB
Writeback:             0 kB
AnonPages:       1358876 kB
Mapped:           123464 kB
Shmem:              3716 kB
Slab:              33692 kB
SReclaimable:      12000 kB
SUnreclaim:        21692 kB
KernelStack:        6688 kB
PageTables:        13856 kB
NFS_Unstable:          0 kB
Bounce:                0 kB
WritebackTmp:          0 kB
CommitLimit:      949752 kB
Committed_AS:   17026512 kB
VmallocTotal:     245760 kB
VmallocUsed:       55220 kB
VmallocChunk:      75648 kB
1557661745.313657
MemTotal:        1899508 kB
MemFree:           67032 kB
Buffers:            1248 kB
Cached:           264084 kB
SwapCached:            0 kB
Active:          1437112 kB
Inactive:         185008 kB
Active(anon):    1360084 kB
Inactive(anon):     2360 kB
Active(file):      77028 kB
Inactive(file):   182648 kB
Unevictable:        1940 kB
Mlocked:               0 kB
HighTotal:       1158144 kB
HighFree:           8908 kB
LowTotal:         741364 kB
LowFree:           58124 kB
SwapTotal:             0 kB
SwapFree:              0 kB
Dirty:                 0 kB
Writeback:             0 kB
AnonPages:       1358796 kB
Mapped:           123460 kB
Shmem:              3716 kB
Slab:              33692 kB
SReclaimable:      12000 kB
SUnreclaim:        21692 kB
KernelStack:        6680 kB
PageTables:        13844 kB
NFS_Unstable:          0 kB
Bounce:                0 kB
WritebackTmp:          0 kB
CommitLimit:      949752 kB
Committed_AS:   17026524 kB
VmallocTotal:     245760 kB
VmallocUsed:       55220 kB
VmallocChunk:      75648 kB
1557661746.062084
MemTotal:        1899508 kB
MemFree:           67736 kB
Buffers:            1248 kB
Cached:           264084 kB
SwapCached:            0 kB
Active:          1436300 kB
Inactive:         185008 kB
Active(anon):    1359272 kB
Inactive(anon):     2360 kB
Active(file):      77028 kB
Inactive(file):   182648 kB
Unevictable:        1940 kB
Mlocked:               0 kB
HighTotal:       1158144 kB
HighFree:           9668 kB
LowTotal:         741364 kB
LowFree:           58068 kB
SwapTotal:             0 kB
SwapFree:              0 kB
Dirty:                 0 kB
Writeback:             0 kB
AnonPages:       1357876 kB
Mapped:           123488 kB
Shmem:              3716 kB
Slab:              33692 kB
SReclaimable:      12000 kB
SUnreclaim:        21692 kB
KernelStack:        6768 kB
PageTables:        13840 kB
NFS_Unstable:          0 kB
Bounce:                0 kB
WritebackTmp:          0 kB
CommitLimit:      949752 kB
Committed_AS:   17026512 kB
VmallocTotal:     245760 kB
VmallocUsed:       55220 kB
VmallocChunk:      75648 kB
1557661746.759234
MemTotal:        1899508 kB
MemFree:           67296 kB
Buffers:            1248 kB
Cached:           264084 kB
SwapCached:            0 kB
Active:          1436888 kB
Inactive:         185008 kB
Active(anon):    1359860 kB
Inactive(anon):     2360 kB
Active(file):      77028 kB
Inactive(file):   182648 kB
Unevictable:        1940 kB
Mlocked:               0 kB
HighTotal:       1158144 kB
HighFree:           9352 kB
LowTotal:         741364 kB
LowFree:           57944 kB
SwapTotal:             0 kB
SwapFree:              0 kB
Dirty:                 0 kB
Writeback:             0 kB
AnonPages:       1358620 kB
Mapped:           123488 kB
Shmem:              3716 kB
Slab:              33692 kB
SReclaimable:      12000 kB
SUnreclaim:        21692 kB
KernelStack:        6768 kB
PageTables:        13840 kB
NFS_Unstable:          0 kB
Bounce:                0 kB
WritebackTmp:          0 kB
CommitLimit:      949752 kB
Committed_AS:   17027612 kB
VmallocTotal:     245760 kB
VmallocUsed:       55220 kB
VmallocChunk:      75648 kB
1557661747.450629
MemTotal:        1899508 kB
MemFree:           67220 kB
Buffers:            1248 kB
Cached:           264084 kB
SwapCached:            0 kB
Active:          1436912 kB
Inactive:         185008 kB
Active(anon):    1359884 kB
Inactive(anon):     2360 kB
Active(file):      77028 kB
Inactive(file):   182648 kB
Unevictable:        1940 kB
Mlocked:               0 kB
HighTotal:       1158144 kB
HighFree:           9152 kB
LowTotal:         741364 kB
LowFree:           58068 kB
SwapTotal:             0 kB
SwapFree:              0 kB
Dirty:                 0 kB
Writeback:             0 kB
AnonPages:       1358616 kB
Mapped:           123472 kB
Shmem:              3716 kB
Slab:              33692 kB
SReclaimable:      12000 kB
SUnreclaim:        21692 kB
KernelStack:        6688 kB
PageTables:        13848 kB
NFS_Unstable:          0 kB
Bounce:                0 kB
WritebackTmp:          0 kB
CommitLimit:      949752 kB
Committed_AS:   17027672 kB
VmallocTotal:     245760 kB
VmallocUsed:       55220 kB
VmallocChunk:      75648 kB
1557661748.163961
MemTotal:        1899508 kB
MemFree:           67540 kB
Buffers:            1248 kB
Cached:           264084 kB
SwapCached:            0 kB
Active:          1436812 kB
Inactive:         185008 kB
Active(anon):    1359784 kB
Inactive(anon):     2360 kB
Active(file):      77028 kB
Inactive(file):   182648 kB
Unevictable:        1940 kB
Mlocked:               0 kB
HighTotal:       1158144 kB
HighFree:           9392 kB
LowTotal:         741364 kB
LowFree:           58148 kB
SwapTotal:             0 kB
SwapFree:              0 kB
Dirty:                 0 kB
Writeback:             0 kB
AnonPages:       1358644 kB
Mapped:           123444 kB
Shmem:              3716 kB
Slab:              33692 kB
SReclaimable:      12000 kB
SUnreclaim:        21692 kB
KernelStack:        6696 kB
PageTables:        13868 kB
NFS_Unstable:          0 kB
Bounce:                0 kB
WritebackTmp:          0 kB
CommitLimit:      949752 kB
Committed_AS:   17027672 kB
VmallocTotal:     245760 kB
VmallocUsed:       55220 kB
VmallocChunk:      75648 kB
1557661748.871182
MemTotal:        1899508 kB
MemFree:           67160 kB
Buffers:            1248 kB
Cached:           264084 kB
SwapCached:            0 kB
Active:          1436840 kB
Inactive:         185008 kB
Active(anon):    1359812 kB
Inactive(anon):     2360 kB
Active(file):      77028 kB
Inactive(file):   182648 kB
Unevictable:        1940 kB
Mlocked:               0 kB
HighTotal:       1158144 kB
HighFree:           9028 kB
LowTotal:         741364 kB
LowFree:           58132 kB
SwapTotal:             0 kB
SwapFree:              0 kB
Dirty:                 0 kB
Writeback:             0 kB
AnonPages:       1358436 kB
Mapped:           123536 kB
Shmem:              3716 kB
Slab:              33692 kB
SReclaimable:      12000 kB
SUnreclaim:        21692 kB
KernelStack:        6688 kB
PageTables:        13844 kB
NFS_Unstable:          0 kB
Bounce:                0 kB
WritebackTmp:          0 kB
CommitLimit:      949752 kB
Committed_AS:   17023944 kB
VmallocTotal:     245760 kB
VmallocUsed:       55220 kB
VmallocChunk:      75648 kB
1557661749.588279
MemTotal:        1899508 kB
MemFree:           67124 kB
Buffers:            1248 kB
Cached:           264084 kB
SwapCached:            0 kB
Active:          1436924 kB
Inactive:         185008 kB
Active(anon):    1359896 kB
Inactive(anon):     2360 kB
Active(file):      77028 kB
Inactive(file):   182648 kB
Unevictable:        1940 kB
Mlocked:               0 kB
HighTotal:       1158144 kB
HighFree:           9048 kB
LowTotal:         741364 kB
LowFree:           58076 kB
SwapTotal:             0 kB
SwapFree:              0 kB
Dirty:                 0 kB
Writeback:             0 kB
AnonPages:       1358560 kB
Mapped:           123412 kB
Shmem:              3716 kB
Slab:              33692 kB
SReclaimable:      12000 kB
SUnreclaim:        21692 kB
KernelStack:        6688 kB
PageTables:        13944 kB
NFS_Unstable:          0 kB
Bounce:                0 kB
WritebackTmp:          0 kB
CommitLimit:      949752 kB
Committed_AS:   17024072 kB
VmallocTotal:     245760 kB
VmallocUsed:       55220 kB
VmallocChunk:      75648 kB
1557661750.313660
MemTotal:        1899508 kB
MemFree:           67404 kB
Buffers:            1248 kB
Cached:           264084 kB
SwapCached:            0 kB
Active:          1436764 kB
Inactive:         185008 kB
Active(anon):    1359736 kB
Inactive(anon):     2360 kB
Active(file):      77028 kB
Inactive(file):   182648 kB
Unevictable:        1940 kB
Mlocked:               0 kB
HighTotal:       1158144 kB
HighFree:           9352 kB
LowTotal:         741364 kB
LowFree:           58052 kB
SwapTotal:             0 kB
SwapFree:              0 kB
Dirty:                 0 kB
Writeback:             0 kB
AnonPages:       1358532 kB
Mapped:           123472 kB
Shmem:              3716 kB
Slab:              33692 kB
SReclaimable:      12000 kB
SUnreclaim:        21692 kB
KernelStack:        6672 kB
PageTables:        13836 kB
NFS_Unstable:          0 kB
Bounce:                0 kB
WritebackTmp:          0 kB
CommitLimit:      949752 kB
Committed_AS:   17024072 kB
VmallocTotal:     245760 kB
VmallocUsed:       55220 kB
VmallocChunk:      75648 kB
1557661751.031048
MemTotal:        1899508 kB
MemFree:           67140 kB
Buffers:            1248 kB
Cached:           264084 kB
SwapCached:            0 kB
Active:          1436896 kB
Inactive:         185008 kB
Active(anon):    1359868 kB
Inactive(anon):     2360 kB
Active(file):      77028 kB
Inactive(file):   182648 kB
Unevictable:        1940 kB
Mlocked:               0 kB
HighTotal:       1158144 kB
HighFree:           9072 kB
LowTotal:         741364 kB
LowFree:           58068 kB
SwapTotal:             0 kB
SwapFree:              0 kB
Dirty:                 0 kB
Writeback:             0 kB
AnonPages:       1358636 kB
Mapped:           123596 kB
Shmem:              3716 kB
Slab:              33692 kB
SReclaimable:      12000 kB
SUnreclaim:        21692 kB
KernelStack:        6736 kB
PageTables:        13824 kB
NFS_Unstable:          0 kB
Bounce:                0 kB
WritebackTmp:          0 kB
CommitLimit:      949752 kB
Committed_AS:   17025160 kB
VmallocTotal:     245760 kB
VmallocUsed:       55220 kB
VmallocChunk:      75648 kB
1557661751.839868
MemTotal:        1899508 kB
MemFree:           67332 kB
Buffers:            1248 kB
Cached:           264084 kB
SwapCached:            0 kB
Active:          1436964 kB
Inactive:         185008 kB
Active(anon):    1359936 kB
Inactive(anon):     2360 kB
Active(file):      77028 kB
Inactive(file):   182648 kB
Unevictable:        1940 kB
Mlocked:               0 kB
HighTotal:       1158144 kB
HighFree:           9272 kB
LowTotal:         741364 kB
LowFree:           58060 kB
SwapTotal:             0 kB
SwapFree:              0 kB
Dirty:                 0 kB
Writeback:             0 kB
AnonPages:       1358796 kB
Mapped:           123540 kB
Shmem:              3716 kB
Slab:              33692 kB
SReclaimable:      12000 kB
SUnreclaim:        21692 kB
KernelStack:        6696 kB
PageTables:        13880 kB
NFS_Unstable:          0 kB
Bounce:                0 kB
WritebackTmp:          0 kB
CommitLimit:      949752 kB
Committed_AS:   17025304 kB
VmallocTotal:     245760 kB
VmallocUsed:       55220 kB
VmallocChunk:      75648 kB
1557661752.513643
MemTotal:        1899508 kB
MemFree:           67040 kB
Buffers:            1248 kB
Cached:           264084 kB
SwapCached:            0 kB
Active:          1437076 kB
Inactive:         185008 kB
Active(anon):    1360048 kB
Inactive(anon):     2360 kB
Active(file):      77028 kB
Inactive(file):   182648 kB
Unevictable:        1940 kB
Mlocked:               0 kB
HighTotal:       1158144 kB
HighFree:           9048 kB
LowTotal:         741364 kB
LowFree:           57992 kB
SwapTotal:             0 kB
SwapFree:              0 kB
Dirty:                 0 kB
Writeback:             0 kB
AnonPages:       1358680 kB
Mapped:           123464 kB
Shmem:              3716 kB
Slab:              33692 kB
SReclaimable:      12000 kB
SUnreclaim:        21692 kB
KernelStack:        6696 kB
PageTables:        13840 kB
NFS_Unstable:          0 kB
Bounce:                0 kB
WritebackTmp:          0 kB
CommitLimit:      949752 kB
Committed_AS:   17025304 kB
VmallocTotal:     245760 kB
VmallocUsed:       55220 kB
VmallocChunk:      75648 kB
1557661753.218715
MemTotal:        1899508 kB
MemFree:           67152 kB
Buffers:            1248 kB
Cached:           264084 kB
SwapCached:            0 kB
Active:          1437268 kB
Inactive:         185008 kB
Active(anon):    1360240 kB
Inactive(anon):     2360 kB
Active(file):      77028 kB
Inactive(file):   182648 kB
Unevictable:        1940 kB
Mlocked:               0 kB
HighTotal:       1158144 kB
HighFree:           9200 kB
LowTotal:         741364 kB
LowFree:           57952 kB
SwapTotal:             0 kB
SwapFree:              0 kB
Dirty:                 0 kB
Writeback:             0 kB
AnonPages:       1358968 kB
Mapped:           123488 kB
Shmem:              3716 kB
Slab:              33692 kB
SReclaimable:      12000 kB
SUnreclaim:        21692 kB
KernelStack:        6680 kB
PageTables:        13824 kB
NFS_Unstable:          0 kB
Bounce:                0 kB
WritebackTmp:          0 kB
CommitLimit:      949752 kB
Committed_AS:   17026476 kB
VmallocTotal:     245760 kB
VmallocUsed:       55220 kB
VmallocChunk:      75648 kB
1557661753.939388
MemTotal:        1899508 kB
MemFree:           67220 kB
Buffers:            1248 kB
Cached:           264084 kB
SwapCached:            0 kB
Active:          1436484 kB
Inactive:         185008 kB
Active(anon):    1359456 kB
Inactive(anon):     2360 kB
Active(file):      77028 kB
Inactive(file):   182648 kB
Unevictable:        1940 kB
Mlocked:               0 kB
HighTotal:       1158144 kB
HighFree:           9252 kB
LowTotal:         741364 kB
LowFree:           57968 kB
SwapTotal:             0 kB
SwapFree:              0 kB
Dirty:                 0 kB
Writeback:             0 kB
AnonPages:       1358148 kB
Mapped:           123536 kB
Shmem:              3716 kB
Slab:              33696 kB
SReclaimable:      12000 kB
SUnreclaim:        21696 kB
KernelStack:        6696 kB
PageTables:        13844 kB
NFS_Unstable:          0 kB
Bounce:                0 kB
WritebackTmp:          0 kB
CommitLimit:      949752 kB
Committed_AS:   17026428 kB
VmallocTotal:     245760 kB
VmallocUsed:       55220 kB
VmallocChunk:      75648 kB
1557661754.640113
MemTotal:        1899508 kB
MemFree:           68840 kB
Buffers:            1260 kB
Cached:           264444 kB
SwapCached:            0 kB
Active:          1435112 kB
Inactive:         185344 kB
Active(anon):    1358084 kB
Inactive(anon):     2360 kB
Active(file):      77028 kB
Inactive(file):   182984 kB
Unevictable:        1940 kB
Mlocked:               0 kB
HighTotal:       1158144 kB
HighFree:           9612 kB
LowTotal:         741364 kB
LowFree:           59228 kB
SwapTotal:             0 kB
SwapFree:              0 kB
Dirty:                 0 kB
Writeback:             0 kB
AnonPages:       1356776 kB
Mapped:           123660 kB
Shmem:              3716 kB
Slab:              33696 kB
SReclaimable:      12000 kB
SUnreclaim:        21696 kB
KernelStack:        6696 kB
PageTables:        13844 kB
NFS_Unstable:          0 kB
Bounce:                0 kB
WritebackTmp:          0 kB
CommitLimit:      949752 kB
Committed_AS:   17030328 kB
VmallocTotal:     245760 kB
VmallocUsed:       55212 kB
VmallocChunk:      75648 kB
1557661755.347986
MemTotal:        1899508 kB
MemFree:           51836 kB
Buffers:            1268 kB
Cached:           257928 kB
SwapCached:            0 kB
Active:          1440928 kB
Inactive:         176472 kB
Active(anon):    1361544 kB
Inactive(anon):     2104 kB
Active(file):      79384 kB
Inactive(file):   174368 kB
Unevictable:        1940 kB
Mlocked:               0 kB
HighTotal:       1158144 kB
HighFree:           5264 kB
LowTotal:         741364 kB
LowFree:           46572 kB
SwapTotal:             0 kB
SwapFree:              0 kB
Dirty:               112 kB
Writeback:             0 kB
AnonPages:       1360324 kB
Mapped:           126484 kB
Shmem:              3456 kB
Slab:              33696 kB
SReclaimable:      12000 kB
SUnreclaim:        21696 kB
KernelStack:        6680 kB
PageTables:        13848 kB
NFS_Unstable:          0 kB
Bounce:                0 kB
WritebackTmp:          0 kB
CommitLimit:      949752 kB
Committed_AS:   17028924 kB
VmallocTotal:     245760 kB
VmallocUsed:       55336 kB
VmallocChunk:      75648 kB
1557661756.043491
MemTotal:        1899508 kB
MemFree:           62872 kB
Buffers:            1272 kB
Cached:           262940 kB
SwapCached:            0 kB
Active:          1450604 kB
Inactive:         176700 kB
Active(anon):    1366540 kB
Inactive(anon):     2104 kB
Active(file):      84064 kB
Inactive(file):   174596 kB
Unevictable:        1940 kB
Mlocked:               0 kB
HighTotal:       1158144 kB
HighFree:           1772 kB
LowTotal:         741364 kB
LowFree:           61100 kB
SwapTotal:             0 kB
SwapFree:              0 kB
Dirty:               160 kB
Writeback:             0 kB
AnonPages:       1365340 kB
Mapped:           132572 kB
Shmem:              3456 kB
Slab:              33796 kB
SReclaimable:      12000 kB
SUnreclaim:        21796 kB
KernelStack:        6776 kB
PageTables:        14224 kB
NFS_Unstable:          0 kB
Bounce:                0 kB
WritebackTmp:          0 kB
CommitLimit:      949752 kB
Committed_AS:   17615480 kB
VmallocTotal:     245760 kB
VmallocUsed:       56228 kB
VmallocChunk:      75648 kB
1557661756.735627
MemTotal:        1899508 kB
MemFree:           44860 kB
Buffers:            1372 kB
Cached:           271016 kB
SwapCached:            0 kB
Active:          1467184 kB
Inactive:         179036 kB
Active(anon):    1377588 kB
Inactive(anon):     2104 kB
Active(file):      89596 kB
Inactive(file):   176932 kB
Unevictable:        1940 kB
Mlocked:               0 kB
HighTotal:       1158144 kB
HighFree:           1744 kB
LowTotal:         741364 kB
LowFree:           43116 kB
SwapTotal:             0 kB
SwapFree:              0 kB
Dirty:                 0 kB
Writeback:            24 kB
AnonPages:       1376304 kB
Mapped:           142704 kB
Shmem:              3456 kB
Slab:              33800 kB
SReclaimable:      12000 kB
SUnreclaim:        21800 kB
KernelStack:        6840 kB
PageTables:        14520 kB
NFS_Unstable:          0 kB
Bounce:                0 kB
WritebackTmp:          0 kB
CommitLimit:      949752 kB
Committed_AS:   17627060 kB
VmallocTotal:     245760 kB
VmallocUsed:       56396 kB
VmallocChunk:      75648 kB
1557661757.516643
MemTotal:        1899508 kB
MemFree:           48136 kB
Buffers:            1344 kB
Cached:           232404 kB
SwapCached:            0 kB
Active:          1489380 kB
Inactive:         134092 kB
Active(anon):    1393216 kB
Inactive(anon):     2108 kB
Active(file):      96164 kB
Inactive(file):   131984 kB
Unevictable:        1940 kB
Mlocked:               0 kB
HighTotal:       1158144 kB
HighFree:           3432 kB
LowTotal:         741364 kB
LowFree:           44704 kB
SwapTotal:             0 kB
SwapFree:              0 kB
Dirty:                 0 kB
Writeback:             0 kB
AnonPages:       1391788 kB
Mapped:           153032 kB
Shmem:              3460 kB
Slab:              33784 kB
SReclaimable:      12000 kB
SUnreclaim:        21784 kB
KernelStack:        6888 kB
PageTables:        14700 kB
NFS_Unstable:          0 kB
Bounce:                0 kB
WritebackTmp:          0 kB
CommitLimit:      949752 kB
Committed_AS:   17639908 kB
VmallocTotal:     245760 kB
VmallocUsed:       56468 kB
VmallocChunk:      75648 kB
1557661758.199959
MemTotal:        1899508 kB
MemFree:           44948 kB
Buffers:            1328 kB
Cached:           237856 kB
SwapCached:            0 kB
Active:          1494852 kB
Inactive:         136992 kB
Active(anon):    1396120 kB
Inactive(anon):     2108 kB
Active(file):      98732 kB
Inactive(file):   134884 kB
Unevictable:        1940 kB
Mlocked:               0 kB
HighTotal:       1158144 kB
HighFree:           1768 kB
LowTotal:         741364 kB
LowFree:           43180 kB
SwapTotal:             0 kB
SwapFree:              0 kB
Dirty:               116 kB
Writeback:             0 kB
AnonPages:       1394848 kB
Mapped:           154888 kB
Shmem:              3460 kB
Slab:              33800 kB
SReclaimable:      12000 kB
SUnreclaim:        21800 kB
KernelStack:        7032 kB
PageTables:        14668 kB
NFS_Unstable:          0 kB
Bounce:                0 kB
WritebackTmp:          0 kB
CommitLimit:      949752 kB
Committed_AS:   17642264 kB
VmallocTotal:     245760 kB
VmallocUsed:       56468 kB
VmallocChunk:      75648 kB
1557661758.884764
MemTotal:        1899508 kB
MemFree:           42528 kB
Buffers:            1392 kB
Cached:           236240 kB
SwapCached:            0 kB
Active:          1502236 kB
Inactive:         134776 kB
Active(anon):    1402848 kB
Inactive(anon):     2116 kB
Active(file):      99388 kB
Inactive(file):   132660 kB
Unevictable:        1940 kB
Mlocked:               0 kB
HighTotal:       1158144 kB
HighFree:           1780 kB
LowTotal:         741364 kB
LowFree:           40748 kB
SwapTotal:             0 kB
SwapFree:              0 kB
Dirty:               168 kB
Writeback:             0 kB
AnonPages:       1401704 kB
Mapped:           161564 kB
Shmem:              3468 kB
Slab:              33808 kB
SReclaimable:      12000 kB
SUnreclaim:        21808 kB
KernelStack:        7104 kB
PageTables:        14724 kB
NFS_Unstable:          0 kB
Bounce:                0 kB
WritebackTmp:          0 kB
CommitLimit:      949752 kB
Committed_AS:   17651008 kB
VmallocTotal:     245760 kB
VmallocUsed:       56460 kB
VmallocChunk:      75648 kB
1557661759.582643
MemTotal:        1899508 kB
MemFree:           46056 kB
Buffers:             912 kB
Cached:           215052 kB
SwapCached:            0 kB
Active:          1524904 kB
Inactive:         115960 kB
Active(anon):    1428484 kB
Inactive(anon):     2116 kB
Active(file):      96420 kB
Inactive(file):   113844 kB
Unevictable:        1940 kB
Mlocked:               0 kB
HighTotal:       1158144 kB
HighFree:           1716 kB
LowTotal:         741364 kB
LowFree:           44340 kB
SwapTotal:             0 kB
SwapFree:              0 kB
Dirty:               368 kB
Writeback:             0 kB
AnonPages:       1427472 kB
Mapped:           160344 kB
Shmem:              3468 kB
Slab:              33808 kB
SReclaimable:      12000 kB
SUnreclaim:        21808 kB
KernelStack:        7104 kB
PageTables:        14824 kB
NFS_Unstable:          0 kB
Bounce:                0 kB
WritebackTmp:          0 kB
CommitLimit:      949752 kB
Committed_AS:   17688648 kB
VmallocTotal:     245760 kB
VmallocUsed:       56460 kB
VmallocChunk:      75648 kB
1557661760.275207
MemTotal:        1899508 kB
MemFree:           48320 kB
Buffers:             916 kB
Cached:           214696 kB
SwapCached:            0 kB
Active:          1522612 kB
Inactive:         116572 kB
Active(anon):    1426852 kB
Inactive(anon):     2116 kB
Active(file):      95760 kB
Inactive(file):   114456 kB
Unevictable:        1940 kB
Mlocked:               0 kB
HighTotal:       1158144 kB
HighFree:           1892 kB
LowTotal:         741364 kB
LowFree:           46428 kB
SwapTotal:             0 kB
SwapFree:              0 kB
Dirty:               400 kB
Writeback:             0 kB
AnonPages:       1425608 kB
Mapped:           160448 kB
Shmem:              3468 kB
Slab:              33808 kB
SReclaimable:      12000 kB
SUnreclaim:        21808 kB
KernelStack:        7160 kB
PageTables:        14820 kB
NFS_Unstable:          0 kB
Bounce:                0 kB
WritebackTmp:          0 kB
CommitLimit:      949752 kB
Committed_AS:   17689412 kB
VmallocTotal:     245760 kB
VmallocUsed:       56460 kB
VmallocChunk:      75648 kB
1557661760.948127
MemTotal:        1899508 kB
MemFree:           49212 kB
Buffers:             916 kB
Cached:           213656 kB
SwapCached:            0 kB
Active:          1522048 kB
Inactive:         116064 kB
Active(anon):    1426880 kB
Inactive(anon):     2116 kB
Active(file):      95168 kB
Inactive(file):   113948 kB
Unevictable:        1940 kB
Mlocked:               0 kB
HighTotal:       1158144 kB
HighFree:           2660 kB
LowTotal:         741364 kB
LowFree:           46552 kB
SwapTotal:             0 kB
SwapFree:              0 kB
Dirty:               404 kB
Writeback:             0 kB
AnonPages:       1425584 kB
Mapped:           160460 kB
Shmem:              3468 kB
Slab:              33816 kB
SReclaimable:      12000 kB
SUnreclaim:        21816 kB
KernelStack:        7176 kB
PageTables:        14840 kB
NFS_Unstable:          0 kB
Bounce:                0 kB
WritebackTmp:          0 kB
CommitLimit:      949752 kB
Committed_AS:   17689664 kB
VmallocTotal:     245760 kB
VmallocUsed:       56460 kB
VmallocChunk:      75648 kB
1557661761.631510
MemTotal:        1899508 kB
MemFree:           52548 kB
Buffers:             916 kB
Cached:           212664 kB
SwapCached:            0 kB
Active:          1519468 kB
Inactive:         115640 kB
Active(anon):    1424744 kB
Inactive(anon):     2116 kB
Active(file):      94724 kB
Inactive(file):   113524 kB
Unevictable:        1940 kB
Mlocked:               0 kB
HighTotal:       1158144 kB
HighFree:           4020 kB
LowTotal:         741364 kB
LowFree:           48528 kB
SwapTotal:             0 kB
SwapFree:              0 kB
Dirty:               404 kB
Writeback:             0 kB
AnonPages:       1423512 kB
Mapped:           160088 kB
Shmem:              3468 kB
Slab:              33816 kB
SReclaimable:      12000 kB
SUnreclaim:        21816 kB
KernelStack:        7176 kB
PageTables:        14840 kB
NFS_Unstable:          0 kB
Bounce:                0 kB
WritebackTmp:          0 kB
CommitLimit:      949752 kB
Committed_AS:   17689672 kB
VmallocTotal:     245760 kB
VmallocUsed:       56460 kB
VmallocChunk:      75648 kB
1557661762.367506
MemTotal:        1899508 kB
MemFree:           61040 kB
Buffers:             916 kB
Cached:           212048 kB
SwapCached:            0 kB
Active:          1511288 kB
Inactive:         115320 kB
Active(anon):    1416956 kB
Inactive(anon):     2116 kB
Active(file):      94332 kB
Inactive(file):   113204 kB
Unevictable:        1940 kB
Mlocked:               0 kB
HighTotal:       1158144 kB
HighFree:           5504 kB
LowTotal:         741364 kB
LowFree:           55536 kB
SwapTotal:             0 kB
SwapFree:              0 kB
Dirty:               408 kB
Writeback:             0 kB
AnonPages:       1415848 kB
Mapped:           159908 kB
Shmem:              3468 kB
Slab:              33824 kB
SReclaimable:      12000 kB
SUnreclaim:        21824 kB
KernelStack:        7160 kB
PageTables:        14928 kB
NFS_Unstable:          0 kB
Bounce:                0 kB
WritebackTmp:          0 kB
CommitLimit:      949752 kB
Committed_AS:   17689744 kB
VmallocTotal:     245760 kB
VmallocUsed:       56460 kB
VmallocChunk:      75648 kB
1557661763.124367
MemTotal:        1899508 kB
MemFree:           62404 kB
Buffers:             916 kB
Cached:           212028 kB
SwapCached:            0 kB
Active:          1510224 kB
Inactive:         115320 kB
Active(anon):    1415892 kB
Inactive(anon):     2116 kB
Active(file):      94332 kB
Inactive(file):   113204 kB
Unevictable:        1940 kB
Mlocked:               0 kB
HighTotal:       1158144 kB
HighFree:           6712 kB
LowTotal:         741364 kB
LowFree:           55692 kB
SwapTotal:             0 kB
SwapFree:              0 kB
Dirty:               408 kB
Writeback:             0 kB
AnonPages:       1414628 kB
Mapped:           159868 kB
Shmem:              3468 kB
Slab:              33824 kB
SReclaimable:      12000 kB
SUnreclaim:        21824 kB
KernelStack:        7160 kB
PageTables:        14868 kB
NFS_Unstable:          0 kB
Bounce:                0 kB
WritebackTmp:          0 kB
CommitLimit:      949752 kB
Committed_AS:   17686796 kB
VmallocTotal:     245760 kB
VmallocUsed:       56460 kB
VmallocChunk:      75648 kB
1557661763.868310
MemTotal:        1899508 kB
MemFree:           62308 kB
Buffers:             916 kB
Cached:           212028 kB
SwapCached:            0 kB
Active:          1510208 kB
Inactive:         115320 kB
Active(anon):    1415876 kB
Inactive(anon):     2116 kB
Active(file):      94332 kB
Inactive(file):   113204 kB
Unevictable:        1940 kB
Mlocked:               0 kB
HighTotal:       1158144 kB
HighFree:           6680 kB
LowTotal:         741364 kB
LowFree:           55628 kB
SwapTotal:             0 kB
SwapFree:              0 kB
Dirty:               408 kB
Writeback:             0 kB
AnonPages:       1414560 kB
Mapped:           159932 kB
Shmem:              3468 kB
Slab:              33832 kB
SReclaimable:      12000 kB
SUnreclaim:        21832 kB
KernelStack:        7192 kB
PageTables:        14900 kB
NFS_Unstable:          0 kB
Bounce:                0 kB
WritebackTmp:          0 kB
CommitLimit:      949752 kB
Committed_AS:   17688076 kB
VmallocTotal:     245760 kB
VmallocUsed:       56460 kB
VmallocChunk:      75648 kB
1557661764.577619
MemTotal:        1899508 kB
MemFree:           41812 kB
Buffers:             924 kB
Cached:           211416 kB
SwapCached:            0 kB
Active:          1512700 kB
Inactive:         113812 kB
Active(anon):    1417600 kB
Inactive(anon):     2116 kB
Active(file):      95100 kB
Inactive(file):   111696 kB
Unevictable:        1940 kB
Mlocked:               0 kB
HighTotal:       1158144 kB
HighFree:           1424 kB
LowTotal:         741364 kB
LowFree:           40388 kB
SwapTotal:             0 kB
SwapFree:              0 kB
Dirty:                 8 kB
Writeback:             0 kB
AnonPages:       1416364 kB
Mapped:           170700 kB
Shmem:              3468 kB
Slab:              33832 kB
SReclaimable:      12000 kB
SUnreclaim:        21832 kB
KernelStack:        7192 kB
PageTables:        15000 kB
NFS_Unstable:          0 kB
Bounce:                0 kB
WritebackTmp:          0 kB
CommitLimit:      949752 kB
Committed_AS:   17689224 kB
VmallocTotal:     245760 kB
VmallocUsed:       56556 kB
VmallocChunk:      75648 kB
1557661765.269944
MemTotal:        1899508 kB
MemFree:           40436 kB
Buffers:             992 kB
Cached:           210412 kB
SwapCached:            0 kB
Active:          1521060 kB
Inactive:         108832 kB
Active(anon):    1421924 kB
Inactive(anon):     2124 kB
Active(file):      99136 kB
Inactive(file):   106708 kB
Unevictable:        1940 kB
Mlocked:               0 kB
HighTotal:       1158144 kB
HighFree:            456 kB
LowTotal:         741364 kB
LowFree:           39980 kB
SwapTotal:             0 kB
SwapFree:              0 kB
Dirty:              3844 kB
Writeback:             0 kB
AnonPages:       1420652 kB
Mapped:           169280 kB
Shmem:              3476 kB
Slab:              33820 kB
SReclaimable:      12000 kB
SUnreclaim:        21820 kB
KernelStack:        7168 kB
PageTables:        14928 kB
NFS_Unstable:          0 kB
Bounce:                0 kB
WritebackTmp:          0 kB
CommitLimit:      949752 kB
Committed_AS:   17690576 kB
VmallocTotal:     245760 kB
VmallocUsed:       56556 kB
VmallocChunk:      75648 kB
1557661765.952981
MemTotal:        1899508 kB
MemFree:           40376 kB
Buffers:            1184 kB
Cached:           207804 kB
SwapCached:            0 kB
Active:          1522360 kB
Inactive:         109100 kB
Active(anon):    1426028 kB
Inactive(anon):     2120 kB
Active(file):      96332 kB
Inactive(file):   106980 kB
Unevictable:        1940 kB
Mlocked:               0 kB
HighTotal:       1158144 kB
HighFree:            428 kB
LowTotal:         741364 kB
LowFree:           39948 kB
SwapTotal:             0 kB
SwapFree:              0 kB
Dirty:              1236 kB
Writeback:             0 kB
AnonPages:       1425088 kB
Mapped:           167664 kB
Shmem:              3480 kB
Slab:              33876 kB
SReclaimable:      12036 kB
SUnreclaim:        21840 kB
KernelStack:        7248 kB
PageTables:        14952 kB
NFS_Unstable:          0 kB
Bounce:                0 kB
WritebackTmp:          0 kB
CommitLimit:      949752 kB
Committed_AS:   17694908 kB
VmallocTotal:     245760 kB
VmallocUsed:       56556 kB
VmallocChunk:      75648 kB
1557661766.640749
MemTotal:        1899508 kB
MemFree:           48132 kB
Buffers:            1016 kB
Cached:           186360 kB
SwapCached:            0 kB
Active:          1519092 kB
Inactive:          93208 kB
Active(anon):    1428328 kB
Inactive(anon):     2120 kB
Active(file):      90764 kB
Inactive(file):    91088 kB
Unevictable:        1940 kB
Mlocked:               0 kB
HighTotal:       1158144 kB
HighFree:           2360 kB
LowTotal:         741364 kB
LowFree:           45772 kB
SwapTotal:             0 kB
SwapFree:              0 kB
Dirty:                88 kB
Writeback:             0 kB
AnonPages:       1426796 kB
Mapped:           170684 kB
Shmem:              3480 kB
Slab:              33876 kB
SReclaimable:      12036 kB
SUnreclaim:        21840 kB
KernelStack:        7112 kB
PageTables:        13752 kB
NFS_Unstable:          0 kB
Bounce:                0 kB
WritebackTmp:          0 kB
CommitLimit:      949752 kB
Committed_AS:   16007112 kB
VmallocTotal:     245760 kB
VmallocUsed:       53676 kB
VmallocChunk:      75648 kB
1557661767.332648
MemTotal:        1899508 kB
MemFree:           45212 kB
Buffers:            1068 kB
Cached:           159708 kB
SwapCached:            0 kB
Active:          1521268 kB
Inactive:          79364 kB
Active(anon):    1443264 kB
Inactive(anon):     2124 kB
Active(file):      78004 kB
Inactive(file):    77240 kB
Unevictable:        1940 kB
Mlocked:               0 kB
HighTotal:       1158144 kB
HighFree:           2416 kB
LowTotal:         741364 kB
LowFree:           42796 kB
SwapTotal:             0 kB
SwapFree:              0 kB
Dirty:               192 kB
Writeback:             0 kB
AnonPages:       1441888 kB
Mapped:           176804 kB
Shmem:              3476 kB
Slab:              33828 kB
SReclaimable:      12036 kB
SUnreclaim:        21792 kB
KernelStack:        6944 kB
PageTables:        13820 kB
NFS_Unstable:          0 kB
Bounce:                0 kB
WritebackTmp:          0 kB
CommitLimit:      949752 kB
Committed_AS:   16024932 kB
VmallocTotal:     245760 kB
VmallocUsed:       53868 kB
VmallocChunk:      75648 kB
1557661768.078193
MemTotal:        1899508 kB
MemFree:           40872 kB
Buffers:             964 kB
Cached:           164240 kB
SwapCached:            0 kB
Active:          1522948 kB
Inactive:          82716 kB
Active(anon):    1443976 kB
Inactive(anon):     2124 kB
Active(file):      78972 kB
Inactive(file):    80592 kB
Unevictable:        1940 kB
Mlocked:               0 kB
HighTotal:       1158144 kB
HighFree:            888 kB
LowTotal:         741364 kB
LowFree:           39984 kB
SwapTotal:             0 kB
SwapFree:              0 kB
Dirty:                 0 kB
Writeback:             0 kB
AnonPages:       1442872 kB
Mapped:           177380 kB
Shmem:              3476 kB
Slab:              33796 kB
SReclaimable:      12036 kB
SUnreclaim:        21760 kB
KernelStack:        7088 kB
PageTables:        13840 kB
NFS_Unstable:          0 kB
Bounce:                0 kB
WritebackTmp:          0 kB
CommitLimit:      949752 kB
Committed_AS:   16025860 kB
VmallocTotal:     245760 kB
VmallocUsed:       53868 kB
VmallocChunk:      75648 kB
1557661768.751474
MemTotal:        1899508 kB
MemFree:           41852 kB
Buffers:             892 kB
Cached:           161524 kB
SwapCached:            0 kB
Active:          1525016 kB
Inactive:          80444 kB
Active(anon):    1446548 kB
Inactive(anon):     2124 kB
Active(file):      78468 kB
Inactive(file):    78320 kB
Unevictable:        1940 kB
Mlocked:               0 kB
HighTotal:       1158144 kB
HighFree:           1636 kB
LowTotal:         741364 kB
LowFree:           40216 kB
SwapTotal:             0 kB
SwapFree:              0 kB
Dirty:                 0 kB
Writeback:             0 kB
AnonPages:       1445440 kB
Mapped:           176512 kB
Shmem:              3476 kB
Slab:              33796 kB
SReclaimable:      12036 kB
SUnreclaim:        21760 kB
KernelStack:        7088 kB
PageTables:        13840 kB
NFS_Unstable:          0 kB
Bounce:                0 kB
WritebackTmp:          0 kB
CommitLimit:      949752 kB
Committed_AS:   16031056 kB
VmallocTotal:     245760 kB
VmallocUsed:       53868 kB
VmallocChunk:      75648 kB
1557661769.437604
MemTotal:        1899508 kB
MemFree:           40268 kB
Buffers:             880 kB
Cached:           152756 kB
SwapCached:            0 kB
Active:          1527196 kB
Inactive:          75124 kB
Active(anon):    1452072 kB
Inactive(anon):     2124 kB
Active(file):      75124 kB
Inactive(file):    73000 kB
Unevictable:        1940 kB
Mlocked:               0 kB
HighTotal:       1158144 kB
HighFree:            984 kB
LowTotal:         741364 kB
LowFree:           39284 kB
SwapTotal:             0 kB
SwapFree:              0 kB
Dirty:                 0 kB
Writeback:             0 kB
AnonPages:       1450688 kB
Mapped:           168976 kB
Shmem:              3476 kB
Slab:              33760 kB
SReclaimable:      12036 kB
SUnreclaim:        21724 kB
KernelStack:        7128 kB
PageTables:        14216 kB
NFS_Unstable:          0 kB
Bounce:                0 kB
WritebackTmp:          0 kB
CommitLimit:      949752 kB
Committed_AS:   16625988 kB
VmallocTotal:     245760 kB
VmallocUsed:       57312 kB
VmallocChunk:      75648 kB
1557661770.224838
MemTotal:        1899508 kB
MemFree:           63924 kB
Buffers:             440 kB
Cached:           130604 kB
SwapCached:            0 kB
Active:          1478008 kB
Inactive:          63044 kB
Active(anon):    1413648 kB
Inactive(anon):     2120 kB
Active(file):      64360 kB
Inactive(file):    60924 kB
Unevictable:        1940 kB
Mlocked:               0 kB
HighTotal:       1158144 kB
HighFree:          19836 kB
LowTotal:         741364 kB
LowFree:           44088 kB
SwapTotal:             0 kB
SwapFree:              0 kB
Dirty:                 0 kB
Writeback:           100 kB
AnonPages:       1412416 kB
Mapped:           142660 kB
Shmem:              3496 kB
Slab:              33696 kB
SReclaimable:      12036 kB
SUnreclaim:        21660 kB
KernelStack:        6360 kB
PageTables:        11888 kB
NFS_Unstable:          0 kB
Bounce:                0 kB
WritebackTmp:          0 kB
CommitLimit:      949752 kB
Committed_AS:   12439600 kB
VmallocTotal:     245760 kB
VmallocUsed:       52024 kB
VmallocChunk:      75648 kB
1557661770.832203
MemTotal:        1899508 kB
MemFree:           60040 kB
Buffers:             704 kB
Cached:           137296 kB
SwapCached:            0 kB
Active:          1481276 kB
Inactive:          67172 kB
Active(anon):    1413848 kB
Inactive(anon):     2280 kB
Active(file):      67428 kB
Inactive(file):    64892 kB
Unevictable:        1940 kB
Mlocked:               0 kB
HighTotal:       1158144 kB
HighFree:          12452 kB
LowTotal:         741364 kB
LowFree:           47588 kB
SwapTotal:             0 kB
SwapFree:              0 kB
Dirty:                88 kB
Writeback:           108 kB
AnonPages:       1412664 kB
Mapped:           142816 kB
Shmem:              3584 kB
Slab:              33652 kB
SReclaimable:      12036 kB
SUnreclaim:        21616 kB
KernelStack:        6080 kB
PageTables:        11712 kB
NFS_Unstable:          0 kB
Bounce:                0 kB
WritebackTmp:          0 kB
CommitLimit:      949752 kB
Committed_AS:   12409608 kB
VmallocTotal:     245760 kB
VmallocUsed:       49600 kB
VmallocChunk:      75648 kB
1557661771.519332
MemTotal:        1899508 kB
MemFree:           54440 kB
Buffers:             824 kB
Cached:           139984 kB
SwapCached:            0 kB
Active:          1486324 kB
Inactive:          68000 kB
Active(anon):    1416904 kB
Inactive(anon):     2124 kB
Active(file):      69420 kB
Inactive(file):    65876 kB
Unevictable:        1940 kB
Mlocked:               0 kB
HighTotal:       1158144 kB
HighFree:           6924 kB
LowTotal:         741364 kB
LowFree:           47516 kB
SwapTotal:             0 kB
SwapFree:              0 kB
Dirty:               108 kB
Writeback:             0 kB
AnonPages:       1415796 kB
Mapped:           141732 kB
Shmem:              3520 kB
Slab:              33640 kB
SReclaimable:      12036 kB
SUnreclaim:        21604 kB
KernelStack:        6264 kB
PageTables:        11736 kB
NFS_Unstable:          0 kB
Bounce:                0 kB
WritebackTmp:          0 kB
CommitLimit:      949752 kB
Committed_AS:   12411484 kB
VmallocTotal:     245760 kB
VmallocUsed:       49600 kB
VmallocChunk:      75648 kB
1557661772.195681
MemTotal:        1899508 kB
MemFree:           55916 kB
Buffers:             824 kB
Cached:           139064 kB
SwapCached:            0 kB
Active:          1486100 kB
Inactive:          67412 kB
Active(anon):    1416916 kB
Inactive(anon):     2120 kB
Active(file):      69184 kB
Inactive(file):    65292 kB
Unevictable:        1940 kB
Mlocked:               0 kB
HighTotal:       1158144 kB
HighFree:           8440 kB
LowTotal:         741364 kB
LowFree:           47476 kB
SwapTotal:             0 kB
SwapFree:              0 kB
Dirty:               140 kB
Writeback:             0 kB
AnonPages:       1415772 kB
Mapped:           141784 kB
Shmem:              3472 kB
Slab:              33640 kB
SReclaimable:      12036 kB
SUnreclaim:        21604 kB
KernelStack:        6120 kB
PageTables:        11696 kB
NFS_Unstable:          0 kB
Bounce:                0 kB
WritebackTmp:          0 kB
CommitLimit:      949752 kB
Committed_AS:   12411488 kB
VmallocTotal:     245760 kB
VmallocUsed:       49600 kB
VmallocChunk:      75648 kB
1557661772.885670
MemTotal:        1899508 kB
MemFree:           57320 kB
Buffers:             840 kB
Cached:           138156 kB
SwapCached:            0 kB
Active:          1485600 kB
Inactive:          67124 kB
Active(anon):    1416964 kB
Inactive(anon):     2120 kB
Active(file):      68636 kB
Inactive(file):    65004 kB
Unevictable:        1940 kB
Mlocked:               0 kB
HighTotal:       1158144 kB
HighFree:           9844 kB
LowTotal:         741364 kB
LowFree:           47476 kB
SwapTotal:             0 kB
SwapFree:              0 kB
Dirty:               172 kB
Writeback:             0 kB
AnonPages:       1415580 kB
Mapped:           141644 kB
Shmem:              3472 kB
Slab:              33640 kB
SReclaimable:      12036 kB
SUnreclaim:        21604 kB
KernelStack:        6136 kB
PageTables:        11708 kB
NFS_Unstable:          0 kB
Bounce:                0 kB
WritebackTmp:          0 kB
CommitLimit:      949752 kB
Committed_AS:   12407252 kB
VmallocTotal:     245760 kB
VmallocUsed:       49600 kB
VmallocChunk:      75648 kB
1557661773.573418
MemTotal:        1899508 kB
MemFree:           55012 kB
Buffers:             840 kB
Cached:           138032 kB
SwapCached:            0 kB
Active:          1489548 kB
Inactive:          66972 kB
Active(anon):    1420912 kB
Inactive(anon):     2120 kB
Active(file):      68636 kB
Inactive(file):    64852 kB
Unevictable:        1940 kB
Mlocked:               0 kB
HighTotal:       1158144 kB
HighFree:           7388 kB
LowTotal:         741364 kB
LowFree:           47624 kB
SwapTotal:             0 kB
SwapFree:              0 kB
Dirty:               172 kB
Writeback:             0 kB
AnonPages:       1419672 kB
Mapped:           141644 kB
Shmem:              3472 kB
Slab:              33640 kB
SReclaimable:      12036 kB
SUnreclaim:        21604 kB
KernelStack:        6136 kB
PageTables:        11708 kB
NFS_Unstable:          0 kB
Bounce:                0 kB
WritebackTmp:          0 kB
CommitLimit:      949752 kB
Committed_AS:   12413444 kB
VmallocTotal:     245760 kB
VmallocUsed:       49600 kB
VmallocChunk:      75648 kB
1557661774.271375
MemTotal:        1899508 kB
MemFree:           44384 kB
Buffers:             832 kB
Cached:           133244 kB
SwapCached:            0 kB
Active:          1490920 kB
Inactive:          66236 kB
Active(anon):    1426532 kB
Inactive(anon):     2120 kB
Active(file):      64388 kB
Inactive(file):    64116 kB
Unevictable:        1940 kB
Mlocked:               0 kB
HighTotal:       1158144 kB
HighFree:           4304 kB
LowTotal:         741364 kB
LowFree:           40080 kB
SwapTotal:             0 kB
SwapFree:              0 kB
Dirty:                72 kB
Writeback:           100 kB
AnonPages:       1425160 kB
Mapped:           138576 kB
Shmem:              3472 kB
Slab:              33640 kB
SReclaimable:      12036 kB
SUnreclaim:        21604 kB
KernelStack:        6192 kB
PageTables:        12316 kB
NFS_Unstable:          0 kB
Bounce:                0 kB
WritebackTmp:          0 kB
CommitLimit:      949752 kB
Committed_AS:   13031108 kB
VmallocTotal:     245760 kB
VmallocUsed:       53044 kB
VmallocChunk:      75648 kB
1557661775.174233
MemTotal:        1899508 kB
MemFree:           46484 kB
Buffers:             848 kB
Cached:           131944 kB
SwapCached:            0 kB
Active:          1489584 kB
Inactive:          65768 kB
Active(anon):    1425960 kB
Inactive(anon):     2156 kB
Active(file):      63624 kB
Inactive(file):    63612 kB
Unevictable:        1940 kB
Mlocked:               0 kB
HighTotal:       1158144 kB
HighFree:           5536 kB
LowTotal:         741364 kB
LowFree:           40948 kB
SwapTotal:             0 kB
SwapFree:              0 kB
Dirty:                36 kB
Writeback:             0 kB
AnonPages:       1424676 kB
Mapped:           138140 kB
Shmem:              3520 kB
Slab:              33656 kB
SReclaimable:      12036 kB
SUnreclaim:        21620 kB
KernelStack:        6256 kB
PageTables:        12328 kB
NFS_Unstable:          0 kB
Bounce:                0 kB
WritebackTmp:          0 kB
CommitLimit:      949752 kB
Committed_AS:   13031492 kB
VmallocTotal:     245760 kB
VmallocUsed:       53044 kB
VmallocChunk:      75648 kB
1557661775.747780
MemTotal:        1899508 kB
MemFree:           49988 kB
Buffers:             848 kB
Cached:           130924 kB
SwapCached:            0 kB
Active:          1487648 kB
Inactive:          65196 kB
Active(anon):    1424448 kB
Inactive(anon):     2156 kB
Active(file):      63200 kB
Inactive(file):    63040 kB
Unevictable:        1940 kB
Mlocked:               0 kB
HighTotal:       1158144 kB
HighFree:           7664 kB
LowTotal:         741364 kB
LowFree:           42324 kB
SwapTotal:             0 kB
SwapFree:              0 kB
Dirty:                36 kB
Writeback:             0 kB
AnonPages:       1423312 kB
Mapped:           136972 kB
Shmem:              3520 kB
Slab:              33656 kB
SReclaimable:      12036 kB
SUnreclaim:        21620 kB
KernelStack:        6256 kB
PageTables:        12028 kB
NFS_Unstable:          0 kB
Bounce:                0 kB
WritebackTmp:          0 kB
CommitLimit:      949752 kB
Committed_AS:   12464300 kB
VmallocTotal:     245760 kB
VmallocUsed:       52024 kB
VmallocChunk:      75648 kB
1557661776.319755
MemTotal:        1899508 kB
MemFree:           46268 kB
Buffers:             936 kB
Cached:           130380 kB
SwapCached:            0 kB
Active:          1491836 kB
Inactive:          65032 kB
Active(anon):    1429052 kB
Inactive(anon):     2340 kB
Active(file):      62784 kB
Inactive(file):    62692 kB
Unevictable:        1940 kB
Mlocked:               0 kB
HighTotal:       1158144 kB
HighFree:           3484 kB
LowTotal:         741364 kB
LowFree:           42784 kB
SwapTotal:             0 kB
SwapFree:              0 kB
Dirty:                40 kB
Writeback:             0 kB
AnonPages:       1427784 kB
Mapped:           136300 kB
Shmem:              3756 kB
Slab:              33652 kB
SReclaimable:      12036 kB
SUnreclaim:        21616 kB
KernelStack:        6168 kB
PageTables:        11984 kB
NFS_Unstable:          0 kB
Bounce:                0 kB
WritebackTmp:          0 kB
CommitLimit:      949752 kB
Committed_AS:   12470468 kB
VmallocTotal:     245760 kB
VmallocUsed:       52024 kB
VmallocChunk:      75648 kB
1557661776.881045
MemTotal:        1899508 kB
MemFree:           47604 kB
Buffers:             944 kB
Cached:           128108 kB
SwapCached:            0 kB
Active:          1492416 kB
Inactive:          62720 kB
Active(anon):    1429472 kB
Inactive(anon):     2340 kB
Active(file):      62944 kB
Inactive(file):    60380 kB
Unevictable:        1940 kB
Mlocked:               0 kB
HighTotal:       1158144 kB
HighFree:           4016 kB
LowTotal:         741364 kB
LowFree:           43588 kB
SwapTotal:             0 kB
SwapFree:              0 kB
Dirty:                40 kB
Writeback:             0 kB
AnonPages:       1428280 kB
Mapped:           134484 kB
Shmem:              3756 kB
Slab:              33652 kB
SReclaimable:      12036 kB
SUnreclaim:        21616 kB
KernelStack:        6168 kB
PageTables:        12084 kB
NFS_Unstable:          0 kB
Bounce:                0 kB
WritebackTmp:          0 kB
CommitLimit:      949752 kB
Committed_AS:   12471316 kB
VmallocTotal:     245760 kB
VmallocUsed:       52024 kB
VmallocChunk:      75648 kB
1557661777.444576
MemTotal:        1899508 kB
MemFree:           45200 kB
Buffers:             944 kB
Cached:           127456 kB
SwapCached:            0 kB
Active:          1496236 kB
Inactive:          62100 kB
Active(anon):    1433532 kB
Inactive(anon):     2408 kB
Active(file):      62704 kB
Inactive(file):    59692 kB
Unevictable:        1940 kB
Mlocked:               0 kB
HighTotal:       1158144 kB
HighFree:           1752 kB
LowTotal:         741364 kB
LowFree:           43448 kB
SwapTotal:             0 kB
SwapFree:              0 kB
Dirty:                56 kB
Writeback:             0 kB
AnonPages:       1432196 kB
Mapped:           134272 kB
Shmem:              3800 kB
Slab:              33640 kB
SReclaimable:      12036 kB
SUnreclaim:        21604 kB
KernelStack:        6168 kB
PageTables:        11984 kB
NFS_Unstable:          0 kB
Bounce:                0 kB
WritebackTmp:          0 kB
CommitLimit:      949752 kB
Committed_AS:   12473332 kB
VmallocTotal:     245760 kB
VmallocUsed:       52024 kB
VmallocChunk:      75648 kB
1557661778.020779
MemTotal:        1899508 kB
MemFree:           46196 kB
Buffers:             960 kB
Cached:           126568 kB
SwapCached:            0 kB
Active:          1495120 kB
Inactive:          61432 kB
Active(anon):    1432472 kB
Inactive(anon):     2452 kB
Active(file):      62648 kB
Inactive(file):    58980 kB
Unevictable:        1940 kB
Mlocked:               0 kB
HighTotal:       1158144 kB
HighFree:           2812 kB
LowTotal:         741364 kB
LowFree:           43384 kB
SwapTotal:             0 kB
SwapFree:              0 kB
Dirty:                60 kB
Writeback:             0 kB
AnonPages:       1430956 kB
Mapped:           134000 kB
Shmem:              3952 kB
Slab:              33636 kB
SReclaimable:      12036 kB
SUnreclaim:        21600 kB
KernelStack:        6176 kB
PageTables:        12016 kB
NFS_Unstable:          0 kB
Bounce:                0 kB
WritebackTmp:          0 kB
CommitLimit:      949752 kB
Committed_AS:   12473328 kB
VmallocTotal:     245760 kB
VmallocUsed:       52024 kB
VmallocChunk:      75648 kB
1557661778.585854
MemTotal:        1899508 kB
MemFree:           43596 kB
Buffers:             960 kB
Cached:           125424 kB
SwapCached:            0 kB
Active:          1498748 kB
Inactive:          60760 kB
Active(anon):    1436768 kB
Inactive(anon):     2452 kB
Active(file):      61980 kB
Inactive(file):    58308 kB
Unevictable:        1940 kB
Mlocked:               0 kB
HighTotal:       1158144 kB
HighFree:           1784 kB
LowTotal:         741364 kB
LowFree:           41812 kB
SwapTotal:             0 kB
SwapFree:              0 kB
Dirty:                60 kB
Writeback:             0 kB
AnonPages:       1435092 kB
Mapped:           133876 kB
Shmem:              3952 kB
Slab:              33636 kB
SReclaimable:      12036 kB
SUnreclaim:        21600 kB
KernelStack:        6176 kB
PageTables:        12016 kB
NFS_Unstable:          0 kB
Bounce:                0 kB
WritebackTmp:          0 kB
CommitLimit:      949752 kB
Committed_AS:   12475416 kB
VmallocTotal:     245760 kB
VmallocUsed:       52024 kB
VmallocChunk:      75648 kB
1557661779.182004
MemTotal:        1899508 kB
MemFree:           80000 kB
Buffers:             976 kB
Cached:           125060 kB
SwapCached:            0 kB
Active:          1482328 kB
Inactive:          60640 kB
Active(anon):    1420380 kB
Inactive(anon):     2448 kB
Active(file):      61948 kB
Inactive(file):    58192 kB
Unevictable:        1940 kB
Mlocked:               0 kB
HighTotal:       1158144 kB
HighFree:          12416 kB
LowTotal:         741364 kB
LowFree:           67584 kB
SwapTotal:             0 kB
SwapFree:              0 kB
Dirty:                60 kB
Writeback:             0 kB
AnonPages:       1418812 kB
Mapped:           114444 kB
Shmem:              3956 kB
Slab:              33636 kB
SReclaimable:      12036 kB
SUnreclaim:        21600 kB
KernelStack:        6240 kB
PageTables:        12312 kB
NFS_Unstable:          0 kB
Bounce:                0 kB
WritebackTmp:          0 kB
CommitLimit:      949752 kB
Committed_AS:   13043464 kB
VmallocTotal:     245760 kB
VmallocUsed:       52828 kB
VmallocChunk:      75648 kB
1557661779.747897
MemTotal:        1899508 kB
MemFree:           75204 kB
Buffers:             976 kB
Cached:           125308 kB
SwapCached:            0 kB
Active:          1486628 kB
Inactive:          60724 kB
Active(anon):    1424680 kB
Inactive(anon):     2448 kB
Active(file):      61948 kB
Inactive(file):    58276 kB
Unevictable:        1940 kB
Mlocked:               0 kB
HighTotal:       1158144 kB
HighFree:           7436 kB
LowTotal:         741364 kB
LowFree:           67768 kB
SwapTotal:             0 kB
SwapFree:              0 kB
Dirty:                60 kB
Writeback:             0 kB
AnonPages:       1423052 kB
Mapped:           114444 kB
Shmem:              3956 kB
Slab:              33636 kB
SReclaimable:      12036 kB
SUnreclaim:        21600 kB
KernelStack:        6240 kB
PageTables:        12312 kB
NFS_Unstable:          0 kB
Bounce:                0 kB
WritebackTmp:          0 kB
CommitLimit:      949752 kB
Committed_AS:   13043476 kB
VmallocTotal:     245760 kB
VmallocUsed:       52828 kB
VmallocChunk:      75648 kB
1557661780.308156
MemTotal:        1899508 kB
MemFree:           71192 kB
Buffers:             996 kB
Cached:           125272 kB
SwapCached:            0 kB
Active:          1490920 kB
Inactive:          60864 kB
Active(anon):    1428968 kB
Inactive(anon):     2484 kB
Active(file):      61952 kB
Inactive(file):    58380 kB
Unevictable:        1940 kB
Mlocked:               0 kB
HighTotal:       1158144 kB
HighFree:           3296 kB
LowTotal:         741364 kB
LowFree:           67896 kB
SwapTotal:             0 kB
SwapFree:              0 kB
Dirty:                 0 kB
Writeback:             0 kB
AnonPages:       1427512 kB
Mapped:           114512 kB
Shmem:              3996 kB
Slab:              33572 kB
SReclaimable:      12036 kB
SUnreclaim:        21536 kB
KernelStack:        6240 kB
PageTables:        12316 kB
NFS_Unstable:          0 kB
Bounce:                0 kB
WritebackTmp:          0 kB
CommitLimit:      949752 kB
Committed_AS:   13043492 kB
VmallocTotal:     245760 kB
VmallocUsed:       52828 kB
VmallocChunk:      75648 kB
1557661780.886750
MemTotal:        1899508 kB
MemFree:           65636 kB
Buffers:            1012 kB
Cached:           125256 kB
SwapCached:            0 kB
Active:          1496768 kB
Inactive:          60864 kB
Active(anon):    1434816 kB
Inactive(anon):     2484 kB
Active(file):      61952 kB
Inactive(file):    58380 kB
Unevictable:        1940 kB
Mlocked:               0 kB
HighTotal:       1158144 kB
HighFree:           1772 kB
LowTotal:         741364 kB
LowFree:           63864 kB
SwapTotal:             0 kB
SwapFree:              0 kB
Dirty:                 0 kB
Writeback:             0 kB
AnonPages:       1433376 kB
Mapped:           114512 kB
Shmem:              3996 kB
Slab:              33572 kB
SReclaimable:      12036 kB
SUnreclaim:        21536 kB
KernelStack:        6240 kB
PageTables:        12316 kB
NFS_Unstable:          0 kB
Bounce:                0 kB
WritebackTmp:          0 kB
CommitLimit:      949752 kB
Committed_AS:   13043464 kB
VmallocTotal:     245760 kB
VmallocUsed:       52828 kB
VmallocChunk:      75648 kB
1557661781.453219
MemTotal:        1899508 kB
MemFree:           65708 kB
Buffers:            1028 kB
Cached:           125256 kB
SwapCached:            0 kB
Active:          1496312 kB
Inactive:          60880 kB
Active(anon):    1434360 kB
Inactive(anon):     2484 kB
Active(file):      61952 kB
Inactive(file):    58396 kB
Unevictable:        1940 kB
Mlocked:               0 kB
HighTotal:       1158144 kB
HighFree:           1768 kB
LowTotal:         741364 kB
LowFree:           63940 kB
SwapTotal:             0 kB
SwapFree:              0 kB
Dirty:                48 kB
Writeback:             0 kB
AnonPages:       1432984 kB
Mapped:           114500 kB
Shmem:              3996 kB
Slab:              33572 kB
SReclaimable:      12036 kB
SUnreclaim:        21536 kB
KernelStack:        6256 kB
PageTables:        12328 kB
NFS_Unstable:          0 kB
Bounce:                0 kB
WritebackTmp:          0 kB
CommitLimit:      949752 kB
Committed_AS:   13044308 kB
VmallocTotal:     245760 kB
VmallocUsed:       52828 kB
VmallocChunk:      75648 kB
1557661782.016746
MemTotal:        1899508 kB
MemFree:           60648 kB
Buffers:            1044 kB
Cached:           125272 kB
SwapCached:            0 kB
Active:          1501088 kB
Inactive:          60912 kB
Active(anon):    1439136 kB
Inactive(anon):     2484 kB
Active(file):      61952 kB
Inactive(file):    58428 kB
Unevictable:        1940 kB
Mlocked:               0 kB
HighTotal:       1158144 kB
HighFree:           1808 kB
LowTotal:         741364 kB
LowFree:           58840 kB
SwapTotal:             0 kB
SwapFree:              0 kB
Dirty:                48 kB
Writeback:             0 kB
AnonPages:       1437844 kB
Mapped:           114508 kB
Shmem:              3996 kB
Slab:              33444 kB
SReclaimable:      12036 kB
SUnreclaim:        21408 kB
KernelStack:        6264 kB
PageTables:        12336 kB
NFS_Unstable:          0 kB
Bounce:                0 kB
WritebackTmp:          0 kB
CommitLimit:      949752 kB
Committed_AS:   13047392 kB
VmallocTotal:     245760 kB
VmallocUsed:       52828 kB
VmallocChunk:      75648 kB
1557661782.603027
MemTotal:        1899508 kB
MemFree:           55284 kB
Buffers:            1044 kB
Cached:           125272 kB
SwapCached:            0 kB
Active:          1506664 kB
Inactive:          60912 kB
Active(anon):    1444712 kB
Inactive(anon):     2484 kB
Active(file):      61952 kB
Inactive(file):    58428 kB
Unevictable:        1940 kB
Mlocked:               0 kB
HighTotal:       1158144 kB
HighFree:           1808 kB
LowTotal:         741364 kB
LowFree:           53476 kB
SwapTotal:             0 kB
SwapFree:              0 kB
Dirty:                48 kB
Writeback:             0 kB
AnonPages:       1443344 kB
Mapped:           114508 kB
Shmem:              3996 kB
Slab:              33540 kB
SReclaimable:      12036 kB
SUnreclaim:        21504 kB
KernelStack:        6264 kB
PageTables:        12336 kB
NFS_Unstable:          0 kB
Bounce:                0 kB
WritebackTmp:          0 kB
CommitLimit:      949752 kB
Committed_AS:   13053700 kB
VmallocTotal:     245760 kB
VmallocUsed:       52828 kB
VmallocChunk:      75648 kB
1557661783.175822
MemTotal:        1899508 kB
MemFree:           50228 kB
Buffers:            1060 kB
Cached:           125388 kB
SwapCached:            0 kB
Active:          1511628 kB
Inactive:          61044 kB
Active(anon):    1449676 kB
Inactive(anon):     2484 kB
Active(file):      61952 kB
Inactive(file):    58560 kB
Unevictable:        1940 kB
Mlocked:               0 kB
HighTotal:       1158144 kB
HighFree:           1808 kB
LowTotal:         741364 kB
LowFree:           48420 kB
SwapTotal:             0 kB
SwapFree:              0 kB
Dirty:                48 kB
Writeback:             0 kB
AnonPages:       1448300 kB
Mapped:           114544 kB
Shmem:              3996 kB
Slab:              33604 kB
SReclaimable:      12036 kB
SUnreclaim:        21568 kB
KernelStack:        6248 kB
PageTables:        12332 kB
NFS_Unstable:          0 kB
Bounce:                0 kB
WritebackTmp:          0 kB
CommitLimit:      949752 kB
Committed_AS:   13057576 kB
VmallocTotal:     245760 kB
VmallocUsed:       52828 kB
VmallocChunk:      75648 kB
1557661783.770550
MemTotal:        1899508 kB
MemFree:           45548 kB
Buffers:            1076 kB
Cached:           125372 kB
SwapCached:            0 kB
Active:          1516252 kB
Inactive:          61044 kB
Active(anon):    1454300 kB
Inactive(anon):     2484 kB
Active(file):      61952 kB
Inactive(file):    58560 kB
Unevictable:        1940 kB
Mlocked:               0 kB
HighTotal:       1158144 kB
HighFree:           1808 kB
LowTotal:         741364 kB
LowFree:           43740 kB
SwapTotal:             0 kB
SwapFree:              0 kB
Dirty:                48 kB
Writeback:             0 kB
AnonPages:       1453000 kB
Mapped:           114544 kB
Shmem:              3996 kB
Slab:              33604 kB
SReclaimable:      12036 kB
SUnreclaim:        21568 kB
KernelStack:        6248 kB
PageTables:        12432 kB
NFS_Unstable:          0 kB
Bounce:                0 kB
WritebackTmp:          0 kB
CommitLimit:      949752 kB
Committed_AS:   13062684 kB
VmallocTotal:     245760 kB
VmallocUsed:       52828 kB
VmallocChunk:      75648 kB
1557661784.337707
MemTotal:        1899508 kB
MemFree:           42188 kB
Buffers:            1092 kB
Cached:           126084 kB
SwapCached:            0 kB
Active:          1519848 kB
Inactive:          60792 kB
Active(anon):    1457368 kB
Inactive(anon):     2484 kB
Active(file):      62480 kB
Inactive(file):    58308 kB
Unevictable:        1940 kB
Mlocked:               0 kB
HighTotal:       1158144 kB
HighFree:           1208 kB
LowTotal:         741364 kB
LowFree:           40980 kB
SwapTotal:             0 kB
SwapFree:              0 kB
Dirty:                48 kB
Writeback:             0 kB
AnonPages:       1455948 kB
Mapped:           114412 kB
Shmem:              3996 kB
Slab:              33764 kB
SReclaimable:      12036 kB
SUnreclaim:        21728 kB
KernelStack:        6248 kB
PageTables:        11964 kB
NFS_Unstable:          0 kB
Bounce:                0 kB
WritebackTmp:          0 kB
CommitLimit:      949752 kB
Committed_AS:   12504832 kB
VmallocTotal:     245760 kB
VmallocUsed:       51808 kB
VmallocChunk:      75648 kB
1557661784.910863
MemTotal:        1899508 kB
MemFree:           40100 kB
Buffers:            1100 kB
Cached:           124136 kB
SwapCached:            0 kB
Active:          1524948 kB
Inactive:          59192 kB
Active(anon):    1462648 kB
Inactive(anon):     2484 kB
Active(file):      62300 kB
Inactive(file):    56708 kB
Unevictable:        1940 kB
Mlocked:               0 kB
HighTotal:       1158144 kB
HighFree:            396 kB
LowTotal:         741364 kB
LowFree:           39704 kB
SwapTotal:             0 kB
SwapFree:              0 kB
Dirty:                48 kB
Writeback:             0 kB
AnonPages:       1461220 kB
Mapped:           114012 kB
Shmem:              3996 kB
Slab:              33764 kB
SReclaimable:      12036 kB
SUnreclaim:        21728 kB
KernelStack:        6248 kB
PageTables:        12064 kB
NFS_Unstable:          0 kB
Bounce:                0 kB
WritebackTmp:          0 kB
CommitLimit:      949752 kB
Committed_AS:   12507788 kB
VmallocTotal:     245760 kB
VmallocUsed:       51808 kB
VmallocChunk:      75648 kB
1557661785.489903
MemTotal:        1899508 kB
MemFree:           40568 kB
Buffers:            1116 kB
Cached:           121948 kB
SwapCached:            0 kB
Active:          1525048 kB
Inactive:          57844 kB
Active(anon):    1463320 kB
Inactive(anon):     2484 kB
Active(file):      61728 kB
Inactive(file):    55360 kB
Unevictable:        1940 kB
Mlocked:               0 kB
HighTotal:       1158144 kB
HighFree:            716 kB
LowTotal:         741364 kB
LowFree:           39852 kB
SwapTotal:             0 kB
SwapFree:              0 kB
Dirty:                 0 kB
Writeback:             0 kB
AnonPages:       1461800 kB
Mapped:           113220 kB
Shmem:              3996 kB
Slab:              33572 kB
SReclaimable:      12036 kB
SUnreclaim:        21536 kB
KernelStack:        6168 kB
PageTables:        12328 kB
NFS_Unstable:          0 kB
Bounce:                0 kB
WritebackTmp:          0 kB
CommitLimit:      949752 kB
Committed_AS:   13075268 kB
VmallocTotal:     245760 kB
VmallocUsed:       52828 kB
VmallocChunk:      75648 kB
1557661786.064543
MemTotal:        1899508 kB
MemFree:           41304 kB
Buffers:            1112 kB
Cached:           118476 kB
SwapCached:            0 kB
Active:          1527064 kB
Inactive:          55536 kB
Active(anon):    1466412 kB
Inactive(anon):     2484 kB
Active(file):      60652 kB
Inactive(file):    53052 kB
Unevictable:        1940 kB
Mlocked:               0 kB
HighTotal:       1158144 kB
HighFree:           1336 kB
LowTotal:         741364 kB
LowFree:           39968 kB
SwapTotal:             0 kB
SwapFree:              0 kB
Dirty:                40 kB
Writeback:             0 kB
AnonPages:       1465044 kB
Mapped:           112084 kB
Shmem:              3996 kB
Slab:              33860 kB
SReclaimable:      12036 kB
SUnreclaim:        21824 kB
KernelStack:        6184 kB
PageTables:        12048 kB
NFS_Unstable:          0 kB
Bounce:                0 kB
WritebackTmp:          0 kB
CommitLimit:      949752 kB
Committed_AS:   12510188 kB
VmallocTotal:     245760 kB
VmallocUsed:       51808 kB
VmallocChunk:      75648 kB
1557661786.662712
MemTotal:        1899508 kB
MemFree:           46536 kB
Buffers:            1112 kB
Cached:           112916 kB
SwapCached:            0 kB
Active:          1523828 kB
Inactive:          53984 kB
Active(anon):    1467232 kB
Inactive(anon):     2484 kB
Active(file):      56596 kB
Inactive(file):    51500 kB
Unevictable:        1940 kB
Mlocked:               0 kB
HighTotal:       1158144 kB
HighFree:           2056 kB
LowTotal:         741364 kB
LowFree:           44480 kB
SwapTotal:             0 kB
SwapFree:              0 kB
Dirty:                40 kB
Writeback:             0 kB
AnonPages:       1465760 kB
Mapped:           108312 kB
Shmem:              3996 kB
Slab:              33764 kB
SReclaimable:      12036 kB
SUnreclaim:        21728 kB
KernelStack:        6184 kB
PageTables:        11948 kB
NFS_Unstable:          0 kB
Bounce:                0 kB
WritebackTmp:          0 kB
CommitLimit:      949752 kB
Committed_AS:   13162520 kB
VmallocTotal:     245760 kB
VmallocUsed:       51808 kB
VmallocChunk:      75648 kB
1557661787.238617
MemTotal:        1899508 kB
MemFree:           46008 kB
Buffers:            1124 kB
Cached:           111484 kB
SwapCached:            0 kB
Active:          1527532 kB
Inactive:          51832 kB
Active(anon):    1470244 kB
Inactive(anon):     2484 kB
Active(file):      57288 kB
Inactive(file):    49348 kB
Unevictable:        1940 kB
Mlocked:               0 kB
HighTotal:       1158144 kB
HighFree:           1832 kB
LowTotal:         741364 kB
LowFree:           44176 kB
SwapTotal:             0 kB
SwapFree:              0 kB
Dirty:                40 kB
Writeback:             0 kB
AnonPages:       1468992 kB
Mapped:           107784 kB
Shmem:              3996 kB
Slab:              33660 kB
SReclaimable:      12036 kB
SUnreclaim:        21624 kB
KernelStack:        6056 kB
PageTables:        11600 kB
NFS_Unstable:          0 kB
Bounce:                0 kB
WritebackTmp:          0 kB
CommitLimit:      949752 kB
Committed_AS:   11947296 kB
VmallocTotal:     245760 kB
VmallocUsed:       50788 kB
VmallocChunk:      75648 kB
1557661787.804721
MemTotal:        1899508 kB
MemFree:           44884 kB
Buffers:            1004 kB
Cached:           109292 kB
SwapCached:            0 kB
Active:          1528192 kB
Inactive:          51528 kB
Active(anon):    1473152 kB
Inactive(anon):     2484 kB
Active(file):      55040 kB
Inactive(file):    49044 kB
Unevictable:        1940 kB
Mlocked:               0 kB
HighTotal:       1158144 kB
HighFree:           1916 kB
LowTotal:         741364 kB
LowFree:           42968 kB
SwapTotal:             0 kB
SwapFree:              0 kB
Dirty:                40 kB
Writeback:             0 kB
AnonPages:       1471732 kB
Mapped:           107384 kB
Shmem:              3996 kB
Slab:              33660 kB
SReclaimable:      12036 kB
SUnreclaim:        21624 kB
KernelStack:        6056 kB
PageTables:        11600 kB
NFS_Unstable:          0 kB
Bounce:                0 kB
WritebackTmp:          0 kB
CommitLimit:      949752 kB
Committed_AS:   11957232 kB
VmallocTotal:     245760 kB
VmallocUsed:       50788 kB
VmallocChunk:      75648 kB
1557661788.380626
MemTotal:        1899508 kB
MemFree:           46000 kB
Buffers:            1004 kB
Cached:           108352 kB
SwapCached:            0 kB
Active:          1527308 kB
Inactive:          51512 kB
Active(anon):    1473116 kB
Inactive(anon):     2484 kB
Active(file):      54192 kB
Inactive(file):    49028 kB
Unevictable:        1940 kB
Mlocked:               0 kB
HighTotal:       1158144 kB
HighFree:           2736 kB
LowTotal:         741364 kB
LowFree:           43264 kB
SwapTotal:             0 kB
SwapFree:              0 kB
Dirty:                 0 kB
Writeback:             0 kB
AnonPages:       1471704 kB
Mapped:           106940 kB
Shmem:              3996 kB
Slab:              33628 kB
SReclaimable:      12036 kB
SUnreclaim:        21592 kB
KernelStack:        6072 kB
PageTables:        11640 kB
NFS_Unstable:          0 kB
Bounce:                0 kB
WritebackTmp:          0 kB
CommitLimit:      949752 kB
Committed_AS:   11957220 kB
VmallocTotal:     245760 kB
VmallocUsed:       50788 kB
VmallocChunk:      75648 kB
1557661788.950175
MemTotal:        1899508 kB
MemFree:           46248 kB
Buffers:            1004 kB
Cached:           107820 kB
SwapCached:            0 kB
Active:          1527192 kB
Inactive:          51448 kB
Active(anon):    1473236 kB
Inactive(anon):     2484 kB
Active(file):      53956 kB
Inactive(file):    48964 kB
Unevictable:        1940 kB
Mlocked:               0 kB
HighTotal:       1158144 kB
HighFree:           2972 kB
LowTotal:         741364 kB
LowFree:           43276 kB
SwapTotal:             0 kB
SwapFree:              0 kB
Dirty:                 0 kB
Writeback:             0 kB
AnonPages:       1471848 kB
Mapped:           106776 kB
Shmem:              3996 kB
Slab:              33628 kB
SReclaimable:      12036 kB
SUnreclaim:        21592 kB
KernelStack:        6040 kB
PageTables:        11672 kB
NFS_Unstable:          0 kB
Bounce:                0 kB
WritebackTmp:          0 kB
CommitLimit:      949752 kB
Committed_AS:   11957208 kB
VmallocTotal:     245760 kB
VmallocUsed:       50788 kB
VmallocChunk:      75648 kB
1557661789.515388
MemTotal:        1899508 kB
MemFree:           66540 kB
Buffers:            1004 kB
Cached:           107784 kB
SwapCached:            0 kB
Active:          1506216 kB
Inactive:          51744 kB
Active(anon):    1452932 kB
Inactive(anon):     2820 kB
Active(file):      53284 kB
Inactive(file):    48924 kB
Unevictable:        1940 kB
Mlocked:               0 kB
HighTotal:       1158144 kB
HighFree:          17516 kB
LowTotal:         741364 kB
LowFree:           49024 kB
SwapTotal:             0 kB
SwapFree:              0 kB
Dirty:                 0 kB
Writeback:             0 kB
AnonPages:       1451344 kB
Mapped:           107256 kB
Shmem:              4368 kB
Slab:              33628 kB
SReclaimable:      12036 kB
SUnreclaim:        21592 kB
KernelStack:        6056 kB
PageTables:        11612 kB
NFS_Unstable:          0 kB
Bounce:                0 kB
WritebackTmp:          0 kB
CommitLimit:      949752 kB
Committed_AS:   11963288 kB
VmallocTotal:     245760 kB
VmallocUsed:       50788 kB
VmallocChunk:      75648 kB
1557661790.083253
MemTotal:        1899508 kB
MemFree:           66208 kB
Buffers:            1004 kB
Cached:           108128 kB
SwapCached:            0 kB
Active:          1506444 kB
Inactive:          52148 kB
Active(anon):    1453100 kB
Inactive(anon):     2808 kB
Active(file):      53344 kB
Inactive(file):    49340 kB
Unevictable:        1940 kB
Mlocked:               0 kB
HighTotal:       1158144 kB
HighFree:          17308 kB
LowTotal:         741364 kB
LowFree:           48900 kB
SwapTotal:             0 kB
SwapFree:              0 kB
Dirty:                 0 kB
Writeback:             0 kB
AnonPages:       1451392 kB
Mapped:           107252 kB
Shmem:              4508 kB
Slab:              33628 kB
SReclaimable:      12036 kB
SUnreclaim:        21592 kB
KernelStack:        6072 kB
PageTables:        11652 kB
NFS_Unstable:          0 kB
Bounce:                0 kB
WritebackTmp:          0 kB
CommitLimit:      949752 kB
Committed_AS:   11963964 kB
VmallocTotal:     245760 kB
VmallocUsed:       50788 kB
VmallocChunk:      75648 kB
1557661790.658169
MemTotal:        1899508 kB
MemFree:           66912 kB
Buffers:            1004 kB
Cached:           108128 kB
SwapCached:            0 kB
Active:          1505584 kB
Inactive:          52148 kB
Active(anon):    1452240 kB
Inactive(anon):     2808 kB
Active(file):      53344 kB
Inactive(file):    49340 kB
Unevictable:        1940 kB
Mlocked:               0 kB
HighTotal:       1158144 kB
HighFree:          17852 kB
LowTotal:         741364 kB
LowFree:           49060 kB
SwapTotal:             0 kB
SwapFree:              0 kB
Dirty:                 0 kB
Writeback:             0 kB
AnonPages:       1450596 kB
Mapped:           107252 kB
Shmem:              4508 kB
Slab:              33628 kB
SReclaimable:      12036 kB
SUnreclaim:        21592 kB
KernelStack:        6072 kB
PageTables:        11652 kB
NFS_Unstable:          0 kB
Bounce:                0 kB
WritebackTmp:          0 kB
CommitLimit:      949752 kB
Committed_AS:   11963924 kB
VmallocTotal:     245760 kB
VmallocUsed:       50788 kB
VmallocChunk:      75648 kB
1557661791.231413
MemTotal:        1899508 kB
MemFree:           64656 kB
Buffers:            1004 kB
Cached:           108128 kB
SwapCached:            0 kB
Active:          1507828 kB
Inactive:          52132 kB
Active(anon):    1454484 kB
Inactive(anon):     2792 kB
Active(file):      53344 kB
Inactive(file):    49340 kB
Unevictable:        1940 kB
Mlocked:               0 kB
HighTotal:       1158144 kB
HighFree:          15484 kB
LowTotal:         741364 kB
LowFree:           49172 kB
SwapTotal:             0 kB
SwapFree:              0 kB
Dirty:                 0 kB
Writeback:             0 kB
AnonPages:       1452760 kB
Mapped:           107244 kB
Shmem:              4508 kB
Slab:              33628 kB
SReclaimable:      12036 kB
SUnreclaim:        21592 kB
KernelStack:        6056 kB
PageTables:        11636 kB
NFS_Unstable:          0 kB
Bounce:                0 kB
WritebackTmp:          0 kB
CommitLimit:      949752 kB
Committed_AS:   11964072 kB
VmallocTotal:     245760 kB
VmallocUsed:       50788 kB
VmallocChunk:      75648 kB
1557661791.811532
MemTotal:        1899508 kB
MemFree:           64368 kB
Buffers:            1020 kB
Cached:           108112 kB
SwapCached:            0 kB
Active:          1508248 kB
Inactive:          52132 kB
Active(anon):    1454904 kB
Inactive(anon):     2792 kB
Active(file):      53344 kB
Inactive(file):    49340 kB
Unevictable:        1940 kB
Mlocked:               0 kB
HighTotal:       1158144 kB
HighFree:          15248 kB
LowTotal:         741364 kB
LowFree:           49120 kB
SwapTotal:             0 kB
SwapFree:              0 kB
Dirty:                 0 kB
Writeback:             0 kB
AnonPages:       1453132 kB
Mapped:           107244 kB
Shmem:              4508 kB
Slab:              33724 kB
SReclaimable:      12036 kB
SUnreclaim:        21688 kB
KernelStack:        6056 kB
PageTables:        11636 kB
NFS_Unstable:          0 kB
Bounce:                0 kB
WritebackTmp:          0 kB
CommitLimit:      949752 kB
Committed_AS:   11964076 kB
VmallocTotal:     245760 kB
VmallocUsed:       50788 kB
VmallocChunk:      75648 kB
1557661792.400852
MemTotal:        1899508 kB
MemFree:           62272 kB
Buffers:            1020 kB
Cached:           108128 kB
SwapCached:            0 kB
Active:          1510628 kB
Inactive:          52148 kB
Active(anon):    1457284 kB
Inactive(anon):     2792 kB
Active(file):      53344 kB
Inactive(file):    49356 kB
Unevictable:        1940 kB
Mlocked:               0 kB
HighTotal:       1158144 kB
HighFree:          13028 kB
LowTotal:         741364 kB
LowFree:           49244 kB
SwapTotal:             0 kB
SwapFree:              0 kB
Dirty:                36 kB
Writeback:             0 kB
AnonPages:       1455688 kB
Mapped:           107264 kB
Shmem:              4508 kB
Slab:              33820 kB
SReclaimable:      12036 kB
SUnreclaim:        21784 kB
KernelStack:        6056 kB
PageTables:        11628 kB
NFS_Unstable:          0 kB
Bounce:                0 kB
WritebackTmp:          0 kB
CommitLimit:      949752 kB
Committed_AS:   11964812 kB
VmallocTotal:     245760 kB
VmallocUsed:       50788 kB
VmallocChunk:      75648 kB
1557661792.978648
MemTotal:        1899508 kB
MemFree:           62028 kB
Buffers:            1020 kB
Cached:           108128 kB
SwapCached:            0 kB
Active:          1510868 kB
Inactive:          52148 kB
Active(anon):    1457524 kB
Inactive(anon):     2792 kB
Active(file):      53344 kB
Inactive(file):    49356 kB
Unevictable:        1940 kB
Mlocked:               0 kB
HighTotal:       1158144 kB
HighFree:          12768 kB
LowTotal:         741364 kB
LowFree:           49260 kB
SwapTotal:             0 kB
SwapFree:              0 kB
Dirty:                36 kB
Writeback:             0 kB
AnonPages:       1455796 kB
Mapped:           107244 kB
Shmem:              4508 kB
Slab:              33820 kB
SReclaimable:      12036 kB
SUnreclaim:        21784 kB
KernelStack:        5992 kB
PageTables:        11652 kB
NFS_Unstable:          0 kB
Bounce:                0 kB
WritebackTmp:          0 kB
CommitLimit:      949752 kB
Committed_AS:   11964844 kB
VmallocTotal:     245760 kB
VmallocUsed:       50788 kB
VmallocChunk:      75648 kB
1557661793.544780
MemTotal:        1899508 kB
MemFree:           61888 kB
Buffers:            1020 kB
Cached:           108128 kB
SwapCached:            0 kB
Active:          1510940 kB
Inactive:          52148 kB
Active(anon):    1457596 kB
Inactive(anon):     2792 kB
Active(file):      53344 kB
Inactive(file):    49356 kB
Unevictable:        1940 kB
Mlocked:               0 kB
HighTotal:       1158144 kB
HighFree:          12644 kB
LowTotal:         741364 kB
LowFree:           49244 kB
SwapTotal:             0 kB
SwapFree:              0 kB
Dirty:                36 kB
Writeback:             0 kB
AnonPages:       1455716 kB
Mapped:           107268 kB
Shmem:              4508 kB
Slab:              33820 kB
SReclaimable:      12036 kB
SUnreclaim:        21784 kB
KernelStack:        6056 kB
PageTables:        11720 kB
NFS_Unstable:          0 kB
Bounce:                0 kB
WritebackTmp:          0 kB
CommitLimit:      949752 kB
Committed_AS:   11964856 kB
VmallocTotal:     245760 kB
VmallocUsed:       50788 kB
VmallocChunk:      75648 kB
1557661794.115184
MemTotal:        1899508 kB
MemFree:           61416 kB
Buffers:            1020 kB
Cached:           108192 kB
SwapCached:            0 kB
Active:          1511212 kB
Inactive:          52212 kB
Active(anon):    1457868 kB
Inactive(anon):     2792 kB
Active(file):      53344 kB
Inactive(file):    49420 kB
Unevictable:        1940 kB
Mlocked:               0 kB
HighTotal:       1158144 kB
HighFree:          12236 kB
LowTotal:         741364 kB
LowFree:           49180 kB
SwapTotal:             0 kB
SwapFree:              0 kB
Dirty:                36 kB
Writeback:             0 kB
AnonPages:       1456252 kB
Mapped:           107264 kB
Shmem:              4508 kB
Slab:              33820 kB
SReclaimable:      12036 kB
SUnreclaim:        21784 kB
KernelStack:        6072 kB
PageTables:        11640 kB
NFS_Unstable:          0 kB
Bounce:                0 kB
WritebackTmp:          0 kB
CommitLimit:      949752 kB
Committed_AS:   11965520 kB
VmallocTotal:     245760 kB
VmallocUsed:       50788 kB
VmallocChunk:      75648 kB
1557661794.693286
MemTotal:        1899508 kB
MemFree:           61508 kB
Buffers:            1020 kB
Cached:           108192 kB
SwapCached:            0 kB
Active:          1511380 kB
Inactive:          52212 kB
Active(anon):    1458036 kB
Inactive(anon):     2792 kB
Active(file):      53344 kB
Inactive(file):    49420 kB
Unevictable:        1940 kB
Mlocked:               0 kB
HighTotal:       1158144 kB
HighFree:          12436 kB
LowTotal:         741364 kB
LowFree:           49072 kB
SwapTotal:             0 kB
SwapFree:              0 kB
Dirty:                36 kB
Writeback:             0 kB
AnonPages:       1456376 kB
Mapped:           107264 kB
Shmem:              4508 kB
Slab:              33820 kB
SReclaimable:      12036 kB
SUnreclaim:        21784 kB
KernelStack:        6072 kB
PageTables:        11640 kB
NFS_Unstable:          0 kB
Bounce:                0 kB
WritebackTmp:          0 kB
CommitLimit:      949752 kB
Committed_AS:   11965496 kB
VmallocTotal:     245760 kB
VmallocUsed:       50788 kB
VmallocChunk:      75648 kB
1557661795.272360
MemTotal:        1899508 kB
MemFree:           58676 kB
Buffers:            1020 kB
Cached:           108192 kB
SwapCached:            0 kB
Active:          1513944 kB
Inactive:          52212 kB
Active(anon):    1460600 kB
Inactive(anon):     2792 kB
Active(file):      53344 kB
Inactive(file):    49420 kB
Unevictable:        1940 kB
Mlocked:               0 kB
HighTotal:       1158144 kB
HighFree:           9588 kB
LowTotal:         741364 kB
LowFree:           49088 kB
SwapTotal:             0 kB
SwapFree:              0 kB
Dirty:                36 kB
Writeback:             0 kB
AnonPages:       1458972 kB
Mapped:           107268 kB
Shmem:              4508 kB
Slab:              33820 kB
SReclaimable:      12036 kB
SUnreclaim:        21784 kB
KernelStack:        6056 kB
PageTables:        11624 kB
NFS_Unstable:          0 kB
Bounce:                0 kB
WritebackTmp:          0 kB
CommitLimit:      949752 kB
Committed_AS:   11965572 kB
VmallocTotal:     245760 kB
VmallocUsed:       50788 kB
VmallocChunk:      75648 kB
1557661795.839396
MemTotal:        1899508 kB
MemFree:           58508 kB
Buffers:            1036 kB
Cached:           108176 kB
SwapCached:            0 kB
Active:          1514112 kB
Inactive:          52212 kB
Active(anon):    1460768 kB
Inactive(anon):     2792 kB
Active(file):      53344 kB
Inactive(file):    49420 kB
Unevictable:        1940 kB
Mlocked:               0 kB
HighTotal:       1158144 kB
HighFree:           9372 kB
LowTotal:         741364 kB
LowFree:           49136 kB
SwapTotal:             0 kB
SwapFree:              0 kB
Dirty:                36 kB
Writeback:             0 kB
AnonPages:       1459096 kB
Mapped:           107268 kB
Shmem:              4508 kB
Slab:              33820 kB
SReclaimable:      12036 kB
SUnreclaim:        21784 kB
KernelStack:        6056 kB
PageTables:        11724 kB
NFS_Unstable:          0 kB
Bounce:                0 kB
WritebackTmp:          0 kB
CommitLimit:      949752 kB
Committed_AS:   11965596 kB
VmallocTotal:     245760 kB
VmallocUsed:       50788 kB
VmallocChunk:      75648 kB
1557661796.415994
MemTotal:        1899508 kB
MemFree:           55736 kB
Buffers:            1036 kB
Cached:           108192 kB
SwapCached:            0 kB
Active:          1516952 kB
Inactive:          52208 kB
Active(anon):    1463608 kB
Inactive(anon):     2772 kB
Active(file):      53344 kB
Inactive(file):    49436 kB
Unevictable:        1940 kB
Mlocked:               0 kB
HighTotal:       1158144 kB
HighFree:           6648 kB
LowTotal:         741364 kB
LowFree:           49088 kB
SwapTotal:             0 kB
SwapFree:              0 kB
Dirty:                36 kB
Writeback:             0 kB
AnonPages:       1462016 kB
Mapped:           107272 kB
Shmem:              4508 kB
Slab:              33820 kB
SReclaimable:      12036 kB
SUnreclaim:        21784 kB
KernelStack:        6056 kB
PageTables:        11628 kB
NFS_Unstable:          0 kB
Bounce:                0 kB
WritebackTmp:          0 kB
CommitLimit:      949752 kB
Committed_AS:   11966128 kB
VmallocTotal:     245760 kB
VmallocUsed:       50788 kB
VmallocChunk:      75648 kB
1557661796.984404
MemTotal:        1899508 kB
MemFree:           43108 kB
Buffers:            1036 kB
Cached:           118312 kB
SwapCached:            0 kB
Active:          1519072 kB
Inactive:          61912 kB
Active(anon):    1465500 kB
Inactive(anon):     2772 kB
Active(file):      53572 kB
Inactive(file):    59140 kB
Unevictable:        1940 kB
Mlocked:               0 kB
HighTotal:       1158144 kB
HighFree:           2432 kB
LowTotal:         741364 kB
LowFree:           40676 kB
SwapTotal:             0 kB
SwapFree:              0 kB
Dirty:                 0 kB
Writeback:             4 kB
AnonPages:       1463852 kB
Mapped:           108816 kB
Shmem:              4508 kB
Slab:              33796 kB
SReclaimable:      12036 kB
SUnreclaim:        21760 kB
KernelStack:        6048 kB
PageTables:        11956 kB
NFS_Unstable:          0 kB
Bounce:                0 kB
WritebackTmp:          0 kB
CommitLimit:      949752 kB
Committed_AS:   12533476 kB
VmallocTotal:     245760 kB
VmallocUsed:       51808 kB
VmallocChunk:      75648 kB
1557661797.556204
MemTotal:        1899508 kB
MemFree:           40068 kB
Buffers:             700 kB
Cached:           122648 kB
SwapCached:            0 kB
Active:          1522332 kB
Inactive:          64048 kB
Active(anon):    1467008 kB
Inactive(anon):     2772 kB
Active(file):      55324 kB
Inactive(file):    61276 kB
Unevictable:        1940 kB
Mlocked:               0 kB
HighTotal:       1158144 kB
HighFree:            428 kB
LowTotal:         741364 kB
LowFree:           39640 kB
SwapTotal:             0 kB
SwapFree:              0 kB
Dirty:                 0 kB
Writeback:             0 kB
AnonPages:       1465484 kB
Mapped:           111864 kB
Shmem:              4508 kB
Slab:              33796 kB
SReclaimable:      12036 kB
SUnreclaim:        21760 kB
KernelStack:        6136 kB
PageTables:        12020 kB
NFS_Unstable:          0 kB
Bounce:                0 kB
WritebackTmp:          0 kB
CommitLimit:      949752 kB
Committed_AS:   12533880 kB
VmallocTotal:     245760 kB
VmallocUsed:       51808 kB
VmallocChunk:      75648 kB
1557661798.135950
MemTotal:        1899508 kB
MemFree:           40816 kB
Buffers:             716 kB
Cached:           119724 kB
SwapCached:            0 kB
Active:          1525824 kB
Inactive:          60160 kB
Active(anon):    1469532 kB
Inactive(anon):     2772 kB
Active(file):      56292 kB
Inactive(file):    57388 kB
Unevictable:        1940 kB
Mlocked:               0 kB
HighTotal:       1158144 kB
HighFree:            836 kB
LowTotal:         741364 kB
LowFree:           39980 kB
SwapTotal:             0 kB
SwapFree:              0 kB
Dirty:                32 kB
Writeback:             0 kB
AnonPages:       1467820 kB
Mapped:           107792 kB
Shmem:              4512 kB
Slab:              33796 kB
SReclaimable:      12036 kB
SUnreclaim:        21760 kB
KernelStack:        6184 kB
PageTables:        12384 kB
NFS_Unstable:          0 kB
Bounce:                0 kB
WritebackTmp:          0 kB
CommitLimit:      949752 kB
Committed_AS:   13758248 kB
VmallocTotal:     245760 kB
VmallocUsed:       52828 kB
VmallocChunk:      75648 kB
1557661798.717368
MemTotal:        1899508 kB
MemFree:           43800 kB
Buffers:             692 kB
Cached:           114376 kB
SwapCached:            0 kB
Active:          1524616 kB
Inactive:          56320 kB
Active(anon):    1469700 kB
Inactive(anon):     2772 kB
Active(file):      54916 kB
Inactive(file):    53548 kB
Unevictable:        1940 kB
Mlocked:               0 kB
HighTotal:       1158144 kB
HighFree:           3288 kB
LowTotal:         741364 kB
LowFree:           40512 kB
SwapTotal:             0 kB
SwapFree:              0 kB
Dirty:               132 kB
Writeback:             0 kB
AnonPages:       1468044 kB
Mapped:           100164 kB
Shmem:              4512 kB
Slab:              33796 kB
SReclaimable:      12036 kB
SUnreclaim:        21760 kB
KernelStack:        6184 kB
PageTables:        12084 kB
NFS_Unstable:          0 kB
Bounce:                0 kB
WritebackTmp:          0 kB
CommitLimit:      949752 kB
Committed_AS:   12531584 kB
VmallocTotal:     245760 kB
VmallocUsed:       51808 kB
VmallocChunk:      75648 kB
1557661799.286379
MemTotal:        1899508 kB
MemFree:           42288 kB
Buffers:             692 kB
Cached:           118392 kB
SwapCached:            0 kB
Active:          1525156 kB
Inactive:          58404 kB
Active(anon):    1468504 kB
Inactive(anon):     2772 kB
Active(file):      56652 kB
Inactive(file):    55632 kB
Unevictable:        1940 kB
Mlocked:               0 kB
HighTotal:       1158144 kB
HighFree:           1880 kB
LowTotal:         741364 kB
LowFree:           40408 kB
SwapTotal:             0 kB
SwapFree:              0 kB
Dirty:                60 kB
Writeback:             0 kB
