MemTotal:        1899508 kB
MemFree:           53320 kB
Buffers:            1952 kB
Cached:           254868 kB
SwapCached:            0 kB
Active:          1438652 kB
Inactive:         181892 kB
Active(anon):    1367028 kB
Inactive(anon):     2356 kB
Active(file):      71624 kB
Inactive(file):   179536 kB
Unevictable:        1940 kB
Mlocked:               0 kB
HighTotal:       1158144 kB
HighFree:           1780 kB
LowTotal:         741364 kB
LowFree:           51540 kB
SwapTotal:             0 kB
SwapFree:              0 kB
Dirty:                 0 kB
Writeback:             0 kB
AnonPages:       1365716 kB
Mapped:           109396 kB
Shmem:              3720 kB
Slab:              34080 kB
SReclaimable:      12056 kB
SUnreclaim:        22024 kB
KernelStack:        6192 kB
PageTables:        13504 kB
NFS_Unstable:          0 kB
Bounce:                0 kB
WritebackTmp:          0 kB
CommitLimit:      949752 kB
Committed_AS:   16458008 kB
VmallocTotal:     245760 kB
VmallocUsed:       54368 kB
VmallocChunk:      75648 kB
1557662998.613952
MemTotal:        1899508 kB
MemFree:           53332 kB
Buffers:            1952 kB
Cached:           254868 kB
SwapCached:            0 kB
Active:          1438632 kB
Inactive:         181892 kB
Active(anon):    1367008 kB
Inactive(anon):     2356 kB
Active(file):      71624 kB
Inactive(file):   179536 kB
Unevictable:        1940 kB
Mlocked:               0 kB
HighTotal:       1158144 kB
HighFree:           1780 kB
LowTotal:         741364 kB
LowFree:           51552 kB
SwapTotal:             0 kB
SwapFree:              0 kB
Dirty:                 0 kB
Writeback:             0 kB
AnonPages:       1365752 kB
Mapped:           109420 kB
Shmem:              3720 kB
Slab:              34080 kB
SReclaimable:      12056 kB
SUnreclaim:        22024 kB
KernelStack:        6176 kB
PageTables:        13468 kB
NFS_Unstable:          0 kB
Bounce:                0 kB
WritebackTmp:          0 kB
CommitLimit:      949752 kB
Committed_AS:   16458008 kB
VmallocTotal:     245760 kB
VmallocUsed:       54368 kB
VmallocChunk:      75648 kB
1557662999.601230
MemTotal:        1899508 kB
MemFree:           53616 kB
Buffers:            1952 kB
Cached:           254868 kB
SwapCached:            0 kB
Active:          1438344 kB
Inactive:         181892 kB
Active(anon):    1366720 kB
Inactive(anon):     2356 kB
Active(file):      71624 kB
Inactive(file):   179536 kB
Unevictable:        1940 kB
Mlocked:               0 kB
HighTotal:       1158144 kB
HighFree:           1780 kB
LowTotal:         741364 kB
LowFree:           51836 kB
SwapTotal:             0 kB
SwapFree:              0 kB
Dirty:                 0 kB
Writeback:             0 kB
AnonPages:       1365428 kB
Mapped:           109420 kB
Shmem:              3720 kB
Slab:              34080 kB
SReclaimable:      12056 kB
SUnreclaim:        22024 kB
KernelStack:        6176 kB
PageTables:        13368 kB
NFS_Unstable:          0 kB
Bounce:                0 kB
WritebackTmp:          0 kB
CommitLimit:      949752 kB
Committed_AS:   16454928 kB
VmallocTotal:     245760 kB
VmallocUsed:       54368 kB
VmallocChunk:      75648 kB
1557663000.475691
MemTotal:        1899508 kB
MemFree:           53648 kB
Buffers:            1952 kB
Cached:           254868 kB
SwapCached:            0 kB
Active:          1438224 kB
Inactive:         181892 kB
Active(anon):    1366600 kB
Inactive(anon):     2356 kB
Active(file):      71624 kB
Inactive(file):   179536 kB
Unevictable:        1940 kB
Mlocked:               0 kB
HighTotal:       1158144 kB
HighFree:           1760 kB
LowTotal:         741364 kB
LowFree:           51888 kB
SwapTotal:             0 kB
SwapFree:              0 kB
Dirty:                 0 kB
Writeback:             0 kB
AnonPages:       1365384 kB
Mapped:           109416 kB
Shmem:              3720 kB
Slab:              34080 kB
SReclaimable:      12056 kB
SUnreclaim:        22024 kB
KernelStack:        6160 kB
PageTables:        13444 kB
NFS_Unstable:          0 kB
Bounce:                0 kB
WritebackTmp:          0 kB
CommitLimit:      949752 kB
Committed_AS:   16454928 kB
VmallocTotal:     245760 kB
VmallocUsed:       54368 kB
VmallocChunk:      75648 kB
1557663001.307829
MemTotal:        1899508 kB
MemFree:           53604 kB
Buffers:            1952 kB
Cached:           254868 kB
SwapCached:            0 kB
Active:          1438360 kB
Inactive:         181892 kB
Active(anon):    1366736 kB
Inactive(anon):     2356 kB
Active(file):      71624 kB
Inactive(file):   179536 kB
Unevictable:        1940 kB
Mlocked:               0 kB
HighTotal:       1158144 kB
HighFree:           1716 kB
LowTotal:         741364 kB
LowFree:           51888 kB
SwapTotal:             0 kB
SwapFree:              0 kB
Dirty:                 0 kB
Writeback:             0 kB
AnonPages:       1365504 kB
Mapped:           109420 kB
Shmem:              3720 kB
Slab:              34080 kB
SReclaimable:      12056 kB
SUnreclaim:        22024 kB
KernelStack:        6176 kB
PageTables:        13468 kB
NFS_Unstable:          0 kB
Bounce:                0 kB
WritebackTmp:          0 kB
CommitLimit:      949752 kB
Committed_AS:   16456048 kB
VmallocTotal:     245760 kB
VmallocUsed:       54368 kB
VmallocChunk:      75648 kB
1557663002.235864
MemTotal:        1899508 kB
MemFree:           53744 kB
Buffers:            1952 kB
Cached:           254868 kB
SwapCached:            0 kB
Active:          1438464 kB
Inactive:         181892 kB
Active(anon):    1366840 kB
Inactive(anon):     2356 kB
Active(file):      71624 kB
Inactive(file):   179536 kB
Unevictable:        1940 kB
Mlocked:               0 kB
HighTotal:       1158144 kB
HighFree:           1764 kB
LowTotal:         741364 kB
LowFree:           51980 kB
SwapTotal:             0 kB
SwapFree:              0 kB
Dirty:                 0 kB
Writeback:             0 kB
AnonPages:       1365552 kB
Mapped:           109408 kB
Shmem:              3720 kB
Slab:              34080 kB
SReclaimable:      12056 kB
SUnreclaim:        22024 kB
KernelStack:        6176 kB
PageTables:        13476 kB
NFS_Unstable:          0 kB
Bounce:                0 kB
WritebackTmp:          0 kB
CommitLimit:      949752 kB
Committed_AS:   16456048 kB
VmallocTotal:     245760 kB
VmallocUsed:       54368 kB
VmallocChunk:      75648 kB
1557663003.024865
MemTotal:        1899508 kB
MemFree:           53820 kB
Buffers:            1952 kB
Cached:           254868 kB
SwapCached:            0 kB
Active:          1438380 kB
Inactive:         181892 kB
Active(anon):    1366756 kB
Inactive(anon):     2356 kB
Active(file):      71624 kB
Inactive(file):   179536 kB
Unevictable:        1940 kB
Mlocked:               0 kB
HighTotal:       1158144 kB
HighFree:           1820 kB
LowTotal:         741364 kB
LowFree:           52000 kB
SwapTotal:             0 kB
SwapFree:              0 kB
Dirty:                 0 kB
Writeback:             0 kB
AnonPages:       1365496 kB
Mapped:           109420 kB
Shmem:              3720 kB
Slab:              34080 kB
SReclaimable:      12056 kB
SUnreclaim:        22024 kB
KernelStack:        6176 kB
PageTables:        13464 kB
NFS_Unstable:          0 kB
Bounce:                0 kB
WritebackTmp:          0 kB
CommitLimit:      949752 kB
Committed_AS:   16456048 kB
VmallocTotal:     245760 kB
VmallocUsed:       54368 kB
VmallocChunk:      75648 kB
1557663003.996218
MemTotal:        1899508 kB
MemFree:           53852 kB
Buffers:            1952 kB
Cached:           254868 kB
SwapCached:            0 kB
Active:          1438664 kB
Inactive:         181892 kB
Active(anon):    1367040 kB
Inactive(anon):     2356 kB
Active(file):      71624 kB
Inactive(file):   179536 kB
Unevictable:        1940 kB
Mlocked:               0 kB
HighTotal:       1158144 kB
HighFree:           1748 kB
LowTotal:         741364 kB
LowFree:           52104 kB
SwapTotal:             0 kB
SwapFree:              0 kB
Dirty:                 0 kB
Writeback:             0 kB
AnonPages:       1365800 kB
Mapped:           109420 kB
Shmem:              3720 kB
Slab:              34080 kB
SReclaimable:      12056 kB
SUnreclaim:        22024 kB
KernelStack:        6160 kB
PageTables:        13444 kB
NFS_Unstable:          0 kB
Bounce:                0 kB
WritebackTmp:          0 kB
CommitLimit:      949752 kB
Committed_AS:   16457168 kB
VmallocTotal:     245760 kB
VmallocUsed:       54368 kB
VmallocChunk:      75648 kB
1557663004.841503
MemTotal:        1899508 kB
MemFree:           54704 kB
Buffers:            1952 kB
Cached:           254868 kB
SwapCached:            0 kB
Active:          1437548 kB
Inactive:         181892 kB
Active(anon):    1365924 kB
Inactive(anon):     2356 kB
Active(file):      71624 kB
Inactive(file):   179536 kB
Unevictable:        1940 kB
Mlocked:               0 kB
HighTotal:       1158144 kB
HighFree:           1896 kB
LowTotal:         741364 kB
LowFree:           52808 kB
SwapTotal:             0 kB
SwapFree:              0 kB
Dirty:                 0 kB
Writeback:             0 kB
AnonPages:       1364568 kB
Mapped:           109416 kB
Shmem:              3720 kB
Slab:              34080 kB
SReclaimable:      12056 kB
SUnreclaim:        22024 kB
KernelStack:        6176 kB
PageTables:        13464 kB
NFS_Unstable:          0 kB
Bounce:                0 kB
WritebackTmp:          0 kB
CommitLimit:      949752 kB
Committed_AS:   16457168 kB
VmallocTotal:     245760 kB
VmallocUsed:       54368 kB
VmallocChunk:      75648 kB
1557663005.758096
MemTotal:        1899508 kB
MemFree:           54228 kB
Buffers:            1952 kB
Cached:           254868 kB
SwapCached:            0 kB
Active:          1438024 kB
Inactive:         181892 kB
Active(anon):    1366400 kB
Inactive(anon):     2356 kB
Active(file):      71624 kB
Inactive(file):   179536 kB
Unevictable:        1940 kB
Mlocked:               0 kB
HighTotal:       1158144 kB
HighFree:           1724 kB
LowTotal:         741364 kB
LowFree:           52504 kB
SwapTotal:             0 kB
SwapFree:              0 kB
Dirty:                 0 kB
Writeback:             0 kB
AnonPages:       1365032 kB
Mapped:           109460 kB
Shmem:              3720 kB
Slab:              34080 kB
SReclaimable:      12056 kB
SUnreclaim:        22024 kB
KernelStack:        6176 kB
PageTables:        13468 kB
NFS_Unstable:          0 kB
Bounce:                0 kB
WritebackTmp:          0 kB
CommitLimit:      949752 kB
Committed_AS:   16458288 kB
VmallocTotal:     245760 kB
VmallocUsed:       54368 kB
VmallocChunk:      75648 kB
1557663006.787646
MemTotal:        1899508 kB
MemFree:           54260 kB
Buffers:            1952 kB
Cached:           254868 kB
SwapCached:            0 kB
Active:          1438024 kB
Inactive:         181892 kB
Active(anon):    1366400 kB
Inactive(anon):     2356 kB
Active(file):      71624 kB
Inactive(file):   179536 kB
Unevictable:        1940 kB
Mlocked:               0 kB
HighTotal:       1158144 kB
HighFree:           1724 kB
LowTotal:         741364 kB
LowFree:           52536 kB
SwapTotal:             0 kB
SwapFree:              0 kB
Dirty:                 0 kB
Writeback:             0 kB
AnonPages:       1365132 kB
Mapped:           109460 kB
Shmem:              3720 kB
Slab:              34080 kB
SReclaimable:      12056 kB
SUnreclaim:        22024 kB
KernelStack:        6176 kB
PageTables:        13468 kB
NFS_Unstable:          0 kB
Bounce:                0 kB
WritebackTmp:          0 kB
CommitLimit:      949752 kB
Committed_AS:   16458288 kB
VmallocTotal:     245760 kB
VmallocUsed:       54368 kB
VmallocChunk:      75648 kB
1557663007.520075
MemTotal:        1899508 kB
MemFree:           53812 kB
Buffers:            1952 kB
Cached:           254868 kB
SwapCached:            0 kB
Active:          1438068 kB
Inactive:         181892 kB
Active(anon):    1366444 kB
Inactive(anon):     2356 kB
Active(file):      71624 kB
Inactive(file):   179536 kB
Unevictable:        1940 kB
Mlocked:               0 kB
HighTotal:       1158144 kB
HighFree:           1732 kB
LowTotal:         741364 kB
LowFree:           52080 kB
SwapTotal:             0 kB
SwapFree:              0 kB
Dirty:                 0 kB
Writeback:             0 kB
AnonPages:       1365320 kB
Mapped:           109408 kB
Shmem:              3720 kB
Slab:              34080 kB
SReclaimable:      12056 kB
SUnreclaim:        22024 kB
KernelStack:        6176 kB
PageTables:        13476 kB
NFS_Unstable:          0 kB
Bounce:                0 kB
WritebackTmp:          0 kB
CommitLimit:      949752 kB
Committed_AS:   16454208 kB
VmallocTotal:     245760 kB
VmallocUsed:       54368 kB
VmallocChunk:      75648 kB
1557663008.436557
MemTotal:        1899508 kB
MemFree:           54096 kB
Buffers:            1952 kB
Cached:           254868 kB
SwapCached:            0 kB
Active:          1438004 kB
Inactive:         181892 kB
Active(anon):    1366380 kB
Inactive(anon):     2356 kB
Active(file):      71624 kB
Inactive(file):   179536 kB
Unevictable:        1940 kB
Mlocked:               0 kB
HighTotal:       1158144 kB
HighFree:           1720 kB
LowTotal:         741364 kB
LowFree:           52376 kB
SwapTotal:             0 kB
SwapFree:              0 kB
Dirty:                 0 kB
Writeback:             0 kB
AnonPages:       1365112 kB
Mapped:           109416 kB
Shmem:              3720 kB
Slab:              34080 kB
SReclaimable:      12056 kB
SUnreclaim:        22024 kB
KernelStack:        6168 kB
PageTables:        13456 kB
NFS_Unstable:          0 kB
Bounce:                0 kB
WritebackTmp:          0 kB
CommitLimit:      949752 kB
Committed_AS:   16454208 kB
VmallocTotal:     245760 kB
VmallocUsed:       54368 kB
VmallocChunk:      75648 kB
1557663009.444235
MemTotal:        1899508 kB
MemFree:           45136 kB
Buffers:            1548 kB
Cached:           244072 kB
SwapCached:            0 kB
Active:          1443512 kB
Inactive:         168344 kB
Active(anon):    1369484 kB
Inactive(anon):     2084 kB
Active(file):      74028 kB
Inactive(file):   166260 kB
Unevictable:        1940 kB
Mlocked:               0 kB
HighTotal:       1158144 kB
HighFree:           2908 kB
LowTotal:         741364 kB
LowFree:           42228 kB
SwapTotal:             0 kB
SwapFree:              0 kB
Dirty:                 0 kB
Writeback:             0 kB
AnonPages:       1368320 kB
Mapped:           112028 kB
Shmem:              3420 kB
Slab:              34080 kB
SReclaimable:      12056 kB
SUnreclaim:        22024 kB
KernelStack:        6176 kB
PageTables:        13468 kB
NFS_Unstable:          0 kB
Bounce:                0 kB
WritebackTmp:          0 kB
CommitLimit:      949752 kB
Committed_AS:   16455068 kB
VmallocTotal:     245760 kB
VmallocUsed:       54484 kB
VmallocChunk:      75648 kB
1557663010.135686
MemTotal:        1899508 kB
MemFree:           44516 kB
Buffers:            1548 kB
Cached:           246080 kB
SwapCached:            0 kB
Active:          1446032 kB
Inactive:         169316 kB
Active(anon):    1371116 kB
Inactive(anon):     2100 kB
Active(file):      74916 kB
Inactive(file):   167216 kB
Unevictable:        1940 kB
Mlocked:               0 kB
HighTotal:       1158144 kB
HighFree:           3304 kB
LowTotal:         741364 kB
LowFree:           41212 kB
SwapTotal:             0 kB
SwapFree:              0 kB
Dirty:                56 kB
Writeback:             0 kB
AnonPages:       1369780 kB
Mapped:           115144 kB
Shmem:              3460 kB
Slab:              34052 kB
SReclaimable:      12056 kB
SUnreclaim:        21996 kB
KernelStack:        6184 kB
PageTables:        13908 kB
NFS_Unstable:          0 kB
Bounce:                0 kB
WritebackTmp:          0 kB
CommitLimit:      949752 kB
Committed_AS:   17023356 kB
VmallocTotal:     245760 kB
VmallocUsed:       55504 kB
VmallocChunk:      75648 kB
1557663010.942217
MemTotal:        1899508 kB
MemFree:           41256 kB
Buffers:            1732 kB
Cached:           263732 kB
SwapCached:            0 kB
Active:          1462104 kB
Inactive:         182488 kB
Active(anon):    1382768 kB
Inactive(anon):     2100 kB
Active(file):      79336 kB
Inactive(file):   180388 kB
Unevictable:        1940 kB
Mlocked:               0 kB
HighTotal:       1158144 kB
HighFree:           1140 kB
LowTotal:         741364 kB
LowFree:           40116 kB
SwapTotal:             0 kB
SwapFree:              0 kB
Dirty:               100 kB
Writeback:             0 kB
AnonPages:       1381624 kB
Mapped:           127316 kB
Shmem:              3460 kB
Slab:              34100 kB
SReclaimable:      12056 kB
SUnreclaim:        22044 kB
KernelStack:        6264 kB
PageTables:        14084 kB
NFS_Unstable:          0 kB
Bounce:                0 kB
WritebackTmp:          0 kB
CommitLimit:      949752 kB
Committed_AS:   17048352 kB
VmallocTotal:     245760 kB
VmallocUsed:       55376 kB
VmallocChunk:      75648 kB
1557663011.845821
MemTotal:        1899508 kB
MemFree:           45276 kB
Buffers:            1912 kB
Cached:           233476 kB
SwapCached:            0 kB
Active:          1489560 kB
Inactive:         138580 kB
Active(anon):    1396140 kB
Inactive(anon):     2104 kB
Active(file):      93420 kB
Inactive(file):   136476 kB
Unevictable:        1940 kB
Mlocked:               0 kB
HighTotal:       1158144 kB
HighFree:           3296 kB
LowTotal:         741364 kB
LowFree:           41980 kB
SwapTotal:             0 kB
SwapFree:              0 kB
Dirty:                56 kB
Writeback:             0 kB
AnonPages:       1394752 kB
Mapped:           137632 kB
Shmem:              3464 kB
Slab:              34108 kB
SReclaimable:      12056 kB
SUnreclaim:        22052 kB
KernelStack:        6432 kB
PageTables:        14188 kB
NFS_Unstable:          0 kB
Bounce:                0 kB
WritebackTmp:          0 kB
CommitLimit:      949752 kB
Committed_AS:   17065508 kB
VmallocTotal:     245760 kB
VmallocUsed:       55616 kB
VmallocChunk:      75648 kB
1557663012.717907
MemTotal:        1899508 kB
MemFree:           48016 kB
Buffers:            1748 kB
Cached:           233968 kB
SwapCached:            0 kB
Active:          1496596 kB
Inactive:         136920 kB
Active(anon):    1401100 kB
Inactive(anon):     2104 kB
Active(file):      95496 kB
Inactive(file):   134816 kB
Unevictable:        1940 kB
Mlocked:               0 kB
HighTotal:       1158144 kB
HighFree:           2328 kB
LowTotal:         741364 kB
LowFree:           45688 kB
SwapTotal:             0 kB
SwapFree:              0 kB
Dirty:               104 kB
Writeback:             0 kB
AnonPages:       1399780 kB
Mapped:           142604 kB
Shmem:              3464 kB
Slab:              34120 kB
SReclaimable:      12056 kB
SUnreclaim:        22064 kB
KernelStack:        6560 kB
PageTables:        14300 kB
NFS_Unstable:          0 kB
Bounce:                0 kB
WritebackTmp:          0 kB
CommitLimit:      949752 kB
Committed_AS:   17070836 kB
VmallocTotal:     245760 kB
VmallocUsed:       55616 kB
VmallocChunk:      75648 kB
1557663013.567215
MemTotal:        1899508 kB
MemFree:           40488 kB
Buffers:            1232 kB
Cached:           217176 kB
SwapCached:            0 kB
Active:          1521968 kB
Inactive:         122008 kB
Active(anon):    1428912 kB
Inactive(anon):     2104 kB
Active(file):      93056 kB
Inactive(file):   119904 kB
Unevictable:        1940 kB
Mlocked:               0 kB
HighTotal:       1158144 kB
HighFree:            424 kB
LowTotal:         741364 kB
LowFree:           40064 kB
SwapTotal:             0 kB
SwapFree:              0 kB
Dirty:               204 kB
Writeback:             0 kB
AnonPages:       1427588 kB
Mapped:           150880 kB
Shmem:              3464 kB
Slab:              34120 kB
SReclaimable:      12056 kB
SUnreclaim:        22064 kB
KernelStack:        6560 kB
PageTables:        14400 kB
NFS_Unstable:          0 kB
Bounce:                0 kB
WritebackTmp:          0 kB
CommitLimit:      949752 kB
Committed_AS:   17105760 kB
VmallocTotal:     245760 kB
VmallocUsed:       55608 kB
VmallocChunk:      75648 kB
1557663014.521551
MemTotal:        1899508 kB
MemFree:           50384 kB
Buffers:            1096 kB
Cached:           207260 kB
SwapCached:            0 kB
Active:          1525440 kB
Inactive:         113396 kB
Active(anon):    1433704 kB
Inactive(anon):     2112 kB
Active(file):      91736 kB
Inactive(file):   111284 kB
Unevictable:        1940 kB
Mlocked:               0 kB
HighTotal:       1158144 kB
HighFree:           1732 kB
LowTotal:         741364 kB
LowFree:           48652 kB
SwapTotal:             0 kB
SwapFree:              0 kB
Dirty:               440 kB
Writeback:             0 kB
AnonPages:       1432432 kB
Mapped:           149064 kB
Shmem:              3472 kB
Slab:              34132 kB
SReclaimable:      12056 kB
SUnreclaim:        22076 kB
KernelStack:        6640 kB
PageTables:        14396 kB
NFS_Unstable:          0 kB
Bounce:                0 kB
WritebackTmp:          0 kB
CommitLimit:      949752 kB
Committed_AS:   17120108 kB
VmallocTotal:     245760 kB
VmallocUsed:       55608 kB
VmallocChunk:      75648 kB
1557663015.494885
MemTotal:        1899508 kB
MemFree:           56636 kB
Buffers:            1096 kB
Cached:           206476 kB
SwapCached:            0 kB
Active:          1519312 kB
Inactive:         112404 kB
Active(anon):    1427480 kB
Inactive(anon):     2112 kB
Active(file):      91832 kB
Inactive(file):   110292 kB
Unevictable:        1940 kB
Mlocked:               0 kB
HighTotal:       1158144 kB
HighFree:           6100 kB
LowTotal:         741364 kB
LowFree:           50536 kB
SwapTotal:             0 kB
SwapFree:              0 kB
Dirty:               496 kB
Writeback:             0 kB
AnonPages:       1426084 kB
Mapped:           149104 kB
Shmem:              3472 kB
Slab:              34124 kB
SReclaimable:      12056 kB
SUnreclaim:        22068 kB
KernelStack:        6648 kB
PageTables:        14432 kB
NFS_Unstable:          0 kB
Bounce:                0 kB
WritebackTmp:          0 kB
CommitLimit:      949752 kB
Committed_AS:   17120140 kB
VmallocTotal:     245760 kB
VmallocUsed:       55608 kB
VmallocChunk:      75648 kB
1557663016.434534
MemTotal:        1899508 kB
MemFree:           57196 kB
Buffers:            1096 kB
Cached:           206012 kB
SwapCached:            0 kB
Active:          1519392 kB
Inactive:         111864 kB
Active(anon):    1427508 kB
Inactive(anon):     2112 kB
Active(file):      91884 kB
Inactive(file):   109752 kB
Unevictable:        1940 kB
Mlocked:               0 kB
HighTotal:       1158144 kB
HighFree:           6576 kB
LowTotal:         741364 kB
LowFree:           50620 kB
SwapTotal:             0 kB
SwapFree:              0 kB
Dirty:               496 kB
Writeback:             0 kB
AnonPages:       1426200 kB
Mapped:           149108 kB
Shmem:              3472 kB
Slab:              34140 kB
SReclaimable:      12056 kB
SUnreclaim:        22084 kB
KernelStack:        6648 kB
PageTables:        14432 kB
NFS_Unstable:          0 kB
Bounce:                0 kB
WritebackTmp:          0 kB
CommitLimit:      949752 kB
Committed_AS:   17120148 kB
VmallocTotal:     245760 kB
VmallocUsed:       55608 kB
VmallocChunk:      75648 kB
1557663017.190897
MemTotal:        1899508 kB
MemFree:           61616 kB
Buffers:            1096 kB
Cached:           205988 kB
SwapCached:            0 kB
Active:          1515168 kB
Inactive:         111872 kB
Active(anon):    1423256 kB
Inactive(anon):     2112 kB
Active(file):      91912 kB
Inactive(file):   109760 kB
Unevictable:        1940 kB
Mlocked:               0 kB
HighTotal:       1158144 kB
HighFree:           6168 kB
LowTotal:         741364 kB
LowFree:           55448 kB
SwapTotal:             0 kB
SwapFree:              0 kB
Dirty:               500 kB
Writeback:             0 kB
AnonPages:       1421880 kB
Mapped:           141612 kB
Shmem:              3472 kB
Slab:              34148 kB
SReclaimable:      12056 kB
SUnreclaim:        22092 kB
KernelStack:        6648 kB
PageTables:        14432 kB
NFS_Unstable:          0 kB
Bounce:                0 kB
WritebackTmp:          0 kB
CommitLimit:      949752 kB
Committed_AS:   17120276 kB
VmallocTotal:     245760 kB
VmallocUsed:       55608 kB
VmallocChunk:      75648 kB
1557663018.166199
MemTotal:        1899508 kB
MemFree:           42348 kB
Buffers:            1096 kB
Cached:           208692 kB
SwapCached:            0 kB
Active:          1517960 kB
Inactive:         114120 kB
Active(anon):    1425692 kB
Inactive(anon):     2112 kB
Active(file):      92268 kB
Inactive(file):   112008 kB
Unevictable:        1940 kB
Mlocked:               0 kB
HighTotal:       1158144 kB
HighFree:           1784 kB
LowTotal:         741364 kB
LowFree:           40564 kB
SwapTotal:             0 kB
SwapFree:              0 kB
Dirty:               500 kB
Writeback:             0 kB
AnonPages:       1424356 kB
Mapped:           152928 kB
Shmem:              3472 kB
Slab:              34148 kB
SReclaimable:      12056 kB
SUnreclaim:        22092 kB
KernelStack:        6648 kB
PageTables:        14400 kB
NFS_Unstable:          0 kB
Bounce:                0 kB
WritebackTmp:          0 kB
CommitLimit:      949752 kB
Committed_AS:   17122192 kB
VmallocTotal:     245760 kB
VmallocUsed:       55704 kB
VmallocChunk:      75648 kB
1557663019.061952
MemTotal:        1899508 kB
MemFree:           41988 kB
Buffers:            1232 kB
Cached:           205252 kB
SwapCached:            0 kB
Active:          1528712 kB
Inactive:         106208 kB
Active(anon):    1431992 kB
Inactive(anon):     2120 kB
Active(file):      96720 kB
Inactive(file):   104088 kB
Unevictable:        1940 kB
Mlocked:               0 kB
HighTotal:       1158144 kB
HighFree:           1716 kB
LowTotal:         741364 kB
LowFree:           40272 kB
SwapTotal:             0 kB
SwapFree:              0 kB
Dirty:              1964 kB
Writeback:             0 kB
AnonPages:       1430860 kB
Mapped:           153612 kB
Shmem:              3480 kB
Slab:              34164 kB
SReclaimable:      12072 kB
SUnreclaim:        22092 kB
KernelStack:        6688 kB
PageTables:        14464 kB
NFS_Unstable:          0 kB
Bounce:                0 kB
WritebackTmp:          0 kB
CommitLimit:      949752 kB
Committed_AS:   17128236 kB
VmallocTotal:     245760 kB
VmallocUsed:       55704 kB
VmallocChunk:      75648 kB
1557663019.995275
MemTotal:        1899508 kB
MemFree:           46824 kB
Buffers:            1044 kB
Cached:           179044 kB
SwapCached:            0 kB
Active:          1524088 kB
Inactive:          89772 kB
Active(anon):    1437288 kB
Inactive(anon):     2116 kB
Active(file):      86800 kB
Inactive(file):    87656 kB
Unevictable:        1940 kB
Mlocked:               0 kB
HighTotal:       1158144 kB
HighFree:           1700 kB
LowTotal:         741364 kB
LowFree:           45124 kB
SwapTotal:             0 kB
SwapFree:              0 kB
Dirty:                 0 kB
Writeback:             0 kB
AnonPages:       1436008 kB
Mapped:           161976 kB
Shmem:              3476 kB
Slab:              34044 kB
SReclaimable:      12072 kB
SUnreclaim:        21972 kB
KernelStack:        6616 kB
PageTables:        13708 kB
NFS_Unstable:          0 kB
Bounce:                0 kB
WritebackTmp:          0 kB
CommitLimit:      949752 kB
Committed_AS:   16004256 kB
VmallocTotal:     245760 kB
VmallocUsed:       53676 kB
VmallocChunk:      75648 kB
1557663020.911270
MemTotal:        1899508 kB
MemFree:           47868 kB
Buffers:             596 kB
Cached:           134788 kB
SwapCached:            0 kB
Active:          1535180 kB
Inactive:          64336 kB
Active(anon):    1467456 kB
Inactive(anon):     2116 kB
Active(file):      67724 kB
Inactive(file):    62220 kB
Unevictable:        1940 kB
Mlocked:               0 kB
HighTotal:       1158144 kB
HighFree:           3232 kB
LowTotal:         741364 kB
LowFree:           44636 kB
SwapTotal:             0 kB
SwapFree:              0 kB
Dirty:                24 kB
Writeback:             0 kB
AnonPages:       1466156 kB
Mapped:           158532 kB
Shmem:              3476 kB
Slab:              34096 kB
SReclaimable:      12140 kB
SUnreclaim:        21956 kB
KernelStack:        6560 kB
PageTables:        13004 kB
NFS_Unstable:          0 kB
Bounce:                0 kB
WritebackTmp:          0 kB
CommitLimit:      949752 kB
Committed_AS:   14909704 kB
VmallocTotal:     245760 kB
VmallocUsed:       51828 kB
VmallocChunk:      75648 kB
1557663021.765370
MemTotal:        1899508 kB
MemFree:           75468 kB
Buffers:             732 kB
Cached:           135040 kB
SwapCached:            0 kB
Active:          1514284 kB
Inactive:          68084 kB
Active(anon):    1449916 kB
Inactive(anon):     2116 kB
Active(file):      64368 kB
Inactive(file):    65968 kB
Unevictable:        1940 kB
Mlocked:               0 kB
HighTotal:       1158144 kB
HighFree:          15052 kB
LowTotal:         741364 kB
LowFree:           60416 kB
SwapTotal:             0 kB
SwapFree:              0 kB
Dirty:               124 kB
Writeback:             0 kB
AnonPages:       1448576 kB
Mapped:           148416 kB
Shmem:              3476 kB
Slab:              33932 kB
SReclaimable:      12140 kB
SUnreclaim:        21792 kB
KernelStack:        6424 kB
PageTables:        12304 kB
NFS_Unstable:          0 kB
Bounce:                0 kB
WritebackTmp:          0 kB
CommitLimit:      949752 kB
Committed_AS:   13662176 kB
VmallocTotal:     245760 kB
VmallocUsed:       50620 kB
VmallocChunk:      75648 kB
1557663022.523361
MemTotal:        1899508 kB
MemFree:           64240 kB
Buffers:             732 kB
Cached:           150680 kB
SwapCached:            0 kB
Active:          1512072 kB
Inactive:          82344 kB
Active(anon):    1446352 kB
Inactive(anon):     2112 kB
Active(file):      65720 kB
Inactive(file):    80232 kB
Unevictable:        1940 kB
Mlocked:               0 kB
HighTotal:       1158144 kB
HighFree:           1800 kB
LowTotal:         741364 kB
LowFree:           62440 kB
SwapTotal:             0 kB
SwapFree:              0 kB
Dirty:               204 kB
Writeback:             0 kB
AnonPages:       1445060 kB
Mapped:           141304 kB
Shmem:              3472 kB
Slab:              33864 kB
SReclaimable:      12140 kB
SUnreclaim:        21724 kB
KernelStack:        6144 kB
PageTables:        12176 kB
NFS_Unstable:          0 kB
Bounce:                0 kB
WritebackTmp:          0 kB
CommitLimit:      949752 kB
Committed_AS:   13000472 kB
VmallocTotal:     245760 kB
VmallocUsed:       50620 kB
VmallocChunk:      75648 kB
1557663023.592850
MemTotal:        1899508 kB
MemFree:           52268 kB
Buffers:             740 kB
Cached:           117552 kB
SwapCached:            0 kB
Active:          1493888 kB
Inactive:          59340 kB
Active(anon):    1438432 kB
Inactive(anon):     2112 kB
Active(file):      55456 kB
Inactive(file):    57228 kB
Unevictable:        1940 kB
Mlocked:               0 kB
HighTotal:       1158144 kB
HighFree:          12076 kB
LowTotal:         741364 kB
LowFree:           40192 kB
SwapTotal:             0 kB
SwapFree:              0 kB
Dirty:               104 kB
Writeback:             0 kB
AnonPages:       1437256 kB
Mapped:           122672 kB
Shmem:              3472 kB
Slab:              33864 kB
SReclaimable:      12140 kB
SUnreclaim:        21724 kB
KernelStack:        6144 kB
PageTables:        11576 kB
NFS_Unstable:          0 kB
Bounce:                0 kB
WritebackTmp:          0 kB
CommitLimit:      949752 kB
Committed_AS:   11889316 kB
VmallocTotal:     245760 kB
VmallocUsed:       51004 kB
VmallocChunk:      75648 kB
1557663024.321652
MemTotal:        1899508 kB
MemFree:           61424 kB
Buffers:             756 kB
Cached:           114860 kB
SwapCached:            0 kB
Active:          1490408 kB
Inactive:          56612 kB
Active(anon):    1434728 kB
Inactive(anon):     2112 kB
Active(file):      55680 kB
Inactive(file):    54500 kB
Unevictable:        1940 kB
Mlocked:               0 kB
HighTotal:       1158144 kB
HighFree:          17176 kB
LowTotal:         741364 kB
LowFree:           44248 kB
SwapTotal:             0 kB
SwapFree:              0 kB
Dirty:               240 kB
Writeback:             0 kB
AnonPages:       1433280 kB
Mapped:           118732 kB
Shmem:              3472 kB
Slab:              33820 kB
SReclaimable:      12120 kB
SUnreclaim:        21700 kB
KernelStack:        5920 kB
PageTables:        11160 kB
NFS_Unstable:          0 kB
Bounce:                0 kB
WritebackTmp:          0 kB
CommitLimit:      949752 kB
Committed_AS:   12511596 kB
VmallocTotal:     245760 kB
VmallocUsed:       47560 kB
VmallocChunk:      75648 kB
1557663025.112330
MemTotal:        1899508 kB
MemFree:           59788 kB
Buffers:             756 kB
Cached:           114832 kB
SwapCached:            0 kB
Active:          1494388 kB
Inactive:          55160 kB
Active(anon):    1437360 kB
Inactive(anon):     2112 kB
Active(file):      57028 kB
Inactive(file):    53048 kB
Unevictable:        1940 kB
Mlocked:               0 kB
HighTotal:       1158144 kB
HighFree:          15044 kB
LowTotal:         741364 kB
LowFree:           44744 kB
SwapTotal:             0 kB
SwapFree:              0 kB
Dirty:               208 kB
Writeback:             0 kB
AnonPages:       1436020 kB
Mapped:           118480 kB
Shmem:              3472 kB
Slab:              33784 kB
SReclaimable:      12120 kB
SUnreclaim:        21664 kB
KernelStack:        5928 kB
PageTables:        10960 kB
NFS_Unstable:          0 kB
Bounce:                0 kB
WritebackTmp:          0 kB
CommitLimit:      949752 kB
Committed_AS:   11289476 kB
VmallocTotal:     245760 kB
VmallocUsed:       47560 kB
VmallocChunk:      75648 kB
1557663025.868979
MemTotal:        1899508 kB
MemFree:           59256 kB
Buffers:             760 kB
Cached:           115052 kB
SwapCached:            0 kB
Active:          1494948 kB
Inactive:          55504 kB
Active(anon):    1437940 kB
Inactive(anon):     2112 kB
Active(file):      57008 kB
Inactive(file):    53392 kB
Unevictable:        1940 kB
Mlocked:               0 kB
HighTotal:       1158144 kB
HighFree:          10780 kB
LowTotal:         741364 kB
LowFree:           48476 kB
SwapTotal:             0 kB
SwapFree:              0 kB
Dirty:               208 kB
Writeback:             0 kB
AnonPages:       1436636 kB
Mapped:           118528 kB
Shmem:              3472 kB
Slab:              33784 kB
SReclaimable:      12120 kB
SUnreclaim:        21664 kB
KernelStack:        5944 kB
PageTables:        10996 kB
NFS_Unstable:          0 kB
Bounce:                0 kB
WritebackTmp:          0 kB
CommitLimit:      949752 kB
Committed_AS:   11301236 kB
VmallocTotal:     245760 kB
VmallocUsed:       47560 kB
VmallocChunk:      75648 kB
1557663026.688251
MemTotal:        1899508 kB
MemFree:           58912 kB
Buffers:             776 kB
Cached:           115116 kB
SwapCached:            0 kB
Active:          1495176 kB
Inactive:          55584 kB
Active(anon):    1438168 kB
Inactive(anon):     2112 kB
Active(file):      57008 kB
Inactive(file):    53472 kB
Unevictable:        1940 kB
Mlocked:               0 kB
HighTotal:       1158144 kB
HighFree:           9808 kB
LowTotal:         741364 kB
LowFree:           49104 kB
SwapTotal:             0 kB
SwapFree:              0 kB
Dirty:               220 kB
Writeback:             0 kB
AnonPages:       1436848 kB
Mapped:           118484 kB
Shmem:              3472 kB
Slab:              33784 kB
SReclaimable:      12120 kB
SUnreclaim:        21664 kB
KernelStack:        5944 kB
PageTables:        11004 kB
NFS_Unstable:          0 kB
Bounce:                0 kB
WritebackTmp:          0 kB
CommitLimit:      949752 kB
Committed_AS:   11301284 kB
VmallocTotal:     245760 kB
VmallocUsed:       47560 kB
VmallocChunk:      75648 kB
1557663027.579299
MemTotal:        1899508 kB
MemFree:           41060 kB
Buffers:             776 kB
Cached:           114600 kB
SwapCached:            0 kB
Active:          1504928 kB
Inactive:          56824 kB
Active(anon):    1449736 kB
Inactive(anon):     2148 kB
Active(file):      55192 kB
Inactive(file):    54676 kB
Unevictable:        1940 kB
Mlocked:               0 kB
HighTotal:       1158144 kB
HighFree:           1228 kB
LowTotal:         741364 kB
LowFree:           39832 kB
SwapTotal:             0 kB
SwapFree:              0 kB
Dirty:               220 kB
Writeback:             0 kB
AnonPages:       1448460 kB
Mapped:           121348 kB
Shmem:              3520 kB
Slab:              33768 kB
SReclaimable:      12120 kB
SUnreclaim:        21648 kB
KernelStack:        6072 kB
PageTables:        11644 kB
NFS_Unstable:          0 kB
Bounce:                0 kB
WritebackTmp:          0 kB
CommitLimit:      949752 kB
Committed_AS:   11918560 kB
VmallocTotal:     245760 kB
VmallocUsed:       51004 kB
VmallocChunk:      75648 kB
1557663028.714959
MemTotal:        1899508 kB
MemFree:           46264 kB
Buffers:             796 kB
Cached:           110824 kB
SwapCached:            0 kB
Active:          1501388 kB
Inactive:          55100 kB
Active(anon):    1448220 kB
Inactive(anon):     2148 kB
Active(file):      53168 kB
Inactive(file):    52952 kB
Unevictable:        1940 kB
Mlocked:               0 kB
HighTotal:       1158144 kB
HighFree:           6004 kB
LowTotal:         741364 kB
LowFree:           40260 kB
SwapTotal:             0 kB
SwapFree:              0 kB
Dirty:                 0 kB
Writeback:             0 kB
AnonPages:       1446856 kB
Mapped:           120548 kB
Shmem:              3520 kB
Slab:              33768 kB
SReclaimable:      12120 kB
SUnreclaim:        21648 kB
KernelStack:        6072 kB
PageTables:        11644 kB
NFS_Unstable:          0 kB
Bounce:                0 kB
WritebackTmp:          0 kB
CommitLimit:      949752 kB
Committed_AS:   11926736 kB
VmallocTotal:     245760 kB
VmallocUsed:       51004 kB
VmallocChunk:      75648 kB
1557663029.340449
MemTotal:        1899508 kB
MemFree:           46580 kB
Buffers:             884 kB
Cached:           110116 kB
SwapCached:            0 kB
Active:          1502092 kB
Inactive:          54904 kB
Active(anon):    1449376 kB
Inactive(anon):     2316 kB
Active(file):      52716 kB
Inactive(file):    52588 kB
Unevictable:        1940 kB
Mlocked:               0 kB
HighTotal:       1158144 kB
HighFree:           5716 kB
LowTotal:         741364 kB
LowFree:           40864 kB
SwapTotal:             0 kB
SwapFree:              0 kB
Dirty:                 0 kB
Writeback:             0 kB
AnonPages:       1447928 kB
Mapped:           120696 kB
Shmem:              3768 kB
Slab:              33768 kB
SReclaimable:      12120 kB
SUnreclaim:        21648 kB
KernelStack:        6056 kB
PageTables:        11652 kB
NFS_Unstable:          0 kB
Bounce:                0 kB
WritebackTmp:          0 kB
CommitLimit:      949752 kB
Committed_AS:   11932924 kB
VmallocTotal:     245760 kB
VmallocUsed:       51004 kB
VmallocChunk:      75648 kB
1557663030.040590
MemTotal:        1899508 kB
MemFree:           42532 kB
Buffers:             884 kB
Cached:           109020 kB
SwapCached:            0 kB
Active:          1507120 kB
Inactive:          54228 kB
Active(anon):    1454820 kB
Inactive(anon):     2380 kB
Active(file):      52300 kB
Inactive(file):    51848 kB
Unevictable:        1940 kB
Mlocked:               0 kB
HighTotal:       1158144 kB
HighFree:           1792 kB
LowTotal:         741364 kB
LowFree:           40740 kB
SwapTotal:             0 kB
SwapFree:              0 kB
Dirty:                 4 kB
Writeback:             0 kB
AnonPages:       1453516 kB
Mapped:           120684 kB
Shmem:              3836 kB
Slab:              33768 kB
SReclaimable:      12120 kB
SUnreclaim:        21648 kB
KernelStack:        6056 kB
PageTables:        11668 kB
NFS_Unstable:          0 kB
Bounce:                0 kB
WritebackTmp:          0 kB
CommitLimit:      949752 kB
Committed_AS:   11936040 kB
VmallocTotal:     245760 kB
VmallocUsed:       51004 kB
VmallocChunk:      75648 kB
1557663030.717076
MemTotal:        1899508 kB
MemFree:           43848 kB
Buffers:             712 kB
Cached:           104688 kB
SwapCached:            0 kB
Active:          1508124 kB
Inactive:          51716 kB
Active(anon):    1457932 kB
Inactive(anon):     2380 kB
Active(file):      50192 kB
Inactive(file):    49336 kB
Unevictable:        1940 kB
Mlocked:               0 kB
HighTotal:       1158144 kB
HighFree:           3360 kB
LowTotal:         741364 kB
LowFree:           40488 kB
SwapTotal:             0 kB
SwapFree:              0 kB
Dirty:               104 kB
Writeback:             0 kB
AnonPages:       1456456 kB
Mapped:           120584 kB
Shmem:              3836 kB
Slab:              33768 kB
SReclaimable:      12120 kB
SUnreclaim:        21648 kB
KernelStack:        6056 kB
PageTables:        11668 kB
NFS_Unstable:          0 kB
Bounce:                0 kB
WritebackTmp:          0 kB
CommitLimit:      949752 kB
Committed_AS:   11931988 kB
VmallocTotal:     245760 kB
VmallocUsed:       51004 kB
VmallocChunk:      75648 kB
1557663031.406351
MemTotal:        1899508 kB
MemFree:           47196 kB
Buffers:             712 kB
Cached:            99076 kB
SwapCached:            0 kB
Active:          1509184 kB
Inactive:          47224 kB
Active(anon):    1460240 kB
Inactive(anon):     2420 kB
Active(file):      48944 kB
Inactive(file):    44804 kB
Unevictable:        1940 kB
Mlocked:               0 kB
HighTotal:       1158144 kB
HighFree:           3740 kB
LowTotal:         741364 kB
LowFree:           43456 kB
SwapTotal:             0 kB
SwapFree:              0 kB
Dirty:                72 kB
Writeback:             0 kB
AnonPages:       1458784 kB
Mapped:           120812 kB
Shmem:              3948 kB
Slab:              33764 kB
SReclaimable:      12120 kB
SUnreclaim:        21644 kB
KernelStack:        6056 kB
PageTables:        11668 kB
NFS_Unstable:          0 kB
Bounce:                0 kB
WritebackTmp:          0 kB
CommitLimit:      949752 kB
Committed_AS:   11931916 kB
VmallocTotal:     245760 kB
VmallocUsed:       51004 kB
VmallocChunk:      75648 kB
1557663032.046342
MemTotal:        1899508 kB
MemFree:           45520 kB
Buffers:             728 kB
Cached:            98604 kB
SwapCached:            0 kB
Active:          1511240 kB
Inactive:          47324 kB
Active(anon):    1462716 kB
Inactive(anon):     2468 kB
Active(file):      48524 kB
Inactive(file):    44856 kB
Unevictable:        1940 kB
Mlocked:               0 kB
HighTotal:       1158144 kB
HighFree:           3584 kB
LowTotal:         741364 kB
LowFree:           41936 kB
SwapTotal:             0 kB
SwapFree:              0 kB
Dirty:                72 kB
Writeback:             0 kB
AnonPages:       1461308 kB
Mapped:           120800 kB
Shmem:              4016 kB
Slab:              33764 kB
SReclaimable:      12120 kB
SUnreclaim:        21644 kB
KernelStack:        6000 kB
PageTables:        11672 kB
NFS_Unstable:          0 kB
Bounce:                0 kB
WritebackTmp:          0 kB
CommitLimit:      949752 kB
Committed_AS:   11948268 kB
VmallocTotal:     245760 kB
VmallocUsed:       51004 kB
VmallocChunk:      75648 kB
1557663032.669270
MemTotal:        1899508 kB
MemFree:           80464 kB
Buffers:             744 kB
Cached:            98264 kB
SwapCached:            0 kB
Active:          1495964 kB
Inactive:          47252 kB
Active(anon):    1447660 kB
Inactive(anon):     2468 kB
Active(file):      48304 kB
Inactive(file):    44784 kB
Unevictable:        1940 kB
Mlocked:               0 kB
HighTotal:       1158144 kB
HighFree:          14740 kB
LowTotal:         741364 kB
LowFree:           65724 kB
SwapTotal:             0 kB
SwapFree:              0 kB
Dirty:                72 kB
Writeback:             0 kB
AnonPages:       1446208 kB
Mapped:           101164 kB
Shmem:              4016 kB
Slab:              33764 kB
SReclaimable:      12120 kB
SUnreclaim:        21644 kB
KernelStack:        6000 kB
PageTables:        11672 kB
NFS_Unstable:          0 kB
Bounce:                0 kB
WritebackTmp:          0 kB
CommitLimit:      949752 kB
Committed_AS:   11948948 kB
VmallocTotal:     245760 kB
VmallocUsed:       50788 kB
VmallocChunk:      75648 kB
1557663033.377409
MemTotal:        1899508 kB
MemFree:           74748 kB
Buffers:             744 kB
Cached:            99036 kB
SwapCached:            0 kB
Active:          1500940 kB
Inactive:          47968 kB
Active(anon):    1452632 kB
Inactive(anon):     2480 kB
Active(file):      48308 kB
Inactive(file):    45488 kB
Unevictable:        1940 kB
Mlocked:               0 kB
HighTotal:       1158144 kB
HighFree:           8828 kB
LowTotal:         741364 kB
LowFree:           65920 kB
SwapTotal:             0 kB
SwapFree:              0 kB
Dirty:                72 kB
Writeback:             0 kB
AnonPages:       1451040 kB
Mapped:           101280 kB
Shmem:              4044 kB
Slab:              33764 kB
SReclaimable:      12120 kB
SUnreclaim:        21644 kB
KernelStack:        6008 kB
PageTables:        11640 kB
NFS_Unstable:          0 kB
Bounce:                0 kB
WritebackTmp:          0 kB
CommitLimit:      949752 kB
Committed_AS:   11948980 kB
VmallocTotal:     245760 kB
VmallocUsed:       50788 kB
VmallocChunk:      75648 kB
1557663034.086628
MemTotal:        1899508 kB
MemFree:           69904 kB
Buffers:             764 kB
Cached:            99060 kB
SwapCached:            0 kB
Active:          1506220 kB
Inactive:          48012 kB
Active(anon):    1457912 kB
Inactive(anon):     2480 kB
Active(file):      48308 kB
Inactive(file):    45532 kB
Unevictable:        1940 kB
Mlocked:               0 kB
HighTotal:       1158144 kB
HighFree:           3960 kB
LowTotal:         741364 kB
LowFree:           65944 kB
SwapTotal:             0 kB
SwapFree:              0 kB
Dirty:                 0 kB
Writeback:             0 kB
AnonPages:       1456516 kB
Mapped:           101304 kB
Shmem:              4044 kB
Slab:              33668 kB
SReclaimable:      12120 kB
SUnreclaim:        21548 kB
KernelStack:        6008 kB
PageTables:        11648 kB
NFS_Unstable:          0 kB
Bounce:                0 kB
WritebackTmp:          0 kB
CommitLimit:      949752 kB
Committed_AS:   11949004 kB
VmallocTotal:     245760 kB
VmallocUsed:       50788 kB
VmallocChunk:      75648 kB
1557663034.764445
MemTotal:        1899508 kB
MemFree:           63448 kB
Buffers:             780 kB
Cached:           102260 kB
SwapCached:            0 kB
Active:          1509288 kB
Inactive:          51228 kB
Active(anon):    1460980 kB
Inactive(anon):     2480 kB
Active(file):      48308 kB
Inactive(file):    48748 kB
Unevictable:        1940 kB
Mlocked:               0 kB
HighTotal:       1158144 kB
HighFree:           1756 kB
LowTotal:         741364 kB
LowFree:           61692 kB
SwapTotal:             0 kB
SwapFree:              0 kB
Dirty:                 0 kB
Writeback:             0 kB
AnonPages:       1459412 kB
Mapped:           101852 kB
Shmem:              4044 kB
Slab:              33668 kB
SReclaimable:      12120 kB
SUnreclaim:        21548 kB
KernelStack:        6008 kB
PageTables:        11948 kB
NFS_Unstable:          0 kB
Bounce:                0 kB
WritebackTmp:          0 kB
CommitLimit:      949752 kB
Committed_AS:   12516216 kB
VmallocTotal:     245760 kB
VmallocUsed:       51808 kB
VmallocChunk:      75648 kB
1557663035.390612
MemTotal:        1899508 kB
MemFree:           61460 kB
Buffers:             852 kB
Cached:           105824 kB
SwapCached:            0 kB
Active:          1509580 kB
Inactive:          52484 kB
Active(anon):    1458848 kB
Inactive(anon):     2480 kB
Active(file):      50732 kB
Inactive(file):    50004 kB
Unevictable:        1940 kB
Mlocked:               0 kB
HighTotal:       1158144 kB
HighFree:           4700 kB
LowTotal:         741364 kB
LowFree:           56760 kB
SwapTotal:             0 kB
SwapFree:              0 kB
Dirty:              2604 kB
Writeback:          2784 kB
AnonPages:       1457236 kB
Mapped:           102480 kB
Shmem:              4044 kB
Slab:              33796 kB
SReclaimable:      12120 kB
SUnreclaim:        21676 kB
KernelStack:        6072 kB
PageTables:        12020 kB
NFS_Unstable:          0 kB
Bounce:                0 kB
WritebackTmp:          0 kB
CommitLimit:      949752 kB
Committed_AS:   12516332 kB
VmallocTotal:     245760 kB
VmallocUsed:       51808 kB
VmallocChunk:      75648 kB
1557663036.020453
MemTotal:        1899508 kB
MemFree:           70516 kB
Buffers:             928 kB
Cached:           107212 kB
SwapCached:            0 kB
Active:          1501864 kB
Inactive:          50324 kB
Active(anon):    1447640 kB
Inactive(anon):     2480 kB
Active(file):      54224 kB
Inactive(file):    47844 kB
Unevictable:        1940 kB
Mlocked:               0 kB
HighTotal:       1158144 kB
HighFree:           3168 kB
LowTotal:         741364 kB
LowFree:           67348 kB
SwapTotal:             0 kB
SwapFree:              0 kB
Dirty:               180 kB
Writeback:             0 kB
AnonPages:       1446152 kB
Mapped:           103268 kB
Shmem:              4044 kB
Slab:              33576 kB
SReclaimable:      12092 kB
SUnreclaim:        21484 kB
KernelStack:        6088 kB
PageTables:        12024 kB
NFS_Unstable:          0 kB
Bounce:                0 kB
WritebackTmp:          0 kB
CommitLimit:      949752 kB
Committed_AS:   12517224 kB
VmallocTotal:     245760 kB
VmallocUsed:       51808 kB
VmallocChunk:      75648 kB
1557663036.738503
MemTotal:        1899508 kB
MemFree:           53424 kB
Buffers:             964 kB
Cached:           125508 kB
SwapCached:            0 kB
Active:          1501552 kB
Inactive:          68620 kB
Active(anon):    1447328 kB
Inactive(anon):     2480 kB
Active(file):      54224 kB
Inactive(file):    66140 kB
Unevictable:        1940 kB
Mlocked:               0 kB
HighTotal:       1158144 kB
HighFree:           1708 kB
LowTotal:         741364 kB
LowFree:           51716 kB
SwapTotal:             0 kB
SwapFree:              0 kB
Dirty:               180 kB
Writeback:             0 kB
AnonPages:       1445808 kB
Mapped:           110052 kB
Shmem:              4044 kB
Slab:              33672 kB
SReclaimable:      12092 kB
SUnreclaim:        21580 kB
KernelStack:        6088 kB
PageTables:        12024 kB
NFS_Unstable:          0 kB
Bounce:                0 kB
WritebackTmp:          0 kB
CommitLimit:      949752 kB
Committed_AS:   12517404 kB
VmallocTotal:     245760 kB
VmallocUsed:       51808 kB
VmallocChunk:      75648 kB
1557663037.368827
MemTotal:        1899508 kB
MemFree:           40640 kB
Buffers:             980 kB
Cached:           131356 kB
SwapCached:            0 kB
Active:          1510212 kB
Inactive:          72276 kB
Active(anon):    1453932 kB
Inactive(anon):     2480 kB
Active(file):      56280 kB
Inactive(file):    69796 kB
Unevictable:        1940 kB
Mlocked:               0 kB
HighTotal:       1158144 kB
HighFree:            648 kB
LowTotal:         741364 kB
LowFree:           39992 kB
SwapTotal:             0 kB
SwapFree:              0 kB
Dirty:                 8 kB
Writeback:             0 kB
AnonPages:       1452352 kB
Mapped:           111252 kB
Shmem:              4044 kB
Slab:              34024 kB
SReclaimable:      12092 kB
SUnreclaim:        21932 kB
KernelStack:        6104 kB
PageTables:        12072 kB
NFS_Unstable:          0 kB
Bounce:                0 kB
WritebackTmp:          0 kB
CommitLimit:      949752 kB
Committed_AS:   12520736 kB
VmallocTotal:     245760 kB
VmallocUsed:       51808 kB
VmallocChunk:      75648 kB
1557663038.053552
MemTotal:        1899508 kB
MemFree:           44260 kB
Buffers:             512 kB
Cached:           121936 kB
SwapCached:            0 kB
Active:          1516264 kB
Inactive:          63360 kB
Active(anon):    1460812 kB
Inactive(anon):     2480 kB
Active(file):      55452 kB
Inactive(file):    60880 kB
Unevictable:        1940 kB
Mlocked:               0 kB
HighTotal:       1158144 kB
HighFree:           2232 kB
LowTotal:         741364 kB
LowFree:           42028 kB
SwapTotal:             0 kB
SwapFree:              0 kB
Dirty:                 0 kB
Writeback:             0 kB
AnonPages:       1459236 kB
Mapped:           106800 kB
Shmem:              4044 kB
Slab:              33820 kB
SReclaimable:      12080 kB
SUnreclaim:        21740 kB
KernelStack:        6176 kB
PageTables:        12460 kB
NFS_Unstable:          0 kB
Bounce:                0 kB
WritebackTmp:          0 kB
CommitLimit:      949752 kB
Committed_AS:   13087528 kB
VmallocTotal:     245760 kB
VmallocUsed:       52828 kB
VmallocChunk:      75648 kB
1557663038.701063
MemTotal:        1899508 kB
MemFree:           41904 kB
Buffers:             508 kB
Cached:           118108 kB
SwapCached:            0 kB
Active:          1521280 kB
Inactive:          61036 kB
Active(anon):    1467424 kB
Inactive(anon):     2480 kB
Active(file):      53856 kB
Inactive(file):    58556 kB
Unevictable:        1940 kB
Mlocked:               0 kB
HighTotal:       1158144 kB
HighFree:           1636 kB
LowTotal:         741364 kB
LowFree:           40268 kB
SwapTotal:             0 kB
SwapFree:              0 kB
Dirty:                 0 kB
Writeback:             0 kB
AnonPages:       1466036 kB
Mapped:           107424 kB
Shmem:              4044 kB
Slab:              33628 kB
SReclaimable:      12080 kB
SUnreclaim:        21548 kB
KernelStack:        6176 kB
PageTables:        12560 kB
NFS_Unstable:          0 kB
Bounce:                0 kB
WritebackTmp:          0 kB
CommitLimit:      949752 kB
Committed_AS:   13091588 kB
VmallocTotal:     245760 kB
VmallocUsed:       52828 kB
VmallocChunk:      75648 kB
1557663039.329845
MemTotal:        1899508 kB
MemFree:           50076 kB
Buffers:             616 kB
Cached:           114176 kB
SwapCached:            0 kB
Active:          1521628 kB
Inactive:          54112 kB
Active(anon):    1464384 kB
Inactive(anon):     2484 kB
Active(file):      57244 kB
Inactive(file):    51628 kB
Unevictable:        1940 kB
Mlocked:               0 kB
HighTotal:       1158144 kB
HighFree:           3812 kB
LowTotal:         741364 kB
LowFree:           46264 kB
SwapTotal:             0 kB
SwapFree:              0 kB
Dirty:                 0 kB
Writeback:             0 kB
AnonPages:       1462808 kB
Mapped:            98564 kB
Shmem:              4048 kB
Slab:              33628 kB
SReclaimable:      12080 kB
SUnreclaim:        21548 kB
KernelStack:        6056 kB
PageTables:        11712 kB
NFS_Unstable:          0 kB
Bounce:                0 kB
WritebackTmp:          0 kB
CommitLimit:      949752 kB
Committed_AS:   11950944 kB
VmallocTotal:     245760 kB
VmallocUsed:       50788 kB
VmallocChunk:      75648 kB
1557663040.014864
MemTotal:        1899508 kB
MemFree:           46260 kB
Buffers:             648 kB
Cached:           114328 kB
SwapCached:            0 kB
Active:          1525484 kB
Inactive:          54160 kB
Active(anon):    1468172 kB
Inactive(anon):     2480 kB
Active(file):      57312 kB
Inactive(file):    51680 kB
Unevictable:        1940 kB
Mlocked:               0 kB
HighTotal:       1158144 kB
HighFree:           1708 kB
LowTotal:         741364 kB
LowFree:           44552 kB
SwapTotal:             0 kB
SwapFree:              0 kB
Dirty:                48 kB
Writeback:             0 kB
AnonPages:       1466636 kB
Mapped:            98496 kB
Shmem:              4044 kB
Slab:              33596 kB
SReclaimable:      12080 kB
SUnreclaim:        21516 kB
KernelStack:        6016 kB
PageTables:        11680 kB
NFS_Unstable:          0 kB
Bounce:                0 kB
WritebackTmp:          0 kB
CommitLimit:      949752 kB
Committed_AS:   11951652 kB
VmallocTotal:     245760 kB
VmallocUsed:       50788 kB
VmallocChunk:      75648 kB
1557663040.697047
MemTotal:        1899508 kB
MemFree:           42720 kB
Buffers:             664 kB
Cached:           113516 kB
SwapCached:            0 kB
Active:          1529024 kB
Inactive:          53864 kB
Active(anon):    1472168 kB
Inactive(anon):     2480 kB
Active(file):      56856 kB
Inactive(file):    51384 kB
Unevictable:        1940 kB
Mlocked:               0 kB
HighTotal:       1158144 kB
HighFree:           1812 kB
LowTotal:         741364 kB
LowFree:           40908 kB
SwapTotal:             0 kB
SwapFree:              0 kB
Dirty:                48 kB
Writeback:             0 kB
AnonPages:       1470836 kB
Mapped:            98372 kB
Shmem:              4044 kB
Slab:              33596 kB
SReclaimable:      12080 kB
SUnreclaim:        21516 kB
KernelStack:        6016 kB
PageTables:        11680 kB
NFS_Unstable:          0 kB
Bounce:                0 kB
WritebackTmp:          0 kB
CommitLimit:      949752 kB
Committed_AS:   11951640 kB
VmallocTotal:     245760 kB
VmallocUsed:       50788 kB
VmallocChunk:      75648 kB
1557663041.330743
MemTotal:        1899508 kB
MemFree:           40792 kB
Buffers:             672 kB
Cached:           110540 kB
SwapCached:            0 kB
Active:          1531776 kB
Inactive:          52772 kB
Active(anon):    1476884 kB
Inactive(anon):     2480 kB
Active(file):      54892 kB
Inactive(file):    50292 kB
Unevictable:        1940 kB
Mlocked:               0 kB
HighTotal:       1158144 kB
HighFree:            700 kB
LowTotal:         741364 kB
LowFree:           40092 kB
SwapTotal:             0 kB
SwapFree:              0 kB
Dirty:                 0 kB
Writeback:             0 kB
AnonPages:       1475256 kB
Mapped:            98372 kB
Shmem:              4044 kB
Slab:              33596 kB
SReclaimable:      12080 kB
SUnreclaim:        21516 kB
KernelStack:        6032 kB
PageTables:        11700 kB
NFS_Unstable:          0 kB
Bounce:                0 kB
WritebackTmp:          0 kB
CommitLimit:      949752 kB
Committed_AS:   11951640 kB
VmallocTotal:     245760 kB
VmallocUsed:       50788 kB
VmallocChunk:      75648 kB
1557663041.959599
MemTotal:        1899508 kB
MemFree:           44120 kB
Buffers:             672 kB
Cached:           105608 kB
SwapCached:            0 kB
Active:          1532560 kB
Inactive:          49680 kB
Active(anon):    1479400 kB
Inactive(anon):     2480 kB
Active(file):      53160 kB
Inactive(file):    47200 kB
Unevictable:        1940 kB
Mlocked:               0 kB
HighTotal:       1158144 kB
HighFree:           2508 kB
LowTotal:         741364 kB
LowFree:           41612 kB
SwapTotal:             0 kB
SwapFree:              0 kB
Dirty:                 4 kB
Writeback:             0 kB
AnonPages:       1478020 kB
Mapped:            98384 kB
Shmem:              4044 kB
Slab:              33500 kB
SReclaimable:      12080 kB
SUnreclaim:        21420 kB
KernelStack:        5968 kB
PageTables:        11688 kB
NFS_Unstable:          0 kB
Bounce:                0 kB
WritebackTmp:          0 kB
CommitLimit:      949752 kB
Committed_AS:   11960848 kB
VmallocTotal:     245760 kB
VmallocUsed:       50788 kB
VmallocChunk:      75648 kB
1557663042.546624
MemTotal:        1899508 kB
MemFree:           43760 kB
Buffers:             672 kB
Cached:           105328 kB
SwapCached:            0 kB
Active:          1532372 kB
Inactive:          49860 kB
Active(anon):    1479756 kB
Inactive(anon):     2480 kB
Active(file):      52616 kB
Inactive(file):    47380 kB
Unevictable:        1940 kB
Mlocked:               0 kB
HighTotal:       1158144 kB
HighFree:           1916 kB
LowTotal:         741364 kB
LowFree:           41844 kB
SwapTotal:             0 kB
SwapFree:              0 kB
Dirty:                 0 kB
Writeback:             0 kB
AnonPages:       1478268 kB
Mapped:            98420 kB
Shmem:              4044 kB
Slab:              33564 kB
SReclaimable:      12080 kB
SUnreclaim:        21484 kB
KernelStack:        6000 kB
PageTables:        11696 kB
NFS_Unstable:          0 kB
Bounce:                0 kB
WritebackTmp:          0 kB
CommitLimit:      949752 kB
Committed_AS:   11961536 kB
VmallocTotal:     245760 kB
VmallocUsed:       50788 kB
VmallocChunk:      75648 kB
1557663043.163027
MemTotal:        1899508 kB
MemFree:           43616 kB
Buffers:             672 kB
Cached:           105264 kB
SwapCached:            0 kB
Active:          1532192 kB
Inactive:          50368 kB
Active(anon):    1480404 kB
Inactive(anon):     2936 kB
Active(file):      51788 kB
Inactive(file):    47432 kB
Unevictable:        1940 kB
Mlocked:               0 kB
HighTotal:       1158144 kB
HighFree:           1912 kB
LowTotal:         741364 kB
LowFree:           41704 kB
SwapTotal:             0 kB
SwapFree:              0 kB
Dirty:                 0 kB
Writeback:             0 kB
AnonPages:       1479020 kB
Mapped:            99056 kB
Shmem:              4612 kB
Slab:              33564 kB
SReclaimable:      12080 kB
SUnreclaim:        21484 kB
KernelStack:        6032 kB
PageTables:        11704 kB
NFS_Unstable:          0 kB
Bounce:                0 kB
WritebackTmp:          0 kB
CommitLimit:      949752 kB
Committed_AS:   11961524 kB
VmallocTotal:     245760 kB
VmallocUsed:       50788 kB
VmallocChunk:      75648 kB
1557663043.797400
MemTotal:        1899508 kB
MemFree:           46128 kB
Buffers:             672 kB
Cached:           104368 kB
SwapCached:            0 kB
Active:          1529552 kB
Inactive:          50416 kB
Active(anon):    1478652 kB
Inactive(anon):     2936 kB
Active(file):      50900 kB
Inactive(file):    47480 kB
Unevictable:        1940 kB
Mlocked:               0 kB
HighTotal:       1158144 kB
HighFree:           3624 kB
LowTotal:         741364 kB
LowFree:           42504 kB
SwapTotal:             0 kB
SwapFree:              0 kB
Dirty:                 0 kB
Writeback:             0 kB
AnonPages:       1477156 kB
Mapped:            99056 kB
Shmem:              4612 kB
Slab:              33564 kB
SReclaimable:      12080 kB
SUnreclaim:        21484 kB
KernelStack:        6032 kB
PageTables:        11704 kB
NFS_Unstable:          0 kB
Bounce:                0 kB
WritebackTmp:          0 kB
CommitLimit:      949752 kB
Committed_AS:   11961524 kB
VmallocTotal:     245760 kB
VmallocUsed:       50788 kB
VmallocChunk:      75648 kB
1557663044.415362
MemTotal:        1899508 kB
MemFree:           65304 kB
Buffers:             672 kB
Cached:           104572 kB
SwapCached:            0 kB
Active:          1509940 kB
Inactive:          50864 kB
Active(anon):    1459268 kB
Inactive(anon):     2936 kB
Active(file):      50672 kB
Inactive(file):    47928 kB
Unevictable:        1940 kB
Mlocked:               0 kB
HighTotal:       1158144 kB
HighFree:          18028 kB
LowTotal:         741364 kB
LowFree:           47276 kB
SwapTotal:             0 kB
SwapFree:              0 kB
Dirty:                 0 kB
Writeback:             0 kB
AnonPages:       1457564 kB
Mapped:            99060 kB
Shmem:              4612 kB
Slab:              33564 kB
SReclaimable:      12080 kB
SUnreclaim:        21484 kB
KernelStack:        6032 kB
PageTables:        11708 kB
NFS_Unstable:          0 kB
Bounce:                0 kB
WritebackTmp:          0 kB
CommitLimit:      949752 kB
Committed_AS:   11956808 kB
VmallocTotal:     245760 kB
VmallocUsed:       50788 kB
VmallocChunk:      75648 kB
1557663045.039797
MemTotal:        1899508 kB
MemFree:           57472 kB
Buffers:             688 kB
Cached:           105612 kB
SwapCached:            0 kB
Active:          1516180 kB
Inactive:          52052 kB
Active(anon):    1465548 kB
Inactive(anon):     2936 kB
Active(file):      50632 kB
Inactive(file):    49116 kB
Unevictable:        1940 kB
Mlocked:               0 kB
HighTotal:       1158144 kB
HighFree:          10688 kB
LowTotal:         741364 kB
LowFree:           46784 kB
SwapTotal:             0 kB
SwapFree:              0 kB
Dirty:                32 kB
Writeback:             0 kB
AnonPages:       1463916 kB
Mapped:            99260 kB
Shmem:              4612 kB
Slab:              33692 kB
SReclaimable:      12080 kB
SUnreclaim:        21612 kB
KernelStack:        6112 kB
PageTables:        12072 kB
NFS_Unstable:          0 kB
Bounce:                0 kB
WritebackTmp:          0 kB
CommitLimit:      949752 kB
Committed_AS:   12524364 kB
VmallocTotal:     245760 kB
VmallocUsed:       51808 kB
VmallocChunk:      75648 kB
1557663045.649275
MemTotal:        1899508 kB
MemFree:           59212 kB
Buffers:             688 kB
Cached:           105736 kB
SwapCached:            0 kB
Active:          1514416 kB
Inactive:          52052 kB
Active(anon):    1463784 kB
Inactive(anon):     2936 kB
Active(file):      50632 kB
Inactive(file):    49116 kB
Unevictable:        1940 kB
Mlocked:               0 kB
HighTotal:       1158144 kB
HighFree:          12452 kB
LowTotal:         741364 kB
LowFree:           46760 kB
SwapTotal:             0 kB
SwapFree:              0 kB
Dirty:                32 kB
Writeback:             0 kB
AnonPages:       1462056 kB
Mapped:            99260 kB
Shmem:              4612 kB
Slab:              33692 kB
SReclaimable:      12080 kB
SUnreclaim:        21612 kB
KernelStack:        6112 kB
PageTables:        12072 kB
NFS_Unstable:          0 kB
Bounce:                0 kB
WritebackTmp:          0 kB
CommitLimit:      949752 kB
Committed_AS:   12524424 kB
VmallocTotal:     245760 kB
VmallocUsed:       51808 kB
VmallocChunk:      75648 kB
1557663046.402509
MemTotal:        1899508 kB
MemFree:           58752 kB
Buffers:             688 kB
Cached:           105716 kB
SwapCached:            0 kB
Active:          1514748 kB
Inactive:          52156 kB
Active(anon):    1464116 kB
Inactive(anon):     2936 kB
Active(file):      50632 kB
Inactive(file):    49220 kB
Unevictable:        1940 kB
Mlocked:               0 kB
HighTotal:       1158144 kB
HighFree:          11900 kB
LowTotal:         741364 kB
LowFree:           46852 kB
SwapTotal:             0 kB
SwapFree:              0 kB
Dirty:                32 kB
Writeback:             0 kB
AnonPages:       1462436 kB
Mapped:            99256 kB
Shmem:              4612 kB
Slab:              33628 kB
SReclaimable:      12080 kB
SUnreclaim:        21548 kB
KernelStack:        6096 kB
PageTables:        12164 kB
NFS_Unstable:          0 kB
Bounce:                0 kB
WritebackTmp:          0 kB
CommitLimit:      949752 kB
Committed_AS:   12525164 kB
VmallocTotal:     245760 kB
VmallocUsed:       51808 kB
VmallocChunk:      75648 kB
1557663047.232252
MemTotal:        1899508 kB
MemFree:           58428 kB
Buffers:             688 kB
Cached:           105716 kB
SwapCached:            0 kB
Active:          1514924 kB
Inactive:          52156 kB
Active(anon):    1464292 kB
Inactive(anon):     2936 kB
Active(file):      50632 kB
Inactive(file):    49220 kB
Unevictable:        1940 kB
Mlocked:               0 kB
HighTotal:       1158144 kB
HighFree:          11652 kB
LowTotal:         741364 kB
LowFree:           46776 kB
SwapTotal:             0 kB
SwapFree:              0 kB
Dirty:                32 kB
Writeback:             0 kB
AnonPages:       1462724 kB
Mapped:            99260 kB
Shmem:              4612 kB
Slab:              33628 kB
SReclaimable:      12080 kB
SUnreclaim:        21548 kB
KernelStack:        6096 kB
PageTables:        12064 kB
NFS_Unstable:          0 kB
Bounce:                0 kB
WritebackTmp:          0 kB
CommitLimit:      949752 kB
Committed_AS:   12525176 kB
VmallocTotal:     245760 kB
VmallocUsed:       51808 kB
VmallocChunk:      75648 kB
1557663047.892924
MemTotal:        1899508 kB
MemFree:           58384 kB
Buffers:             688 kB
Cached:           105716 kB
SwapCached:            0 kB
Active:          1515008 kB
Inactive:          52156 kB
Active(anon):    1464376 kB
Inactive(anon):     2936 kB
Active(file):      50632 kB
Inactive(file):    49220 kB
Unevictable:        1940 kB
Mlocked:               0 kB
HighTotal:       1158144 kB
HighFree:          11576 kB
LowTotal:         741364 kB
LowFree:           46808 kB
SwapTotal:             0 kB
SwapFree:              0 kB
Dirty:                32 kB
Writeback:             0 kB
AnonPages:       1462724 kB
Mapped:            99260 kB
Shmem:              4612 kB
Slab:              33628 kB
SReclaimable:      12080 kB
SUnreclaim:        21548 kB
KernelStack:        6096 kB
PageTables:        12064 kB
NFS_Unstable:          0 kB
Bounce:                0 kB
WritebackTmp:          0 kB
CommitLimit:      949752 kB
Committed_AS:   12525240 kB
VmallocTotal:     245760 kB
VmallocUsed:       51808 kB
VmallocChunk:      75648 kB
1557663048.516899
MemTotal:        1899508 kB
MemFree:           56040 kB
Buffers:             688 kB
Cached:           105716 kB
SwapCached:            0 kB
Active:          1517640 kB
Inactive:          52156 kB
Active(anon):    1467008 kB
Inactive(anon):     2936 kB
Active(file):      50632 kB
Inactive(file):    49220 kB
Unevictable:        1940 kB
Mlocked:               0 kB
HighTotal:       1158144 kB
HighFree:           9108 kB
LowTotal:         741364 kB
LowFree:           46932 kB
SwapTotal:             0 kB
SwapFree:              0 kB
Dirty:                32 kB
Writeback:             0 kB
AnonPages:       1465336 kB
Mapped:            99260 kB
Shmem:              4612 kB
Slab:              33628 kB
SReclaimable:      12080 kB
SUnreclaim:        21548 kB
KernelStack:        6096 kB
PageTables:        12064 kB
NFS_Unstable:          0 kB
Bounce:                0 kB
WritebackTmp:          0 kB
CommitLimit:      949752 kB
Committed_AS:   12525944 kB
VmallocTotal:     245760 kB
VmallocUsed:       51808 kB
VmallocChunk:      75648 kB
1557663049.143217
MemTotal:        1899508 kB
MemFree:           53456 kB
Buffers:             704 kB
Cached:           105716 kB
SwapCached:            0 kB
Active:          1520124 kB
Inactive:          52168 kB
Active(anon):    1469492 kB
Inactive(anon):     2932 kB
Active(file):      50632 kB
Inactive(file):    49236 kB
Unevictable:        1940 kB
Mlocked:               0 kB
HighTotal:       1158144 kB
HighFree:           6500 kB
LowTotal:         741364 kB
LowFree:           46956 kB
SwapTotal:             0 kB
SwapFree:              0 kB
Dirty:                32 kB
Writeback:             0 kB
AnonPages:       1467832 kB
Mapped:            99260 kB
Shmem:              4612 kB
Slab:              33532 kB
SReclaimable:      12080 kB
SUnreclaim:        21452 kB
KernelStack:        6096 kB
PageTables:        12064 kB
NFS_Unstable:          0 kB
Bounce:                0 kB
WritebackTmp:          0 kB
CommitLimit:      949752 kB
Committed_AS:   12525968 kB
VmallocTotal:     245760 kB
VmallocUsed:       51808 kB
VmallocChunk:      75648 kB
1557663049.799556
MemTotal:        1899508 kB
MemFree:           53700 kB
Buffers:             704 kB
Cached:           106956 kB
SwapCached:            0 kB
Active:          1518372 kB
Inactive:          53428 kB
Active(anon):    1467740 kB
Inactive(anon):     2932 kB
Active(file):      50632 kB
Inactive(file):    50496 kB
Unevictable:        1940 kB
Mlocked:               0 kB
HighTotal:       1158144 kB
HighFree:           6324 kB
LowTotal:         741364 kB
LowFree:           47376 kB
SwapTotal:             0 kB
SwapFree:              0 kB
Dirty:                32 kB
Writeback:             0 kB
AnonPages:       1466192 kB
Mapped:           100576 kB
Shmem:              4612 kB
Slab:              33532 kB
SReclaimable:      12080 kB
SUnreclaim:        21452 kB
KernelStack:        6096 kB
PageTables:        12164 kB
NFS_Unstable:          0 kB
Bounce:                0 kB
WritebackTmp:          0 kB
CommitLimit:      949752 kB
Committed_AS:   12525940 kB
VmallocTotal:     245760 kB
VmallocUsed:       51808 kB
VmallocChunk:      75648 kB
1557663050.505911
MemTotal:        1899508 kB
MemFree:           71108 kB
Buffers:             704 kB
Cached:           107200 kB
SwapCached:            0 kB
Active:          1500276 kB
Inactive:          53612 kB
Active(anon):    1449644 kB
Inactive(anon):     2932 kB
Active(file):      50632 kB
Inactive(file):    50680 kB
Unevictable:        1940 kB
Mlocked:               0 kB
HighTotal:       1158144 kB
HighFree:          15424 kB
LowTotal:         741364 kB
LowFree:           55684 kB
SwapTotal:             0 kB
SwapFree:              0 kB
Dirty:                 0 kB
Writeback:             0 kB
AnonPages:       1448100 kB
Mapped:           100524 kB
Shmem:              4612 kB
Slab:              33564 kB
SReclaimable:      12080 kB
SUnreclaim:        21484 kB
KernelStack:        6096 kB
PageTables:        12072 kB
NFS_Unstable:          0 kB
Bounce:                0 kB
WritebackTmp:          0 kB
CommitLimit:      949752 kB
Committed_AS:   12525684 kB
VmallocTotal:     245760 kB
VmallocUsed:       51808 kB
VmallocChunk:      75648 kB
1557663051.124436
MemTotal:        1899508 kB
MemFree:           70884 kB
Buffers:             704 kB
Cached:           107172 kB
SwapCached:            0 kB
Active:          1500828 kB
Inactive:          53624 kB
Active(anon):    1450196 kB
Inactive(anon):     2932 kB
Active(file):      50632 kB
Inactive(file):    50692 kB
Unevictable:        1940 kB
Mlocked:               0 kB
HighTotal:       1158144 kB
HighFree:          15076 kB
LowTotal:         741364 kB
LowFree:           55808 kB
SwapTotal:             0 kB
SwapFree:              0 kB
Dirty:                 0 kB
Writeback:             0 kB
AnonPages:       1448648 kB
Mapped:           100576 kB
Shmem:              4612 kB
Slab:              33560 kB
SReclaimable:      12080 kB
SUnreclaim:        21480 kB
KernelStack:        6088 kB
PageTables:        12076 kB
NFS_Unstable:          0 kB
Bounce:                0 kB
WritebackTmp:          0 kB
CommitLimit:      949752 kB
Committed_AS:   12526336 kB
VmallocTotal:     245760 kB
VmallocUsed:       51808 kB
VmallocChunk:      75648 kB
1557663051.766731
MemTotal:        1899508 kB
MemFree:           70604 kB
Buffers:             704 kB
Cached:           107172 kB
SwapCached:            0 kB
Active:          1500912 kB
Inactive:          53624 kB
Active(anon):    1450280 kB
Inactive(anon):     2932 kB
Active(file):      50632 kB
Inactive(file):    50692 kB
Unevictable:        1940 kB
Mlocked:               0 kB
HighTotal:       1158144 kB
HighFree:          14888 kB
LowTotal:         741364 kB
LowFree:           55716 kB
SwapTotal:             0 kB
SwapFree:              0 kB
Dirty:                 0 kB
Writeback:             0 kB
AnonPages:       1448648 kB
Mapped:           100576 kB
Shmem:              4612 kB
Slab:              33560 kB
SReclaimable:      12080 kB
SUnreclaim:        21480 kB
KernelStack:        6088 kB
PageTables:        12076 kB
NFS_Unstable:          0 kB
Bounce:                0 kB
WritebackTmp:          0 kB
CommitLimit:      949752 kB
Committed_AS:   12526468 kB
VmallocTotal:     245760 kB
VmallocUsed:       51808 kB
VmallocChunk:      75648 kB
1557663052.370508
MemTotal:        1899508 kB
MemFree:           68092 kB
Buffers:             704 kB
Cached:           107244 kB
SwapCached:            0 kB
Active:          1503684 kB
Inactive:          53696 kB
Active(anon):    1453052 kB
Inactive(anon):     2932 kB
Active(file):      50632 kB
Inactive(file):    50764 kB
Unevictable:        1940 kB
Mlocked:               0 kB
HighTotal:       1158144 kB
HighFree:          12284 kB
LowTotal:         741364 kB
LowFree:           55808 kB
SwapTotal:             0 kB
SwapFree:              0 kB
Dirty:                 0 kB
Writeback:             0 kB
AnonPages:       1451404 kB
Mapped:           100580 kB
Shmem:              4612 kB
Slab:              33560 kB
SReclaimable:      12080 kB
SUnreclaim:        21480 kB
KernelStack:        6088 kB
PageTables:        12088 kB
NFS_Unstable:          0 kB
Bounce:                0 kB
WritebackTmp:          0 kB
CommitLimit:      949752 kB
Committed_AS:   12526624 kB
VmallocTotal:     245760 kB
VmallocUsed:       51808 kB
VmallocChunk:      75648 kB
1557663053.035287
MemTotal:        1899508 kB
MemFree:           67304 kB
Buffers:             720 kB
Cached:           107244 kB
SwapCached:            0 kB
Active:          1504320 kB
Inactive:          53712 kB
Active(anon):    1453688 kB
Inactive(anon):     2932 kB
Active(file):      50632 kB
Inactive(file):    50780 kB
Unevictable:        1940 kB
Mlocked:               0 kB
HighTotal:       1158144 kB
HighFree:          11496 kB
LowTotal:         741364 kB
LowFree:           55808 kB
SwapTotal:             0 kB
SwapFree:              0 kB
Dirty:                32 kB
Writeback:             0 kB
AnonPages:       1452212 kB
Mapped:           100580 kB
Shmem:              4612 kB
Slab:              33560 kB
SReclaimable:      12080 kB
SUnreclaim:        21480 kB
KernelStack:        6104 kB
PageTables:        12076 kB
NFS_Unstable:          0 kB
Bounce:                0 kB
WritebackTmp:          0 kB
CommitLimit:      949752 kB
Committed_AS:   12527320 kB
VmallocTotal:     245760 kB
VmallocUsed:       51808 kB
VmallocChunk:      75648 kB
1557663053.688596
MemTotal:        1899508 kB
MemFree:           64680 kB
Buffers:             720 kB
Cached:           107244 kB
SwapCached:            0 kB
Active:          1507176 kB
Inactive:          53712 kB
Active(anon):    1456544 kB
Inactive(anon):     2932 kB
Active(file):      50632 kB
Inactive(file):    50780 kB
Unevictable:        1940 kB
Mlocked:               0 kB
HighTotal:       1158144 kB
HighFree:           8808 kB
LowTotal:         741364 kB
LowFree:           55872 kB
SwapTotal:             0 kB
SwapFree:              0 kB
Dirty:                32 kB
Writeback:             0 kB
AnonPages:       1454940 kB
Mapped:           100580 kB
Shmem:              4612 kB
Slab:              33560 kB
SReclaimable:      12080 kB
SUnreclaim:        21480 kB
KernelStack:        6104 kB
PageTables:        12076 kB
NFS_Unstable:          0 kB
Bounce:                0 kB
WritebackTmp:          0 kB
CommitLimit:      949752 kB
Committed_AS:   12527424 kB
VmallocTotal:     245760 kB
VmallocUsed:       51808 kB
VmallocChunk:      75648 kB
1557663054.336265
MemTotal:        1899508 kB
MemFree:           64632 kB
Buffers:             720 kB
Cached:           107244 kB
SwapCached:            0 kB
Active:          1507164 kB
Inactive:          53712 kB
Active(anon):    1456532 kB
Inactive(anon):     2932 kB
Active(file):      50632 kB
Inactive(file):    50780 kB
Unevictable:        1940 kB
Mlocked:               0 kB
HighTotal:       1158144 kB
HighFree:           8728 kB
LowTotal:         741364 kB
LowFree:           55904 kB
SwapTotal:             0 kB
SwapFree:              0 kB
Dirty:                32 kB
Writeback:             0 kB
AnonPages:       1454932 kB
Mapped:           100592 kB
Shmem:              4612 kB
Slab:              33496 kB
SReclaimable:      12080 kB
SUnreclaim:        21416 kB
KernelStack:        6104 kB
PageTables:        12088 kB
NFS_Unstable:          0 kB
Bounce:                0 kB
WritebackTmp:          0 kB
CommitLimit:      949752 kB
Committed_AS:   12527440 kB
VmallocTotal:     245760 kB
VmallocUsed:       51808 kB
VmallocChunk:      75648 kB
1557663054.973322
MemTotal:        1899508 kB
MemFree:           54440 kB
Buffers:             728 kB
Cached:           113136 kB
SwapCached:            0 kB
Active:          1511728 kB
Inactive:          59540 kB
Active(anon):    1461024 kB
Inactive(anon):     2932 kB
Active(file):      50704 kB
Inactive(file):    56608 kB
Unevictable:        1940 kB
Mlocked:               0 kB
HighTotal:       1158144 kB
HighFree:           1752 kB
LowTotal:         741364 kB
LowFree:           52688 kB
SwapTotal:             0 kB
SwapFree:              0 kB
Dirty:                40 kB
Writeback:             0 kB
AnonPages:       1459416 kB
Mapped:           104768 kB
Shmem:              4612 kB
Slab:              33496 kB
SReclaimable:      12080 kB
SUnreclaim:        21416 kB
KernelStack:        6168 kB
PageTables:        12464 kB
NFS_Unstable:          0 kB
Bounce:                0 kB
WritebackTmp:          0 kB
CommitLimit:      949752 kB
Committed_AS:   13098680 kB
VmallocTotal:     245760 kB
VmallocUsed:       52828 kB
VmallocChunk:      75648 kB
1557663055.589798
MemTotal:        1899508 kB
MemFree:           44840 kB
Buffers:             752 kB
Cached:           114012 kB
SwapCached:            0 kB
Active:          1519532 kB
Inactive:          60220 kB
Active(anon):    1468692 kB
Inactive(anon):     2932 kB
Active(file):      50840 kB
Inactive(file):    57288 kB
Unevictable:        1940 kB
Mlocked:               0 kB
HighTotal:       1158144 kB
HighFree:           1752 kB
LowTotal:         741364 kB
LowFree:           43088 kB
SwapTotal:             0 kB
SwapFree:              0 kB
Dirty:               140 kB
Writeback:             0 kB
AnonPages:       1467092 kB
Mapped:           108056 kB
Shmem:              4612 kB
Slab:              33496 kB
SReclaimable:      12080 kB
SUnreclaim:        21416 kB
KernelStack:        6168 kB
PageTables:        13264 kB
NFS_Unstable:          0 kB
Bounce:                0 kB
WritebackTmp:          0 kB
CommitLimit:      949752 kB
Committed_AS:   14891696 kB
VmallocTotal:     245760 kB
VmallocUsed:       54868 kB
VmallocChunk:      75648 kB
1557663056.250812
MemTotal:        1899508 kB
MemFree:           43036 kB
Buffers:             736 kB
Cached:           115460 kB
SwapCached:            0 kB
Active:          1523712 kB
Inactive:          57676 kB
Active(anon):    1469236 kB
Inactive(anon):     2936 kB
Active(file):      54476 kB
Inactive(file):    54740 kB
Unevictable:        1940 kB
Mlocked:               0 kB
HighTotal:       1158144 kB
HighFree:           1780 kB
LowTotal:         741364 kB
LowFree:           41256 kB
SwapTotal:             0 kB
SwapFree:              0 kB
Dirty:               128 kB
Writeback:             0 kB
AnonPages:       1467736 kB
Mapped:           108656 kB
Shmem:              4616 kB
Slab:              33496 kB
SReclaimable:      12080 kB
SUnreclaim:        21416 kB
KernelStack:        6248 kB
PageTables:        12936 kB
NFS_Unstable:          0 kB
Bounce:                0 kB
WritebackTmp:          0 kB
CommitLimit:      949752 kB
Committed_AS:   13670404 kB
VmallocTotal:     245760 kB
VmallocUsed:       53848 kB
VmallocChunk:      75648 kB
1557663056.946470
MemTotal:        1899508 kB
MemFree:           41924 kB
Buffers:             592 kB
Cached:           114692 kB
SwapCached:            0 kB
Active:          1528980 kB
Inactive:          54308 kB
Active(anon):    1471628 kB
Inactive(anon):     2936 kB
Active(file):      57352 kB
Inactive(file):    51372 kB
Unevictable:        1940 kB
Mlocked:               0 kB
HighTotal:       1158144 kB
HighFree:           1752 kB
LowTotal:         741364 kB
LowFree:           40172 kB
SwapTotal:             0 kB
SwapFree:              0 kB
Dirty:               100 kB
Writeback:             0 kB
AnonPages:       1470088 kB
Mapped:           102480 kB
Shmem:              4616 kB
Slab:              33564 kB
SReclaimable:      12080 kB
SUnreclaim:        21484 kB
KernelStack:        6312 kB
PageTables:        13272 kB
NFS_Unstable:          0 kB
Bounce:                0 kB
WritebackTmp:          0 kB
CommitLimit:      949752 kB
Committed_AS:   14892496 kB
VmallocTotal:     245760 kB
VmallocUsed:       54868 kB
VmallocChunk:      75648 kB
1557663057.581571
MemTotal:        1899508 kB
MemFree:           54656 kB
Buffers:             596 kB
Cached:           113520 kB
SwapCached:            0 kB
Active:          1521764 kB
Inactive:          49924 kB
Active(anon):    1461376 kB
Inactive(anon):     2936 kB
Active(file):      60388 kB
Inactive(file):    46988 kB
Unevictable:        1940 kB
Mlocked:               0 kB
HighTotal:       1158144 kB
HighFree:           3880 kB
LowTotal:         741364 kB
LowFree:           50776 kB
SwapTotal:             0 kB
SwapFree:              0 kB
Dirty:                 0 kB
Writeback:             0 kB
AnonPages:       1459724 kB
Mapped:            90824 kB
Shmem:              4616 kB
Slab:              33660 kB
SReclaimable:      12080 kB
SUnreclaim:        21580 kB
KernelStack:        6176 kB
PageTables:        11672 kB
NFS_Unstable:          0 kB
Bounce:                0 kB
WritebackTmp:          0 kB
CommitLimit:      949752 kB
Committed_AS:   11961688 kB
VmallocTotal:     245760 kB
VmallocUsed:       50788 kB
VmallocChunk:      75648 kB
1557663058.185568
MemTotal:        1899508 kB
MemFree:           53144 kB
Buffers:             596 kB
Cached:           113516 kB
SwapCached:            0 kB
Active:          1522448 kB
Inactive:          50456 kB
Active(anon):    1462448 kB
Inactive(anon):     2932 kB
Active(file):      60000 kB
Inactive(file):    47524 kB
Unevictable:        1940 kB
Mlocked:               0 kB
HighTotal:       1158144 kB
HighFree:           2676 kB
LowTotal:         741364 kB
LowFree:           50468 kB
SwapTotal:             0 kB
SwapFree:              0 kB
Dirty:                 0 kB
Writeback:             0 kB
AnonPages:       1460876 kB
Mapped:            90824 kB
Shmem:              4612 kB
Slab:              33596 kB
SReclaimable:      12080 kB
SUnreclaim:        21516 kB
KernelStack:        6000 kB
PageTables:        12004 kB
NFS_Unstable:          0 kB
Bounce:                0 kB
WritebackTmp:          0 kB
CommitLimit:      949752 kB
Committed_AS:   13184096 kB
VmallocTotal:     245760 kB
VmallocUsed:       51808 kB
VmallocChunk:      75648 kB
1557663058.853774
MemTotal:        1899508 kB
MemFree:           51376 kB
Buffers:             596 kB
Cached:           116660 kB
SwapCached:            0 kB
Active:          1522336 kB
Inactive:          52752 kB
Active(anon):    1461328 kB
Inactive(anon):     2932 kB
Active(file):      61008 kB
Inactive(file):    49820 kB
Unevictable:        1940 kB
Mlocked:               0 kB
HighTotal:       1158144 kB
HighFree:           2948 kB
LowTotal:         741364 kB
LowFree:           48428 kB
SwapTotal:             0 kB
SwapFree:              0 kB
Dirty:                 0 kB
Writeback:             0 kB
AnonPages:       1459712 kB
Mapped:            87340 kB
Shmem:              4612 kB
Slab:              33592 kB
SReclaimable:      12080 kB
SUnreclaim:        21512 kB
KernelStack:        6032 kB
PageTables:        11636 kB
NFS_Unstable:          0 kB
Bounce:                0 kB
WritebackTmp:          0 kB
CommitLimit:      949752 kB
Committed_AS:   11961484 kB
VmallocTotal:     245760 kB
VmallocUsed:       50788 kB
VmallocChunk:      75648 kB
1557663059.561689
MemTotal:        1899508 kB
MemFree:           46656 kB
Buffers:             596 kB
Cached:           121820 kB
SwapCached:            0 kB
Active:          1522024 kB
Inactive:          58060 kB
Active(anon):    1461216 kB
Inactive(anon):     2932 kB
Active(file):      60808 kB
Inactive(file):    55128 kB
Unevictable:        1940 kB
Mlocked:               0 kB
HighTotal:       1158144 kB
HighFree:           1724 kB
LowTotal:         741364 kB
LowFree:           44932 kB
SwapTotal:             0 kB
SwapFree:              0 kB
Dirty:                 0 kB
Writeback:             0 kB
AnonPages:       1459752 kB
Mapped:            88804 kB
Shmem:              4612 kB
Slab:              33560 kB
SReclaimable:      12080 kB
SUnreclaim:        21480 kB
KernelStack:        6016 kB
PageTables:        11696 kB
NFS_Unstable:          0 kB
Bounce:                0 kB
WritebackTmp:          0 kB
CommitLimit:      949752 kB
Committed_AS:   11957352 kB
VmallocTotal:     245760 kB
VmallocUsed:       50788 kB
VmallocChunk:      75648 kB
1557663060.161708
MemTotal:        1899508 kB
MemFree:           45392 kB
Buffers:             596 kB
Cached:           123232 kB
SwapCached:            0 kB
Active:          1521716 kB
Inactive:          59696 kB
Active(anon):    1461240 kB
Inactive(anon):     2932 kB
Active(file):      60476 kB
Inactive(file):    56764 kB
Unevictable:        1940 kB
Mlocked:               0 kB
HighTotal:       1158144 kB
HighFree:           1996 kB
LowTotal:         741364 kB
LowFree:           43396 kB
SwapTotal:             0 kB
SwapFree:              0 kB
Dirty:                 0 kB
Writeback:             0 kB
AnonPages:       1459672 kB
Mapped:            89256 kB
Shmem:              4612 kB
Slab:              33556 kB
SReclaimable:      12080 kB
SUnreclaim:        21476 kB
KernelStack:        6000 kB
PageTables:        11676 kB
NFS_Unstable:          0 kB
Bounce:                0 kB
WritebackTmp:          0 kB
CommitLimit:      949752 kB
Committed_AS:   11957264 kB
VmallocTotal:     245760 kB
VmallocUsed:       50788 kB
VmallocChunk:      75648 kB
1557663060.777272
MemTotal:        1899508 kB
MemFree:           43848 kB
Buffers:             580 kB
Cached:           122228 kB
SwapCached:            0 kB
Active:          1523700 kB
Inactive:          59020 kB
Active(anon):    1463596 kB
Inactive(anon):     2932 kB
Active(file):      60104 kB
Inactive(file):    56088 kB
Unevictable:        1940 kB
Mlocked:               0 kB
HighTotal:       1158144 kB
HighFree:           1800 kB
LowTotal:         741364 kB
LowFree:           42048 kB
SwapTotal:             0 kB
SwapFree:              0 kB
Dirty:                 0 kB
Writeback:             0 kB
AnonPages:       1461968 kB
Mapped:            89056 kB
Shmem:              4612 kB
Slab:              33556 kB
SReclaimable:      12080 kB
SUnreclaim:        21476 kB
KernelStack:        6000 kB
PageTables:        11776 kB
NFS_Unstable:          0 kB
Bounce:                0 kB
WritebackTmp:          0 kB
CommitLimit:      949752 kB
Committed_AS:   11957296 kB
VmallocTotal:     245760 kB
VmallocUsed:       50788 kB
VmallocChunk:      75648 kB
1557663061.393129
MemTotal:        1899508 kB
MemFree:           43168 kB
Buffers:             480 kB
Cached:           120540 kB
SwapCached:            0 kB
Active:          1525132 kB
Inactive:          58276 kB
Active(anon):    1466240 kB
Inactive(anon):     2932 kB
Active(file):      58892 kB
Inactive(file):    55344 kB
Unevictable:        1940 kB
Mlocked:               0 kB
HighTotal:       1158144 kB
HighFree:           1784 kB
LowTotal:         741364 kB
LowFree:           41384 kB
SwapTotal:             0 kB
SwapFree:              0 kB
Dirty:                 0 kB
Writeback:             0 kB
AnonPages:       1464572 kB
Mapped:            88792 kB
Shmem:              4612 kB
Slab:              33428 kB
SReclaimable:      12080 kB
SUnreclaim:        21348 kB
KernelStack:        6016 kB
PageTables:        11688 kB
NFS_Unstable:          0 kB
Bounce:                0 kB
WritebackTmp:          0 kB
CommitLimit:      949752 kB
Committed_AS:   11957324 kB
VmallocTotal:     245760 kB
VmallocUsed:       50788 kB
VmallocChunk:      75648 kB
1557663062.006002
MemTotal:        1899508 kB
MemFree:           43788 kB
Buffers:             484 kB
Cached:           119176 kB
SwapCached:            0 kB
Active:          1524672 kB
Inactive:          57976 kB
Active(anon):    1466560 kB
Inactive(anon):     2932 kB
Active(file):      58112 kB
Inactive(file):    55044 kB
Unevictable:        1940 kB
Mlocked:               0 kB
HighTotal:       1158144 kB
HighFree:           1884 kB
LowTotal:         741364 kB
LowFree:           41904 kB
SwapTotal:             0 kB
SwapFree:              0 kB
Dirty:                36 kB
Writeback:             0 kB
AnonPages:       1464844 kB
Mapped:            88792 kB
Shmem:              4612 kB
Slab:              33484 kB
SReclaimable:      12072 kB
SUnreclaim:        21412 kB
KernelStack:        6000 kB
PageTables:        11676 kB
NFS_Unstable:          0 kB
Bounce:                0 kB
WritebackTmp:          0 kB
CommitLimit:      949752 kB
Committed_AS:   11957992 kB
VmallocTotal:     245760 kB
VmallocUsed:       50788 kB
VmallocChunk:      75648 kB
1557663062.620591
MemTotal:        1899508 kB
MemFree:           44924 kB
Buffers:             476 kB
Cached:           118288 kB
SwapCached:            0 kB
Active:          1524004 kB
Inactive:          57548 kB
Active(anon):    1466560 kB
Inactive(anon):     2932 kB
Active(file):      57444 kB
Inactive(file):    54616 kB
Unevictable:        1940 kB
Mlocked:               0 kB
HighTotal:       1158144 kB
HighFree:           2600 kB
LowTotal:         741364 kB
LowFree:           42324 kB
SwapTotal:             0 kB
SwapFree:              0 kB
Dirty:                36 kB
Writeback:             0 kB
AnonPages:       1464968 kB
Mapped:            88792 kB
Shmem:              4612 kB
Slab:              33484 kB
SReclaimable:      12072 kB
SUnreclaim:        21412 kB
KernelStack:        6000 kB
PageTables:        11676 kB
NFS_Unstable:          0 kB
Bounce:                0 kB
WritebackTmp:          0 kB
CommitLimit:      949752 kB
Committed_AS:   11957996 kB
VmallocTotal:     245760 kB
VmallocUsed:       50788 kB
VmallocChunk:      75648 kB
1557663063.280952
MemTotal:        1899508 kB
MemFree:           48624 kB
Buffers:             452 kB
Cached:           116800 kB
SwapCached:            0 kB
Active:          1521144 kB
Inactive:          56836 kB
Active(anon):    1464324 kB
Inactive(anon):     2932 kB
Active(file):      56820 kB
Inactive(file):    53904 kB
Unevictable:        1940 kB
Mlocked:               0 kB
HighTotal:       1158144 kB
HighFree:           5120 kB
LowTotal:         741364 kB
LowFree:           43504 kB
SwapTotal:             0 kB
SwapFree:              0 kB
Dirty:                36 kB
Writeback:             0 kB
AnonPages:       1462684 kB
Mapped:            88788 kB
Shmem:              4612 kB
Slab:              33484 kB
SReclaimable:      12072 kB
SUnreclaim:        21412 kB
KernelStack:        6000 kB
PageTables:        11676 kB
NFS_Unstable:          0 kB
Bounce:                0 kB
WritebackTmp:          0 kB
CommitLimit:      949752 kB
Committed_AS:   11958004 kB
VmallocTotal:     245760 kB
VmallocUsed:       50788 kB
VmallocChunk:      75648 kB
1557663064.028122
MemTotal:        1899508 kB
MemFree:           43904 kB
Buffers:             460 kB
Cached:           119920 kB
SwapCached:            0 kB
Active:          1521800 kB
Inactive:          60716 kB
Active(anon):    1465684 kB
Inactive(anon):     2932 kB
Active(file):      56116 kB
Inactive(file):    57784 kB
Unevictable:        1940 kB
Mlocked:               0 kB
HighTotal:       1158144 kB
HighFree:           1728 kB
LowTotal:         741364 kB
LowFree:           42176 kB
SwapTotal:             0 kB
SwapFree:              0 kB
Dirty:                36 kB
Writeback:             0 kB
AnonPages:       1464048 kB
Mapped:            88924 kB
Shmem:              4612 kB
Slab:              33480 kB
SReclaimable:      12072 kB
SUnreclaim:        21408 kB
KernelStack:        6008 kB
PageTables:        11944 kB
NFS_Unstable:          0 kB
Bounce:                0 kB
WritebackTmp:          0 kB
CommitLimit:      949752 kB
Committed_AS:   13181196 kB
VmallocTotal:     245760 kB
VmallocUsed:       51808 kB
VmallocChunk:      75648 kB
1557663064.653719
MemTotal:        1899508 kB
MemFree:           39872 kB
Buffers:             672 kB
Cached:           119836 kB
SwapCached:            0 kB
Active:          1526416 kB
Inactive:          60356 kB
Active(anon):    1469944 kB
Inactive(anon):     3068 kB
Active(file):      56472 kB
Inactive(file):    57288 kB
Unevictable:        1940 kB
Mlocked:               0 kB
HighTotal:       1158144 kB
HighFree:            396 kB
LowTotal:         741364 kB
LowFree:           39476 kB
SwapTotal:             0 kB
SwapFree:              0 kB
Dirty:                36 kB
Writeback:             0 kB
AnonPages:       1468356 kB
Mapped:            94096 kB
Shmem:              4812 kB
Slab:              33480 kB
SReclaimable:      12072 kB
SUnreclaim:        21408 kB
KernelStack:        6008 kB
PageTables:        12544 kB
NFS_Unstable:          0 kB
Bounce:                0 kB
WritebackTmp:          0 kB
CommitLimit:      949752 kB
Committed_AS:   13753388 kB
VmallocTotal:     245760 kB
VmallocUsed:       52828 kB
VmallocChunk:      75648 kB
1557663065.297222
MemTotal:        1899508 kB
MemFree:           39864 kB
Buffers:             672 kB
Cached:           118276 kB
SwapCached:            0 kB
Active:          1526564 kB
Inactive:          59752 kB
Active(anon):    1470960 kB
Inactive(anon):     2936 kB
Active(file):      55604 kB
Inactive(file):    56816 kB
Unevictable:        1940 kB
Mlocked:               0 kB
HighTotal:       1158144 kB
HighFree:            568 kB
LowTotal:         741364 kB
LowFree:           39296 kB
SwapTotal:             0 kB
SwapFree:              0 kB
Dirty:                36 kB
Writeback:             0 kB
