MemTotal:        1899508 kB
MemFree:           55564 kB
Buffers:             816 kB
Cached:           247452 kB
SwapCached:            0 kB
Active:          1462808 kB
Inactive:         157548 kB
Active(anon):    1375692 kB
Inactive(anon):     2664 kB
Active(file):      87116 kB
Inactive(file):   154884 kB
Unevictable:        1940 kB
Mlocked:               0 kB
HighTotal:       1158144 kB
HighFree:           8784 kB
LowTotal:         741364 kB
LowFree:           46780 kB
SwapTotal:             0 kB
SwapFree:              0 kB
Dirty:               216 kB
Writeback:             0 kB
AnonPages:       1374448 kB
Mapped:           111768 kB
Shmem:              4020 kB
Slab:              33136 kB
SReclaimable:      12316 kB
SUnreclaim:        20820 kB
KernelStack:        6832 kB
PageTables:        13700 kB
NFS_Unstable:          0 kB
Bounce:                0 kB
WritebackTmp:          0 kB
CommitLimit:      949752 kB
Committed_AS:   16492008 kB
VmallocTotal:     245760 kB
VmallocUsed:       54316 kB
VmallocChunk:      75648 kB
1557735533.746263
MemTotal:        1899508 kB
MemFree:           57220 kB
Buffers:             816 kB
Cached:           247112 kB
SwapCached:            0 kB
Active:          1463052 kB
Inactive:         157224 kB
Active(anon):    1375636 kB
Inactive(anon):     2612 kB
Active(file):      87416 kB
Inactive(file):   154612 kB
Unevictable:        1940 kB
Mlocked:               0 kB
HighTotal:       1158144 kB
HighFree:           9688 kB
LowTotal:         741364 kB
LowFree:           47532 kB
SwapTotal:             0 kB
SwapFree:              0 kB
Dirty:                 0 kB
Writeback:             0 kB
AnonPages:       1374372 kB
Mapped:           111724 kB
Shmem:              3960 kB
Slab:              33140 kB
SReclaimable:      12316 kB
SUnreclaim:        20824 kB
KernelStack:        6664 kB
PageTables:        13588 kB
NFS_Unstable:          0 kB
Bounce:                0 kB
WritebackTmp:          0 kB
CommitLimit:      949752 kB
Committed_AS:   16492004 kB
VmallocTotal:     245760 kB
VmallocUsed:       54316 kB
VmallocChunk:      75648 kB
1557735534.511793
MemTotal:        1899508 kB
MemFree:           54176 kB
Buffers:             992 kB
Cached:           264104 kB
SwapCached:            0 kB
Active:          1471000 kB
Inactive:         174104 kB
Active(anon):    1383584 kB
Inactive(anon):     2612 kB
Active(file):      87416 kB
Inactive(file):   171492 kB
Unevictable:        1940 kB
Mlocked:               0 kB
HighTotal:       1158144 kB
HighFree:           1792 kB
LowTotal:         741364 kB
LowFree:           52384 kB
SwapTotal:             0 kB
SwapFree:              0 kB
Dirty:                 0 kB
Writeback:             0 kB
AnonPages:       1382460 kB
Mapped:           119360 kB
Shmem:              3960 kB
Slab:              33208 kB
SReclaimable:      12316 kB
SUnreclaim:        20892 kB
KernelStack:        6864 kB
PageTables:        13988 kB
NFS_Unstable:          0 kB
Bounce:                0 kB
WritebackTmp:          0 kB
CommitLimit:      949752 kB
Committed_AS:   17079868 kB
VmallocTotal:     245760 kB
VmallocUsed:       55208 kB
VmallocChunk:      75648 kB
1557735535.264249
MemTotal:        1899508 kB
MemFree:           53532 kB
Buffers:            1088 kB
Cached:           222952 kB
SwapCached:            0 kB
Active:          1506776 kB
Inactive:         120832 kB
Active(anon):    1407232 kB
Inactive(anon):     2616 kB
Active(file):      99544 kB
Inactive(file):   118216 kB
Unevictable:        1940 kB
Mlocked:               0 kB
HighTotal:       1158144 kB
HighFree:           7780 kB
LowTotal:         741364 kB
LowFree:           45752 kB
SwapTotal:             0 kB
SwapFree:              0 kB
Dirty:                28 kB
Writeback:             0 kB
AnonPages:       1405928 kB
Mapped:           138904 kB
Shmem:              3964 kB
Slab:              33232 kB
SReclaimable:      12316 kB
SUnreclaim:        20916 kB
KernelStack:        7096 kB
PageTables:        14424 kB
NFS_Unstable:          0 kB
Bounce:                0 kB
WritebackTmp:          0 kB
CommitLimit:      949752 kB
Committed_AS:   17107504 kB
VmallocTotal:     245760 kB
VmallocUsed:       55448 kB
VmallocChunk:      75648 kB
1557735536.364499
MemTotal:        1899508 kB
MemFree:           46064 kB
Buffers:            1140 kB
Cached:           224720 kB
SwapCached:            0 kB
Active:          1513356 kB
Inactive:         123880 kB
Active(anon):    1414840 kB
Inactive(anon):     2616 kB
Active(file):      98516 kB
Inactive(file):   121264 kB
Unevictable:        1940 kB
Mlocked:               0 kB
HighTotal:       1158144 kB
HighFree:           1820 kB
LowTotal:         741364 kB
LowFree:           44244 kB
SwapTotal:             0 kB
SwapFree:              0 kB
Dirty:               100 kB
Writeback:             0 kB
AnonPages:       1413732 kB
Mapped:           145264 kB
Shmem:              3964 kB
Slab:              33236 kB
SReclaimable:      12316 kB
SUnreclaim:        20920 kB
KernelStack:        7232 kB
PageTables:        14388 kB
NFS_Unstable:          0 kB
Bounce:                0 kB
WritebackTmp:          0 kB
CommitLimit:      949752 kB
Committed_AS:   17114020 kB
VmallocTotal:     245760 kB
VmallocUsed:       55448 kB
VmallocChunk:      75648 kB
1557735537.238050
MemTotal:        1899508 kB
MemFree:           43072 kB
Buffers:             868 kB
Cached:           204484 kB
SwapCached:            0 kB
Active:          1537664 kB
Inactive:         108272 kB
Active(anon):    1444416 kB
Inactive(anon):     2624 kB
Active(file):      93248 kB
Inactive(file):   105648 kB
Unevictable:        1940 kB
Mlocked:               0 kB
HighTotal:       1158144 kB
HighFree:           1800 kB
LowTotal:         741364 kB
LowFree:           41272 kB
SwapTotal:             0 kB
SwapFree:              0 kB
Dirty:               204 kB
Writeback:             0 kB
AnonPages:       1442964 kB
Mapped:           146188 kB
Shmem:              3972 kB
Slab:              33240 kB
SReclaimable:      12316 kB
SUnreclaim:        20924 kB
KernelStack:        7136 kB
PageTables:        14652 kB
NFS_Unstable:          0 kB
Bounce:                0 kB
WritebackTmp:          0 kB
CommitLimit:      949752 kB
Committed_AS:   17150808 kB
VmallocTotal:     245760 kB
VmallocUsed:       55440 kB
VmallocChunk:      75648 kB
1557735538.259554
MemTotal:        1899508 kB
MemFree:           50972 kB
Buffers:             892 kB
Cached:           202260 kB
SwapCached:            0 kB
Active:          1533044 kB
Inactive:         106572 kB
Active(anon):    1439904 kB
Inactive(anon):     2624 kB
Active(file):      93140 kB
Inactive(file):   103948 kB
Unevictable:        1940 kB
Mlocked:               0 kB
HighTotal:       1158144 kB
HighFree:           5064 kB
LowTotal:         741364 kB
LowFree:           45908 kB
SwapTotal:             0 kB
SwapFree:              0 kB
Dirty:               420 kB
Writeback:             0 kB
AnonPages:       1438668 kB
Mapped:           146148 kB
Shmem:              3972 kB
Slab:              33284 kB
SReclaimable:      12316 kB
SUnreclaim:        20968 kB
KernelStack:        7144 kB
PageTables:        14576 kB
NFS_Unstable:          0 kB
Bounce:                0 kB
WritebackTmp:          0 kB
CommitLimit:      949752 kB
Committed_AS:   17149628 kB
VmallocTotal:     245760 kB
VmallocUsed:       55440 kB
VmallocChunk:      75648 kB
1557735539.055230
MemTotal:        1899508 kB
MemFree:           53812 kB
Buffers:             892 kB
Cached:           199752 kB
SwapCached:            0 kB
Active:          1532632 kB
Inactive:         104776 kB
Active(anon):    1440116 kB
Inactive(anon):     2624 kB
Active(file):      92516 kB
Inactive(file):   102152 kB
Unevictable:        1940 kB
Mlocked:               0 kB
HighTotal:       1158144 kB
HighFree:           6576 kB
LowTotal:         741364 kB
LowFree:           47236 kB
SwapTotal:             0 kB
SwapFree:              0 kB
Dirty:               440 kB
Writeback:             0 kB
AnonPages:       1438876 kB
Mapped:           146284 kB
Shmem:              3972 kB
Slab:              33280 kB
SReclaimable:      12316 kB
SUnreclaim:        20964 kB
KernelStack:        7152 kB
PageTables:        14552 kB
NFS_Unstable:          0 kB
Bounce:                0 kB
WritebackTmp:          0 kB
CommitLimit:      949752 kB
Committed_AS:   17150808 kB
VmallocTotal:     245760 kB
VmallocUsed:       55440 kB
VmallocChunk:      75648 kB
1557735539.902707
MemTotal:        1899508 kB
MemFree:           56196 kB
Buffers:             892 kB
Cached:           199076 kB
SwapCached:            0 kB
Active:          1530864 kB
Inactive:         104568 kB
Active(anon):    1438824 kB
Inactive(anon):     2624 kB
Active(file):      92040 kB
Inactive(file):   101944 kB
Unevictable:        1940 kB
Mlocked:               0 kB
HighTotal:       1158144 kB
HighFree:           8208 kB
LowTotal:         741364 kB
LowFree:           47988 kB
SwapTotal:             0 kB
SwapFree:              0 kB
Dirty:               444 kB
Writeback:             0 kB
AnonPages:       1437636 kB
Mapped:           146344 kB
Shmem:              3972 kB
Slab:              33280 kB
SReclaimable:      12316 kB
SUnreclaim:        20964 kB
KernelStack:        7168 kB
PageTables:        14568 kB
NFS_Unstable:          0 kB
Bounce:                0 kB
WritebackTmp:          0 kB
CommitLimit:      949752 kB
Committed_AS:   17150840 kB
VmallocTotal:     245760 kB
VmallocUsed:       55440 kB
VmallocChunk:      75648 kB
1557735540.757841
MemTotal:        1899508 kB
MemFree:           41872 kB
Buffers:             892 kB
Cached:           198540 kB
SwapCached:            0 kB
Active:          1529500 kB
Inactive:         103900 kB
Active(anon):    1437308 kB
Inactive(anon):     2624 kB
Active(file):      92192 kB
Inactive(file):   101276 kB
Unevictable:        1940 kB
Mlocked:               0 kB
HighTotal:       1158144 kB
HighFree:           1348 kB
LowTotal:         741364 kB
LowFree:           40524 kB
SwapTotal:             0 kB
SwapFree:              0 kB
Dirty:               456 kB
Writeback:             0 kB
AnonPages:       1435968 kB
Mapped:           157760 kB
Shmem:              3972 kB
Slab:              33292 kB
SReclaimable:      12316 kB
SUnreclaim:        20976 kB
KernelStack:        7224 kB
PageTables:        14704 kB
NFS_Unstable:          0 kB
Bounce:                0 kB
WritebackTmp:          0 kB
CommitLimit:      949752 kB
Committed_AS:   17153176 kB
VmallocTotal:     245760 kB
VmallocUsed:       55536 kB
VmallocChunk:      75648 kB
1557735541.685755
MemTotal:        1899508 kB
MemFree:           49268 kB
Buffers:             984 kB
Cached:           187564 kB
SwapCached:            0 kB
Active:          1534004 kB
Inactive:          95748 kB
Active(anon):    1444512 kB
Inactive(anon):     2632 kB
Active(file):      89492 kB
Inactive(file):    93116 kB
Unevictable:        1940 kB
Mlocked:               0 kB
HighTotal:       1158144 kB
HighFree:           1724 kB
LowTotal:         741364 kB
LowFree:           47544 kB
SwapTotal:             0 kB
SwapFree:              0 kB
Dirty:               816 kB
Writeback:             0 kB
AnonPages:       1443196 kB
Mapped:           154748 kB
Shmem:              3980 kB
Slab:              33372 kB
SReclaimable:      12392 kB
SUnreclaim:        20980 kB
KernelStack:        7304 kB
PageTables:        14628 kB
NFS_Unstable:          0 kB
Bounce:                0 kB
WritebackTmp:          0 kB
CommitLimit:      949752 kB
Committed_AS:   17158000 kB
VmallocTotal:     245760 kB
VmallocUsed:       55536 kB
VmallocChunk:      75648 kB
1557735542.863039
MemTotal:        1899508 kB
MemFree:           39960 kB
Buffers:             880 kB
Cached:           169600 kB
SwapCached:            0 kB
Active:          1539268 kB
Inactive:          83208 kB
Active(anon):    1455288 kB
Inactive(anon):     2632 kB
Active(file):      83980 kB
Inactive(file):    80576 kB
Unevictable:        1940 kB
Mlocked:               0 kB
HighTotal:       1158144 kB
HighFree:            564 kB
LowTotal:         741364 kB
LowFree:           39396 kB
SwapTotal:             0 kB
SwapFree:              0 kB
Dirty:                 0 kB
Writeback:            24 kB
AnonPages:       1454108 kB
Mapped:           159424 kB
Shmem:              3980 kB
Slab:              33368 kB
SReclaimable:      12392 kB
SUnreclaim:        20976 kB
KernelStack:        7176 kB
PageTables:        13868 kB
NFS_Unstable:          0 kB
Bounce:                0 kB
WritebackTmp:          0 kB
CommitLimit:      949752 kB
Committed_AS:   16045760 kB
VmallocTotal:     245760 kB
VmallocUsed:       53676 kB
VmallocChunk:      75648 kB
1557735543.751661
MemTotal:        1899508 kB
MemFree:           44908 kB
Buffers:             764 kB
Cached:           149236 kB
SwapCached:            0 kB
Active:          1534232 kB
Inactive:          67948 kB
Active(anon):    1455572 kB
Inactive(anon):     2632 kB
Active(file):      78660 kB
Inactive(file):    65316 kB
Unevictable:        1940 kB
Mlocked:               0 kB
HighTotal:       1158144 kB
HighFree:           4756 kB
LowTotal:         741364 kB
LowFree:           40152 kB
SwapTotal:             0 kB
SwapFree:              0 kB
Dirty:                 4 kB
Writeback:             0 kB
AnonPages:       1454324 kB
Mapped:           168936 kB
Shmem:              3980 kB
Slab:              33356 kB
SReclaimable:      12392 kB
SUnreclaim:        20964 kB
KernelStack:        6888 kB
PageTables:        12948 kB
NFS_Unstable:          0 kB
Bounce:                0 kB
WritebackTmp:          0 kB
CommitLimit:      949752 kB
Committed_AS:   14915172 kB
VmallocTotal:     245760 kB
VmallocUsed:       51828 kB
VmallocChunk:      75648 kB
1557735544.582838
MemTotal:        1899508 kB
MemFree:           44236 kB
Buffers:             760 kB
Cached:           157356 kB
SwapCached:            0 kB
Active:          1530000 kB
Inactive:          74272 kB
Active(anon):    1449572 kB
Inactive(anon):     2632 kB
Active(file):      80428 kB
Inactive(file):    71640 kB
Unevictable:        1940 kB
Mlocked:               0 kB
HighTotal:       1158144 kB
HighFree:           1716 kB
LowTotal:         741364 kB
LowFree:           42520 kB
SwapTotal:             0 kB
SwapFree:              0 kB
Dirty:                48 kB
Writeback:             0 kB
AnonPages:       1448232 kB
Mapped:           165320 kB
Shmem:              3980 kB
Slab:              33392 kB
SReclaimable:      12392 kB
SUnreclaim:        21000 kB
KernelStack:        6392 kB
PageTables:        12864 kB
NFS_Unstable:          0 kB
Bounce:                0 kB
WritebackTmp:          0 kB
CommitLimit:      949752 kB
Committed_AS:   14249528 kB
VmallocTotal:     245760 kB
VmallocUsed:       51828 kB
VmallocChunk:      75648 kB
1557735545.532126
MemTotal:        1899508 kB
MemFree:           42944 kB
Buffers:             524 kB
Cached:           147004 kB
SwapCached:            0 kB
Active:          1529960 kB
Inactive:          73696 kB
Active(anon):    1459712 kB
Inactive(anon):     2800 kB
Active(file):      70248 kB
Inactive(file):    70896 kB
Unevictable:        1940 kB
Mlocked:               0 kB
HighTotal:       1158144 kB
HighFree:           1772 kB
LowTotal:         741364 kB
LowFree:           41172 kB
SwapTotal:             0 kB
SwapFree:              0 kB
Dirty:                32 kB
Writeback:             0 kB
AnonPages:       1458640 kB
Mapped:           160880 kB
Shmem:              4104 kB
Slab:              33352 kB
SReclaimable:      12348 kB
SUnreclaim:        21004 kB
KernelStack:        6664 kB
PageTables:        13696 kB
NFS_Unstable:          0 kB
Bounce:                0 kB
WritebackTmp:          0 kB
CommitLimit:      949752 kB
Committed_AS:   15396648 kB
VmallocTotal:     245760 kB
VmallocUsed:       53868 kB
VmallocChunk:      75648 kB
1557735546.577941
MemTotal:        1899508 kB
MemFree:           56124 kB
Buffers:             468 kB
Cached:           132056 kB
SwapCached:            0 kB
Active:          1497952 kB
Inactive:          64060 kB
Active(anon):    1432944 kB
Inactive(anon):     2660 kB
Active(file):      65008 kB
Inactive(file):    61400 kB
Unevictable:        1940 kB
Mlocked:               0 kB
HighTotal:       1158144 kB
HighFree:          16352 kB
LowTotal:         741364 kB
LowFree:           39772 kB
SwapTotal:             0 kB
SwapFree:              0 kB
Dirty:                36 kB
Writeback:             0 kB
AnonPages:       1431692 kB
Mapped:           133088 kB
Shmem:              4012 kB
Slab:              33344 kB
SReclaimable:      12324 kB
SUnreclaim:        21020 kB
KernelStack:        6296 kB
PageTables:        11912 kB
NFS_Unstable:          0 kB
Bounce:                0 kB
WritebackTmp:          0 kB
CommitLimit:      949752 kB
Committed_AS:   12470512 kB
VmallocTotal:     245760 kB
VmallocUsed:       53044 kB
VmallocChunk:      75648 kB
1557735547.315246
MemTotal:        1899508 kB
MemFree:           67140 kB
Buffers:             744 kB
Cached:           115472 kB
SwapCached:            0 kB
Active:          1485724 kB
Inactive:          56304 kB
Active(anon):    1429212 kB
Inactive(anon):     2644 kB
Active(file):      56512 kB
Inactive(file):    53660 kB
Unevictable:        1940 kB
Mlocked:               0 kB
HighTotal:       1158144 kB
HighFree:          25004 kB
LowTotal:         741364 kB
LowFree:           42136 kB
SwapTotal:             0 kB
SwapFree:              0 kB
Dirty:                88 kB
Writeback:             0 kB
AnonPages:       1428036 kB
Mapped:           126316 kB
Shmem:              3996 kB
Slab:              33352 kB
SReclaimable:      12316 kB
SUnreclaim:        21036 kB
KernelStack:        5944 kB
PageTables:        11380 kB
NFS_Unstable:          0 kB
Bounce:                0 kB
WritebackTmp:          0 kB
CommitLimit:      949752 kB
Committed_AS:   11866476 kB
VmallocTotal:     245760 kB
VmallocUsed:       48580 kB
VmallocChunk:      75648 kB
1557735548.319034
MemTotal:        1899508 kB
MemFree:           66828 kB
Buffers:             720 kB
Cached:           115360 kB
SwapCached:            0 kB
Active:          1488468 kB
Inactive:          54924 kB
Active(anon):    1430616 kB
Inactive(anon):     2628 kB
Active(file):      57852 kB
Inactive(file):    52296 kB
Unevictable:        1940 kB
Mlocked:               0 kB
HighTotal:       1158144 kB
HighFree:          24552 kB
LowTotal:         741364 kB
LowFree:           42276 kB
SwapTotal:             0 kB
SwapFree:              0 kB
Dirty:                88 kB
Writeback:             0 kB
AnonPages:       1429320 kB
Mapped:           125876 kB
Shmem:              3976 kB
Slab:              33356 kB
SReclaimable:      12308 kB
SUnreclaim:        21048 kB
KernelStack:        6064 kB
PageTables:        11404 kB
NFS_Unstable:          0 kB
Bounce:                0 kB
WritebackTmp:          0 kB
CommitLimit:      949752 kB
Committed_AS:   11870632 kB
VmallocTotal:     245760 kB
VmallocUsed:       48580 kB
VmallocChunk:      75648 kB
1557735549.162797
MemTotal:        1899508 kB
MemFree:           63964 kB
Buffers:             832 kB
Cached:           116156 kB
SwapCached:            0 kB
Active:          1490276 kB
Inactive:          55692 kB
Active(anon):    1432328 kB
Inactive(anon):     2628 kB
Active(file):      57948 kB
Inactive(file):    53064 kB
Unevictable:        1940 kB
Mlocked:               0 kB
HighTotal:       1158144 kB
HighFree:          21948 kB
LowTotal:         741364 kB
LowFree:           42016 kB
SwapTotal:             0 kB
SwapFree:              0 kB
Dirty:                88 kB
Writeback:             0 kB
AnonPages:       1431168 kB
Mapped:           126420 kB
Shmem:              3976 kB
Slab:              33356 kB
SReclaimable:      12308 kB
SUnreclaim:        21048 kB
KernelStack:        6008 kB
PageTables:        11744 kB
NFS_Unstable:          0 kB
Bounce:                0 kB
WritebackTmp:          0 kB
CommitLimit:      949752 kB
Committed_AS:   12438812 kB
VmallocTotal:     245760 kB
VmallocUsed:       49600 kB
VmallocChunk:      75648 kB
1557735550.159381
MemTotal:        1899508 kB
MemFree:           64324 kB
Buffers:             832 kB
Cached:           116216 kB
SwapCached:            0 kB
Active:          1490304 kB
Inactive:          55796 kB
Active(anon):    1432340 kB
Inactive(anon):     2628 kB
Active(file):      57964 kB
Inactive(file):    53168 kB
Unevictable:        1940 kB
Mlocked:               0 kB
HighTotal:       1158144 kB
HighFree:          21928 kB
LowTotal:         741364 kB
LowFree:           42396 kB
SwapTotal:             0 kB
SwapFree:              0 kB
Dirty:                88 kB
Writeback:             0 kB
AnonPages:       1431000 kB
Mapped:           126376 kB
Shmem:              3976 kB
Slab:              33356 kB
SReclaimable:      12308 kB
SUnreclaim:        21048 kB
KernelStack:        6104 kB
PageTables:        11728 kB
NFS_Unstable:          0 kB
Bounce:                0 kB
WritebackTmp:          0 kB
CommitLimit:      949752 kB
Committed_AS:   12438852 kB
VmallocTotal:     245760 kB
VmallocUsed:       49600 kB
VmallocChunk:      75648 kB
1557735551.011637
MemTotal:        1899508 kB
MemFree:           97816 kB
Buffers:             832 kB
Cached:           116260 kB
SwapCached:            0 kB
Active:          1474208 kB
Inactive:          55840 kB
Active(anon):    1416244 kB
Inactive(anon):     2628 kB
Active(file):      57964 kB
Inactive(file):    53212 kB
Unevictable:        1940 kB
Mlocked:               0 kB
HighTotal:       1158144 kB
HighFree:          37864 kB
LowTotal:         741364 kB
LowFree:           59952 kB
SwapTotal:             0 kB
SwapFree:              0 kB
Dirty:                88 kB
Writeback:             0 kB
AnonPages:       1414996 kB
Mapped:           108952 kB
Shmem:              3976 kB
Slab:              33352 kB
SReclaimable:      12308 kB
SUnreclaim:        21044 kB
KernelStack:        6088 kB
PageTables:        11696 kB
NFS_Unstable:          0 kB
Bounce:                0 kB
WritebackTmp:          0 kB
CommitLimit:      949752 kB
Committed_AS:   12439572 kB
VmallocTotal:     245760 kB
VmallocUsed:       49408 kB
VmallocChunk:      75648 kB
1557735551.898687
MemTotal:        1899508 kB
MemFree:           98524 kB
Buffers:             928 kB
Cached:           116388 kB
SwapCached:            0 kB
Active:          1473380 kB
Inactive:          55992 kB
Active(anon):    1415416 kB
Inactive(anon):     2628 kB
Active(file):      57964 kB
Inactive(file):    53364 kB
Unevictable:        1940 kB
Mlocked:               0 kB
HighTotal:       1158144 kB
HighFree:          38336 kB
LowTotal:         741364 kB
LowFree:           60188 kB
SwapTotal:             0 kB
SwapFree:              0 kB
Dirty:                 0 kB
Writeback:             0 kB
AnonPages:       1414184 kB
Mapped:           108816 kB
Shmem:              3976 kB
Slab:              33352 kB
SReclaimable:      12308 kB
SUnreclaim:        21044 kB
KernelStack:        6096 kB
PageTables:        11700 kB
NFS_Unstable:          0 kB
Bounce:                0 kB
WritebackTmp:          0 kB
CommitLimit:      949752 kB
Committed_AS:   12439560 kB
VmallocTotal:     245760 kB
VmallocUsed:       49408 kB
VmallocChunk:      75648 kB
1557735552.738822
MemTotal:        1899508 kB
MemFree:           95692 kB
Buffers:             928 kB
Cached:           119668 kB
SwapCached:            0 kB
Active:          1473168 kB
Inactive:          59300 kB
Active(anon):    1415192 kB
Inactive(anon):     2628 kB
Active(file):      57976 kB
Inactive(file):    56672 kB
Unevictable:        1940 kB
Mlocked:               0 kB
HighTotal:       1158144 kB
HighFree:          35056 kB
LowTotal:         741364 kB
LowFree:           60636 kB
SwapTotal:             0 kB
SwapFree:              0 kB
Dirty:                52 kB
Writeback:             0 kB
AnonPages:       1413896 kB
Mapped:           109200 kB
Shmem:              3976 kB
Slab:              33348 kB
SReclaimable:      12304 kB
SUnreclaim:        21044 kB
KernelStack:        6056 kB
PageTables:        11600 kB
NFS_Unstable:          0 kB
Bounce:                0 kB
WritebackTmp:          0 kB
CommitLimit:      949752 kB
Committed_AS:   12438820 kB
VmallocTotal:     245760 kB
VmallocUsed:       49408 kB
VmallocChunk:      75648 kB
1557735553.686968
MemTotal:        1899508 kB
MemFree:           93992 kB
Buffers:             928 kB
Cached:           120384 kB
SwapCached:            0 kB
Active:          1473568 kB
Inactive:          60016 kB
Active(anon):    1415592 kB
Inactive(anon):     2628 kB
Active(file):      57976 kB
Inactive(file):    57388 kB
Unevictable:        1940 kB
Mlocked:               0 kB
HighTotal:       1158144 kB
HighFree:          33492 kB
LowTotal:         741364 kB
LowFree:           60500 kB
SwapTotal:             0 kB
SwapFree:              0 kB
Dirty:                52 kB
Writeback:             0 kB
AnonPages:       1414256 kB
Mapped:           110160 kB
Shmem:              3976 kB
Slab:              33348 kB
SReclaimable:      12304 kB
SUnreclaim:        21044 kB
KernelStack:        6080 kB
PageTables:        11692 kB
NFS_Unstable:          0 kB
Bounce:                0 kB
WritebackTmp:          0 kB
CommitLimit:      949752 kB
Committed_AS:   12439448 kB
VmallocTotal:     245760 kB
VmallocUsed:       49408 kB
VmallocChunk:      75648 kB
1557735554.627518
MemTotal:        1899508 kB
MemFree:           94576 kB
Buffers:             928 kB
Cached:           120360 kB
SwapCached:            0 kB
Active:          1473464 kB
Inactive:          60024 kB
Active(anon):    1415488 kB
Inactive(anon):     2628 kB
Active(file):      57976 kB
Inactive(file):    57396 kB
Unevictable:        1940 kB
Mlocked:               0 kB
HighTotal:       1158144 kB
HighFree:          33816 kB
LowTotal:         741364 kB
LowFree:           60760 kB
SwapTotal:             0 kB
SwapFree:              0 kB
Dirty:                52 kB
Writeback:             0 kB
AnonPages:       1414292 kB
Mapped:           110164 kB
Shmem:              3976 kB
Slab:              33344 kB
SReclaimable:      12304 kB
SUnreclaim:        21040 kB
KernelStack:        6080 kB
PageTables:        11636 kB
NFS_Unstable:          0 kB
Bounce:                0 kB
WritebackTmp:          0 kB
CommitLimit:      949752 kB
Committed_AS:   12439584 kB
VmallocTotal:     245760 kB
VmallocUsed:       49408 kB
VmallocChunk:      75648 kB
1557735555.547138
MemTotal:        1899508 kB
MemFree:           93868 kB
Buffers:             928 kB
Cached:           120528 kB
SwapCached:            0 kB
Active:          1473840 kB
Inactive:          60192 kB
Active(anon):    1415864 kB
Inactive(anon):     2628 kB
Active(file):      57976 kB
Inactive(file):    57564 kB
Unevictable:        1940 kB
Mlocked:               0 kB
HighTotal:       1158144 kB
HighFree:          33364 kB
LowTotal:         741364 kB
LowFree:           60504 kB
SwapTotal:             0 kB
SwapFree:              0 kB
Dirty:                52 kB
Writeback:             0 kB
AnonPages:       1414556 kB
Mapped:           110208 kB
Shmem:              3976 kB
Slab:              33344 kB
SReclaimable:      12304 kB
SUnreclaim:        21040 kB
KernelStack:        6080 kB
PageTables:        11720 kB
NFS_Unstable:          0 kB
Bounce:                0 kB
WritebackTmp:          0 kB
CommitLimit:      949752 kB
Committed_AS:   12440304 kB
VmallocTotal:     245760 kB
VmallocUsed:       49408 kB
VmallocChunk:      75648 kB
1557735556.466238
MemTotal:        1899508 kB
MemFree:           94016 kB
Buffers:             928 kB
Cached:           120528 kB
SwapCached:            0 kB
Active:          1473832 kB
Inactive:          60192 kB
Active(anon):    1415856 kB
Inactive(anon):     2628 kB
Active(file):      57976 kB
Inactive(file):    57564 kB
Unevictable:        1940 kB
Mlocked:               0 kB
HighTotal:       1158144 kB
HighFree:          33264 kB
LowTotal:         741364 kB
LowFree:           60752 kB
SwapTotal:             0 kB
SwapFree:              0 kB
Dirty:                52 kB
Writeback:             0 kB
AnonPages:       1414500 kB
Mapped:           110204 kB
Shmem:              3976 kB
Slab:              33344 kB
SReclaimable:      12304 kB
SUnreclaim:        21040 kB
KernelStack:        6112 kB
PageTables:        11680 kB
NFS_Unstable:          0 kB
Bounce:                0 kB
WritebackTmp:          0 kB
CommitLimit:      949752 kB
Committed_AS:   12440344 kB
VmallocTotal:     245760 kB
VmallocUsed:       49408 kB
VmallocChunk:      75648 kB
1557735557.402257
MemTotal:        1899508 kB
MemFree:           93696 kB
Buffers:             936 kB
Cached:           120520 kB
SwapCached:            0 kB
Active:          1474228 kB
Inactive:          60192 kB
Active(anon):    1416252 kB
Inactive(anon):     2628 kB
Active(file):      57976 kB
Inactive(file):    57564 kB
Unevictable:        1940 kB
Mlocked:               0 kB
HighTotal:       1158144 kB
HighFree:          32984 kB
LowTotal:         741364 kB
LowFree:           60712 kB
SwapTotal:             0 kB
SwapFree:              0 kB
Dirty:                 0 kB
Writeback:             0 kB
AnonPages:       1415016 kB
Mapped:           110244 kB
Shmem:              3976 kB
Slab:              33344 kB
SReclaimable:      12304 kB
SUnreclaim:        21040 kB
KernelStack:        6048 kB
PageTables:        11728 kB
NFS_Unstable:          0 kB
Bounce:                0 kB
WritebackTmp:          0 kB
CommitLimit:      949752 kB
Committed_AS:   12441064 kB
VmallocTotal:     245760 kB
VmallocUsed:       49408 kB
VmallocChunk:      75648 kB
1557735558.256003
MemTotal:        1899508 kB
MemFree:          111248 kB
Buffers:             936 kB
Cached:           120848 kB
SwapCached:            0 kB
Active:          1456360 kB
Inactive:          60504 kB
Active(anon):    1398380 kB
Inactive(anon):     2144 kB
Active(file):      57980 kB
Inactive(file):    58360 kB
Unevictable:        1940 kB
Mlocked:               0 kB
HighTotal:       1158144 kB
HighFree:          39144 kB
LowTotal:         741364 kB
LowFree:           72104 kB
SwapTotal:             0 kB
SwapFree:              0 kB
Dirty:                20 kB
Writeback:             0 kB
AnonPages:       1397188 kB
Mapped:           109624 kB
Shmem:              3464 kB
Slab:              33344 kB
SReclaimable:      12304 kB
SUnreclaim:        21040 kB
KernelStack:        6064 kB
PageTables:        11608 kB
NFS_Unstable:          0 kB
Bounce:                0 kB
WritebackTmp:          0 kB
CommitLimit:      949752 kB
Committed_AS:   12405632 kB
VmallocTotal:     245760 kB
VmallocUsed:       49408 kB
VmallocChunk:      75648 kB
1557735559.211802
MemTotal:        1899508 kB
MemFree:          111032 kB
Buffers:             936 kB
Cached:           120824 kB
SwapCached:            0 kB
Active:          1456428 kB
Inactive:          60488 kB
Active(anon):    1398448 kB
Inactive(anon):     2120 kB
Active(file):      57980 kB
Inactive(file):    58368 kB
Unevictable:        1940 kB
Mlocked:               0 kB
HighTotal:       1158144 kB
HighFree:          38892 kB
LowTotal:         741364 kB
LowFree:           72140 kB
SwapTotal:             0 kB
SwapFree:              0 kB
Dirty:                20 kB
Writeback:             0 kB
AnonPages:       1397216 kB
Mapped:           109828 kB
Shmem:              3472 kB
Slab:              33312 kB
SReclaimable:      12304 kB
SUnreclaim:        21008 kB
KernelStack:        6064 kB
PageTables:        11664 kB
NFS_Unstable:          0 kB
Bounce:                0 kB
WritebackTmp:          0 kB
CommitLimit:      949752 kB
Committed_AS:   12405672 kB
VmallocTotal:     245760 kB
VmallocUsed:       49408 kB
VmallocChunk:      75648 kB
1557735560.146893
MemTotal:        1899508 kB
MemFree:          108812 kB
Buffers:            1056 kB
Cached:           122788 kB
SwapCached:            0 kB
Active:          1456428 kB
Inactive:          62236 kB
Active(anon):    1398112 kB
Inactive(anon):     2120 kB
Active(file):      58316 kB
Inactive(file):    60116 kB
Unevictable:        1940 kB
Mlocked:               0 kB
HighTotal:       1158144 kB
HighFree:          36728 kB
LowTotal:         741364 kB
LowFree:           72084 kB
SwapTotal:             0 kB
SwapFree:              0 kB
Dirty:                20 kB
Writeback:             0 kB
AnonPages:       1396880 kB
Mapped:           109876 kB
Shmem:              3472 kB
Slab:              33312 kB
SReclaimable:      12304 kB
SUnreclaim:        21008 kB
KernelStack:        6128 kB
PageTables:        11748 kB
NFS_Unstable:          0 kB
Bounce:                0 kB
WritebackTmp:          0 kB
CommitLimit:      949752 kB
Committed_AS:   12401992 kB
VmallocTotal:     245760 kB
VmallocUsed:       49408 kB
VmallocChunk:      75648 kB
1557735561.042804
MemTotal:        1899508 kB
MemFree:          108784 kB
Buffers:            1056 kB
Cached:           122804 kB
SwapCached:            0 kB
Active:          1456488 kB
Inactive:          62188 kB
Active(anon):    1398108 kB
Inactive(anon):     2120 kB
Active(file):      58380 kB
Inactive(file):    60068 kB
Unevictable:        1940 kB
Mlocked:               0 kB
HighTotal:       1158144 kB
HighFree:          36748 kB
LowTotal:         741364 kB
LowFree:           72036 kB
SwapTotal:             0 kB
SwapFree:              0 kB
Dirty:                20 kB
Writeback:             0 kB
AnonPages:       1396872 kB
Mapped:           109892 kB
Shmem:              3472 kB
Slab:              33312 kB
SReclaimable:      12304 kB
SUnreclaim:        21008 kB
KernelStack:        6080 kB
PageTables:        11672 kB
NFS_Unstable:          0 kB
Bounce:                0 kB
WritebackTmp:          0 kB
CommitLimit:      949752 kB
Committed_AS:   12402032 kB
VmallocTotal:     245760 kB
VmallocUsed:       49408 kB
VmallocChunk:      75648 kB
1557735561.980924
MemTotal:        1899508 kB
MemFree:          109444 kB
Buffers:            1056 kB
Cached:           122804 kB
SwapCached:            0 kB
Active:          1456596 kB
Inactive:          62188 kB
Active(anon):    1398216 kB
Inactive(anon):     2120 kB
Active(file):      58380 kB
Inactive(file):    60068 kB
Unevictable:        1940 kB
Mlocked:               0 kB
HighTotal:       1158144 kB
HighFree:          36940 kB
LowTotal:         741364 kB
LowFree:           72504 kB
SwapTotal:             0 kB
SwapFree:              0 kB
Dirty:                20 kB
Writeback:             0 kB
AnonPages:       1396928 kB
Mapped:           109908 kB
Shmem:              3472 kB
Slab:              33312 kB
SReclaimable:      12304 kB
SUnreclaim:        21008 kB
KernelStack:        6024 kB
PageTables:        11676 kB
NFS_Unstable:          0 kB
Bounce:                0 kB
WritebackTmp:          0 kB
CommitLimit:      949752 kB
Committed_AS:   12402752 kB
VmallocTotal:     245760 kB
VmallocUsed:       49408 kB
VmallocChunk:      75648 kB
1557735562.898612
MemTotal:        1899508 kB
MemFree:          108940 kB
Buffers:            1056 kB
Cached:           122804 kB
SwapCached:            0 kB
Active:          1456612 kB
Inactive:          62188 kB
Active(anon):    1398232 kB
Inactive(anon):     2120 kB
Active(file):      58380 kB
Inactive(file):    60068 kB
Unevictable:        1940 kB
Mlocked:               0 kB
HighTotal:       1158144 kB
HighFree:          36604 kB
LowTotal:         741364 kB
LowFree:           72336 kB
SwapTotal:             0 kB
SwapFree:              0 kB
Dirty:                 0 kB
Writeback:             0 kB
AnonPages:       1396984 kB
Mapped:           109916 kB
Shmem:              3472 kB
Slab:              33312 kB
SReclaimable:      12304 kB
SUnreclaim:        21008 kB
KernelStack:        6080 kB
PageTables:        11680 kB
NFS_Unstable:          0 kB
Bounce:                0 kB
WritebackTmp:          0 kB
CommitLimit:      949752 kB
Committed_AS:   12402796 kB
VmallocTotal:     245760 kB
VmallocUsed:       49408 kB
VmallocChunk:      75648 kB
1557735563.843056
MemTotal:        1899508 kB
MemFree:          108940 kB
Buffers:            1056 kB
Cached:           122804 kB
SwapCached:            0 kB
Active:          1456760 kB
Inactive:          62188 kB
Active(anon):    1398380 kB
Inactive(anon):     2120 kB
Active(file):      58380 kB
Inactive(file):    60068 kB
Unevictable:        1940 kB
Mlocked:               0 kB
HighTotal:       1158144 kB
HighFree:          36588 kB
LowTotal:         741364 kB
LowFree:           72352 kB
SwapTotal:             0 kB
SwapFree:              0 kB
Dirty:                 0 kB
Writeback:             0 kB
AnonPages:       1397092 kB
Mapped:           109792 kB
Shmem:              3472 kB
Slab:              33312 kB
SReclaimable:      12304 kB
SUnreclaim:        21008 kB
KernelStack:        6024 kB
PageTables:        11680 kB
NFS_Unstable:          0 kB
Bounce:                0 kB
WritebackTmp:          0 kB
CommitLimit:      949752 kB
Committed_AS:   12403516 kB
VmallocTotal:     245760 kB
VmallocUsed:       49408 kB
VmallocChunk:      75648 kB
1557735564.782399
MemTotal:        1899508 kB
MemFree:          110304 kB
Buffers:            1056 kB
Cached:           123060 kB
SwapCached:            0 kB
Active:          1455224 kB
Inactive:          62444 kB
Active(anon):    1396844 kB
Inactive(anon):     2120 kB
Active(file):      58380 kB
Inactive(file):    60324 kB
Unevictable:        1940 kB
Mlocked:               0 kB
HighTotal:       1158144 kB
HighFree:          37748 kB
LowTotal:         741364 kB
LowFree:           72556 kB
SwapTotal:             0 kB
SwapFree:              0 kB
Dirty:                 0 kB
Writeback:             0 kB
AnonPages:       1395584 kB
Mapped:           109932 kB
Shmem:              3472 kB
Slab:              33312 kB
SReclaimable:      12304 kB
SUnreclaim:        21008 kB
KernelStack:        6056 kB
PageTables:        11680 kB
NFS_Unstable:          0 kB
Bounce:                0 kB
WritebackTmp:          0 kB
CommitLimit:      949752 kB
Committed_AS:   12403556 kB
VmallocTotal:     245760 kB
VmallocUsed:       49408 kB
VmallocChunk:      75648 kB
1557735565.742927
MemTotal:        1899508 kB
MemFree:          109596 kB
Buffers:            1056 kB
Cached:           123276 kB
SwapCached:            0 kB
Active:          1455644 kB
Inactive:          62660 kB
Active(anon):    1397264 kB
Inactive(anon):     2120 kB
Active(file):      58380 kB
Inactive(file):    60540 kB
Unevictable:        1940 kB
Mlocked:               0 kB
HighTotal:       1158144 kB
HighFree:          37188 kB
LowTotal:         741364 kB
LowFree:           72408 kB
SwapTotal:             0 kB
SwapFree:              0 kB
Dirty:                 0 kB
Writeback:             0 kB
AnonPages:       1395940 kB
Mapped:           109920 kB
Shmem:              3472 kB
Slab:              33312 kB
SReclaimable:      12304 kB
SUnreclaim:        21008 kB
KernelStack:        6080 kB
PageTables:        11588 kB
NFS_Unstable:          0 kB
Bounce:                0 kB
WritebackTmp:          0 kB
CommitLimit:      949752 kB
Committed_AS:   12404276 kB
VmallocTotal:     245760 kB
VmallocUsed:       49408 kB
VmallocChunk:      75648 kB
1557735566.607612
MemTotal:        1899508 kB
MemFree:          109528 kB
Buffers:            1056 kB
Cached:           123276 kB
SwapCached:            0 kB
Active:          1455616 kB
Inactive:          62660 kB
Active(anon):    1397236 kB
Inactive(anon):     2120 kB
Active(file):      58380 kB
Inactive(file):    60540 kB
Unevictable:        1940 kB
Mlocked:               0 kB
HighTotal:       1158144 kB
HighFree:          37324 kB
LowTotal:         741364 kB
LowFree:           72204 kB
SwapTotal:             0 kB
SwapFree:              0 kB
Dirty:                 0 kB
Writeback:             0 kB
AnonPages:       1396008 kB
Mapped:           110020 kB
Shmem:              3472 kB
Slab:              33312 kB
SReclaimable:      12304 kB
SUnreclaim:        21008 kB
KernelStack:        6112 kB
PageTables:        11612 kB
NFS_Unstable:          0 kB
Bounce:                0 kB
WritebackTmp:          0 kB
CommitLimit:      949752 kB
Committed_AS:   12404316 kB
VmallocTotal:     245760 kB
VmallocUsed:       49408 kB
VmallocChunk:      75648 kB
1557735567.499202
MemTotal:        1899508 kB
MemFree:          109860 kB
Buffers:            1056 kB
Cached:           123276 kB
SwapCached:            0 kB
Active:          1455624 kB
Inactive:          62660 kB
Active(anon):    1397244 kB
Inactive(anon):     2120 kB
Active(file):      58380 kB
Inactive(file):    60540 kB
Unevictable:        1940 kB
Mlocked:               0 kB
HighTotal:       1158144 kB
HighFree:          37396 kB
LowTotal:         741364 kB
LowFree:           72464 kB
SwapTotal:             0 kB
SwapFree:              0 kB
Dirty:                 0 kB
Writeback:             0 kB
AnonPages:       1395928 kB
Mapped:           109928 kB
Shmem:              3472 kB
Slab:              33312 kB
SReclaimable:      12304 kB
SUnreclaim:        21008 kB
KernelStack:        6128 kB
PageTables:        11652 kB
NFS_Unstable:          0 kB
Bounce:                0 kB
WritebackTmp:          0 kB
CommitLimit:      949752 kB
Committed_AS:   12404356 kB
VmallocTotal:     245760 kB
VmallocUsed:       49408 kB
VmallocChunk:      75648 kB
1557735568.474052
MemTotal:        1899508 kB
MemFree:          110132 kB
Buffers:            1056 kB
Cached:           123276 kB
SwapCached:            0 kB
Active:          1456064 kB
Inactive:          62660 kB
Active(anon):    1397684 kB
Inactive(anon):     2120 kB
Active(file):      58380 kB
Inactive(file):    60540 kB
Unevictable:        1940 kB
Mlocked:               0 kB
HighTotal:       1158144 kB
HighFree:          37300 kB
LowTotal:         741364 kB
LowFree:           72832 kB
SwapTotal:             0 kB
SwapFree:              0 kB
Dirty:                 0 kB
Writeback:             0 kB
AnonPages:       1396360 kB
Mapped:           109960 kB
Shmem:              3472 kB
Slab:              33312 kB
SReclaimable:      12304 kB
SUnreclaim:        21008 kB
KernelStack:        6072 kB
PageTables:        11672 kB
NFS_Unstable:          0 kB
Bounce:                0 kB
WritebackTmp:          0 kB
CommitLimit:      949752 kB
Committed_AS:   12405092 kB
VmallocTotal:     245760 kB
VmallocUsed:       49408 kB
VmallocChunk:      75648 kB
1557735569.382983
MemTotal:        1899508 kB
MemFree:          109464 kB
Buffers:            1056 kB
Cached:           123276 kB
SwapCached:            0 kB
Active:          1455992 kB
Inactive:          62660 kB
Active(anon):    1397612 kB
Inactive(anon):     2120 kB
Active(file):      58380 kB
Inactive(file):    60540 kB
Unevictable:        1940 kB
Mlocked:               0 kB
HighTotal:       1158144 kB
HighFree:          37004 kB
LowTotal:         741364 kB
LowFree:           72460 kB
SwapTotal:             0 kB
SwapFree:              0 kB
Dirty:                 0 kB
Writeback:             0 kB
AnonPages:       1396368 kB
Mapped:           109848 kB
Shmem:              3472 kB
Slab:              33312 kB
SReclaimable:      12304 kB
SUnreclaim:        21008 kB
KernelStack:        6072 kB
PageTables:        11672 kB
NFS_Unstable:          0 kB
Bounce:                0 kB
WritebackTmp:          0 kB
CommitLimit:      949752 kB
Committed_AS:   12405120 kB
VmallocTotal:     245760 kB
VmallocUsed:       49408 kB
VmallocChunk:      75648 kB
1557735570.287141
MemTotal:        1899508 kB
MemFree:          109000 kB
Buffers:            1056 kB
Cached:           123276 kB
SwapCached:            0 kB
Active:          1456496 kB
Inactive:          62660 kB
Active(anon):    1398116 kB
Inactive(anon):     2120 kB
Active(file):      58380 kB
Inactive(file):    60540 kB
Unevictable:        1940 kB
Mlocked:               0 kB
HighTotal:       1158144 kB
HighFree:          36480 kB
LowTotal:         741364 kB
LowFree:           72520 kB
SwapTotal:             0 kB
SwapFree:              0 kB
Dirty:                 0 kB
Writeback:             0 kB
AnonPages:       1396836 kB
Mapped:           109928 kB
Shmem:              3472 kB
Slab:              33312 kB
SReclaimable:      12304 kB
SUnreclaim:        21008 kB
KernelStack:        6064 kB
PageTables:        11664 kB
NFS_Unstable:          0 kB
Bounce:                0 kB
WritebackTmp:          0 kB
CommitLimit:      949752 kB
Committed_AS:   12405840 kB
VmallocTotal:     245760 kB
VmallocUsed:       49408 kB
VmallocChunk:      75648 kB
1557735571.198875
MemTotal:        1899508 kB
MemFree:          108652 kB
Buffers:            1056 kB
Cached:           123276 kB
SwapCached:            0 kB
Active:          1456528 kB
Inactive:          62660 kB
Active(anon):    1398148 kB
Inactive(anon):     2120 kB
Active(file):      58380 kB
Inactive(file):    60540 kB
Unevictable:        1940 kB
Mlocked:               0 kB
HighTotal:       1158144 kB
HighFree:          36328 kB
LowTotal:         741364 kB
LowFree:           72324 kB
SwapTotal:             0 kB
SwapFree:              0 kB
Dirty:                 0 kB
Writeback:             0 kB
AnonPages:       1396820 kB
Mapped:           110084 kB
Shmem:              3472 kB
Slab:              33308 kB
SReclaimable:      12304 kB
SUnreclaim:        21004 kB
KernelStack:        6128 kB
PageTables:        11668 kB
NFS_Unstable:          0 kB
Bounce:                0 kB
WritebackTmp:          0 kB
CommitLimit:      949752 kB
Committed_AS:   12405880 kB
VmallocTotal:     245760 kB
VmallocUsed:       49408 kB
VmallocChunk:      75648 kB
1557735572.172879
MemTotal:        1899508 kB
MemFree:          108684 kB
Buffers:            1056 kB
Cached:           123276 kB
SwapCached:            0 kB
Active:          1456932 kB
Inactive:          62660 kB
Active(anon):    1398552 kB
Inactive(anon):     2120 kB
Active(file):      58380 kB
Inactive(file):    60540 kB
Unevictable:        1940 kB
Mlocked:               0 kB
HighTotal:       1158144 kB
HighFree:          36156 kB
LowTotal:         741364 kB
LowFree:           72528 kB
SwapTotal:             0 kB
SwapFree:              0 kB
Dirty:                 0 kB
Writeback:             0 kB
AnonPages:       1397268 kB
Mapped:           109988 kB
Shmem:              3472 kB
Slab:              33308 kB
SReclaimable:      12304 kB
SUnreclaim:        21004 kB
KernelStack:        6064 kB
PageTables:        11652 kB
NFS_Unstable:          0 kB
Bounce:                0 kB
WritebackTmp:          0 kB
CommitLimit:      949752 kB
Committed_AS:   12406600 kB
VmallocTotal:     245760 kB
VmallocUsed:       49408 kB
VmallocChunk:      75648 kB
1557735573.090367
MemTotal:        1899508 kB
MemFree:          108068 kB
Buffers:            1056 kB
Cached:           123724 kB
SwapCached:            0 kB
Active:          1456912 kB
Inactive:          63100 kB
Active(anon):    1398532 kB
Inactive(anon):     2120 kB
Active(file):      58380 kB
Inactive(file):    60980 kB
Unevictable:        1940 kB
Mlocked:               0 kB
HighTotal:       1158144 kB
HighFree:          35596 kB
LowTotal:         741364 kB
LowFree:           72472 kB
SwapTotal:             0 kB
SwapFree:              0 kB
Dirty:                 0 kB
Writeback:             0 kB
AnonPages:       1397264 kB
Mapped:           110092 kB
Shmem:              3472 kB
Slab:              33308 kB
SReclaimable:      12304 kB
SUnreclaim:        21004 kB
KernelStack:        6072 kB
PageTables:        11664 kB
NFS_Unstable:          0 kB
Bounce:                0 kB
WritebackTmp:          0 kB
CommitLimit:      949752 kB
Committed_AS:   12406640 kB
VmallocTotal:     245760 kB
VmallocUsed:       49408 kB
VmallocChunk:      75648 kB
1557735573.978849
MemTotal:        1899508 kB
MemFree:          107696 kB
Buffers:            1056 kB
Cached:           123756 kB
SwapCached:            0 kB
Active:          1457444 kB
Inactive:          63140 kB
Active(anon):    1399064 kB
Inactive(anon):     2120 kB
Active(file):      58380 kB
Inactive(file):    61020 kB
Unevictable:        1940 kB
Mlocked:               0 kB
HighTotal:       1158144 kB
HighFree:          35216 kB
LowTotal:         741364 kB
LowFree:           72480 kB
SwapTotal:             0 kB
SwapFree:              0 kB
Dirty:                 0 kB
Writeback:             0 kB
AnonPages:       1397872 kB
Mapped:           110056 kB
Shmem:              3472 kB
Slab:              33308 kB
SReclaimable:      12304 kB
SUnreclaim:        21004 kB
KernelStack:        6072 kB
PageTables:        11676 kB
NFS_Unstable:          0 kB
Bounce:                0 kB
WritebackTmp:          0 kB
CommitLimit:      949752 kB
Committed_AS:   12407332 kB
VmallocTotal:     245760 kB
VmallocUsed:       49408 kB
VmallocChunk:      75648 kB
1557735574.944498
MemTotal:        1899508 kB
MemFree:          107964 kB
Buffers:            1056 kB
Cached:           123756 kB
SwapCached:            0 kB
Active:          1456796 kB
Inactive:          63140 kB
Active(anon):    1398416 kB
Inactive(anon):     2120 kB
Active(file):      58380 kB
Inactive(file):    61020 kB
Unevictable:        1940 kB
Mlocked:               0 kB
HighTotal:       1158144 kB
HighFree:          35632 kB
LowTotal:         741364 kB
LowFree:           72332 kB
SwapTotal:             0 kB
SwapFree:              0 kB
Dirty:                 0 kB
Writeback:             0 kB
AnonPages:       1397100 kB
Mapped:           109884 kB
Shmem:              3472 kB
Slab:              33308 kB
SReclaimable:      12304 kB
SUnreclaim:        21004 kB
KernelStack:        6080 kB
PageTables:        11680 kB
NFS_Unstable:          0 kB
Bounce:                0 kB
WritebackTmp:          0 kB
CommitLimit:      949752 kB
Committed_AS:   12402520 kB
VmallocTotal:     245760 kB
VmallocUsed:       49408 kB
VmallocChunk:      75648 kB
1557735575.839268
MemTotal:        1899508 kB
MemFree:          108008 kB
Buffers:            1056 kB
Cached:           123756 kB
SwapCached:            0 kB
Active:          1456836 kB
Inactive:          63140 kB
Active(anon):    1398456 kB
Inactive(anon):     2120 kB
Active(file):      58380 kB
Inactive(file):    61020 kB
Unevictable:        1940 kB
Mlocked:               0 kB
HighTotal:       1158144 kB
HighFree:          35540 kB
LowTotal:         741364 kB
LowFree:           72468 kB
SwapTotal:             0 kB
SwapFree:              0 kB
Dirty:                 0 kB
Writeback:             0 kB
AnonPages:       1397152 kB
Mapped:           109884 kB
Shmem:              3472 kB
Slab:              33308 kB
SReclaimable:      12304 kB
SUnreclaim:        21004 kB
KernelStack:        6056 kB
PageTables:        11680 kB
NFS_Unstable:          0 kB
Bounce:                0 kB
WritebackTmp:          0 kB
CommitLimit:      949752 kB
Committed_AS:   12402560 kB
VmallocTotal:     245760 kB
VmallocUsed:       49408 kB
VmallocChunk:      75648 kB
1557735576.787249
MemTotal:        1899508 kB
MemFree:          107872 kB
Buffers:            1056 kB
Cached:           123756 kB
SwapCached:            0 kB
Active:          1457020 kB
Inactive:          63140 kB
Active(anon):    1398640 kB
Inactive(anon):     2120 kB
Active(file):      58380 kB
Inactive(file):    61020 kB
Unevictable:        1940 kB
Mlocked:               0 kB
HighTotal:       1158144 kB
HighFree:          35544 kB
LowTotal:         741364 kB
LowFree:           72328 kB
SwapTotal:             0 kB
SwapFree:              0 kB
Dirty:                 0 kB
Writeback:             0 kB
AnonPages:       1397380 kB
Mapped:           110108 kB
Shmem:              3472 kB
Slab:              33308 kB
SReclaimable:      12304 kB
SUnreclaim:        21004 kB
KernelStack:        6072 kB
PageTables:        11680 kB
NFS_Unstable:          0 kB
Bounce:                0 kB
WritebackTmp:          0 kB
CommitLimit:      949752 kB
Committed_AS:   12403280 kB
VmallocTotal:     245760 kB
VmallocUsed:       49408 kB
VmallocChunk:      75648 kB
1557735577.684556
MemTotal:        1899508 kB
MemFree:          107776 kB
Buffers:            1056 kB
Cached:           124128 kB
SwapCached:            0 kB
Active:          1457016 kB
Inactive:          63476 kB
Active(anon):    1398636 kB
Inactive(anon):     2120 kB
Active(file):      58380 kB
Inactive(file):    61356 kB
Unevictable:        1940 kB
Mlocked:               0 kB
HighTotal:       1158144 kB
HighFree:          35240 kB
LowTotal:         741364 kB
LowFree:           72536 kB
SwapTotal:             0 kB
SwapFree:              0 kB
Dirty:                 0 kB
Writeback:             0 kB
AnonPages:       1397392 kB
Mapped:           110072 kB
Shmem:              3472 kB
Slab:              33308 kB
SReclaimable:      12304 kB
SUnreclaim:        21004 kB
KernelStack:        6120 kB
PageTables:        11688 kB
NFS_Unstable:          0 kB
Bounce:                0 kB
WritebackTmp:          0 kB
CommitLimit:      949752 kB
Committed_AS:   12403308 kB
VmallocTotal:     245760 kB
VmallocUsed:       49408 kB
VmallocChunk:      75648 kB
1557735578.582455
MemTotal:        1899508 kB
MemFree:          107708 kB
Buffers:            1056 kB
Cached:           124092 kB
SwapCached:            0 kB
Active:          1457000 kB
Inactive:          63476 kB
Active(anon):    1398620 kB
Inactive(anon):     2120 kB
Active(file):      58380 kB
Inactive(file):    61356 kB
Unevictable:        1940 kB
Mlocked:               0 kB
HighTotal:       1158144 kB
HighFree:          35168 kB
LowTotal:         741364 kB
LowFree:           72540 kB
SwapTotal:             0 kB
SwapFree:              0 kB
Dirty:                 0 kB
Writeback:             0 kB
AnonPages:       1397404 kB
Mapped:           110004 kB
Shmem:              3472 kB
Slab:              33308 kB
SReclaimable:      12304 kB
SUnreclaim:        21004 kB
KernelStack:        6104 kB
PageTables:        11636 kB
NFS_Unstable:          0 kB
Bounce:                0 kB
WritebackTmp:          0 kB
CommitLimit:      949752 kB
Committed_AS:   12404028 kB
VmallocTotal:     245760 kB
VmallocUsed:       49408 kB
VmallocChunk:      75648 kB
1557735579.518200
MemTotal:        1899508 kB
MemFree:          108632 kB
Buffers:            1056 kB
Cached:           124144 kB
SwapCached:            0 kB
Active:          1455684 kB
Inactive:          63528 kB
Active(anon):    1397304 kB
Inactive(anon):     2120 kB
Active(file):      58380 kB
Inactive(file):    61408 kB
Unevictable:        1940 kB
Mlocked:               0 kB
HighTotal:       1158144 kB
HighFree:          36192 kB
LowTotal:         741364 kB
LowFree:           72440 kB
SwapTotal:             0 kB
SwapFree:              0 kB
Dirty:                 0 kB
Writeback:             0 kB
AnonPages:       1396040 kB
Mapped:           110016 kB
Shmem:              3472 kB
Slab:              33308 kB
SReclaimable:      12304 kB
SUnreclaim:        21004 kB
KernelStack:        6096 kB
PageTables:        11636 kB
NFS_Unstable:          0 kB
Bounce:                0 kB
WritebackTmp:          0 kB
CommitLimit:      949752 kB
Committed_AS:   12404056 kB
VmallocTotal:     245760 kB
VmallocUsed:       49408 kB
VmallocChunk:      75648 kB
1557735580.475035
MemTotal:        1899508 kB
MemFree:          108592 kB
Buffers:            1056 kB
Cached:           124188 kB
SwapCached:            0 kB
Active:          1455984 kB
Inactive:          63572 kB
Active(anon):    1397604 kB
Inactive(anon):     2120 kB
Active(file):      58380 kB
Inactive(file):    61452 kB
Unevictable:        1940 kB
Mlocked:               0 kB
HighTotal:       1158144 kB
HighFree:          36076 kB
LowTotal:         741364 kB
LowFree:           72516 kB
SwapTotal:             0 kB
SwapFree:              0 kB
Dirty:                 0 kB
Writeback:             0 kB
AnonPages:       1396360 kB
Mapped:           110036 kB
Shmem:              3472 kB
Slab:              33308 kB
SReclaimable:      12304 kB
SUnreclaim:        21004 kB
KernelStack:        6096 kB
PageTables:        11636 kB
NFS_Unstable:          0 kB
Bounce:                0 kB
WritebackTmp:          0 kB
CommitLimit:      949752 kB
Committed_AS:   12404776 kB
VmallocTotal:     245760 kB
VmallocUsed:       49408 kB
VmallocChunk:      75648 kB
1557735581.402664
MemTotal:        1899508 kB
MemFree:          108132 kB
Buffers:            1056 kB
Cached:           124188 kB
SwapCached:            0 kB
Active:          1456068 kB
Inactive:          63572 kB
Active(anon):    1397688 kB
Inactive(anon):     2120 kB
Active(file):      58380 kB
Inactive(file):    61452 kB
Unevictable:        1940 kB
Mlocked:               0 kB
HighTotal:       1158144 kB
HighFree:          35804 kB
LowTotal:         741364 kB
LowFree:           72328 kB
SwapTotal:             0 kB
SwapFree:              0 kB
Dirty:                 0 kB
Writeback:             0 kB
AnonPages:       1396360 kB
Mapped:           110036 kB
Shmem:              3472 kB
Slab:              33308 kB
SReclaimable:      12304 kB
SUnreclaim:        21004 kB
KernelStack:        5960 kB
PageTables:        11736 kB
NFS_Unstable:          0 kB
Bounce:                0 kB
WritebackTmp:          0 kB
CommitLimit:      949752 kB
Committed_AS:   12404816 kB
VmallocTotal:     245760 kB
VmallocUsed:       49408 kB
VmallocChunk:      75648 kB
1557735582.298922
MemTotal:        1899508 kB
MemFree:          107412 kB
Buffers:            1056 kB
Cached:           124188 kB
SwapCached:            0 kB
Active:          1456140 kB
Inactive:          63572 kB
Active(anon):    1397760 kB
Inactive(anon):     2120 kB
Active(file):      58380 kB
Inactive(file):    61452 kB
Unevictable:        1940 kB
Mlocked:               0 kB
HighTotal:       1158144 kB
HighFree:          35580 kB
LowTotal:         741364 kB
LowFree:           71832 kB
SwapTotal:             0 kB
SwapFree:              0 kB
Dirty:                 0 kB
Writeback:             0 kB
AnonPages:       1396644 kB
Mapped:           110052 kB
Shmem:              3472 kB
Slab:              33308 kB
SReclaimable:      12304 kB
SUnreclaim:        21004 kB
KernelStack:        6040 kB
PageTables:        11664 kB
NFS_Unstable:          0 kB
Bounce:                0 kB
WritebackTmp:          0 kB
CommitLimit:      949752 kB
Committed_AS:   12404880 kB
VmallocTotal:     245760 kB
VmallocUsed:       49408 kB
VmallocChunk:      75648 kB
1557735583.174062
MemTotal:        1899508 kB
MemFree:          108060 kB
Buffers:            1056 kB
Cached:           124188 kB
SwapCached:            0 kB
Active:          1456404 kB
Inactive:          63572 kB
Active(anon):    1398024 kB
Inactive(anon):     2120 kB
Active(file):      58380 kB
Inactive(file):    61452 kB
Unevictable:        1940 kB
Mlocked:               0 kB
HighTotal:       1158144 kB
HighFree:          35560 kB
LowTotal:         741364 kB
LowFree:           72500 kB
SwapTotal:             0 kB
SwapFree:              0 kB
Dirty:                 0 kB
Writeback:             0 kB
AnonPages:       1396740 kB
Mapped:           110028 kB
Shmem:              3472 kB
Slab:              33308 kB
SReclaimable:      12304 kB
SUnreclaim:        21004 kB
KernelStack:        6064 kB
PageTables:        11664 kB
NFS_Unstable:          0 kB
Bounce:                0 kB
WritebackTmp:          0 kB
CommitLimit:      949752 kB
Committed_AS:   12405576 kB
VmallocTotal:     245760 kB
VmallocUsed:       49408 kB
VmallocChunk:      75648 kB
1557735584.130110
MemTotal:        1899508 kB
MemFree:          107920 kB
Buffers:            1056 kB
Cached:           124248 kB
SwapCached:            0 kB
Active:          1456440 kB
Inactive:          63632 kB
Active(anon):    1398060 kB
Inactive(anon):     2120 kB
Active(file):      58380 kB
Inactive(file):    61512 kB
Unevictable:        1940 kB
Mlocked:               0 kB
HighTotal:       1158144 kB
HighFree:          35424 kB
LowTotal:         741364 kB
LowFree:           72496 kB
SwapTotal:             0 kB
SwapFree:              0 kB
Dirty:                 0 kB
Writeback:             0 kB
AnonPages:       1396756 kB
Mapped:           110052 kB
Shmem:              3472 kB
Slab:              33308 kB
SReclaimable:      12304 kB
SUnreclaim:        21004 kB
KernelStack:        6048 kB
PageTables:        11652 kB
NFS_Unstable:          0 kB
Bounce:                0 kB
WritebackTmp:          0 kB
CommitLimit:      949752 kB
Committed_AS:   12405620 kB
VmallocTotal:     245760 kB
VmallocUsed:       49408 kB
VmallocChunk:      75648 kB
1557735585.073958
MemTotal:        1899508 kB
MemFree:          107616 kB
Buffers:            1060 kB
Cached:           124244 kB
SwapCached:            0 kB
Active:          1456728 kB
Inactive:          63632 kB
Active(anon):    1398348 kB
Inactive(anon):     2120 kB
Active(file):      58380 kB
Inactive(file):    61512 kB
Unevictable:        1940 kB
Mlocked:               0 kB
HighTotal:       1158144 kB
HighFree:          35224 kB
LowTotal:         741364 kB
LowFree:           72392 kB
SwapTotal:             0 kB
SwapFree:              0 kB
Dirty:                 0 kB
Writeback:             0 kB
AnonPages:       1397044 kB
Mapped:           110040 kB
Shmem:              3472 kB
Slab:              33308 kB
SReclaimable:      12304 kB
SUnreclaim:        21004 kB
KernelStack:        6040 kB
PageTables:        11664 kB
NFS_Unstable:          0 kB
Bounce:                0 kB
WritebackTmp:          0 kB
CommitLimit:      949752 kB
Committed_AS:   12406340 kB
VmallocTotal:     245760 kB
VmallocUsed:       49408 kB
VmallocChunk:      75648 kB
1557735585.979980
MemTotal:        1899508 kB
MemFree:          107252 kB
Buffers:            1060 kB
Cached:           124296 kB
SwapCached:            0 kB
Active:          1456788 kB
Inactive:          63684 kB
Active(anon):    1398408 kB
Inactive(anon):     2120 kB
Active(file):      58380 kB
Inactive(file):    61564 kB
Unevictable:        1940 kB
Mlocked:               0 kB
HighTotal:       1158144 kB
HighFree:          34944 kB
LowTotal:         741364 kB
LowFree:           72308 kB
SwapTotal:             0 kB
SwapFree:              0 kB
Dirty:                 0 kB
Writeback:             0 kB
AnonPages:       1397064 kB
Mapped:           109956 kB
Shmem:              3472 kB
Slab:              33308 kB
SReclaimable:      12304 kB
SUnreclaim:        21004 kB
KernelStack:        6064 kB
PageTables:        11680 kB
NFS_Unstable:          0 kB
Bounce:                0 kB
WritebackTmp:          0 kB
CommitLimit:      949752 kB
Committed_AS:   12406380 kB
VmallocTotal:     245760 kB
VmallocUsed:       49408 kB
VmallocChunk:      75648 kB
1557735586.838869
MemTotal:        1899508 kB
MemFree:           81580 kB
Buffers:            1060 kB
Cached:           128292 kB
SwapCached:            0 kB
Active:          1464812 kB
Inactive:          67484 kB
Active(anon):    1406432 kB
Inactive(anon):     2120 kB
Active(file):      58380 kB
Inactive(file):    65364 kB
Unevictable:        1940 kB
Mlocked:               0 kB
HighTotal:       1158144 kB
HighFree:          19104 kB
LowTotal:         741364 kB
LowFree:           62476 kB
SwapTotal:             0 kB
SwapFree:              0 kB
Dirty:               124 kB
Writeback:             0 kB
AnonPages:       1405192 kB
Mapped:           122076 kB
Shmem:              3472 kB
Slab:              33308 kB
SReclaimable:      12304 kB
SUnreclaim:        21004 kB
KernelStack:        6088 kB
PageTables:        11680 kB
NFS_Unstable:          0 kB
Bounce:                0 kB
WritebackTmp:          0 kB
CommitLimit:      949752 kB
Committed_AS:   12407116 kB
VmallocTotal:     245760 kB
VmallocUsed:       49552 kB
VmallocChunk:      75648 kB
1557735587.854523
MemTotal:        1899508 kB
MemFree:           80832 kB
Buffers:            1060 kB
Cached:           128888 kB
SwapCached:            0 kB
Active:          1465352 kB
Inactive:          68152 kB
Active(anon):    1406892 kB
Inactive(anon):     2120 kB
Active(file):      58460 kB
Inactive(file):    66032 kB
Unevictable:        1940 kB
Mlocked:               0 kB
HighTotal:       1158144 kB
HighFree:          18252 kB
LowTotal:         741364 kB
LowFree:           62580 kB
SwapTotal:             0 kB
SwapFree:              0 kB
Dirty:                64 kB
Writeback:             0 kB
AnonPages:       1405664 kB
Mapped:           122248 kB
Shmem:              3472 kB
Slab:              33308 kB
SReclaimable:      12304 kB
SUnreclaim:        21004 kB
KernelStack:        6072 kB
PageTables:        11712 kB
NFS_Unstable:          0 kB
Bounce:                0 kB
WritebackTmp:          0 kB
CommitLimit:      949752 kB
Committed_AS:   12407164 kB
VmallocTotal:     245760 kB
VmallocUsed:       49552 kB
VmallocChunk:      75648 kB
1557735588.758121
MemTotal:        1899508 kB
MemFree:           70384 kB
Buffers:            1084 kB
Cached:           139380 kB
SwapCached:            0 kB
Active:          1465180 kB
Inactive:          78588 kB
Active(anon):    1406592 kB
Inactive(anon):     2120 kB
Active(file):      58588 kB
Inactive(file):    76468 kB
Unevictable:        1940 kB
Mlocked:               0 kB
HighTotal:       1158144 kB
HighFree:           7976 kB
LowTotal:         741364 kB
LowFree:           62408 kB
SwapTotal:             0 kB
SwapFree:              0 kB
Dirty:               248 kB
Writeback:             0 kB
AnonPages:       1405276 kB
Mapped:           123160 kB
Shmem:              3468 kB
Slab:              33312 kB
SReclaimable:      12304 kB
SUnreclaim:        21008 kB
KernelStack:        6120 kB
PageTables:        11772 kB
NFS_Unstable:          0 kB
Bounce:                0 kB
WritebackTmp:          0 kB
CommitLimit:      949752 kB
Committed_AS:   12403212 kB
VmallocTotal:     245760 kB
VmallocUsed:       49552 kB
VmallocChunk:      75648 kB
1557735589.787216
MemTotal:        1899508 kB
MemFree:           70408 kB
Buffers:            1084 kB
Cached:           139760 kB
SwapCached:            0 kB
Active:          1465216 kB
Inactive:          78896 kB
Active(anon):    1406560 kB
Inactive(anon):     2120 kB
Active(file):      58656 kB
Inactive(file):    76776 kB
Unevictable:        1940 kB
Mlocked:               0 kB
HighTotal:       1158144 kB
HighFree:           7952 kB
LowTotal:         741364 kB
LowFree:           62456 kB
SwapTotal:             0 kB
SwapFree:              0 kB
Dirty:               288 kB
Writeback:             0 kB
AnonPages:       1405376 kB
Mapped:           123164 kB
Shmem:              3472 kB
Slab:              33312 kB
SReclaimable:      12304 kB
SUnreclaim:        21008 kB
KernelStack:        6080 kB
PageTables:        11712 kB
NFS_Unstable:          0 kB
Bounce:                0 kB
WritebackTmp:          0 kB
CommitLimit:      949752 kB
Committed_AS:   12403280 kB
VmallocTotal:     245760 kB
VmallocUsed:       49552 kB
VmallocChunk:      75648 kB
1557735590.682399
MemTotal:        1899508 kB
MemFree:           51452 kB
Buffers:            1088 kB
Cached:           144028 kB
SwapCached:            0 kB
Active:          1472756 kB
Inactive:          81980 kB
Active(anon):    1413100 kB
Inactive(anon):     3496 kB
Active(file):      59656 kB
Inactive(file):    78484 kB
Unevictable:        1940 kB
Mlocked:               0 kB
HighTotal:       1158144 kB
HighFree:           1804 kB
LowTotal:         741364 kB
LowFree:           49648 kB
SwapTotal:             0 kB
SwapFree:              0 kB
Dirty:               288 kB
Writeback:             0 kB
AnonPages:       1411796 kB
Mapped:           126160 kB
Shmem:              4928 kB
Slab:              33312 kB
SReclaimable:      12304 kB
SUnreclaim:        21008 kB
KernelStack:        6256 kB
PageTables:        12328 kB
NFS_Unstable:          0 kB
Bounce:                0 kB
WritebackTmp:          0 kB
CommitLimit:      949752 kB
Committed_AS:   13018264 kB
VmallocTotal:     245760 kB
VmallocUsed:       52996 kB
VmallocChunk:      75648 kB
1557735591.812646
MemTotal:        1899508 kB
MemFree:           48240 kB
Buffers:            1088 kB
Cached:           144216 kB
SwapCached:            0 kB
Active:          1475592 kB
Inactive:          82344 kB
Active(anon):    1415936 kB
Inactive(anon):     3592 kB
Active(file):      59656 kB
Inactive(file):    78752 kB
Unevictable:        1940 kB
Mlocked:               0 kB
HighTotal:       1158144 kB
HighFree:           1776 kB
LowTotal:         741364 kB
LowFree:           46464 kB
SwapTotal:             0 kB
SwapFree:              0 kB
Dirty:               288 kB
Writeback:             0 kB
AnonPages:       1414612 kB
Mapped:           126332 kB
Shmem:              4956 kB
Slab:              33296 kB
SReclaimable:      12304 kB
SUnreclaim:        20992 kB
KernelStack:        6312 kB
PageTables:        12444 kB
NFS_Unstable:          0 kB
Bounce:                0 kB
WritebackTmp:          0 kB
CommitLimit:      949752 kB
Committed_AS:   13019408 kB
VmallocTotal:     245760 kB
VmallocUsed:       52996 kB
VmallocChunk:      75648 kB
1557735592.475856
MemTotal:        1899508 kB
MemFree:           43968 kB
Buffers:            1088 kB
Cached:           137744 kB
SwapCached:            0 kB
Active:          1481144 kB
Inactive:          75956 kB
Active(anon):    1421600 kB
Inactive(anon):     3840 kB
Active(file):      59544 kB
Inactive(file):    72116 kB
Unevictable:        1940 kB
Mlocked:               0 kB
HighTotal:       1158144 kB
HighFree:           3576 kB
LowTotal:         741364 kB
LowFree:           40392 kB
SwapTotal:             0 kB
SwapFree:              0 kB
Dirty:                 0 kB
Writeback:             0 kB
AnonPages:       1420316 kB
Mapped:           128796 kB
Shmem:              5184 kB
Slab:              33280 kB
SReclaimable:      12288 kB
SUnreclaim:        20992 kB
KernelStack:        6312 kB
PageTables:        12368 kB
NFS_Unstable:          0 kB
Bounce:                0 kB
WritebackTmp:          0 kB
CommitLimit:      949752 kB
Committed_AS:   13025484 kB
VmallocTotal:     245760 kB
VmallocUsed:       53056 kB
VmallocChunk:      75648 kB
1557735593.458784
MemTotal:        1899508 kB
MemFree:           48016 kB
Buffers:            1104 kB
Cached:           135632 kB
SwapCached:            0 kB
Active:          1480512 kB
Inactive:          74072 kB
Active(anon):    1421188 kB
Inactive(anon):     3828 kB
Active(file):      59324 kB
Inactive(file):    70244 kB
Unevictable:        1940 kB
Mlocked:               0 kB
HighTotal:       1158144 kB
HighFree:           5948 kB
LowTotal:         741364 kB
LowFree:           42068 kB
SwapTotal:             0 kB
SwapFree:              0 kB
Dirty:                84 kB
Writeback:             0 kB
AnonPages:       1419832 kB
Mapped:           128728 kB
Shmem:              5312 kB
Slab:              33276 kB
SReclaimable:      12284 kB
SUnreclaim:        20992 kB
KernelStack:        6264 kB
PageTables:        12444 kB
NFS_Unstable:          0 kB
Bounce:                0 kB
WritebackTmp:          0 kB
CommitLimit:      949752 kB
Committed_AS:   13026492 kB
VmallocTotal:     245760 kB
VmallocUsed:       53056 kB
VmallocChunk:      75648 kB
1557735594.547757
MemTotal:        1899508 kB
MemFree:           47552 kB
Buffers:            1104 kB
Cached:           134032 kB
SwapCached:            0 kB
Active:          1481728 kB
Inactive:          72432 kB
Active(anon):    1422576 kB
Inactive(anon):     3936 kB
Active(file):      59152 kB
Inactive(file):    68496 kB
Unevictable:        1940 kB
Mlocked:               0 kB
HighTotal:       1158144 kB
HighFree:           5628 kB
LowTotal:         741364 kB
LowFree:           41924 kB
SwapTotal:             0 kB
SwapFree:              0 kB
Dirty:                84 kB
Writeback:             0 kB
AnonPages:       1421020 kB
Mapped:           127940 kB
Shmem:              5456 kB
Slab:              33276 kB
SReclaimable:      12284 kB
SUnreclaim:        20992 kB
KernelStack:        6232 kB
PageTables:        12288 kB
NFS_Unstable:          0 kB
Bounce:                0 kB
WritebackTmp:          0 kB
CommitLimit:      949752 kB
Committed_AS:   13035780 kB
VmallocTotal:     245760 kB
VmallocUsed:       53056 kB
VmallocChunk:      75648 kB
1557735595.522749
MemTotal:        1899508 kB
MemFree:           61128 kB
Buffers:            1108 kB
Cached:           134420 kB
SwapCached:            0 kB
Active:          1478332 kB
Inactive:          72088 kB
Active(anon):    1418376 kB
Inactive(anon):     3924 kB
Active(file):      59956 kB
Inactive(file):    68164 kB
Unevictable:        1940 kB
Mlocked:               0 kB
HighTotal:       1158144 kB
HighFree:           8840 kB
LowTotal:         741364 kB
LowFree:           52288 kB
SwapTotal:             0 kB
SwapFree:              0 kB
Dirty:                88 kB
Writeback:             0 kB
AnonPages:       1416808 kB
Mapped:           117948 kB
Shmem:              5468 kB
Slab:              33268 kB
SReclaimable:      12284 kB
SUnreclaim:        20984 kB
KernelStack:        6152 kB
PageTables:        12000 kB
NFS_Unstable:          0 kB
Bounce:                0 kB
WritebackTmp:          0 kB
CommitLimit:      949752 kB
Committed_AS:   12469228 kB
VmallocTotal:     245760 kB
VmallocUsed:       51940 kB
VmallocChunk:      75648 kB
1557735596.549347
MemTotal:        1899508 kB
MemFree:           58856 kB
Buffers:            1124 kB
Cached:           134432 kB
SwapCached:            0 kB
Active:          1479964 kB
Inactive:          72076 kB
Active(anon):    1419988 kB
Inactive(anon):     3916 kB
Active(file):      59976 kB
Inactive(file):    68160 kB
Unevictable:        1940 kB
Mlocked:               0 kB
HighTotal:       1158144 kB
HighFree:           7152 kB
LowTotal:         741364 kB
LowFree:           51704 kB
SwapTotal:             0 kB
SwapFree:              0 kB
Dirty:                92 kB
Writeback:             0 kB
AnonPages:       1418540 kB
Mapped:           117992 kB
Shmem:              5480 kB
Slab:              33268 kB
SReclaimable:      12284 kB
SUnreclaim:        20984 kB
KernelStack:        6288 kB
PageTables:        12396 kB
NFS_Unstable:          0 kB
Bounce:                0 kB
WritebackTmp:          0 kB
CommitLimit:      949752 kB
Committed_AS:   13036416 kB
VmallocTotal:     245760 kB
VmallocUsed:       52960 kB
VmallocChunk:      75648 kB
1557735597.611807
MemTotal:        1899508 kB
MemFree:           55076 kB
Buffers:            1124 kB
Cached:           134432 kB
SwapCached:            0 kB
Active:          1483248 kB
Inactive:          72076 kB
Active(anon):    1423272 kB
Inactive(anon):     3916 kB
Active(file):      59976 kB
Inactive(file):    68160 kB
Unevictable:        1940 kB
Mlocked:               0 kB
HighTotal:       1158144 kB
HighFree:           4004 kB
LowTotal:         741364 kB
LowFree:           51072 kB
SwapTotal:             0 kB
SwapFree:              0 kB
Dirty:                92 kB
Writeback:             0 kB
AnonPages:       1421636 kB
Mapped:           118112 kB
Shmem:              5480 kB
Slab:              33524 kB
SReclaimable:      12284 kB
SUnreclaim:        21240 kB
KernelStack:        6328 kB
PageTables:        12352 kB
NFS_Unstable:          0 kB
Bounce:                0 kB
WritebackTmp:          0 kB
CommitLimit:      949752 kB
Committed_AS:   13037264 kB
VmallocTotal:     245760 kB
VmallocUsed:       52960 kB
VmallocChunk:      75648 kB
1557735598.594478
MemTotal:        1899508 kB
MemFree:           55588 kB
Buffers:            1124 kB
Cached:           134680 kB
SwapCached:            0 kB
Active:          1483112 kB
Inactive:          72368 kB
Active(anon):    1423136 kB
Inactive(anon):     3916 kB
Active(file):      59976 kB
Inactive(file):    68452 kB
Unevictable:        1940 kB
Mlocked:               0 kB
HighTotal:       1158144 kB
HighFree:           4032 kB
LowTotal:         741364 kB
LowFree:           51556 kB
SwapTotal:             0 kB
SwapFree:              0 kB
Dirty:                 0 kB
Writeback:             0 kB
AnonPages:       1421704 kB
Mapped:           118196 kB
Shmem:              5480 kB
Slab:              33524 kB
SReclaimable:      12284 kB
SUnreclaim:        21240 kB
KernelStack:        6272 kB
PageTables:        12360 kB
NFS_Unstable:          0 kB
Bounce:                0 kB
WritebackTmp:          0 kB
CommitLimit:      949752 kB
Committed_AS:   13037304 kB
VmallocTotal:     245760 kB
VmallocUsed:       52960 kB
VmallocChunk:      75648 kB
1557735599.684427
MemTotal:        1899508 kB
MemFree:           50976 kB
Buffers:            1140 kB
Cached:           137152 kB
SwapCached:            0 kB
Active:          1485628 kB
Inactive:          74812 kB
Active(anon):    1425652 kB
Inactive(anon):     3916 kB
Active(file):      59976 kB
Inactive(file):    70896 kB
Unevictable:        1940 kB
Mlocked:               0 kB
HighTotal:       1158144 kB
HighFree:           1820 kB
LowTotal:         741364 kB
LowFree:           49156 kB
SwapTotal:             0 kB
SwapFree:              0 kB
Dirty:                 4 kB
Writeback:             0 kB
AnonPages:       1424104 kB
Mapped:           118660 kB
Shmem:              5480 kB
Slab:              33492 kB
SReclaimable:      12284 kB
SUnreclaim:        21208 kB
KernelStack:        6216 kB
PageTables:        12356 kB
NFS_Unstable:          0 kB
Bounce:                0 kB
WritebackTmp:          0 kB
CommitLimit:      949752 kB
Committed_AS:   13038140 kB
VmallocTotal:     245760 kB
VmallocUsed:       52960 kB
VmallocChunk:      75648 kB
1557735600.686833
MemTotal:        1899508 kB
MemFree:           60176 kB
Buffers:            1140 kB
Cached:           137168 kB
SwapCached:            0 kB
Active:          1481492 kB
Inactive:          74828 kB
Active(anon):    1421516 kB
Inactive(anon):     3916 kB
Active(file):      59976 kB
Inactive(file):    70912 kB
Unevictable:        1940 kB
Mlocked:               0 kB
HighTotal:       1158144 kB
HighFree:           3228 kB
LowTotal:         741364 kB
LowFree:           56948 kB
SwapTotal:             0 kB
SwapFree:              0 kB
Dirty:                68 kB
Writeback:             0 kB
AnonPages:       1419892 kB
Mapped:           112188 kB
Shmem:              5480 kB
Slab:              33460 kB
SReclaimable:      12284 kB
SUnreclaim:        21176 kB
KernelStack:        6272 kB
PageTables:        12348 kB
NFS_Unstable:          0 kB
Bounce:                0 kB
WritebackTmp:          0 kB
CommitLimit:      949752 kB
Committed_AS:   13038200 kB
VmallocTotal:     245760 kB
VmallocUsed:       52888 kB
VmallocChunk:      75648 kB
1557735601.659876
MemTotal:        1899508 kB
MemFree:           59712 kB
Buffers:            1140 kB
Cached:           137168 kB
SwapCached:            0 kB
Active:          1481540 kB
Inactive:          74828 kB
Active(anon):    1421564 kB
Inactive(anon):     3916 kB
Active(file):      59976 kB
Inactive(file):    70912 kB
Unevictable:        1940 kB
Mlocked:               0 kB
HighTotal:       1158144 kB
HighFree:           2636 kB
LowTotal:         741364 kB
LowFree:           57076 kB
SwapTotal:             0 kB
SwapFree:              0 kB
Dirty:                68 kB
Writeback:             0 kB
AnonPages:       1420060 kB
Mapped:           112796 kB
Shmem:              5480 kB
Slab:              33456 kB
SReclaimable:      12284 kB
SUnreclaim:        21172 kB
KernelStack:        6328 kB
PageTables:        12364 kB
NFS_Unstable:          0 kB
Bounce:                0 kB
WritebackTmp:          0 kB
CommitLimit:      949752 kB
Committed_AS:   13034416 kB
VmallocTotal:     245760 kB
VmallocUsed:       52888 kB
VmallocChunk:      75648 kB
1557735602.684318
MemTotal:        1899508 kB
MemFree:           61352 kB
Buffers:            1140 kB
Cached:           137236 kB
SwapCached:            0 kB
Active:          1480604 kB
Inactive:          74880 kB
Active(anon):    1420612 kB
Inactive(anon):     3916 kB
Active(file):      59992 kB
Inactive(file):    70964 kB
Unevictable:        1940 kB
Mlocked:               0 kB
HighTotal:       1158144 kB
HighFree:           3716 kB
LowTotal:         741364 kB
LowFree:           57636 kB
SwapTotal:             0 kB
SwapFree:              0 kB
Dirty:               104 kB
Writeback:             0 kB
AnonPages:       1419220 kB
Mapped:           113008 kB
Shmem:              5480 kB
Slab:              33452 kB
SReclaimable:      12284 kB
SUnreclaim:        21168 kB
KernelStack:        6320 kB
PageTables:        12376 kB
NFS_Unstable:          0 kB
Bounce:                0 kB
WritebackTmp:          0 kB
CommitLimit:      949752 kB
Committed_AS:   13034516 kB
VmallocTotal:     245760 kB
VmallocUsed:       52888 kB
VmallocChunk:      75648 kB
1557735603.681999
MemTotal:        1899508 kB
MemFree:           58828 kB
Buffers:            1140 kB
Cached:           137236 kB
SwapCached:            0 kB
Active:          1482784 kB
Inactive:          74880 kB
Active(anon):    1422792 kB
Inactive(anon):     3916 kB
Active(file):      59992 kB
Inactive(file):    70964 kB
Unevictable:        1940 kB
Mlocked:               0 kB
HighTotal:       1158144 kB
HighFree:           1724 kB
LowTotal:         741364 kB
LowFree:           57104 kB
SwapTotal:             0 kB
SwapFree:              0 kB
Dirty:                36 kB
Writeback:             0 kB
AnonPages:       1421476 kB
Mapped:           112948 kB
Shmem:              5480 kB
Slab:              33452 kB
SReclaimable:      12284 kB
SUnreclaim:        21168 kB
KernelStack:        6312 kB
PageTables:        12376 kB
NFS_Unstable:          0 kB
Bounce:                0 kB
WritebackTmp:          0 kB
CommitLimit:      949752 kB
Committed_AS:   13035412 kB
VmallocTotal:     245760 kB
VmallocUsed:       52888 kB
VmallocChunk:      75648 kB
1557735604.698805
MemTotal:        1899508 kB
MemFree:           60404 kB
Buffers:            1160 kB
Cached:           137236 kB
SwapCached:            0 kB
Active:          1481864 kB
Inactive:          74896 kB
Active(anon):    1421868 kB
Inactive(anon):     3916 kB
Active(file):      59996 kB
Inactive(file):    70980 kB
Unevictable:        1940 kB
Mlocked:               0 kB
HighTotal:       1158144 kB
HighFree:           3976 kB
LowTotal:         741364 kB
LowFree:           56428 kB
SwapTotal:             0 kB
SwapFree:              0 kB
Dirty:                92 kB
Writeback:             0 kB
AnonPages:       1420356 kB
Mapped:           113120 kB
Shmem:              5480 kB
Slab:              33580 kB
SReclaimable:      12284 kB
SUnreclaim:        21296 kB
KernelStack:        6192 kB
PageTables:        12380 kB
NFS_Unstable:          0 kB
Bounce:                0 kB
WritebackTmp:          0 kB
CommitLimit:      949752 kB
Committed_AS:   13035428 kB
VmallocTotal:     245760 kB
VmallocUsed:       52888 kB
VmallocChunk:      75648 kB
1557735605.700861
MemTotal:        1899508 kB
MemFree:           59000 kB
Buffers:            1160 kB
Cached:           137732 kB
SwapCached:            0 kB
Active:          1482684 kB
Inactive:          75400 kB
Active(anon):    1422688 kB
Inactive(anon):     4420 kB
Active(file):      59996 kB
Inactive(file):    70980 kB
Unevictable:        1940 kB
Mlocked:               0 kB
HighTotal:       1158144 kB
HighFree:           2604 kB
LowTotal:         741364 kB
LowFree:           56396 kB
SwapTotal:             0 kB
SwapFree:              0 kB
Dirty:                92 kB
Writeback:             0 kB
AnonPages:       1421164 kB
Mapped:           113740 kB
Shmem:              5976 kB
Slab:              33580 kB
SReclaimable:      12284 kB
SUnreclaim:        21296 kB
KernelStack:        6216 kB
PageTables:        12372 kB
NFS_Unstable:          0 kB
Bounce:                0 kB
WritebackTmp:          0 kB
CommitLimit:      949752 kB
Committed_AS:   13036268 kB
VmallocTotal:     245760 kB
VmallocUsed:       52888 kB
VmallocChunk:      75648 kB
1557735606.716083
MemTotal:        1899508 kB
MemFree:           59856 kB
Buffers:            1160 kB
Cached:           137812 kB
SwapCached:            0 kB
Active:          1481808 kB
Inactive:          75376 kB
Active(anon):    1421812 kB
Inactive(anon):     4396 kB
Active(file):      59996 kB
Inactive(file):    70980 kB
Unevictable:        1940 kB
Mlocked:               0 kB
HighTotal:       1158144 kB
HighFree:           3216 kB
LowTotal:         741364 kB
LowFree:           56640 kB
SwapTotal:             0 kB
SwapFree:              0 kB
Dirty:                92 kB
Writeback:             0 kB
AnonPages:       1420196 kB
Mapped:           113440 kB
Shmem:              6056 kB
Slab:              33580 kB
SReclaimable:      12284 kB
SUnreclaim:        21296 kB
KernelStack:        6240 kB
PageTables:        12364 kB
NFS_Unstable:          0 kB
Bounce:                0 kB
WritebackTmp:          0 kB
CommitLimit:      949752 kB
Committed_AS:   13036288 kB
VmallocTotal:     245760 kB
VmallocUsed:       52888 kB
VmallocChunk:      75648 kB
1557735607.671901
MemTotal:        1899508 kB
MemFree:           57180 kB
Buffers:            1176 kB
Cached:           137796 kB
SwapCached:            0 kB
Active:          1484244 kB
Inactive:          75376 kB
Active(anon):    1424248 kB
Inactive(anon):     4396 kB
Active(file):      59996 kB
Inactive(file):    70980 kB
Unevictable:        1940 kB
Mlocked:               0 kB
HighTotal:       1158144 kB
HighFree:           1808 kB
LowTotal:         741364 kB
LowFree:           55372 kB
SwapTotal:             0 kB
SwapFree:              0 kB
Dirty:                92 kB
Writeback:             0 kB
AnonPages:       1422672 kB
Mapped:           113700 kB
Shmem:              6056 kB
Slab:              33516 kB
SReclaimable:      12284 kB
SUnreclaim:        21232 kB
KernelStack:        6264 kB
PageTables:        12380 kB
NFS_Unstable:          0 kB
Bounce:                0 kB
WritebackTmp:          0 kB
CommitLimit:      949752 kB
Committed_AS:   13037356 kB
VmallocTotal:     245760 kB
VmallocUsed:       52888 kB
VmallocChunk:      75648 kB
1557735608.683585
MemTotal:        1899508 kB
MemFree:           55752 kB
Buffers:            1176 kB
Cached:           138072 kB
SwapCached:            0 kB
Active:          1486088 kB
Inactive:          75644 kB
Active(anon):    1426084 kB
Inactive(anon):     4396 kB
Active(file):      60004 kB
Inactive(file):    71248 kB
Unevictable:        1940 kB
Mlocked:               0 kB
HighTotal:       1158144 kB
HighFree:           1888 kB
LowTotal:         741364 kB
LowFree:           53864 kB
SwapTotal:             0 kB
SwapFree:              0 kB
Dirty:                 0 kB
Writeback:             0 kB
AnonPages:       1424480 kB
Mapped:           113752 kB
Shmem:              6056 kB
Slab:              33516 kB
SReclaimable:      12284 kB
SUnreclaim:        21232 kB
KernelStack:        6288 kB
PageTables:        12396 kB
NFS_Unstable:          0 kB
Bounce:                0 kB
WritebackTmp:          0 kB
CommitLimit:      949752 kB
Committed_AS:   13037728 kB
VmallocTotal:     245760 kB
VmallocUsed:       52888 kB
VmallocChunk:      75648 kB
1557735609.778440
MemTotal:        1899508 kB
MemFree:           56212 kB
Buffers:            1176 kB
Cached:           138072 kB
SwapCached:            0 kB
Active:          1485444 kB
Inactive:          75644 kB
Active(anon):    1425440 kB
Inactive(anon):     4396 kB
Active(file):      60004 kB
Inactive(file):    71248 kB
Unevictable:        1940 kB
Mlocked:               0 kB
HighTotal:       1158144 kB
HighFree:           1732 kB
LowTotal:         741364 kB
LowFree:           54480 kB
SwapTotal:             0 kB
SwapFree:              0 kB
Dirty:                 0 kB
Writeback:             0 kB
AnonPages:       1423772 kB
Mapped:           113756 kB
Shmem:              6056 kB
Slab:              33516 kB
SReclaimable:      12284 kB
SUnreclaim:        21232 kB
KernelStack:        6216 kB
PageTables:        12376 kB
NFS_Unstable:          0 kB
Bounce:                0 kB
WritebackTmp:          0 kB
CommitLimit:      949752 kB
Committed_AS:   13038236 kB
VmallocTotal:     245760 kB
VmallocUsed:       52888 kB
VmallocChunk:      75648 kB
1557735610.754410
MemTotal:        1899508 kB
MemFree:           55048 kB
Buffers:            1176 kB
Cached:           138524 kB
SwapCached:            0 kB
Active:          1485772 kB
Inactive:          76096 kB
Active(anon):    1425768 kB
Inactive(anon):     4396 kB
Active(file):      60004 kB
Inactive(file):    71700 kB
Unevictable:        1940 kB
Mlocked:               0 kB
HighTotal:       1158144 kB
HighFree:           1764 kB
LowTotal:         741364 kB
LowFree:           53284 kB
SwapTotal:             0 kB
SwapFree:              0 kB
Dirty:                 0 kB
Writeback:             0 kB
AnonPages:       1424232 kB
Mapped:           113612 kB
Shmem:              6056 kB
Slab:              33516 kB
SReclaimable:      12284 kB
SUnreclaim:        21232 kB
KernelStack:        6264 kB
PageTables:        12372 kB
NFS_Unstable:          0 kB
Bounce:                0 kB
WritebackTmp:          0 kB
CommitLimit:      949752 kB
Committed_AS:   13038564 kB
VmallocTotal:     245760 kB
VmallocUsed:       52888 kB
VmallocChunk:      75648 kB
1557735611.807839
MemTotal:        1899508 kB
MemFree:           52392 kB
Buffers:            1192 kB
Cached:           138508 kB
SwapCached:            0 kB
Active:          1487452 kB
Inactive:          76092 kB
Active(anon):    1427448 kB
Inactive(anon):     4392 kB
Active(file):      60004 kB
Inactive(file):    71700 kB
Unevictable:        1940 kB
Mlocked:               0 kB
HighTotal:       1158144 kB
HighFree:           1800 kB
LowTotal:         741364 kB
LowFree:           50592 kB
SwapTotal:             0 kB
SwapFree:              0 kB
Dirty:                 0 kB
Writeback:             0 kB
AnonPages:       1426200 kB
Mapped:           113636 kB
Shmem:              6056 kB
Slab:              33516 kB
SReclaimable:      12284 kB
SUnreclaim:        21232 kB
KernelStack:        6216 kB
PageTables:        12376 kB
NFS_Unstable:          0 kB
Bounce:                0 kB
WritebackTmp:          0 kB
CommitLimit:      949752 kB
Committed_AS:   13039384 kB
VmallocTotal:     245760 kB
VmallocUsed:       52888 kB
VmallocChunk:      75648 kB
1557735612.903901
MemTotal:        1899508 kB
MemFree:           52552 kB
Buffers:            1192 kB
Cached:           138524 kB
SwapCached:            0 kB
Active:          1488928 kB
Inactive:          76104 kB
Active(anon):    1428924 kB
Inactive(anon):     4388 kB
Active(file):      60004 kB
Inactive(file):    71716 kB
Unevictable:        1940 kB
Mlocked:               0 kB
HighTotal:       1158144 kB
HighFree:           2060 kB
LowTotal:         741364 kB
LowFree:           50492 kB
SwapTotal:             0 kB
SwapFree:              0 kB
Dirty:                40 kB
Writeback:             0 kB
AnonPages:       1427324 kB
Mapped:           113764 kB
Shmem:              6056 kB
Slab:              33512 kB
SReclaimable:      12280 kB
SUnreclaim:        21232 kB
KernelStack:        6168 kB
PageTables:        12360 kB
NFS_Unstable:          0 kB
Bounce:                0 kB
WritebackTmp:          0 kB
CommitLimit:      949752 kB
Committed_AS:   13039720 kB
VmallocTotal:     245760 kB
VmallocUsed:       52888 kB
VmallocChunk:      75648 kB
1557735613.997904
MemTotal:        1899508 kB
MemFree:           51768 kB
Buffers:            1192 kB
Cached:           138524 kB
SwapCached:            0 kB
Active:          1488740 kB
Inactive:          76104 kB
Active(anon):    1428736 kB
Inactive(anon):     4388 kB
Active(file):      60004 kB
Inactive(file):    71716 kB
Unevictable:        1940 kB
Mlocked:               0 kB
HighTotal:       1158144 kB
HighFree:           1804 kB
LowTotal:         741364 kB
LowFree:           49964 kB
SwapTotal:             0 kB
SwapFree:              0 kB
Dirty:                40 kB
Writeback:             0 kB
AnonPages:       1427116 kB
Mapped:           113776 kB
Shmem:              6056 kB
Slab:              33512 kB
SReclaimable:      12280 kB
SUnreclaim:        21232 kB
KernelStack:        6200 kB
PageTables:        12360 kB
NFS_Unstable:          0 kB
Bounce:                0 kB
WritebackTmp:          0 kB
CommitLimit:      949752 kB
Committed_AS:   13035732 kB
VmallocTotal:     245760 kB
VmallocUsed:       52888 kB
VmallocChunk:      75648 kB
1557735615.104250
MemTotal:        1899508 kB
MemFree:           42432 kB
Buffers:            1312 kB
Cached:           143400 kB
SwapCached:            0 kB
Active:          1492844 kB
Inactive:          80908 kB
Active(anon):    1432760 kB
Inactive(anon):     4388 kB
Active(file):      60084 kB
Inactive(file):    76520 kB
Unevictable:        1940 kB
Mlocked:               0 kB
HighTotal:       1158144 kB
HighFree:           1812 kB
LowTotal:         741364 kB
LowFree:           40620 kB
SwapTotal:             0 kB
SwapFree:              0 kB
Dirty:                40 kB
Writeback:             0 kB
AnonPages:       1431100 kB
Mapped:           115232 kB
Shmem:              6056 kB
Slab:              33540 kB
SReclaimable:      12280 kB
SUnreclaim:        21260 kB
KernelStack:        6256 kB
PageTables:        12836 kB
NFS_Unstable:          0 kB
Bounce:                0 kB
WritebackTmp:          0 kB
CommitLimit:      949752 kB
Committed_AS:   13603768 kB
VmallocTotal:     245760 kB
VmallocUsed:       53908 kB
VmallocChunk:      75648 kB
1557735616.277289
MemTotal:        1899508 kB
MemFree:           45536 kB
Buffers:            1244 kB
Cached:           138548 kB
SwapCached:            0 kB
Active:          1494196 kB
Inactive:          75708 kB
Active(anon):    1433992 kB
Inactive(anon):     4388 kB
Active(file):      60204 kB
Inactive(file):    71320 kB
Unevictable:        1940 kB
Mlocked:               0 kB
HighTotal:       1158144 kB
HighFree:           4776 kB
LowTotal:         741364 kB
LowFree:           40760 kB
SwapTotal:             0 kB
SwapFree:              0 kB
Dirty:                72 kB
Writeback:             0 kB
AnonPages:       1432288 kB
Mapped:           115064 kB
Shmem:              6056 kB
Slab:              33476 kB
SReclaimable:      12280 kB
SUnreclaim:        21196 kB
KernelStack:        6360 kB
PageTables:        12768 kB
NFS_Unstable:          0 kB
Bounce:                0 kB
WritebackTmp:          0 kB
CommitLimit:      949752 kB
Committed_AS:   13610904 kB
VmallocTotal:     245760 kB
VmallocUsed:       53908 kB
VmallocChunk:      75648 kB
1557735617.245499
MemTotal:        1899508 kB
MemFree:           48228 kB
Buffers:            1240 kB
Cached:           137596 kB
SwapCached:            0 kB
Active:          1494528 kB
Inactive:          74780 kB
Active(anon):    1434000 kB
Inactive(anon):     4364 kB
Active(file):      60528 kB
Inactive(file):    70416 kB
Unevictable:        1940 kB
Mlocked:               0 kB
HighTotal:       1158144 kB
HighFree:           5932 kB
LowTotal:         741364 kB
LowFree:           42296 kB
SwapTotal:             0 kB
SwapFree:              0 kB
Dirty:                84 kB
Writeback:             0 kB
AnonPages:       1432312 kB
Mapped:           115144 kB
Shmem:              6056 kB
Slab:              33508 kB
SReclaimable:      12280 kB
SUnreclaim:        21228 kB
KernelStack:        6344 kB
PageTables:        12672 kB
NFS_Unstable:          0 kB
Bounce:                0 kB
WritebackTmp:          0 kB
CommitLimit:      949752 kB
Committed_AS:   13610964 kB
VmallocTotal:     245760 kB
VmallocUsed:       53908 kB
VmallocChunk:      75648 kB
1557735618.211888
MemTotal:        1899508 kB
MemFree:           47984 kB
Buffers:            1240 kB
Cached:           137688 kB
SwapCached:            0 kB
Active:          1494796 kB
Inactive:          74768 kB
Active(anon):    1434268 kB
Inactive(anon):     4364 kB
Active(file):      60528 kB
Inactive(file):    70404 kB
Unevictable:        1940 kB
Mlocked:               0 kB
HighTotal:       1158144 kB
HighFree:           5692 kB
LowTotal:         741364 kB
LowFree:           42292 kB
SwapTotal:             0 kB
SwapFree:              0 kB
Dirty:                32 kB
Writeback:            24 kB
AnonPages:       1432660 kB
Mapped:           115048 kB
Shmem:              6056 kB
Slab:              33476 kB
SReclaimable:      12280 kB
SUnreclaim:        21196 kB
KernelStack:        6392 kB
PageTables:        12824 kB
NFS_Unstable:          0 kB
Bounce:                0 kB
WritebackTmp:          0 kB
CommitLimit:      949752 kB
Committed_AS:   13612088 kB
VmallocTotal:     245760 kB
VmallocUsed:       53908 kB
VmallocChunk:      75648 kB
1557735619.320339
MemTotal:        1899508 kB
MemFree:           48008 kB
Buffers:            1240 kB
Cached:           137692 kB
SwapCached:            0 kB
Active:          1494656 kB
Inactive:          74772 kB
Active(anon):    1434128 kB
Inactive(anon):     4364 kB
Active(file):      60528 kB
Inactive(file):    70408 kB
Unevictable:        1940 kB
Mlocked:               0 kB
HighTotal:       1158144 kB
HighFree:           4232 kB
LowTotal:         741364 kB
LowFree:           43776 kB
SwapTotal:             0 kB
SwapFree:              0 kB
Dirty:                 0 kB
Writeback:             0 kB
