MemTotal:        1899508 kB
MemFree:           48172 kB
Buffers:            1744 kB
Cached:           216768 kB
SwapCached:            0 kB
Active:          1512752 kB
Inactive:         130812 kB
Active(anon):    1427448 kB
Inactive(anon):     1620 kB
Active(file):      85304 kB
Inactive(file):   129192 kB
Unevictable:        1940 kB
Mlocked:               0 kB
HighTotal:       1158144 kB
HighFree:           2924 kB
LowTotal:         741364 kB
LowFree:           45248 kB
SwapTotal:             0 kB
SwapFree:              0 kB
Dirty:                 0 kB
Writeback:             0 kB
AnonPages:       1427376 kB
Mapped:           111248 kB
Shmem:              1680 kB
Slab:              36324 kB
SReclaimable:      13980 kB
SUnreclaim:        22344 kB
KernelStack:        7776 kB
PageTables:        15084 kB
NFS_Unstable:          0 kB
Bounce:                0 kB
WritebackTmp:          0 kB
CommitLimit:      949752 kB
Committed_AS:   17767036 kB
VmallocTotal:     245760 kB
VmallocUsed:       55848 kB
VmallocChunk:      75648 kB
1557735023.679926
MemTotal:        1899508 kB
MemFree:           50192 kB
Buffers:            1744 kB
Cached:           214880 kB
SwapCached:            0 kB
Active:          1513056 kB
Inactive:         128992 kB
Active(anon):    1427580 kB
Inactive(anon):     1616 kB
Active(file):      85476 kB
Inactive(file):   127376 kB
Unevictable:        1940 kB
Mlocked:               0 kB
HighTotal:       1158144 kB
HighFree:           3696 kB
LowTotal:         741364 kB
LowFree:           46496 kB
SwapTotal:             0 kB
SwapFree:              0 kB
Dirty:                80 kB
Writeback:            24 kB
AnonPages:       1427592 kB
Mapped:           111736 kB
Shmem:              1668 kB
Slab:              36324 kB
SReclaimable:      13976 kB
SUnreclaim:        22348 kB
KernelStack:        7768 kB
PageTables:        15040 kB
NFS_Unstable:          0 kB
Bounce:                0 kB
WritebackTmp:          0 kB
CommitLimit:      949752 kB
Committed_AS:   17767024 kB
VmallocTotal:     245760 kB
VmallocUsed:       55848 kB
VmallocChunk:      75648 kB
1557735024.378380
MemTotal:        1899508 kB
MemFree:           40436 kB
Buffers:            2016 kB
Cached:           220612 kB
SwapCached:            0 kB
Active:          1516100 kB
Inactive:         133972 kB
Active(anon):    1430092 kB
Inactive(anon):     1616 kB
Active(file):      86008 kB
Inactive(file):   132356 kB
Unevictable:        1940 kB
Mlocked:               0 kB
HighTotal:       1158144 kB
HighFree:            436 kB
LowTotal:         741364 kB
LowFree:           40000 kB
SwapTotal:             0 kB
SwapFree:              0 kB
Dirty:                84 kB
Writeback:             0 kB
AnonPages:       1430224 kB
Mapped:           117008 kB
Shmem:              1668 kB
Slab:              36312 kB
SReclaimable:      13976 kB
SUnreclaim:        22336 kB
KernelStack:        7880 kB
PageTables:        15488 kB
NFS_Unstable:          0 kB
Bounce:                0 kB
WritebackTmp:          0 kB
CommitLimit:      949752 kB
Committed_AS:   18336168 kB
VmallocTotal:     245760 kB
VmallocUsed:       56868 kB
VmallocChunk:      75648 kB
1557735025.112087
MemTotal:        1899508 kB
MemFree:           53640 kB
Buffers:            1592 kB
Cached:           213892 kB
SwapCached:            0 kB
Active:          1506820 kB
Inactive:         131192 kB
Active(anon):    1424656 kB
Inactive(anon):     1612 kB
Active(file):      82164 kB
Inactive(file):   129580 kB
Unevictable:        1940 kB
Mlocked:               0 kB
HighTotal:       1158144 kB
HighFree:           4676 kB
LowTotal:         741364 kB
LowFree:           48964 kB
SwapTotal:             0 kB
SwapFree:              0 kB
Dirty:               116 kB
Writeback:             0 kB
AnonPages:       1424736 kB
Mapped:           125488 kB
Shmem:              1660 kB
Slab:              35888 kB
SReclaimable:      13652 kB
SUnreclaim:        22236 kB
KernelStack:        7704 kB
PageTables:        15276 kB
NFS_Unstable:          0 kB
Bounce:                0 kB
WritebackTmp:          0 kB
CommitLimit:      949752 kB
Committed_AS:   17780676 kB
VmallocTotal:     245760 kB
VmallocUsed:       55564 kB
VmallocChunk:      75648 kB
1557735026.305826
MemTotal:        1899508 kB
MemFree:           39784 kB
Buffers:            1624 kB
Cached:           194280 kB
SwapCached:            0 kB
Active:          1540548 kB
Inactive:          97848 kB
Active(anon):    1444776 kB
Inactive(anon):     1612 kB
Active(file):      95772 kB
Inactive(file):    96236 kB
Unevictable:        1940 kB
Mlocked:               0 kB
HighTotal:       1158144 kB
HighFree:            648 kB
LowTotal:         741364 kB
LowFree:           39136 kB
SwapTotal:             0 kB
SwapFree:              0 kB
Dirty:                44 kB
Writeback:             0 kB
AnonPages:       1444932 kB
Mapped:           131328 kB
Shmem:              1664 kB
Slab:              35844 kB
SReclaimable:      13644 kB
SUnreclaim:        22200 kB
KernelStack:        7736 kB
PageTables:        15780 kB
NFS_Unstable:          0 kB
Bounce:                0 kB
WritebackTmp:          0 kB
CommitLimit:      949752 kB
Committed_AS:   18372044 kB
VmallocTotal:     245760 kB
VmallocUsed:       56824 kB
VmallocChunk:      75648 kB
1557735027.262494
MemTotal:        1899508 kB
MemFree:           40176 kB
Buffers:            2124 kB
Cached:           204660 kB
SwapCached:            0 kB
Active:          1532972 kB
Inactive:         111136 kB
Active(anon):    1439492 kB
Inactive(anon):     1616 kB
Active(file):      93480 kB
Inactive(file):   109520 kB
Unevictable:        1940 kB
Mlocked:               0 kB
HighTotal:       1158144 kB
HighFree:            436 kB
LowTotal:         741364 kB
LowFree:           39740 kB
SwapTotal:             0 kB
SwapFree:              0 kB
Dirty:                 0 kB
Writeback:            88 kB
AnonPages:       1439584 kB
Mapped:           135376 kB
Shmem:              1668 kB
Slab:              35708 kB
SReclaimable:      13520 kB
SUnreclaim:        22188 kB
KernelStack:        7424 kB
PageTables:        15468 kB
NFS_Unstable:          0 kB
Bounce:                0 kB
WritebackTmp:          0 kB
CommitLimit:      949752 kB
Committed_AS:   17705568 kB
VmallocTotal:     245760 kB
VmallocUsed:       56648 kB
VmallocChunk:      75648 kB
1557735028.241461
MemTotal:        1899508 kB
MemFree:           40192 kB
Buffers:            1568 kB
Cached:           201684 kB
SwapCached:            0 kB
Active:          1543868 kB
Inactive:         102248 kB
Active(anon):    1445056 kB
Inactive(anon):     1564 kB
Active(file):      98812 kB
Inactive(file):   100684 kB
Unevictable:        1940 kB
Mlocked:               0 kB
HighTotal:       1158144 kB
HighFree:            472 kB
LowTotal:         741364 kB
LowFree:           39720 kB
SwapTotal:             0 kB
SwapFree:              0 kB
Dirty:                40 kB
Writeback:            24 kB
AnonPages:       1445140 kB
Mapped:           132092 kB
Shmem:              1624 kB
Slab:              35500 kB
SReclaimable:      13420 kB
SUnreclaim:        22080 kB
KernelStack:        7704 kB
PageTables:        15524 kB
NFS_Unstable:          0 kB
Bounce:                0 kB
WritebackTmp:          0 kB
CommitLimit:      949752 kB
Committed_AS:   17707280 kB
VmallocTotal:     245760 kB
VmallocUsed:       56648 kB
VmallocChunk:      75648 kB
1557735029.359210
MemTotal:        1899508 kB
MemFree:           48020 kB
Buffers:            1340 kB
Cached:           189280 kB
SwapCached:            0 kB
Active:          1535416 kB
Inactive:          95452 kB
Active(anon):    1442560 kB
Inactive(anon):     1620 kB
Active(file):      92856 kB
Inactive(file):    93832 kB
Unevictable:        1940 kB
Mlocked:               0 kB
HighTotal:       1158144 kB
HighFree:           1840 kB
LowTotal:         741364 kB
LowFree:           46180 kB
SwapTotal:             0 kB
SwapFree:              0 kB
Dirty:                 0 kB
Writeback:             0 kB
AnonPages:       1442728 kB
Mapped:           116156 kB
Shmem:              1672 kB
Slab:              35316 kB
SReclaimable:      13380 kB
SUnreclaim:        21936 kB
KernelStack:        7448 kB
PageTables:        14436 kB
NFS_Unstable:          0 kB
Bounce:                0 kB
WritebackTmp:          0 kB
CommitLimit:      949752 kB
Committed_AS:   17129032 kB
VmallocTotal:     245760 kB
VmallocUsed:       55628 kB
VmallocChunk:      75648 kB
1557735030.415228
MemTotal:        1899508 kB
MemFree:           41296 kB
Buffers:            1324 kB
Cached:           189420 kB
SwapCached:            0 kB
Active:          1541916 kB
Inactive:          95188 kB
Active(anon):    1448816 kB
Inactive(anon):     1620 kB
Active(file):      93100 kB
Inactive(file):    93568 kB
Unevictable:        1940 kB
Mlocked:               0 kB
HighTotal:       1158144 kB
HighFree:            860 kB
LowTotal:         741364 kB
LowFree:           40436 kB
SwapTotal:             0 kB
SwapFree:              0 kB
Dirty:               320 kB
Writeback:             0 kB
AnonPages:       1448748 kB
Mapped:           115696 kB
Shmem:              1672 kB
Slab:              35324 kB
SReclaimable:      13380 kB
SUnreclaim:        21944 kB
KernelStack:        7432 kB
PageTables:        14516 kB
NFS_Unstable:          0 kB
Bounce:                0 kB
WritebackTmp:          0 kB
CommitLimit:      949752 kB
Committed_AS:   17131244 kB
VmallocTotal:     245760 kB
VmallocUsed:       55628 kB
VmallocChunk:      75648 kB
1557735031.209064
MemTotal:        1899508 kB
MemFree:           44624 kB
Buffers:            1316 kB
Cached:           188592 kB
SwapCached:            0 kB
Active:          1540792 kB
Inactive:          94616 kB
Active(anon):    1447736 kB
Inactive(anon):     1620 kB
Active(file):      93056 kB
Inactive(file):    92996 kB
Unevictable:        1940 kB
Mlocked:               0 kB
HighTotal:       1158144 kB
HighFree:           2992 kB
LowTotal:         741364 kB
LowFree:           41632 kB
SwapTotal:             0 kB
SwapFree:              0 kB
Dirty:               288 kB
Writeback:             0 kB
AnonPages:       1447780 kB
Mapped:           116360 kB
Shmem:              1672 kB
Slab:              35316 kB
SReclaimable:      13380 kB
SUnreclaim:        21936 kB
KernelStack:        7400 kB
PageTables:        14544 kB
NFS_Unstable:          0 kB
Bounce:                0 kB
WritebackTmp:          0 kB
CommitLimit:      949752 kB
Committed_AS:   17131432 kB
VmallocTotal:     245760 kB
VmallocUsed:       55628 kB
VmallocChunk:      75648 kB
1557735032.086653
MemTotal:        1899508 kB
MemFree:           49504 kB
Buffers:            1316 kB
Cached:           186960 kB
SwapCached:            0 kB
Active:          1536344 kB
Inactive:          93740 kB
Active(anon):    1443996 kB
Inactive(anon):     1620 kB
Active(file):      92348 kB
Inactive(file):    92120 kB
Unevictable:        1940 kB
Mlocked:               0 kB
HighTotal:       1158144 kB
HighFree:           6064 kB
LowTotal:         741364 kB
LowFree:           43440 kB
SwapTotal:             0 kB
SwapFree:              0 kB
Dirty:               292 kB
Writeback:             0 kB
AnonPages:       1443980 kB
Mapped:           116120 kB
Shmem:              1672 kB
Slab:              35300 kB
SReclaimable:      13380 kB
SUnreclaim:        21920 kB
KernelStack:        7328 kB
PageTables:        14504 kB
NFS_Unstable:          0 kB
Bounce:                0 kB
WritebackTmp:          0 kB
CommitLimit:      949752 kB
Committed_AS:   17130900 kB
VmallocTotal:     245760 kB
VmallocUsed:       55628 kB
VmallocChunk:      75648 kB
1557735032.882360
MemTotal:        1899508 kB
MemFree:           41660 kB
Buffers:            1324 kB
Cached:           194472 kB
SwapCached:            0 kB
Active:          1537792 kB
Inactive:         101064 kB
Active(anon):    1445348 kB
Inactive(anon):     1620 kB
Active(file):      92444 kB
Inactive(file):    99444 kB
Unevictable:        1940 kB
Mlocked:               0 kB
HighTotal:       1158144 kB
HighFree:           1132 kB
LowTotal:         741364 kB
LowFree:           40528 kB
SwapTotal:             0 kB
SwapFree:              0 kB
Dirty:                 0 kB
Writeback:           348 kB
AnonPages:       1445352 kB
Mapped:           118272 kB
Shmem:              1672 kB
Slab:              35264 kB
SReclaimable:      13380 kB
SUnreclaim:        21884 kB
KernelStack:        7376 kB
PageTables:        14864 kB
NFS_Unstable:          0 kB
Bounce:                0 kB
WritebackTmp:          0 kB
CommitLimit:      949752 kB
Committed_AS:   19011396 kB
VmallocTotal:     245760 kB
VmallocUsed:       56648 kB
VmallocChunk:      75648 kB
1557735033.803649
MemTotal:        1899508 kB
MemFree:           40908 kB
Buffers:            1292 kB
Cached:           172168 kB
SwapCached:            0 kB
Active:          1534300 kB
Inactive:          89160 kB
Active(anon):    1452056 kB
Inactive(anon):     1628 kB
Active(file):      82244 kB
Inactive(file):    87532 kB
Unevictable:        1940 kB
Mlocked:               0 kB
HighTotal:       1158144 kB
HighFree:            796 kB
LowTotal:         741364 kB
LowFree:           40112 kB
SwapTotal:             0 kB
SwapFree:              0 kB
Dirty:                 0 kB
Writeback:             0 kB
AnonPages:       1452320 kB
Mapped:           129992 kB
Shmem:              1680 kB
Slab:              35228 kB
SReclaimable:      13380 kB
SUnreclaim:        21848 kB
KernelStack:        7496 kB
PageTables:        15176 kB
NFS_Unstable:          0 kB
Bounce:                0 kB
WritebackTmp:          0 kB
CommitLimit:      949752 kB
Committed_AS:   18364640 kB
VmallocTotal:     245760 kB
VmallocUsed:       56744 kB
VmallocChunk:      75648 kB
1557735035.015207
MemTotal:        1899508 kB
MemFree:           40920 kB
Buffers:            1096 kB
Cached:           164676 kB
SwapCached:            0 kB
Active:          1542216 kB
Inactive:          82860 kB
Active(anon):    1461176 kB
Inactive(anon):     1628 kB
Active(file):      81040 kB
Inactive(file):    81232 kB
Unevictable:        1940 kB
Mlocked:               0 kB
HighTotal:       1158144 kB
HighFree:           1040 kB
LowTotal:         741364 kB
LowFree:           39880 kB
SwapTotal:             0 kB
SwapFree:              0 kB
Dirty:                 0 kB
Writeback:           904 kB
AnonPages:       1461320 kB
Mapped:           124248 kB
Shmem:              1684 kB
Slab:              35080 kB
SReclaimable:      13168 kB
SUnreclaim:        21912 kB
KernelStack:        7672 kB
PageTables:        15272 kB
NFS_Unstable:          0 kB
Bounce:                0 kB
WritebackTmp:          0 kB
CommitLimit:      949752 kB
Committed_AS:   18370708 kB
VmallocTotal:     245760 kB
VmallocUsed:       56744 kB
VmallocChunk:      75648 kB
1557735036.366884
MemTotal:        1899508 kB
MemFree:           57904 kB
Buffers:             856 kB
Cached:           129556 kB
SwapCached:            0 kB
Active:          1522096 kB
Inactive:          64456 kB
Active(anon):    1458080 kB
Inactive(anon):     1624 kB
Active(file):      64016 kB
Inactive(file):    62832 kB
Unevictable:        1940 kB
Mlocked:               0 kB
HighTotal:       1158144 kB
HighFree:          13684 kB
LowTotal:         741364 kB
LowFree:           44220 kB
SwapTotal:             0 kB
SwapFree:              0 kB
Dirty:               104 kB
Writeback:            56 kB
AnonPages:       1457824 kB
Mapped:           129684 kB
Shmem:              1676 kB
Slab:              34880 kB
SReclaimable:      13160 kB
SUnreclaim:        21720 kB
KernelStack:        6832 kB
PageTables:        12472 kB
NFS_Unstable:          0 kB
Bounce:                0 kB
WritebackTmp:          0 kB
CommitLimit:      949752 kB
Committed_AS:   13658320 kB
VmallocTotal:     245760 kB
VmallocUsed:       50808 kB
VmallocChunk:      75648 kB
1557735037.619708
MemTotal:        1899508 kB
MemFree:           40360 kB
Buffers:            1216 kB
Cached:           143152 kB
SwapCached:            0 kB
Active:          1529448 kB
Inactive:          75200 kB
Active(anon):    1462676 kB
Inactive(anon):     1624 kB
Active(file):      66772 kB
Inactive(file):    73576 kB
Unevictable:        1940 kB
Mlocked:               0 kB
HighTotal:       1158144 kB
HighFree:            572 kB
LowTotal:         741364 kB
LowFree:           39788 kB
SwapTotal:             0 kB
SwapFree:              0 kB
Dirty:                 4 kB
Writeback:           164 kB
AnonPages:       1462704 kB
Mapped:           128036 kB
Shmem:              1676 kB
Slab:              34720 kB
SReclaimable:      13144 kB
SUnreclaim:        21576 kB
KernelStack:        6816 kB
PageTables:        13252 kB
NFS_Unstable:          0 kB
Bounce:                0 kB
WritebackTmp:          0 kB
CommitLimit:      949752 kB
Committed_AS:   14790860 kB
VmallocTotal:     245760 kB
VmallocUsed:       52848 kB
VmallocChunk:      75648 kB
1557735038.643775
MemTotal:        1899508 kB
MemFree:           47944 kB
Buffers:             604 kB
Cached:           114884 kB
SwapCached:            0 kB
Active:          1491872 kB
Inactive:          58808 kB
Active(anon):    1437204 kB
Inactive(anon):     1632 kB
Active(file):      54668 kB
Inactive(file):    57176 kB
Unevictable:        1940 kB
Mlocked:               0 kB
HighTotal:       1158144 kB
HighFree:           8324 kB
LowTotal:         741364 kB
LowFree:           39620 kB
SwapTotal:             0 kB
SwapFree:              0 kB
Dirty:                20 kB
Writeback:             0 kB
AnonPages:       1437252 kB
Mapped:           126804 kB
Shmem:              1688 kB
Slab:              34428 kB
SReclaimable:      13040 kB
SUnreclaim:        21388 kB
KernelStack:        6352 kB
PageTables:        11788 kB
NFS_Unstable:          0 kB
Bounce:                0 kB
WritebackTmp:          0 kB
CommitLimit:      949752 kB
Committed_AS:   12444284 kB
VmallocTotal:     245760 kB
VmallocUsed:       52024 kB
VmallocChunk:      75648 kB
1557735039.580327
MemTotal:        1899508 kB
MemFree:           40544 kB
Buffers:             624 kB
Cached:           132084 kB
SwapCached:            0 kB
Active:          1497288 kB
Inactive:          70952 kB
Active(anon):    1437680 kB
Inactive(anon):     1756 kB
Active(file):      59608 kB
Inactive(file):    69196 kB
Unevictable:        1940 kB
Mlocked:               0 kB
HighTotal:       1158144 kB
HighFree:            484 kB
LowTotal:         741364 kB
LowFree:           40060 kB
SwapTotal:             0 kB
SwapFree:              0 kB
Dirty:                 0 kB
Writeback:            76 kB
AnonPages:       1437564 kB
Mapped:           127740 kB
Shmem:              1840 kB
Slab:              34216 kB
SReclaimable:      12988 kB
SUnreclaim:        21228 kB
KernelStack:        6040 kB
PageTables:        11396 kB
NFS_Unstable:          0 kB
Bounce:                0 kB
WritebackTmp:          0 kB
CommitLimit:      949752 kB
Committed_AS:   12412932 kB
VmallocTotal:     245760 kB
VmallocUsed:       49600 kB
VmallocChunk:      75648 kB
1557735040.703243
MemTotal:        1899508 kB
MemFree:           46092 kB
Buffers:             604 kB
Cached:           136160 kB
SwapCached:            0 kB
Active:          1497252 kB
Inactive:          72732 kB
Active(anon):    1435260 kB
Inactive(anon):     1620 kB
Active(file):      61992 kB
Inactive(file):    71112 kB
Unevictable:        1940 kB
Mlocked:               0 kB
HighTotal:       1158144 kB
HighFree:           3476 kB
LowTotal:         741364 kB
LowFree:           42616 kB
SwapTotal:             0 kB
SwapFree:              0 kB
Dirty:               108 kB
Writeback:             0 kB
AnonPages:       1435320 kB
Mapped:           127312 kB
Shmem:              1672 kB
Slab:              34144 kB
SReclaimable:      12964 kB
SUnreclaim:        21180 kB
KernelStack:        6088 kB
PageTables:        11132 kB
NFS_Unstable:          0 kB
Bounce:                0 kB
WritebackTmp:          0 kB
CommitLimit:      949752 kB
Committed_AS:   11844208 kB
VmallocTotal:     245760 kB
VmallocUsed:       48580 kB
VmallocChunk:      75648 kB
1557735041.534807
MemTotal:        1899508 kB
MemFree:           44300 kB
Buffers:             596 kB
Cached:           140124 kB
SwapCached:            0 kB
Active:          1497984 kB
Inactive:          76004 kB
Active(anon):    1435392 kB
Inactive(anon):     1620 kB
Active(file):      62592 kB
Inactive(file):    74384 kB
Unevictable:        1940 kB
Mlocked:               0 kB
HighTotal:       1158144 kB
HighFree:           1936 kB
LowTotal:         741364 kB
LowFree:           42364 kB
SwapTotal:             0 kB
SwapFree:              0 kB
Dirty:               220 kB
Writeback:             0 kB
AnonPages:       1435424 kB
Mapped:           126840 kB
Shmem:              1672 kB
Slab:              34144 kB
SReclaimable:      12964 kB
SUnreclaim:        21180 kB
KernelStack:        6016 kB
PageTables:        11164 kB
NFS_Unstable:          0 kB
Bounce:                0 kB
WritebackTmp:          0 kB
CommitLimit:      949752 kB
Committed_AS:   11844848 kB
VmallocTotal:     245760 kB
VmallocUsed:       48580 kB
VmallocChunk:      75648 kB
1557735042.476105
MemTotal:        1899508 kB
MemFree:           65584 kB
Buffers:             592 kB
Cached:           145316 kB
SwapCached:            0 kB
Active:          1488020 kB
Inactive:          81108 kB
Active(anon):    1425308 kB
Inactive(anon):     1620 kB
Active(file):      62712 kB
Inactive(file):    79488 kB
Unevictable:        1940 kB
Mlocked:               0 kB
HighTotal:       1158144 kB
HighFree:           1736 kB
LowTotal:         741364 kB
LowFree:           63848 kB
SwapTotal:             0 kB
SwapFree:              0 kB
Dirty:               220 kB
Writeback:             0 kB
AnonPages:       1425320 kB
Mapped:           112200 kB
Shmem:              1672 kB
Slab:              34144 kB
SReclaimable:      12964 kB
SUnreclaim:        21180 kB
KernelStack:        6080 kB
PageTables:        11536 kB
NFS_Unstable:          0 kB
Bounce:                0 kB
WritebackTmp:          0 kB
CommitLimit:      949752 kB
Committed_AS:   12415128 kB
VmallocTotal:     245760 kB
VmallocUsed:       49420 kB
VmallocChunk:      75648 kB
1557735043.498535
MemTotal:        1899508 kB
MemFree:           43704 kB
Buffers:             416 kB
Cached:           139876 kB
SwapCached:            0 kB
Active:          1490200 kB
Inactive:          73140 kB
Active(anon):    1425376 kB
Inactive(anon):     1620 kB
Active(file):      64824 kB
Inactive(file):    71520 kB
Unevictable:        1940 kB
Mlocked:               0 kB
HighTotal:       1158144 kB
HighFree:           4292 kB
LowTotal:         741364 kB
LowFree:           39412 kB
SwapTotal:             0 kB
SwapFree:              0 kB
Dirty:               120 kB
Writeback:             0 kB
AnonPages:       1425344 kB
Mapped:           108476 kB
Shmem:              1672 kB
Slab:              34144 kB
SReclaimable:      12964 kB
SUnreclaim:        21180 kB
KernelStack:        6216 kB
PageTables:        11836 kB
NFS_Unstable:          0 kB
Bounce:                0 kB
WritebackTmp:          0 kB
CommitLimit:      949752 kB
Committed_AS:   12459380 kB
VmallocTotal:     245760 kB
VmallocUsed:       51832 kB
VmallocChunk:      75648 kB
1557735044.241017
MemTotal:        1899508 kB
MemFree:           48092 kB
Buffers:             428 kB
Cached:           136504 kB
SwapCached:            0 kB
Active:          1490756 kB
Inactive:          69576 kB
Active(anon):    1425436 kB
Inactive(anon):     1656 kB
Active(file):      65320 kB
Inactive(file):    67920 kB
Unevictable:        1940 kB
Mlocked:               0 kB
HighTotal:       1158144 kB
HighFree:           6700 kB
LowTotal:         741364 kB
LowFree:           41392 kB
SwapTotal:             0 kB
SwapFree:              0 kB
Dirty:                 0 kB
Writeback:             0 kB
AnonPages:       1425512 kB
Mapped:           108224 kB
Shmem:              1720 kB
Slab:              34156 kB
SReclaimable:      12940 kB
SUnreclaim:        21216 kB
KernelStack:        6144 kB
PageTables:        11744 kB
NFS_Unstable:          0 kB
Bounce:                0 kB
WritebackTmp:          0 kB
CommitLimit:      949752 kB
Committed_AS:   12459428 kB
VmallocTotal:     245760 kB
VmallocUsed:       51832 kB
VmallocChunk:      75648 kB
1557735045.251559
MemTotal:        1899508 kB
MemFree:           49432 kB
Buffers:             516 kB
Cached:           134240 kB
SwapCached:            0 kB
Active:          1491528 kB
Inactive:          67060 kB
Active(anon):    1425904 kB
Inactive(anon):     1832 kB
Active(file):      65624 kB
Inactive(file):    65228 kB
Unevictable:        1940 kB
Mlocked:               0 kB
HighTotal:       1158144 kB
HighFree:           7336 kB
LowTotal:         741364 kB
LowFree:           42096 kB
SwapTotal:             0 kB
SwapFree:              0 kB
Dirty:                60 kB
Writeback:             0 kB
AnonPages:       1425788 kB
Mapped:           108364 kB
Shmem:              1932 kB
Slab:              34128 kB
SReclaimable:      12932 kB
SUnreclaim:        21196 kB
KernelStack:        6120 kB
PageTables:        11756 kB
NFS_Unstable:          0 kB
Bounce:                0 kB
WritebackTmp:          0 kB
CommitLimit:      949752 kB
Committed_AS:   12466536 kB
VmallocTotal:     245760 kB
VmallocUsed:       51832 kB
VmallocChunk:      75648 kB
1557735046.237223
MemTotal:        1899508 kB
MemFree:           47120 kB
Buffers:             532 kB
Cached:           131944 kB
SwapCached:            0 kB
Active:          1494848 kB
Inactive:          66076 kB
Active(anon):    1430736 kB
Inactive(anon):     1964 kB
Active(file):      64112 kB
Inactive(file):    64112 kB
Unevictable:        1940 kB
Mlocked:               0 kB
HighTotal:       1158144 kB
HighFree:           4216 kB
LowTotal:         741364 kB
LowFree:           42904 kB
SwapTotal:             0 kB
SwapFree:              0 kB
Dirty:                64 kB
Writeback:             0 kB
AnonPages:       1430600 kB
Mapped:           108660 kB
Shmem:              2156 kB
Slab:              34120 kB
SReclaimable:      12924 kB
SUnreclaim:        21196 kB
KernelStack:        6120 kB
PageTables:        11792 kB
NFS_Unstable:          0 kB
Bounce:                0 kB
WritebackTmp:          0 kB
CommitLimit:      949752 kB
Committed_AS:   12466716 kB
VmallocTotal:     245760 kB
VmallocUsed:       51832 kB
VmallocChunk:      75648 kB
1557735047.243092
MemTotal:        1899508 kB
MemFree:           51288 kB
Buffers:             532 kB
Cached:           129440 kB
SwapCached:            0 kB
Active:          1492844 kB
Inactive:          64228 kB
Active(anon):    1429448 kB
Inactive(anon):     1980 kB
Active(file):      63396 kB
Inactive(file):    62248 kB
Unevictable:        1940 kB
Mlocked:               0 kB
HighTotal:       1158144 kB
HighFree:           6760 kB
LowTotal:         741364 kB
LowFree:           44528 kB
SwapTotal:             0 kB
SwapFree:              0 kB
Dirty:                76 kB
Writeback:             0 kB
AnonPages:       1429260 kB
Mapped:           107428 kB
Shmem:              2200 kB
Slab:              34120 kB
SReclaimable:      12924 kB
SUnreclaim:        21196 kB
KernelStack:        6112 kB
PageTables:        11492 kB
NFS_Unstable:          0 kB
Bounce:                0 kB
WritebackTmp:          0 kB
CommitLimit:      949752 kB
Committed_AS:   11899960 kB
VmallocTotal:     245760 kB
VmallocUsed:       50812 kB
VmallocChunk:      75648 kB
1557735048.202524
MemTotal:        1899508 kB
MemFree:           51704 kB
Buffers:             532 kB
Cached:           129356 kB
SwapCached:            0 kB
Active:          1494624 kB
Inactive:          64280 kB
Active(anon):    1431232 kB
Inactive(anon):     1988 kB
Active(file):      63392 kB
Inactive(file):    62292 kB
Unevictable:        1940 kB
Mlocked:               0 kB
HighTotal:       1158144 kB
HighFree:           5440 kB
LowTotal:         741364 kB
LowFree:           46264 kB
SwapTotal:             0 kB
SwapFree:              0 kB
Dirty:                76 kB
Writeback:             0 kB
AnonPages:       1430948 kB
Mapped:           105332 kB
Shmem:              2224 kB
Slab:              34144 kB
SReclaimable:      12916 kB
SUnreclaim:        21228 kB
KernelStack:        6088 kB
PageTables:        11412 kB
NFS_Unstable:          0 kB
Bounce:                0 kB
WritebackTmp:          0 kB
CommitLimit:      949752 kB
Committed_AS:   11900052 kB
VmallocTotal:     245760 kB
VmallocUsed:       50788 kB
VmallocChunk:      75648 kB
1557735049.249099
MemTotal:        1899508 kB
MemFree:           47308 kB
Buffers:             548 kB
Cached:           129716 kB
SwapCached:            0 kB
Active:          1498936 kB
Inactive:          64632 kB
Active(anon):    1435544 kB
Inactive(anon):     1972 kB
Active(file):      63392 kB
Inactive(file):    62660 kB
Unevictable:        1940 kB
Mlocked:               0 kB
HighTotal:       1158144 kB
HighFree:           1708 kB
LowTotal:         741364 kB
LowFree:           45600 kB
SwapTotal:             0 kB
SwapFree:              0 kB
Dirty:                 0 kB
Writeback:             0 kB
AnonPages:       1435300 kB
Mapped:           105532 kB
Shmem:              2236 kB
Slab:              34104 kB
SReclaimable:      12916 kB
SUnreclaim:        21188 kB
KernelStack:        6120 kB
PageTables:        11548 kB
NFS_Unstable:          0 kB
Bounce:                0 kB
WritebackTmp:          0 kB
CommitLimit:      949752 kB
Committed_AS:   11900380 kB
VmallocTotal:     245760 kB
VmallocUsed:       50788 kB
VmallocChunk:      75648 kB
1557735050.281779
MemTotal:        1899508 kB
MemFree:           40616 kB
Buffers:             600 kB
Cached:           133456 kB
SwapCached:            0 kB
Active:          1502408 kB
Inactive:          68824 kB
Active(anon):    1439416 kB
Inactive(anon):     1972 kB
Active(file):      62992 kB
Inactive(file):    66852 kB
Unevictable:        1940 kB
Mlocked:               0 kB
HighTotal:       1158144 kB
HighFree:            892 kB
LowTotal:         741364 kB
LowFree:           39724 kB
SwapTotal:             0 kB
SwapFree:              0 kB
Dirty:                 0 kB
Writeback:             0 kB
AnonPages:       1439172 kB
Mapped:           114444 kB
Shmem:              2236 kB
Slab:              34168 kB
SReclaimable:      12916 kB
SUnreclaim:        21252 kB
KernelStack:        6104 kB
PageTables:        11832 kB
NFS_Unstable:          0 kB
Bounce:                0 kB
WritebackTmp:          0 kB
CommitLimit:      949752 kB
Committed_AS:   12468988 kB
VmallocTotal:     245760 kB
VmallocUsed:       51808 kB
VmallocChunk:      75648 kB
1557735051.303659
MemTotal:        1899508 kB
MemFree:           40864 kB
Buffers:             992 kB
Cached:           117472 kB
SwapCached:            0 kB
Active:          1512184 kB
Inactive:          56200 kB
Active(anon):    1452256 kB
Inactive(anon):     1972 kB
Active(file):      59928 kB
Inactive(file):    54228 kB
Unevictable:        1940 kB
Mlocked:               0 kB
HighTotal:       1158144 kB
HighFree:           1584 kB
LowTotal:         741364 kB
LowFree:           39280 kB
SwapTotal:             0 kB
SwapFree:              0 kB
Dirty:                 0 kB
Writeback:           148 kB
AnonPages:       1452104 kB
Mapped:           113876 kB
Shmem:              2236 kB
Slab:              34168 kB
SReclaimable:      12916 kB
SUnreclaim:        21252 kB
KernelStack:        6200 kB
PageTables:        12612 kB
NFS_Unstable:          0 kB
Bounce:                0 kB
WritebackTmp:          0 kB
CommitLimit:      949752 kB
Committed_AS:   13610496 kB
VmallocTotal:     245760 kB
VmallocUsed:       53848 kB
VmallocChunk:      75648 kB
1557735052.261305
MemTotal:        1899508 kB
MemFree:           41896 kB
Buffers:             496 kB
Cached:           121244 kB
SwapCached:            0 kB
Active:          1506192 kB
Inactive:          64144 kB
Active(anon):    1451384 kB
Inactive(anon):     1976 kB
Active(file):      54808 kB
Inactive(file):    62168 kB
Unevictable:        1940 kB
Mlocked:               0 kB
HighTotal:       1158144 kB
HighFree:           1720 kB
LowTotal:         741364 kB
LowFree:           40176 kB
SwapTotal:             0 kB
SwapFree:              0 kB
Dirty:                 0 kB
Writeback:             0 kB
AnonPages:       1451308 kB
Mapped:           109784 kB
Shmem:              2240 kB
Slab:              34112 kB
SReclaimable:      12880 kB
SUnreclaim:        21232 kB
KernelStack:        6392 kB
PageTables:        11936 kB
NFS_Unstable:          0 kB
Bounce:                0 kB
WritebackTmp:          0 kB
CommitLimit:      949752 kB
Committed_AS:   12476164 kB
VmallocTotal:     245760 kB
VmallocUsed:       51808 kB
VmallocChunk:      75648 kB
1557735053.232276
MemTotal:        1899508 kB
MemFree:           45536 kB
Buffers:             436 kB
Cached:           118628 kB
SwapCached:            0 kB
Active:          1511772 kB
Inactive:          55756 kB
Active(anon):    1451156 kB
Inactive(anon):     1992 kB
Active(file):      60616 kB
Inactive(file):    53764 kB
Unevictable:        1940 kB
Mlocked:               0 kB
HighTotal:       1158144 kB
HighFree:           4296 kB
LowTotal:         741364 kB
LowFree:           41240 kB
SwapTotal:             0 kB
SwapFree:              0 kB
Dirty:                32 kB
Writeback:             0 kB
AnonPages:       1450872 kB
Mapped:            93360 kB
Shmem:              2292 kB
Slab:              34048 kB
SReclaimable:      12880 kB
SUnreclaim:        21168 kB
KernelStack:        6376 kB
PageTables:        11500 kB
NFS_Unstable:          0 kB
Bounce:                0 kB
WritebackTmp:          0 kB
CommitLimit:      949752 kB
Committed_AS:   11915092 kB
VmallocTotal:     245760 kB
VmallocUsed:       50788 kB
VmallocChunk:      75648 kB
1557735054.188989
MemTotal:        1899508 kB
MemFree:           41652 kB
Buffers:             468 kB
Cached:           116928 kB
SwapCached:            0 kB
Active:          1515412 kB
Inactive:          55964 kB
Active(anon):    1456220 kB
Inactive(anon):     1972 kB
Active(file):      59192 kB
Inactive(file):    53992 kB
Unevictable:        1940 kB
Mlocked:               0 kB
HighTotal:       1158144 kB
HighFree:           1604 kB
LowTotal:         741364 kB
LowFree:           40048 kB
SwapTotal:             0 kB
SwapFree:              0 kB
Dirty:               144 kB
Writeback:             0 kB
AnonPages:       1456156 kB
Mapped:            92484 kB
Shmem:              2236 kB
Slab:              33992 kB
SReclaimable:      12860 kB
SUnreclaim:        21132 kB
KernelStack:        6120 kB
PageTables:        11480 kB
NFS_Unstable:          0 kB
Bounce:                0 kB
WritebackTmp:          0 kB
CommitLimit:      949752 kB
Committed_AS:   11918880 kB
VmallocTotal:     245760 kB
VmallocUsed:       50788 kB
VmallocChunk:      75648 kB
1557735055.211452
MemTotal:        1899508 kB
MemFree:           43400 kB
Buffers:             468 kB
Cached:           113080 kB
SwapCached:            0 kB
Active:          1515548 kB
Inactive:          54500 kB
Active(anon):    1458764 kB
Inactive(anon):     1972 kB
Active(file):      56784 kB
Inactive(file):    52528 kB
Unevictable:        1940 kB
Mlocked:               0 kB
HighTotal:       1158144 kB
HighFree:           2996 kB
LowTotal:         741364 kB
LowFree:           40404 kB
SwapTotal:             0 kB
SwapFree:              0 kB
Dirty:               148 kB
Writeback:             0 kB
AnonPages:       1458724 kB
Mapped:            91312 kB
Shmem:              2236 kB
Slab:              34080 kB
SReclaimable:      12852 kB
SUnreclaim:        21228 kB
KernelStack:        6152 kB
PageTables:        11584 kB
NFS_Unstable:          0 kB
Bounce:                0 kB
WritebackTmp:          0 kB
CommitLimit:      949752 kB
Committed_AS:   11925048 kB
VmallocTotal:     245760 kB
VmallocUsed:       50788 kB
VmallocChunk:      75648 kB
1557735056.208842
MemTotal:        1899508 kB
MemFree:           43692 kB
Buffers:             468 kB
Cached:           112772 kB
SwapCached:            0 kB
Active:          1514744 kB
Inactive:          55352 kB
Active(anon):    1459124 kB
Inactive(anon):     1972 kB
Active(file):      55620 kB
Inactive(file):    53380 kB
Unevictable:        1940 kB
Mlocked:               0 kB
HighTotal:       1158144 kB
HighFree:           2472 kB
LowTotal:         741364 kB
LowFree:           41220 kB
SwapTotal:             0 kB
SwapFree:              0 kB
Dirty:               148 kB
Writeback:             0 kB
AnonPages:       1458940 kB
Mapped:            91192 kB
Shmem:              2236 kB
Slab:              34080 kB
SReclaimable:      12852 kB
SUnreclaim:        21228 kB
KernelStack:        6096 kB
PageTables:        11500 kB
NFS_Unstable:          0 kB
Bounce:                0 kB
WritebackTmp:          0 kB
CommitLimit:      949752 kB
Committed_AS:   11925792 kB
VmallocTotal:     245760 kB
VmallocUsed:       50788 kB
VmallocChunk:      75648 kB
1557735057.184881
MemTotal:        1899508 kB
MemFree:           47004 kB
Buffers:             468 kB
Cached:           111272 kB
SwapCached:            0 kB
Active:          1512700 kB
Inactive:          54600 kB
Active(anon):    1457700 kB
Inactive(anon):     1972 kB
Active(file):      55000 kB
Inactive(file):    52628 kB
Unevictable:        1940 kB
Mlocked:               0 kB
HighTotal:       1158144 kB
HighFree:           4984 kB
LowTotal:         741364 kB
LowFree:           42020 kB
SwapTotal:             0 kB
SwapFree:              0 kB
Dirty:               148 kB
Writeback:             0 kB
AnonPages:       1457584 kB
Mapped:            90692 kB
Shmem:              2236 kB
Slab:              34080 kB
SReclaimable:      12852 kB
SUnreclaim:        21228 kB
KernelStack:        6040 kB
PageTables:        11496 kB
NFS_Unstable:          0 kB
Bounce:                0 kB
WritebackTmp:          0 kB
CommitLimit:      949752 kB
Committed_AS:   11925824 kB
VmallocTotal:     245760 kB
VmallocUsed:       50788 kB
VmallocChunk:      75648 kB
1557735058.152183
MemTotal:        1899508 kB
MemFree:           44368 kB
Buffers:             484 kB
Cached:           108732 kB
SwapCached:            0 kB
Active:          1517176 kB
Inactive:          52764 kB
Active(anon):    1463256 kB
Inactive(anon):     2264 kB
Active(file):      53920 kB
Inactive(file):    50500 kB
Unevictable:        1940 kB
Mlocked:               0 kB
HighTotal:       1158144 kB
HighFree:           2388 kB
LowTotal:         741364 kB
LowFree:           41980 kB
SwapTotal:             0 kB
SwapFree:              0 kB
Dirty:               148 kB
Writeback:             0 kB
AnonPages:       1463200 kB
Mapped:            90764 kB
Shmem:              2544 kB
Slab:              34080 kB
SReclaimable:      12852 kB
SUnreclaim:        21228 kB
KernelStack:        6040 kB
PageTables:        11592 kB
NFS_Unstable:          0 kB
Bounce:                0 kB
WritebackTmp:          0 kB
CommitLimit:      949752 kB
Committed_AS:   11932732 kB
VmallocTotal:     245760 kB
VmallocUsed:       50788 kB
VmallocChunk:      75648 kB
1557735059.202531
MemTotal:        1899508 kB
MemFree:           40736 kB
Buffers:             484 kB
Cached:           111412 kB
SwapCached:            0 kB
Active:          1516608 kB
Inactive:          56320 kB
Active(anon):    1463356 kB
Inactive(anon):     2452 kB
Active(file):      53252 kB
Inactive(file):    53868 kB
Unevictable:        1940 kB
Mlocked:               0 kB
HighTotal:       1158144 kB
HighFree:            724 kB
LowTotal:         741364 kB
LowFree:           40012 kB
SwapTotal:             0 kB
SwapFree:              0 kB
Dirty:                 0 kB
Writeback:             0 kB
AnonPages:       1463036 kB
Mapped:            91728 kB
Shmem:              2812 kB
Slab:              34080 kB
SReclaimable:      12852 kB
SUnreclaim:        21228 kB
KernelStack:        6096 kB
PageTables:        11504 kB
NFS_Unstable:          0 kB
Bounce:                0 kB
WritebackTmp:          0 kB
CommitLimit:      949752 kB
Committed_AS:   11932760 kB
VmallocTotal:     245760 kB
VmallocUsed:       50788 kB
VmallocChunk:      75648 kB
1557735060.143317
MemTotal:        1899508 kB
MemFree:           41756 kB
Buffers:             484 kB
Cached:           110072 kB
SwapCached:            0 kB
Active:          1518492 kB
Inactive:          53928 kB
Active(anon):    1464088 kB
Inactive(anon):     2452 kB
Active(file):      54404 kB
Inactive(file):    51476 kB
Unevictable:        1940 kB
Mlocked:               0 kB
HighTotal:       1158144 kB
HighFree:           1564 kB
LowTotal:         741364 kB
LowFree:           40192 kB
SwapTotal:             0 kB
SwapFree:              0 kB
Dirty:                 0 kB
Writeback:             0 kB
AnonPages:       1463724 kB
Mapped:            91884 kB
Shmem:              2812 kB
Slab:              34080 kB
SReclaimable:      12852 kB
SUnreclaim:        21228 kB
KernelStack:        6096 kB
PageTables:        11508 kB
NFS_Unstable:          0 kB
Bounce:                0 kB
WritebackTmp:          0 kB
CommitLimit:      949752 kB
Committed_AS:   11933504 kB
VmallocTotal:     245760 kB
VmallocUsed:       50788 kB
VmallocChunk:      75648 kB
1557735061.141184
MemTotal:        1899508 kB
MemFree:           43348 kB
Buffers:             484 kB
Cached:           108444 kB
SwapCached:            0 kB
Active:          1517412 kB
Inactive:          53280 kB
Active(anon):    1464096 kB
Inactive(anon):     2452 kB
Active(file):      53316 kB
Inactive(file):    50828 kB
Unevictable:        1940 kB
Mlocked:               0 kB
HighTotal:       1158144 kB
HighFree:           2528 kB
LowTotal:         741364 kB
LowFree:           40820 kB
SwapTotal:             0 kB
SwapFree:              0 kB
Dirty:                 0 kB
Writeback:             0 kB
AnonPages:       1463668 kB
Mapped:            91740 kB
Shmem:              2812 kB
Slab:              34080 kB
SReclaimable:      12852 kB
SUnreclaim:        21228 kB
KernelStack:        6040 kB
PageTables:        11508 kB
NFS_Unstable:          0 kB
Bounce:                0 kB
WritebackTmp:          0 kB
CommitLimit:      949752 kB
Committed_AS:   11933524 kB
VmallocTotal:     245760 kB
VmallocUsed:       50788 kB
VmallocChunk:      75648 kB
1557735062.107246
MemTotal:        1899508 kB
MemFree:           43224 kB
Buffers:             484 kB
Cached:           106788 kB
SwapCached:            0 kB
Active:          1518908 kB
Inactive:          52540 kB
Active(anon):    1466596 kB
Inactive(anon):     2452 kB
Active(file):      52312 kB
Inactive(file):    50088 kB
Unevictable:        1940 kB
Mlocked:               0 kB
HighTotal:       1158144 kB
HighFree:           1976 kB
LowTotal:         741364 kB
LowFree:           41248 kB
SwapTotal:             0 kB
SwapFree:              0 kB
Dirty:                 0 kB
Writeback:             0 kB
AnonPages:       1466200 kB
Mapped:            91620 kB
Shmem:              2812 kB
Slab:              34080 kB
SReclaimable:      12852 kB
SUnreclaim:        21228 kB
KernelStack:        6040 kB
PageTables:        11508 kB
NFS_Unstable:          0 kB
Bounce:                0 kB
WritebackTmp:          0 kB
CommitLimit:      949752 kB
Committed_AS:   11934256 kB
VmallocTotal:     245760 kB
VmallocUsed:       50788 kB
VmallocChunk:      75648 kB
1557735063.147368
MemTotal:        1899508 kB
MemFree:           42900 kB
Buffers:             484 kB
Cached:           104164 kB
SwapCached:            0 kB
Active:          1519904 kB
Inactive:          51772 kB
Active(anon):    1469264 kB
Inactive(anon):     2452 kB
Active(file):      50640 kB
Inactive(file):    49320 kB
Unevictable:        1940 kB
Mlocked:               0 kB
HighTotal:       1158144 kB
HighFree:           2264 kB
LowTotal:         741364 kB
LowFree:           40636 kB
SwapTotal:             0 kB
SwapFree:              0 kB
Dirty:                40 kB
Writeback:             0 kB
AnonPages:       1468844 kB
Mapped:            91200 kB
Shmem:              2812 kB
Slab:              34080 kB
SReclaimable:      12852 kB
SUnreclaim:        21228 kB
KernelStack:        6040 kB
PageTables:        11508 kB
NFS_Unstable:          0 kB
Bounce:                0 kB
WritebackTmp:          0 kB
CommitLimit:      949752 kB
Committed_AS:   11934352 kB
VmallocTotal:     245760 kB
VmallocUsed:       50788 kB
VmallocChunk:      75648 kB
1557735064.086538
MemTotal:        1899508 kB
MemFree:           43700 kB
Buffers:             472 kB
Cached:           102848 kB
SwapCached:            0 kB
Active:          1519204 kB
Inactive:          51476 kB
Active(anon):    1469732 kB
Inactive(anon):     2452 kB
Active(file):      49472 kB
Inactive(file):    49024 kB
Unevictable:        1940 kB
Mlocked:               0 kB
HighTotal:       1158144 kB
HighFree:           2696 kB
LowTotal:         741364 kB
LowFree:           41004 kB
SwapTotal:             0 kB
SwapFree:              0 kB
Dirty:                40 kB
Writeback:             0 kB
AnonPages:       1469316 kB
Mapped:            90880 kB
Shmem:              2812 kB
Slab:              34080 kB
SReclaimable:      12852 kB
SUnreclaim:        21228 kB
KernelStack:        6040 kB
PageTables:        11508 kB
NFS_Unstable:          0 kB
Bounce:                0 kB
WritebackTmp:          0 kB
CommitLimit:      949752 kB
Committed_AS:   11934952 kB
VmallocTotal:     245760 kB
VmallocUsed:       50788 kB
VmallocChunk:      75648 kB
1557735065.043578
MemTotal:        1899508 kB
MemFree:           44940 kB
Buffers:             472 kB
Cached:           101332 kB
SwapCached:            0 kB
Active:          1518536 kB
Inactive:          50720 kB
Active(anon):    1469724 kB
Inactive(anon):     2444 kB
Active(file):      48812 kB
Inactive(file):    48276 kB
Unevictable:        1940 kB
Mlocked:               0 kB
HighTotal:       1158144 kB
HighFree:           3500 kB
LowTotal:         741364 kB
LowFree:           41440 kB
SwapTotal:             0 kB
SwapFree:              0 kB
Dirty:                40 kB
Writeback:             0 kB
AnonPages:       1469328 kB
Mapped:            90788 kB
Shmem:              2812 kB
Slab:              34080 kB
SReclaimable:      12852 kB
SUnreclaim:        21228 kB
KernelStack:        6040 kB
PageTables:        11516 kB
NFS_Unstable:          0 kB
Bounce:                0 kB
WritebackTmp:          0 kB
CommitLimit:      949752 kB
Committed_AS:   11935100 kB
VmallocTotal:     245760 kB
VmallocUsed:       50788 kB
VmallocChunk:      75648 kB
1557735066.019553
MemTotal:        1899508 kB
MemFree:           43092 kB
Buffers:             488 kB
Cached:           100084 kB
SwapCached:            0 kB
Active:          1520940 kB
Inactive:          49588 kB
Active(anon):    1472456 kB
Inactive(anon):     2444 kB
Active(file):      48484 kB
Inactive(file):    47144 kB
Unevictable:        1940 kB
Mlocked:               0 kB
HighTotal:       1158144 kB
HighFree:           1932 kB
LowTotal:         741364 kB
LowFree:           41160 kB
SwapTotal:             0 kB
SwapFree:              0 kB
Dirty:                40 kB
Writeback:             0 kB
AnonPages:       1472064 kB
Mapped:            90800 kB
Shmem:              2812 kB
Slab:              34080 kB
SReclaimable:      12852 kB
SUnreclaim:        21228 kB
KernelStack:        6176 kB
PageTables:        11508 kB
NFS_Unstable:          0 kB
Bounce:                0 kB
WritebackTmp:          0 kB
CommitLimit:      949752 kB
Committed_AS:   11935196 kB
VmallocTotal:     245760 kB
VmallocUsed:       50788 kB
VmallocChunk:      75648 kB
1557735067.070603
MemTotal:        1899508 kB
MemFree:           44692 kB
Buffers:             488 kB
Cached:            96612 kB
SwapCached:            0 kB
Active:          1521752 kB
Inactive:          47516 kB
Active(anon):    1474620 kB
Inactive(anon):     2444 kB
Active(file):      47132 kB
Inactive(file):    45072 kB
Unevictable:        1940 kB
Mlocked:               0 kB
HighTotal:       1158144 kB
HighFree:           3020 kB
LowTotal:         741364 kB
LowFree:           41672 kB
SwapTotal:             0 kB
SwapFree:              0 kB
Dirty:                40 kB
Writeback:             0 kB
AnonPages:       1474340 kB
Mapped:            90812 kB
Shmem:              2812 kB
Slab:              34080 kB
SReclaimable:      12852 kB
SUnreclaim:        21228 kB
KernelStack:        6096 kB
PageTables:        11624 kB
NFS_Unstable:          0 kB
Bounce:                0 kB
WritebackTmp:          0 kB
CommitLimit:      949752 kB
Committed_AS:   11940556 kB
VmallocTotal:     245760 kB
VmallocUsed:       50788 kB
VmallocChunk:      75648 kB
1557735067.996147
MemTotal:        1899508 kB
MemFree:           45744 kB
Buffers:             488 kB
Cached:            95240 kB
SwapCached:            0 kB
Active:          1521688 kB
Inactive:          46552 kB
Active(anon):    1474832 kB
Inactive(anon):     2444 kB
Active(file):      46856 kB
Inactive(file):    44108 kB
Unevictable:        1940 kB
Mlocked:               0 kB
HighTotal:       1158144 kB
HighFree:           3700 kB
LowTotal:         741364 kB
LowFree:           42044 kB
SwapTotal:             0 kB
SwapFree:              0 kB
Dirty:                 0 kB
Writeback:             0 kB
AnonPages:       1474464 kB
Mapped:            90936 kB
Shmem:              2812 kB
Slab:              34080 kB
SReclaimable:      12852 kB
SUnreclaim:        21228 kB
KernelStack:        6040 kB
PageTables:        11624 kB
NFS_Unstable:          0 kB
Bounce:                0 kB
WritebackTmp:          0 kB
CommitLimit:      949752 kB
Committed_AS:   11940868 kB
VmallocTotal:     245760 kB
VmallocUsed:       50788 kB
VmallocChunk:      75648 kB
1557735068.968062
MemTotal:        1899508 kB
MemFree:           78072 kB
Buffers:             492 kB
Cached:            98560 kB
SwapCached:            0 kB
Active:          1487096 kB
Inactive:          49792 kB
Active(anon):    1440280 kB
Inactive(anon):     2420 kB
Active(file):      46816 kB
Inactive(file):    47372 kB
Unevictable:        1940 kB
Mlocked:               0 kB
HighTotal:       1158144 kB
HighFree:          14320 kB
LowTotal:         741364 kB
LowFree:           63752 kB
SwapTotal:             0 kB
SwapFree:              0 kB
Dirty:                 0 kB
Writeback:             0 kB
AnonPages:       1440040 kB
Mapped:            88996 kB
Shmem:              2812 kB
Slab:              34012 kB
SReclaimable:      12852 kB
SUnreclaim:        21160 kB
KernelStack:        5768 kB
PageTables:        10728 kB
NFS_Unstable:          0 kB
Bounce:                0 kB
WritebackTmp:          0 kB
CommitLimit:      949752 kB
Committed_AS:   11344900 kB
VmallocTotal:     245760 kB
VmallocUsed:       49768 kB
VmallocChunk:      75648 kB
1557735070.028594
MemTotal:        1899508 kB
MemFree:           44904 kB
Buffers:             540 kB
Cached:           121820 kB
SwapCached:            0 kB
Active:          1495224 kB
Inactive:          72840 kB
Active(anon):    1448108 kB
Inactive(anon):     2420 kB
Active(file):      47116 kB
Inactive(file):    70420 kB
Unevictable:        1940 kB
Mlocked:               0 kB
HighTotal:       1158144 kB
HighFree:           1644 kB
LowTotal:         741364 kB
LowFree:           43260 kB
SwapTotal:             0 kB
SwapFree:              0 kB
Dirty:                 0 kB
Writeback:             0 kB
AnonPages:       1447596 kB
Mapped:            94732 kB
Shmem:              2812 kB
Slab:              33956 kB
SReclaimable:      12832 kB
SUnreclaim:        21124 kB
KernelStack:        5744 kB
PageTables:        11264 kB
NFS_Unstable:          0 kB
Bounce:                0 kB
WritebackTmp:          0 kB
CommitLimit:      949752 kB
Committed_AS:   12479592 kB
VmallocTotal:     245760 kB
VmallocUsed:       51808 kB
VmallocChunk:      75648 kB
1557735071.099631
MemTotal:        1899508 kB
MemFree:           39900 kB
Buffers:             284 kB
Cached:           120388 kB
SwapCached:            0 kB
Active:          1509904 kB
Inactive:          64972 kB
Active(anon):    1456780 kB
Inactive(anon):     2420 kB
Active(file):      53124 kB
Inactive(file):    62552 kB
Unevictable:        1940 kB
Mlocked:               0 kB
HighTotal:       1158144 kB
HighFree:            460 kB
LowTotal:         741364 kB
LowFree:           39440 kB
SwapTotal:             0 kB
SwapFree:              0 kB
Dirty:                52 kB
Writeback:             0 kB
AnonPages:       1456588 kB
Mapped:            97000 kB
Shmem:              2808 kB
Slab:              33792 kB
SReclaimable:      12832 kB
SUnreclaim:        20960 kB
KernelStack:        5904 kB
PageTables:        11992 kB
NFS_Unstable:          0 kB
Bounce:                0 kB
WritebackTmp:          0 kB
CommitLimit:      949752 kB
Committed_AS:   13056520 kB
VmallocTotal:     245760 kB
VmallocUsed:       52828 kB
VmallocChunk:      75648 kB
1557735072.028933
MemTotal:        1899508 kB
MemFree:           41516 kB
Buffers:             404 kB
Cached:           114020 kB
SwapCached:            0 kB
Active:          1513840 kB
Inactive:          59592 kB
Active(anon):    1461696 kB
Inactive(anon):     2420 kB
Active(file):      52144 kB
Inactive(file):    57172 kB
Unevictable:        1940 kB
Mlocked:               0 kB
HighTotal:       1158144 kB
HighFree:           1248 kB
LowTotal:         741364 kB
LowFree:           40268 kB
SwapTotal:             0 kB
SwapFree:              0 kB
Dirty:                 0 kB
Writeback:           100 kB
AnonPages:       1461448 kB
Mapped:            99876 kB
Shmem:              2812 kB
Slab:              33764 kB
SReclaimable:      12804 kB
SUnreclaim:        20960 kB
KernelStack:        5984 kB
PageTables:        12124 kB
NFS_Unstable:          0 kB
Bounce:                0 kB
WritebackTmp:          0 kB
CommitLimit:      949752 kB
Committed_AS:   13058312 kB
VmallocTotal:     245760 kB
VmallocUsed:       52828 kB
VmallocChunk:      75648 kB
1557735073.055737
MemTotal:        1899508 kB
MemFree:           40952 kB
Buffers:             652 kB
Cached:           112760 kB
SwapCached:            0 kB
Active:          1516044 kB
Inactive:          56936 kB
Active(anon):    1462052 kB
Inactive(anon):     2428 kB
Active(file):      53992 kB
Inactive(file):    54508 kB
Unevictable:        1940 kB
Mlocked:               0 kB
HighTotal:       1158144 kB
HighFree:           1108 kB
LowTotal:         741364 kB
LowFree:           39844 kB
SwapTotal:             0 kB
SwapFree:              0 kB
Dirty:                 0 kB
Writeback:             0 kB
AnonPages:       1461772 kB
Mapped:            95936 kB
Shmem:              2824 kB
Slab:              33752 kB
SReclaimable:      12804 kB
SUnreclaim:        20948 kB
KernelStack:        6056 kB
PageTables:        11796 kB
NFS_Unstable:          0 kB
Bounce:                0 kB
WritebackTmp:          0 kB
CommitLimit:      949752 kB
Committed_AS:   12493056 kB
VmallocTotal:     245760 kB
VmallocUsed:       51808 kB
VmallocChunk:      75648 kB
1557735074.002470
MemTotal:        1899508 kB
MemFree:           41376 kB
Buffers:             612 kB
Cached:           108200 kB
SwapCached:            0 kB
Active:          1518844 kB
Inactive:          54400 kB
Active(anon):    1467092 kB
Inactive(anon):     2420 kB
Active(file):      51752 kB
Inactive(file):    51980 kB
Unevictable:        1940 kB
Mlocked:               0 kB
HighTotal:       1158144 kB
HighFree:           1144 kB
LowTotal:         741364 kB
LowFree:           40232 kB
SwapTotal:             0 kB
SwapFree:              0 kB
Dirty:                 0 kB
Writeback:             0 kB
AnonPages:       1466884 kB
Mapped:            97740 kB
Shmem:              2828 kB
Slab:              33492 kB
SReclaimable:      12556 kB
SUnreclaim:        20936 kB
KernelStack:        6008 kB
PageTables:        11856 kB
NFS_Unstable:          0 kB
Bounce:                0 kB
WritebackTmp:          0 kB
CommitLimit:      949752 kB
Committed_AS:   12495784 kB
VmallocTotal:     245760 kB
VmallocUsed:       51808 kB
VmallocChunk:      75648 kB
1557735075.081431
MemTotal:        1899508 kB
MemFree:           42252 kB
Buffers:             656 kB
Cached:           111188 kB
SwapCached:            0 kB
Active:          1513452 kB
Inactive:          59616 kB
Active(anon):    1463824 kB
Inactive(anon):     2420 kB
Active(file):      49628 kB
Inactive(file):    57196 kB
Unevictable:        1940 kB
Mlocked:               0 kB
HighTotal:       1158144 kB
HighFree:           1748 kB
LowTotal:         741364 kB
LowFree:           40504 kB
SwapTotal:             0 kB
SwapFree:              0 kB
Dirty:                 0 kB
Writeback:             0 kB
AnonPages:       1463332 kB
Mapped:            98120 kB
Shmem:              2812 kB
Slab:              33528 kB
SReclaimable:      12556 kB
SUnreclaim:        20972 kB
KernelStack:        6040 kB
PageTables:        11664 kB
NFS_Unstable:          0 kB
Bounce:                0 kB
WritebackTmp:          0 kB
CommitLimit:      949752 kB
Committed_AS:   13157828 kB
VmallocTotal:     245760 kB
VmallocUsed:       51808 kB
VmallocChunk:      75648 kB
1557735076.108374
MemTotal:        1899508 kB
MemFree:           40484 kB
Buffers:             636 kB
Cached:           101412 kB
SwapCached:            0 kB
Active:          1524656 kB
Inactive:          50564 kB
Active(anon):    1475036 kB
Inactive(anon):     2468 kB
Active(file):      49620 kB
Inactive(file):    48096 kB
Unevictable:        1940 kB
Mlocked:               0 kB
HighTotal:       1158144 kB
HighFree:            564 kB
LowTotal:         741364 kB
LowFree:           39920 kB
SwapTotal:             0 kB
SwapFree:              0 kB
Dirty:                 0 kB
Writeback:             0 kB
AnonPages:       1474972 kB
Mapped:            99336 kB
Shmem:              2800 kB
Slab:              33472 kB
SReclaimable:      12480 kB
SUnreclaim:        20992 kB
KernelStack:        6160 kB
PageTables:        12112 kB
NFS_Unstable:          0 kB
Bounce:                0 kB
WritebackTmp:          0 kB
CommitLimit:      949752 kB
Committed_AS:   13076708 kB
VmallocTotal:     245760 kB
VmallocUsed:       52828 kB
VmallocChunk:      75648 kB
1557735077.216077
MemTotal:        1899508 kB
MemFree:           40296 kB
Buffers:            1000 kB
Cached:            97856 kB
SwapCached:            0 kB
Active:          1525772 kB
Inactive:          49428 kB
Active(anon):    1478856 kB
Inactive(anon):     2424 kB
Active(file):      46916 kB
Inactive(file):    47004 kB
Unevictable:        1940 kB
Mlocked:               0 kB
HighTotal:       1158144 kB
HighFree:            488 kB
LowTotal:         741364 kB
LowFree:           39808 kB
SwapTotal:             0 kB
SwapFree:              0 kB
Dirty:                 0 kB
Writeback:             0 kB
AnonPages:       1478676 kB
Mapped:            95096 kB
Shmem:              2812 kB
Slab:              33440 kB
SReclaimable:      12452 kB
SUnreclaim:        20988 kB
KernelStack:        6224 kB
PageTables:        12220 kB
NFS_Unstable:          0 kB
Bounce:                0 kB
WritebackTmp:          0 kB
CommitLimit:      949752 kB
Committed_AS:   13077808 kB
VmallocTotal:     245760 kB
VmallocUsed:       52828 kB
VmallocChunk:      75648 kB
1557735078.306368
MemTotal:        1899508 kB
MemFree:           43684 kB
Buffers:            1052 kB
Cached:           106876 kB
SwapCached:            0 kB
Active:          1517684 kB
Inactive:          53700 kB
Active(anon):    1465800 kB
Inactive(anon):     2436 kB
Active(file):      51884 kB
Inactive(file):    51264 kB
Unevictable:        1940 kB
Mlocked:               0 kB
HighTotal:       1158144 kB
HighFree:           2372 kB
LowTotal:         741364 kB
LowFree:           41312 kB
SwapTotal:             0 kB
SwapFree:              0 kB
Dirty:                16 kB
Writeback:            32 kB
AnonPages:       1465388 kB
Mapped:            88684 kB
Shmem:              2740 kB
Slab:              33448 kB
SReclaimable:      12444 kB
SUnreclaim:        21004 kB
KernelStack:        6048 kB
PageTables:        11476 kB
NFS_Unstable:          0 kB
Bounce:                0 kB
WritebackTmp:          0 kB
CommitLimit:      949752 kB
Committed_AS:   11939732 kB
VmallocTotal:     245760 kB
VmallocUsed:       50788 kB
VmallocChunk:      75648 kB
1557735079.283990
MemTotal:        1899508 kB
MemFree:           67528 kB
Buffers:            1088 kB
Cached:           108284 kB
SwapCached:            0 kB
Active:          1492188 kB
Inactive:          54856 kB
Active(anon):    1440056 kB
Inactive(anon):     2516 kB
Active(file):      52132 kB
Inactive(file):    52340 kB
Unevictable:        1940 kB
Mlocked:               0 kB
HighTotal:       1158144 kB
HighFree:          19888 kB
LowTotal:         741364 kB
LowFree:           47640 kB
SwapTotal:             0 kB
SwapFree:              0 kB
Dirty:                 0 kB
Writeback:             0 kB
AnonPages:       1439716 kB
Mapped:            89244 kB
Shmem:              2964 kB
Slab:              33524 kB
SReclaimable:      12444 kB
SUnreclaim:        21080 kB
KernelStack:        6048 kB
PageTables:        11380 kB
NFS_Unstable:          0 kB
Bounce:                0 kB
WritebackTmp:          0 kB
CommitLimit:      949752 kB
Committed_AS:   11935208 kB
VmallocTotal:     245760 kB
VmallocUsed:       50788 kB
VmallocChunk:      75648 kB
1557735080.263438
MemTotal:        1899508 kB
MemFree:           42852 kB
Buffers:            1276 kB
Cached:           129404 kB
SwapCached:            0 kB
Active:          1495144 kB
Inactive:          75608 kB
Active(anon):    1442780 kB
Inactive(anon):     2420 kB
Active(file):      52364 kB
Inactive(file):    73188 kB
Unevictable:        1940 kB
Mlocked:               0 kB
HighTotal:       1158144 kB
HighFree:           2280 kB
LowTotal:         741364 kB
LowFree:           40572 kB
SwapTotal:             0 kB
SwapFree:              0 kB
Dirty:               216 kB
Writeback:             0 kB
AnonPages:       1442652 kB
Mapped:            94276 kB
Shmem:              2812 kB
Slab:              33588 kB
SReclaimable:      12444 kB
SUnreclaim:        21144 kB
KernelStack:        6000 kB
PageTables:        11752 kB
NFS_Unstable:          0 kB
Bounce:                0 kB
WritebackTmp:          0 kB
CommitLimit:      949752 kB
Committed_AS:   12501892 kB
VmallocTotal:     245760 kB
VmallocUsed:       51808 kB
VmallocChunk:      75648 kB
1557735081.224064
MemTotal:        1899508 kB
MemFree:           40864 kB
Buffers:            1060 kB
Cached:           128528 kB
SwapCached:            0 kB
Active:          1501248 kB
Inactive:          71728 kB
Active(anon):    1446224 kB
Inactive(anon):     2420 kB
Active(file):      55024 kB
Inactive(file):    69308 kB
Unevictable:        1940 kB
Mlocked:               0 kB
HighTotal:       1158144 kB
HighFree:           1008 kB
LowTotal:         741364 kB
LowFree:           39856 kB
SwapTotal:             0 kB
SwapFree:              0 kB
Dirty:               100 kB
Writeback:             0 kB
AnonPages:       1446120 kB
Mapped:            95980 kB
Shmem:              2872 kB
Slab:              33556 kB
SReclaimable:      12444 kB
SUnreclaim:        21112 kB
KernelStack:        6176 kB
PageTables:        11788 kB
NFS_Unstable:          0 kB
Bounce:                0 kB
WritebackTmp:          0 kB
CommitLimit:      949752 kB
Committed_AS:   12503468 kB
VmallocTotal:     245760 kB
VmallocUsed:       51808 kB
VmallocChunk:      75648 kB
1557735082.181826
MemTotal:        1899508 kB
MemFree:           40232 kB
Buffers:            1092 kB
Cached:           125368 kB
SwapCached:            0 kB
Active:          1506420 kB
Inactive:          66872 kB
Active(anon):    1449628 kB
Inactive(anon):     2432 kB
Active(file):      56792 kB
Inactive(file):    64440 kB
Unevictable:        1940 kB
Mlocked:               0 kB
HighTotal:       1158144 kB
HighFree:            476 kB
LowTotal:         741364 kB
LowFree:           39756 kB
SwapTotal:             0 kB
SwapFree:              0 kB
Dirty:                 0 kB
Writeback:             0 kB
AnonPages:       1449316 kB
Mapped:            97660 kB
Shmem:              2820 kB
Slab:              33516 kB
SReclaimable:      12440 kB
SUnreclaim:        21076 kB
KernelStack:        6072 kB
PageTables:        11824 kB
NFS_Unstable:          0 kB
Bounce:                0 kB
WritebackTmp:          0 kB
CommitLimit:      949752 kB
Committed_AS:   12506196 kB
VmallocTotal:     245760 kB
VmallocUsed:       51808 kB
VmallocChunk:      75648 kB
1557735083.147232
MemTotal:        1899508 kB
MemFree:           43660 kB
Buffers:            1040 kB
Cached:           124584 kB
SwapCached:            0 kB
Active:          1505460 kB
Inactive:          64964 kB
Active(anon):    1447464 kB
Inactive(anon):     2488 kB
Active(file):      57996 kB
Inactive(file):    62476 kB
Unevictable:        1940 kB
Mlocked:               0 kB
HighTotal:       1158144 kB
HighFree:           2608 kB
LowTotal:         741364 kB
LowFree:           41052 kB
SwapTotal:             0 kB
SwapFree:              0 kB
Dirty:               224 kB
Writeback:             0 kB
AnonPages:       1447296 kB
Mapped:            97228 kB
Shmem:              2800 kB
Slab:              33516 kB
SReclaimable:      12440 kB
SUnreclaim:        21076 kB
KernelStack:        6104 kB
PageTables:        11888 kB
NFS_Unstable:          0 kB
Bounce:                0 kB
WritebackTmp:          0 kB
CommitLimit:      949752 kB
Committed_AS:   13161100 kB
VmallocTotal:     245760 kB
VmallocUsed:       51808 kB
VmallocChunk:      75648 kB
1557735084.138530
MemTotal:        1899508 kB
MemFree:           45332 kB
Buffers:             588 kB
Cached:           120024 kB
SwapCached:            0 kB
Active:          1506852 kB
Inactive:          60704 kB
Active(anon):    1449788 kB
Inactive(anon):     2424 kB
Active(file):      57064 kB
Inactive(file):    58280 kB
Unevictable:        1940 kB
Mlocked:               0 kB
HighTotal:       1158144 kB
HighFree:           2664 kB
LowTotal:         741364 kB
LowFree:           42668 kB
SwapTotal:             0 kB
SwapFree:              0 kB
Dirty:               124 kB
Writeback:             0 kB
AnonPages:       1449700 kB
Mapped:           104120 kB
Shmem:              2808 kB
Slab:              33452 kB
SReclaimable:      12440 kB
SUnreclaim:        21012 kB
KernelStack:        6200 kB
PageTables:        11964 kB
NFS_Unstable:          0 kB
Bounce:                0 kB
WritebackTmp:          0 kB
CommitLimit:      949752 kB
Committed_AS:   13161468 kB
VmallocTotal:     245760 kB
VmallocUsed:       51808 kB
VmallocChunk:      75648 kB
1557735085.051280
MemTotal:        1899508 kB
MemFree:           47600 kB
Buffers:             592 kB
Cached:           124116 kB
SwapCached:            0 kB
Active:          1504400 kB
Inactive:          63400 kB
Active(anon):    1445876 kB
Inactive(anon):     2420 kB
Active(file):      58524 kB
Inactive(file):    60980 kB
Unevictable:        1940 kB
Mlocked:               0 kB
HighTotal:       1158144 kB
HighFree:           3404 kB
LowTotal:         741364 kB
LowFree:           44196 kB
SwapTotal:             0 kB
SwapFree:              0 kB
Dirty:                 0 kB
Writeback:             0 kB
AnonPages:       1445412 kB
Mapped:            97128 kB
Shmem:              2812 kB
Slab:              33452 kB
SReclaimable:      12440 kB
SUnreclaim:        21012 kB
KernelStack:        6072 kB
PageTables:        11464 kB
NFS_Unstable:          0 kB
Bounce:                0 kB
WritebackTmp:          0 kB
CommitLimit:      949752 kB
Committed_AS:   11937644 kB
VmallocTotal:     245760 kB
VmallocUsed:       50788 kB
VmallocChunk:      75648 kB
1557735086.053452
MemTotal:        1899508 kB
MemFree:           40008 kB
Buffers:             740 kB
Cached:           125444 kB
SwapCached:            0 kB
Active:          1511480 kB
Inactive:          62820 kB
Active(anon):    1450948 kB
Inactive(anon):     2388 kB
Active(file):      60532 kB
Inactive(file):    60432 kB
Unevictable:        1940 kB
Mlocked:               0 kB
HighTotal:       1158144 kB
HighFree:            652 kB
LowTotal:         741364 kB
LowFree:           39356 kB
SwapTotal:             0 kB
SwapFree:              0 kB
Dirty:                 0 kB
Writeback:             0 kB
AnonPages:       1450500 kB
Mapped:            99268 kB
Shmem:              2788 kB
Slab:              33456 kB
SReclaimable:      12440 kB
SUnreclaim:        21016 kB
KernelStack:        6120 kB
PageTables:        11700 kB
NFS_Unstable:          0 kB
Bounce:                0 kB
WritebackTmp:          0 kB
CommitLimit:      949752 kB
Committed_AS:   12506880 kB
VmallocTotal:     245760 kB
VmallocUsed:       51808 kB
VmallocChunk:      75648 kB
1557735087.011889
MemTotal:        1899508 kB
MemFree:           42924 kB
Buffers:             744 kB
Cached:           123784 kB
SwapCached:            0 kB
Active:          1509740 kB
Inactive:          61976 kB
Active(anon):    1449748 kB
Inactive(anon):     2320 kB
Active(file):      59992 kB
Inactive(file):    59656 kB
Unevictable:        1940 kB
Mlocked:               0 kB
HighTotal:       1158144 kB
HighFree:           1680 kB
LowTotal:         741364 kB
LowFree:           41244 kB
SwapTotal:             0 kB
SwapFree:              0 kB
Dirty:                72 kB
Writeback:             0 kB
AnonPages:       1449244 kB
Mapped:            98304 kB
Shmem:              2664 kB
Slab:              33456 kB
SReclaimable:      12440 kB
SUnreclaim:        21016 kB
KernelStack:        6048 kB
PageTables:        11872 kB
NFS_Unstable:          0 kB
Bounce:                0 kB
WritebackTmp:          0 kB
CommitLimit:      949752 kB
Committed_AS:   12506696 kB
VmallocTotal:     245760 kB
VmallocUsed:       51808 kB
VmallocChunk:      75648 kB
1557735087.978212
MemTotal:        1899508 kB
MemFree:           44388 kB
Buffers:             760 kB
Cached:           122368 kB
SwapCached:            0 kB
Active:          1509620 kB
Inactive:          61444 kB
Active(anon):    1450452 kB
Inactive(anon):     2416 kB
Active(file):      59168 kB
Inactive(file):    59028 kB
Unevictable:        1940 kB
Mlocked:               0 kB
HighTotal:       1158144 kB
HighFree:           2716 kB
LowTotal:         741364 kB
LowFree:           41672 kB
SwapTotal:             0 kB
SwapFree:              0 kB
Dirty:               156 kB
Writeback:             8 kB
AnonPages:       1449944 kB
Mapped:            98332 kB
Shmem:              2808 kB
Slab:              33460 kB
SReclaimable:      12440 kB
SUnreclaim:        21020 kB
KernelStack:        6160 kB
PageTables:        11372 kB
NFS_Unstable:          0 kB
Bounce:                0 kB
WritebackTmp:          0 kB
CommitLimit:      949752 kB
Committed_AS:   11940484 kB
VmallocTotal:     245760 kB
VmallocUsed:       50788 kB
VmallocChunk:      75648 kB
1557735088.975567
MemTotal:        1899508 kB
MemFree:           45752 kB
Buffers:             760 kB
Cached:           120568 kB
SwapCached:            0 kB
Active:          1509232 kB
Inactive:          60336 kB
Active(anon):    1450564 kB
Inactive(anon):     2420 kB
Active(file):      58668 kB
Inactive(file):    57916 kB
Unevictable:        1940 kB
Mlocked:               0 kB
HighTotal:       1158144 kB
HighFree:           3520 kB
LowTotal:         741364 kB
LowFree:           42232 kB
SwapTotal:             0 kB
SwapFree:              0 kB
Dirty:               156 kB
Writeback:             0 kB
AnonPages:       1450168 kB
Mapped:            98100 kB
Shmem:              2812 kB
Slab:              33428 kB
SReclaimable:      12440 kB
SUnreclaim:        20988 kB
KernelStack:        6040 kB
PageTables:        11436 kB
NFS_Unstable:          0 kB
Bounce:                0 kB
WritebackTmp:          0 kB
CommitLimit:      949752 kB
Committed_AS:   11940452 kB
VmallocTotal:     245760 kB
VmallocUsed:       50788 kB
VmallocChunk:      75648 kB
1557735089.969718
MemTotal:        1899508 kB
MemFree:           42020 kB
Buffers:             740 kB
Cached:           119948 kB
SwapCached:            0 kB
Active:          1510108 kB
Inactive:          62820 kB
Active(anon):    1454816 kB
Inactive(anon):     2420 kB
Active(file):      55292 kB
Inactive(file):    60400 kB
Unevictable:        1940 kB
Mlocked:               0 kB
HighTotal:       1158144 kB
HighFree:           1740 kB
LowTotal:         741364 kB
LowFree:           40280 kB
SwapTotal:             0 kB
SwapFree:              0 kB
Dirty:               156 kB
Writeback:             0 kB
AnonPages:       1454408 kB
Mapped:            98616 kB
Shmem:              2812 kB
Slab:              33428 kB
SReclaimable:      12440 kB
SUnreclaim:        20988 kB
KernelStack:        6016 kB
PageTables:        11828 kB
NFS_Unstable:          0 kB
Bounce:                0 kB
WritebackTmp:          0 kB
CommitLimit:      949752 kB
Committed_AS:   12508616 kB
VmallocTotal:     245760 kB
VmallocUsed:       51808 kB
VmallocChunk:      75648 kB
1557735090.968176
MemTotal:        1899508 kB
MemFree:           40056 kB
Buffers:             548 kB
Cached:           115140 kB
SwapCached:            0 kB
Active:          1516656 kB
Inactive:          57680 kB
Active(anon):    1460936 kB
Inactive(anon):     2520 kB
Active(file):      55720 kB
Inactive(file):    55160 kB
Unevictable:        1940 kB
Mlocked:               0 kB
HighTotal:       1158144 kB
HighFree:            480 kB
LowTotal:         741364 kB
LowFree:           39576 kB
SwapTotal:             0 kB
SwapFree:              0 kB
Dirty:                64 kB
Writeback:             0 kB
AnonPages:       1460532 kB
Mapped:            99480 kB
Shmem:              2996 kB
Slab:              33428 kB
SReclaimable:      12440 kB
SUnreclaim:        20988 kB
KernelStack:        6152 kB
PageTables:        12036 kB
NFS_Unstable:          0 kB
Bounce:                0 kB
WritebackTmp:          0 kB
CommitLimit:      949752 kB
Committed_AS:   13732116 kB
VmallocTotal:     245760 kB
VmallocUsed:       52828 kB
VmallocChunk:      75648 kB
1557735092.072477
MemTotal:        1899508 kB
MemFree:           47724 kB
Buffers:             648 kB
Cached:           114952 kB
SwapCached:            0 kB
Active:          1513748 kB
Inactive:          54156 kB
Active(anon):    1454612 kB
Inactive(anon):     2396 kB
Active(file):      59136 kB
Inactive(file):    51760 kB
Unevictable:        1940 kB
Mlocked:               0 kB
HighTotal:       1158144 kB
HighFree:           3560 kB
LowTotal:         741364 kB
LowFree:           44164 kB
SwapTotal:             0 kB
SwapFree:              0 kB
Dirty:                40 kB
Writeback:             0 kB
AnonPages:       1454172 kB
Mapped:            93172 kB
Shmem:              2812 kB
Slab:              33424 kB
SReclaimable:      12432 kB
SUnreclaim:        20992 kB
KernelStack:        5976 kB
PageTables:        11428 kB
NFS_Unstable:          0 kB
Bounce:                0 kB
WritebackTmp:          0 kB
CommitLimit:      949752 kB
Committed_AS:   11942128 kB
VmallocTotal:     245760 kB
VmallocUsed:       50788 kB
VmallocChunk:      75648 kB
1557735093.006411
MemTotal:        1899508 kB
MemFree:           48796 kB
Buffers:             644 kB
Cached:           113660 kB
SwapCached:            0 kB
Active:          1512780 kB
Inactive:          53652 kB
Active(anon):    1454700 kB
Inactive(anon):     2396 kB
Active(file):      58080 kB
Inactive(file):    51256 kB
Unevictable:        1940 kB
Mlocked:               0 kB
HighTotal:       1158144 kB
HighFree:           4156 kB
LowTotal:         741364 kB
LowFree:           44640 kB
SwapTotal:             0 kB
SwapFree:              0 kB
Dirty:                40 kB
Writeback:             0 kB
AnonPages:       1454240 kB
Mapped:            92624 kB
Shmem:              2812 kB
Slab:              33420 kB
SReclaimable:      12432 kB
SUnreclaim:        20988 kB
KernelStack:        6000 kB
PageTables:        11436 kB
NFS_Unstable:          0 kB
Bounce:                0 kB
WritebackTmp:          0 kB
CommitLimit:      949752 kB
Committed_AS:   11942168 kB
VmallocTotal:     245760 kB
VmallocUsed:       50788 kB
VmallocChunk:      75648 kB
1557735093.964013
MemTotal:        1899508 kB
MemFree:           47548 kB
Buffers:             644 kB
Cached:           112188 kB
SwapCached:            0 kB
Active:          1514544 kB
Inactive:          52848 kB
Active(anon):    1457004 kB
Inactive(anon):     2396 kB
Active(file):      57540 kB
Inactive(file):    50452 kB
Unevictable:        1940 kB
Mlocked:               0 kB
HighTotal:       1158144 kB
HighFree:           2624 kB
LowTotal:         741364 kB
LowFree:           44924 kB
SwapTotal:             0 kB
SwapFree:              0 kB
Dirty:                40 kB
Writeback:             0 kB
AnonPages:       1456480 kB
Mapped:            92024 kB
Shmem:              2812 kB
Slab:              33420 kB
SReclaimable:      12432 kB
SUnreclaim:        20988 kB
KernelStack:        6000 kB
PageTables:        11532 kB
NFS_Unstable:          0 kB
Bounce:                0 kB
WritebackTmp:          0 kB
CommitLimit:      949752 kB
Committed_AS:   11938196 kB
VmallocTotal:     245760 kB
VmallocUsed:       50788 kB
VmallocChunk:      75648 kB
1557735094.931930
MemTotal:        1899508 kB
MemFree:           49916 kB
Buffers:             620 kB
Cached:           110656 kB
SwapCached:            0 kB
Active:          1513428 kB
Inactive:          51988 kB
Active(anon):    1456468 kB
Inactive(anon):     2396 kB
Active(file):      56960 kB
Inactive(file):    49592 kB
Unevictable:        1940 kB
Mlocked:               0 kB
HighTotal:       1158144 kB
HighFree:           4400 kB
LowTotal:         741364 kB
LowFree:           45516 kB
SwapTotal:             0 kB
SwapFree:              0 kB
Dirty:                40 kB
Writeback:             0 kB
AnonPages:       1456180 kB
Mapped:            91672 kB
Shmem:              2812 kB
Slab:              33416 kB
SReclaimable:      12432 kB
SUnreclaim:        20984 kB
KernelStack:        6048 kB
PageTables:        11464 kB
NFS_Unstable:          0 kB
Bounce:                0 kB
WritebackTmp:          0 kB
CommitLimit:      949752 kB
Committed_AS:   11938268 kB
VmallocTotal:     245760 kB
VmallocUsed:       50788 kB
VmallocChunk:      75648 kB
1557735095.970938
MemTotal:        1899508 kB
MemFree:           51220 kB
Buffers:             632 kB
Cached:           109160 kB
SwapCached:            0 kB
Active:          1512240 kB
Inactive:          51604 kB
Active(anon):    1456448 kB
Inactive(anon):     2396 kB
Active(file):      55792 kB
Inactive(file):    49208 kB
Unevictable:        1940 kB
Mlocked:               0 kB
HighTotal:       1158144 kB
HighFree:           4900 kB
LowTotal:         741364 kB
LowFree:           46320 kB
SwapTotal:             0 kB
SwapFree:              0 kB
Dirty:               104 kB
Writeback:             0 kB
AnonPages:       1456084 kB
Mapped:            91520 kB
Shmem:              2812 kB
Slab:              33400 kB
SReclaimable:      12416 kB
SUnreclaim:        20984 kB
KernelStack:        6064 kB
PageTables:        11440 kB
NFS_Unstable:          0 kB
Bounce:                0 kB
WritebackTmp:          0 kB
CommitLimit:      949752 kB
Committed_AS:   11938976 kB
VmallocTotal:     245760 kB
VmallocUsed:       50788 kB
VmallocChunk:      75648 kB
1557735097.002018
MemTotal:        1899508 kB
MemFree:           52812 kB
Buffers:             632 kB
Cached:           108084 kB
SwapCached:            0 kB
Active:          1511192 kB
Inactive:          51672 kB
Active(anon):    1456512 kB
Inactive(anon):     2396 kB
Active(file):      54680 kB
Inactive(file):    49276 kB
Unevictable:        1940 kB
Mlocked:               0 kB
HighTotal:       1158144 kB
HighFree:           6172 kB
LowTotal:         741364 kB
LowFree:           46640 kB
SwapTotal:             0 kB
SwapFree:              0 kB
Dirty:                64 kB
Writeback:             0 kB
AnonPages:       1456132 kB
Mapped:            91464 kB
Shmem:              2812 kB
Slab:              33384 kB
SReclaimable:      12416 kB
SUnreclaim:        20968 kB
KernelStack:        5984 kB
PageTables:        11436 kB
NFS_Unstable:          0 kB
Bounce:                0 kB
WritebackTmp:          0 kB
CommitLimit:      949752 kB
Committed_AS:   11939028 kB
VmallocTotal:     245760 kB
VmallocUsed:       50788 kB
VmallocChunk:      75648 kB
1557735097.962802
MemTotal:        1899508 kB
MemFree:           50524 kB
Buffers:             632 kB
Cached:           107176 kB
SwapCached:            0 kB
Active:          1512696 kB
Inactive:          51380 kB
Active(anon):    1458812 kB
Inactive(anon):     2396 kB
Active(file):      53884 kB
Inactive(file):    48984 kB
Unevictable:        1940 kB
Mlocked:               0 kB
HighTotal:       1158144 kB
HighFree:           4196 kB
LowTotal:         741364 kB
LowFree:           46328 kB
SwapTotal:             0 kB
SwapFree:              0 kB
Dirty:                64 kB
Writeback:             0 kB
AnonPages:       1458484 kB
Mapped:            91464 kB
Shmem:              2812 kB
Slab:              33384 kB
SReclaimable:      12416 kB
SUnreclaim:        20968 kB
KernelStack:        5984 kB
PageTables:        11536 kB
NFS_Unstable:          0 kB
Bounce:                0 kB
WritebackTmp:          0 kB
CommitLimit:      949752 kB
Committed_AS:   11939652 kB
VmallocTotal:     245760 kB
VmallocUsed:       50788 kB
VmallocChunk:      75648 kB
1557735098.938400
MemTotal:        1899508 kB
MemFree:           52184 kB
Buffers:             648 kB
Cached:           106416 kB
SwapCached:            0 kB
Active:          1511204 kB
Inactive:          51224 kB
Active(anon):    1457744 kB
Inactive(anon):     2396 kB
Active(file):      53460 kB
Inactive(file):    48828 kB
Unevictable:        1940 kB
Mlocked:               0 kB
HighTotal:       1158144 kB
HighFree:           5752 kB
LowTotal:         741364 kB
LowFree:           46432 kB
SwapTotal:             0 kB
SwapFree:              0 kB
Dirty:                64 kB
Writeback:             0 kB
AnonPages:       1457372 kB
Mapped:            91424 kB
Shmem:              2812 kB
Slab:              33384 kB
SReclaimable:      12416 kB
SUnreclaim:        20968 kB
KernelStack:        6048 kB
PageTables:        11460 kB
NFS_Unstable:          0 kB
Bounce:                0 kB
WritebackTmp:          0 kB
CommitLimit:      949752 kB
Committed_AS:   11939872 kB
VmallocTotal:     245760 kB
VmallocUsed:       50788 kB
VmallocChunk:      75648 kB
1557735099.891936
MemTotal:        1899508 kB
MemFree:           50488 kB
Buffers:             648 kB
Cached:           105948 kB
SwapCached:            0 kB
Active:          1515344 kB
Inactive:          49176 kB
Active(anon):    1460280 kB
Inactive(anon):     2396 kB
Active(file):      55064 kB
Inactive(file):    46780 kB
Unevictable:        1940 kB
Mlocked:               0 kB
HighTotal:       1158144 kB
HighFree:           4160 kB
LowTotal:         741364 kB
LowFree:           46328 kB
SwapTotal:             0 kB
SwapFree:              0 kB
Dirty:                68 kB
Writeback:             0 kB
AnonPages:       1459936 kB
Mapped:            91528 kB
Shmem:              2812 kB
Slab:              33384 kB
SReclaimable:      12416 kB
SUnreclaim:        20968 kB
KernelStack:        5984 kB
PageTables:        11456 kB
NFS_Unstable:          0 kB
Bounce:                0 kB
WritebackTmp:          0 kB
CommitLimit:      949752 kB
Committed_AS:   11940508 kB
VmallocTotal:     245760 kB
VmallocUsed:       50788 kB
VmallocChunk:      75648 kB
1557735100.858034
MemTotal:        1899508 kB
MemFree:           51256 kB
Buffers:             648 kB
Cached:           104984 kB
SwapCached:            0 kB
Active:          1516332 kB
Inactive:          47472 kB
Active(anon):    1460428 kB
Inactive(anon):     2356 kB
Active(file):      55904 kB
Inactive(file):    45116 kB
Unevictable:        1940 kB
Mlocked:               0 kB
HighTotal:       1158144 kB
HighFree:           4660 kB
LowTotal:         741364 kB
LowFree:           46596 kB
SwapTotal:             0 kB
SwapFree:              0 kB
Dirty:                68 kB
Writeback:             0 kB
AnonPages:       1460104 kB
Mapped:            91348 kB
Shmem:              2752 kB
Slab:              33384 kB
SReclaimable:      12416 kB
SUnreclaim:        20968 kB
KernelStack:        6136 kB
PageTables:        11412 kB
NFS_Unstable:          0 kB
Bounce:                0 kB
WritebackTmp:          0 kB
CommitLimit:      949752 kB
Committed_AS:   11940548 kB
VmallocTotal:     245760 kB
VmallocUsed:       50788 kB
VmallocChunk:      75648 kB
1557735101.820952
MemTotal:        1899508 kB
MemFree:           52828 kB
Buffers:             648 kB
Cached:           103616 kB
SwapCached:            0 kB
Active:          1516600 kB
Inactive:          46196 kB
Active(anon):    1460776 kB
Inactive(anon):     2396 kB
Active(file):      55824 kB
Inactive(file):    43800 kB
Unevictable:        1940 kB
Mlocked:               0 kB
HighTotal:       1158144 kB
HighFree:           5680 kB
LowTotal:         741364 kB
LowFree:           47148 kB
SwapTotal:             0 kB
SwapFree:              0 kB
Dirty:                40 kB
Writeback:             0 kB
AnonPages:       1460412 kB
Mapped:            91300 kB
Shmem:              2812 kB
Slab:              33352 kB
SReclaimable:      12416 kB
SUnreclaim:        20936 kB
KernelStack:        5992 kB
PageTables:        11444 kB
NFS_Unstable:          0 kB
Bounce:                0 kB
WritebackTmp:          0 kB
CommitLimit:      949752 kB
Committed_AS:   11940624 kB
VmallocTotal:     245760 kB
VmallocUsed:       50788 kB
VmallocChunk:      75648 kB
1557735102.870068
MemTotal:        1899508 kB
MemFree:           59528 kB
Buffers:             664 kB
Cached:           104104 kB
SwapCached:            0 kB
Active:          1509104 kB
Inactive:          46508 kB
Active(anon):    1453316 kB
Inactive(anon):     2396 kB
Active(file):      55788 kB
Inactive(file):    44112 kB
Unevictable:        1940 kB
Mlocked:               0 kB
HighTotal:       1158144 kB
HighFree:           8716 kB
LowTotal:         741364 kB
LowFree:           50812 kB
SwapTotal:             0 kB
SwapFree:              0 kB
Dirty:                40 kB
Writeback:             0 kB
AnonPages:       1452824 kB
Mapped:            91060 kB
Shmem:              2812 kB
Slab:              33352 kB
SReclaimable:      12416 kB
SUnreclaim:        20936 kB
KernelStack:        6032 kB
PageTables:        11452 kB
NFS_Unstable:          0 kB
Bounce:                0 kB
WritebackTmp:          0 kB
CommitLimit:      949752 kB
Committed_AS:   11940956 kB
VmallocTotal:     245760 kB
VmallocUsed:       50788 kB
VmallocChunk:      75648 kB
1557735103.879336
MemTotal:        1899508 kB
MemFree:           58512 kB
Buffers:             664 kB
Cached:           105668 kB
SwapCached:            0 kB
Active:          1508292 kB
Inactive:          48188 kB
Active(anon):    1452504 kB
Inactive(anon):     2396 kB
Active(file):      55788 kB
Inactive(file):    45792 kB
Unevictable:        1940 kB
Mlocked:               0 kB
HighTotal:       1158144 kB
HighFree:           7588 kB
LowTotal:         741364 kB
LowFree:           50924 kB
SwapTotal:             0 kB
SwapFree:              0 kB
Dirty:               100 kB
Writeback:             0 kB
AnonPages:       1452236 kB
Mapped:            91260 kB
Shmem:              2812 kB
Slab:              33352 kB
SReclaimable:      12416 kB
SUnreclaim:        20936 kB
KernelStack:        6128 kB
PageTables:        11552 kB
NFS_Unstable:          0 kB
Bounce:                0 kB
WritebackTmp:          0 kB
CommitLimit:      949752 kB
Committed_AS:   11941084 kB
VmallocTotal:     245760 kB
VmallocUsed:       50788 kB
VmallocChunk:      75648 kB
1557735104.874154
MemTotal:        1899508 kB
MemFree:           58532 kB
Buffers:             664 kB
Cached:           105668 kB
SwapCached:            0 kB
Active:          1508448 kB
Inactive:          48188 kB
Active(anon):    1452660 kB
Inactive(anon):     2396 kB
Active(file):      55788 kB
Inactive(file):    45792 kB
Unevictable:        1940 kB
Mlocked:               0 kB
HighTotal:       1158144 kB
HighFree:           7464 kB
LowTotal:         741364 kB
LowFree:           51068 kB
SwapTotal:             0 kB
SwapFree:              0 kB
Dirty:               100 kB
Writeback:             0 kB
AnonPages:       1452440 kB
Mapped:            91284 kB
Shmem:              2812 kB
Slab:              33352 kB
SReclaimable:      12416 kB
SUnreclaim:        20936 kB
KernelStack:        6056 kB
PageTables:        11444 kB
NFS_Unstable:          0 kB
Bounce:                0 kB
WritebackTmp:          0 kB
CommitLimit:      949752 kB
Committed_AS:   11941844 kB
VmallocTotal:     245760 kB
VmallocUsed:       50788 kB
VmallocChunk:      75648 kB
1557735105.845796
MemTotal:        1899508 kB
MemFree:           55804 kB
Buffers:             664 kB
Cached:           105992 kB
SwapCached:            0 kB
Active:          1510908 kB
Inactive:          48512 kB
Active(anon):    1455120 kB
Inactive(anon):     2396 kB
Active(file):      55788 kB
Inactive(file):    46116 kB
Unevictable:        1940 kB
Mlocked:               0 kB
HighTotal:       1158144 kB
HighFree:           4760 kB
LowTotal:         741364 kB
LowFree:           51044 kB
SwapTotal:             0 kB
SwapFree:              0 kB
Dirty:               100 kB
Writeback:             0 kB
AnonPages:       1454608 kB
Mapped:            91380 kB
Shmem:              2812 kB
Slab:              33352 kB
SReclaimable:      12416 kB
SUnreclaim:        20936 kB
KernelStack:        6056 kB
PageTables:        11456 kB
NFS_Unstable:          0 kB
Bounce:                0 kB
WritebackTmp:          0 kB
CommitLimit:      949752 kB
Committed_AS:   11941996 kB
VmallocTotal:     245760 kB
VmallocUsed:       50788 kB
VmallocChunk:      75648 kB
1557735106.987165
MemTotal:        1899508 kB
MemFree:           66464 kB
Buffers:             680 kB
Cached:           105992 kB
SwapCached:            0 kB
Active:          1499168 kB
Inactive:          48528 kB
Active(anon):    1443380 kB
Inactive(anon):     2396 kB
Active(file):      55788 kB
Inactive(file):    46132 kB
Unevictable:        1940 kB
Mlocked:               0 kB
HighTotal:       1158144 kB
HighFree:          15580 kB
LowTotal:         741364 kB
LowFree:           50884 kB
SwapTotal:             0 kB
SwapFree:              0 kB
Dirty:                40 kB
Writeback:             0 kB
AnonPages:       1443160 kB
Mapped:            91380 kB
Shmem:              2812 kB
Slab:              33352 kB
SReclaimable:      12416 kB
SUnreclaim:        20936 kB
KernelStack:        6040 kB
PageTables:        11532 kB
NFS_Unstable:          0 kB
Bounce:                0 kB
WritebackTmp:          0 kB
CommitLimit:      949752 kB
Committed_AS:   11942624 kB
VmallocTotal:     245760 kB
VmallocUsed:       50788 kB
VmallocChunk:      75648 kB
1557735108.028800
MemTotal:        1899508 kB
MemFree:           66320 kB
Buffers:             680 kB
Cached:           106116 kB
SwapCached:            0 kB
Active:          1499512 kB
Inactive:          48696 kB
Active(anon):    1443724 kB
Inactive(anon):     2396 kB
Active(file):      55788 kB
Inactive(file):    46300 kB
Unevictable:        1940 kB
Mlocked:               0 kB
HighTotal:       1158144 kB
HighFree:          15324 kB
LowTotal:         741364 kB
LowFree:           50996 kB
SwapTotal:             0 kB
SwapFree:              0 kB
Dirty:                40 kB
Writeback:             0 kB
AnonPages:       1443328 kB
Mapped:            91412 kB
Shmem:              2812 kB
Slab:              33320 kB
SReclaimable:      12416 kB
SUnreclaim:        20904 kB
KernelStack:        6064 kB
PageTables:        11440 kB
NFS_Unstable:          0 kB
Bounce:                0 kB
WritebackTmp:          0 kB
CommitLimit:      949752 kB
Committed_AS:   11942768 kB
VmallocTotal:     245760 kB
VmallocUsed:       50788 kB
VmallocChunk:      75648 kB
1557735108.971746
MemTotal:        1899508 kB
MemFree:           67292 kB
Buffers:             680 kB
Cached:           106164 kB
SwapCached:            0 kB
Active:          1499608 kB
Inactive:          48700 kB
Active(anon):    1443820 kB
Inactive(anon):     2396 kB
Active(file):      55788 kB
Inactive(file):    46304 kB
Unevictable:        1940 kB
Mlocked:               0 kB
HighTotal:       1158144 kB
HighFree:          15452 kB
LowTotal:         741364 kB
LowFree:           51840 kB
SwapTotal:             0 kB
SwapFree:              0 kB
Dirty:                40 kB
Writeback:             0 kB
AnonPages:       1443380 kB
Mapped:            91372 kB
Shmem:              2812 kB
Slab:              33320 kB
SReclaimable:      12416 kB
SUnreclaim:        20904 kB
KernelStack:        6040 kB
PageTables:        11424 kB
NFS_Unstable:          0 kB
Bounce:                0 kB
WritebackTmp:          0 kB
CommitLimit:      949752 kB
Committed_AS:   11938860 kB
VmallocTotal:     245760 kB
VmallocUsed:       50788 kB
VmallocChunk:      75648 kB
1557735110.023796
MemTotal:        1899508 kB
MemFree:           46816 kB
Buffers:             704 kB
Cached:           118740 kB
SwapCached:            0 kB
Active:          1505680 kB
Inactive:          60872 kB
Active(anon):    1449768 kB
Inactive(anon):     2396 kB
Active(file):      55912 kB
Inactive(file):    58476 kB
Unevictable:        1940 kB
Mlocked:               0 kB
HighTotal:       1158144 kB
HighFree:           1740 kB
LowTotal:         741364 kB
LowFree:           45076 kB
SwapTotal:             0 kB
SwapFree:              0 kB
Dirty:                40 kB
Writeback:             0 kB
AnonPages:       1449604 kB
Mapped:           101968 kB
Shmem:              2812 kB
Slab:              33288 kB
SReclaimable:      12416 kB
SUnreclaim:        20872 kB
KernelStack:        6032 kB
PageTables:        11884 kB
NFS_Unstable:          0 kB
Bounce:                0 kB
WritebackTmp:          0 kB
CommitLimit:      949752 kB
Committed_AS:   12507732 kB
VmallocTotal:     245760 kB
VmallocUsed:       51808 kB
VmallocChunk:      75648 kB
1557735110.969550
MemTotal:        1899508 kB
MemFree:           39724 kB
Buffers:             804 kB
Cached:           117804 kB
SwapCached:            0 kB
Active:          1515200 kB
Inactive:          59300 kB
Active(anon):    1458332 kB
Inactive(anon):     2344 kB
Active(file):      56868 kB
Inactive(file):    56956 kB
Unevictable:        1940 kB
Mlocked:               0 kB
HighTotal:       1158144 kB
HighFree:            544 kB
LowTotal:         741364 kB
LowFree:           39180 kB
SwapTotal:             0 kB
SwapFree:              0 kB
Dirty:                 0 kB
Writeback:             4 kB
AnonPages:       1457868 kB
Mapped:           107612 kB
Shmem:              2816 kB
Slab:              33288 kB
SReclaimable:      12416 kB
SUnreclaim:        20872 kB
KernelStack:        6280 kB
PageTables:        12740 kB
NFS_Unstable:          0 kB
Bounce:                0 kB
WritebackTmp:          0 kB
CommitLimit:      949752 kB
Committed_AS:   13650396 kB
VmallocTotal:     245760 kB
VmallocUsed:       53848 kB
VmallocChunk:      75648 kB
1557735111.945648
MemTotal:        1899508 kB
MemFree:           43296 kB
Buffers:             660 kB
Cached:           115640 kB
SwapCached:            0 kB
Active:          1510064 kB
Inactive:          60488 kB
Active(anon):    1457000 kB
Inactive(anon):     2344 kB
Active(file):      53064 kB
Inactive(file):    58144 kB
Unevictable:        1940 kB
Mlocked:               0 kB
HighTotal:       1158144 kB
HighFree:           1704 kB
LowTotal:         741364 kB
LowFree:           41592 kB
SwapTotal:             0 kB
SwapFree:              0 kB
Dirty:                 0 kB
Writeback:             0 kB
AnonPages:       1456120 kB
Mapped:           104612 kB
Shmem:              2816 kB
Slab:              33288 kB
SReclaimable:      12412 kB
SUnreclaim:        20876 kB
KernelStack:        6328 kB
PageTables:        12436 kB
NFS_Unstable:          0 kB
Bounce:                0 kB
WritebackTmp:          0 kB
CommitLimit:      949752 kB
Committed_AS:   13080424 kB
VmallocTotal:     245760 kB
VmallocUsed:       52828 kB
VmallocChunk:      75648 kB
1557735112.959367
MemTotal:        1899508 kB
MemFree:           46936 kB
Buffers:             596 kB
Cached:           124860 kB
SwapCached:            0 kB
Active:          1502508 kB
Inactive:          66336 kB
Active(anon):    1445900 kB
Inactive(anon):     2348 kB
Active(file):      56608 kB
Inactive(file):    63988 kB
Unevictable:        1940 kB
Mlocked:               0 kB
HighTotal:       1158144 kB
HighFree:           3760 kB
LowTotal:         741364 kB
LowFree:           43176 kB
SwapTotal:             0 kB
SwapFree:              0 kB
Dirty:                 0 kB
Writeback:             0 kB
