MemTotal:        1899508 kB
MemFree:           51312 kB
Buffers:            1628 kB
Cached:           266152 kB
SwapCached:            0 kB
Active:          1470832 kB
Inactive:         162932 kB
Active(anon):    1369412 kB
Inactive(anon):     2100 kB
Active(file):     101420 kB
Inactive(file):   160832 kB
Unevictable:        1940 kB
Mlocked:               0 kB
HighTotal:       1158144 kB
HighFree:           4592 kB
LowTotal:         741364 kB
LowFree:           46720 kB
SwapTotal:             0 kB
SwapFree:              0 kB
Dirty:               116 kB
Writeback:             0 kB
AnonPages:       1368316 kB
Mapped:           142812 kB
Shmem:              3460 kB
Slab:              34016 kB
SReclaimable:      12008 kB
SUnreclaim:        22008 kB
KernelStack:        6760 kB
PageTables:        14056 kB
NFS_Unstable:          0 kB
Bounce:                0 kB
WritebackTmp:          0 kB
CommitLimit:      949752 kB
Committed_AS:   16379576 kB
VmallocTotal:     245760 kB
VmallocUsed:       55368 kB
VmallocChunk:      75648 kB
1557682954.050570
MemTotal:        1899508 kB
MemFree:           69376 kB
Buffers:            1572 kB
Cached:           264000 kB
SwapCached:            0 kB
Active:          1481672 kB
Inactive:         153812 kB
Active(anon):    1373528 kB
Inactive(anon):     2096 kB
Active(file):     108144 kB
Inactive(file):   151716 kB
Unevictable:        1940 kB
Mlocked:               0 kB
HighTotal:       1158144 kB
HighFree:           3124 kB
LowTotal:         741364 kB
LowFree:           66252 kB
SwapTotal:             0 kB
SwapFree:              0 kB
Dirty:                 0 kB
Writeback:             0 kB
AnonPages:       1372220 kB
Mapped:           148912 kB
Shmem:              3456 kB
Slab:              34116 kB
SReclaimable:      12008 kB
SUnreclaim:        22108 kB
KernelStack:        6840 kB
PageTables:        14456 kB
NFS_Unstable:          0 kB
Bounce:                0 kB
WritebackTmp:          0 kB
CommitLimit:      949752 kB
Committed_AS:   16950244 kB
VmallocTotal:     245760 kB
VmallocUsed:       56260 kB
VmallocChunk:      75648 kB
1557682954.766085
MemTotal:        1899508 kB
MemFree:           47188 kB
Buffers:            1628 kB
Cached:           275096 kB
SwapCached:            0 kB
Active:          1497232 kB
Inactive:         161624 kB
Active(anon):    1385748 kB
Inactive(anon):     2096 kB
Active(file):     111484 kB
Inactive(file):   159528 kB
Unevictable:        1940 kB
Mlocked:               0 kB
HighTotal:       1158144 kB
HighFree:           1960 kB
LowTotal:         741364 kB
LowFree:           45228 kB
SwapTotal:             0 kB
SwapFree:              0 kB
Dirty:                 0 kB
Writeback:             0 kB
AnonPages:       1384520 kB
Mapped:           158920 kB
Shmem:              3456 kB
Slab:              34116 kB
SReclaimable:      12008 kB
SUnreclaim:        22108 kB
KernelStack:        6840 kB
PageTables:        14604 kB
NFS_Unstable:          0 kB
Bounce:                0 kB
WritebackTmp:          0 kB
CommitLimit:      949752 kB
Committed_AS:   16973880 kB
VmallocTotal:     245760 kB
VmallocUsed:       56260 kB
VmallocChunk:      75648 kB
1557682955.486297
MemTotal:        1899508 kB
MemFree:           47900 kB
Buffers:            1400 kB
Cached:           230364 kB
SwapCached:            0 kB
Active:          1509476 kB
Inactive:         117876 kB
Active(anon):    1399548 kB
Inactive(anon):     2104 kB
Active(file):     109928 kB
Inactive(file):   115772 kB
Unevictable:        1940 kB
Mlocked:               0 kB
HighTotal:       1158144 kB
HighFree:           2184 kB
LowTotal:         741364 kB
LowFree:           45716 kB
SwapTotal:             0 kB
SwapFree:              0 kB
Dirty:                 0 kB
Writeback:           124 kB
AnonPages:       1398512 kB
Mapped:           167136 kB
Shmem:              3456 kB
Slab:              34104 kB
SReclaimable:      12008 kB
SUnreclaim:        22096 kB
KernelStack:        7000 kB
PageTables:        14768 kB
NFS_Unstable:          0 kB
Bounce:                0 kB
WritebackTmp:          0 kB
CommitLimit:      949752 kB
Committed_AS:   16994008 kB
VmallocTotal:     245760 kB
VmallocUsed:       56500 kB
VmallocChunk:      75648 kB
1557682956.264164
MemTotal:        1899508 kB
MemFree:           44116 kB
Buffers:            1324 kB
Cached:           235020 kB
SwapCached:            0 kB
Active:          1514840 kB
Inactive:         120796 kB
Active(anon):    1402736 kB
Inactive(anon):     2104 kB
Active(file):     112104 kB
Inactive(file):   118692 kB
Unevictable:        1940 kB
Mlocked:               0 kB
HighTotal:       1158144 kB
HighFree:           1740 kB
LowTotal:         741364 kB
LowFree:           42376 kB
SwapTotal:             0 kB
SwapFree:              0 kB
Dirty:               164 kB
Writeback:             0 kB
AnonPages:       1401488 kB
Mapped:           167792 kB
Shmem:              3464 kB
Slab:              34092 kB
SReclaimable:      12008 kB
SUnreclaim:        22084 kB
KernelStack:        7128 kB
PageTables:        14884 kB
NFS_Unstable:          0 kB
Bounce:                0 kB
WritebackTmp:          0 kB
CommitLimit:      949752 kB
Committed_AS:   16996808 kB
VmallocTotal:     245760 kB
VmallocUsed:       56500 kB
VmallocChunk:      75648 kB
1557682956.950124
MemTotal:        1899508 kB
MemFree:           46708 kB
Buffers:             908 kB
Cached:           228160 kB
SwapCached:            0 kB
Active:          1524372 kB
Inactive:         114140 kB
Active(anon):    1412952 kB
Inactive(anon):     2104 kB
Active(file):     111420 kB
Inactive(file):   112036 kB
Unevictable:        1940 kB
Mlocked:               0 kB
HighTotal:       1158144 kB
HighFree:           1668 kB
LowTotal:         741364 kB
LowFree:           45040 kB
SwapTotal:             0 kB
SwapFree:              0 kB
Dirty:                12 kB
Writeback:             4 kB
AnonPages:       1411784 kB
Mapped:           171504 kB
Shmem:              3472 kB
Slab:              34100 kB
SReclaimable:      12008 kB
SUnreclaim:        22092 kB
KernelStack:        7272 kB
PageTables:        14944 kB
NFS_Unstable:          0 kB
Bounce:                0 kB
WritebackTmp:          0 kB
CommitLimit:      949752 kB
Committed_AS:   17009800 kB
VmallocTotal:     245760 kB
VmallocUsed:       56492 kB
VmallocChunk:      75648 kB
1557682957.655585
MemTotal:        1899508 kB
MemFree:           42992 kB
Buffers:            1120 kB
Cached:           210528 kB
SwapCached:            0 kB
Active:          1544328 kB
Inactive:         103232 kB
Active(anon):    1439444 kB
Inactive(anon):     2104 kB
Active(file):     104884 kB
Inactive(file):   101128 kB
Unevictable:        1940 kB
Mlocked:               0 kB
HighTotal:       1158144 kB
HighFree:           1820 kB
LowTotal:         741364 kB
LowFree:           41172 kB
SwapTotal:             0 kB
SwapFree:              0 kB
Dirty:                12 kB
Writeback:           152 kB
AnonPages:       1438164 kB
Mapped:           165456 kB
Shmem:              3472 kB
Slab:              34100 kB
SReclaimable:      12008 kB
SUnreclaim:        22092 kB
KernelStack:        7272 kB
PageTables:        14944 kB
NFS_Unstable:          0 kB
Bounce:                0 kB
WritebackTmp:          0 kB
CommitLimit:      949752 kB
Committed_AS:   17045204 kB
VmallocTotal:     245760 kB
VmallocUsed:       56492 kB
VmallocChunk:      75648 kB
1557682958.410204
MemTotal:        1899508 kB
MemFree:           44420 kB
Buffers:            1180 kB
Cached:           210664 kB
SwapCached:            0 kB
Active:          1540644 kB
Inactive:         105396 kB
Active(anon):    1437636 kB
Inactive(anon):     2120 kB
Active(file):     103008 kB
Inactive(file):   103276 kB
Unevictable:        1940 kB
Mlocked:               0 kB
HighTotal:       1158144 kB
HighFree:           1800 kB
LowTotal:         741364 kB
LowFree:           42620 kB
SwapTotal:             0 kB
SwapFree:              0 kB
Dirty:               380 kB
Writeback:             0 kB
AnonPages:       1436408 kB
Mapped:           162236 kB
Shmem:              3480 kB
Slab:              34116 kB
SReclaimable:      12008 kB
SUnreclaim:        22108 kB
KernelStack:        7344 kB
PageTables:        15036 kB
NFS_Unstable:          0 kB
Bounce:                0 kB
WritebackTmp:          0 kB
CommitLimit:      949752 kB
Committed_AS:   17045840 kB
VmallocTotal:     245760 kB
VmallocUsed:       56492 kB
VmallocChunk:      75648 kB
1557682959.110486
MemTotal:        1899508 kB
MemFree:           47740 kB
Buffers:            1180 kB
Cached:           207716 kB
SwapCached:            0 kB
Active:          1539132 kB
Inactive:         103868 kB
Active(anon):    1437312 kB
Inactive(anon):     2112 kB
Active(file):     101820 kB
Inactive(file):   101756 kB
Unevictable:        1940 kB
Mlocked:               0 kB
HighTotal:       1158144 kB
HighFree:           3080 kB
LowTotal:         741364 kB
LowFree:           44660 kB
SwapTotal:             0 kB
SwapFree:              0 kB
Dirty:               452 kB
Writeback:             0 kB
AnonPages:       1436212 kB
Mapped:           161668 kB
Shmem:              3472 kB
Slab:              34096 kB
SReclaimable:      12004 kB
SUnreclaim:        22092 kB
KernelStack:        7368 kB
PageTables:        15060 kB
NFS_Unstable:          0 kB
Bounce:                0 kB
WritebackTmp:          0 kB
CommitLimit:      949752 kB
Committed_AS:   17042244 kB
VmallocTotal:     245760 kB
VmallocUsed:       56492 kB
VmallocChunk:      75648 kB
1557682959.790710
MemTotal:        1899508 kB
MemFree:           51984 kB
Buffers:            1180 kB
Cached:           205612 kB
SwapCached:            0 kB
Active:          1535896 kB
Inactive:         102780 kB
Active(anon):    1434900 kB
Inactive(anon):     2112 kB
Active(file):     100996 kB
Inactive(file):   100668 kB
Unevictable:        1940 kB
Mlocked:               0 kB
HighTotal:       1158144 kB
HighFree:           5432 kB
LowTotal:         741364 kB
LowFree:           46552 kB
SwapTotal:             0 kB
SwapFree:              0 kB
Dirty:               452 kB
Writeback:             0 kB
AnonPages:       1433816 kB
Mapped:           161484 kB
Shmem:              3472 kB
Slab:              34096 kB
SReclaimable:      12004 kB
SUnreclaim:        22092 kB
KernelStack:        7368 kB
PageTables:        15208 kB
NFS_Unstable:          0 kB
Bounce:                0 kB
WritebackTmp:          0 kB
CommitLimit:      949752 kB
Committed_AS:   17042232 kB
VmallocTotal:     245760 kB
VmallocUsed:       56492 kB
VmallocChunk:      75648 kB
1557682960.478698
MemTotal:        1899508 kB
MemFree:           59096 kB
Buffers:            1180 kB
Cached:           205380 kB
SwapCached:            0 kB
Active:          1528744 kB
Inactive:         102452 kB
Active(anon):    1427944 kB
Inactive(anon):     2112 kB
Active(file):     100800 kB
Inactive(file):   100340 kB
Unevictable:        1940 kB
Mlocked:               0 kB
HighTotal:       1158144 kB
HighFree:           7360 kB
LowTotal:         741364 kB
LowFree:           51736 kB
SwapTotal:             0 kB
SwapFree:              0 kB
Dirty:               456 kB
Writeback:             0 kB
AnonPages:       1426696 kB
Mapped:           161472 kB
Shmem:              3472 kB
Slab:              34104 kB
SReclaimable:      12004 kB
SUnreclaim:        22100 kB
KernelStack:        7352 kB
PageTables:        15036 kB
NFS_Unstable:          0 kB
Bounce:                0 kB
WritebackTmp:          0 kB
CommitLimit:      949752 kB
Committed_AS:   17042272 kB
VmallocTotal:     245760 kB
VmallocUsed:       56492 kB
VmallocChunk:      75648 kB
1557682961.179707
MemTotal:        1899508 kB
MemFree:           59316 kB
Buffers:            1180 kB
Cached:           205384 kB
SwapCached:            0 kB
Active:          1528700 kB
Inactive:         102444 kB
Active(anon):    1427880 kB
Inactive(anon):     2112 kB
Active(file):     100820 kB
Inactive(file):   100332 kB
Unevictable:        1940 kB
Mlocked:               0 kB
HighTotal:       1158144 kB
HighFree:           7736 kB
LowTotal:         741364 kB
LowFree:           51580 kB
SwapTotal:             0 kB
SwapFree:              0 kB
Dirty:               456 kB
Writeback:             0 kB
AnonPages:       1426880 kB
Mapped:           161236 kB
Shmem:              3472 kB
Slab:              34104 kB
SReclaimable:      12004 kB
SUnreclaim:        22100 kB
KernelStack:        7344 kB
PageTables:        15072 kB
NFS_Unstable:          0 kB
Bounce:                0 kB
WritebackTmp:          0 kB
CommitLimit:      949752 kB
Committed_AS:   17043544 kB
VmallocTotal:     245760 kB
VmallocUsed:       56492 kB
VmallocChunk:      75648 kB
1557682961.883866
MemTotal:        1899508 kB
MemFree:           59428 kB
Buffers:            1180 kB
Cached:           205384 kB
SwapCached:            0 kB
Active:          1528912 kB
Inactive:         102444 kB
Active(anon):    1428092 kB
Inactive(anon):     2112 kB
Active(file):     100820 kB
Inactive(file):   100332 kB
Unevictable:        1940 kB
Mlocked:               0 kB
HighTotal:       1158144 kB
HighFree:           7612 kB
LowTotal:         741364 kB
LowFree:           51816 kB
SwapTotal:             0 kB
SwapFree:              0 kB
Dirty:               456 kB
Writeback:             0 kB
AnonPages:       1426724 kB
Mapped:           161172 kB
Shmem:              3472 kB
Slab:              34104 kB
SReclaimable:      12004 kB
SUnreclaim:        22100 kB
KernelStack:        7280 kB
PageTables:        15160 kB
NFS_Unstable:          0 kB
Bounce:                0 kB
WritebackTmp:          0 kB
CommitLimit:      949752 kB
Committed_AS:   17043648 kB
VmallocTotal:     245760 kB
VmallocUsed:       56492 kB
VmallocChunk:      75648 kB
1557682962.576236
MemTotal:        1899508 kB
MemFree:           41432 kB
Buffers:            1168 kB
Cached:           209700 kB
SwapCached:            0 kB
Active:          1529444 kB
Inactive:         106372 kB
Active(anon):    1428500 kB
Inactive(anon):     2112 kB
Active(file):     100944 kB
Inactive(file):   104260 kB
Unevictable:        1940 kB
Mlocked:               0 kB
HighTotal:       1158144 kB
HighFree:           1336 kB
LowTotal:         741364 kB
LowFree:           40096 kB
SwapTotal:             0 kB
SwapFree:              0 kB
Dirty:               456 kB
Writeback:             0 kB
AnonPages:       1427188 kB
Mapped:           171812 kB
Shmem:              3472 kB
Slab:              34104 kB
SReclaimable:      12004 kB
SUnreclaim:        22100 kB
KernelStack:        7360 kB
PageTables:        15100 kB
NFS_Unstable:          0 kB
Bounce:                0 kB
WritebackTmp:          0 kB
CommitLimit:      949752 kB
Committed_AS:   17044256 kB
VmallocTotal:     245760 kB
VmallocUsed:       56588 kB
VmallocChunk:      75648 kB
1557682963.300353
MemTotal:        1899508 kB
MemFree:           43184 kB
Buffers:            1164 kB
Cached:           202984 kB
SwapCached:            0 kB
Active:          1531376 kB
Inactive:         100992 kB
Active(anon):    1431768 kB
Inactive(anon):     2120 kB
Active(file):      99608 kB
Inactive(file):    98872 kB
Unevictable:        1940 kB
Mlocked:               0 kB
HighTotal:       1158144 kB
HighFree:           1648 kB
LowTotal:         741364 kB
LowFree:           41536 kB
SwapTotal:             0 kB
SwapFree:              0 kB
Dirty:                20 kB
Writeback:             0 kB
AnonPages:       1430888 kB
Mapped:           172060 kB
Shmem:              3480 kB
Slab:              34112 kB
SReclaimable:      12004 kB
SUnreclaim:        22108 kB
KernelStack:        7344 kB
PageTables:        15112 kB
NFS_Unstable:          0 kB
Bounce:                0 kB
WritebackTmp:          0 kB
CommitLimit:      949752 kB
Committed_AS:   17049072 kB
VmallocTotal:     245760 kB
VmallocUsed:       56588 kB
VmallocChunk:      75648 kB
1557682963.982400
MemTotal:        1899508 kB
MemFree:           41944 kB
Buffers:            1188 kB
Cached:           202080 kB
SwapCached:            0 kB
Active:          1529664 kB
Inactive:         106124 kB
Active(anon):    1436412 kB
Inactive(anon):     2120 kB
Active(file):      93252 kB
Inactive(file):   104004 kB
Unevictable:        1940 kB
Mlocked:               0 kB
HighTotal:       1158144 kB
HighFree:           1752 kB
LowTotal:         741364 kB
LowFree:           40192 kB
SwapTotal:             0 kB
SwapFree:              0 kB
Dirty:              3692 kB
Writeback:             0 kB
AnonPages:       1435284 kB
Mapped:           170596 kB
Shmem:              3480 kB
Slab:              34204 kB
SReclaimable:      12084 kB
SUnreclaim:        22120 kB
KernelStack:        7408 kB
PageTables:        15144 kB
NFS_Unstable:          0 kB
Bounce:                0 kB
WritebackTmp:          0 kB
CommitLimit:      949752 kB
Committed_AS:   17050376 kB
VmallocTotal:     245760 kB
VmallocUsed:       56588 kB
VmallocChunk:      75648 kB
1557682964.688067
MemTotal:        1899508 kB
MemFree:           59728 kB
Buffers:             872 kB
Cached:           177720 kB
SwapCached:            0 kB
Active:          1514420 kB
Inactive:          90040 kB
Active(anon):    1429504 kB
Inactive(anon):     2120 kB
Active(file):      84916 kB
Inactive(file):    87920 kB
Unevictable:        1940 kB
Mlocked:               0 kB
HighTotal:       1158144 kB
HighFree:           2888 kB
LowTotal:         741364 kB
LowFree:           56840 kB
SwapTotal:             0 kB
SwapFree:              0 kB
Dirty:               144 kB
Writeback:             0 kB
AnonPages:       1428100 kB
Mapped:           164976 kB
Shmem:              3480 kB
Slab:              34204 kB
SReclaimable:      12084 kB
SUnreclaim:        22120 kB
KernelStack:        7408 kB
PageTables:        13960 kB
NFS_Unstable:          0 kB
Bounce:                0 kB
WritebackTmp:          0 kB
CommitLimit:      949752 kB
Committed_AS:   15363144 kB
VmallocTotal:     245760 kB
VmallocUsed:       53708 kB
VmallocChunk:      75648 kB
1557682965.430521
MemTotal:        1899508 kB
MemFree:           40296 kB
Buffers:             732 kB
Cached:           163032 kB
SwapCached:            0 kB
Active:          1527000 kB
Inactive:          81608 kB
Active(anon):    1448028 kB
Inactive(anon):     2120 kB
Active(file):      78972 kB
Inactive(file):    79488 kB
Unevictable:        1940 kB
Mlocked:               0 kB
HighTotal:       1158144 kB
HighFree:            512 kB
LowTotal:         741364 kB
LowFree:           39784 kB
SwapTotal:             0 kB
SwapFree:              0 kB
Dirty:                80 kB
Writeback:             0 kB
AnonPages:       1446748 kB
Mapped:           175604 kB
Shmem:              3480 kB
Slab:              34160 kB
SReclaimable:      12084 kB
SUnreclaim:        22076 kB
KernelStack:        7120 kB
PageTables:        13836 kB
NFS_Unstable:          0 kB
Bounce:                0 kB
WritebackTmp:          0 kB
CommitLimit:      949752 kB
Committed_AS:   15379696 kB
VmallocTotal:     245760 kB
VmallocUsed:       53900 kB
VmallocChunk:      75648 kB
1557682966.148717
MemTotal:        1899508 kB
MemFree:           40068 kB
Buffers:             912 kB
Cached:           160424 kB
SwapCached:            0 kB
Active:          1528008 kB
Inactive:          80056 kB
Active(anon):    1450196 kB
Inactive(anon):     2120 kB
Active(file):      77812 kB
Inactive(file):    77936 kB
Unevictable:        1940 kB
Mlocked:               0 kB
HighTotal:       1158144 kB
HighFree:            464 kB
LowTotal:         741364 kB
LowFree:           39604 kB
SwapTotal:             0 kB
SwapFree:              0 kB
Dirty:                44 kB
Writeback:             0 kB
AnonPages:       1449100 kB
Mapped:           172952 kB
Shmem:              3480 kB
Slab:              34080 kB
SReclaimable:      12084 kB
SUnreclaim:        21996 kB
KernelStack:        7208 kB
PageTables:        13920 kB
NFS_Unstable:          0 kB
Bounce:                0 kB
WritebackTmp:          0 kB
CommitLimit:      949752 kB
Committed_AS:   15380984 kB
VmallocTotal:     245760 kB
VmallocUsed:       53900 kB
VmallocChunk:      75648 kB
1557682966.842889
MemTotal:        1899508 kB
MemFree:           39908 kB
Buffers:             904 kB
Cached:           158772 kB
SwapCached:            0 kB
Active:          1531264 kB
Inactive:          78252 kB
Active(anon):    1453360 kB
Inactive(anon):     2120 kB
Active(file):      77904 kB
Inactive(file):    76132 kB
Unevictable:        1940 kB
Mlocked:               0 kB
HighTotal:       1158144 kB
HighFree:            592 kB
LowTotal:         741364 kB
LowFree:           39316 kB
SwapTotal:             0 kB
SwapFree:              0 kB
Dirty:                44 kB
Writeback:             0 kB
AnonPages:       1452016 kB
Mapped:           168784 kB
Shmem:              3480 kB
Slab:              34080 kB
SReclaimable:      12084 kB
SUnreclaim:        21996 kB
KernelStack:        7208 kB
PageTables:        14216 kB
NFS_Unstable:          0 kB
Bounce:                0 kB
WritebackTmp:          0 kB
CommitLimit:      949752 kB
Committed_AS:   16607700 kB
VmallocTotal:     245760 kB
VmallocUsed:       54920 kB
VmallocChunk:      75648 kB
1557682967.541607
MemTotal:        1899508 kB
MemFree:           46580 kB
Buffers:             744 kB
Cached:           132468 kB
SwapCached:            0 kB
Active:          1516416 kB
Inactive:          65752 kB
Active(anon):    1452588 kB
Inactive(anon):     2120 kB
Active(file):      63828 kB
Inactive(file):    63632 kB
Unevictable:        1940 kB
Mlocked:               0 kB
HighTotal:       1158144 kB
HighFree:           6440 kB
LowTotal:         741364 kB
LowFree:           40140 kB
SwapTotal:             0 kB
SwapFree:              0 kB
Dirty:                 0 kB
Writeback:             0 kB
AnonPages:       1451376 kB
Mapped:           162912 kB
Shmem:              3480 kB
Slab:              34080 kB
SReclaimable:      12084 kB
SUnreclaim:        21996 kB
KernelStack:        7304 kB
PageTables:        13556 kB
NFS_Unstable:          0 kB
Bounce:                0 kB
WritebackTmp:          0 kB
CommitLimit:      949752 kB
Committed_AS:   14839972 kB
VmallocTotal:     245760 kB
VmallocUsed:       55304 kB
VmallocChunk:      75648 kB
1557682968.395801
MemTotal:        1899508 kB
MemFree:           59292 kB
Buffers:             856 kB
Cached:           133304 kB
SwapCached:            0 kB
Active:          1484652 kB
Inactive:          63960 kB
Active(anon):    1417864 kB
Inactive(anon):     2272 kB
Active(file):      66788 kB
Inactive(file):    61688 kB
Unevictable:        1940 kB
Mlocked:               0 kB
HighTotal:       1158144 kB
HighFree:          16016 kB
LowTotal:         741364 kB
LowFree:           43276 kB
SwapTotal:             0 kB
SwapFree:              0 kB
Dirty:                 0 kB
Writeback:             0 kB
AnonPages:       1416380 kB
Mapped:           145916 kB
Shmem:              3700 kB
Slab:              34076 kB
SReclaimable:      12084 kB
SUnreclaim:        21992 kB
KernelStack:        6312 kB
PageTables:        11880 kB
NFS_Unstable:          0 kB
Bounce:                0 kB
WritebackTmp:          0 kB
CommitLimit:      949752 kB
Committed_AS:   11759024 kB
VmallocTotal:     245760 kB
VmallocUsed:       49632 kB
VmallocChunk:      75648 kB
1557682969.077939
MemTotal:        1899508 kB
MemFree:           61092 kB
Buffers:             964 kB
Cached:           134480 kB
SwapCached:            0 kB
Active:          1484672 kB
Inactive:          63740 kB
Active(anon):    1416284 kB
Inactive(anon):     2116 kB
Active(file):      68388 kB
Inactive(file):    61624 kB
Unevictable:        1940 kB
Mlocked:               0 kB
HighTotal:       1158144 kB
HighFree:          16428 kB
LowTotal:         741364 kB
LowFree:           44664 kB
SwapTotal:             0 kB
SwapFree:              0 kB
Dirty:                12 kB
Writeback:             0 kB
AnonPages:       1415156 kB
Mapped:           144480 kB
Shmem:              3476 kB
Slab:              34068 kB
SReclaimable:      12084 kB
SUnreclaim:        21984 kB
KernelStack:        6168 kB
PageTables:        11468 kB
NFS_Unstable:          0 kB
Bounce:                0 kB
WritebackTmp:          0 kB
CommitLimit:      949752 kB
Committed_AS:   11193508 kB
VmallocTotal:     245760 kB
VmallocUsed:       48612 kB
VmallocChunk:      75648 kB
1557682969.780187
MemTotal:        1899508 kB
MemFree:           59416 kB
Buffers:             964 kB
Cached:           134332 kB
SwapCached:            0 kB
Active:          1487272 kB
Inactive:          63732 kB
Active(anon):    1419012 kB
Inactive(anon):     2116 kB
Active(file):      68260 kB
Inactive(file):    61616 kB
Unevictable:        1940 kB
Mlocked:               0 kB
HighTotal:       1158144 kB
HighFree:          14536 kB
LowTotal:         741364 kB
LowFree:           44880 kB
SwapTotal:             0 kB
SwapFree:              0 kB
Dirty:                12 kB
Writeback:             0 kB
AnonPages:       1417732 kB
Mapped:           144148 kB
Shmem:              3476 kB
Slab:              34068 kB
SReclaimable:      12084 kB
SUnreclaim:        21984 kB
KernelStack:        6168 kB
PageTables:        11468 kB
NFS_Unstable:          0 kB
Bounce:                0 kB
WritebackTmp:          0 kB
CommitLimit:      949752 kB
Committed_AS:   11194080 kB
VmallocTotal:     245760 kB
VmallocUsed:       48612 kB
VmallocChunk:      75648 kB
1557682970.509671
MemTotal:        1899508 kB
MemFree:           59288 kB
Buffers:             980 kB
Cached:           134420 kB
SwapCached:            0 kB
Active:          1487196 kB
Inactive:          63800 kB
Active(anon):    1418944 kB
Inactive(anon):     2116 kB
Active(file):      68252 kB
Inactive(file):    61684 kB
Unevictable:        1940 kB
Mlocked:               0 kB
HighTotal:       1158144 kB
HighFree:          14500 kB
LowTotal:         741364 kB
LowFree:           44788 kB
SwapTotal:             0 kB
SwapFree:              0 kB
Dirty:                12 kB
Writeback:             0 kB
AnonPages:       1417684 kB
Mapped:           144320 kB
Shmem:              3476 kB
Slab:              34068 kB
SReclaimable:      12084 kB
SUnreclaim:        21984 kB
KernelStack:        6152 kB
PageTables:        11452 kB
NFS_Unstable:          0 kB
Bounce:                0 kB
WritebackTmp:          0 kB
CommitLimit:      949752 kB
Committed_AS:   11194092 kB
VmallocTotal:     245760 kB
VmallocUsed:       48612 kB
VmallocChunk:      75648 kB
1557682971.267415
MemTotal:        1899508 kB
MemFree:           58912 kB
Buffers:             980 kB
Cached:           134436 kB
SwapCached:            0 kB
Active:          1487416 kB
Inactive:          63856 kB
Active(anon):    1419156 kB
Inactive(anon):     2116 kB
Active(file):      68260 kB
Inactive(file):    61740 kB
Unevictable:        1940 kB
Mlocked:               0 kB
HighTotal:       1158144 kB
HighFree:          14264 kB
LowTotal:         741364 kB
LowFree:           44648 kB
SwapTotal:             0 kB
SwapFree:              0 kB
Dirty:                88 kB
Writeback:             0 kB
AnonPages:       1417808 kB
Mapped:           144316 kB
Shmem:              3476 kB
Slab:              34068 kB
SReclaimable:      12084 kB
SUnreclaim:        21984 kB
KernelStack:        6128 kB
PageTables:        11444 kB
NFS_Unstable:          0 kB
Bounce:                0 kB
WritebackTmp:          0 kB
CommitLimit:      949752 kB
Committed_AS:   11194060 kB
VmallocTotal:     245760 kB
VmallocUsed:       48612 kB
VmallocChunk:      75648 kB
1557682972.027009
MemTotal:        1899508 kB
MemFree:           84916 kB
Buffers:             980 kB
Cached:           134768 kB
SwapCached:            0 kB
Active:          1481208 kB
Inactive:          63252 kB
Active(anon):    1411976 kB
Inactive(anon):     2116 kB
Active(file):      69232 kB
Inactive(file):    61136 kB
Unevictable:        1940 kB
Mlocked:               0 kB
HighTotal:       1158144 kB
HighFree:          11168 kB
LowTotal:         741364 kB
LowFree:           73748 kB
SwapTotal:             0 kB
SwapFree:              0 kB
Dirty:                88 kB
Writeback:             0 kB
AnonPages:       1410568 kB
Mapped:           128624 kB
Shmem:              3476 kB
Slab:              34000 kB
SReclaimable:      12084 kB
SUnreclaim:        21916 kB
KernelStack:        6208 kB
PageTables:        11780 kB
NFS_Unstable:          0 kB
Bounce:                0 kB
WritebackTmp:          0 kB
CommitLimit:      949752 kB
Committed_AS:   11789924 kB
VmallocTotal:     245760 kB
VmallocUsed:       51864 kB
VmallocChunk:      75648 kB
1557682972.870689
MemTotal:        1899508 kB
MemFree:           71432 kB
Buffers:             996 kB
Cached:           135304 kB
SwapCached:            0 kB
Active:          1480188 kB
Inactive:          63748 kB
Active(anon):    1410956 kB
Inactive(anon):     2116 kB
Active(file):      69232 kB
Inactive(file):    61632 kB
Unevictable:        1940 kB
Mlocked:               0 kB
HighTotal:       1158144 kB
HighFree:           7312 kB
LowTotal:         741364 kB
LowFree:           64120 kB
SwapTotal:             0 kB
SwapFree:              0 kB
Dirty:                88 kB
Writeback:             0 kB
AnonPages:       1409572 kB
Mapped:           128808 kB
Shmem:              3476 kB
Slab:              34000 kB
SReclaimable:      12084 kB
SUnreclaim:        21916 kB
KernelStack:        6208 kB
PageTables:        12076 kB
NFS_Unstable:          0 kB
Bounce:                0 kB
WritebackTmp:          0 kB
CommitLimit:      949752 kB
Committed_AS:   11808960 kB
VmallocTotal:     245760 kB
VmallocUsed:       51864 kB
VmallocChunk:      75648 kB
1557682973.451785
MemTotal:        1899508 kB
MemFree:           70772 kB
Buffers:             996 kB
Cached:           135980 kB
SwapCached:            0 kB
Active:          1479720 kB
Inactive:          64396 kB
Active(anon):    1410452 kB
Inactive(anon):     2152 kB
Active(file):      69268 kB
Inactive(file):    62244 kB
Unevictable:        1940 kB
Mlocked:               0 kB
HighTotal:       1158144 kB
HighFree:           7092 kB
LowTotal:         741364 kB
LowFree:           63680 kB
SwapTotal:             0 kB
SwapFree:              0 kB
Dirty:                88 kB
Writeback:             0 kB
AnonPages:       1409100 kB
Mapped:           128912 kB
Shmem:              3524 kB
Slab:              34044 kB
SReclaimable:      12084 kB
SUnreclaim:        21960 kB
KernelStack:        6248 kB
PageTables:        12056 kB
NFS_Unstable:          0 kB
Bounce:                0 kB
WritebackTmp:          0 kB
CommitLimit:      949752 kB
Committed_AS:   11808908 kB
VmallocTotal:     245760 kB
VmallocUsed:       51864 kB
VmallocChunk:      75648 kB
1557682974.034356
MemTotal:        1899508 kB
MemFree:           68260 kB
Buffers:            1084 kB
Cached:           136124 kB
SwapCached:            0 kB
Active:          1481616 kB
Inactive:          64616 kB
Active(anon):    1412340 kB
Inactive(anon):     2248 kB
Active(file):      69276 kB
Inactive(file):    62368 kB
Unevictable:        1940 kB
Mlocked:               0 kB
HighTotal:       1158144 kB
HighFree:           5388 kB
LowTotal:         741364 kB
LowFree:           62872 kB
SwapTotal:             0 kB
SwapFree:              0 kB
Dirty:                 4 kB
Writeback:            48 kB
AnonPages:       1410992 kB
Mapped:           129100 kB
Shmem:              3624 kB
Slab:              34076 kB
SReclaimable:      12084 kB
SUnreclaim:        21992 kB
KernelStack:        6272 kB
PageTables:        12344 kB
NFS_Unstable:          0 kB
Bounce:                0 kB
WritebackTmp:          0 kB
CommitLimit:      949752 kB
Committed_AS:   13032080 kB
VmallocTotal:     245760 kB
VmallocUsed:       52884 kB
VmallocChunk:      75648 kB
1557682974.607629
MemTotal:        1899508 kB
MemFree:           43788 kB
Buffers:            1100 kB
Cached:           151252 kB
SwapCached:            0 kB
Active:          1491248 kB
Inactive:          79672 kB
Active(anon):    1421972 kB
Inactive(anon):     2380 kB
Active(file):      69276 kB
Inactive(file):    77292 kB
Unevictable:        1940 kB
Mlocked:               0 kB
HighTotal:       1158144 kB
HighFree:           1772 kB
LowTotal:         741364 kB
LowFree:           42016 kB
SwapTotal:             0 kB
SwapFree:              0 kB
Dirty:                 4 kB
Writeback:             0 kB
AnonPages:       1421040 kB
Mapped:           137260 kB
Shmem:              3764 kB
Slab:              34076 kB
SReclaimable:      12084 kB
SUnreclaim:        21992 kB
KernelStack:        6328 kB
PageTables:        13128 kB
NFS_Unstable:          0 kB
Bounce:                0 kB
WritebackTmp:          0 kB
CommitLimit:      949752 kB
Committed_AS:   15485732 kB
VmallocTotal:     245760 kB
VmallocUsed:       54924 kB
VmallocChunk:      75648 kB
1557682975.181585
MemTotal:        1899508 kB
MemFree:           41780 kB
Buffers:             824 kB
Cached:           151280 kB
SwapCached:            0 kB
Active:          1494556 kB
Inactive:          78264 kB
Active(anon):    1424236 kB
Inactive(anon):     2376 kB
Active(file):      70320 kB
Inactive(file):    75888 kB
Unevictable:        1940 kB
Mlocked:               0 kB
HighTotal:       1158144 kB
HighFree:           1388 kB
LowTotal:         741364 kB
LowFree:           40392 kB
SwapTotal:             0 kB
SwapFree:              0 kB
Dirty:               100 kB
Writeback:             0 kB
AnonPages:       1422800 kB
Mapped:           136980 kB
Shmem:              3836 kB
Slab:              34036 kB
SReclaimable:      12084 kB
SUnreclaim:        21952 kB
KernelStack:        6616 kB
PageTables:        12912 kB
NFS_Unstable:          0 kB
Bounce:                0 kB
WritebackTmp:          0 kB
CommitLimit:      949752 kB
Committed_AS:   13610604 kB
VmallocTotal:     245760 kB
VmallocUsed:       53904 kB
VmallocChunk:      75648 kB
1557682975.745831
MemTotal:        1899508 kB
MemFree:           41792 kB
Buffers:             828 kB
Cached:           150316 kB
SwapCached:            0 kB
Active:          1496380 kB
Inactive:          77220 kB
Active(anon):    1426356 kB
Inactive(anon):     2376 kB
Active(file):      70024 kB
Inactive(file):    74844 kB
Unevictable:        1940 kB
Mlocked:               0 kB
HighTotal:       1158144 kB
HighFree:           1564 kB
LowTotal:         741364 kB
LowFree:           40228 kB
SwapTotal:             0 kB
SwapFree:              0 kB
Dirty:               100 kB
Writeback:             0 kB
AnonPages:       1424536 kB
Mapped:           136388 kB
Shmem:              3836 kB
Slab:              34036 kB
SReclaimable:      12084 kB
SUnreclaim:        21952 kB
KernelStack:        6616 kB
PageTables:        12616 kB
NFS_Unstable:          0 kB
Bounce:                0 kB
WritebackTmp:          0 kB
CommitLimit:      949752 kB
Committed_AS:   13044300 kB
VmallocTotal:     245760 kB
VmallocUsed:       52884 kB
VmallocChunk:      75648 kB
1557682976.313108
MemTotal:        1899508 kB
MemFree:           50500 kB
Buffers:             856 kB
Cached:           147648 kB
SwapCached:            0 kB
Active:          1493416 kB
Inactive:          72052 kB
Active(anon):    1420584 kB
Inactive(anon):     2476 kB
Active(file):      72832 kB
Inactive(file):    69576 kB
Unevictable:        1940 kB
Mlocked:               0 kB
HighTotal:       1158144 kB
HighFree:           3864 kB
LowTotal:         741364 kB
LowFree:           46636 kB
SwapTotal:             0 kB
SwapFree:              0 kB
Dirty:               124 kB
Writeback:             0 kB
AnonPages:       1419044 kB
Mapped:           122856 kB
Shmem:              4004 kB
Slab:              34036 kB
SReclaimable:      12084 kB
SUnreclaim:        21952 kB
KernelStack:        6536 kB
PageTables:        12124 kB
NFS_Unstable:          0 kB
Bounce:                0 kB
WritebackTmp:          0 kB
CommitLimit:      949752 kB
Committed_AS:   11816672 kB
VmallocTotal:     245760 kB
VmallocUsed:       51864 kB
VmallocChunk:      75648 kB
1557682976.882808
MemTotal:        1899508 kB
MemFree:           47904 kB
Buffers:             856 kB
Cached:           147280 kB
SwapCached:            0 kB
Active:          1497628 kB
Inactive:          71632 kB
Active(anon):    1424808 kB
Inactive(anon):     2476 kB
Active(file):      72820 kB
Inactive(file):    69156 kB
Unevictable:        1940 kB
Mlocked:               0 kB
HighTotal:       1158144 kB
HighFree:           1816 kB
LowTotal:         741364 kB
LowFree:           46088 kB
SwapTotal:             0 kB
SwapFree:              0 kB
Dirty:               124 kB
Writeback:             0 kB
AnonPages:       1423024 kB
Mapped:           123040 kB
Shmem:              4004 kB
Slab:              34036 kB
SReclaimable:      12084 kB
SUnreclaim:        21952 kB
KernelStack:        6536 kB
PageTables:        12124 kB
NFS_Unstable:          0 kB
Bounce:                0 kB
WritebackTmp:          0 kB
CommitLimit:      949752 kB
Committed_AS:   11816712 kB
VmallocTotal:     245760 kB
VmallocUsed:       51864 kB
VmallocChunk:      75648 kB
1557682977.449698
MemTotal:        1899508 kB
MemFree:           51608 kB
Buffers:             872 kB
Cached:           146740 kB
SwapCached:            0 kB
Active:          1495680 kB
Inactive:          71156 kB
Active(anon):    1422880 kB
Inactive(anon):     2476 kB
Active(file):      72800 kB
Inactive(file):    68680 kB
Unevictable:        1940 kB
Mlocked:               0 kB
HighTotal:       1158144 kB
HighFree:           2304 kB
LowTotal:         741364 kB
LowFree:           49304 kB
SwapTotal:             0 kB
SwapFree:              0 kB
Dirty:               160 kB
Writeback:             0 kB
AnonPages:       1421192 kB
Mapped:           120684 kB
Shmem:              4028 kB
Slab:              34036 kB
SReclaimable:      12084 kB
SUnreclaim:        21952 kB
KernelStack:        6240 kB
PageTables:        12056 kB
NFS_Unstable:          0 kB
Bounce:                0 kB
WritebackTmp:          0 kB
CommitLimit:      949752 kB
Committed_AS:   11816688 kB
VmallocTotal:     245760 kB
VmallocUsed:       51840 kB
VmallocChunk:      75648 kB
1557682978.017400
MemTotal:        1899508 kB
MemFree:           47816 kB
Buffers:             884 kB
Cached:           146108 kB
SwapCached:            0 kB
Active:          1499596 kB
Inactive:          70660 kB
Active(anon):    1426948 kB
Inactive(anon):     2488 kB
Active(file):      72648 kB
Inactive(file):    68172 kB
Unevictable:        1940 kB
Mlocked:               0 kB
HighTotal:       1158144 kB
HighFree:           1816 kB
LowTotal:         741364 kB
LowFree:           46000 kB
SwapTotal:             0 kB
SwapFree:              0 kB
Dirty:               160 kB
Writeback:             0 kB
AnonPages:       1425480 kB
Mapped:           120720 kB
Shmem:              4040 kB
Slab:              34036 kB
SReclaimable:      12084 kB
SUnreclaim:        21952 kB
KernelStack:        6248 kB
PageTables:        12080 kB
NFS_Unstable:          0 kB
Bounce:                0 kB
WritebackTmp:          0 kB
CommitLimit:      949752 kB
Committed_AS:   11818788 kB
VmallocTotal:     245760 kB
VmallocUsed:       51840 kB
VmallocChunk:      75648 kB
1557682978.596989
MemTotal:        1899508 kB
MemFree:           43468 kB
Buffers:             888 kB
Cached:           145304 kB
SwapCached:            0 kB
Active:          1504256 kB
Inactive:          70388 kB
Active(anon):    1431892 kB
Inactive(anon):     2468 kB
Active(file):      72364 kB
Inactive(file):    67920 kB
Unevictable:        1940 kB
Mlocked:               0 kB
HighTotal:       1158144 kB
HighFree:           1628 kB
LowTotal:         741364 kB
LowFree:           41840 kB
SwapTotal:             0 kB
SwapFree:              0 kB
Dirty:               160 kB
Writeback:             0 kB
AnonPages:       1430256 kB
Mapped:           120108 kB
Shmem:              4040 kB
Slab:              34036 kB
SReclaimable:      12084 kB
SUnreclaim:        21952 kB
KernelStack:        6264 kB
PageTables:        12076 kB
NFS_Unstable:          0 kB
Bounce:                0 kB
WritebackTmp:          0 kB
CommitLimit:      949752 kB
Committed_AS:   11827704 kB
VmallocTotal:     245760 kB
VmallocUsed:       51840 kB
VmallocChunk:      75648 kB
1557682979.167693
MemTotal:        1899508 kB
MemFree:           44172 kB
Buffers:             904 kB
Cached:           144168 kB
SwapCached:            0 kB
Active:          1503772 kB
Inactive:          69628 kB
Active(anon):    1431816 kB
Inactive(anon):     2468 kB
Active(file):      71956 kB
Inactive(file):    67160 kB
Unevictable:        1940 kB
Mlocked:               0 kB
HighTotal:       1158144 kB
HighFree:           1876 kB
LowTotal:         741364 kB
LowFree:           42296 kB
SwapTotal:             0 kB
SwapFree:              0 kB
Dirty:               164 kB
Writeback:             0 kB
AnonPages:       1430416 kB
Mapped:           119992 kB
Shmem:              4040 kB
Slab:              34036 kB
SReclaimable:      12084 kB
SUnreclaim:        21952 kB
KernelStack:        6264 kB
PageTables:        12072 kB
NFS_Unstable:          0 kB
Bounce:                0 kB
WritebackTmp:          0 kB
CommitLimit:      949752 kB
Committed_AS:   11827684 kB
VmallocTotal:     245760 kB
VmallocUsed:       51840 kB
VmallocChunk:      75648 kB
1557682979.739255
MemTotal:        1899508 kB
MemFree:           40884 kB
Buffers:             920 kB
Cached:           143344 kB
SwapCached:            0 kB
Active:          1507892 kB
Inactive:          69052 kB
Active(anon):    1436376 kB
Inactive(anon):     2468 kB
Active(file):      71516 kB
Inactive(file):    66584 kB
Unevictable:        1940 kB
Mlocked:               0 kB
HighTotal:       1158144 kB
HighFree:            764 kB
LowTotal:         741364 kB
LowFree:           40120 kB
SwapTotal:             0 kB
SwapFree:              0 kB
Dirty:               164 kB
Writeback:             0 kB
AnonPages:       1434772 kB
Mapped:           120104 kB
Shmem:              4040 kB
Slab:              34036 kB
SReclaimable:      12084 kB
SUnreclaim:        21952 kB
KernelStack:        6264 kB
PageTables:        12072 kB
NFS_Unstable:          0 kB
Bounce:                0 kB
WritebackTmp:          0 kB
CommitLimit:      949752 kB
Committed_AS:   11836940 kB
VmallocTotal:     245760 kB
VmallocUsed:       51840 kB
VmallocChunk:      75648 kB
1557682980.305940
MemTotal:        1899508 kB
MemFree:           40340 kB
Buffers:             936 kB
Cached:           139572 kB
SwapCached:            0 kB
Active:          1512384 kB
Inactive:          66196 kB
Active(anon):    1441648 kB
Inactive(anon):     2468 kB
Active(file):      70736 kB
Inactive(file):    63728 kB
Unevictable:        1940 kB
Mlocked:               0 kB
HighTotal:       1158144 kB
HighFree:            716 kB
LowTotal:         741364 kB
LowFree:           39624 kB
SwapTotal:             0 kB
SwapFree:              0 kB
Dirty:               164 kB
Writeback:             0 kB
AnonPages:       1440044 kB
Mapped:           118756 kB
Shmem:              4040 kB
Slab:              33972 kB
SReclaimable:      12084 kB
SUnreclaim:        21888 kB
KernelStack:        6256 kB
PageTables:        12092 kB
NFS_Unstable:          0 kB
Bounce:                0 kB
WritebackTmp:          0 kB
CommitLimit:      949752 kB
Committed_AS:   11840732 kB
VmallocTotal:     245760 kB
VmallocUsed:       51840 kB
VmallocChunk:      75648 kB
1557682980.895253
MemTotal:        1899508 kB
MemFree:           41956 kB
Buffers:             912 kB
Cached:           133428 kB
SwapCached:            0 kB
Active:          1514620 kB
Inactive:          63128 kB
Active(anon):    1446988 kB
Inactive(anon):     2468 kB
Active(file):      67632 kB
Inactive(file):    60660 kB
Unevictable:        1940 kB
Mlocked:               0 kB
HighTotal:       1158144 kB
HighFree:           1732 kB
LowTotal:         741364 kB
LowFree:           40224 kB
SwapTotal:             0 kB
SwapFree:              0 kB
Dirty:                16 kB
Writeback:             0 kB
AnonPages:       1445808 kB
Mapped:           114508 kB
Shmem:              4040 kB
Slab:              33972 kB
SReclaimable:      12084 kB
SUnreclaim:        21888 kB
KernelStack:        6256 kB
PageTables:        12092 kB
NFS_Unstable:          0 kB
Bounce:                0 kB
WritebackTmp:          0 kB
CommitLimit:      949752 kB
Committed_AS:   11844000 kB
VmallocTotal:     245760 kB
VmallocUsed:       51840 kB
VmallocChunk:      75648 kB
1557682981.464438
MemTotal:        1899508 kB
MemFree:           42616 kB
Buffers:             908 kB
Cached:           130344 kB
SwapCached:            0 kB
Active:          1515304 kB
Inactive:          62016 kB
Active(anon):    1449800 kB
Inactive(anon):     2468 kB
Active(file):      65504 kB
Inactive(file):    59548 kB
Unevictable:        1940 kB
Mlocked:               0 kB
HighTotal:       1158144 kB
HighFree:           1712 kB
LowTotal:         741364 kB
LowFree:           40904 kB
SwapTotal:             0 kB
SwapFree:              0 kB
Dirty:                52 kB
Writeback:             0 kB
AnonPages:       1448432 kB
Mapped:           112740 kB
Shmem:              4040 kB
Slab:              34004 kB
SReclaimable:      12084 kB
SUnreclaim:        21920 kB
KernelStack:        6256 kB
PageTables:        12112 kB
NFS_Unstable:          0 kB
Bounce:                0 kB
WritebackTmp:          0 kB
CommitLimit:      949752 kB
Committed_AS:   11850136 kB
VmallocTotal:     245760 kB
VmallocUsed:       51840 kB
VmallocChunk:      75648 kB
1557682982.031040
MemTotal:        1899508 kB
MemFree:           40616 kB
Buffers:             912 kB
Cached:           127108 kB
SwapCached:            0 kB
Active:          1519832 kB
Inactive:          60848 kB
Active(anon):    1456076 kB
Inactive(anon):     2468 kB
Active(file):      63756 kB
Inactive(file):    58380 kB
Unevictable:        1940 kB
Mlocked:               0 kB
HighTotal:       1158144 kB
HighFree:            584 kB
LowTotal:         741364 kB
LowFree:           40032 kB
SwapTotal:             0 kB
SwapFree:              0 kB
Dirty:                52 kB
Writeback:             0 kB
AnonPages:       1454864 kB
Mapped:           110784 kB
Shmem:              4040 kB
Slab:              34132 kB
SReclaimable:      12084 kB
SUnreclaim:        22048 kB
KernelStack:        6240 kB
PageTables:        12136 kB
NFS_Unstable:          0 kB
Bounce:                0 kB
WritebackTmp:          0 kB
CommitLimit:      949752 kB
Committed_AS:   11854212 kB
VmallocTotal:     245760 kB
VmallocUsed:       51840 kB
VmallocChunk:      75648 kB
1557682982.598610
MemTotal:        1899508 kB
MemFree:           42940 kB
Buffers:             600 kB
Cached:           122860 kB
SwapCached:            0 kB
Active:          1518592 kB
Inactive:          59376 kB
Active(anon):    1458124 kB
Inactive(anon):     2468 kB
Active(file):      60468 kB
Inactive(file):    56908 kB
Unevictable:        1940 kB
Mlocked:               0 kB
HighTotal:       1158144 kB
HighFree:           1616 kB
LowTotal:         741364 kB
LowFree:           41324 kB
SwapTotal:             0 kB
SwapFree:              0 kB
Dirty:                52 kB
Writeback:             0 kB
AnonPages:       1456524 kB
Mapped:           109228 kB
Shmem:              4040 kB
Slab:              34100 kB
SReclaimable:      12084 kB
SUnreclaim:        22016 kB
KernelStack:        6256 kB
PageTables:        12120 kB
NFS_Unstable:          0 kB
Bounce:                0 kB
WritebackTmp:          0 kB
CommitLimit:      949752 kB
Committed_AS:   11859188 kB
VmallocTotal:     245760 kB
VmallocUsed:       51840 kB
VmallocChunk:      75648 kB
1557682983.164457
MemTotal:        1899508 kB
MemFree:           43828 kB
Buffers:             600 kB
Cached:           116432 kB
SwapCached:            0 kB
Active:          1519024 kB
Inactive:          56980 kB
Active(anon):    1462496 kB
Inactive(anon):     2468 kB
Active(file):      56528 kB
Inactive(file):    54512 kB
Unevictable:        1940 kB
Mlocked:               0 kB
HighTotal:       1158144 kB
HighFree:           1744 kB
LowTotal:         741364 kB
LowFree:           42084 kB
SwapTotal:             0 kB
SwapFree:              0 kB
Dirty:                36 kB
Writeback:             0 kB
AnonPages:       1461028 kB
Mapped:           109028 kB
Shmem:              4040 kB
Slab:              34164 kB
SReclaimable:      12084 kB
SUnreclaim:        22080 kB
KernelStack:        6240 kB
PageTables:        12132 kB
NFS_Unstable:          0 kB
Bounce:                0 kB
WritebackTmp:          0 kB
CommitLimit:      949752 kB
Committed_AS:   11862232 kB
VmallocTotal:     245760 kB
VmallocUsed:       51840 kB
VmallocChunk:      75648 kB
1557682983.741560
MemTotal:        1899508 kB
MemFree:           41484 kB
Buffers:             616 kB
Cached:           115420 kB
SwapCached:            0 kB
Active:          1520688 kB
Inactive:          56900 kB
Active(anon):    1464940 kB
Inactive(anon):     2468 kB
Active(file):      55748 kB
Inactive(file):    54432 kB
Unevictable:        1940 kB
Mlocked:               0 kB
HighTotal:       1158144 kB
HighFree:           1432 kB
LowTotal:         741364 kB
LowFree:           40052 kB
SwapTotal:             0 kB
SwapFree:              0 kB
Dirty:                36 kB
Writeback:             0 kB
AnonPages:       1463688 kB
Mapped:           109028 kB
Shmem:              4040 kB
Slab:              34164 kB
SReclaimable:      12084 kB
SUnreclaim:        22080 kB
KernelStack:        6240 kB
PageTables:        12132 kB
NFS_Unstable:          0 kB
Bounce:                0 kB
WritebackTmp:          0 kB
CommitLimit:      949752 kB
Committed_AS:   11862240 kB
VmallocTotal:     245760 kB
VmallocUsed:       51840 kB
VmallocChunk:      75648 kB
1557682984.310496
MemTotal:        1899508 kB
MemFree:           47552 kB
Buffers:             632 kB
Cached:           115880 kB
SwapCached:            0 kB
Active:          1514744 kB
Inactive:          58840 kB
Active(anon):    1460516 kB
Inactive(anon):     2468 kB
Active(file):      54228 kB
Inactive(file):    56372 kB
Unevictable:        1940 kB
Mlocked:               0 kB
HighTotal:       1158144 kB
HighFree:           5380 kB
LowTotal:         741364 kB
LowFree:           42172 kB
SwapTotal:             0 kB
SwapFree:              0 kB
Dirty:                36 kB
Writeback:             0 kB
AnonPages:       1458752 kB
Mapped:           109428 kB
Shmem:              4040 kB
Slab:              34036 kB
SReclaimable:      12084 kB
SUnreclaim:        21952 kB
KernelStack:        6176 kB
PageTables:        11264 kB
NFS_Unstable:          0 kB
Bounce:                0 kB
WritebackTmp:          0 kB
CommitLimit:      949752 kB
Committed_AS:   10725952 kB
VmallocTotal:     245760 kB
VmallocUsed:       49800 kB
VmallocChunk:      75648 kB
1557682984.875175
MemTotal:        1899508 kB
MemFree:           43096 kB
Buffers:             648 kB
Cached:           115052 kB
SwapCached:            0 kB
Active:          1518888 kB
Inactive:          57936 kB
Active(anon):    1464660 kB
Inactive(anon):     2468 kB
Active(file):      54228 kB
Inactive(file):    55468 kB
Unevictable:        1940 kB
Mlocked:               0 kB
HighTotal:       1158144 kB
HighFree:           2344 kB
LowTotal:         741364 kB
LowFree:           40752 kB
SwapTotal:             0 kB
SwapFree:              0 kB
Dirty:                36 kB
Writeback:             0 kB
AnonPages:       1463428 kB
Mapped:           109428 kB
Shmem:              4040 kB
Slab:              35088 kB
SReclaimable:      12084 kB
SUnreclaim:        23004 kB
KernelStack:        6176 kB
PageTables:        11264 kB
NFS_Unstable:          0 kB
Bounce:                0 kB
WritebackTmp:          0 kB
CommitLimit:      949752 kB
Committed_AS:   10728588 kB
VmallocTotal:     245760 kB
VmallocUsed:       49800 kB
VmallocChunk:      75648 kB
1557682985.438117
MemTotal:        1899508 kB
MemFree:           42632 kB
Buffers:             668 kB
Cached:           110468 kB
SwapCached:            0 kB
Active:          1524236 kB
Inactive:          53864 kB
Active(anon):    1470908 kB
Inactive(anon):     2464 kB
Active(file):      53328 kB
Inactive(file):    51400 kB
Unevictable:        1940 kB
Mlocked:               0 kB
HighTotal:       1158144 kB
HighFree:           1820 kB
LowTotal:         741364 kB
LowFree:           40812 kB
SwapTotal:             0 kB
SwapFree:              0 kB
Dirty:                40 kB
Writeback:             0 kB
AnonPages:       1469216 kB
Mapped:           110048 kB
Shmem:              4036 kB
Slab:              34188 kB
SReclaimable:      12084 kB
SUnreclaim:        22104 kB
KernelStack:        6048 kB
PageTables:        11716 kB
NFS_Unstable:          0 kB
Bounce:                0 kB
WritebackTmp:          0 kB
CommitLimit:      949752 kB
Committed_AS:   11298156 kB
VmallocTotal:     245760 kB
VmallocUsed:       50820 kB
VmallocChunk:      75648 kB
1557682986.012092
MemTotal:        1899508 kB
MemFree:           40820 kB
Buffers:             552 kB
Cached:           110740 kB
SwapCached:            0 kB
Active:          1526984 kB
Inactive:          54876 kB
Active(anon):    1474436 kB
Inactive(anon):     2464 kB
Active(file):      52548 kB
Inactive(file):    52412 kB
Unevictable:        1940 kB
Mlocked:               0 kB
HighTotal:       1158144 kB
HighFree:            848 kB
LowTotal:         741364 kB
LowFree:           39972 kB
SwapTotal:             0 kB
SwapFree:              0 kB
Dirty:                 0 kB
Writeback:            24 kB
AnonPages:       1472936 kB
Mapped:           110776 kB
Shmem:              4036 kB
Slab:              34124 kB
SReclaimable:      12084 kB
SUnreclaim:        22040 kB
KernelStack:        6072 kB
PageTables:        11824 kB
NFS_Unstable:          0 kB
Bounce:                0 kB
WritebackTmp:          0 kB
CommitLimit:      949752 kB
Committed_AS:   11307612 kB
VmallocTotal:     245760 kB
VmallocUsed:       50820 kB
VmallocChunk:      75648 kB
1557682986.578742
MemTotal:        1899508 kB
MemFree:           43536 kB
Buffers:             376 kB
Cached:           108600 kB
SwapCached:            0 kB
Active:          1529004 kB
Inactive:          48636 kB
Active(anon):    1472292 kB
Inactive(anon):     2464 kB
Active(file):      56712 kB
Inactive(file):    46172 kB
Unevictable:        1940 kB
Mlocked:               0 kB
HighTotal:       1158144 kB
HighFree:           1476 kB
LowTotal:         741364 kB
LowFree:           42060 kB
SwapTotal:             0 kB
SwapFree:              0 kB
Dirty:                 0 kB
Writeback:             0 kB
AnonPages:       1470824 kB
Mapped:           101344 kB
Shmem:              4036 kB
Slab:              34060 kB
SReclaimable:      12084 kB
SUnreclaim:        21976 kB
KernelStack:        6128 kB
PageTables:        11440 kB
NFS_Unstable:          0 kB
Bounce:                0 kB
WritebackTmp:          0 kB
CommitLimit:      949752 kB
Committed_AS:   10739916 kB
VmallocTotal:     245760 kB
VmallocUsed:       49800 kB
VmallocChunk:      75648 kB
1557682987.145480
MemTotal:        1899508 kB
MemFree:           43348 kB
Buffers:             372 kB
Cached:           108880 kB
SwapCached:            0 kB
Active:          1528868 kB
Inactive:          49368 kB
Active(anon):    1472408 kB
Inactive(anon):     2464 kB
Active(file):      56460 kB
Inactive(file):    46904 kB
Unevictable:        1940 kB
Mlocked:               0 kB
HighTotal:       1158144 kB
HighFree:           1984 kB
LowTotal:         741364 kB
LowFree:           41364 kB
SwapTotal:             0 kB
SwapFree:              0 kB
Dirty:                 0 kB
Writeback:             0 kB
AnonPages:       1470824 kB
Mapped:           101096 kB
Shmem:              4036 kB
Slab:              34060 kB
SReclaimable:      12084 kB
SUnreclaim:        21976 kB
KernelStack:        6064 kB
PageTables:        11348 kB
NFS_Unstable:          0 kB
Bounce:                0 kB
WritebackTmp:          0 kB
CommitLimit:      949752 kB
Committed_AS:   10740488 kB
VmallocTotal:     245760 kB
VmallocUsed:       49800 kB
VmallocChunk:      75648 kB
1557682987.716210
MemTotal:        1899508 kB
MemFree:           60968 kB
Buffers:             360 kB
Cached:           109996 kB
SwapCached:            0 kB
Active:          1510272 kB
Inactive:          50092 kB
Active(anon):    1454236 kB
Inactive(anon):     2564 kB
Active(file):      56036 kB
Inactive(file):    47528 kB
Unevictable:        1940 kB
Mlocked:               0 kB
HighTotal:       1158144 kB
HighFree:          11896 kB
LowTotal:         741364 kB
LowFree:           49072 kB
SwapTotal:             0 kB
SwapFree:              0 kB
Dirty:                 0 kB
Writeback:             0 kB
AnonPages:       1452600 kB
Mapped:           105412 kB
Shmem:              4368 kB
Slab:              34060 kB
SReclaimable:      12084 kB
SUnreclaim:        21976 kB
KernelStack:        6064 kB
PageTables:        11644 kB
NFS_Unstable:          0 kB
Bounce:                0 kB
WritebackTmp:          0 kB
CommitLimit:      949752 kB
Committed_AS:   11309108 kB
VmallocTotal:     245760 kB
VmallocUsed:       50820 kB
VmallocChunk:      75648 kB
1557682988.286389
MemTotal:        1899508 kB
MemFree:           48356 kB
Buffers:             720 kB
Cached:           118572 kB
SwapCached:            0 kB
Active:          1514304 kB
Inactive:          59384 kB
Active(anon):    1458204 kB
Inactive(anon):     2944 kB
Active(file):      56100 kB
Inactive(file):    56440 kB
Unevictable:        1940 kB
Mlocked:               0 kB
HighTotal:       1158144 kB
HighFree:           1816 kB
LowTotal:         741364 kB
LowFree:           46540 kB
SwapTotal:             0 kB
SwapFree:              0 kB
Dirty:                72 kB
Writeback:             0 kB
AnonPages:       1456516 kB
Mapped:           108236 kB
Shmem:              4612 kB
Slab:              34060 kB
SReclaimable:      12084 kB
SUnreclaim:        21976 kB
KernelStack:        6208 kB
PageTables:        12060 kB
NFS_Unstable:          0 kB
Bounce:                0 kB
WritebackTmp:          0 kB
CommitLimit:      949752 kB
Committed_AS:   11880840 kB
VmallocTotal:     245760 kB
VmallocUsed:       51840 kB
VmallocChunk:      75648 kB
1557682988.855499
MemTotal:        1899508 kB
MemFree:           40536 kB
Buffers:             712 kB
Cached:           119508 kB
SwapCached:            0 kB
Active:          1522784 kB
Inactive:          58156 kB
Active(anon):    1464668 kB
Inactive(anon):     2944 kB
Active(file):      58116 kB
Inactive(file):    55212 kB
Unevictable:        1940 kB
Mlocked:               0 kB
HighTotal:       1158144 kB
HighFree:            456 kB
LowTotal:         741364 kB
LowFree:           40080 kB
SwapTotal:             0 kB
SwapFree:              0 kB
Dirty:                72 kB
Writeback:             0 kB
AnonPages:       1463168 kB
Mapped:           110080 kB
Shmem:              4612 kB
Slab:              34060 kB
SReclaimable:      12084 kB
SUnreclaim:        21976 kB
KernelStack:        6208 kB
PageTables:        12504 kB
NFS_Unstable:          0 kB
Bounce:                0 kB
WritebackTmp:          0 kB
CommitLimit:      949752 kB
Committed_AS:   12451032 kB
VmallocTotal:     245760 kB
VmallocUsed:       52860 kB
VmallocChunk:      75648 kB
1557682989.433446
MemTotal:        1899508 kB
MemFree:           40628 kB
Buffers:             724 kB
Cached:           118872 kB
SwapCached:            0 kB
Active:          1522488 kB
Inactive:          60352 kB
Active(anon):    1467048 kB
Inactive(anon):     2948 kB
Active(file):      55440 kB
Inactive(file):    57404 kB
Unevictable:        1940 kB
Mlocked:               0 kB
HighTotal:       1158144 kB
HighFree:            676 kB
LowTotal:         741364 kB
LowFree:           39952 kB
SwapTotal:             0 kB
SwapFree:              0 kB
Dirty:                 0 kB
Writeback:             0 kB
AnonPages:       1465620 kB
Mapped:           112400 kB
Shmem:              4616 kB
Slab:              34060 kB
SReclaimable:      12084 kB
SUnreclaim:        21976 kB
KernelStack:        6296 kB
PageTables:        12572 kB
NFS_Unstable:          0 kB
Bounce:                0 kB
WritebackTmp:          0 kB
CommitLimit:      949752 kB
Committed_AS:   12451456 kB
VmallocTotal:     245760 kB
VmallocUsed:       52860 kB
VmallocChunk:      75648 kB
1557682990.007775
MemTotal:        1899508 kB
MemFree:           45520 kB
Buffers:             832 kB
Cached:           115744 kB
SwapCached:            0 kB
Active:          1518732 kB
Inactive:          58020 kB
Active(anon):    1463932 kB
Inactive(anon):     2944 kB
Active(file):      54800 kB
Inactive(file):    55076 kB
Unevictable:        1940 kB
Mlocked:               0 kB
HighTotal:       1158144 kB
HighFree:           1820 kB
LowTotal:         741364 kB
LowFree:           43700 kB
SwapTotal:             0 kB
SwapFree:              0 kB
Dirty:                 0 kB
Writeback:            96 kB
AnonPages:       1462512 kB
Mapped:           105196 kB
Shmem:              4612 kB
Slab:              34028 kB
SReclaimable:      12084 kB
SUnreclaim:        21944 kB
KernelStack:        6224 kB
PageTables:        12108 kB
NFS_Unstable:          0 kB
Bounce:                0 kB
WritebackTmp:          0 kB
CommitLimit:      949752 kB
Committed_AS:   11879392 kB
VmallocTotal:     245760 kB
VmallocUsed:       51840 kB
VmallocChunk:      75648 kB
1557682990.582713
MemTotal:        1899508 kB
MemFree:           48868 kB
Buffers:             492 kB
Cached:           112252 kB
SwapCached:            0 kB
Active:          1516520 kB
Inactive:          56040 kB
Active(anon):    1463840 kB
Inactive(anon):     2944 kB
Active(file):      52680 kB
Inactive(file):    53096 kB
Unevictable:        1940 kB
Mlocked:               0 kB
HighTotal:       1158144 kB
HighFree:           2320 kB
LowTotal:         741364 kB
LowFree:           46548 kB
SwapTotal:             0 kB
SwapFree:              0 kB
Dirty:                 8 kB
Writeback:             0 kB
AnonPages:       1462268 kB
Mapped:           108868 kB
Shmem:              4612 kB
Slab:              34060 kB
SReclaimable:      12084 kB
SUnreclaim:        21976 kB
KernelStack:        6216 kB
PageTables:        12156 kB
NFS_Unstable:          0 kB
Bounce:                0 kB
WritebackTmp:          0 kB
CommitLimit:      949752 kB
Committed_AS:   11880256 kB
VmallocTotal:     245760 kB
VmallocUsed:       51840 kB
VmallocChunk:      75648 kB
1557682991.153554
MemTotal:        1899508 kB
MemFree:           40048 kB
Buffers:             492 kB
Cached:           115944 kB
SwapCached:            0 kB
Active:          1523488 kB
Inactive:          59004 kB
Active(anon):    1470024 kB
Inactive(anon):     2944 kB
Active(file):      53464 kB
Inactive(file):    56060 kB
Unevictable:        1940 kB
Mlocked:               0 kB
HighTotal:       1158144 kB
HighFree:            436 kB
LowTotal:         741364 kB
LowFree:           39612 kB
SwapTotal:             0 kB
SwapFree:              0 kB
Dirty:                32 kB
Writeback:             4 kB
AnonPages:       1468636 kB
Mapped:           111352 kB
Shmem:              4612 kB
Slab:              34060 kB
SReclaimable:      12084 kB
SUnreclaim:        21976 kB
KernelStack:        6336 kB
PageTables:        12604 kB
NFS_Unstable:          0 kB
Bounce:                0 kB
WritebackTmp:          0 kB
CommitLimit:      949752 kB
Committed_AS:   12450500 kB
VmallocTotal:     245760 kB
VmallocUsed:       52860 kB
VmallocChunk:      75648 kB
1557682991.721627
MemTotal:        1899508 kB
MemFree:           49036 kB
Buffers:             452 kB
Cached:           118672 kB
SwapCached:            0 kB
Active:          1514352 kB
Inactive:          59276 kB
Active(anon):    1458048 kB
Inactive(anon):     2944 kB
Active(file):      56304 kB
Inactive(file):    56332 kB
Unevictable:        1940 kB
Mlocked:               0 kB
HighTotal:       1158144 kB
HighFree:           2876 kB
LowTotal:         741364 kB
LowFree:           46160 kB
SwapTotal:             0 kB
SwapFree:              0 kB
Dirty:                32 kB
Writeback:             4 kB
AnonPages:       1456460 kB
Mapped:            93716 kB
Shmem:              4612 kB
Slab:              34060 kB
SReclaimable:      12084 kB
SUnreclaim:        21976 kB
KernelStack:        6136 kB
PageTables:        11420 kB
NFS_Unstable:          0 kB
Bounce:                0 kB
WritebackTmp:          0 kB
CommitLimit:      949752 kB
Committed_AS:   10742448 kB
VmallocTotal:     245760 kB
VmallocUsed:       49800 kB
VmallocChunk:      75648 kB
1557682992.289478
MemTotal:        1899508 kB
MemFree:           49980 kB
Buffers:             452 kB
Cached:           117668 kB
SwapCached:            0 kB
Active:          1513800 kB
Inactive:          58776 kB
Active(anon):    1457804 kB
Inactive(anon):     2944 kB
Active(file):      55996 kB
Inactive(file):    55832 kB
Unevictable:        1940 kB
Mlocked:               0 kB
HighTotal:       1158144 kB
HighFree:           3512 kB
LowTotal:         741364 kB
LowFree:           46468 kB
SwapTotal:             0 kB
SwapFree:              0 kB
Dirty:                 0 kB
Writeback:             0 kB
AnonPages:       1456384 kB
Mapped:            93880 kB
Shmem:              4612 kB
Slab:              34052 kB
SReclaimable:      12084 kB
SUnreclaim:        21968 kB
KernelStack:        6048 kB
PageTables:        11324 kB
NFS_Unstable:          0 kB
Bounce:                0 kB
WritebackTmp:          0 kB
CommitLimit:      949752 kB
Committed_AS:   10742332 kB
VmallocTotal:     245760 kB
VmallocUsed:       49800 kB
VmallocChunk:      75648 kB
1557682992.861368
MemTotal:        1899508 kB
MemFree:           47176 kB
Buffers:             464 kB
Cached:           115444 kB
SwapCached:            0 kB
Active:          1517304 kB
Inactive:          57592 kB
Active(anon):    1462872 kB
Inactive(anon):     2944 kB
Active(file):      54432 kB
Inactive(file):    54648 kB
Unevictable:        1940 kB
Mlocked:               0 kB
HighTotal:       1158144 kB
HighFree:           1616 kB
LowTotal:         741364 kB
LowFree:           45560 kB
SwapTotal:             0 kB
SwapFree:              0 kB
Dirty:                 0 kB
Writeback:             0 kB
AnonPages:       1461284 kB
Mapped:            97496 kB
Shmem:              4612 kB
Slab:              34052 kB
SReclaimable:      12084 kB
SUnreclaim:        21968 kB
KernelStack:        6048 kB
PageTables:        11620 kB
NFS_Unstable:          0 kB
Bounce:                0 kB
WritebackTmp:          0 kB
CommitLimit:      949752 kB
Committed_AS:   11311284 kB
VmallocTotal:     245760 kB
VmallocUsed:       50820 kB
VmallocChunk:      75648 kB
1557682993.441036
MemTotal:        1899508 kB
MemFree:           40376 kB
Buffers:             464 kB
Cached:           116172 kB
SwapCached:            0 kB
Active:          1524492 kB
Inactive:          57704 kB
Active(anon):    1469120 kB
Inactive(anon):     2944 kB
Active(file):      55372 kB
Inactive(file):    54760 kB
Unevictable:        1940 kB
Mlocked:               0 kB
HighTotal:       1158144 kB
HighFree:            452 kB
LowTotal:         741364 kB
LowFree:           39924 kB
SwapTotal:             0 kB
SwapFree:              0 kB
Dirty:                80 kB
Writeback:             0 kB
AnonPages:       1467556 kB
Mapped:            94348 kB
Shmem:              4612 kB
Slab:              34052 kB
SReclaimable:      12084 kB
SUnreclaim:        21968 kB
KernelStack:        6232 kB
PageTables:        12108 kB
NFS_Unstable:          0 kB
Bounce:                0 kB
WritebackTmp:          0 kB
CommitLimit:      949752 kB
Committed_AS:   11883560 kB
VmallocTotal:     245760 kB
VmallocUsed:       51840 kB
VmallocChunk:      75648 kB
1557682994.019193
MemTotal:        1899508 kB
MemFree:           44700 kB
Buffers:             404 kB
Cached:           114392 kB
SwapCached:            0 kB
Active:          1523252 kB
Inactive:          54168 kB
Active(anon):    1466400 kB
Inactive(anon):     2936 kB
Active(file):      56852 kB
Inactive(file):    51232 kB
Unevictable:        1940 kB
Mlocked:               0 kB
HighTotal:       1158144 kB
HighFree:           1956 kB
LowTotal:         741364 kB
LowFree:           42744 kB
SwapTotal:             0 kB
SwapFree:              0 kB
Dirty:                80 kB
Writeback:             0 kB
AnonPages:       1464984 kB
Mapped:            90680 kB
Shmem:              4612 kB
Slab:              34116 kB
SReclaimable:      12084 kB
SUnreclaim:        22032 kB
KernelStack:        6176 kB
PageTables:        11700 kB
NFS_Unstable:          0 kB
Bounce:                0 kB
WritebackTmp:          0 kB
CommitLimit:      949752 kB
Committed_AS:   11311100 kB
VmallocTotal:     245760 kB
VmallocUsed:       50820 kB
VmallocChunk:      75648 kB
1557682994.591465
MemTotal:        1899508 kB
MemFree:           47032 kB
Buffers:             396 kB
Cached:           115004 kB
SwapCached:            0 kB
Active:          1521952 kB
Inactive:          54312 kB
Active(anon):    1464168 kB
Inactive(anon):     2936 kB
Active(file):      57784 kB
Inactive(file):    51376 kB
Unevictable:        1940 kB
Mlocked:               0 kB
HighTotal:       1158144 kB
HighFree:           3696 kB
LowTotal:         741364 kB
LowFree:           43336 kB
SwapTotal:             0 kB
SwapFree:              0 kB
Dirty:                72 kB
Writeback:             0 kB
AnonPages:       1462464 kB
Mapped:            87108 kB
Shmem:              4612 kB
Slab:              34052 kB
SReclaimable:      12084 kB
SUnreclaim:        21968 kB
KernelStack:        6128 kB
PageTables:        11236 kB
NFS_Unstable:          0 kB
Bounce:                0 kB
WritebackTmp:          0 kB
CommitLimit:      949752 kB
Committed_AS:   10742936 kB
VmallocTotal:     245760 kB
VmallocUsed:       49800 kB
VmallocChunk:      75648 kB
1557682995.161962
MemTotal:        1899508 kB
MemFree:           44340 kB
Buffers:             384 kB
Cached:           115356 kB
SwapCached:            0 kB
Active:          1524180 kB
Inactive:          54892 kB
Active(anon):    1466992 kB
Inactive(anon):     2936 kB
Active(file):      57188 kB
Inactive(file):    51956 kB
Unevictable:        1940 kB
Mlocked:               0 kB
HighTotal:       1158144 kB
HighFree:           1672 kB
LowTotal:         741364 kB
LowFree:           42668 kB
SwapTotal:             0 kB
SwapFree:              0 kB
Dirty:               104 kB
Writeback:             0 kB
AnonPages:       1465528 kB
Mapped:            91916 kB
Shmem:              4612 kB
Slab:              34052 kB
SReclaimable:      12084 kB
SUnreclaim:        21968 kB
KernelStack:        6128 kB
PageTables:        11696 kB
NFS_Unstable:          0 kB
Bounce:                0 kB
WritebackTmp:          0 kB
CommitLimit:      949752 kB
Committed_AS:   11311204 kB
VmallocTotal:     245760 kB
VmallocUsed:       50820 kB
VmallocChunk:      75648 kB
1557682995.735426
MemTotal:        1899508 kB
MemFree:           46612 kB
Buffers:             308 kB
Cached:           114552 kB
SwapCached:            0 kB
Active:          1522840 kB
Inactive:          53200 kB
Active(anon):    1465156 kB
Inactive(anon):     2936 kB
Active(file):      57684 kB
Inactive(file):    50264 kB
Unevictable:        1940 kB
Mlocked:               0 kB
HighTotal:       1158144 kB
HighFree:           4300 kB
LowTotal:         741364 kB
LowFree:           42312 kB
SwapTotal:             0 kB
SwapFree:              0 kB
Dirty:               104 kB
Writeback:             0 kB
AnonPages:       1463428 kB
Mapped:            90700 kB
Shmem:              4612 kB
Slab:              34052 kB
SReclaimable:      12084 kB
SUnreclaim:        21968 kB
KernelStack:        6128 kB
PageTables:        11252 kB
NFS_Unstable:          0 kB
Bounce:                0 kB
WritebackTmp:          0 kB
CommitLimit:      949752 kB
Committed_AS:   10743680 kB
VmallocTotal:     245760 kB
VmallocUsed:       49800 kB
VmallocChunk:      75648 kB
1557682996.306623
MemTotal:        1899508 kB
MemFree:           47160 kB
Buffers:             308 kB
Cached:           113724 kB
SwapCached:            0 kB
Active:          1522256 kB
Inactive:          53292 kB
Active(anon):    1465172 kB
Inactive(anon):     2936 kB
Active(file):      57084 kB
Inactive(file):    50356 kB
Unevictable:        1940 kB
Mlocked:               0 kB
HighTotal:       1158144 kB
HighFree:           4248 kB
LowTotal:         741364 kB
LowFree:           42912 kB
SwapTotal:             0 kB
SwapFree:              0 kB
Dirty:               152 kB
Writeback:             0 kB
AnonPages:       1463624 kB
Mapped:            90496 kB
Shmem:              4612 kB
Slab:              34052 kB
SReclaimable:      12084 kB
SUnreclaim:        21968 kB
KernelStack:        6048 kB
PageTables:        11328 kB
NFS_Unstable:          0 kB
Bounce:                0 kB
WritebackTmp:          0 kB
CommitLimit:      949752 kB
Committed_AS:   10743724 kB
VmallocTotal:     245760 kB
VmallocUsed:       49800 kB
VmallocChunk:      75648 kB
1557682996.882961
MemTotal:        1899508 kB
MemFree:           44212 kB
Buffers:             316 kB
Cached:           112720 kB
SwapCached:            0 kB
Active:          1526080 kB
Inactive:          52784 kB
Active(anon):    1469368 kB
Inactive(anon):     2936 kB
Active(file):      56712 kB
Inactive(file):    49848 kB
Unevictable:        1940 kB
Mlocked:               0 kB
HighTotal:       1158144 kB
HighFree:           1652 kB
LowTotal:         741364 kB
LowFree:           42560 kB
SwapTotal:             0 kB
SwapFree:              0 kB
Dirty:               152 kB
Writeback:             0 kB
AnonPages:       1467860 kB
Mapped:            94776 kB
Shmem:              4612 kB
Slab:              34052 kB
SReclaimable:      12084 kB
SUnreclaim:        21968 kB
KernelStack:        6048 kB
PageTables:        11624 kB
NFS_Unstable:          0 kB
Bounce:                0 kB
WritebackTmp:          0 kB
CommitLimit:      949752 kB
Committed_AS:   11312348 kB
VmallocTotal:     245760 kB
VmallocUsed:       50820 kB
VmallocChunk:      75648 kB
1557682997.449328
MemTotal:        1899508 kB
MemFree:           46208 kB
Buffers:             356 kB
Cached:           111716 kB
SwapCached:            0 kB
Active:          1527724 kB
Inactive:          49176 kB
Active(anon):    1468240 kB
Inactive(anon):     2936 kB
Active(file):      59484 kB
Inactive(file):    46240 kB
Unevictable:        1940 kB
Mlocked:               0 kB
HighTotal:       1158144 kB
HighFree:           3572 kB
LowTotal:         741364 kB
LowFree:           42636 kB
SwapTotal:             0 kB
SwapFree:              0 kB
Dirty:               180 kB
Writeback:             0 kB
AnonPages:       1466508 kB
Mapped:            90520 kB
Shmem:              4612 kB
Slab:              34052 kB
SReclaimable:      12084 kB
SUnreclaim:        21968 kB
KernelStack:        6216 kB
PageTables:        11384 kB
NFS_Unstable:          0 kB
Bounce:                0 kB
WritebackTmp:          0 kB
CommitLimit:      949752 kB
Committed_AS:   10739572 kB
VmallocTotal:     245760 kB
VmallocUsed:       49800 kB
VmallocChunk:      75648 kB
1557682998.019249
MemTotal:        1899508 kB
MemFree:           43404 kB
Buffers:             356 kB
Cached:           111588 kB
SwapCached:            0 kB
Active:          1529320 kB
Inactive:          49392 kB
Active(anon):    1470376 kB
Inactive(anon):     2936 kB
Active(file):      58944 kB
Inactive(file):    46456 kB
Unevictable:        1940 kB
Mlocked:               0 kB
HighTotal:       1158144 kB
HighFree:           2884 kB
LowTotal:         741364 kB
LowFree:           40520 kB
SwapTotal:             0 kB
SwapFree:              0 kB
Dirty:               180 kB
Writeback:            20 kB
AnonPages:       1468644 kB
Mapped:            90352 kB
Shmem:              4612 kB
Slab:              34180 kB
SReclaimable:      12084 kB
SUnreclaim:        22096 kB
KernelStack:        6168 kB
PageTables:        11220 kB
NFS_Unstable:          0 kB
Bounce:                0 kB
WritebackTmp:          0 kB
CommitLimit:      949752 kB
Committed_AS:   10739560 kB
VmallocTotal:     245760 kB
VmallocUsed:       49800 kB
VmallocChunk:      75648 kB
1557682998.588943
MemTotal:        1899508 kB
MemFree:           45052 kB
Buffers:             364 kB
Cached:           110944 kB
SwapCached:            0 kB
Active:          1529060 kB
Inactive:          48144 kB
Active(anon):    1469600 kB
Inactive(anon):     2912 kB
Active(file):      59460 kB
Inactive(file):    45232 kB
Unevictable:        1940 kB
Mlocked:               0 kB
HighTotal:       1158144 kB
HighFree:           3588 kB
LowTotal:         741364 kB
LowFree:           41464 kB
SwapTotal:             0 kB
SwapFree:              0 kB
Dirty:               180 kB
Writeback:             0 kB
AnonPages:       1467520 kB
Mapped:            90360 kB
Shmem:              4612 kB
Slab:              34176 kB
SReclaimable:      12084 kB
SUnreclaim:        22092 kB
KernelStack:        6032 kB
PageTables:        11300 kB
NFS_Unstable:          0 kB
Bounce:                0 kB
WritebackTmp:          0 kB
CommitLimit:      949752 kB
Committed_AS:   10739968 kB
VmallocTotal:     245760 kB
VmallocUsed:       49800 kB
VmallocChunk:      75648 kB
1557682999.152307
MemTotal:        1899508 kB
MemFree:           45804 kB
Buffers:             364 kB
Cached:           110340 kB
SwapCached:            0 kB
Active:          1528392 kB
Inactive:          48140 kB
Active(anon):    1469468 kB
Inactive(anon):     2912 kB
Active(file):      58924 kB
Inactive(file):    45228 kB
Unevictable:        1940 kB
Mlocked:               0 kB
HighTotal:       1158144 kB
HighFree:           4316 kB
LowTotal:         741364 kB
LowFree:           41488 kB
SwapTotal:             0 kB
SwapFree:              0 kB
Dirty:                80 kB
Writeback:             0 kB
AnonPages:       1467816 kB
Mapped:            89896 kB
Shmem:              4612 kB
Slab:              34176 kB
SReclaimable:      12084 kB
SUnreclaim:        22092 kB
KernelStack:        6064 kB
PageTables:        11344 kB
NFS_Unstable:          0 kB
Bounce:                0 kB
WritebackTmp:          0 kB
CommitLimit:      949752 kB
Committed_AS:   10739912 kB
VmallocTotal:     245760 kB
VmallocUsed:       49800 kB
VmallocChunk:      75648 kB
1557682999.721863
MemTotal:        1899508 kB
MemFree:           46180 kB
Buffers:             364 kB
Cached:           107608 kB
SwapCached:            0 kB
Active:          1528224 kB
Inactive:          47968 kB
Active(anon):    1471700 kB
Inactive(anon):     2912 kB
Active(file):      56524 kB
Inactive(file):    45056 kB
Unevictable:        1940 kB
Mlocked:               0 kB
HighTotal:       1158144 kB
HighFree:           3512 kB
LowTotal:         741364 kB
LowFree:           42668 kB
SwapTotal:             0 kB
SwapFree:              0 kB
Dirty:                80 kB
Writeback:             0 kB
AnonPages:       1470392 kB
Mapped:            90892 kB
Shmem:              4612 kB
Slab:              34176 kB
SReclaimable:      12084 kB
SUnreclaim:        22092 kB
KernelStack:        6064 kB
PageTables:        11640 kB
NFS_Unstable:          0 kB
Bounce:                0 kB
WritebackTmp:          0 kB
CommitLimit:      949752 kB
Committed_AS:   11308132 kB
VmallocTotal:     245760 kB
VmallocUsed:       50820 kB
VmallocChunk:      75648 kB
1557683000.299641
MemTotal:        1899508 kB
MemFree:           52296 kB
Buffers:             372 kB
Cached:           103580 kB
SwapCached:            0 kB
Active:          1526248 kB
Inactive:          43992 kB
Active(anon):    1469928 kB
Inactive(anon):     2912 kB
Active(file):      56320 kB
Inactive(file):    41080 kB
Unevictable:        1940 kB
Mlocked:               0 kB
HighTotal:       1158144 kB
HighFree:           7012 kB
LowTotal:         741364 kB
LowFree:           45284 kB
SwapTotal:             0 kB
SwapFree:              0 kB
Dirty:                96 kB
Writeback:             0 kB
AnonPages:       1468348 kB
Mapped:            88656 kB
Shmem:              4612 kB
Slab:              34176 kB
SReclaimable:      12084 kB
SUnreclaim:        22092 kB
KernelStack:        6040 kB
PageTables:        11324 kB
NFS_Unstable:          0 kB
Bounce:                0 kB
WritebackTmp:          0 kB
CommitLimit:      949752 kB
Committed_AS:   10740588 kB
VmallocTotal:     245760 kB
VmallocUsed:       49800 kB
VmallocChunk:      75648 kB
1557683000.867934
MemTotal:        1899508 kB
MemFree:           52788 kB
Buffers:             372 kB
Cached:           102952 kB
SwapCached:            0 kB
Active:          1525644 kB
Inactive:          44116 kB
Active(anon):    1469928 kB
Inactive(anon):     2912 kB
Active(file):      55716 kB
Inactive(file):    41204 kB
Unevictable:        1940 kB
Mlocked:               0 kB
HighTotal:       1158144 kB
HighFree:           6992 kB
LowTotal:         741364 kB
LowFree:           45796 kB
SwapTotal:             0 kB
SwapFree:              0 kB
Dirty:                96 kB
Writeback:             0 kB
AnonPages:       1468532 kB
Mapped:            88656 kB
Shmem:              4612 kB
Slab:              34176 kB
SReclaimable:      12084 kB
SUnreclaim:        22092 kB
KernelStack:        6040 kB
PageTables:        11472 kB
NFS_Unstable:          0 kB
Bounce:                0 kB
WritebackTmp:          0 kB
CommitLimit:      949752 kB
Committed_AS:   10740576 kB
VmallocTotal:     245760 kB
VmallocUsed:       49800 kB
VmallocChunk:      75648 kB
1557683001.436359
MemTotal:        1899508 kB
MemFree:           49992 kB
Buffers:             388 kB
Cached:           103544 kB
SwapCached:            0 kB
Active:          1526932 kB
Inactive:          45772 kB
Active(anon):    1472404 kB
Inactive(anon):     2912 kB
Active(file):      54528 kB
Inactive(file):    42860 kB
Unevictable:        1940 kB
Mlocked:               0 kB
HighTotal:       1158144 kB
HighFree:           3208 kB
LowTotal:         741364 kB
LowFree:           46784 kB
SwapTotal:             0 kB
SwapFree:              0 kB
Dirty:                96 kB
Writeback:             0 kB
AnonPages:       1470656 kB
Mapped:            88392 kB
Shmem:              4612 kB
Slab:              34180 kB
SReclaimable:      12084 kB
SUnreclaim:        22096 kB
KernelStack:        6104 kB
PageTables:        11264 kB
NFS_Unstable:          0 kB
Bounce:                0 kB
WritebackTmp:          0 kB
CommitLimit:      949752 kB
Committed_AS:   10742584 kB
VmallocTotal:     245760 kB
VmallocUsed:       49800 kB
VmallocChunk:      75648 kB
1557683002.006315
MemTotal:        1899508 kB
MemFree:           44180 kB
Buffers:             388 kB
Cached:           107556 kB
SwapCached:            0 kB
Active:          1527288 kB
Inactive:          50624 kB
Active(anon):    1474140 kB
Inactive(anon):     2912 kB
Active(file):      53148 kB
Inactive(file):    47712 kB
Unevictable:        1940 kB
Mlocked:               0 kB
HighTotal:       1158144 kB
HighFree:           1732 kB
LowTotal:         741364 kB
LowFree:           42448 kB
SwapTotal:             0 kB
SwapFree:              0 kB
Dirty:               108 kB
Writeback:             0 kB
AnonPages:       1472544 kB
Mapped:            88140 kB
Shmem:              4612 kB
Slab:              34180 kB
SReclaimable:      12084 kB
SUnreclaim:        22096 kB
KernelStack:        6104 kB
PageTables:        11276 kB
NFS_Unstable:          0 kB
Bounce:                0 kB
WritebackTmp:          0 kB
CommitLimit:      949752 kB
Committed_AS:   10740112 kB
VmallocTotal:     245760 kB
VmallocUsed:       49800 kB
VmallocChunk:      75648 kB
1557683002.574603
MemTotal:        1899508 kB
MemFree:           45284 kB
Buffers:             396 kB
Cached:           105408 kB
SwapCached:            0 kB
Active:          1527480 kB
Inactive:          49720 kB
Active(anon):    1474776 kB
Inactive(anon):     2912 kB
Active(file):      52704 kB
Inactive(file):    46808 kB
Unevictable:        1940 kB
Mlocked:               0 kB
HighTotal:       1158144 kB
HighFree:           2100 kB
LowTotal:         741364 kB
LowFree:           43184 kB
SwapTotal:             0 kB
SwapFree:              0 kB
Dirty:               120 kB
Writeback:             0 kB
AnonPages:       1473328 kB
Mapped:            90956 kB
Shmem:              4612 kB
Slab:              34172 kB
SReclaimable:      12084 kB
SUnreclaim:        22088 kB
KernelStack:        6040 kB
PageTables:        11776 kB
NFS_Unstable:          0 kB
Bounce:                0 kB
WritebackTmp:          0 kB
CommitLimit:      949752 kB
Committed_AS:   11308008 kB
VmallocTotal:     245760 kB
VmallocUsed:       50820 kB
VmallocChunk:      75648 kB
1557683003.144770
MemTotal:        1899508 kB
MemFree:           44600 kB
Buffers:             396 kB
Cached:           104720 kB
SwapCached:            0 kB
Active:          1530420 kB
Inactive:          47136 kB
Active(anon):    1476080 kB
Inactive(anon):     2912 kB
Active(file):      54340 kB
Inactive(file):    44224 kB
Unevictable:        1940 kB
Mlocked:               0 kB
HighTotal:       1158144 kB
HighFree:           3220 kB
LowTotal:         741364 kB
LowFree:           41380 kB
SwapTotal:             0 kB
SwapFree:              0 kB
Dirty:               136 kB
Writeback:             0 kB
AnonPages:       1474364 kB
Mapped:            90348 kB
Shmem:              4612 kB
Slab:              34172 kB
SReclaimable:      12084 kB
SUnreclaim:        22088 kB
KernelStack:        6128 kB
PageTables:        11716 kB
NFS_Unstable:          0 kB
Bounce:                0 kB
WritebackTmp:          0 kB
CommitLimit:      949752 kB
Committed_AS:   11308884 kB
VmallocTotal:     245760 kB
VmallocUsed:       50820 kB
VmallocChunk:      75648 kB
1557683003.708565
MemTotal:        1899508 kB
MemFree:           48256 kB
Buffers:             420 kB
Cached:           103884 kB
SwapCached:            0 kB
Active:          1527108 kB
Inactive:          47136 kB
Active(anon):    1473660 kB
Inactive(anon):     2912 kB
Active(file):      53448 kB
Inactive(file):    44224 kB
Unevictable:        1940 kB
Mlocked:               0 kB
HighTotal:       1158144 kB
HighFree:           4092 kB
LowTotal:         741364 kB
LowFree:           44164 kB
SwapTotal:             0 kB
SwapFree:              0 kB
Dirty:                 0 kB
Writeback:             0 kB
AnonPages:       1471888 kB
Mapped:            88504 kB
Shmem:              4612 kB
Slab:              34172 kB
SReclaimable:      12084 kB
SUnreclaim:        22088 kB
KernelStack:        6128 kB
PageTables:        11272 kB
NFS_Unstable:          0 kB
Bounce:                0 kB
WritebackTmp:          0 kB
CommitLimit:      949752 kB
Committed_AS:   10741084 kB
VmallocTotal:     245760 kB
VmallocUsed:       49800 kB
VmallocChunk:      75648 kB
1557683004.272597
MemTotal:        1899508 kB
MemFree:           46348 kB
Buffers:             428 kB
Cached:           103112 kB
SwapCached:            0 kB
Active:          1527900 kB
Inactive:          48008 kB
Active(anon):    1475844 kB
Inactive(anon):     2912 kB
Active(file):      52056 kB
Inactive(file):    45096 kB
Unevictable:        1940 kB
Mlocked:               0 kB
HighTotal:       1158144 kB
HighFree:           1816 kB
LowTotal:         741364 kB
LowFree:           44532 kB
SwapTotal:             0 kB
SwapFree:              0 kB
Dirty:                 0 kB
Writeback:             0 kB
AnonPages:       1474372 kB
Mapped:            91188 kB
Shmem:              4612 kB
Slab:              34172 kB
SReclaimable:      12084 kB
SUnreclaim:        22088 kB
KernelStack:        6040 kB
PageTables:        11712 kB
NFS_Unstable:          0 kB
Bounce:                0 kB
WritebackTmp:          0 kB
CommitLimit:      949752 kB
Committed_AS:   11308860 kB
VmallocTotal:     245760 kB
VmallocUsed:       50820 kB
VmallocChunk:      75648 kB
1557683004.839703
MemTotal:        1899508 kB
MemFree:           45560 kB
Buffers:             444 kB
Cached:           102764 kB
SwapCached:            0 kB
Active:          1530488 kB
Inactive:          46588 kB
Active(anon):    1477548 kB
Inactive(anon):     2912 kB
Active(file):      52940 kB
Inactive(file):    43676 kB
Unevictable:        1940 kB
Mlocked:               0 kB
HighTotal:       1158144 kB
HighFree:           2448 kB
LowTotal:         741364 kB
LowFree:           43112 kB
SwapTotal:             0 kB
SwapFree:              0 kB
Dirty:                 0 kB
Writeback:             0 kB
AnonPages:       1475856 kB
Mapped:            90560 kB
Shmem:              4612 kB
Slab:              34172 kB
SReclaimable:      12084 kB
SUnreclaim:        22088 kB
KernelStack:        6040 kB
PageTables:        11712 kB
NFS_Unstable:          0 kB
Bounce:                0 kB
WritebackTmp:          0 kB
CommitLimit:      949752 kB
Committed_AS:   11310296 kB
VmallocTotal:     245760 kB
VmallocUsed:       50820 kB
VmallocChunk:      75648 kB
1557683005.411066
MemTotal:        1899508 kB
MemFree:           47032 kB
Buffers:             480 kB
Cached:           102008 kB
SwapCached:            0 kB
Active:          1528496 kB
Inactive:          46692 kB
Active(anon):    1476428 kB
Inactive(anon):     2912 kB
Active(file):      52068 kB
Inactive(file):    43780 kB
Unevictable:        1940 kB
Mlocked:               0 kB
HighTotal:       1158144 kB
HighFree:           1788 kB
LowTotal:         741364 kB
LowFree:           45244 kB
SwapTotal:             0 kB
SwapFree:              0 kB
Dirty:                84 kB
Writeback:             0 kB
AnonPages:       1474596 kB
Mapped:            88128 kB
Shmem:              4612 kB
Slab:              34172 kB
SReclaimable:      12084 kB
SUnreclaim:        22088 kB
KernelStack:        6056 kB
PageTables:        11348 kB
NFS_Unstable:          0 kB
Bounce:                0 kB
WritebackTmp:          0 kB
CommitLimit:      949752 kB
Committed_AS:   10741184 kB
VmallocTotal:     245760 kB
VmallocUsed:       49800 kB
VmallocChunk:      75648 kB
1557683005.981320
MemTotal:        1899508 kB
MemFree:           40172 kB
Buffers:             496 kB
Cached:           101328 kB
SwapCached:            0 kB
Active:          1535372 kB
Inactive:          46824 kB
Active(anon):    1484112 kB
Inactive(anon):     2912 kB
Active(file):      51260 kB
Inactive(file):    43912 kB
Unevictable:        1940 kB
Mlocked:               0 kB
HighTotal:       1158144 kB
HighFree:            424 kB
LowTotal:         741364 kB
LowFree:           39748 kB
SwapTotal:             0 kB
SwapFree:              0 kB
Dirty:                84 kB
Writeback:             0 kB
AnonPages:       1482392 kB
Mapped:            88976 kB
Shmem:              4612 kB
Slab:              34300 kB
SReclaimable:      12084 kB
SUnreclaim:        22216 kB
KernelStack:        6056 kB
PageTables:        11644 kB
NFS_Unstable:          0 kB
Bounce:                0 kB
WritebackTmp:          0 kB
CommitLimit:      949752 kB
Committed_AS:   11315116 kB
VmallocTotal:     245760 kB
VmallocUsed:       50820 kB
VmallocChunk:      75648 kB
1557683006.556285
MemTotal:        1899508 kB
MemFree:           44584 kB
Buffers:             492 kB
Cached:            99708 kB
SwapCached:            0 kB
Active:          1532780 kB
Inactive:          45552 kB
Active(anon):    1481760 kB
Inactive(anon):     2912 kB
Active(file):      51020 kB
Inactive(file):    42640 kB
Unevictable:        1940 kB
Mlocked:               0 kB
HighTotal:       1158144 kB
HighFree:           1500 kB
LowTotal:         741364 kB
LowFree:           43084 kB
SwapTotal:             0 kB
SwapFree:              0 kB
Dirty:                 0 kB
Writeback:             0 kB
AnonPages:       1479944 kB
Mapped:            88716 kB
Shmem:              4612 kB
Slab:              34204 kB
SReclaimable:      12084 kB
SUnreclaim:        22120 kB
KernelStack:        6120 kB
PageTables:        11828 kB
NFS_Unstable:          0 kB
Bounce:                0 kB
WritebackTmp:          0 kB
CommitLimit:      949752 kB
Committed_AS:   11315512 kB
VmallocTotal:     245760 kB
VmallocUsed:       50820 kB
VmallocChunk:      75648 kB
1557683007.125780
MemTotal:        1899508 kB
MemFree:           44988 kB
Buffers:             516 kB
Cached:            99456 kB
SwapCached:            0 kB
Active:          1532736 kB
Inactive:          45324 kB
Active(anon):    1481728 kB
Inactive(anon):     2912 kB
Active(file):      51008 kB
Inactive(file):    42412 kB
Unevictable:        1940 kB
Mlocked:               0 kB
HighTotal:       1158144 kB
HighFree:           1860 kB
LowTotal:         741364 kB
LowFree:           43128 kB
SwapTotal:             0 kB
SwapFree:              0 kB
Dirty:               116 kB
Writeback:             0 kB
AnonPages:       1479904 kB
Mapped:            92260 kB
Shmem:              4612 kB
Slab:              34204 kB
SReclaimable:      12084 kB
SUnreclaim:        22120 kB
KernelStack:        6120 kB
PageTables:        11756 kB
NFS_Unstable:          0 kB
Bounce:                0 kB
WritebackTmp:          0 kB
CommitLimit:      949752 kB
Committed_AS:   11315868 kB
VmallocTotal:     245760 kB
VmallocUsed:       50820 kB
VmallocChunk:      75648 kB
1557683007.690301
MemTotal:        1899508 kB
MemFree:           45176 kB
Buffers:             516 kB
Cached:           100564 kB
SwapCached:            0 kB
Active:          1535224 kB
Inactive:          42668 kB
Active(anon):    1480508 kB
Inactive(anon):     2912 kB
Active(file):      54716 kB
Inactive(file):    39756 kB
Unevictable:        1940 kB
Mlocked:               0 kB
HighTotal:       1158144 kB
HighFree:           1740 kB
LowTotal:         741364 kB
LowFree:           43436 kB
SwapTotal:             0 kB
SwapFree:              0 kB
Dirty:               116 kB
Writeback:             0 kB
AnonPages:       1479056 kB
Mapped:            88460 kB
Shmem:              4612 kB
Slab:              34204 kB
SReclaimable:      12084 kB
SUnreclaim:        22120 kB
KernelStack:        6120 kB
PageTables:        11608 kB
NFS_Unstable:          0 kB
Bounce:                0 kB
WritebackTmp:          0 kB
CommitLimit:      949752 kB
Committed_AS:   11314964 kB
VmallocTotal:     245760 kB
VmallocUsed:       50820 kB
VmallocChunk:      75648 kB
1557683008.265005
MemTotal:        1899508 kB
MemFree:           45660 kB
Buffers:             524 kB
Cached:            99848 kB
SwapCached:            0 kB
Active:          1534484 kB
Inactive:          41744 kB
Active(anon):    1479540 kB
Inactive(anon):     2912 kB
Active(file):      54944 kB
Inactive(file):    38832 kB
Unevictable:        1940 kB
Mlocked:               0 kB
HighTotal:       1158144 kB
HighFree:           2288 kB
LowTotal:         741364 kB
LowFree:           43372 kB
SwapTotal:             0 kB
SwapFree:              0 kB
Dirty:               176 kB
Writeback:             0 kB
AnonPages:       1477708 kB
Mapped:            87452 kB
Shmem:              4632 kB
Slab:              34204 kB
SReclaimable:      12084 kB
SUnreclaim:        22120 kB
KernelStack:        6144 kB
PageTables:        11328 kB
NFS_Unstable:          0 kB
Bounce:                0 kB
WritebackTmp:          0 kB
CommitLimit:      949752 kB
Committed_AS:   10748408 kB
VmallocTotal:     245760 kB
VmallocUsed:       49800 kB
VmallocChunk:      75648 kB
1557683008.831363
MemTotal:        1899508 kB
MemFree:           46596 kB
Buffers:             524 kB
Cached:            99368 kB
SwapCached:            0 kB
Active:          1534252 kB
Inactive:          41788 kB
Active(anon):    1479712 kB
Inactive(anon):     2912 kB
Active(file):      54540 kB
Inactive(file):    38876 kB
Unevictable:        1940 kB
Mlocked:               0 kB
HighTotal:       1158144 kB
HighFree:           2640 kB
LowTotal:         741364 kB
LowFree:           43956 kB
SwapTotal:             0 kB
SwapFree:              0 kB
Dirty:               176 kB
Writeback:             0 kB
AnonPages:       1477928 kB
Mapped:            87636 kB
Shmem:              4632 kB
Slab:              34204 kB
SReclaimable:      12084 kB
SUnreclaim:        22120 kB
KernelStack:        6144 kB
PageTables:        11328 kB
NFS_Unstable:          0 kB
Bounce:                0 kB
WritebackTmp:          0 kB
CommitLimit:      949752 kB
Committed_AS:   10748376 kB
VmallocTotal:     245760 kB
VmallocUsed:       49800 kB
VmallocChunk:      75648 kB
1557683009.405719
MemTotal:        1899508 kB
MemFree:           43304 kB
Buffers:             532 kB
Cached:            98612 kB
SwapCached:            0 kB
Active:          1537472 kB
Inactive:          42064 kB
Active(anon):    1484204 kB
Inactive(anon):     2912 kB
Active(file):      53268 kB
Inactive(file):    39152 kB
Unevictable:        1940 kB
Mlocked:               0 kB
HighTotal:       1158144 kB
HighFree:           1816 kB
LowTotal:         741364 kB
LowFree:           41488 kB
SwapTotal:             0 kB
SwapFree:              0 kB
Dirty:               176 kB
Writeback:             0 kB
