MemTotal:         482068 kB
MemFree:          112964 kB
Buffers:            1336 kB
Cached:            81520 kB
SwapCached:            0 kB
Active:           240736 kB
Inactive:          44452 kB
Active(anon):     203120 kB
Inactive(anon):      884 kB
Active(file):      37616 kB
Inactive(file):    43568 kB
Unevictable:        1256 kB
Mlocked:               0 kB
HighTotal:             0 kB
HighFree:              0 kB
LowTotal:         482068 kB
LowFree:          112964 kB
SwapTotal:             0 kB
SwapFree:              0 kB
Dirty:                16 kB
Writeback:             0 kB
AnonPages:        203692 kB
Mapped:            37668 kB
Shmem:               344 kB
Slab:              21308 kB
SReclaimable:       5044 kB
SUnreclaim:        16264 kB
KernelStack:        5056 kB
PageTables:         6560 kB
NFS_Unstable:          0 kB
Bounce:                0 kB
WritebackTmp:          0 kB
CommitLimit:      241032 kB
Committed_AS:    3798940 kB
VmallocTotal:     507904 kB
VmallocUsed:      111392 kB
VmallocChunk:     112576 kB
1557581942.000000
MemTotal:         482068 kB
MemFree:           99228 kB
Buffers:            1496 kB
Cached:            88660 kB
SwapCached:            0 kB
Active:           248840 kB
Inactive:          51508 kB
Active(anon):     210956 kB
Inactive(anon):      884 kB
Active(file):      37884 kB
Inactive(file):    50624 kB
Unevictable:        1256 kB
Mlocked:               0 kB
HighTotal:             0 kB
HighFree:              0 kB
LowTotal:         482068 kB
LowFree:           99228 kB
SwapTotal:             0 kB
SwapFree:              0 kB
Dirty:                84 kB
Writeback:             0 kB
AnonPages:        211524 kB
Mapped:            46880 kB
Shmem:               348 kB
Slab:              21260 kB
SReclaimable:       5044 kB
SUnreclaim:        16216 kB
KernelStack:        5096 kB
PageTables:         6756 kB
NFS_Unstable:          0 kB
Bounce:                0 kB
WritebackTmp:          0 kB
CommitLimit:      241032 kB
Committed_AS:    3807888 kB
VmallocTotal:     507904 kB
VmallocUsed:      109784 kB
VmallocChunk:     112576 kB
1557581942.000000
MemTotal:         482068 kB
MemFree:           86452 kB
Buffers:            1508 kB
Cached:            91004 kB
SwapCached:            0 kB
Active:           256380 kB
Inactive:          53692 kB
Active(anon):     218392 kB
Inactive(anon):      884 kB
Active(file):      37988 kB
Inactive(file):    52808 kB
Unevictable:        1256 kB
Mlocked:               0 kB
HighTotal:             0 kB
HighFree:              0 kB
LowTotal:         482068 kB
LowFree:           86452 kB
SwapTotal:             0 kB
SwapFree:              0 kB
Dirty:                84 kB
Writeback:             0 kB
AnonPages:        219048 kB
Mapped:            55164 kB
Shmem:               348 kB
Slab:              21260 kB
SReclaimable:       5044 kB
SUnreclaim:        16216 kB
KernelStack:        5200 kB
PageTables:         6832 kB
NFS_Unstable:          0 kB
Bounce:                0 kB
WritebackTmp:          0 kB
CommitLimit:      241032 kB
Committed_AS:    3815684 kB
VmallocTotal:     507904 kB
VmallocUsed:      113016 kB
VmallocChunk:     112576 kB
1557581943.000000
MemTotal:         482068 kB
MemFree:           80732 kB
Buffers:            1556 kB
Cached:            92448 kB
SwapCached:            0 kB
Active:           263076 kB
Inactive:          55200 kB
Active(anon):     225052 kB
Inactive(anon):      884 kB
Active(file):      38024 kB
Inactive(file):    54316 kB
Unevictable:        1256 kB
Mlocked:               0 kB
HighTotal:             0 kB
HighFree:              0 kB
LowTotal:         482068 kB
LowFree:           80732 kB
SwapTotal:             0 kB
SwapFree:              0 kB
Dirty:                92 kB
Writeback:             0 kB
AnonPages:        225596 kB
Mapped:            55312 kB
Shmem:               344 kB
Slab:              21260 kB
SReclaimable:       5040 kB
SUnreclaim:        16220 kB
KernelStack:        5288 kB
PageTables:         6776 kB
NFS_Unstable:          0 kB
Bounce:                0 kB
WritebackTmp:          0 kB
CommitLimit:      241032 kB
Committed_AS:    3822436 kB
VmallocTotal:     507904 kB
VmallocUsed:      109980 kB
VmallocChunk:     112576 kB
1557581944.000000
MemTotal:         482068 kB
MemFree:           73772 kB
Buffers:            1572 kB
Cached:            93600 kB
SwapCached:            0 kB
Active:           267296 kB
Inactive:          56324 kB
Active(anon):     229244 kB
Inactive(anon):      884 kB
Active(file):      38052 kB
Inactive(file):    55440 kB
Unevictable:        1256 kB
Mlocked:               0 kB
HighTotal:             0 kB
HighFree:              0 kB
LowTotal:         482068 kB
LowFree:           73772 kB
SwapTotal:             0 kB
SwapFree:              0 kB
Dirty:                 8 kB
Writeback:            20 kB
AnonPages:        229800 kB
Mapped:            59460 kB
Shmem:               344 kB
Slab:              21236 kB
SReclaimable:       5040 kB
SUnreclaim:        16196 kB
KernelStack:        5312 kB
PageTables:         6804 kB
NFS_Unstable:          0 kB
Bounce:                0 kB
WritebackTmp:          0 kB
CommitLimit:      241032 kB
Committed_AS:    3827296 kB
VmallocTotal:     507904 kB
VmallocUsed:      111604 kB
VmallocChunk:     112576 kB
1557581944.000000
MemTotal:         482068 kB
MemFree:           65468 kB
Buffers:            1588 kB
Cached:            97536 kB
SwapCached:            0 kB
Active:           272600 kB
Inactive:          58872 kB
Active(anon):     233144 kB
Inactive(anon):      884 kB
Active(file):      39456 kB
Inactive(file):    57988 kB
Unevictable:        1256 kB
Mlocked:               0 kB
HighTotal:             0 kB
HighFree:              0 kB
LowTotal:         482068 kB
LowFree:           65468 kB
SwapTotal:             0 kB
SwapFree:              0 kB
Dirty:                 8 kB
Writeback:            20 kB
AnonPages:        233676 kB
Mapped:            62044 kB
Shmem:               344 kB
Slab:              21236 kB
SReclaimable:       5040 kB
SUnreclaim:        16196 kB
KernelStack:        5416 kB
PageTables:         6880 kB
NFS_Unstable:          0 kB
Bounce:                0 kB
WritebackTmp:          0 kB
CommitLimit:      241032 kB
Committed_AS:    3832644 kB
VmallocTotal:     507904 kB
VmallocUsed:      112356 kB
VmallocChunk:     112576 kB
1557581945.000000
MemTotal:         482068 kB
MemFree:           54912 kB
Buffers:            1596 kB
Cached:            99372 kB
SwapCached:            0 kB
Active:           279020 kB
Inactive:          60704 kB
Active(anon):     239424 kB
Inactive(anon):      884 kB
Active(file):      39596 kB
Inactive(file):    59820 kB
Unevictable:        1256 kB
Mlocked:               0 kB
HighTotal:             0 kB
HighFree:              0 kB
LowTotal:         482068 kB
LowFree:           54912 kB
SwapTotal:             0 kB
SwapFree:              0 kB
Dirty:               160 kB
Writeback:             0 kB
AnonPages:        240024 kB
Mapped:            66440 kB
Shmem:               344 kB
Slab:              21580 kB
SReclaimable:       5248 kB
SUnreclaim:        16332 kB
KernelStack:        5416 kB
PageTables:         6920 kB
NFS_Unstable:          0 kB
Bounce:                0 kB
WritebackTmp:          0 kB
CommitLimit:      241032 kB
Committed_AS:    3837984 kB
VmallocTotal:     507904 kB
VmallocUsed:      113980 kB
VmallocChunk:     112576 kB
1557581946.000000
MemTotal:         482068 kB
MemFree:           48168 kB
Buffers:            1608 kB
Cached:           101156 kB
SwapCached:            0 kB
Active:           284720 kB
Inactive:          61820 kB
Active(anon):     244572 kB
Inactive(anon):      892 kB
Active(file):      40148 kB
Inactive(file):    60928 kB
Unevictable:        1256 kB
Mlocked:               0 kB
HighTotal:             0 kB
HighFree:              0 kB
LowTotal:         482068 kB
LowFree:           48168 kB
SwapTotal:             0 kB
SwapFree:              0 kB
Dirty:               168 kB
Writeback:             0 kB
AnonPages:        245144 kB
Mapped:            67844 kB
Shmem:               352 kB
Slab:              21592 kB
SReclaimable:       5296 kB
SUnreclaim:        16296 kB
KernelStack:        5480 kB
PageTables:         6888 kB
NFS_Unstable:          0 kB
Bounce:                0 kB
WritebackTmp:          0 kB
CommitLimit:      241032 kB
Committed_AS:    3846316 kB
VmallocTotal:     507904 kB
VmallocUsed:      113980 kB
VmallocChunk:     112576 kB
1557581946.000000
MemTotal:         482068 kB
MemFree:           36512 kB
Buffers:            1608 kB
Cached:           102752 kB
SwapCached:            0 kB
Active:           292936 kB
Inactive:          63380 kB
Active(anon):     252788 kB
Inactive(anon):      892 kB
Active(file):      40148 kB
Inactive(file):    62488 kB
Unevictable:        1256 kB
Mlocked:               0 kB
HighTotal:             0 kB
HighFree:              0 kB
LowTotal:         482068 kB
LowFree:           36512 kB
SwapTotal:             0 kB
SwapFree:              0 kB
Dirty:               168 kB
Writeback:             0 kB
AnonPages:        253276 kB
Mapped:            70732 kB
Shmem:               352 kB
Slab:              21592 kB
SReclaimable:       5296 kB
SUnreclaim:        16296 kB
KernelStack:        5480 kB
PageTables:         6964 kB
NFS_Unstable:          0 kB
Bounce:                0 kB
WritebackTmp:          0 kB
CommitLimit:      241032 kB
Committed_AS:    3855728 kB
VmallocTotal:     507904 kB
VmallocUsed:      115484 kB
VmallocChunk:     112576 kB
1557581947.000000
MemTotal:         482068 kB
MemFree:           32288 kB
Buffers:            1612 kB
Cached:           104684 kB
SwapCached:            0 kB
Active:           295464 kB
Inactive:          65280 kB
Active(anon):     255260 kB
Inactive(anon):      900 kB
Active(file):      40204 kB
Inactive(file):    64380 kB
Unevictable:        1256 kB
Mlocked:               0 kB
HighTotal:             0 kB
HighFree:              0 kB
LowTotal:         482068 kB
LowFree:           32288 kB
SwapTotal:             0 kB
SwapFree:              0 kB
Dirty:               140 kB
Writeback:             0 kB
AnonPages:        255864 kB
Mapped:            72196 kB
Shmem:               360 kB
Slab:              21588 kB
SReclaimable:       5296 kB
SUnreclaim:        16292 kB
KernelStack:        5504 kB
PageTables:         6992 kB
NFS_Unstable:          0 kB
Bounce:                0 kB
WritebackTmp:          0 kB
CommitLimit:      241032 kB
Committed_AS:    3857832 kB
VmallocTotal:     507904 kB
VmallocUsed:      115484 kB
VmallocChunk:     112576 kB
1557581948.000000
MemTotal:         482068 kB
MemFree:           29024 kB
Buffers:            1612 kB
Cached:           105388 kB
SwapCached:            0 kB
Active:           298236 kB
Inactive:          66012 kB
Active(anon):     258004 kB
Inactive(anon):      900 kB
Active(file):      40232 kB
Inactive(file):    65112 kB
Unevictable:        1256 kB
Mlocked:               0 kB
HighTotal:             0 kB
HighFree:              0 kB
LowTotal:         482068 kB
LowFree:           29024 kB
SwapTotal:             0 kB
SwapFree:              0 kB
Dirty:               116 kB
Writeback:             0 kB
AnonPages:        258520 kB
Mapped:            73112 kB
Shmem:               360 kB
Slab:              21592 kB
SReclaimable:       5296 kB
SUnreclaim:        16296 kB
KernelStack:        5552 kB
PageTables:         6936 kB
NFS_Unstable:          0 kB
Bounce:                0 kB
WritebackTmp:          0 kB
CommitLimit:      241032 kB
Committed_AS:    3860560 kB
VmallocTotal:     507904 kB
VmallocUsed:      115484 kB
VmallocChunk:     112576 kB
1557581948.000000
MemTotal:         482068 kB
MemFree:           22800 kB
Buffers:            1632 kB
Cached:           107952 kB
SwapCached:            0 kB
Active:           303680 kB
Inactive:          66180 kB
Active(anon):     261040 kB
Inactive(anon):      900 kB
Active(file):      42640 kB
Inactive(file):    65280 kB
Unevictable:        1256 kB
Mlocked:               0 kB
HighTotal:             0 kB
HighFree:              0 kB
LowTotal:         482068 kB
LowFree:           22800 kB
SwapTotal:             0 kB
SwapFree:              0 kB
Dirty:               788 kB
Writeback:             0 kB
AnonPages:        261648 kB
Mapped:            73372 kB
Shmem:               360 kB
Slab:              21608 kB
SReclaimable:       5304 kB
SUnreclaim:        16304 kB
KernelStack:        5592 kB
PageTables:         6952 kB
NFS_Unstable:          0 kB
Bounce:                0 kB
WritebackTmp:          0 kB
CommitLimit:      241032 kB
Committed_AS:    3863352 kB
VmallocTotal:     507904 kB
VmallocUsed:      115484 kB
VmallocChunk:     112576 kB
1557581949.000000
MemTotal:         482068 kB
MemFree:            4280 kB
Buffers:            1476 kB
Cached:           104688 kB
SwapCached:            0 kB
Active:           320828 kB
Inactive:          53700 kB
Active(anon):     269620 kB
Inactive(anon):     3292 kB
Active(file):      51208 kB
Inactive(file):    50408 kB
Unevictable:        1984 kB
Mlocked:            6156 kB
HighTotal:             0 kB
HighFree:              0 kB
LowTotal:         482068 kB
LowFree:            4280 kB
SwapTotal:             0 kB
SwapFree:              0 kB
Dirty:               788 kB
Writeback:             0 kB
AnonPages:        270464 kB
Mapped:            89408 kB
Shmem:              3324 kB
Slab:              21660 kB
SReclaimable:       5252 kB
SUnreclaim:        16408 kB
KernelStack:        5696 kB
PageTables:         7332 kB
NFS_Unstable:          0 kB
Bounce:                0 kB
WritebackTmp:          0 kB
CommitLimit:      241032 kB
Committed_AS:    3992204 kB
VmallocTotal:     507904 kB
VmallocUsed:      130464 kB
VmallocChunk:     112576 kB
1557581950.000000
MemTotal:         482068 kB
MemFree:            4256 kB
Buffers:            1320 kB
Cached:           102636 kB
SwapCached:            0 kB
Active:           321456 kB
Inactive:          53020 kB
Active(anon):     271828 kB
Inactive(anon):     3280 kB
Active(file):      49628 kB
Inactive(file):    49740 kB
Unevictable:        2032 kB
Mlocked:            6176 kB
HighTotal:             0 kB
HighFree:              0 kB
LowTotal:         482068 kB
LowFree:            4256 kB
SwapTotal:             0 kB
SwapFree:              0 kB
Dirty:               660 kB
Writeback:             0 kB
AnonPages:        272572 kB
Mapped:            89452 kB
Shmem:              3296 kB
Slab:              21656 kB
SReclaimable:       5212 kB
SUnreclaim:        16444 kB
KernelStack:        5744 kB
PageTables:         7304 kB
NFS_Unstable:          0 kB
Bounce:                0 kB
WritebackTmp:          0 kB
CommitLimit:      241032 kB
Committed_AS:    3994372 kB
VmallocTotal:     507904 kB
VmallocUsed:      130464 kB
VmallocChunk:     112576 kB
1557581951.000000
MemTotal:         482068 kB
MemFree:            4512 kB
Buffers:            1224 kB
Cached:           100560 kB
SwapCached:            0 kB
Active:           322680 kB
Inactive:          51480 kB
Active(anon):     273680 kB
Inactive(anon):     3280 kB
Active(file):      49000 kB
Inactive(file):    48200 kB
Unevictable:        2032 kB
Mlocked:            6176 kB
HighTotal:             0 kB
HighFree:              0 kB
LowTotal:         482068 kB
LowFree:            4512 kB
SwapTotal:             0 kB
SwapFree:              0 kB
Dirty:               636 kB
Writeback:             0 kB
AnonPages:        274444 kB
Mapped:            88712 kB
Shmem:              3296 kB
Slab:              21560 kB
SReclaimable:       5188 kB
SUnreclaim:        16372 kB
KernelStack:        5744 kB
PageTables:         7388 kB
NFS_Unstable:          0 kB
Bounce:                0 kB
WritebackTmp:          0 kB
CommitLimit:      241032 kB
Committed_AS:    3997656 kB
VmallocTotal:     507904 kB
VmallocUsed:      130464 kB
VmallocChunk:     112576 kB
1557581952.000000
MemTotal:         482068 kB
MemFree:            4140 kB
Buffers:            1220 kB
Cached:            99880 kB
SwapCached:            0 kB
Active:           323488 kB
Inactive:          50848 kB
Active(anon):     274504 kB
Inactive(anon):     3308 kB
Active(file):      48984 kB
Inactive(file):    47540 kB
Unevictable:        2032 kB
Mlocked:            6176 kB
HighTotal:             0 kB
HighFree:              0 kB
LowTotal:         482068 kB
LowFree:            4140 kB
SwapTotal:             0 kB
SwapFree:              0 kB
Dirty:               636 kB
Writeback:             0 kB
AnonPages:        275292 kB
Mapped:            88612 kB
Shmem:              3324 kB
Slab:              21636 kB
SReclaimable:       5180 kB
SUnreclaim:        16456 kB
KernelStack:        5752 kB
PageTables:         7392 kB
NFS_Unstable:          0 kB
Bounce:                0 kB
WritebackTmp:          0 kB
CommitLimit:      241032 kB
Committed_AS:    3997620 kB
VmallocTotal:     507904 kB
VmallocUsed:      130464 kB
VmallocChunk:     112576 kB
1557581953.000000
MemTotal:         482068 kB
MemFree:            8256 kB
Buffers:             992 kB
Cached:            98980 kB
SwapCached:            0 kB
Active:           320784 kB
Inactive:          49688 kB
Active(anon):     271776 kB
Inactive(anon):     3304 kB
Active(file):      49008 kB
Inactive(file):    46384 kB
Unevictable:        2032 kB
Mlocked:            6176 kB
HighTotal:             0 kB
HighFree:              0 kB
LowTotal:         482068 kB
LowFree:            8256 kB
SwapTotal:             0 kB
SwapFree:              0 kB
Dirty:                 0 kB
Writeback:             0 kB
AnonPages:        272568 kB
Mapped:            88632 kB
Shmem:              3324 kB
Slab:              21644 kB
SReclaimable:       5184 kB
SUnreclaim:        16460 kB
KernelStack:        5752 kB
PageTables:         7320 kB
NFS_Unstable:          0 kB
Bounce:                0 kB
WritebackTmp:          0 kB
CommitLimit:      241032 kB
Committed_AS:    3999012 kB
VmallocTotal:     507904 kB
VmallocUsed:      130464 kB
VmallocChunk:     112576 kB
1557581953.000000
MemTotal:         482068 kB
MemFree:            6992 kB
Buffers:             984 kB
Cached:            98132 kB
SwapCached:            0 kB
Active:           322976 kB
Inactive:          48804 kB
Active(anon):     273956 kB
Inactive(anon):     3288 kB
Active(file):      49020 kB
Inactive(file):    45516 kB
Unevictable:        2032 kB
Mlocked:            6176 kB
HighTotal:             0 kB
HighFree:              0 kB
LowTotal:         482068 kB
LowFree:            6992 kB
SwapTotal:             0 kB
SwapFree:              0 kB
Dirty:                 0 kB
Writeback:             0 kB
AnonPages:        274740 kB
Mapped:            88436 kB
Shmem:              3324 kB
Slab:              21548 kB
SReclaimable:       5184 kB
SUnreclaim:        16364 kB
KernelStack:        5752 kB
PageTables:         7328 kB
NFS_Unstable:          0 kB
Bounce:                0 kB
WritebackTmp:          0 kB
CommitLimit:      241032 kB
Committed_AS:    4002280 kB
VmallocTotal:     507904 kB
VmallocUsed:      130464 kB
VmallocChunk:     112576 kB
1557581954.000000
MemTotal:         482068 kB
MemFree:            7992 kB
Buffers:             984 kB
Cached:            97960 kB
SwapCached:            0 kB
Active:           321864 kB
Inactive:          48616 kB
Active(anon):     272852 kB
Inactive(anon):     3296 kB
Active(file):      49012 kB
Inactive(file):    45320 kB
Unevictable:        2032 kB
Mlocked:            6176 kB
HighTotal:             0 kB
HighFree:              0 kB
LowTotal:         482068 kB
LowFree:            7992 kB
SwapTotal:             0 kB
SwapFree:              0 kB
Dirty:                 0 kB
Writeback:             0 kB
AnonPages:        273608 kB
Mapped:            88460 kB
Shmem:              3332 kB
Slab:              21548 kB
SReclaimable:       5184 kB
SUnreclaim:        16364 kB
KernelStack:        5752 kB
PageTables:         7340 kB
NFS_Unstable:          0 kB
Bounce:                0 kB
WritebackTmp:          0 kB
CommitLimit:      241032 kB
Committed_AS:    4002888 kB
VmallocTotal:     507904 kB
VmallocUsed:      130464 kB
VmallocChunk:     112576 kB
1557581955.000000
MemTotal:         482068 kB
MemFree:            7884 kB
Buffers:             864 kB
Cached:            96940 kB
SwapCached:            0 kB
Active:           323188 kB
Inactive:          47504 kB
Active(anon):     274256 kB
Inactive(anon):     3296 kB
Active(file):      48932 kB
Inactive(file):    44208 kB
Unevictable:        2032 kB
Mlocked:            6176 kB
HighTotal:             0 kB
HighFree:              0 kB
LowTotal:         482068 kB
LowFree:            7884 kB
SwapTotal:             0 kB
SwapFree:              0 kB
Dirty:                76 kB
Writeback:             0 kB
AnonPages:        275052 kB
Mapped:            88308 kB
Shmem:              3332 kB
Slab:              21600 kB
SReclaimable:       5184 kB
SUnreclaim:        16416 kB
KernelStack:        5752 kB
PageTables:         7340 kB
NFS_Unstable:          0 kB
Bounce:                0 kB
WritebackTmp:          0 kB
CommitLimit:      241032 kB
Committed_AS:    3999988 kB
VmallocTotal:     507904 kB
VmallocUsed:      130464 kB
VmallocChunk:     112576 kB
1557581956.000000
MemTotal:         482068 kB
MemFree:            7612 kB
Buffers:             836 kB
Cached:            96176 kB
SwapCached:            0 kB
Active:           324512 kB
Inactive:          46808 kB
Active(anon):     275652 kB
Inactive(anon):     3308 kB
Active(file):      48860 kB
Inactive(file):    43500 kB
Unevictable:        2032 kB
Mlocked:            6176 kB
HighTotal:             0 kB
HighFree:              0 kB
LowTotal:         482068 kB
LowFree:            7612 kB
SwapTotal:             0 kB
SwapFree:              0 kB
Dirty:                84 kB
Writeback:             0 kB
AnonPages:        276332 kB
Mapped:            88220 kB
Shmem:              3368 kB
Slab:              21648 kB
SReclaimable:       5184 kB
SUnreclaim:        16464 kB
KernelStack:        5744 kB
PageTables:         7328 kB
NFS_Unstable:          0 kB
Bounce:                0 kB
WritebackTmp:          0 kB
CommitLimit:      241032 kB
Committed_AS:    4001028 kB
VmallocTotal:     507904 kB
VmallocUsed:      130464 kB
VmallocChunk:     112576 kB
1557581957.000000
MemTotal:         482068 kB
MemFree:            5248 kB
Buffers:             836 kB
Cached:            96148 kB
SwapCached:            0 kB
Active:           326820 kB
Inactive:          46808 kB
Active(anon):     277960 kB
Inactive(anon):     3308 kB
Active(file):      48860 kB
Inactive(file):    43500 kB
Unevictable:        2032 kB
Mlocked:            6176 kB
HighTotal:             0 kB
HighFree:              0 kB
LowTotal:         482068 kB
LowFree:            5248 kB
SwapTotal:             0 kB
SwapFree:              0 kB
Dirty:                84 kB
Writeback:             0 kB
AnonPages:        278716 kB
Mapped:            88216 kB
Shmem:              3368 kB
Slab:              21556 kB
SReclaimable:       5184 kB
SUnreclaim:        16372 kB
KernelStack:        5752 kB
PageTables:         7332 kB
NFS_Unstable:          0 kB
Bounce:                0 kB
WritebackTmp:          0 kB
CommitLimit:      241032 kB
Committed_AS:    4003172 kB
VmallocTotal:     507904 kB
VmallocUsed:      130464 kB
VmallocChunk:     112576 kB
1557581958.000000
MemTotal:         482068 kB
MemFree:            4504 kB
Buffers:             856 kB
Cached:            94868 kB
SwapCached:            0 kB
Active:           328428 kB
Inactive:          45552 kB
Active(anon):     279620 kB
Inactive(anon):     3308 kB
Active(file):      48808 kB
Inactive(file):    42244 kB
Unevictable:        2032 kB
Mlocked:            6176 kB
HighTotal:             0 kB
HighFree:              0 kB
LowTotal:         482068 kB
LowFree:            4504 kB
SwapTotal:             0 kB
SwapFree:              0 kB
Dirty:                84 kB
Writeback:             0 kB
AnonPages:        280324 kB
Mapped:            88068 kB
Shmem:              3368 kB
Slab:              21592 kB
SReclaimable:       5184 kB
SUnreclaim:        16408 kB
KernelStack:        5752 kB
PageTables:         7412 kB
NFS_Unstable:          0 kB
Bounce:                0 kB
WritebackTmp:          0 kB
CommitLimit:      241032 kB
Committed_AS:    4004260 kB
VmallocTotal:     507904 kB
VmallocUsed:      130464 kB
VmallocChunk:     112576 kB
1557581958.000000
MemTotal:         482068 kB
MemFree:            5508 kB
Buffers:             848 kB
Cached:            92888 kB
SwapCached:            0 kB
Active:           329228 kB
Inactive:          43748 kB
Active(anon):     280560 kB
Inactive(anon):     3304 kB
Active(file):      48668 kB
Inactive(file):    40444 kB
Unevictable:        2032 kB
Mlocked:            6176 kB
HighTotal:             0 kB
HighFree:              0 kB
LowTotal:         482068 kB
LowFree:            5508 kB
SwapTotal:             0 kB
SwapFree:              0 kB
Dirty:                 8 kB
Writeback:             0 kB
AnonPages:        281336 kB
Mapped:            87560 kB
Shmem:              3368 kB
Slab:              21584 kB
SReclaimable:       5184 kB
SUnreclaim:        16400 kB
KernelStack:        5768 kB
PageTables:         7352 kB
NFS_Unstable:          0 kB
Bounce:                0 kB
WritebackTmp:          0 kB
CommitLimit:      241032 kB
Committed_AS:    4005372 kB
VmallocTotal:     507904 kB
VmallocUsed:      130464 kB
VmallocChunk:     112576 kB
1557581959.000000
MemTotal:         482068 kB
MemFree:            4456 kB
Buffers:             844 kB
Cached:            92512 kB
SwapCached:            0 kB
Active:           330884 kB
Inactive:          43416 kB
Active(anon):     282276 kB
Inactive(anon):     3304 kB
Active(file):      48608 kB
Inactive(file):    40112 kB
Unevictable:        2032 kB
Mlocked:            6176 kB
HighTotal:             0 kB
HighFree:              0 kB
LowTotal:         482068 kB
LowFree:            4456 kB
SwapTotal:             0 kB
SwapFree:              0 kB
Dirty:                 8 kB
Writeback:             0 kB
AnonPages:        283008 kB
Mapped:            87332 kB
Shmem:              3368 kB
Slab:              21740 kB
SReclaimable:       5184 kB
SUnreclaim:        16556 kB
KernelStack:        5768 kB
PageTables:         7352 kB
NFS_Unstable:          0 kB
Bounce:                0 kB
WritebackTmp:          0 kB
CommitLimit:      241032 kB
Committed_AS:    4005436 kB
VmallocTotal:     507904 kB
VmallocUsed:      130464 kB
VmallocChunk:     112576 kB
1557581960.000000
MemTotal:         482068 kB
MemFree:            4572 kB
Buffers:             856 kB
Cached:            89988 kB
SwapCached:            0 kB
Active:           333172 kB
Inactive:          41084 kB
Active(anon):     284744 kB
Inactive(anon):     3300 kB
Active(file):      48428 kB
Inactive(file):    37784 kB
Unevictable:        2032 kB
Mlocked:            6176 kB
HighTotal:             0 kB
HighFree:              0 kB
LowTotal:         482068 kB
LowFree:            4572 kB
SwapTotal:             0 kB
SwapFree:              0 kB
Dirty:                76 kB
Writeback:             0 kB
AnonPages:        285504 kB
Mapped:            87048 kB
Shmem:              3368 kB
Slab:              21560 kB
SReclaimable:       5184 kB
SUnreclaim:        16376 kB
KernelStack:        5776 kB
PageTables:         7440 kB
NFS_Unstable:          0 kB
Bounce:                0 kB
WritebackTmp:          0 kB
CommitLimit:      241032 kB
Committed_AS:    4009084 kB
VmallocTotal:     507904 kB
VmallocUsed:      130464 kB
VmallocChunk:     112576 kB
1557581961.000000
MemTotal:         482068 kB
MemFree:            5780 kB
Buffers:             856 kB
Cached:            88116 kB
SwapCached:            0 kB
Active:           333760 kB
Inactive:          39120 kB
Active(anon):     285264 kB
Inactive(anon):     3300 kB
Active(file):      48496 kB
Inactive(file):    35820 kB
Unevictable:        2032 kB
Mlocked:            6176 kB
HighTotal:             0 kB
HighFree:              0 kB
LowTotal:         482068 kB
LowFree:            5780 kB
SwapTotal:             0 kB
SwapFree:              0 kB
Dirty:                52 kB
Writeback:             0 kB
AnonPages:        285916 kB
Mapped:            86844 kB
Shmem:              3368 kB
Slab:              21628 kB
SReclaimable:       5180 kB
SUnreclaim:        16448 kB
KernelStack:        5768 kB
PageTables:         7344 kB
NFS_Unstable:          0 kB
Bounce:                0 kB
WritebackTmp:          0 kB
CommitLimit:      241032 kB
Committed_AS:    4010212 kB
VmallocTotal:     507904 kB
VmallocUsed:      130464 kB
VmallocChunk:     112576 kB
1557581962.000000
MemTotal:         482068 kB
MemFree:            8028 kB
Buffers:             856 kB
Cached:            88288 kB
SwapCached:            0 kB
Active:           331292 kB
Inactive:          39320 kB
Active(anon):     282796 kB
Inactive(anon):     3300 kB
Active(file):      48496 kB
Inactive(file):    36020 kB
Unevictable:        2032 kB
Mlocked:            6176 kB
HighTotal:             0 kB
HighFree:              0 kB
LowTotal:         482068 kB
LowFree:            8028 kB
SwapTotal:             0 kB
SwapFree:              0 kB
Dirty:                52 kB
Writeback:             0 kB
AnonPages:        283520 kB
Mapped:            86900 kB
Shmem:              3368 kB
Slab:              21592 kB
SReclaimable:       5180 kB
SUnreclaim:        16412 kB
KernelStack:        5760 kB
PageTables:         7348 kB
NFS_Unstable:          0 kB
Bounce:                0 kB
WritebackTmp:          0 kB
CommitLimit:      241032 kB
Committed_AS:    4009688 kB
VmallocTotal:     507904 kB
VmallocUsed:      130464 kB
VmallocChunk:     112576 kB
1557581963.000000
MemTotal:         482068 kB
MemFree:            7136 kB
Buffers:             848 kB
Cached:            87108 kB
SwapCached:            0 kB
Active:           333408 kB
Inactive:          38172 kB
Active(anon):     284964 kB
Inactive(anon):     3300 kB
Active(file):      48444 kB
Inactive(file):    34872 kB
Unevictable:        2032 kB
Mlocked:            6176 kB
HighTotal:             0 kB
HighFree:              0 kB
LowTotal:         482068 kB
LowFree:            7136 kB
SwapTotal:             0 kB
SwapFree:              0 kB
Dirty:                52 kB
Writeback:             0 kB
AnonPages:        285720 kB
Mapped:            86616 kB
Shmem:              3368 kB
Slab:              21612 kB
SReclaimable:       5180 kB
SUnreclaim:        16432 kB
KernelStack:        5760 kB
PageTables:         7348 kB
NFS_Unstable:          0 kB
Bounce:                0 kB
WritebackTmp:          0 kB
CommitLimit:      241032 kB
Committed_AS:    4009884 kB
VmallocTotal:     507904 kB
VmallocUsed:      130464 kB
VmallocChunk:     112576 kB
1557581964.000000
MemTotal:         482068 kB
MemFree:            6648 kB
Buffers:             872 kB
Cached:            85932 kB
SwapCached:            0 kB
Active:           334864 kB
Inactive:          37120 kB
Active(anon):     286512 kB
Inactive(anon):     3300 kB
Active(file):      48352 kB
Inactive(file):    33820 kB
Unevictable:        2032 kB
Mlocked:            6176 kB
HighTotal:             0 kB
HighFree:              0 kB
LowTotal:         482068 kB
LowFree:            6648 kB
SwapTotal:             0 kB
SwapFree:              0 kB
Dirty:                52 kB
Writeback:             0 kB
AnonPages:        287256 kB
Mapped:            86420 kB
Shmem:              3368 kB
Slab:              21600 kB
SReclaimable:       5180 kB
SUnreclaim:        16420 kB
KernelStack:        5768 kB
PageTables:         7352 kB
NFS_Unstable:          0 kB
Bounce:                0 kB
WritebackTmp:          0 kB
CommitLimit:      241032 kB
Committed_AS:    4011052 kB
VmallocTotal:     507904 kB
VmallocUsed:      130464 kB
VmallocChunk:     112576 kB
1557581964.000000
MemTotal:         482068 kB
MemFree:            7036 kB
Buffers:             872 kB
Cached:            85364 kB
SwapCached:            0 kB
Active:           335032 kB
Inactive:          36632 kB
Active(anon):     286752 kB
Inactive(anon):     3300 kB
Active(file):      48280 kB
Inactive(file):    33332 kB
Unevictable:        2032 kB
Mlocked:            6176 kB
HighTotal:             0 kB
HighFree:              0 kB
LowTotal:         482068 kB
LowFree:            7036 kB
SwapTotal:             0 kB
SwapFree:              0 kB
Dirty:                 0 kB
Writeback:             0 kB
AnonPages:        287500 kB
Mapped:            86312 kB
Shmem:              3368 kB
Slab:              21616 kB
SReclaimable:       5180 kB
SUnreclaim:        16436 kB
KernelStack:        5768 kB
PageTables:         7348 kB
NFS_Unstable:          0 kB
Bounce:                0 kB
WritebackTmp:          0 kB
CommitLimit:      241032 kB
Committed_AS:    4011036 kB
VmallocTotal:     507904 kB
VmallocUsed:      130464 kB
VmallocChunk:     112576 kB
1557581965.000000
MemTotal:         482068 kB
MemFree:            8144 kB
Buffers:             860 kB
Cached:            84540 kB
SwapCached:            0 kB
Active:           333068 kB
Inactive:          37260 kB
Active(anon):     286232 kB
Inactive(anon):     3300 kB
Active(file):      46836 kB
Inactive(file):    33960 kB
Unevictable:        2032 kB
Mlocked:            6176 kB
HighTotal:             0 kB
HighFree:              0 kB
LowTotal:         482068 kB
LowFree:            8144 kB
SwapTotal:             0 kB
SwapFree:              0 kB
Dirty:                 0 kB
Writeback:             0 kB
AnonPages:        286968 kB
Mapped:            85932 kB
Shmem:              3368 kB
Slab:              21616 kB
SReclaimable:       5180 kB
SUnreclaim:        16436 kB
KernelStack:        5768 kB
PageTables:         7348 kB
NFS_Unstable:          0 kB
Bounce:                0 kB
WritebackTmp:          0 kB
CommitLimit:      241032 kB
Committed_AS:    4011012 kB
VmallocTotal:     507904 kB
VmallocUsed:      130464 kB
VmallocChunk:     112576 kB
1557581966.000000
MemTotal:         482068 kB
MemFree:            8500 kB
Buffers:             860 kB
Cached:            84176 kB
SwapCached:            0 kB
Active:           332244 kB
Inactive:          37824 kB
Active(anon):     286384 kB
Inactive(anon):     3300 kB
Active(file):      45860 kB
Inactive(file):    34524 kB
Unevictable:        2032 kB
Mlocked:            6176 kB
HighTotal:             0 kB
HighFree:              0 kB
LowTotal:         482068 kB
LowFree:            8500 kB
SwapTotal:             0 kB
SwapFree:              0 kB
Dirty:                 0 kB
Writeback:             0 kB
AnonPages:        287116 kB
Mapped:            85724 kB
Shmem:              3368 kB
Slab:              21596 kB
SReclaimable:       5180 kB
SUnreclaim:        16416 kB
KernelStack:        5760 kB
PageTables:         7348 kB
NFS_Unstable:          0 kB
Bounce:                0 kB
WritebackTmp:          0 kB
CommitLimit:      241032 kB
Committed_AS:    4010952 kB
VmallocTotal:     507904 kB
VmallocUsed:      130464 kB
VmallocChunk:     112576 kB
1557581967.000000
MemTotal:         482068 kB
MemFree:            8176 kB
Buffers:             824 kB
Cached:            84196 kB
SwapCached:            0 kB
Active:           332432 kB
Inactive:          38292 kB
Active(anon):     286988 kB
Inactive(anon):     3312 kB
Active(file):      45444 kB
Inactive(file):    34980 kB
Unevictable:        2032 kB
Mlocked:            6176 kB
HighTotal:             0 kB
HighFree:              0 kB
LowTotal:         482068 kB
LowFree:            8176 kB
SwapTotal:             0 kB
SwapFree:              0 kB
Dirty:                 0 kB
Writeback:             0 kB
AnonPages:        287740 kB
Mapped:            85620 kB
Shmem:              3388 kB
Slab:              21616 kB
SReclaimable:       5180 kB
SUnreclaim:        16436 kB
KernelStack:        5760 kB
PageTables:         7424 kB
NFS_Unstable:          0 kB
Bounce:                0 kB
WritebackTmp:          0 kB
CommitLimit:      241032 kB
Committed_AS:    4012288 kB
VmallocTotal:     507904 kB
VmallocUsed:      130464 kB
VmallocChunk:     112576 kB
1557581968.000000
MemTotal:         482068 kB
MemFree:           14088 kB
Buffers:             824 kB
Cached:            84264 kB
SwapCached:            0 kB
Active:           326312 kB
Inactive:          38340 kB
Active(anon):     280896 kB
Inactive(anon):     3312 kB
Active(file):      45416 kB
Inactive(file):    35028 kB
Unevictable:        2032 kB
Mlocked:            6176 kB
HighTotal:             0 kB
HighFree:              0 kB
LowTotal:         482068 kB
LowFree:           14088 kB
SwapTotal:             0 kB
SwapFree:              0 kB
Dirty:                 0 kB
Writeback:             0 kB
AnonPages:        281540 kB
Mapped:            85704 kB
Shmem:              3388 kB
Slab:              21588 kB
SReclaimable:       5180 kB
SUnreclaim:        16408 kB
KernelStack:        5760 kB
PageTables:         7352 kB
NFS_Unstable:          0 kB
Bounce:                0 kB
WritebackTmp:          0 kB
CommitLimit:      241032 kB
Committed_AS:    4011732 kB
VmallocTotal:     507904 kB
VmallocUsed:      130464 kB
VmallocChunk:     112576 kB
1557581968.000000
MemTotal:         482068 kB
MemFree:           13732 kB
Buffers:             832 kB
Cached:            84412 kB
SwapCached:            0 kB
Active:           326308 kB
Inactive:          38488 kB
Active(anon):     280892 kB
Inactive(anon):     3312 kB
Active(file):      45416 kB
Inactive(file):    35176 kB
Unevictable:        2032 kB
Mlocked:            6176 kB
HighTotal:             0 kB
HighFree:              0 kB
LowTotal:         482068 kB
LowFree:           13732 kB
SwapTotal:             0 kB
SwapFree:              0 kB
Dirty:                28 kB
Writeback:             0 kB
AnonPages:        281620 kB
Mapped:            85756 kB
Shmem:              3388 kB
Slab:              21592 kB
SReclaimable:       5180 kB
SUnreclaim:        16412 kB
KernelStack:        5768 kB
PageTables:         7380 kB
NFS_Unstable:          0 kB
Bounce:                0 kB
WritebackTmp:          0 kB
CommitLimit:      241032 kB
Committed_AS:    4011896 kB
VmallocTotal:     507904 kB
VmallocUsed:      130464 kB
VmallocChunk:     112576 kB
1557581969.000000
MemTotal:         482068 kB
MemFree:           13708 kB
Buffers:             736 kB
Cached:            84356 kB
SwapCached:            0 kB
Active:           326760 kB
Inactive:          38488 kB
Active(anon):     281516 kB
Inactive(anon):     3312 kB
Active(file):      45244 kB
Inactive(file):    35176 kB
Unevictable:        2032 kB
Mlocked:            6176 kB
HighTotal:             0 kB
HighFree:              0 kB
LowTotal:         482068 kB
LowFree:           13708 kB
SwapTotal:             0 kB
SwapFree:              0 kB
Dirty:                28 kB
Writeback:             0 kB
AnonPages:        282228 kB
Mapped:            85680 kB
Shmem:              3388 kB
Slab:              21592 kB
SReclaimable:       5180 kB
SUnreclaim:        16412 kB
KernelStack:        5768 kB
PageTables:         7380 kB
NFS_Unstable:          0 kB
Bounce:                0 kB
WritebackTmp:          0 kB
CommitLimit:      241032 kB
Committed_AS:    4011936 kB
VmallocTotal:     507904 kB
VmallocUsed:      130464 kB
VmallocChunk:     112576 kB
1557581970.000000
MemTotal:         482068 kB
MemFree:           13484 kB
Buffers:             736 kB
Cached:            84392 kB
SwapCached:            0 kB
Active:           327036 kB
Inactive:          38544 kB
Active(anon):     281784 kB
Inactive(anon):     3312 kB
Active(file):      45252 kB
Inactive(file):    35232 kB
Unevictable:        2032 kB
Mlocked:            6176 kB
HighTotal:             0 kB
HighFree:              0 kB
LowTotal:         482068 kB
LowFree:           13484 kB
SwapTotal:             0 kB
SwapFree:              0 kB
Dirty:                28 kB
Writeback:             0 kB
AnonPages:        282396 kB
Mapped:            85732 kB
Shmem:              3388 kB
Slab:              21600 kB
SReclaimable:       5180 kB
SUnreclaim:        16420 kB
KernelStack:        5776 kB
PageTables:         7428 kB
NFS_Unstable:          0 kB
Bounce:                0 kB
WritebackTmp:          0 kB
CommitLimit:      241032 kB
Committed_AS:    4012132 kB
VmallocTotal:     507904 kB
VmallocUsed:      130464 kB
VmallocChunk:     112576 kB
1557581971.000000
MemTotal:         482068 kB
MemFree:           13600 kB
Buffers:             724 kB
Cached:            82932 kB
SwapCached:            0 kB
Active:           325644 kB
Inactive:          39340 kB
Active(anon):     282632 kB
Inactive(anon):     3312 kB
Active(file):      43012 kB
Inactive(file):    36028 kB
Unevictable:        2032 kB
Mlocked:            6176 kB
HighTotal:             0 kB
HighFree:              0 kB
LowTotal:         482068 kB
LowFree:           13600 kB
SwapTotal:             0 kB
SwapFree:              0 kB
Dirty:                28 kB
Writeback:             0 kB
AnonPages:        283288 kB
Mapped:            85356 kB
Shmem:              3388 kB
Slab:              21604 kB
SReclaimable:       5180 kB
SUnreclaim:        16424 kB
KernelStack:        5760 kB
PageTables:         7352 kB
NFS_Unstable:          0 kB
Bounce:                0 kB
WritebackTmp:          0 kB
CommitLimit:      241032 kB
Committed_AS:    4012240 kB
VmallocTotal:     507904 kB
VmallocUsed:      130464 kB
VmallocChunk:     112576 kB
1557581972.000000
MemTotal:         482068 kB
MemFree:           12840 kB
Buffers:             712 kB
Cached:            82056 kB
SwapCached:            0 kB
Active:           325868 kB
Inactive:          39644 kB
Active(anon):     284080 kB
Inactive(anon):     3308 kB
Active(file):      41788 kB
Inactive(file):    36336 kB
Unevictable:        2032 kB
Mlocked:            6176 kB
HighTotal:             0 kB
HighFree:              0 kB
LowTotal:         482068 kB
LowFree:           12840 kB
SwapTotal:             0 kB
SwapFree:              0 kB
Dirty:                28 kB
Writeback:             0 kB
AnonPages:        284752 kB
Mapped:            85192 kB
Shmem:              3388 kB
Slab:              21592 kB
SReclaimable:       5180 kB
SUnreclaim:        16412 kB
KernelStack:        5760 kB
PageTables:         7352 kB
NFS_Unstable:          0 kB
Bounce:                0 kB
WritebackTmp:          0 kB
CommitLimit:      241032 kB
Committed_AS:    4012288 kB
VmallocTotal:     507904 kB
VmallocUsed:      130464 kB
VmallocChunk:     112576 kB
1557581972.000000
MemTotal:         482068 kB
MemFree:           13236 kB
Buffers:             712 kB
Cached:            81700 kB
SwapCached:            0 kB
Active:           325328 kB
Inactive:          39980 kB
Active(anon):     284196 kB
Inactive(anon):     3308 kB
Active(file):      41132 kB
Inactive(file):    36672 kB
Unevictable:        2032 kB
Mlocked:            6176 kB
HighTotal:             0 kB
HighFree:              0 kB
LowTotal:         482068 kB
LowFree:           13236 kB
SwapTotal:             0 kB
SwapFree:              0 kB
Dirty:                 0 kB
Writeback:             0 kB
AnonPages:        284940 kB
Mapped:            85088 kB
Shmem:              3388 kB
Slab:              21624 kB
SReclaimable:       5180 kB
SUnreclaim:        16444 kB
KernelStack:        5776 kB
PageTables:         7352 kB
NFS_Unstable:          0 kB
Bounce:                0 kB
WritebackTmp:          0 kB
CommitLimit:      241032 kB
Committed_AS:    4012328 kB
VmallocTotal:     507904 kB
VmallocUsed:      130464 kB
VmallocChunk:     112576 kB
1557581973.000000
MemTotal:         482068 kB
MemFree:           13468 kB
Buffers:             712 kB
Cached:            81404 kB
SwapCached:            0 kB
Active:           324532 kB
Inactive:          40440 kB
Active(anon):     284232 kB
Inactive(anon):     3308 kB
Active(file):      40300 kB
Inactive(file):    37132 kB
Unevictable:        2032 kB
Mlocked:            6176 kB
HighTotal:             0 kB
HighFree:              0 kB
LowTotal:         482068 kB
LowFree:           13468 kB
SwapTotal:             0 kB
SwapFree:              0 kB
Dirty:                 0 kB
Writeback:             0 kB
AnonPages:        284900 kB
Mapped:            84592 kB
Shmem:              3388 kB
Slab:              21648 kB
SReclaimable:       5180 kB
SUnreclaim:        16468 kB
KernelStack:        5752 kB
PageTables:         7376 kB
NFS_Unstable:          0 kB
Bounce:                0 kB
WritebackTmp:          0 kB
CommitLimit:      241032 kB
Committed_AS:    4012368 kB
VmallocTotal:     507904 kB
VmallocUsed:      130464 kB
VmallocChunk:     112576 kB
1557581974.000000
MemTotal:         482068 kB
MemFree:           13252 kB
Buffers:             712 kB
Cached:            81032 kB
SwapCached:            0 kB
Active:           324084 kB
Inactive:          41352 kB
Active(anon):     285028 kB
Inactive(anon):     3308 kB
Active(file):      39056 kB
Inactive(file):    38044 kB
Unevictable:        2032 kB
Mlocked:            6176 kB
HighTotal:             0 kB
HighFree:              0 kB
LowTotal:         482068 kB
LowFree:           13252 kB
SwapTotal:             0 kB
SwapFree:              0 kB
Dirty:                 0 kB
Writeback:             0 kB
AnonPages:        285740 kB
Mapped:            84032 kB
Shmem:              3388 kB
Slab:              21584 kB
SReclaimable:       5128 kB
SUnreclaim:        16456 kB
KernelStack:        5760 kB
PageTables:         7420 kB
NFS_Unstable:          0 kB
Bounce:                0 kB
WritebackTmp:          0 kB
CommitLimit:      241032 kB
Committed_AS:    4012336 kB
VmallocTotal:     507904 kB
VmallocUsed:      130464 kB
VmallocChunk:     112576 kB
1557581975.000000
MemTotal:         482068 kB
MemFree:           13228 kB
Buffers:             688 kB
Cached:            80356 kB
SwapCached:            0 kB
Active:           323628 kB
Inactive:          41552 kB
Active(anon):     285480 kB
Inactive(anon):     3308 kB
Active(file):      38148 kB
Inactive(file):    38244 kB
Unevictable:        2032 kB
Mlocked:            6176 kB
HighTotal:             0 kB
HighFree:              0 kB
LowTotal:         482068 kB
LowFree:           13228 kB
SwapTotal:             0 kB
SwapFree:              0 kB
Dirty:                 0 kB
Writeback:             0 kB
AnonPages:        286212 kB
Mapped:            83340 kB
Shmem:              3388 kB
Slab:              21576 kB
SReclaimable:       5108 kB
SUnreclaim:        16468 kB
KernelStack:        5768 kB
PageTables:         7352 kB
NFS_Unstable:          0 kB
Bounce:                0 kB
WritebackTmp:          0 kB
CommitLimit:      241032 kB
Committed_AS:    4012388 kB
VmallocTotal:     507904 kB
VmallocUsed:      130464 kB
VmallocChunk:     112576 kB
1557581976.000000
MemTotal:         482068 kB
MemFree:           13748 kB
Buffers:             648 kB
Cached:            80108 kB
SwapCached:            0 kB
Active:           323524 kB
Inactive:          41400 kB
Active(anon):     285544 kB
Inactive(anon):     3304 kB
Active(file):      37980 kB
Inactive(file):    38096 kB
Unevictable:        2032 kB
Mlocked:            6176 kB
HighTotal:             0 kB
HighFree:              0 kB
LowTotal:         482068 kB
LowFree:           13748 kB
SwapTotal:             0 kB
SwapFree:              0 kB
Dirty:                 0 kB
Writeback:             0 kB
AnonPages:        286204 kB
Mapped:            83300 kB
Shmem:              3392 kB
Slab:              21608 kB
SReclaimable:       5108 kB
SUnreclaim:        16500 kB
KernelStack:        5760 kB
PageTables:         7352 kB
NFS_Unstable:          0 kB
Bounce:                0 kB
WritebackTmp:          0 kB
CommitLimit:      241032 kB
Committed_AS:    4012512 kB
VmallocTotal:     507904 kB
VmallocUsed:      130464 kB
VmallocChunk:     112576 kB
1557581976.000000
MemTotal:         482068 kB
MemFree:           13856 kB
Buffers:             636 kB
Cached:            79792 kB
SwapCached:            0 kB
Active:           323460 kB
Inactive:          41224 kB
Active(anon):     285580 kB
Inactive(anon):     3304 kB
Active(file):      37880 kB
Inactive(file):    37920 kB
Unevictable:        2032 kB
Mlocked:            6176 kB
HighTotal:             0 kB
HighFree:              0 kB
LowTotal:         482068 kB
LowFree:           13856 kB
SwapTotal:             0 kB
SwapFree:              0 kB
Dirty:                 0 kB
Writeback:             0 kB
AnonPages:        286316 kB
Mapped:            83212 kB
Shmem:              3392 kB
Slab:              21628 kB
SReclaimable:       5108 kB
SUnreclaim:        16520 kB
KernelStack:        5760 kB
PageTables:         7352 kB
NFS_Unstable:          0 kB
Bounce:                0 kB
WritebackTmp:          0 kB
CommitLimit:      241032 kB
Committed_AS:    4012536 kB
VmallocTotal:     507904 kB
VmallocUsed:      130464 kB
VmallocChunk:     112576 kB
1557581977.000000
MemTotal:         482068 kB
MemFree:           14152 kB
Buffers:             636 kB
Cached:            79412 kB
SwapCached:            0 kB
Active:           323220 kB
Inactive:          41144 kB
Active(anon):     285632 kB
Inactive(anon):     3304 kB
Active(file):      37588 kB
Inactive(file):    37840 kB
Unevictable:        2032 kB
Mlocked:            6176 kB
HighTotal:             0 kB
HighFree:              0 kB
LowTotal:         482068 kB
LowFree:           14152 kB
SwapTotal:             0 kB
SwapFree:              0 kB
Dirty:                 0 kB
Writeback:             0 kB
AnonPages:        286240 kB
Mapped:            83136 kB
Shmem:              3392 kB
Slab:              21628 kB
SReclaimable:       5108 kB
SUnreclaim:        16520 kB
KernelStack:        5760 kB
PageTables:         7428 kB
NFS_Unstable:          0 kB
Bounce:                0 kB
WritebackTmp:          0 kB
CommitLimit:      241032 kB
Committed_AS:    4012556 kB
VmallocTotal:     507904 kB
VmallocUsed:      130464 kB
VmallocChunk:     112576 kB
1557581978.000000
MemTotal:         482068 kB
MemFree:           13980 kB
Buffers:             636 kB
Cached:            79408 kB
SwapCached:            0 kB
Active:           323264 kB
Inactive:          41116 kB
Active(anon):     285680 kB
Inactive(anon):     3304 kB
Active(file):      37584 kB
Inactive(file):    37812 kB
Unevictable:        2032 kB
Mlocked:            6176 kB
HighTotal:             0 kB
HighFree:              0 kB
LowTotal:         482068 kB
LowFree:           13980 kB
SwapTotal:             0 kB
SwapFree:              0 kB
Dirty:                 0 kB
Writeback:             0 kB
AnonPages:        286364 kB
Mapped:            83152 kB
Shmem:              3392 kB
Slab:              21668 kB
SReclaimable:       5108 kB
SUnreclaim:        16560 kB
KernelStack:        5760 kB
PageTables:         7428 kB
NFS_Unstable:          0 kB
Bounce:                0 kB
WritebackTmp:          0 kB
CommitLimit:      241032 kB
Committed_AS:    4012596 kB
VmallocTotal:     507904 kB
VmallocUsed:      130464 kB
VmallocChunk:     112576 kB
1557581979.000000
MemTotal:         482068 kB
MemFree:           13376 kB
Buffers:             648 kB
Cached:            79104 kB
SwapCached:            0 kB
Active:           324244 kB
Inactive:          40920 kB
Active(anon):     286780 kB
Inactive(anon):     3304 kB
Active(file):      37464 kB
Inactive(file):    37616 kB
Unevictable:        2032 kB
Mlocked:            6176 kB
HighTotal:             0 kB
HighFree:              0 kB
LowTotal:         482068 kB
LowFree:           13376 kB
SwapTotal:             0 kB
SwapFree:              0 kB
Dirty:                 0 kB
Writeback:             0 kB
AnonPages:        287484 kB
Mapped:            83052 kB
Shmem:              3392 kB
Slab:              21640 kB
SReclaimable:       5108 kB
SUnreclaim:        16532 kB
KernelStack:        5752 kB
PageTables:         7352 kB
NFS_Unstable:          0 kB
Bounce:                0 kB
WritebackTmp:          0 kB
CommitLimit:      241032 kB
Committed_AS:    4012608 kB
VmallocTotal:     507904 kB
VmallocUsed:      130464 kB
VmallocChunk:     112576 kB
1557581980.000000
MemTotal:         482068 kB
MemFree:           13352 kB
Buffers:             648 kB
Cached:            78964 kB
SwapCached:            0 kB
Active:           324336 kB
Inactive:          40772 kB
Active(anon):     286916 kB
Inactive(anon):     3304 kB
Active(file):      37420 kB
Inactive(file):    37468 kB
Unevictable:        2032 kB
Mlocked:            6176 kB
HighTotal:             0 kB
HighFree:              0 kB
LowTotal:         482068 kB
LowFree:           13352 kB
SwapTotal:             0 kB
SwapFree:              0 kB
Dirty:                32 kB
Writeback:             0 kB
AnonPages:        287628 kB
Mapped:            83000 kB
Shmem:              3392 kB
Slab:              21624 kB
SReclaimable:       5108 kB
SUnreclaim:        16516 kB
KernelStack:        5752 kB
PageTables:         7352 kB
NFS_Unstable:          0 kB
Bounce:                0 kB
WritebackTmp:          0 kB
CommitLimit:      241032 kB
Committed_AS:    4012528 kB
VmallocTotal:     507904 kB
VmallocUsed:      130464 kB
VmallocChunk:     112576 kB
1557581980.000000
MemTotal:         482068 kB
MemFree:           13120 kB
Buffers:             648 kB
Cached:            79008 kB
SwapCached:            0 kB
Active:           324588 kB
Inactive:          40892 kB
Active(anon):     287168 kB
Inactive(anon):     3304 kB
Active(file):      37420 kB
Inactive(file):    37588 kB
Unevictable:        2032 kB
Mlocked:            6176 kB
HighTotal:             0 kB
HighFree:              0 kB
LowTotal:         482068 kB
LowFree:           13120 kB
SwapTotal:             0 kB
SwapFree:              0 kB
Dirty:                32 kB
Writeback:             0 kB
AnonPages:        287896 kB
Mapped:            83060 kB
Shmem:              3392 kB
Slab:              21632 kB
SReclaimable:       5108 kB
SUnreclaim:        16524 kB
KernelStack:        5760 kB
PageTables:         7364 kB
NFS_Unstable:          0 kB
Bounce:                0 kB
WritebackTmp:          0 kB
CommitLimit:      241032 kB
Committed_AS:    4012616 kB
VmallocTotal:     507904 kB
VmallocUsed:      130464 kB
VmallocChunk:     112576 kB
1557581981.000000
MemTotal:         482068 kB
MemFree:           13748 kB
Buffers:             648 kB
Cached:            78400 kB
SwapCached:            0 kB
Active:           324332 kB
Inactive:          40544 kB
Active(anon):     287220 kB
Inactive(anon):     3304 kB
Active(file):      37112 kB
Inactive(file):    37240 kB
Unevictable:        2032 kB
Mlocked:            6176 kB
HighTotal:             0 kB
HighFree:              0 kB
LowTotal:         482068 kB
LowFree:           13748 kB
SwapTotal:             0 kB
SwapFree:              0 kB
Dirty:                32 kB
Writeback:             0 kB
AnonPages:        287896 kB
Mapped:            82984 kB
Shmem:              3392 kB
Slab:              21632 kB
SReclaimable:       5108 kB
SUnreclaim:        16524 kB
KernelStack:        5760 kB
PageTables:         7364 kB
NFS_Unstable:          0 kB
Bounce:                0 kB
WritebackTmp:          0 kB
CommitLimit:      241032 kB
Committed_AS:    4012616 kB
VmallocTotal:     507904 kB
VmallocUsed:      130464 kB
VmallocChunk:     112576 kB
1557581982.000000
MemTotal:         482068 kB
MemFree:           15212 kB
Buffers:             648 kB
Cached:            76756 kB
SwapCached:            0 kB
Active:           323492 kB
Inactive:          39848 kB
Active(anon):     287224 kB
Inactive(anon):     3304 kB
Active(file):      36268 kB
Inactive(file):    36544 kB
Unevictable:        2032 kB
Mlocked:            6176 kB
HighTotal:             0 kB
HighFree:              0 kB
LowTotal:         482068 kB
LowFree:           15212 kB
SwapTotal:             0 kB
SwapFree:              0 kB
Dirty:                32 kB
Writeback:             0 kB
AnonPages:        287960 kB
Mapped:            82908 kB
Shmem:              3392 kB
Slab:              21624 kB
SReclaimable:       5108 kB
SUnreclaim:        16516 kB
KernelStack:        5752 kB
PageTables:         7352 kB
NFS_Unstable:          0 kB
Bounce:                0 kB
WritebackTmp:          0 kB
CommitLimit:      241032 kB
Committed_AS:    4012520 kB
VmallocTotal:     507904 kB
VmallocUsed:      130464 kB
VmallocChunk:     112576 kB
1557581983.000000
MemTotal:         482068 kB
MemFree:           14988 kB
Buffers:             648 kB
Cached:            76120 kB
SwapCached:            0 kB
Active:           323924 kB
Inactive:          39384 kB
Active(anon):     287912 kB
Inactive(anon):     3304 kB
Active(file):      36012 kB
Inactive(file):    36080 kB
Unevictable:        2032 kB
Mlocked:            6176 kB
HighTotal:             0 kB
HighFree:              0 kB
LowTotal:         482068 kB
LowFree:           14988 kB
SwapTotal:             0 kB
SwapFree:              0 kB
Dirty:                 0 kB
Writeback:             0 kB
AnonPages:        288584 kB
Mapped:            82744 kB
Shmem:              3392 kB
Slab:              21660 kB
SReclaimable:       5108 kB
SUnreclaim:        16552 kB
KernelStack:        5744 kB
PageTables:         7352 kB
NFS_Unstable:          0 kB
Bounce:                0 kB
WritebackTmp:          0 kB
CommitLimit:      241032 kB
Committed_AS:    4012528 kB
VmallocTotal:     507904 kB
VmallocUsed:      130464 kB
VmallocChunk:     112576 kB
1557581984.000000
MemTotal:         482068 kB
MemFree:           14848 kB
Buffers:             640 kB
Cached:            75860 kB
SwapCached:            0 kB
Active:           324548 kB
Inactive:          39228 kB
Active(anon):     288620 kB
Inactive(anon):     3304 kB
Active(file):      35928 kB
Inactive(file):    35924 kB
Unevictable:        2032 kB
Mlocked:            6176 kB
HighTotal:             0 kB
HighFree:              0 kB
LowTotal:         482068 kB
LowFree:           14848 kB
SwapTotal:             0 kB
SwapFree:              0 kB
Dirty:                 0 kB
Writeback:             0 kB
AnonPages:        289304 kB
Mapped:            82724 kB
Shmem:              3392 kB
Slab:              21624 kB
SReclaimable:       5108 kB
SUnreclaim:        16516 kB
KernelStack:        5752 kB
PageTables:         7352 kB
NFS_Unstable:          0 kB
Bounce:                0 kB
WritebackTmp:          0 kB
CommitLimit:      241032 kB
Committed_AS:    4012516 kB
VmallocTotal:     507904 kB
VmallocUsed:      130464 kB
VmallocChunk:     112576 kB
1557581984.000000
MemTotal:         482068 kB
MemFree:           14864 kB
Buffers:             648 kB
Cached:            75624 kB
SwapCached:            0 kB
Active:           324424 kB
Inactive:          39112 kB
Active(anon):     288608 kB
Inactive(anon):     3304 kB
Active(file):      35816 kB
Inactive(file):    35808 kB
Unevictable:        2032 kB
Mlocked:            6176 kB
HighTotal:             0 kB
HighFree:              0 kB
LowTotal:         482068 kB
LowFree:           14864 kB
SwapTotal:             0 kB
SwapFree:              0 kB
Dirty:                28 kB
Writeback:             0 kB
AnonPages:        289320 kB
Mapped:            82628 kB
Shmem:              3392 kB
Slab:              21648 kB
SReclaimable:       5108 kB
SUnreclaim:        16540 kB
KernelStack:        5752 kB
PageTables:         7364 kB
NFS_Unstable:          0 kB
Bounce:                0 kB
WritebackTmp:          0 kB
CommitLimit:      241032 kB
Committed_AS:    4012608 kB
VmallocTotal:     507904 kB
VmallocUsed:      130464 kB
VmallocChunk:     112576 kB
1557581985.000000
MemTotal:         482068 kB
MemFree:           15360 kB
Buffers:             648 kB
Cached:            75092 kB
SwapCached:            0 kB
Active:           324372 kB
Inactive:          38860 kB
Active(anon):     288816 kB
Inactive(anon):     3304 kB
Active(file):      35556 kB
Inactive(file):    35556 kB
Unevictable:        2032 kB
Mlocked:            6176 kB
HighTotal:             0 kB
HighFree:              0 kB
LowTotal:         482068 kB
LowFree:           15360 kB
SwapTotal:             0 kB
SwapFree:              0 kB
Dirty:                28 kB
Writeback:             0 kB
AnonPages:        289472 kB
Mapped:            82704 kB
Shmem:              3392 kB
Slab:              21648 kB
SReclaimable:       5108 kB
SUnreclaim:        16540 kB
KernelStack:        5752 kB
PageTables:         7364 kB
NFS_Unstable:          0 kB
Bounce:                0 kB
WritebackTmp:          0 kB
CommitLimit:      241032 kB
Committed_AS:    4012520 kB
VmallocTotal:     507904 kB
VmallocUsed:      130464 kB
VmallocChunk:     112576 kB
1557581986.000000
MemTotal:         482068 kB
MemFree:           15624 kB
Buffers:             648 kB
Cached:            74852 kB
SwapCached:            0 kB
Active:           324272 kB
Inactive:          38760 kB
Active(anon):     288856 kB
Inactive(anon):     3304 kB
Active(file):      35416 kB
Inactive(file):    35456 kB
Unevictable:        2032 kB
Mlocked:            6176 kB
HighTotal:             0 kB
HighFree:              0 kB
LowTotal:         482068 kB
LowFree:           15624 kB
SwapTotal:             0 kB
SwapFree:              0 kB
Dirty:                28 kB
Writeback:             0 kB
AnonPages:        289524 kB
Mapped:            82660 kB
Shmem:              3392 kB
Slab:              21612 kB
SReclaimable:       5108 kB
SUnreclaim:        16504 kB
KernelStack:        5752 kB
PageTables:         7352 kB
NFS_Unstable:          0 kB
Bounce:                0 kB
WritebackTmp:          0 kB
CommitLimit:      241032 kB
Committed_AS:    4012620 kB
VmallocTotal:     507904 kB
VmallocUsed:      130464 kB
VmallocChunk:     112576 kB
1557581987.000000
MemTotal:         482068 kB
MemFree:           15960 kB
Buffers:             644 kB
Cached:            73644 kB
SwapCached:            0 kB
Active:           324752 kB
Inactive:          38140 kB
Active(anon):     289940 kB
Inactive(anon):     3304 kB
Active(file):      34812 kB
Inactive(file):    34836 kB
Unevictable:        2032 kB
Mlocked:            6176 kB
HighTotal:             0 kB
HighFree:              0 kB
LowTotal:         482068 kB
LowFree:           15960 kB
SwapTotal:             0 kB
SwapFree:              0 kB
Dirty:                28 kB
Writeback:             0 kB
AnonPages:        290580 kB
Mapped:            82576 kB
Shmem:              3392 kB
Slab:              21620 kB
SReclaimable:       5108 kB
SUnreclaim:        16512 kB
KernelStack:        5744 kB
PageTables:         7352 kB
NFS_Unstable:          0 kB
Bounce:                0 kB
WritebackTmp:          0 kB
CommitLimit:      241032 kB
Committed_AS:    4012564 kB
VmallocTotal:     507904 kB
VmallocUsed:      130464 kB
VmallocChunk:     112576 kB
1557581988.000000
MemTotal:         482068 kB
MemFree:           16448 kB
Buffers:             636 kB
Cached:            72764 kB
SwapCached:            0 kB
Active:           324240 kB
Inactive:          37764 kB
Active(anon):     289976 kB
Inactive(anon):     3304 kB
Active(file):      34264 kB
Inactive(file):    34460 kB
Unevictable:        2032 kB
Mlocked:            6176 kB
HighTotal:             0 kB
HighFree:              0 kB
LowTotal:         482068 kB
LowFree:           16448 kB
SwapTotal:             0 kB
SwapFree:              0 kB
Dirty:                28 kB
Writeback:             0 kB
AnonPages:        290660 kB
Mapped:            82444 kB
Shmem:              3392 kB
Slab:              21620 kB
SReclaimable:       5108 kB
SUnreclaim:        16512 kB
KernelStack:        5760 kB
PageTables:         7368 kB
NFS_Unstable:          0 kB
Bounce:                0 kB
WritebackTmp:          0 kB
CommitLimit:      241032 kB
Committed_AS:    4013292 kB
VmallocTotal:     507904 kB
VmallocUsed:      130464 kB
VmallocChunk:     112576 kB
1557581988.000000
MemTotal:         482068 kB
MemFree:           16340 kB
Buffers:             636 kB
Cached:            72976 kB
SwapCached:            0 kB
Active:           324272 kB
Inactive:          37940 kB
Active(anon):     289996 kB
Inactive(anon):     3304 kB
Active(file):      34276 kB
Inactive(file):    34636 kB
Unevictable:        2032 kB
Mlocked:            6176 kB
HighTotal:             0 kB
HighFree:              0 kB
LowTotal:         482068 kB
LowFree:           16340 kB
SwapTotal:             0 kB
SwapFree:              0 kB
Dirty:                 0 kB
Writeback:             0 kB
AnonPages:        290636 kB
Mapped:            82468 kB
Shmem:              3392 kB
Slab:              21596 kB
SReclaimable:       5108 kB
SUnreclaim:        16488 kB
KernelStack:        5736 kB
PageTables:         7380 kB
NFS_Unstable:          0 kB
Bounce:                0 kB
WritebackTmp:          0 kB
CommitLimit:      241032 kB
Committed_AS:    4013292 kB
VmallocTotal:     507904 kB
VmallocUsed:      130464 kB
VmallocChunk:     112576 kB
1557581989.000000
MemTotal:         482068 kB
MemFree:           16572 kB
Buffers:             636 kB
Cached:            72736 kB
SwapCached:            0 kB
Active:           324252 kB
Inactive:          37736 kB
Active(anon):     289976 kB
Inactive(anon):     3304 kB
Active(file):      34276 kB
Inactive(file):    34432 kB
Unevictable:        2032 kB
Mlocked:            6176 kB
HighTotal:             0 kB
HighFree:              0 kB
LowTotal:         482068 kB
LowFree:           16572 kB
SwapTotal:             0 kB
SwapFree:              0 kB
Dirty:                 0 kB
Writeback:             0 kB
AnonPages:        290712 kB
Mapped:            82388 kB
Shmem:              3392 kB
Slab:              21612 kB
SReclaimable:       5108 kB
SUnreclaim:        16504 kB
KernelStack:        5736 kB
PageTables:         7352 kB
NFS_Unstable:          0 kB
Bounce:                0 kB
WritebackTmp:          0 kB
CommitLimit:      241032 kB
Committed_AS:    4013388 kB
VmallocTotal:     507904 kB
VmallocUsed:      130464 kB
VmallocChunk:     112576 kB
1557581990.000000
MemTotal:         482068 kB
MemFree:           16736 kB
Buffers:             636 kB
Cached:            72252 kB
SwapCached:            0 kB
Active:           324796 kB
Inactive:          37440 kB
Active(anon):     290740 kB
Inactive(anon):     3304 kB
Active(file):      34056 kB
Inactive(file):    34136 kB
Unevictable:        2032 kB
Mlocked:            6176 kB
HighTotal:             0 kB
HighFree:              0 kB
LowTotal:         482068 kB
LowFree:           16736 kB
SwapTotal:             0 kB
SwapFree:              0 kB
Dirty:                 0 kB
Writeback:             0 kB
AnonPages:        291508 kB
Mapped:            82264 kB
Shmem:              3392 kB
Slab:              21608 kB
SReclaimable:       5108 kB
SUnreclaim:        16500 kB
KernelStack:        5744 kB
PageTables:         7352 kB
NFS_Unstable:          0 kB
Bounce:                0 kB
WritebackTmp:          0 kB
CommitLimit:      241032 kB
Committed_AS:    4013452 kB
VmallocTotal:     507904 kB
VmallocUsed:      130464 kB
VmallocChunk:     112576 kB
1557581991.000000
MemTotal:         482068 kB
MemFree:           15232 kB
Buffers:             660 kB
Cached:            72572 kB
SwapCached:            0 kB
Active:           325924 kB
Inactive:          37844 kB
Active(anon):     291872 kB
Inactive(anon):     3304 kB
Active(file):      34052 kB
Inactive(file):    34540 kB
Unevictable:        2032 kB
Mlocked:            6176 kB
HighTotal:             0 kB
HighFree:              0 kB
LowTotal:         482068 kB
LowFree:           15232 kB
SwapTotal:             0 kB
SwapFree:              0 kB
Dirty:                 0 kB
Writeback:             0 kB
AnonPages:        292556 kB
Mapped:            82340 kB
Shmem:              3392 kB
Slab:              21620 kB
SReclaimable:       5108 kB
SUnreclaim:        16512 kB
KernelStack:        5736 kB
PageTables:         7352 kB
NFS_Unstable:          0 kB
Bounce:                0 kB
WritebackTmp:          0 kB
CommitLimit:      241032 kB
Committed_AS:    4014504 kB
VmallocTotal:     507904 kB
VmallocUsed:      130464 kB
VmallocChunk:     112576 kB
1557581992.000000
MemTotal:         482068 kB
MemFree:           15456 kB
Buffers:             660 kB
Cached:            72184 kB
SwapCached:            0 kB
Active:           325692 kB
Inactive:          37420 kB
Active(anon):     291640 kB
Inactive(anon):     3304 kB
Active(file):      34052 kB
Inactive(file):    34116 kB
Unevictable:        2032 kB
Mlocked:            6176 kB
HighTotal:             0 kB
HighFree:              0 kB
LowTotal:         482068 kB
LowFree:           15456 kB
SwapTotal:             0 kB
SwapFree:              0 kB
Dirty:                32 kB
Writeback:             0 kB
AnonPages:        292312 kB
Mapped:            82288 kB
Shmem:              3392 kB
Slab:              21628 kB
SReclaimable:       5108 kB
SUnreclaim:        16520 kB
KernelStack:        5744 kB
PageTables:         7356 kB
NFS_Unstable:          0 kB
Bounce:                0 kB
WritebackTmp:          0 kB
CommitLimit:      241032 kB
Committed_AS:    4014428 kB
VmallocTotal:     507904 kB
VmallocUsed:      130464 kB
VmallocChunk:     112576 kB
1557581992.000000
MemTotal:         482068 kB
MemFree:           15828 kB
Buffers:             660 kB
Cached:            71784 kB
SwapCached:            0 kB
Active:           325416 kB
Inactive:          37384 kB
Active(anon):     291700 kB
Inactive(anon):     3304 kB
Active(file):      33716 kB
Inactive(file):    34080 kB
Unevictable:        2032 kB
Mlocked:            6176 kB
HighTotal:             0 kB
HighFree:              0 kB
LowTotal:         482068 kB
LowFree:           15828 kB
SwapTotal:             0 kB
SwapFree:              0 kB
Dirty:                32 kB
Writeback:             0 kB
AnonPages:        292308 kB
Mapped:            82248 kB
Shmem:              3392 kB
Slab:              21612 kB
SReclaimable:       5108 kB
SUnreclaim:        16504 kB
KernelStack:        5736 kB
PageTables:         7352 kB
NFS_Unstable:          0 kB
Bounce:                0 kB
WritebackTmp:          0 kB
CommitLimit:      241032 kB
Committed_AS:    4014496 kB
VmallocTotal:     507904 kB
VmallocUsed:      130464 kB
VmallocChunk:     112576 kB
1557581993.000000
MemTotal:         482068 kB
MemFree:           16108 kB
Buffers:             768 kB
Cached:            71296 kB
SwapCached:            0 kB
Active:           325152 kB
Inactive:          37168 kB
Active(anon):     291596 kB
Inactive(anon):     3304 kB
Active(file):      33556 kB
Inactive(file):    33864 kB
Unevictable:        2032 kB
Mlocked:            6176 kB
HighTotal:             0 kB
HighFree:              0 kB
LowTotal:         482068 kB
LowFree:           16108 kB
SwapTotal:             0 kB
SwapFree:              0 kB
Dirty:                32 kB
Writeback:             0 kB
AnonPages:        292384 kB
Mapped:            82248 kB
Shmem:              3392 kB
Slab:              21612 kB
SReclaimable:       5108 kB
SUnreclaim:        16504 kB
KernelStack:        5736 kB
PageTables:         7352 kB
NFS_Unstable:          0 kB
Bounce:                0 kB
WritebackTmp:          0 kB
CommitLimit:      241032 kB
Committed_AS:    4014652 kB
VmallocTotal:     507904 kB
VmallocUsed:      130464 kB
VmallocChunk:     112576 kB
1557581994.000000
MemTotal:         482068 kB
MemFree:           16208 kB
Buffers:             768 kB
Cached:            70872 kB
SwapCached:            0 kB
Active:           325332 kB
Inactive:          36912 kB
Active(anon):     291992 kB
Inactive(anon):     3304 kB
Active(file):      33340 kB
Inactive(file):    33608 kB
Unevictable:        2032 kB
Mlocked:            6176 kB
HighTotal:             0 kB
HighFree:              0 kB
LowTotal:         482068 kB
LowFree:           16208 kB
SwapTotal:             0 kB
SwapFree:              0 kB
Dirty:                32 kB
Writeback:             0 kB
AnonPages:        292700 kB
Mapped:            82232 kB
Shmem:              3392 kB
Slab:              21608 kB
SReclaimable:       5108 kB
SUnreclaim:        16500 kB
KernelStack:        5744 kB
PageTables:         7352 kB
NFS_Unstable:          0 kB
Bounce:                0 kB
WritebackTmp:          0 kB
CommitLimit:      241032 kB
Committed_AS:    4014592 kB
VmallocTotal:     507904 kB
VmallocUsed:      130464 kB
VmallocChunk:     112576 kB
1557581995.000000
MemTotal:         482068 kB
MemFree:           14968 kB
Buffers:             768 kB
Cached:            69992 kB
SwapCached:            0 kB
Active:           327360 kB
Inactive:          36368 kB
Active(anon):     294336 kB
Inactive(anon):     3304 kB
Active(file):      33024 kB
Inactive(file):    33064 kB
Unevictable:        2032 kB
Mlocked:            6176 kB
HighTotal:             0 kB
HighFree:              0 kB
LowTotal:         482068 kB
LowFree:           14968 kB
SwapTotal:             0 kB
SwapFree:              0 kB
Dirty:                 0 kB
Writeback:             0 kB
AnonPages:        295092 kB
Mapped:            82200 kB
Shmem:              3392 kB
Slab:              21648 kB
SReclaimable:       5108 kB
SUnreclaim:        16540 kB
KernelStack:        5736 kB
PageTables:         7352 kB
NFS_Unstable:          0 kB
Bounce:                0 kB
WritebackTmp:          0 kB
CommitLimit:      241032 kB
Committed_AS:    4015644 kB
VmallocTotal:     507904 kB
VmallocUsed:      130464 kB
VmallocChunk:     112576 kB
1557581995.000000
MemTotal:         482068 kB
MemFree:           16076 kB
Buffers:             768 kB
Cached:            69592 kB
SwapCached:            0 kB
Active:           326112 kB
Inactive:          36248 kB
Active(anon):     293348 kB
Inactive(anon):     3300 kB
Active(file):      32764 kB
Inactive(file):    32948 kB
Unevictable:        2032 kB
Mlocked:            6176 kB
HighTotal:             0 kB
HighFree:              0 kB
LowTotal:         482068 kB
LowFree:           16076 kB
SwapTotal:             0 kB
SwapFree:              0 kB
Dirty:                 0 kB
Writeback:             0 kB
AnonPages:        294088 kB
Mapped:            82080 kB
Shmem:              3392 kB
Slab:              21616 kB
SReclaimable:       5108 kB
SUnreclaim:        16508 kB
KernelStack:        5744 kB
PageTables:         7364 kB
NFS_Unstable:          0 kB
Bounce:                0 kB
WritebackTmp:          0 kB
CommitLimit:      241032 kB
Committed_AS:    4015668 kB
VmallocTotal:     507904 kB
VmallocUsed:      130464 kB
VmallocChunk:     112576 kB
1557581996.000000
MemTotal:         482068 kB
MemFree:           16820 kB
Buffers:             768 kB
Cached:            69364 kB
SwapCached:            0 kB
Active:           325600 kB
Inactive:          36152 kB
Active(anon):     292984 kB
Inactive(anon):     3300 kB
Active(file):      32616 kB
Inactive(file):    32852 kB
Unevictable:        2032 kB
Mlocked:            6176 kB
HighTotal:             0 kB
HighFree:              0 kB
LowTotal:         482068 kB
LowFree:           16820 kB
SwapTotal:             0 kB
SwapFree:              0 kB
Dirty:                 0 kB
Writeback:             0 kB
AnonPages:        293632 kB
Mapped:            82080 kB
Shmem:              3392 kB
Slab:              21616 kB
SReclaimable:       5108 kB
SUnreclaim:        16508 kB
KernelStack:        5744 kB
PageTables:         7364 kB
NFS_Unstable:          0 kB
Bounce:                0 kB
WritebackTmp:          0 kB
CommitLimit:      241032 kB
Committed_AS:    4015660 kB
VmallocTotal:     507904 kB
VmallocUsed:      130464 kB
VmallocChunk:     112576 kB
1557581997.000000
MemTotal:         482068 kB
MemFree:           16836 kB
Buffers:             776 kB
Cached:            69348 kB
SwapCached:            0 kB
Active:           325612 kB
Inactive:          36160 kB
Active(anon):     292996 kB
Inactive(anon):     3300 kB
Active(file):      32616 kB
Inactive(file):    32860 kB
Unevictable:        2032 kB
Mlocked:            6176 kB
HighTotal:             0 kB
HighFree:              0 kB
LowTotal:         482068 kB
LowFree:           16836 kB
SwapTotal:             0 kB
SwapFree:              0 kB
Dirty:                28 kB
Writeback:             0 kB
AnonPages:        293676 kB
Mapped:            82108 kB
Shmem:              3392 kB
Slab:              21608 kB
SReclaimable:       5108 kB
SUnreclaim:        16500 kB
KernelStack:        5744 kB
PageTables:         7352 kB
NFS_Unstable:          0 kB
Bounce:                0 kB
WritebackTmp:          0 kB
CommitLimit:      241032 kB
Committed_AS:    4015716 kB
VmallocTotal:     507904 kB
VmallocUsed:      130464 kB
VmallocChunk:     112576 kB
1557581998.000000
MemTotal:         482068 kB
MemFree:           16936 kB
Buffers:             776 kB
Cached:            69136 kB
SwapCached:            0 kB
Active:           325656 kB
Inactive:          35956 kB
Active(anon):     293060 kB
Inactive(anon):     3296 kB
Active(file):      32596 kB
Inactive(file):    32660 kB
Unevictable:        2032 kB
Mlocked:            6176 kB
HighTotal:             0 kB
HighFree:              0 kB
LowTotal:         482068 kB
LowFree:           16936 kB
SwapTotal:             0 kB
SwapFree:              0 kB
Dirty:                28 kB
Writeback:             0 kB
AnonPages:        293728 kB
Mapped:            82092 kB
Shmem:              3400 kB
Slab:              21600 kB
SReclaimable:       5108 kB
SUnreclaim:        16492 kB
KernelStack:        5736 kB
PageTables:         7352 kB
NFS_Unstable:          0 kB
Bounce:                0 kB
WritebackTmp:          0 kB
CommitLimit:      241032 kB
Committed_AS:    4015736 kB
VmallocTotal:     507904 kB
VmallocUsed:      130464 kB
VmallocChunk:     112576 kB
1557581999.000000
MemTotal:         482068 kB
MemFree:           16696 kB
Buffers:             776 kB
Cached:            68248 kB
SwapCached:            0 kB
Active:           326372 kB
Inactive:          35548 kB
Active(anon):     294204 kB
Inactive(anon):     3296 kB
Active(file):      32168 kB
Inactive(file):    32252 kB
Unevictable:        2032 kB
Mlocked:            6176 kB
HighTotal:             0 kB
HighFree:              0 kB
LowTotal:         482068 kB
LowFree:           16696 kB
SwapTotal:             0 kB
SwapFree:              0 kB
Dirty:                28 kB
Writeback:             0 kB
AnonPages:        294896 kB
Mapped:            82020 kB
Shmem:              3400 kB
Slab:              21612 kB
SReclaimable:       5108 kB
SUnreclaim:        16504 kB
KernelStack:        5752 kB
PageTables:         7364 kB
NFS_Unstable:          0 kB
Bounce:                0 kB
WritebackTmp:          0 kB
CommitLimit:      241032 kB
Committed_AS:    4017812 kB
VmallocTotal:     507904 kB
VmallocUsed:      130464 kB
VmallocChunk:     112576 kB
1557581999.000000
MemTotal:         482068 kB
MemFree:           16696 kB
Buffers:             680 kB
Cached:            67944 kB
SwapCached:            0 kB
Active:           326508 kB
Inactive:          35316 kB
Active(anon):     294556 kB
Inactive(anon):     3296 kB
Active(file):      31952 kB
Inactive(file):    32020 kB
Unevictable:        2032 kB
Mlocked:            6176 kB
HighTotal:             0 kB
HighFree:              0 kB
LowTotal:         482068 kB
LowFree:           16696 kB
SwapTotal:             0 kB
SwapFree:              0 kB
Dirty:                 0 kB
Writeback:            28 kB
AnonPages:        295228 kB
Mapped:            81996 kB
Shmem:              3400 kB
Slab:              21640 kB
SReclaimable:       5108 kB
SUnreclaim:        16532 kB
KernelStack:        5744 kB
PageTables:         7364 kB
NFS_Unstable:          0 kB
Bounce:                0 kB
WritebackTmp:          0 kB
CommitLimit:      241032 kB
Committed_AS:    4017832 kB
VmallocTotal:     507904 kB
VmallocUsed:      130464 kB
VmallocChunk:     112576 kB
1557582000.000000
MemTotal:         482068 kB
MemFree:           17100 kB
Buffers:             680 kB
Cached:            67412 kB
SwapCached:            0 kB
Active:           326172 kB
Inactive:          35144 kB
Active(anon):     294556 kB
Inactive(anon):     3296 kB
Active(file):      31616 kB
Inactive(file):    31848 kB
Unevictable:        2032 kB
Mlocked:            6176 kB
HighTotal:             0 kB
HighFree:              0 kB
LowTotal:         482068 kB
LowFree:           17100 kB
SwapTotal:             0 kB
SwapFree:              0 kB
Dirty:                 0 kB
Writeback:            28 kB
AnonPages:        295228 kB
Mapped:            81920 kB
Shmem:              3400 kB
Slab:              21640 kB
SReclaimable:       5108 kB
SUnreclaim:        16532 kB
KernelStack:        5744 kB
PageTables:         7364 kB
NFS_Unstable:          0 kB
Bounce:                0 kB
WritebackTmp:          0 kB
CommitLimit:      241032 kB
Committed_AS:    4017856 kB
VmallocTotal:     507904 kB
VmallocUsed:      130464 kB
VmallocChunk:     112576 kB
1557582001.000000
MemTotal:         482068 kB
MemFree:           17232 kB
Buffers:             680 kB
Cached:            67436 kB
SwapCached:            0 kB
Active:           326132 kB
Inactive:          35148 kB
Active(anon):     294524 kB
Inactive(anon):     3296 kB
Active(file):      31608 kB
Inactive(file):    31852 kB
Unevictable:        2032 kB
Mlocked:            6176 kB
HighTotal:             0 kB
HighFree:              0 kB
LowTotal:         482068 kB
LowFree:           17232 kB
SwapTotal:             0 kB
SwapFree:              0 kB
Dirty:                 0 kB
Writeback:             0 kB
AnonPages:        295300 kB
Mapped:            81876 kB
Shmem:              3400 kB
Slab:              21652 kB
SReclaimable:       5108 kB
SUnreclaim:        16544 kB
KernelStack:        5744 kB
PageTables:         7356 kB
NFS_Unstable:          0 kB
Bounce:                0 kB
WritebackTmp:          0 kB
CommitLimit:      241032 kB
Committed_AS:    4017876 kB
VmallocTotal:     507904 kB
VmallocUsed:      130464 kB
VmallocChunk:     112576 kB
1557582002.000000
MemTotal:         482068 kB
MemFree:           17828 kB
Buffers:             680 kB
Cached:            66792 kB
SwapCached:            0 kB
Active:           325944 kB
Inactive:          34800 kB
Active(anon):     294636 kB
Inactive(anon):     3296 kB
Active(file):      31308 kB
Inactive(file):    31504 kB
Unevictable:        2032 kB
Mlocked:            6176 kB
HighTotal:             0 kB
HighFree:              0 kB
LowTotal:         482068 kB
LowFree:           17828 kB
SwapTotal:             0 kB
SwapFree:              0 kB
Dirty:                 0 kB
Writeback:             0 kB
AnonPages:        295340 kB
Mapped:            81460 kB
Shmem:              3400 kB
Slab:              21624 kB
SReclaimable:       5108 kB
SUnreclaim:        16516 kB
KernelStack:        5736 kB
PageTables:         7356 kB
NFS_Unstable:          0 kB
Bounce:                0 kB
WritebackTmp:          0 kB
CommitLimit:      241032 kB
Committed_AS:    4017892 kB
VmallocTotal:     507904 kB
VmallocUsed:      130464 kB
VmallocChunk:     112576 kB
1557582003.000000
MemTotal:         482068 kB
MemFree:           17464 kB
Buffers:             680 kB
Cached:            66480 kB
SwapCached:            0 kB
Active:           326536 kB
Inactive:          34584 kB
Active(anon):     295324 kB
Inactive(anon):     3296 kB
Active(file):      31212 kB
Inactive(file):    31288 kB
Unevictable:        2032 kB
Mlocked:            6176 kB
HighTotal:             0 kB
HighFree:              0 kB
LowTotal:         482068 kB
LowFree:           17464 kB
SwapTotal:             0 kB
SwapFree:              0 kB
Dirty:                 4 kB
Writeback:             0 kB
AnonPages:        296028 kB
Mapped:            81028 kB
Shmem:              3400 kB
Slab:              21608 kB
SReclaimable:       5108 kB
SUnreclaim:        16500 kB
KernelStack:        5752 kB
PageTables:         7364 kB
NFS_Unstable:          0 kB
Bounce:                0 kB
WritebackTmp:          0 kB
CommitLimit:      241032 kB
Committed_AS:    4017904 kB
VmallocTotal:     507904 kB
VmallocUsed:      130464 kB
VmallocChunk:     112576 kB
1557582003.000000
MemTotal:         482068 kB
MemFree:           16556 kB
Buffers:             680 kB
Cached:            66480 kB
SwapCached:            0 kB
Active:           327660 kB
Inactive:          34584 kB
Active(anon):     296444 kB
Inactive(anon):     3296 kB
Active(file):      31216 kB
Inactive(file):    31288 kB
Unevictable:        2032 kB
Mlocked:            6176 kB
HighTotal:             0 kB
HighFree:              0 kB
LowTotal:         482068 kB
LowFree:           16556 kB
SwapTotal:             0 kB
SwapFree:              0 kB
Dirty:                 4 kB
Writeback:             0 kB
AnonPages:        297116 kB
Mapped:            81064 kB
Shmem:              3400 kB
Slab:              21596 kB
SReclaimable:       5108 kB
SUnreclaim:        16488 kB
KernelStack:        5744 kB
PageTables:         7372 kB
NFS_Unstable:          0 kB
Bounce:                0 kB
WritebackTmp:          0 kB
CommitLimit:      241032 kB
Committed_AS:    4018932 kB
VmallocTotal:     507904 kB
VmallocUsed:      130464 kB
VmallocChunk:     112576 kB
1557582004.000000
MemTotal:         482068 kB
MemFree:           16572 kB
Buffers:             680 kB
Cached:            66252 kB
SwapCached:            0 kB
Active:           327596 kB
Inactive:          34496 kB
Active(anon):     296496 kB
Inactive(anon):     3296 kB
Active(file):      31100 kB
Inactive(file):    31200 kB
Unevictable:        2032 kB
Mlocked:            6176 kB
HighTotal:             0 kB
HighFree:              0 kB
LowTotal:         482068 kB
LowFree:           16572 kB
SwapTotal:             0 kB
SwapFree:              0 kB
Dirty:                 4 kB
Writeback:             0 kB
AnonPages:        297116 kB
Mapped:            80836 kB
Shmem:              3400 kB
Slab:              21596 kB
SReclaimable:       5108 kB
SUnreclaim:        16488 kB
KernelStack:        5744 kB
PageTables:         7372 kB
NFS_Unstable:          0 kB
Bounce:                0 kB
WritebackTmp:          0 kB
CommitLimit:      241032 kB
Committed_AS:    4018812 kB
VmallocTotal:     507904 kB
VmallocUsed:      130464 kB
VmallocChunk:     112576 kB
1557582005.000000
MemTotal:         482068 kB
MemFree:           17184 kB
Buffers:             676 kB
Cached:            65976 kB
SwapCached:            0 kB
Active:           327044 kB
Inactive:          34332 kB
Active(anon):     296076 kB
Inactive(anon):     3296 kB
Active(file):      30968 kB
Inactive(file):    31036 kB
Unevictable:        2032 kB
Mlocked:            6176 kB
HighTotal:             0 kB
HighFree:              0 kB
LowTotal:         482068 kB
LowFree:           17184 kB
SwapTotal:             0 kB
SwapFree:              0 kB
Dirty:                 4 kB
Writeback:             0 kB
AnonPages:        296680 kB
Mapped:            80648 kB
Shmem:              3400 kB
Slab:              21588 kB
SReclaimable:       5108 kB
SUnreclaim:        16480 kB
KernelStack:        5744 kB
PageTables:         7436 kB
NFS_Unstable:          0 kB
Bounce:                0 kB
WritebackTmp:          0 kB
CommitLimit:      241032 kB
Committed_AS:    4018932 kB
VmallocTotal:     507904 kB
VmallocUsed:      130464 kB
VmallocChunk:     112576 kB
1557582006.000000
MemTotal:         482068 kB
MemFree:           17928 kB
Buffers:             672 kB
Cached:            65288 kB
SwapCached:            0 kB
Active:           326692 kB
Inactive:          33940 kB
Active(anon):     296080 kB
Inactive(anon):     3296 kB
Active(file):      30612 kB
Inactive(file):    30644 kB
Unevictable:        2032 kB
Mlocked:            6176 kB
HighTotal:             0 kB
HighFree:              0 kB
LowTotal:         482068 kB
LowFree:           17928 kB
SwapTotal:             0 kB
SwapFree:              0 kB
Dirty:                 0 kB
Writeback:             0 kB
AnonPages:        296724 kB
Mapped:            80036 kB
Shmem:              3400 kB
Slab:              21592 kB
SReclaimable:       5108 kB
SUnreclaim:        16484 kB
KernelStack:        5736 kB
PageTables:         7360 kB
NFS_Unstable:          0 kB
Bounce:                0 kB
WritebackTmp:          0 kB
CommitLimit:      241032 kB
Committed_AS:    4018812 kB
VmallocTotal:     507904 kB
VmallocUsed:      130464 kB
VmallocChunk:     112576 kB
1557582006.000000
MemTotal:         482068 kB
MemFree:           19084 kB
Buffers:             660 kB
Cached:            63404 kB
SwapCached:            0 kB
Active:           326300 kB
Inactive:          33168 kB
Active(anon):     296784 kB
Inactive(anon):     3296 kB
Active(file):      29516 kB
Inactive(file):    29872 kB
Unevictable:        2032 kB
Mlocked:            6176 kB
HighTotal:             0 kB
HighFree:              0 kB
LowTotal:         482068 kB
LowFree:           19084 kB
SwapTotal:             0 kB
SwapFree:              0 kB
Dirty:                 0 kB
Writeback:             0 kB
AnonPages:        297460 kB
Mapped:            78228 kB
Shmem:              3400 kB
Slab:              21656 kB
SReclaimable:       5108 kB
SUnreclaim:        16548 kB
KernelStack:        5752 kB
PageTables:         7360 kB
NFS_Unstable:          0 kB
Bounce:                0 kB
WritebackTmp:          0 kB
CommitLimit:      241032 kB
Committed_AS:    4018876 kB
VmallocTotal:     507904 kB
VmallocUsed:      130464 kB
VmallocChunk:     112576 kB
1557582007.000000
MemTotal:         482068 kB
MemFree:           17928 kB
Buffers:             684 kB
Cached:            63736 kB
SwapCached:            0 kB
Active:           327424 kB
Inactive:          33552 kB
Active(anon):     297916 kB
Inactive(anon):     3296 kB
Active(file):      29508 kB
Inactive(file):    30256 kB
Unevictable:        2032 kB
Mlocked:            6176 kB
HighTotal:             0 kB
HighFree:              0 kB
LowTotal:         482068 kB
LowFree:           17928 kB
SwapTotal:             0 kB
SwapFree:              0 kB
Dirty:                36 kB
Writeback:             0 kB
AnonPages:        298576 kB
Mapped:            78072 kB
Shmem:              3400 kB
Slab:              21612 kB
SReclaimable:       5108 kB
SUnreclaim:        16504 kB
KernelStack:        5744 kB
PageTables:         7372 kB
NFS_Unstable:          0 kB
Bounce:                0 kB
WritebackTmp:          0 kB
CommitLimit:      241032 kB
Committed_AS:    4019956 kB
VmallocTotal:     507904 kB
VmallocUsed:      130464 kB
VmallocChunk:     112576 kB
1557582008.000000
MemTotal:         482068 kB
MemFree:           16812 kB
Buffers:             684 kB
Cached:            65104 kB
SwapCached:            0 kB
Active:           327320 kB
Inactive:          34988 kB
Active(anon):     297916 kB
Inactive(anon):     3296 kB
Active(file):      29404 kB
Inactive(file):    31692 kB
Unevictable:        2032 kB
Mlocked:            6176 kB
HighTotal:             0 kB
HighFree:              0 kB
LowTotal:         482068 kB
LowFree:           16812 kB
SwapTotal:             0 kB
SwapFree:              0 kB
Dirty:                36 kB
Writeback:             0 kB
AnonPages:        298576 kB
Mapped:            76628 kB
Shmem:              3400 kB
Slab:              21560 kB
SReclaimable:       5108 kB
SUnreclaim:        16452 kB
KernelStack:        5744 kB
PageTables:         7372 kB
NFS_Unstable:          0 kB
Bounce:                0 kB
WritebackTmp:          0 kB
CommitLimit:      241032 kB
Committed_AS:    4019860 kB
VmallocTotal:     507904 kB
VmallocUsed:      130464 kB
VmallocChunk:     112576 kB
1557582009.000000
MemTotal:         482068 kB
MemFree:           15544 kB
Buffers:             660 kB
Cached:            65992 kB
SwapCached:            0 kB
Active:           327356 kB
Inactive:          35940 kB
Active(anon):     297936 kB
Inactive(anon):     3296 kB
Active(file):      29420 kB
Inactive(file):    32644 kB
Unevictable:        2032 kB
Mlocked:            6176 kB
HighTotal:             0 kB
HighFree:              0 kB
LowTotal:         482068 kB
LowFree:           15544 kB
SwapTotal:             0 kB
SwapFree:              0 kB
Dirty:                 8 kB
Writeback:             0 kB
AnonPages:        298664 kB
Mapped:            75900 kB
Shmem:              3400 kB
Slab:              21536 kB
SReclaimable:       5108 kB
SUnreclaim:        16428 kB
KernelStack:        5744 kB
PageTables:         7360 kB
NFS_Unstable:          0 kB
Bounce:                0 kB
WritebackTmp:          0 kB
CommitLimit:      241032 kB
Committed_AS:    4019860 kB
VmallocTotal:     507904 kB
VmallocUsed:      130464 kB
VmallocChunk:     112576 kB
1557582010.000000
MemTotal:         482068 kB
MemFree:           15800 kB
Buffers:             660 kB
Cached:            65608 kB
SwapCached:            0 kB
Active:           327500 kB
Inactive:          35464 kB
Active(anon):     298104 kB
Inactive(anon):     3296 kB
Active(file):      29396 kB
Inactive(file):    32168 kB
Unevictable:        2032 kB
Mlocked:            6176 kB
HighTotal:             0 kB
HighFree:              0 kB
LowTotal:         482068 kB
LowFree:           15800 kB
SwapTotal:             0 kB
SwapFree:              0 kB
Dirty:                 0 kB
Writeback:             0 kB
AnonPages:        298872 kB
Mapped:            75848 kB
Shmem:              3400 kB
Slab:              21564 kB
SReclaimable:       5108 kB
SUnreclaim:        16456 kB
KernelStack:        5736 kB
PageTables:         7360 kB
NFS_Unstable:          0 kB
Bounce:                0 kB
WritebackTmp:          0 kB
CommitLimit:      241032 kB
Committed_AS:    4019896 kB
VmallocTotal:     507904 kB
VmallocUsed:      130464 kB
VmallocChunk:     112576 kB
1557582011.000000
MemTotal:         482068 kB
MemFree:           15396 kB
Buffers:             612 kB
Cached:            65580 kB
SwapCached:            0 kB
Active:           327648 kB
Inactive:          35372 kB
Active(anon):     298276 kB
Inactive(anon):     3296 kB
Active(file):      29372 kB
Inactive(file):    32076 kB
Unevictable:        2032 kB
Mlocked:            6176 kB
HighTotal:             0 kB
HighFree:              0 kB
LowTotal:         482068 kB
LowFree:           15396 kB
SwapTotal:             0 kB
SwapFree:              0 kB
Dirty:                 0 kB
Writeback:             0 kB
AnonPages:        298984 kB
Mapped:            75692 kB
Shmem:              3400 kB
Slab:              21588 kB
SReclaimable:       5108 kB
SUnreclaim:        16480 kB
KernelStack:        5744 kB
PageTables:         7436 kB
NFS_Unstable:          0 kB
Bounce:                0 kB
WritebackTmp:          0 kB
CommitLimit:      241032 kB
Committed_AS:    4020072 kB
VmallocTotal:     507904 kB
VmallocUsed:      130464 kB
VmallocChunk:     112576 kB
1557582011.000000
MemTotal:         482068 kB
MemFree:           16164 kB
Buffers:             612 kB
Cached:            64840 kB
SwapCached:            0 kB
Active:           327644 kB
Inactive:          34720 kB
Active(anon):     298272 kB
Inactive(anon):     3296 kB
Active(file):      29372 kB
Inactive(file):    31424 kB
Unevictable:        2032 kB
Mlocked:            6176 kB
HighTotal:             0 kB
HighFree:              0 kB
LowTotal:         482068 kB
LowFree:           16164 kB
SwapTotal:             0 kB
SwapFree:              0 kB
Dirty:                 0 kB
Writeback:             0 kB
AnonPages:        298980 kB
Mapped:            74992 kB
Shmem:              3400 kB
Slab:              21588 kB
SReclaimable:       5108 kB
SUnreclaim:        16480 kB
KernelStack:        5720 kB
PageTables:         7384 kB
NFS_Unstable:          0 kB
Bounce:                0 kB
WritebackTmp:          0 kB
CommitLimit:      241032 kB
Committed_AS:    4020104 kB
VmallocTotal:     507904 kB
VmallocUsed:      130464 kB
VmallocChunk:     112576 kB
1557582012.000000
MemTotal:         482068 kB
MemFree:           16768 kB
Buffers:             556 kB
Cached:            64348 kB
SwapCached:            0 kB
Active:           327720 kB
Inactive:          34148 kB
Active(anon):     298364 kB
Inactive(anon):     3296 kB
Active(file):      29356 kB
Inactive(file):    30852 kB
Unevictable:        2032 kB
Mlocked:            6176 kB
HighTotal:             0 kB
HighFree:              0 kB
LowTotal:         482068 kB
LowFree:           16768 kB
SwapTotal:             0 kB
SwapFree:              0 kB
Dirty:                 0 kB
Writeback:             0 kB
AnonPages:        298984 kB
Mapped:            74776 kB
Shmem:              3400 kB
Slab:              21552 kB
SReclaimable:       5108 kB
SUnreclaim:        16444 kB
KernelStack:        5744 kB
PageTables:         7368 kB
NFS_Unstable:          0 kB
Bounce:                0 kB
WritebackTmp:          0 kB
CommitLimit:      241032 kB
Committed_AS:    4020128 kB
VmallocTotal:     507904 kB
VmallocUsed:      130464 kB
VmallocChunk:     112576 kB
1557582013.000000
MemTotal:         482068 kB
MemFree:           16752 kB
Buffers:             460 kB
Cached:            64336 kB
SwapCached:            0 kB
Active:           327780 kB
Inactive:          34100 kB
Active(anon):     298452 kB
Inactive(anon):     3296 kB
Active(file):      29328 kB
Inactive(file):    30804 kB
Unevictable:        2032 kB
Mlocked:            6176 kB
HighTotal:             0 kB
HighFree:              0 kB
LowTotal:         482068 kB
LowFree:           16752 kB
SwapTotal:             0 kB
SwapFree:              0 kB
Dirty:                 0 kB
Writeback:             0 kB
