MemTotal:         482068 kB
MemFree:            4260 kB
Buffers:            1048 kB
Cached:           105224 kB
SwapCached:            0 kB
Active:           348000 kB
Inactive:          60492 kB
Active(anon):     303068 kB
Inactive(anon):      760 kB
Active(file):      44932 kB
Inactive(file):    59732 kB
Unevictable:        1256 kB
Mlocked:               0 kB
HighTotal:             0 kB
HighFree:              0 kB
LowTotal:         482068 kB
LowFree:            4260 kB
SwapTotal:             0 kB
SwapFree:              0 kB
Dirty:                 0 kB
Writeback:             0 kB
AnonPages:        303452 kB
Mapped:            61844 kB
Shmem:               344 kB
Slab:              16608 kB
SReclaimable:       4764 kB
SUnreclaim:        11844 kB
KernelStack:        4880 kB
PageTables:         6640 kB
NFS_Unstable:          0 kB
Bounce:                0 kB
WritebackTmp:          0 kB
CommitLimit:      241032 kB
Committed_AS:    3830476 kB
VmallocTotal:     507904 kB
VmallocUsed:      110748 kB
VmallocChunk:     112576 kB
1557574950.000000
MemTotal:         482068 kB
MemFree:            4104 kB
Buffers:            1060 kB
Cached:           103696 kB
SwapCached:            0 kB
Active:           358604 kB
Inactive:          53196 kB
Active(anon):     307932 kB
Inactive(anon):      760 kB
Active(file):      50672 kB
Inactive(file):    52436 kB
Unevictable:        1256 kB
Mlocked:               0 kB
HighTotal:             0 kB
HighFree:              0 kB
LowTotal:         482068 kB
LowFree:            4104 kB
SwapTotal:             0 kB
SwapFree:              0 kB
Dirty:                28 kB
Writeback:             0 kB
AnonPages:        308372 kB
Mapped:            65188 kB
Shmem:               344 kB
Slab:              16596 kB
SReclaimable:       4764 kB
SUnreclaim:        11832 kB
KernelStack:        4992 kB
PageTables:         6700 kB
NFS_Unstable:          0 kB
Bounce:                0 kB
WritebackTmp:          0 kB
CommitLimit:      241032 kB
Committed_AS:    3836132 kB
VmallocTotal:     507904 kB
VmallocUsed:      107532 kB
VmallocChunk:     112576 kB
1557574951.000000
MemTotal:         482068 kB
MemFree:            3784 kB
Buffers:             856 kB
Cached:            98808 kB
SwapCached:            0 kB
Active:           360064 kB
Inactive:          49928 kB
Active(anon):     311260 kB
Inactive(anon):      760 kB
Active(file):      48804 kB
Inactive(file):    49168 kB
Unevictable:        1256 kB
Mlocked:               0 kB
HighTotal:             0 kB
HighFree:              0 kB
LowTotal:         482068 kB
LowFree:            3784 kB
SwapTotal:             0 kB
SwapFree:              0 kB
Dirty:               104 kB
Writeback:             0 kB
AnonPages:        311716 kB
Mapped:            69900 kB
Shmem:               344 kB
Slab:              16596 kB
SReclaimable:       4764 kB
SUnreclaim:        11832 kB
KernelStack:        4992 kB
PageTables:         6852 kB
NFS_Unstable:          0 kB
Bounce:                0 kB
WritebackTmp:          0 kB
CommitLimit:      241032 kB
Committed_AS:    3840324 kB
VmallocTotal:     507904 kB
VmallocUsed:      109336 kB
VmallocChunk:     112576 kB
1557574952.000000
MemTotal:         482068 kB
MemFree:            4420 kB
Buffers:             524 kB
Cached:            88072 kB
SwapCached:            0 kB
Active:           361236 kB
Inactive:          43780 kB
Active(anon):     317360 kB
Inactive(anon):      760 kB
Active(file):      43876 kB
Inactive(file):    43020 kB
Unevictable:        1256 kB
Mlocked:               0 kB
HighTotal:             0 kB
HighFree:              0 kB
LowTotal:         482068 kB
LowFree:            4420 kB
SwapTotal:             0 kB
SwapFree:              0 kB
Dirty:                24 kB
Writeback:             0 kB
AnonPages:        317752 kB
Mapped:            71732 kB
Shmem:               344 kB
Slab:              16648 kB
SReclaimable:       4764 kB
SUnreclaim:        11884 kB
KernelStack:        5048 kB
PageTables:         6856 kB
NFS_Unstable:          0 kB
Bounce:                0 kB
WritebackTmp:          0 kB
CommitLimit:      241032 kB
Committed_AS:    3847004 kB
VmallocTotal:     507904 kB
VmallocUsed:      110960 kB
VmallocChunk:     112576 kB
1557574953.000000
MemTotal:         482068 kB
MemFree:            3560 kB
Buffers:             568 kB
Cached:            84140 kB
SwapCached:            0 kB
Active:           362940 kB
Inactive:          42376 kB
Active(anon):     321600 kB
Inactive(anon):      760 kB
Active(file):      41340 kB
Inactive(file):    41616 kB
Unevictable:        1256 kB
Mlocked:               0 kB
HighTotal:             0 kB
HighFree:              0 kB
LowTotal:         482068 kB
LowFree:            3560 kB
SwapTotal:             0 kB
SwapFree:              0 kB
Dirty:                48 kB
Writeback:             0 kB
AnonPages:        322032 kB
Mapped:            74708 kB
Shmem:               344 kB
Slab:              16644 kB
SReclaimable:       4764 kB
SUnreclaim:        11880 kB
KernelStack:        5192 kB
PageTables:         6840 kB
NFS_Unstable:          0 kB
Bounce:                0 kB
WritebackTmp:          0 kB
CommitLimit:      241032 kB
Committed_AS:    3851240 kB
VmallocTotal:     507904 kB
VmallocUsed:      109352 kB
VmallocChunk:     112576 kB
1557574953.000000
MemTotal:         482068 kB
MemFree:            4412 kB
Buffers:             520 kB
Cached:            79096 kB
SwapCached:            0 kB
Active:           366672 kB
Inactive:          39888 kB
Active(anon):     327788 kB
Inactive(anon):      760 kB
Active(file):      38884 kB
Inactive(file):    39128 kB
Unevictable:        1256 kB
Mlocked:               0 kB
HighTotal:             0 kB
HighFree:              0 kB
LowTotal:         482068 kB
LowFree:            4412 kB
SwapTotal:             0 kB
SwapFree:              0 kB
Dirty:                48 kB
Writeback:             0 kB
AnonPages:        328264 kB
Mapped:            74100 kB
Shmem:               344 kB
Slab:              16644 kB
SReclaimable:       4764 kB
SUnreclaim:        11880 kB
KernelStack:        5192 kB
PageTables:         6916 kB
NFS_Unstable:          0 kB
Bounce:                0 kB
WritebackTmp:          0 kB
CommitLimit:      241032 kB
Committed_AS:    3858368 kB
VmallocTotal:     507904 kB
VmallocUsed:      109352 kB
VmallocChunk:     112576 kB
1557574954.000000
MemTotal:         482068 kB
MemFree:            3760 kB
Buffers:             532 kB
Cached:            78024 kB
SwapCached:            0 kB
Active:           369196 kB
Inactive:          39564 kB
Active(anon):     331116 kB
Inactive(anon):      760 kB
Active(file):      38080 kB
Inactive(file):    38804 kB
Unevictable:        1256 kB
Mlocked:               0 kB
HighTotal:             0 kB
HighFree:              0 kB
LowTotal:         482068 kB
LowFree:            3760 kB
SwapTotal:             0 kB
SwapFree:              0 kB
Dirty:                96 kB
Writeback:             0 kB
AnonPages:        331504 kB
Mapped:            73804 kB
Shmem:               344 kB
Slab:              16628 kB
SReclaimable:       4764 kB
SUnreclaim:        11864 kB
KernelStack:        5168 kB
PageTables:         6920 kB
NFS_Unstable:          0 kB
Bounce:                0 kB
WritebackTmp:          0 kB
CommitLimit:      241032 kB
Committed_AS:    3862260 kB
VmallocTotal:     507904 kB
VmallocUsed:      109352 kB
VmallocChunk:     112576 kB
1557574955.000000
MemTotal:         482068 kB
MemFree:            3844 kB
Buffers:             372 kB
Cached:            76280 kB
SwapCached:            0 kB
Active:           371276 kB
Inactive:          38400 kB
Active(anon):     333884 kB
Inactive(anon):      760 kB
Active(file):      37392 kB
Inactive(file):    37640 kB
Unevictable:        1256 kB
Mlocked:               0 kB
HighTotal:             0 kB
HighFree:              0 kB
LowTotal:         482068 kB
LowFree:            3844 kB
SwapTotal:             0 kB
SwapFree:              0 kB
Dirty:                88 kB
Writeback:             0 kB
AnonPages:        334280 kB
Mapped:            70376 kB
Shmem:               344 kB
Slab:              16628 kB
SReclaimable:       4764 kB
SUnreclaim:        11864 kB
KernelStack:        5232 kB
PageTables:         6892 kB
NFS_Unstable:          0 kB
Bounce:                0 kB
WritebackTmp:          0 kB
CommitLimit:      241032 kB
Committed_AS:    3865168 kB
VmallocTotal:     507904 kB
VmallocUsed:      109352 kB
VmallocChunk:     112576 kB
1557574955.000000
MemTotal:         482068 kB
MemFree:            4084 kB
Buffers:             368 kB
Cached:            72864 kB
SwapCached:            0 kB
Active:           371176 kB
Inactive:          36884 kB
Active(anon):     335808 kB
Inactive(anon):      760 kB
Active(file):      35368 kB
Inactive(file):    36124 kB
Unevictable:        1256 kB
Mlocked:               0 kB
HighTotal:             0 kB
HighFree:              0 kB
LowTotal:         482068 kB
LowFree:            4084 kB
SwapTotal:             0 kB
SwapFree:              0 kB
Dirty:                88 kB
Writeback:             0 kB
AnonPages:        336332 kB
Mapped:            68932 kB
Shmem:               344 kB
Slab:              16628 kB
SReclaimable:       4764 kB
SUnreclaim:        11864 kB
KernelStack:        5232 kB
PageTables:         6892 kB
NFS_Unstable:          0 kB
Bounce:                0 kB
WritebackTmp:          0 kB
CommitLimit:      241032 kB
Committed_AS:    3866940 kB
VmallocTotal:     507904 kB
VmallocUsed:      111728 kB
VmallocChunk:     112576 kB
1557574956.000000
MemTotal:         482068 kB
MemFree:            3780 kB
Buffers:             588 kB
Cached:            67288 kB
SwapCached:            0 kB
Active:           373488 kB
Inactive:          34452 kB
Active(anon):     340908 kB
Inactive(anon):      768 kB
Active(file):      32580 kB
Inactive(file):    33684 kB
Unevictable:        1256 kB
Mlocked:               0 kB
HighTotal:             0 kB
HighFree:              0 kB
LowTotal:         482068 kB
LowFree:            3780 kB
SwapTotal:             0 kB
SwapFree:              0 kB
Dirty:                56 kB
Writeback:             0 kB
AnonPages:        341316 kB
Mapped:            65252 kB
Shmem:               352 kB
Slab:              16904 kB
SReclaimable:       4920 kB
SUnreclaim:        11984 kB
KernelStack:        5264 kB
PageTables:         6960 kB
NFS_Unstable:          0 kB
Bounce:                0 kB
WritebackTmp:          0 kB
CommitLimit:      241032 kB
Committed_AS:    3875052 kB
VmallocTotal:     507904 kB
VmallocUsed:      111728 kB
VmallocChunk:     112576 kB
1557574957.000000
MemTotal:         482068 kB
MemFree:            4096 kB
Buffers:             632 kB
Cached:            61920 kB
SwapCached:            0 kB
Active:           376164 kB
Inactive:          30940 kB
Active(anon):     345492 kB
Inactive(anon):      768 kB
Active(file):      30672 kB
Inactive(file):    30172 kB
Unevictable:        1256 kB
Mlocked:               0 kB
HighTotal:             0 kB
HighFree:              0 kB
LowTotal:         482068 kB
LowFree:            4096 kB
SwapTotal:             0 kB
SwapFree:              0 kB
Dirty:               120 kB
Writeback:             0 kB
AnonPages:        345888 kB
Mapped:            60776 kB
Shmem:               352 kB
Slab:              16912 kB
SReclaimable:       4932 kB
SUnreclaim:        11980 kB
KernelStack:        5344 kB
PageTables:         6928 kB
NFS_Unstable:          0 kB
Bounce:                0 kB
WritebackTmp:          0 kB
CommitLimit:      241032 kB
Committed_AS:    3880156 kB
VmallocTotal:     507904 kB
VmallocUsed:      111728 kB
VmallocChunk:     112576 kB
1557574957.000000
MemTotal:         482068 kB
MemFree:            4328 kB
Buffers:             284 kB
Cached:            51856 kB
SwapCached:            0 kB
Active:           377788 kB
Inactive:          25976 kB
Active(anon):     352408 kB
Inactive(anon):      768 kB
Active(file):      25380 kB
Inactive(file):    25208 kB
Unevictable:        1256 kB
Mlocked:               0 kB
HighTotal:             0 kB
HighFree:              0 kB
LowTotal:         482068 kB
LowFree:            4328 kB
SwapTotal:             0 kB
SwapFree:              0 kB
Dirty:               120 kB
Writeback:             0 kB
AnonPages:        352804 kB
Mapped:            56748 kB
Shmem:               352 kB
Slab:              16964 kB
SReclaimable:       4932 kB
SUnreclaim:        12032 kB
KernelStack:        5344 kB
PageTables:         7004 kB
NFS_Unstable:          0 kB
Bounce:                0 kB
WritebackTmp:          0 kB
CommitLimit:      241032 kB
Committed_AS:    3887616 kB
VmallocTotal:     507904 kB
VmallocUsed:      113232 kB
VmallocChunk:     112576 kB
1557574958.000000
MemTotal:         482068 kB
MemFree:            4088 kB
Buffers:             272 kB
Cached:            50032 kB
SwapCached:            0 kB
Active:           379320 kB
Inactive:          25260 kB
Active(anon):     355104 kB
Inactive(anon):      776 kB
Active(file):      24216 kB
Inactive(file):    24484 kB
Unevictable:        1256 kB
Mlocked:               0 kB
HighTotal:             0 kB
HighFree:              0 kB
LowTotal:         482068 kB
LowFree:            4088 kB
SwapTotal:             0 kB
SwapFree:              0 kB
Dirty:               172 kB
Writeback:             0 kB
AnonPages:        355532 kB
Mapped:            55056 kB
Shmem:               360 kB
Slab:              16908 kB
SReclaimable:       4912 kB
SUnreclaim:        11996 kB
KernelStack:        5360 kB
PageTables:         6976 kB
NFS_Unstable:          0 kB
Bounce:                0 kB
WritebackTmp:          0 kB
CommitLimit:      241032 kB
Committed_AS:    3889916 kB
VmallocTotal:     507904 kB
VmallocUsed:      113232 kB
VmallocChunk:     112576 kB
1557574959.000000
MemTotal:         482068 kB
MemFree:            3684 kB
Buffers:             200 kB
Cached:            47900 kB
SwapCached:            0 kB
Active:           380440 kB
Inactive:          24220 kB
Active(anon):     357424 kB
Inactive(anon):      776 kB
Active(file):      23016 kB
Inactive(file):    23444 kB
Unevictable:        1256 kB
Mlocked:               0 kB
HighTotal:             0 kB
HighFree:              0 kB
LowTotal:         482068 kB
LowFree:            3684 kB
SwapTotal:             0 kB
SwapFree:              0 kB
Dirty:                72 kB
Writeback:             0 kB
AnonPages:        357836 kB
Mapped:            52000 kB
Shmem:               360 kB
Slab:              16868 kB
SReclaimable:       4912 kB
SUnreclaim:        11956 kB
KernelStack:        5360 kB
PageTables:         6972 kB
NFS_Unstable:          0 kB
Bounce:                0 kB
WritebackTmp:          0 kB
CommitLimit:      241032 kB
Committed_AS:    3891684 kB
VmallocTotal:     507904 kB
VmallocUsed:      113232 kB
VmallocChunk:     112576 kB
1557574959.000000
MemTotal:         482068 kB
MemFree:            4196 kB
Buffers:             180 kB
Cached:            45464 kB
SwapCached:            0 kB
Active:           382768 kB
Inactive:          21532 kB
Active(anon):     359484 kB
Inactive(anon):      776 kB
Active(file):      23284 kB
Inactive(file):    20756 kB
Unevictable:        1256 kB
Mlocked:               0 kB
HighTotal:             0 kB
HighFree:              0 kB
LowTotal:         482068 kB
LowFree:            4196 kB
SwapTotal:             0 kB
SwapFree:              0 kB
Dirty:               112 kB
Writeback:             0 kB
AnonPages:        359872 kB
Mapped:            49092 kB
Shmem:               360 kB
Slab:              16904 kB
SReclaimable:       4912 kB
SUnreclaim:        11992 kB
KernelStack:        5400 kB
PageTables:         6984 kB
NFS_Unstable:          0 kB
Bounce:                0 kB
WritebackTmp:          0 kB
CommitLimit:      241032 kB
Committed_AS:    3894520 kB
VmallocTotal:     507904 kB
VmallocUsed:      113232 kB
VmallocChunk:     112576 kB
1557574960.000000
MemTotal:         482068 kB
MemFree:            4624 kB
Buffers:             180 kB
Cached:            51012 kB
SwapCached:            0 kB
Active:           377328 kB
Inactive:          27024 kB
Active(anon):     354024 kB
Inactive(anon):      776 kB
Active(file):      23304 kB
Inactive(file):    26248 kB
Unevictable:        1256 kB
Mlocked:               0 kB
HighTotal:             0 kB
HighFree:              0 kB
LowTotal:         482068 kB
LowFree:            4624 kB
SwapTotal:             0 kB
SwapFree:              0 kB
Dirty:               112 kB
Writeback:             0 kB
AnonPages:        354400 kB
Mapped:            51980 kB
Shmem:               360 kB
Slab:              16904 kB
SReclaimable:       4912 kB
SUnreclaim:        11992 kB
KernelStack:        5400 kB
PageTables:         6680 kB
NFS_Unstable:          0 kB
Bounce:                0 kB
WritebackTmp:          0 kB
CommitLimit:      241032 kB
Committed_AS:    3776316 kB
VmallocTotal:     507904 kB
VmallocUsed:      111188 kB
VmallocChunk:     112576 kB
1557574961.000000
MemTotal:         482068 kB
MemFree:            3964 kB
Buffers:             480 kB
Cached:            47692 kB
SwapCached:            0 kB
Active:           381152 kB
Inactive:          23872 kB
Active(anon):     357776 kB
Inactive(anon):      776 kB
Active(file):      23376 kB
Inactive(file):    23096 kB
Unevictable:        1256 kB
Mlocked:               0 kB
HighTotal:             0 kB
HighFree:              0 kB
LowTotal:         482068 kB
LowFree:            3964 kB
SwapTotal:             0 kB
SwapFree:              0 kB
Dirty:               568 kB
Writeback:            76 kB
AnonPages:        358176 kB
Mapped:            47616 kB
Shmem:               360 kB
Slab:              16680 kB
SReclaimable:       4760 kB
SUnreclaim:        11920 kB
KernelStack:        5368 kB
PageTables:         6864 kB
NFS_Unstable:          0 kB
Bounce:                0 kB
WritebackTmp:          0 kB
CommitLimit:      241032 kB
Committed_AS:    3897884 kB
VmallocTotal:     507904 kB
VmallocUsed:      113232 kB
VmallocChunk:     112576 kB
1557574962.000000
MemTotal:         482068 kB
MemFree:            3676 kB
Buffers:             292 kB
Cached:            45836 kB
SwapCached:            0 kB
Active:           381836 kB
Inactive:          23288 kB
Active(anon):     359788 kB
Inactive(anon):      776 kB
Active(file):      22048 kB
Inactive(file):    22512 kB
Unevictable:        1256 kB
Mlocked:               0 kB
HighTotal:             0 kB
HighFree:              0 kB
LowTotal:         482068 kB
LowFree:            3676 kB
SwapTotal:             0 kB
SwapFree:              0 kB
Dirty:               552 kB
Writeback:            72 kB
AnonPages:        360228 kB
Mapped:            45188 kB
Shmem:               360 kB
Slab:              16608 kB
SReclaimable:       4724 kB
SUnreclaim:        11884 kB
KernelStack:        5384 kB
PageTables:         6836 kB
NFS_Unstable:          0 kB
Bounce:                0 kB
WritebackTmp:          0 kB
CommitLimit:      241032 kB
Committed_AS:    3897500 kB
VmallocTotal:     507904 kB
VmallocUsed:      113240 kB
VmallocChunk:     112576 kB
1557574963.000000
MemTotal:         482068 kB
MemFree:            8860 kB
Buffers:             392 kB
Cached:            41804 kB
SwapCached:            0 kB
Active:           377276 kB
Inactive:          22712 kB
Active(anon):     358644 kB
Inactive(anon):      848 kB
Active(file):      18632 kB
Inactive(file):    21864 kB
Unevictable:        1256 kB
Mlocked:              44 kB
HighTotal:             0 kB
HighFree:              0 kB
LowTotal:         482068 kB
LowFree:            8860 kB
SwapTotal:             0 kB
SwapFree:              0 kB
Dirty:               740 kB
Writeback:             4 kB
AnonPages:        359064 kB
Mapped:            44408 kB
Shmem:               404 kB
Slab:              16660 kB
SReclaimable:       4724 kB
SUnreclaim:        11936 kB
KernelStack:        5432 kB
PageTables:         6700 kB
NFS_Unstable:          0 kB
Bounce:                0 kB
WritebackTmp:          0 kB
CommitLimit:      241032 kB
Committed_AS:    3790348 kB
VmallocTotal:     507904 kB
VmallocUsed:      111196 kB
VmallocChunk:     112576 kB
1557574964.000000
MemTotal:         482068 kB
MemFree:            4544 kB
Buffers:             204 kB
Cached:            45752 kB
SwapCached:            0 kB
Active:           375952 kB
Inactive:          24496 kB
Active(anon):     355900 kB
Inactive(anon):     3144 kB
Active(file):      20052 kB
Inactive(file):    21352 kB
Unevictable:        1868 kB
Mlocked:            3816 kB
HighTotal:             0 kB
HighFree:              0 kB
LowTotal:         482068 kB
LowFree:            4544 kB
SwapTotal:             0 kB
SwapFree:              0 kB
Dirty:               728 kB
Writeback:             0 kB
AnonPages:        356360 kB
Mapped:            50912 kB
Shmem:              3296 kB
Slab:              16664 kB
SReclaimable:       4716 kB
SUnreclaim:        11948 kB
KernelStack:        5440 kB
PageTables:         6708 kB
NFS_Unstable:          0 kB
Bounce:                0 kB
WritebackTmp:          0 kB
CommitLimit:      241032 kB
Committed_AS:    3794884 kB
VmallocTotal:     507904 kB
VmallocUsed:      114640 kB
VmallocChunk:     112576 kB
1557574964.000000
MemTotal:         482068 kB
MemFree:            4024 kB
Buffers:             280 kB
Cached:            44124 kB
SwapCached:            0 kB
Active:           377484 kB
Inactive:          22872 kB
Active(anon):     357376 kB
Inactive(anon):     3144 kB
Active(file):      20108 kB
Inactive(file):    19728 kB
Unevictable:        1868 kB
Mlocked:            3816 kB
HighTotal:             0 kB
HighFree:              0 kB
LowTotal:         482068 kB
LowFree:            4024 kB
SwapTotal:             0 kB
SwapFree:              0 kB
Dirty:               116 kB
Writeback:             8 kB
AnonPages:        357828 kB
Mapped:            50200 kB
Shmem:              3296 kB
Slab:              16676 kB
SReclaimable:       4716 kB
SUnreclaim:        11960 kB
KernelStack:        5408 kB
PageTables:         6724 kB
NFS_Unstable:          0 kB
Bounce:                0 kB
WritebackTmp:          0 kB
CommitLimit:      241032 kB
Committed_AS:    3794960 kB
VmallocTotal:     507904 kB
VmallocUsed:      114640 kB
VmallocChunk:     112576 kB
1557574965.000000
MemTotal:         482068 kB
MemFree:            4272 kB
Buffers:             440 kB
Cached:            42856 kB
SwapCached:            0 kB
Active:           378800 kB
Inactive:          22004 kB
Active(anon):     358984 kB
Inactive(anon):     3144 kB
Active(file):      19816 kB
Inactive(file):    18860 kB
Unevictable:        1868 kB
Mlocked:            3816 kB
HighTotal:             0 kB
HighFree:              0 kB
LowTotal:         482068 kB
LowFree:            4272 kB
SwapTotal:             0 kB
SwapFree:              0 kB
Dirty:               192 kB
Writeback:             0 kB
AnonPages:        359476 kB
Mapped:            49176 kB
Shmem:              3296 kB
Slab:              16684 kB
SReclaimable:       4716 kB
SUnreclaim:        11968 kB
KernelStack:        5448 kB
PageTables:         6776 kB
NFS_Unstable:          0 kB
Bounce:                0 kB
WritebackTmp:          0 kB
CommitLimit:      241032 kB
Committed_AS:    3795252 kB
VmallocTotal:     507904 kB
VmallocUsed:      114640 kB
VmallocChunk:     112576 kB
1557574966.000000
MemTotal:         482068 kB
MemFree:            6240 kB
Buffers:             436 kB
Cached:            41724 kB
SwapCached:            0 kB
Active:           376352 kB
Inactive:          21976 kB
Active(anon):     357604 kB
Inactive(anon):     3152 kB
Active(file):      18748 kB
Inactive(file):    18824 kB
Unevictable:        1868 kB
Mlocked:            3816 kB
HighTotal:             0 kB
HighFree:              0 kB
LowTotal:         482068 kB
LowFree:            6240 kB
SwapTotal:             0 kB
SwapFree:              0 kB
Dirty:               180 kB
Writeback:             0 kB
AnonPages:        358096 kB
Mapped:            48564 kB
Shmem:              3304 kB
Slab:              16676 kB
SReclaimable:       4720 kB
SUnreclaim:        11956 kB
KernelStack:        5440 kB
PageTables:         6700 kB
NFS_Unstable:          0 kB
Bounce:                0 kB
WritebackTmp:          0 kB
CommitLimit:      241032 kB
Committed_AS:    3795420 kB
VmallocTotal:     507904 kB
VmallocUsed:      114640 kB
VmallocChunk:     112576 kB
1557574967.000000
MemTotal:         482068 kB
MemFree:            5148 kB
Buffers:             436 kB
Cached:            42648 kB
SwapCached:            0 kB
Active:           376536 kB
Inactive:          22720 kB
Active(anon):     357624 kB
Inactive(anon):     3148 kB
Active(file):      18912 kB
Inactive(file):    19572 kB
Unevictable:        1868 kB
Mlocked:            3816 kB
HighTotal:             0 kB
HighFree:              0 kB
LowTotal:         482068 kB
LowFree:            5148 kB
SwapTotal:             0 kB
SwapFree:              0 kB
Dirty:               168 kB
Writeback:             0 kB
AnonPages:        358052 kB
Mapped:            48680 kB
Shmem:              3304 kB
Slab:              16716 kB
SReclaimable:       4720 kB
SUnreclaim:        11996 kB
KernelStack:        5440 kB
PageTables:         6776 kB
NFS_Unstable:          0 kB
Bounce:                0 kB
WritebackTmp:          0 kB
CommitLimit:      241032 kB
Committed_AS:    3792676 kB
VmallocTotal:     507904 kB
VmallocUsed:      114640 kB
VmallocChunk:     112576 kB
1557574968.000000
MemTotal:         482068 kB
MemFree:            4076 kB
Buffers:             432 kB
Cached:            42676 kB
SwapCached:            0 kB
Active:           377616 kB
Inactive:          22672 kB
Active(anon):     358628 kB
Inactive(anon):     3148 kB
Active(file):      18988 kB
Inactive(file):    19524 kB
Unevictable:        1868 kB
Mlocked:            3816 kB
HighTotal:             0 kB
HighFree:              0 kB
LowTotal:         482068 kB
LowFree:            4076 kB
SwapTotal:             0 kB
SwapFree:              0 kB
Dirty:                 0 kB
Writeback:             0 kB
AnonPages:        359120 kB
Mapped:            48736 kB
Shmem:              3304 kB
Slab:              16764 kB
SReclaimable:       4720 kB
SUnreclaim:        12044 kB
KernelStack:        5448 kB
PageTables:         6928 kB
NFS_Unstable:          0 kB
Bounce:                0 kB
WritebackTmp:          0 kB
CommitLimit:      241032 kB
Committed_AS:    3899116 kB
VmallocTotal:     507904 kB
VmallocUsed:      114640 kB
VmallocChunk:     112576 kB
1557574968.000000
MemTotal:         482068 kB
MemFree:            4296 kB
Buffers:             192 kB
Cached:            43396 kB
SwapCached:            0 kB
Active:           377544 kB
Inactive:          22888 kB
Active(anon):     358360 kB
Inactive(anon):     3148 kB
Active(file):      19184 kB
Inactive(file):    19740 kB
Unevictable:        1868 kB
Mlocked:            3816 kB
HighTotal:             0 kB
HighFree:              0 kB
LowTotal:         482068 kB
LowFree:            4296 kB
SwapTotal:             0 kB
SwapFree:              0 kB
Dirty:                 0 kB
Writeback:             0 kB
AnonPages:        358852 kB
Mapped:            49140 kB
Shmem:              3304 kB
Slab:              16712 kB
SReclaimable:       4712 kB
SUnreclaim:        12000 kB
KernelStack:        5440 kB
PageTables:         6704 kB
NFS_Unstable:          0 kB
Bounce:                0 kB
WritebackTmp:          0 kB
CommitLimit:      241032 kB
Committed_AS:    3790632 kB
VmallocTotal:     507904 kB
VmallocUsed:      114640 kB
VmallocChunk:     112576 kB
1557574969.000000
MemTotal:         482068 kB
MemFree:            3660 kB
Buffers:             192 kB
Cached:            43548 kB
SwapCached:            0 kB
Active:           378064 kB
Inactive:          23044 kB
Active(anon):     358880 kB
Inactive(anon):     3148 kB
Active(file):      19184 kB
Inactive(file):    19896 kB
Unevictable:        1868 kB
Mlocked:            3816 kB
HighTotal:             0 kB
HighFree:              0 kB
LowTotal:         482068 kB
LowFree:            3660 kB
SwapTotal:             0 kB
SwapFree:              0 kB
Dirty:                 0 kB
Writeback:             0 kB
AnonPages:        359384 kB
Mapped:            49292 kB
Shmem:              3304 kB
Slab:              16660 kB
SReclaimable:       4712 kB
SUnreclaim:        11948 kB
KernelStack:        5440 kB
PageTables:         6780 kB
NFS_Unstable:          0 kB
Bounce:                0 kB
WritebackTmp:          0 kB
CommitLimit:      241032 kB
Committed_AS:    3790616 kB
VmallocTotal:     507904 kB
VmallocUsed:      114640 kB
VmallocChunk:     112576 kB
1557574970.000000
MemTotal:         482068 kB
MemFree:            4372 kB
Buffers:             300 kB
Cached:            42620 kB
SwapCached:            0 kB
Active:           378032 kB
Inactive:          22328 kB
Active(anon):     358844 kB
Inactive(anon):     3148 kB
Active(file):      19188 kB
Inactive(file):    19180 kB
Unevictable:        1868 kB
Mlocked:            3816 kB
HighTotal:             0 kB
HighFree:              0 kB
LowTotal:         482068 kB
LowFree:            4372 kB
SwapTotal:             0 kB
SwapFree:              0 kB
Dirty:                 0 kB
Writeback:             0 kB
AnonPages:        359324 kB
Mapped:            49284 kB
Shmem:              3304 kB
Slab:              16728 kB
SReclaimable:       4712 kB
SUnreclaim:        12016 kB
KernelStack:        5440 kB
PageTables:         6692 kB
NFS_Unstable:          0 kB
Bounce:                0 kB
WritebackTmp:          0 kB
CommitLimit:      241032 kB
Committed_AS:    3790644 kB
VmallocTotal:     507904 kB
VmallocUsed:      114640 kB
VmallocChunk:     112576 kB
1557574971.000000
MemTotal:         482068 kB
MemFree:            4372 kB
Buffers:             308 kB
Cached:            42636 kB
SwapCached:            0 kB
Active:           378020 kB
Inactive:          22344 kB
Active(anon):     358832 kB
Inactive(anon):     3148 kB
Active(file):      19188 kB
Inactive(file):    19196 kB
Unevictable:        1868 kB
Mlocked:            3816 kB
HighTotal:             0 kB
HighFree:              0 kB
LowTotal:         482068 kB
LowFree:            4372 kB
SwapTotal:             0 kB
SwapFree:              0 kB
Dirty:                60 kB
Writeback:             0 kB
AnonPages:        359308 kB
Mapped:            49324 kB
Shmem:              3304 kB
Slab:              16704 kB
SReclaimable:       4712 kB
SUnreclaim:        11992 kB
KernelStack:        5432 kB
PageTables:         6768 kB
NFS_Unstable:          0 kB
Bounce:                0 kB
WritebackTmp:          0 kB
CommitLimit:      241032 kB
Committed_AS:    3791068 kB
VmallocTotal:     507904 kB
VmallocUsed:      114640 kB
VmallocChunk:     112576 kB
1557574971.000000
MemTotal:         482068 kB
MemFree:            4156 kB
Buffers:             444 kB
Cached:            42832 kB
SwapCached:            0 kB
Active:           378288 kB
Inactive:          22404 kB
Active(anon):     358852 kB
Inactive(anon):     3148 kB
Active(file):      19436 kB
Inactive(file):    19256 kB
Unevictable:        1868 kB
Mlocked:            3816 kB
HighTotal:             0 kB
HighFree:              0 kB
LowTotal:         482068 kB
LowFree:            4156 kB
SwapTotal:             0 kB
SwapFree:              0 kB
Dirty:                60 kB
Writeback:             0 kB
AnonPages:        359276 kB
Mapped:            49800 kB
Shmem:              3304 kB
Slab:              16736 kB
SReclaimable:       4712 kB
SUnreclaim:        12024 kB
KernelStack:        5440 kB
PageTables:         6772 kB
NFS_Unstable:          0 kB
Bounce:                0 kB
WritebackTmp:          0 kB
CommitLimit:      241032 kB
Committed_AS:    3793168 kB
VmallocTotal:     507904 kB
VmallocUsed:      114640 kB
VmallocChunk:     112576 kB
1557574972.000000
MemTotal:         482068 kB
MemFree:            5040 kB
Buffers:             436 kB
Cached:            42080 kB
SwapCached:            0 kB
Active:           377268 kB
Inactive:          22144 kB
Active(anon):     358328 kB
Inactive(anon):     3144 kB
Active(file):      18940 kB
Inactive(file):    19000 kB
Unevictable:        1868 kB
Mlocked:            3816 kB
HighTotal:             0 kB
HighFree:              0 kB
LowTotal:         482068 kB
LowFree:            5040 kB
SwapTotal:             0 kB
SwapFree:              0 kB
Dirty:                56 kB
Writeback:             0 kB
AnonPages:        358780 kB
Mapped:            49764 kB
Shmem:              3300 kB
Slab:              16696 kB
SReclaimable:       4712 kB
SUnreclaim:        11984 kB
KernelStack:        5416 kB
PageTables:         6692 kB
NFS_Unstable:          0 kB
Bounce:                0 kB
WritebackTmp:          0 kB
CommitLimit:      241032 kB
Committed_AS:    3791244 kB
VmallocTotal:     507904 kB
VmallocUsed:      114640 kB
VmallocChunk:     112576 kB
1557574973.000000
MemTotal:         482068 kB
MemFree:            8380 kB
Buffers:             436 kB
Cached:            43416 kB
SwapCached:            0 kB
Active:           372856 kB
Inactive:          23484 kB
Active(anon):     353892 kB
Inactive(anon):     3148 kB
Active(file):      18964 kB
Inactive(file):    20336 kB
Unevictable:        1868 kB
Mlocked:            3816 kB
HighTotal:             0 kB
HighFree:              0 kB
LowTotal:         482068 kB
LowFree:            8380 kB
SwapTotal:             0 kB
SwapFree:              0 kB
Dirty:                56 kB
Writeback:             0 kB
AnonPages:        354332 kB
Mapped:            49892 kB
Shmem:              3304 kB
Slab:              16708 kB
SReclaimable:       4712 kB
SUnreclaim:        11996 kB
KernelStack:        5440 kB
PageTables:         6696 kB
NFS_Unstable:          0 kB
Bounce:                0 kB
WritebackTmp:          0 kB
CommitLimit:      241032 kB
Committed_AS:    3789212 kB
VmallocTotal:     507904 kB
VmallocUsed:      114640 kB
VmallocChunk:     112576 kB
1557574974.000000
MemTotal:         482068 kB
MemFree:            5176 kB
Buffers:             688 kB
Cached:            42924 kB
SwapCached:            0 kB
Active:           376492 kB
Inactive:          22452 kB
Active(anon):     356872 kB
Inactive(anon):     3148 kB
Active(file):      19620 kB
Inactive(file):    19304 kB
Unevictable:        1868 kB
Mlocked:            3816 kB
HighTotal:             0 kB
HighFree:              0 kB
LowTotal:         482068 kB
LowFree:            5176 kB
SwapTotal:             0 kB
SwapFree:              0 kB
Dirty:                56 kB
Writeback:             0 kB
AnonPages:        357348 kB
Mapped:            49780 kB
Shmem:              3308 kB
Slab:              16740 kB
SReclaimable:       4712 kB
SUnreclaim:        12028 kB
KernelStack:        5512 kB
PageTables:         6896 kB
NFS_Unstable:          0 kB
Bounce:                0 kB
WritebackTmp:          0 kB
CommitLimit:      241032 kB
Committed_AS:    3900692 kB
VmallocTotal:     507904 kB
VmallocUsed:      116684 kB
VmallocChunk:     112576 kB
1557574975.000000
MemTotal:         482068 kB
MemFree:            5208 kB
Buffers:             684 kB
Cached:            42720 kB
SwapCached:            0 kB
Active:           376656 kB
Inactive:          22480 kB
Active(anon):     357180 kB
Inactive(anon):     3148 kB
Active(file):      19476 kB
Inactive(file):    19332 kB
Unevictable:        1868 kB
Mlocked:            3816 kB
HighTotal:             0 kB
HighFree:              0 kB
LowTotal:         482068 kB
LowFree:            5208 kB
SwapTotal:             0 kB
SwapFree:              0 kB
Dirty:                32 kB
Writeback:             0 kB
AnonPages:        357640 kB
Mapped:            49452 kB
Shmem:              3304 kB
Slab:              16736 kB
SReclaimable:       4712 kB
SUnreclaim:        12024 kB
KernelStack:        5512 kB
PageTables:         6900 kB
NFS_Unstable:          0 kB
Bounce:                0 kB
WritebackTmp:          0 kB
CommitLimit:      241032 kB
Committed_AS:    3900792 kB
VmallocTotal:     507904 kB
VmallocUsed:      116692 kB
VmallocChunk:     112576 kB
1557574975.000000
MemTotal:         482068 kB
MemFree:            4292 kB
Buffers:             684 kB
Cached:            42748 kB
SwapCached:            0 kB
Active:           377076 kB
Inactive:          22580 kB
Active(anon):     357648 kB
Inactive(anon):     3148 kB
Active(file):      19428 kB
Inactive(file):    19432 kB
Unevictable:        1868 kB
Mlocked:            3816 kB
HighTotal:             0 kB
HighFree:              0 kB
LowTotal:         482068 kB
LowFree:            4292 kB
SwapTotal:             0 kB
SwapFree:              0 kB
Dirty:                32 kB
Writeback:             0 kB
AnonPages:        358096 kB
Mapped:            49444 kB
Shmem:              3304 kB
Slab:              16744 kB
SReclaimable:       4712 kB
SUnreclaim:        12032 kB
KernelStack:        5520 kB
PageTables:         6916 kB
NFS_Unstable:          0 kB
Bounce:                0 kB
WritebackTmp:          0 kB
CommitLimit:      241032 kB
Committed_AS:    3900876 kB
VmallocTotal:     507904 kB
VmallocUsed:      116684 kB
VmallocChunk:     112576 kB
1557574976.000000
MemTotal:         482068 kB
MemFree:            4704 kB
Buffers:             684 kB
Cached:            42140 kB
SwapCached:            0 kB
Active:           377124 kB
Inactive:          22260 kB
Active(anon):     358064 kB
Inactive(anon):     3148 kB
Active(file):      19060 kB
Inactive(file):    19112 kB
Unevictable:        1868 kB
Mlocked:            3816 kB
HighTotal:             0 kB
HighFree:              0 kB
LowTotal:         482068 kB
LowFree:            4704 kB
SwapTotal:             0 kB
SwapFree:              0 kB
Dirty:                32 kB
Writeback:             0 kB
AnonPages:        358552 kB
Mapped:            49216 kB
Shmem:              3304 kB
Slab:              16744 kB
SReclaimable:       4712 kB
SUnreclaim:        12032 kB
KernelStack:        5520 kB
PageTables:         6916 kB
NFS_Unstable:          0 kB
Bounce:                0 kB
WritebackTmp:          0 kB
CommitLimit:      241032 kB
Committed_AS:    3900964 kB
VmallocTotal:     507904 kB
VmallocUsed:      116684 kB
VmallocChunk:     112576 kB
1557574977.000000
MemTotal:         482068 kB
MemFree:            5908 kB
Buffers:             684 kB
Cached:            41216 kB
SwapCached:            0 kB
Active:           376524 kB
Inactive:          21664 kB
Active(anon):     357836 kB
Inactive(anon):     3148 kB
Active(file):      18688 kB
Inactive(file):    18516 kB
Unevictable:        1868 kB
Mlocked:            3816 kB
HighTotal:             0 kB
HighFree:              0 kB
LowTotal:         482068 kB
LowFree:            5908 kB
SwapTotal:             0 kB
SwapFree:              0 kB
Dirty:                 0 kB
Writeback:             0 kB
AnonPages:        358272 kB
Mapped:            48840 kB
Shmem:              3304 kB
Slab:              16736 kB
SReclaimable:       4712 kB
SUnreclaim:        12024 kB
KernelStack:        5520 kB
PageTables:         6900 kB
NFS_Unstable:          0 kB
Bounce:                0 kB
WritebackTmp:          0 kB
CommitLimit:      241032 kB
Committed_AS:    3901020 kB
VmallocTotal:     507904 kB
VmallocUsed:      116684 kB
VmallocChunk:     112576 kB
1557574978.000000
MemTotal:         482068 kB
MemFree:            5784 kB
Buffers:             692 kB
Cached:            41436 kB
SwapCached:            0 kB
Active:           376656 kB
Inactive:          22000 kB
Active(anon):     357960 kB
Inactive(anon):     3148 kB
Active(file):      18696 kB
Inactive(file):    18852 kB
Unevictable:        1868 kB
Mlocked:            3816 kB
HighTotal:             0 kB
HighFree:              0 kB
LowTotal:         482068 kB
LowFree:            5784 kB
SwapTotal:             0 kB
SwapFree:              0 kB
Dirty:                28 kB
Writeback:             0 kB
AnonPages:        358364 kB
Mapped:            48852 kB
Shmem:              3304 kB
Slab:              16740 kB
SReclaimable:       4712 kB
SUnreclaim:        12028 kB
KernelStack:        5520 kB
PageTables:         6976 kB
NFS_Unstable:          0 kB
Bounce:                0 kB
WritebackTmp:          0 kB
CommitLimit:      241032 kB
Committed_AS:    3901068 kB
VmallocTotal:     507904 kB
VmallocUsed:      116684 kB
VmallocChunk:     112576 kB
1557574979.000000
MemTotal:         482068 kB
MemFree:            5296 kB
Buffers:             692 kB
Cached:            41544 kB
SwapCached:            0 kB
Active:           376740 kB
Inactive:          22128 kB
Active(anon):     358044 kB
Inactive(anon):     3148 kB
Active(file):      18696 kB
Inactive(file):    18980 kB
Unevictable:        1868 kB
Mlocked:            3816 kB
HighTotal:             0 kB
HighFree:              0 kB
LowTotal:         482068 kB
LowFree:            5296 kB
SwapTotal:             0 kB
SwapFree:              0 kB
Dirty:                28 kB
Writeback:             0 kB
AnonPages:        358496 kB
Mapped:            48880 kB
Shmem:              3304 kB
Slab:              16772 kB
SReclaimable:       4712 kB
SUnreclaim:        12060 kB
KernelStack:        5528 kB
PageTables:         6900 kB
NFS_Unstable:          0 kB
Bounce:                0 kB
WritebackTmp:          0 kB
CommitLimit:      241032 kB
Committed_AS:    3901120 kB
VmallocTotal:     507904 kB
VmallocUsed:      116684 kB
VmallocChunk:     112576 kB
1557574979.000000
MemTotal:         482068 kB
MemFree:            4436 kB
Buffers:             464 kB
Cached:            43024 kB
SwapCached:            0 kB
Active:           377520 kB
Inactive:          22332 kB
Active(anon):     357764 kB
Inactive(anon):     3148 kB
Active(file):      19756 kB
Inactive(file):    19184 kB
Unevictable:        1868 kB
Mlocked:            3816 kB
HighTotal:             0 kB
HighFree:              0 kB
LowTotal:         482068 kB
LowFree:            4436 kB
SwapTotal:             0 kB
SwapFree:              0 kB
Dirty:                28 kB
Writeback:             0 kB
AnonPages:        358212 kB
Mapped:            49084 kB
Shmem:              3304 kB
Slab:              16800 kB
SReclaimable:       4712 kB
SUnreclaim:        12088 kB
KernelStack:        5496 kB
PageTables:         6936 kB
NFS_Unstable:          0 kB
Bounce:                0 kB
WritebackTmp:          0 kB
CommitLimit:      241032 kB
Committed_AS:    3901676 kB
VmallocTotal:     507904 kB
VmallocUsed:      116684 kB
VmallocChunk:     112576 kB
1557574980.000000
MemTotal:         482068 kB
MemFree:            5908 kB
Buffers:             464 kB
Cached:            43032 kB
SwapCached:            0 kB
Active:           376204 kB
Inactive:          22324 kB
Active(anon):     356444 kB
Inactive(anon):     3148 kB
Active(file):      19760 kB
Inactive(file):    19176 kB
Unevictable:        1868 kB
Mlocked:            3816 kB
HighTotal:             0 kB
HighFree:              0 kB
LowTotal:         482068 kB
LowFree:            5908 kB
SwapTotal:             0 kB
SwapFree:              0 kB
Dirty:                28 kB
Writeback:             0 kB
AnonPages:        356916 kB
Mapped:            49056 kB
Shmem:              3304 kB
Slab:              16828 kB
SReclaimable:       4712 kB
SUnreclaim:        12116 kB
KernelStack:        5528 kB
PageTables:         6976 kB
NFS_Unstable:          0 kB
Bounce:                0 kB
WritebackTmp:          0 kB
CommitLimit:      241032 kB
Committed_AS:    3901368 kB
VmallocTotal:     507904 kB
VmallocUsed:      116684 kB
VmallocChunk:     112576 kB
1557574981.000000
MemTotal:         482068 kB
MemFree:            6188 kB
Buffers:             464 kB
Cached:            42812 kB
SwapCached:            0 kB
Active:           375908 kB
Inactive:          22160 kB
Active(anon):     356276 kB
Inactive(anon):     3148 kB
Active(file):      19632 kB
Inactive(file):    19012 kB
Unevictable:        1868 kB
Mlocked:            3816 kB
HighTotal:             0 kB
HighFree:              0 kB
LowTotal:         482068 kB
LowFree:            6188 kB
SwapTotal:             0 kB
SwapFree:              0 kB
Dirty:                28 kB
Writeback:             0 kB
AnonPages:        356752 kB
Mapped:            48832 kB
Shmem:              3304 kB
Slab:              16824 kB
SReclaimable:       4712 kB
SUnreclaim:        12112 kB
KernelStack:        5520 kB
PageTables:         6900 kB
NFS_Unstable:          0 kB
Bounce:                0 kB
WritebackTmp:          0 kB
CommitLimit:      241032 kB
Committed_AS:    3901416 kB
VmallocTotal:     507904 kB
VmallocUsed:      116684 kB
VmallocChunk:     112576 kB
1557574982.000000
MemTotal:         482068 kB
MemFree:            4452 kB
Buffers:             456 kB
Cached:            44044 kB
SwapCached:            0 kB
Active:           376764 kB
Inactive:          22976 kB
Active(anon):     356720 kB
Inactive(anon):     3148 kB
Active(file):      20044 kB
Inactive(file):    19828 kB
Unevictable:        1868 kB
Mlocked:            3816 kB
HighTotal:             0 kB
HighFree:              0 kB
LowTotal:         482068 kB
LowFree:            4452 kB
SwapTotal:             0 kB
SwapFree:              0 kB
Dirty:                 0 kB
Writeback:             0 kB
AnonPages:        357228 kB
Mapped:            48284 kB
Shmem:              3304 kB
Slab:              16820 kB
SReclaimable:       4712 kB
SUnreclaim:        12108 kB
KernelStack:        5520 kB
PageTables:         6976 kB
NFS_Unstable:          0 kB
Bounce:                0 kB
WritebackTmp:          0 kB
CommitLimit:      241032 kB
Committed_AS:    3901472 kB
VmallocTotal:     507904 kB
VmallocUsed:      116684 kB
VmallocChunk:     112576 kB
1557574982.000000
MemTotal:         482068 kB
MemFree:            4560 kB
Buffers:             444 kB
Cached:            43096 kB
SwapCached:            0 kB
Active:           376580 kB
Inactive:          22756 kB
Active(anon):     357172 kB
Inactive(anon):     3148 kB
Active(file):      19408 kB
Inactive(file):    19608 kB
Unevictable:        1868 kB
Mlocked:            3816 kB
HighTotal:             0 kB
HighFree:              0 kB
LowTotal:         482068 kB
LowFree:            4560 kB
SwapTotal:             0 kB
SwapFree:              0 kB
Dirty:                 0 kB
Writeback:             0 kB
AnonPages:        357628 kB
Mapped:            48376 kB
Shmem:              3304 kB
Slab:              16828 kB
SReclaimable:       4712 kB
SUnreclaim:        12116 kB
KernelStack:        5528 kB
PageTables:         6912 kB
NFS_Unstable:          0 kB
Bounce:                0 kB
WritebackTmp:          0 kB
CommitLimit:      241032 kB
Committed_AS:    3901604 kB
VmallocTotal:     507904 kB
VmallocUsed:      116684 kB
VmallocChunk:     112576 kB
1557574983.000000
MemTotal:         482068 kB
MemFree:           10856 kB
Buffers:             436 kB
Cached:            41356 kB
SwapCached:            0 kB
Active:           371540 kB
Inactive:          21816 kB
Active(anon):     353012 kB
Inactive(anon):     3148 kB
Active(file):      18528 kB
Inactive(file):    18668 kB
Unevictable:        1868 kB
Mlocked:            3816 kB
HighTotal:             0 kB
HighFree:              0 kB
LowTotal:         482068 kB
LowFree:           10856 kB
SwapTotal:             0 kB
SwapFree:              0 kB
Dirty:                 0 kB
Writeback:             0 kB
AnonPages:        353524 kB
Mapped:            47768 kB
Shmem:              3304 kB
Slab:              16828 kB
SReclaimable:       4712 kB
SUnreclaim:        12116 kB
KernelStack:        5528 kB
PageTables:         6684 kB
NFS_Unstable:          0 kB
Bounce:                0 kB
WritebackTmp:          0 kB
CommitLimit:      241032 kB
Committed_AS:    3753044 kB
VmallocTotal:     507904 kB
VmallocUsed:      114640 kB
VmallocChunk:     112576 kB
1557574984.000000
MemTotal:         482068 kB
MemFree:           10732 kB
Buffers:             436 kB
Cached:            41768 kB
SwapCached:            0 kB
Active:           371684 kB
Inactive:          22252 kB
Active(anon):     353160 kB
Inactive(anon):     3148 kB
Active(file):      18524 kB
Inactive(file):    19104 kB
Unevictable:        1868 kB
Mlocked:            3816 kB
HighTotal:             0 kB
HighFree:              0 kB
LowTotal:         482068 kB
LowFree:           10732 kB
SwapTotal:             0 kB
SwapFree:              0 kB
Dirty:                 0 kB
Writeback:             0 kB
AnonPages:        353640 kB
Mapped:            47712 kB
Shmem:              3304 kB
Slab:              16808 kB
SReclaimable:       4704 kB
SUnreclaim:        12104 kB
KernelStack:        5464 kB
PageTables:         6736 kB
NFS_Unstable:          0 kB
Bounce:                0 kB
WritebackTmp:          0 kB
CommitLimit:      241032 kB
Committed_AS:    3753156 kB
VmallocTotal:     507904 kB
VmallocUsed:      114640 kB
VmallocChunk:     112576 kB
1557574985.000000
MemTotal:         482068 kB
MemFree:           10360 kB
Buffers:             436 kB
Cached:            41844 kB
SwapCached:            0 kB
Active:           371836 kB
Inactive:          22344 kB
Active(anon):     353312 kB
Inactive(anon):     3148 kB
Active(file):      18524 kB
Inactive(file):    19196 kB
Unevictable:        1868 kB
Mlocked:            3816 kB
HighTotal:             0 kB
HighFree:              0 kB
LowTotal:         482068 kB
LowFree:           10360 kB
SwapTotal:             0 kB
SwapFree:              0 kB
Dirty:                 0 kB
Writeback:             0 kB
AnonPages:        353816 kB
Mapped:            47784 kB
Shmem:              3304 kB
Slab:              16796 kB
SReclaimable:       4704 kB
SUnreclaim:        12092 kB
KernelStack:        5448 kB
PageTables:         6712 kB
NFS_Unstable:          0 kB
Bounce:                0 kB
WritebackTmp:          0 kB
CommitLimit:      241032 kB
Committed_AS:    3753208 kB
VmallocTotal:     507904 kB
VmallocUsed:      114640 kB
VmallocChunk:     112576 kB
1557574986.000000
MemTotal:         482068 kB
MemFree:            9236 kB
Buffers:             440 kB
Cached:            42668 kB
SwapCached:            0 kB
Active:           372264 kB
Inactive:          23172 kB
Active(anon):     353740 kB
Inactive(anon):     3148 kB
Active(file):      18524 kB
Inactive(file):    20024 kB
Unevictable:        1868 kB
Mlocked:            3816 kB
HighTotal:             0 kB
HighFree:              0 kB
LowTotal:         482068 kB
LowFree:            9236 kB
SwapTotal:             0 kB
SwapFree:              0 kB
Dirty:                 0 kB
Writeback:             0 kB
AnonPages:        354192 kB
Mapped:            47944 kB
Shmem:              3304 kB
Slab:              16808 kB
SReclaimable:       4704 kB
SUnreclaim:        12104 kB
KernelStack:        5456 kB
PageTables:         6636 kB
NFS_Unstable:          0 kB
Bounce:                0 kB
WritebackTmp:          0 kB
CommitLimit:      241032 kB
Committed_AS:    3753136 kB
VmallocTotal:     507904 kB
VmallocUsed:      114640 kB
VmallocChunk:     112576 kB
1557574986.000000
MemTotal:         482068 kB
MemFree:            8996 kB
Buffers:             440 kB
Cached:            42744 kB
SwapCached:            0 kB
Active:           372276 kB
Inactive:          23276 kB
Active(anon):     353752 kB
Inactive(anon):     3148 kB
Active(file):      18524 kB
Inactive(file):    20128 kB
Unevictable:        1868 kB
Mlocked:            3816 kB
HighTotal:             0 kB
HighFree:              0 kB
LowTotal:         482068 kB
LowFree:            8996 kB
SwapTotal:             0 kB
SwapFree:              0 kB
Dirty:                 0 kB
Writeback:             0 kB
AnonPages:        354216 kB
Mapped:            47956 kB
Shmem:              3304 kB
Slab:              16776 kB
SReclaimable:       4704 kB
SUnreclaim:        12072 kB
KernelStack:        5432 kB
PageTables:         6664 kB
NFS_Unstable:          0 kB
Bounce:                0 kB
WritebackTmp:          0 kB
CommitLimit:      241032 kB
Committed_AS:    3753280 kB
VmallocTotal:     507904 kB
VmallocUsed:      114640 kB
VmallocChunk:     112576 kB
1557574987.000000
MemTotal:         482068 kB
MemFree:            9716 kB
Buffers:             324 kB
Cached:            42584 kB
SwapCached:            0 kB
Active:           372292 kB
Inactive:          23008 kB
Active(anon):     353768 kB
Inactive(anon):     3148 kB
Active(file):      18524 kB
Inactive(file):    19860 kB
Unevictable:        1868 kB
Mlocked:            3816 kB
HighTotal:             0 kB
HighFree:              0 kB
LowTotal:         482068 kB
LowFree:            9716 kB
SwapTotal:             0 kB
SwapFree:              0 kB
Dirty:                 0 kB
Writeback:             0 kB
AnonPages:        354228 kB
Mapped:            47952 kB
Shmem:              3304 kB
Slab:              16812 kB
SReclaimable:       4704 kB
SUnreclaim:        12108 kB
KernelStack:        5456 kB
PageTables:         6712 kB
NFS_Unstable:          0 kB
Bounce:                0 kB
WritebackTmp:          0 kB
CommitLimit:      241032 kB
Committed_AS:    3753368 kB
VmallocTotal:     507904 kB
VmallocUsed:      114640 kB
VmallocChunk:     112576 kB
1557574988.000000
MemTotal:         482068 kB
MemFree:            9204 kB
Buffers:             324 kB
Cached:            42692 kB
SwapCached:            0 kB
Active:           372524 kB
Inactive:          23112 kB
Active(anon):     354004 kB
Inactive(anon):     3148 kB
Active(file):      18520 kB
Inactive(file):    19964 kB
Unevictable:        1868 kB
Mlocked:            3816 kB
HighTotal:             0 kB
HighFree:              0 kB
LowTotal:         482068 kB
LowFree:            9204 kB
SwapTotal:             0 kB
SwapFree:              0 kB
Dirty:                 0 kB
Writeback:             0 kB
AnonPages:        354452 kB
Mapped:            47908 kB
Shmem:              3304 kB
Slab:              16796 kB
SReclaimable:       4704 kB
SUnreclaim:        12092 kB
KernelStack:        5440 kB
PageTables:         6636 kB
NFS_Unstable:          0 kB
Bounce:                0 kB
WritebackTmp:          0 kB
CommitLimit:      241032 kB
Committed_AS:    3753364 kB
VmallocTotal:     507904 kB
VmallocUsed:      114640 kB
VmallocChunk:     112576 kB
1557574989.000000
MemTotal:         482068 kB
MemFree:            4172 kB
Buffers:             436 kB
Cached:            45836 kB
SwapCached:            0 kB
Active:           374796 kB
Inactive:          25256 kB
Active(anon):     355236 kB
Inactive(anon):     3148 kB
Active(file):      19560 kB
Inactive(file):    22108 kB
Unevictable:        1868 kB
Mlocked:            3816 kB
HighTotal:             0 kB
HighFree:              0 kB
LowTotal:         482068 kB
LowFree:            4172 kB
SwapTotal:             0 kB
SwapFree:              0 kB
Dirty:                 0 kB
Writeback:             0 kB
AnonPages:        355708 kB
Mapped:            48828 kB
Shmem:              3304 kB
Slab:              16816 kB
SReclaimable:       4704 kB
SUnreclaim:        12112 kB
KernelStack:        5520 kB
PageTables:         6924 kB
NFS_Unstable:          0 kB
Bounce:                0 kB
WritebackTmp:          0 kB
CommitLimit:      241032 kB
Committed_AS:    3871612 kB
VmallocTotal:     507904 kB
VmallocUsed:      116684 kB
VmallocChunk:     112576 kB
1557574989.000000
MemTotal:         482068 kB
MemFree:            3596 kB
Buffers:             680 kB
Cached:            44056 kB
SwapCached:            0 kB
Active:           377280 kB
Inactive:          23340 kB
Active(anon):     357312 kB
Inactive(anon):     3148 kB
Active(file):      19968 kB
Inactive(file):    20192 kB
Unevictable:        1868 kB
Mlocked:            3816 kB
HighTotal:             0 kB
HighFree:              0 kB
LowTotal:         482068 kB
LowFree:            3596 kB
SwapTotal:             0 kB
SwapFree:              0 kB
Dirty:                 0 kB
Writeback:             0 kB
AnonPages:        357796 kB
Mapped:            51376 kB
Shmem:              3304 kB
Slab:              16820 kB
SReclaimable:       4708 kB
SUnreclaim:        12112 kB
KernelStack:        5528 kB
PageTables:         6912 kB
NFS_Unstable:          0 kB
Bounce:                0 kB
WritebackTmp:          0 kB
CommitLimit:      241032 kB
Committed_AS:    3899440 kB
VmallocTotal:     507904 kB
VmallocUsed:      116684 kB
VmallocChunk:     112576 kB
1557574990.000000
MemTotal:         482068 kB
MemFree:            4464 kB
Buffers:             424 kB
Cached:            42032 kB
SwapCached:            0 kB
Active:           377188 kB
Inactive:          22052 kB
Active(anon):     358248 kB
Inactive(anon):     3148 kB
Active(file):      18940 kB
Inactive(file):    18904 kB
Unevictable:        1868 kB
Mlocked:            3816 kB
HighTotal:             0 kB
HighFree:              0 kB
LowTotal:         482068 kB
LowFree:            4464 kB
SwapTotal:             0 kB
SwapFree:              0 kB
Dirty:                 0 kB
Writeback:             0 kB
AnonPages:        358784 kB
Mapped:            51528 kB
Shmem:              3304 kB
Slab:              16820 kB
SReclaimable:       4708 kB
SUnreclaim:        12112 kB
KernelStack:        5528 kB
PageTables:         6912 kB
NFS_Unstable:          0 kB
Bounce:                0 kB
WritebackTmp:          0 kB
CommitLimit:      241032 kB
Committed_AS:    3901924 kB
VmallocTotal:     507904 kB
VmallocUsed:      116692 kB
VmallocChunk:     112576 kB
1557574991.000000
MemTotal:         482068 kB
MemFree:            7936 kB
Buffers:             220 kB
Cached:            41620 kB
SwapCached:            0 kB
Active:           374384 kB
Inactive:          22036 kB
Active(anon):     355968 kB
Inactive(anon):     3148 kB
Active(file):      18416 kB
Inactive(file):    18888 kB
Unevictable:        1868 kB
Mlocked:            3816 kB
HighTotal:             0 kB
HighFree:              0 kB
LowTotal:         482068 kB
LowFree:            7936 kB
SwapTotal:             0 kB
SwapFree:              0 kB
Dirty:                 0 kB
Writeback:             0 kB
AnonPages:        356464 kB
Mapped:            51012 kB
Shmem:              3304 kB
Slab:              16836 kB
SReclaimable:       4708 kB
SUnreclaim:        12128 kB
KernelStack:        5512 kB
PageTables:         6748 kB
NFS_Unstable:          0 kB
Bounce:                0 kB
WritebackTmp:          0 kB
CommitLimit:      241032 kB
Committed_AS:    3788596 kB
VmallocTotal:     507904 kB
VmallocUsed:      114640 kB
VmallocChunk:     112576 kB
1557574992.000000
MemTotal:         482068 kB
MemFree:            7604 kB
Buffers:             220 kB
Cached:            42188 kB
SwapCached:            0 kB
Active:           374516 kB
Inactive:          22564 kB
Active(anon):     356092 kB
Inactive(anon):     3148 kB
Active(file):      18424 kB
Inactive(file):    19416 kB
Unevictable:        1868 kB
Mlocked:            3816 kB
HighTotal:             0 kB
HighFree:              0 kB
LowTotal:         482068 kB
LowFree:            7604 kB
SwapTotal:             0 kB
SwapFree:              0 kB
Dirty:                 0 kB
Writeback:             0 kB
AnonPages:        356620 kB
Mapped:            50956 kB
Shmem:              3304 kB
Slab:              16812 kB
SReclaimable:       4704 kB
SUnreclaim:        12108 kB
KernelStack:        5456 kB
PageTables:         6692 kB
NFS_Unstable:          0 kB
Bounce:                0 kB
WritebackTmp:          0 kB
CommitLimit:      241032 kB
Committed_AS:    3788560 kB
VmallocTotal:     507904 kB
VmallocUsed:      114648 kB
VmallocChunk:     112576 kB
1557574993.000000
MemTotal:         482068 kB
MemFree:            4288 kB
Buffers:             384 kB
Cached:            44268 kB
SwapCached:            0 kB
Active:           375408 kB
Inactive:          24792 kB
Active(anon):     356956 kB
Inactive(anon):     3148 kB
Active(file):      18452 kB
Inactive(file):    21644 kB
Unevictable:        1868 kB
Mlocked:            3816 kB
HighTotal:             0 kB
HighFree:              0 kB
LowTotal:         482068 kB
LowFree:            4288 kB
SwapTotal:             0 kB
SwapFree:              0 kB
Dirty:                44 kB
Writeback:             0 kB
AnonPages:        357408 kB
Mapped:            51264 kB
Shmem:              3304 kB
Slab:              16808 kB
SReclaimable:       4708 kB
SUnreclaim:        12100 kB
KernelStack:        5464 kB
PageTables:         6692 kB
NFS_Unstable:          0 kB
Bounce:                0 kB
WritebackTmp:          0 kB
CommitLimit:      241032 kB
Committed_AS:    3788692 kB
VmallocTotal:     507904 kB
VmallocUsed:      114648 kB
VmallocChunk:     112576 kB
1557574993.000000
MemTotal:         482068 kB
MemFree:            4048 kB
Buffers:             384 kB
Cached:            44304 kB
SwapCached:            0 kB
Active:           375496 kB
Inactive:          24824 kB
Active(anon):     357044 kB
Inactive(anon):     3148 kB
Active(file):      18452 kB
Inactive(file):    21676 kB
Unevictable:        1868 kB
Mlocked:            3816 kB
HighTotal:             0 kB
HighFree:              0 kB
LowTotal:         482068 kB
LowFree:            4048 kB
SwapTotal:             0 kB
SwapFree:              0 kB
Dirty:                44 kB
Writeback:             0 kB
AnonPages:        357492 kB
Mapped:            51220 kB
Shmem:              3304 kB
Slab:              16832 kB
SReclaimable:       4708 kB
SUnreclaim:        12124 kB
KernelStack:        5440 kB
PageTables:         6740 kB
NFS_Unstable:          0 kB
Bounce:                0 kB
WritebackTmp:          0 kB
CommitLimit:      241032 kB
Committed_AS:    3788692 kB
VmallocTotal:     507904 kB
VmallocUsed:      114640 kB
VmallocChunk:     112576 kB
1557574994.000000
MemTotal:         482068 kB
MemFree:            4032 kB
Buffers:             384 kB
Cached:            44380 kB
SwapCached:            0 kB
Active:           375420 kB
Inactive:          24876 kB
Active(anon):     356968 kB
Inactive(anon):     3148 kB
Active(file):      18452 kB
Inactive(file):    21728 kB
Unevictable:        1868 kB
Mlocked:            3816 kB
HighTotal:             0 kB
HighFree:              0 kB
LowTotal:         482068 kB
LowFree:            4032 kB
SwapTotal:             0 kB
SwapFree:              0 kB
Dirty:                44 kB
Writeback:             0 kB
AnonPages:        357420 kB
Mapped:            51292 kB
Shmem:              3304 kB
Slab:              16828 kB
SReclaimable:       4708 kB
SUnreclaim:        12120 kB
KernelStack:        5456 kB
PageTables:         6768 kB
NFS_Unstable:          0 kB
Bounce:                0 kB
WritebackTmp:          0 kB
CommitLimit:      241032 kB
Committed_AS:    3788692 kB
VmallocTotal:     507904 kB
VmallocUsed:      114640 kB
VmallocChunk:     112576 kB
1557574995.000000
MemTotal:         482068 kB
MemFree:            4116 kB
Buffers:             384 kB
Cached:            44388 kB
SwapCached:            0 kB
Active:           375412 kB
Inactive:          24908 kB
Active(anon):     356960 kB
Inactive(anon):     3148 kB
Active(file):      18452 kB
Inactive(file):    21760 kB
Unevictable:        1868 kB
Mlocked:            3816 kB
HighTotal:             0 kB
HighFree:              0 kB
LowTotal:         482068 kB
LowFree:            4116 kB
SwapTotal:             0 kB
SwapFree:              0 kB
Dirty:                44 kB
Writeback:             0 kB
AnonPages:        357464 kB
Mapped:            51260 kB
Shmem:              3304 kB
Slab:              16872 kB
SReclaimable:       4704 kB
SUnreclaim:        12168 kB
KernelStack:        5448 kB
PageTables:         6768 kB
NFS_Unstable:          0 kB
Bounce:                0 kB
WritebackTmp:          0 kB
CommitLimit:      241032 kB
Committed_AS:    3788692 kB
VmallocTotal:     507904 kB
VmallocUsed:      114640 kB
VmallocChunk:     112576 kB
1557574996.000000
MemTotal:         482068 kB
MemFree:            4272 kB
Buffers:             384 kB
Cached:            44388 kB
SwapCached:            0 kB
Active:           375164 kB
Inactive:          24908 kB
Active(anon):     356712 kB
Inactive(anon):     3148 kB
Active(file):      18452 kB
Inactive(file):    21760 kB
Unevictable:        1868 kB
Mlocked:            3816 kB
HighTotal:             0 kB
HighFree:              0 kB
LowTotal:         482068 kB
LowFree:            4272 kB
SwapTotal:             0 kB
SwapFree:              0 kB
Dirty:                 0 kB
Writeback:             0 kB
AnonPages:        357140 kB
Mapped:            51336 kB
Shmem:              3304 kB
Slab:              16776 kB
SReclaimable:       4704 kB
SUnreclaim:        12072 kB
KernelStack:        5448 kB
PageTables:         6768 kB
NFS_Unstable:          0 kB
Bounce:                0 kB
WritebackTmp:          0 kB
CommitLimit:      241032 kB
Committed_AS:    3788692 kB
VmallocTotal:     507904 kB
VmallocUsed:      114640 kB
VmallocChunk:     112576 kB
1557574996.000000
MemTotal:         482068 kB
MemFree:           17940 kB
Buffers:             176 kB
Cached:            31228 kB
SwapCached:            0 kB
Active:           366336 kB
Inactive:          20396 kB
Active(anon):     356856 kB
Inactive(anon):     3148 kB
Active(file):       9480 kB
Inactive(file):    17248 kB
Unevictable:        1868 kB
Mlocked:            3816 kB
HighTotal:             0 kB
HighFree:              0 kB
LowTotal:         482068 kB
LowFree:           17940 kB
SwapTotal:             0 kB
SwapFree:              0 kB
Dirty:                 0 kB
Writeback:             0 kB
AnonPages:        357328 kB
Mapped:            42360 kB
Shmem:              3304 kB
Slab:              16756 kB
SReclaimable:       4704 kB
SUnreclaim:        12052 kB
KernelStack:        5456 kB
PageTables:         6708 kB
NFS_Unstable:          0 kB
Bounce:                0 kB
WritebackTmp:          0 kB
CommitLimit:      241032 kB
Committed_AS:    3792656 kB
VmallocTotal:     507904 kB
VmallocUsed:      114640 kB
VmallocChunk:     112576 kB
1557574998.000000
MemTotal:         482068 kB
MemFree:           16792 kB
Buffers:             184 kB
Cached:            31940 kB
SwapCached:            0 kB
Active:           366492 kB
Inactive:          21156 kB
Active(anon):     356936 kB
Inactive(anon):     3148 kB
Active(file):       9556 kB
Inactive(file):    18008 kB
Unevictable:        1868 kB
Mlocked:            3816 kB
HighTotal:             0 kB
HighFree:              0 kB
LowTotal:         482068 kB
LowFree:           16792 kB
SwapTotal:             0 kB
SwapFree:              0 kB
Dirty:                 0 kB
Writeback:             0 kB
AnonPages:        357332 kB
Mapped:            42484 kB
Shmem:              3304 kB
Slab:              16764 kB
SReclaimable:       4700 kB
SUnreclaim:        12064 kB
KernelStack:        5456 kB
PageTables:         6712 kB
NFS_Unstable:          0 kB
Bounce:                0 kB
WritebackTmp:          0 kB
CommitLimit:      241032 kB
Committed_AS:    3792636 kB
VmallocTotal:     507904 kB
VmallocUsed:      114640 kB
VmallocChunk:     112576 kB
1557574998.000000
MemTotal:         482068 kB
MemFree:           27096 kB
Buffers:             184 kB
Cached:            34904 kB
SwapCached:            0 kB
Active:           353752 kB
Inactive:          24124 kB
Active(anon):     344196 kB
Inactive(anon):     3148 kB
Active(file):       9556 kB
Inactive(file):    20976 kB
Unevictable:        1868 kB
Mlocked:            3816 kB
HighTotal:             0 kB
HighFree:              0 kB
LowTotal:         482068 kB
LowFree:           27096 kB
SwapTotal:             0 kB
SwapFree:              0 kB
Dirty:                 0 kB
Writeback:             0 kB
AnonPages:        344640 kB
Mapped:            42712 kB
Shmem:              3304 kB
Slab:              16764 kB
SReclaimable:       4700 kB
SUnreclaim:        12064 kB
KernelStack:        5352 kB
PageTables:         6408 kB
NFS_Unstable:          0 kB
Bounce:                0 kB
WritebackTmp:          0 kB
CommitLimit:      241032 kB
Committed_AS:    3670076 kB
VmallocTotal:     507904 kB
VmallocUsed:      112604 kB
VmallocChunk:     112576 kB
1557574999.000000
MemTotal:         482068 kB
MemFree:           26972 kB
Buffers:             184 kB
Cached:            34984 kB
SwapCached:            0 kB
Active:           353840 kB
Inactive:          24144 kB
Active(anon):     344228 kB
Inactive(anon):     3148 kB
Active(file):       9612 kB
Inactive(file):    20996 kB
Unevictable:        1868 kB
Mlocked:            3816 kB
HighTotal:             0 kB
HighFree:              0 kB
LowTotal:         482068 kB
LowFree:           26972 kB
SwapTotal:             0 kB
SwapFree:              0 kB
Dirty:                 0 kB
Writeback:             0 kB
AnonPages:        344712 kB
Mapped:            42776 kB
Shmem:              3304 kB
Slab:              16756 kB
SReclaimable:       4696 kB
SUnreclaim:        12060 kB
KernelStack:        5344 kB
PageTables:         6504 kB
NFS_Unstable:          0 kB
Bounce:                0 kB
WritebackTmp:          0 kB
CommitLimit:      241032 kB
Committed_AS:    3670196 kB
VmallocTotal:     507904 kB
VmallocUsed:      112604 kB
VmallocChunk:     112576 kB
1557575000.000000
MemTotal:         482068 kB
MemFree:           26360 kB
Buffers:             184 kB
Cached:            35592 kB
SwapCached:            0 kB
Active:           354252 kB
Inactive:          24768 kB
Active(anon):     344640 kB
Inactive(anon):     3148 kB
Active(file):       9612 kB
Inactive(file):    21620 kB
Unevictable:        1868 kB
Mlocked:            3816 kB
HighTotal:             0 kB
HighFree:              0 kB
LowTotal:         482068 kB
LowFree:           26360 kB
SwapTotal:             0 kB
SwapFree:              0 kB
Dirty:                 0 kB
Writeback:             0 kB
AnonPages:        345180 kB
Mapped:            42856 kB
Shmem:              3304 kB
Slab:              16756 kB
SReclaimable:       4696 kB
SUnreclaim:        12060 kB
KernelStack:        5344 kB
PageTables:         6428 kB
NFS_Unstable:          0 kB
Bounce:                0 kB
WritebackTmp:          0 kB
CommitLimit:      241032 kB
Committed_AS:    3670208 kB
VmallocTotal:     507904 kB
VmallocUsed:      112596 kB
VmallocChunk:     112576 kB
1557575000.000000
MemTotal:         482068 kB
MemFree:           26004 kB
Buffers:             184 kB
Cached:            35832 kB
SwapCached:            0 kB
Active:           354028 kB
Inactive:          24992 kB
Active(anon):     344416 kB
Inactive(anon):     3148 kB
Active(file):       9612 kB
Inactive(file):    21844 kB
Unevictable:        1868 kB
Mlocked:            3816 kB
HighTotal:             0 kB
HighFree:              0 kB
LowTotal:         482068 kB
LowFree:           26004 kB
SwapTotal:             0 kB
SwapFree:              0 kB
Dirty:                 0 kB
Writeback:             0 kB
AnonPages:        344864 kB
Mapped:            42904 kB
Shmem:              3304 kB
Slab:              16756 kB
SReclaimable:       4696 kB
SUnreclaim:        12060 kB
KernelStack:        5344 kB
PageTables:         6440 kB
NFS_Unstable:          0 kB
Bounce:                0 kB
WritebackTmp:          0 kB
CommitLimit:      241032 kB
Committed_AS:    3670228 kB
VmallocTotal:     507904 kB
VmallocUsed:      112596 kB
VmallocChunk:     112576 kB
1557575001.000000
MemTotal:         482068 kB
MemFree:           25840 kB
Buffers:             184 kB
Cached:            35832 kB
SwapCached:            0 kB
Active:           354080 kB
Inactive:          24992 kB
Active(anon):     344468 kB
Inactive(anon):     3148 kB
Active(file):       9612 kB
Inactive(file):    21844 kB
Unevictable:        1868 kB
Mlocked:            3816 kB
HighTotal:             0 kB
HighFree:              0 kB
LowTotal:         482068 kB
LowFree:           25840 kB
SwapTotal:             0 kB
SwapFree:              0 kB
Dirty:                 0 kB
Writeback:             0 kB
AnonPages:        344940 kB
Mapped:            42904 kB
Shmem:              3304 kB
Slab:              16756 kB
SReclaimable:       4696 kB
SUnreclaim:        12060 kB
KernelStack:        5344 kB
PageTables:         6440 kB
NFS_Unstable:          0 kB
Bounce:                0 kB
WritebackTmp:          0 kB
CommitLimit:      241032 kB
Committed_AS:    3670996 kB
VmallocTotal:     507904 kB
VmallocUsed:      112596 kB
VmallocChunk:     112576 kB
1557575002.000000
MemTotal:         482068 kB
MemFree:           23400 kB
Buffers:             184 kB
Cached:            38720 kB
SwapCached:            0 kB
Active:           354140 kB
Inactive:          27852 kB
Active(anon):     344528 kB
Inactive(anon):     3148 kB
Active(file):       9612 kB
Inactive(file):    24704 kB
Unevictable:        1868 kB
Mlocked:            3816 kB
HighTotal:             0 kB
HighFree:              0 kB
LowTotal:         482068 kB
LowFree:           23400 kB
SwapTotal:             0 kB
SwapFree:              0 kB
Dirty:                 0 kB
Writeback:             0 kB
AnonPages:        345008 kB
Mapped:            43072 kB
Shmem:              3304 kB
Slab:              16756 kB
SReclaimable:       4696 kB
SUnreclaim:        12060 kB
KernelStack:        5344 kB
PageTables:         6440 kB
NFS_Unstable:          0 kB
Bounce:                0 kB
WritebackTmp:          0 kB
CommitLimit:      241032 kB
Committed_AS:    3670996 kB
VmallocTotal:     507904 kB
VmallocUsed:      112596 kB
VmallocChunk:     112576 kB
1557575003.000000
MemTotal:         482068 kB
MemFree:           22252 kB
Buffers:             440 kB
Cached:            39288 kB
SwapCached:            0 kB
Active:           354136 kB
Inactive:          28684 kB
Active(anon):     344524 kB
Inactive(anon):     3148 kB
Active(file):       9612 kB
Inactive(file):    25536 kB
Unevictable:        1868 kB
Mlocked:            3816 kB
HighTotal:             0 kB
HighFree:              0 kB
LowTotal:         482068 kB
LowFree:           22252 kB
SwapTotal:             0 kB
SwapFree:              0 kB
Dirty:                 0 kB
Writeback:             0 kB
AnonPages:        345028 kB
Mapped:            43164 kB
Shmem:              3304 kB
Slab:              16752 kB
SReclaimable:       4696 kB
SUnreclaim:        12056 kB
KernelStack:        5336 kB
PageTables:         6428 kB
NFS_Unstable:          0 kB
Bounce:                0 kB
WritebackTmp:          0 kB
CommitLimit:      241032 kB
Committed_AS:    3670996 kB
VmallocTotal:     507904 kB
VmallocUsed:      112596 kB
VmallocChunk:     112576 kB
1557575004.000000
MemTotal:         482068 kB
MemFree:           22004 kB
Buffers:             440 kB
Cached:            39316 kB
SwapCached:            0 kB
Active:           354232 kB
Inactive:          28728 kB
Active(anon):     344616 kB
Inactive(anon):     3148 kB
Active(file):       9616 kB
Inactive(file):    25580 kB
Unevictable:        1868 kB
Mlocked:            3816 kB
HighTotal:             0 kB
HighFree:              0 kB
LowTotal:         482068 kB
LowFree:           22004 kB
SwapTotal:             0 kB
SwapFree:              0 kB
Dirty:                 0 kB
Writeback:             0 kB
AnonPages:        345064 kB
Mapped:            43108 kB
Shmem:              3304 kB
Slab:              16744 kB
SReclaimable:       4696 kB
SUnreclaim:        12048 kB
KernelStack:        5344 kB
PageTables:         6508 kB
NFS_Unstable:          0 kB
Bounce:                0 kB
WritebackTmp:          0 kB
CommitLimit:      241032 kB
Committed_AS:    3671000 kB
VmallocTotal:     507904 kB
VmallocUsed:      112596 kB
VmallocChunk:     112576 kB
1557575004.000000
MemTotal:         482068 kB
MemFree:           21268 kB
Buffers:             440 kB
Cached:            39316 kB
SwapCached:            0 kB
Active:           354932 kB
Inactive:          28728 kB
Active(anon):     345316 kB
Inactive(anon):     3148 kB
Active(file):       9616 kB
Inactive(file):    25580 kB
Unevictable:        1868 kB
Mlocked:            3816 kB
HighTotal:             0 kB
HighFree:              0 kB
LowTotal:         482068 kB
LowFree:           21268 kB
SwapTotal:             0 kB
SwapFree:              0 kB
Dirty:                 0 kB
Writeback:             0 kB
AnonPages:        345796 kB
Mapped:            43108 kB
Shmem:              3304 kB
Slab:              16748 kB
SReclaimable:       4696 kB
SUnreclaim:        12052 kB
KernelStack:        5352 kB
PageTables:         6456 kB
NFS_Unstable:          0 kB
Bounce:                0 kB
WritebackTmp:          0 kB
CommitLimit:      241032 kB
Committed_AS:    3671020 kB
VmallocTotal:     507904 kB
VmallocUsed:      112596 kB
VmallocChunk:     112576 kB
1557575005.000000
MemTotal:         482068 kB
MemFree:           21276 kB
Buffers:             440 kB
Cached:            39316 kB
SwapCached:            0 kB
Active:           354984 kB
Inactive:          28728 kB
Active(anon):     345368 kB
Inactive(anon):     3148 kB
Active(file):       9616 kB
Inactive(file):    25580 kB
Unevictable:        1868 kB
Mlocked:            3816 kB
HighTotal:             0 kB
HighFree:              0 kB
LowTotal:         482068 kB
LowFree:           21276 kB
SwapTotal:             0 kB
SwapFree:              0 kB
Dirty:                 0 kB
Writeback:             0 kB
AnonPages:        345872 kB
Mapped:            43184 kB
Shmem:              3304 kB
Slab:              16748 kB
SReclaimable:       4696 kB
SUnreclaim:        12052 kB
KernelStack:        5352 kB
PageTables:         6456 kB
NFS_Unstable:          0 kB
Bounce:                0 kB
WritebackTmp:          0 kB
CommitLimit:      241032 kB
Committed_AS:    3671028 kB
VmallocTotal:     507904 kB
VmallocUsed:      112596 kB
VmallocChunk:     112576 kB
1557575006.000000
MemTotal:         482068 kB
MemFree:           21076 kB
Buffers:             440 kB
Cached:            39836 kB
SwapCached:            0 kB
Active:           354776 kB
Inactive:          29248 kB
Active(anon):     345160 kB
Inactive(anon):     3148 kB
Active(file):       9616 kB
Inactive(file):    26100 kB
Unevictable:        1868 kB
Mlocked:            3816 kB
HighTotal:             0 kB
HighFree:              0 kB
LowTotal:         482068 kB
LowFree:           21076 kB
SwapTotal:             0 kB
SwapFree:              0 kB
Dirty:                 0 kB
Writeback:             0 kB
AnonPages:        345644 kB
Mapped:            43212 kB
Shmem:              3304 kB
Slab:              16744 kB
SReclaimable:       4696 kB
SUnreclaim:        12048 kB
KernelStack:        5336 kB
PageTables:         6428 kB
NFS_Unstable:          0 kB
Bounce:                0 kB
WritebackTmp:          0 kB
CommitLimit:      241032 kB
Committed_AS:    3671048 kB
VmallocTotal:     507904 kB
VmallocUsed:      112596 kB
VmallocChunk:     112576 kB
1557575007.000000
MemTotal:         482068 kB
MemFree:           20920 kB
Buffers:             440 kB
Cached:            39836 kB
SwapCached:            0 kB
Active:           354960 kB
Inactive:          29248 kB
Active(anon):     345344 kB
Inactive(anon):     3148 kB
Active(file):       9616 kB
Inactive(file):    26100 kB
Unevictable:        1868 kB
Mlocked:            3816 kB
HighTotal:             0 kB
HighFree:              0 kB
LowTotal:         482068 kB
LowFree:           20920 kB
SwapTotal:             0 kB
SwapFree:              0 kB
Dirty:                 0 kB
Writeback:             0 kB
AnonPages:        345776 kB
Mapped:            43160 kB
Shmem:              3304 kB
Slab:              16744 kB
SReclaimable:       4696 kB
SUnreclaim:        12048 kB
KernelStack:        5344 kB
PageTables:         6452 kB
NFS_Unstable:          0 kB
Bounce:                0 kB
WritebackTmp:          0 kB
CommitLimit:      241032 kB
Committed_AS:    3671068 kB
VmallocTotal:     507904 kB
VmallocUsed:      112596 kB
VmallocChunk:     112576 kB
1557575007.000000
MemTotal:         482068 kB
MemFree:           20812 kB
Buffers:             440 kB
Cached:            39912 kB
SwapCached:            0 kB
Active:           354892 kB
Inactive:          29352 kB
Active(anon):     345276 kB
Inactive(anon):     3148 kB
Active(file):       9616 kB
Inactive(file):    26204 kB
Unevictable:        1868 kB
Mlocked:            3816 kB
HighTotal:             0 kB
HighFree:              0 kB
LowTotal:         482068 kB
LowFree:           20812 kB
SwapTotal:             0 kB
SwapFree:              0 kB
Dirty:                 0 kB
Writeback:             0 kB
AnonPages:        345712 kB
Mapped:            43184 kB
Shmem:              3304 kB
Slab:              16732 kB
SReclaimable:       4696 kB
SUnreclaim:        12036 kB
KernelStack:        5328 kB
PageTables:         6424 kB
NFS_Unstable:          0 kB
Bounce:                0 kB
WritebackTmp:          0 kB
CommitLimit:      241032 kB
Committed_AS:    3670968 kB
VmallocTotal:     507904 kB
VmallocUsed:      112596 kB
VmallocChunk:     112576 kB
1557575008.000000
MemTotal:         482068 kB
MemFree:           15968 kB
Buffers:             440 kB
Cached:            44056 kB
SwapCached:            0 kB
Active:           355552 kB
Inactive:          33368 kB
Active(anon):     345936 kB
Inactive(anon):     3148 kB
Active(file):       9616 kB
Inactive(file):    30220 kB
Unevictable:        1868 kB
Mlocked:            3816 kB
HighTotal:             0 kB
HighFree:              0 kB
LowTotal:         482068 kB
LowFree:           15968 kB
SwapTotal:             0 kB
SwapFree:              0 kB
Dirty:                 0 kB
Writeback:             0 kB
AnonPages:        346372 kB
Mapped:            43924 kB
Shmem:              3304 kB
Slab:              16764 kB
SReclaimable:       4696 kB
SUnreclaim:        12068 kB
KernelStack:        5344 kB
PageTables:         6428 kB
NFS_Unstable:          0 kB
Bounce:                0 kB
WritebackTmp:          0 kB
CommitLimit:      241032 kB
Committed_AS:    3671112 kB
VmallocTotal:     507904 kB
VmallocUsed:      112596 kB
VmallocChunk:     112576 kB
1557575009.000000
MemTotal:         482068 kB
MemFree:           15928 kB
Buffers:             440 kB
Cached:            44024 kB
SwapCached:            0 kB
Active:           355552 kB
Inactive:          33436 kB
Active(anon):     345936 kB
Inactive(anon):     3148 kB
Active(file):       9616 kB
Inactive(file):    30288 kB
Unevictable:        1868 kB
Mlocked:            3816 kB
HighTotal:             0 kB
HighFree:              0 kB
LowTotal:         482068 kB
LowFree:           15928 kB
SwapTotal:             0 kB
SwapFree:              0 kB
Dirty:                 0 kB
Writeback:             0 kB
AnonPages:        346364 kB
Mapped:            43912 kB
Shmem:              3304 kB
Slab:              16744 kB
SReclaimable:       4696 kB
SUnreclaim:        12048 kB
KernelStack:        5336 kB
PageTables:         6428 kB
NFS_Unstable:          0 kB
Bounce:                0 kB
WritebackTmp:          0 kB
CommitLimit:      241032 kB
Committed_AS:    3671128 kB
VmallocTotal:     507904 kB
VmallocUsed:      112596 kB
VmallocChunk:     112576 kB
1557575010.000000
MemTotal:         482068 kB
MemFree:           15928 kB
Buffers:             440 kB
Cached:            44024 kB
SwapCached:            0 kB
Active:           355732 kB
Inactive:          33436 kB
Active(anon):     346116 kB
Inactive(anon):     3148 kB
Active(file):       9616 kB
Inactive(file):    30288 kB
Unevictable:        1868 kB
Mlocked:            3816 kB
HighTotal:             0 kB
HighFree:              0 kB
LowTotal:         482068 kB
LowFree:           15928 kB
SwapTotal:             0 kB
SwapFree:              0 kB
Dirty:                 0 kB
Writeback:             0 kB
AnonPages:        346616 kB
Mapped:            43836 kB
Shmem:              3304 kB
Slab:              16820 kB
SReclaimable:       4696 kB
SUnreclaim:        12124 kB
KernelStack:        5336 kB
PageTables:         6428 kB
NFS_Unstable:          0 kB
Bounce:                0 kB
WritebackTmp:          0 kB
CommitLimit:      241032 kB
Committed_AS:    3671148 kB
VmallocTotal:     507904 kB
VmallocUsed:      112596 kB
VmallocChunk:     112576 kB
1557575010.000000
MemTotal:         482068 kB
MemFree:           16472 kB
Buffers:             440 kB
Cached:            44032 kB
SwapCached:            0 kB
Active:           355144 kB
Inactive:          33440 kB
Active(anon):     345528 kB
Inactive(anon):     3144 kB
Active(file):       9616 kB
Inactive(file):    30296 kB
Unevictable:        1868 kB
Mlocked:            3816 kB
HighTotal:             0 kB
HighFree:              0 kB
LowTotal:         482068 kB
LowFree:           16472 kB
SwapTotal:             0 kB
SwapFree:              0 kB
Dirty:                 0 kB
Writeback:             0 kB
AnonPages:        346028 kB
Mapped:            43896 kB
Shmem:              3304 kB
Slab:              16792 kB
SReclaimable:       4696 kB
SUnreclaim:        12096 kB
KernelStack:        5352 kB
PageTables:         6440 kB
NFS_Unstable:          0 kB
Bounce:                0 kB
WritebackTmp:          0 kB
CommitLimit:      241032 kB
Committed_AS:    3671172 kB
VmallocTotal:     507904 kB
VmallocUsed:      112596 kB
VmallocChunk:     112576 kB
1557575011.000000
MemTotal:         482068 kB
MemFree:           16208 kB
Buffers:             440 kB
Cached:            44032 kB
SwapCached:            0 kB
Active:           355196 kB
Inactive:          33440 kB
Active(anon):     345580 kB
Inactive(anon):     3144 kB
Active(file):       9616 kB
Inactive(file):    30296 kB
Unevictable:        1868 kB
Mlocked:            3816 kB
HighTotal:             0 kB
HighFree:              0 kB
LowTotal:         482068 kB
LowFree:           16208 kB
SwapTotal:             0 kB
SwapFree:              0 kB
Dirty:                 0 kB
Writeback:             0 kB
AnonPages:        346104 kB
Mapped:            43896 kB
Shmem:              3304 kB
Slab:              16792 kB
SReclaimable:       4696 kB
SUnreclaim:        12096 kB
KernelStack:        5352 kB
PageTables:         6516 kB
NFS_Unstable:          0 kB
Bounce:                0 kB
WritebackTmp:          0 kB
CommitLimit:      241032 kB
Committed_AS:    3671196 kB
VmallocTotal:     507904 kB
VmallocUsed:      112596 kB
VmallocChunk:     112576 kB
1557575012.000000
MemTotal:         482068 kB
MemFree:           15364 kB
Buffers:             444 kB
Cached:            44404 kB
SwapCached:            0 kB
Active:           355800 kB
Inactive:          33824 kB
Active(anon):     346184 kB
Inactive(anon):     3144 kB
Active(file):       9616 kB
Inactive(file):    30680 kB
Unevictable:        1868 kB
Mlocked:            3816 kB
HighTotal:             0 kB
HighFree:              0 kB
LowTotal:         482068 kB
LowFree:           15364 kB
SwapTotal:             0 kB
SwapFree:              0 kB
Dirty:                 0 kB
Writeback:             0 kB
AnonPages:        346576 kB
Mapped:            44012 kB
Shmem:              3304 kB
Slab:              16832 kB
SReclaimable:       4696 kB
SUnreclaim:        12136 kB
KernelStack:        5336 kB
PageTables:         6428 kB
NFS_Unstable:          0 kB
Bounce:                0 kB
WritebackTmp:          0 kB
CommitLimit:      241032 kB
Committed_AS:    3671232 kB
VmallocTotal:     507904 kB
VmallocUsed:      112596 kB
VmallocChunk:     112576 kB
1557575013.000000
MemTotal:         482068 kB
MemFree:           14828 kB
Buffers:             444 kB
Cached:            44432 kB
SwapCached:            0 kB
Active:           356028 kB
Inactive:          33840 kB
Active(anon):     346408 kB
Inactive(anon):     3144 kB
Active(file):       9620 kB
Inactive(file):    30696 kB
Unevictable:        1868 kB
Mlocked:            3816 kB
HighTotal:             0 kB
HighFree:              0 kB
LowTotal:         482068 kB
LowFree:           14828 kB
SwapTotal:             0 kB
SwapFree:              0 kB
Dirty:                 4 kB
Writeback:             0 kB
AnonPages:        346864 kB
Mapped:            43932 kB
Shmem:              3304 kB
Slab:              16820 kB
SReclaimable:       4696 kB
SUnreclaim:        12124 kB
KernelStack:        5336 kB
PageTables:         6504 kB
NFS_Unstable:          0 kB
Bounce:                0 kB
WritebackTmp:          0 kB
CommitLimit:      241032 kB
Committed_AS:    3671156 kB
VmallocTotal:     507904 kB
VmallocUsed:      112596 kB
VmallocChunk:     112576 kB
1557575013.000000
MemTotal:         482068 kB
MemFree:           14844 kB
Buffers:             444 kB
Cached:            44432 kB
SwapCached:            0 kB
Active:           356168 kB
Inactive:          33836 kB
Active(anon):     346544 kB
Inactive(anon):     3144 kB
Active(file):       9624 kB
Inactive(file):    30692 kB
Unevictable:        1868 kB
Mlocked:            3816 kB
HighTotal:             0 kB
HighFree:              0 kB
LowTotal:         482068 kB
LowFree:           14844 kB
SwapTotal:             0 kB
SwapFree:              0 kB
Dirty:                 4 kB
Writeback:             0 kB
AnonPages:        346996 kB
Mapped:            43980 kB
Shmem:              3304 kB
Slab:              16840 kB
SReclaimable:       4696 kB
SUnreclaim:        12144 kB
KernelStack:        5352 kB
PageTables:         6440 kB
NFS_Unstable:          0 kB
Bounce:                0 kB
WritebackTmp:          0 kB
CommitLimit:      241032 kB
Committed_AS:    3671272 kB
VmallocTotal:     507904 kB
VmallocUsed:      112596 kB
VmallocChunk:     112576 kB
1557575014.000000
MemTotal:         482068 kB
MemFree:           14844 kB
Buffers:             444 kB
Cached:            44432 kB
SwapCached:            0 kB
Active:           356168 kB
Inactive:          33836 kB
Active(anon):     346544 kB
Inactive(anon):     3144 kB
Active(file):       9624 kB
Inactive(file):    30692 kB
Unevictable:        1868 kB
Mlocked:            3816 kB
HighTotal:             0 kB
HighFree:              0 kB
LowTotal:         482068 kB
LowFree:           14844 kB
SwapTotal:             0 kB
SwapFree:              0 kB
Dirty:                 4 kB
Writeback:             0 kB
AnonPages:        347072 kB
Mapped:            43980 kB
Shmem:              3304 kB
Slab:              16840 kB
SReclaimable:       4696 kB
SUnreclaim:        12144 kB
KernelStack:        5352 kB
PageTables:         6440 kB
NFS_Unstable:          0 kB
Bounce:                0 kB
WritebackTmp:          0 kB
CommitLimit:      241032 kB
Committed_AS:    3671196 kB
VmallocTotal:     507904 kB
VmallocUsed:      112596 kB
VmallocChunk:     112576 kB
1557575015.000000
MemTotal:         482068 kB
MemFree:           14992 kB
Buffers:             444 kB
Cached:            44432 kB
SwapCached:            0 kB
Active:           356224 kB
Inactive:          33836 kB
Active(anon):     346600 kB
Inactive(anon):     3144 kB
Active(file):       9624 kB
Inactive(file):    30692 kB
Unevictable:        1868 kB
Mlocked:            3816 kB
HighTotal:             0 kB
HighFree:              0 kB
LowTotal:         482068 kB
LowFree:           14992 kB
SwapTotal:             0 kB
SwapFree:              0 kB
Dirty:                 4 kB
Writeback:             0 kB
AnonPages:        347024 kB
Mapped:            44008 kB
Shmem:              3304 kB
Slab:              16816 kB
SReclaimable:       4696 kB
SUnreclaim:        12120 kB
KernelStack:        5336 kB
PageTables:         6432 kB
NFS_Unstable:          0 kB
Bounce:                0 kB
WritebackTmp:          0 kB
CommitLimit:      241032 kB
Committed_AS:    3671276 kB
VmallocTotal:     507904 kB
VmallocUsed:      112596 kB
VmallocChunk:     112576 kB
1557575016.000000
MemTotal:         482068 kB
MemFree:           14936 kB
Buffers:             444 kB
Cached:            44432 kB
SwapCached:            0 kB
Active:           356428 kB
Inactive:          33836 kB
Active(anon):     346804 kB
Inactive(anon):     3144 kB
Active(file):       9624 kB
Inactive(file):    30692 kB
Unevictable:        1868 kB
Mlocked:            3816 kB
HighTotal:             0 kB
HighFree:              0 kB
LowTotal:         482068 kB
LowFree:           14936 kB
SwapTotal:             0 kB
SwapFree:              0 kB
Dirty:                 0 kB
Writeback:             0 kB
AnonPages:        347248 kB
Mapped:            44016 kB
Shmem:              3304 kB
Slab:              16820 kB
SReclaimable:       4696 kB
SUnreclaim:        12124 kB
KernelStack:        5336 kB
PageTables:         6432 kB
NFS_Unstable:          0 kB
Bounce:                0 kB
WritebackTmp:          0 kB
CommitLimit:      241032 kB
Committed_AS:    3671336 kB
VmallocTotal:     507904 kB
VmallocUsed:      112596 kB
VmallocChunk:     112576 kB
1557575017.000000
MemTotal:         482068 kB
MemFree:           10044 kB
Buffers:             444 kB
Cached:            47788 kB
SwapCached:            0 kB
Active:           357636 kB
Inactive:          37192 kB
Active(anon):     348012 kB
Inactive(anon):     3144 kB
Active(file):       9624 kB
Inactive(file):    34048 kB
Unevictable:        1868 kB
Mlocked:            3816 kB
HighTotal:             0 kB
HighFree:              0 kB
LowTotal:         482068 kB
LowFree:           10044 kB
SwapTotal:             0 kB
SwapFree:              0 kB
Dirty:                 0 kB
Writeback:             0 kB
AnonPages:        348468 kB
Mapped:            44924 kB
Shmem:              3304 kB
Slab:              16812 kB
SReclaimable:       4696 kB
SUnreclaim:        12116 kB
KernelStack:        5344 kB
PageTables:         6660 kB
NFS_Unstable:          0 kB
Bounce:                0 kB
WritebackTmp:          0 kB
CommitLimit:      241032 kB
Committed_AS:    3777776 kB
VmallocTotal:     507904 kB
VmallocUsed:      114640 kB
VmallocChunk:     112576 kB
1557575017.000000
MemTotal:         482068 kB
MemFree:            5572 kB
Buffers:             444 kB
Cached:            51068 kB
SwapCached:            0 kB
Active:           358688 kB
Inactive:          40404 kB
Active(anon):     348996 kB
Inactive(anon):     3144 kB
Active(file):       9692 kB
Inactive(file):    37260 kB
Unevictable:        1868 kB
Mlocked:            3816 kB
HighTotal:             0 kB
HighFree:              0 kB
LowTotal:         482068 kB
LowFree:            5572 kB
SwapTotal:             0 kB
SwapFree:              0 kB
Dirty:                 0 kB
Writeback:             0 kB
AnonPages:        349472 kB
Mapped:            46248 kB
Shmem:              3304 kB
Slab:              16840 kB
SReclaimable:       4696 kB
SUnreclaim:        12144 kB
KernelStack:        5424 kB
PageTables:         6636 kB
NFS_Unstable:          0 kB
Bounce:                0 kB
WritebackTmp:          0 kB
CommitLimit:      241032 kB
Committed_AS:    3780568 kB
VmallocTotal:     507904 kB
VmallocUsed:      114640 kB
VmallocChunk:     112576 kB
1557575018.000000
MemTotal:         482068 kB
MemFree:            5084 kB
Buffers:             452 kB
Cached:            51364 kB
SwapCached:            0 kB
Active:           358948 kB
Inactive:          40664 kB
Active(anon):     349256 kB
Inactive(anon):     3144 kB
Active(file):       9692 kB
Inactive(file):    37520 kB
Unevictable:        1868 kB
Mlocked:            3816 kB
HighTotal:             0 kB
HighFree:              0 kB
LowTotal:         482068 kB
LowFree:            5084 kB
SwapTotal:             0 kB
SwapFree:              0 kB
Dirty:                 0 kB
Writeback:             0 kB
AnonPages:        349776 kB
Mapped:            46552 kB
Shmem:              3304 kB
Slab:              16840 kB
SReclaimable:       4696 kB
SUnreclaim:        12144 kB
KernelStack:        5424 kB
PageTables:         6636 kB
NFS_Unstable:          0 kB
Bounce:                0 kB
WritebackTmp:          0 kB
CommitLimit:      241032 kB
Committed_AS:    3780568 kB
VmallocTotal:     507904 kB
VmallocUsed:      114640 kB
VmallocChunk:     112576 kB
1557575019.000000
MemTotal:         482068 kB
MemFree:            5108 kB
Buffers:             452 kB
Cached:            51464 kB
SwapCached:            0 kB
Active:           358760 kB
Inactive:          40808 kB
Active(anon):     349068 kB
Inactive(anon):     3144 kB
Active(file):       9692 kB
Inactive(file):    37664 kB
Unevictable:        1868 kB
Mlocked:            3816 kB
HighTotal:             0 kB
HighFree:              0 kB
LowTotal:         482068 kB
LowFree:            5108 kB
SwapTotal:             0 kB
SwapFree:              0 kB
Dirty:                16 kB
Writeback:             0 kB
AnonPages:        349492 kB
Mapped:            46592 kB
Shmem:              3304 kB
Slab:              16824 kB
SReclaimable:       4696 kB
SUnreclaim:        12128 kB
KernelStack:        5408 kB
PageTables:         6628 kB
NFS_Unstable:          0 kB
Bounce:                0 kB
WritebackTmp:          0 kB
CommitLimit:      241032 kB
Committed_AS:    3780568 kB
VmallocTotal:     507904 kB
VmallocUsed:      114640 kB
VmallocChunk:     112576 kB
1557575020.000000
MemTotal:         482068 kB
MemFree:            5084 kB
Buffers:             452 kB
Cached:            51464 kB
SwapCached:            0 kB
Active:           358812 kB
Inactive:          40808 kB
Active(anon):     349120 kB
Inactive(anon):     3144 kB
Active(file):       9692 kB
Inactive(file):    37664 kB
Unevictable:        1868 kB
Mlocked:            3816 kB
HighTotal:             0 kB
HighFree:              0 kB
LowTotal:         482068 kB
LowFree:            5084 kB
SwapTotal:             0 kB
SwapFree:              0 kB
Dirty:                16 kB
Writeback:             0 kB
