MemTotal:         482068 kB
MemFree:            6504 kB
Buffers:             824 kB
Cached:            94956 kB
SwapCached:            0 kB
Active:           353556 kB
Inactive:          53300 kB
Active(anon):     311808 kB
Inactive(anon):      876 kB
Active(file):      41748 kB
Inactive(file):    52424 kB
Unevictable:        1256 kB
Mlocked:               0 kB
HighTotal:             0 kB
HighFree:              0 kB
LowTotal:         482068 kB
LowFree:            6504 kB
SwapTotal:             0 kB
SwapFree:              0 kB
Dirty:                 0 kB
Writeback:             0 kB
AnonPages:        312292 kB
Mapped:            56152 kB
Shmem:               344 kB
Slab:              17792 kB
SReclaimable:       4656 kB
SUnreclaim:        13136 kB
KernelStack:        4976 kB
PageTables:         6632 kB
NFS_Unstable:          0 kB
Bounce:                0 kB
WritebackTmp:          0 kB
CommitLimit:      241032 kB
Committed_AS:    3834508 kB
VmallocTotal:     507904 kB
VmallocUsed:      109196 kB
VmallocChunk:     112576 kB
1557576239.000000
MemTotal:         482068 kB
MemFree:            4140 kB
Buffers:             844 kB
Cached:            91924 kB
SwapCached:            0 kB
Active:           362860 kB
Inactive:          46588 kB
Active(anon):     317492 kB
Inactive(anon):      876 kB
Active(file):      45368 kB
Inactive(file):    45712 kB
Unevictable:        1256 kB
Mlocked:               0 kB
HighTotal:             0 kB
HighFree:              0 kB
LowTotal:         482068 kB
LowFree:            4140 kB
SwapTotal:             0 kB
SwapFree:              0 kB
Dirty:                 0 kB
Writeback:             0 kB
AnonPages:        318076 kB
Mapped:            63804 kB
Shmem:               344 kB
Slab:              17752 kB
SReclaimable:       4656 kB
SUnreclaim:        13096 kB
KernelStack:        4960 kB
PageTables:         6740 kB
NFS_Unstable:          0 kB
Bounce:                0 kB
WritebackTmp:          0 kB
CommitLimit:      241032 kB
Committed_AS:    3841284 kB
VmallocTotal:     507904 kB
VmallocUsed:      109196 kB
VmallocChunk:     112576 kB
1557576240.000000
MemTotal:         482068 kB
MemFree:            4252 kB
Buffers:             640 kB
Cached:            84520 kB
SwapCached:            0 kB
Active:           365984 kB
Inactive:          42608 kB
Active(anon):     324264 kB
Inactive(anon):      876 kB
Active(file):      41720 kB
Inactive(file):    41732 kB
Unevictable:        1256 kB
Mlocked:               0 kB
HighTotal:             0 kB
HighFree:              0 kB
LowTotal:         482068 kB
LowFree:            4252 kB
SwapTotal:             0 kB
SwapFree:              0 kB
Dirty:               108 kB
Writeback:             0 kB
AnonPages:        324788 kB
Mapped:            66996 kB
Shmem:               344 kB
Slab:              17752 kB
SReclaimable:       4656 kB
SUnreclaim:        13096 kB
KernelStack:        5112 kB
PageTables:         6800 kB
NFS_Unstable:          0 kB
Bounce:                0 kB
WritebackTmp:          0 kB
CommitLimit:      241032 kB
Committed_AS:    3850152 kB
VmallocTotal:     507904 kB
VmallocUsed:      109392 kB
VmallocChunk:     112576 kB
1557576241.000000
MemTotal:         482068 kB
MemFree:            4264 kB
Buffers:             284 kB
Cached:            69184 kB
SwapCached:            0 kB
Active:           367224 kB
Inactive:          34860 kB
Active(anon):     333420 kB
Inactive(anon):      876 kB
Active(file):      33804 kB
Inactive(file):    33984 kB
Unevictable:        1256 kB
Mlocked:               0 kB
HighTotal:             0 kB
HighFree:              0 kB
LowTotal:         482068 kB
LowFree:            4264 kB
SwapTotal:             0 kB
SwapFree:              0 kB
Dirty:                88 kB
Writeback:             0 kB
AnonPages:        334016 kB
Mapped:            71952 kB
Shmem:               344 kB
Slab:              17808 kB
SReclaimable:       4656 kB
SUnreclaim:        13152 kB
KernelStack:        5192 kB
PageTables:         6840 kB
NFS_Unstable:          0 kB
Bounce:                0 kB
WritebackTmp:          0 kB
CommitLimit:      241032 kB
Committed_AS:    3859584 kB
VmallocTotal:     507904 kB
VmallocUsed:      111016 kB
VmallocChunk:     112576 kB
1557576242.000000
MemTotal:         482068 kB
MemFree:            3908 kB
Buffers:             428 kB
Cached:            68992 kB
SwapCached:            0 kB
Active:           369552 kB
Inactive:          35296 kB
Active(anon):     336160 kB
Inactive(anon):      876 kB
Active(file):      33392 kB
Inactive(file):    34420 kB
Unevictable:        1256 kB
Mlocked:               0 kB
HighTotal:             0 kB
HighFree:              0 kB
LowTotal:         482068 kB
LowFree:            3908 kB
SwapTotal:             0 kB
SwapFree:              0 kB
Dirty:                48 kB
Writeback:             0 kB
AnonPages:        336728 kB
Mapped:            69404 kB
Shmem:               344 kB
Slab:              17776 kB
SReclaimable:       4656 kB
SUnreclaim:        13120 kB
KernelStack:        5176 kB
PageTables:         6832 kB
NFS_Unstable:          0 kB
Bounce:                0 kB
WritebackTmp:          0 kB
CommitLimit:      241032 kB
Committed_AS:    3862076 kB
VmallocTotal:     507904 kB
VmallocUsed:      109408 kB
VmallocChunk:     112576 kB
1557576243.000000
MemTotal:         482068 kB
MemFree:            3668 kB
Buffers:             460 kB
Cached:            69644 kB
SwapCached:            0 kB
Active:           372440 kB
Inactive:          35388 kB
Active(anon):     338552 kB
Inactive(anon):      876 kB
Active(file):      33888 kB
Inactive(file):    34512 kB
Unevictable:        1256 kB
Mlocked:               0 kB
HighTotal:             0 kB
HighFree:              0 kB
LowTotal:         482068 kB
LowFree:            3668 kB
SwapTotal:             0 kB
SwapFree:              0 kB
Dirty:                48 kB
Writeback:             0 kB
AnonPages:        339160 kB
Mapped:            64616 kB
Shmem:               344 kB
Slab:              17776 kB
SReclaimable:       4656 kB
SUnreclaim:        13120 kB
KernelStack:        5176 kB
PageTables:         6908 kB
NFS_Unstable:          0 kB
Bounce:                0 kB
WritebackTmp:          0 kB
CommitLimit:      241032 kB
Committed_AS:    3865728 kB
VmallocTotal:     507904 kB
VmallocUsed:      109408 kB
VmallocChunk:     112576 kB
1557576244.000000
MemTotal:         482068 kB
MemFree:            3704 kB
Buffers:             472 kB
Cached:            67224 kB
SwapCached:            0 kB
Active:           374552 kB
Inactive:          33916 kB
Active(anon):     341568 kB
Inactive(anon):      876 kB
Active(file):      32984 kB
Inactive(file):    33040 kB
Unevictable:        1256 kB
Mlocked:               0 kB
HighTotal:             0 kB
HighFree:              0 kB
LowTotal:         482068 kB
LowFree:            3704 kB
SwapTotal:             0 kB
SwapFree:              0 kB
Dirty:                48 kB
Writeback:             0 kB
AnonPages:        342156 kB
Mapped:            58720 kB
Shmem:               344 kB
Slab:              17824 kB
SReclaimable:       4656 kB
SUnreclaim:        13168 kB
KernelStack:        5192 kB
PageTables:         6852 kB
NFS_Unstable:          0 kB
Bounce:                0 kB
WritebackTmp:          0 kB
CommitLimit:      241032 kB
Committed_AS:    3868744 kB
VmallocTotal:     507904 kB
VmallocUsed:      109416 kB
VmallocChunk:     112576 kB
1557576245.000000
MemTotal:         482068 kB
MemFree:            4092 kB
Buffers:             460 kB
Cached:            62280 kB
SwapCached:            0 kB
Active:           375388 kB
Inactive:          31436 kB
Active(anon):     344908 kB
Inactive(anon):      876 kB
Active(file):      30480 kB
Inactive(file):    30560 kB
Unevictable:        1256 kB
Mlocked:               0 kB
HighTotal:             0 kB
HighFree:              0 kB
LowTotal:         482068 kB
LowFree:            4092 kB
SwapTotal:             0 kB
SwapFree:              0 kB
Dirty:                84 kB
Writeback:             0 kB
AnonPages:        345384 kB
Mapped:            59160 kB
Shmem:               344 kB
Slab:              17788 kB
SReclaimable:       4656 kB
SUnreclaim:        13132 kB
KernelStack:        5256 kB
PageTables:         6952 kB
NFS_Unstable:          0 kB
Bounce:                0 kB
WritebackTmp:          0 kB
CommitLimit:      241032 kB
Committed_AS:    3872540 kB
VmallocTotal:     507904 kB
VmallocUsed:      111784 kB
VmallocChunk:     112576 kB
1557576246.000000
MemTotal:         482068 kB
MemFree:            3988 kB
Buffers:             500 kB
Cached:            55672 kB
SwapCached:            0 kB
Active:           378004 kB
Inactive:          28348 kB
Active(anon):     351000 kB
Inactive(anon):      884 kB
Active(file):      27004 kB
Inactive(file):    27464 kB
Unevictable:        1256 kB
Mlocked:               0 kB
HighTotal:             0 kB
HighFree:              0 kB
LowTotal:         482068 kB
LowFree:            3988 kB
SwapTotal:             0 kB
SwapFree:              0 kB
Dirty:               176 kB
Writeback:             0 kB
AnonPages:        351492 kB
Mapped:            55728 kB
Shmem:               352 kB
Slab:              18208 kB
SReclaimable:       4880 kB
SUnreclaim:        13328 kB
KernelStack:        5312 kB
PageTables:         6984 kB
NFS_Unstable:          0 kB
Bounce:                0 kB
WritebackTmp:          0 kB
CommitLimit:      241032 kB
Committed_AS:    3882388 kB
VmallocTotal:     507904 kB
VmallocUsed:      111784 kB
VmallocChunk:     112576 kB
1557576247.000000
MemTotal:         482068 kB
MemFree:            4128 kB
Buffers:             280 kB
Cached:            47392 kB
SwapCached:            0 kB
Active:           381172 kB
Inactive:          24040 kB
Active(anon):     358292 kB
Inactive(anon):      884 kB
Active(file):      22880 kB
Inactive(file):    23156 kB
Unevictable:        1256 kB
Mlocked:               0 kB
HighTotal:             0 kB
HighFree:              0 kB
LowTotal:         482068 kB
LowFree:            4128 kB
SwapTotal:             0 kB
SwapFree:              0 kB
Dirty:               184 kB
Writeback:             0 kB
AnonPages:        358840 kB
Mapped:            51112 kB
Shmem:               352 kB
Slab:              18148 kB
SReclaimable:       4828 kB
SUnreclaim:        13320 kB
KernelStack:        5360 kB
PageTables:         6940 kB
NFS_Unstable:          0 kB
Bounce:                0 kB
WritebackTmp:          0 kB
CommitLimit:      241032 kB
Committed_AS:    3890128 kB
VmallocTotal:     507904 kB
VmallocUsed:      112536 kB
VmallocChunk:     112576 kB
1557576248.000000
MemTotal:         482068 kB
MemFree:            7936 kB
Buffers:             264 kB
Cached:            46768 kB
SwapCached:            0 kB
Active:           375952 kB
Inactive:          24068 kB
Active(anon):     353720 kB
Inactive(anon):      892 kB
Active(file):      22232 kB
Inactive(file):    23176 kB
Unevictable:        1256 kB
Mlocked:               0 kB
HighTotal:             0 kB
HighFree:              0 kB
LowTotal:         482068 kB
LowFree:            7936 kB
SwapTotal:             0 kB
SwapFree:              0 kB
Dirty:               184 kB
Writeback:             0 kB
AnonPages:        354376 kB
Mapped:            49860 kB
Shmem:               360 kB
Slab:              18160 kB
SReclaimable:       4792 kB
SUnreclaim:        13368 kB
KernelStack:        5256 kB
PageTables:         6600 kB
NFS_Unstable:          0 kB
Bounce:                0 kB
WritebackTmp:          0 kB
CommitLimit:      241032 kB
Committed_AS:    3774024 kB
VmallocTotal:     507904 kB
VmallocUsed:      111244 kB
VmallocChunk:     112576 kB
1557576248.000000
MemTotal:         482068 kB
MemFree:            3812 kB
Buffers:             192 kB
Cached:            48864 kB
SwapCached:            0 kB
Active:           379704 kB
Inactive:          24096 kB
Active(anon):     355432 kB
Inactive(anon):      892 kB
Active(file):      24272 kB
Inactive(file):    23204 kB
Unevictable:        1256 kB
Mlocked:               0 kB
HighTotal:             0 kB
HighFree:              0 kB
LowTotal:         482068 kB
LowFree:            3812 kB
SwapTotal:             0 kB
SwapFree:              0 kB
Dirty:                 4 kB
Writeback:             0 kB
AnonPages:        355936 kB
Mapped:            50132 kB
Shmem:               360 kB
Slab:              18160 kB
SReclaimable:       4792 kB
SUnreclaim:        13368 kB
KernelStack:        5280 kB
PageTables:         6604 kB
NFS_Unstable:          0 kB
Bounce:                0 kB
WritebackTmp:          0 kB
CommitLimit:      241032 kB
Committed_AS:    3775732 kB
VmallocTotal:     507904 kB
VmallocUsed:      111244 kB
VmallocChunk:     112576 kB
1557576249.000000
MemTotal:         482068 kB
MemFree:            3680 kB
Buffers:             172 kB
Cached:            46880 kB
SwapCached:            0 kB
Active:           381428 kB
Inactive:          22348 kB
Active(anon):     357456 kB
Inactive(anon):      892 kB
Active(file):      23972 kB
Inactive(file):    21456 kB
Unevictable:        1256 kB
Mlocked:               0 kB
HighTotal:             0 kB
HighFree:              0 kB
LowTotal:         482068 kB
LowFree:            3680 kB
SwapTotal:             0 kB
SwapFree:              0 kB
Dirty:                28 kB
Writeback:             0 kB
AnonPages:        358048 kB
Mapped:            49776 kB
Shmem:               360 kB
Slab:              18156 kB
SReclaimable:       4792 kB
SUnreclaim:        13364 kB
KernelStack:        5304 kB
PageTables:         6620 kB
NFS_Unstable:          0 kB
Bounce:                0 kB
WritebackTmp:          0 kB
CommitLimit:      241032 kB
Committed_AS:    3777616 kB
VmallocTotal:     507904 kB
VmallocUsed:      111244 kB
VmallocChunk:     112576 kB
1557576250.000000
MemTotal:         482068 kB
MemFree:            7216 kB
Buffers:             368 kB
Cached:            50796 kB
SwapCached:            0 kB
Active:           372592 kB
Inactive:          28276 kB
Active(anon):     350524 kB
Inactive(anon):      892 kB
Active(file):      22068 kB
Inactive(file):    27384 kB
Unevictable:        1256 kB
Mlocked:               0 kB
HighTotal:             0 kB
HighFree:              0 kB
LowTotal:         482068 kB
LowFree:            7216 kB
SwapTotal:             0 kB
SwapFree:              0 kB
Dirty:               684 kB
Writeback:             0 kB
AnonPages:        351088 kB
Mapped:            50872 kB
Shmem:               360 kB
Slab:              18144 kB
SReclaimable:       4788 kB
SUnreclaim:        13356 kB
KernelStack:        5192 kB
PageTables:         6496 kB
NFS_Unstable:          0 kB
Bounce:                0 kB
WritebackTmp:          0 kB
CommitLimit:      241032 kB
Committed_AS:    3725916 kB
VmallocTotal:     507904 kB
VmallocUsed:      111244 kB
VmallocChunk:     112576 kB
1557576251.000000
MemTotal:         482068 kB
MemFree:            4276 kB
Buffers:             176 kB
Cached:            45924 kB
SwapCached:            0 kB
Active:           375140 kB
Inactive:          24040 kB
Active(anon):     354516 kB
Inactive(anon):     3152 kB
Active(file):      20624 kB
Inactive(file):    20888 kB
Unevictable:        1928 kB
Mlocked:            3844 kB
HighTotal:             0 kB
HighFree:              0 kB
LowTotal:         482068 kB
LowFree:            4276 kB
SwapTotal:             0 kB
SwapFree:              0 kB
Dirty:               572 kB
Writeback:             0 kB
AnonPages:        355108 kB
Mapped:            55272 kB
Shmem:              3212 kB
Slab:              18076 kB
SReclaimable:       4708 kB
SUnreclaim:        13368 kB
KernelStack:        5296 kB
PageTables:         6636 kB
NFS_Unstable:          0 kB
Bounce:                0 kB
WritebackTmp:          0 kB
CommitLimit:      241032 kB
Committed_AS:    3745012 kB
VmallocTotal:     507904 kB
VmallocUsed:      114688 kB
VmallocChunk:     112576 kB
1557576253.000000
MemTotal:         482068 kB
MemFree:            6508 kB
Buffers:             160 kB
Cached:            42516 kB
SwapCached:            0 kB
Active:           373884 kB
Inactive:          22140 kB
Active(anon):     354796 kB
Inactive(anon):     3164 kB
Active(file):      19088 kB
Inactive(file):    18976 kB
Unevictable:        1948 kB
Mlocked:            3804 kB
HighTotal:             0 kB
HighFree:              0 kB
LowTotal:         482068 kB
LowFree:            6508 kB
SwapTotal:             0 kB
SwapFree:              0 kB
Dirty:               568 kB
Writeback:             0 kB
AnonPages:        355388 kB
Mapped:            49664 kB
Shmem:              3296 kB
Slab:              18084 kB
SReclaimable:       4708 kB
SUnreclaim:        13376 kB
KernelStack:        5328 kB
PageTables:         6572 kB
NFS_Unstable:          0 kB
Bounce:                0 kB
WritebackTmp:          0 kB
CommitLimit:      241032 kB
Committed_AS:    3746860 kB
VmallocTotal:     507904 kB
VmallocUsed:      114688 kB
VmallocChunk:     112576 kB
1557576254.000000
MemTotal:         482068 kB
MemFree:            5856 kB
Buffers:             160 kB
Cached:            43492 kB
SwapCached:            0 kB
Active:           373960 kB
Inactive:          23164 kB
Active(anon):     354912 kB
Inactive(anon):     3164 kB
Active(file):      19048 kB
Inactive(file):    20000 kB
Unevictable:        1948 kB
Mlocked:            3804 kB
HighTotal:             0 kB
HighFree:              0 kB
LowTotal:         482068 kB
LowFree:            5856 kB
SwapTotal:             0 kB
SwapFree:              0 kB
Dirty:               548 kB
Writeback:             0 kB
AnonPages:        355476 kB
Mapped:            49792 kB
Shmem:              3296 kB
Slab:              18088 kB
SReclaimable:       4708 kB
SUnreclaim:        13380 kB
KernelStack:        5344 kB
PageTables:         6576 kB
NFS_Unstable:          0 kB
Bounce:                0 kB
WritebackTmp:          0 kB
CommitLimit:      241032 kB
Committed_AS:    3747188 kB
VmallocTotal:     507904 kB
VmallocUsed:      114688 kB
VmallocChunk:     112576 kB
1557576255.000000
MemTotal:         482068 kB
MemFree:            4176 kB
Buffers:             148 kB
Cached:            43564 kB
SwapCached:            0 kB
Active:           375340 kB
Inactive:          23180 kB
Active(anon):     356256 kB
Inactive(anon):     3172 kB
Active(file):      19084 kB
Inactive(file):    20008 kB
Unevictable:        1948 kB
Mlocked:            3804 kB
HighTotal:             0 kB
HighFree:              0 kB
LowTotal:         482068 kB
LowFree:            4176 kB
SwapTotal:             0 kB
SwapFree:              0 kB
Dirty:                 0 kB
Writeback:             0 kB
AnonPages:        356804 kB
Mapped:            49696 kB
Shmem:              3304 kB
Slab:              18092 kB
SReclaimable:       4708 kB
SUnreclaim:        13384 kB
KernelStack:        5344 kB
PageTables:         6504 kB
NFS_Unstable:          0 kB
Bounce:                0 kB
WritebackTmp:          0 kB
CommitLimit:      241032 kB
Committed_AS:    3747388 kB
VmallocTotal:     507904 kB
VmallocUsed:      114688 kB
VmallocChunk:     112576 kB
1557576256.000000
MemTotal:         482068 kB
MemFree:            5192 kB
Buffers:             172 kB
Cached:            46160 kB
SwapCached:            0 kB
Active:           365876 kB
Inactive:          31908 kB
Active(anon):     352940 kB
Inactive(anon):     3168 kB
Active(file):      12936 kB
Inactive(file):    28740 kB
Unevictable:        1948 kB
Mlocked:            3804 kB
HighTotal:             0 kB
HighFree:              0 kB
LowTotal:         482068 kB
LowFree:            5192 kB
SwapTotal:             0 kB
SwapFree:              0 kB
Dirty:                76 kB
Writeback:             0 kB
AnonPages:        353540 kB
Mapped:            47428 kB
Shmem:              3304 kB
Slab:              18020 kB
SReclaimable:       4708 kB
SUnreclaim:        13312 kB
KernelStack:        5344 kB
PageTables:         6512 kB
NFS_Unstable:          0 kB
Bounce:                0 kB
WritebackTmp:          0 kB
CommitLimit:      241032 kB
Committed_AS:    3711164 kB
VmallocTotal:     507904 kB
VmallocUsed:      114688 kB
VmallocChunk:     112576 kB
1557576257.000000
MemTotal:         482068 kB
MemFree:            3952 kB
Buffers:             436 kB
Cached:            44484 kB
SwapCached:            0 kB
Active:           373252 kB
Inactive:          25540 kB
Active(anon):     355372 kB
Inactive(anon):     3168 kB
Active(file):      17880 kB
Inactive(file):    22372 kB
Unevictable:        1948 kB
Mlocked:            3804 kB
HighTotal:             0 kB
HighFree:              0 kB
LowTotal:         482068 kB
LowFree:            3952 kB
SwapTotal:             0 kB
SwapFree:              0 kB
Dirty:                40 kB
Writeback:             0 kB
AnonPages:        355940 kB
Mapped:            47676 kB
Shmem:              3304 kB
Slab:              18020 kB
SReclaimable:       4708 kB
SUnreclaim:        13312 kB
KernelStack:        5344 kB
PageTables:         6528 kB
NFS_Unstable:          0 kB
Bounce:                0 kB
WritebackTmp:          0 kB
CommitLimit:      241032 kB
Committed_AS:    3754240 kB
VmallocTotal:     507904 kB
VmallocUsed:      114688 kB
VmallocChunk:     112576 kB
1557576259.000000
MemTotal:         482068 kB
MemFree:            3696 kB
Buffers:             288 kB
Cached:            42368 kB
SwapCached:            0 kB
Active:           377024 kB
Inactive:          22432 kB
Active(anon):     358304 kB
Inactive(anon):     3168 kB
Active(file):      18720 kB
Inactive(file):    19264 kB
Unevictable:        1948 kB
Mlocked:            3804 kB
HighTotal:             0 kB
HighFree:              0 kB
LowTotal:         482068 kB
LowFree:            3696 kB
SwapTotal:             0 kB
SwapFree:              0 kB
Dirty:                52 kB
Writeback:             0 kB
AnonPages:        358892 kB
Mapped:            49196 kB
Shmem:              3312 kB
Slab:              18024 kB
SReclaimable:       4708 kB
SUnreclaim:        13316 kB
KernelStack:        5344 kB
PageTables:         6588 kB
NFS_Unstable:          0 kB
Bounce:                0 kB
WritebackTmp:          0 kB
CommitLimit:      241032 kB
Committed_AS:    3757144 kB
VmallocTotal:     507904 kB
VmallocUsed:      114688 kB
VmallocChunk:     112576 kB
1557576260.000000
MemTotal:         482068 kB
MemFree:            3884 kB
Buffers:             172 kB
Cached:            44368 kB
SwapCached:            0 kB
Active:           376308 kB
Inactive:          22988 kB
Active(anon):     356200 kB
Inactive(anon):     3168 kB
Active(file):      20108 kB
Inactive(file):    19820 kB
Unevictable:        1948 kB
Mlocked:            3804 kB
HighTotal:             0 kB
HighFree:              0 kB
LowTotal:         482068 kB
LowFree:            3884 kB
SwapTotal:             0 kB
SwapFree:              0 kB
Dirty:                 0 kB
Writeback:             0 kB
AnonPages:        356840 kB
Mapped:            48788 kB
Shmem:              3312 kB
Slab:              18036 kB
SReclaimable:       4704 kB
SUnreclaim:        13332 kB
KernelStack:        5288 kB
PageTables:         6392 kB
NFS_Unstable:          0 kB
Bounce:                0 kB
WritebackTmp:          0 kB
CommitLimit:      241032 kB
Committed_AS:    3641580 kB
VmallocTotal:     507904 kB
VmallocUsed:      112644 kB
VmallocChunk:     112576 kB
1557576261.000000
MemTotal:         482068 kB
MemFree:            9620 kB
Buffers:             312 kB
Cached:            47888 kB
SwapCached:            0 kB
Active:           365264 kB
Inactive:          28468 kB
Active(anon):     346980 kB
Inactive(anon):     3168 kB
Active(file):      18284 kB
Inactive(file):    25300 kB
Unevictable:        1948 kB
Mlocked:            3804 kB
HighTotal:             0 kB
HighFree:              0 kB
LowTotal:         482068 kB
LowFree:            9620 kB
SwapTotal:             0 kB
SwapFree:              0 kB
Dirty:                 0 kB
Writeback:             0 kB
AnonPages:        347564 kB
Mapped:            49200 kB
Shmem:              3312 kB
Slab:              17948 kB
SReclaimable:       4704 kB
SUnreclaim:        13244 kB
KernelStack:        5360 kB
PageTables:         6292 kB
NFS_Unstable:          0 kB
Bounce:                0 kB
WritebackTmp:          0 kB
CommitLimit:      241032 kB
Committed_AS:    3627524 kB
VmallocTotal:     507904 kB
VmallocUsed:      112644 kB
VmallocChunk:     112576 kB
1557576263.000000
MemTotal:         482068 kB
MemFree:            3800 kB
Buffers:             324 kB
Cached:            50544 kB
SwapCached:            0 kB
Active:           372732 kB
Inactive:          27024 kB
Active(anon):     350348 kB
Inactive(anon):     3172 kB
Active(file):      22384 kB
Inactive(file):    23852 kB
Unevictable:        1948 kB
Mlocked:            3804 kB
HighTotal:             0 kB
HighFree:              0 kB
LowTotal:         482068 kB
LowFree:            3800 kB
SwapTotal:             0 kB
SwapFree:              0 kB
Dirty:                 0 kB
Writeback:             0 kB
AnonPages:        350980 kB
Mapped:            53372 kB
Shmem:              3320 kB
Slab:              17924 kB
SReclaimable:       4692 kB
SUnreclaim:        13232 kB
KernelStack:        5256 kB
PageTables:         6452 kB
NFS_Unstable:          0 kB
Bounce:                0 kB
WritebackTmp:          0 kB
CommitLimit:      241032 kB
Committed_AS:    3667628 kB
VmallocTotal:     507904 kB
VmallocUsed:      112644 kB
VmallocChunk:     112576 kB
1557576264.000000
MemTotal:         482068 kB
MemFree:            3444 kB
Buffers:             204 kB
Cached:            48516 kB
SwapCached:            0 kB
Active:           374488 kB
Inactive:          25724 kB
Active(anon):     352912 kB
Inactive(anon):     3172 kB
Active(file):      21576 kB
Inactive(file):    22552 kB
Unevictable:        1948 kB
Mlocked:            3804 kB
HighTotal:             0 kB
HighFree:              0 kB
LowTotal:         482068 kB
LowFree:            3444 kB
SwapTotal:             0 kB
SwapFree:              0 kB
Dirty:                68 kB
Writeback:             0 kB
AnonPages:        353444 kB
Mapped:            53592 kB
Shmem:              3320 kB
Slab:              17888 kB
SReclaimable:       4692 kB
SUnreclaim:        13196 kB
KernelStack:        5216 kB
PageTables:         6460 kB
NFS_Unstable:          0 kB
Bounce:                0 kB
WritebackTmp:          0 kB
CommitLimit:      241032 kB
Committed_AS:    3671212 kB
VmallocTotal:     507904 kB
VmallocUsed:      112644 kB
VmallocChunk:     112576 kB
1557576265.000000
MemTotal:         482068 kB
MemFree:            3568 kB
Buffers:             180 kB
Cached:            47440 kB
SwapCached:            0 kB
Active:           374736 kB
Inactive:          24816 kB
Active(anon):     353396 kB
Inactive(anon):     3172 kB
Active(file):      21340 kB
Inactive(file):    21644 kB
Unevictable:        1948 kB
Mlocked:            3804 kB
HighTotal:             0 kB
HighFree:              0 kB
LowTotal:         482068 kB
LowFree:            3568 kB
SwapTotal:             0 kB
SwapFree:              0 kB
Dirty:                68 kB
Writeback:             0 kB
AnonPages:        353904 kB
Mapped:            51544 kB
Shmem:              3320 kB
Slab:              17960 kB
SReclaimable:       4692 kB
SUnreclaim:        13268 kB
KernelStack:        5248 kB
PageTables:         6484 kB
NFS_Unstable:          0 kB
Bounce:                0 kB
WritebackTmp:          0 kB
CommitLimit:      241032 kB
Committed_AS:    3671432 kB
VmallocTotal:     507904 kB
VmallocUsed:      112644 kB
VmallocChunk:     112576 kB
1557576266.000000
MemTotal:         482068 kB
MemFree:            3792 kB
Buffers:             164 kB
Cached:            47552 kB
SwapCached:            0 kB
Active:           374636 kB
Inactive:          24844 kB
Active(anon):     353244 kB
Inactive(anon):     3172 kB
Active(file):      21392 kB
Inactive(file):    21672 kB
Unevictable:        1948 kB
Mlocked:            3804 kB
HighTotal:             0 kB
HighFree:              0 kB
LowTotal:         482068 kB
LowFree:            3792 kB
SwapTotal:             0 kB
SwapFree:              0 kB
Dirty:                 0 kB
Writeback:             0 kB
AnonPages:        353784 kB
Mapped:            51892 kB
Shmem:              3320 kB
Slab:              17912 kB
SReclaimable:       4692 kB
SUnreclaim:        13220 kB
KernelStack:        5272 kB
PageTables:         6416 kB
NFS_Unstable:          0 kB
Bounce:                0 kB
WritebackTmp:          0 kB
CommitLimit:      241032 kB
Committed_AS:    3671676 kB
VmallocTotal:     507904 kB
VmallocUsed:      112644 kB
VmallocChunk:     112576 kB
1557576267.000000
MemTotal:         482068 kB
MemFree:            4016 kB
Buffers:             184 kB
Cached:            50288 kB
SwapCached:            0 kB
Active:           373112 kB
Inactive:          26228 kB
Active(anon):     350308 kB
Inactive(anon):     3172 kB
Active(file):      22804 kB
Inactive(file):    23056 kB
Unevictable:        1948 kB
Mlocked:            3804 kB
HighTotal:             0 kB
HighFree:              0 kB
LowTotal:         482068 kB
LowFree:            4016 kB
SwapTotal:             0 kB
SwapFree:              0 kB
Dirty:                 0 kB
Writeback:             0 kB
AnonPages:        350840 kB
Mapped:            52008 kB
Shmem:              3320 kB
Slab:              17912 kB
SReclaimable:       4692 kB
SUnreclaim:        13220 kB
KernelStack:        5280 kB
PageTables:         6496 kB
NFS_Unstable:          0 kB
Bounce:                0 kB
WritebackTmp:          0 kB
CommitLimit:      241032 kB
Committed_AS:    3670864 kB
VmallocTotal:     507904 kB
VmallocUsed:      112652 kB
VmallocChunk:     112576 kB
1557576268.000000
MemTotal:         482068 kB
MemFree:            4140 kB
Buffers:             184 kB
Cached:            49968 kB
SwapCached:            0 kB
Active:           372904 kB
Inactive:          26100 kB
Active(anon):     350292 kB
Inactive(anon):     3172 kB
Active(file):      22612 kB
Inactive(file):    22928 kB
Unevictable:        1948 kB
Mlocked:            3804 kB
HighTotal:             0 kB
HighFree:              0 kB
LowTotal:         482068 kB
LowFree:            4140 kB
SwapTotal:             0 kB
SwapFree:              0 kB
Dirty:                 0 kB
Writeback:             0 kB
AnonPages:        350856 kB
Mapped:            52612 kB
Shmem:              3320 kB
Slab:              17912 kB
SReclaimable:       4692 kB
SUnreclaim:        13220 kB
KernelStack:        5296 kB
PageTables:         6424 kB
NFS_Unstable:          0 kB
Bounce:                0 kB
WritebackTmp:          0 kB
CommitLimit:      241032 kB
Committed_AS:    3670952 kB
VmallocTotal:     507904 kB
VmallocUsed:      112652 kB
VmallocChunk:     112576 kB
1557576269.000000
MemTotal:         482068 kB
MemFree:            4264 kB
Buffers:             252 kB
Cached:            47916 kB
SwapCached:            0 kB
Active:           373800 kB
Inactive:          25108 kB
Active(anon):     352108 kB
Inactive(anon):     3172 kB
Active(file):      21692 kB
Inactive(file):    21936 kB
Unevictable:        1948 kB
Mlocked:            3804 kB
HighTotal:             0 kB
HighFree:              0 kB
LowTotal:         482068 kB
LowFree:            4264 kB
SwapTotal:             0 kB
SwapFree:              0 kB
Dirty:                36 kB
Writeback:             0 kB
AnonPages:        352740 kB
Mapped:            53076 kB
Shmem:              3320 kB
Slab:              17924 kB
SReclaimable:       4692 kB
SUnreclaim:        13232 kB
KernelStack:        5296 kB
PageTables:         6436 kB
NFS_Unstable:          0 kB
Bounce:                0 kB
WritebackTmp:          0 kB
CommitLimit:      241032 kB
Committed_AS:    3671200 kB
VmallocTotal:     507904 kB
VmallocUsed:      112652 kB
VmallocChunk:     112576 kB
1557576270.000000
MemTotal:         482068 kB
MemFree:            3456 kB
Buffers:             252 kB
Cached:            48924 kB
SwapCached:            0 kB
Active:           373808 kB
Inactive:          25796 kB
Active(anon):     351944 kB
Inactive(anon):     3172 kB
Active(file):      21864 kB
Inactive(file):    22624 kB
Unevictable:        1948 kB
Mlocked:            3804 kB
HighTotal:             0 kB
HighFree:              0 kB
LowTotal:         482068 kB
LowFree:            3456 kB
SwapTotal:             0 kB
SwapFree:              0 kB
Dirty:                52 kB
Writeback:             0 kB
AnonPages:        352456 kB
Mapped:            53768 kB
Shmem:              3320 kB
Slab:              17948 kB
SReclaimable:       4692 kB
SUnreclaim:        13256 kB
KernelStack:        5312 kB
PageTables:         6504 kB
NFS_Unstable:          0 kB
Bounce:                0 kB
WritebackTmp:          0 kB
CommitLimit:      241032 kB
Committed_AS:    3671392 kB
VmallocTotal:     507904 kB
VmallocUsed:      112652 kB
VmallocChunk:     112576 kB
1557576271.000000
MemTotal:         482068 kB
MemFree:            3508 kB
Buffers:             276 kB
Cached:            46836 kB
SwapCached:            0 kB
Active:           374708 kB
Inactive:          24756 kB
Active(anon):     353808 kB
Inactive(anon):     3172 kB
Active(file):      20900 kB
Inactive(file):    21584 kB
Unevictable:        1948 kB
Mlocked:            3804 kB
HighTotal:             0 kB
HighFree:              0 kB
LowTotal:         482068 kB
LowFree:            3508 kB
SwapTotal:             0 kB
SwapFree:              0 kB
Dirty:                52 kB
Writeback:             0 kB
AnonPages:        354416 kB
Mapped:            52644 kB
Shmem:              3320 kB
Slab:              17984 kB
SReclaimable:       4692 kB
SUnreclaim:        13292 kB
KernelStack:        5408 kB
PageTables:         6696 kB
NFS_Unstable:          0 kB
Bounce:                0 kB
WritebackTmp:          0 kB
CommitLimit:      241032 kB
Committed_AS:    3782604 kB
VmallocTotal:     507904 kB
VmallocUsed:      114696 kB
VmallocChunk:     112576 kB
1557576272.000000
MemTotal:         482068 kB
MemFree:            5360 kB
Buffers:             276 kB
Cached:            47976 kB
SwapCached:            0 kB
Active:           372188 kB
Inactive:          25512 kB
Active(anon):     350964 kB
Inactive(anon):     3168 kB
Active(file):      21224 kB
Inactive(file):    22344 kB
Unevictable:        1948 kB
Mlocked:            3804 kB
HighTotal:             0 kB
HighFree:              0 kB
LowTotal:         482068 kB
LowFree:            5360 kB
SwapTotal:             0 kB
SwapFree:              0 kB
Dirty:                 0 kB
Writeback:             0 kB
AnonPages:        351464 kB
Mapped:            52500 kB
Shmem:              3320 kB
Slab:              18012 kB
SReclaimable:       4692 kB
SUnreclaim:        13320 kB
KernelStack:        5408 kB
PageTables:         6648 kB
NFS_Unstable:          0 kB
Bounce:                0 kB
WritebackTmp:          0 kB
CommitLimit:      241032 kB
Committed_AS:    3784444 kB
VmallocTotal:     507904 kB
VmallocUsed:      114696 kB
VmallocChunk:     112576 kB
1557576273.000000
MemTotal:         482068 kB
MemFree:            3700 kB
Buffers:             276 kB
Cached:            48188 kB
SwapCached:            0 kB
Active:           373024 kB
Inactive:          25832 kB
Active(anon):     351800 kB
Inactive(anon):     3168 kB
Active(file):      21224 kB
Inactive(file):    22664 kB
Unevictable:        1948 kB
Mlocked:            3804 kB
HighTotal:             0 kB
HighFree:              0 kB
LowTotal:         482068 kB
LowFree:            3700 kB
SwapTotal:             0 kB
SwapFree:              0 kB
Dirty:                16 kB
Writeback:             0 kB
AnonPages:        352428 kB
Mapped:            52580 kB
Shmem:              3320 kB
Slab:              17960 kB
SReclaimable:       4692 kB
SUnreclaim:        13268 kB
KernelStack:        5408 kB
PageTables:         6652 kB
NFS_Unstable:          0 kB
Bounce:                0 kB
WritebackTmp:          0 kB
CommitLimit:      241032 kB
Committed_AS:    3784656 kB
VmallocTotal:     507904 kB
VmallocUsed:      114696 kB
VmallocChunk:     112576 kB
1557576274.000000
MemTotal:         482068 kB
MemFree:            3656 kB
Buffers:             268 kB
Cached:            47864 kB
SwapCached:            0 kB
Active:           373936 kB
Inactive:          25136 kB
Active(anon):     352348 kB
Inactive(anon):     3168 kB
Active(file):      21588 kB
Inactive(file):    21968 kB
Unevictable:        1948 kB
Mlocked:            3804 kB
HighTotal:             0 kB
HighFree:              0 kB
LowTotal:         482068 kB
LowFree:            3656 kB
SwapTotal:             0 kB
SwapFree:              0 kB
Dirty:                16 kB
Writeback:             0 kB
AnonPages:        352860 kB
Mapped:            52280 kB
Shmem:              3320 kB
Slab:              17976 kB
SReclaimable:       4692 kB
SUnreclaim:        13284 kB
KernelStack:        5408 kB
PageTables:         6640 kB
NFS_Unstable:          0 kB
Bounce:                0 kB
WritebackTmp:          0 kB
CommitLimit:      241032 kB
Committed_AS:    3784736 kB
VmallocTotal:     507904 kB
VmallocUsed:      114696 kB
VmallocChunk:     112576 kB
1557576275.000000
MemTotal:         482068 kB
MemFree:            4508 kB
Buffers:             272 kB
Cached:            47328 kB
SwapCached:            0 kB
Active:           373496 kB
Inactive:          24904 kB
Active(anon):     352244 kB
Inactive(anon):     3168 kB
Active(file):      21252 kB
Inactive(file):    21736 kB
Unevictable:        1948 kB
Mlocked:            3804 kB
HighTotal:             0 kB
HighFree:              0 kB
LowTotal:         482068 kB
LowFree:            4508 kB
SwapTotal:             0 kB
SwapFree:              0 kB
Dirty:                16 kB
Writeback:             0 kB
AnonPages:        352784 kB
Mapped:            52204 kB
Shmem:              3320 kB
Slab:              17976 kB
SReclaimable:       4692 kB
SUnreclaim:        13284 kB
KernelStack:        5408 kB
PageTables:         6716 kB
NFS_Unstable:          0 kB
Bounce:                0 kB
WritebackTmp:          0 kB
CommitLimit:      241032 kB
Committed_AS:    3784872 kB
VmallocTotal:     507904 kB
VmallocUsed:      114696 kB
VmallocChunk:     112576 kB
1557576276.000000
MemTotal:         482068 kB
MemFree:            4144 kB
Buffers:             272 kB
Cached:            47704 kB
SwapCached:            0 kB
Active:           373732 kB
Inactive:          25316 kB
Active(anon):     352444 kB
Inactive(anon):     3168 kB
Active(file):      21288 kB
Inactive(file):    22148 kB
Unevictable:        1948 kB
Mlocked:            3804 kB
HighTotal:             0 kB
HighFree:              0 kB
LowTotal:         482068 kB
LowFree:            4144 kB
SwapTotal:             0 kB
SwapFree:              0 kB
Dirty:                16 kB
Writeback:             0 kB
AnonPages:        352976 kB
Mapped:            52168 kB
Shmem:              3320 kB
Slab:              17980 kB
SReclaimable:       4692 kB
SUnreclaim:        13288 kB
KernelStack:        5408 kB
PageTables:         6716 kB
NFS_Unstable:          0 kB
Bounce:                0 kB
WritebackTmp:          0 kB
CommitLimit:      241032 kB
Committed_AS:    3784792 kB
VmallocTotal:     507904 kB
VmallocUsed:      114696 kB
VmallocChunk:     112576 kB
1557576277.000000
MemTotal:         482068 kB
MemFree:            3772 kB
Buffers:             272 kB
Cached:            47760 kB
SwapCached:            0 kB
Active:           373976 kB
Inactive:          25336 kB
Active(anon):     352688 kB
Inactive(anon):     3168 kB
Active(file):      21288 kB
Inactive(file):    22168 kB
Unevictable:        1948 kB
Mlocked:            3804 kB
HighTotal:             0 kB
HighFree:              0 kB
LowTotal:         482068 kB
LowFree:            3772 kB
SwapTotal:             0 kB
SwapFree:              0 kB
Dirty:                 0 kB
Writeback:             0 kB
AnonPages:        353192 kB
Mapped:            52200 kB
Shmem:              3320 kB
Slab:              18036 kB
SReclaimable:       4692 kB
SUnreclaim:        13344 kB
KernelStack:        5392 kB
PageTables:         6640 kB
NFS_Unstable:          0 kB
Bounce:                0 kB
WritebackTmp:          0 kB
CommitLimit:      241032 kB
Committed_AS:    3784856 kB
VmallocTotal:     507904 kB
VmallocUsed:      114696 kB
VmallocChunk:     112576 kB
1557576278.000000
MemTotal:         482068 kB
MemFree:            4144 kB
Buffers:             280 kB
Cached:            47128 kB
SwapCached:            0 kB
Active:           373932 kB
Inactive:          24724 kB
Active(anon):     352624 kB
Inactive(anon):     3168 kB
Active(file):      21308 kB
Inactive(file):    21556 kB
Unevictable:        1948 kB
Mlocked:            3804 kB
HighTotal:             0 kB
HighFree:              0 kB
LowTotal:         482068 kB
LowFree:            4144 kB
SwapTotal:             0 kB
SwapFree:              0 kB
Dirty:                 0 kB
Writeback:             0 kB
AnonPages:        353236 kB
Mapped:            52420 kB
Shmem:              3320 kB
Slab:              18000 kB
SReclaimable:       4692 kB
SUnreclaim:        13308 kB
KernelStack:        5400 kB
PageTables:         6652 kB
NFS_Unstable:          0 kB
Bounce:                0 kB
WritebackTmp:          0 kB
CommitLimit:      241032 kB
Committed_AS:    3785056 kB
VmallocTotal:     507904 kB
VmallocUsed:      114696 kB
VmallocChunk:     112576 kB
1557576279.000000
MemTotal:         482068 kB
MemFree:            3988 kB
Buffers:             280 kB
Cached:            47196 kB
SwapCached:            0 kB
Active:           374084 kB
Inactive:          24760 kB
Active(anon):     352776 kB
Inactive(anon):     3168 kB
Active(file):      21308 kB
Inactive(file):    21592 kB
Unevictable:        1948 kB
Mlocked:            3804 kB
HighTotal:             0 kB
HighFree:              0 kB
LowTotal:         482068 kB
LowFree:            3988 kB
SwapTotal:             0 kB
SwapFree:              0 kB
Dirty:                 4 kB
Writeback:             0 kB
AnonPages:        353416 kB
Mapped:            52360 kB
Shmem:              3320 kB
Slab:              18020 kB
SReclaimable:       4692 kB
SUnreclaim:        13328 kB
KernelStack:        5400 kB
PageTables:         6656 kB
NFS_Unstable:          0 kB
Bounce:                0 kB
WritebackTmp:          0 kB
CommitLimit:      241032 kB
Committed_AS:    3785092 kB
VmallocTotal:     507904 kB
VmallocUsed:      114696 kB
VmallocChunk:     112576 kB
1557576280.000000
MemTotal:         482068 kB
MemFree:            3912 kB
Buffers:             280 kB
Cached:            47196 kB
SwapCached:            0 kB
Active:           374056 kB
Inactive:          24760 kB
Active(anon):     352748 kB
Inactive(anon):     3168 kB
Active(file):      21308 kB
Inactive(file):    21592 kB
Unevictable:        1948 kB
Mlocked:            3804 kB
HighTotal:             0 kB
HighFree:              0 kB
LowTotal:         482068 kB
LowFree:            3912 kB
SwapTotal:             0 kB
SwapFree:              0 kB
Dirty:                 4 kB
Writeback:             0 kB
AnonPages:        353264 kB
Mapped:            52436 kB
Shmem:              3320 kB
Slab:              18012 kB
SReclaimable:       4692 kB
SUnreclaim:        13320 kB
KernelStack:        5400 kB
PageTables:         6576 kB
NFS_Unstable:          0 kB
Bounce:                0 kB
WritebackTmp:          0 kB
CommitLimit:      241032 kB
Committed_AS:    3785120 kB
VmallocTotal:     507904 kB
VmallocUsed:      114696 kB
VmallocChunk:     112576 kB
1557576280.000000
MemTotal:         482068 kB
MemFree:            4276 kB
Buffers:             280 kB
Cached:            46272 kB
SwapCached:            0 kB
Active:           374416 kB
Inactive:          24212 kB
Active(anon):     353484 kB
Inactive(anon):     3168 kB
Active(file):      20932 kB
Inactive(file):    21044 kB
Unevictable:        1948 kB
Mlocked:            3804 kB
HighTotal:             0 kB
HighFree:              0 kB
LowTotal:         482068 kB
LowFree:            4276 kB
SwapTotal:             0 kB
SwapFree:              0 kB
Dirty:                 4 kB
Writeback:             0 kB
AnonPages:        354044 kB
Mapped:            51744 kB
Shmem:              3320 kB
Slab:              17960 kB
SReclaimable:       4692 kB
SUnreclaim:        13268 kB
KernelStack:        5408 kB
PageTables:         6664 kB
NFS_Unstable:          0 kB
Bounce:                0 kB
WritebackTmp:          0 kB
CommitLimit:      241032 kB
Committed_AS:    3785044 kB
VmallocTotal:     507904 kB
VmallocUsed:      114696 kB
VmallocChunk:     112576 kB
1557576281.000000
MemTotal:         482068 kB
MemFree:            3648 kB
Buffers:             280 kB
Cached:            46272 kB
SwapCached:            0 kB
Active:           374696 kB
Inactive:          24212 kB
Active(anon):     353764 kB
Inactive(anon):     3168 kB
Active(file):      20932 kB
Inactive(file):    21044 kB
Unevictable:        1948 kB
Mlocked:            3804 kB
HighTotal:             0 kB
HighFree:              0 kB
LowTotal:         482068 kB
LowFree:            3648 kB
SwapTotal:             0 kB
SwapFree:              0 kB
Dirty:                 0 kB
Writeback:             0 kB
AnonPages:        354344 kB
Mapped:            51732 kB
Shmem:              3320 kB
Slab:              18020 kB
SReclaimable:       4692 kB
SUnreclaim:        13328 kB
KernelStack:        5400 kB
PageTables:         6652 kB
NFS_Unstable:          0 kB
Bounce:                0 kB
WritebackTmp:          0 kB
CommitLimit:      241032 kB
Committed_AS:    3785040 kB
VmallocTotal:     507904 kB
VmallocUsed:      114696 kB
VmallocChunk:     112576 kB
1557576282.000000
MemTotal:         482068 kB
MemFree:            4300 kB
Buffers:             280 kB
Cached:            46272 kB
SwapCached:            0 kB
Active:           374212 kB
Inactive:          24212 kB
Active(anon):     353280 kB
Inactive(anon):     3168 kB
Active(file):      20932 kB
Inactive(file):    21044 kB
Unevictable:        1948 kB
Mlocked:            3804 kB
HighTotal:             0 kB
HighFree:              0 kB
LowTotal:         482068 kB
LowFree:            4300 kB
SwapTotal:             0 kB
SwapFree:              0 kB
Dirty:                 0 kB
Writeback:             0 kB
AnonPages:        353792 kB
Mapped:            51752 kB
Shmem:              3320 kB
Slab:              18000 kB
SReclaimable:       4692 kB
SUnreclaim:        13308 kB
KernelStack:        5384 kB
PageTables:         6640 kB
NFS_Unstable:          0 kB
Bounce:                0 kB
WritebackTmp:          0 kB
CommitLimit:      241032 kB
Committed_AS:    3785140 kB
VmallocTotal:     507904 kB
VmallocUsed:      114696 kB
VmallocChunk:     112576 kB
1557576283.000000
MemTotal:         482068 kB
MemFree:            4368 kB
Buffers:             280 kB
Cached:            46272 kB
SwapCached:            0 kB
Active:           374108 kB
Inactive:          24212 kB
Active(anon):     353176 kB
Inactive(anon):     3168 kB
Active(file):      20932 kB
Inactive(file):    21044 kB
Unevictable:        1948 kB
Mlocked:            3804 kB
HighTotal:             0 kB
HighFree:              0 kB
LowTotal:         482068 kB
LowFree:            4368 kB
SwapTotal:             0 kB
SwapFree:              0 kB
Dirty:                 0 kB
Writeback:             0 kB
AnonPages:        353716 kB
Mapped:            51828 kB
Shmem:              3320 kB
Slab:              18000 kB
SReclaimable:       4692 kB
SUnreclaim:        13308 kB
KernelStack:        5384 kB
PageTables:         6716 kB
NFS_Unstable:          0 kB
Bounce:                0 kB
WritebackTmp:          0 kB
CommitLimit:      241032 kB
Committed_AS:    3785144 kB
VmallocTotal:     507904 kB
VmallocUsed:      114696 kB
VmallocChunk:     112576 kB
1557576284.000000
MemTotal:         482068 kB
MemFree:            4020 kB
Buffers:             280 kB
Cached:            46468 kB
SwapCached:            0 kB
Active:           374368 kB
Inactive:          24412 kB
Active(anon):     353436 kB
Inactive(anon):     3168 kB
Active(file):      20932 kB
Inactive(file):    21244 kB
Unevictable:        1948 kB
Mlocked:            3804 kB
HighTotal:             0 kB
HighFree:              0 kB
LowTotal:         482068 kB
LowFree:            4020 kB
SwapTotal:             0 kB
SwapFree:              0 kB
Dirty:                 0 kB
Writeback:             0 kB
AnonPages:        354032 kB
Mapped:            51860 kB
Shmem:              3320 kB
Slab:              18012 kB
SReclaimable:       4692 kB
SUnreclaim:        13320 kB
KernelStack:        5384 kB
PageTables:         6640 kB
NFS_Unstable:          0 kB
Bounce:                0 kB
WritebackTmp:          0 kB
CommitLimit:      241032 kB
Committed_AS:    3785156 kB
VmallocTotal:     507904 kB
VmallocUsed:      114696 kB
VmallocChunk:     112576 kB
1557576285.000000
MemTotal:         482068 kB
MemFree:            3928 kB
Buffers:             280 kB
Cached:            46512 kB
SwapCached:            0 kB
Active:           374208 kB
Inactive:          24544 kB
Active(anon):     353408 kB
Inactive(anon):     3168 kB
Active(file):      20800 kB
Inactive(file):    21376 kB
Unevictable:        1948 kB
Mlocked:            3804 kB
HighTotal:             0 kB
HighFree:              0 kB
LowTotal:         482068 kB
LowFree:            3928 kB
SwapTotal:             0 kB
SwapFree:              0 kB
Dirty:                 0 kB
Writeback:             0 kB
AnonPages:        353976 kB
Mapped:            51612 kB
Shmem:              3320 kB
Slab:              18020 kB
SReclaimable:       4692 kB
SUnreclaim:        13328 kB
KernelStack:        5384 kB
PageTables:         6716 kB
NFS_Unstable:          0 kB
Bounce:                0 kB
WritebackTmp:          0 kB
CommitLimit:      241032 kB
Committed_AS:    3785036 kB
VmallocTotal:     507904 kB
VmallocUsed:      114696 kB
VmallocChunk:     112576 kB
1557576286.000000
MemTotal:         482068 kB
MemFree:            3904 kB
Buffers:             280 kB
Cached:            46504 kB
SwapCached:            0 kB
Active:           374292 kB
Inactive:          24576 kB
Active(anon):     353492 kB
Inactive(anon):     3168 kB
Active(file):      20800 kB
Inactive(file):    21408 kB
Unevictable:        1948 kB
Mlocked:            3804 kB
HighTotal:             0 kB
HighFree:              0 kB
LowTotal:         482068 kB
LowFree:            3904 kB
SwapTotal:             0 kB
SwapFree:              0 kB
Dirty:                 0 kB
Writeback:             0 kB
AnonPages:        354032 kB
Mapped:            51660 kB
Shmem:              3320 kB
Slab:              18016 kB
SReclaimable:       4692 kB
SUnreclaim:        13324 kB
KernelStack:        5384 kB
PageTables:         6716 kB
NFS_Unstable:          0 kB
Bounce:                0 kB
WritebackTmp:          0 kB
CommitLimit:      241032 kB
Committed_AS:    3785156 kB
VmallocTotal:     507904 kB
VmallocUsed:      114696 kB
VmallocChunk:     112576 kB
1557576287.000000
MemTotal:         482068 kB
MemFree:            3616 kB
Buffers:             280 kB
Cached:            46780 kB
SwapCached:            0 kB
Active:           374316 kB
Inactive:          24852 kB
Active(anon):     353516 kB
Inactive(anon):     3168 kB
Active(file):      20800 kB
Inactive(file):    21684 kB
Unevictable:        1948 kB
Mlocked:            3804 kB
HighTotal:             0 kB
HighFree:              0 kB
LowTotal:         482068 kB
LowFree:            3616 kB
SwapTotal:             0 kB
SwapFree:              0 kB
Dirty:                 0 kB
Writeback:             0 kB
AnonPages:        354032 kB
Mapped:            51676 kB
Shmem:              3320 kB
Slab:              18020 kB
SReclaimable:       4692 kB
SUnreclaim:        13328 kB
KernelStack:        5392 kB
PageTables:         6652 kB
NFS_Unstable:          0 kB
Bounce:                0 kB
WritebackTmp:          0 kB
CommitLimit:      241032 kB
Committed_AS:    3785036 kB
VmallocTotal:     507904 kB
VmallocUsed:      114696 kB
VmallocChunk:     112576 kB
1557576288.000000
MemTotal:         482068 kB
MemFree:            3640 kB
Buffers:             280 kB
Cached:            46780 kB
SwapCached:            0 kB
Active:           374348 kB
Inactive:          24852 kB
Active(anon):     353548 kB
Inactive(anon):     3168 kB
Active(file):      20800 kB
Inactive(file):    21684 kB
Unevictable:        1948 kB
Mlocked:            3804 kB
HighTotal:             0 kB
HighFree:              0 kB
LowTotal:         482068 kB
LowFree:            3640 kB
SwapTotal:             0 kB
SwapFree:              0 kB
Dirty:                 0 kB
Writeback:             0 kB
AnonPages:        354096 kB
Mapped:            51752 kB
Shmem:              3320 kB
Slab:              18036 kB
SReclaimable:       4692 kB
SUnreclaim:        13344 kB
KernelStack:        5392 kB
PageTables:         6656 kB
NFS_Unstable:          0 kB
Bounce:                0 kB
WritebackTmp:          0 kB
CommitLimit:      241032 kB
Committed_AS:    3785156 kB
VmallocTotal:     507904 kB
VmallocUsed:      114696 kB
VmallocChunk:     112576 kB
1557576289.000000
MemTotal:         482068 kB
MemFree:            4400 kB
Buffers:             280 kB
Cached:            46096 kB
SwapCached:            0 kB
Active:           374420 kB
Inactive:          24084 kB
Active(anon):     353568 kB
Inactive(anon):     3168 kB
Active(file):      20852 kB
Inactive(file):    20916 kB
Unevictable:        1948 kB
Mlocked:            3804 kB
HighTotal:             0 kB
HighFree:              0 kB
LowTotal:         482068 kB
LowFree:            4400 kB
SwapTotal:             0 kB
SwapFree:              0 kB
Dirty:                 0 kB
Writeback:             0 kB
AnonPages:        354084 kB
Mapped:            51476 kB
Shmem:              3320 kB
Slab:              18024 kB
SReclaimable:       4692 kB
SUnreclaim:        13332 kB
KernelStack:        5384 kB
PageTables:         6640 kB
NFS_Unstable:          0 kB
Bounce:                0 kB
WritebackTmp:          0 kB
CommitLimit:      241032 kB
Committed_AS:    3785224 kB
VmallocTotal:     507904 kB
VmallocUsed:      114696 kB
VmallocChunk:     112576 kB
1557576289.000000
MemTotal:         482068 kB
MemFree:            4424 kB
Buffers:             280 kB
Cached:            45240 kB
SwapCached:            0 kB
Active:           374644 kB
Inactive:          23660 kB
Active(anon):     354208 kB
Inactive(anon):     3168 kB
Active(file):      20436 kB
Inactive(file):    20492 kB
Unevictable:        1948 kB
Mlocked:            3804 kB
HighTotal:             0 kB
HighFree:              0 kB
LowTotal:         482068 kB
LowFree:            4424 kB
SwapTotal:             0 kB
SwapFree:              0 kB
Dirty:                 0 kB
Writeback:             0 kB
AnonPages:        354720 kB
Mapped:            51320 kB
Shmem:              3320 kB
Slab:              18024 kB
SReclaimable:       4692 kB
SUnreclaim:        13332 kB
KernelStack:        5384 kB
PageTables:         6732 kB
NFS_Unstable:          0 kB
Bounce:                0 kB
WritebackTmp:          0 kB
CommitLimit:      241032 kB
Committed_AS:    3785156 kB
VmallocTotal:     507904 kB
VmallocUsed:      114696 kB
VmallocChunk:     112576 kB
1557576290.000000
MemTotal:         482068 kB
MemFree:            5152 kB
Buffers:             280 kB
Cached:            45196 kB
SwapCached:            0 kB
Active:           373860 kB
Inactive:          23628 kB
Active(anon):     353420 kB
Inactive(anon):     3168 kB
Active(file):      20440 kB
Inactive(file):    20460 kB
Unevictable:        1948 kB
Mlocked:            3804 kB
HighTotal:             0 kB
HighFree:              0 kB
LowTotal:         482068 kB
LowFree:            5152 kB
SwapTotal:             0 kB
SwapFree:              0 kB
Dirty:                 0 kB
Writeback:             0 kB
AnonPages:        353952 kB
Mapped:            51356 kB
Shmem:              3320 kB
Slab:              18020 kB
SReclaimable:       4692 kB
SUnreclaim:        13328 kB
KernelStack:        5384 kB
PageTables:         6656 kB
NFS_Unstable:          0 kB
Bounce:                0 kB
WritebackTmp:          0 kB
CommitLimit:      241032 kB
Committed_AS:    3785156 kB
VmallocTotal:     507904 kB
VmallocUsed:      114696 kB
VmallocChunk:     112576 kB
1557576291.000000
MemTotal:         482068 kB
MemFree:            5012 kB
Buffers:             404 kB
Cached:            45408 kB
SwapCached:            0 kB
Active:           373972 kB
Inactive:          23964 kB
Active(anon):     353532 kB
Inactive(anon):     3168 kB
Active(file):      20440 kB
Inactive(file):    20796 kB
Unevictable:        1948 kB
Mlocked:            3804 kB
HighTotal:             0 kB
HighFree:              0 kB
LowTotal:         482068 kB
LowFree:            5012 kB
SwapTotal:             0 kB
SwapFree:              0 kB
Dirty:                 0 kB
Writeback:             0 kB
AnonPages:        354064 kB
Mapped:            51380 kB
Shmem:              3320 kB
Slab:              18040 kB
SReclaimable:       4692 kB
SUnreclaim:        13348 kB
KernelStack:        5384 kB
PageTables:         6648 kB
NFS_Unstable:          0 kB
Bounce:                0 kB
WritebackTmp:          0 kB
CommitLimit:      241032 kB
Committed_AS:    3785156 kB
VmallocTotal:     507904 kB
VmallocUsed:      114696 kB
VmallocChunk:     112576 kB
1557576292.000000
MemTotal:         482068 kB
MemFree:            4028 kB
Buffers:             404 kB
Cached:            46012 kB
SwapCached:            0 kB
Active:           374340 kB
Inactive:          24552 kB
Active(anon):     353900 kB
Inactive(anon):     3168 kB
Active(file):      20440 kB
Inactive(file):    21384 kB
Unevictable:        1948 kB
Mlocked:            3804 kB
HighTotal:             0 kB
HighFree:              0 kB
LowTotal:         482068 kB
LowFree:            4028 kB
SwapTotal:             0 kB
SwapFree:              0 kB
Dirty:                 0 kB
Writeback:             0 kB
AnonPages:        354444 kB
Mapped:            51444 kB
Shmem:              3320 kB
Slab:              18008 kB
SReclaimable:       4692 kB
SUnreclaim:        13316 kB
KernelStack:        5336 kB
PageTables:         6672 kB
NFS_Unstable:          0 kB
Bounce:                0 kB
WritebackTmp:          0 kB
CommitLimit:      241032 kB
Committed_AS:    3785840 kB
VmallocTotal:     507904 kB
VmallocUsed:      114696 kB
VmallocChunk:     112576 kB
1557576293.000000
MemTotal:         482068 kB
MemFree:            4252 kB
Buffers:             404 kB
Cached:            44972 kB
SwapCached:            0 kB
Active:           374744 kB
Inactive:          23612 kB
Active(anon):     354436 kB
Inactive(anon):     3168 kB
Active(file):      20308 kB
Inactive(file):    20444 kB
Unevictable:        1948 kB
Mlocked:            3804 kB
HighTotal:             0 kB
HighFree:              0 kB
LowTotal:         482068 kB
LowFree:            4252 kB
SwapTotal:             0 kB
SwapFree:              0 kB
Dirty:                 0 kB
Writeback:             0 kB
AnonPages:        355036 kB
Mapped:            51228 kB
Shmem:              3320 kB
Slab:              18028 kB
SReclaimable:       4692 kB
SUnreclaim:        13336 kB
KernelStack:        5392 kB
PageTables:         6640 kB
NFS_Unstable:          0 kB
Bounce:                0 kB
WritebackTmp:          0 kB
CommitLimit:      241032 kB
Committed_AS:    3785988 kB
VmallocTotal:     507904 kB
VmallocUsed:      114696 kB
VmallocChunk:     112576 kB
1557576294.000000
MemTotal:         482068 kB
MemFree:            4244 kB
Buffers:             404 kB
Cached:            44924 kB
SwapCached:            0 kB
Active:           374868 kB
Inactive:          23612 kB
Active(anon):     354560 kB
Inactive(anon):     3168 kB
Active(file):      20308 kB
Inactive(file):    20444 kB
Unevictable:        1948 kB
Mlocked:            3804 kB
HighTotal:             0 kB
HighFree:              0 kB
LowTotal:         482068 kB
LowFree:            4244 kB
SwapTotal:             0 kB
SwapFree:              0 kB
Dirty:                 0 kB
Writeback:             0 kB
AnonPages:        355060 kB
Mapped:            51224 kB
Shmem:              3320 kB
Slab:              18012 kB
SReclaimable:       4692 kB
SUnreclaim:        13320 kB
KernelStack:        5376 kB
PageTables:         6640 kB
NFS_Unstable:          0 kB
Bounce:                0 kB
WritebackTmp:          0 kB
CommitLimit:      241032 kB
Committed_AS:    3785988 kB
VmallocTotal:     507904 kB
VmallocUsed:      114696 kB
VmallocChunk:     112576 kB
1557576295.000000
MemTotal:         482068 kB
MemFree:            4128 kB
Buffers:             404 kB
Cached:            44924 kB
SwapCached:            0 kB
Active:           375112 kB
Inactive:          23612 kB
Active(anon):     354804 kB
Inactive(anon):     3168 kB
Active(file):      20308 kB
Inactive(file):    20444 kB
Unevictable:        1948 kB
Mlocked:            3804 kB
HighTotal:             0 kB
HighFree:              0 kB
LowTotal:         482068 kB
LowFree:            4128 kB
SwapTotal:             0 kB
SwapFree:              0 kB
Dirty:                 0 kB
Writeback:             0 kB
AnonPages:        355336 kB
Mapped:            51316 kB
Shmem:              3320 kB
Slab:              18028 kB
SReclaimable:       4692 kB
SUnreclaim:        13336 kB
KernelStack:        5384 kB
PageTables:         6664 kB
NFS_Unstable:          0 kB
Bounce:                0 kB
WritebackTmp:          0 kB
CommitLimit:      241032 kB
Committed_AS:    3785988 kB
VmallocTotal:     507904 kB
VmallocUsed:      114696 kB
VmallocChunk:     112576 kB
1557576296.000000
MemTotal:         482068 kB
MemFree:            4208 kB
Buffers:             404 kB
Cached:            44924 kB
SwapCached:            0 kB
Active:           375012 kB
Inactive:          23612 kB
Active(anon):     354704 kB
Inactive(anon):     3168 kB
Active(file):      20308 kB
Inactive(file):    20444 kB
Unevictable:        1948 kB
Mlocked:            3804 kB
HighTotal:             0 kB
HighFree:              0 kB
LowTotal:         482068 kB
LowFree:            4208 kB
SwapTotal:             0 kB
SwapFree:              0 kB
Dirty:                 0 kB
Writeback:             0 kB
AnonPages:        355220 kB
Mapped:            51196 kB
Shmem:              3320 kB
Slab:              18032 kB
SReclaimable:       4692 kB
SUnreclaim:        13340 kB
KernelStack:        5384 kB
PageTables:         6652 kB
NFS_Unstable:          0 kB
Bounce:                0 kB
WritebackTmp:          0 kB
CommitLimit:      241032 kB
Committed_AS:    3785868 kB
VmallocTotal:     507904 kB
VmallocUsed:      114696 kB
VmallocChunk:     112576 kB
1557576297.000000
MemTotal:         482068 kB
MemFree:            4120 kB
Buffers:             404 kB
Cached:            44924 kB
SwapCached:            0 kB
Active:           375052 kB
Inactive:          23612 kB
Active(anon):     354744 kB
Inactive(anon):     3168 kB
Active(file):      20308 kB
Inactive(file):    20444 kB
Unevictable:        1948 kB
Mlocked:            3804 kB
HighTotal:             0 kB
HighFree:              0 kB
LowTotal:         482068 kB
LowFree:            4120 kB
SwapTotal:             0 kB
SwapFree:              0 kB
Dirty:                 0 kB
Writeback:             0 kB
AnonPages:        355284 kB
Mapped:            51272 kB
Shmem:              3320 kB
Slab:              18024 kB
SReclaimable:       4692 kB
SUnreclaim:        13332 kB
KernelStack:        5384 kB
PageTables:         6732 kB
NFS_Unstable:          0 kB
Bounce:                0 kB
WritebackTmp:          0 kB
CommitLimit:      241032 kB
Committed_AS:    3785988 kB
VmallocTotal:     507904 kB
VmallocUsed:      114696 kB
VmallocChunk:     112576 kB
1557576297.000000
MemTotal:         482068 kB
MemFree:            3904 kB
Buffers:             404 kB
Cached:            44924 kB
SwapCached:            0 kB
Active:           375164 kB
Inactive:          23612 kB
Active(anon):     354856 kB
Inactive(anon):     3168 kB
Active(file):      20308 kB
Inactive(file):    20444 kB
Unevictable:        1948 kB
Mlocked:            3804 kB
HighTotal:             0 kB
HighFree:              0 kB
LowTotal:         482068 kB
LowFree:            3904 kB
SwapTotal:             0 kB
SwapFree:              0 kB
Dirty:                 0 kB
Writeback:             0 kB
AnonPages:        355444 kB
Mapped:            51256 kB
Shmem:              3320 kB
Slab:              18016 kB
SReclaimable:       4692 kB
SUnreclaim:        13324 kB
KernelStack:        5392 kB
PageTables:         6652 kB
NFS_Unstable:          0 kB
Bounce:                0 kB
WritebackTmp:          0 kB
CommitLimit:      241032 kB
Committed_AS:    3785896 kB
VmallocTotal:     507904 kB
VmallocUsed:      114696 kB
VmallocChunk:     112576 kB
1557576298.000000
MemTotal:         482068 kB
MemFree:            4036 kB
Buffers:             404 kB
Cached:            44924 kB
SwapCached:            0 kB
Active:           375096 kB
Inactive:          23612 kB
Active(anon):     354788 kB
Inactive(anon):     3168 kB
Active(file):      20308 kB
Inactive(file):    20444 kB
Unevictable:        1948 kB
Mlocked:            3804 kB
HighTotal:             0 kB
HighFree:              0 kB
LowTotal:         482068 kB
LowFree:            4036 kB
SwapTotal:             0 kB
SwapFree:              0 kB
Dirty:                 0 kB
Writeback:             0 kB
AnonPages:        355368 kB
Mapped:            51280 kB
Shmem:              3320 kB
Slab:              18008 kB
SReclaimable:       4692 kB
SUnreclaim:        13316 kB
KernelStack:        5384 kB
PageTables:         6656 kB
NFS_Unstable:          0 kB
Bounce:                0 kB
WritebackTmp:          0 kB
CommitLimit:      241032 kB
Committed_AS:    3785988 kB
VmallocTotal:     507904 kB
VmallocUsed:      114696 kB
VmallocChunk:     112576 kB
1557576299.000000
MemTotal:         482068 kB
MemFree:            4160 kB
Buffers:             284 kB
Cached:            44780 kB
SwapCached:            0 kB
Active:           375172 kB
Inactive:          23576 kB
Active(anon):     355096 kB
Inactive(anon):     3164 kB
Active(file):      20076 kB
Inactive(file):    20412 kB
Unevictable:        1948 kB
Mlocked:            3804 kB
HighTotal:             0 kB
HighFree:              0 kB
LowTotal:         482068 kB
LowFree:            4160 kB
SwapTotal:             0 kB
SwapFree:              0 kB
Dirty:                 0 kB
Writeback:             0 kB
AnonPages:        355608 kB
Mapped:            51372 kB
Shmem:              3320 kB
Slab:              18032 kB
SReclaimable:       4692 kB
SUnreclaim:        13340 kB
KernelStack:        5384 kB
PageTables:         6652 kB
NFS_Unstable:          0 kB
Bounce:                0 kB
WritebackTmp:          0 kB
CommitLimit:      241032 kB
Committed_AS:    3785992 kB
VmallocTotal:     507904 kB
VmallocUsed:      114696 kB
VmallocChunk:     112576 kB
1557576300.000000
MemTotal:         482068 kB
MemFree:            4136 kB
Buffers:             284 kB
Cached:            44780 kB
SwapCached:            0 kB
Active:           375196 kB
Inactive:          23576 kB
Active(anon):     355120 kB
Inactive(anon):     3164 kB
Active(file):      20076 kB
Inactive(file):    20412 kB
Unevictable:        1948 kB
Mlocked:            3804 kB
HighTotal:             0 kB
HighFree:              0 kB
LowTotal:         482068 kB
LowFree:            4136 kB
SwapTotal:             0 kB
SwapFree:              0 kB
Dirty:                 0 kB
Writeback:             0 kB
AnonPages:        355636 kB
Mapped:            51384 kB
Shmem:              3320 kB
Slab:              18044 kB
SReclaimable:       4692 kB
SUnreclaim:        13352 kB
KernelStack:        5360 kB
PageTables:         6652 kB
NFS_Unstable:          0 kB
Bounce:                0 kB
WritebackTmp:          0 kB
CommitLimit:      241032 kB
Committed_AS:    3785992 kB
VmallocTotal:     507904 kB
VmallocUsed:      114696 kB
VmallocChunk:     112576 kB
1557576301.000000
MemTotal:         482068 kB
MemFree:            4308 kB
Buffers:             584 kB
Cached:            44176 kB
SwapCached:            0 kB
Active:           375216 kB
Inactive:          23296 kB
Active(anon):     355260 kB
Inactive(anon):     3164 kB
Active(file):      19956 kB
Inactive(file):    20132 kB
Unevictable:        1948 kB
Mlocked:            3804 kB
HighTotal:             0 kB
HighFree:              0 kB
LowTotal:         482068 kB
LowFree:            4308 kB
SwapTotal:             0 kB
SwapFree:              0 kB
Dirty:                 0 kB
Writeback:             0 kB
AnonPages:        355764 kB
Mapped:            51188 kB
Shmem:              3320 kB
Slab:              18028 kB
SReclaimable:       4692 kB
SUnreclaim:        13336 kB
KernelStack:        5384 kB
PageTables:         6640 kB
NFS_Unstable:          0 kB
Bounce:                0 kB
WritebackTmp:          0 kB
CommitLimit:      241032 kB
Committed_AS:    3785992 kB
VmallocTotal:     507904 kB
VmallocUsed:      114704 kB
VmallocChunk:     112576 kB
1557576302.000000
MemTotal:         482068 kB
MemFree:            4036 kB
Buffers:             592 kB
Cached:            44216 kB
SwapCached:            0 kB
Active:           375420 kB
Inactive:          23432 kB
Active(anon):     355456 kB
Inactive(anon):     3164 kB
Active(file):      19964 kB
Inactive(file):    20268 kB
Unevictable:        1948 kB
Mlocked:            3804 kB
HighTotal:             0 kB
HighFree:              0 kB
LowTotal:         482068 kB
LowFree:            4036 kB
SwapTotal:             0 kB
SwapFree:              0 kB
Dirty:                40 kB
Writeback:             0 kB
AnonPages:        355984 kB
Mapped:            51232 kB
Shmem:              3320 kB
Slab:              18084 kB
SReclaimable:       4692 kB
SUnreclaim:        13392 kB
KernelStack:        5384 kB
PageTables:         6716 kB
NFS_Unstable:          0 kB
Bounce:                0 kB
WritebackTmp:          0 kB
CommitLimit:      241032 kB
Committed_AS:    3785876 kB
VmallocTotal:     507904 kB
VmallocUsed:      114696 kB
VmallocChunk:     112576 kB
1557576303.000000
MemTotal:         482068 kB
MemFree:            3996 kB
Buffers:             592 kB
Cached:            44252 kB
SwapCached:            0 kB
Active:           375460 kB
Inactive:          23468 kB
Active(anon):     355496 kB
Inactive(anon):     3164 kB
Active(file):      19964 kB
Inactive(file):    20304 kB
Unevictable:        1948 kB
Mlocked:            3804 kB
HighTotal:             0 kB
HighFree:              0 kB
LowTotal:         482068 kB
LowFree:            3996 kB
SwapTotal:             0 kB
SwapFree:              0 kB
Dirty:                40 kB
Writeback:             0 kB
AnonPages:        356080 kB
Mapped:            51256 kB
Shmem:              3320 kB
Slab:              18020 kB
SReclaimable:       4692 kB
SUnreclaim:        13328 kB
KernelStack:        5376 kB
PageTables:         6716 kB
NFS_Unstable:          0 kB
Bounce:                0 kB
WritebackTmp:          0 kB
CommitLimit:      241032 kB
Committed_AS:    3785880 kB
VmallocTotal:     507904 kB
VmallocUsed:      114696 kB
VmallocChunk:     112576 kB
1557576304.000000
MemTotal:         482068 kB
MemFree:            3944 kB
Buffers:             592 kB
Cached:            44252 kB
SwapCached:            0 kB
Active:           375580 kB
Inactive:          23468 kB
Active(anon):     355616 kB
Inactive(anon):     3164 kB
Active(file):      19964 kB
Inactive(file):    20304 kB
Unevictable:        1948 kB
Mlocked:            3804 kB
HighTotal:             0 kB
HighFree:              0 kB
LowTotal:         482068 kB
LowFree:            3944 kB
SwapTotal:             0 kB
SwapFree:              0 kB
Dirty:                40 kB
Writeback:             0 kB
AnonPages:        356196 kB
Mapped:            51292 kB
Shmem:              3320 kB
Slab:              18040 kB
SReclaimable:       4692 kB
SUnreclaim:        13348 kB
KernelStack:        5384 kB
PageTables:         6656 kB
NFS_Unstable:          0 kB
Bounce:                0 kB
WritebackTmp:          0 kB
CommitLimit:      241032 kB
Committed_AS:    3785992 kB
VmallocTotal:     507904 kB
VmallocUsed:      114696 kB
VmallocChunk:     112576 kB
1557576305.000000
MemTotal:         482068 kB
MemFree:            3888 kB
Buffers:             592 kB
Cached:            44252 kB
SwapCached:            0 kB
Active:           375548 kB
Inactive:          23468 kB
Active(anon):     355584 kB
Inactive(anon):     3164 kB
Active(file):      19964 kB
Inactive(file):    20304 kB
Unevictable:        1948 kB
Mlocked:            3804 kB
HighTotal:             0 kB
HighFree:              0 kB
LowTotal:         482068 kB
LowFree:            3888 kB
SwapTotal:             0 kB
SwapFree:              0 kB
Dirty:                 0 kB
Writeback:             0 kB
AnonPages:        356084 kB
Mapped:            51308 kB
Shmem:              3320 kB
Slab:              18056 kB
SReclaimable:       4692 kB
SUnreclaim:        13364 kB
KernelStack:        5384 kB
PageTables:         6652 kB
NFS_Unstable:          0 kB
Bounce:                0 kB
WritebackTmp:          0 kB
CommitLimit:      241032 kB
Committed_AS:    3786004 kB
VmallocTotal:     507904 kB
VmallocUsed:      114696 kB
VmallocChunk:     112576 kB
1557576306.000000
MemTotal:         482068 kB
MemFree:            4260 kB
Buffers:             592 kB
Cached:            43572 kB
SwapCached:            0 kB
Active:           375416 kB
Inactive:          23008 kB
Active(anon):     355688 kB
Inactive(anon):     3164 kB
Active(file):      19728 kB
Inactive(file):    19844 kB
Unevictable:        1948 kB
Mlocked:            3804 kB
HighTotal:             0 kB
HighFree:              0 kB
LowTotal:         482068 kB
LowFree:            4260 kB
SwapTotal:             0 kB
SwapFree:              0 kB
Dirty:                 0 kB
Writeback:             0 kB
AnonPages:        356280 kB
Mapped:            50940 kB
Shmem:              3320 kB
Slab:              18028 kB
SReclaimable:       4692 kB
SUnreclaim:        13336 kB
KernelStack:        5384 kB
PageTables:         6656 kB
NFS_Unstable:          0 kB
Bounce:                0 kB
WritebackTmp:          0 kB
CommitLimit:      241032 kB
Committed_AS:    3786088 kB
VmallocTotal:     507904 kB
VmallocUsed:      114696 kB
VmallocChunk:     112576 kB
1557576307.000000
MemTotal:         482068 kB
MemFree:            4268 kB
Buffers:             592 kB
Cached:            43532 kB
SwapCached:            0 kB
Active:           375540 kB
Inactive:          22940 kB
Active(anon):     355768 kB
Inactive(anon):     3164 kB
Active(file):      19772 kB
Inactive(file):    19776 kB
Unevictable:        1948 kB
Mlocked:            3804 kB
HighTotal:             0 kB
HighFree:              0 kB
LowTotal:         482068 kB
LowFree:            4268 kB
SwapTotal:             0 kB
SwapFree:              0 kB
Dirty:                 0 kB
Writeback:             0 kB
AnonPages:        356304 kB
Mapped:            50992 kB
Shmem:              3320 kB
Slab:              18064 kB
SReclaimable:       4692 kB
SUnreclaim:        13372 kB
KernelStack:        5384 kB
PageTables:         6640 kB
NFS_Unstable:          0 kB
Bounce:                0 kB
WritebackTmp:          0 kB
CommitLimit:      241032 kB
Committed_AS:    3786004 kB
VmallocTotal:     507904 kB
VmallocUsed:      114696 kB
VmallocChunk:     112576 kB
1557576307.000000
MemTotal:         482068 kB
MemFree:            4020 kB
Buffers:             588 kB
Cached:            43608 kB
SwapCached:            0 kB
Active:           375684 kB
Inactive:          23076 kB
Active(anon):     355948 kB
Inactive(anon):     3164 kB
Active(file):      19736 kB
Inactive(file):    19912 kB
Unevictable:        1948 kB
Mlocked:            3804 kB
HighTotal:             0 kB
HighFree:              0 kB
LowTotal:         482068 kB
LowFree:            4020 kB
SwapTotal:             0 kB
SwapFree:              0 kB
Dirty:                 0 kB
Writeback:             0 kB
AnonPages:        356568 kB
Mapped:            51288 kB
Shmem:              3320 kB
Slab:              18056 kB
SReclaimable:       4692 kB
SUnreclaim:        13364 kB
KernelStack:        5384 kB
PageTables:         6732 kB
NFS_Unstable:          0 kB
Bounce:                0 kB
WritebackTmp:          0 kB
CommitLimit:      241032 kB
Committed_AS:    3786004 kB
VmallocTotal:     507904 kB
VmallocUsed:      114704 kB
VmallocChunk:     112576 kB
1557576309.000000
MemTotal:         482068 kB
MemFree:            3664 kB
Buffers:             588 kB
Cached:            43696 kB
SwapCached:            0 kB
Active:           375988 kB
Inactive:          23136 kB
Active(anon):     356252 kB
Inactive(anon):     3164 kB
Active(file):      19736 kB
Inactive(file):    19972 kB
Unevictable:        1948 kB
Mlocked:            3804 kB
HighTotal:             0 kB
HighFree:              0 kB
LowTotal:         482068 kB
LowFree:            3664 kB
SwapTotal:             0 kB
SwapFree:              0 kB
Dirty:                32 kB
Writeback:             0 kB
AnonPages:        356736 kB
Mapped:            51316 kB
Shmem:              3320 kB
Slab:              18036 kB
SReclaimable:       4692 kB
SUnreclaim:        13344 kB
KernelStack:        5384 kB
PageTables:         6716 kB
NFS_Unstable:          0 kB
Bounce:                0 kB
WritebackTmp:          0 kB
CommitLimit:      241032 kB
Committed_AS:    3786004 kB
VmallocTotal:     507904 kB
VmallocUsed:      114696 kB
VmallocChunk:     112576 kB
1557576309.000000
MemTotal:         482068 kB
MemFree:            4260 kB
Buffers:             588 kB
Cached:            42660 kB
SwapCached:            0 kB
Active:           375876 kB
Inactive:          22540 kB
Active(anon):     356580 kB
Inactive(anon):     3164 kB
Active(file):      19296 kB
Inactive(file):    19376 kB
Unevictable:        1948 kB
Mlocked:            3804 kB
HighTotal:             0 kB
HighFree:              0 kB
LowTotal:         482068 kB
LowFree:            4260 kB
SwapTotal:             0 kB
SwapFree:              0 kB
Dirty:                32 kB
Writeback:             0 kB
AnonPages:        357164 kB
Mapped:            51276 kB
Shmem:              3320 kB
Slab:              18028 kB
SReclaimable:       4692 kB
SUnreclaim:        13336 kB
KernelStack:        5384 kB
PageTables:         6640 kB
NFS_Unstable:          0 kB
Bounce:                0 kB
WritebackTmp:          0 kB
CommitLimit:      241032 kB
Committed_AS:    3786012 kB
VmallocTotal:     507904 kB
VmallocUsed:      114696 kB
VmallocChunk:     112576 kB
1557576310.000000
MemTotal:         482068 kB
MemFree:            4276 kB
Buffers:             588 kB
Cached:            42660 kB
SwapCached:            0 kB
Active:           375988 kB
Inactive:          22540 kB
Active(anon):     356692 kB
Inactive(anon):     3164 kB
Active(file):      19296 kB
Inactive(file):    19376 kB
Unevictable:        1948 kB
Mlocked:            3804 kB
HighTotal:             0 kB
HighFree:              0 kB
LowTotal:         482068 kB
LowFree:            4276 kB
SwapTotal:             0 kB
SwapFree:              0 kB
Dirty:                 0 kB
Writeback:            32 kB
AnonPages:        357236 kB
Mapped:            51308 kB
Shmem:              3320 kB
Slab:              18056 kB
SReclaimable:       4692 kB
SUnreclaim:        13364 kB
KernelStack:        5392 kB
PageTables:         6652 kB
NFS_Unstable:          0 kB
Bounce:                0 kB
WritebackTmp:          0 kB
CommitLimit:      241032 kB
Committed_AS:    3786012 kB
VmallocTotal:     507904 kB
VmallocUsed:      114696 kB
VmallocChunk:     112576 kB
1557576311.000000
MemTotal:         482068 kB
MemFree:            4268 kB
Buffers:             588 kB
Cached:            42660 kB
SwapCached:            0 kB
Active:           376032 kB
Inactive:          22540 kB
Active(anon):     356736 kB
Inactive(anon):     3164 kB
Active(file):      19296 kB
Inactive(file):    19376 kB
Unevictable:        1948 kB
Mlocked:            3804 kB
HighTotal:             0 kB
HighFree:              0 kB
LowTotal:         482068 kB
LowFree:            4268 kB
SwapTotal:             0 kB
SwapFree:              0 kB
Dirty:                 0 kB
Writeback:             0 kB
AnonPages:        357324 kB
Mapped:            51328 kB
Shmem:              3320 kB
Slab:              18044 kB
SReclaimable:       4692 kB
SUnreclaim:        13352 kB
KernelStack:        5368 kB
PageTables:         6648 kB
NFS_Unstable:          0 kB
Bounce:                0 kB
WritebackTmp:          0 kB
CommitLimit:      241032 kB
Committed_AS:    3786012 kB
VmallocTotal:     507904 kB
VmallocUsed:      114696 kB
VmallocChunk:     112576 kB
1557576312.000000
MemTotal:         482068 kB
MemFree:            4028 kB
Buffers:             588 kB
Cached:            42660 kB
SwapCached:            0 kB
Active:           376148 kB
Inactive:          22540 kB
Active(anon):     356852 kB
Inactive(anon):     3164 kB
Active(file):      19296 kB
Inactive(file):    19376 kB
Unevictable:        1948 kB
Mlocked:            3804 kB
HighTotal:             0 kB
HighFree:              0 kB
LowTotal:         482068 kB
LowFree:            4028 kB
SwapTotal:             0 kB
SwapFree:              0 kB
Dirty:                 0 kB
Writeback:             0 kB
AnonPages:        357412 kB
Mapped:            51276 kB
Shmem:              3320 kB
Slab:              18012 kB
SReclaimable:       4692 kB
SUnreclaim:        13320 kB
KernelStack:        5384 kB
PageTables:         6716 kB
NFS_Unstable:          0 kB
Bounce:                0 kB
WritebackTmp:          0 kB
CommitLimit:      241032 kB
Committed_AS:    3786012 kB
VmallocTotal:     507904 kB
VmallocUsed:      114696 kB
VmallocChunk:     112576 kB
1557576313.000000
MemTotal:         482068 kB
MemFree:            4260 kB
Buffers:             584 kB
Cached:            42080 kB
SwapCached:            0 kB
Active:           376484 kB
Inactive:          22220 kB
Active(anon):     357460 kB
Inactive(anon):     3164 kB
Active(file):      19024 kB
Inactive(file):    19056 kB
Unevictable:        1948 kB
Mlocked:            3804 kB
HighTotal:             0 kB
HighFree:              0 kB
LowTotal:         482068 kB
LowFree:            4260 kB
SwapTotal:             0 kB
SwapFree:              0 kB
Dirty:                 0 kB
Writeback:             0 kB
AnonPages:        357968 kB
Mapped:            51004 kB
Shmem:              3320 kB
Slab:              18052 kB
SReclaimable:       4692 kB
SUnreclaim:        13360 kB
KernelStack:        5376 kB
PageTables:         6640 kB
NFS_Unstable:          0 kB
Bounce:                0 kB
WritebackTmp:          0 kB
CommitLimit:      241032 kB
Committed_AS:    3786160 kB
VmallocTotal:     507904 kB
VmallocUsed:      114696 kB
VmallocChunk:     112576 kB
1557576314.000000
MemTotal:         482068 kB
MemFree:            3904 kB
Buffers:             584 kB
Cached:            42512 kB
SwapCached:            0 kB
Active:           376356 kB
Inactive:          22696 kB
Active(anon):     357356 kB
Inactive(anon):     3164 kB
Active(file):      19000 kB
Inactive(file):    19532 kB
Unevictable:        1948 kB
Mlocked:            3804 kB
HighTotal:             0 kB
HighFree:              0 kB
LowTotal:         482068 kB
LowFree:            3904 kB
SwapTotal:             0 kB
SwapFree:              0 kB
Dirty:                 0 kB
Writeback:             0 kB
AnonPages:        357884 kB
Mapped:            50984 kB
Shmem:              3320 kB
Slab:              18048 kB
SReclaimable:       4692 kB
SUnreclaim:        13356 kB
KernelStack:        5384 kB
PageTables:         6652 kB
NFS_Unstable:          0 kB
Bounce:                0 kB
WritebackTmp:          0 kB
CommitLimit:      241032 kB
Committed_AS:    3786184 kB
VmallocTotal:     507904 kB
VmallocUsed:      114696 kB
VmallocChunk:     112576 kB
1557576315.000000
MemTotal:         482068 kB
MemFree:            3748 kB
Buffers:             584 kB
Cached:            42568 kB
SwapCached:            0 kB
Active:           376372 kB
Inactive:          22740 kB
Active(anon):     357372 kB
Inactive(anon):     3164 kB
Active(file):      19000 kB
Inactive(file):    19576 kB
Unevictable:        1948 kB
Mlocked:            3804 kB
HighTotal:             0 kB
HighFree:              0 kB
LowTotal:         482068 kB
LowFree:            3748 kB
SwapTotal:             0 kB
SwapFree:              0 kB
Dirty:                 0 kB
Writeback:             0 kB
AnonPages:        357960 kB
Mapped:            50972 kB
Shmem:              3320 kB
Slab:              18060 kB
SReclaimable:       4692 kB
SUnreclaim:        13368 kB
KernelStack:        5384 kB
PageTables:         6652 kB
NFS_Unstable:          0 kB
Bounce:                0 kB
WritebackTmp:          0 kB
CommitLimit:      241032 kB
Committed_AS:    3786220 kB
VmallocTotal:     507904 kB
VmallocUsed:      114696 kB
VmallocChunk:     112576 kB
1557576316.000000
MemTotal:         482068 kB
MemFree:            4408 kB
Buffers:             584 kB
Cached:            41656 kB
SwapCached:            0 kB
Active:           376376 kB
Inactive:          22016 kB
Active(anon):     357540 kB
Inactive(anon):     3164 kB
Active(file):      18836 kB
Inactive(file):    18852 kB
Unevictable:        1948 kB
Mlocked:            3804 kB
HighTotal:             0 kB
HighFree:              0 kB
LowTotal:         482068 kB
LowFree:            4408 kB
SwapTotal:             0 kB
SwapFree:              0 kB
Dirty:                 0 kB
Writeback:             0 kB
AnonPages:        358072 kB
Mapped:            50696 kB
Shmem:              3320 kB
Slab:              18056 kB
SReclaimable:       4692 kB
SUnreclaim:        13364 kB
KernelStack:        5392 kB
PageTables:         6640 kB
NFS_Unstable:          0 kB
Bounce:                0 kB
WritebackTmp:          0 kB
CommitLimit:      241032 kB
Committed_AS:    3786256 kB
VmallocTotal:     507904 kB
VmallocUsed:      114696 kB
VmallocChunk:     112576 kB
1557576316.000000
MemTotal:         482068 kB
MemFree:            4284 kB
Buffers:             584 kB
Cached:            41680 kB
SwapCached:            0 kB
Active:           376492 kB
Inactive:          22016 kB
Active(anon):     357656 kB
Inactive(anon):     3164 kB
Active(file):      18836 kB
Inactive(file):    18852 kB
Unevictable:        1948 kB
Mlocked:            3804 kB
HighTotal:             0 kB
HighFree:              0 kB
LowTotal:         482068 kB
LowFree:            4284 kB
SwapTotal:             0 kB
SwapFree:              0 kB
Dirty:                 0 kB
Writeback:             0 kB
AnonPages:        358188 kB
Mapped:            50752 kB
Shmem:              3320 kB
Slab:              18048 kB
SReclaimable:       4692 kB
SUnreclaim:        13356 kB
KernelStack:        5376 kB
PageTables:         6716 kB
NFS_Unstable:          0 kB
Bounce:                0 kB
WritebackTmp:          0 kB
CommitLimit:      241032 kB
Committed_AS:    3786176 kB
VmallocTotal:     507904 kB
VmallocUsed:      114696 kB
VmallocChunk:     112576 kB
1557576317.000000
MemTotal:         482068 kB
MemFree:            4284 kB
Buffers:             584 kB
Cached:            41680 kB
SwapCached:            0 kB
Active:           376576 kB
Inactive:          22016 kB
Active(anon):     357740 kB
Inactive(anon):     3164 kB
Active(file):      18836 kB
Inactive(file):    18852 kB
Unevictable:        1948 kB
Mlocked:            3804 kB
HighTotal:             0 kB
HighFree:              0 kB
LowTotal:         482068 kB
LowFree:            4284 kB
SwapTotal:             0 kB
SwapFree:              0 kB
Dirty:                 0 kB
Writeback:             0 kB
AnonPages:        358272 kB
Mapped:            50776 kB
Shmem:              3320 kB
Slab:              18060 kB
SReclaimable:       4692 kB
SUnreclaim:        13368 kB
KernelStack:        5384 kB
PageTables:         6664 kB
NFS_Unstable:          0 kB
Bounce:                0 kB
WritebackTmp:          0 kB
CommitLimit:      241032 kB
Committed_AS:    3786292 kB
VmallocTotal:     507904 kB
VmallocUsed:      114696 kB
VmallocChunk:     112576 kB
1557576318.000000
MemTotal:         482068 kB
MemFree:            4184 kB
Buffers:             584 kB
Cached:            41680 kB
SwapCached:            0 kB
Active:           376620 kB
Inactive:          22016 kB
Active(anon):     357784 kB
Inactive(anon):     3164 kB
Active(file):      18836 kB
Inactive(file):    18852 kB
Unevictable:        1948 kB
Mlocked:            3804 kB
HighTotal:             0 kB
HighFree:              0 kB
LowTotal:         482068 kB
LowFree:            4184 kB
SwapTotal:             0 kB
SwapFree:              0 kB
Dirty:                 0 kB
Writeback:             0 kB
AnonPages:        358320 kB
Mapped:            50752 kB
Shmem:              3320 kB
Slab:              18052 kB
SReclaimable:       4692 kB
SUnreclaim:        13360 kB
KernelStack:        5376 kB
PageTables:         6644 kB
NFS_Unstable:          0 kB
Bounce:                0 kB
WritebackTmp:          0 kB
CommitLimit:      241032 kB
Committed_AS:    3786360 kB
VmallocTotal:     507904 kB
VmallocUsed:      114696 kB
VmallocChunk:     112576 kB
1557576319.000000
MemTotal:         482068 kB
MemFree:            4184 kB
Buffers:             584 kB
Cached:            41680 kB
SwapCached:            0 kB
Active:           376672 kB
Inactive:          22016 kB
Active(anon):     357836 kB
Inactive(anon):     3164 kB
Active(file):      18836 kB
Inactive(file):    18852 kB
Unevictable:        1948 kB
Mlocked:            3804 kB
HighTotal:             0 kB
HighFree:              0 kB
LowTotal:         482068 kB
LowFree:            4184 kB
SwapTotal:             0 kB
SwapFree:              0 kB
Dirty:                 0 kB
Writeback:             0 kB
AnonPages:        358320 kB
Mapped:            50828 kB
Shmem:              3320 kB
Slab:              18052 kB
SReclaimable:       4692 kB
SUnreclaim:        13360 kB
KernelStack:        5376 kB
PageTables:         6644 kB
NFS_Unstable:          0 kB
Bounce:                0 kB
WritebackTmp:          0 kB
CommitLimit:      241032 kB
Committed_AS:    3786392 kB
VmallocTotal:     507904 kB
VmallocUsed:      114696 kB
VmallocChunk:     112576 kB
1557576320.000000
MemTotal:         482068 kB
MemFree:            4020 kB
Buffers:             584 kB
Cached:            41680 kB
SwapCached:            0 kB
Active:           376828 kB
Inactive:          22016 kB
Active(anon):     357992 kB
Inactive(anon):     3164 kB
Active(file):      18836 kB
Inactive(file):    18852 kB
Unevictable:        1948 kB
Mlocked:            3804 kB
HighTotal:             0 kB
HighFree:              0 kB
LowTotal:         482068 kB
LowFree:            4020 kB
SwapTotal:             0 kB
SwapFree:              0 kB
Dirty:                 0 kB
Writeback:             0 kB
AnonPages:        358496 kB
Mapped:            50828 kB
Shmem:              3320 kB
Slab:              18052 kB
SReclaimable:       4692 kB
SUnreclaim:        13360 kB
KernelStack:        5384 kB
PageTables:         6644 kB
NFS_Unstable:          0 kB
Bounce:                0 kB
WritebackTmp:          0 kB
CommitLimit:      241032 kB
Committed_AS:    3786412 kB
VmallocTotal:     507904 kB
VmallocUsed:      114696 kB
VmallocChunk:     112576 kB
1557576321.000000
MemTotal:         482068 kB
MemFree:            3912 kB
Buffers:             584 kB
Cached:            41692 kB
SwapCached:            0 kB
Active:           376832 kB
Inactive:          22028 kB
Active(anon):     357996 kB
Inactive(anon):     3176 kB
Active(file):      18836 kB
Inactive(file):    18852 kB
Unevictable:        1948 kB
Mlocked:            3804 kB
HighTotal:             0 kB
HighFree:              0 kB
LowTotal:         482068 kB
LowFree:            3912 kB
SwapTotal:             0 kB
SwapFree:              0 kB
Dirty:                 0 kB
Writeback:             0 kB
AnonPages:        358528 kB
Mapped:            50720 kB
Shmem:              3332 kB
Slab:              18052 kB
SReclaimable:       4692 kB
SUnreclaim:        13360 kB
KernelStack:        5384 kB
PageTables:         6660 kB
NFS_Unstable:          0 kB
Bounce:                0 kB
WritebackTmp:          0 kB
CommitLimit:      241032 kB
Committed_AS:    3786376 kB
VmallocTotal:     507904 kB
VmallocUsed:      114696 kB
VmallocChunk:     112576 kB
1557576322.000000
MemTotal:         482068 kB
MemFree:            3912 kB
Buffers:             584 kB
Cached:            41692 kB
SwapCached:            0 kB
Active:           376976 kB
Inactive:          22028 kB
Active(anon):     358140 kB
Inactive(anon):     3176 kB
Active(file):      18836 kB
Inactive(file):    18852 kB
Unevictable:        1948 kB
Mlocked:            3804 kB
HighTotal:             0 kB
HighFree:              0 kB
LowTotal:         482068 kB
LowFree:            3912 kB
SwapTotal:             0 kB
SwapFree:              0 kB
Dirty:                 0 kB
Writeback:             0 kB
AnonPages:        358652 kB
Mapped:            50736 kB
Shmem:              3332 kB
Slab:              18056 kB
SReclaimable:       4692 kB
SUnreclaim:        13364 kB
KernelStack:        5384 kB
PageTables:         6656 kB
NFS_Unstable:          0 kB
Bounce:                0 kB
WritebackTmp:          0 kB
CommitLimit:      241032 kB
Committed_AS:    3786360 kB
VmallocTotal:     507904 kB
VmallocUsed:      114696 kB
VmallocChunk:     112576 kB
1557576323.000000
MemTotal:         482068 kB
MemFree:            3804 kB
Buffers:             584 kB
Cached:            41692 kB
SwapCached:            0 kB
Active:           377012 kB
Inactive:          22028 kB
Active(anon):     358176 kB
Inactive(anon):     3176 kB
Active(file):      18836 kB
Inactive(file):    18852 kB
Unevictable:        1948 kB
Mlocked:            3804 kB
HighTotal:             0 kB
HighFree:              0 kB
LowTotal:         482068 kB
LowFree:            3804 kB
SwapTotal:             0 kB
SwapFree:              0 kB
Dirty:                 0 kB
Writeback:             0 kB
AnonPages:        358752 kB
Mapped:            50736 kB
Shmem:              3332 kB
Slab:              18052 kB
SReclaimable:       4692 kB
SUnreclaim:        13360 kB
KernelStack:        5384 kB
PageTables:         6728 kB
NFS_Unstable:          0 kB
Bounce:                0 kB
WritebackTmp:          0 kB
CommitLimit:      241032 kB
Committed_AS:    3786292 kB
VmallocTotal:     507904 kB
VmallocUsed:      114704 kB
VmallocChunk:     112576 kB
1557576324.000000
MemTotal:         482068 kB
MemFree:            3996 kB
Buffers:             584 kB
Cached:            41696 kB
SwapCached:            0 kB
Active:           376484 kB
Inactive:          22032 kB
Active(anon):     357648 kB
Inactive(anon):     3180 kB
Active(file):      18836 kB
Inactive(file):    18852 kB
Unevictable:        1948 kB
Mlocked:            3804 kB
HighTotal:             0 kB
HighFree:              0 kB
LowTotal:         482068 kB
LowFree:            3996 kB
SwapTotal:             0 kB
SwapFree:              0 kB
Dirty:                 0 kB
Writeback:             0 kB
AnonPages:        358156 kB
Mapped:            50768 kB
Shmem:              3336 kB
Slab:              18044 kB
SReclaimable:       4692 kB
SUnreclaim:        13352 kB
KernelStack:        5384 kB
PageTables:         6720 kB
NFS_Unstable:          0 kB
Bounce:                0 kB
WritebackTmp:          0 kB
CommitLimit:      241032 kB
Committed_AS:    3786412 kB
VmallocTotal:     507904 kB
VmallocUsed:      114696 kB
VmallocChunk:     112576 kB
1557576324.000000
MemTotal:         482068 kB
MemFree:            4036 kB
Buffers:             584 kB
Cached:            41696 kB
SwapCached:            0 kB
Active:           376720 kB
Inactive:          22032 kB
Active(anon):     357884 kB
Inactive(anon):     3180 kB
Active(file):      18836 kB
Inactive(file):    18852 kB
Unevictable:        1948 kB
Mlocked:            3804 kB
HighTotal:             0 kB
HighFree:              0 kB
LowTotal:         482068 kB
LowFree:            4036 kB
SwapTotal:             0 kB
SwapFree:              0 kB
Dirty:                 0 kB
Writeback:             0 kB
AnonPages:        358440 kB
Mapped:            50768 kB
Shmem:              3336 kB
Slab:              18044 kB
SReclaimable:       4692 kB
SUnreclaim:        13352 kB
KernelStack:        5376 kB
PageTables:         6720 kB
NFS_Unstable:          0 kB
Bounce:                0 kB
WritebackTmp:          0 kB
CommitLimit:      241032 kB
Committed_AS:    3786416 kB
VmallocTotal:     507904 kB
VmallocUsed:      114696 kB
VmallocChunk:     112576 kB
1557576325.000000
MemTotal:         482068 kB
MemFree:            3624 kB
Buffers:             584 kB
Cached:            41696 kB
SwapCached:            0 kB
Active:           377128 kB
Inactive:          22032 kB
Active(anon):     358292 kB
Inactive(anon):     3180 kB
Active(file):      18836 kB
Inactive(file):    18852 kB
Unevictable:        1948 kB
Mlocked:            3804 kB
HighTotal:             0 kB
HighFree:              0 kB
LowTotal:         482068 kB
LowFree:            3624 kB
SwapTotal:             0 kB
SwapFree:              0 kB
Dirty:                 0 kB
Writeback:             0 kB
