MemTotal:        1899508 kB
MemFree:           49336 kB
Buffers:            1076 kB
Cached:           196500 kB
SwapCached:            0 kB
Active:          1527792 kB
Inactive:         109944 kB
Active(anon):    1442280 kB
Inactive(anon):     1872 kB
Active(file):      85512 kB
Inactive(file):   108072 kB
Unevictable:        1940 kB
Mlocked:               0 kB
HighTotal:       1158144 kB
HighFree:           4596 kB
LowTotal:         741364 kB
LowFree:           44740 kB
SwapTotal:             0 kB
SwapFree:              0 kB
Dirty:               220 kB
Writeback:             0 kB
AnonPages:       1442308 kB
Mapped:           110588 kB
Shmem:              1928 kB
Slab:              35876 kB
SReclaimable:      13192 kB
SUnreclaim:        22684 kB
KernelStack:        8120 kB
PageTables:        16160 kB
NFS_Unstable:          0 kB
Bounce:                0 kB
WritebackTmp:          0 kB
CommitLimit:      949752 kB
Committed_AS:   19574584 kB
VmallocTotal:     245760 kB
VmallocUsed:       58076 kB
VmallocChunk:      75648 kB
1557661117.882820
MemTotal:        1899508 kB
MemFree:           51608 kB
Buffers:            1084 kB
Cached:           198252 kB
SwapCached:            0 kB
Active:          1528176 kB
Inactive:         111700 kB
Active(anon):    1442640 kB
Inactive(anon):     1668 kB
Active(file):      85536 kB
Inactive(file):   110032 kB
Unevictable:        1940 kB
Mlocked:               0 kB
HighTotal:       1158144 kB
HighFree:           2944 kB
LowTotal:         741364 kB
LowFree:           48664 kB
SwapTotal:             0 kB
SwapFree:              0 kB
Dirty:                20 kB
Writeback:             0 kB
AnonPages:       1442608 kB
Mapped:           110616 kB
Shmem:              1728 kB
Slab:              35876 kB
SReclaimable:      13192 kB
SUnreclaim:        22684 kB
KernelStack:        8024 kB
PageTables:        16120 kB
NFS_Unstable:          0 kB
Bounce:                0 kB
WritebackTmp:          0 kB
CommitLimit:      949752 kB
Committed_AS:   19568324 kB
VmallocTotal:     245760 kB
VmallocUsed:       58056 kB
VmallocChunk:      75648 kB
1557661118.568945
MemTotal:        1899508 kB
MemFree:           46444 kB
Buffers:            1356 kB
Cached:           202016 kB
SwapCached:            0 kB
Active:          1529396 kB
Inactive:         115556 kB
Active(anon):    1443784 kB
Inactive(anon):     1616 kB
Active(file):      85612 kB
Inactive(file):   113940 kB
Unevictable:        1940 kB
Mlocked:               0 kB
HighTotal:       1158144 kB
HighFree:           1736 kB
LowTotal:         741364 kB
LowFree:           44708 kB
SwapTotal:             0 kB
SwapFree:              0 kB
Dirty:               100 kB
Writeback:             0 kB
AnonPages:       1443612 kB
Mapped:           112108 kB
Shmem:              1668 kB
Slab:              35872 kB
SReclaimable:      13192 kB
SUnreclaim:        22680 kB
KernelStack:        8056 kB
PageTables:        16456 kB
NFS_Unstable:          0 kB
Bounce:                0 kB
WritebackTmp:          0 kB
CommitLimit:      949752 kB
Committed_AS:   20790888 kB
VmallocTotal:     245760 kB
VmallocUsed:       59076 kB
VmallocChunk:      75648 kB
1557661119.271050
MemTotal:        1899508 kB
MemFree:           54404 kB
Buffers:            1476 kB
Cached:           207648 kB
SwapCached:            0 kB
Active:          1535552 kB
Inactive:         118820 kB
Active(anon):    1447792 kB
Inactive(anon):     1616 kB
Active(file):      87760 kB
Inactive(file):   117204 kB
Unevictable:        1940 kB
Mlocked:               0 kB
HighTotal:       1158144 kB
HighFree:           1732 kB
LowTotal:         741364 kB
LowFree:           52672 kB
SwapTotal:             0 kB
SwapFree:              0 kB
Dirty:                 0 kB
Writeback:             0 kB
AnonPages:       1447800 kB
Mapped:           120612 kB
Shmem:              1668 kB
Slab:              35868 kB
SReclaimable:      13192 kB
SUnreclaim:        22676 kB
KernelStack:        8120 kB
PageTables:        16644 kB
NFS_Unstable:          0 kB
Bounce:                0 kB
WritebackTmp:          0 kB
CommitLimit:      949752 kB
Committed_AS:   20155980 kB
VmallocTotal:     245760 kB
VmallocUsed:       58960 kB
VmallocChunk:      75648 kB
1557661119.943775
MemTotal:        1899508 kB
MemFree:           45348 kB
Buffers:            1528 kB
Cached:           209920 kB
SwapCached:            0 kB
Active:          1548284 kB
Inactive:         115892 kB
Active(anon):    1454860 kB
Inactive(anon):     1616 kB
Active(file):      93424 kB
Inactive(file):   114276 kB
Unevictable:        1940 kB
Mlocked:               0 kB
HighTotal:       1158144 kB
HighFree:           2972 kB
LowTotal:         741364 kB
LowFree:           42376 kB
SwapTotal:             0 kB
SwapFree:              0 kB
Dirty:                44 kB
Writeback:             0 kB
AnonPages:       1454944 kB
Mapped:           128512 kB
Shmem:              1668 kB
Slab:              35876 kB
SReclaimable:      13192 kB
SUnreclaim:        22684 kB
KernelStack:        8208 kB
PageTables:        16788 kB
NFS_Unstable:          0 kB
Bounce:                0 kB
WritebackTmp:          0 kB
CommitLimit:      949752 kB
Committed_AS:   20160772 kB
VmallocTotal:     245760 kB
VmallocUsed:       58960 kB
VmallocChunk:      75648 kB
1557661120.605058
MemTotal:        1899508 kB
MemFree:           40108 kB
Buffers:            1108 kB
Cached:           191212 kB
SwapCached:            0 kB
Active:          1562704 kB
Inactive:          96148 kB
Active(anon):    1468408 kB
Inactive(anon):     1616 kB
Active(file):      94296 kB
Inactive(file):    94532 kB
Unevictable:        1940 kB
Mlocked:               0 kB
HighTotal:       1158144 kB
HighFree:            612 kB
LowTotal:         741364 kB
LowFree:           39496 kB
SwapTotal:             0 kB
SwapFree:              0 kB
Dirty:                44 kB
Writeback:             0 kB
AnonPages:       1468436 kB
Mapped:           142428 kB
Shmem:              1668 kB
Slab:              35876 kB
SReclaimable:      13192 kB
SUnreclaim:        22684 kB
KernelStack:        8208 kB
PageTables:        17288 kB
NFS_Unstable:          0 kB
Bounce:                0 kB
WritebackTmp:          0 kB
CommitLimit:      949752 kB
Committed_AS:   20742496 kB
VmallocTotal:     245760 kB
VmallocUsed:       60184 kB
VmallocChunk:      75648 kB
1557661121.502780
MemTotal:        1899508 kB
MemFree:           40288 kB
Buffers:            1328 kB
Cached:           190064 kB
SwapCached:            0 kB
Active:          1571708 kB
Inactive:          95932 kB
Active(anon):    1478516 kB
Inactive(anon):     1620 kB
Active(file):      93192 kB
Inactive(file):    94312 kB
Unevictable:        1940 kB
Mlocked:               0 kB
HighTotal:       1158144 kB
HighFree:            664 kB
LowTotal:         741364 kB
LowFree:           39624 kB
SwapTotal:             0 kB
SwapFree:              0 kB
Dirty:                16 kB
Writeback:            24 kB
AnonPages:       1478552 kB
Mapped:           152464 kB
Shmem:              1672 kB
Slab:              35848 kB
SReclaimable:      13188 kB
SUnreclaim:        22660 kB
KernelStack:        8352 kB
PageTables:        17368 kB
NFS_Unstable:          0 kB
Bounce:                0 kB
WritebackTmp:          0 kB
CommitLimit:      949752 kB
Committed_AS:   20752164 kB
VmallocTotal:     245760 kB
VmallocUsed:       60184 kB
VmallocChunk:      75648 kB
1557661122.233257
MemTotal:        1899508 kB
MemFree:           42292 kB
Buffers:            1484 kB
Cached:           189408 kB
SwapCached:            0 kB
Active:          1560924 kB
Inactive:          96576 kB
Active(anon):    1468816 kB
Inactive(anon):     1620 kB
Active(file):      92108 kB
Inactive(file):    94956 kB
Unevictable:        1940 kB
Mlocked:               0 kB
HighTotal:       1158144 kB
HighFree:           1724 kB
LowTotal:         741364 kB
LowFree:           40568 kB
SwapTotal:             0 kB
SwapFree:              0 kB
Dirty:                68 kB
Writeback:             0 kB
AnonPages:       1468796 kB
Mapped:           145712 kB
Shmem:              1672 kB
Slab:              35692 kB
SReclaimable:      13164 kB
SUnreclaim:        22528 kB
KernelStack:        8240 kB
PageTables:        16692 kB
NFS_Unstable:          0 kB
Bounce:                0 kB
WritebackTmp:          0 kB
CommitLimit:      949752 kB
Committed_AS:   19519592 kB
VmallocTotal:     245760 kB
VmallocUsed:       59024 kB
VmallocChunk:      75648 kB
1557661122.926949
MemTotal:        1899508 kB
MemFree:           40136 kB
Buffers:            1540 kB
Cached:           193600 kB
SwapCached:            0 kB
Active:          1562904 kB
Inactive:          98820 kB
Active(anon):    1468768 kB
Inactive(anon):     1620 kB
Active(file):      94136 kB
Inactive(file):    97200 kB
Unevictable:        1940 kB
Mlocked:               0 kB
HighTotal:       1158144 kB
HighFree:            468 kB
LowTotal:         741364 kB
LowFree:           39668 kB
SwapTotal:             0 kB
SwapFree:              0 kB
Dirty:                 0 kB
Writeback:             0 kB
AnonPages:       1468740 kB
Mapped:           130552 kB
Shmem:              1672 kB
Slab:              35684 kB
SReclaimable:      13160 kB
SUnreclaim:        22524 kB
KernelStack:        8360 kB
PageTables:        16684 kB
NFS_Unstable:          0 kB
Bounce:                0 kB
WritebackTmp:          0 kB
CommitLimit:      949752 kB
Committed_AS:   19519248 kB
VmallocTotal:     245760 kB
VmallocUsed:       59024 kB
VmallocChunk:      75648 kB
1557661123.621617
MemTotal:        1899508 kB
MemFree:           48588 kB
Buffers:            1068 kB
Cached:           184992 kB
SwapCached:            0 kB
Active:          1556296 kB
Inactive:          93784 kB
Active(anon):    1466160 kB
Inactive(anon):     1620 kB
Active(file):      90136 kB
Inactive(file):    92164 kB
Unevictable:        1940 kB
Mlocked:               0 kB
HighTotal:       1158144 kB
HighFree:           1768 kB
LowTotal:         741364 kB
LowFree:           46820 kB
SwapTotal:             0 kB
SwapFree:              0 kB
Dirty:                 0 kB
Writeback:           100 kB
AnonPages:       1466088 kB
Mapped:           131132 kB
Shmem:              1672 kB
Slab:              35684 kB
SReclaimable:      13160 kB
SUnreclaim:        22524 kB
KernelStack:        8496 kB
PageTables:        16584 kB
NFS_Unstable:          0 kB
Bounce:                0 kB
WritebackTmp:          0 kB
CommitLimit:      949752 kB
Committed_AS:   19514160 kB
VmallocTotal:     245760 kB
VmallocUsed:       58856 kB
VmallocChunk:      75648 kB
1557661124.334083
MemTotal:        1899508 kB
MemFree:           40260 kB
Buffers:            1072 kB
Cached:           169192 kB
SwapCached:            0 kB
Active:          1569576 kB
Inactive:          83992 kB
Active(anon):    1485368 kB
Inactive(anon):     1616 kB
Active(file):      84208 kB
Inactive(file):    82376 kB
Unevictable:        1940 kB
Mlocked:               0 kB
HighTotal:       1158144 kB
HighFree:            436 kB
LowTotal:         741364 kB
LowFree:           39824 kB
SwapTotal:             0 kB
SwapFree:              0 kB
Dirty:                 0 kB
Writeback:             0 kB
AnonPages:       1485304 kB
Mapped:           133148 kB
Shmem:              1668 kB
Slab:              35644 kB
SReclaimable:      13152 kB
SUnreclaim:        22492 kB
KernelStack:        8416 kB
PageTables:        16200 kB
NFS_Unstable:          0 kB
Bounce:                0 kB
WritebackTmp:          0 kB
CommitLimit:      949752 kB
Committed_AS:   18969376 kB
VmallocTotal:     245760 kB
VmallocUsed:       57668 kB
VmallocChunk:      75648 kB
1557661125.092282
MemTotal:        1899508 kB
MemFree:           68852 kB
Buffers:            1124 kB
Cached:           160808 kB
SwapCached:            0 kB
Active:          1541936 kB
Inactive:          83012 kB
Active(anon):    1465084 kB
Inactive(anon):     1620 kB
Active(file):      76852 kB
Inactive(file):    81392 kB
Unevictable:        1940 kB
Mlocked:               0 kB
HighTotal:       1158144 kB
HighFree:           5908 kB
LowTotal:         741364 kB
LowFree:           62944 kB
SwapTotal:             0 kB
SwapFree:              0 kB
Dirty:               336 kB
Writeback:             0 kB
AnonPages:       1464976 kB
Mapped:           123364 kB
Shmem:              1672 kB
Slab:              35604 kB
SReclaimable:      13152 kB
SUnreclaim:        22452 kB
KernelStack:        8264 kB
PageTables:        15232 kB
NFS_Unstable:          0 kB
Bounce:                0 kB
WritebackTmp:          0 kB
CommitLimit:      949752 kB
Committed_AS:   18365036 kB
VmallocTotal:     245760 kB
VmallocUsed:       56648 kB
VmallocChunk:      75648 kB
1557661125.743948
MemTotal:        1899508 kB
MemFree:           67528 kB
Buffers:            1124 kB
Cached:           167708 kB
SwapCached:            0 kB
Active:          1536656 kB
Inactive:          89992 kB
Active(anon):    1459736 kB
Inactive(anon):     1620 kB
Active(file):      76920 kB
Inactive(file):    88372 kB
Unevictable:        1940 kB
Mlocked:               0 kB
HighTotal:       1158144 kB
HighFree:           1772 kB
LowTotal:         741364 kB
LowFree:           65756 kB
SwapTotal:             0 kB
SwapFree:              0 kB
Dirty:               384 kB
Writeback:             0 kB
AnonPages:       1459768 kB
Mapped:           124060 kB
Shmem:              1672 kB
Slab:              35604 kB
SReclaimable:      13152 kB
SUnreclaim:        22452 kB
KernelStack:        8128 kB
PageTables:        15232 kB
NFS_Unstable:          0 kB
Bounce:                0 kB
WritebackTmp:          0 kB
CommitLimit:      949752 kB
Committed_AS:   18360992 kB
VmallocTotal:     245760 kB
VmallocUsed:       56648 kB
VmallocChunk:      75648 kB
1557661126.451347
MemTotal:        1899508 kB
MemFree:           67052 kB
Buffers:            1124 kB
Cached:           168732 kB
SwapCached:            0 kB
Active:          1535604 kB
Inactive:          90832 kB
Active(anon):    1458724 kB
Inactive(anon):     1620 kB
Active(file):      76880 kB
Inactive(file):    89212 kB
Unevictable:        1940 kB
Mlocked:               0 kB
HighTotal:       1158144 kB
HighFree:           2124 kB
LowTotal:         741364 kB
LowFree:           64928 kB
SwapTotal:             0 kB
SwapFree:              0 kB
Dirty:               340 kB
Writeback:             0 kB
AnonPages:       1458748 kB
Mapped:           124664 kB
Shmem:              1672 kB
Slab:              35520 kB
SReclaimable:      13128 kB
SUnreclaim:        22392 kB
KernelStack:        7992 kB
PageTables:        15172 kB
NFS_Unstable:          0 kB
Bounce:                0 kB
WritebackTmp:          0 kB
CommitLimit:      949752 kB
Committed_AS:   18361244 kB
VmallocTotal:     245760 kB
VmallocUsed:       56648 kB
VmallocChunk:      75648 kB
1557661127.151251
MemTotal:        1899508 kB
MemFree:           68516 kB
Buffers:            1124 kB
Cached:           169628 kB
SwapCached:            0 kB
Active:          1533188 kB
Inactive:          91672 kB
Active(anon):    1456304 kB
Inactive(anon):     1620 kB
Active(file):      76884 kB
Inactive(file):    90052 kB
Unevictable:        1940 kB
Mlocked:               0 kB
HighTotal:       1158144 kB
HighFree:           3460 kB
LowTotal:         741364 kB
LowFree:           65056 kB
SwapTotal:             0 kB
SwapFree:              0 kB
Dirty:               344 kB
Writeback:             0 kB
AnonPages:       1456260 kB
Mapped:           124780 kB
Shmem:              1672 kB
Slab:              35452 kB
SReclaimable:      13128 kB
SUnreclaim:        22324 kB
KernelStack:        8000 kB
PageTables:        15196 kB
NFS_Unstable:          0 kB
Bounce:                0 kB
WritebackTmp:          0 kB
CommitLimit:      949752 kB
Committed_AS:   18360584 kB
VmallocTotal:     245760 kB
VmallocUsed:       56648 kB
VmallocChunk:      75648 kB
1557661127.828035
MemTotal:        1899508 kB
MemFree:           64212 kB
Buffers:            1124 kB
Cached:           174464 kB
SwapCached:            0 kB
Active:          1533680 kB
Inactive:          96496 kB
Active(anon):    1456796 kB
Inactive(anon):     1620 kB
Active(file):      76884 kB
Inactive(file):    94876 kB
Unevictable:        1940 kB
Mlocked:               0 kB
HighTotal:       1158144 kB
HighFree:           1808 kB
LowTotal:         741364 kB
LowFree:           62404 kB
SwapTotal:             0 kB
SwapFree:              0 kB
Dirty:               344 kB
Writeback:             0 kB
AnonPages:       1456660 kB
Mapped:           125704 kB
Shmem:              1672 kB
Slab:              35452 kB
SReclaimable:      13128 kB
SUnreclaim:        22324 kB
KernelStack:        8000 kB
PageTables:        15196 kB
NFS_Unstable:          0 kB
Bounce:                0 kB
WritebackTmp:          0 kB
CommitLimit:      949752 kB
Committed_AS:   18361716 kB
VmallocTotal:     245760 kB
VmallocUsed:       56648 kB
VmallocChunk:      75648 kB
1557661128.511742
MemTotal:        1899508 kB
MemFree:           55136 kB
Buffers:            1188 kB
Cached:           189752 kB
SwapCached:            0 kB
Active:          1527792 kB
Inactive:         111152 kB
Active(anon):    1450232 kB
Inactive(anon):     1620 kB
Active(file):      77560 kB
Inactive(file):   109532 kB
Unevictable:        1940 kB
Mlocked:               0 kB
HighTotal:       1158144 kB
HighFree:           1720 kB
LowTotal:         741364 kB
LowFree:           53416 kB
SwapTotal:             0 kB
SwapFree:              0 kB
Dirty:               344 kB
Writeback:             0 kB
AnonPages:       1450448 kB
Mapped:           130972 kB
Shmem:              1672 kB
Slab:              35436 kB
SReclaimable:      13128 kB
SUnreclaim:        22308 kB
KernelStack:        8008 kB
PageTables:        15744 kB
NFS_Unstable:          0 kB
Bounce:                0 kB
WritebackTmp:          0 kB
CommitLimit:      949752 kB
Committed_AS:   18933424 kB
VmallocTotal:     245760 kB
VmallocUsed:       57668 kB
VmallocChunk:      75648 kB
1557661129.219958
MemTotal:        1899508 kB
MemFree:           40852 kB
Buffers:            1148 kB
Cached:           176968 kB
SwapCached:            0 kB
Active:          1542964 kB
Inactive:          91452 kB
Active(anon):    1458544 kB
Inactive(anon):     1628 kB
Active(file):      84420 kB
Inactive(file):    89824 kB
Unevictable:        1940 kB
Mlocked:               0 kB
HighTotal:       1158144 kB
HighFree:            948 kB
LowTotal:         741364 kB
LowFree:           39904 kB
SwapTotal:             0 kB
SwapFree:              0 kB
Dirty:                 0 kB
Writeback:             0 kB
AnonPages:       1458588 kB
Mapped:           134552 kB
Shmem:              1680 kB
Slab:              35436 kB
SReclaimable:      13128 kB
SUnreclaim:        22308 kB
KernelStack:        8056 kB
PageTables:        15408 kB
NFS_Unstable:          0 kB
Bounce:                0 kB
WritebackTmp:          0 kB
CommitLimit:      949752 kB
Committed_AS:   18367488 kB
VmallocTotal:     245760 kB
VmallocUsed:       56744 kB
VmallocChunk:      75648 kB
1557661129.931708
MemTotal:        1899508 kB
MemFree:           47000 kB
Buffers:            1096 kB
Cached:           174120 kB
SwapCached:            0 kB
Active:          1540128 kB
Inactive:          88852 kB
Active(anon):    1455952 kB
Inactive(anon):     1628 kB
Active(file):      84176 kB
Inactive(file):    87224 kB
Unevictable:        1940 kB
Mlocked:               0 kB
HighTotal:       1158144 kB
HighFree:           1780 kB
LowTotal:         741364 kB
LowFree:           45220 kB
SwapTotal:             0 kB
SwapFree:              0 kB
Dirty:                 0 kB
Writeback:             0 kB
AnonPages:       1456004 kB
Mapped:           121896 kB
Shmem:              1680 kB
Slab:              35156 kB
SReclaimable:      12908 kB
SUnreclaim:        22248 kB
KernelStack:        7944 kB
PageTables:        14588 kB
NFS_Unstable:          0 kB
Bounce:                0 kB
WritebackTmp:          0 kB
CommitLimit:      949752 kB
Committed_AS:   17229360 kB
VmallocTotal:     245760 kB
VmallocUsed:       54704 kB
VmallocChunk:      75648 kB
1557661130.628428
MemTotal:        1899508 kB
MemFree:           40652 kB
Buffers:            1144 kB
Cached:           176820 kB
SwapCached:            0 kB
Active:          1543872 kB
Inactive:          89996 kB
Active(anon):    1458008 kB
Inactive(anon):     1628 kB
Active(file):      85864 kB
Inactive(file):    88368 kB
Unevictable:        1940 kB
Mlocked:               0 kB
HighTotal:       1158144 kB
HighFree:            764 kB
LowTotal:         741364 kB
LowFree:           39888 kB
SwapTotal:             0 kB
SwapFree:              0 kB
Dirty:               448 kB
Writeback:             0 kB
AnonPages:       1458152 kB
Mapped:           125412 kB
Shmem:              1680 kB
Slab:              35156 kB
SReclaimable:      12908 kB
SUnreclaim:        22248 kB
KernelStack:        7944 kB
PageTables:        14688 kB
NFS_Unstable:          0 kB
Bounce:                0 kB
WritebackTmp:          0 kB
CommitLimit:      949752 kB
Committed_AS:   17229012 kB
VmallocTotal:     245760 kB
VmallocUsed:       54704 kB
VmallocChunk:      75648 kB
1557661131.353242
MemTotal:        1899508 kB
MemFree:           45912 kB
Buffers:            1160 kB
Cached:           152464 kB
SwapCached:            0 kB
Active:          1536480 kB
Inactive:          78708 kB
Active(anon):    1463820 kB
Inactive(anon):     1628 kB
Active(file):      72660 kB
Inactive(file):    77080 kB
Unevictable:        1940 kB
Mlocked:               0 kB
HighTotal:       1158144 kB
HighFree:           1760 kB
LowTotal:         741364 kB
LowFree:           44152 kB
SwapTotal:             0 kB
SwapFree:              0 kB
Dirty:                64 kB
Writeback:             0 kB
AnonPages:       1463976 kB
Mapped:           136576 kB
Shmem:              1680 kB
Slab:              35300 kB
SReclaimable:      12908 kB
SUnreclaim:        22392 kB
KernelStack:        7272 kB
PageTables:        14200 kB
NFS_Unstable:          0 kB
Bounce:                0 kB
WritebackTmp:          0 kB
CommitLimit:      949752 kB
Committed_AS:   16573900 kB
VmallocTotal:     245760 kB
VmallocUsed:       54884 kB
VmallocChunk:      75648 kB
1557661132.214969
MemTotal:        1899508 kB
MemFree:           40816 kB
Buffers:            1252 kB
Cached:           147308 kB
SwapCached:            0 kB
Active:          1545368 kB
Inactive:          73352 kB
Active(anon):    1472200 kB
Inactive(anon):     1628 kB
Active(file):      73168 kB
Inactive(file):    71724 kB
Unevictable:        1940 kB
Mlocked:               0 kB
HighTotal:       1158144 kB
HighFree:            624 kB
LowTotal:         741364 kB
LowFree:           40192 kB
SwapTotal:             0 kB
SwapFree:              0 kB
Dirty:              2972 kB
Writeback:            64 kB
AnonPages:       1472216 kB
Mapped:           129940 kB
Shmem:              1680 kB
Slab:              35152 kB
SReclaimable:      12848 kB
SUnreclaim:        22304 kB
KernelStack:        7264 kB
PageTables:        14296 kB
NFS_Unstable:          0 kB
Bounce:                0 kB
WritebackTmp:          0 kB
CommitLimit:      949752 kB
Committed_AS:   16591404 kB
VmallocTotal:     245760 kB
VmallocUsed:       57308 kB
VmallocChunk:      75648 kB
1557661132.813077
MemTotal:        1899508 kB
MemFree:           54904 kB
Buffers:             920 kB
Cached:           138460 kB
SwapCached:            0 kB
Active:          1518324 kB
Inactive:          73432 kB
Active(anon):    1454564 kB
Inactive(anon):     1628 kB
Active(file):      63760 kB
Inactive(file):    71804 kB
Unevictable:        1940 kB
Mlocked:               0 kB
HighTotal:       1158144 kB
HighFree:           7160 kB
LowTotal:         741364 kB
LowFree:           47744 kB
SwapTotal:             0 kB
SwapFree:              0 kB
Dirty:              2352 kB
Writeback:             0 kB
AnonPages:       1454528 kB
Mapped:           118104 kB
Shmem:              1680 kB
Slab:              35084 kB
SReclaimable:      12848 kB
SUnreclaim:        22236 kB
KernelStack:        6992 kB
PageTables:        12796 kB
NFS_Unstable:          0 kB
Bounce:                0 kB
WritebackTmp:          0 kB
CommitLimit:      949752 kB
Committed_AS:   14259452 kB
VmallocTotal:     245760 kB
VmallocUsed:       54060 kB
VmallocChunk:      75648 kB
1557661133.393549
MemTotal:        1899508 kB
MemFree:           41852 kB
Buffers:             836 kB
Cached:           122024 kB
SwapCached:            0 kB
Active:          1519584 kB
Inactive:          60596 kB
Active(anon):    1459444 kB
Inactive(anon):     1656 kB
Active(file):      60140 kB
Inactive(file):    58940 kB
Unevictable:        1940 kB
Mlocked:               0 kB
HighTotal:       1158144 kB
HighFree:           1584 kB
LowTotal:         741364 kB
LowFree:           40268 kB
SwapTotal:             0 kB
SwapFree:              0 kB
Dirty:                32 kB
Writeback:             0 kB
AnonPages:       1459376 kB
Mapped:           110952 kB
Shmem:              1708 kB
Slab:              34720 kB
SReclaimable:      12664 kB
SUnreclaim:        22056 kB
KernelStack:        6296 kB
PageTables:        12020 kB
NFS_Unstable:          0 kB
Bounce:                0 kB
WritebackTmp:          0 kB
CommitLimit:      949752 kB
Committed_AS:   13029916 kB
VmallocTotal:     245760 kB
VmallocUsed:       53040 kB
VmallocChunk:      75648 kB
1557661133.996757
MemTotal:        1899508 kB
MemFree:           41572 kB
Buffers:             656 kB
Cached:           127496 kB
SwapCached:            0 kB
Active:          1515284 kB
Inactive:          65168 kB
Active(anon):    1454484 kB
Inactive(anon):     1656 kB
Active(file):      60800 kB
Inactive(file):    63512 kB
Unevictable:        1940 kB
Mlocked:               0 kB
HighTotal:       1158144 kB
HighFree:           1160 kB
LowTotal:         741364 kB
LowFree:           40412 kB
SwapTotal:             0 kB
SwapFree:              0 kB
Dirty:                32 kB
Writeback:            56 kB
AnonPages:       1454504 kB
Mapped:           107480 kB
Shmem:              1720 kB
Slab:              34556 kB
SReclaimable:      12560 kB
SUnreclaim:        21996 kB
KernelStack:        6168 kB
PageTables:        11788 kB
NFS_Unstable:          0 kB
Bounce:                0 kB
WritebackTmp:          0 kB
CommitLimit:      949752 kB
Committed_AS:   12482340 kB
VmallocTotal:     245760 kB
VmallocUsed:       52020 kB
VmallocChunk:      75648 kB
1557661134.596238
MemTotal:        1899508 kB
MemFree:           43412 kB
Buffers:             828 kB
Cached:           124440 kB
SwapCached:            0 kB
Active:          1514204 kB
Inactive:          64168 kB
Active(anon):    1455396 kB
Inactive(anon):     1664 kB
Active(file):      58808 kB
Inactive(file):    62504 kB
Unevictable:        1940 kB
Mlocked:               0 kB
HighTotal:       1158144 kB
HighFree:           1768 kB
LowTotal:         741364 kB
LowFree:           41644 kB
SwapTotal:             0 kB
SwapFree:              0 kB
Dirty:                 4 kB
Writeback:             0 kB
AnonPages:       1455544 kB
Mapped:           107312 kB
Shmem:              1728 kB
Slab:              34588 kB
SReclaimable:      12560 kB
SUnreclaim:        22028 kB
KernelStack:        6152 kB
PageTables:        11824 kB
NFS_Unstable:          0 kB
Bounce:                0 kB
WritebackTmp:          0 kB
CommitLimit:      949752 kB
Committed_AS:   12482532 kB
VmallocTotal:     245760 kB
VmallocUsed:       52020 kB
VmallocChunk:      75648 kB
1557661135.168041
MemTotal:        1899508 kB
MemFree:           40472 kB
Buffers:             804 kB
Cached:           125820 kB
SwapCached:            0 kB
Active:          1518532 kB
Inactive:          63472 kB
Active(anon):    1457720 kB
Inactive(anon):     1896 kB
Active(file):      60812 kB
Inactive(file):    61576 kB
Unevictable:        1940 kB
Mlocked:               0 kB
HighTotal:       1158144 kB
HighFree:            620 kB
LowTotal:         741364 kB
LowFree:           39852 kB
SwapTotal:             0 kB
SwapFree:              0 kB
Dirty:                 0 kB
Writeback:             0 kB
AnonPages:       1457740 kB
Mapped:           106068 kB
Shmem:              1996 kB
Slab:              34516 kB
SReclaimable:      12512 kB
SUnreclaim:        22004 kB
KernelStack:        6144 kB
PageTables:        12136 kB
NFS_Unstable:          0 kB
Bounce:                0 kB
WritebackTmp:          0 kB
CommitLimit:      949752 kB
Committed_AS:   13706972 kB
VmallocTotal:     245760 kB
VmallocUsed:       53040 kB
VmallocChunk:      75648 kB
1557661135.734927
MemTotal:        1899508 kB
MemFree:           40360 kB
Buffers:             764 kB
Cached:           124464 kB
SwapCached:            0 kB
Active:          1519632 kB
Inactive:          61576 kB
Active(anon):    1458140 kB
Inactive(anon):     1896 kB
Active(file):      61492 kB
Inactive(file):    59680 kB
Unevictable:        1940 kB
Mlocked:               0 kB
HighTotal:       1158144 kB
HighFree:            436 kB
LowTotal:         741364 kB
LowFree:           39924 kB
SwapTotal:             0 kB
SwapFree:              0 kB
Dirty:                 0 kB
Writeback:             0 kB
AnonPages:       1458112 kB
Mapped:           104180 kB
Shmem:              1996 kB
Slab:              34516 kB
SReclaimable:      12512 kB
SUnreclaim:        22004 kB
KernelStack:        6280 kB
PageTables:        12236 kB
NFS_Unstable:          0 kB
Bounce:                0 kB
WritebackTmp:          0 kB
CommitLimit:      949752 kB
Committed_AS:   13049824 kB
VmallocTotal:     245760 kB
VmallocUsed:       53040 kB
VmallocChunk:      75648 kB
1557661136.300792
MemTotal:        1899508 kB
MemFree:           42664 kB
Buffers:             792 kB
Cached:           118584 kB
SwapCached:            0 kB
Active:          1519456 kB
Inactive:          58756 kB
Active(anon):    1461200 kB
Inactive(anon):     1960 kB
Active(file):      58256 kB
Inactive(file):    56796 kB
Unevictable:        1940 kB
Mlocked:               0 kB
HighTotal:       1158144 kB
HighFree:           1776 kB
LowTotal:         741364 kB
LowFree:           40888 kB
SwapTotal:             0 kB
SwapFree:              0 kB
Dirty:               100 kB
Writeback:             0 kB
AnonPages:       1461096 kB
Mapped:           103456 kB
Shmem:              2140 kB
Slab:              34512 kB
SReclaimable:      12512 kB
SUnreclaim:        22000 kB
KernelStack:        6216 kB
PageTables:        12244 kB
NFS_Unstable:          0 kB
Bounce:                0 kB
WritebackTmp:          0 kB
CommitLimit:      949752 kB
Committed_AS:   13047836 kB
VmallocTotal:     245760 kB
VmallocUsed:       53040 kB
VmallocChunk:      75648 kB
1557661136.917366
MemTotal:        1899508 kB
MemFree:           41548 kB
Buffers:             816 kB
Cached:           114424 kB
SwapCached:            0 kB
Active:          1523780 kB
Inactive:          54740 kB
Active(anon):    1465840 kB
Inactive(anon):     1908 kB
Active(file):      57940 kB
Inactive(file):    52832 kB
Unevictable:        1940 kB
Mlocked:               0 kB
HighTotal:       1158144 kB
HighFree:           1312 kB
LowTotal:         741364 kB
LowFree:           40236 kB
SwapTotal:             0 kB
SwapFree:              0 kB
Dirty:               100 kB
Writeback:             0 kB
AnonPages:       1465560 kB
Mapped:           103928 kB
Shmem:              2164 kB
Slab:              34512 kB
SReclaimable:      12512 kB
SUnreclaim:        22000 kB
KernelStack:        6216 kB
PageTables:        12244 kB
NFS_Unstable:          0 kB
Bounce:                0 kB
WritebackTmp:          0 kB
CommitLimit:      949752 kB
Committed_AS:   13048260 kB
VmallocTotal:     245760 kB
VmallocUsed:       53040 kB
VmallocChunk:      75648 kB
1557661137.487179
MemTotal:        1899508 kB
MemFree:           40184 kB
Buffers:             828 kB
Cached:           112188 kB
SwapCached:            0 kB
Active:          1527252 kB
Inactive:          53824 kB
Active(anon):    1470356 kB
Inactive(anon):     1988 kB
Active(file):      56896 kB
Inactive(file):    51836 kB
Unevictable:        1940 kB
Mlocked:               0 kB
HighTotal:       1158144 kB
HighFree:            456 kB
LowTotal:         741364 kB
LowFree:           39728 kB
SwapTotal:             0 kB
SwapFree:              0 kB
Dirty:                64 kB
Writeback:             0 kB
AnonPages:       1470372 kB
Mapped:           104224 kB
Shmem:              2216 kB
Slab:              34508 kB
SReclaimable:      12512 kB
SUnreclaim:        21996 kB
KernelStack:        6280 kB
PageTables:        12252 kB
NFS_Unstable:          0 kB
Bounce:                0 kB
WritebackTmp:          0 kB
CommitLimit:      949752 kB
Committed_AS:   13050500 kB
VmallocTotal:     245760 kB
VmallocUsed:       53040 kB
VmallocChunk:      75648 kB
1557661138.067301
MemTotal:        1899508 kB
MemFree:           48500 kB
Buffers:            1564 kB
Cached:           114756 kB
SwapCached:            0 kB
Active:          1519592 kB
Inactive:          59888 kB
Active(anon):    1465484 kB
Inactive(anon):     1976 kB
Active(file):      54108 kB
Inactive(file):    57912 kB
Unevictable:        1940 kB
Mlocked:               0 kB
HighTotal:       1158144 kB
HighFree:           1728 kB
LowTotal:         741364 kB
LowFree:           46772 kB
SwapTotal:             0 kB
SwapFree:              0 kB
Dirty:                68 kB
Writeback:             0 kB
AnonPages:       1465572 kB
Mapped:           101116 kB
Shmem:              2220 kB
Slab:              34408 kB
SReclaimable:      12504 kB
SUnreclaim:        21904 kB
KernelStack:        6152 kB
PageTables:        11800 kB
NFS_Unstable:          0 kB
Bounce:                0 kB
WritebackTmp:          0 kB
CommitLimit:      949752 kB
Committed_AS:   12482512 kB
VmallocTotal:     245760 kB
VmallocUsed:       51832 kB
VmallocChunk:      75648 kB
1557661138.656723
MemTotal:        1899508 kB
MemFree:           47672 kB
Buffers:            1512 kB
Cached:           113992 kB
SwapCached:            0 kB
Active:          1523544 kB
Inactive:          58728 kB
Active(anon):    1469028 kB
Inactive(anon):     1976 kB
Active(file):      54516 kB
Inactive(file):    56752 kB
Unevictable:        1940 kB
Mlocked:               0 kB
HighTotal:       1158144 kB
HighFree:           2600 kB
LowTotal:         741364 kB
LowFree:           45072 kB
SwapTotal:             0 kB
SwapFree:              0 kB
Dirty:                68 kB
Writeback:             0 kB
AnonPages:       1468816 kB
Mapped:           100044 kB
Shmem:              2220 kB
Slab:              34408 kB
SReclaimable:      12504 kB
SUnreclaim:        21904 kB
KernelStack:        6152 kB
PageTables:        11400 kB
NFS_Unstable:          0 kB
Bounce:                0 kB
WritebackTmp:          0 kB
CommitLimit:      949752 kB
Committed_AS:   11925284 kB
VmallocTotal:     245760 kB
VmallocUsed:       50788 kB
VmallocChunk:      75648 kB
1557661139.256796
MemTotal:        1899508 kB
MemFree:           42156 kB
Buffers:            1496 kB
Cached:           115376 kB
SwapCached:            0 kB
Active:          1529044 kB
Inactive:          59888 kB
Active(anon):    1474376 kB
Inactive(anon):     1988 kB
Active(file):      54668 kB
Inactive(file):    57900 kB
Unevictable:        1940 kB
Mlocked:               0 kB
HighTotal:       1158144 kB
HighFree:           1812 kB
LowTotal:         741364 kB
LowFree:           40344 kB
SwapTotal:             0 kB
SwapFree:              0 kB
Dirty:                96 kB
Writeback:             0 kB
AnonPages:       1474252 kB
Mapped:           101360 kB
Shmem:              2244 kB
Slab:              34328 kB
SReclaimable:      12504 kB
SUnreclaim:        21824 kB
KernelStack:        6080 kB
PageTables:        11472 kB
NFS_Unstable:          0 kB
Bounce:                0 kB
WritebackTmp:          0 kB
CommitLimit:      949752 kB
Committed_AS:   11929164 kB
VmallocTotal:     245760 kB
VmallocUsed:       50788 kB
VmallocChunk:      75648 kB
1557661139.837875
MemTotal:        1899508 kB
MemFree:           39928 kB
Buffers:            1212 kB
Cached:           106348 kB
SwapCached:            0 kB
Active:          1539552 kB
Inactive:          52900 kB
Active(anon):    1487116 kB
Inactive(anon):     1988 kB
Active(file):      52436 kB
Inactive(file):    50912 kB
Unevictable:        1940 kB
Mlocked:               0 kB
HighTotal:       1158144 kB
HighFree:            552 kB
LowTotal:         741364 kB
LowFree:           39376 kB
SwapTotal:             0 kB
SwapFree:              0 kB
Dirty:                 0 kB
Writeback:             0 kB
AnonPages:       1486924 kB
Mapped:           100100 kB
Shmem:              2244 kB
Slab:              34328 kB
SReclaimable:      12504 kB
SUnreclaim:        21824 kB
KernelStack:        6080 kB
PageTables:        11672 kB
NFS_Unstable:          0 kB
Bounce:                0 kB
WritebackTmp:          0 kB
CommitLimit:      949752 kB
Committed_AS:   14324720 kB
VmallocTotal:     245760 kB
VmallocUsed:       50788 kB
VmallocChunk:      75648 kB
1557661140.490196
MemTotal:        1899508 kB
MemFree:           43600 kB
Buffers:             488 kB
Cached:           100724 kB
SwapCached:            0 kB
Active:          1536672 kB
Inactive:          50056 kB
Active(anon):    1487792 kB
Inactive(anon):     1988 kB
Active(file):      48880 kB
Inactive(file):    48068 kB
Unevictable:        1940 kB
Mlocked:               0 kB
HighTotal:       1158144 kB
HighFree:           1796 kB
LowTotal:         741364 kB
LowFree:           41804 kB
SwapTotal:             0 kB
SwapFree:              0 kB
Dirty:                 0 kB
Writeback:             0 kB
AnonPages:       1487696 kB
Mapped:           100436 kB
Shmem:              2244 kB
Slab:              34288 kB
SReclaimable:      12464 kB
SUnreclaim:        21824 kB
KernelStack:        6120 kB
PageTables:        11972 kB
NFS_Unstable:          0 kB
Bounce:                0 kB
WritebackTmp:          0 kB
CommitLimit:      949752 kB
Committed_AS:   14892656 kB
VmallocTotal:     245760 kB
VmallocUsed:       52828 kB
VmallocChunk:      75648 kB
1557661141.056851
MemTotal:        1899508 kB
MemFree:           41632 kB
Buffers:             512 kB
Cached:           101416 kB
SwapCached:            0 kB
Active:          1541852 kB
Inactive:          47308 kB
Active(anon):    1489588 kB
Inactive(anon):     1988 kB
Active(file):      52264 kB
Inactive(file):    45320 kB
Unevictable:        1940 kB
Mlocked:               0 kB
HighTotal:       1158144 kB
HighFree:           1352 kB
LowTotal:         741364 kB
LowFree:           40280 kB
SwapTotal:             0 kB
SwapFree:              0 kB
Dirty:                60 kB
Writeback:             0 kB
AnonPages:       1489332 kB
Mapped:            94312 kB
Shmem:              2244 kB
Slab:              34288 kB
SReclaimable:      12464 kB
SUnreclaim:        21824 kB
KernelStack:        6064 kB
PageTables:        11508 kB
NFS_Unstable:          0 kB
Bounce:                0 kB
WritebackTmp:          0 kB
CommitLimit:      949752 kB
Committed_AS:   11951420 kB
VmallocTotal:     245760 kB
VmallocUsed:       51808 kB
VmallocChunk:      75648 kB
1557661141.645665
MemTotal:        1899508 kB
MemFree:           41748 kB
Buffers:             528 kB
Cached:            99856 kB
SwapCached:            0 kB
Active:          1542608 kB
Inactive:          46864 kB
Active(anon):    1491468 kB
Inactive(anon):     1988 kB
Active(file):      51140 kB
Inactive(file):    44876 kB
Unevictable:        1940 kB
Mlocked:               0 kB
HighTotal:       1158144 kB
HighFree:           1640 kB
LowTotal:         741364 kB
LowFree:           40108 kB
SwapTotal:             0 kB
SwapFree:              0 kB
Dirty:                60 kB
Writeback:             0 kB
AnonPages:       1491276 kB
Mapped:            87244 kB
Shmem:              2244 kB
Slab:              34288 kB
SReclaimable:      12464 kB
SUnreclaim:        21824 kB
KernelStack:        6064 kB
PageTables:        11508 kB
NFS_Unstable:          0 kB
Bounce:                0 kB
WritebackTmp:          0 kB
CommitLimit:      949752 kB
Committed_AS:   11945060 kB
VmallocTotal:     245760 kB
VmallocUsed:       50788 kB
VmallocChunk:      75648 kB
1557661142.216392
MemTotal:        1899508 kB
MemFree:           40812 kB
Buffers:             528 kB
Cached:            95960 kB
SwapCached:            0 kB
Active:          1545576 kB
Inactive:          45764 kB
Active(anon):    1497128 kB
Inactive(anon):     1988 kB
Active(file):      48448 kB
Inactive(file):    43776 kB
Unevictable:        1940 kB
Mlocked:               0 kB
HighTotal:       1158144 kB
HighFree:            800 kB
LowTotal:         741364 kB
LowFree:           40012 kB
SwapTotal:             0 kB
SwapFree:              0 kB
Dirty:                44 kB
Writeback:             0 kB
AnonPages:       1496928 kB
Mapped:            86908 kB
Shmem:              2244 kB
Slab:              34284 kB
SReclaimable:      12464 kB
SUnreclaim:        21820 kB
KernelStack:        6056 kB
PageTables:        11440 kB
NFS_Unstable:          0 kB
Bounce:                0 kB
WritebackTmp:          0 kB
CommitLimit:      949752 kB
Committed_AS:   11951300 kB
VmallocTotal:     245760 kB
VmallocUsed:       50788 kB
VmallocChunk:      75648 kB
1557661142.785271
MemTotal:        1899508 kB
MemFree:           83332 kB
Buffers:             528 kB
Cached:            96572 kB
SwapCached:            0 kB
Active:          1502588 kB
Inactive:          47840 kB
Active(anon):    1455380 kB
Inactive(anon):     1988 kB
Active(file):      47208 kB
Inactive(file):    45852 kB
Unevictable:        1940 kB
Mlocked:               0 kB
HighTotal:       1158144 kB
HighFree:          18040 kB
LowTotal:         741364 kB
LowFree:           65292 kB
SwapTotal:             0 kB
SwapFree:              0 kB
Dirty:                44 kB
Writeback:             0 kB
AnonPages:       1455304 kB
Mapped:            78700 kB
Shmem:              2244 kB
Slab:              34080 kB
SReclaimable:      12464 kB
SUnreclaim:        21616 kB
KernelStack:        5784 kB
PageTables:         9940 kB
NFS_Unstable:          0 kB
Bounce:                0 kB
WritebackTmp:          0 kB
CommitLimit:      949752 kB
Committed_AS:   10789604 kB
VmallocTotal:     245760 kB
VmallocUsed:       48748 kB
VmallocChunk:      75648 kB
1557661143.374579
MemTotal:        1899508 kB
MemFree:           73872 kB
Buffers:             560 kB
Cached:           101376 kB
SwapCached:            0 kB
Active:          1506928 kB
Inactive:          52516 kB
Active(anon):    1459732 kB
Inactive(anon):     1988 kB
Active(file):      47196 kB
Inactive(file):    50528 kB
Unevictable:        1940 kB
Mlocked:               0 kB
HighTotal:       1158144 kB
HighFree:           8200 kB
LowTotal:         741364 kB
LowFree:           65672 kB
SwapTotal:             0 kB
SwapFree:              0 kB
Dirty:                 4 kB
Writeback:             0 kB
AnonPages:       1459812 kB
Mapped:            79128 kB
Shmem:              2244 kB
Slab:              33904 kB
SReclaimable:      12420 kB
SUnreclaim:        21484 kB
KernelStack:        5552 kB
PageTables:         9952 kB
NFS_Unstable:          0 kB
Bounce:                0 kB
WritebackTmp:          0 kB
CommitLimit:      949752 kB
Committed_AS:   10790284 kB
VmallocTotal:     245760 kB
VmallocUsed:       48748 kB
VmallocChunk:      75648 kB
1557661143.964401
MemTotal:        1899508 kB
MemFree:           78852 kB
Buffers:             576 kB
Cached:           101588 kB
SwapCached:            0 kB
Active:          1501116 kB
Inactive:          52832 kB
Active(anon):    1453924 kB
Inactive(anon):     1988 kB
Active(file):      47192 kB
Inactive(file):    50844 kB
Unevictable:        1940 kB
Mlocked:               0 kB
HighTotal:       1158144 kB
HighFree:          11368 kB
LowTotal:         741364 kB
LowFree:           67484 kB
SwapTotal:             0 kB
SwapFree:              0 kB
Dirty:                52 kB
Writeback:             0 kB
AnonPages:       1453804 kB
Mapped:            79144 kB
Shmem:              2244 kB
Slab:              33892 kB
SReclaimable:      12408 kB
SUnreclaim:        21484 kB
KernelStack:        5544 kB
PageTables:         9988 kB
NFS_Unstable:          0 kB
Bounce:                0 kB
WritebackTmp:          0 kB
CommitLimit:      949752 kB
Committed_AS:   10790316 kB
VmallocTotal:     245760 kB
VmallocUsed:       48748 kB
VmallocChunk:      75648 kB
1557661144.553684
MemTotal:        1899508 kB
MemFree:           75876 kB
Buffers:             576 kB
Cached:           101808 kB
SwapCached:            0 kB
Active:          1503972 kB
Inactive:          52952 kB
Active(anon):    1456776 kB
Inactive(anon):     1988 kB
Active(file):      47196 kB
Inactive(file):    50964 kB
Unevictable:        1940 kB
Mlocked:               0 kB
HighTotal:       1158144 kB
HighFree:           7400 kB
LowTotal:         741364 kB
LowFree:           68476 kB
SwapTotal:             0 kB
SwapFree:              0 kB
Dirty:                48 kB
Writeback:             0 kB
AnonPages:       1456676 kB
Mapped:            79220 kB
Shmem:              2244 kB
Slab:              33888 kB
SReclaimable:      12408 kB
SUnreclaim:        21480 kB
KernelStack:        5536 kB
PageTables:         9956 kB
NFS_Unstable:          0 kB
Bounce:                0 kB
WritebackTmp:          0 kB
CommitLimit:      949752 kB
Committed_AS:   10798520 kB
VmallocTotal:     245760 kB
VmallocUsed:       48748 kB
VmallocChunk:      75648 kB
1557661145.122762
MemTotal:        1899508 kB
MemFree:           75232 kB
Buffers:             576 kB
Cached:           101808 kB
SwapCached:            0 kB
Active:          1505060 kB
Inactive:          52992 kB
Active(anon):    1457864 kB
Inactive(anon):     1988 kB
Active(file):      47196 kB
Inactive(file):    51004 kB
Unevictable:        1940 kB
Mlocked:               0 kB
HighTotal:       1158144 kB
HighFree:           6644 kB
LowTotal:         741364 kB
LowFree:           68588 kB
SwapTotal:             0 kB
SwapFree:              0 kB
Dirty:                48 kB
Writeback:             0 kB
AnonPages:       1457620 kB
Mapped:            79224 kB
Shmem:              2244 kB
Slab:              33888 kB
SReclaimable:      12408 kB
SUnreclaim:        21480 kB
KernelStack:        5504 kB
PageTables:         9956 kB
NFS_Unstable:          0 kB
Bounce:                0 kB
WritebackTmp:          0 kB
CommitLimit:      949752 kB
Committed_AS:   10798924 kB
VmallocTotal:     245760 kB
VmallocUsed:       48748 kB
VmallocChunk:      75648 kB
1557661145.691341
MemTotal:        1899508 kB
MemFree:           74328 kB
Buffers:             576 kB
Cached:           101808 kB
SwapCached:            0 kB
Active:          1505900 kB
Inactive:          52992 kB
Active(anon):    1458704 kB
Inactive(anon):     1988 kB
Active(file):      47196 kB
Inactive(file):    51004 kB
Unevictable:        1940 kB
Mlocked:               0 kB
HighTotal:       1158144 kB
HighFree:           5772 kB
LowTotal:         741364 kB
LowFree:           68556 kB
SwapTotal:             0 kB
SwapFree:              0 kB
Dirty:                48 kB
Writeback:             0 kB
AnonPages:       1458488 kB
Mapped:            79224 kB
Shmem:              2244 kB
Slab:              33888 kB
SReclaimable:      12408 kB
SUnreclaim:        21480 kB
KernelStack:        5504 kB
PageTables:         9956 kB
NFS_Unstable:          0 kB
Bounce:                0 kB
WritebackTmp:          0 kB
CommitLimit:      949752 kB
Committed_AS:   10799032 kB
VmallocTotal:     245760 kB
VmallocUsed:       48748 kB
VmallocChunk:      75648 kB
1557661146.258242
MemTotal:        1899508 kB
MemFree:           70720 kB
Buffers:             716 kB
Cached:           101896 kB
SwapCached:            0 kB
Active:          1509200 kB
Inactive:          53232 kB
Active(anon):    1462004 kB
Inactive(anon):     1988 kB
Active(file):      47196 kB
Inactive(file):    51244 kB
Unevictable:        1940 kB
Mlocked:               0 kB
HighTotal:       1158144 kB
HighFree:           2164 kB
LowTotal:         741364 kB
LowFree:           68556 kB
SwapTotal:             0 kB
SwapFree:              0 kB
Dirty:                48 kB
Writeback:             0 kB
AnonPages:       1461820 kB
Mapped:            79248 kB
Shmem:              2244 kB
Slab:              33888 kB
SReclaimable:      12408 kB
SUnreclaim:        21480 kB
KernelStack:        5520 kB
PageTables:         9960 kB
NFS_Unstable:          0 kB
Bounce:                0 kB
WritebackTmp:          0 kB
CommitLimit:      949752 kB
Committed_AS:   10799028 kB
VmallocTotal:     245760 kB
VmallocUsed:       48748 kB
VmallocChunk:      75648 kB
1557661146.854845
MemTotal:        1899508 kB
MemFree:           66924 kB
Buffers:             716 kB
Cached:           101896 kB
SwapCached:            0 kB
Active:          1512708 kB
Inactive:          53232 kB
Active(anon):    1465512 kB
Inactive(anon):     1988 kB
Active(file):      47196 kB
Inactive(file):    51244 kB
Unevictable:        1940 kB
Mlocked:               0 kB
HighTotal:       1158144 kB
HighFree:           1792 kB
LowTotal:         741364 kB
LowFree:           65132 kB
SwapTotal:             0 kB
SwapFree:              0 kB
Dirty:                48 kB
Writeback:             0 kB
AnonPages:       1465400 kB
Mapped:            79248 kB
Shmem:              2244 kB
Slab:              33888 kB
SReclaimable:      12408 kB
SUnreclaim:        21480 kB
KernelStack:        5520 kB
PageTables:         9960 kB
NFS_Unstable:          0 kB
Bounce:                0 kB
WritebackTmp:          0 kB
CommitLimit:      949752 kB
Committed_AS:   10805180 kB
VmallocTotal:     245760 kB
VmallocUsed:       48748 kB
VmallocChunk:      75648 kB
1557661147.422071
MemTotal:        1899508 kB
MemFree:           66376 kB
Buffers:             716 kB
Cached:           102140 kB
SwapCached:            0 kB
Active:          1513696 kB
Inactive:          53500 kB
Active(anon):    1466492 kB
Inactive(anon):     1988 kB
Active(file):      47204 kB
Inactive(file):    51512 kB
Unevictable:        1940 kB
Mlocked:               0 kB
HighTotal:       1158144 kB
HighFree:           8188 kB
LowTotal:         741364 kB
LowFree:           58188 kB
SwapTotal:             0 kB
SwapFree:              0 kB
Dirty:                48 kB
Writeback:             0 kB
AnonPages:       1466328 kB
Mapped:            79248 kB
Shmem:              2244 kB
Slab:              33888 kB
SReclaimable:      12408 kB
SUnreclaim:        21480 kB
KernelStack:        5520 kB
PageTables:         9972 kB
NFS_Unstable:          0 kB
Bounce:                0 kB
WritebackTmp:          0 kB
CommitLimit:      949752 kB
Committed_AS:   10822084 kB
VmallocTotal:     245760 kB
VmallocUsed:       48748 kB
VmallocChunk:      75648 kB
1557661147.990320
MemTotal:        1899508 kB
MemFree:           87784 kB
Buffers:             716 kB
Cached:           102388 kB
SwapCached:            0 kB
Active:          1491272 kB
Inactive:          53752 kB
Active(anon):    1444068 kB
Inactive(anon):     1988 kB
Active(file):      47204 kB
Inactive(file):    51764 kB
Unevictable:        1940 kB
Mlocked:               0 kB
HighTotal:       1158144 kB
HighFree:          18848 kB
LowTotal:         741364 kB
LowFree:           68936 kB
SwapTotal:             0 kB
SwapFree:              0 kB
Dirty:                 0 kB
Writeback:            16 kB
AnonPages:       1443908 kB
Mapped:            79380 kB
Shmem:              2244 kB
Slab:              33888 kB
SReclaimable:      12408 kB
SUnreclaim:        21480 kB
KernelStack:        5584 kB
PageTables:        10340 kB
NFS_Unstable:          0 kB
Bounce:                0 kB
WritebackTmp:          0 kB
CommitLimit:      949752 kB
Committed_AS:   12044436 kB
VmallocTotal:     245760 kB
VmallocUsed:       49768 kB
VmallocChunk:      75648 kB
1557661148.566606
MemTotal:        1899508 kB
MemFree:           64040 kB
Buffers:             972 kB
Cached:           124644 kB
SwapCached:            0 kB
Active:          1493816 kB
Inactive:          75700 kB
Active(anon):    1446492 kB
Inactive(anon):     2492 kB
Active(file):      47324 kB
Inactive(file):    73208 kB
Unevictable:        1940 kB
Mlocked:               0 kB
HighTotal:       1158144 kB
HighFree:           1708 kB
LowTotal:         741364 kB
LowFree:           62332 kB
SwapTotal:             0 kB
SwapFree:              0 kB
Dirty:                 0 kB
Writeback:             0 kB
AnonPages:       1446164 kB
Mapped:            87912 kB
Shmem:              2740 kB
Slab:              33888 kB
SReclaimable:      12408 kB
SUnreclaim:        21480 kB
KernelStack:        5600 kB
PageTables:        10308 kB
NFS_Unstable:          0 kB
Bounce:                0 kB
WritebackTmp:          0 kB
CommitLimit:      949752 kB
Committed_AS:   11389824 kB
VmallocTotal:     245760 kB
VmallocUsed:       49768 kB
VmallocChunk:      75648 kB
1557661149.132115
MemTotal:        1899508 kB
MemFree:           41248 kB
Buffers:            1020 kB
Cached:           142148 kB
SwapCached:            0 kB
Active:          1499628 kB
Inactive:          92692 kB
Active(anon):    1451680 kB
Inactive(anon):     2444 kB
Active(file):      47948 kB
Inactive(file):    90248 kB
Unevictable:        1940 kB
Mlocked:               0 kB
HighTotal:       1158144 kB
HighFree:           1072 kB
LowTotal:         741364 kB
LowFree:           40176 kB
SwapTotal:             0 kB
SwapFree:              0 kB
Dirty:                48 kB
Writeback:             0 kB
AnonPages:       1451284 kB
Mapped:            93900 kB
Shmem:              2812 kB
Slab:              33888 kB
SReclaimable:      12408 kB
SUnreclaim:        21480 kB
KernelStack:        5712 kB
PageTables:        10824 kB
NFS_Unstable:          0 kB
Bounce:                0 kB
WritebackTmp:          0 kB
CommitLimit:      949752 kB
Committed_AS:   11960664 kB
VmallocTotal:     245760 kB
VmallocUsed:       50788 kB
VmallocChunk:      75648 kB
1557661149.713192
MemTotal:        1899508 kB
MemFree:           41168 kB
Buffers:             896 kB
Cached:           141104 kB
SwapCached:            0 kB
Active:          1500844 kB
Inactive:          90132 kB
Active(anon):    1451600 kB
Inactive(anon):     2612 kB
Active(file):      49244 kB
Inactive(file):    87520 kB
Unevictable:        1940 kB
Mlocked:               0 kB
HighTotal:       1158144 kB
HighFree:            760 kB
LowTotal:         741364 kB
LowFree:           40408 kB
SwapTotal:             0 kB
SwapFree:              0 kB
Dirty:                48 kB
Writeback:             0 kB
AnonPages:       1451524 kB
Mapped:            96024 kB
Shmem:              2936 kB
Slab:              33888 kB
SReclaimable:      12408 kB
SUnreclaim:        21480 kB
KernelStack:        5712 kB
PageTables:        11224 kB
NFS_Unstable:          0 kB
Bounce:                0 kB
WritebackTmp:          0 kB
CommitLimit:      949752 kB
Committed_AS:   12528976 kB
VmallocTotal:     245760 kB
VmallocUsed:       51808 kB
VmallocChunk:      75648 kB
1557661150.292298
MemTotal:        1899508 kB
MemFree:           56348 kB
Buffers:             344 kB
Cached:           139444 kB
SwapCached:            0 kB
Active:          1495948 kB
Inactive:          78468 kB
Active(anon):    1437148 kB
Inactive(anon):     2444 kB
Active(file):      58800 kB
Inactive(file):    76024 kB
Unevictable:        1940 kB
Mlocked:               0 kB
HighTotal:       1158144 kB
HighFree:           5460 kB
LowTotal:         741364 kB
LowFree:           50888 kB
SwapTotal:             0 kB
SwapFree:              0 kB
Dirty:                68 kB
Writeback:          2484 kB
AnonPages:       1436832 kB
Mapped:            94952 kB
Shmem:              2812 kB
Slab:              33884 kB
SReclaimable:      12408 kB
SUnreclaim:        21476 kB
KernelStack:        5744 kB
PageTables:        11276 kB
NFS_Unstable:          0 kB
Bounce:                0 kB
WritebackTmp:          0 kB
CommitLimit:      949752 kB
Committed_AS:   12526524 kB
VmallocTotal:     245760 kB
VmallocUsed:       51808 kB
VmallocChunk:      75648 kB
1557661150.868908
MemTotal:        1899508 kB
MemFree:           42588 kB
Buffers:             652 kB
Cached:           151912 kB
SwapCached:            0 kB
Active:          1499208 kB
Inactive:          90160 kB
Active(anon):    1439332 kB
Inactive(anon):     2444 kB
Active(file):      59876 kB
Inactive(file):    87716 kB
Unevictable:        1940 kB
Mlocked:               0 kB
HighTotal:       1158144 kB
HighFree:           1808 kB
LowTotal:         741364 kB
LowFree:           40780 kB
SwapTotal:             0 kB
SwapFree:              0 kB
Dirty:               292 kB
Writeback:             0 kB
AnonPages:       1439124 kB
Mapped:            97792 kB
Shmem:              2812 kB
Slab:              33884 kB
SReclaimable:      12408 kB
SUnreclaim:        21476 kB
KernelStack:        5744 kB
PageTables:        11276 kB
NFS_Unstable:          0 kB
Bounce:                0 kB
WritebackTmp:          0 kB
CommitLimit:      949752 kB
Committed_AS:   12527276 kB
VmallocTotal:     245760 kB
VmallocUsed:       51808 kB
VmallocChunk:      75648 kB
1557661151.442401
MemTotal:        1899508 kB
MemFree:           42444 kB
Buffers:             860 kB
Cached:           151396 kB
SwapCached:            0 kB
Active:          1502596 kB
Inactive:          86996 kB
Active(anon):    1439992 kB
Inactive(anon):     2444 kB
Active(file):      62604 kB
Inactive(file):    84552 kB
Unevictable:        1940 kB
Mlocked:               0 kB
HighTotal:       1158144 kB
HighFree:           1960 kB
LowTotal:         741364 kB
LowFree:           40484 kB
SwapTotal:             0 kB
SwapFree:              0 kB
Dirty:                 0 kB
Writeback:             0 kB
AnonPages:       1439716 kB
Mapped:           102568 kB
Shmem:              2812 kB
Slab:              33884 kB
SReclaimable:      12412 kB
SUnreclaim:        21472 kB
KernelStack:        5768 kB
PageTables:        11352 kB
NFS_Unstable:          0 kB
Bounce:                0 kB
WritebackTmp:          0 kB
CommitLimit:      949752 kB
Committed_AS:   12524124 kB
VmallocTotal:     245760 kB
VmallocUsed:       51808 kB
VmallocChunk:      75648 kB
1557661152.024946
MemTotal:        1899508 kB
MemFree:           40184 kB
Buffers:             904 kB
Cached:           150524 kB
SwapCached:            0 kB
Active:          1506936 kB
Inactive:          85252 kB
Active(anon):    1443276 kB
Inactive(anon):     2472 kB
Active(file):      63660 kB
Inactive(file):    82780 kB
Unevictable:        1940 kB
Mlocked:               0 kB
HighTotal:       1158144 kB
HighFree:            504 kB
LowTotal:         741364 kB
LowFree:           39680 kB
SwapTotal:             0 kB
SwapFree:              0 kB
Dirty:                16 kB
Writeback:            88 kB
AnonPages:       1443008 kB
Mapped:           105536 kB
Shmem:              2848 kB
Slab:              33872 kB
SReclaimable:      12412 kB
SUnreclaim:        21460 kB
KernelStack:        5736 kB
PageTables:        11392 kB
NFS_Unstable:          0 kB
Bounce:                0 kB
WritebackTmp:          0 kB
CommitLimit:      949752 kB
Committed_AS:   12527624 kB
VmallocTotal:     245760 kB
VmallocUsed:       51808 kB
VmallocChunk:      75648 kB
1557661152.603839
MemTotal:        1899508 kB
MemFree:           40452 kB
Buffers:             844 kB
Cached:           146912 kB
SwapCached:            0 kB
Active:          1511348 kB
Inactive:          79756 kB
Active(anon):    1445932 kB
Inactive(anon):     2448 kB
Active(file):      65416 kB
Inactive(file):    77308 kB
Unevictable:        1940 kB
Mlocked:               0 kB
HighTotal:       1158144 kB
HighFree:            596 kB
LowTotal:         741364 kB
LowFree:           39856 kB
SwapTotal:             0 kB
SwapFree:              0 kB
Dirty:                 0 kB
Writeback:            32 kB
AnonPages:       1445616 kB
Mapped:           103852 kB
Shmem:              2816 kB
Slab:              33860 kB
SReclaimable:      12412 kB
SUnreclaim:        21448 kB
KernelStack:        5808 kB
PageTables:        11812 kB
NFS_Unstable:          0 kB
Bounce:                0 kB
WritebackTmp:          0 kB
CommitLimit:      949752 kB
Committed_AS:   13750580 kB
VmallocTotal:     245760 kB
VmallocUsed:       52828 kB
VmallocChunk:      75648 kB
1557661153.184423
MemTotal:        1899508 kB
MemFree:           43724 kB
Buffers:            1004 kB
Cached:           138672 kB
SwapCached:            0 kB
Active:          1518608 kB
Inactive:          68528 kB
Active(anon):    1449896 kB
Inactive(anon):     2448 kB
Active(file):      68712 kB
Inactive(file):    66080 kB
Unevictable:        1940 kB
Mlocked:               0 kB
HighTotal:       1158144 kB
HighFree:           2080 kB
LowTotal:         741364 kB
LowFree:           41644 kB
SwapTotal:             0 kB
SwapFree:              0 kB
Dirty:                 0 kB
Writeback:             0 kB
AnonPages:       1449692 kB
Mapped:           104348 kB
Shmem:              2828 kB
Slab:              33844 kB
SReclaimable:      12412 kB
SUnreclaim:        21432 kB
KernelStack:        5992 kB
PageTables:        11852 kB
NFS_Unstable:          0 kB
Bounce:                0 kB
WritebackTmp:          0 kB
CommitLimit:      949752 kB
Committed_AS:   13100040 kB
VmallocTotal:     245760 kB
VmallocUsed:       52828 kB
VmallocChunk:      75648 kB
1557661153.790130
MemTotal:        1899508 kB
MemFree:           47000 kB
Buffers:            1012 kB
Cached:           138556 kB
SwapCached:            0 kB
Active:          1513092 kB
Inactive:          70580 kB
Active(anon):    1446692 kB
Inactive(anon):     2448 kB
Active(file):      66400 kB
Inactive(file):    68132 kB
Unevictable:        1940 kB
Mlocked:               0 kB
HighTotal:       1158144 kB
HighFree:           1732 kB
LowTotal:         741364 kB
LowFree:           45268 kB
SwapTotal:             0 kB
SwapFree:              0 kB
Dirty:                 0 kB
Writeback:             0 kB
AnonPages:       1446224 kB
Mapped:           104496 kB
Shmem:              2828 kB
Slab:              33844 kB
SReclaimable:      12412 kB
SUnreclaim:        21432 kB
KernelStack:        5992 kB
PageTables:        11552 kB
NFS_Unstable:          0 kB
Bounce:                0 kB
WritebackTmp:          0 kB
CommitLimit:      949752 kB
Committed_AS:   12532424 kB
VmallocTotal:     245760 kB
VmallocUsed:       51808 kB
VmallocChunk:      75648 kB
1557661154.362685
MemTotal:        1899508 kB
MemFree:           41956 kB
Buffers:            1156 kB
Cached:           140712 kB
SwapCached:            0 kB
Active:          1517644 kB
Inactive:          71876 kB
Active(anon):    1450236 kB
Inactive(anon):     2444 kB
Active(file):      67408 kB
Inactive(file):    69432 kB
Unevictable:        1940 kB
Mlocked:               0 kB
HighTotal:       1158144 kB
HighFree:           1348 kB
LowTotal:         741364 kB
LowFree:           40608 kB
SwapTotal:             0 kB
SwapFree:              0 kB
Dirty:                72 kB
Writeback:             0 kB
AnonPages:       1449996 kB
Mapped:           105768 kB
Shmem:              2812 kB
Slab:              33832 kB
SReclaimable:      12412 kB
SUnreclaim:        21420 kB
KernelStack:        5928 kB
PageTables:        11512 kB
NFS_Unstable:          0 kB
Bounce:                0 kB
WritebackTmp:          0 kB
CommitLimit:      949752 kB
Committed_AS:   12531612 kB
VmallocTotal:     245760 kB
VmallocUsed:       51808 kB
VmallocChunk:      75648 kB
1557661154.966112
MemTotal:        1899508 kB
MemFree:           42344 kB
Buffers:            1104 kB
Cached:           137928 kB
SwapCached:            0 kB
Active:          1519640 kB
Inactive:          69640 kB
Active(anon):    1452628 kB
Inactive(anon):     2404 kB
Active(file):      67012 kB
Inactive(file):    67236 kB
Unevictable:        1940 kB
Mlocked:               0 kB
HighTotal:       1158144 kB
HighFree:           1612 kB
LowTotal:         741364 kB
LowFree:           40732 kB
SwapTotal:             0 kB
SwapFree:              0 kB
Dirty:               128 kB
Writeback:            12 kB
AnonPages:       1452324 kB
Mapped:           106720 kB
Shmem:              2776 kB
Slab:              33832 kB
SReclaimable:      12412 kB
SUnreclaim:        21420 kB
KernelStack:        5880 kB
PageTables:        11484 kB
NFS_Unstable:          0 kB
Bounce:                0 kB
WritebackTmp:          0 kB
CommitLimit:      949752 kB
Committed_AS:   12534792 kB
VmallocTotal:     245760 kB
VmallocUsed:       51808 kB
VmallocChunk:      75648 kB
1557661155.576748
MemTotal:        1899508 kB
MemFree:           39912 kB
Buffers:            1156 kB
Cached:           141408 kB
SwapCached:            0 kB
Active:          1519672 kB
Inactive:          72044 kB
Active(anon):    1451784 kB
Inactive(anon):     2444 kB
Active(file):      67888 kB
Inactive(file):    69600 kB
Unevictable:        1940 kB
Mlocked:               0 kB
HighTotal:       1158144 kB
HighFree:            440 kB
LowTotal:         741364 kB
LowFree:           39472 kB
SwapTotal:             0 kB
SwapFree:              0 kB
Dirty:                84 kB
Writeback:             0 kB
AnonPages:       1451552 kB
Mapped:           108168 kB
Shmem:              2816 kB
Slab:              33832 kB
SReclaimable:      12412 kB
SUnreclaim:        21420 kB
KernelStack:        5944 kB
PageTables:        11532 kB
NFS_Unstable:          0 kB
Bounce:                0 kB
WritebackTmp:          0 kB
CommitLimit:      949752 kB
Committed_AS:   12532380 kB
VmallocTotal:     245760 kB
VmallocUsed:       51808 kB
VmallocChunk:      75648 kB
1557661156.176970
MemTotal:        1899508 kB
MemFree:           41532 kB
Buffers:            1192 kB
Cached:           139268 kB
SwapCached:            0 kB
Active:          1521572 kB
Inactive:          66924 kB
Active(anon):    1450432 kB
Inactive(anon):     2476 kB
Active(file):      71140 kB
Inactive(file):    64448 kB
Unevictable:        1940 kB
Mlocked:               0 kB
HighTotal:       1158144 kB
HighFree:           1368 kB
LowTotal:         741364 kB
LowFree:           40164 kB
SwapTotal:             0 kB
SwapFree:              0 kB
Dirty:               212 kB
Writeback:             0 kB
AnonPages:       1450000 kB
Mapped:           107312 kB
Shmem:              2884 kB
Slab:              33816 kB
SReclaimable:      12404 kB
SUnreclaim:        21412 kB
KernelStack:        5928 kB
PageTables:        11404 kB
NFS_Unstable:          0 kB
Bounce:                0 kB
WritebackTmp:          0 kB
CommitLimit:      949752 kB
Committed_AS:   13189188 kB
VmallocTotal:     245760 kB
VmallocUsed:       52828 kB
VmallocChunk:      75648 kB
1557661156.761668
MemTotal:        1899508 kB
MemFree:           42324 kB
Buffers:            1064 kB
Cached:           136732 kB
SwapCached:            0 kB
Active:          1519796 kB
Inactive:          68800 kB
Active(anon):    1453540 kB
Inactive(anon):     2544 kB
Active(file):      66256 kB
Inactive(file):    66256 kB
Unevictable:        1940 kB
Mlocked:               0 kB
HighTotal:       1158144 kB
HighFree:           1772 kB
LowTotal:         741364 kB
LowFree:           40552 kB
SwapTotal:             0 kB
SwapFree:              0 kB
Dirty:               112 kB
Writeback:             0 kB
AnonPages:       1453436 kB
Mapped:           109600 kB
Shmem:              2984 kB
Slab:              33816 kB
SReclaimable:      12404 kB
SUnreclaim:        21412 kB
KernelStack:        5928 kB
PageTables:        11904 kB
NFS_Unstable:          0 kB
Bounce:                0 kB
WritebackTmp:          0 kB
CommitLimit:      949752 kB
Committed_AS:   13106376 kB
VmallocTotal:     245760 kB
VmallocUsed:       52828 kB
VmallocChunk:      75648 kB
1557661157.355653
MemTotal:        1899508 kB
MemFree:           40156 kB
Buffers:             992 kB
Cached:           130440 kB
SwapCached:            0 kB
Active:          1524852 kB
Inactive:          65652 kB
Active(anon):    1461520 kB
Inactive(anon):     2440 kB
Active(file):      63332 kB
Inactive(file):    63212 kB
Unevictable:        1940 kB
Mlocked:               0 kB
HighTotal:       1158144 kB
HighFree:            464 kB
LowTotal:         741364 kB
LowFree:           39692 kB
SwapTotal:             0 kB
SwapFree:              0 kB
Dirty:                 0 kB
Writeback:             0 kB
AnonPages:       1461400 kB
Mapped:           110924 kB
Shmem:              2812 kB
Slab:              33808 kB
SReclaimable:      12396 kB
SUnreclaim:        21412 kB
KernelStack:        6016 kB
PageTables:        11956 kB
NFS_Unstable:          0 kB
Bounce:                0 kB
WritebackTmp:          0 kB
CommitLimit:      949752 kB
Committed_AS:   13108180 kB
VmallocTotal:     245760 kB
VmallocUsed:       52828 kB
VmallocChunk:      75648 kB
1557661157.954389
MemTotal:        1899508 kB
MemFree:           40012 kB
Buffers:            1120 kB
Cached:           131208 kB
SwapCached:            0 kB
Active:          1524956 kB
Inactive:          67096 kB
Active(anon):    1461908 kB
Inactive(anon):     2440 kB
Active(file):      63048 kB
Inactive(file):    64656 kB
Unevictable:        1940 kB
Mlocked:               0 kB
HighTotal:       1158144 kB
HighFree:            412 kB
LowTotal:         741364 kB
LowFree:           39600 kB
SwapTotal:             0 kB
SwapFree:              0 kB
Dirty:                 0 kB
Writeback:             0 kB
AnonPages:       1461648 kB
Mapped:           112568 kB
Shmem:              2812 kB
Slab:              33808 kB
SReclaimable:      12396 kB
SUnreclaim:        21412 kB
KernelStack:        6016 kB
PageTables:        12156 kB
NFS_Unstable:          0 kB
Bounce:                0 kB
WritebackTmp:          0 kB
CommitLimit:      949752 kB
Committed_AS:   14329880 kB
VmallocTotal:     245760 kB
VmallocUsed:       52828 kB
VmallocChunk:      75648 kB
1557661158.529329
MemTotal:        1899508 kB
MemFree:           43672 kB
Buffers:             780 kB
Cached:           122876 kB
SwapCached:            0 kB
Active:          1524772 kB
Inactive:          61700 kB
Active(anon):    1465256 kB
Inactive(anon):     2444 kB
Active(file):      59516 kB
Inactive(file):    59256 kB
Unevictable:        1940 kB
Mlocked:               0 kB
HighTotal:       1158144 kB
HighFree:           2200 kB
LowTotal:         741364 kB
LowFree:           41472 kB
SwapTotal:             0 kB
SwapFree:              0 kB
Dirty:                 0 kB
Writeback:           100 kB
AnonPages:       1464892 kB
Mapped:           110224 kB
Shmem:              2816 kB
Slab:              33812 kB
SReclaimable:      12396 kB
SUnreclaim:        21416 kB
KernelStack:        6128 kB
PageTables:        11968 kB
NFS_Unstable:          0 kB
Bounce:                0 kB
WritebackTmp:          0 kB
CommitLimit:      949752 kB
Committed_AS:   13108660 kB
VmallocTotal:     245760 kB
VmallocUsed:       52828 kB
VmallocChunk:      75648 kB
1557661159.130407
MemTotal:        1899508 kB
MemFree:           52276 kB
Buffers:             880 kB
Cached:           126644 kB
SwapCached:            0 kB
Active:          1515412 kB
Inactive:          63496 kB
Active(anon):    1453776 kB
Inactive(anon):     2444 kB
Active(file):      61636 kB
Inactive(file):    61052 kB
Unevictable:        1940 kB
Mlocked:               0 kB
HighTotal:       1158144 kB
HighFree:           4400 kB
LowTotal:         741364 kB
LowFree:           47876 kB
SwapTotal:             0 kB
SwapFree:              0 kB
Dirty:                92 kB
Writeback:             0 kB
AnonPages:       1453568 kB
Mapped:           102512 kB
Shmem:              2860 kB
Slab:              33812 kB
SReclaimable:      12396 kB
SUnreclaim:        21416 kB
KernelStack:        5952 kB
PageTables:        11516 kB
NFS_Unstable:          0 kB
Bounce:                0 kB
WritebackTmp:          0 kB
CommitLimit:      949752 kB
Committed_AS:   12537520 kB
VmallocTotal:     245760 kB
VmallocUsed:       51808 kB
VmallocChunk:      75648 kB
1557661159.715618
MemTotal:        1899508 kB
MemFree:           55728 kB
Buffers:             880 kB
Cached:           126272 kB
SwapCached:            0 kB
Active:          1513004 kB
Inactive:          62600 kB
Active(anon):    1450836 kB
Inactive(anon):     2444 kB
Active(file):      62168 kB
Inactive(file):    60156 kB
Unevictable:        1940 kB
Mlocked:               0 kB
HighTotal:       1158144 kB
HighFree:           7316 kB
LowTotal:         741364 kB
LowFree:           48412 kB
SwapTotal:             0 kB
SwapFree:              0 kB
Dirty:                92 kB
Writeback:             0 kB
AnonPages:       1450716 kB
Mapped:           101068 kB
Shmem:              2860 kB
Slab:              33812 kB
SReclaimable:      12396 kB
SUnreclaim:        21416 kB
KernelStack:        5952 kB
PageTables:        11116 kB
NFS_Unstable:          0 kB
Bounce:                0 kB
WritebackTmp:          0 kB
CommitLimit:      949752 kB
Committed_AS:   11969700 kB
VmallocTotal:     245760 kB
VmallocUsed:       50788 kB
VmallocChunk:      75648 kB
1557661160.287724
MemTotal:        1899508 kB
MemFree:           53764 kB
Buffers:             896 kB
Cached:           125876 kB
SwapCached:            0 kB
Active:          1515404 kB
Inactive:          62532 kB
Active(anon):    1453420 kB
Inactive(anon):     2524 kB
Active(file):      61984 kB
Inactive(file):    60008 kB
Unevictable:        1940 kB
Mlocked:               0 kB
HighTotal:       1158144 kB
HighFree:           5424 kB
LowTotal:         741364 kB
LowFree:           48340 kB
SwapTotal:             0 kB
SwapFree:              0 kB
Dirty:               104 kB
Writeback:             0 kB
AnonPages:       1453208 kB
Mapped:           101856 kB
Shmem:              2936 kB
Slab:              33812 kB
SReclaimable:      12396 kB
SUnreclaim:        21416 kB
KernelStack:        5872 kB
PageTables:        11428 kB
NFS_Unstable:          0 kB
Bounce:                0 kB
WritebackTmp:          0 kB
CommitLimit:      949752 kB
Committed_AS:   12539924 kB
VmallocTotal:     245760 kB
VmallocUsed:       51808 kB
VmallocChunk:      75648 kB
1557661160.858612
MemTotal:        1899508 kB
MemFree:           51060 kB
Buffers:             896 kB
Cached:           127736 kB
SwapCached:            0 kB
Active:          1515852 kB
Inactive:          64172 kB
Active(anon):    1453924 kB
Inactive(anon):     2608 kB
Active(file):      61928 kB
Inactive(file):    61564 kB
Unevictable:        1940 kB
Mlocked:               0 kB
HighTotal:       1158144 kB
HighFree:           2984 kB
LowTotal:         741364 kB
LowFree:           48076 kB
SwapTotal:             0 kB
SwapFree:              0 kB
Dirty:               104 kB
Writeback:             0 kB
AnonPages:       1453580 kB
Mapped:           101732 kB
Shmem:              3060 kB
Slab:              33812 kB
SReclaimable:      12396 kB
SUnreclaim:        21416 kB
KernelStack:        6008 kB
PageTables:        11428 kB
NFS_Unstable:          0 kB
Bounce:                0 kB
WritebackTmp:          0 kB
CommitLimit:      949752 kB
Committed_AS:   12539940 kB
VmallocTotal:     245760 kB
VmallocUsed:       51808 kB
VmallocChunk:      75648 kB
1557661161.434193
MemTotal:        1899508 kB
MemFree:           51144 kB
Buffers:             900 kB
Cached:           131084 kB
SwapCached:            0 kB
Active:          1512876 kB
Inactive:          67448 kB
Active(anon):    1450864 kB
Inactive(anon):     2440 kB
Active(file):      62012 kB
Inactive(file):    65008 kB
Unevictable:        1940 kB
Mlocked:               0 kB
HighTotal:       1158144 kB
HighFree:           2720 kB
LowTotal:         741364 kB
LowFree:           48424 kB
SwapTotal:             0 kB
SwapFree:              0 kB
Dirty:               204 kB
Writeback:             0 kB
AnonPages:       1450452 kB
Mapped:           101664 kB
Shmem:              2808 kB
Slab:              33788 kB
SReclaimable:      12396 kB
SUnreclaim:        21392 kB
KernelStack:        5968 kB
PageTables:        11116 kB
NFS_Unstable:          0 kB
Bounce:                0 kB
WritebackTmp:          0 kB
CommitLimit:      949752 kB
Committed_AS:   11969096 kB
VmallocTotal:     245760 kB
VmallocUsed:       50788 kB
VmallocChunk:      75648 kB
1557661162.002470
MemTotal:        1899508 kB
MemFree:           41072 kB
Buffers:            1168 kB
Cached:           130208 kB
SwapCached:            0 kB
Active:          1524652 kB
Inactive:          65772 kB
Active(anon):    1461240 kB
Inactive(anon):     2528 kB
Active(file):      63412 kB
Inactive(file):    63244 kB
Unevictable:        1940 kB
Mlocked:               0 kB
HighTotal:       1158144 kB
HighFree:            792 kB
LowTotal:         741364 kB
LowFree:           40280 kB
SwapTotal:             0 kB
SwapFree:              0 kB
Dirty:               244 kB
Writeback:             0 kB
AnonPages:       1460960 kB
Mapped:           103472 kB
Shmem:              2860 kB
Slab:              33784 kB
SReclaimable:      12388 kB
SUnreclaim:        21396 kB
KernelStack:        6096 kB
PageTables:        11968 kB
NFS_Unstable:          0 kB
Bounce:                0 kB
WritebackTmp:          0 kB
CommitLimit:      949752 kB
Committed_AS:   13108876 kB
VmallocTotal:     245760 kB
VmallocUsed:       52828 kB
VmallocChunk:      75648 kB
1557661162.663317
MemTotal:        1899508 kB
MemFree:           39900 kB
Buffers:            1084 kB
Cached:           129352 kB
SwapCached:            0 kB
Active:          1526384 kB
Inactive:          65884 kB
Active(anon):    1464312 kB
Inactive(anon):     2528 kB
Active(file):      62072 kB
Inactive(file):    63356 kB
Unevictable:        1940 kB
Mlocked:               0 kB
HighTotal:       1158144 kB
HighFree:            404 kB
LowTotal:         741364 kB
LowFree:           39496 kB
SwapTotal:             0 kB
SwapFree:              0 kB
Dirty:                44 kB
Writeback:           200 kB
AnonPages:       1464120 kB
Mapped:           103096 kB
Shmem:              2860 kB
Slab:              33784 kB
SReclaimable:      12388 kB
SUnreclaim:        21396 kB
KernelStack:        6096 kB
PageTables:        12168 kB
NFS_Unstable:          0 kB
Bounce:                0 kB
WritebackTmp:          0 kB
CommitLimit:      949752 kB
Committed_AS:   13112676 kB
VmallocTotal:     245760 kB
VmallocUsed:       52828 kB
VmallocChunk:      75648 kB
1557661163.298008
MemTotal:        1899508 kB
MemFree:           41164 kB
Buffers:            1048 kB
Cached:           124944 kB
SwapCached:            0 kB
Active:          1527580 kB
Inactive:          61776 kB
Active(anon):    1465816 kB
Inactive(anon):     2440 kB
Active(file):      61764 kB
Inactive(file):    59336 kB
Unevictable:        1940 kB
Mlocked:               0 kB
HighTotal:       1158144 kB
HighFree:            868 kB
LowTotal:         741364 kB
LowFree:           40296 kB
SwapTotal:             0 kB
SwapFree:              0 kB
Dirty:               124 kB
Writeback:             0 kB
AnonPages:       1465324 kB
Mapped:           102964 kB
Shmem:              2812 kB
Slab:              33776 kB
SReclaimable:      12388 kB
SUnreclaim:        21388 kB
KernelStack:        6056 kB
PageTables:        12168 kB
NFS_Unstable:          0 kB
Bounce:                0 kB
WritebackTmp:          0 kB
CommitLimit:      949752 kB
Committed_AS:   13111720 kB
VmallocTotal:     245760 kB
VmallocUsed:       52828 kB
VmallocChunk:      75648 kB
1557661163.876656
MemTotal:        1899508 kB
MemFree:           40316 kB
Buffers:             992 kB
Cached:           123104 kB
SwapCached:            0 kB
Active:          1529820 kB
Inactive:          62072 kB
Active(anon):    1470336 kB
Inactive(anon):     2440 kB
Active(file):      59484 kB
Inactive(file):    59632 kB
Unevictable:        1940 kB
Mlocked:               0 kB
HighTotal:       1158144 kB
HighFree:            484 kB
LowTotal:         741364 kB
LowFree:           39832 kB
SwapTotal:             0 kB
SwapFree:              0 kB
Dirty:                24 kB
Writeback:             0 kB
AnonPages:       1469960 kB
Mapped:           102536 kB
Shmem:              2812 kB
Slab:              33776 kB
SReclaimable:      12388 kB
SUnreclaim:        21388 kB
KernelStack:        6056 kB
PageTables:        12168 kB
NFS_Unstable:          0 kB
Bounce:                0 kB
WritebackTmp:          0 kB
CommitLimit:      949752 kB
Committed_AS:   13112924 kB
VmallocTotal:     245760 kB
VmallocUsed:       52828 kB
VmallocChunk:      75648 kB
1557661164.486933
MemTotal:        1899508 kB
MemFree:           41804 kB
Buffers:             680 kB
Cached:           116728 kB
SwapCached:            0 kB
Active:          1528788 kB
Inactive:          59496 kB
Active(anon):    1473348 kB
Inactive(anon):     2436 kB
Active(file):      55440 kB
Inactive(file):    57060 kB
Unevictable:        1940 kB
Mlocked:               0 kB
HighTotal:       1158144 kB
HighFree:           1644 kB
LowTotal:         741364 kB
LowFree:           40160 kB
SwapTotal:             0 kB
SwapFree:              0 kB
Dirty:                 0 kB
Writeback:             0 kB
AnonPages:       1473184 kB
Mapped:           103188 kB
Shmem:              2808 kB
Slab:              33740 kB
SReclaimable:      12364 kB
SUnreclaim:        21376 kB
KernelStack:        6096 kB
PageTables:        12556 kB
NFS_Unstable:          0 kB
Bounce:                0 kB
WritebackTmp:          0 kB
CommitLimit:      949752 kB
Committed_AS:   14337320 kB
VmallocTotal:     245760 kB
VmallocUsed:       53848 kB
VmallocChunk:      75648 kB
1557661165.060867
MemTotal:        1899508 kB
MemFree:           42252 kB
Buffers:             712 kB
Cached:           119732 kB
SwapCached:            0 kB
Active:          1531484 kB
Inactive:          57184 kB
Active(anon):    1470772 kB
Inactive(anon):     2528 kB
Active(file):      60712 kB
Inactive(file):    54656 kB
Unevictable:        1940 kB
Mlocked:               0 kB
HighTotal:       1158144 kB
HighFree:           1416 kB
LowTotal:         741364 kB
LowFree:           40836 kB
SwapTotal:             0 kB
SwapFree:              0 kB
Dirty:                 0 kB
Writeback:             0 kB
AnonPages:       1470340 kB
Mapped:           102976 kB
Shmem:              2860 kB
Slab:              33740 kB
SReclaimable:      12364 kB
SUnreclaim:        21376 kB
KernelStack:        6112 kB
PageTables:        11796 kB
NFS_Unstable:          0 kB
Bounce:                0 kB
WritebackTmp:          0 kB
CommitLimit:      949752 kB
Committed_AS:   12547876 kB
VmallocTotal:     245760 kB
VmallocUsed:       51808 kB
VmallocChunk:      75648 kB
1557661165.679427
MemTotal:        1899508 kB
MemFree:           41708 kB
Buffers:             696 kB
Cached:           116484 kB
SwapCached:            0 kB
Active:          1532884 kB
Inactive:          55800 kB
Active(anon):    1473976 kB
Inactive(anon):     2460 kB
Active(file):      58908 kB
Inactive(file):    53340 kB
Unevictable:        1940 kB
Mlocked:               0 kB
HighTotal:       1158144 kB
HighFree:           1596 kB
LowTotal:         741364 kB
LowFree:           40112 kB
SwapTotal:             0 kB
SwapFree:              0 kB
Dirty:                 0 kB
Writeback:             0 kB
AnonPages:       1473832 kB
Mapped:           102852 kB
Shmem:              2760 kB
Slab:              33740 kB
SReclaimable:      12364 kB
SUnreclaim:        21376 kB
KernelStack:        6112 kB
PageTables:        12196 kB
NFS_Unstable:          0 kB
Bounce:                0 kB
WritebackTmp:          0 kB
CommitLimit:      949752 kB
Committed_AS:   13770340 kB
VmallocTotal:     245760 kB
VmallocUsed:       52828 kB
VmallocChunk:      75648 kB
1557661166.262527
MemTotal:        1899508 kB
MemFree:           40672 kB
Buffers:             652 kB
Cached:           114412 kB
SwapCached:            0 kB
Active:          1535148 kB
Inactive:          55164 kB
Active(anon):    1477772 kB
Inactive(anon):     2604 kB
Active(file):      57376 kB
Inactive(file):    52560 kB
Unevictable:        1940 kB
Mlocked:               0 kB
HighTotal:       1158144 kB
HighFree:            600 kB
LowTotal:         741364 kB
LowFree:           40072 kB
SwapTotal:             0 kB
SwapFree:              0 kB
Dirty:                 0 kB
Writeback:             0 kB
AnonPages:       1477548 kB
Mapped:           103056 kB
Shmem:              2932 kB
Slab:              33740 kB
SReclaimable:      12364 kB
SUnreclaim:        21376 kB
KernelStack:        6136 kB
PageTables:        12216 kB
NFS_Unstable:          0 kB
Bounce:                0 kB
WritebackTmp:          0 kB
CommitLimit:      949752 kB
Committed_AS:   13117832 kB
VmallocTotal:     245760 kB
VmallocUsed:       52828 kB
VmallocChunk:      75648 kB
1557661166.844246
MemTotal:        1899508 kB
MemFree:           40472 kB
Buffers:             668 kB
Cached:           112708 kB
SwapCached:            0 kB
Active:          1535580 kB
Inactive:          54108 kB
Active(anon):    1478780 kB
Inactive(anon):     2436 kB
Active(file):      56800 kB
Inactive(file):    51672 kB
Unevictable:        1940 kB
Mlocked:               0 kB
HighTotal:       1158144 kB
HighFree:            652 kB
LowTotal:         741364 kB
LowFree:           39820 kB
SwapTotal:             0 kB
SwapFree:              0 kB
Dirty:                 0 kB
Writeback:             0 kB
AnonPages:       1478416 kB
Mapped:           103508 kB
Shmem:              2932 kB
Slab:              33740 kB
SReclaimable:      12364 kB
SUnreclaim:        21376 kB
KernelStack:        6136 kB
PageTables:        12216 kB
NFS_Unstable:          0 kB
Bounce:                0 kB
WritebackTmp:          0 kB
CommitLimit:      949752 kB
Committed_AS:   13112196 kB
VmallocTotal:     245760 kB
VmallocUsed:       52828 kB
VmallocChunk:      75648 kB
1557661167.427298
MemTotal:        1899508 kB
MemFree:           46032 kB
Buffers:             668 kB
Cached:           111576 kB
SwapCached:            0 kB
Active:          1528368 kB
Inactive:          56576 kB
Active(anon):    1475176 kB
Inactive(anon):     2440 kB
Active(file):      53192 kB
Inactive(file):    54136 kB
Unevictable:        1940 kB
Mlocked:               0 kB
HighTotal:       1158144 kB
HighFree:           1808 kB
LowTotal:         741364 kB
LowFree:           44224 kB
SwapTotal:             0 kB
SwapFree:              0 kB
Dirty:               100 kB
Writeback:             0 kB
AnonPages:       1474948 kB
Mapped:           102016 kB
Shmem:              2812 kB
Slab:              33740 kB
SReclaimable:      12364 kB
SUnreclaim:        21376 kB
KernelStack:        6088 kB
PageTables:        11804 kB
NFS_Unstable:          0 kB
Bounce:                0 kB
WritebackTmp:          0 kB
CommitLimit:      949752 kB
Committed_AS:   12542668 kB
VmallocTotal:     245760 kB
VmallocUsed:       51808 kB
VmallocChunk:      75648 kB
1557661168.006103
MemTotal:        1899508 kB
MemFree:           46208 kB
Buffers:             752 kB
Cached:           110136 kB
SwapCached:            0 kB
Active:          1528432 kB
Inactive:          56556 kB
Active(anon):    1476432 kB
Inactive(anon):     2440 kB
Active(file):      52000 kB
Inactive(file):    54116 kB
Unevictable:        1940 kB
Mlocked:               0 kB
HighTotal:       1158144 kB
HighFree:           1752 kB
LowTotal:         741364 kB
LowFree:           44456 kB
SwapTotal:             0 kB
SwapFree:              0 kB
Dirty:               100 kB
Writeback:             0 kB
AnonPages:       1476180 kB
Mapped:           101892 kB
Shmem:              2820 kB
Slab:              33740 kB
SReclaimable:      12364 kB
SUnreclaim:        21376 kB
KernelStack:        6032 kB
PageTables:        11732 kB
NFS_Unstable:          0 kB
Bounce:                0 kB
WritebackTmp:          0 kB
CommitLimit:      949752 kB
Committed_AS:   12543032 kB
VmallocTotal:     245760 kB
VmallocUsed:       51808 kB
VmallocChunk:      75648 kB
1557661168.586548
MemTotal:        1899508 kB
MemFree:           40016 kB
Buffers:             688 kB
Cached:           116144 kB
SwapCached:            0 kB
Active:          1529068 kB
Inactive:          61644 kB
Active(anon):    1476712 kB
Inactive(anon):     2580 kB
Active(file):      52356 kB
Inactive(file):    59064 kB
Unevictable:        1940 kB
Mlocked:               0 kB
HighTotal:       1158144 kB
HighFree:            440 kB
LowTotal:         741364 kB
LowFree:           39576 kB
SwapTotal:             0 kB
SwapFree:              0 kB
Dirty:               100 kB
Writeback:             0 kB
AnonPages:       1476404 kB
Mapped:           102120 kB
Shmem:              2924 kB
Slab:              33688 kB
SReclaimable:      12364 kB
SUnreclaim:        21324 kB
KernelStack:        6048 kB
PageTables:        12168 kB
NFS_Unstable:          0 kB
Bounce:                0 kB
WritebackTmp:          0 kB
CommitLimit:      949752 kB
Committed_AS:   13110524 kB
VmallocTotal:     245760 kB
VmallocUsed:       52828 kB
VmallocChunk:      75648 kB
1557661169.164645
MemTotal:        1899508 kB
MemFree:           40260 kB
Buffers:             756 kB
Cached:           115660 kB
SwapCached:            0 kB
Active:          1532224 kB
Inactive:          59452 kB
Active(anon):    1477708 kB
Inactive(anon):     2508 kB
Active(file):      54516 kB
Inactive(file):    56944 kB
Unevictable:        1940 kB
Mlocked:               0 kB
HighTotal:       1158144 kB
HighFree:            512 kB
LowTotal:         741364 kB
LowFree:           39748 kB
SwapTotal:             0 kB
SwapFree:              0 kB
Dirty:                 0 kB
Writeback:             0 kB
AnonPages:       1477552 kB
Mapped:           103192 kB
Shmem:              2844 kB
Slab:              33680 kB
SReclaimable:      12356 kB
SUnreclaim:        21324 kB
KernelStack:        6128 kB
PageTables:        12144 kB
NFS_Unstable:          0 kB
Bounce:                0 kB
WritebackTmp:          0 kB
CommitLimit:      949752 kB
Committed_AS:   13109548 kB
VmallocTotal:     245760 kB
VmallocUsed:       52828 kB
VmallocChunk:      75648 kB
1557661169.749800
MemTotal:        1899508 kB
MemFree:           42348 kB
Buffers:             688 kB
Cached:           112448 kB
SwapCached:            0 kB
Active:          1533960 kB
Inactive:          54668 kB
Active(anon):    1477888 kB
Inactive(anon):     2508 kB
Active(file):      56072 kB
Inactive(file):    52160 kB
Unevictable:        1940 kB
Mlocked:               0 kB
HighTotal:       1158144 kB
HighFree:           1796 kB
LowTotal:         741364 kB
LowFree:           40552 kB
SwapTotal:             0 kB
SwapFree:              0 kB
Dirty:                 0 kB
Writeback:             0 kB
AnonPages:       1477648 kB
Mapped:           103744 kB
Shmem:              2844 kB
Slab:              33680 kB
SReclaimable:      12356 kB
SUnreclaim:        21324 kB
KernelStack:        6128 kB
PageTables:        11744 kB
NFS_Unstable:          0 kB
Bounce:                0 kB
WritebackTmp:          0 kB
CommitLimit:      949752 kB
Committed_AS:   12542520 kB
VmallocTotal:     245760 kB
VmallocUsed:       51808 kB
VmallocChunk:      75648 kB
1557661170.324505
MemTotal:        1899508 kB
MemFree:           43736 kB
Buffers:             632 kB
Cached:           111728 kB
SwapCached:            0 kB
Active:          1533396 kB
Inactive:          53932 kB
Active(anon):    1477236 kB
Inactive(anon):     2528 kB
Active(file):      56160 kB
Inactive(file):    51404 kB
Unevictable:        1940 kB
Mlocked:               0 kB
HighTotal:       1158144 kB
HighFree:           2404 kB
LowTotal:         741364 kB
LowFree:           41332 kB
SwapTotal:             0 kB
SwapFree:              0 kB
Dirty:                 0 kB
Writeback:             0 kB
AnonPages:       1476716 kB
Mapped:            99612 kB
Shmem:              2860 kB
Slab:              33664 kB
SReclaimable:      12356 kB
SUnreclaim:        21308 kB
KernelStack:        6120 kB
PageTables:        11776 kB
NFS_Unstable:          0 kB
Bounce:                0 kB
WritebackTmp:          0 kB
CommitLimit:      949752 kB
Committed_AS:   11978148 kB
VmallocTotal:     245760 kB
VmallocUsed:       51808 kB
VmallocChunk:      75648 kB
1557661170.892092
MemTotal:        1899508 kB
MemFree:           44988 kB
Buffers:             668 kB
Cached:           110148 kB
SwapCached:            0 kB
Active:          1533876 kB
Inactive:          51888 kB
Active(anon):    1477320 kB
Inactive(anon):     2528 kB
Active(file):      56556 kB
Inactive(file):    49360 kB
Unevictable:        1940 kB
Mlocked:               0 kB
HighTotal:       1158144 kB
HighFree:           3168 kB
LowTotal:         741364 kB
LowFree:           41820 kB
SwapTotal:             0 kB
SwapFree:              0 kB
Dirty:                 0 kB
Writeback:             0 kB
AnonPages:       1477164 kB
Mapped:            99936 kB
Shmem:              2860 kB
Slab:              33664 kB
SReclaimable:      12356 kB
SUnreclaim:        21308 kB
KernelStack:        6120 kB
PageTables:        11376 kB
NFS_Unstable:          0 kB
Bounce:                0 kB
WritebackTmp:          0 kB
CommitLimit:      949752 kB
Committed_AS:   11975888 kB
VmallocTotal:     245760 kB
VmallocUsed:       50788 kB
VmallocChunk:      75648 kB
1557661171.463797
MemTotal:        1899508 kB
MemFree:           43348 kB
Buffers:             672 kB
Cached:           111292 kB
SwapCached:            0 kB
Active:          1534804 kB
Inactive:          53472 kB
Active(anon):    1478724 kB
Inactive(anon):     2440 kB
Active(file):      56080 kB
Inactive(file):    51032 kB
Unevictable:        1940 kB
Mlocked:               0 kB
HighTotal:       1158144 kB
HighFree:           1768 kB
LowTotal:         741364 kB
LowFree:           41580 kB
SwapTotal:             0 kB
SwapFree:              0 kB
Dirty:               160 kB
Writeback:             0 kB
AnonPages:       1478408 kB
Mapped:           100140 kB
Shmem:              2812 kB
Slab:              33664 kB
SReclaimable:      12356 kB
SUnreclaim:        21308 kB
KernelStack:        6048 kB
PageTables:        11768 kB
NFS_Unstable:          0 kB
Bounce:                0 kB
WritebackTmp:          0 kB
CommitLimit:      949752 kB
Committed_AS:   13198940 kB
VmallocTotal:     245760 kB
VmallocUsed:       51808 kB
VmallocChunk:      75648 kB
1557661172.042063
MemTotal:        1899508 kB
MemFree:           42656 kB
Buffers:             672 kB
Cached:           110464 kB
SwapCached:            0 kB
Active:          1536100 kB
Inactive:          53068 kB
Active(anon):    1480488 kB
Inactive(anon):     2548 kB
Active(file):      55612 kB
Inactive(file):    50520 kB
Unevictable:        1940 kB
Mlocked:               0 kB
HighTotal:       1158144 kB
HighFree:           1720 kB
LowTotal:         741364 kB
LowFree:           40936 kB
SwapTotal:             0 kB
SwapFree:              0 kB
Dirty:               172 kB
Writeback:             0 kB
AnonPages:       1480152 kB
Mapped:           100928 kB
Shmem:              2940 kB
Slab:              33664 kB
SReclaimable:      12356 kB
SUnreclaim:        21308 kB
KernelStack:        6048 kB
PageTables:        11796 kB
NFS_Unstable:          0 kB
Bounce:                0 kB
WritebackTmp:          0 kB
CommitLimit:      949752 kB
Committed_AS:   12548296 kB
VmallocTotal:     245760 kB
VmallocUsed:       51808 kB
VmallocChunk:      75648 kB
1557661172.610248
MemTotal:        1899508 kB
MemFree:           40616 kB
Buffers:             564 kB
Cached:           109644 kB
SwapCached:            0 kB
Active:          1535592 kB
Inactive:          54896 kB
Active(anon):    1482828 kB
Inactive(anon):     2548 kB
Active(file):      52764 kB
Inactive(file):    52348 kB
Unevictable:        1940 kB
Mlocked:               0 kB
HighTotal:       1158144 kB
HighFree:            688 kB
LowTotal:         741364 kB
LowFree:           39928 kB
SwapTotal:             0 kB
SwapFree:              0 kB
Dirty:                72 kB
Writeback:             0 kB
AnonPages:       1482672 kB
Mapped:           100484 kB
Shmem:              2940 kB
Slab:              33664 kB
SReclaimable:      12356 kB
SUnreclaim:        21308 kB
KernelStack:        6048 kB
PageTables:        12196 kB
NFS_Unstable:          0 kB
Bounce:                0 kB
WritebackTmp:          0 kB
CommitLimit:      949752 kB
Committed_AS:   13770132 kB
VmallocTotal:     245760 kB
VmallocUsed:       52828 kB
VmallocChunk:      75648 kB
1557661173.192190
MemTotal:        1899508 kB
MemFree:           40140 kB
Buffers:             524 kB
Cached:           108264 kB
SwapCached:            0 kB
Active:          1535688 kB
Inactive:          54404 kB
Active(anon):    1483752 kB
Inactive(anon):     2544 kB
Active(file):      51936 kB
Inactive(file):    51860 kB
Unevictable:        1940 kB
Mlocked:               0 kB
HighTotal:       1158144 kB
HighFree:            656 kB
LowTotal:         741364 kB
LowFree:           39484 kB
SwapTotal:             0 kB
SwapFree:              0 kB
Dirty:                 0 kB
Writeback:             0 kB
