MemTotal:         482068 kB
MemFree:           97168 kB
Buffers:             788 kB
Cached:            84916 kB
SwapCached:            0 kB
Active:           247752 kB
Inactive:          53740 kB
Active(anon):     216556 kB
Inactive(anon):      884 kB
Active(file):      31196 kB
Inactive(file):    52856 kB
Unevictable:        1256 kB
Mlocked:               0 kB
HighTotal:             0 kB
HighFree:              0 kB
LowTotal:         482068 kB
LowFree:           97168 kB
SwapTotal:             0 kB
SwapFree:              0 kB
Dirty:                 0 kB
Writeback:             0 kB
AnonPages:        217184 kB
Mapped:            42684 kB
Shmem:               344 kB
Slab:              22120 kB
SReclaimable:       5004 kB
SUnreclaim:        17116 kB
KernelStack:        5056 kB
PageTables:         6584 kB
NFS_Unstable:          0 kB
Bounce:                0 kB
WritebackTmp:          0 kB
CommitLimit:      241032 kB
Committed_AS:    3727176 kB
VmallocTotal:     507904 kB
VmallocUsed:      107828 kB
VmallocChunk:     112576 kB
1557585714.000000
MemTotal:         482068 kB
MemFree:           83772 kB
Buffers:             920 kB
Cached:            88388 kB
SwapCached:            0 kB
Active:           255984 kB
Inactive:          57160 kB
Active(anon):     224544 kB
Inactive(anon):      884 kB
Active(file):      31440 kB
Inactive(file):    56276 kB
Unevictable:        1256 kB
Mlocked:               0 kB
HighTotal:             0 kB
HighFree:              0 kB
LowTotal:         482068 kB
LowFree:           83772 kB
SwapTotal:             0 kB
SwapFree:              0 kB
Dirty:                80 kB
Writeback:             0 kB
AnonPages:        225144 kB
Mapped:            49828 kB
Shmem:               344 kB
Slab:              22124 kB
SReclaimable:       5004 kB
SUnreclaim:        17120 kB
KernelStack:        5200 kB
PageTables:         6620 kB
NFS_Unstable:          0 kB
Bounce:                0 kB
WritebackTmp:          0 kB
CommitLimit:      241032 kB
Committed_AS:    3736868 kB
VmallocTotal:     507904 kB
VmallocUsed:      109496 kB
VmallocChunk:     112576 kB
1557585715.000000
MemTotal:         482068 kB
MemFree:           69440 kB
Buffers:             956 kB
Cached:            91724 kB
SwapCached:            0 kB
Active:           266612 kB
Inactive:          60388 kB
Active(anon):     235120 kB
Inactive(anon):      884 kB
Active(file):      31492 kB
Inactive(file):    59504 kB
Unevictable:        1256 kB
Mlocked:               0 kB
HighTotal:             0 kB
HighFree:              0 kB
LowTotal:         482068 kB
LowFree:           69440 kB
SwapTotal:             0 kB
SwapFree:              0 kB
Dirty:               104 kB
Writeback:             0 kB
AnonPages:        235656 kB
Mapped:            55652 kB
Shmem:               344 kB
Slab:              22124 kB
SReclaimable:       5004 kB
SUnreclaim:        17120 kB
KernelStack:        5312 kB
PageTables:         6744 kB
NFS_Unstable:          0 kB
Bounce:                0 kB
WritebackTmp:          0 kB
CommitLimit:      241032 kB
Committed_AS:    3748524 kB
VmallocTotal:     507904 kB
VmallocUsed:      109648 kB
VmallocChunk:     112576 kB
1557585716.000000
MemTotal:         482068 kB
MemFree:           62532 kB
Buffers:             972 kB
Cached:            94556 kB
SwapCached:            0 kB
Active:           271300 kB
Inactive:          62604 kB
Active(anon):     239068 kB
Inactive(anon):      884 kB
Active(file):      32232 kB
Inactive(file):    61720 kB
Unevictable:        1256 kB
Mlocked:               0 kB
HighTotal:             0 kB
HighFree:              0 kB
LowTotal:         482068 kB
LowFree:           62532 kB
SwapTotal:             0 kB
SwapFree:              0 kB
Dirty:                 0 kB
Writeback:             0 kB
AnonPages:        239672 kB
Mapped:            58636 kB
Shmem:               344 kB
Slab:              22116 kB
SReclaimable:       5004 kB
SUnreclaim:        17112 kB
KernelStack:        5336 kB
PageTables:         6784 kB
NFS_Unstable:          0 kB
Bounce:                0 kB
WritebackTmp:          0 kB
CommitLimit:      241032 kB
Committed_AS:    3753588 kB
VmallocTotal:     507904 kB
VmallocUsed:      109648 kB
VmallocChunk:     112576 kB
1557585717.000000
MemTotal:         482068 kB
MemFree:           50868 kB
Buffers:             984 kB
Cached:            96140 kB
SwapCached:            0 kB
Active:           279188 kB
Inactive:          64064 kB
Active(anon):     246872 kB
Inactive(anon):      884 kB
Active(file):      32316 kB
Inactive(file):    63180 kB
Unevictable:        1256 kB
Mlocked:               0 kB
HighTotal:             0 kB
HighFree:              0 kB
LowTotal:         482068 kB
LowFree:           50868 kB
SwapTotal:             0 kB
SwapFree:              0 kB
Dirty:                 4 kB
Writeback:             0 kB
AnonPages:        247492 kB
Mapped:            64380 kB
Shmem:               344 kB
Slab:              22392 kB
SReclaimable:       5160 kB
SUnreclaim:        17232 kB
KernelStack:        5440 kB
PageTables:         6748 kB
NFS_Unstable:          0 kB
Bounce:                0 kB
WritebackTmp:          0 kB
CommitLimit:      241032 kB
Committed_AS:    3761080 kB
VmallocTotal:     507904 kB
VmallocUsed:      112024 kB
VmallocChunk:     112576 kB
1557585718.000000
MemTotal:         482068 kB
MemFree:           41736 kB
Buffers:             992 kB
Cached:            97756 kB
SwapCached:            0 kB
Active:           286836 kB
Inactive:          65004 kB
Active(anon):     253876 kB
Inactive(anon):      892 kB
Active(file):      32960 kB
Inactive(file):    64112 kB
Unevictable:        1256 kB
Mlocked:               0 kB
HighTotal:             0 kB
HighFree:              0 kB
LowTotal:         482068 kB
LowFree:           41736 kB
SwapTotal:             0 kB
SwapFree:              0 kB
Dirty:               144 kB
Writeback:             0 kB
AnonPages:        254476 kB
Mapped:            66456 kB
Shmem:               352 kB
Slab:              22388 kB
SReclaimable:       5216 kB
SUnreclaim:        17172 kB
KernelStack:        5528 kB
PageTables:         6796 kB
NFS_Unstable:          0 kB
Bounce:                0 kB
WritebackTmp:          0 kB
CommitLimit:      241032 kB
Committed_AS:    3770896 kB
VmallocTotal:     507904 kB
VmallocUsed:      112024 kB
VmallocChunk:     112576 kB
1557585718.000000
MemTotal:         482068 kB
MemFree:           30808 kB
Buffers:             992 kB
Cached:            98668 kB
SwapCached:            0 kB
Active:           295516 kB
Inactive:          65924 kB
Active(anon):     262496 kB
Inactive(anon):      900 kB
Active(file):      33020 kB
Inactive(file):    65024 kB
Unevictable:        1256 kB
Mlocked:               0 kB
HighTotal:             0 kB
HighFree:              0 kB
LowTotal:         482068 kB
LowFree:           30808 kB
SwapTotal:             0 kB
SwapFree:              0 kB
Dirty:               176 kB
Writeback:             0 kB
AnonPages:        263012 kB
Mapped:            69388 kB
Shmem:               360 kB
Slab:              22428 kB
SReclaimable:       5216 kB
SUnreclaim:        17212 kB
KernelStack:        5528 kB
PageTables:         6812 kB
NFS_Unstable:          0 kB
Bounce:                0 kB
WritebackTmp:          0 kB
CommitLimit:      241032 kB
Committed_AS:    3779904 kB
VmallocTotal:     507904 kB
VmallocUsed:      113528 kB
VmallocChunk:     112576 kB
1557585719.000000
MemTotal:         482068 kB
MemFree:           24924 kB
Buffers:             992 kB
Cached:           100176 kB
SwapCached:            0 kB
Active:           299908 kB
Inactive:          67304 kB
Active(anon):     266760 kB
Inactive(anon):      900 kB
Active(file):      33148 kB
Inactive(file):    66404 kB
Unevictable:        1256 kB
Mlocked:               0 kB
HighTotal:             0 kB
HighFree:              0 kB
LowTotal:         482068 kB
LowFree:           24924 kB
SwapTotal:             0 kB
SwapFree:              0 kB
Dirty:               136 kB
Writeback:             0 kB
AnonPages:        267384 kB
Mapped:            70704 kB
Shmem:               360 kB
Slab:              22452 kB
SReclaimable:       5216 kB
SUnreclaim:        17236 kB
KernelStack:        5576 kB
PageTables:         6856 kB
NFS_Unstable:          0 kB
Bounce:                0 kB
WritebackTmp:          0 kB
CommitLimit:      241032 kB
Committed_AS:    3784488 kB
VmallocTotal:     507904 kB
VmallocUsed:      113528 kB
VmallocChunk:     112576 kB
1557585720.000000
MemTotal:         482068 kB
MemFree:           12504 kB
Buffers:            1092 kB
Cached:           105464 kB
SwapCached:            0 kB
Active:           306924 kB
Inactive:          71964 kB
Active(anon):     273140 kB
Inactive(anon):      900 kB
Active(file):      33784 kB
Inactive(file):    71064 kB
Unevictable:        1256 kB
Mlocked:               0 kB
HighTotal:             0 kB
HighFree:              0 kB
LowTotal:         482068 kB
LowFree:           12504 kB
SwapTotal:             0 kB
SwapFree:              0 kB
Dirty:               812 kB
Writeback:             0 kB
AnonPages:        273816 kB
Mapped:            71376 kB
Shmem:               360 kB
Slab:              22456 kB
SReclaimable:       5228 kB
SUnreclaim:        17228 kB
KernelStack:        5624 kB
PageTables:         7076 kB
NFS_Unstable:          0 kB
Bounce:                0 kB
WritebackTmp:          0 kB
CommitLimit:      241032 kB
Committed_AS:    3903604 kB
VmallocTotal:     507904 kB
VmallocUsed:      115572 kB
VmallocChunk:     112576 kB
1557585721.000000
MemTotal:         482068 kB
MemFree:            3612 kB
Buffers:             744 kB
Cached:            92864 kB
SwapCached:            0 kB
Active:           330156 kB
Inactive:          43752 kB
Active(anon):     281512 kB
Inactive(anon):     3316 kB
Active(file):      48644 kB
Inactive(file):    40436 kB
Unevictable:        2032 kB
Mlocked:            6200 kB
HighTotal:             0 kB
HighFree:              0 kB
LowTotal:         482068 kB
LowFree:            3612 kB
SwapTotal:             0 kB
SwapFree:              0 kB
Dirty:               628 kB
Writeback:             0 kB
AnonPages:        282340 kB
Mapped:            87652 kB
Shmem:              3296 kB
Slab:              23000 kB
SReclaimable:       5072 kB
SUnreclaim:        17928 kB
KernelStack:        5776 kB
PageTables:         7280 kB
NFS_Unstable:          0 kB
Bounce:                0 kB
WritebackTmp:          0 kB
CommitLimit:      241032 kB
Committed_AS:    3918360 kB
VmallocTotal:     507904 kB
VmallocUsed:      128508 kB
VmallocChunk:     112576 kB
1557585723.000000
MemTotal:         482068 kB
MemFree:            4076 kB
Buffers:             592 kB
Cached:            89088 kB
SwapCached:            0 kB
Active:           334564 kB
Inactive:          39736 kB
Active(anon):     286016 kB
Inactive(anon):     3276 kB
Active(file):      48548 kB
Inactive(file):    36460 kB
Unevictable:        2032 kB
Mlocked:            6180 kB
HighTotal:             0 kB
HighFree:              0 kB
LowTotal:         482068 kB
LowFree:            4076 kB
SwapTotal:             0 kB
SwapFree:              0 kB
Dirty:               660 kB
Writeback:             0 kB
AnonPages:        286736 kB
Mapped:            87740 kB
Shmem:              3296 kB
Slab:              22388 kB
SReclaimable:       5072 kB
SUnreclaim:        17316 kB
KernelStack:        5808 kB
PageTables:         7228 kB
NFS_Unstable:          0 kB
Bounce:                0 kB
WritebackTmp:          0 kB
CommitLimit:      241032 kB
Committed_AS:    3923168 kB
VmallocTotal:     507904 kB
VmallocUsed:      128508 kB
VmallocChunk:     112576 kB
1557585724.000000
MemTotal:         482068 kB
MemFree:            5284 kB
Buffers:             592 kB
Cached:            86768 kB
SwapCached:            0 kB
Active:           335320 kB
Inactive:          37432 kB
Active(anon):     286736 kB
Inactive(anon):     3276 kB
Active(file):      48584 kB
Inactive(file):    34156 kB
Unevictable:        2032 kB
Mlocked:            6180 kB
HighTotal:             0 kB
HighFree:              0 kB
LowTotal:         482068 kB
LowFree:            5284 kB
SwapTotal:             0 kB
SwapFree:              0 kB
Dirty:               660 kB
Writeback:             0 kB
AnonPages:        287500 kB
Mapped:            87564 kB
Shmem:              3328 kB
Slab:              22400 kB
SReclaimable:       5072 kB
SUnreclaim:        17328 kB
KernelStack:        5824 kB
PageTables:         7236 kB
NFS_Unstable:          0 kB
Bounce:                0 kB
WritebackTmp:          0 kB
CommitLimit:      241032 kB
Committed_AS:    3926604 kB
VmallocTotal:     507904 kB
VmallocUsed:      128508 kB
VmallocChunk:     112576 kB
1557585725.000000
MemTotal:         482068 kB
MemFree:            7208 kB
Buffers:             592 kB
Cached:            86812 kB
SwapCached:            0 kB
Active:           333168 kB
Inactive:          37532 kB
Active(anon):     284584 kB
Inactive(anon):     3300 kB
Active(file):      48584 kB
Inactive(file):    34232 kB
Unevictable:        2032 kB
Mlocked:            6180 kB
HighTotal:             0 kB
HighFree:              0 kB
LowTotal:         482068 kB
LowFree:            7208 kB
SwapTotal:             0 kB
SwapFree:              0 kB
Dirty:                 0 kB
Writeback:             0 kB
AnonPages:        285360 kB
Mapped:            87640 kB
Shmem:              3332 kB
Slab:              22524 kB
SReclaimable:       5072 kB
SUnreclaim:        17452 kB
KernelStack:        5824 kB
PageTables:         7240 kB
NFS_Unstable:          0 kB
Bounce:                0 kB
WritebackTmp:          0 kB
CommitLimit:      241032 kB
Committed_AS:    3926548 kB
VmallocTotal:     507904 kB
VmallocUsed:      128508 kB
VmallocChunk:     112576 kB
1557585726.000000
MemTotal:         482068 kB
MemFree:            7828 kB
Buffers:             616 kB
Cached:            85656 kB
SwapCached:            0 kB
Active:           334372 kB
Inactive:          36548 kB
Active(anon):     285968 kB
Inactive(anon):     3288 kB
Active(file):      48404 kB
Inactive(file):    33260 kB
Unevictable:        2032 kB
Mlocked:            6180 kB
HighTotal:             0 kB
HighFree:              0 kB
LowTotal:         482068 kB
LowFree:            7828 kB
SwapTotal:             0 kB
SwapFree:              0 kB
Dirty:                56 kB
Writeback:             0 kB
AnonPages:        286756 kB
Mapped:            87444 kB
Shmem:              3352 kB
Slab:              22400 kB
SReclaimable:       5084 kB
SUnreclaim:        17316 kB
KernelStack:        5824 kB
PageTables:         7244 kB
NFS_Unstable:          0 kB
Bounce:                0 kB
WritebackTmp:          0 kB
CommitLimit:      241032 kB
Committed_AS:    3928320 kB
VmallocTotal:     507904 kB
VmallocUsed:      128508 kB
VmallocChunk:     112576 kB
1557585727.000000
MemTotal:         482068 kB
MemFree:            7332 kB
Buffers:             616 kB
Cached:            85320 kB
SwapCached:            0 kB
Active:           334472 kB
Inactive:          36276 kB
Active(anon):     286144 kB
Inactive(anon):     3296 kB
Active(file):      48328 kB
Inactive(file):    32980 kB
Unevictable:        2032 kB
Mlocked:            6180 kB
HighTotal:             0 kB
HighFree:              0 kB
LowTotal:         482068 kB
LowFree:            7332 kB
SwapTotal:             0 kB
SwapFree:              0 kB
Dirty:                68 kB
Writeback:             0 kB
AnonPages:        286924 kB
Mapped:            87424 kB
Shmem:              3372 kB
Slab:              22408 kB
SReclaimable:       5084 kB
SUnreclaim:        17324 kB
KernelStack:        5824 kB
PageTables:         7252 kB
NFS_Unstable:          0 kB
Bounce:                0 kB
WritebackTmp:          0 kB
CommitLimit:      241032 kB
Committed_AS:    3929200 kB
VmallocTotal:     507904 kB
VmallocUsed:      128508 kB
VmallocChunk:     112576 kB
1557585728.000000
MemTotal:         482068 kB
MemFree:            6440 kB
Buffers:             612 kB
Cached:            83864 kB
SwapCached:            0 kB
Active:           335500 kB
Inactive:          36124 kB
Active(anon):     288436 kB
Inactive(anon):     3296 kB
Active(file):      47064 kB
Inactive(file):    32828 kB
Unevictable:        2032 kB
Mlocked:            6180 kB
HighTotal:             0 kB
HighFree:              0 kB
LowTotal:         482068 kB
LowFree:            6440 kB
SwapTotal:             0 kB
SwapFree:              0 kB
Dirty:                12 kB
Writeback:             0 kB
AnonPages:        289168 kB
Mapped:            87308 kB
Shmem:              3372 kB
Slab:              22392 kB
SReclaimable:       5084 kB
SUnreclaim:        17308 kB
KernelStack:        5832 kB
PageTables:         7256 kB
NFS_Unstable:          0 kB
Bounce:                0 kB
WritebackTmp:          0 kB
CommitLimit:      241032 kB
Committed_AS:    3928384 kB
VmallocTotal:     507904 kB
VmallocUsed:      128508 kB
VmallocChunk:     112576 kB
1557585729.000000
MemTotal:         482068 kB
MemFree:            5944 kB
Buffers:             628 kB
Cached:            82124 kB
SwapCached:            0 kB
Active:           335120 kB
Inactive:          36740 kB
Active(anon):     290508 kB
Inactive(anon):     3296 kB
Active(file):      44612 kB
Inactive(file):    33444 kB
Unevictable:        2032 kB
Mlocked:            6180 kB
HighTotal:             0 kB
HighFree:              0 kB
LowTotal:         482068 kB
LowFree:            5944 kB
SwapTotal:             0 kB
SwapFree:              0 kB
Dirty:                60 kB
Writeback:             0 kB
AnonPages:        291204 kB
Mapped:            86524 kB
Shmem:              3372 kB
Slab:              22432 kB
SReclaimable:       5084 kB
SUnreclaim:        17348 kB
KernelStack:        5824 kB
PageTables:         7244 kB
NFS_Unstable:          0 kB
Bounce:                0 kB
WritebackTmp:          0 kB
CommitLimit:      241032 kB
Committed_AS:    3929644 kB
VmallocTotal:     507904 kB
VmallocUsed:      128508 kB
VmallocChunk:     112576 kB
1557585730.000000
MemTotal:         482068 kB
MemFree:            4960 kB
Buffers:             604 kB
Cached:            80868 kB
SwapCached:            0 kB
Active:           335388 kB
Inactive:          38012 kB
Active(anon):     293252 kB
Inactive(anon):     3296 kB
Active(file):      42136 kB
Inactive(file):    34716 kB
Unevictable:        2032 kB
Mlocked:            6180 kB
HighTotal:             0 kB
HighFree:              0 kB
LowTotal:         482068 kB
LowFree:            4960 kB
SwapTotal:             0 kB
SwapFree:              0 kB
Dirty:                60 kB
Writeback:             0 kB
AnonPages:        293996 kB
Mapped:            86032 kB
Shmem:              3372 kB
Slab:              22460 kB
SReclaimable:       5084 kB
SUnreclaim:        17376 kB
KernelStack:        5824 kB
PageTables:         7276 kB
NFS_Unstable:          0 kB
Bounce:                0 kB
WritebackTmp:          0 kB
CommitLimit:      241032 kB
Committed_AS:    3930728 kB
VmallocTotal:     507904 kB
VmallocUsed:      128508 kB
VmallocChunk:     112576 kB
1557585732.000000
MemTotal:         482068 kB
MemFree:            4364 kB
Buffers:             528 kB
Cached:            79088 kB
SwapCached:            0 kB
Active:           333636 kB
Inactive:          40084 kB
Active(anon):     295464 kB
Inactive(anon):     3296 kB
Active(file):      38172 kB
Inactive(file):    36788 kB
Unevictable:        2032 kB
Mlocked:            6180 kB
HighTotal:             0 kB
HighFree:              0 kB
LowTotal:         482068 kB
LowFree:            4364 kB
SwapTotal:             0 kB
SwapFree:              0 kB
Dirty:                76 kB
Writeback:             0 kB
AnonPages:        296192 kB
Mapped:            84636 kB
Shmem:              3372 kB
Slab:              22360 kB
SReclaimable:       5036 kB
SUnreclaim:        17324 kB
KernelStack:        5816 kB
PageTables:         7268 kB
NFS_Unstable:          0 kB
Bounce:                0 kB
WritebackTmp:          0 kB
CommitLimit:      241032 kB
Committed_AS:    3934032 kB
VmallocTotal:     507904 kB
VmallocUsed:      128508 kB
VmallocChunk:     112576 kB
1557585733.000000
MemTotal:         482068 kB
MemFree:            5348 kB
Buffers:             484 kB
Cached:            76980 kB
SwapCached:            0 kB
Active:           333192 kB
Inactive:          39832 kB
Active(anon):     296872 kB
Inactive(anon):     3296 kB
Active(file):      36320 kB
Inactive(file):    36536 kB
Unevictable:        2032 kB
Mlocked:            6180 kB
HighTotal:             0 kB
HighFree:              0 kB
LowTotal:         482068 kB
LowFree:            5348 kB
SwapTotal:             0 kB
SwapFree:              0 kB
Dirty:                48 kB
Writeback:             0 kB
AnonPages:        297552 kB
Mapped:            84700 kB
Shmem:              3372 kB
Slab:              22356 kB
SReclaimable:       5036 kB
SUnreclaim:        17320 kB
KernelStack:        5816 kB
PageTables:         7256 kB
NFS_Unstable:          0 kB
Bounce:                0 kB
WritebackTmp:          0 kB
CommitLimit:      241032 kB
Committed_AS:    3935712 kB
VmallocTotal:     507904 kB
VmallocUsed:      128508 kB
VmallocChunk:     112576 kB
1557585734.000000
MemTotal:         482068 kB
MemFree:            3944 kB
Buffers:             472 kB
Cached:            75292 kB
SwapCached:            0 kB
Active:           335248 kB
Inactive:          38780 kB
Active(anon):     299648 kB
Inactive(anon):     3296 kB
Active(file):      35600 kB
Inactive(file):    35484 kB
Unevictable:        2032 kB
Mlocked:            6180 kB
HighTotal:             0 kB
HighFree:              0 kB
LowTotal:         482068 kB
LowFree:            3944 kB
SwapTotal:             0 kB
SwapFree:              0 kB
Dirty:                48 kB
Writeback:             0 kB
AnonPages:        300340 kB
Mapped:            84680 kB
Shmem:              3372 kB
Slab:              22364 kB
SReclaimable:       5036 kB
SUnreclaim:        17328 kB
KernelStack:        5824 kB
PageTables:         7272 kB
NFS_Unstable:          0 kB
Bounce:                0 kB
WritebackTmp:          0 kB
CommitLimit:      241032 kB
Committed_AS:    3936976 kB
VmallocTotal:     507904 kB
VmallocUsed:      128508 kB
VmallocChunk:     112576 kB
1557585735.000000
MemTotal:         482068 kB
MemFree:            8060 kB
Buffers:             496 kB
Cached:            75240 kB
SwapCached:            0 kB
Active:           331596 kB
Inactive:          38912 kB
Active(anon):     296176 kB
Inactive(anon):     3296 kB
Active(file):      35420 kB
Inactive(file):    35616 kB
Unevictable:        2032 kB
Mlocked:            6180 kB
HighTotal:             0 kB
HighFree:              0 kB
LowTotal:         482068 kB
LowFree:            8060 kB
SwapTotal:             0 kB
SwapFree:              0 kB
Dirty:                48 kB
Writeback:             0 kB
AnonPages:        296892 kB
Mapped:            84632 kB
Shmem:              3372 kB
Slab:              22360 kB
SReclaimable:       5036 kB
SUnreclaim:        17324 kB
KernelStack:        5824 kB
PageTables:         7272 kB
NFS_Unstable:          0 kB
Bounce:                0 kB
WritebackTmp:          0 kB
CommitLimit:      241032 kB
Committed_AS:    3936216 kB
VmallocTotal:     507904 kB
VmallocUsed:      128508 kB
VmallocChunk:     112576 kB
1557585736.000000
MemTotal:         482068 kB
MemFree:            7400 kB
Buffers:             496 kB
Cached:            75240 kB
SwapCached:            0 kB
Active:           331860 kB
Inactive:          38984 kB
Active(anon):     296440 kB
Inactive(anon):     3296 kB
Active(file):      35420 kB
Inactive(file):    35688 kB
Unevictable:        2032 kB
Mlocked:            6180 kB
HighTotal:             0 kB
HighFree:              0 kB
LowTotal:         482068 kB
LowFree:            7400 kB
SwapTotal:             0 kB
SwapFree:              0 kB
Dirty:                28 kB
Writeback:             0 kB
AnonPages:        297080 kB
Mapped:            84604 kB
Shmem:              3372 kB
Slab:              22356 kB
SReclaimable:       5036 kB
SUnreclaim:        17320 kB
KernelStack:        5824 kB
PageTables:         7260 kB
NFS_Unstable:          0 kB
Bounce:                0 kB
WritebackTmp:          0 kB
CommitLimit:      241032 kB
Committed_AS:    3936200 kB
VmallocTotal:     507904 kB
VmallocUsed:      128508 kB
VmallocChunk:     112576 kB
1557585737.000000
MemTotal:         482068 kB
MemFree:            7556 kB
Buffers:             496 kB
Cached:            75012 kB
SwapCached:            0 kB
Active:           331912 kB
Inactive:          38736 kB
Active(anon):     296492 kB
Inactive(anon):     3296 kB
Active(file):      35420 kB
Inactive(file):    35440 kB
Unevictable:        2032 kB
Mlocked:            6180 kB
HighTotal:             0 kB
HighFree:              0 kB
LowTotal:         482068 kB
LowFree:            7556 kB
SwapTotal:             0 kB
SwapFree:              0 kB
Dirty:                28 kB
Writeback:             0 kB
AnonPages:        297232 kB
Mapped:            84656 kB
Shmem:              3372 kB
Slab:              22356 kB
SReclaimable:       5036 kB
SUnreclaim:        17320 kB
KernelStack:        5824 kB
PageTables:         7272 kB
NFS_Unstable:          0 kB
Bounce:                0 kB
WritebackTmp:          0 kB
CommitLimit:      241032 kB
Committed_AS:    3936368 kB
VmallocTotal:     507904 kB
VmallocUsed:      128508 kB
VmallocChunk:     112576 kB
1557585738.000000
MemTotal:         482068 kB
MemFree:            7844 kB
Buffers:             496 kB
Cached:            75020 kB
SwapCached:            0 kB
Active:           331716 kB
Inactive:          38740 kB
Active(anon):     296272 kB
Inactive(anon):     3296 kB
Active(file):      35444 kB
Inactive(file):    35444 kB
Unevictable:        2032 kB
Mlocked:            6180 kB
HighTotal:             0 kB
HighFree:              0 kB
LowTotal:         482068 kB
LowFree:            7844 kB
SwapTotal:             0 kB
SwapFree:              0 kB
Dirty:                28 kB
Writeback:             0 kB
AnonPages:        296984 kB
Mapped:            84728 kB
Shmem:              3372 kB
Slab:              22360 kB
SReclaimable:       5036 kB
SUnreclaim:        17324 kB
KernelStack:        5824 kB
PageTables:         7272 kB
NFS_Unstable:          0 kB
Bounce:                0 kB
WritebackTmp:          0 kB
CommitLimit:      241032 kB
Committed_AS:    3936472 kB
VmallocTotal:     507904 kB
VmallocUsed:      128508 kB
VmallocChunk:     112576 kB
1557585739.000000
MemTotal:         482068 kB
MemFree:            7304 kB
Buffers:             496 kB
Cached:            74124 kB
SwapCached:            0 kB
Active:           332816 kB
Inactive:          38372 kB
Active(anon):     297956 kB
Inactive(anon):     3308 kB
Active(file):      34860 kB
Inactive(file):    35064 kB
Unevictable:        2032 kB
Mlocked:            6180 kB
HighTotal:             0 kB
HighFree:              0 kB
LowTotal:         482068 kB
LowFree:            7304 kB
SwapTotal:             0 kB
SwapFree:              0 kB
Dirty:                 0 kB
Writeback:             0 kB
AnonPages:        298660 kB
Mapped:            84516 kB
Shmem:              3388 kB
Slab:              22336 kB
SReclaimable:       5036 kB
SUnreclaim:        17300 kB
KernelStack:        5824 kB
PageTables:         7276 kB
NFS_Unstable:          0 kB
Bounce:                0 kB
WritebackTmp:          0 kB
CommitLimit:      241032 kB
Committed_AS:    3936548 kB
VmallocTotal:     507904 kB
VmallocUsed:      128508 kB
VmallocChunk:     112576 kB
1557585740.000000
MemTotal:         482068 kB
MemFree:           14868 kB
Buffers:             496 kB
Cached:            74148 kB
SwapCached:            0 kB
Active:           324836 kB
Inactive:          38424 kB
Active(anon):     289976 kB
Inactive(anon):     3308 kB
Active(file):      34860 kB
Inactive(file):    35116 kB
Unevictable:        2032 kB
Mlocked:            6180 kB
HighTotal:             0 kB
HighFree:              0 kB
LowTotal:         482068 kB
LowFree:           14868 kB
SwapTotal:             0 kB
SwapFree:              0 kB
Dirty:                 0 kB
Writeback:             0 kB
AnonPages:        290716 kB
Mapped:            84564 kB
Shmem:              3388 kB
Slab:              22352 kB
SReclaimable:       5036 kB
SUnreclaim:        17316 kB
KernelStack:        5824 kB
PageTables:         7276 kB
NFS_Unstable:          0 kB
Bounce:                0 kB
WritebackTmp:          0 kB
CommitLimit:      241032 kB
Committed_AS:    3936364 kB
VmallocTotal:     507904 kB
VmallocUsed:      128508 kB
VmallocChunk:     112576 kB
1557585741.000000
MemTotal:         482068 kB
MemFree:           14760 kB
Buffers:             504 kB
Cached:            74136 kB
SwapCached:            0 kB
Active:           325012 kB
Inactive:          38440 kB
Active(anon):     290152 kB
Inactive(anon):     3308 kB
Active(file):      34860 kB
Inactive(file):    35132 kB
Unevictable:        2032 kB
Mlocked:            6180 kB
HighTotal:             0 kB
HighFree:              0 kB
LowTotal:         482068 kB
LowFree:           14760 kB
SwapTotal:             0 kB
SwapFree:              0 kB
Dirty:                 0 kB
Writeback:             0 kB
AnonPages:        290852 kB
Mapped:            84572 kB
Shmem:              3388 kB
Slab:              22356 kB
SReclaimable:       5036 kB
SUnreclaim:        17320 kB
KernelStack:        5824 kB
PageTables:         7272 kB
NFS_Unstable:          0 kB
Bounce:                0 kB
WritebackTmp:          0 kB
CommitLimit:      241032 kB
Committed_AS:    3936448 kB
VmallocTotal:     507904 kB
VmallocUsed:      128508 kB
VmallocChunk:     112576 kB
1557585741.000000
MemTotal:         482068 kB
MemFree:           14496 kB
Buffers:             504 kB
Cached:            74140 kB
SwapCached:            0 kB
Active:           325572 kB
Inactive:          38448 kB
Active(anon):     290712 kB
Inactive(anon):     3308 kB
Active(file):      34860 kB
Inactive(file):    35140 kB
Unevictable:        2032 kB
Mlocked:            6180 kB
HighTotal:             0 kB
HighFree:              0 kB
LowTotal:         482068 kB
LowFree:           14496 kB
SwapTotal:             0 kB
SwapFree:              0 kB
Dirty:                28 kB
Writeback:             0 kB
AnonPages:        291396 kB
Mapped:            84520 kB
Shmem:              3388 kB
Slab:              22336 kB
SReclaimable:       5036 kB
SUnreclaim:        17300 kB
KernelStack:        5824 kB
PageTables:         7260 kB
NFS_Unstable:          0 kB
Bounce:                0 kB
WritebackTmp:          0 kB
CommitLimit:      241032 kB
Committed_AS:    3936596 kB
VmallocTotal:     507904 kB
VmallocUsed:      128508 kB
VmallocChunk:     112576 kB
1557585742.000000
MemTotal:         482068 kB
MemFree:           13040 kB
Buffers:             504 kB
Cached:            74140 kB
SwapCached:            0 kB
Active:           326560 kB
Inactive:          38448 kB
Active(anon):     291700 kB
Inactive(anon):     3308 kB
Active(file):      34860 kB
Inactive(file):    35140 kB
Unevictable:        2032 kB
Mlocked:            6180 kB
HighTotal:             0 kB
HighFree:              0 kB
LowTotal:         482068 kB
LowFree:           13040 kB
SwapTotal:             0 kB
SwapFree:              0 kB
Dirty:                28 kB
Writeback:             0 kB
AnonPages:        292436 kB
Mapped:            84596 kB
Shmem:              3388 kB
Slab:              22384 kB
SReclaimable:       5036 kB
SUnreclaim:        17348 kB
KernelStack:        5824 kB
PageTables:         7260 kB
NFS_Unstable:          0 kB
Bounce:                0 kB
WritebackTmp:          0 kB
CommitLimit:      241032 kB
Committed_AS:    3936772 kB
VmallocTotal:     507904 kB
VmallocUsed:      128508 kB
VmallocChunk:     112576 kB
1557585743.000000
MemTotal:         482068 kB
MemFree:           12652 kB
Buffers:             500 kB
Cached:            73868 kB
SwapCached:            0 kB
Active:           327068 kB
Inactive:          38180 kB
Active(anon):     292228 kB
Inactive(anon):     3304 kB
Active(file):      34840 kB
Inactive(file):    34876 kB
Unevictable:        2032 kB
Mlocked:            6180 kB
HighTotal:             0 kB
HighFree:              0 kB
LowTotal:         482068 kB
LowFree:           12652 kB
SwapTotal:             0 kB
SwapFree:              0 kB
Dirty:                28 kB
Writeback:             0 kB
AnonPages:        292908 kB
Mapped:            84556 kB
Shmem:              3388 kB
Slab:              22356 kB
SReclaimable:       5036 kB
SUnreclaim:        17320 kB
KernelStack:        5816 kB
PageTables:         7260 kB
NFS_Unstable:          0 kB
Bounce:                0 kB
WritebackTmp:          0 kB
CommitLimit:      241032 kB
Committed_AS:    3936724 kB
VmallocTotal:     507904 kB
VmallocUsed:      128508 kB
VmallocChunk:     112576 kB
1557585744.000000
MemTotal:         482068 kB
MemFree:           13404 kB
Buffers:             500 kB
Cached:            73328 kB
SwapCached:            0 kB
Active:           326764 kB
Inactive:          38000 kB
Active(anon):     292276 kB
Inactive(anon):     3304 kB
Active(file):      34488 kB
Inactive(file):    34696 kB
Unevictable:        2032 kB
Mlocked:            6180 kB
HighTotal:             0 kB
HighFree:              0 kB
LowTotal:         482068 kB
LowFree:           13404 kB
SwapTotal:             0 kB
SwapFree:              0 kB
Dirty:                 0 kB
Writeback:             0 kB
AnonPages:        292992 kB
Mapped:            84460 kB
Shmem:              3388 kB
Slab:              22372 kB
SReclaimable:       5036 kB
SUnreclaim:        17336 kB
KernelStack:        5816 kB
PageTables:         7260 kB
NFS_Unstable:          0 kB
Bounce:                0 kB
WritebackTmp:          0 kB
CommitLimit:      241032 kB
Committed_AS:    3936856 kB
VmallocTotal:     507904 kB
VmallocUsed:      128508 kB
VmallocChunk:     112576 kB
1557585745.000000
MemTotal:         482068 kB
MemFree:           13256 kB
Buffers:             500 kB
Cached:            73148 kB
SwapCached:            0 kB
Active:           326852 kB
Inactive:          37964 kB
Active(anon):     292508 kB
Inactive(anon):     3304 kB
Active(file):      34344 kB
Inactive(file):    34660 kB
Unevictable:        2032 kB
Mlocked:            6180 kB
HighTotal:             0 kB
HighFree:              0 kB
LowTotal:         482068 kB
LowFree:           13256 kB
SwapTotal:             0 kB
SwapFree:              0 kB
Dirty:                 0 kB
Writeback:             0 kB
AnonPages:        293224 kB
Mapped:            84432 kB
Shmem:              3388 kB
Slab:              22336 kB
SReclaimable:       5036 kB
SUnreclaim:        17300 kB
KernelStack:        5816 kB
PageTables:         7260 kB
NFS_Unstable:          0 kB
Bounce:                0 kB
WritebackTmp:          0 kB
CommitLimit:      241032 kB
Committed_AS:    3936884 kB
VmallocTotal:     507904 kB
VmallocUsed:      128508 kB
VmallocChunk:     112576 kB
1557585746.000000
MemTotal:         482068 kB
MemFree:           11544 kB
Buffers:             500 kB
Cached:            72836 kB
SwapCached:            0 kB
Active:           329144 kB
Inactive:          37660 kB
Active(anon):     294800 kB
Inactive(anon):     3304 kB
Active(file):      34344 kB
Inactive(file):    34356 kB
Unevictable:        2032 kB
Mlocked:            6180 kB
HighTotal:             0 kB
HighFree:              0 kB
LowTotal:         482068 kB
LowFree:           11544 kB
SwapTotal:             0 kB
SwapFree:              0 kB
Dirty:                 0 kB
Writeback:             0 kB
AnonPages:        295544 kB
Mapped:            84484 kB
Shmem:              3388 kB
Slab:              22336 kB
SReclaimable:       5036 kB
SUnreclaim:        17300 kB
KernelStack:        5816 kB
PageTables:         7288 kB
NFS_Unstable:          0 kB
Bounce:                0 kB
WritebackTmp:          0 kB
CommitLimit:      241032 kB
Committed_AS:    3937040 kB
VmallocTotal:     507904 kB
VmallocUsed:      128508 kB
VmallocChunk:     112576 kB
1557585748.000000
MemTotal:         482068 kB
MemFree:           11280 kB
Buffers:             500 kB
Cached:            72608 kB
SwapCached:            0 kB
Active:           328992 kB
Inactive:          37628 kB
Active(anon):     294860 kB
Inactive(anon):     3300 kB
Active(file):      34132 kB
Inactive(file):    34328 kB
Unevictable:        2032 kB
Mlocked:            6180 kB
HighTotal:             0 kB
HighFree:              0 kB
LowTotal:         482068 kB
LowFree:           11280 kB
SwapTotal:             0 kB
SwapFree:              0 kB
Dirty:                 0 kB
Writeback:             0 kB
AnonPages:        295580 kB
Mapped:            84448 kB
Shmem:              3392 kB
Slab:              22344 kB
SReclaimable:       5036 kB
SUnreclaim:        17308 kB
KernelStack:        5816 kB
PageTables:         7268 kB
NFS_Unstable:          0 kB
Bounce:                0 kB
WritebackTmp:          0 kB
CommitLimit:      241032 kB
Committed_AS:    3937072 kB
VmallocTotal:     507904 kB
VmallocUsed:      128508 kB
VmallocChunk:     112576 kB
1557585748.000000
MemTotal:         482068 kB
MemFree:           11760 kB
Buffers:             500 kB
Cached:            72284 kB
SwapCached:            0 kB
Active:           328888 kB
Inactive:          37476 kB
Active(anon):     294948 kB
Inactive(anon):     3300 kB
Active(file):      33940 kB
Inactive(file):    34176 kB
Unevictable:        2032 kB
Mlocked:            6180 kB
HighTotal:             0 kB
HighFree:              0 kB
LowTotal:         482068 kB
LowFree:           11760 kB
SwapTotal:             0 kB
SwapFree:              0 kB
Dirty:                 0 kB
Writeback:             0 kB
AnonPages:        295684 kB
Mapped:            84416 kB
Shmem:              3392 kB
Slab:              22344 kB
SReclaimable:       5036 kB
SUnreclaim:        17308 kB
KernelStack:        5808 kB
PageTables:         7272 kB
NFS_Unstable:          0 kB
Bounce:                0 kB
WritebackTmp:          0 kB
CommitLimit:      241032 kB
Committed_AS:    3936980 kB
VmallocTotal:     507904 kB
VmallocUsed:      128508 kB
VmallocChunk:     112576 kB
1557585749.000000
MemTotal:         482068 kB
MemFree:           11792 kB
Buffers:             500 kB
Cached:            72040 kB
SwapCached:            0 kB
Active:           328916 kB
Inactive:          37272 kB
Active(anon):     294996 kB
Inactive(anon):     3300 kB
Active(file):      33920 kB
Inactive(file):    33972 kB
Unevictable:        2032 kB
Mlocked:            6180 kB
HighTotal:             0 kB
HighFree:              0 kB
LowTotal:         482068 kB
LowFree:           11792 kB
SwapTotal:             0 kB
SwapFree:              0 kB
Dirty:                 0 kB
Writeback:             0 kB
AnonPages:        295720 kB
Mapped:            84456 kB
Shmem:              3392 kB
Slab:              22356 kB
SReclaimable:       5036 kB
SUnreclaim:        17320 kB
KernelStack:        5816 kB
PageTables:         7276 kB
NFS_Unstable:          0 kB
Bounce:                0 kB
WritebackTmp:          0 kB
CommitLimit:      241032 kB
Committed_AS:    3937132 kB
VmallocTotal:     507904 kB
VmallocUsed:      128508 kB
VmallocChunk:     112576 kB
1557585750.000000
MemTotal:         482068 kB
MemFree:           11644 kB
Buffers:             524 kB
Cached:            71328 kB
SwapCached:            0 kB
Active:           329404 kB
Inactive:          36988 kB
Active(anon):     295872 kB
Inactive(anon):     3300 kB
Active(file):      33532 kB
Inactive(file):    33688 kB
Unevictable:        2032 kB
Mlocked:            6180 kB
HighTotal:             0 kB
HighFree:              0 kB
LowTotal:         482068 kB
LowFree:           11644 kB
SwapTotal:             0 kB
SwapFree:              0 kB
Dirty:                24 kB
Writeback:             0 kB
AnonPages:        296596 kB
Mapped:            84304 kB
Shmem:              3392 kB
Slab:              22352 kB
SReclaimable:       5036 kB
SUnreclaim:        17316 kB
KernelStack:        5816 kB
PageTables:         7276 kB
NFS_Unstable:          0 kB
Bounce:                0 kB
WritebackTmp:          0 kB
CommitLimit:      241032 kB
Committed_AS:    3937156 kB
VmallocTotal:     507904 kB
VmallocUsed:      128508 kB
VmallocChunk:     112576 kB
1557585751.000000
MemTotal:         482068 kB
MemFree:           12900 kB
Buffers:             524 kB
Cached:            71456 kB
SwapCached:            0 kB
Active:           328244 kB
Inactive:          37104 kB
Active(anon):     294716 kB
Inactive(anon):     3300 kB
Active(file):      33528 kB
Inactive(file):    33804 kB
Unevictable:        2032 kB
Mlocked:            6180 kB
HighTotal:             0 kB
HighFree:              0 kB
LowTotal:         482068 kB
LowFree:           12900 kB
SwapTotal:             0 kB
SwapFree:              0 kB
Dirty:                28 kB
Writeback:             0 kB
AnonPages:        295376 kB
Mapped:            84320 kB
Shmem:              3392 kB
Slab:              22352 kB
SReclaimable:       5036 kB
SUnreclaim:        17316 kB
KernelStack:        5808 kB
PageTables:         7280 kB
NFS_Unstable:          0 kB
Bounce:                0 kB
WritebackTmp:          0 kB
CommitLimit:      241032 kB
Committed_AS:    3937164 kB
VmallocTotal:     507904 kB
VmallocUsed:      128508 kB
VmallocChunk:     112576 kB
1557585752.000000
MemTotal:         482068 kB
MemFree:           12908 kB
Buffers:             524 kB
Cached:            71228 kB
SwapCached:            0 kB
Active:           328400 kB
Inactive:          36852 kB
Active(anon):     294872 kB
Inactive(anon):     3300 kB
Active(file):      33528 kB
Inactive(file):    33552 kB
Unevictable:        2032 kB
Mlocked:            6180 kB
HighTotal:             0 kB
HighFree:              0 kB
LowTotal:         482068 kB
LowFree:           12908 kB
SwapTotal:             0 kB
SwapFree:              0 kB
Dirty:                28 kB
Writeback:             0 kB
AnonPages:        295604 kB
Mapped:            84244 kB
Shmem:              3392 kB
Slab:              22352 kB
SReclaimable:       5036 kB
SUnreclaim:        17316 kB
KernelStack:        5808 kB
PageTables:         7280 kB
NFS_Unstable:          0 kB
Bounce:                0 kB
WritebackTmp:          0 kB
CommitLimit:      241032 kB
Committed_AS:    3937052 kB
VmallocTotal:     507904 kB
VmallocUsed:      128508 kB
VmallocChunk:     112576 kB
1557585753.000000
MemTotal:         482068 kB
MemFree:           13040 kB
Buffers:             524 kB
Cached:            71192 kB
SwapCached:            0 kB
Active:           328380 kB
Inactive:          36852 kB
Active(anon):     294864 kB
Inactive(anon):     3300 kB
Active(file):      33516 kB
Inactive(file):    33552 kB
Unevictable:        2032 kB
Mlocked:            6180 kB
HighTotal:             0 kB
HighFree:              0 kB
LowTotal:         482068 kB
LowFree:           13040 kB
SwapTotal:             0 kB
SwapFree:              0 kB
Dirty:                28 kB
Writeback:             0 kB
AnonPages:        295648 kB
Mapped:            84312 kB
Shmem:              3392 kB
Slab:              22348 kB
SReclaimable:       5036 kB
SUnreclaim:        17312 kB
KernelStack:        5800 kB
PageTables:         7260 kB
NFS_Unstable:          0 kB
Bounce:                0 kB
WritebackTmp:          0 kB
CommitLimit:      241032 kB
Committed_AS:    3937172 kB
VmallocTotal:     507904 kB
VmallocUsed:      128508 kB
VmallocChunk:     112576 kB
1557585754.000000
MemTotal:         482068 kB
MemFree:           13304 kB
Buffers:             524 kB
Cached:            71192 kB
SwapCached:            0 kB
Active:           328172 kB
Inactive:          36852 kB
Active(anon):     294656 kB
Inactive(anon):     3300 kB
Active(file):      33516 kB
Inactive(file):    33552 kB
Unevictable:        2032 kB
Mlocked:            6180 kB
HighTotal:             0 kB
HighFree:              0 kB
LowTotal:         482068 kB
LowFree:           13304 kB
SwapTotal:             0 kB
SwapFree:              0 kB
Dirty:                 0 kB
Writeback:             0 kB
AnonPages:        295404 kB
Mapped:            84248 kB
Shmem:              3392 kB
Slab:              22360 kB
SReclaimable:       5036 kB
SUnreclaim:        17324 kB
KernelStack:        5800 kB
PageTables:         7272 kB
NFS_Unstable:          0 kB
Bounce:                0 kB
WritebackTmp:          0 kB
CommitLimit:      241032 kB
Committed_AS:    3937176 kB
VmallocTotal:     507904 kB
VmallocUsed:      128508 kB
VmallocChunk:     112576 kB
1557585755.000000
MemTotal:         482068 kB
MemFree:           12436 kB
Buffers:             524 kB
Cached:            71192 kB
SwapCached:            0 kB
Active:           329300 kB
Inactive:          36852 kB
Active(anon):     295784 kB
Inactive(anon):     3300 kB
Active(file):      33516 kB
Inactive(file):    33552 kB
Unevictable:        2032 kB
Mlocked:            6180 kB
HighTotal:             0 kB
HighFree:              0 kB
LowTotal:         482068 kB
LowFree:           12436 kB
SwapTotal:             0 kB
SwapFree:              0 kB
Dirty:                 0 kB
Writeback:             0 kB
AnonPages:        296404 kB
Mapped:            84292 kB
Shmem:              3392 kB
Slab:              22360 kB
SReclaimable:       5036 kB
SUnreclaim:        17324 kB
KernelStack:        5792 kB
PageTables:         7272 kB
NFS_Unstable:          0 kB
Bounce:                0 kB
WritebackTmp:          0 kB
CommitLimit:      241032 kB
Committed_AS:    3937164 kB
VmallocTotal:     507904 kB
VmallocUsed:      128508 kB
VmallocChunk:     112576 kB
1557585756.000000
MemTotal:         482068 kB
MemFree:           12296 kB
Buffers:             524 kB
Cached:            71192 kB
SwapCached:            0 kB
Active:           329280 kB
Inactive:          36852 kB
Active(anon):     295764 kB
Inactive(anon):     3300 kB
Active(file):      33516 kB
Inactive(file):    33552 kB
Unevictable:        2032 kB
Mlocked:            6180 kB
HighTotal:             0 kB
HighFree:              0 kB
LowTotal:         482068 kB
LowFree:           12296 kB
SwapTotal:             0 kB
SwapFree:              0 kB
Dirty:                 0 kB
Writeback:             0 kB
AnonPages:        296480 kB
Mapped:            84292 kB
Shmem:              3392 kB
Slab:              22356 kB
SReclaimable:       5036 kB
SUnreclaim:        17320 kB
KernelStack:        5792 kB
PageTables:         7272 kB
NFS_Unstable:          0 kB
Bounce:                0 kB
WritebackTmp:          0 kB
CommitLimit:      241032 kB
Committed_AS:    3937172 kB
VmallocTotal:     507904 kB
VmallocUsed:      128508 kB
VmallocChunk:     112576 kB
1557585757.000000
MemTotal:         482068 kB
MemFree:           12560 kB
Buffers:             532 kB
Cached:            70964 kB
SwapCached:            0 kB
Active:           329232 kB
Inactive:          36816 kB
Active(anon):     295920 kB
Inactive(anon):     3300 kB
Active(file):      33312 kB
Inactive(file):    33516 kB
Unevictable:        2032 kB
Mlocked:            6180 kB
HighTotal:             0 kB
HighFree:              0 kB
LowTotal:         482068 kB
LowFree:           12560 kB
SwapTotal:             0 kB
SwapFree:              0 kB
Dirty:                28 kB
Writeback:             0 kB
AnonPages:        296600 kB
Mapped:            84240 kB
Shmem:              3392 kB
Slab:              22360 kB
SReclaimable:       5036 kB
SUnreclaim:        17324 kB
KernelStack:        5792 kB
PageTables:         7260 kB
NFS_Unstable:          0 kB
Bounce:                0 kB
WritebackTmp:          0 kB
CommitLimit:      241032 kB
Committed_AS:    3937176 kB
VmallocTotal:     507904 kB
VmallocUsed:      128508 kB
VmallocChunk:     112576 kB
1557585757.000000
MemTotal:         482068 kB
MemFree:           12164 kB
Buffers:             532 kB
Cached:            70752 kB
SwapCached:            0 kB
Active:           329436 kB
Inactive:          36720 kB
Active(anon):     296252 kB
Inactive(anon):     3300 kB
Active(file):      33184 kB
Inactive(file):    33420 kB
Unevictable:        2032 kB
Mlocked:            6180 kB
HighTotal:             0 kB
HighFree:              0 kB
LowTotal:         482068 kB
LowFree:           12164 kB
SwapTotal:             0 kB
SwapFree:              0 kB
Dirty:                28 kB
Writeback:             0 kB
AnonPages:        296928 kB
Mapped:            84312 kB
Shmem:              3392 kB
Slab:              22372 kB
SReclaimable:       5036 kB
SUnreclaim:        17336 kB
KernelStack:        5800 kB
PageTables:         7276 kB
NFS_Unstable:          0 kB
Bounce:                0 kB
WritebackTmp:          0 kB
CommitLimit:      241032 kB
Committed_AS:    3937148 kB
VmallocTotal:     507904 kB
VmallocUsed:      128508 kB
VmallocChunk:     112576 kB
1557585758.000000
MemTotal:         482068 kB
MemFree:           12056 kB
Buffers:             532 kB
Cached:            70228 kB
SwapCached:            0 kB
Active:           329628 kB
Inactive:          36356 kB
Active(anon):     296572 kB
Inactive(anon):     3300 kB
Active(file):      33056 kB
Inactive(file):    33056 kB
Unevictable:        2032 kB
Mlocked:            6180 kB
HighTotal:             0 kB
HighFree:              0 kB
LowTotal:         482068 kB
LowFree:           12056 kB
SwapTotal:             0 kB
SwapFree:              0 kB
Dirty:                28 kB
Writeback:             0 kB
AnonPages:        297264 kB
Mapped:            84308 kB
Shmem:              3392 kB
Slab:              22332 kB
SReclaimable:       5036 kB
SUnreclaim:        17296 kB
KernelStack:        5800 kB
PageTables:         7272 kB
NFS_Unstable:          0 kB
Bounce:                0 kB
WritebackTmp:          0 kB
CommitLimit:      241032 kB
Committed_AS:    3937176 kB
VmallocTotal:     507904 kB
VmallocUsed:      128508 kB
VmallocChunk:     112576 kB
1557585759.000000
MemTotal:         482068 kB
MemFree:           12188 kB
Buffers:             532 kB
Cached:            69480 kB
SwapCached:            0 kB
Active:           329896 kB
Inactive:          36096 kB
Active(anon):     297328 kB
Inactive(anon):     3300 kB
Active(file):      32568 kB
Inactive(file):    32796 kB
Unevictable:        2032 kB
Mlocked:            6180 kB
HighTotal:             0 kB
HighFree:              0 kB
LowTotal:         482068 kB
LowFree:           12188 kB
SwapTotal:             0 kB
SwapFree:              0 kB
Dirty:                28 kB
Writeback:             0 kB
AnonPages:        298048 kB
Mapped:            84184 kB
Shmem:              3392 kB
Slab:              22368 kB
SReclaimable:       5036 kB
SUnreclaim:        17332 kB
KernelStack:        5808 kB
PageTables:         7284 kB
NFS_Unstable:          0 kB
Bounce:                0 kB
WritebackTmp:          0 kB
CommitLimit:      241032 kB
Committed_AS:    3937944 kB
VmallocTotal:     507904 kB
VmallocUsed:      128508 kB
VmallocChunk:     112576 kB
1557585760.000000
MemTotal:         482068 kB
MemFree:           12064 kB
Buffers:             532 kB
Cached:            69608 kB
SwapCached:            0 kB
Active:           329952 kB
Inactive:          36252 kB
Active(anon):     297384 kB
Inactive(anon):     3300 kB
Active(file):      32568 kB
Inactive(file):    32952 kB
Unevictable:        2032 kB
Mlocked:            6180 kB
HighTotal:             0 kB
HighFree:              0 kB
LowTotal:         482068 kB
LowFree:           12064 kB
SwapTotal:             0 kB
SwapFree:              0 kB
Dirty:                 0 kB
Writeback:            20 kB
AnonPages:        298084 kB
Mapped:            84184 kB
Shmem:              3392 kB
Slab:              22388 kB
SReclaimable:       5036 kB
SUnreclaim:        17352 kB
KernelStack:        5792 kB
PageTables:         7248 kB
NFS_Unstable:          0 kB
Bounce:                0 kB
WritebackTmp:          0 kB
CommitLimit:      241032 kB
Committed_AS:    3937848 kB
VmallocTotal:     507904 kB
VmallocUsed:      128508 kB
VmallocChunk:     112576 kB
1557585761.000000
MemTotal:         482068 kB
MemFree:           11800 kB
Buffers:             532 kB
Cached:            69580 kB
SwapCached:            0 kB
Active:           329980 kB
Inactive:          36272 kB
Active(anon):     297412 kB
Inactive(anon):     3300 kB
Active(file):      32568 kB
Inactive(file):    32972 kB
Unevictable:        2032 kB
Mlocked:            6180 kB
HighTotal:             0 kB
HighFree:              0 kB
LowTotal:         482068 kB
LowFree:           11800 kB
SwapTotal:             0 kB
SwapFree:              0 kB
Dirty:                 0 kB
Writeback:             0 kB
AnonPages:        298144 kB
Mapped:            84124 kB
Shmem:              3392 kB
Slab:              22376 kB
SReclaimable:       5036 kB
SUnreclaim:        17340 kB
KernelStack:        5800 kB
PageTables:         7260 kB
NFS_Unstable:          0 kB
Bounce:                0 kB
WritebackTmp:          0 kB
CommitLimit:      241032 kB
Committed_AS:    3937944 kB
VmallocTotal:     507904 kB
VmallocUsed:      128508 kB
VmallocChunk:     112576 kB
1557585762.000000
MemTotal:         482068 kB
MemFree:           11460 kB
Buffers:             528 kB
Cached:            68920 kB
SwapCached:            0 kB
Active:           330948 kB
Inactive:          35760 kB
Active(anon):     298648 kB
Inactive(anon):     3300 kB
Active(file):      32300 kB
Inactive(file):    32460 kB
Unevictable:        2032 kB
Mlocked:            6180 kB
HighTotal:             0 kB
HighFree:              0 kB
LowTotal:         482068 kB
LowFree:           11460 kB
SwapTotal:             0 kB
SwapFree:              0 kB
Dirty:                 0 kB
Writeback:             0 kB
AnonPages:        299248 kB
Mapped:            84104 kB
Shmem:              3392 kB
Slab:              22372 kB
SReclaimable:       5036 kB
SUnreclaim:        17336 kB
KernelStack:        5800 kB
PageTables:         7256 kB
NFS_Unstable:          0 kB
Bounce:                0 kB
WritebackTmp:          0 kB
CommitLimit:      241032 kB
Committed_AS:    3938000 kB
VmallocTotal:     507904 kB
VmallocUsed:      128508 kB
VmallocChunk:     112576 kB
1557585763.000000
MemTotal:         482068 kB
MemFree:           10940 kB
Buffers:             528 kB
Cached:            68884 kB
SwapCached:            0 kB
Active:           331416 kB
Inactive:          35760 kB
Active(anon):     299112 kB
Inactive(anon):     3300 kB
Active(file):      32304 kB
Inactive(file):    32460 kB
Unevictable:        2032 kB
Mlocked:            6180 kB
HighTotal:             0 kB
HighFree:              0 kB
LowTotal:         482068 kB
LowFree:           10940 kB
SwapTotal:             0 kB
SwapFree:              0 kB
Dirty:                 0 kB
Writeback:             0 kB
AnonPages:        299832 kB
Mapped:            84160 kB
Shmem:              3392 kB
Slab:              22356 kB
SReclaimable:       5036 kB
SUnreclaim:        17320 kB
KernelStack:        5792 kB
PageTables:         7336 kB
NFS_Unstable:          0 kB
Bounce:                0 kB
WritebackTmp:          0 kB
CommitLimit:      241032 kB
Committed_AS:    3940056 kB
VmallocTotal:     507904 kB
VmallocUsed:      128508 kB
VmallocChunk:     112576 kB
1557585764.000000
MemTotal:         482068 kB
MemFree:           11180 kB
Buffers:             520 kB
Cached:            68664 kB
SwapCached:            0 kB
Active:           331284 kB
Inactive:          35592 kB
Active(anon):     299108 kB
Inactive(anon):     3300 kB
Active(file):      32176 kB
Inactive(file):    32292 kB
Unevictable:        2032 kB
Mlocked:            6180 kB
HighTotal:             0 kB
HighFree:              0 kB
LowTotal:         482068 kB
LowFree:           11180 kB
SwapTotal:             0 kB
SwapFree:              0 kB
Dirty:                 0 kB
Writeback:             0 kB
AnonPages:        299844 kB
Mapped:            84084 kB
Shmem:              3392 kB
Slab:              22340 kB
SReclaimable:       5036 kB
SUnreclaim:        17304 kB
KernelStack:        5792 kB
PageTables:         7260 kB
NFS_Unstable:          0 kB
Bounce:                0 kB
WritebackTmp:          0 kB
CommitLimit:      241032 kB
Committed_AS:    3940056 kB
VmallocTotal:     507904 kB
VmallocUsed:      128508 kB
VmallocChunk:     112576 kB
1557585765.000000
MemTotal:         482068 kB
MemFree:           11568 kB
Buffers:             616 kB
Cached:            68244 kB
SwapCached:            0 kB
Active:           331232 kB
Inactive:          35460 kB
Active(anon):     299188 kB
Inactive(anon):     3300 kB
Active(file):      32044 kB
Inactive(file):    32160 kB
Unevictable:        2032 kB
Mlocked:            6180 kB
HighTotal:             0 kB
HighFree:              0 kB
LowTotal:         482068 kB
LowFree:           11568 kB
SwapTotal:             0 kB
SwapFree:              0 kB
Dirty:                 0 kB
Writeback:             0 kB
AnonPages:        299920 kB
Mapped:            84140 kB
Shmem:              3392 kB
Slab:              22396 kB
SReclaimable:       5036 kB
SUnreclaim:        17360 kB
KernelStack:        5792 kB
PageTables:         7260 kB
NFS_Unstable:          0 kB
Bounce:                0 kB
WritebackTmp:          0 kB
CommitLimit:      241032 kB
Committed_AS:    3940056 kB
VmallocTotal:     507904 kB
VmallocUsed:      128508 kB
VmallocChunk:     112576 kB
1557585766.000000
MemTotal:         482068 kB
MemFree:           11320 kB
Buffers:             616 kB
Cached:            68256 kB
SwapCached:            0 kB
Active:           331784 kB
Inactive:          35468 kB
Active(anon):     299728 kB
Inactive(anon):     3300 kB
Active(file):      32056 kB
Inactive(file):    32168 kB
Unevictable:        2032 kB
Mlocked:            6180 kB
HighTotal:             0 kB
HighFree:              0 kB
LowTotal:         482068 kB
LowFree:           11320 kB
SwapTotal:             0 kB
SwapFree:              0 kB
Dirty:                 0 kB
Writeback:             0 kB
AnonPages:        300448 kB
Mapped:            84068 kB
Shmem:              3392 kB
Slab:              22356 kB
SReclaimable:       5036 kB
SUnreclaim:        17320 kB
KernelStack:        5792 kB
PageTables:         7268 kB
NFS_Unstable:          0 kB
Bounce:                0 kB
WritebackTmp:          0 kB
CommitLimit:      241032 kB
Committed_AS:    3939936 kB
VmallocTotal:     507904 kB
VmallocUsed:      128508 kB
VmallocChunk:     112576 kB
1557585767.000000
MemTotal:         482068 kB
MemFree:            9940 kB
Buffers:             632 kB
Cached:            68020 kB
SwapCached:            0 kB
Active:           333100 kB
Inactive:          35364 kB
Active(anon):     301176 kB
Inactive(anon):     3300 kB
Active(file):      31924 kB
Inactive(file):    32064 kB
Unevictable:        2032 kB
Mlocked:            6180 kB
HighTotal:             0 kB
HighFree:              0 kB
LowTotal:         482068 kB
LowFree:            9940 kB
SwapTotal:             0 kB
SwapFree:              0 kB
Dirty:                 0 kB
Writeback:             0 kB
AnonPages:        301868 kB
Mapped:            84100 kB
Shmem:              3392 kB
Slab:              22408 kB
SReclaimable:       5036 kB
SUnreclaim:        17372 kB
KernelStack:        5792 kB
PageTables:         7196 kB
NFS_Unstable:          0 kB
Bounce:                0 kB
WritebackTmp:          0 kB
CommitLimit:      241032 kB
Committed_AS:    3940060 kB
VmallocTotal:     507904 kB
VmallocUsed:      128508 kB
VmallocChunk:     112576 kB
1557585768.000000
MemTotal:         482068 kB
MemFree:            9684 kB
Buffers:             632 kB
Cached:            68028 kB
SwapCached:            0 kB
Active:           333108 kB
Inactive:          35368 kB
Active(anon):     301168 kB
Inactive(anon):     3296 kB
Active(file):      31940 kB
Inactive(file):    32072 kB
Unevictable:        2032 kB
Mlocked:            6180 kB
HighTotal:             0 kB
HighFree:              0 kB
LowTotal:         482068 kB
LowFree:            9684 kB
SwapTotal:             0 kB
SwapFree:              0 kB
Dirty:                28 kB
Writeback:             0 kB
AnonPages:        301836 kB
Mapped:            84168 kB
Shmem:              3392 kB
Slab:              22372 kB
SReclaimable:       5036 kB
SUnreclaim:        17336 kB
KernelStack:        5792 kB
PageTables:         7272 kB
NFS_Unstable:          0 kB
Bounce:                0 kB
WritebackTmp:          0 kB
CommitLimit:      241032 kB
Committed_AS:    3940060 kB
VmallocTotal:     507904 kB
VmallocUsed:      128508 kB
VmallocChunk:     112576 kB
1557585769.000000
MemTotal:         482068 kB
MemFree:            9824 kB
Buffers:             632 kB
Cached:            68036 kB
SwapCached:            0 kB
Active:           332872 kB
Inactive:          35376 kB
Active(anon):     300932 kB
Inactive(anon):     3296 kB
Active(file):      31940 kB
Inactive(file):    32080 kB
Unevictable:        2032 kB
Mlocked:            6180 kB
HighTotal:             0 kB
HighFree:              0 kB
LowTotal:         482068 kB
LowFree:            9824 kB
SwapTotal:             0 kB
SwapFree:              0 kB
Dirty:                28 kB
Writeback:             0 kB
AnonPages:        301544 kB
Mapped:            84172 kB
Shmem:              3392 kB
Slab:              22376 kB
SReclaimable:       5036 kB
SUnreclaim:        17340 kB
KernelStack:        5792 kB
PageTables:         7344 kB
NFS_Unstable:          0 kB
Bounce:                0 kB
WritebackTmp:          0 kB
CommitLimit:      241032 kB
Committed_AS:    3940060 kB
VmallocTotal:     507904 kB
VmallocUsed:      128508 kB
VmallocChunk:     112576 kB
1557585770.000000
MemTotal:         482068 kB
MemFree:            9816 kB
Buffers:             632 kB
Cached:            68044 kB
SwapCached:            0 kB
Active:           333448 kB
Inactive:          35372 kB
Active(anon):     301508 kB
Inactive(anon):     3292 kB
Active(file):      31940 kB
Inactive(file):    32080 kB
Unevictable:        2032 kB
Mlocked:            6180 kB
HighTotal:             0 kB
HighFree:              0 kB
LowTotal:         482068 kB
LowFree:            9816 kB
SwapTotal:             0 kB
SwapFree:              0 kB
Dirty:                 0 kB
Writeback:             4 kB
AnonPages:        302188 kB
Mapped:            84104 kB
Shmem:              3400 kB
Slab:              22360 kB
SReclaimable:       5036 kB
SUnreclaim:        17324 kB
KernelStack:        5792 kB
PageTables:         7272 kB
NFS_Unstable:          0 kB
Bounce:                0 kB
WritebackTmp:          0 kB
CommitLimit:      241032 kB
Committed_AS:    3939964 kB
VmallocTotal:     507904 kB
VmallocUsed:      128508 kB
VmallocChunk:     112576 kB
1557585771.000000
MemTotal:         482068 kB
MemFree:            9336 kB
Buffers:             624 kB
Cached:            67872 kB
SwapCached:            0 kB
Active:           333908 kB
Inactive:          35316 kB
Active(anon):     302092 kB
Inactive(anon):     3292 kB
Active(file):      31816 kB
Inactive(file):    32024 kB
Unevictable:        2032 kB
Mlocked:            6180 kB
HighTotal:             0 kB
HighFree:              0 kB
LowTotal:         482068 kB
LowFree:            9336 kB
SwapTotal:             0 kB
SwapFree:              0 kB
Dirty:                 0 kB
Writeback:             0 kB
AnonPages:        302824 kB
Mapped:            84080 kB
Shmem:              3400 kB
Slab:              22368 kB
SReclaimable:       5036 kB
SUnreclaim:        17332 kB
KernelStack:        5792 kB
PageTables:         7272 kB
NFS_Unstable:          0 kB
Bounce:                0 kB
WritebackTmp:          0 kB
CommitLimit:      241032 kB
Committed_AS:    3941088 kB
VmallocTotal:     507904 kB
VmallocUsed:      128508 kB
VmallocChunk:     112576 kB
1557585772.000000
MemTotal:         482068 kB
MemFree:            9296 kB
Buffers:             604 kB
Cached:            67664 kB
SwapCached:            0 kB
Active:           333852 kB
Inactive:          35200 kB
Active(anon):     302164 kB
Inactive(anon):     3292 kB
Active(file):      31688 kB
Inactive(file):    31908 kB
Unevictable:        2032 kB
Mlocked:            6180 kB
HighTotal:             0 kB
HighFree:              0 kB
LowTotal:         482068 kB
LowFree:            9296 kB
SwapTotal:             0 kB
SwapFree:              0 kB
Dirty:                 0 kB
Writeback:             0 kB
AnonPages:        302804 kB
Mapped:            84104 kB
Shmem:              3400 kB
Slab:              22356 kB
SReclaimable:       5036 kB
SUnreclaim:        17320 kB
KernelStack:        5792 kB
PageTables:         7260 kB
NFS_Unstable:          0 kB
Bounce:                0 kB
WritebackTmp:          0 kB
CommitLimit:      241032 kB
Committed_AS:    3941088 kB
VmallocTotal:     507904 kB
VmallocUsed:      128508 kB
VmallocChunk:     112576 kB
1557585772.000000
MemTotal:         482068 kB
MemFree:            8940 kB
Buffers:             612 kB
Cached:            67660 kB
SwapCached:            0 kB
Active:           333808 kB
Inactive:          35212 kB
Active(anon):     302112 kB
Inactive(anon):     3292 kB
Active(file):      31696 kB
Inactive(file):    31920 kB
Unevictable:        2032 kB
Mlocked:            6180 kB
HighTotal:             0 kB
HighFree:              0 kB
LowTotal:         482068 kB
LowFree:            8940 kB
SwapTotal:             0 kB
SwapFree:              0 kB
Dirty:                24 kB
Writeback:             0 kB
AnonPages:        302824 kB
Mapped:            84028 kB
Shmem:              3400 kB
Slab:              22372 kB
SReclaimable:       5036 kB
SUnreclaim:        17336 kB
KernelStack:        5784 kB
PageTables:         7264 kB
NFS_Unstable:          0 kB
Bounce:                0 kB
WritebackTmp:          0 kB
CommitLimit:      241032 kB
Committed_AS:    3941000 kB
VmallocTotal:     507904 kB
VmallocUsed:      128508 kB
VmallocChunk:     112576 kB
1557585773.000000
MemTotal:         482068 kB
MemFree:            9064 kB
Buffers:             612 kB
Cached:            67668 kB
SwapCached:            0 kB
Active:           333888 kB
Inactive:          35220 kB
Active(anon):     302192 kB
Inactive(anon):     3292 kB
Active(file):      31696 kB
Inactive(file):    31928 kB
Unevictable:        2032 kB
Mlocked:            6180 kB
HighTotal:             0 kB
HighFree:              0 kB
LowTotal:         482068 kB
LowFree:            9064 kB
SwapTotal:             0 kB
SwapFree:              0 kB
Dirty:                24 kB
Writeback:             0 kB
AnonPages:        302848 kB
Mapped:            84080 kB
Shmem:              3400 kB
Slab:              22356 kB
SReclaimable:       5036 kB
SUnreclaim:        17320 kB
KernelStack:        5784 kB
PageTables:         7248 kB
NFS_Unstable:          0 kB
Bounce:                0 kB
WritebackTmp:          0 kB
CommitLimit:      241032 kB
Committed_AS:    3940996 kB
VmallocTotal:     507904 kB
VmallocUsed:      128508 kB
VmallocChunk:     112576 kB
1557585774.000000
MemTotal:         482068 kB
MemFree:            8344 kB
Buffers:             584 kB
Cached:            67544 kB
SwapCached:            0 kB
Active:           334564 kB
Inactive:          35032 kB
Active(anon):     302868 kB
Inactive(anon):     3292 kB
Active(file):      31696 kB
Inactive(file):    31740 kB
Unevictable:        2032 kB
Mlocked:            6180 kB
HighTotal:             0 kB
HighFree:              0 kB
LowTotal:         482068 kB
LowFree:            8344 kB
SwapTotal:             0 kB
SwapFree:              0 kB
Dirty:                24 kB
Writeback:             0 kB
AnonPages:        303532 kB
Mapped:            84080 kB
Shmem:              3400 kB
Slab:              22408 kB
SReclaimable:       5036 kB
SUnreclaim:        17372 kB
KernelStack:        5784 kB
PageTables:         7324 kB
NFS_Unstable:          0 kB
Bounce:                0 kB
WritebackTmp:          0 kB
CommitLimit:      241032 kB
Committed_AS:    3941092 kB
VmallocTotal:     507904 kB
VmallocUsed:      128508 kB
VmallocChunk:     112576 kB
1557585775.000000
MemTotal:         482068 kB
MemFree:            7468 kB
Buffers:             584 kB
Cached:            67516 kB
SwapCached:            0 kB
Active:           335712 kB
Inactive:          35036 kB
Active(anon):     304012 kB
Inactive(anon):     3292 kB
Active(file):      31700 kB
Inactive(file):    31744 kB
Unevictable:        2032 kB
Mlocked:            6180 kB
HighTotal:             0 kB
HighFree:              0 kB
LowTotal:         482068 kB
LowFree:            7468 kB
SwapTotal:             0 kB
SwapFree:              0 kB
Dirty:                28 kB
Writeback:             0 kB
AnonPages:        304728 kB
Mapped:            84104 kB
Shmem:              3400 kB
Slab:              22396 kB
SReclaimable:       5036 kB
SUnreclaim:        17360 kB
KernelStack:        5792 kB
PageTables:         7260 kB
NFS_Unstable:          0 kB
Bounce:                0 kB
WritebackTmp:          0 kB
CommitLimit:      241032 kB
Committed_AS:    3942120 kB
VmallocTotal:     507904 kB
VmallocUsed:      128508 kB
VmallocChunk:     112576 kB
1557585776.000000
MemTotal:         482068 kB
MemFree:            7112 kB
Buffers:             584 kB
Cached:            67528 kB
SwapCached:            0 kB
Active:           336120 kB
Inactive:          35048 kB
Active(anon):     304420 kB
Inactive(anon):     3292 kB
Active(file):      31700 kB
Inactive(file):    31756 kB
Unevictable:        2032 kB
Mlocked:            6180 kB
HighTotal:             0 kB
HighFree:              0 kB
LowTotal:         482068 kB
LowFree:            7112 kB
SwapTotal:             0 kB
SwapFree:              0 kB
Dirty:                28 kB
Writeback:             0 kB
AnonPages:        304980 kB
Mapped:            84032 kB
Shmem:              3400 kB
Slab:              22304 kB
SReclaimable:       5036 kB
SUnreclaim:        17268 kB
KernelStack:        5800 kB
PageTables:         7340 kB
NFS_Unstable:          0 kB
Bounce:                0 kB
WritebackTmp:          0 kB
CommitLimit:      241032 kB
Committed_AS:    3942008 kB
VmallocTotal:     507904 kB
VmallocUsed:      128508 kB
VmallocChunk:     112576 kB
1557585777.000000
MemTotal:         482068 kB
MemFree:            7724 kB
Buffers:             584 kB
Cached:            67220 kB
SwapCached:            0 kB
Active:           335428 kB
Inactive:          34928 kB
Active(anon):     303916 kB
Inactive(anon):     3292 kB
Active(file):      31512 kB
Inactive(file):    31636 kB
Unevictable:        2032 kB
Mlocked:            6180 kB
HighTotal:             0 kB
HighFree:              0 kB
LowTotal:         482068 kB
LowFree:            7724 kB
SwapTotal:             0 kB
SwapFree:              0 kB
Dirty:                 4 kB
Writeback:             0 kB
AnonPages:        304644 kB
Mapped:            84088 kB
Shmem:              3400 kB
Slab:              22344 kB
SReclaimable:       5036 kB
SUnreclaim:        17308 kB
KernelStack:        5784 kB
PageTables:         7264 kB
NFS_Unstable:          0 kB
Bounce:                0 kB
WritebackTmp:          0 kB
CommitLimit:      241032 kB
Committed_AS:    3942128 kB
VmallocTotal:     507904 kB
VmallocUsed:      128508 kB
VmallocChunk:     112576 kB
1557585778.000000
MemTotal:         482068 kB
MemFree:            7616 kB
Buffers:             584 kB
Cached:            67220 kB
SwapCached:            0 kB
Active:           336060 kB
Inactive:          34928 kB
Active(anon):     304548 kB
Inactive(anon):     3292 kB
Active(file):      31512 kB
Inactive(file):    31636 kB
Unevictable:        2032 kB
Mlocked:            6180 kB
HighTotal:             0 kB
HighFree:              0 kB
LowTotal:         482068 kB
LowFree:            7616 kB
SwapTotal:             0 kB
SwapFree:              0 kB
Dirty:                 4 kB
Writeback:             0 kB
AnonPages:        305248 kB
Mapped:            84064 kB
Shmem:              3400 kB
Slab:              22364 kB
SReclaimable:       5036 kB
SUnreclaim:        17328 kB
KernelStack:        5792 kB
PageTables:         7276 kB
NFS_Unstable:          0 kB
Bounce:                0 kB
WritebackTmp:          0 kB
CommitLimit:      241032 kB
Committed_AS:    3942128 kB
VmallocTotal:     507904 kB
VmallocUsed:      128508 kB
VmallocChunk:     112576 kB
1557585779.000000
MemTotal:         482068 kB
MemFree:            6468 kB
Buffers:             584 kB
Cached:            67068 kB
SwapCached:            0 kB
Active:           337076 kB
Inactive:          34868 kB
Active(anon):     305684 kB
Inactive(anon):     3292 kB
Active(file):      31392 kB
Inactive(file):    31576 kB
Unevictable:        2032 kB
Mlocked:            6180 kB
HighTotal:             0 kB
HighFree:              0 kB
LowTotal:         482068 kB
LowFree:            6468 kB
SwapTotal:             0 kB
SwapFree:              0 kB
Dirty:                 4 kB
Writeback:             0 kB
AnonPages:        306344 kB
Mapped:            84064 kB
Shmem:              3400 kB
Slab:              22344 kB
SReclaimable:       5036 kB
SUnreclaim:        17308 kB
KernelStack:        5792 kB
PageTables:         7276 kB
NFS_Unstable:          0 kB
Bounce:                0 kB
WritebackTmp:          0 kB
CommitLimit:      241032 kB
Committed_AS:    3943032 kB
VmallocTotal:     507904 kB
VmallocUsed:      128508 kB
VmallocChunk:     112576 kB
1557585780.000000
MemTotal:         482068 kB
MemFree:            6088 kB
Buffers:             592 kB
Cached:            66976 kB
SwapCached:            0 kB
Active:           337180 kB
Inactive:          34780 kB
Active(anon):     305788 kB
Inactive(anon):     3292 kB
Active(file):      31392 kB
Inactive(file):    31488 kB
Unevictable:        2032 kB
Mlocked:            6180 kB
HighTotal:             0 kB
HighFree:              0 kB
LowTotal:         482068 kB
LowFree:            6088 kB
SwapTotal:             0 kB
SwapFree:              0 kB
Dirty:                 0 kB
Writeback:             0 kB
AnonPages:        306436 kB
Mapped:            84080 kB
Shmem:              3400 kB
Slab:              22368 kB
SReclaimable:       5036 kB
SUnreclaim:        17332 kB
KernelStack:        5792 kB
PageTables:         7276 kB
NFS_Unstable:          0 kB
Bounce:                0 kB
WritebackTmp:          0 kB
CommitLimit:      241032 kB
Committed_AS:    3943152 kB
VmallocTotal:     507904 kB
VmallocUsed:      128508 kB
VmallocChunk:     112576 kB
1557585781.000000
MemTotal:         482068 kB
MemFree:            6104 kB
Buffers:             592 kB
Cached:            67068 kB
SwapCached:            0 kB
Active:           337220 kB
Inactive:          34808 kB
Active(anon):     305772 kB
Inactive(anon):     3292 kB
Active(file):      31448 kB
Inactive(file):    31516 kB
Unevictable:        2032 kB
Mlocked:            6180 kB
HighTotal:             0 kB
HighFree:              0 kB
LowTotal:         482068 kB
LowFree:            6104 kB
SwapTotal:             0 kB
SwapFree:              0 kB
Dirty:                52 kB
Writeback:             0 kB
AnonPages:        306496 kB
Mapped:            84092 kB
Shmem:              3400 kB
Slab:              22368 kB
SReclaimable:       5036 kB
SUnreclaim:        17332 kB
KernelStack:        5792 kB
PageTables:         7280 kB
NFS_Unstable:          0 kB
Bounce:                0 kB
WritebackTmp:          0 kB
CommitLimit:      241032 kB
Committed_AS:    3943152 kB
VmallocTotal:     507904 kB
VmallocUsed:      128508 kB
VmallocChunk:     112576 kB
1557585782.000000
MemTotal:         482068 kB
MemFree:            5864 kB
Buffers:             592 kB
Cached:            67028 kB
SwapCached:            0 kB
Active:           337284 kB
Inactive:          34808 kB
Active(anon):     305836 kB
Inactive(anon):     3292 kB
Active(file):      31448 kB
Inactive(file):    31516 kB
Unevictable:        2032 kB
Mlocked:            6180 kB
HighTotal:             0 kB
HighFree:              0 kB
LowTotal:         482068 kB
LowFree:            5864 kB
SwapTotal:             0 kB
SwapFree:              0 kB
Dirty:                52 kB
Writeback:             0 kB
AnonPages:        306556 kB
Mapped:            84000 kB
Shmem:              3400 kB
Slab:              22360 kB
SReclaimable:       5036 kB
SUnreclaim:        17324 kB
KernelStack:        5792 kB
PageTables:         7280 kB
NFS_Unstable:          0 kB
Bounce:                0 kB
WritebackTmp:          0 kB
CommitLimit:      241032 kB
Committed_AS:    3943160 kB
VmallocTotal:     507904 kB
VmallocUsed:      128508 kB
VmallocChunk:     112576 kB
1557585783.000000
MemTotal:         482068 kB
MemFree:            5468 kB
Buffers:             592 kB
Cached:            67176 kB
SwapCached:            0 kB
Active:           337636 kB
Inactive:          34956 kB
Active(anon):     306188 kB
Inactive(anon):     3292 kB
Active(file):      31448 kB
Inactive(file):    31664 kB
Unevictable:        2032 kB
Mlocked:            6180 kB
HighTotal:             0 kB
HighFree:              0 kB
LowTotal:         482068 kB
LowFree:            5468 kB
SwapTotal:             0 kB
SwapFree:              0 kB
Dirty:                 0 kB
Writeback:             0 kB
AnonPages:        306836 kB
Mapped:            84116 kB
Shmem:              3400 kB
Slab:              22356 kB
SReclaimable:       5036 kB
SUnreclaim:        17320 kB
KernelStack:        5784 kB
PageTables:         7264 kB
NFS_Unstable:          0 kB
Bounce:                0 kB
WritebackTmp:          0 kB
CommitLimit:      241032 kB
Committed_AS:    3943288 kB
VmallocTotal:     507904 kB
VmallocUsed:      128508 kB
VmallocChunk:     112576 kB
1557585784.000000
MemTotal:         482068 kB
MemFree:            5592 kB
Buffers:             592 kB
Cached:            66980 kB
SwapCached:            0 kB
Active:           337620 kB
Inactive:          34748 kB
Active(anon):     306160 kB
Inactive(anon):     3292 kB
Active(file):      31460 kB
Inactive(file):    31456 kB
Unevictable:        2032 kB
Mlocked:            6180 kB
HighTotal:             0 kB
HighFree:              0 kB
LowTotal:         482068 kB
LowFree:            5592 kB
SwapTotal:             0 kB
SwapFree:              0 kB
Dirty:                 0 kB
Writeback:             0 kB
AnonPages:        306884 kB
Mapped:            84112 kB
Shmem:              3400 kB
Slab:              22384 kB
SReclaimable:       5036 kB
SUnreclaim:        17348 kB
KernelStack:        5800 kB
PageTables:         7288 kB
NFS_Unstable:          0 kB
Bounce:                0 kB
WritebackTmp:          0 kB
CommitLimit:      241032 kB
Committed_AS:    3943328 kB
VmallocTotal:     507904 kB
VmallocUsed:      128508 kB
VmallocChunk:     112576 kB
1557585784.000000
MemTotal:         482068 kB
MemFree:            5740 kB
Buffers:             592 kB
Cached:            67024 kB
SwapCached:            0 kB
Active:           337516 kB
Inactive:          34792 kB
Active(anon):     306056 kB
Inactive(anon):     3292 kB
Active(file):      31460 kB
Inactive(file):    31500 kB
Unevictable:        2032 kB
Mlocked:            6180 kB
HighTotal:             0 kB
HighFree:              0 kB
LowTotal:         482068 kB
LowFree:            5740 kB
SwapTotal:             0 kB
SwapFree:              0 kB
Dirty:                 0 kB
Writeback:             0 kB
AnonPages:        306724 kB
Mapped:            84092 kB
Shmem:              3400 kB
Slab:              22368 kB
SReclaimable:       5036 kB
SUnreclaim:        17332 kB
KernelStack:        5800 kB
PageTables:         7276 kB
NFS_Unstable:          0 kB
Bounce:                0 kB
WritebackTmp:          0 kB
CommitLimit:      241032 kB
Committed_AS:    3943344 kB
VmallocTotal:     507904 kB
VmallocUsed:      128508 kB
VmallocChunk:     112576 kB
1557585785.000000
MemTotal:         482068 kB
MemFree:            5608 kB
Buffers:             592 kB
Cached:            67100 kB
SwapCached:            0 kB
Active:           337568 kB
Inactive:          34844 kB
Active(anon):     306108 kB
Inactive(anon):     3292 kB
Active(file):      31460 kB
Inactive(file):    31552 kB
Unevictable:        2032 kB
Mlocked:            6180 kB
HighTotal:             0 kB
HighFree:              0 kB
LowTotal:         482068 kB
LowFree:            5608 kB
SwapTotal:             0 kB
SwapFree:              0 kB
Dirty:                 0 kB
Writeback:             0 kB
AnonPages:        306800 kB
Mapped:            84092 kB
Shmem:              3400 kB
Slab:              22368 kB
SReclaimable:       5036 kB
SUnreclaim:        17332 kB
KernelStack:        5800 kB
PageTables:         7276 kB
NFS_Unstable:          0 kB
Bounce:                0 kB
WritebackTmp:          0 kB
CommitLimit:      241032 kB
Committed_AS:    3943288 kB
VmallocTotal:     507904 kB
VmallocUsed:      128508 kB
VmallocChunk:     112576 kB
1557585786.000000
MemTotal:         482068 kB
MemFree:            5632 kB
Buffers:             600 kB
Cached:            67084 kB
SwapCached:            0 kB
Active:           337632 kB
Inactive:          34860 kB
Active(anon):     306172 kB
Inactive(anon):     3292 kB
Active(file):      31460 kB
Inactive(file):    31568 kB
Unevictable:        2032 kB
Mlocked:            6180 kB
HighTotal:             0 kB
HighFree:              0 kB
LowTotal:         482068 kB
LowFree:            5632 kB
SwapTotal:             0 kB
SwapFree:              0 kB
Dirty:                 0 kB
Writeback:             0 kB
AnonPages:        306916 kB
Mapped:            84128 kB
Shmem:              3400 kB
Slab:              22364 kB
SReclaimable:       5036 kB
SUnreclaim:        17328 kB
KernelStack:        5792 kB
PageTables:         7264 kB
NFS_Unstable:          0 kB
Bounce:                0 kB
WritebackTmp:          0 kB
CommitLimit:      241032 kB
Committed_AS:    3943432 kB
VmallocTotal:     507904 kB
VmallocUsed:      128508 kB
VmallocChunk:     112576 kB
1557585787.000000
MemTotal:         482068 kB
MemFree:            5732 kB
Buffers:             600 kB
Cached:            66864 kB
SwapCached:            0 kB
Active:           337888 kB
Inactive:          34756 kB
Active(anon):     306548 kB
Inactive(anon):     3292 kB
Active(file):      31340 kB
Inactive(file):    31464 kB
Unevictable:        2032 kB
Mlocked:            6180 kB
HighTotal:             0 kB
HighFree:              0 kB
LowTotal:         482068 kB
LowFree:            5732 kB
SwapTotal:             0 kB
SwapFree:              0 kB
Dirty:                 4 kB
Writeback:             0 kB
AnonPages:        307336 kB
Mapped:            84128 kB
Shmem:              3400 kB
Slab:              22364 kB
SReclaimable:       5036 kB
SUnreclaim:        17328 kB
KernelStack:        5792 kB
PageTables:         7264 kB
NFS_Unstable:          0 kB
Bounce:                0 kB
WritebackTmp:          0 kB
CommitLimit:      241032 kB
Committed_AS:    3943468 kB
VmallocTotal:     507904 kB
VmallocUsed:      128508 kB
VmallocChunk:     112576 kB
1557585788.000000
MemTotal:         482068 kB
MemFree:            5360 kB
Buffers:             600 kB
Cached:            66868 kB
SwapCached:            0 kB
Active:           338060 kB
Inactive:          34756 kB
Active(anon):     306712 kB
Inactive(anon):     3292 kB
Active(file):      31348 kB
Inactive(file):    31464 kB
Unevictable:        2032 kB
Mlocked:            6180 kB
HighTotal:             0 kB
HighFree:              0 kB
LowTotal:         482068 kB
LowFree:            5360 kB
SwapTotal:             0 kB
SwapFree:              0 kB
Dirty:                 4 kB
Writeback:             0 kB
AnonPages:        307376 kB
Mapped:            84104 kB
Shmem:              3400 kB
Slab:              22364 kB
SReclaimable:       5036 kB
SUnreclaim:        17328 kB
KernelStack:        5792 kB
PageTables:         7352 kB
NFS_Unstable:          0 kB
Bounce:                0 kB
WritebackTmp:          0 kB
CommitLimit:      241032 kB
Committed_AS:    3943468 kB
VmallocTotal:     507904 kB
VmallocUsed:      128508 kB
VmallocChunk:     112576 kB
1557585789.000000
MemTotal:         482068 kB
MemFree:            6252 kB
Buffers:             600 kB
Cached:            66868 kB
SwapCached:            0 kB
Active:           337036 kB
Inactive:          34756 kB
Active(anon):     305688 kB
Inactive(anon):     3292 kB
Active(file):      31348 kB
Inactive(file):    31464 kB
Unevictable:        2032 kB
Mlocked:            6180 kB
HighTotal:             0 kB
HighFree:              0 kB
LowTotal:         482068 kB
LowFree:            6252 kB
SwapTotal:             0 kB
SwapFree:              0 kB
Dirty:                 4 kB
Writeback:             0 kB
AnonPages:        306360 kB
Mapped:            84104 kB
Shmem:              3400 kB
Slab:              22364 kB
SReclaimable:       5036 kB
SUnreclaim:        17328 kB
KernelStack:        5792 kB
PageTables:         7284 kB
NFS_Unstable:          0 kB
Bounce:                0 kB
WritebackTmp:          0 kB
CommitLimit:      241032 kB
Committed_AS:    3943528 kB
VmallocTotal:     507904 kB
VmallocUsed:      128508 kB
VmallocChunk:     112576 kB
1557585790.000000
MemTotal:         482068 kB
MemFree:            6384 kB
Buffers:             600 kB
Cached:            66648 kB
SwapCached:            0 kB
Active:           337056 kB
Inactive:          34632 kB
Active(anon):     305828 kB
Inactive(anon):     3292 kB
Active(file):      31228 kB
Inactive(file):    31340 kB
Unevictable:        2032 kB
Mlocked:            6180 kB
HighTotal:             0 kB
HighFree:              0 kB
LowTotal:         482068 kB
LowFree:            6384 kB
SwapTotal:             0 kB
SwapFree:              0 kB
Dirty:                 0 kB
Writeback:             0 kB
AnonPages:        306488 kB
Mapped:            84112 kB
Shmem:              3408 kB
Slab:              22372 kB
SReclaimable:       5036 kB
SUnreclaim:        17336 kB
KernelStack:        5792 kB
PageTables:         7276 kB
NFS_Unstable:          0 kB
Bounce:                0 kB
WritebackTmp:          0 kB
CommitLimit:      241032 kB
Committed_AS:    3944584 kB
VmallocTotal:     507904 kB
VmallocUsed:      128508 kB
VmallocChunk:     112576 kB
1557585791.000000
MemTotal:         482068 kB
MemFree:            6344 kB
Buffers:             600 kB
Cached:            66648 kB
SwapCached:            0 kB
Active:           337092 kB
Inactive:          34632 kB
Active(anon):     305852 kB
Inactive(anon):     3292 kB
Active(file):      31240 kB
Inactive(file):    31340 kB
Unevictable:        2032 kB
Mlocked:            6180 kB
HighTotal:             0 kB
HighFree:              0 kB
LowTotal:         482068 kB
LowFree:            6344 kB
SwapTotal:             0 kB
SwapFree:              0 kB
Dirty:                 0 kB
Writeback:             0 kB
AnonPages:        306556 kB
Mapped:            84040 kB
Shmem:              3412 kB
Slab:              22364 kB
SReclaimable:       5036 kB
SUnreclaim:        17328 kB
KernelStack:        5792 kB
PageTables:         7268 kB
NFS_Unstable:          0 kB
Bounce:                0 kB
WritebackTmp:          0 kB
CommitLimit:      241032 kB
Committed_AS:    3944584 kB
VmallocTotal:     507904 kB
VmallocUsed:      128508 kB
VmallocChunk:     112576 kB
1557585791.000000
MemTotal:         482068 kB
MemFree:            6260 kB
Buffers:             600 kB
Cached:            66648 kB
SwapCached:            0 kB
Active:           337148 kB
Inactive:          34632 kB
Active(anon):     305908 kB
Inactive(anon):     3292 kB
Active(file):      31240 kB
Inactive(file):    31340 kB
Unevictable:        2032 kB
Mlocked:            6180 kB
HighTotal:             0 kB
HighFree:              0 kB
LowTotal:         482068 kB
LowFree:            6260 kB
SwapTotal:             0 kB
SwapFree:              0 kB
Dirty:                 0 kB
Writeback:             0 kB
AnonPages:        306628 kB
Mapped:            84136 kB
Shmem:              3412 kB
Slab:              22348 kB
SReclaimable:       5036 kB
SUnreclaim:        17312 kB
KernelStack:        5792 kB
PageTables:         7252 kB
NFS_Unstable:          0 kB
Bounce:                0 kB
WritebackTmp:          0 kB
CommitLimit:      241032 kB
Committed_AS:    3944584 kB
VmallocTotal:     507904 kB
VmallocUsed:      128508 kB
VmallocChunk:     112576 kB
1557585792.000000
MemTotal:         482068 kB
MemFree:            6980 kB
Buffers:             600 kB
Cached:            66656 kB
SwapCached:            0 kB
Active:           336468 kB
Inactive:          34636 kB
Active(anon):     305228 kB
Inactive(anon):     3296 kB
Active(file):      31240 kB
Inactive(file):    31340 kB
Unevictable:        2032 kB
Mlocked:            6180 kB
HighTotal:             0 kB
HighFree:              0 kB
LowTotal:         482068 kB
LowFree:            6980 kB
SwapTotal:             0 kB
SwapFree:              0 kB
Dirty:                 0 kB
Writeback:             0 kB
AnonPages:        305840 kB
Mapped:            84144 kB
Shmem:              3420 kB
Slab:              22376 kB
SReclaimable:       5036 kB
SUnreclaim:        17340 kB
KernelStack:        5792 kB
PageTables:         7276 kB
NFS_Unstable:          0 kB
Bounce:                0 kB
WritebackTmp:          0 kB
CommitLimit:      241032 kB
Committed_AS:    3944576 kB
VmallocTotal:     507904 kB
VmallocUsed:      128508 kB
VmallocChunk:     112576 kB
1557585793.000000
MemTotal:         482068 kB
MemFree:            7436 kB
Buffers:             600 kB
Cached:            66656 kB
SwapCached:            0 kB
Active:           336052 kB
Inactive:          34636 kB
Active(anon):     304812 kB
Inactive(anon):     3296 kB
Active(file):      31240 kB
Inactive(file):    31340 kB
Unevictable:        2032 kB
Mlocked:            6180 kB
HighTotal:             0 kB
HighFree:              0 kB
LowTotal:         482068 kB
LowFree:            7436 kB
SwapTotal:             0 kB
SwapFree:              0 kB
Dirty:                 0 kB
Writeback:             0 kB
AnonPages:        305536 kB
Mapped:            84144 kB
Shmem:              3420 kB
Slab:              22376 kB
SReclaimable:       5036 kB
SUnreclaim:        17340 kB
KernelStack:        5792 kB
PageTables:         7276 kB
NFS_Unstable:          0 kB
Bounce:                0 kB
WritebackTmp:          0 kB
CommitLimit:      241032 kB
Committed_AS:    3944588 kB
VmallocTotal:     507904 kB
VmallocUsed:      128508 kB
VmallocChunk:     112576 kB
1557585794.000000
MemTotal:         482068 kB
MemFree:            7244 kB
Buffers:             600 kB
Cached:            66656 kB
SwapCached:            0 kB
Active:           336216 kB
Inactive:          34636 kB
Active(anon):     304976 kB
Inactive(anon):     3296 kB
Active(file):      31240 kB
Inactive(file):    31340 kB
Unevictable:        2032 kB
Mlocked:            6180 kB
HighTotal:             0 kB
HighFree:              0 kB
LowTotal:         482068 kB
LowFree:            7244 kB
SwapTotal:             0 kB
SwapFree:              0 kB
Dirty:                 0 kB
Writeback:             0 kB
AnonPages:        305676 kB
Mapped:            84124 kB
Shmem:              3420 kB
Slab:              22348 kB
SReclaimable:       5036 kB
SUnreclaim:        17312 kB
KernelStack:        5800 kB
PageTables:         7268 kB
NFS_Unstable:          0 kB
Bounce:                0 kB
WritebackTmp:          0 kB
CommitLimit:      241032 kB
Committed_AS:    3944588 kB
VmallocTotal:     507904 kB
VmallocUsed:      128508 kB
VmallocChunk:     112576 kB
1557585795.000000
MemTotal:         482068 kB
MemFree:            9336 kB
Buffers:             600 kB
Cached:            66428 kB
SwapCached:            0 kB
Active:           334064 kB
Inactive:          34568 kB
Active(anon):     302996 kB
Inactive(anon):     3296 kB
Active(file):      31068 kB
Inactive(file):    31272 kB
Unevictable:        2032 kB
Mlocked:            6180 kB
HighTotal:             0 kB
HighFree:              0 kB
LowTotal:         482068 kB
LowFree:            9336 kB
SwapTotal:             0 kB
SwapFree:              0 kB
Dirty:                 0 kB
Writeback:             0 kB
AnonPages:        303672 kB
Mapped:            84124 kB
Shmem:              3420 kB
Slab:              22344 kB
SReclaimable:       5036 kB
SUnreclaim:        17308 kB
KernelStack:        5784 kB
PageTables:         7268 kB
NFS_Unstable:          0 kB
Bounce:                0 kB
WritebackTmp:          0 kB
CommitLimit:      241032 kB
Committed_AS:    3944600 kB
VmallocTotal:     507904 kB
VmallocUsed:      128508 kB
VmallocChunk:     112576 kB
1557585796.000000
MemTotal:         482068 kB
MemFree:           13908 kB
Buffers:             600 kB
Cached:            66428 kB
SwapCached:            0 kB
Active:           329488 kB
Inactive:          34580 kB
Active(anon):     298420 kB
Inactive(anon):     3296 kB
Active(file):      31068 kB
Inactive(file):    31284 kB
Unevictable:        2032 kB
Mlocked:            6180 kB
HighTotal:             0 kB
HighFree:              0 kB
LowTotal:         482068 kB
LowFree:           13908 kB
SwapTotal:             0 kB
SwapFree:              0 kB
Dirty:                 0 kB
Writeback:             0 kB
AnonPages:        299136 kB
Mapped:            84040 kB
Shmem:              3420 kB
Slab:              22376 kB
SReclaimable:       5036 kB
SUnreclaim:        17340 kB
KernelStack:        5800 kB
PageTables:         7280 kB
NFS_Unstable:          0 kB
Bounce:                0 kB
WritebackTmp:          0 kB
CommitLimit:      241032 kB
Committed_AS:    3941596 kB
VmallocTotal:     507904 kB
VmallocUsed:      128508 kB
VmallocChunk:     112576 kB
1557585797.000000
MemTotal:         482068 kB
MemFree:           13388 kB
Buffers:             600 kB
Cached:            66428 kB
SwapCached:            0 kB
Active:           330076 kB
Inactive:          34580 kB
Active(anon):     299008 kB
Inactive(anon):     3296 kB
Active(file):      31068 kB
Inactive(file):    31284 kB
Unevictable:        2032 kB
Mlocked:            6180 kB
HighTotal:             0 kB
HighFree:              0 kB
LowTotal:         482068 kB
LowFree:           13388 kB
SwapTotal:             0 kB
SwapFree:              0 kB
Dirty:                 0 kB
Writeback:             0 kB
AnonPages:        299676 kB
Mapped:            84116 kB
Shmem:              3420 kB
Slab:              22368 kB
SReclaimable:       5036 kB
SUnreclaim:        17332 kB
KernelStack:        5792 kB
PageTables:         7332 kB
NFS_Unstable:          0 kB
Bounce:                0 kB
WritebackTmp:          0 kB
CommitLimit:      241032 kB
Committed_AS:    3941720 kB
VmallocTotal:     507904 kB
VmallocUsed:      128508 kB
VmallocChunk:     112576 kB
1557585798.000000
MemTotal:         482068 kB
MemFree:           14420 kB
Buffers:             600 kB
Cached:            66428 kB
SwapCached:            0 kB
Active:           329028 kB
Inactive:          34580 kB
Active(anon):     297960 kB
Inactive(anon):     3296 kB
Active(file):      31068 kB
Inactive(file):    31284 kB
Unevictable:        2032 kB
Mlocked:            6180 kB
HighTotal:             0 kB
HighFree:              0 kB
LowTotal:         482068 kB
LowFree:           14420 kB
SwapTotal:             0 kB
SwapFree:              0 kB
Dirty:                 0 kB
Writeback:             0 kB
AnonPages:        298620 kB
Mapped:            84128 kB
Shmem:              3420 kB
Slab:              22344 kB
SReclaimable:       5036 kB
SUnreclaim:        17308 kB
KernelStack:        5784 kB
PageTables:         7268 kB
NFS_Unstable:          0 kB
Bounce:                0 kB
WritebackTmp:          0 kB
CommitLimit:      241032 kB
Committed_AS:    3941760 kB
VmallocTotal:     507904 kB
VmallocUsed:      128508 kB
VmallocChunk:     112576 kB
1557585799.000000
MemTotal:         482068 kB
MemFree:           14164 kB
Buffers:             600 kB
Cached:            66428 kB
SwapCached:            0 kB
Active:           329332 kB
Inactive:          34580 kB
Active(anon):     298264 kB
Inactive(anon):     3296 kB
Active(file):      31068 kB
Inactive(file):    31284 kB
Unevictable:        2032 kB
Mlocked:            6180 kB
HighTotal:             0 kB
HighFree:              0 kB
LowTotal:         482068 kB
LowFree:           14164 kB
SwapTotal:             0 kB
SwapFree:              0 kB
Dirty:                 0 kB
Writeback:             0 kB
AnonPages:        298956 kB
Mapped:            84104 kB
Shmem:              3420 kB
Slab:              22372 kB
SReclaimable:       5036 kB
SUnreclaim:        17336 kB
KernelStack:        5792 kB
PageTables:         7280 kB
NFS_Unstable:          0 kB
Bounce:                0 kB
WritebackTmp:          0 kB
CommitLimit:      241032 kB
Committed_AS:    3941948 kB
VmallocTotal:     507904 kB
VmallocUsed:      128508 kB
VmallocChunk:     112576 kB
1557585800.000000
MemTotal:         482068 kB
MemFree:           14024 kB
Buffers:             600 kB
Cached:            66428 kB
SwapCached:            0 kB
Active:           329448 kB
Inactive:          34580 kB
Active(anon):     298380 kB
Inactive(anon):     3296 kB
Active(file):      31068 kB
Inactive(file):    31284 kB
Unevictable:        2032 kB
Mlocked:            6180 kB
HighTotal:             0 kB
HighFree:              0 kB
LowTotal:         482068 kB
LowFree:           14024 kB
SwapTotal:             0 kB
SwapFree:              0 kB
Dirty:                 0 kB
Writeback:             0 kB
